



<!doctype html>
<html lang="en">
<head>
<meta name="keywords"
	content="bsd, freebsd, openbsd, netbsd, dragonflybsd, nycbug, dmesgd" />
<meta name="description" content="New York City BSD User Group dmesgd" />
<meta charset="utf-8" />
<meta name="viewport" content="width=device-width, initial-scale=1" />
<title>NYC*BUG dmesgd</title>
<style>
body {
	text-align: left;
	margin: 15px auto;
	padding: 0px 10px;
}
@media (min-width: 800px) {
	body {
		max-width: 85%;
	}
}
#header {
	border-bottom: 1px solid #dbdbdb;
	font-size: 230%;
	text-align: left;
}
#footer {
	border-top: 1px solid #dbdbdb;
	clear: both;
	text-align: left;
}
.logo_bug {
	color: #cc0033;
}
#menu ul {
	list-style-type: none;
	margin: 0;
	padding: 0;
}
#menu li {
	float: left;
}
#menu li a {
	display: block;
	background-color: #dbdbdb;
	color: #000000;
	font-size: 105%;
	font-weight: bold;
	padding: 0px 6px 0px 6px;
	text-decoration: none;
}
#content {
	clear: both;
	text-align: left;
	padding-top: 10px;
}
#content h1 {
	font-size: 120%;
	font-weight: bold;
}
#content h2 {
	font-size: 110%;
	font-weight: bold;
}
#content a {
	text-decoration: none;
}
#content pre {
	background-color: #dbdbdb;
	padding: 5px 5px 5px 5px;
	white-space: pre-wrap;		/* css-3 */
	white-space: -moz-pre-wrap;	/* Mozilla, since 1999 */
	white-space: -pre-wrap;		/* Opera 4-6 */
	white-space: -o-pre-wrap;	/* Opera 7 */
	word-wrap: break-word;		/* Internet Explorer 5.5+ */
}
#content table {
	border-collapse: collapse;
}
#content table th {
	border: 1px solid #dbdbdb;
	font-size: 85%;
	white-space: nowrap;
}
#content table td {
	border: 1px solid #dbdbdb;
	font-size: 80%;
}
#content input {
	font-size: 1em;
}
#content .full	{ width: 100%; }
#content .left	{ text-align: left; }
#content .right	{ text-align: right; }
#content .center { text-align: center; }
#content .flexbox {
	display: -ms-flex;
	display: -webkit-flex;
	display: flex;
	width: 100%;
}
#content .left_col {
	min-width: 75px;
	max-width: 50%;
	flex-grow: 0;
}
#content .right_col {
	flex-grow: 1;
	margin-left: 10px;
	padding-top: 10px;
	padding-left: 10px;
}
#col {
	-moz-column-count: 3;
	-webkit-column-count: 3;
	column-count: 3;
}
</style>
</head>
<body>

<div id="header">
<strong><em>NYC*</em><span class="logo_bug">BUG</span> dmesgd</strong>
</div><!-- header -->

<div id="menu">
<ul>
<li><a href="https://dmesgd.nycbug.org/index.cgi?do=index">Home</a></li>
<li><a href="https://dmesgd.nycbug.org/index.cgi?do=submit">Submit</a></li>
<li><a href="https://www.nycbug.org/">NYC*BUG</a></li>
</ul>
</div><!-- menu -->

<div id="content">

<p>
Launched in 2004, dmesgd aims to provide a
<strong>user-submitted</strong> repository of searchable *BSD dmesgs.
The dmesg(8) command displays the system message buffer's content, and
during boot a copy is saved to <em>/var/run/dmesg.boot</em>.  This buffer
contains the operating system release, name and version, a list of
devices identified, plus a whole host of other useful information.  We
hope others find this resource useful and further contribute to its
growth. Contact us at [ admin at lists dot nycbug dot org ].
</p>

<hr />


<strong>Date:</strong> <em>2004-06-21 20:30:17</em><br />
<strong>From:</strong> <em>neuropunks</em><br />
<strong>Description:</strong> <em>OpenBSD PII</em><br />

<pre>
OpenBSD 3.2 (BALROG) #3: Fri Jan 17 09:04:49 EST 2003
    xxx@xxx.xxx:/usr/src/sys/arch/i386/compile/BALROG
RTC BIOS diagnostic error 20&lt;config_unit&gt;
cpu0: Intel Pentium II (&quot;GenuineIntel&quot; 686-class, 512KB L2 cache) 349 MHz
cpu0: FPU,V86,DE,PSE,TSC,MSR,PAE,MCE,CX8,SYS,MTRR,PGE,MCA,CMOV,PAT,PSE36,MMX,FXSR
real mem  = 133791744 (130656K)
avail mem = 73072640 (71360K)
using 4278 buffers containing 54353920 bytes (53080K) of memory
RTC BIOS diagnostic error 20&lt;config_unit&gt;
mainbus0 (root)
bios0 at mainbus0: AT/286+(00) BIOS, date 02/08/99, BIOS32 rev. 0 @ 0xfd861
pcibios0 at bios0: rev. 2.1 @ 0xf0000/0x10000
pcibios0: PCI IRQ Routing Table rev. 1.0 @ 0xf22a0/176 (9 entries)
pcibios0: PCI Interrupt Router at 000:02:0 (&quot;Intel 82371FB PCI-ISA&quot; rev 0x00)
pcibios0: PCI bus #1 is the last bus
bios0: ROM list: 0xc0000/0x8000
pci0 at mainbus0 bus 0: configuration mode 1 (no bios)
pchb0 at pci0 dev 0 function 0 &quot;Intel 82443BX PCI-AGP&quot; rev 0x03
ppb0 at pci0 dev 1 function 0 &quot;Intel 82443BX AGP&quot; rev 0x03
pci1 at ppb0 bus 1
vga1 at pci1 dev 1 function 0 &quot;S3 Trio3D AGP&quot; rev 0x01
wsdisplay0 at vga1: console (80x25, vt100 emulation)
wsdisplay0: screen 1-5 added (80x25, vt100 emulation)
pcib0 at pci0 dev 2 function 0 &quot;Intel 82371AB PIIX4 ISA&quot; rev 0x02
pciide0 at pci0 dev 2 function 1 &quot;Intel 82371AB IDE&quot; rev 0x01: DMA, channel 0 wired to compatibility, channel 1 wired to compatibility
pciide0: channel 0 ignored (disabled)
wd0 at pciide0 channel 1 drive 0: &lt;FUJITSU MPC3084AT&gt;
wd0: 16-sector PIO, LBA, 8063MB, 16383 cyl, 16 head, 63 sec, 16514064 sectors
wd1 at pciide0 channel 1 drive 1: &lt;WDC WD300AB-00BPA1&gt;
wd1: 16-sector PIO, LBA, 28629MB, 16383 cyl, 16 head, 63 sec, 58633344 sectors
wd0(pciide0:1:0): using PIO mode 4, Ultra-DMA mode 2
wd1(pciide0:1:1): using PIO mode 4, Ultra-DMA mode 2
&quot;Intel 82371AB USB&quot; rev 0x01 at pci0 dev 2 function 2 not configured
&quot;Intel 82371AB Power Mgmt&quot; rev 0x02 at pci0 dev 2 function 3 not configured
xl0 at pci0 dev 18 function 0 &quot;3Com 3c905C 100Base-TX&quot; rev 0x78: irq 9xl0: command never completed!
xl0: command never completed!
xl0: command never completed!
 address xx:xx:xx:xx:xx:xx
exphy0 at xl0 phy 24: 3Com internal media interface
rl0 at pci0 dev 20 function 0 &quot;Accton Technology MPX 5030/5038&quot; rev 0x10: irq 14 address xx:xx:xx:xx:xx:xx
rlphy0 at rl0 phy 0: RTL internal phy
isa0 at pcib0
isadma0 at isa0
pckbc0 at isa0 port 0x60/5
pckbd0 at pckbc0 (kbd slot)
pckbc0: using irq 1 for kbd slot
wskbd0 at pckbd0: console keyboard, using wsdisplay0
pcppi0 at isa0 port 0x61
sysbeep0 at pcppi0
lpt0 at isa0 port 0x378/4 irq 7
npx0 at isa0 port 0xf0/16: using exception 16
pccom0 at isa0 port 0x3f8/8 irq 4: ns16550a, 16 byte fifo
pccom1 at isa0 port 0x2f8/8 irq 3: ns16550a, 16 byte fifo
pccom2 at isa0 port 0x3e8/8 irq 5: ns16550a, 16 byte fifo
fdc0 at isa0 port 0x3f0/6 irq 6 drq 2
fd0 at fdc0 drive 0: 1.44MB 80 cyl, 2 head, 18 sec
biomask 8040 netmask c240 ttymask c2c2
pctr: 686-class user-level performance counters enabled
mtrr: Pentium Pro MTRR support
dkcsum: wd0 matched BIOS disk 80
dkcsum: wd1 matched BIOS disk 81
root on wd0a
rootdev=0x0 rrootdev=0x300 rawdev=0x302
</pre>



</div><!-- content -->
<br />
<div id="footer">
All comments/news/posts are the property of their individual owner and
is presented without warranty of suitability, and solely as an
informational resource. <br />
This site Copyright &copy; 2004-2020 NYC*BUG.
</div><!-- footer -->

</body>
</html>

