



<!doctype html>
<html lang="en">
<head>
<meta name="keywords"
	content="bsd, freebsd, openbsd, netbsd, dragonflybsd, nycbug, dmesgd" />
<meta name="description" content="New York City BSD User Group dmesgd" />
<meta charset="utf-8" />
<meta name="viewport" content="width=device-width, initial-scale=1" />
<title>NYC*BUG dmesgd</title>
<style>
body {
	text-align: left;
	margin: 15px auto;
	padding: 0px 10px;
}
@media (min-width: 800px) {
	body {
		max-width: 85%;
	}
}
#header {
	border-bottom: 1px solid #dbdbdb;
	font-size: 230%;
	text-align: left;
}
#footer {
	border-top: 1px solid #dbdbdb;
	clear: both;
	text-align: left;
}
.logo_bug {
	color: #cc0033;
}
#menu ul {
	list-style-type: none;
	margin: 0;
	padding: 0;
}
#menu li {
	float: left;
}
#menu li a {
	display: block;
	background-color: #dbdbdb;
	color: #000000;
	font-size: 105%;
	font-weight: bold;
	padding: 0px 6px 0px 6px;
	text-decoration: none;
}
#content {
	clear: both;
	text-align: left;
	padding-top: 10px;
}
#content h1 {
	font-size: 120%;
	font-weight: bold;
}
#content h2 {
	font-size: 110%;
	font-weight: bold;
}
#content a {
	text-decoration: none;
}
#content pre {
	background-color: #dbdbdb;
	padding: 5px 5px 5px 5px;
	white-space: pre-wrap;		/* css-3 */
	white-space: -moz-pre-wrap;	/* Mozilla, since 1999 */
	white-space: -pre-wrap;		/* Opera 4-6 */
	white-space: -o-pre-wrap;	/* Opera 7 */
	word-wrap: break-word;		/* Internet Explorer 5.5+ */
}
#content table {
	border-collapse: collapse;
}
#content table th {
	border: 1px solid #dbdbdb;
	font-size: 85%;
	white-space: nowrap;
}
#content table td {
	border: 1px solid #dbdbdb;
	font-size: 80%;
}
#content input {
	font-size: 1em;
}
#content .full	{ width: 100%; }
#content .left	{ text-align: left; }
#content .right	{ text-align: right; }
#content .center { text-align: center; }
#content .flexbox {
	display: -ms-flex;
	display: -webkit-flex;
	display: flex;
	width: 100%;
}
#content .left_col {
	min-width: 75px;
	max-width: 50%;
	flex-grow: 0;
}
#content .right_col {
	flex-grow: 1;
	margin-left: 10px;
	padding-top: 10px;
	padding-left: 10px;
}
#col {
	-moz-column-count: 3;
	-webkit-column-count: 3;
	column-count: 3;
}
</style>
</head>
<body>

<div id="header">
<strong><em>NYC*</em><span class="logo_bug">BUG</span> dmesgd</strong>
</div><!-- header -->

<div id="menu">
<ul>
<li><a href="https://dmesgd.nycbug.org/index.cgi?do=index">Home</a></li>
<li><a href="https://dmesgd.nycbug.org/index.cgi?do=submit">Submit</a></li>
<li><a href="https://www.nycbug.org/">NYC*BUG</a></li>
</ul>
</div><!-- menu -->

<div id="content">

<p>
Launched in 2004, dmesgd aims to provide a
<strong>user-submitted</strong> repository of searchable *BSD dmesgs.
The dmesg(8) command displays the system message buffer's content, and
during boot a copy is saved to <em>/var/run/dmesg.boot</em>.  This buffer
contains the operating system release, name and version, a list of
devices identified, plus a whole host of other useful information.  We
hope others find this resource useful and further contribute to its
growth. Contact us at [ admin at lists dot nycbug dot org ].
</p>

<hr />


<strong>Date:</strong> <em>2004-06-25 13:45:49</em><br />
<strong>From:</strong> <em>DashEvil</em><br />
<strong>Description:</strong> <em>AMD Duron 750Mhz, VIA Motherboard</em><br />

<pre>
OpenBSD 3.5 (GENERIC) #4: Wed Jun  9 11:39:09 CDT 2004
    xxx@xxx.xxx:/usr/binpatch/work-binpatch-3.5/src/sys/arch/i386/compile/GENERIC
cpu0: AMD Duron(tm) processor (&quot;AuthenticAMD&quot; 686-class) 750 MHz
cpu0: FPU,V86,DE,PSE,TSC,MSR,PAE,MCE,CX8,APIC,SEP,MTRR,PGE,MCA,CMOV,PAT,PSE36,MMX,FXSR
real mem  = 267956224 (261676K)
avail mem = 242126848 (236452K)
using 3296 buffers containing 13500416 bytes (13184K) of memory
mainbus0 (root)
bios0 at mainbus0: AT/286+(d0) BIOS, date 09/26/01, BIOS32 rev. 0 @ 0xfb150
apm0 at bios0: Power Management spec V1.2
apm0: AC on, battery charge unknown
pcibios0 at bios0: rev. 2.1 @ 0xf0000/0xb5d0
pcibios0: PCI IRQ Routing Table rev. 1.0 @ 0xfdb10/176 (9 entries)
pcibios0: PCI Exclusive IRQs: 9 10 11
pcibios0: PCI Interrupt Router at 000:07:0 (&quot;VIA VT82C596A ISA&quot; rev 0x00)
pcibios0: PCI bus #1 is the last bus
bios0: ROM list: 0xc0000/0xb000
pci0 at mainbus0 bus 0: configuration mode 1 (no bios)
pchb0 at pci0 dev 0 function 0 &quot;VIA VT8363 Host&quot; rev 0x03
ppb0 at pci0 dev 1 function 0 &quot;VIA VT8363 AGP&quot; rev 0x00
pci1 at ppb0 bus 1
vga1 at pci1 dev 0 function 0 &quot;ATI Rage Magnum&quot; rev 0x00
wsdisplay0 at vga1: console (80x25, vt100 emulation)
wsdisplay0: screen 1-5 added (80x25, vt100 emulation)
pcib0 at pci0 dev 7 function 0 &quot;VIA VT82C686 ISA&quot; rev 0x40
pciide0 at pci0 dev 7 function 1 &quot;VIA VT82C571 IDE&quot; rev 0x06: ATA100, channel 0 configured to compatibility, channel 1 configured to compatibility
wd0 at pciide0 channel 0 drive 1: &lt;SAMSUNG WN321620A (2.16 GB)&gt;
wd0: 16-sector PIO, LBA, 2060MB, 4219488 sectors
wd0(pciide0:0:1): using PIO mode 4, DMA mode 2
wd1 at pciide0 channel 1 drive 0: &lt;Maxtor 71626 AP&gt;
wd1: 32-sector PIO, LBA, 1554MB, 3184170 sectors
wd2 at pciide0 channel 1 drive 1: &lt;Maxtor 7850 AR&gt;
wd2: 8-sector PIO, LBA, 814MB, 1667232 sectors
wd1(pciide0:1:0): using PIO mode 4, DMA mode 2
wd2(pciide0:1:1): using PIO mode 0, DMA mode 0
uhci0 at pci0 dev 7 function 2 &quot;VIA VT83C572 USB&quot; rev 0x1a: irq 10
usb0 at uhci0: USB revision 1.0
uhub0 at usb0
uhub0: VIA UHCI root hub, class 9/0, rev 1.00/1.00, addr 1
uhub0: 2 ports with 2 removable, self powered
uhci1 at pci0 dev 7 function 3 &quot;VIA VT83C572 USB&quot; rev 0x1a: irq 10
usb1 at uhci1: USB revision 1.0
uhub1 at usb1
uhub1: VIA UHCI root hub, class 9/0, rev 1.00/1.00, addr 1
uhub1: 2 ports with 2 removable, self powered
viaenv0 at pci0 dev 7 function 4 &quot;VIA VT82C686 SMBus&quot; rev 0x40
auvia0 at pci0 dev 7 function 5 &quot;VIA VT82C686 AC97 Audio&quot; rev 0x50: irq 9
ac97: codec id 0x49434511 (ICEnsemble ICE1232)
ac97: codec features headphone, 18 bit DAC, 18 bit ADC, KS Waves 3D
audio0 at auvia0
rl0 at pci0 dev 9 function 0 &quot;Realtek 8139&quot; rev 0x10: irq 11 address xx:xx:xx:xx:xx:xx
rlphy0 at rl0 phy 0: RTL internal phy
isa0 at pcib0
isadma0 at isa0
pckbc0 at isa0 port 0x60/5
pckbd0 at pckbc0 (kbd slot)
pckbc0: using irq 1 for kbd slot
wskbd0 at pckbd0: console keyboard, using wsdisplay0
pms0 at pckbc0 (aux slot)
pckbc0: using irq 12 for aux slot
wsmouse0 at pms0 mux 0
pcppi0 at isa0 port 0x61
midi0 at pcppi0: &lt;PC speaker&gt;
sysbeep0 at pcppi0
lpt0 at isa0 port 0x378/4 irq 7
npx0 at isa0 port 0xf0/16: using exception 16
pccom0 at isa0 port 0x3f8/8 irq 4: ns16550a, 16 byte fifo
pccom1 at isa0 port 0x2f8/8 irq 3: ns16550a, 16 byte fifo
fdc0 at isa0 port 0x3f0/6 irq 6 drq 2
fd0 at fdc0 drive 0: 1.44MB 80 cyl, 2 head, 18 sec
biomask c440 netmask cc40 ttymask dcc2
pctr: user-level cycle counter enabled
mtrr: Pentium Pro MTRR support
dkcsum: wd0 matched BIOS disk 80
dkcsum: wd1 matched BIOS disk 81
dkcsum: wd2 matched BIOS disk 82
root on wd0a
rootdev=0x0 rrootdev=0x300 rawdev=0x302
</pre>



</div><!-- content -->
<br />
<div id="footer">
All comments/news/posts are the property of their individual owner and
is presented without warranty of suitability, and solely as an
informational resource. <br />
This site Copyright &copy; 2004-2020 NYC*BUG.
</div><!-- footer -->

</body>
</html>

