



<!doctype html>
<html lang="en">
<head>
<meta name="keywords"
	content="bsd, freebsd, openbsd, netbsd, dragonflybsd, nycbug, dmesgd" />
<meta name="description" content="New York City BSD User Group dmesgd" />
<meta charset="utf-8" />
<meta name="viewport" content="width=device-width, initial-scale=1" />
<title>NYC*BUG dmesgd</title>
<style>
body {
	text-align: left;
	margin: 15px auto;
	padding: 0px 10px;
}
@media (min-width: 800px) {
	body {
		max-width: 85%;
	}
}
#header {
	border-bottom: 1px solid #dbdbdb;
	font-size: 230%;
	text-align: left;
}
#footer {
	border-top: 1px solid #dbdbdb;
	clear: both;
	text-align: left;
}
.logo_bug {
	color: #cc0033;
}
#menu ul {
	list-style-type: none;
	margin: 0;
	padding: 0;
}
#menu li {
	float: left;
}
#menu li a {
	display: block;
	background-color: #dbdbdb;
	color: #000000;
	font-size: 105%;
	font-weight: bold;
	padding: 0px 6px 0px 6px;
	text-decoration: none;
}
#content {
	clear: both;
	text-align: left;
	padding-top: 10px;
}
#content h1 {
	font-size: 120%;
	font-weight: bold;
}
#content h2 {
	font-size: 110%;
	font-weight: bold;
}
#content a {
	text-decoration: none;
}
#content pre {
	background-color: #dbdbdb;
	padding: 5px 5px 5px 5px;
	white-space: pre-wrap;		/* css-3 */
	white-space: -moz-pre-wrap;	/* Mozilla, since 1999 */
	white-space: -pre-wrap;		/* Opera 4-6 */
	white-space: -o-pre-wrap;	/* Opera 7 */
	word-wrap: break-word;		/* Internet Explorer 5.5+ */
}
#content table {
	border-collapse: collapse;
}
#content table th {
	border: 1px solid #dbdbdb;
	font-size: 85%;
	white-space: nowrap;
}
#content table td {
	border: 1px solid #dbdbdb;
	font-size: 80%;
}
#content input {
	font-size: 1em;
}
#content .full	{ width: 100%; }
#content .left	{ text-align: left; }
#content .right	{ text-align: right; }
#content .center { text-align: center; }
#content .flexbox {
	display: -ms-flex;
	display: -webkit-flex;
	display: flex;
	width: 100%;
}
#content .left_col {
	min-width: 75px;
	max-width: 50%;
	flex-grow: 0;
}
#content .right_col {
	flex-grow: 1;
	margin-left: 10px;
	padding-top: 10px;
	padding-left: 10px;
}
#col {
	-moz-column-count: 3;
	-webkit-column-count: 3;
	column-count: 3;
}
</style>
</head>
<body>

<div id="header">
<strong><em>NYC*</em><span class="logo_bug">BUG</span> dmesgd</strong>
</div><!-- header -->

<div id="menu">
<ul>
<li><a href="https://dmesgd.nycbug.org/index.cgi?do=index">Home</a></li>
<li><a href="https://dmesgd.nycbug.org/index.cgi?do=submit">Submit</a></li>
<li><a href="https://www.nycbug.org/">NYC*BUG</a></li>
</ul>
</div><!-- menu -->

<div id="content">

<p>
Launched in 2004, dmesgd aims to provide a
<strong>user-submitted</strong> repository of searchable *BSD dmesgs.
The dmesg(8) command displays the system message buffer's content, and
during boot a copy is saved to <em>/var/run/dmesg.boot</em>.  This buffer
contains the operating system release, name and version, a list of
devices identified, plus a whole host of other useful information.  We
hope others find this resource useful and further contribute to its
growth. Contact us at [ admin at lists dot nycbug dot org ].
</p>

<hr />


<strong>Date:</strong> <em>2004-06-25 19:48:23</em><br />
<strong>From:</strong> <em>cathcart</em><br />
<strong>Description:</strong> <em>Toshiba Libretto 60, 512mb Compaft Flash in compact-flast->ide adapter. Netget MA401 wi-fi card. Running Openbsd 3.5 and binary patches.</em><br />

<pre>
OpenBSD 3.5 (GENERIC) #3: Thu May 13 10:50:34 CDT 2004
    xxx@xxx.xxx:/usr/binpatch/work-binpatch-3.5/src/sys/arch/i386/compile/GENERIC
cpu0: Intel Pentium (P54C) (&quot;GenuineIntel&quot; 586-class) 100 MHz
cpu0: FPU,V86,DE,PSE,TSC,MSR,MCE,CX8
cpu0: F00F bug workaround installed
real mem  = 24883200 (24300K)
avail mem = 16994304 (16596K)
using 329 buffers containing 1347584 bytes (1316K) of memory
mainbus0 (root)
bios0 at mainbus0: AT/286+(63) BIOS, date 08/25/97
apm0 at bios0: Power Management spec V1.2
apm0: battery life expectancy 0%
apm0: AC on, battery charge critical, charging
pcibios at bios0 function 0x1a not configured
bios0: ROM list: 0xe4000/0xc000
isa0 at mainbus0
isadma0 at isa0
pckbc0 at isa0 port 0x60/5
pckbd0 at pckbc0 (kbd slot)
pckbc0: using irq 1 for kbd slot
wskbd0 at pckbd0: console keyboard
pms0 at pckbc0 (aux slot)
pckbc0: using irq 12 for aux slot
wsmouse0 at pms0 mux 0
vga0 at isa0 port 0x3b0/48 iomem 0xa0000/131072
wsdisplay0 at vga0: console (80x25, vt100 emulation), using wskbd0
wsdisplay0: screen 1-5 added (80x25, vt100 emulation)
wdc0 at isa0 port 0x1f0/8 irq 14
wd0 at wdc0 channel 0 drive 0: &lt;TOSHIBA THNCF512MMA&gt;
wd0: 1-sector PIO, LBA, 488MB, 1000944 sectors
wd0(wdc0:0:0): using BIOS timings
sb0 at isa0 port 0x220/24 irq 5 drq 1: dsp v3.01
midi0 at sb0: &lt;SB MIDI UART&gt;
audio0 at sb0
opl0 at sb0: model OPL3
midi1 at opl0: &lt;SB Yamaha OPL3&gt;
wss0 at isa0 port 0x530/8 irq 10 drq 0: CS4231 or AD1845 (vers 4)
audio1 at wss0
pcppi0 at isa0 port 0x61
midi2 at pcppi0: &lt;PC speaker&gt;
sysbeep0 at pcppi0
lpt0 at isa0 port 0x378/4 irq 7
npx0 at isa0 port 0xf0/16: using exception 16
pccom0 at isa0 port 0x3f8/8 irq 4: ns16550a, 16 byte fifo
pcic0 at isa0 port 0x3e0/2 iomem 0xd0000/65536
pcic0 controller 0: &lt;Intel 82365SL rev 1&gt; has sockets A and B
pcmcia0 at pcic0 controller 0 socket 0
wi0 at pcmcia0 function 0 &quot;NETGEAR MA401RA Wireless PC, Card, ISL37300P&quot; port 0x400/64: irq 3
wi0: PRISM2.5 ISL3873, Firmware 1.0.7 (primary), 1.3.6 (station), address xx:xx:xx:xx:xx:xx
pcmcia1 at pcic0 controller 0 socket 1
pcic0: irq 11, polling enabled
biomask 4000 netmask 4008 ttymask 588a
pctr: 586-class performance counters and user-level cycle counter enabled
dkcsum: wd0 matched BIOS disk 80
root on wd0a
rootdev=0x0 rrootdev=0x300 rawdev=0x302
</pre>



</div><!-- content -->
<br />
<div id="footer">
All comments/news/posts are the property of their individual owner and
is presented without warranty of suitability, and solely as an
informational resource. <br />
This site Copyright &copy; 2004-2020 NYC*BUG.
</div><!-- footer -->

</body>
</html>

