



<!doctype html>
<html lang="en">
<head>
<meta name="keywords"
	content="bsd, freebsd, openbsd, netbsd, dragonflybsd, nycbug, dmesgd" />
<meta name="description" content="New York City BSD User Group dmesgd" />
<meta charset="utf-8" />
<meta name="viewport" content="width=device-width, initial-scale=1" />
<title>NYC*BUG dmesgd</title>
<style>
body {
	text-align: left;
	margin: 15px auto;
	padding: 0px 10px;
}
@media (min-width: 800px) {
	body {
		max-width: 85%;
	}
}
#header {
	border-bottom: 1px solid #dbdbdb;
	font-size: 230%;
	text-align: left;
}
#footer {
	border-top: 1px solid #dbdbdb;
	clear: both;
	text-align: left;
}
.logo_bug {
	color: #cc0033;
}
#menu ul {
	list-style-type: none;
	margin: 0;
	padding: 0;
}
#menu li {
	float: left;
}
#menu li a {
	display: block;
	background-color: #dbdbdb;
	color: #000000;
	font-size: 105%;
	font-weight: bold;
	padding: 0px 6px 0px 6px;
	text-decoration: none;
}
#content {
	clear: both;
	text-align: left;
	padding-top: 10px;
}
#content h1 {
	font-size: 120%;
	font-weight: bold;
}
#content h2 {
	font-size: 110%;
	font-weight: bold;
}
#content a {
	text-decoration: none;
}
#content pre {
	background-color: #dbdbdb;
	padding: 5px 5px 5px 5px;
	white-space: pre-wrap;		/* css-3 */
	white-space: -moz-pre-wrap;	/* Mozilla, since 1999 */
	white-space: -pre-wrap;		/* Opera 4-6 */
	white-space: -o-pre-wrap;	/* Opera 7 */
	word-wrap: break-word;		/* Internet Explorer 5.5+ */
}
#content table {
	border-collapse: collapse;
}
#content table th {
	border: 1px solid #dbdbdb;
	font-size: 85%;
	white-space: nowrap;
}
#content table td {
	border: 1px solid #dbdbdb;
	font-size: 80%;
}
#content input {
	font-size: 1em;
}
#content .full	{ width: 100%; }
#content .left	{ text-align: left; }
#content .right	{ text-align: right; }
#content .center { text-align: center; }
#content .flexbox {
	display: -ms-flex;
	display: -webkit-flex;
	display: flex;
	width: 100%;
}
#content .left_col {
	min-width: 75px;
	max-width: 50%;
	flex-grow: 0;
}
#content .right_col {
	flex-grow: 1;
	margin-left: 10px;
	padding-top: 10px;
	padding-left: 10px;
}
#col {
	-moz-column-count: 3;
	-webkit-column-count: 3;
	column-count: 3;
}
</style>
</head>
<body>

<div id="header">
<strong><em>NYC*</em><span class="logo_bug">BUG</span> dmesgd</strong>
</div><!-- header -->

<div id="menu">
<ul>
<li><a href="https://dmesgd.nycbug.org/index.cgi?do=index">Home</a></li>
<li><a href="https://dmesgd.nycbug.org/index.cgi?do=submit">Submit</a></li>
<li><a href="https://www.nycbug.org/">NYC*BUG</a></li>
</ul>
</div><!-- menu -->

<div id="content">

<p>
Launched in 2004, dmesgd aims to provide a
<strong>user-submitted</strong> repository of searchable *BSD dmesgs.
The dmesg(8) command displays the system message buffer's content, and
during boot a copy is saved to <em>/var/run/dmesg.boot</em>.  This buffer
contains the operating system release, name and version, a list of
devices identified, plus a whole host of other useful information.  We
hope others find this resource useful and further contribute to its
growth. Contact us at [ admin at lists dot nycbug dot org ].
</p>

<hr />


<strong>Date:</strong> <em>2004-06-25 21:30:35</em><br />
<strong>From:</strong> <em>Kampai</em><br />
<strong>Description:</strong> <em>HP NetServer LD Pro</em><br />

<pre>
OpenBSD 3.1 (GENERIC) #59: Sat Apr 13 15:28:52 MDT 2002
    xxx@xxx.xxx:/usr/src/sys/arch/i386/compile/GENERIC
cpu0: Intel Pentium Pro (&quot;GenuineIntel&quot; 686-class, 256KB L2 cache) 180 MHz
cpu0: FPU,V86,DE,PSE,TSC,MSR,PAE,MCE,CX8,APIC,SYS,MTRR,PGE,MCA,CMOV
real mem  = 200912896 (196204K)
avail mem = 180445184 (176216K)
using 2478 buffers containing 10149888 bytes (9912K) of memory
mainbus0 (root)
bios0 at mainbus0: AT/286+(dd) BIOS, date 10/22/96, BIOS32 rev. 0 @ 0xf5f37
pcibios0 at bios0: rev. 2.1 @ 0xf5d50/0x1120
pcibios0: PCI BIOS has 8 Interrupt Routing table entries
pcibios0: PCI Exclusive IRQs: 9 11 15
pcibios0: no compatible PCI ICU found
pcibios0: Warning, unable to fix up PCI interrupt routing
pcibios0: PCI bus #1 is the last bus
bios0: ROM list: 0xc0000/0x8000 0xc8000/0x800 0xc8800/0x800 0xc9000/0x4000
pci0 at mainbus0 bus 0: configuration mode 1 (no bios)
pchb0 at pci0 dev 0 function 0 &quot;Intel 82441FX&quot; rev 0x02
ppb0 at pci0 dev 8 function 0 &quot;DEC 21052 PCI-PCI&quot; rev 0x01
pci1 at ppb0 bus 1
xl0 at pci1 dev 2 function 0 &quot;3Com 3c905C 100Base-TX&quot; rev 0x74: irq 9 address xx:xx:xx:xx:xx:xx
exphy0 at xl0 phy 24: Broadcom 3C905C internal PHY, rev. 6
xl1 at pci1 dev 3 function 0 &quot;3Com 3c905C 100Base-TX&quot; rev 0x74: irq 11 address xx:xx:xx:xx:xx:xx
exphy1 at xl1 phy 24: Broadcom 3C905C internal PHY, rev. 6
&quot;Intel 82375EB PCI-EISA&quot; rev 0x15 at pci0 dev 9 function 0 not configured
ahc1 at pci0 dev 10 function 0 &quot;Adaptec AIC-7880&quot; rev 0x00: irq 15
ahc1: Using left over BIOS settings
ahc1: Wide Channel A, SCSI Id=7, 16/255 SCBs
scsibus0 at ahc1: 16 targets
ahc1: target 5 synchronous at 4.0MHz, offset = 0xf
cd0 at scsibus0 targ 5 lun 0: &lt;TOSHIBA, CD-ROM XM-5401TA, 3115&gt; SCSI2 5/cdrom removable
ahc1: target 9 using 16bit transfers
ahc1: target 9 synchronous at 20.0MHz, offset = 0x8
ahc1: target 9 using tagged queuing
sd0 at scsibus0 targ 9 lun 0: &lt;HP, 9.10GB A 80-S94C, S94C&gt; SCSI2 0/direct fixed
sd0: 8678MB, 8387 cyl, 10 head, 211 sec, 512 bytes/sec, 17773524 sec total
eisa0 at mainbus0
eisa0: can`t map I/O space for slot 14
eisa0: can`t map I/O space for slot 15
isa0 at mainbus0
isadma0 at isa0
pckbc0 at isa0 port 0x60/5
pckbd0 at pckbc0 (kbd slot)
pckbc0: using irq 1 for kbd slot
wskbd0 at pckbd0: console keyboard
pmsi0 at pckbc0 (aux slot)
pckbc0: using irq 12 for aux slot
wsmouse0 at pmsi0 mux 0
vga0 at isa0 port 0x3b0/48 iomem 0xa0000/131072
wsdisplay0 at vga0: console (80x25, vt100 emulation), using wskbd0
wsdisplay0: screen 1-5 added (80x25, vt100 emulation)
pcppi0 at isa0 port 0x61
midi0 at pcppi0: &lt;PC speaker&gt;
sysbeep0 at pcppi0
lpt0 at isa0 port 0x378/4 irq 7
npx0 at isa0 port 0xf0/16: using exception 16
pccom0 at isa0 port 0x3f8/8 irq 4: ns16550a, 16 byte fifo
pccom1 at isa0 port 0x2f8/8 irq 3: ns16550a, 16 byte fifo
fdc0 at isa0 port 0x3f0/6 irq 6 drq 2
fd0 at fdc0 drive 0: 1.44MB 80 cyl, 2 head, 18 sec
biomask 8040 netmask 8a40 ttymask 9ac2
pctr: 686-class user-level performance counters enabled
mtrr: Pentium Pro MTRR support
dkcsum: sd0 matched BIOS disk 80
root on sd0a
rootdev=0x400 rrootdev=0xd00 rawdev=0xd02
/var: optimization changed from SPACE to TIME
</pre>



</div><!-- content -->
<br />
<div id="footer">
All comments/news/posts are the property of their individual owner and
is presented without warranty of suitability, and solely as an
informational resource. <br />
This site Copyright &copy; 2004-2020 NYC*BUG.
</div><!-- footer -->

</body>
</html>

