



<!doctype html>
<html lang="en">
<head>
<meta name="keywords"
	content="bsd, freebsd, openbsd, netbsd, dragonflybsd, nycbug, dmesgd" />
<meta name="description" content="New York City BSD User Group dmesgd" />
<meta charset="utf-8" />
<meta name="viewport" content="width=device-width, initial-scale=1" />
<title>NYC*BUG dmesgd</title>
<style>
body {
	text-align: left;
	margin: 15px auto;
	padding: 0px 10px;
}
@media (min-width: 800px) {
	body {
		max-width: 85%;
	}
}
#header {
	border-bottom: 1px solid #dbdbdb;
	font-size: 230%;
	text-align: left;
}
#footer {
	border-top: 1px solid #dbdbdb;
	clear: both;
	text-align: left;
}
.logo_bug {
	color: #cc0033;
}
#menu ul {
	list-style-type: none;
	margin: 0;
	padding: 0;
}
#menu li {
	float: left;
}
#menu li a {
	display: block;
	background-color: #dbdbdb;
	color: #000000;
	font-size: 105%;
	font-weight: bold;
	padding: 0px 6px 0px 6px;
	text-decoration: none;
}
#content {
	clear: both;
	text-align: left;
	padding-top: 10px;
}
#content h1 {
	font-size: 120%;
	font-weight: bold;
}
#content h2 {
	font-size: 110%;
	font-weight: bold;
}
#content a {
	text-decoration: none;
}
#content pre {
	background-color: #dbdbdb;
	padding: 5px 5px 5px 5px;
	white-space: pre-wrap;		/* css-3 */
	white-space: -moz-pre-wrap;	/* Mozilla, since 1999 */
	white-space: -pre-wrap;		/* Opera 4-6 */
	white-space: -o-pre-wrap;	/* Opera 7 */
	word-wrap: break-word;		/* Internet Explorer 5.5+ */
}
#content table {
	border-collapse: collapse;
}
#content table th {
	border: 1px solid #dbdbdb;
	font-size: 85%;
	white-space: nowrap;
}
#content table td {
	border: 1px solid #dbdbdb;
	font-size: 80%;
}
#content input {
	font-size: 1em;
}
#content .full	{ width: 100%; }
#content .left	{ text-align: left; }
#content .right	{ text-align: right; }
#content .center { text-align: center; }
#content .flexbox {
	display: -ms-flex;
	display: -webkit-flex;
	display: flex;
	width: 100%;
}
#content .left_col {
	min-width: 75px;
	max-width: 50%;
	flex-grow: 0;
}
#content .right_col {
	flex-grow: 1;
	margin-left: 10px;
	padding-top: 10px;
	padding-left: 10px;
}
#col {
	-moz-column-count: 3;
	-webkit-column-count: 3;
	column-count: 3;
}
</style>
</head>
<body>

<div id="header">
<strong><em>NYC*</em><span class="logo_bug">BUG</span> dmesgd</strong>
</div><!-- header -->

<div id="menu">
<ul>
<li><a href="https://dmesgd.nycbug.org/index.cgi?do=index">Home</a></li>
<li><a href="https://dmesgd.nycbug.org/index.cgi?do=submit">Submit</a></li>
<li><a href="https://www.nycbug.org/">NYC*BUG</a></li>
</ul>
</div><!-- menu -->

<div id="content">

<p>
Launched in 2004, dmesgd aims to provide a
<strong>user-submitted</strong> repository of searchable *BSD dmesgs.
The dmesg(8) command displays the system message buffer's content, and
during boot a copy is saved to <em>/var/run/dmesg.boot</em>.  This buffer
contains the operating system release, name and version, a list of
devices identified, plus a whole host of other useful information.  We
hope others find this resource useful and further contribute to its
growth. Contact us at [ admin at lists dot nycbug dot org ].
</p>

<hr />


<strong>Date:</strong> <em>2004-06-25 21:53:52</em><br />
<strong>From:</strong> <em>Kampai</em><br />
<strong>Description:</strong> <em></em><br />

<pre>
OpenBSD 3.2 (GENERIC) #25: Thu Oct  3 19:51:53 MDT 2002
    xxx@xxx.xxx:/usr/src/sys/arch/i386/compile/GENERIC
cpu0: AMD K6-2 (&quot;AuthenticAMD&quot; 586-class) 500 MHz
cpu0: FPU,V86,DE,PSE,TSC,MSR,MCE,CX8,PGE,MMX
real mem  = 91795456 (89644K)
avail mem = 79470592 (77608K)
using 1146 buffers containing 4694016 bytes (4584K) of memory
mainbus0 (root)
bios0 at mainbus0: AT/286+(ff) BIOS, date 08/24/99, BIOS32 rev. 0 @ 0xf0210
pcibios0 at bios0: rev. 2.1 @ 0xf0200/0xb00
pcibios0: PCI IRQ Routing Table rev. 1.0 @ 0xf7900/144 (7 entries)
pcibios0: PCI Interrupt Router at 000:01:0 (&quot;SIS 85C503 ISA&quot; rev 0x00)
pcibios0: PCI bus #1 is the last bus
bios0: ROM list: 0xc0000/0x8000 0xc8000/0x800 0xc8800/0x800
pci0 at mainbus0 bus 0: configuration mode 1 (no bios)
pchb0 at pci0 dev 0 function 0 &quot;SIS SiS530 Host-PCI&quot; rev 0x02
pciide0 at pci0 dev 0 function 1 &quot;SIS 5513 EIDE&quot; rev 0xd0: DMA, channel 0 configured to compatibility, channel 1 configured to compatibility
wd0 at pciide0 channel 0 drive 0: &lt;MAXTOR 6L020J1&gt;
wd0: 16-sector PIO, LBA, 19595MB, 16383 cyl, 16 head, 63 sec, 40132503 sectors
wd0(pciide0:0:0): using PIO mode 4, DMA mode 2
pciide0: channel 1 ignored (disabled)
pcib0 at pci0 dev 1 function 0 &quot;SIS 85C503 ISA&quot; rev 0xb1
&quot;SIS 5595 PCI System I/O Chipset&quot; rev 0x00 at pci0 dev 1 function 1 not configured
ohci0 at pci0 dev 1 function 2 &quot;SIS 5597/5598 USB&quot; rev 0x11: irq 9, OHCI version 1.0, legacy support
usb0 at ohci0: USB revision 1.0
uhub0 at usb0
uhub0: vendor 0x0000 OHCI root hub, class 9/0, rev 1.00/1.00, addr 1
uhub0: 2 ports with 2 removable, self powered
ppb0 at pci0 dev 2 function 0 &quot;SIS 86C201 Host-AGP&quot; rev 0x00
pci1 at ppb0 bus 1
vga1 at pci1 dev 0 function 0 &quot;SIS 530 VGA&quot; rev 0xa2: aperture at 0x80800000, size 0x400000
wsdisplay0 at vga1: console (80x25, vt100 emulation)
wsdisplay0: screen 1-5 added (80x25, vt100 emulation)
xl0 at pci0 dev 9 function 0 &quot;3Com 3c905C 100Base-TX&quot; rev 0x78: irq 10xl0: command never completed!
xl0: command never completed!
 address xx:xx:xx:xx:xx:xx
exphy0 at xl0 phy 24: 3Com internal media interface
xl0: command never completed!
xl0: command never completed!
xl0: command never completed!
xl1 at pci0 dev 10 function 0 &quot;3Com 3c905C 100Base-TX&quot; rev 0x78: irq 5xl1: command never completed!
xl1: command never completed!
xl1: command never completed!
 address xx:xx:xx:xx:xx:xx
exphy1 at xl1 phy 24: 3Com internal media interface
xl1: command never completed!
xl1: command never completed!
xl1: command never completed!
eso0 at pci0 dev 12 function 0 &quot;ESS SOLO-1 AudioDrive&quot; rev 0x01: ES1946, irq 11
eso0: mapping Audio 1 DMA using VC I/O space at 0x90c0
audio0 at eso0
opl0 at eso0: model OPL3
midi0 at opl0: &lt;ESO Yamaha OPL3&gt;
isa0 at pcib0
isadma0 at isa0
pckbc0 at isa0 port 0x60/5
pckbd0 at pckbc0 (kbd slot)
pckbc0: using irq 1 for kbd slot
wskbd0 at pckbd0: console keyboard, using wsdisplay0
pmsi0 at pckbc0 (aux slot)
pckbc0: using irq 12 for aux slot
wsmouse0 at pmsi0 mux 0
pcppi0 at isa0 port 0x61
midi1 at pcppi0: &lt;PC speaker&gt;
sysbeep0 at pcppi0
lpt0 at isa0 port 0x378/4 irq 7
npx0 at isa0 port 0xf0/16: using exception 16
pccom1 at isa0 port 0x2f8/8 irq 3: ns16550a, 16 byte fifo
fdc0 at isa0 port 0x3f0/6 irq 6 drq 2
fd0 at fdc0 drive 0: 1.44MB 80 cyl, 2 head, 18 sec
biomask 4240 netmask 4660 ttymask 56e2
pctr: user-level cycle counter enabled
mtrr: K6-family MTRR support (2 registers)
dkcsum: wd0 matched BIOS disk 80
root on wd0a
rootdev=0x0 rrootdev=0x300 rawdev=0x302
</pre>



</div><!-- content -->
<br />
<div id="footer">
All comments/news/posts are the property of their individual owner and
is presented without warranty of suitability, and solely as an
informational resource. <br />
This site Copyright &copy; 2004-2020 NYC*BUG.
</div><!-- footer -->

</body>
</html>

