



<!doctype html>
<html lang="en">
<head>
<meta name="keywords"
	content="bsd, freebsd, openbsd, netbsd, dragonflybsd, nycbug, dmesgd" />
<meta name="description" content="New York City BSD User Group dmesgd" />
<meta charset="utf-8" />
<meta name="viewport" content="width=device-width, initial-scale=1" />
<title>NYC*BUG dmesgd</title>
<style>
body {
	text-align: left;
	margin: 15px auto;
	padding: 0px 10px;
}
@media (min-width: 800px) {
	body {
		max-width: 85%;
	}
}
#header {
	border-bottom: 1px solid #dbdbdb;
	font-size: 230%;
	text-align: left;
}
#footer {
	border-top: 1px solid #dbdbdb;
	clear: both;
	text-align: left;
}
.logo_bug {
	color: #cc0033;
}
#menu ul {
	list-style-type: none;
	margin: 0;
	padding: 0;
}
#menu li {
	float: left;
}
#menu li a {
	display: block;
	background-color: #dbdbdb;
	color: #000000;
	font-size: 105%;
	font-weight: bold;
	padding: 0px 6px 0px 6px;
	text-decoration: none;
}
#content {
	clear: both;
	text-align: left;
	padding-top: 10px;
}
#content h1 {
	font-size: 120%;
	font-weight: bold;
}
#content h2 {
	font-size: 110%;
	font-weight: bold;
}
#content a {
	text-decoration: none;
}
#content pre {
	background-color: #dbdbdb;
	padding: 5px 5px 5px 5px;
	white-space: pre-wrap;		/* css-3 */
	white-space: -moz-pre-wrap;	/* Mozilla, since 1999 */
	white-space: -pre-wrap;		/* Opera 4-6 */
	white-space: -o-pre-wrap;	/* Opera 7 */
	word-wrap: break-word;		/* Internet Explorer 5.5+ */
}
#content table {
	border-collapse: collapse;
}
#content table th {
	border: 1px solid #dbdbdb;
	font-size: 85%;
	white-space: nowrap;
}
#content table td {
	border: 1px solid #dbdbdb;
	font-size: 80%;
}
#content input {
	font-size: 1em;
}
#content .full	{ width: 100%; }
#content .left	{ text-align: left; }
#content .right	{ text-align: right; }
#content .center { text-align: center; }
#content .flexbox {
	display: -ms-flex;
	display: -webkit-flex;
	display: flex;
	width: 100%;
}
#content .left_col {
	min-width: 75px;
	max-width: 50%;
	flex-grow: 0;
}
#content .right_col {
	flex-grow: 1;
	margin-left: 10px;
	padding-top: 10px;
	padding-left: 10px;
}
#col {
	-moz-column-count: 3;
	-webkit-column-count: 3;
	column-count: 3;
}
</style>
</head>
<body>

<div id="header">
<strong><em>NYC*</em><span class="logo_bug">BUG</span> dmesgd</strong>
</div><!-- header -->

<div id="menu">
<ul>
<li><a href="https://dmesgd.nycbug.org/index.cgi?do=index">Home</a></li>
<li><a href="https://dmesgd.nycbug.org/index.cgi?do=submit">Submit</a></li>
<li><a href="https://www.nycbug.org/">NYC*BUG</a></li>
</ul>
</div><!-- menu -->

<div id="content">

<p>
Launched in 2004, dmesgd aims to provide a
<strong>user-submitted</strong> repository of searchable *BSD dmesgs.
The dmesg(8) command displays the system message buffer's content, and
during boot a copy is saved to <em>/var/run/dmesg.boot</em>.  This buffer
contains the operating system release, name and version, a list of
devices identified, plus a whole host of other useful information.  We
hope others find this resource useful and further contribute to its
growth. Contact us at [ admin at lists dot nycbug dot org ].
</p>

<hr />


<strong>Date:</strong> <em>2004-06-25 22:02:32</em><br />
<strong>From:</strong> <em>Kampai</em><br />
<strong>Description:</strong> <em>Compaq Deskpro XE or XL</em><br />

<pre>
OpenBSD 3.4 (GENERIC) #18: Wed Sep 17 03:34:47 MDT 2003
    xxx@xxx.xxx:/usr/src/sys/arch/i386/compile/GENERIC
cpu0: Intel Pentium III (Coppermine) (&quot;GenuineIntel&quot; 686-class, 128KB L2 cache) 568 MHz
cpu0: FPU,V86,DE,PSE,TSC,MSR,PAE,MCE,CX8,SEP,MTRR,PGE,MCA,CMOV,PAT,PSE36,MMX,FXSR,SIMD
real mem  = 65515520 (63980K)
avail mem = 54878208 (53592K)
using 825 buffers containing 3379200 bytes (3300K) of memory
mainbus0 (root)
bios0 at mainbus0: AT/286+(00) BIOS, date 11/03/00, BIOS32 rev. 0 @ 0xfdb70
apm0 at bios0: Power Management spec V1.2
apm0: AC on, battery charge unknown
pcibios0 at bios0: rev. 2.1 @ 0xf0000/0x10000
pcibios0: PCI IRQ Routing Table rev. 1.0 @ 0xf6890/128 (6 entries)
pcibios0: PCI Interrupt Router at 000:31:0 (&quot;Intel 82801AA LPC&quot; rev 0x00)
pcibios0: PCI bus #1 is the last bus
bios0: ROM list: 0xc0000/0xa000 0xcc000/0x4000
pci0 at mainbus0 bus 0: configuration mode 1 (no bios)
pchb0 at pci0 dev 0 function 0 &quot;Intel 82810E&quot; rev 0x03: rng active, 8Kb/sec
vga1 at pci0 dev 1 function 0 &quot;Intel 82810E Graphics&quot; rev 0x03: aperture at 0xe8000000, size 0x4000000
wsdisplay0 at vga1: console (80x25, vt100 emulation)
wsdisplay0: screen 1-5 added (80x25, vt100 emulation)
ppb0 at pci0 dev 30 function 0 &quot;Intel 82801AA Hub-to-PCI&quot; rev 0x02
pci1 at ppb0 bus 1
xl0 at pci1 dev 0 function 0 &quot;3Com 3c905B 10/100Mbps-Combo&quot; rev 0x00: irq 3 address xx:xx:xx:xx:xx:xx
exphy0 at xl0 phy 24: 3Com internal media interface
xl1 at pci1 dev 2 function 0 &quot;3Com 3c905C 100Base-TX&quot; rev 0x74: irq 11 address xx:xx:xx:xx:xx:xx
exphy1 at xl1 phy 24: Broadcom 3C905C internal PHY, rev. 6
pcib0 at pci0 dev 31 function 0 &quot;Intel 82801AA LPC&quot; rev 0x02
pciide0 at pci0 dev 31 function 1 &quot;Intel 82801AA IDE&quot; rev 0x02: DMA, channel 0 wired to compatibility, channel 1 wired to compatibility
wd0 at pciide0 channel 0 drive 0: &lt;ST310211A&gt;
wd0: 16-sector PIO, LBA, 9541MB, 16383 cyl, 16 head, 63 sec, 19541088 sectors
wd0(pciide0:0:0): using PIO mode 4, Ultra-DMA mode 4
atapiscsi0 at pciide0 channel 1 drive 0
scsibus0 at atapiscsi0: 2 targets
cd0 at scsibus0 targ 0 lun 0: &lt;Compaq, CD-ROM SC-148E, PC03&gt; SCSI0 5/cdrom removable
cd0(pciide0:1:0): using PIO mode 4, DMA mode 2
uhci0 at pci0 dev 31 function 2 &quot;Intel 82801AA USB&quot; rev 0x02: irq 11
usb0 at uhci0: USB revision 1.0
uhub0 at usb0
uhub0: Intel UHCI root hub, class 9/0, rev 1.00/1.00, addr 1
uhub0: 2 ports with 2 removable, self powered
&quot;Intel 82801AA SMBus&quot; rev 0x02 at pci0 dev 31 function 3 not configured
isa0 at pcib0
isadma0 at isa0
pckbc0 at isa0 port 0x60/5
pckbd0 at pckbc0 (kbd slot)
pckbc0: using irq 1 for kbd slot
wskbd0 at pckbd0: console keyboard, using wsdisplay0
pcppi0 at isa0 port 0x61
midi0 at pcppi0: &lt;PC speaker&gt;
sysbeep0 at pcppi0
lpt0 at isa0 port 0x378/4 irq 7
lm0 at isa0 port 0x290/8: W83627HF
npx0 at isa0 port 0xf0/16: using exception 16
pccom0 at isa0 port 0x3f8/8 irq 4: ns16550a, 16 byte fifo
fdc0 at isa0 port 0x3f0/6 irq 6 drq 2
fd0 at fdc0 drive 0: 1.44MB 80 cyl, 2 head, 18 sec
biomask c840 netmask c848 ttymask c8ca
pctr: 686-class user-level performance counters enabled
mtrr: Pentium Pro MTRR support
dkcsum: wd0 matched BIOS disk 80
root on wd0a
rootdev=0x0 rrootdev=0x300 rawdev=0x302
syncing disks... :cb:0OpenBSD 3.4 (GENERIC) #18: Wed Sep 17 03:34:47 MDT 2003
    xxx@xxx.xxx:/usr/src/sys/arch/i386/compile/GENERIC
cpu0: Intel Pentium III (Coppermine) (&quot;GenuineIntel&quot; 686-class, 128KB L2 cache) 568 MHz
cpu0: FPU,V86,DE,PSE,TSC,MSR,PAE,MCE,CX8,SEP,MTRR,PGE,MCA,CMOV,PAT,PSE36,MMX,FXSR,SIMD
real mem  = 65515520 (63980K)
avail mem = 54878208 (53592K)
using 825 buffers containing 3379200 bytes (3300K) of memory
mainbus0 (root)
bios0 at mainbus0: AT/286+(00) BIOS, date 11/03/00, BIOS32 rev. 0 @ 0xfdb70
apm0 at bios0: Power Management spec V1.2
apm0: AC on, battery charge unknown
pcibios0 at bios0: rev. 2.1 @ 0xf0000/0x10000
pcibios0: PCI IRQ Routing Table rev. 1.0 @ 0xf6890/128 (6 entries)
pcibios0: PCI Interrupt Router at 000:31:0 (&quot;Intel 82801AA LPC&quot; rev 0x00)
pcibios0: PCI bus #1 is the last bus
bios0: ROM list: 0xc0000/0xa000 0xcc000/0x4000
pci0 at mainbus0 bus 0: configuration mode 1 (no bios)
pchb0 at pci0 dev 0 function 0 &quot;Intel 82810E&quot; rev 0x03: rng active, 8Kb/sec
vga1 at pci0 dev 1 function 0 &quot;Intel 82810E Graphics&quot; rev 0x03: aperture at 0xe8000000, size 0x4000000
wsdisplay0 at vga1: console (80x25, vt100 emulation)
wsdisplay0: screen 1-5 added (80x25, vt100 emulation)
ppb0 at pci0 dev 30 function 0 &quot;Intel 82801AA Hub-to-PCI&quot; rev 0x02
pci1 at ppb0 bus 1
xl0 at pci1 dev 0 function 0 &quot;3Com 3c905B 10/100Mbps-Combo&quot; rev 0x00: irq 3 address xx:xx:xx:xx:xx:xx
exphy0 at xl0 phy 24: 3Com internal media interface
xl1 at pci1 dev 2 function 0 &quot;3Com 3c905C 100Base-TX&quot; rev 0x74: irq 11 address xx:xx:xx:xx:xx:xx
exphy1 at xl1 phy 24: Broadcom 3C905C internal PHY, rev. 6
pcib0 at pci0 dev 31 function 0 &quot;Intel 82801AA LPC&quot; rev 0x02
pciide0 at pci0 dev 31 function 1 &quot;Intel 82801AA IDE&quot; rev 0x02: DMA, channel 0 wired to compatibility, channel 1 wired to compatibility
wd0 at pciide0 channel 0 drive 0: &lt;ST310211A&gt;
wd0: 16-sector PIO, LBA, 9541MB, 16383 cyl, 16 head, 63 sec, 19541088 sectors
wd0(pciide0:0:0): using PIO mode 4, Ultra-DMA mode 4
atapiscsi0 at pciide0 channel 1 drive 0
scsibus0 at atapiscsi0: 2 targets
cd0 at scsibus0 targ 0 lun 0: &lt;Compaq, CD-ROM SC-148E, PC03&gt; SCSI0 5/cdrom removable
cd0(pciide0:1:0): using PIO mode 4, DMA mode 2
uhci0 at pci0 dev 31 function 2 &quot;Intel 82801AA USB&quot; rev 0x02: irq 11
usb0 at uhci0: USB revision 1.0
uhub0 at usb0
uhub0: Intel UHCI root hub, class 9/0, rev 1.00/1.00, addr 1
uhub0: 2 ports with 2 removable, self powered
&quot;Intel 82801AA SMBus&quot; rev 0x02 at pci0 dev 31 function 3 not configured
isa0 at pcib0
isadma0 at isa0
pckbc0 at isa0 port 0x60/5
pckbd0 at pckbc0 (kbd slot)
pckbc0: using irq 1 for kbd slot
wskbd0 at pckbd0: console keyboard, using wsdisplay0
pcppi0 at isa0 port 0x61
midi0 at pcppi0: &lt;PC speaker&gt;
sysbeep0 at pcppi0
lpt0 at isa0 port 0x378/4 irq 7
lm0 at isa0 port 0x290/8: W83627HF
npx0 at isa0 port 0xf0/16: using exception 16
pccom0 at isa0 port 0x3f8/8 irq 4: ns16550a, 16 byte fifo
fdc0 at isa0 port 0x3f0/6 irq 6 drq 2
fd0 at fdc0 drive 0: 1.44MB 80 cyl, 2 head, 18 sec
biomask c840 netmask c848 ttymask c8ca
pctr: 686-class user-level performance counters enabled
mtrr: Pentium Pro MTRR support
dkcsum: wd0 matched BIOS disk 80
root on wd0a
rootdev=0x0 rrootdev=0x300 rawdev=0x302
/cache: optimization changed from SPACE to TIME
/cache: optimization changed from TIME to SPACE
/cache: optimization changed from SPACE to TIME
arp info overwritten for xxx.xxx.xxx.xxx by xx:xx:xx:xx:xx:xx on xl1
/cache: optimization changed from TIME to SPACE
/cache: optimization changed from SPACE to TIME
/cache: optimization changed from TIME to SPACE
</pre>



</div><!-- content -->
<br />
<div id="footer">
All comments/news/posts are the property of their individual owner and
is presented without warranty of suitability, and solely as an
informational resource. <br />
This site Copyright &copy; 2004-2020 NYC*BUG.
</div><!-- footer -->

</body>
</html>

