



<!doctype html>
<html lang="en">
<head>
<meta name="keywords"
	content="bsd, freebsd, openbsd, netbsd, dragonflybsd, nycbug, dmesgd" />
<meta name="description" content="New York City BSD User Group dmesgd" />
<meta charset="utf-8" />
<meta name="viewport" content="width=device-width, initial-scale=1" />
<title>NYC*BUG dmesgd</title>
<style>
body {
	text-align: left;
	margin: 15px auto;
	padding: 0px 10px;
}
@media (min-width: 800px) {
	body {
		max-width: 85%;
	}
}
#header {
	border-bottom: 1px solid #dbdbdb;
	font-size: 230%;
	text-align: left;
}
#footer {
	border-top: 1px solid #dbdbdb;
	clear: both;
	text-align: left;
}
.logo_bug {
	color: #cc0033;
}
#menu ul {
	list-style-type: none;
	margin: 0;
	padding: 0;
}
#menu li {
	float: left;
}
#menu li a {
	display: block;
	background-color: #dbdbdb;
	color: #000000;
	font-size: 105%;
	font-weight: bold;
	padding: 0px 6px 0px 6px;
	text-decoration: none;
}
#content {
	clear: both;
	text-align: left;
	padding-top: 10px;
}
#content h1 {
	font-size: 120%;
	font-weight: bold;
}
#content h2 {
	font-size: 110%;
	font-weight: bold;
}
#content a {
	text-decoration: none;
}
#content pre {
	background-color: #dbdbdb;
	padding: 5px 5px 5px 5px;
	white-space: pre-wrap;		/* css-3 */
	white-space: -moz-pre-wrap;	/* Mozilla, since 1999 */
	white-space: -pre-wrap;		/* Opera 4-6 */
	white-space: -o-pre-wrap;	/* Opera 7 */
	word-wrap: break-word;		/* Internet Explorer 5.5+ */
}
#content table {
	border-collapse: collapse;
}
#content table th {
	border: 1px solid #dbdbdb;
	font-size: 85%;
	white-space: nowrap;
}
#content table td {
	border: 1px solid #dbdbdb;
	font-size: 80%;
}
#content input {
	font-size: 1em;
}
#content .full	{ width: 100%; }
#content .left	{ text-align: left; }
#content .right	{ text-align: right; }
#content .center { text-align: center; }
#content .flexbox {
	display: -ms-flex;
	display: -webkit-flex;
	display: flex;
	width: 100%;
}
#content .left_col {
	min-width: 75px;
	max-width: 50%;
	flex-grow: 0;
}
#content .right_col {
	flex-grow: 1;
	margin-left: 10px;
	padding-top: 10px;
	padding-left: 10px;
}
#col {
	-moz-column-count: 3;
	-webkit-column-count: 3;
	column-count: 3;
}
</style>
</head>
<body>

<div id="header">
<strong><em>NYC*</em><span class="logo_bug">BUG</span> dmesgd</strong>
</div><!-- header -->

<div id="menu">
<ul>
<li><a href="https://dmesgd.nycbug.org/index.cgi?do=index">Home</a></li>
<li><a href="https://dmesgd.nycbug.org/index.cgi?do=submit">Submit</a></li>
<li><a href="https://www.nycbug.org/">NYC*BUG</a></li>
</ul>
</div><!-- menu -->

<div id="content">

<p>
Launched in 2004, dmesgd aims to provide a
<strong>user-submitted</strong> repository of searchable *BSD dmesgs.
The dmesg(8) command displays the system message buffer's content, and
during boot a copy is saved to <em>/var/run/dmesg.boot</em>.  This buffer
contains the operating system release, name and version, a list of
devices identified, plus a whole host of other useful information.  We
hope others find this resource useful and further contribute to its
growth. Contact us at [ admin at lists dot nycbug dot org ].
</p>

<hr />


<strong>Date:</strong> <em>2004-06-25 23:00:07</em><br />
<strong>From:</strong> <em>brads</em><br />
<strong>Description:</strong> <em>http://plumblossom.org on macppc</em><br />

<pre>
OpenBSD 3.4 (GENERIC) #2: Tue May 25 11:41:31 EDT 2004
    xxx@xxx.xxx:/usr/src/sys/arch/macppc/compile/GENERIC
real mem = 1073741824 (1048576K)
avail mem = 979648512 (956688K)
using 1254 buffers containing 53686272 bytes of memory
mainbus0 (root)
cpu0 at mainbus0: 7400 (Revision 208): 450 MHz: 1MB backside cache
memc0 at mainbus0: uni-n
mpcpcibr0 at mainbus0: uni-north, Revision 0xff
pci0 at mpcpcibr0 bus 0
pchb0 at pci0 dev 11 function 0 &quot;Apple Uni-N AGP&quot; rev 0x00
vgafb0 at pci0 dev 16 function 0 &quot;ATI Rage Fury&quot; rev 0x00, mmio
wsdisplay0 at vgafb0: console (std, vt100 emulation)
mpcpcibr1 at mainbus0: uni-north, Revision 0xff
pci1 at mpcpcibr1 bus 0
pchb1 at pci1 dev 11 function 0 &quot;Apple Uni-N&quot; rev 0x00
ppb0 at pci1 dev 13 function 0 &quot;DEC 21154 PCI-PCI&quot; rev 0x05
pci2 at ppb0 bus 1
dc0 at pci2 dev 3 function 0 &quot;Lite-On PNIC&quot; rev 0x21: irq 53, address xx:xx:xx:xx:xx:xx
lxtphy0 at dc0 phy 1: LXT970 10/100 media interface, rev. 0
macobio0 at pci2 dev 7 function 0 &quot;Apple Keylargo&quot; rev 0x02
openpic0 at macobio0: version 0x4614
gpio_obio0 at macobio0
gpio_obio1 at gpio_obio0 irq 47
programmer-switch at gpio_obio0 not configured
zsc0 at macobio0: irq 22,50
zstty0 at zsc0 channel 0
zstty1 at zsc0 channel 1
awacs: matched davbus nreg 24 nintr 24
awacs0 at macobio0: irq 24,9,10 headphones
audio0 at awacs0
adb0 at macobio0 irq 25: via-pmu 0 targets
aed0 at adb0 addr 0: ADB Event device
apm0 at adb0: battery flags 0x9, 0% charged
wdc0 at macobio0 irq 19: DMA transfer
wd0 at wdc0 channel 0 drive 0: &lt;QUANTUM FIREBALLP KX27.3&gt;
wd0: 16-sector PIO, LBA, 26147MB, 16383 cyl, 16 head, 63 sec, 53550304 sectors
wd0(wdc0:0:0): using PIO mode 4, DMA mode 2, Ultra-DMA mode 4
wdc1 at macobio0 irq 20: DMA transfer
atapiscsi0 at wdc1 channel 0 drive 0
scsibus0 at atapiscsi0: 2 targets
cd0 at scsibus0 targ 0 lun 0: &lt;MATSHITA, PD-2 LF-D110, A110&gt; SCSI0 5/cdrom removable
atapiscsi1 at wdc1 channel 0 drive 1
scsibus1 at atapiscsi1: 2 targets
sd0 at scsibus1 targ 0 lun 0: &lt;IOMEGA, ZIP 100, 04.H&gt; SCSI0 0/direct removable
sd0: drive offline
cd0(wdc1:0:0): using BIOS timings, DMA mode 1
sd0(wdc1:0:1): using BIOS timings, DMA mode 1
wdc2 at macobio0 irq 21: DMA transfer
ohci0 at pci2 dev 8 function 0 &quot;Apple USB&quot; rev 0x00: irq 27, OHCI version 1.0
usb0 at ohci0: USB revision 1.0
uhub0 at usb0
uhub0: Apple OHCI root hub, class 9/0, rev 1.00/1.00, addr 1
uhub0: 2 ports with 2 removable, self powered
ohci1 at pci2 dev 9 function 0 &quot;Apple USB&quot; rev 0x00: irq 28, OHCI version 1.0
usb1 at ohci1: USB revision 1.0
uhub1 at usb1
uhub1: Apple OHCI root hub, class 9/0, rev 1.00/1.00, addr 1
uhub1: 2 ports with 2 removable, self powered
&quot;Texas Instruments TSB12LV23 FireWire&quot; rev 0x00 at pci2 dev 10 function 0 not configured
mpcpcibr2 at mainbus0: uni-north, Revision 0xff
pci3 at mpcpcibr2 bus 0
pchb2 at pci3 dev 11 function 0 &quot;Apple Uni-N Eth&quot; rev 0x00
gem0 at pci3 dev 15 function 0 &quot;Apple GMAC&quot; rev 0x00
gem0: address xx:xx:xx:xx:xx:xx
bmtphy0 at gem0 phy 0: BCM5201 10/100 media interface, rev. 2
gem0: using irq 41 for interrupt
bootpath: `/pci@f2000000/@d/mac-io@7/ata-4@1f000/disk@0/bsd`
boot device: wd0.
root on wd0a
rootdev=0x0 rrootdev=0xb00 rawdev=0xb02
</pre>



</div><!-- content -->
<br />
<div id="footer">
All comments/news/posts are the property of their individual owner and
is presented without warranty of suitability, and solely as an
informational resource. <br />
This site Copyright &copy; 2004-2020 NYC*BUG.
</div><!-- footer -->

</body>
</html>

