



<!doctype html>
<html lang="en">
<head>
<meta name="keywords"
	content="bsd, freebsd, openbsd, netbsd, dragonflybsd, nycbug, dmesgd" />
<meta name="description" content="New York City BSD User Group dmesgd" />
<meta charset="utf-8" />
<meta name="viewport" content="width=device-width, initial-scale=1" />
<title>NYC*BUG dmesgd</title>
<style>
body {
	text-align: left;
	margin: 15px auto;
	padding: 0px 10px;
}
@media (min-width: 800px) {
	body {
		max-width: 85%;
	}
}
#header {
	border-bottom: 1px solid #dbdbdb;
	font-size: 230%;
	text-align: left;
}
#footer {
	border-top: 1px solid #dbdbdb;
	clear: both;
	text-align: left;
}
.logo_bug {
	color: #cc0033;
}
#menu ul {
	list-style-type: none;
	margin: 0;
	padding: 0;
}
#menu li {
	float: left;
}
#menu li a {
	display: block;
	background-color: #dbdbdb;
	color: #000000;
	font-size: 105%;
	font-weight: bold;
	padding: 0px 6px 0px 6px;
	text-decoration: none;
}
#content {
	clear: both;
	text-align: left;
	padding-top: 10px;
}
#content h1 {
	font-size: 120%;
	font-weight: bold;
}
#content h2 {
	font-size: 110%;
	font-weight: bold;
}
#content a {
	text-decoration: none;
}
#content pre {
	background-color: #dbdbdb;
	padding: 5px 5px 5px 5px;
	white-space: pre-wrap;		/* css-3 */
	white-space: -moz-pre-wrap;	/* Mozilla, since 1999 */
	white-space: -pre-wrap;		/* Opera 4-6 */
	white-space: -o-pre-wrap;	/* Opera 7 */
	word-wrap: break-word;		/* Internet Explorer 5.5+ */
}
#content table {
	border-collapse: collapse;
}
#content table th {
	border: 1px solid #dbdbdb;
	font-size: 85%;
	white-space: nowrap;
}
#content table td {
	border: 1px solid #dbdbdb;
	font-size: 80%;
}
#content input {
	font-size: 1em;
}
#content .full	{ width: 100%; }
#content .left	{ text-align: left; }
#content .right	{ text-align: right; }
#content .center { text-align: center; }
#content .flexbox {
	display: -ms-flex;
	display: -webkit-flex;
	display: flex;
	width: 100%;
}
#content .left_col {
	min-width: 75px;
	max-width: 50%;
	flex-grow: 0;
}
#content .right_col {
	flex-grow: 1;
	margin-left: 10px;
	padding-top: 10px;
	padding-left: 10px;
}
#col {
	-moz-column-count: 3;
	-webkit-column-count: 3;
	column-count: 3;
}
</style>
</head>
<body>

<div id="header">
<strong><em>NYC*</em><span class="logo_bug">BUG</span> dmesgd</strong>
</div><!-- header -->

<div id="menu">
<ul>
<li><a href="https://dmesgd.nycbug.org/index.cgi?do=index">Home</a></li>
<li><a href="https://dmesgd.nycbug.org/index.cgi?do=submit">Submit</a></li>
<li><a href="https://www.nycbug.org/">NYC*BUG</a></li>
</ul>
</div><!-- menu -->

<div id="content">

<p>
Launched in 2004, dmesgd aims to provide a
<strong>user-submitted</strong> repository of searchable *BSD dmesgs.
The dmesg(8) command displays the system message buffer's content, and
during boot a copy is saved to <em>/var/run/dmesg.boot</em>.  This buffer
contains the operating system release, name and version, a list of
devices identified, plus a whole host of other useful information.  We
hope others find this resource useful and further contribute to its
growth. Contact us at [ admin at lists dot nycbug dot org ].
</p>

<hr />


<strong>Date:</strong> <em>2004-06-26 15:27:00</em><br />
<strong>From:</strong> <em>deiti</em><br />
<strong>Description:</strong> <em>AMD Athlon XP 2000+
ECS K7S6A
GeForce Ti 4200 64MB</em><br />

<pre>
OpenBSD 3.5-stable (GENERIC) #0: Tue Jun  8 22:53:19 CEST 2004
    xxx@xxx.xxx:/usr/src/sys/arch/i386/compile/GENERIC
cpu0: AMD Athlon(tm) XP 2000+ (&quot;AuthenticAMD&quot; 686-class) 1.68 GHz
cpu0: FPU,V86,DE,PSE,TSC,MSR,PAE,MCE,CX8,APIC,SEP,MTRR,PGE,MCA,CMOV,PAT,PSE36,MMX,FXSR,SSE
real mem  = 804827136 (785964K)
avail mem = 740036608 (722692K)
using 4278 buffers containing 40345600 bytes (39400K) of memory
mainbus0 (root)
bios0 at mainbus0: AT/286+(16) BIOS, date 02/19/02, BIOS32 rev. 0 @ 0xfb3b0
apm0 at bios0: Power Management spec V1.2
apm0: AC on, battery charge unknown
pcibios0 at bios0: rev. 2.1 @ 0xf0000/0xd854
pcibios0: PCI IRQ Routing Table rev. 1.0 @ 0xfd7b0/160 (8 entries)
pcibios0: PCI Exclusive IRQs: 5 9 10 11
pcibios0: PCI Interrupt Router at 000:02:0 (&quot;SIS 85C503 System&quot; rev 0x00)
pcibios0: PCI bus #1 is the last bus
bios0: ROM list: 0xc0000/0xf400 0xd0000/0x4000! 0xef000/0x1000!
pci0 at mainbus0 bus 0: configuration mode 1 (no bios)
pchb0 at pci0 dev 0 function 0 &quot;SIS 745 PCI&quot; rev 0x01
ppb0 at pci0 dev 1 function 0 &quot;SIS 86C201 AGP&quot; rev 0x00
pci1 at ppb0 bus 1
vga1 at pci1 dev 0 function 0 &quot;Nvidia GeForce4 Ti 4200&quot; rev 0xa3
wsdisplay0 at vga1: console (80x25, vt100 emulation)
wsdisplay0: screen 1-5 added (80x25, vt100 emulation)
pcib0 at pci0 dev 2 function 0 &quot;SIS 85C503 System&quot; rev 0x00
ohci0 at pci0 dev 2 function 2 &quot;SIS 5597/5598 USB&quot; rev 0x07: irq 5, version 1.0, legacy support
ohci0: SMM does not respond, resetting
usb0 at ohci0: USB revision 1.0
uhub0 at usb0
uhub0: SIS OHCI root hub, class 9/0, rev 1.00/1.00, addr 1
uhub0: 3 ports with 3 removable, self powered
ohci1 at pci0 dev 2 function 3 &quot;SIS 5597/5598 USB&quot; rev 0x07: irq 9, version 1.0, legacy support
ohci1: SMM does not respond, resetting
usb1 at ohci1: USB revision 1.0
uhub1 at usb1
uhub1: SIS OHCI root hub, class 9/0, rev 1.00/1.00, addr 1
uhub1: 3 ports with 3 removable, self powered
pciide0 at pci0 dev 2 function 5 &quot;SIS 5513 EIDE&quot; rev 0xd0: 745: DMA, channel 0 wired to compatibility, channel 1 wired to compatibility
wd0 at pciide0 channel 0 drive 0: &lt;ST3120026A&gt;
wd0: 16-sector PIO, LBA48, 114473MB, 234441648 sectors
wd0(pciide0:0:0): using PIO mode 4, Ultra-DMA mode 5
atapiscsi0 at pciide0 channel 1 drive 0
scsibus0 at atapiscsi0: 2 targets
cd0 at scsibus0 targ 0 lun 0: &lt;TOSHIBA, DVD-ROM SD-M1212, 1R14&gt; SCSI0 5/cdrom removable
atapiscsi1 at pciide0 channel 1 drive 1
scsibus1 at atapiscsi1: 2 targets
cd1 at scsibus1 targ 0 lun 0: &lt;HL-DT-ST, CD-ROM GCR-8520B, 1.00&gt; SCSI0 5/cdrom removable
cd0(pciide0:1:0): using PIO mode 4, Ultra-DMA mode 2
cd1(pciide0:1:1): using PIO mode 4, DMA mode 2
rl0 at pci0 dev 12 function 0 &quot;Realtek 8139&quot; rev 0x10: irq 11 address xx:xx:xx:xx:xx:xx
rlphy0 at rl0 phy 0: RTL internal phy
emu0 at pci0 dev 13 function 0 &quot;Creative Labs SoundBlaster Live&quot; rev 0x08: irq 5
ac97: codec id 0x54524123 (TriTech Microelectronics TR28602)
audio0 at emu0
&quot;Creative Labs SoundBlaster Live Digital Input&quot; rev 0x08 at pci0 dev 13 function 1 not configured
bktr0 at pci0 dev 14 function 0 &quot;Brooktree BT848&quot; rev 0x12: irq 10
bktr0: Pinnacle/Miro TV, Philips SECAM tuner.
isa0 at pcib0
isadma0 at isa0
pckbc0 at isa0 port 0x60/5
pckbd0 at pckbc0 (kbd slot)
pckbc0: using irq 1 for kbd slot
wskbd0 at pckbd0: console keyboard, using wsdisplay0
pmsi0 at pckbc0 (aux slot)
pckbc0: using irq 12 for aux slot
wsmouse0 at pmsi0 mux 0
pcppi0 at isa0 port 0x61
midi0 at pcppi0: &lt;PC speaker&gt;
sysbeep0 at pcppi0
lpt0 at isa0 port 0x378/4 irq 7
it0 at isa0 port 0x290/8: IT87
npx0 at isa0 port 0xf0/16: using exception 16
pccom0 at isa0 port 0x3f8/8 irq 4: ns16550a, 16 byte fifo
pccom1 at isa0 port 0x2f8/8 irq 3: ns16550a, 16 byte fifo
fdc0 at isa0 port 0x3f0/6 irq 6 drq 2
fd0 at fdc0 drive 0: 1.44MB 80 cyl, 2 head, 18 sec
biomask c660 netmask ce60 ttymask dee2
pctr: user-level cycle counter enabled
mtrr: Pentium Pro MTRR support
dkcsum: wd0 matched BIOS disk 80
root on wd0a
rootdev=0x0 rrootdev=0x300 rawdev=0x302
umass0 at uhub0 port 1 configuration 1 interface 0
umass0: SMSC USB 2 Flash Media Device, rev 2.00/2.16, addr 2
umass0: using SCSI over Bulk-Only
scsibus2 at umass0: 2 targets
sd0 at scsibus2 targ 1 lun 0: &lt;SMSC, USB 2 HS-CF, 2.16&gt; SCSI0 0/direct removable
sd0: 6MB, 6 cyl, 64 head, 32 sec, 512 bytes/sec, 13632 sec total
sd1 at scsibus2 targ 1 lun 1: &lt;SMSC, USB 2 HS-MS, 2.16&gt; SCSI0 0/direct removable
sd1: drive offline
sd2 at scsibus2 targ 1 lun 2: &lt;SMSC, USB 2 HS-SM, 2.16&gt; SCSI0 0/direct removable
sd2: drive offline
sd3 at scsibus2 targ 1 lun 3: &lt;SMSC, USB 2 HS-SD/MMC, 2.16&gt; SCSI0 0/direct removable
sd3: drive offline
ugen0 at uhub0 port 2
ugen0: Texas Instruments Incorporated TI-GRAPH LINK USB, rev 1.10/1.03, addr 3
</pre>



</div><!-- content -->
<br />
<div id="footer">
All comments/news/posts are the property of their individual owner and
is presented without warranty of suitability, and solely as an
informational resource. <br />
This site Copyright &copy; 2004-2020 NYC*BUG.
</div><!-- footer -->

</body>
</html>

