



<!doctype html>
<html lang="en">
<head>
<meta name="keywords"
	content="bsd, freebsd, openbsd, netbsd, dragonflybsd, nycbug, dmesgd" />
<meta name="description" content="New York City BSD User Group dmesgd" />
<meta charset="utf-8" />
<meta name="viewport" content="width=device-width, initial-scale=1" />
<title>NYC*BUG dmesgd</title>
<style>
body {
	text-align: left;
	margin: 15px auto;
	padding: 0px 10px;
}
@media (min-width: 800px) {
	body {
		max-width: 85%;
	}
}
#header {
	border-bottom: 1px solid #dbdbdb;
	font-size: 230%;
	text-align: left;
}
#footer {
	border-top: 1px solid #dbdbdb;
	clear: both;
	text-align: left;
}
.logo_bug {
	color: #cc0033;
}
#menu ul {
	list-style-type: none;
	margin: 0;
	padding: 0;
}
#menu li {
	float: left;
}
#menu li a {
	display: block;
	background-color: #dbdbdb;
	color: #000000;
	font-size: 105%;
	font-weight: bold;
	padding: 0px 6px 0px 6px;
	text-decoration: none;
}
#content {
	clear: both;
	text-align: left;
	padding-top: 10px;
}
#content h1 {
	font-size: 120%;
	font-weight: bold;
}
#content h2 {
	font-size: 110%;
	font-weight: bold;
}
#content a {
	text-decoration: none;
}
#content pre {
	background-color: #dbdbdb;
	padding: 5px 5px 5px 5px;
	white-space: pre-wrap;		/* css-3 */
	white-space: -moz-pre-wrap;	/* Mozilla, since 1999 */
	white-space: -pre-wrap;		/* Opera 4-6 */
	white-space: -o-pre-wrap;	/* Opera 7 */
	word-wrap: break-word;		/* Internet Explorer 5.5+ */
}
#content table {
	border-collapse: collapse;
}
#content table th {
	border: 1px solid #dbdbdb;
	font-size: 85%;
	white-space: nowrap;
}
#content table td {
	border: 1px solid #dbdbdb;
	font-size: 80%;
}
#content input {
	font-size: 1em;
}
#content .full	{ width: 100%; }
#content .left	{ text-align: left; }
#content .right	{ text-align: right; }
#content .center { text-align: center; }
#content .flexbox {
	display: -ms-flex;
	display: -webkit-flex;
	display: flex;
	width: 100%;
}
#content .left_col {
	min-width: 75px;
	max-width: 50%;
	flex-grow: 0;
}
#content .right_col {
	flex-grow: 1;
	margin-left: 10px;
	padding-top: 10px;
	padding-left: 10px;
}
#col {
	-moz-column-count: 3;
	-webkit-column-count: 3;
	column-count: 3;
}
</style>
</head>
<body>

<div id="header">
<strong><em>NYC*</em><span class="logo_bug">BUG</span> dmesgd</strong>
</div><!-- header -->

<div id="menu">
<ul>
<li><a href="https://dmesgd.nycbug.org/index.cgi?do=index">Home</a></li>
<li><a href="https://dmesgd.nycbug.org/index.cgi?do=submit">Submit</a></li>
<li><a href="https://www.nycbug.org/">NYC*BUG</a></li>
</ul>
</div><!-- menu -->

<div id="content">

<p>
Launched in 2004, dmesgd aims to provide a
<strong>user-submitted</strong> repository of searchable *BSD dmesgs.
The dmesg(8) command displays the system message buffer's content, and
during boot a copy is saved to <em>/var/run/dmesg.boot</em>.  This buffer
contains the operating system release, name and version, a list of
devices identified, plus a whole host of other useful information.  We
hope others find this resource useful and further contribute to its
growth. Contact us at [ admin at lists dot nycbug dot org ].
</p>

<hr />


<strong>Date:</strong> <em>2004-06-28 05:49:15</em><br />
<strong>From:</strong> <em>van</em><br />
<strong>Description:</strong> <em>The platform for testing SMP, recently injected into OpenBSD-current</em><br />

<pre>
OpenBSD 3.5-current (GENERIC.MP) #0: Thu Jun 24 10:58:55 NOVST 2004
    xxx@xxx.xxx:/sys/arch/i386/compile/GENERIC.MP
cpu0: Intel Pentium II (&quot;GenuineIntel&quot; 686-class, 512KB L2 cache) 267 MHz
cpu0: FPU,V86,DE,PSE,TSC,MSR,PAE,MCE,CX8,APIC,SEP,MTRR,PGE,MCA,CMOV,MMX
real mem  = 268013568 (261732K)
avail mem = 239816704 (234196K)
using 3297 buffers containing 13504512 bytes (13188K) of memory
mainbus0 (root)
bios0 at mainbus0: AT/286+(9c) BIOS, date 08/10/98, BIOS32 rev. 0 @ 0xfd7b1
pcibios0 at bios0: rev. 2.1 @ 0xfd6c0/0xf2c90
pcibios0: PCI BIOS has 13 Interrupt Routing table entries
pcibios0: PCI Interrupt Router at 000:20:0 (&quot;Intel 82371AB PIIX4 ISA&quot; rev 0x00)
pcibios0: PCI bus #2 is the last bus
bios0: ROM list: 0xc0000/0x8000 0xc8000/0x4000
mainbus0: Intel MP Specification (Version 1.1) (INTEL    MB440LX DP  )
cpu0 at mainbus0: apid 1 (boot processor)
cpu0: apic clock running at 66 MHz
cpu1 at mainbus0: apid 0 (application processor)
cpu1: Intel Pentium II (&quot;GenuineIntel&quot; 686-class, 512KB L2 cache) 267 MHz
cpu1: FPU,V86,DE,PSE,TSC,MSR,PAE,MCE,CX8,APIC,SEP,MTRR,PGE,MCA,CMOV,MMX
mainbus0: bus 0 is type PCI   
mainbus0: bus 1 is type PCI   
mainbus0: bus 2 is type PCI   
mainbus0: bus 3 is type ISA   
ioapic0 at mainbus0: apid 2 pa 0xfec00000, version 11, 24 pins
pci0 at mainbus0 bus 0: configuration mode 1 (no bios)
pchb0 at pci0 dev 0 function 0 &quot;Intel 82443LX AGP&quot; rev 0x03
ppb0 at pci0 dev 1 function 0 &quot;Intel 82443LX AGP&quot; rev 0x03
pci1 at ppb0 bus 1
siop0 at pci0 dev 15 function 0 &quot;Symbios Logic 53c810&quot; rev 0x12: apic 2 int 18 (irq 9)
scsibus0 at siop0: 8 targets
vga1 at pci0 dev 17 function 0 &quot;Cirrus Logic CL-GD5430&quot; rev 0x22
wsdisplay0 at vga1: console (80x25, vt100 emulation)
wsdisplay0: screen 1-5 added (80x25, vt100 emulation)
ppb1 at pci0 dev 19 function 0 &quot;Intel i960 RP PCI-PCI&quot; rev 0x03
pci2 at ppb1 bus 2
siop1 at pci2 dev 0 function 0 &quot;Symbios Logic 53c875&quot; rev 0x04: apic 2 int 20 (irq 9), using 4K of on-board RAM
scsibus1 at siop1: 16 targets
siop1: target 2 now using tagged 16 bit 20.0 MHz 15 REQ/ACK offset xfers
sd0 at scsibus1 targ 2 lun 0: &lt;SEAGATE, ST34371W SUN4.2G, 7462&gt; SCSI2 0/direct fixed
sd0: 4094MB, 3882 cyl, 16 head, 135 sec, 512 bytes/sec, 8385121 sec total
siop1: target 6 now using 8 bit async xfers
uk0 at scsibus1 targ 6 lun 0: &lt;ESG-SHV, SCA HSBP M3, 1.21&gt; SCSI2 3/processor fixed
uk0: unknown device
ne3 at pci2 dev 2 function 0 &quot;Realtek 8029&quot; rev 0x00: apic 2 int 22 (irq 10)
ne3: address xx:xx:xx:xx:xx:xx
siop2 at pci2 dev 4 function 0 &quot;Symbios Logic 53c875&quot; rev 0x04: apic 2 int 20 (irq 9), using 4K of on-board RAM
scsibus2 at siop2: 16 targets
&quot;Intel 80960RP ATU&quot; rev 0x03 at pci0 dev 19 function 1 not configured
pcib0 at pci0 dev 20 function 0 &quot;Intel 82371AB PIIX4 ISA&quot; rev 0x01
pciide0 at pci0 dev 20 function 1 &quot;Intel 82371AB IDE&quot; rev 0x01: DMA, channel 0 wired to compatibility, channel 1 wired to compatibility
atapiscsi0 at pciide0 channel 0 drive 0
scsibus3 at atapiscsi0: 2 targets
cd0 at scsibus3 targ 0 lun 0: &lt;ASUS, CD-S400/A, 2.1H&gt; SCSI0 5/cdrom removable
cd0(pciide0:0:0): using PIO mode 4, Ultra-DMA mode 2
pciide0: channel 1 ignored (disabled)
uhci0 at pci0 dev 20 function 2 &quot;Intel 82371AB USB&quot; rev 0x01pci_intr_map: no mapping for pin D
: couldn`t map interrupt
&quot;Intel 82371AB Power Mgmt&quot; rev 0x01 at pci0 dev 20 function 3 not configured
isa0 at pcib0
isadma0 at isa0
pckbc0 at isa0 port 0x60/5
pckbd0 at pckbc0 (kbd slot)
pckbc0: using irq 1 for kbd slot
wskbd0 at pckbd0: console keyboard, using wsdisplay0
pcppi0 at isa0 port 0x61
midi0 at pcppi0: &lt;PC speaker&gt;
sysbeep0 at pcppi0
npx0 at isa0 port 0xf0/16: using exception 16
pccom0 at isa0 port 0x3f8/8 irq 4: ns16550a, 16 byte fifo
pccom1 at isa0 port 0x2f8/8 irq 3: ns16550a, 16 byte fifo
fdc0 at isa0 port 0x3f0/6 irq 6 drq 2
fd0 at fdc0 drive 0: 1.44MB 80 cyl, 2 head, 18 sec
biomask 0 netmask 0 ttymask 0
pctr: 686-class user-level performance counters enabled
mtrr: Pentium Pro MTRR support
dkcsum: sd0 matched BIOS disk 80
root on sd0a
rootdev=0x400 rrootdev=0xd00 rawdev=0xd02
cpu1: starting
cpu1: CPU at apid 0 running
</pre>



</div><!-- content -->
<br />
<div id="footer">
All comments/news/posts are the property of their individual owner and
is presented without warranty of suitability, and solely as an
informational resource. <br />
This site Copyright &copy; 2004-2020 NYC*BUG.
</div><!-- footer -->

</body>
</html>

