



<!doctype html>
<html lang="en">
<head>
<meta name="keywords"
	content="bsd, freebsd, openbsd, netbsd, dragonflybsd, nycbug, dmesgd" />
<meta name="description" content="New York City BSD User Group dmesgd" />
<meta charset="utf-8" />
<meta name="viewport" content="width=device-width, initial-scale=1" />
<title>NYC*BUG dmesgd</title>
<style>
body {
	text-align: left;
	margin: 15px auto;
	padding: 0px 10px;
}
@media (min-width: 800px) {
	body {
		max-width: 85%;
	}
}
#header {
	border-bottom: 1px solid #dbdbdb;
	font-size: 230%;
	text-align: left;
}
#footer {
	border-top: 1px solid #dbdbdb;
	clear: both;
	text-align: left;
}
.logo_bug {
	color: #cc0033;
}
#menu ul {
	list-style-type: none;
	margin: 0;
	padding: 0;
}
#menu li {
	float: left;
}
#menu li a {
	display: block;
	background-color: #dbdbdb;
	color: #000000;
	font-size: 105%;
	font-weight: bold;
	padding: 0px 6px 0px 6px;
	text-decoration: none;
}
#content {
	clear: both;
	text-align: left;
	padding-top: 10px;
}
#content h1 {
	font-size: 120%;
	font-weight: bold;
}
#content h2 {
	font-size: 110%;
	font-weight: bold;
}
#content a {
	text-decoration: none;
}
#content pre {
	background-color: #dbdbdb;
	padding: 5px 5px 5px 5px;
	white-space: pre-wrap;		/* css-3 */
	white-space: -moz-pre-wrap;	/* Mozilla, since 1999 */
	white-space: -pre-wrap;		/* Opera 4-6 */
	white-space: -o-pre-wrap;	/* Opera 7 */
	word-wrap: break-word;		/* Internet Explorer 5.5+ */
}
#content table {
	border-collapse: collapse;
}
#content table th {
	border: 1px solid #dbdbdb;
	font-size: 85%;
	white-space: nowrap;
}
#content table td {
	border: 1px solid #dbdbdb;
	font-size: 80%;
}
#content input {
	font-size: 1em;
}
#content .full	{ width: 100%; }
#content .left	{ text-align: left; }
#content .right	{ text-align: right; }
#content .center { text-align: center; }
#content .flexbox {
	display: -ms-flex;
	display: -webkit-flex;
	display: flex;
	width: 100%;
}
#content .left_col {
	min-width: 75px;
	max-width: 50%;
	flex-grow: 0;
}
#content .right_col {
	flex-grow: 1;
	margin-left: 10px;
	padding-top: 10px;
	padding-left: 10px;
}
#col {
	-moz-column-count: 3;
	-webkit-column-count: 3;
	column-count: 3;
}
</style>
</head>
<body>

<div id="header">
<strong><em>NYC*</em><span class="logo_bug">BUG</span> dmesgd</strong>
</div><!-- header -->

<div id="menu">
<ul>
<li><a href="https://dmesgd.nycbug.org/index.cgi?do=index">Home</a></li>
<li><a href="https://dmesgd.nycbug.org/index.cgi?do=submit">Submit</a></li>
<li><a href="https://www.nycbug.org/">NYC*BUG</a></li>
</ul>
</div><!-- menu -->

<div id="content">

<p>
Launched in 2004, dmesgd aims to provide a
<strong>user-submitted</strong> repository of searchable *BSD dmesgs.
The dmesg(8) command displays the system message buffer's content, and
during boot a copy is saved to <em>/var/run/dmesg.boot</em>.  This buffer
contains the operating system release, name and version, a list of
devices identified, plus a whole host of other useful information.  We
hope others find this resource useful and further contribute to its
growth. Contact us at [ admin at lists dot nycbug dot org ].
</p>

<hr />


<strong>Date:</strong> <em>2004-07-01 06:07:59</em><br />
<strong>From:</strong> <em>oper</em><br />
<strong>Description:</strong> <em>OpenBSD 3.5 
(Firewall, DHCP, Billing, AAA)
P4 1.8 256 Ram</em><br />

<pre>
OpenBSD 3.5 (abacus.x86.3.5) #0: Mon Jun 21 11:06:23 EEST 2004
    xxx@xxx.xxx:/usr/src/sys/arch/i386/compile/abacus.x86.3.5
cpu0: Intel(R) Pentium(R) 4 CPU 1.80GHz (&quot;GenuineIntel&quot; 686-class) 1.80 GHz
cpu0: FPU,V86,DE,PSE,TSC,MSR,PAE,MCE,CX8,APIC,SEP,MTRR,PGE,MCA,CMOV,PAT,PSE36,CF
LUSH,ACPI,MMX,FXSR,SSE,SSE2,SS,HTT,TM
real mem  = 268021760 (261740K)
avail mem = 246095872 (240328K)
using 3297 buffers containing 13504512 bytes (13188K) of memory
mainbus0 (root)
bios0 at mainbus0: AT/286+(f7) BIOS, date 11/07/02, BIOS32 rev. 0 @ 0xfb170
apm0 at bios0: Power Management spec V1.2
apm0: AC on, battery charge unknown
pcibios0 at bios0: rev. 2.1 @ 0xf0000/0xdf84
pcibios0: PCI IRQ Routing Table rev. 1.0 @ 0xfdec0/192 (10 entries)
pcibios0: PCI Exclusive IRQs: 5 7 9 10 11
pcibios0: PCI Interrupt Router at 000:31:0 (&quot;Intel 82371SB ISA&quot; rev 0x00)
pcibios0: PCI bus #2 is the last bus
bios0: ROM list: 0xc0000/0x8000 0xc8000/0x1800
pci0 at mainbus0 bus 0: configuration mode 1 (no bios)
pchb0 at pci0 dev 0 function 0 &quot;Intel 82845 Host&quot; rev 0x11
ppb0 at pci0 dev 1 function 0 &quot;Intel 82845 AGP&quot; rev 0x11
pci1 at ppb0 bus 1
ppb1 at pci0 dev 30 function 0 &quot;Intel 82801BA AGP&quot; rev 0x81
pci2 at ppb1 bus 2
em0 at pci2 dev 5 function 0 &quot;Intel PRO/1000MT (PWLA8390MT)&quot; rev 0x02: irq 5, ad
dress: xx:xx:xx:xx:xx:xx
fxp0 at pci2 dev 6 function 0 &quot;Intel 82557&quot; rev 0x10: irq 10, address 00:10:dc:c
e:26:58
inphy0 at fxp0 phy 1: i82555 10/100 media interface, rev. 4
vga1 at pci2 dev 7 function 0 &quot;ATI Rage XL&quot; rev 0x27
wsdisplay0 at vga1: console (80x25, vt100 emulation)
wsdisplay0: screen 1-5 added (80x25, vt100 emulation)
pciide0 at pci2 dev 10 function 0 &quot;Promise PDC20276&quot; rev 0x01: DMA, channel 0 co
nfigured to native-PCI, channel 1 configured to native-PCI
pciide0: using irq 11 for native-PCI interrupt
pcib0 at pci0 dev 31 function 0 &quot;Intel 82801DB LPC&quot; rev 0x01
pciide1 at pci0 dev 31 function 1 &quot;Intel 82801DB IDE&quot; rev 0x01: DMA, channel 0 c
onfigured to compatibility, channel 1 configured to compatibility
wd0 at pciide1 channel 0 drive 0: &lt;SAMSUNG SV2011H&gt;
wd0: 16-sector PIO, LBA, 19130MB, 39179952 sectors
wd0(pciide1:0:0): using PIO mode 4, Ultra-DMA mode 5
wd1 at pciide1 channel 1 drive 0: &lt;SAMSUNG SV2011H&gt;
wd1: 16-sector PIO, LBA, 19130MB, 39179952 sectors
wd1(pciide1:1:0): using PIO mode 4, Ultra-DMA mode 5
&quot;Intel 82801DB SMBus&quot; rev 0x01 at pci0 dev 31 function 3 not configured
isa0 at pcib0
isadma0 at isa0
pckbc0 at isa0 port 0x60/5
pckbd0 at pckbc0 (kbd slot)
pckbc0: using irq 1 for kbd slot
wskbd0 at pckbd0: console keyboard, using wsdisplay0
lm0 at isa0 port 0x290/8: W83627HF
npx0 at isa0 port 0xf0/16: using exception 16
biomask c800 netmask cc20 ttymask cc22
pctr: user-level cycle counter enabled
dkcsum: wd0 matched BIOS disk 80
dkcsum: wd1 matched BIOS disk 81
root on wd0a
rootdev=0x0 rrootdev=0x300 rawdev=0x302
</pre>



</div><!-- content -->
<br />
<div id="footer">
All comments/news/posts are the property of their individual owner and
is presented without warranty of suitability, and solely as an
informational resource. <br />
This site Copyright &copy; 2004-2020 NYC*BUG.
</div><!-- footer -->

</body>
</html>

