



<!doctype html>
<html lang="en">
<head>
<meta name="keywords"
	content="bsd, freebsd, openbsd, netbsd, dragonflybsd, nycbug, dmesgd" />
<meta name="description" content="New York City BSD User Group dmesgd" />
<meta charset="utf-8" />
<meta name="viewport" content="width=device-width, initial-scale=1" />
<title>NYC*BUG dmesgd</title>
<style>
body {
	text-align: left;
	margin: 15px auto;
	padding: 0px 10px;
}
@media (min-width: 800px) {
	body {
		max-width: 85%;
	}
}
#header {
	border-bottom: 1px solid #dbdbdb;
	font-size: 230%;
	text-align: left;
}
#footer {
	border-top: 1px solid #dbdbdb;
	clear: both;
	text-align: left;
}
.logo_bug {
	color: #cc0033;
}
#menu ul {
	list-style-type: none;
	margin: 0;
	padding: 0;
}
#menu li {
	float: left;
}
#menu li a {
	display: block;
	background-color: #dbdbdb;
	color: #000000;
	font-size: 105%;
	font-weight: bold;
	padding: 0px 6px 0px 6px;
	text-decoration: none;
}
#content {
	clear: both;
	text-align: left;
	padding-top: 10px;
}
#content h1 {
	font-size: 120%;
	font-weight: bold;
}
#content h2 {
	font-size: 110%;
	font-weight: bold;
}
#content a {
	text-decoration: none;
}
#content pre {
	background-color: #dbdbdb;
	padding: 5px 5px 5px 5px;
	white-space: pre-wrap;		/* css-3 */
	white-space: -moz-pre-wrap;	/* Mozilla, since 1999 */
	white-space: -pre-wrap;		/* Opera 4-6 */
	white-space: -o-pre-wrap;	/* Opera 7 */
	word-wrap: break-word;		/* Internet Explorer 5.5+ */
}
#content table {
	border-collapse: collapse;
}
#content table th {
	border: 1px solid #dbdbdb;
	font-size: 85%;
	white-space: nowrap;
}
#content table td {
	border: 1px solid #dbdbdb;
	font-size: 80%;
}
#content input {
	font-size: 1em;
}
#content .full	{ width: 100%; }
#content .left	{ text-align: left; }
#content .right	{ text-align: right; }
#content .center { text-align: center; }
#content .flexbox {
	display: -ms-flex;
	display: -webkit-flex;
	display: flex;
	width: 100%;
}
#content .left_col {
	min-width: 75px;
	max-width: 50%;
	flex-grow: 0;
}
#content .right_col {
	flex-grow: 1;
	margin-left: 10px;
	padding-top: 10px;
	padding-left: 10px;
}
#col {
	-moz-column-count: 3;
	-webkit-column-count: 3;
	column-count: 3;
}
</style>
</head>
<body>

<div id="header">
<strong><em>NYC*</em><span class="logo_bug">BUG</span> dmesgd</strong>
</div><!-- header -->

<div id="menu">
<ul>
<li><a href="https://dmesgd.nycbug.org/index.cgi?do=index">Home</a></li>
<li><a href="https://dmesgd.nycbug.org/index.cgi?do=submit">Submit</a></li>
<li><a href="https://www.nycbug.org/">NYC*BUG</a></li>
</ul>
</div><!-- menu -->

<div id="content">

<p>
Launched in 2004, dmesgd aims to provide a
<strong>user-submitted</strong> repository of searchable *BSD dmesgs.
The dmesg(8) command displays the system message buffer's content, and
during boot a copy is saved to <em>/var/run/dmesg.boot</em>.  This buffer
contains the operating system release, name and version, a list of
devices identified, plus a whole host of other useful information.  We
hope others find this resource useful and further contribute to its
growth. Contact us at [ admin at lists dot nycbug dot org ].
</p>

<hr />


<strong>Date:</strong> <em>2004-07-02 05:03:16</em><br />
<strong>From:</strong> <em>Mashio M</em><br />
<strong>Description:</strong> <em>DELL PowerEdge 600SC
OpenBSD 3.4</em><br />

<pre>
OpenBSD 3.4-stable (DeltaWorks) #2: Fri May 21 03:56:38 JST 2004
    xxx@xxx.xxx:/home/moto/works/sys/kernel/DeltaWorks
cpu0: Intel Pentium III (Coppermine) (&quot;GenuineIntel&quot; 686-class, 128KB L2 cache) 898 MHz
cpu0: FPU,V86,DE,PSE,TSC,MSR,PAE,MCE,CX8,APIC,SEP,MTRR,PGE,MCA,CMOV,PAT,PSE36,MMX,FXSR,SIMD
real mem  = 66633728 (65072K)
avail mem = 56098816 (54784K)
using 839 buffers containing 3436544 bytes (3356K) of memory
mainbus0 (root)
bios0 at mainbus0: AT/286+(00) BIOS, date 12/06/01, BIOS32 rev. 0 @ 0xffe90
pcibios0 at bios0: rev. 2.1 @ 0xf0000/0x10000
pcibios0: PCI IRQ Routing Table rev. 1.0 @ 0xfc3e0/160 (8 entries)
pcibios0: no compatible PCI ICU found: ICU vendor 0x1166 product 0x0201
pcibios0: Warning, unable to fix up PCI interrupt routing
pcibios0: PCI bus #0 is the last bus
bios0: ROM list: 0xc0000/0x8000 0xec000/0x4000!
pci0 at mainbus0 bus 0: configuration mode 1 (no bios)
pchb0 at pci0 dev 0 function 0 &quot;ServerWorks CNB20LE Host&quot; rev 0x06
pchb1 at pci0 dev 0 function 1 &quot;ServerWorks CNB20LE Host&quot; rev 0x06
pci1 at pchb1 bus 1
fxp0 at pci0 dev 2 function 0 &quot;Intel 82557&quot; rev 0x08: irq 11, address xx:xx:xx:xx:xx:xx
inphy0 at fxp0 phy 1: i82555 10/100 media interface, rev. 4
vga1 at pci0 dev 11 function 0 &quot;ATI Rage XL&quot; rev 0x27
wsdisplay0 at vga1: console (80x25, vt100 emulation)
wsdisplay0: screen 1-5 added (80x25, vt100 emulation)
pcib0 at pci0 dev 15 function 0 &quot;ServerWorks CSB5 SouthBridge&quot; rev 0x92
pciide0 at pci0 dev 15 function 1 &quot;ServerWorks CSB5 IDE&quot; rev 0x92: DMA
wd0 at pciide0 channel 0 drive 0: &lt;ST340016A&gt;
wd0: 16-sector PIO, LBA, 38166MB, 16383 cyl, 16 head, 63 sec, 78165360 sectors
wd0(pciide0:0:0): using PIO mode 4, DMA mode 2, Ultra-DMA mode 5
atapiscsi0 at pciide0 channel 1 drive 0
scsibus0 at atapiscsi0: 2 targets
cd0 at scsibus0 targ 0 lun 0: &lt;LG, CD-ROM CRD-8482B, 1.05&gt; SCSI0 5/cdrom removable
cd0(pciide0:1:0): using PIO mode 4, DMA mode 2, Ultra-DMA mode 2
&quot;ServerWorks OSB4/CSB5 USB&quot; rev 0x05 at pci0 dev 15 function 2 not configured
pchb2 at pci0 dev 15 function 3 &quot;ServerWorks PCI/ISA Bridge&quot; rev 0x00
isa0 at pcib0
isadma0 at isa0
pckbc0 at isa0 port 0x60/5
pckbd0 at pckbc0 (kbd slot)
pckbc0: using irq 1 for kbd slot
wskbd0 at pckbd0: console keyboard, using wsdisplay0
pcppi0 at isa0 port 0x61
midi0 at pcppi0: &lt;PC speaker&gt;
sysbeep0 at pcppi0
lpt0 at isa0 port 0x378/4 irq 7
npx0 at isa0 port 0xf0/16: using exception 16
pccom0 at isa0 port 0x3f8/8 irq 4: ns16550a, 16 byte fifo
fdc0 at isa0 port 0x3f0/6 irq 6 drq 2
fd0 at fdc0 drive 0: 1.44MB 80 cyl, 2 head, 18 sec
biomask c040 netmask c840 ttymask c8c2
pctr: 686-class user-level performance counters enabled
mtrr: Pentium Pro MTRR support
dkcsum: wd0 matched BIOS disk 80
root on wd0a
rootdev=0x0 rrootdev=0x300 rawdev=0x302
arp info overwritten for xxx.xxx.xxx.xxx by xx:xx:xx:xx:xx:xx on fxp0
</pre>



</div><!-- content -->
<br />
<div id="footer">
All comments/news/posts are the property of their individual owner and
is presented without warranty of suitability, and solely as an
informational resource. <br />
This site Copyright &copy; 2004-2020 NYC*BUG.
</div><!-- footer -->

</body>
</html>

