



<!doctype html>
<html lang="en">
<head>
<meta name="keywords"
	content="bsd, freebsd, openbsd, netbsd, dragonflybsd, nycbug, dmesgd" />
<meta name="description" content="New York City BSD User Group dmesgd" />
<meta charset="utf-8" />
<meta name="viewport" content="width=device-width, initial-scale=1" />
<title>NYC*BUG dmesgd</title>
<style>
body {
	text-align: left;
	margin: 15px auto;
	padding: 0px 10px;
}
@media (min-width: 800px) {
	body {
		max-width: 85%;
	}
}
#header {
	border-bottom: 1px solid #dbdbdb;
	font-size: 230%;
	text-align: left;
}
#footer {
	border-top: 1px solid #dbdbdb;
	clear: both;
	text-align: left;
}
.logo_bug {
	color: #cc0033;
}
#menu ul {
	list-style-type: none;
	margin: 0;
	padding: 0;
}
#menu li {
	float: left;
}
#menu li a {
	display: block;
	background-color: #dbdbdb;
	color: #000000;
	font-size: 105%;
	font-weight: bold;
	padding: 0px 6px 0px 6px;
	text-decoration: none;
}
#content {
	clear: both;
	text-align: left;
	padding-top: 10px;
}
#content h1 {
	font-size: 120%;
	font-weight: bold;
}
#content h2 {
	font-size: 110%;
	font-weight: bold;
}
#content a {
	text-decoration: none;
}
#content pre {
	background-color: #dbdbdb;
	padding: 5px 5px 5px 5px;
	white-space: pre-wrap;		/* css-3 */
	white-space: -moz-pre-wrap;	/* Mozilla, since 1999 */
	white-space: -pre-wrap;		/* Opera 4-6 */
	white-space: -o-pre-wrap;	/* Opera 7 */
	word-wrap: break-word;		/* Internet Explorer 5.5+ */
}
#content table {
	border-collapse: collapse;
}
#content table th {
	border: 1px solid #dbdbdb;
	font-size: 85%;
	white-space: nowrap;
}
#content table td {
	border: 1px solid #dbdbdb;
	font-size: 80%;
}
#content input {
	font-size: 1em;
}
#content .full	{ width: 100%; }
#content .left	{ text-align: left; }
#content .right	{ text-align: right; }
#content .center { text-align: center; }
#content .flexbox {
	display: -ms-flex;
	display: -webkit-flex;
	display: flex;
	width: 100%;
}
#content .left_col {
	min-width: 75px;
	max-width: 50%;
	flex-grow: 0;
}
#content .right_col {
	flex-grow: 1;
	margin-left: 10px;
	padding-top: 10px;
	padding-left: 10px;
}
#col {
	-moz-column-count: 3;
	-webkit-column-count: 3;
	column-count: 3;
}
</style>
</head>
<body>

<div id="header">
<strong><em>NYC*</em><span class="logo_bug">BUG</span> dmesgd</strong>
</div><!-- header -->

<div id="menu">
<ul>
<li><a href="https://dmesgd.nycbug.org/index.cgi?do=index">Home</a></li>
<li><a href="https://dmesgd.nycbug.org/index.cgi?do=submit">Submit</a></li>
<li><a href="https://www.nycbug.org/">NYC*BUG</a></li>
</ul>
</div><!-- menu -->

<div id="content">

<p>
Launched in 2004, dmesgd aims to provide a
<strong>user-submitted</strong> repository of searchable *BSD dmesgs.
The dmesg(8) command displays the system message buffer's content, and
during boot a copy is saved to <em>/var/run/dmesg.boot</em>.  This buffer
contains the operating system release, name and version, a list of
devices identified, plus a whole host of other useful information.  We
hope others find this resource useful and further contribute to its
growth. Contact us at [ admin at lists dot nycbug dot org ].
</p>

<hr />


<strong>Date:</strong> <em>2004-07-07 02:36:29</em><br />
<strong>From:</strong> <em>WoOh</em><br />
<strong>Description:</strong> <em>~77Mhz p1 32SDRAM.</em><br />

<pre>
OpenBSD 3.5 (GENERIC) #34: Mon Mar 29 12:24:55 MST 2004
    xxx@xxx.xxx:/usr/src/sys/arch/i386/compile/GENERIC
cpu0: Intel Pentium (P54C) (&quot;GenuineIntel&quot; 586-class) 75 MHz
cpu0: FPU,V86,DE,PSE,TSC,MSR,MCE,CX8
cpu0: F00F bug workaround installed
real mem  = 33140736 (32364K)
avail mem = 24666112 (24088K)
using 430 buffers containing 1761280 bytes (1720K) of memory
mainbus0 (root)
bios0 at mainbus0: AT/286+(14) BIOS, date 05/01/98, BIOS32 rev. 0 @ 0xf2000
apm0 at bios0: Power Management spec V1.1
apm0: AC on, battery charge unknown
pcibios0 at bios0: rev. 2.1 @ 0xf2000/0x2000
pcibios0: PCI BIOS has 4 Interrupt Routing table entries
pcibios0: PCI Exclusive IRQs: 11
pcibios0: PCI Interrupt Router at 000:07:0 (&quot;Intel 82371SB ISA&quot; rev 0x00)
pcibios0: PCI bus #0 is the last bus
bios0: ROM list: 0xc0000/0x8000
pci0 at mainbus0 bus 0: configuration mode 1 (bios)
pchb0 at pci0 dev 0 function 0 &quot;Intel 82439HX&quot; rev 0x03
dc0 at pci0 dev 2 function 0 &quot;Accton EN2242&quot; rev 0x11: irq 11, address xx:xx:xx:xx:xx:xx
ukphy0 at dc0 phy 1: Generic IEEE 802.3u media interface
ukphy0: OUI 0x000895, model 0x0001, rev. 0
rl0 at pci0 dev 4 function 0 &quot;Realtek 8139&quot; rev 0x10: irq 11 address xx:xx:xx:xx:xx:xx
rlphy0 at rl0 phy 0: RTL internal phy
pcib0 at pci0 dev 7 function 0 &quot;Intel 82371SB ISA&quot; rev 0x01
pciide0 at pci0 dev 7 function 1 &quot;Intel 82371SB IDE&quot; rev 0x00: DMA, channel 0 wired to compatibility, channel 1 wired to compatibility
wd0 at pciide0 channel 0 drive 0: &lt;QUANTUM FIREBALLlct10 10&gt;
wd0: 16-sector PIO, LBA, 9787MB, 20044080 sectors
wd0(pciide0:0:0): using PIO mode 4, DMA mode 2
pciide0: channel 1 disabled (no drives)
vga1 at pci0 dev 15 function 0 &quot;Cirrus Logic CL-GD5436&quot; rev 0x00
wsdisplay0 at vga1: console (80x25, vt100 emulation)
wsdisplay0: screen 1-5 added (80x25, vt100 emulation)
isa0 at pcib0
isadma0 at isa0
pckbc0 at isa0 port 0x60/5
pckbd0 at pckbc0 (kbd slot)
pckbc0: using irq 1 for kbd slot
wskbd0 at pckbd0: console keyboard, using wsdisplay0
pcppi0 at isa0 port 0x61
midi0 at pcppi0: &lt;PC speaker&gt;
sysbeep0 at pcppi0
lpt0 at isa0 port 0x378/4 irq 7
npx0 at isa0 port 0xf0/16: using exception 16
pccom0 at isa0 port 0x3f8/8 irq 4: ns16550a, 16 byte fifo
fdc0 at isa0 port 0x3f0/6 irq 6 drq 2
biomask 4040 netmask 4840 ttymask 48c2
pctr: 586-class performance counters and user-level cycle counter enabled
dkcsum: wd0 matched BIOS disk 80
root on wd0a
rootdev=0x0 rrootdev=0x300 rawdev=0x302
arp info overwritten for xxx.xxx.xxx.xxx by xx:xx:xx:xx:xx:xx on rl0
</pre>



</div><!-- content -->
<br />
<div id="footer">
All comments/news/posts are the property of their individual owner and
is presented without warranty of suitability, and solely as an
informational resource. <br />
This site Copyright &copy; 2004-2020 NYC*BUG.
</div><!-- footer -->

</body>
</html>

