



<!doctype html>
<html lang="en">
<head>
<meta name="keywords"
	content="bsd, freebsd, openbsd, netbsd, dragonflybsd, nycbug, dmesgd" />
<meta name="description" content="New York City BSD User Group dmesgd" />
<meta charset="utf-8" />
<meta name="viewport" content="width=device-width, initial-scale=1" />
<title>NYC*BUG dmesgd</title>
<style>
body {
	text-align: left;
	margin: 15px auto;
	padding: 0px 10px;
}
@media (min-width: 800px) {
	body {
		max-width: 85%;
	}
}
#header {
	border-bottom: 1px solid #dbdbdb;
	font-size: 230%;
	text-align: left;
}
#footer {
	border-top: 1px solid #dbdbdb;
	clear: both;
	text-align: left;
}
.logo_bug {
	color: #cc0033;
}
#menu ul {
	list-style-type: none;
	margin: 0;
	padding: 0;
}
#menu li {
	float: left;
}
#menu li a {
	display: block;
	background-color: #dbdbdb;
	color: #000000;
	font-size: 105%;
	font-weight: bold;
	padding: 0px 6px 0px 6px;
	text-decoration: none;
}
#content {
	clear: both;
	text-align: left;
	padding-top: 10px;
}
#content h1 {
	font-size: 120%;
	font-weight: bold;
}
#content h2 {
	font-size: 110%;
	font-weight: bold;
}
#content a {
	text-decoration: none;
}
#content pre {
	background-color: #dbdbdb;
	padding: 5px 5px 5px 5px;
	white-space: pre-wrap;		/* css-3 */
	white-space: -moz-pre-wrap;	/* Mozilla, since 1999 */
	white-space: -pre-wrap;		/* Opera 4-6 */
	white-space: -o-pre-wrap;	/* Opera 7 */
	word-wrap: break-word;		/* Internet Explorer 5.5+ */
}
#content table {
	border-collapse: collapse;
}
#content table th {
	border: 1px solid #dbdbdb;
	font-size: 85%;
	white-space: nowrap;
}
#content table td {
	border: 1px solid #dbdbdb;
	font-size: 80%;
}
#content input {
	font-size: 1em;
}
#content .full	{ width: 100%; }
#content .left	{ text-align: left; }
#content .right	{ text-align: right; }
#content .center { text-align: center; }
#content .flexbox {
	display: -ms-flex;
	display: -webkit-flex;
	display: flex;
	width: 100%;
}
#content .left_col {
	min-width: 75px;
	max-width: 50%;
	flex-grow: 0;
}
#content .right_col {
	flex-grow: 1;
	margin-left: 10px;
	padding-top: 10px;
	padding-left: 10px;
}
#col {
	-moz-column-count: 3;
	-webkit-column-count: 3;
	column-count: 3;
}
</style>
</head>
<body>

<div id="header">
<strong><em>NYC*</em><span class="logo_bug">BUG</span> dmesgd</strong>
</div><!-- header -->

<div id="menu">
<ul>
<li><a href="https://dmesgd.nycbug.org/index.cgi?do=index">Home</a></li>
<li><a href="https://dmesgd.nycbug.org/index.cgi?do=submit">Submit</a></li>
<li><a href="https://www.nycbug.org/">NYC*BUG</a></li>
</ul>
</div><!-- menu -->

<div id="content">

<p>
Launched in 2004, dmesgd aims to provide a
<strong>user-submitted</strong> repository of searchable *BSD dmesgs.
The dmesg(8) command displays the system message buffer's content, and
during boot a copy is saved to <em>/var/run/dmesg.boot</em>.  This buffer
contains the operating system release, name and version, a list of
devices identified, plus a whole host of other useful information.  We
hope others find this resource useful and further contribute to its
growth. Contact us at [ admin at lists dot nycbug dot org ].
</p>

<hr />


<strong>Date:</strong> <em>2004-07-07 19:15:35</em><br />
<strong>From:</strong> <em>Athena</em><br />
<strong>Description:</strong> <em>Dell 1u w/ PERC</em><br />

<pre>
OpenBSD 3.5-stable (GENERIC) #0: Fri Jun 11 12:03:02 EDT 2004
    xxx@xxx.xxx:/usr/src/sys/arch/i386/compile/GENERIC
cpu0: Intel(R) Xeon(TM) CPU 2.40GHz (&quot;GenuineIntel&quot; 686-class) 2.39 GHz
cpu0: FPU,V86,DE,PSE,TSC,MSR,PAE,MCE,CX8,APIC,SEP,MTRR,PGE,MCA,CMOV,PAT,PSE36,CF
LUSH,ACPI,MMX,FXSR,SSE,SSE2,SS,HTT,TM,SBF,CNXT-ID
real mem  = 1073164288 (1048012K)
avail mem = 989777920 (966580K)
using 4278 buffers containing 53760000 bytes (52500K) of memory
mainbus0 (root)
bios0 at mainbus0: AT/286+(00) BIOS, date 10/02/03, BIOS32 rev. 0 @ 0xffe90
pcibios0 at bios0: rev. 2.1 @ 0xf0000/0x10000
pcibios0: PCI IRQ Routing Table rev. 1.0 @ 0xfc4a0/144 (7 entries)
pcibios0: no compatible PCI ICU found: ICU vendor 0x1166 product 0x0201
pcibios0: Warning, unable to fix up PCI interrupt routing
pcibios0: PCI bus #0 is the last bus
bios0: ROM list: 0xc0000/0x8000 0xc8000/0x1400 0xec000/0x4000!
pci0 at mainbus0 bus 0: configuration mode 1 (no bios)
pchb0 at pci0 dev 0 function 0 &quot;ServerWorks CNB20-HE&quot; rev 0x33
pchb1 at pci0 dev 0 function 1 &quot;ServerWorks CNB20-HE&quot; rev 0x00
pci1 at pchb1 bus 1
pchb2 at pci0 dev 0 function 2 &quot;ServerWorks CNB20-HE&quot; rev 0x00
pci2 at pchb2 bus 3
vga1 at pci0 dev 14 function 0 &quot;ATI Rage XL&quot; rev 0x27
wsdisplay0 at vga1: console (80x25, vt100 emulation)
wsdisplay0: screen 1-5 added (80x25, vt100 emulation)
pchb3 at pci0 dev 15 function 0 &quot;ServerWorks CSB5 SouthBridge&quot; rev 0x93
pciide0 at pci0 dev 15 function 1 &quot;ServerWorks CSB5 IDE&quot; rev 0x93: DMA
atapiscsi0 at pciide0 channel 1 drive 0
scsibus0 at atapiscsi0: 2 targets
cd0 at scsibus0 targ 0 lun 0: &lt;SAMSUNG, CD-ROM SN-124, N103&gt; SCSI0 5/cdrom remov
able
cd0(pciide0:1:0): using PIO mode 4, DMA mode 2, Ultra-DMA mode 2
ohci0 at pci0 dev 15 function 2 &quot;ServerWorks OSB4/CSB5 USB&quot; rev 0x05: irq 11, ve
rsion 1.0, legacy support
ohci0: SMM does not respond, resetting
usb0 at ohci0: USB revision 1.0
uhub0 at usb0
uhub0: ServerWorks OHCI root hub, class 9/0, rev 1.00/1.00, addr 1
uhub0: 4 ports with 4 removable, self powered
pcib0 at pci0 dev 15 function 3 &quot;ServerWorks CSB5 PCI&quot; rev 0x00
pchb4 at pci0 dev 16 function 0 &quot;ServerWorks CIOB-E&quot; rev 0x12
pchb5 at pci0 dev 16 function 2 &quot;ServerWorks CIOB-E&quot; rev 0x12
pci3 at pchb5 bus 2
bge0 at pci3 dev 0 function 0 &quot;Broadcom BCM5704C&quot; rev 0x02: irq 7: address: 00:0
f:1f:03:f4:97
brgphy0 at bge0 phy 1: BCM5704 10/100/1000baseTX PHY, rev. 0
bge1 at pci3 dev 0 function 1 &quot;Broadcom BCM5704C&quot; rev 0x02: irq 5: address: 00:0
f:1f:03:f4:98
brgphy1 at bge1 phy 1: BCM5704 10/100/1000baseTX PHY, rev. 0
pchb6 at pci0 dev 17 function 0 &quot;ServerWorks CIOBX2&quot; rev 0x05
pchb7 at pci0 dev 17 function 2 &quot;ServerWorks CIOBX2&quot; rev 0x05
pci4 at pchb7 bus 4
ami0 at pci4 dev 3 function 0 &quot;Dell PERC 4/Di Verde&quot; rev 0x02: irq 7 Dell 14a/32
b
ami0: FW 4.10, BIOS vB111, 128MB RAM
ami0: 2 channels, 0 FC loops, 1 logical drives
scsibus1 at ami0: 40 targets
sd0 at scsibus1 targ 0 lun 0: &lt;AMI, Host drive #00, &gt; SCSI2 0/direct fixed
sd0: 69758MB, 8892 cyl, 255 head, 63 sec, 512 bytes/sec, 142864384 sec total
isa0 at pcib0
isadma0 at isa0
pckbc0 at isa0 port 0x60/5
pckbd0 at pckbc0 (kbd slot)
pckbc0: using irq 1 for kbd slot
wskbd0 at pckbd0: console keyboard, using wsdisplay0
pcppi0 at isa0 port 0x61
midi0 at pcppi0: &lt;PC speaker&gt;
sysbeep0 at pcppi0
npx0 at isa0 port 0xf0/16: using exception 16
pccom0 at isa0 port 0x3f8/8 irq 4: ns16550a, 16 byte fifo
fdc0 at isa0 port 0x3f0/6 irq 6 drq 2
fd0 at fdc0 drive 0: 1.44MB 80 cyl, 2 head, 18 sec
biomask c8c0 netmask c8e0 ttymask c8e2
pctr: user-level cycle counter enabled
dkcsum: sd0 matched BIOS disk 80
root on sd0a
rootdev=0x400 rrootdev=0xd00 rawdev=0xd02
</pre>



</div><!-- content -->
<br />
<div id="footer">
All comments/news/posts are the property of their individual owner and
is presented without warranty of suitability, and solely as an
informational resource. <br />
This site Copyright &copy; 2004-2020 NYC*BUG.
</div><!-- footer -->

</body>
</html>

