



<!doctype html>
<html lang="en">
<head>
<meta name="keywords"
	content="bsd, freebsd, openbsd, netbsd, dragonflybsd, nycbug, dmesgd" />
<meta name="description" content="New York City BSD User Group dmesgd" />
<meta charset="utf-8" />
<meta name="viewport" content="width=device-width, initial-scale=1" />
<title>NYC*BUG dmesgd</title>
<style>
body {
	text-align: left;
	margin: 15px auto;
	padding: 0px 10px;
}
@media (min-width: 800px) {
	body {
		max-width: 85%;
	}
}
#header {
	border-bottom: 1px solid #dbdbdb;
	font-size: 230%;
	text-align: left;
}
#footer {
	border-top: 1px solid #dbdbdb;
	clear: both;
	text-align: left;
}
.logo_bug {
	color: #cc0033;
}
#menu ul {
	list-style-type: none;
	margin: 0;
	padding: 0;
}
#menu li {
	float: left;
}
#menu li a {
	display: block;
	background-color: #dbdbdb;
	color: #000000;
	font-size: 105%;
	font-weight: bold;
	padding: 0px 6px 0px 6px;
	text-decoration: none;
}
#content {
	clear: both;
	text-align: left;
	padding-top: 10px;
}
#content h1 {
	font-size: 120%;
	font-weight: bold;
}
#content h2 {
	font-size: 110%;
	font-weight: bold;
}
#content a {
	text-decoration: none;
}
#content pre {
	background-color: #dbdbdb;
	padding: 5px 5px 5px 5px;
	white-space: pre-wrap;		/* css-3 */
	white-space: -moz-pre-wrap;	/* Mozilla, since 1999 */
	white-space: -pre-wrap;		/* Opera 4-6 */
	white-space: -o-pre-wrap;	/* Opera 7 */
	word-wrap: break-word;		/* Internet Explorer 5.5+ */
}
#content table {
	border-collapse: collapse;
}
#content table th {
	border: 1px solid #dbdbdb;
	font-size: 85%;
	white-space: nowrap;
}
#content table td {
	border: 1px solid #dbdbdb;
	font-size: 80%;
}
#content input {
	font-size: 1em;
}
#content .full	{ width: 100%; }
#content .left	{ text-align: left; }
#content .right	{ text-align: right; }
#content .center { text-align: center; }
#content .flexbox {
	display: -ms-flex;
	display: -webkit-flex;
	display: flex;
	width: 100%;
}
#content .left_col {
	min-width: 75px;
	max-width: 50%;
	flex-grow: 0;
}
#content .right_col {
	flex-grow: 1;
	margin-left: 10px;
	padding-top: 10px;
	padding-left: 10px;
}
#col {
	-moz-column-count: 3;
	-webkit-column-count: 3;
	column-count: 3;
}
</style>
</head>
<body>

<div id="header">
<strong><em>NYC*</em><span class="logo_bug">BUG</span> dmesgd</strong>
</div><!-- header -->

<div id="menu">
<ul>
<li><a href="https://dmesgd.nycbug.org/index.cgi?do=index">Home</a></li>
<li><a href="https://dmesgd.nycbug.org/index.cgi?do=submit">Submit</a></li>
<li><a href="https://www.nycbug.org/">NYC*BUG</a></li>
</ul>
</div><!-- menu -->

<div id="content">

<p>
Launched in 2004, dmesgd aims to provide a
<strong>user-submitted</strong> repository of searchable *BSD dmesgs.
The dmesg(8) command displays the system message buffer's content, and
during boot a copy is saved to <em>/var/run/dmesg.boot</em>.  This buffer
contains the operating system release, name and version, a list of
devices identified, plus a whole host of other useful information.  We
hope others find this resource useful and further contribute to its
growth. Contact us at [ admin at lists dot nycbug dot org ].
</p>

<hr />


<strong>Date:</strong> <em>2004-07-14 00:04:51</em><br />
<strong>From:</strong> <em>Gustavo</em><br />
<strong>Description:</strong> <em>Home machine running everything under the sun.</em><br />

<pre>
OpenBSD 3.5-current (HADES) #34: Thu Jul  8 13:20:42 BRT 2004
    gustavo@hades:/usr/home/gustavo/cvs/src/sys/arch/i386/compile/HADES
cpu0: Intel Celeron (&quot;GenuineIntel&quot; 686-class, 128KB L2 cache) 417 MHz
cpu0: FPU,V86,DE,PSE,TSC,MSR,PAE,MCE,CX8,SEP,MTRR,PGE,MCA,CMOV,PAT,PSE36,MMX
,FXSR
real mem  = 402227200 (392800K)
avail mem = 368132096 (359504K)
using 4278 buffers containing 20213760 bytes (19740K) of memory
mainbus0 (root)
bios0 at mainbus0: AT/286+(b8) BIOS, date 07/04/00, BIOS32 rev. 0 @ 0xf04d0
pcibios0 at bios0: rev. 2.1 @ 0xf0000/0xd52
pcibios0: PCI IRQ Routing Table rev. 1.0 @ 0xf0cc0/144 (7 entries)
pcibios0: PCI Interrupt Router at 000:04:0 (&quot;Intel 82371FB ISA&quot; rev 0x00)
pcibios0: PCI bus #1 is the last bus
bios0: ROM list: 0xc0000/0x10000
cpu0 at mainbus0
pci0 at mainbus0 bus 0: configuration mode 1 (no bios)
pchb0 at pci0 dev 0 function 0 &quot;Intel 82443LX AGP&quot; rev 0x03
ppb0 at pci0 dev 1 function 0 &quot;Intel 82443LX AGP&quot; rev 0x03
pci1 at ppb0 bus 1
vga0 at pci1 dev 0 function 0 &quot;Nvidia Vanta&quot; rev 0x15
wsdisplay0 at vga0: console (80x25, vt100 emulation)
wsdisplay0: screen 1-5 added (80x25, vt100 emulation)
pcib0 at pci0 dev 4 function 0 &quot;Intel 82371AB PIIX4 ISA&quot; rev 0x01
pciide0 at pci0 dev 4 function 1 &quot;Intel 82371AB IDE&quot; rev 0x01: DMA, channel 
0 wired to compatibility, channel 1 wired to compatibility
wd0 at pciide0 channel 0 drive 0: &lt;QUANTUM FIREBALLlct20 20&gt;
wd0: 8-sector PIO, LBA, 19470MB, 39876480 sectors
wd1 at pciide0 channel 0 drive 1: &lt;SAMSUNG SV1022D&gt;
wd1: 16-sector PIO, LBA, 9732MB, 19931184 sectors
wd0(pciide0:0:0): using PIO mode 4, Ultra-DMA mode 2
wd1(pciide0:0:1): using PIO mode 4, Ultra-DMA mode 2
wd2 at pciide0 channel 1 drive 0: &lt;FUJITSU MPD3084AT&gt;
wd2: 16-sector PIO, LBA, 8063MB, 16514064 sectors
atapiscsi0 at pciide0 channel 1 drive 1
scsibus0 at atapiscsi0: 2 targets
cd0 at scsibus0 targ 0 lun 0: &lt;HL-DT-ST, RW/DVD GCC-4480B, 1.00&gt; SCSI0 5/cdr
om removable
wd2(pciide0:1:0): using PIO mode 4, Ultra-DMA mode 2
cd0(pciide0:1:1): using PIO mode 4, Ultra-DMA mode 2
uhci0 at pci0 dev 4 function 2 &quot;Intel 82371AB USB&quot; rev 0x01: irq 5
usb0 at uhci0: USB revision 1.0
uhub0 at usb0
uhub0: Intel UHCI root hub, class 9/0, rev 1.00/1.00, addr 1
uhub0: 2 ports with 2 removable, self powered
&quot;Intel 82371AB Power Mgmt&quot; rev 0x01 at pci0 dev 4 function 3 not configured
eap0 at pci0 dev 9 function 0 &quot;Ensoniq AudioPCI&quot; rev 0x01: irq 5
audio0 at eap0
bktr0 at pci0 dev 10 function 0 &quot;Brooktree BT878&quot; rev 0x11: irq 5
bktr0: Card has no configuration EEPROM. Cannot determine card make.
bktr0: IMS TV Turbo, Philips FR1236 NTSC FM tuner.
radio0 at bktr0
&quot;Brooktree BT878 Audio&quot; rev 0x11 at pci0 dev 10 function 1 not configured
fxp0 at pci0 dev 11 function 0 &quot;Intel 82557&quot; rev 0x05: irq 5, address 00:04:
ac:25:1d:1a
inphy0 at fxp0 phy 1: i82555 10/100 media interface, rev. 0
isa0 at pcib0
isadma0 at isa0
pckbc0 at isa0 port 0x60/5
pckbd0 at pckbc0 (kbd slot)
pckbc0: using irq 1 for kbd slot
wskbd0 at pckbd0: console keyboard, using wsdisplay0
pcppi0 at isa0 port 0x61
sysbeep0 at pcppi0
npx0 at isa0 port 0xf0/16: using exception 16
biomask fffd netmask fffd ttymask ffff
pctr: 686-class user-level performance counters enabled
mtrr: Pentium Pro MTRR support
root on wd0a
rootdev=0x0 rrootdev=0x300 rawdev=0x302
uhidev0 at uhub0 port 1 configuration 1 interface 0
uhidev0: KYE Systems Genius USB Wheel Mouse, rev 1.00/0.00, addr 2, iclass 3
/1
ums0 at uhidev0: 3 buttons and Z dir.
wsmouse0 at ums0
</pre>



</div><!-- content -->
<br />
<div id="footer">
All comments/news/posts are the property of their individual owner and
is presented without warranty of suitability, and solely as an
informational resource. <br />
This site Copyright &copy; 2004-2020 NYC*BUG.
</div><!-- footer -->

</body>
</html>

