



<!doctype html>
<html lang="en">
<head>
<meta name="keywords"
	content="bsd, freebsd, openbsd, netbsd, dragonflybsd, nycbug, dmesgd" />
<meta name="description" content="New York City BSD User Group dmesgd" />
<meta charset="utf-8" />
<meta name="viewport" content="width=device-width, initial-scale=1" />
<title>NYC*BUG dmesgd</title>
<style>
body {
	text-align: left;
	margin: 15px auto;
	padding: 0px 10px;
}
@media (min-width: 800px) {
	body {
		max-width: 85%;
	}
}
#header {
	border-bottom: 1px solid #dbdbdb;
	font-size: 230%;
	text-align: left;
}
#footer {
	border-top: 1px solid #dbdbdb;
	clear: both;
	text-align: left;
}
.logo_bug {
	color: #cc0033;
}
#menu ul {
	list-style-type: none;
	margin: 0;
	padding: 0;
}
#menu li {
	float: left;
}
#menu li a {
	display: block;
	background-color: #dbdbdb;
	color: #000000;
	font-size: 105%;
	font-weight: bold;
	padding: 0px 6px 0px 6px;
	text-decoration: none;
}
#content {
	clear: both;
	text-align: left;
	padding-top: 10px;
}
#content h1 {
	font-size: 120%;
	font-weight: bold;
}
#content h2 {
	font-size: 110%;
	font-weight: bold;
}
#content a {
	text-decoration: none;
}
#content pre {
	background-color: #dbdbdb;
	padding: 5px 5px 5px 5px;
	white-space: pre-wrap;		/* css-3 */
	white-space: -moz-pre-wrap;	/* Mozilla, since 1999 */
	white-space: -pre-wrap;		/* Opera 4-6 */
	white-space: -o-pre-wrap;	/* Opera 7 */
	word-wrap: break-word;		/* Internet Explorer 5.5+ */
}
#content table {
	border-collapse: collapse;
}
#content table th {
	border: 1px solid #dbdbdb;
	font-size: 85%;
	white-space: nowrap;
}
#content table td {
	border: 1px solid #dbdbdb;
	font-size: 80%;
}
#content input {
	font-size: 1em;
}
#content .full	{ width: 100%; }
#content .left	{ text-align: left; }
#content .right	{ text-align: right; }
#content .center { text-align: center; }
#content .flexbox {
	display: -ms-flex;
	display: -webkit-flex;
	display: flex;
	width: 100%;
}
#content .left_col {
	min-width: 75px;
	max-width: 50%;
	flex-grow: 0;
}
#content .right_col {
	flex-grow: 1;
	margin-left: 10px;
	padding-top: 10px;
	padding-left: 10px;
}
#col {
	-moz-column-count: 3;
	-webkit-column-count: 3;
	column-count: 3;
}
</style>
</head>
<body>

<div id="header">
<strong><em>NYC*</em><span class="logo_bug">BUG</span> dmesgd</strong>
</div><!-- header -->

<div id="menu">
<ul>
<li><a href="https://dmesgd.nycbug.org/index.cgi?do=index">Home</a></li>
<li><a href="https://dmesgd.nycbug.org/index.cgi?do=submit">Submit</a></li>
<li><a href="https://www.nycbug.org/">NYC*BUG</a></li>
</ul>
</div><!-- menu -->

<div id="content">

<p>
Launched in 2004, dmesgd aims to provide a
<strong>user-submitted</strong> repository of searchable *BSD dmesgs.
The dmesg(8) command displays the system message buffer's content, and
during boot a copy is saved to <em>/var/run/dmesg.boot</em>.  This buffer
contains the operating system release, name and version, a list of
devices identified, plus a whole host of other useful information.  We
hope others find this resource useful and further contribute to its
growth. Contact us at [ admin at lists dot nycbug dot org ].
</p>

<hr />


<strong>Date:</strong> <em>2004-07-18 17:15:22</em><br />
<strong>From:</strong> <em>chinfuzzy</em><br />
<strong>Description:</strong> <em>Pentium II, 233Mhz, file/email server</em><br />

<pre>
OpenBSD 2.9 (BLOOP) #16: Thu Jun  3 13:47:24 EDT 2004
    root@bloop:/usr/src/sys/arch/i386/compile/BLOOP
cpu0: Intel Pentium II (Klamath) (&quot;GenuineIntel&quot; 686-class, 512KB L2 cache) 266
MHz
cpu0: FPU,V86,DE,PSE,TSC,MSR,PAE,MCE,CX8,SYS,MTRR,PGE,MCA,CMOV,MMX
real mem  = 49917952 (48748K)
avail mem = 42491904 (41496K)
using 634 buffers containing 2596864 bytes (2536K) of memory
mainbus0 (root)
bios0 at mainbus0: AT/286+(43) BIOS, date 07/16/97, BIOS32 rev. 0 @ 0xf6dd0
apm0 at bios0: Power Management spec V1.2 (BIOS mgmt disabled)
apm0: AC on, battery charge unknown
pcibios0 at bios0: rev. 2.1 @ 0xf6d20/0x990
pcibios0: PCI BIOS has 6 Interrupt Routing table entries
pcibios0: PCI Exclusive IRQs: 9 10 11
pcibios0: PCI bus #0 is the last bus
bios0: ROM list: 0xc0000/0x8000 0xc8000/0x4800
pci0 at mainbus0 bus 0: configuration mode 1 (bios)
pchb0 at pci0 dev 0 function 0 &quot;Intel 82441FX&quot; rev 0x02
pcib0 at pci0 dev 4 function 0 &quot;Intel 82371SB PCI-ISA&quot; rev 0x01
pciide0 at pci0 dev 4 function 1 &quot;Intel 82371SB IDE&quot; rev 0x00: DMA, channel 0 wi
red to compatibility, channel 1 wired to compatibility
atapiscsi0 at pciide0 channel 1
scsibus0 at atapiscsi0: 2 targets
sd0 at scsibus0 targ 0 lun 0: &lt;IOMEGA, ZIP 250, 41.S&gt; SCSI0 0/direct removable
sd0: 239MB, 239 cyl, 64 head, 32 sec, 512 bytes/sec, 489532 sec total
cd0 at scsibus0 targ 1 lun 0: &lt;PHILIPS, PCRW804, 2,1&gt; SCSI0 5/cdrom removable
pciide0: channel 1 interrupting at irq 15
sd0(pciide0:1:0): using PIO mode 0, DMA mode 1
cd0(pciide0:1:1): using PIO mode 4, DMA mode 2
pciide0: channel 1 interrupting at irq 15
sd0(pciide0:1:0): using PIO mode 0, DMA mode 1
cd0(pciide0:1:1): using PIO mode 4, DMA mode 2
vga1 at pci0 dev 7 function 0 &quot;Matrox MGA Millennium II 2164W&quot; rev 0x00
wsdisplay0 at vga1: console (80x25, vt100 emulation)
wsdisplay0: screen 1-7 added (80x25, vt100 emulation)
de0 at pci0 dev 10 function 0 &quot;DEC DECchip 21041&quot; rev 0x21: irq 11
de0: 21041 [10Mb/s] pass 2.1 address xx:xx:xx:xx:xx:xx
ahc0 at pci0 dev 12 function 0 &quot;Adaptec AHA-2940U&quot; rev 0x01: irq 10
ahc0: Wide Channel A, SCSI Id=7, 16/255 SCBs
scsibus1 at ahc0: 16 targets
de0: enabling 10baseT port
ahc0: target 0 using 16bit transfers
ahc0: target 0 synchronous at 10.0MHz, offset = 0x8
sd1 at scsibus1 targ 0 lun 0: &lt;COMPAQPC, MAE3043LP, 5911&gt; SCSI2 0/direct fixed
sd1: 4094MB, 3708 cyl, 20 head, 113 sec, 512 bytes/sec, 8386000 sec total
ahc0: target 3 using 16bit transfers
ahc0: target 3 synchronous at 10.0MHz, offset = 0x8
sd2 at scsibus1 targ 3 lun 0: &lt;SEAGATE, ST19171W SUN9.0G, 0776&gt; SCSI2 0/direct f
ixed
sd2: 8637MB, 4926 cyl, 27 head, 133 sec, 512 bytes/sec, 17689267 sec total
ahc0: target 4 using 16bit transfers
ahc0: target 4 synchronous at 10.0MHz, offset = 0x8
sd3 at scsibus1 targ 4 lun 0: &lt;SEAGATE, ST39102LCSUN9.0G, 0828&gt; SCSI2 0/direct f
ixed
sd3: 8637MB, 4926 cyl, 27 head, 133 sec, 512 bytes/sec, 17689267 sec total
isa0 at pcib0
isadma0 at isa0
pckbc0 at isa0 port 0x60/5
pckbd0 at pckbc0 (kbd slot)
pckbc0: using irq 1 for kbd slot
wskbd0 at pckbd0: console keyboard, using wsdisplay0
pms0 at pckbc0 (aux slot)
pckbc0: using irq 12 for aux slot
wsmouse0 at pms0 mux 0
pcppi0 at isa0 port 0x61
spkr0 at pcppi0
midi0 at pcppi0: &lt;PC speaker&gt;
sysbeep0 at pcppi0
lpt0 at isa0 port 0x378/4 irq 7
npx0 at isa0 port 0xf0/16: using exception 16
pccom0 at isa0 port 0x3f8/8 irq 4: ns16550a, 16 byte fifo
pccom1 at isa0 port 0x2f8/8 irq 3: ns16550a, 16 byte fifo
fdc0 at isa0 port 0x3f0/6 irq 6 drq 2
fd0 at fdc0 drive 0: 1.44MB 80 cyl, 2 head, 18 sec
biomask 8440 netmask 8c40 ttymask 9cc2
pctr: 686-class user-level performance counters enabled
mtrr: Pentium Pro MTRR support
dkcsum: sd0 had no matching BIOS disk
dkcsum: sd1 matched BIOS disk 81
dkcsum: sd2 matched BIOS disk 80
dkcsum: sd3 matched BIOS disk 82
rootdev=0x420 rrootdev=0xd20 rawdev=0xd22
de0: enabling 10baseT port
de0: abnormal interrupt: receive process stopped
</pre>



</div><!-- content -->
<br />
<div id="footer">
All comments/news/posts are the property of their individual owner and
is presented without warranty of suitability, and solely as an
informational resource. <br />
This site Copyright &copy; 2004-2020 NYC*BUG.
</div><!-- footer -->

</body>
</html>

