



<!doctype html>
<html lang="en">
<head>
<meta name="keywords"
	content="bsd, freebsd, openbsd, netbsd, dragonflybsd, nycbug, dmesgd" />
<meta name="description" content="New York City BSD User Group dmesgd" />
<meta charset="utf-8" />
<meta name="viewport" content="width=device-width, initial-scale=1" />
<title>NYC*BUG dmesgd</title>
<style>
body {
	text-align: left;
	margin: 15px auto;
	padding: 0px 10px;
}
@media (min-width: 800px) {
	body {
		max-width: 85%;
	}
}
#header {
	border-bottom: 1px solid #dbdbdb;
	font-size: 230%;
	text-align: left;
}
#footer {
	border-top: 1px solid #dbdbdb;
	clear: both;
	text-align: left;
}
.logo_bug {
	color: #cc0033;
}
#menu ul {
	list-style-type: none;
	margin: 0;
	padding: 0;
}
#menu li {
	float: left;
}
#menu li a {
	display: block;
	background-color: #dbdbdb;
	color: #000000;
	font-size: 105%;
	font-weight: bold;
	padding: 0px 6px 0px 6px;
	text-decoration: none;
}
#content {
	clear: both;
	text-align: left;
	padding-top: 10px;
}
#content h1 {
	font-size: 120%;
	font-weight: bold;
}
#content h2 {
	font-size: 110%;
	font-weight: bold;
}
#content a {
	text-decoration: none;
}
#content pre {
	background-color: #dbdbdb;
	padding: 5px 5px 5px 5px;
	white-space: pre-wrap;		/* css-3 */
	white-space: -moz-pre-wrap;	/* Mozilla, since 1999 */
	white-space: -pre-wrap;		/* Opera 4-6 */
	white-space: -o-pre-wrap;	/* Opera 7 */
	word-wrap: break-word;		/* Internet Explorer 5.5+ */
}
#content table {
	border-collapse: collapse;
}
#content table th {
	border: 1px solid #dbdbdb;
	font-size: 85%;
	white-space: nowrap;
}
#content table td {
	border: 1px solid #dbdbdb;
	font-size: 80%;
}
#content input {
	font-size: 1em;
}
#content .full	{ width: 100%; }
#content .left	{ text-align: left; }
#content .right	{ text-align: right; }
#content .center { text-align: center; }
#content .flexbox {
	display: -ms-flex;
	display: -webkit-flex;
	display: flex;
	width: 100%;
}
#content .left_col {
	min-width: 75px;
	max-width: 50%;
	flex-grow: 0;
}
#content .right_col {
	flex-grow: 1;
	margin-left: 10px;
	padding-top: 10px;
	padding-left: 10px;
}
#col {
	-moz-column-count: 3;
	-webkit-column-count: 3;
	column-count: 3;
}
</style>
</head>
<body>

<div id="header">
<strong><em>NYC*</em><span class="logo_bug">BUG</span> dmesgd</strong>
</div><!-- header -->

<div id="menu">
<ul>
<li><a href="https://dmesgd.nycbug.org/index.cgi?do=index">Home</a></li>
<li><a href="https://dmesgd.nycbug.org/index.cgi?do=submit">Submit</a></li>
<li><a href="https://www.nycbug.org/">NYC*BUG</a></li>
</ul>
</div><!-- menu -->

<div id="content">

<p>
Launched in 2004, dmesgd aims to provide a
<strong>user-submitted</strong> repository of searchable *BSD dmesgs.
The dmesg(8) command displays the system message buffer's content, and
during boot a copy is saved to <em>/var/run/dmesg.boot</em>.  This buffer
contains the operating system release, name and version, a list of
devices identified, plus a whole host of other useful information.  We
hope others find this resource useful and further contribute to its
growth. Contact us at [ admin at lists dot nycbug dot org ].
</p>

<hr />


<strong>Date:</strong> <em>2004-08-12 00:49:12</em><br />
<strong>From:</strong> <em>George</em><br />
<strong>Description:</strong> <em>OpenBSD 3.6 on a VIA c3 M0000, with SATA controler</em><br />

<pre>
OpenBSD 3.6-beta (GENERIC) #7: Tue Aug 10 11:58:32 MDT 2004
    xxx@xxx.xxx:/usr/src/sys/arch/i386/compile/GENERIC
cpu0: VIA Nehemiah (&quot;CentaurHauls&quot; 686-class) 1 GHz
cpu0: FPU,DE,PSE,TSC,MSR,MTRR,PGE,CMOV,MMX,FXSR,SSE
cpu0: RNG
real mem  = 234397696 (228904K)
avail mem = 208576512 (203688K)
using 2886 buffers containing 11821056 bytes (11544K) of memory
mainbus0 (root)
bios0 at mainbus0: AT/286+(68) BIOS, date 12/11/03, BIOS32 rev. 0 @ 0xfb210
apm0 at bios0: Power Management spec V1.2
apm0: AC on, battery charge unknown
pcibios0 at bios0: rev 2.1 @ 0xf0000/0xdf44
pcibios0: PCI IRQ Routing Table rev 1.0 @ 0xfded0/112 (5 entries)
pcibios0: PCI Exclusive IRQs: 5 10 11
pcibios0: no compatible PCI ICU found
pcibios0: Warning, unable to fix up PCI interrupt routing
pcibios0: PCI bus #1 is the last bus
bios0: ROM list: 0xc0000/0xfa00 0xd0000/0x4800
cpu0 at mainbus0
pci0 at mainbus0 bus 0: configuration mode 1 (no bios)
pchb0 at pci0 dev 0 function 0 &quot;VIA VT8623 PCI&quot; rev 0x00
ppb0 at pci0 dev 1 function 0 &quot;VIA VT8633 AGP&quot; rev 0x00
pci1 at ppb0 bus 1
vga1 at pci1 dev 0 function 0 &quot;VIA CLE266&quot; rev 0x03: aperture at 0xd8000000, size 0x10000000
wsdisplay0 at vga1: console (80x25, vt100 emulation)
wsdisplay0: screen 1-5 added (80x25, vt100 emulation)
&quot;VIA VT6306 FireWire&quot; rev 0x80 at pci0 dev 13 function 0 not configured
uhci0 at pci0 dev 16 function 0 &quot;VIA VT83C572 USB&quot; rev 0x80: irq 11
usb0 at uhci0: USB revision 1.0
uhub0 at usb0
uhub0: VIA UHCI root hub, class 9/0, rev 1.00/1.00, addr 1
uhub0: 2 ports with 2 removable, self powered
uhci1 at pci0 dev 16 function 1 &quot;VIA VT83C572 USB&quot; rev 0x80: irq 10
usb1 at uhci1: USB revision 1.0
uhub1 at usb1
uhub1: VIA UHCI root hub, class 9/0, rev 1.00/1.00, addr 1
uhub1: 2 ports with 2 removable, self powered
uhci2 at pci0 dev 16 function 2 &quot;VIA VT83C572 USB&quot; rev 0x80: irq 5
usb2 at uhci2: USB revision 1.0
uhub2 at usb2
uhub2: VIA UHCI root hub, class 9/0, rev 1.00/1.00, addr 1
uhub2: 2 ports with 2 removable, self powered
ehci0 at pci0 dev 16 function 3 &quot;VIA VT6202 USB 2.0&quot; rev 0x82: irq 11
ehci0: EHCI version 1.0
ehci0: companion controllers, 2 ports each: uhci0 uhci1 uhci2
usb3 at ehci0: USB revision 2.0
uhub3 at usb3
uhub3: VIA EHCI root hub, class 9/0, rev 2.00/1.00, addr 1
uhub3: 6 ports with 6 removable, self powered
pcib0 at pci0 dev 17 function 0 &quot;VIA VT8235 ISA&quot; rev 0x00
pciide0 at pci0 dev 17 function 1 &quot;VIA VT82C571 IDE&quot; rev 0x06: ATA133, channel 0 configured to compatibility, channel 1 configured to compatibility
wd0 at pciide0 channel 0 drive 0: &lt;IC35L060AVV207-0&gt;
wd0: 16-sector PIO, LBA48, 58644MB, 120103200 sectors
wd0(pciide0:0:0): using PIO mode 4, Ultra-DMA mode 5
atapiscsi0 at pciide0 channel 1 drive 0
scsibus0 at atapiscsi0: 2 targets
cd0 at scsibus0 targ 0 lun 0: &lt;E-IDE, CD-ROM 50X L, 15&gt; SCSI0 5/cdrom removable
cd0(pciide0:1:0): using PIO mode 4, Ultra-DMA mode 2
auvia0 at pci0 dev 17 function 5 &quot;VIA VT8233 AC97&quot; rev 0x50: irq 5
ac97: codec id 0x49434552 (ICEnsemble &lt;52&gt;)
ac97: codec features headphone, 18 bit DAC, 18 bit ADC, KS Waves 3D
audio0 at auvia0
vr0 at pci0 dev 18 function 0 &quot;VIA RhineII-2&quot; rev 0x74: irq 11 address xx:xx:xx:xx:xx:xx
ukphy0 at vr0 phy 1: Generic IEEE 802.3u media interface
ukphy0: OUI 0x004063, model 0x0032, rev. 8
pciide1 at pci0 dev 20 function 0 &quot;CMD Technology SiI3112 SATA&quot; rev 0x02: DMA, channel 0 wired to native-PCI, channel 1 wired to native-PCI
pciide1: using irq 10 for native-PCI interrupt
wd1 at pciide1 channel 0 drive 0: &lt;ST3160023AS&gt;
wd1: 16-sector PIO, LBA48, 152627MB, 312581808 sectors
wd1(pciide1:0:0): using PIO mode 4, Ultra-DMA mode 5
isa0 at pcib0
isadma0 at isa0
pckbc0 at isa0 port 0x60/5
pckbd0 at pckbc0 (kbd slot)
pckbc0: using irq 1 for kbd slot
wskbd0 at pckbd0: console keyboard, using wsdisplay0
pms0 at pckbc0 (aux slot)
pckbc0: using irq 12 for aux slot
wsmouse0 at pms0 mux 0
pcppi0 at isa0 port 0x61
midi0 at pcppi0: &lt;PC speaker&gt;
sysbeep0 at pcppi0
lpt0 at isa0 port 0x378/4 irq 7
npx0 at isa0 port 0xf0/16: using exception 16
pccom0 at isa0 port 0x3f8/8 irq 4: ns16550a, 16 byte fifo
pccom1 at isa0 port 0x2f8/8 irq 3: ns16550a, 16 byte fifo
biomask ef65 netmask ef65 ttymask ffe7
pctr: user-level cycle counter enabled
dkcsum: wd0 matched BIOS disk 80
wd1: no disk label
dkcsum: wd1 matched BIOS disk 81
root on wd0a
rootdev=0x0 rrootdev=0x300 rawdev=0x302
</pre>



</div><!-- content -->
<br />
<div id="footer">
All comments/news/posts are the property of their individual owner and
is presented without warranty of suitability, and solely as an
informational resource. <br />
This site Copyright &copy; 2004-2020 NYC*BUG.
</div><!-- footer -->

</body>
</html>

