



<!doctype html>
<html lang="en">
<head>
<meta name="keywords"
	content="bsd, freebsd, openbsd, netbsd, dragonflybsd, nycbug, dmesgd" />
<meta name="description" content="New York City BSD User Group dmesgd" />
<meta charset="utf-8" />
<meta name="viewport" content="width=device-width, initial-scale=1" />
<title>NYC*BUG dmesgd</title>
<style>
body {
	text-align: left;
	margin: 15px auto;
	padding: 0px 10px;
}
@media (min-width: 800px) {
	body {
		max-width: 85%;
	}
}
#header {
	border-bottom: 1px solid #dbdbdb;
	font-size: 230%;
	text-align: left;
}
#footer {
	border-top: 1px solid #dbdbdb;
	clear: both;
	text-align: left;
}
.logo_bug {
	color: #cc0033;
}
#menu ul {
	list-style-type: none;
	margin: 0;
	padding: 0;
}
#menu li {
	float: left;
}
#menu li a {
	display: block;
	background-color: #dbdbdb;
	color: #000000;
	font-size: 105%;
	font-weight: bold;
	padding: 0px 6px 0px 6px;
	text-decoration: none;
}
#content {
	clear: both;
	text-align: left;
	padding-top: 10px;
}
#content h1 {
	font-size: 120%;
	font-weight: bold;
}
#content h2 {
	font-size: 110%;
	font-weight: bold;
}
#content a {
	text-decoration: none;
}
#content pre {
	background-color: #dbdbdb;
	padding: 5px 5px 5px 5px;
	white-space: pre-wrap;		/* css-3 */
	white-space: -moz-pre-wrap;	/* Mozilla, since 1999 */
	white-space: -pre-wrap;		/* Opera 4-6 */
	white-space: -o-pre-wrap;	/* Opera 7 */
	word-wrap: break-word;		/* Internet Explorer 5.5+ */
}
#content table {
	border-collapse: collapse;
}
#content table th {
	border: 1px solid #dbdbdb;
	font-size: 85%;
	white-space: nowrap;
}
#content table td {
	border: 1px solid #dbdbdb;
	font-size: 80%;
}
#content input {
	font-size: 1em;
}
#content .full	{ width: 100%; }
#content .left	{ text-align: left; }
#content .right	{ text-align: right; }
#content .center { text-align: center; }
#content .flexbox {
	display: -ms-flex;
	display: -webkit-flex;
	display: flex;
	width: 100%;
}
#content .left_col {
	min-width: 75px;
	max-width: 50%;
	flex-grow: 0;
}
#content .right_col {
	flex-grow: 1;
	margin-left: 10px;
	padding-top: 10px;
	padding-left: 10px;
}
#col {
	-moz-column-count: 3;
	-webkit-column-count: 3;
	column-count: 3;
}
</style>
</head>
<body>

<div id="header">
<strong><em>NYC*</em><span class="logo_bug">BUG</span> dmesgd</strong>
</div><!-- header -->

<div id="menu">
<ul>
<li><a href="https://dmesgd.nycbug.org/index.cgi?do=index">Home</a></li>
<li><a href="https://dmesgd.nycbug.org/index.cgi?do=submit">Submit</a></li>
<li><a href="https://www.nycbug.org/">NYC*BUG</a></li>
</ul>
</div><!-- menu -->

<div id="content">

<p>
Launched in 2004, dmesgd aims to provide a
<strong>user-submitted</strong> repository of searchable *BSD dmesgs.
The dmesg(8) command displays the system message buffer's content, and
during boot a copy is saved to <em>/var/run/dmesg.boot</em>.  This buffer
contains the operating system release, name and version, a list of
devices identified, plus a whole host of other useful information.  We
hope others find this resource useful and further contribute to its
growth. Contact us at [ admin at lists dot nycbug dot org ].
</p>

<hr />


<strong>Date:</strong> <em>2004-08-25 05:10:19</em><br />
<strong>From:</strong> <em>andrewh</em><br />
<strong>Description:</strong> <em>OpenBSD 3.5-Stable on IBM Thinkpad 560x</em><br />

<pre>
OpenBSD 3.5-stable (GENERIC) #0: Tue Aug 10 16:35:11 BST 2004
    xxx@xxx.xxx:/usr/src/sys/arch/i386/compile/GENERIC
cpu0: Intel Pentium/MMX (&quot;GenuineIntel&quot; 586-class) 232 MHz
cpu0: FPU,V86,DE,PSE,TSC,MSR,MCE,CX8,MMX
cpu0: F00F bug workaround installed
real mem  = 100052992 (97708K)
avail mem = 86564864 (84536K)
using 1246 buffers containing 5103616 bytes (4984K) of memory
mainbus0 (root)
bios0 at mainbus0: AT/286+(76) BIOS, date 12/17/99, BIOS32 rev. 0 @ 0xfd820
apm0 at bios0: Power Management spec V1.2
apm0: battery life expectancy 100%
apm0: AC on, battery charge high
pcibios0 at bios0: rev. 2.1 @ 0xfd880/0x800
pcibios0: PCI IRQ Routing Table rev. 1.0 @ 0xfcc40/96 (4 entries)
pcibios0: PCI Exclusive IRQs: 11
pcibios0: PCI Interrupt Router at 000:01:0 (&quot;Intel 82371AB PIIX4 ISA&quot; rev 0x00)
pcibios0: PCI bus #2 is the last bus
bios0: ROM list: 0xc0000/0xa000
pci0 at mainbus0 bus 0: configuration mode 1 (bios)
pchb0 at pci0 dev 0 function 0 &quot;Intel 82439TX System&quot; rev 0x01
pcib0 at pci0 dev 1 function 0 &quot;Intel 82371AB PIIX4 ISA&quot; rev 0x01
pciide0 at pci0 dev 1 function 1 &quot;Intel 82371AB IDE&quot; rev 0x01: DMA, channel 0 wired to compatibility, channel 1 wired to compa
tibility
wd0 at pciide0 channel 0 drive 0: &lt;IBM-DBCA-206480&gt;
wd0: 16-sector PIO, LBA, 6194MB, 12685680 sectors
wd0(pciide0:0:0): using PIO mode 4, Ultra-DMA mode 1
pciide0: channel 1 ignored (disabled)
uhci0 at pci0 dev 1 function 2 &quot;Intel 82371AB USB&quot; rev 0x01: irq 11
usb0 at uhci0: USB revision 1.0
uhub0 at usb0
uhub0: Intel UHCI root hub, class 9/0, rev 1.00/1.00, addr 1
uhub0: 2 ports with 2 removable, self powered
&quot;Intel 82371AB Power Mgmt&quot; rev 0x01 at pci0 dev 1 function 3 not configured
cbb0 at pci0 dev 2 function 0 &quot;Texas Instruments PCI1250 CardBus&quot; rev 0x02: irq 11
cbb1 at pci0 dev 2 function 1 &quot;Texas Instruments PCI1250 CardBus&quot; rev 0x02: irq 11
vga1 at pci0 dev 3 function 0 &quot;Neomagic Magicgraph NM2160&quot; rev 0x00
wsdisplay0 at vga1: console (80x25, vt100 emulation)
wsdisplay0: screen 1-5 added (80x25, vt100 emulation)
isa0 at pcib0
isadma0 at isa0
pckbc0 at isa0 port 0x60/5
pckbd0 at pckbc0 (kbd slot)
pckbc0: using irq 1 for kbd slot
wskbd0 at pckbd0: console keyboard, using wsdisplay0
pms0 at pckbc0 (aux slot)
pckbc0: using irq 12 for aux slot
wsmouse0 at pms0 mux 0
sb0 at isa0 port 0x220/24 irq 5 drq 1: dsp v3.02
midi0 at sb0: &lt;SB MIDI UART&gt;
audio0 at sb0
opl0 at sb0: model OPL3
midi1 at opl0: &lt;SB Yamaha OPL3&gt;
pcppi0 at isa0 port 0x61
midi2 at pcppi0: &lt;PC speaker&gt;
sysbeep0 at pcppi0
lpt2 at isa0 port 0x3bc/4: polled
npx0 at isa0 port 0xf0/16: using exception 16
pccom0 at isa0 port 0x3f8/8 irq 4: ns16550a, 16 byte fifo
fdc0 at isa0 port 0x3f0/6 irq 6 drq 2
cardslot0 at cbb0 slot 0 flags 0
cardbus0 at cardslot0: bus 1 device 0 cacheline 0x8, lattimer 0xb0
pcmcia0 at cardslot0
cardslot1 at cbb1 slot 1 flags 0
cardbus1 at cardslot1: bus 2 device 0 cacheline 0x8, lattimer 0xb0
pcmcia1 at cardslot1
biomask 4840 netmask 4840 ttymask 5842
pctr: 586-class performance counters and user-level cycle counter enabled
dkcsum: wd0 matched BIOS disk 80
root on wd0a
rootdev=0x0 rrootdev=0x300 rawdev=0x302
an0 at pcmcia1 function 0 &quot;Cisco Systems, 350 Series Wireless LAN Adapter&quot;: address xx:xx:xx:xx:xx:xx
</pre>



</div><!-- content -->
<br />
<div id="footer">
All comments/news/posts are the property of their individual owner and
is presented without warranty of suitability, and solely as an
informational resource. <br />
This site Copyright &copy; 2004-2020 NYC*BUG.
</div><!-- footer -->

</body>
</html>

