



<!doctype html>
<html lang="en">
<head>
<meta name="keywords"
	content="bsd, freebsd, openbsd, netbsd, dragonflybsd, nycbug, dmesgd" />
<meta name="description" content="New York City BSD User Group dmesgd" />
<meta charset="utf-8" />
<meta name="viewport" content="width=device-width, initial-scale=1" />
<title>NYC*BUG dmesgd</title>
<style>
body {
	text-align: left;
	margin: 15px auto;
	padding: 0px 10px;
}
@media (min-width: 800px) {
	body {
		max-width: 85%;
	}
}
#header {
	border-bottom: 1px solid #dbdbdb;
	font-size: 230%;
	text-align: left;
}
#footer {
	border-top: 1px solid #dbdbdb;
	clear: both;
	text-align: left;
}
.logo_bug {
	color: #cc0033;
}
#menu ul {
	list-style-type: none;
	margin: 0;
	padding: 0;
}
#menu li {
	float: left;
}
#menu li a {
	display: block;
	background-color: #dbdbdb;
	color: #000000;
	font-size: 105%;
	font-weight: bold;
	padding: 0px 6px 0px 6px;
	text-decoration: none;
}
#content {
	clear: both;
	text-align: left;
	padding-top: 10px;
}
#content h1 {
	font-size: 120%;
	font-weight: bold;
}
#content h2 {
	font-size: 110%;
	font-weight: bold;
}
#content a {
	text-decoration: none;
}
#content pre {
	background-color: #dbdbdb;
	padding: 5px 5px 5px 5px;
	white-space: pre-wrap;		/* css-3 */
	white-space: -moz-pre-wrap;	/* Mozilla, since 1999 */
	white-space: -pre-wrap;		/* Opera 4-6 */
	white-space: -o-pre-wrap;	/* Opera 7 */
	word-wrap: break-word;		/* Internet Explorer 5.5+ */
}
#content table {
	border-collapse: collapse;
}
#content table th {
	border: 1px solid #dbdbdb;
	font-size: 85%;
	white-space: nowrap;
}
#content table td {
	border: 1px solid #dbdbdb;
	font-size: 80%;
}
#content input {
	font-size: 1em;
}
#content .full	{ width: 100%; }
#content .left	{ text-align: left; }
#content .right	{ text-align: right; }
#content .center { text-align: center; }
#content .flexbox {
	display: -ms-flex;
	display: -webkit-flex;
	display: flex;
	width: 100%;
}
#content .left_col {
	min-width: 75px;
	max-width: 50%;
	flex-grow: 0;
}
#content .right_col {
	flex-grow: 1;
	margin-left: 10px;
	padding-top: 10px;
	padding-left: 10px;
}
#col {
	-moz-column-count: 3;
	-webkit-column-count: 3;
	column-count: 3;
}
</style>
</head>
<body>

<div id="header">
<strong><em>NYC*</em><span class="logo_bug">BUG</span> dmesgd</strong>
</div><!-- header -->

<div id="menu">
<ul>
<li><a href="https://dmesgd.nycbug.org/index.cgi?do=index">Home</a></li>
<li><a href="https://dmesgd.nycbug.org/index.cgi?do=submit">Submit</a></li>
<li><a href="https://www.nycbug.org/">NYC*BUG</a></li>
</ul>
</div><!-- menu -->

<div id="content">

<p>
Launched in 2004, dmesgd aims to provide a
<strong>user-submitted</strong> repository of searchable *BSD dmesgs.
The dmesg(8) command displays the system message buffer's content, and
during boot a copy is saved to <em>/var/run/dmesg.boot</em>.  This buffer
contains the operating system release, name and version, a list of
devices identified, plus a whole host of other useful information.  We
hope others find this resource useful and further contribute to its
growth. Contact us at [ admin at lists dot nycbug dot org ].
</p>

<hr />


<strong>Date:</strong> <em>2004-09-22 13:22:14</em><br />
<strong>From:</strong> <em>JAWA</em><br />
<strong>Description:</strong> <em>Gateway IDT Winchip2-200/32mb running OpenBSD-3.5</em><br />

<pre>
OpenBSD 3.5 (GENERIC) #34: Mon Mar 29 12:24:55 MST 2004
    xxx@xxx.xxx:/usr/src/sys/arch/i386/compile/GENERIC
cpu0: IDT WinChip 2-3D (&quot;CentaurHauls&quot; 586-class) 200 MHz
cpu0: FPU,DE,TSC,MSR,MCE,MMX,PNI,TM2,CNXT-ID
real mem  = 33140736 (32364K)
avail mem = 24674304 (24096K)
using 430 buffers containing 1761280 bytes (1720K) of memory
mainbus0 (root)
bios0 at mainbus0: AT/286+(60) BIOS, date 05/08/97, BIOS32 rev. 0 @ 0xfb000
apm0 at bios0: Power Management spec V1.2
apm0: AC on, battery charge unknown
pcibios0 at bios0: rev. 2.1 @ 0xf0000/0xb4bc
pcibios0: PCI BIOS has 6 Interrupt Routing table entries
pcibios0: PCI Interrupt Router at 000:07:0 (&quot;Intel 82371AB PIIX4 ISA&quot; rev 0x00)
pcibios0: PCI bus #0 is the last bus
bios0: ROM list: 0xc0000/0x8000 0xc8000/0x800 0xc9000/0x1800
pci0 at mainbus0 bus 0: configuration mode 1 (bios)
pchb0 at pci0 dev 0 function 0 &quot;Intel 82439TX System&quot; rev 0x01
pcib0 at pci0 dev 7 function 0 &quot;Intel 82371AB PIIX4 ISA&quot; rev 0x01
pciide0 at pci0 dev 7 function 1 &quot;Intel 82371AB IDE&quot; rev 0x01: DMA, channel 0 wi
red to compatibility, channel 1 wired to compatibility
wd0 at pciide0 channel 0 drive 0: &lt;WDC AC2850F&gt;
wd0: 16-sector PIO, LBA, 814MB, 1667232 sectors
atapiscsi0 at pciide0 channel 0 drive 1
scsibus0 at atapiscsi0: 2 targets
cd0 at scsibus0 targ 0 lun 0: &lt;ATAPI, CD-ROM 44X, T4C2&gt; SCSI0 5/cdrom removable
wd0(pciide0:0:0): using PIO mode 0, DMA mode 1
cd0(pciide0:0:1): using PIO mode 4, Ultra-DMA mode 2
pciide0: channel 1 ignored (disabled)
uhci0 at pci0 dev 7 function 2 &quot;Intel 82371AB USB&quot; rev 0x01: irq 15
usb0 at uhci0: USB revision 1.0
uhub0 at usb0
uhub0: Intel UHCI root hub, class 9/0, rev 1.00/1.00, addr 1
uhub0: 2 ports with 2 removable, self powered
&quot;Intel 82371AB Power Mgmt&quot; rev 0x01 at pci0 dev 7 function 3 not configured
fxp0 at pci0 dev 17 function 0 &quot;Intel 82557&quot; rev 0x02: irq 15, address 00:60:94:
25:b4:73
inphy0 at fxp0 phy 1: i82555 10/100 media interface, rev. 0
fxp1 at pci0 dev 18 function 0 &quot;Intel 82557&quot; rev 0x05: irq 5, address 00:08:c7:7
9:42:36
inphy1 at fxp1 phy 1: i82555 10/100 media interface, rev. 0
fxp2 at pci0 dev 19 function 0 &quot;Intel 82557&quot; rev 0x08: irq 12, address 00:02:55:
32:25:f3
inphy2 at fxp2 phy 1: i82555 10/100 media interface, rev. 4
ne3 at pci0 dev 20 function 0 &quot;Realtek 8029&quot; rev 0x00: irq 11
ne3: address xx:xx:xx:xx:xx:xx
isa0 at pcib0
isadma0 at isa0
pckbc0 at isa0 port 0x60/5
pckbd0 at pckbc0 (kbd slot)
pckbc0: using irq 1 for kbd slot
wskbd0 at pckbd0: console keyboard
vga0 at isa0 port 0x3b0/48 iomem 0xa0000/131072
wsdisplay0 at vga0: console (80x25, vt100 emulation), using wskbd0
wsdisplay0: screen 1-5 added (80x25, vt100 emulation)
we1 at isa0 port 0x300/32 iomem 0xcc000/16384 irq 10: SMC8216/SMC8216C (16-bit)
we1: address xx:xx:xx:xx:xx:xx
pcppi0 at isa0 port 0x61
midi0 at pcppi0: &lt;PC speaker&gt;
sysbeep0 at pcppi0
npx0 at isa0 port 0xf0/16: using exception 16
biomask c000 netmask dc20 ttymask dc22
pctr: user-level cycle counter enabled
dkcsum: wd0 matched BIOS disk 80
root on wd0a
rootdev=0x0 rrootdev=0x300 rawdev=0x302
</pre>



</div><!-- content -->
<br />
<div id="footer">
All comments/news/posts are the property of their individual owner and
is presented without warranty of suitability, and solely as an
informational resource. <br />
This site Copyright &copy; 2004-2020 NYC*BUG.
</div><!-- footer -->

</body>
</html>

