



<!doctype html>
<html lang="en">
<head>
<meta name="keywords"
	content="bsd, freebsd, openbsd, netbsd, dragonflybsd, nycbug, dmesgd" />
<meta name="description" content="New York City BSD User Group dmesgd" />
<meta charset="utf-8" />
<meta name="viewport" content="width=device-width, initial-scale=1" />
<title>NYC*BUG dmesgd</title>
<style>
body {
	text-align: left;
	margin: 15px auto;
	padding: 0px 10px;
}
@media (min-width: 800px) {
	body {
		max-width: 85%;
	}
}
#header {
	border-bottom: 1px solid #dbdbdb;
	font-size: 230%;
	text-align: left;
}
#footer {
	border-top: 1px solid #dbdbdb;
	clear: both;
	text-align: left;
}
.logo_bug {
	color: #cc0033;
}
#menu ul {
	list-style-type: none;
	margin: 0;
	padding: 0;
}
#menu li {
	float: left;
}
#menu li a {
	display: block;
	background-color: #dbdbdb;
	color: #000000;
	font-size: 105%;
	font-weight: bold;
	padding: 0px 6px 0px 6px;
	text-decoration: none;
}
#content {
	clear: both;
	text-align: left;
	padding-top: 10px;
}
#content h1 {
	font-size: 120%;
	font-weight: bold;
}
#content h2 {
	font-size: 110%;
	font-weight: bold;
}
#content a {
	text-decoration: none;
}
#content pre {
	background-color: #dbdbdb;
	padding: 5px 5px 5px 5px;
	white-space: pre-wrap;		/* css-3 */
	white-space: -moz-pre-wrap;	/* Mozilla, since 1999 */
	white-space: -pre-wrap;		/* Opera 4-6 */
	white-space: -o-pre-wrap;	/* Opera 7 */
	word-wrap: break-word;		/* Internet Explorer 5.5+ */
}
#content table {
	border-collapse: collapse;
}
#content table th {
	border: 1px solid #dbdbdb;
	font-size: 85%;
	white-space: nowrap;
}
#content table td {
	border: 1px solid #dbdbdb;
	font-size: 80%;
}
#content input {
	font-size: 1em;
}
#content .full	{ width: 100%; }
#content .left	{ text-align: left; }
#content .right	{ text-align: right; }
#content .center { text-align: center; }
#content .flexbox {
	display: -ms-flex;
	display: -webkit-flex;
	display: flex;
	width: 100%;
}
#content .left_col {
	min-width: 75px;
	max-width: 50%;
	flex-grow: 0;
}
#content .right_col {
	flex-grow: 1;
	margin-left: 10px;
	padding-top: 10px;
	padding-left: 10px;
}
#col {
	-moz-column-count: 3;
	-webkit-column-count: 3;
	column-count: 3;
}
</style>
</head>
<body>

<div id="header">
<strong><em>NYC*</em><span class="logo_bug">BUG</span> dmesgd</strong>
</div><!-- header -->

<div id="menu">
<ul>
<li><a href="https://dmesgd.nycbug.org/index.cgi?do=index">Home</a></li>
<li><a href="https://dmesgd.nycbug.org/index.cgi?do=submit">Submit</a></li>
<li><a href="https://www.nycbug.org/">NYC*BUG</a></li>
</ul>
</div><!-- menu -->

<div id="content">

<p>
Launched in 2004, dmesgd aims to provide a
<strong>user-submitted</strong> repository of searchable *BSD dmesgs.
The dmesg(8) command displays the system message buffer's content, and
during boot a copy is saved to <em>/var/run/dmesg.boot</em>.  This buffer
contains the operating system release, name and version, a list of
devices identified, plus a whole host of other useful information.  We
hope others find this resource useful and further contribute to its
growth. Contact us at [ admin at lists dot nycbug dot org ].
</p>

<hr />


<strong>Date:</strong> <em>2005-03-05 12:01:11</em><br />
<strong>From:</strong> <em>mfl</em><br />
<strong>Description:</strong> <em>hp vectra D9820-60011 PIII 800</em><br />

<pre>
OpenBSD 3.6 (GENERIC) #0: Tue Mar  1 20:11:29 CET 2005
    xxx@xxx.xxx:/usr/src/sys/arch/i386/compile/GENERIC
cpu0: Intel Pentium III (&quot;GenuineIntel&quot; 686-class) 864 MHz
cpu0: FPU,V86,DE,PSE,TSC,MSR,PAE,MCE,CX8,SEP,MTRR,PGE,MCA,CMOV,PAT,PSE36,MMX,FXSR,SSE
real mem  = 535339008 (522792K)
avail mem = 481525760 (470240K)
using 4278 buffers containing 26869760 bytes (26240K) of memory
mainbus0 (root)
bios0 at mainbus0: AT/286+(f2) BIOS, date 04/11/01, BIOS32 rev. 0 @ 0xfd87d
apm0 at bios0: Power Management spec V1.2
apm0: AC on, battery charge unknown
pcibios0 at bios0: rev 2.1 @ 0xfd810/0x7f0
pcibios0: PCI IRQ Routing Table rev 1.0 @ 0xfdf30/176 (9 entries)
pcibios0: PCI Interrupt Router at 000:31:0 (&quot;Intel 82371FB ISA&quot; rev 0x00)
pcibios0: PCI bus #1 is the last bus
bios0: ROM list: 0xc0000/0xa000 0xe0000/0x4000! 0xe4000/0xc000!
cpu0 at mainbus0
pci0 at mainbus0 bus 0: configuration mode 1 (no bios)
pchb0 at pci0 dev 0 function 0 &quot;Intel 82815 Hub&quot; rev 0x02
vga1 at pci0 dev 2 function 0 &quot;Intel 82815 Graphics&quot; rev 0x02: aperture at 0xf0000000, size 0x4000000
wsdisplay0 at vga1: console (80x25, vt100 emulation)
wsdisplay0: screen 1-5 added (80x25, vt100 emulation)
ppb0 at pci0 dev 30 function 0 &quot;Intel 82801AA Hub-to-PCI&quot; rev 0x02
pci1 at ppb0 bus 1
fwohci0 at pci1 dev 2 function 0 &quot;AT&amp;T/Lucent FW322 1394&quot; rev 0x61: irq 9
fwohci0: OHCI 1.0, xx:xx:xx:xx:xx:xx:34:26, 400Mb/s, 2048 max_rec, 8 iso_ctx
xl0 at pci1 dev 4 function 0 &quot;3Com 3c905C 100Base-TX&quot; rev 0x78: irq 7, address xx:xx:xx:xx:xx:xx
exphy0 at xl0 phy 24: 3Com internal media interface
ichpcib0 at pci0 dev 31 function 0 &quot;Intel 82801AA LPC&quot; rev 0x02
pciide0 at pci0 dev 31 function 1 &quot;Intel 82801AA IDE&quot; rev 0x02: DMA, channel 0 wired to compatibility, channel 1 wired to compatibility
wd0 at pciide0 channel 0 drive 0: &lt;WDC WD200BB-60CJA0&gt;
wd0: 16-sector PIO, LBA, 19092MB, 39102336 sectors
wd0(pciide0:0:0): using PIO mode 4, Ultra-DMA mode 4
pciide0: channel 1 disabled (no drives)
uhci0 at pci0 dev 31 function 2 &quot;Intel 82801AA USB&quot; rev 0x02: irq 11
usb0 at uhci0: USB revision 1.0
uhub0 at usb0
uhub0: Intel UHCI root hub, class 9/0, rev 1.00/1.00, addr 1
uhub0: 2 ports with 2 removable, self powered
&quot;Intel 82801AA SMBus&quot; rev 0x02 at pci0 dev 31 function 3 not configured
auich0 at pci0 dev 31 function 5 &quot;Intel 82801AA AC97&quot; rev 0x02: irq 9, ICH AC97
ac97: codec id 0x43525934 (Cirrus Logic CS4299 rev 4)
ac97: codec features headphone, 20 bit DAC, 18 bit ADC, Crystal Semi 3D
audio0 at auich0
isa0 at ichpcib0
isadma0 at isa0
pckbc0 at isa0 port 0x60/5
pckbd0 at pckbc0 (kbd slot)
pckbc0: using irq 1 for kbd slot
wskbd0 at pckbd0: console keyboard, using wsdisplay0
pcppi0 at isa0 port 0x61
midi0 at pcppi0: &lt;PC speaker&gt;
sysbeep0 at pcppi0
lpt1 at isa0 port 0x278/4: polled
npx0 at isa0 port 0xf0/16: using exception 16
pccom0 at isa0 port 0x3f8/8 irq 4: ns16550a, 16 byte fifo
pccom0: console
pccom1 at isa0 port 0x2f8/8 irq 3: ns16550a, 16 byte fifo
fdc0 at isa0 port 0x3f0/6 irq 6 drq 2
fd0 at fdc0 drive 0: 1.44MB 80 cyl, 2 head, 18 sec
biomask ff65 netmask ffe5 ttymask ffe7
pctr: 686-class user-level performance counters enabled
mtrr: Pentium Pro MTRR support
dkcsum: wd0 matched BIOS disk 80
root on wd0a
rootdev=0x0 rrootdev=0x300 rawdev=0x302
WARNING: / was not properly unmounted
fw at fwohci0 not configured
uhidev0 at uhub0 port 2 configuration 1 interface 0
uhidev0: Microsoft Microsoft 3-Button Mouse with IntelliEye(TM), rev 1.10/3.00, addr 2, iclass 3/1
ums0 at uhidev0: 3 buttons and Z dir.
wsmouse0 at ums0 mux 0
agp_release_helper: mem 0 is bound
agp_release_helper: mem 1 is bound
agp_release_helper: mem 2 is bound
agp_release_helper: mem 3 is bound
agp_release_helper: mem 4 is bound
agp_release_helper: mem 5 is bound
auich0: measured ac97 link rate at 48006 Hz, will use 48000 Hz
uaudio0 at uhub0 port 1 configuration 1 interface 0: Plantronics Plantronics Headset, rev 1.10/0.04, addr 3
uaudio0: audio rev 1.00
uaudio0: 14 mixer controls
audio1 at uaudio0
uhidev1 at uhub0 port 1 configuration 1 interface 3
uhidev1: Plantronics Plantronics Headset, rev 1.10/0.04, addr 3, iclass 3/0
uhid0 at uhidev1: input=2, output=0, feature=0
</pre>



</div><!-- content -->
<br />
<div id="footer">
All comments/news/posts are the property of their individual owner and
is presented without warranty of suitability, and solely as an
informational resource. <br />
This site Copyright &copy; 2004-2020 NYC*BUG.
</div><!-- footer -->

</body>
</html>

