



<!doctype html>
<html lang="en">
<head>
<meta name="keywords"
	content="bsd, freebsd, openbsd, netbsd, dragonflybsd, nycbug, dmesgd" />
<meta name="description" content="New York City BSD User Group dmesgd" />
<meta charset="utf-8" />
<meta name="viewport" content="width=device-width, initial-scale=1" />
<title>NYC*BUG dmesgd</title>
<style>
body {
	text-align: left;
	margin: 15px auto;
	padding: 0px 10px;
}
@media (min-width: 800px) {
	body {
		max-width: 85%;
	}
}
#header {
	border-bottom: 1px solid #dbdbdb;
	font-size: 230%;
	text-align: left;
}
#footer {
	border-top: 1px solid #dbdbdb;
	clear: both;
	text-align: left;
}
.logo_bug {
	color: #cc0033;
}
#menu ul {
	list-style-type: none;
	margin: 0;
	padding: 0;
}
#menu li {
	float: left;
}
#menu li a {
	display: block;
	background-color: #dbdbdb;
	color: #000000;
	font-size: 105%;
	font-weight: bold;
	padding: 0px 6px 0px 6px;
	text-decoration: none;
}
#content {
	clear: both;
	text-align: left;
	padding-top: 10px;
}
#content h1 {
	font-size: 120%;
	font-weight: bold;
}
#content h2 {
	font-size: 110%;
	font-weight: bold;
}
#content a {
	text-decoration: none;
}
#content pre {
	background-color: #dbdbdb;
	padding: 5px 5px 5px 5px;
	white-space: pre-wrap;		/* css-3 */
	white-space: -moz-pre-wrap;	/* Mozilla, since 1999 */
	white-space: -pre-wrap;		/* Opera 4-6 */
	white-space: -o-pre-wrap;	/* Opera 7 */
	word-wrap: break-word;		/* Internet Explorer 5.5+ */
}
#content table {
	border-collapse: collapse;
}
#content table th {
	border: 1px solid #dbdbdb;
	font-size: 85%;
	white-space: nowrap;
}
#content table td {
	border: 1px solid #dbdbdb;
	font-size: 80%;
}
#content input {
	font-size: 1em;
}
#content .full	{ width: 100%; }
#content .left	{ text-align: left; }
#content .right	{ text-align: right; }
#content .center { text-align: center; }
#content .flexbox {
	display: -ms-flex;
	display: -webkit-flex;
	display: flex;
	width: 100%;
}
#content .left_col {
	min-width: 75px;
	max-width: 50%;
	flex-grow: 0;
}
#content .right_col {
	flex-grow: 1;
	margin-left: 10px;
	padding-top: 10px;
	padding-left: 10px;
}
#col {
	-moz-column-count: 3;
	-webkit-column-count: 3;
	column-count: 3;
}
</style>
</head>
<body>

<div id="header">
<strong><em>NYC*</em><span class="logo_bug">BUG</span> dmesgd</strong>
</div><!-- header -->

<div id="menu">
<ul>
<li><a href="https://dmesgd.nycbug.org/index.cgi?do=index">Home</a></li>
<li><a href="https://dmesgd.nycbug.org/index.cgi?do=submit">Submit</a></li>
<li><a href="https://www.nycbug.org/">NYC*BUG</a></li>
</ul>
</div><!-- menu -->

<div id="content">

<p>
Launched in 2004, dmesgd aims to provide a
<strong>user-submitted</strong> repository of searchable *BSD dmesgs.
The dmesg(8) command displays the system message buffer's content, and
during boot a copy is saved to <em>/var/run/dmesg.boot</em>.  This buffer
contains the operating system release, name and version, a list of
devices identified, plus a whole host of other useful information.  We
hope others find this resource useful and further contribute to its
growth. Contact us at [ admin at lists dot nycbug dot org ].
</p>

<hr />


<strong>Date:</strong> <em>2005-05-14 11:41:20</em><br />
<strong>From:</strong> <em>Armin Wolfermann</em><br />
<strong>Description:</strong> <em>Intel 443BX, Adaptec 2100S and 2940, OpenBSD 3.7-current</em><br />

<pre>
OpenBSD 3.7-current (GENERIC) #74: Thu Apr 14 18:44:09 MDT 2005
    xxx@xxx.xxx:/usr/src/sys/arch/i386/compile/GENERIC
cpu0: Intel Pentium III (&quot;GenuineIntel&quot; 686-class) 802 MHz
cpu0: FPU,V86,DE,PSE,TSC,MSR,PAE,MCE,CX8,SEP,MTRR,PGE,MCA,CMOV,PAT,PSE36,MMX,FXSR,SSE
real mem  = 1073311744 (1048156K)
avail mem = 972865536 (950064K)
using 4278 buffers containing 53768192 bytes (52508K) of memory
mainbus0 (root)
bios0 at mainbus0: AT/286+(5c) BIOS, date 03/03/00, BIOS32 rev. 0 @ 0xf0520
apm0 at bios0: Power Management spec V1.2 (BIOS mgmt disabled)
apm0: APM power management enable: unrecognized device ID (9)
apm0: APM engage (device 1): power management disabled (1)
apm0: AC on, battery charge unknown
pcibios0 at bios0: rev 2.1 @ 0xf0000/0xda2
pcibios0: PCI IRQ Routing Table rev 1.0 @ 0xf0d10/144 (7 entries)
pcibios0: PCI Interrupt Router at 000:04:0 (&quot;Intel 82371FB ISA&quot; rev 0x00)
pcibios0: PCI bus #2 is the last bus
bios0: ROM list: 0xc0000/0x8000 0xc8000/0x5800 0xd0000/0x800 0xd4000/0x6000
cpu0 at mainbus0
pci0 at mainbus0 bus 0: configuration mode 1 (no bios)
pchb0 at pci0 dev 0 function 0 &quot;Intel 82443BX AGP&quot; rev 0x03
ppb0 at pci0 dev 1 function 0 &quot;Intel 82443BX AGP&quot; rev 0x03
pci1 at ppb0 bus 1
vga1 at pci1 dev 0 function 0 &quot;Nvidia Vanta&quot; rev 0x15
wsdisplay0 at vga1: console (80x25, vt100 emulation)
wsdisplay0: screen 1-5 added (80x25, vt100 emulation)
pcib0 at pci0 dev 4 function 0 &quot;Intel 82371AB PIIX4 ISA&quot; rev 0x02
pciide0 at pci0 dev 4 function 1 &quot;Intel 82371AB IDE&quot; rev 0x01: DMA, channel 0 wired to compatibility, channel 1 wired to compatibility
pciide0: channel 0 ignored (disabled)
pciide0: channel 1 ignored (disabled)
uhci0 at pci0 dev 4 function 2 &quot;Intel 82371AB USB&quot; rev 0x01: irq 15
usb0 at uhci0: USB revision 1.0
uhub0 at usb0
uhub0: Intel UHCI root hub, class 9/0, rev 1.00/1.00, addr 1
uhub0: 2 ports with 2 removable, self powered
&quot;Intel 82371AB Power Mgmt&quot; rev 0x02 at pci0 dev 4 function 3 not configured
ahc1 at pci0 dev 6 function 0 &quot;Adaptec AIC-7890/1 U2&quot; rev 0x00: irq 15
scsibus0 at ahc1: 16 targets
sd0 at scsibus0 targ 0 lun 0: &lt;IBM, DDYS-T18350M, S93E&gt; SCSI3 0/direct fixed
sd0: 17501MB, 15110 cyl, 6 head, 395 sec, 512 bytes/sec, 35843670 sec total
sd1 at scsibus0 targ 1 lun 0: &lt;IBM, DDYS-T36950M, S80D&gt; SCSI3 0/direct fixed
sd1: 35003MB, 15110 cyl, 12 head, 395 sec, 512 bytes/sec, 71687340 sec total
cd0 at scsibus0 targ 4 lun 0: &lt;TEAC, CD-ROM CD-532S, 1.0A&gt; SCSI2 5/cdrom removable
rl0 at pci0 dev 9 function 0 &quot;Realtek 8139&quot; rev 0x10: irq 15 address xx:xx:xx:xx:xx:xx
rlphy0 at rl0 phy 0: RTL internal phy
xl0 at pci0 dev 10 function 0 &quot;3Com 3c905C 100Base-TX&quot; rev 0x74: irq 10, address xx:xx:xx:xx:xx:xx
bmtphy0 at xl0 phy 24: Broadcom 3C905C internal PHY, rev. 6
ppb1 at pci0 dev 11 function 0 &quot;DPT PCI-PCI&quot; rev 0x02
pci2 at ppb1 bus 2
iop0 at pci0 dev 11 function 1 &quot;DPT SmartRAID (I2O)&quot; rev 0x02: I2O adapter &lt;ADAPTEC 2100S&gt;
iop0: interrupting at irq 12
isa0 at pcib0
isadma0 at isa0
pckbc0 at isa0 port 0x60/5
pckbd0 at pckbc0 (kbd slot)
pckbc0: using irq 1 for kbd slot
wskbd0 at pckbd0 (mux 1 ignored for console): console keyboard, using wsdisplay0
pcppi0 at isa0 port 0x61
midi0 at pcppi0: &lt;PC speaker&gt;
sysbeep0 at pcppi0
lpt0 at isa0 port 0x378/4 irq 7
lm0 at isa0 port 0x290/8: W83781D
npx0 at isa0 port 0xf0/16: using exception 16
pccom0 at isa0 port 0x3f8/8 irq 4: ns16550a, 16 byte fifo
pccom1 at isa0 port 0x2f8/8 irq 3: ns16550a, 16 byte fifo
fdc0 at isa0 port 0x3f0/6 irq 6 drq 2
fd0 at fdc0 drive 0: 1.44MB 80 cyl, 2 head, 18 sec
biomask fb65 netmask ff65 ttymask ffe7
pctr: 686-class user-level performance counters enabled
mtrr: Pentium Pro MTRR support
iop0: configuring...
ioprbs0 at iop0 tid 519: &lt;ADAPTEC, RAID-5, 370F&gt; direct access, fixed
scsibus1 at ioprbs0: 1 targets
sd2 at scsibus1 targ 0 lun 0: &lt;I2O, Container #00, &gt; SCSI2 0/direct fixed
sd2: 35002MB, 8889 cyl, 128 head, 63 sec, 512 bytes/sec, 71684096 sec total
device (class 0x80) at iop0 tid 8 not configured
ahc1: target 0 using 16bit transfers
ahc1: target 0 synchronous at 40.0MHz, offset = 0x3f
dkcsum: sd0 matched BIOS disk 80
ahc1: target 1 using 16bit transfers
ahc1: target 1 synchronous at 40.0MHz, offset = 0x3f
dkcsum: sd1 matched BIOS disk 81
dkcsum: sd2 matched BIOS disk 82
root on sd0a
rootdev=0x400 rrootdev=0xd00 rawdev=0xd02
</pre>



</div><!-- content -->
<br />
<div id="footer">
All comments/news/posts are the property of their individual owner and
is presented without warranty of suitability, and solely as an
informational resource. <br />
This site Copyright &copy; 2004-2020 NYC*BUG.
</div><!-- footer -->

</body>
</html>

