



<!doctype html>
<html lang="en">
<head>
<meta name="keywords"
	content="bsd, freebsd, openbsd, netbsd, dragonflybsd, nycbug, dmesgd" />
<meta name="description" content="New York City BSD User Group dmesgd" />
<meta charset="utf-8" />
<meta name="viewport" content="width=device-width, initial-scale=1" />
<title>NYC*BUG dmesgd</title>
<style>
body {
	text-align: left;
	margin: 15px auto;
	padding: 0px 10px;
}
@media (min-width: 800px) {
	body {
		max-width: 85%;
	}
}
#header {
	border-bottom: 1px solid #dbdbdb;
	font-size: 230%;
	text-align: left;
}
#footer {
	border-top: 1px solid #dbdbdb;
	clear: both;
	text-align: left;
}
.logo_bug {
	color: #cc0033;
}
#menu ul {
	list-style-type: none;
	margin: 0;
	padding: 0;
}
#menu li {
	float: left;
}
#menu li a {
	display: block;
	background-color: #dbdbdb;
	color: #000000;
	font-size: 105%;
	font-weight: bold;
	padding: 0px 6px 0px 6px;
	text-decoration: none;
}
#content {
	clear: both;
	text-align: left;
	padding-top: 10px;
}
#content h1 {
	font-size: 120%;
	font-weight: bold;
}
#content h2 {
	font-size: 110%;
	font-weight: bold;
}
#content a {
	text-decoration: none;
}
#content pre {
	background-color: #dbdbdb;
	padding: 5px 5px 5px 5px;
	white-space: pre-wrap;		/* css-3 */
	white-space: -moz-pre-wrap;	/* Mozilla, since 1999 */
	white-space: -pre-wrap;		/* Opera 4-6 */
	white-space: -o-pre-wrap;	/* Opera 7 */
	word-wrap: break-word;		/* Internet Explorer 5.5+ */
}
#content table {
	border-collapse: collapse;
}
#content table th {
	border: 1px solid #dbdbdb;
	font-size: 85%;
	white-space: nowrap;
}
#content table td {
	border: 1px solid #dbdbdb;
	font-size: 80%;
}
#content input {
	font-size: 1em;
}
#content .full	{ width: 100%; }
#content .left	{ text-align: left; }
#content .right	{ text-align: right; }
#content .center { text-align: center; }
#content .flexbox {
	display: -ms-flex;
	display: -webkit-flex;
	display: flex;
	width: 100%;
}
#content .left_col {
	min-width: 75px;
	max-width: 50%;
	flex-grow: 0;
}
#content .right_col {
	flex-grow: 1;
	margin-left: 10px;
	padding-top: 10px;
	padding-left: 10px;
}
#col {
	-moz-column-count: 3;
	-webkit-column-count: 3;
	column-count: 3;
}
</style>
</head>
<body>

<div id="header">
<strong><em>NYC*</em><span class="logo_bug">BUG</span> dmesgd</strong>
</div><!-- header -->

<div id="menu">
<ul>
<li><a href="https://dmesgd.nycbug.org/index.cgi?do=index">Home</a></li>
<li><a href="https://dmesgd.nycbug.org/index.cgi?do=submit">Submit</a></li>
<li><a href="https://www.nycbug.org/">NYC*BUG</a></li>
</ul>
</div><!-- menu -->

<div id="content">

<p>
Launched in 2004, dmesgd aims to provide a
<strong>user-submitted</strong> repository of searchable *BSD dmesgs.
The dmesg(8) command displays the system message buffer's content, and
during boot a copy is saved to <em>/var/run/dmesg.boot</em>.  This buffer
contains the operating system release, name and version, a list of
devices identified, plus a whole host of other useful information.  We
hope others find this resource useful and further contribute to its
growth. Contact us at [ admin at lists dot nycbug dot org ].
</p>

<hr />


<strong>Date:</strong> <em>2005-05-29 06:40:12</em><br />
<strong>From:</strong> <em>Gustavo Machado</em><br />
<strong>Description:</strong> <em>Dell PowerEdge 2400 (Firewall)</em><br />

<pre>
OpenBSD 3.6 (GENERIC) #59: Fri Sep 17 12:32:57 MDT 2004
    xxx@xxx.xxx:/usr/src/sys/arch/i386/compile/GENERIC
cpu0: Intel Pentium III (&quot;GenuineIntel&quot; 686-class) 728 MHz
cpu0: FPU,V86,DE,PSE,TSC,MSR,PAE,MCE,CX8,APIC,SEP,MTRR,PGE,MCA,CMOV,PAT,PSE36,MMX,FXSR,SSE
real mem  = 536449024 (523876K)
avail mem = 482590720 (471280K)
using 4278 buffers containing 26927104 bytes (26296K) of memory
mainbus0 (root)
bios0 at mainbus0: AT/286+(00) BIOS, date 10/10/00, BIOS32 rev. 0 @ 0xffe90
pcibios0 at bios0: rev 2.1 @ 0xf0000/0x10000
pcibios0: PCI IRQ Routing Table rev 1.0 @ 0xfc320/208 (11 entries)
pcibios0: PCI Interrupt Router at 000:15:0 (&quot;ServerWorks ROSB4 SouthBridge&quot; rev 0x00)
pcibios0: PCI bus #1 is the last bus
bios0: ROM list: 0xc0000/0x8000 0xc8000/0x4000! 0xcc000/0x200
cpu0 at mainbus0
pci0 at mainbus0 bus 0: configuration mode 1 (no bios)
pchb0 at pci0 dev 0 function 0 &quot;ServerWorks CNB20LE Host&quot; rev 0x06
pchb1 at pci0 dev 0 function 1 &quot;ServerWorks CNB20LE Host&quot; rev 0x06
pci1 at pchb1 bus 2
xl0 at pci1 dev 6 function 0 &quot;3Com 3c905 100Base-TX&quot; rev 0x00: irq 5, address xx:xx:xx:xx:xx:xx
nsphy0 at xl0 phy 24: DP83840 10/100 media interface, rev. 1
ppb0 at pci0 dev 2 function 0 &quot;Intel i960 RM PCI-PCI&quot; rev 0x01
pci2 at ppb0 bus 1
ahc1 at pci2 dev 6 function 0 &quot;Adaptec AIC-7880&quot; rev 0x02: irq 10
scsibus0 at ahc1: 8 targets
cd0 at scsibus0 targ 5 lun 0: &lt;NEC, CD-ROM DRIVE:466, 1.06&gt; SCSI2 5/cdrom removable
aac0 at pci0 dev 2 function 1 &quot;Dell PERC 2/Si&quot; rev 0x01: irq 14
aac0: i960RX 100MHz, 62MB, no battery support (5) Kernel 2.5-0
scsibus1 at aac0: 64 targets
sd0 at scsibus1 targ 0 lun 0: &lt;Adaptec, Container #00, &gt; SCSI2 0/direct fixed
sd0: 17351MB, 2212 cyl, 255 head, 63 sec, 512 bytes/sec, 35535780 sec total
fxp0 at pci0 dev 8 function 0 &quot;Intel 82557&quot; rev 0x08: irq 11, address xx:xx:xx:xx:xx:xx
inphy0 at fxp0 phy 1: i82555 10/100 media interface, rev. 4
vga1 at pci0 dev 14 function 0 &quot;ATI Mach64 GY&quot; rev 0x7a
wsdisplay0 at vga1: console (80x25, vt100 emulation)
wsdisplay0: screen 1-5 added (80x25, vt100 emulation)
pcib0 at pci0 dev 15 function 0 &quot;ServerWorks ROSB4 SouthBridge&quot; rev 0x50
isa0 at pcib0
isadma0 at isa0
pckbc0 at isa0 port 0x60/5
pckbd0 at pckbc0 (kbd slot)
pckbc0: using irq 1 for kbd slot
wskbd0 at pckbd0: console keyboard, using wsdisplay0
pcppi0 at isa0 port 0x61
midi0 at pcppi0: &lt;PC speaker&gt;
sysbeep0 at pcppi0
lpt0 at isa0 port 0x378/4 irq 7
npx0 at isa0 port 0xf0/16: using exception 16
pccom0 at isa0 port 0x3f8/8 irq 4: ns16550a, 16 byte fifo
pccom1 at isa0 port 0x2f8/8 irq 3: ns16550a, 16 byte fifo
fdc0 at isa0 port 0x3f0/6 irq 6 drq 2
fd0 at fdc0 drive 0: 1.44MB 80 cyl, 2 head, 18 sec
biomask f745 netmask ff65 ttymask ffe7
pctr: 686-class user-level performance counters enabled
mtrr: Pentium Pro MTRR support
dkcsum: sd0 matched BIOS disk 80
root on sd0a
rootdev=0x400 rrootdev=0xd00 rawdev=0xd02
</pre>



</div><!-- content -->
<br />
<div id="footer">
All comments/news/posts are the property of their individual owner and
is presented without warranty of suitability, and solely as an
informational resource. <br />
This site Copyright &copy; 2004-2020 NYC*BUG.
</div><!-- footer -->

</body>
</html>

