



<!doctype html>
<html lang="en">
<head>
<meta name="keywords"
	content="bsd, freebsd, openbsd, netbsd, dragonflybsd, nycbug, dmesgd" />
<meta name="description" content="New York City BSD User Group dmesgd" />
<meta charset="utf-8" />
<meta name="viewport" content="width=device-width, initial-scale=1" />
<title>NYC*BUG dmesgd</title>
<style>
body {
	text-align: left;
	margin: 15px auto;
	padding: 0px 10px;
}
@media (min-width: 800px) {
	body {
		max-width: 85%;
	}
}
#header {
	border-bottom: 1px solid #dbdbdb;
	font-size: 230%;
	text-align: left;
}
#footer {
	border-top: 1px solid #dbdbdb;
	clear: both;
	text-align: left;
}
.logo_bug {
	color: #cc0033;
}
#menu ul {
	list-style-type: none;
	margin: 0;
	padding: 0;
}
#menu li {
	float: left;
}
#menu li a {
	display: block;
	background-color: #dbdbdb;
	color: #000000;
	font-size: 105%;
	font-weight: bold;
	padding: 0px 6px 0px 6px;
	text-decoration: none;
}
#content {
	clear: both;
	text-align: left;
	padding-top: 10px;
}
#content h1 {
	font-size: 120%;
	font-weight: bold;
}
#content h2 {
	font-size: 110%;
	font-weight: bold;
}
#content a {
	text-decoration: none;
}
#content pre {
	background-color: #dbdbdb;
	padding: 5px 5px 5px 5px;
	white-space: pre-wrap;		/* css-3 */
	white-space: -moz-pre-wrap;	/* Mozilla, since 1999 */
	white-space: -pre-wrap;		/* Opera 4-6 */
	white-space: -o-pre-wrap;	/* Opera 7 */
	word-wrap: break-word;		/* Internet Explorer 5.5+ */
}
#content table {
	border-collapse: collapse;
}
#content table th {
	border: 1px solid #dbdbdb;
	font-size: 85%;
	white-space: nowrap;
}
#content table td {
	border: 1px solid #dbdbdb;
	font-size: 80%;
}
#content input {
	font-size: 1em;
}
#content .full	{ width: 100%; }
#content .left	{ text-align: left; }
#content .right	{ text-align: right; }
#content .center { text-align: center; }
#content .flexbox {
	display: -ms-flex;
	display: -webkit-flex;
	display: flex;
	width: 100%;
}
#content .left_col {
	min-width: 75px;
	max-width: 50%;
	flex-grow: 0;
}
#content .right_col {
	flex-grow: 1;
	margin-left: 10px;
	padding-top: 10px;
	padding-left: 10px;
}
#col {
	-moz-column-count: 3;
	-webkit-column-count: 3;
	column-count: 3;
}
</style>
</head>
<body>

<div id="header">
<strong><em>NYC*</em><span class="logo_bug">BUG</span> dmesgd</strong>
</div><!-- header -->

<div id="menu">
<ul>
<li><a href="https://dmesgd.nycbug.org/index.cgi?do=index">Home</a></li>
<li><a href="https://dmesgd.nycbug.org/index.cgi?do=submit">Submit</a></li>
<li><a href="https://www.nycbug.org/">NYC*BUG</a></li>
</ul>
</div><!-- menu -->

<div id="content">

<p>
Launched in 2004, dmesgd aims to provide a
<strong>user-submitted</strong> repository of searchable *BSD dmesgs.
The dmesg(8) command displays the system message buffer's content, and
during boot a copy is saved to <em>/var/run/dmesg.boot</em>.  This buffer
contains the operating system release, name and version, a list of
devices identified, plus a whole host of other useful information.  We
hope others find this resource useful and further contribute to its
growth. Contact us at [ admin at lists dot nycbug dot org ].
</p>

<hr />


<strong>Date:</strong> <em>2005-07-10 21:38:51</em><br />
<strong>From:</strong> <em>Fred Noz</em><br />
<strong>Description:</strong> <em>Celeron 1.3 GHz, Intel PRO/1000MT (FTP server) OpenBSD 3.7</em><br />

<pre>
OpenBSD 3.7 (GENERIC) #50: Sun Mar 20 00:01:57 MST 2005
    xxx@xxx.xxx:/usr/src/sys/arch/i386/compile/GENERIC
cpu0: Intel(R) Celeron(TM) CPU 1300MHz (&quot;GenuineIntel&quot; 686-class) 1.31 GHz
cpu0: FPU,V86,DE,PSE,TSC,MSR,PAE,MCE,CX8,SEP,MTRR,PGE,MCA,CMOV,PAT,PSE36,MMX,FXSR,SSE
real mem  = 263757824 (257576K)
avail mem = 233910272 (228428K)
using 3245 buffers containing 13291520 bytes (12980K) of memory
mainbus0 (root)
bios0 at mainbus0: AT/286+(dc) BIOS, date 10/01/02, BIOS32 rev. 0 @ 0xfb100
apm0 at bios0: Power Management spec V1.2
apm0: AC on, battery charge unknown
pcibios0 at bios0: rev 2.1 @ 0xf0000/0xb5a8
pcibios0: PCI IRQ Routing Table rev 1.0 @ 0xfde60/144 (7 entries)
pcibios0: PCI Exclusive IRQs: 5 11 12
pcibios0: PCI Interrupt Router at 000:01:0 (&quot;SIS 85C503 System&quot; rev 0x00)
pcibios0: PCI bus #1 is the last bus
bios0: ROM list: 0xc0000/0xc000 0xcc000/0x4000! 0xd0000/0x10000!
cpu0 at mainbus0
pci0 at mainbus0 bus 0: configuration mode 1 (no bios)
pchb0 at pci0 dev 0 function 0 &quot;SIS 630 PCI&quot; rev 0x21
pciide0 at pci0 dev 0 function 1 &quot;SIS 5513 EIDE&quot; rev 0xd0: 630: DMA, channel 0 wired to compatibility, channel 1 wired to compatibility
wd0 at pciide0 channel 0 drive 0: &lt;IC35L080AVVA07-0&gt;
wd0: 16-sector PIO, LBA, 78533MB, 160836480 sectors
wd0(pciide0:0:0): using PIO mode 4, Ultra-DMA mode 4
atapiscsi0 at pciide0 channel 1 drive 0
scsibus0 at atapiscsi0: 2 targets
cd0 at scsibus0 targ 0 lun 0: &lt;MITSUMI, CD-ROM FX54++M, Y01E&gt; SCSI0 5/cdrom removable
cd0(pciide0:1:0): using PIO mode 4, Ultra-DMA mode 2
pcib0 at pci0 dev 1 function 0 &quot;SIS 85C503 System&quot; rev 0x00
sis0 at pci0 dev 1 function 1 &quot;SIS 900 10/100BaseTX&quot; rev 0x83: irq 12, address xx:xx:xx:xx:xx:xx
ukphy0 at sis0 phy 0: Generic IEEE 802.3u media interface
ukphy0: OUI 0x000760, model 0x0000, rev. 0
ohci0 at pci0 dev 1 function 2 &quot;SIS 5597/5598 USB&quot; rev 0x07: irq 5, version 1.0, legacy support
ohci0: SMM does not respond, resetting
usb0 at ohci0: USB revision 1.0
uhub0 at usb0
uhub0: SIS OHCI root hub, class 9/0, rev 1.00/1.00, addr 1
uhub0: 3 ports with 3 removable, self powered
ohci1 at pci0 dev 1 function 3 &quot;SIS 5597/5598 USB&quot; rev 0x07: irq 5, version 1.0, legacy support
ohci1: SMM does not respond, resetting
usb1 at ohci1: USB revision 1.0
uhub1 at usb1
uhub1: SIS OHCI root hub, class 9/0, rev 1.00/1.00, addr 1
uhub1: 2 ports with 2 removable, self powered
ppb0 at pci0 dev 2 function 0 &quot;SIS 86C201 AGP&quot; rev 0x00
pci1 at ppb0 bus 1
vga1 at pci1 dev 0 function 0 &quot;SIS 6300&quot; rev 0x21: aperture at 0xd0000000, size 0x400000
wsdisplay0 at vga1: console (80x25, vt100 emulation)
wsdisplay0: screen 1-5 added (80x25, vt100 emulation)
em0 at pci0 dev 9 function 0 &quot;Intel PRO/1000MT (82540EM)&quot; rev 0x02: irq 11, address: xx:xx:xx:xx:xx:xx
isa0 at pcib0
isadma0 at isa0
pckbc0 at isa0 port 0x60/5
pckbd0 at pckbc0 (kbd slot)
pckbc0: using irq 1 for kbd slot
wskbd0 at pckbd0 (mux 1 ignored for console): console keyboard, using wsdisplay0
pcppi0 at isa0 port 0x61
midi0 at pcppi0: &lt;PC speaker&gt;
sysbeep0 at pcppi0
lpt0 at isa0 port 0x378/4 irq 7
it0 at isa0 port 0x290/8: IT87
npx0 at isa0 port 0xf0/16: using exception 16
pccom0 at isa0 port 0x3f8/8 irq 4: ns16550a, 16 byte fifo
fdc0 at isa0 port 0x3f0/6 irq 6 drq 2
fd0 at fdc0 drive 0: 1.44MB 80 cyl, 2 head, 18 sec
biomask e76d netmask ff6d ttymask ffef
pctr: 686-class user-level performance counters enabled
mtrr: Pentium Pro MTRR support
dkcsum: wd0 matched BIOS disk 80
root on wd0a
rootdev=0x0 rrootdev=0x300 rawdev=0x302
</pre>



</div><!-- content -->
<br />
<div id="footer">
All comments/news/posts are the property of their individual owner and
is presented without warranty of suitability, and solely as an
informational resource. <br />
This site Copyright &copy; 2004-2020 NYC*BUG.
</div><!-- footer -->

</body>
</html>

