



<!doctype html>
<html lang="en">
<head>
<meta name="keywords"
	content="bsd, freebsd, openbsd, netbsd, dragonflybsd, nycbug, dmesgd" />
<meta name="description" content="New York City BSD User Group dmesgd" />
<meta charset="utf-8" />
<meta name="viewport" content="width=device-width, initial-scale=1" />
<title>NYC*BUG dmesgd</title>
<style>
body {
	text-align: left;
	margin: 15px auto;
	padding: 0px 10px;
}
@media (min-width: 800px) {
	body {
		max-width: 85%;
	}
}
#header {
	border-bottom: 1px solid #dbdbdb;
	font-size: 230%;
	text-align: left;
}
#footer {
	border-top: 1px solid #dbdbdb;
	clear: both;
	text-align: left;
}
.logo_bug {
	color: #cc0033;
}
#menu ul {
	list-style-type: none;
	margin: 0;
	padding: 0;
}
#menu li {
	float: left;
}
#menu li a {
	display: block;
	background-color: #dbdbdb;
	color: #000000;
	font-size: 105%;
	font-weight: bold;
	padding: 0px 6px 0px 6px;
	text-decoration: none;
}
#content {
	clear: both;
	text-align: left;
	padding-top: 10px;
}
#content h1 {
	font-size: 120%;
	font-weight: bold;
}
#content h2 {
	font-size: 110%;
	font-weight: bold;
}
#content a {
	text-decoration: none;
}
#content pre {
	background-color: #dbdbdb;
	padding: 5px 5px 5px 5px;
	white-space: pre-wrap;		/* css-3 */
	white-space: -moz-pre-wrap;	/* Mozilla, since 1999 */
	white-space: -pre-wrap;		/* Opera 4-6 */
	white-space: -o-pre-wrap;	/* Opera 7 */
	word-wrap: break-word;		/* Internet Explorer 5.5+ */
}
#content table {
	border-collapse: collapse;
}
#content table th {
	border: 1px solid #dbdbdb;
	font-size: 85%;
	white-space: nowrap;
}
#content table td {
	border: 1px solid #dbdbdb;
	font-size: 80%;
}
#content input {
	font-size: 1em;
}
#content .full	{ width: 100%; }
#content .left	{ text-align: left; }
#content .right	{ text-align: right; }
#content .center { text-align: center; }
#content .flexbox {
	display: -ms-flex;
	display: -webkit-flex;
	display: flex;
	width: 100%;
}
#content .left_col {
	min-width: 75px;
	max-width: 50%;
	flex-grow: 0;
}
#content .right_col {
	flex-grow: 1;
	margin-left: 10px;
	padding-top: 10px;
	padding-left: 10px;
}
#col {
	-moz-column-count: 3;
	-webkit-column-count: 3;
	column-count: 3;
}
</style>
</head>
<body>

<div id="header">
<strong><em>NYC*</em><span class="logo_bug">BUG</span> dmesgd</strong>
</div><!-- header -->

<div id="menu">
<ul>
<li><a href="https://dmesgd.nycbug.org/index.cgi?do=index">Home</a></li>
<li><a href="https://dmesgd.nycbug.org/index.cgi?do=submit">Submit</a></li>
<li><a href="https://www.nycbug.org/">NYC*BUG</a></li>
</ul>
</div><!-- menu -->

<div id="content">

<p>
Launched in 2004, dmesgd aims to provide a
<strong>user-submitted</strong> repository of searchable *BSD dmesgs.
The dmesg(8) command displays the system message buffer's content, and
during boot a copy is saved to <em>/var/run/dmesg.boot</em>.  This buffer
contains the operating system release, name and version, a list of
devices identified, plus a whole host of other useful information.  We
hope others find this resource useful and further contribute to its
growth. Contact us at [ admin at lists dot nycbug dot org ].
</p>

<hr />


<strong>Date:</strong> <em>2005-07-12 17:58:46</em><br />
<strong>From:</strong> <em>Louis B.</em><br />
<strong>Description:</strong> <em>Piii-500 with too many disk controllers and raidframe</em><br />

<pre>
OpenBSD 3.7-stable (GRENDEL) #1: Wed Jun 29 05:10:00 UTC 2005
    xxx@xxx.xxx:/usr/obj/kernel/GRENDEL
cpu0: Intel Pentium III (&quot;GenuineIntel&quot; 686-class, 512KB L2 cache) 501 MHz
cpu0: FPU,V86,DE,PSE,TSC,MSR,PAE,MCE,CX8,SEP,MTRR,PGE,MCA,CMOV,PAT,PSE36,MMX,FXSR,SSE
real mem  = 670605312 (654888K)
avail mem = 603598848 (589452K)
using 4278 buffers containing 33632256 bytes (32844K) of memory
mainbus0 (root)
bios0 at mainbus0: AT/286+(25) BIOS, date 07/16/99, BIOS32 rev. 0 @ 0xfb100
apm0 at bios0: Power Management spec V1.2
apm0: AC on, battery charge unknown
pcibios0 at bios0: rev 2.1 @ 0xf0000/0xb72c
pcibios0: PCI IRQ Routing Table rev 1.0 @ 0xfdf00/144 (7 entries)
pcibios0: PCI Exclusive IRQs: 10 11 12 15
pcibios0: PCI Interrupt Router at 000:07:0 (&quot;Intel 82371SB ISA&quot; rev 0x00)
pcibios0: PCI bus #1 is the last bus
bios0: ROM list: 0xc0000/0x8000 0xc8000/0x2800 0xcb000/0x5400
cpu0 at mainbus0
pci0 at mainbus0 bus 0: configuration mode 1 (no bios)
pchb0 at pci0 dev 0 function 0 &quot;Intel 82443BX AGP&quot; rev 0x03
ppb0 at pci0 dev 1 function 0 &quot;Intel 82443BX AGP&quot; rev 0x03
pci1 at ppb0 bus 1
pcib0 at pci0 dev 7 function 0 &quot;Intel 82371AB PIIX4 ISA&quot; rev 0x02
pciide0 at pci0 dev 7 function 1 &quot;Intel 82371AB IDE&quot; rev 0x01: DMA, channel 0 wired to compatibility, channel 1 wired to compatibility
pciide0: channel 0 disabled (no drives)
pciide0: channel 1 ignored (disabled)
uhci0 at pci0 dev 7 function 2 &quot;Intel 82371AB USB&quot; rev 0x01: irq 12
usb0 at uhci0: USB revision 1.0
uhub0 at usb0
uhub0: Intel UHCI root hub, class 9/0, rev 1.00/1.00, addr 1
uhub0: 2 ports with 2 removable, self powered
&quot;Intel 82371AB Power Mgmt&quot; rev 0x02 at pci0 dev 7 function 3 not configured
vga1 at pci0 dev 8 function 0 &quot;S3 ViRGE DX/GX&quot; rev 0x01
wsdisplay0 at vga1: console (80x25, vt100 emulation)
wsdisplay0: screen 1-5 added (80x25, vt100 emulation)
isp0 at pci0 dev 9 function 0 &quot;QLogic ISP1080&quot; rev 0x01: irq 11
scsibus0 at isp0: 16 targets
sd0 at scsibus0 targ 6 lun 0: &lt;WDIGTL, WDE9100 ULTRA2, 1.22&gt; SCSI2 0/direct fixed
sd0: 8759MB, 6932 cyl, 12 head, 215 sec, 512 bytes/sec, 17938470 sec total
ahc1 at pci0 dev 10 function 0 &quot;Adaptec AHA-29160 U160&quot; rev 0x02: irq 10
scsibus1 at ahc1: 16 targets
sd2 at scsibus1 targ 1 lun 0: &lt;SEAGATE, ST318437LW, 0105&gt; SCSI3 0/direct fixed
sd2: 17547MB, 29851 cyl, 2 head, 601 sec, 512 bytes/sec, 35937500 sec total
sd3 at scsibus1 targ 2 lun 0: &lt;SEAGATE, ST318437LW, 0105&gt; SCSI3 0/direct fixed
sd3: 17547MB, 29851 cyl, 2 head, 601 sec, 512 bytes/sec, 35937500 sec total
sd4 at scsibus1 targ 3 lun 0: &lt;SEAGATE, ST318437LW, 0105&gt; SCSI3 0/direct fixed
sd4: 17547MB, 29851 cyl, 2 head, 601 sec, 512 bytes/sec, 35937500 sec total
xl0 at pci0 dev 11 function 0 &quot;3Com 3c905B 100Base-TX&quot; rev 0x30: irq 12, address xx:xx:xx:xx:xx:xx
exphy0 at xl0 phy 24: 3Com internal media interface
isp1 at pci0 dev 12 function 0 &quot;QLogic ISP1020&quot; rev 0x05: irq 12
scsibus2 at isp1: 16 targets
cd0 at scsibus2 targ 5 lun 0: &lt;PIONEER, CD-ROM DR-U32X, 1.00&gt; SCSI2 5/cdrom removable
st0 at scsibus2 targ 6 lun 0: &lt;HP, C1537A, L907&gt; SCSI2 1/sequential removable
st0: drive empty or not ready
isa0 at pcib0
isadma0 at isa0
pckbc0 at isa0 port 0x60/5
pckbd0 at pckbc0 (kbd slot)
pckbc0: using irq 1 for kbd slot
wskbd0 at pckbd0 (mux 1 ignored for console): console keyboard, using wsdisplay0
pcppi0 at isa0 port 0x61
midi0 at pcppi0: &lt;PC speaker&gt;
sysbeep0 at pcppi0
lpt0 at isa0 port 0x378/4 irq 7
lm0 at isa0 port 0x290/8: LM78J
npx0 at isa0 port 0xf0/16: using exception 16
pccom0 at isa0 port 0x3f8/8 irq 4: ns16550a, 16 byte fifo
pccom1 at isa0 port 0x2f8/8 irq 3: ns16550a, 16 byte fifo
fdc0 at isa0 port 0x3f0/6 irq 6 drq 2
fd0 at fdc0 drive 0: 1.44MB 80 cyl, 2 head, 18 sec
biomask ff65 netmask ff65 ttymask ffe7
pctr: 686-class user-level performance counters enabled
mtrr: Pentium Pro MTRR support
Kernelized RAIDframe activated
dkcsum: sd0 matched BIOS disk 80
ahc1: target 1 using 16bit transfers
ahc1: target 1 synchronous at 80.0MHz DT, offset = 0x1f
dkcsum: sd2 matched BIOS disk 81
ahc1: target 2 using 16bit transfers
ahc1: target 2 synchronous at 80.0MHz DT, offset = 0x1f
dkcsum: sd3 matched BIOS disk 82
ahc1: target 3 using 16bit transfers
ahc1: target 3 synchronous at 80.0MHz DT, offset = 0x1f
dkcsum: sd4 matched BIOS disk 83
root on sd0a
rootdev=0x400 rrootdev=0xd00 rawdev=0xd02
raid0: Component /dev/sd2a being configured at row: 0 col: 0
         Row: 0 Column: 0 Num Rows: 1 Num Columns: 3
         Version: 2 Serial Number: 1234 Mod Counter: 115
         Clean: Yes Status: 0
raid0: Component /dev/sd3a being configured at row: 0 col: 1
         Row: 0 Column: 1 Num Rows: 1 Num Columns: 3
         Version: 2 Serial Number: 1234 Mod Counter: 115
         Clean: Yes Status: 0
raid0: Component /dev/sd4a being configured at row: 0 col: 2
         Row: 0 Column: 2 Num Rows: 1 Num Columns: 3
         Version: 2 Serial Number: 1234 Mod Counter: 115
         Clean: Yes Status: 0
raid0 (root)
</pre>



</div><!-- content -->
<br />
<div id="footer">
All comments/news/posts are the property of their individual owner and
is presented without warranty of suitability, and solely as an
informational resource. <br />
This site Copyright &copy; 2004-2020 NYC*BUG.
</div><!-- footer -->

</body>
</html>

