



<!doctype html>
<html lang="en">
<head>
<meta name="keywords"
	content="bsd, freebsd, openbsd, netbsd, dragonflybsd, nycbug, dmesgd" />
<meta name="description" content="New York City BSD User Group dmesgd" />
<meta charset="utf-8" />
<meta name="viewport" content="width=device-width, initial-scale=1" />
<title>NYC*BUG dmesgd</title>
<style>
body {
	text-align: left;
	margin: 15px auto;
	padding: 0px 10px;
}
@media (min-width: 800px) {
	body {
		max-width: 85%;
	}
}
#header {
	border-bottom: 1px solid #dbdbdb;
	font-size: 230%;
	text-align: left;
}
#footer {
	border-top: 1px solid #dbdbdb;
	clear: both;
	text-align: left;
}
.logo_bug {
	color: #cc0033;
}
#menu ul {
	list-style-type: none;
	margin: 0;
	padding: 0;
}
#menu li {
	float: left;
}
#menu li a {
	display: block;
	background-color: #dbdbdb;
	color: #000000;
	font-size: 105%;
	font-weight: bold;
	padding: 0px 6px 0px 6px;
	text-decoration: none;
}
#content {
	clear: both;
	text-align: left;
	padding-top: 10px;
}
#content h1 {
	font-size: 120%;
	font-weight: bold;
}
#content h2 {
	font-size: 110%;
	font-weight: bold;
}
#content a {
	text-decoration: none;
}
#content pre {
	background-color: #dbdbdb;
	padding: 5px 5px 5px 5px;
	white-space: pre-wrap;		/* css-3 */
	white-space: -moz-pre-wrap;	/* Mozilla, since 1999 */
	white-space: -pre-wrap;		/* Opera 4-6 */
	white-space: -o-pre-wrap;	/* Opera 7 */
	word-wrap: break-word;		/* Internet Explorer 5.5+ */
}
#content table {
	border-collapse: collapse;
}
#content table th {
	border: 1px solid #dbdbdb;
	font-size: 85%;
	white-space: nowrap;
}
#content table td {
	border: 1px solid #dbdbdb;
	font-size: 80%;
}
#content input {
	font-size: 1em;
}
#content .full	{ width: 100%; }
#content .left	{ text-align: left; }
#content .right	{ text-align: right; }
#content .center { text-align: center; }
#content .flexbox {
	display: -ms-flex;
	display: -webkit-flex;
	display: flex;
	width: 100%;
}
#content .left_col {
	min-width: 75px;
	max-width: 50%;
	flex-grow: 0;
}
#content .right_col {
	flex-grow: 1;
	margin-left: 10px;
	padding-top: 10px;
	padding-left: 10px;
}
#col {
	-moz-column-count: 3;
	-webkit-column-count: 3;
	column-count: 3;
}
</style>
</head>
<body>

<div id="header">
<strong><em>NYC*</em><span class="logo_bug">BUG</span> dmesgd</strong>
</div><!-- header -->

<div id="menu">
<ul>
<li><a href="https://dmesgd.nycbug.org/index.cgi?do=index">Home</a></li>
<li><a href="https://dmesgd.nycbug.org/index.cgi?do=submit">Submit</a></li>
<li><a href="https://www.nycbug.org/">NYC*BUG</a></li>
</ul>
</div><!-- menu -->

<div id="content">

<p>
Launched in 2004, dmesgd aims to provide a
<strong>user-submitted</strong> repository of searchable *BSD dmesgs.
The dmesg(8) command displays the system message buffer's content, and
during boot a copy is saved to <em>/var/run/dmesg.boot</em>.  This buffer
contains the operating system release, name and version, a list of
devices identified, plus a whole host of other useful information.  We
hope others find this resource useful and further contribute to its
growth. Contact us at [ admin at lists dot nycbug dot org ].
</p>

<hr />


<strong>Date:</strong> <em>2005-07-18 23:19:11</em><br />
<strong>From:</strong> <em>George Georgalis</em><br />
<strong>Description:</strong> <em>OpenBSD 3.7, AMD Athlon XP 3000+ on MSI KM4M-V Via KM400 motherboard with TRENDware TEG-PCITXR Gigabit PCI Adapter (cpu running at 1.74 not 2.16Ghz, dunno)</em><br />

<pre>
syncing disks... OpenBSD 3.7 (GENERIC) #50: Sun Mar 20 00:01:57 MST 2005
    xxx@xxx.xxx:/usr/src/sys/arch/i386/compile/GENERIC
cpu0: AMD Athlon(tm) XP (&quot;AuthenticAMD&quot; 686-class) 1.74 GHz
cpu0: FPU,V86,DE,PSE,TSC,MSR,PAE,MCE,CX8,APIC,SEP,MTRR,PGE,MCA,CMOV,PAT,PSE36,MMX,FXSR,SSE
real mem  = 469278720 (458280K)
avail mem = 421109760 (411240K)
using 4278 buffers containing 23568384 bytes (23016K) of memory
mainbus0 (root)
bios0 at mainbus0: AT/286+(9f) BIOS, date 02/16/05, BIOS32 rev. 0 @ 0xfbaa0
apm0 at bios0: Power Management spec V1.2
apm0: AC on, battery charge unknown
pcibios0 at bios0: rev 2.1 @ 0xf0000/0xdda4
pcibios0: PCI IRQ Routing Table rev 1.0 @ 0xfdd10/144 (7 entries)
pcibios0: PCI Exclusive IRQs: 10 11 12
pcibios0: PCI Interrupt Router at 000:17:0 (&quot;VIA VT82C596A ISA&quot; rev 0x00)
pcibios0: PCI bus #1 is the last bus
bios0: ROM list: 0xc0000/0x7e00 0xc8000/0x4c00!
cpu0 at mainbus0
pci0 at mainbus0 bus 0: configuration mode 1 (no bios)
pchb0 at pci0 dev 0 function 0 &quot;VIA VT8378 PCI&quot; rev 0x00
ppb0 at pci0 dev 1 function 0 &quot;VIA VT8377 AGP&quot; rev 0x00
pci1 at ppb0 bus 1
vga1 at pci1 dev 0 function 0 &quot;VIA VT8378 VGA&quot; rev 0x01: aperture at 0xe8000000, size 0x10000000
wsdisplay0 at vga1: console (80x25, vt100 emulation)
wsdisplay0: screen 1-5 added (80x25, vt100 emulation)
re0 at pci0 dev 7 function 0 &quot;Realtek 8169&quot; rev 0x10: irq 12, address xx:xx:xx:xx:xx:xx
rgephy0 at re0 phy 7: RTL8169S/8110S PHY, rev. 0
pciide0 at pci0 dev 15 function 0 &quot;VIA VT8237 SATA&quot; rev 0x80: DMA
pciide0: using irq 11 for native-PCI interrupt
wd0 at pciide0 channel 0 drive 0: &lt;ST3400832AS&gt;
wd0: 16-sector PIO, LBA48, 381554MB, 781422768 sectors
wd0(pciide0:0:0): using PIO mode 4, Ultra-DMA mode 5
pciide1 at pci0 dev 15 function 1 &quot;VIA VT82C571 IDE&quot; rev 0x06: ATA133, channel 0 configured to compatibility, channel 1 configured to compatibility
wd1 at pciide1 channel 0 drive 0: &lt;Maxtor 6Y060L0&gt;
wd1: 16-sector PIO, LBA, 58644MB, 120103200 sectors
wd1(pciide1:0:0): using PIO mode 4, Ultra-DMA mode 6
atapiscsi0 at pciide1 channel 1 drive 1
scsibus0 at atapiscsi0: 2 targets
cd0 at scsibus0 targ 0 lun 0: &lt;HL-DT-ST, DVD-ROM GDR8163B, 0L23&gt; SCSI0 5/cdrom removable
cd0(pciide1:1:1): using PIO mode 4, Ultra-DMA mode 2
uhci0 at pci0 dev 16 function 0 &quot;VIA VT83C572 USB&quot; rev 0x81: irq 10
usb0 at uhci0: USB revision 1.0
uhub0 at usb0
uhub0: VIA UHCI root hub, class 9/0, rev 1.00/1.00, addr 1
uhub0: 2 ports with 2 removable, self powered
uhci1 at pci0 dev 16 function 1 &quot;VIA VT83C572 USB&quot; rev 0x81: irq 10
usb1 at uhci1: USB revision 1.0
uhub1 at usb1
uhub1: VIA UHCI root hub, class 9/0, rev 1.00/1.00, addr 1
uhub1: 2 ports with 2 removable, self powered
uhci2 at pci0 dev 16 function 2 &quot;VIA VT83C572 USB&quot; rev 0x81: irq 11
usb2 at uhci2: USB revision 1.0
uhub2 at usb2
uhub2: VIA UHCI root hub, class 9/0, rev 1.00/1.00, addr 1
uhub2: 2 ports with 2 removable, self powered
uhci3 at pci0 dev 16 function 3 &quot;VIA VT83C572 USB&quot; rev 0x81: irq 11
usb3 at uhci3: USB revision 1.0
uhub3 at usb3
uhub3: VIA UHCI root hub, class 9/0, rev 1.00/1.00, addr 1
uhub3: 2 ports with 2 removable, self powered
ehci0 at pci0 dev 16 function 4 &quot;VIA VT6202 USB&quot; rev 0x86: irq 12
ehci0: EHCI version 1.0
ehci0: companion controllers, 2 ports each: uhci0 uhci1 uhci2 uhci3
usb4 at ehci0: USB revision 2.0
uhub4 at usb4
uhub4: VIA EHCI root hub, class 9/0, rev 2.00/1.00, addr 1
uhub4: single transaction translator
uhub4: 8 ports with 8 removable, self powered
pcib0 at pci0 dev 17 function 0 &quot;VIA VT8237 ISA&quot; rev 0x00
auvia0 at pci0 dev 17 function 5 &quot;VIA VT8233 AC97&quot; rev 0x60: irq 12
ac97: codec id 0x56494170 (VIA Technologies &lt;70&gt;)
ac97: codec features headphone, 18 bit DAC, 18 bit ADC, KS Waves 3D
audio0 at auvia0
vr0 at pci0 dev 18 function 0 &quot;VIA RhineII-2&quot; rev 0x78: irq 10 address xx:xx:xx:xx:xx:xx
ukphy0 at vr0 phy 1: Generic IEEE 802.3u media interface
ukphy0: OUI 0x004063, model 0x0032, rev. 10
isa0 at pcib0
isadma0 at isa0
pckbc0 at isa0 port 0x60/5
pckbd0 at pckbc0 (kbd slot)
pckbc0: using irq 1 for kbd slot
wskbd0 at pckbd0 (mux 1 ignored for console): console keyboard, using wsdisplay0
pcppi0 at isa0 port 0x61
midi0 at pcppi0: &lt;PC speaker&gt;
sysbeep0 at pcppi0
lpt0 at isa0 port 0x378/4 irq 7
lm0 at isa0 port 0x290/8: W83697HF
npx0 at isa0 port 0xf0/16: using exception 16
pccom0 at isa0 port 0x3f8/8 irq 4: ns16550a, 16 byte fifo
pccom1 at isa0 port 0x2f8/8 irq 3: ns16550a, 16 byte fifo
fdc0 at isa0 port 0x3f0/6 irq 6 drq 2
fd0 at fdc0 drive 0: 1.44MB 80 cyl, 2 head, 18 sec
biomask ff65 netmask ff65 ttymask ffe7
pctr: user-level cycle counter enabled
mtrr: Pentium Pro MTRR support
wd0: no disk label
dkcsum: wd0 matched BIOS disk 81
dkcsum: wd1 matched BIOS disk 80
root on wd1a
rootdev=0x10 rrootdev=0x310 rawdev=0x312
OpenBSD 3.7 (GENERIC) #50: Sun Mar 20 00:01:57 MST 2005
    xxx@xxx.xxx:/usr/src/sys/arch/i386/compile/GENERIC
cpu0: AMD Athlon(tm) XP (&quot;AuthenticAMD&quot; 686-class) 1.74 GHz
cpu0: FPU,V86,DE,PSE,TSC,MSR,PAE,MCE,CX8,APIC,SEP,MTRR,PGE,MCA,CMOV,PAT,PSE36,MMX,FXSR,SSE
real mem  = 469278720 (458280K)
avail mem = 421109760 (411240K)
using 4278 buffers containing 23568384 bytes (23016K) of memory
mainbus0 (root)
bios0 at mainbus0: AT/286+(9f) BIOS, date 02/16/05, BIOS32 rev. 0 @ 0xfbaa0
apm0 at bios0: Power Management spec V1.2
apm0: AC on, battery charge unknown
pcibios0 at bios0: rev 2.1 @ 0xf0000/0xdda4
pcibios0: PCI IRQ Routing Table rev 1.0 @ 0xfdd10/144 (7 entries)
pcibios0: PCI Exclusive IRQs: 10 11 12
pcibios0: PCI Interrupt Router at 000:17:0 (&quot;VIA VT82C596A ISA&quot; rev 0x00)
pcibios0: PCI bus #1 is the last bus
bios0: ROM list: 0xc0000/0x7e00
cpu0 at mainbus0
pci0 at mainbus0 bus 0: configuration mode 1 (no bios)
pchb0 at pci0 dev 0 function 0 &quot;VIA VT8378 PCI&quot; rev 0x00
ppb0 at pci0 dev 1 function 0 &quot;VIA VT8377 AGP&quot; rev 0x00
pci1 at ppb0 bus 1
vga1 at pci1 dev 0 function 0 &quot;VIA VT8378 VGA&quot; rev 0x01: aperture at 0xe8000000, size 0x10000000
wsdisplay0 at vga1: console (80x25, vt100 emulation)
wsdisplay0: screen 1-5 added (80x25, vt100 emulation)
re0 at pci0 dev 7 function 0 &quot;Realtek 8169&quot; rev 0x10: irq 12, address xx:xx:xx:xx:xx:xx
rgephy0 at re0 phy 7: RTL8169S/8110S PHY, rev. 0
pciide0 at pci0 dev 15 function 0 &quot;VIA VT8237 SATA&quot; rev 0x80: DMA
pciide0: using irq 11 for native-PCI interrupt
pciide1 at pci0 dev 15 function 1 &quot;VIA VT82C571 IDE&quot; rev 0x06: ATA133, channel 0 configured to compatibility, channel 1 configured to compatibility
wd0 at pciide1 channel 0 drive 0: &lt;Maxtor 6Y060L0&gt;
wd0: 16-sector PIO, LBA, 58644MB, 120103200 sectors
wd0(pciide1:0:0): using PIO mode 4, Ultra-DMA mode 6
atapiscsi0 at pciide1 channel 1 drive 1
scsibus0 at atapiscsi0: 2 targets
cd0 at scsibus0 targ 0 lun 0: &lt;HL-DT-ST, DVD-ROM GDR8163B, 0L23&gt; SCSI0 5/cdrom removable
cd0(pciide1:1:1): using PIO mode 4, Ultra-DMA mode 2
uhci0 at pci0 dev 16 function 0 &quot;VIA VT83C572 USB&quot; rev 0x81: irq 10
usb0 at uhci0: USB revision 1.0
uhub0 at usb0
uhub0: VIA UHCI root hub, class 9/0, rev 1.00/1.00, addr 1
uhub0: 2 ports with 2 removable, self powered
uhci1 at pci0 dev 16 function 1 &quot;VIA VT83C572 USB&quot; rev 0x81: irq 10
usb1 at uhci1: USB revision 1.0
uhub1 at usb1
uhub1: VIA UHCI root hub, class 9/0, rev 1.00/1.00, addr 1
uhub1: 2 ports with 2 removable, self powered
uhci2 at pci0 dev 16 function 2 &quot;VIA VT83C572 USB&quot; rev 0x81: irq 11
usb2 at uhci2: USB revision 1.0
uhub2 at usb2
uhub2: VIA UHCI root hub, class 9/0, rev 1.00/1.00, addr 1
uhub2: 2 ports with 2 removable, self powered
uhci3 at pci0 dev 16 function 3 &quot;VIA VT83C572 USB&quot; rev 0x81: irq 11
usb3 at uhci3: USB revision 1.0
uhub3 at usb3
uhub3: VIA UHCI root hub, class 9/0, rev 1.00/1.00, addr 1
uhub3: 2 ports with 2 removable, self powered
ehci0 at pci0 dev 16 function 4 &quot;VIA VT6202 USB&quot; rev 0x86: irq 12
ehci0: EHCI version 1.0
ehci0: companion controllers, 2 ports each: uhci0 uhci1 uhci2 uhci3
usb4 at ehci0: USB revision 2.0
uhub4 at usb4
uhub4: VIA EHCI root hub, class 9/0, rev 2.00/1.00, addr 1
uhub4: single transaction translator
uhub4: 8 ports with 8 removable, self powered
pcib0 at pci0 dev 17 function 0 &quot;VIA VT8237 ISA&quot; rev 0x00
auvia0 at pci0 dev 17 function 5 &quot;VIA VT8233 AC97&quot; rev 0x60: irq 12
ac97: codec id 0x56494170 (VIA Technologies &lt;70&gt;)
ac97: codec features headphone, 18 bit DAC, 18 bit ADC, KS Waves 3D
audio0 at auvia0
vr0 at pci0 dev 18 function 0 &quot;VIA RhineII-2&quot; rev 0x78: irq 10 address xx:xx:xx:xx:xx:xx
ukphy0 at vr0 phy 1: Generic IEEE 802.3u media interface
ukphy0: OUI 0x004063, model 0x0032, rev. 10
isa0 at pcib0
isadma0 at isa0
pckbc0 at isa0 port 0x60/5
pckbd0 at pckbc0 (kbd slot)
pckbc0: using irq 1 for kbd slot
wskbd0 at pckbd0 (mux 1 ignored for console): console keyboard, using wsdisplay0
pcppi0 at isa0 port 0x61
midi0 at pcppi0: &lt;PC speaker&gt;
sysbeep0 at pcppi0
lpt0 at isa0 port 0x378/4 irq 7
lm0 at isa0 port 0x290/8: W83697HF
npx0 at isa0 port 0xf0/16: using exception 16
pccom0 at isa0 port 0x3f8/8 irq 4: ns16550a, 16 byte fifo
pccom1 at isa0 port 0x2f8/8 irq 3: ns16550a, 16 byte fifo
fdc0 at isa0 port 0x3f0/6 irq 6 drq 2
fd0 at fdc0 drive 0: 1.44MB 80 cyl, 2 head, 18 sec
biomask ff65 netmask ff65 ttymask ffe7
pctr: user-level cycle counter enabled
mtrr: Pentium Pro MTRR support
dkcsum: wd0 matched BIOS disk 80
root on wd0a
rootdev=0x0 rrootdev=0x300 rawdev=0x302
re: no core dump
halted by root
d: exiting on signal 15
d: restart
OpenBSD 3.7 (GENERIC) #50: Sun Mar 20 00:01:57 MST 2005
    xxx@xxx.xxx:/usr/src/sys/arch/i386/compile/GENERIC
cpu0: AMD Athlon(tm) XP 3000+ (&quot;AuthenticAMD&quot; 686-class) 2.17 GHz
cpu0: FPU,V86,DE,PSE,TSC,MSR,PAE,MCE,CX8,APIC,SEP,MTRR,PGE,MCA,CMOV,PAT,PSE36,MMX,FXSR,SSE
real mem  = 469278720 (458280K)
avail mem = 421109760 (411240K)
using 4278 buffers containing 23568384 bytes (23016K) of memory
mainbus0 (root)
bios0 at mainbus0: AT/286+(9f) BIOS, date 02/16/05, BIOS32 rev. 0 @ 0xfbaa0
apm0 at bios0: Power Management spec V1.2
apm0: AC on, battery charge unknown
pcibios0 at bios0: rev 2.1 @ 0xf0000/0xdda4
pcibios0: PCI IRQ Routing Table rev 1.0 @ 0xfdd10/144 (7 entries)
pcibios0: PCI Exclusive IRQs: 10 11 12
pcibios0: PCI Interrupt Router at 000:17:0 (&quot;VIA VT82C596A ISA&quot; rev 0x00)
pcibios0: PCI bus #1 is the last bus
bios0: ROM list: 0xc0000/0x7e00
cpu0 at mainbus0
pci0 at mainbus0 bus 0: configuration mode 1 (no bios)
pchb0 at pci0 dev 0 function 0 &quot;VIA VT8378 PCI&quot; rev 0x00
ppb0 at pci0 dev 1 function 0 &quot;VIA VT8377 AGP&quot; rev 0x00
pci1 at ppb0 bus 1
vga1 at pci1 dev 0 function 0 &quot;VIA VT8378 VGA&quot; rev 0x01: aperture at 0xe8000000, size 0x10000000
wsdisplay0 at vga1: console (80x25, vt100 emulation)
wsdisplay0: screen 1-5 added (80x25, vt100 emulation)
re0 at pci0 dev 7 function 0 &quot;Realtek 8169&quot; rev 0x10: irq 12, address xx:xx:xx:xx:xx:xx
rgephy0 at re0 phy 7: RTL8169S/8110S PHY, rev. 0
pciide0 at pci0 dev 15 function 0 &quot;VIA VT8237 SATA&quot; rev 0x80: DMA
pciide0: using irq 11 for native-PCI interrupt
pciide1 at pci0 dev 15 function 1 &quot;VIA VT82C571 IDE&quot; rev 0x06: ATA133, channel 0 configured to compatibility, channel 1 configured to compatibility
wd0 at pciide1 channel 0 drive 0: &lt;Maxtor 6Y060L0&gt;
wd0: 16-sector PIO, LBA, 58644MB, 120103200 sectors
wd0(pciide1:0:0): using PIO mode 4, Ultra-DMA mode 6
atapiscsi0 at pciide1 channel 1 drive 1
scsibus0 at atapiscsi0: 2 targets
cd0 at scsibus0 targ 0 lun 0: &lt;HL-DT-ST, DVD-ROM GDR8163B, 0L23&gt; SCSI0 5/cdrom removable
cd0(pciide1:1:1): using PIO mode 4, Ultra-DMA mode 2
uhci0 at pci0 dev 16 function 0 &quot;VIA VT83C572 USB&quot; rev 0x81: irq 10
usb0 at uhci0: USB revision 1.0
uhub0 at usb0
uhub0: VIA UHCI root hub, class 9/0, rev 1.00/1.00, addr 1
uhub0: 2 ports with 2 removable, self powered
uhci1 at pci0 dev 16 function 1 &quot;VIA VT83C572 USB&quot; rev 0x81: irq 10
usb1 at uhci1: USB revision 1.0
uhub1 at usb1
uhub1: VIA UHCI root hub, class 9/0, rev 1.00/1.00, addr 1
uhub1: 2 ports with 2 removable, self powered
uhci2 at pci0 dev 16 function 2 &quot;VIA VT83C572 USB&quot; rev 0x81: irq 11
usb2 at uhci2: USB revision 1.0
uhub2 at usb2
uhub2: VIA UHCI root hub, class 9/0, rev 1.00/1.00, addr 1
uhub2: 2 ports with 2 removable, self powered
uhci3 at pci0 dev 16 function 3 &quot;VIA VT83C572 USB&quot; rev 0x81: irq 11
usb3 at uhci3: USB revision 1.0
uhub3 at usb3
uhub3: VIA UHCI root hub, class 9/0, rev 1.00/1.00, addr 1
uhub3: 2 ports with 2 removable, self powered
ehci0 at pci0 dev 16 function 4 &quot;VIA VT6202 USB&quot; rev 0x86: irq 12
ehci0: EHCI version 1.0
ehci0: companion controllers, 2 ports each: uhci0 uhci1 uhci2 uhci3
usb4 at ehci0: USB revision 2.0
uhub4 at usb4
uhub4: VIA EHCI root hub, class 9/0, rev 2.00/1.00, addr 1
uhub4: single transaction translator
uhub4: 8 ports with 8 removable, self powered
pcib0 at pci0 dev 17 function 0 &quot;VIA VT8237 ISA&quot; rev 0x00
auvia0 at pci0 dev 17 function 5 &quot;VIA VT8233 AC97&quot; rev 0x60: irq 12
ac97: codec id 0x56494170 (VIA Technologies &lt;70&gt;)
ac97: codec features headphone, 18 bit DAC, 18 bit ADC, KS Waves 3D
audio0 at auvia0
vr0 at pci0 dev 18 function 0 &quot;VIA RhineII-2&quot; rev 0x78: irq 10 address xx:xx:xx:xx:xx:xx
ukphy0 at vr0 phy 1: Generic IEEE 802.3u media interface
ukphy0: OUI 0x004063, model 0x0032, rev. 10
isa0 at pcib0
isadma0 at isa0
pckbc0 at isa0 port 0x60/5
pckbd0 at pckbc0 (kbd slot)
pckbc0: using irq 1 for kbd slot
wskbd0 at pckbd0 (mux 1 ignored for console): console keyboard, using wsdisplay0
pcppi0 at isa0 port 0x61
midi0 at pcppi0: &lt;PC speaker&gt;
sysbeep0 at pcppi0
lpt0 at isa0 port 0x378/4 irq 7
lm0 at isa0 port 0x290/8: W83697HF
npx0 at isa0 port 0xf0/16: using exception 16
pccom0 at isa0 port 0x3f8/8 irq 4: ns16550a, 16 byte fifo
pccom1 at isa0 port 0x2f8/8 irq 3: ns16550a, 16 byte fifo
fdc0 at isa0 port 0x3f0/6 irq 6 drq 2
fd0 at fdc0 drive 0: 1.44MB 80 cyl, 2 head, 18 sec
biomask ff65 netmask ff65 ttymask ffe7
pctr: user-level cycle counter enabled
mtrr: Pentium Pro MTRR support
dkcsum: wd0 matched BIOS disk 80
root on wd0a
rootdev=0x0 rrootdev=0x300 rawdev=0x302
re: no core dump
: rebooted by root
d: exiting on signal 15
d: restart
OpenBSD 3.7 (GENERIC) #50: Sun Mar 20 00:01:57 MST 2005
    xxx@xxx.xxx:/usr/src/sys/arch/i386/compile/GENERIC
cpu0: AMD Athlon(tm) XP 3000+ (&quot;AuthenticAMD&quot; 686-class) 2.17 GHz
cpu0: FPU,V86,DE,PSE,TSC,MSR,PAE,MCE,CX8,APIC,SEP,MTRR,PGE,MCA,CMOV,PAT,PSE36,MMX,FXSR,SSE
real mem  = 469278720 (458280K)
avail mem = 421109760 (411240K)
using 4278 buffers containing 23568384 bytes (23016K) of memory
mainbus0 (root)
bios0 at mainbus0: AT/286+(9f) BIOS, date 02/16/05, BIOS32 rev. 0 @ 0xfbaa0
apm0 at bios0: Power Management spec V1.2
apm0: AC on, battery charge unknown
pcibios0 at bios0: rev 2.1 @ 0xf0000/0xdda4
pcibios0: PCI IRQ Routing Table rev 1.0 @ 0xfdd10/144 (7 entries)
pcibios0: PCI Exclusive IRQs: 10 11 12
pcibios0: PCI Interrupt Router at 000:17:0 (&quot;VIA VT82C596A ISA&quot; rev 0x00)
pcibios0: PCI bus #1 is the last bus
bios0: ROM list: 0xc0000/0x7e00
cpu0 at mainbus0
pci0 at mainbus0 bus 0: configuration mode 1 (no bios)
pchb0 at pci0 dev 0 function 0 &quot;VIA VT8378 PCI&quot; rev 0x00
ppb0 at pci0 dev 1 function 0 &quot;VIA VT8377 AGP&quot; rev 0x00
pci1 at ppb0 bus 1
vga1 at pci1 dev 0 function 0 &quot;VIA VT8378 VGA&quot; rev 0x01: aperture at 0xe8000000, size 0x10000000
wsdisplay0 at vga1: console (80x25, vt100 emulation)
wsdisplay0: screen 1-5 added (80x25, vt100 emulation)
re0 at pci0 dev 7 function 0 &quot;Realtek 8169&quot; rev 0x10: irq 12, address xx:xx:xx:xx:xx:xx
rgephy0 at re0 phy 7: RTL8169S/8110S PHY, rev. 0
pciide0 at pci0 dev 15 function 0 &quot;VIA VT8237 SATA&quot; rev 0x80: DMA
pciide0: using irq 11 for native-PCI interrupt
pciide1 at pci0 dev 15 function 1 &quot;VIA VT82C571 IDE&quot; rev 0x06: ATA133, channel 0 configured to compatibility, channel 1 configured to compatibility
wd0 at pciide1 channel 0 drive 0: &lt;Maxtor 6Y060L0&gt;
wd0: 16-sector PIO, LBA, 58644MB, 120103200 sectors
wd0(pciide1:0:0): using PIO mode 4, Ultra-DMA mode 6
atapiscsi0 at pciide1 channel 1 drive 1
scsibus0 at atapiscsi0: 2 targets
cd0 at scsibus0 targ 0 lun 0: &lt;HL-DT-ST, DVD-ROM GDR8163B, 0L23&gt; SCSI0 5/cdrom removable
cd0(pciide1:1:1): using PIO mode 4, Ultra-DMA mode 2
uhci0 at pci0 dev 16 function 0 &quot;VIA VT83C572 USB&quot; rev 0x81: irq 10
usb0 at uhci0: USB revision 1.0
uhub0 at usb0
uhub0: VIA UHCI root hub, class 9/0, rev 1.00/1.00, addr 1
uhub0: 2 ports with 2 removable, self powered
uhci1 at pci0 dev 16 function 1 &quot;VIA VT83C572 USB&quot; rev 0x81: irq 10
usb1 at uhci1: USB revision 1.0
uhub1 at usb1
uhub1: VIA UHCI root hub, class 9/0, rev 1.00/1.00, addr 1
uhub1: 2 ports with 2 removable, self powered
uhci2 at pci0 dev 16 function 2 &quot;VIA VT83C572 USB&quot; rev 0x81: irq 11
usb2 at uhci2: USB revision 1.0
uhub2 at usb2
uhub2: VIA UHCI root hub, class 9/0, rev 1.00/1.00, addr 1
uhub2: 2 ports with 2 removable, self powered
uhci3 at pci0 dev 16 function 3 &quot;VIA VT83C572 USB&quot; rev 0x81: irq 11
usb3 at uhci3: USB revision 1.0
uhub3 at usb3
uhub3: VIA UHCI root hub, class 9/0, rev 1.00/1.00, addr 1
uhub3: 2 ports with 2 removable, self powered
ehci0 at pci0 dev 16 function 4 &quot;VIA VT6202 USB&quot; rev 0x86: irq 12
ehci0: EHCI version 1.0
ehci0: companion controllers, 2 ports each: uhci0 uhci1 uhci2 uhci3
usb4 at ehci0: USB revision 2.0
uhub4 at usb4
uhub4: VIA EHCI root hub, class 9/0, rev 2.00/1.00, addr 1
uhub4: single transaction translator
uhub4: 8 ports with 8 removable, self powered
pcib0 at pci0 dev 17 function 0 &quot;VIA VT8237 ISA&quot; rev 0x00
auvia0 at pci0 dev 17 function 5 &quot;VIA VT8233 AC97&quot; rev 0x60: irq 12
ac97: codec id 0x56494170 (VIA Technologies &lt;70&gt;)
ac97: codec features headphone, 18 bit DAC, 18 bit ADC, KS Waves 3D
audio0 at auvia0
vr0 at pci0 dev 18 function 0 &quot;VIA RhineII-2&quot; rev 0x78: irq 10 address xx:xx:xx:xx:xx:xx
ukphy0 at vr0 phy 1: Generic IEEE 802.3u media interface
ukphy0: OUI 0x004063, model 0x0032, rev. 10
isa0 at pcib0
isadma0 at isa0
pckbc0 at isa0 port 0x60/5
pckbd0 at pckbc0 (kbd slot)
pckbc0: using irq 1 for kbd slot
wskbd0 at pckbd0 (mux 1 ignored for console): console keyboard, using wsdisplay0
pcppi0 at isa0 port 0x61
midi0 at pcppi0: &lt;PC speaker&gt;
sysbeep0 at pcppi0
lpt0 at isa0 port 0x378/4 irq 7
lm0 at isa0 port 0x290/8: W83697HF
npx0 at isa0 port 0xf0/16: using exception 16
pccom0 at isa0 port 0x3f8/8 irq 4: ns16550a, 16 byte fifo
pccom1 at isa0 port 0x2f8/8 irq 3: ns16550a, 16 byte fifo
fdc0 at isa0 port 0x3f0/6 irq 6 drq 2
fd0 at fdc0 drive 0: 1.44MB 80 cyl, 2 head, 18 sec
biomask ff65 netmask ff65 ttymask ffe7
pctr: user-level cycle counter enabled
mtrr: Pentium Pro MTRR support
dkcsum: wd0 matched BIOS disk 80
root on wd0a
rootdev=0x0 rrootdev=0x300 rawdev=0x302
re: no core dump
: rebooted by root
d: exiting on signal 15
d: restart
OpenBSD 3.7 (GENERIC) #50: Sun Mar 20 00:01:57 MST 2005
    xxx@xxx.xxx:/usr/src/sys/arch/i386/compile/GENERIC
cpu0: AMD Athlon(tm) XP 3000+ (&quot;AuthenticAMD&quot; 686-class) 2.17 GHz
cpu0: FPU,V86,DE,PSE,TSC,MSR,PAE,MCE,CX8,APIC,SEP,MTRR,PGE,MCA,CMOV,PAT,PSE36,MMX,FXSR,SSE
real mem  = 469278720 (458280K)
avail mem = 421109760 (411240K)
using 4278 buffers containing 23568384 bytes (23016K) of memory
mainbus0 (root)
bios0 at mainbus0: AT/286+(9f) BIOS, date 02/16/05, BIOS32 rev. 0 @ 0xfbaa0
apm0 at bios0: Power Management spec V1.2
apm0: AC on, battery charge unknown
pcibios0 at bios0: rev 2.1 @ 0xf0000/0xdda4
pcibios0: PCI IRQ Routing Table rev 1.0 @ 0xfdd10/144 (7 entries)
pcibios0: PCI Exclusive IRQs: 10 11 12
pcibios0: PCI Interrupt Router at 000:17:0 (&quot;VIA VT82C596A ISA&quot; rev 0x00)
pcibios0: PCI bus #1 is the last bus
bios0: ROM list: 0xc0000/0x7e00
cpu0 at mainbus0
pci0 at mainbus0 bus 0: configuration mode 1 (no bios)
pchb0 at pci0 dev 0 function 0 &quot;VIA VT8378 PCI&quot; rev 0x00
ppb0 at pci0 dev 1 function 0 &quot;VIA VT8377 AGP&quot; rev 0x00
pci1 at ppb0 bus 1
vga1 at pci1 dev 0 function 0 &quot;VIA VT8378 VGA&quot; rev 0x01: aperture at 0xe8000000, size 0x10000000
wsdisplay0 at vga1: console (80x25, vt100 emulation)
wsdisplay0: screen 1-5 added (80x25, vt100 emulation)
re0 at pci0 dev 7 function 0 &quot;Realtek 8169&quot; rev 0x10: irq 12, address xx:xx:xx:xx:xx:xx
rgephy0 at re0 phy 7: RTL8169S/8110S PHY, rev. 0
re0: diagnostic failed, failed to receive packet in loopback mode
re0: attach aborted due to hardware diag failure
pciide0 at pci0 dev 15 function 0 &quot;VIA VT8237 SATA&quot; rev 0x80: DMA
pciide0: using irq 11 for native-PCI interrupt
pciide1 at pci0 dev 15 function 1 &quot;VIA VT82C571 IDE&quot; rev 0x06: ATA133, channel 0 configured to compatibility, channel 1 configured to compatibility
wd0 at pciide1 channel 0 drive 0: &lt;Maxtor 6Y060L0&gt;
wd0: 16-sector PIO, LBA, 58644MB, 120103200 sectors
wd0(pciide1:0:0): using PIO mode 4, Ultra-DMA mode 6
atapiscsi0 at pciide1 channel 1 drive 1
scsibus0 at atapiscsi0: 2 targets
cd0 at scsibus0 targ 0 lun 0: &lt;HL-DT-ST, DVD-ROM GDR8163B, 0L23&gt; SCSI0 5/cdrom removable
cd0(pciide1:1:1): using PIO mode 4, Ultra-DMA mode 2
uhci0 at pci0 dev 16 function 0 &quot;VIA VT83C572 USB&quot; rev 0x81: irq 10
usb0 at uhci0: USB revision 1.0
uhub0 at usb0
uhub0: VIA UHCI root hub, class 9/0, rev 1.00/1.00, addr 1
uhub0: 2 ports with 2 removable, self powered
uhci1 at pci0 dev 16 function 1 &quot;VIA VT83C572 USB&quot; rev 0x81: irq 10
usb1 at uhci1: USB revision 1.0
uhub1 at usb1
uhub1: VIA UHCI root hub, class 9/0, rev 1.00/1.00, addr 1
uhub1: 2 ports with 2 removable, self powered
uhci2 at pci0 dev 16 function 2 &quot;VIA VT83C572 USB&quot; rev 0x81: irq 11
usb2 at uhci2: USB revision 1.0
uhub2 at usb2
uhub2: VIA UHCI root hub, class 9/0, rev 1.00/1.00, addr 1
uhub2: 2 ports with 2 removable, self powered
uhci3 at pci0 dev 16 function 3 &quot;VIA VT83C572 USB&quot; rev 0x81: irq 11
usb3 at uhci3: USB revision 1.0
uhub3 at usb3
uhub3: VIA UHCI root hub, class 9/0, rev 1.00/1.00, addr 1
uhub3: 2 ports with 2 removable, self powered
ehci0 at pci0 dev 16 function 4 &quot;VIA VT6202 USB&quot; rev 0x86: irq 12
ehci0: EHCI version 1.0
ehci0: companion controllers, 2 ports each: uhci0 uhci1 uhci2 uhci3
usb4 at ehci0: USB revision 2.0
uhub4 at usb4
uhub4: VIA EHCI root hub, class 9/0, rev 2.00/1.00, addr 1
uhub4: single transaction translator
uhub4: 8 ports with 8 removable, self powered
pcib0 at pci0 dev 17 function 0 &quot;VIA VT8237 ISA&quot; rev 0x00
auvia0 at pci0 dev 17 function 5 &quot;VIA VT8233 AC97&quot; rev 0x60: irq 12
ac97: codec id 0x56494170 (VIA Technologies &lt;70&gt;)
ac97: codec features headphone, 18 bit DAC, 18 bit ADC, KS Waves 3D
audio0 at auvia0
vr0 at pci0 dev 18 function 0 &quot;VIA RhineII-2&quot; rev 0x78: irq 10 address xx:xx:xx:xx:xx:xx
ukphy0 at vr0 phy 1: Generic IEEE 802.3u media interface
ukphy0: OUI 0x004063, model 0x0032, rev. 10
isa0 at pcib0
isadma0 at isa0
pckbc0 at isa0 port 0x60/5
pckbd0 at pckbc0 (kbd slot)
pckbc0: using irq 1 for kbd slot
wskbd0 at pckbd0 (mux 1 ignored for console): console keyboard, using wsdisplay0
pcppi0 at isa0 port 0x61
midi0 at pcppi0: &lt;PC speaker&gt;
sysbeep0 at pcppi0
lpt0 at isa0 port 0x378/4 irq 7
lm0 at isa0 port 0x290/8: W83697HF
npx0 at isa0 port 0xf0/16: using exception 16
pccom0 at isa0 port 0x3f8/8 irq 4: ns16550a, 16 byte fifo
pccom1 at isa0 port 0x2f8/8 irq 3: ns16550a, 16 byte fifo
fdc0 at isa0 port 0x3f0/6 irq 6 drq 2
fd0 at fdc0 drive 0: 1.44MB 80 cyl, 2 head, 18 sec
biomask ff65 netmask ff65 ttymask ffe7
pctr: user-level cycle counter enabled
mtrr: Pentium Pro MTRR support
dkcsum: wd0 matched BIOS disk 80
root on wd0a
rootdev=0x0 rrootdev=0x300 rawdev=0x302
re: no core dump
: rebooted by root
d: exiting on signal 15
d: restart
syncing disks... OpenBSD 3.7 (GENERIC) #50: Sun Mar 20 00:01:57 MST 2005
    xxx@xxx.xxx:/usr/src/sys/arch/i386/compile/GENERIC
cpu0: AMD Athlon(tm) XP 3000+ (&quot;AuthenticAMD&quot; 686-class) 2.17 GHz
cpu0: FPU,V86,DE,PSE,TSC,MSR,PAE,MCE,CX8,APIC,SEP,MTRR,PGE,MCA,CMOV,PAT,PSE36,MMX,FXSR,SSE
real mem  = 469278720 (458280K)
avail mem = 421109760 (411240K)
using 4278 buffers containing 23568384 bytes (23016K) of memory
mainbus0 (root)
bios0 at mainbus0: AT/286+(9f) BIOS, date 02/16/05, BIOS32 rev. 0 @ 0xfbaa0
apm0 at bios0: Power Management spec V1.2
apm0: AC on, battery charge unknown
pcibios0 at bios0: rev 2.1 @ 0xf0000/0xdda4
pcibios0: PCI IRQ Routing Table rev 1.0 @ 0xfdd10/144 (7 entries)
pcibios0: PCI Exclusive IRQs: 10 11 12
pcibios0: PCI Interrupt Router at 000:17:0 (&quot;VIA VT82C596A ISA&quot; rev 0x00)
pcibios0: PCI bus #1 is the last bus
bios0: ROM list: 0xc0000/0x7e00
cpu0 at mainbus0
pci0 at mainbus0 bus 0: configuration mode 1 (no bios)
pchb0 at pci0 dev 0 function 0 &quot;VIA VT8378 PCI&quot; rev 0x00
ppb0 at pci0 dev 1 function 0 &quot;VIA VT8377 AGP&quot; rev 0x00
pci1 at ppb0 bus 1
vga1 at pci1 dev 0 function 0 &quot;VIA VT8378 VGA&quot; rev 0x01: aperture at 0xe8000000, size 0x10000000
wsdisplay0 at vga1: console (80x25, vt100 emulation)
wsdisplay0: screen 1-5 added (80x25, vt100 emulation)
re0 at pci0 dev 7 function 0 &quot;Realtek 8169&quot; rev 0x10: irq 12, address xx:xx:xx:xx:xx:xx
rgephy0 at re0 phy 7: RTL8169S/8110S PHY, rev. 0
re0: diagnostic failed, failed to receive packet in loopback mode
re0: attach aborted due to hardware diag failure
pciide0 at pci0 dev 15 function 0 &quot;VIA VT8237 SATA&quot; rev 0x80: DMA
pciide0: using irq 11 for native-PCI interrupt
pciide1 at pci0 dev 15 function 1 &quot;VIA VT82C571 IDE&quot; rev 0x06: ATA133, channel 0 configured to compatibility, channel 1 configured to compatibility
wd0 at pciide1 channel 0 drive 0: &lt;Maxtor 6Y060L0&gt;
wd0: 16-sector PIO, LBA, 58644MB, 120103200 sectors
wd0(pciide1:0:0): using PIO mode 4, Ultra-DMA mode 6
atapiscsi0 at pciide1 channel 1 drive 1
scsibus0 at atapiscsi0: 2 targets
cd0 at scsibus0 targ 0 lun 0: &lt;HL-DT-ST, DVD-ROM GDR8163B, 0L23&gt; SCSI0 5/cdrom removable
cd0(pciide1:1:1): using PIO mode 4, Ultra-DMA mode 2
uhci0 at pci0 dev 16 function 0 &quot;VIA VT83C572 USB&quot; rev 0x81: irq 10
usb0 at uhci0: USB revision 1.0
uhub0 at usb0
uhub0: VIA UHCI root hub, class 9/0, rev 1.00/1.00, addr 1
uhub0: 2 ports with 2 removable, self powered
uhci1 at pci0 dev 16 function 1 &quot;VIA VT83C572 USB&quot; rev 0x81: irq 10
usb1 at uhci1: USB revision 1.0
uhub1 at usb1
uhub1: VIA UHCI root hub, class 9/0, rev 1.00/1.00, addr 1
uhub1: 2 ports with 2 removable, self powered
uhci2 at pci0 dev 16 function 2 &quot;VIA VT83C572 USB&quot; rev 0x81: irq 11
usb2 at uhci2: USB revision 1.0
uhub2 at usb2
uhub2: VIA UHCI root hub, class 9/0, rev 1.00/1.00, addr 1
uhub2: 2 ports with 2 removable, self powered
uhci3 at pci0 dev 16 function 3 &quot;VIA VT83C572 USB&quot; rev 0x81: irq 11
usb3 at uhci3: USB revision 1.0
uhub3 at usb3
uhub3: VIA UHCI root hub, class 9/0, rev 1.00/1.00, addr 1
uhub3: 2 ports with 2 removable, self powered
ehci0 at pci0 dev 16 function 4 &quot;VIA VT6202 USB&quot; rev 0x86: irq 12
ehci0: EHCI version 1.0
ehci0: companion controllers, 2 ports each: uhci0 uhci1 uhci2 uhci3
usb4 at ehci0: USB revision 2.0
uhub4 at usb4
uhub4: VIA EHCI root hub, class 9/0, rev 2.00/1.00, addr 1
uhub4: single transaction translator
uhub4: 8 ports with 8 removable, self powered
pcib0 at pci0 dev 17 function 0 &quot;VIA VT8237 ISA&quot; rev 0x00
auvia0 at pci0 dev 17 function 5 &quot;VIA VT8233 AC97&quot; rev 0x60: irq 12
ac97: codec id 0x56494170 (VIA Technologies &lt;70&gt;)
ac97: codec features headphone, 18 bit DAC, 18 bit ADC, KS Waves 3D
audio0 at auvia0
vr0 at pci0 dev 18 function 0 &quot;VIA RhineII-2&quot; rev 0x78: irq 10 address xx:xx:xx:xx:xx:xx
ukphy0 at vr0 phy 1: Generic IEEE 802.3u media interface
ukphy0: OUI 0x004063, model 0x0032, rev. 10
isa0 at pcib0
isadma0 at isa0
pckbc0 at isa0 port 0x60/5
pckbd0 at pckbc0 (kbd slot)
pckbc0: using irq 1 for kbd slot
wskbd0 at pckbd0 (mux 1 ignored for console): console keyboard, using wsdisplay0
pcppi0 at isa0 port 0x61
midi0 at pcppi0: &lt;PC speaker&gt;
sysbeep0 at pcppi0
lpt0 at isa0 port 0x378/4 irq 7
lm0 at isa0 port 0x290/8: W83697HF
npx0 at isa0 port 0xf0/16: using exception 16
pccom0 at isa0 port 0x3f8/8 irq 4: ns16550a, 16 byte fifo
pccom1 at isa0 port 0x2f8/8 irq 3: ns16550a, 16 byte fifo
fdc0 at isa0 port 0x3f0/6 irq 6 drq 2
fd0 at fdc0 drive 0: 1.44MB 80 cyl, 2 head, 18 sec
biomask ff65 netmask ff65 ttymask ffe7
pctr: user-level cycle counter enabled
mtrr: Pentium Pro MTRR support
dkcsum: wd0 matched BIOS disk 80
root on wd0a
rootdev=0x0 rrootdev=0x300 rawdev=0x302
re: no core dump
: rebooted by root
d: exiting on signal 15
d: restart
OpenBSD 3.7 (GENERIC) #50: Sun Mar 20 00:01:57 MST 2005
    xxx@xxx.xxx:/usr/src/sys/arch/i386/compile/GENERIC
cpu0: AMD Athlon(tm) XP 3000+ (&quot;AuthenticAMD&quot; 686-class) 2.17 GHz
cpu0: FPU,V86,DE,PSE,TSC,MSR,PAE,MCE,CX8,APIC,SEP,MTRR,PGE,MCA,CMOV,PAT,PSE36,MMX,FXSR,SSE
real mem  = 469278720 (458280K)
avail mem = 421109760 (411240K)
using 4278 buffers containing 23568384 bytes (23016K) of memory
mainbus0 (root)
bios0 at mainbus0: AT/286+(9f) BIOS, date 02/16/05, BIOS32 rev. 0 @ 0xfbaa0
apm0 at bios0: Power Management spec V1.2
apm0: AC on, battery charge unknown
pcibios0 at bios0: rev 2.1 @ 0xf0000/0xdda4
pcibios0: PCI IRQ Routing Table rev 1.0 @ 0xfdd10/144 (7 entries)
pcibios0: PCI Exclusive IRQs: 10 11 12
pcibios0: PCI Interrupt Router at 000:17:0 (&quot;VIA VT82C596A ISA&quot; rev 0x00)
pcibios0: PCI bus #1 is the last bus
bios0: ROM list: 0xc0000/0x7e00
cpu0 at mainbus0
pci0 at mainbus0 bus 0: configuration mode 1 (no bios)
pchb0 at pci0 dev 0 function 0 &quot;VIA VT8378 PCI&quot; rev 0x00
ppb0 at pci0 dev 1 function 0 &quot;VIA VT8377 AGP&quot; rev 0x00
pci1 at ppb0 bus 1
vga1 at pci1 dev 0 function 0 &quot;VIA VT8378 VGA&quot; rev 0x01: aperture at 0xe8000000, size 0x10000000
wsdisplay0 at vga1: console (80x25, vt100 emulation)
wsdisplay0: screen 1-5 added (80x25, vt100 emulation)
re0 at pci0 dev 7 function 0 &quot;Realtek 8169&quot; rev 0x10: irq 12, address xx:xx:xx:xx:xx:xx
rgephy0 at re0 phy 7: RTL8169S/8110S PHY, rev. 0
pciide0 at pci0 dev 15 function 0 &quot;VIA VT8237 SATA&quot; rev 0x80: DMA
pciide0: using irq 11 for native-PCI interrupt
pciide1 at pci0 dev 15 function 1 &quot;VIA VT82C571 IDE&quot; rev 0x06: ATA133, channel 0 configured to compatibility, channel 1 configured to compatibility
wd0 at pciide1 channel 0 drive 0: &lt;Maxtor 6Y060L0&gt;
wd0: 16-sector PIO, LBA, 58644MB, 120103200 sectors
wd0(pciide1:0:0): using PIO mode 4, Ultra-DMA mode 6
atapiscsi0 at pciide1 channel 1 drive 1
scsibus0 at atapiscsi0: 2 targets
cd0 at scsibus0 targ 0 lun 0: &lt;HL-DT-ST, DVD-ROM GDR8163B, 0L23&gt; SCSI0 5/cdrom removable
cd0(pciide1:1:1): using PIO mode 4, Ultra-DMA mode 2
uhci0 at pci0 dev 16 function 0 &quot;VIA VT83C572 USB&quot; rev 0x81: irq 10
usb0 at uhci0: USB revision 1.0
uhub0 at usb0
uhub0: VIA UHCI root hub, class 9/0, rev 1.00/1.00, addr 1
uhub0: 2 ports with 2 removable, self powered
uhci1 at pci0 dev 16 function 1 &quot;VIA VT83C572 USB&quot; rev 0x81: irq 10
usb1 at uhci1: USB revision 1.0
uhub1 at usb1
uhub1: VIA UHCI root hub, class 9/0, rev 1.00/1.00, addr 1
uhub1: 2 ports with 2 removable, self powered
uhci2 at pci0 dev 16 function 2 &quot;VIA VT83C572 USB&quot; rev 0x81: irq 11
usb2 at uhci2: USB revision 1.0
uhub2 at usb2
uhub2: VIA UHCI root hub, class 9/0, rev 1.00/1.00, addr 1
uhub2: 2 ports with 2 removable, self powered
uhci3 at pci0 dev 16 function 3 &quot;VIA VT83C572 USB&quot; rev 0x81: irq 11
usb3 at uhci3: USB revision 1.0
uhub3 at usb3
uhub3: VIA UHCI root hub, class 9/0, rev 1.00/1.00, addr 1
uhub3: 2 ports with 2 removable, self powered
ehci0 at pci0 dev 16 function 4 &quot;VIA VT6202 USB&quot; rev 0x86: irq 12
ehci0: EHCI version 1.0
ehci0: companion controllers, 2 ports each: uhci0 uhci1 uhci2 uhci3
usb4 at ehci0: USB revision 2.0
uhub4 at usb4
uhub4: VIA EHCI root hub, class 9/0, rev 2.00/1.00, addr 1
uhub4: single transaction translator
uhub4: 8 ports with 8 removable, self powered
pcib0 at pci0 dev 17 function 0 &quot;VIA VT8237 ISA&quot; rev 0x00
auvia0 at pci0 dev 17 function 5 &quot;VIA VT8233 AC97&quot; rev 0x60: irq 12
ac97: codec id 0x56494170 (VIA Technologies &lt;70&gt;)
ac97: codec features headphone, 18 bit DAC, 18 bit ADC, KS Waves 3D
audio0 at auvia0
vr0 at pci0 dev 18 function 0 &quot;VIA RhineII-2&quot; rev 0x78: irq 10 address xx:xx:xx:xx:xx:xx
ukphy0 at vr0 phy 1: Generic IEEE 802.3u media interface
ukphy0: OUI 0x004063, model 0x0032, rev. 10
isa0 at pcib0
isadma0 at isa0
pckbc0 at isa0 port 0x60/5
pckbd0 at pckbc0 (kbd slot)
pckbc0: using irq 1 for kbd slot
wskbd0 at pckbd0 (mux 1 ignored for console): console keyboard, using wsdisplay0
pcppi0 at isa0 port 0x61
midi0 at pcppi0: &lt;PC speaker&gt;
sysbeep0 at pcppi0
lpt0 at isa0 port 0x378/4 irq 7
lm0 at isa0 port 0x290/8: W83697HF
npx0 at isa0 port 0xf0/16: using exception 16
pccom0 at isa0 port 0x3f8/8 irq 4: ns16550a, 16 byte fifo
pccom1 at isa0 port 0x2f8/8 irq 3: ns16550a, 16 byte fifo
fdc0 at isa0 port 0x3f0/6 irq 6 drq 2
fd0 at fdc0 drive 0: 1.44MB 80 cyl, 2 head, 18 sec
biomask ff65 netmask ff65 ttymask ffe7
pctr: user-level cycle counter enabled
mtrr: Pentium Pro MTRR support
dkcsum: wd0 matched BIOS disk 80
root on wd0a
rootdev=0x0 rrootdev=0x300 rawdev=0x302
</pre>



</div><!-- content -->
<br />
<div id="footer">
All comments/news/posts are the property of their individual owner and
is presented without warranty of suitability, and solely as an
informational resource. <br />
This site Copyright &copy; 2004-2020 NYC*BUG.
</div><!-- footer -->

</body>
</html>

