



<!doctype html>
<html lang="en">
<head>
<meta name="keywords"
	content="bsd, freebsd, openbsd, netbsd, dragonflybsd, nycbug, dmesgd" />
<meta name="description" content="New York City BSD User Group dmesgd" />
<meta charset="utf-8" />
<meta name="viewport" content="width=device-width, initial-scale=1" />
<title>NYC*BUG dmesgd</title>
<style>
body {
	text-align: left;
	margin: 15px auto;
	padding: 0px 10px;
}
@media (min-width: 800px) {
	body {
		max-width: 85%;
	}
}
#header {
	border-bottom: 1px solid #dbdbdb;
	font-size: 230%;
	text-align: left;
}
#footer {
	border-top: 1px solid #dbdbdb;
	clear: both;
	text-align: left;
}
.logo_bug {
	color: #cc0033;
}
#menu ul {
	list-style-type: none;
	margin: 0;
	padding: 0;
}
#menu li {
	float: left;
}
#menu li a {
	display: block;
	background-color: #dbdbdb;
	color: #000000;
	font-size: 105%;
	font-weight: bold;
	padding: 0px 6px 0px 6px;
	text-decoration: none;
}
#content {
	clear: both;
	text-align: left;
	padding-top: 10px;
}
#content h1 {
	font-size: 120%;
	font-weight: bold;
}
#content h2 {
	font-size: 110%;
	font-weight: bold;
}
#content a {
	text-decoration: none;
}
#content pre {
	background-color: #dbdbdb;
	padding: 5px 5px 5px 5px;
	white-space: pre-wrap;		/* css-3 */
	white-space: -moz-pre-wrap;	/* Mozilla, since 1999 */
	white-space: -pre-wrap;		/* Opera 4-6 */
	white-space: -o-pre-wrap;	/* Opera 7 */
	word-wrap: break-word;		/* Internet Explorer 5.5+ */
}
#content table {
	border-collapse: collapse;
}
#content table th {
	border: 1px solid #dbdbdb;
	font-size: 85%;
	white-space: nowrap;
}
#content table td {
	border: 1px solid #dbdbdb;
	font-size: 80%;
}
#content input {
	font-size: 1em;
}
#content .full	{ width: 100%; }
#content .left	{ text-align: left; }
#content .right	{ text-align: right; }
#content .center { text-align: center; }
#content .flexbox {
	display: -ms-flex;
	display: -webkit-flex;
	display: flex;
	width: 100%;
}
#content .left_col {
	min-width: 75px;
	max-width: 50%;
	flex-grow: 0;
}
#content .right_col {
	flex-grow: 1;
	margin-left: 10px;
	padding-top: 10px;
	padding-left: 10px;
}
#col {
	-moz-column-count: 3;
	-webkit-column-count: 3;
	column-count: 3;
}
</style>
</head>
<body>

<div id="header">
<strong><em>NYC*</em><span class="logo_bug">BUG</span> dmesgd</strong>
</div><!-- header -->

<div id="menu">
<ul>
<li><a href="https://dmesgd.nycbug.org/index.cgi?do=index">Home</a></li>
<li><a href="https://dmesgd.nycbug.org/index.cgi?do=submit">Submit</a></li>
<li><a href="https://www.nycbug.org/">NYC*BUG</a></li>
</ul>
</div><!-- menu -->

<div id="content">

<p>
Launched in 2004, dmesgd aims to provide a
<strong>user-submitted</strong> repository of searchable *BSD dmesgs.
The dmesg(8) command displays the system message buffer's content, and
during boot a copy is saved to <em>/var/run/dmesg.boot</em>.  This buffer
contains the operating system release, name and version, a list of
devices identified, plus a whole host of other useful information.  We
hope others find this resource useful and further contribute to its
growth. Contact us at [ admin at lists dot nycbug dot org ].
</p>

<hr />


<strong>Date:</strong> <em>2005-11-07 09:38:54</em><br />
<strong>From:</strong> <em>George</em><br />
<strong>Description:</strong> <em>OpenBSD 3.8 i386 on an AMD Opteron box with one CPU.  Will migrate to AMD64 at some point.  RAID controller is an SATA 3ware 8506-4lp.  Function is rsync/backups, Nagios.</em><br />

<pre>
OpenBSD 3.8 (GENERIC) #138: Sat Sep 10 15:41:37 MDT 2005
    xxx@xxx.xxx:/usr/src/sys/arch/i386/compile/GENERIC
cpu0: AMD Opteron(tm) Processor 246 (&quot;AuthenticAMD&quot; 686-class, 1024KB L2 cache) 2 GHz
cpu0: FPU,V86,DE,PSE,TSC,MSR,PAE,MCE,CX8,APIC,SEP,MTRR,PGE,MCA,CMOV,PAT,PSE36,CFLUSH,MMX,FXSR,SSE,SSE2
cpu0: AMD Powernow: FID VID TTP TM
real mem  = 2147065856 (2096744K)
avail mem = 1953026048 (1907252K)
using 4278 buffers containing 107454464 bytes (104936K) of memory
mainbus0 (root)
bios0 at mainbus0: AT/286+(00) BIOS, date 06/14/05, BIOS32 rev. 0 @ 0xf0010
pcibios0 at bios0: rev 2.1 @ 0xf0000/0x10000
pcibios0: PCI IRQ Routing Table rev 1.0 @ 0xf4c00/224 (12 entries)
pcibios0: no compatible PCI ICU found: ICU vendor 0x1022 product 0x746b
pcibios0: Warning, unable to fix up PCI interrupt routing
pcibios0: PCI bus #2 is the last bus
bios0: ROM list: 0xc0000/0xf800 0xcf800/0x1000
cpu0 at mainbus0
pci0 at mainbus0 bus 0: configuration mode 1 (no bios)
pchb0 at pci0 dev 0 function 0 &quot;AMD 8151 Sys Control&quot; rev 0x14
ppb0 at pci0 dev 1 function 0 &quot;AMD 8151 AGP&quot; rev 0x14
pci1 at ppb0 bus 1
vga1 at pci1 dev 0 function 0 &quot;Nvidia GeForce4 MX 4000&quot; rev 0xc1
wsdisplay0 at vga1 mux 1: console (80x25, vt100 emulation)
wsdisplay0: screen 1-5 added (80x25, vt100 emulation)
ppb1 at pci0 dev 6 function 0 &quot;AMD 8111 PCI-PCI&quot; rev 0x07
pci2 at ppb1 bus 2
ohci0 at pci2 dev 0 function 0 &quot;AMD 8111 USB&quot; rev 0x0b: irq 9, version 1.0, legacy support
usb0 at ohci0: USB revision 1.0
uhub0 at usb0
uhub0: AMD OHCI root hub, rev 1.00/1.00, addr 1
uhub0: 3 ports with 3 removable, self powered
ohci1 at pci2 dev 0 function 1 &quot;AMD 8111 USB&quot; rev 0x0b: irq 9, version 1.0, legacy support
usb1 at ohci1: USB revision 1.0
uhub1 at usb1
uhub1: AMD OHCI root hub, rev 1.00/1.00, addr 1
uhub1: 3 ports with 3 removable, self powered
em0 at pci2 dev 3 function 0 &quot;Intel PRO/1000MT (82541GI)&quot; rev 0x00: irq 5, address: xx:xx:xx:xx:xx:xx
pciide0 at pci2 dev 5 function 0 &quot;CMD Technology SiI3114 SATA&quot; rev 0x02: DMA
pciide0: using irq 9 for native-PCI interrupt
skc0 at pci2 dev 8 function 0 &quot;D-Link Systems DGE-530T&quot; rev 0x11: irq 10
skc0: Marvell Yukon (0x1)
sk0 at skc0 port A: address xx:xx:xx:xx:xx:xx
eephy0 at sk0 phy 0: Marvell 88E1011 Gigabit PHY, rev. 3
twe0 at pci2 dev 9 function 0 &quot;3ware Escalade IDE RAID&quot; rev 0x01: irq 11
twe0: Escalade V1.3
scsibus0 at twe0: 16 targets
sd0 at scsibus0 targ 0 lun 0: &lt;3WARE, Host drive #00, &gt; SCSI2 0/direct fixed
sd0: 572334MB, 72962 cyl, 255 head, 63 sec, 512 bytes/sec, 1172140544 sec total
&quot;VIA VT6306 FireWire&quot; rev 0x80 at pci2 dev 10 function 0 not configured
uhci0 at pci2 dev 11 function 0 &quot;VIA VT83C572 USB&quot; rev 0x61: irq 10
usb2 at uhci0: USB revision 1.0
uhub2 at usb2
uhub2: VIA UHCI root hub, rev 1.00/1.00, addr 1
uhub2: 2 ports with 2 removable, self powered
uhci1 at pci2 dev 11 function 1 &quot;VIA VT83C572 USB&quot; rev 0x61: irq 5
usb3 at uhci1: USB revision 1.0
uhub3 at usb3
uhub3: VIA UHCI root hub, rev 1.00/1.00, addr 1
uhub3: 2 ports with 2 removable, self powered
ehci0 at pci2 dev 11 function 2 &quot;VIA VT6202 USB&quot; rev 0x63: irq 9
usb4 at ehci0: USB revision 2.0
uhub4 at usb4
uhub4: VIA EHCI root hub, rev 2.00/1.00, addr 1
uhub4: 4 ports with 4 removable, self powered
pcib0 at pci0 dev 7 function 0 &quot;AMD AMD8111 LPC&quot; rev 0x05
pciide1 at pci0 dev 7 function 1 &quot;AMD 8111 IDE&quot; rev 0x03: DMA, channel 0 configured to compatibility, channel 1 configured to compatibility
pciide1: channel 0 disabled (no drives)
atapiscsi0 at pciide1 channel 1 drive 1
scsibus1 at atapiscsi0: 2 targets
cd0 at scsibus1 targ 0 lun 0: &lt;TEAC, CD-224E, 1.9A&gt; SCSI0 5/cdrom removable
cd0(pciide1:1:1): using PIO mode 4, Ultra-DMA mode 2
&quot;AMD 8111 SMBus&quot; rev 0x02 at pci0 dev 7 function 2 not configured
&quot;AMD 8111 ACPI&quot; rev 0x05 at pci0 dev 7 function 3 not configured
auich0 at pci0 dev 7 function 5 &quot;AMD 8111 AC97&quot; rev 0x03: irq 10, AMD8111 AC97
ac97: codec id 0x414c4760 (Avance Logic ALC655)
audio0 at auich0
pchb1 at pci0 dev 24 function 0 &quot;AMD AMD64 HyperTransport&quot; rev 0x00
pchb2 at pci0 dev 24 function 1 &quot;AMD AMD64 Address Map&quot; rev 0x00
pchb3 at pci0 dev 24 function 2 &quot;AMD AMD64 DRAM Cfg&quot; rev 0x00
pchb4 at pci0 dev 24 function 3 &quot;AMD AMD64 Misc Cfg&quot; rev 0x00
isa0 at pcib0
isadma0 at isa0
pckbc0 at isa0 port 0x60/5
pckbd0 at pckbc0 (kbd slot)
pckbc0: using irq 1 for kbd slot
wskbd0 at pckbd0: console keyboard, using wsdisplay0
pcppi0 at isa0 port 0x61
midi0 at pcppi0: &lt;PC speaker&gt;
spkr0 at pcppi0
sysbeep0 at pcppi0
lpt0 at isa0 port 0x378/4 irq 7
lm0 at isa0 port 0x290/8: W83627HF
npx0 at isa0 port 0xf0/16: using exception 16
pccom0 at isa0 port 0x3f8/8 irq 4: ns16550a, 16 byte fifo
fdc0 at isa0 port 0x3f0/6 irq 6 drq 2
fd0 at fdc0 drive 0: 1.44MB 80 cyl, 2 head, 18 sec
biomask ff6d netmask ff6d ttymask ffef
pctr: user-level cycle counter enabled
dkcsum: sd0 matches BIOS drive 0x80
root on sd0a
rootdev=0x400 rrootdev=0xd00 rawdev=0xd02
</pre>



</div><!-- content -->
<br />
<div id="footer">
All comments/news/posts are the property of their individual owner and
is presented without warranty of suitability, and solely as an
informational resource. <br />
This site Copyright &copy; 2004-2020 NYC*BUG.
</div><!-- footer -->

</body>
</html>

