



<!doctype html>
<html lang="en">
<head>
<meta name="keywords"
	content="bsd, freebsd, openbsd, netbsd, dragonflybsd, nycbug, dmesgd" />
<meta name="description" content="New York City BSD User Group dmesgd" />
<meta charset="utf-8" />
<meta name="viewport" content="width=device-width, initial-scale=1" />
<title>NYC*BUG dmesgd</title>
<style>
body {
	text-align: left;
	margin: 15px auto;
	padding: 0px 10px;
}
@media (min-width: 800px) {
	body {
		max-width: 85%;
	}
}
#header {
	border-bottom: 1px solid #dbdbdb;
	font-size: 230%;
	text-align: left;
}
#footer {
	border-top: 1px solid #dbdbdb;
	clear: both;
	text-align: left;
}
.logo_bug {
	color: #cc0033;
}
#menu ul {
	list-style-type: none;
	margin: 0;
	padding: 0;
}
#menu li {
	float: left;
}
#menu li a {
	display: block;
	background-color: #dbdbdb;
	color: #000000;
	font-size: 105%;
	font-weight: bold;
	padding: 0px 6px 0px 6px;
	text-decoration: none;
}
#content {
	clear: both;
	text-align: left;
	padding-top: 10px;
}
#content h1 {
	font-size: 120%;
	font-weight: bold;
}
#content h2 {
	font-size: 110%;
	font-weight: bold;
}
#content a {
	text-decoration: none;
}
#content pre {
	background-color: #dbdbdb;
	padding: 5px 5px 5px 5px;
	white-space: pre-wrap;		/* css-3 */
	white-space: -moz-pre-wrap;	/* Mozilla, since 1999 */
	white-space: -pre-wrap;		/* Opera 4-6 */
	white-space: -o-pre-wrap;	/* Opera 7 */
	word-wrap: break-word;		/* Internet Explorer 5.5+ */
}
#content table {
	border-collapse: collapse;
}
#content table th {
	border: 1px solid #dbdbdb;
	font-size: 85%;
	white-space: nowrap;
}
#content table td {
	border: 1px solid #dbdbdb;
	font-size: 80%;
}
#content input {
	font-size: 1em;
}
#content .full	{ width: 100%; }
#content .left	{ text-align: left; }
#content .right	{ text-align: right; }
#content .center { text-align: center; }
#content .flexbox {
	display: -ms-flex;
	display: -webkit-flex;
	display: flex;
	width: 100%;
}
#content .left_col {
	min-width: 75px;
	max-width: 50%;
	flex-grow: 0;
}
#content .right_col {
	flex-grow: 1;
	margin-left: 10px;
	padding-top: 10px;
	padding-left: 10px;
}
#col {
	-moz-column-count: 3;
	-webkit-column-count: 3;
	column-count: 3;
}
</style>
</head>
<body>

<div id="header">
<strong><em>NYC*</em><span class="logo_bug">BUG</span> dmesgd</strong>
</div><!-- header -->

<div id="menu">
<ul>
<li><a href="https://dmesgd.nycbug.org/index.cgi?do=index">Home</a></li>
<li><a href="https://dmesgd.nycbug.org/index.cgi?do=submit">Submit</a></li>
<li><a href="https://www.nycbug.org/">NYC*BUG</a></li>
</ul>
</div><!-- menu -->

<div id="content">

<p>
Launched in 2004, dmesgd aims to provide a
<strong>user-submitted</strong> repository of searchable *BSD dmesgs.
The dmesg(8) command displays the system message buffer's content, and
during boot a copy is saved to <em>/var/run/dmesg.boot</em>.  This buffer
contains the operating system release, name and version, a list of
devices identified, plus a whole host of other useful information.  We
hope others find this resource useful and further contribute to its
growth. Contact us at [ admin at lists dot nycbug dot org ].
</p>

<hr />


<strong>Date:</strong> <em>2005-11-07 09:42:13</em><br />
<strong>From:</strong> <em>George</em><br />
<strong>Description:</strong> <em>OpenBSD 3.7/i386 rsync/backup server.</em><br />

<pre>
OpenBSD 3.7 (GENERIC) #50: Sun Mar 20 00:01:57 MST 2005
    xxx@xxx.xxx:/usr/src/sys/arch/i386/compile/GENERIC
cpu0: Intel(R) Xeon(TM) CPU 2.40GHz (&quot;GenuineIntel&quot; 686-class) 2.40 GHz
cpu0: FPU,V86,DE,PSE,TSC,MSR,PAE,MCE,CX8,APIC,SEP,MTRR,PGE,MCA,CMOV,PAT,PSE36,CFLUSH,ACPI,MMX,FXSR,SSE,SSE2,SS,HTT,TM,SBF,CNXT-ID
real mem  = 1073250304 (1048096K)
avail mem = 972836864 (950036K)
using 4278 buffers containing 53764096 bytes (52504K) of memory
mainbus0 (root)
bios0 at mainbus0: AT/286+(e5) BIOS, date 10/09/02, BIOS32 rev. 0 @ 0xfd91e
pcibios0 at bios0: rev 2.1 @ 0xfd880/0x780
pcibios0: PCI IRQ Routing Table rev 1.0 @ 0xfdec0/288 (16 entries)
pcibios0: no compatible PCI ICU found: ICU vendor 0xffff product 0xffff
pcibios0: Warning, unable to fix up PCI interrupt routing
pcibios0: PCI bus #0 is the last bus
bios0: ROM list: 0xc0000/0x8000 0xc8000/0x1800 0xc9800/0x1800 0xcb000/0x1000 0xde000/0x2000!
cpu0 at mainbus0
pci0 at mainbus0 bus 0: configuration mode 1 (no bios)
pchb0 at pci0 dev 0 function 0 &quot;ServerWorks CMIC_LE Host&quot; rev 0x13
pchb1 at pci0 dev 0 function 1 &quot;ServerWorks CMIC_LE Host&quot; rev 0x00
pchb2 at pci0 dev 0 function 2 vendor &quot;ServerWorks&quot;, unknown product 0x0000 rev 0x00
pci1 at pchb2 bus 1
em0 at pci1 dev 4 function 0 &quot;Intel PRO/1000XT (82544GC)&quot; rev 0x02: irq 10, address: xx:xx:xx:xx:xx:xx
twe0 at pci1 dev 9 function 0 &quot;3ware Escalade IDE RAID&quot; rev 0x01: irq 10
twe0: Escalade V1.3
scsibus0 at twe0: 16 targets
sd0 at scsibus0 targ 0 lun 0: &lt;3WARE, Host drive #00, &gt; SCSI2 0/direct fixed
sd0: 228944MB, 29186 cyl, 255 head, 63 sec, 512 bytes/sec, 468879104 sec total
sd1 at scsibus0 targ 3 lun 0: &lt;3WARE, Host drive #03, &gt; SCSI2 0/direct fixed
sd1: 457889MB, 58372 cyl, 255 head, 63 sec, 512 bytes/sec, 937758208 sec total
vga1 at pci0 dev 2 function 0 &quot;ATI Rage XL&quot; rev 0x27
wsdisplay0 at vga1: console (80x25, vt100 emulation)
wsdisplay0: screen 1-5 added (80x25, vt100 emulation)
fxp0 at pci0 dev 3 function 0 &quot;Intel 82557&quot; rev 0x0d, i82550: irq 10, address xx:xx:xx:xx:xx:xx
inphy0 at fxp0 phy 1: i82555 10/100 PHY, rev. 4
pcib0 at pci0 dev 15 function 0 &quot;ServerWorks CSB5 SouthBridge&quot; rev 0x93
pciide0 at pci0 dev 15 function 1 &quot;ServerWorks CSB5 IDE&quot; rev 0x93: DMA
atapiscsi0 at pciide0 channel 0 drive 0
scsibus1 at atapiscsi0: 2 targets
cd0 at scsibus1 targ 0 lun 0: &lt;PLEXTOR, CD-R PX-W5224A, 1.02&gt; SCSI0 5/cdrom removable
cd0(pciide0:0:0): using PIO mode 4, DMA mode 2, Ultra-DMA mode 2
ohci0 at pci0 dev 15 function 2 &quot;ServerWorks OSB4/CSB5 USB&quot; rev 0x05: irq 10, version 1.0, legacy support
ohci0: SMM does not respond, resetting
usb0 at ohci0: USB revision 1.0
uhub0 at usb0
uhub0: ServerWorks OHCI root hub, class 9/0, rev 1.00/1.00, addr 1
uhub0: 4 ports with 4 removable, self powered
pchb3 at pci0 dev 15 function 3 &quot;ServerWorks CSB5 PCI&quot; rev 0x00
pchb4 at pci0 dev 17 function 0 &quot;ServerWorks CIOBX2&quot; rev 0x03
pchb5 at pci0 dev 17 function 2 &quot;ServerWorks CIOBX2&quot; rev 0x03
pci2 at pchb5 bus 2
ahc1 at pci2 dev 9 function 0 &quot;Adaptec AIC-7899 U160&quot; rev 0x01: irq 10
scsibus2 at ahc1: 16 targets
ahc2 at pci2 dev 9 function 1 &quot;Adaptec AIC-7899 U160&quot; rev 0x01: irq 9
scsibus3 at ahc2: 16 targets
isa0 at pcib0
isadma0 at isa0
pckbc0 at isa0 port 0x60/5
pckbd0 at pckbc0 (kbd slot)
pckbc0: using irq 1 for kbd slot
wskbd0 at pckbd0 (mux 1 ignored for console): console keyboard, using wsdisplay0
pcppi0 at isa0 port 0x61
midi0 at pcppi0: &lt;PC speaker&gt;
sysbeep0 at pcppi0
npx0 at isa0 port 0xf0/16: using exception 16
pccom0 at isa0 port 0x3f8/8 irq 4: ns16550a, 16 byte fifo
fdc0 at isa0 port 0x3f0/6 irq 6 drq 2
fd0 at fdc0 drive 0: 1.44MB 80 cyl, 2 head, 18 sec
biomask ffed netmask ffed ttymask ffef
pctr: user-level cycle counter enabled
dkcsum: sd0 matched BIOS disk 80
dkcsum: sd1 matched BIOS disk 81
root on sd0a
rootdev=0x400 rrootdev=0xd00 rawdev=0xd02
</pre>



</div><!-- content -->
<br />
<div id="footer">
All comments/news/posts are the property of their individual owner and
is presented without warranty of suitability, and solely as an
informational resource. <br />
This site Copyright &copy; 2004-2020 NYC*BUG.
</div><!-- footer -->

</body>
</html>

