



<!doctype html>
<html lang="en">
<head>
<meta name="keywords"
	content="bsd, freebsd, openbsd, netbsd, dragonflybsd, nycbug, dmesgd" />
<meta name="description" content="New York City BSD User Group dmesgd" />
<meta charset="utf-8" />
<meta name="viewport" content="width=device-width, initial-scale=1" />
<title>NYC*BUG dmesgd</title>
<style>
body {
	text-align: left;
	margin: 15px auto;
	padding: 0px 10px;
}
@media (min-width: 800px) {
	body {
		max-width: 85%;
	}
}
#header {
	border-bottom: 1px solid #dbdbdb;
	font-size: 230%;
	text-align: left;
}
#footer {
	border-top: 1px solid #dbdbdb;
	clear: both;
	text-align: left;
}
.logo_bug {
	color: #cc0033;
}
#menu ul {
	list-style-type: none;
	margin: 0;
	padding: 0;
}
#menu li {
	float: left;
}
#menu li a {
	display: block;
	background-color: #dbdbdb;
	color: #000000;
	font-size: 105%;
	font-weight: bold;
	padding: 0px 6px 0px 6px;
	text-decoration: none;
}
#content {
	clear: both;
	text-align: left;
	padding-top: 10px;
}
#content h1 {
	font-size: 120%;
	font-weight: bold;
}
#content h2 {
	font-size: 110%;
	font-weight: bold;
}
#content a {
	text-decoration: none;
}
#content pre {
	background-color: #dbdbdb;
	padding: 5px 5px 5px 5px;
	white-space: pre-wrap;		/* css-3 */
	white-space: -moz-pre-wrap;	/* Mozilla, since 1999 */
	white-space: -pre-wrap;		/* Opera 4-6 */
	white-space: -o-pre-wrap;	/* Opera 7 */
	word-wrap: break-word;		/* Internet Explorer 5.5+ */
}
#content table {
	border-collapse: collapse;
}
#content table th {
	border: 1px solid #dbdbdb;
	font-size: 85%;
	white-space: nowrap;
}
#content table td {
	border: 1px solid #dbdbdb;
	font-size: 80%;
}
#content input {
	font-size: 1em;
}
#content .full	{ width: 100%; }
#content .left	{ text-align: left; }
#content .right	{ text-align: right; }
#content .center { text-align: center; }
#content .flexbox {
	display: -ms-flex;
	display: -webkit-flex;
	display: flex;
	width: 100%;
}
#content .left_col {
	min-width: 75px;
	max-width: 50%;
	flex-grow: 0;
}
#content .right_col {
	flex-grow: 1;
	margin-left: 10px;
	padding-top: 10px;
	padding-left: 10px;
}
#col {
	-moz-column-count: 3;
	-webkit-column-count: 3;
	column-count: 3;
}
</style>
</head>
<body>

<div id="header">
<strong><em>NYC*</em><span class="logo_bug">BUG</span> dmesgd</strong>
</div><!-- header -->

<div id="menu">
<ul>
<li><a href="https://dmesgd.nycbug.org/index.cgi?do=index">Home</a></li>
<li><a href="https://dmesgd.nycbug.org/index.cgi?do=submit">Submit</a></li>
<li><a href="https://www.nycbug.org/">NYC*BUG</a></li>
</ul>
</div><!-- menu -->

<div id="content">

<p>
Launched in 2004, dmesgd aims to provide a
<strong>user-submitted</strong> repository of searchable *BSD dmesgs.
The dmesg(8) command displays the system message buffer's content, and
during boot a copy is saved to <em>/var/run/dmesg.boot</em>.  This buffer
contains the operating system release, name and version, a list of
devices identified, plus a whole host of other useful information.  We
hope others find this resource useful and further contribute to its
growth. Contact us at [ admin at lists dot nycbug dot org ].
</p>

<hr />


<strong>Date:</strong> <em>2005-12-11 07:04:56</em><br />
<strong>From:</strong> <em>fmalm</em><br />
<strong>Description:</strong> <em>Abit-BP6 Dual Celeron 500 Mhz</em><br />

<pre>
OpenBSD 3.8-stable (GENERIC.MP) #0: Mon Dec  5 19:25:57 CET 2005
    xxx@xxx.xxx:/usr/src/sys/arch/i386/compile/GENERIC.MP
cpu0: Intel Celeron (&quot;GenuineIntel&quot; 686-class, 128KB L2 cache) 501 MHz
cpu0: FPU,V86,DE,PSE,TSC,MSR,PAE,MCE,CX8,APIC,SEP,MTRR,PGE,MCA,CMOV,PAT,PSE36,MMX,FXSR
real mem  = 402235392 (392808K)
avail mem = 359731200 (351300K)
using 4278 buffers containing 20213760 bytes (19740K) of memory
mainbus0 (root)
bios0 at mainbus0: AT/286+(05) BIOS, date 04/20/00, BIOS32 rev. 0 @ 0xfb590
apm0 at bios0: Power Management spec V1.2
apm0: AC on, battery charge unknown
apm0: flags 70102 dobusy 1 doidle 1
pcibios0 at bios0: rev 2.1 @ 0xf0000/0xba18
pcibios0: PCI IRQ Routing Table rev 1.0 @ 0xfd7e0/160 (8 entries)
pcibios0: PCI Exclusive IRQs: 5 10 11 12
pcibios0: PCI Interrupt Router at 000:07:0 (&quot;Intel 82371SB ISA&quot; rev 0x00)
pcibios0: PCI bus #1 is the last bus
bios0: ROM list: 0xc0000/0x8000 0xc8000/0x1a00! 0xef000/0x1000!
mainbus0: Intel MP Specification (Version 1.4) (OEM00000 PROD00000000)
cpu0 at mainbus0: apid 0 (boot processor)
cpu0: apic clock running at 66 MHz
cpu1 at mainbus0: apid 1 (application processor)
cpu1: Intel Celeron (&quot;GenuineIntel&quot; 686-class, 128KB L2 cache) 501 MHz
cpu1: FPU,V86,DE,PSE,TSC,MSR,PAE,MCE,CX8,APIC,SEP,MTRR,PGE,MCA,CMOV
mainbus0: bus 0 is type PCI
mainbus0: bus 1 is type PCI
mainbus0: bus 2 is type ISA
ioapic0 at mainbus0: apid 2 pa 0xfec00000, version 11, 24 pins
pci0 at mainbus0 bus 0: configuration mode 1 (no bios)
pchb0 at pci0 dev 0 function 0 &quot;Intel 82443BX AGP&quot; rev 0x03
ppb0 at pci0 dev 1 function 0 &quot;Intel 82443BX AGP&quot; rev 0x03
pci1 at ppb0 bus 1
pcib0 at pci0 dev 7 function 0 &quot;Intel 82371AB PIIX4 ISA&quot; rev 0x02
pciide0 at pci0 dev 7 function 1 &quot;Intel 82371AB IDE&quot; rev 0x01: DMA, channel 0 wired to compatibility, channel 1 wired to compatibility
atapiscsi0 at pciide0 channel 0 drive 0
scsibus0 at atapiscsi0: 2 targets
cd0 at scsibus0 targ 0 lun 0: &lt;TEAC, CD-524E, 3.0C&gt; SCSI0 5/cdrom removable
cd0(pciide0:0:0): using PIO mode 0, DMA mode 1
pciide0: channel 1 disabled (no drives)
uhci0 at pci0 dev 7 function 2 &quot;Intel 82371AB USB&quot; rev 0x01: apic 2 int 19 (irq 10)
usb0 at uhci0: USB revision 1.0
uhub0 at usb0
uhub0: Intel UHCI root hub, rev 1.00/1.00, addr 1
uhub0: 2 ports with 2 removable, self powered
&quot;Intel 82371AB Power&quot; rev 0x02 at pci0 dev 7 function 3 not configured
xl0 at pci0 dev 13 function 0 &quot;3Com 3c905 100Base-TX&quot; rev 0x00: apic 2 int 17 (irq 5), address xx:xx:xx:xx:xx:xx
nsphy0 at xl0 phy 24: DP83840 10/100 PHY, rev. 1
xl1 at pci0 dev 15 function 0 &quot;3Com 3c905 100Base-TX&quot; rev 0x00: apic 2 int 16 (irq 12), address xx:xx:xx:xx:xx:xx
nsphy1 at xl1 phy 24: DP83840 10/100 PHY, rev. 1
vga1 at pci0 dev 17 function 0 &quot;NVidia/SGS-Thomson Velocity128&quot; rev 0x10
wsdisplay0 at vga1 mux 1: console (80x25, vt100 emulation)
wsdisplay0: screen 1-5 added (80x25, vt100 emulation)
pciide1 at pci0 dev 19 function 0 &quot;HighPoint HPT36x/37x IDE&quot; rev 0x01: DMA
pciide1: using apic 2 int 18 (irq 11) for native-PCI interrupt
wd0 at pciide1 channel 0 drive 0: &lt;WDC WD1200JB-00DUA3&gt;
wd0: 16-sector PIO, LBA48, 114473MB, 234441648 sectors
wd1 at pciide1 channel 0 drive 1: &lt;WDC WD1200JB-00DUA3&gt;
wd1: 16-sector PIO, LBA48, 114473MB, 234441648 sectors
wd0(pciide1:0:0): using PIO mode 4, Ultra-DMA mode 4
wd1(pciide1:0:1): using PIO mode 4, Ultra-DMA mode 4
pciide2 at pci0 dev 19 function 1 &quot;HighPoint HPT36x/37x IDE&quot; rev 0x01: DMA
pciide2: using apic 2 int 18 (irq 11) for native-PCI interrupt
isa0 at pcib0
isadma0 at isa0
pckbc0 at isa0 port 0x60/5
pckbd0 at pckbc0 (kbd slot)
pckbc0: using irq 1 for kbd slot
wskbd0 at pckbd0: console keyboard, using wsdisplay0
pcppi0 at isa0 port 0x61
midi0 at pcppi0: &lt;PC speaker&gt;
spkr0 at pcppi0
sysbeep0 at pcppi0
lpt0 at isa0 port 0x378/4 irq 7
lm0 at isa0 port 0x290/8: W83782D
npx0 at isa0 port 0xf0/16: using exception 16
pccom0 at isa0 port 0x3f8/8 irq 4: ns16550a, 16 byte fifo
pccom1 at isa0 port 0x2f8/8 irq 3: ns16550a, 16 byte fifo
fdc0 at isa0 port 0x3f0/6 irq 6 drq 2
fd0 at fdc0 drive 0: 1.44MB 80 cyl, 2 head, 18 sec
biomask 0 netmask 0 ttymask 0
pctr: 686-class user-level performance counters enabled
mtrr: Pentium Pro MTRR support
apm0: disconnected
dkcsum: wd0 matches BIOS drive 0x80
dkcsum: wd1 matches BIOS drive 0x81
root on wd0a
rootdev=0x0 rrootdev=0x300 rawdev=0x302
</pre>



</div><!-- content -->
<br />
<div id="footer">
All comments/news/posts are the property of their individual owner and
is presented without warranty of suitability, and solely as an
informational resource. <br />
This site Copyright &copy; 2004-2020 NYC*BUG.
</div><!-- footer -->

</body>
</html>

