



<!doctype html>
<html lang="en">
<head>
<meta name="keywords"
	content="bsd, freebsd, openbsd, netbsd, dragonflybsd, nycbug, dmesgd" />
<meta name="description" content="New York City BSD User Group dmesgd" />
<meta charset="utf-8" />
<meta name="viewport" content="width=device-width, initial-scale=1" />
<title>NYC*BUG dmesgd</title>
<style>
body {
	text-align: left;
	margin: 15px auto;
	padding: 0px 10px;
}
@media (min-width: 800px) {
	body {
		max-width: 85%;
	}
}
#header {
	border-bottom: 1px solid #dbdbdb;
	font-size: 230%;
	text-align: left;
}
#footer {
	border-top: 1px solid #dbdbdb;
	clear: both;
	text-align: left;
}
.logo_bug {
	color: #cc0033;
}
#menu ul {
	list-style-type: none;
	margin: 0;
	padding: 0;
}
#menu li {
	float: left;
}
#menu li a {
	display: block;
	background-color: #dbdbdb;
	color: #000000;
	font-size: 105%;
	font-weight: bold;
	padding: 0px 6px 0px 6px;
	text-decoration: none;
}
#content {
	clear: both;
	text-align: left;
	padding-top: 10px;
}
#content h1 {
	font-size: 120%;
	font-weight: bold;
}
#content h2 {
	font-size: 110%;
	font-weight: bold;
}
#content a {
	text-decoration: none;
}
#content pre {
	background-color: #dbdbdb;
	padding: 5px 5px 5px 5px;
	white-space: pre-wrap;		/* css-3 */
	white-space: -moz-pre-wrap;	/* Mozilla, since 1999 */
	white-space: -pre-wrap;		/* Opera 4-6 */
	white-space: -o-pre-wrap;	/* Opera 7 */
	word-wrap: break-word;		/* Internet Explorer 5.5+ */
}
#content table {
	border-collapse: collapse;
}
#content table th {
	border: 1px solid #dbdbdb;
	font-size: 85%;
	white-space: nowrap;
}
#content table td {
	border: 1px solid #dbdbdb;
	font-size: 80%;
}
#content input {
	font-size: 1em;
}
#content .full	{ width: 100%; }
#content .left	{ text-align: left; }
#content .right	{ text-align: right; }
#content .center { text-align: center; }
#content .flexbox {
	display: -ms-flex;
	display: -webkit-flex;
	display: flex;
	width: 100%;
}
#content .left_col {
	min-width: 75px;
	max-width: 50%;
	flex-grow: 0;
}
#content .right_col {
	flex-grow: 1;
	margin-left: 10px;
	padding-top: 10px;
	padding-left: 10px;
}
#col {
	-moz-column-count: 3;
	-webkit-column-count: 3;
	column-count: 3;
}
</style>
</head>
<body>

<div id="header">
<strong><em>NYC*</em><span class="logo_bug">BUG</span> dmesgd</strong>
</div><!-- header -->

<div id="menu">
<ul>
<li><a href="https://dmesgd.nycbug.org/index.cgi?do=index">Home</a></li>
<li><a href="https://dmesgd.nycbug.org/index.cgi?do=submit">Submit</a></li>
<li><a href="https://www.nycbug.org/">NYC*BUG</a></li>
</ul>
</div><!-- menu -->

<div id="content">

<p>
Launched in 2004, dmesgd aims to provide a
<strong>user-submitted</strong> repository of searchable *BSD dmesgs.
The dmesg(8) command displays the system message buffer's content, and
during boot a copy is saved to <em>/var/run/dmesg.boot</em>.  This buffer
contains the operating system release, name and version, a list of
devices identified, plus a whole host of other useful information.  We
hope others find this resource useful and further contribute to its
growth. Contact us at [ admin at lists dot nycbug dot org ].
</p>

<hr />


<strong>Date:</strong> <em>2005-12-18 12:23:26</em><br />
<strong>From:</strong> <em>peppe</em><br />
<strong>Description:</strong> <em>P2 on ALi motherboard</em><br />

<pre>
OpenBSD 3.8-beta (GENERIC) #119: Wed Aug 24 01:47:37 MDT 2005
    xxx@xxx.xxx:/usr/src/sys/arch/i386/compile/GENERIC
cpu0: Intel Pentium II (&quot;GenuineIntel&quot; 686-class, 512KB L2 cache) 351 MHz
cpu0: FPU,V86,DE,PSE,TSC,MSR,PAE,MCE,CX8,SEP,MTRR,PGE,MCA,CMOV,PAT,PSE36,MMX,FXSR
real mem  = 335126528 (327272K)
avail mem = 298405888 (291412K)
using 4116 buffers containing 16859136 bytes (16464K) of memory
mainbus0 (root)
bios0 at mainbus0: AT/286+(00) BIOS, date 07/15/95, BIOS32 rev. 0 @ 0xfdae0
apm0 at bios0: Power Management spec V1.2
apm0: AC on, battery charge unknown
apm0: flags 30102 dobusy 0 doidle 1
pcibios0 at bios0: rev 2.1 @ 0xf0000/0x10000
pcibios0: PCI IRQ Routing Table rev 1.0 @ 0xf7ed0/128 (6 entries)
pcibios0: PCI Interrupt Router at 000:07:0 (&quot;Acer Labs M1533 ISA&quot; rev 0x00)
pcibios0: PCI bus #1 is the last bus
bios0: ROM list: 0xc0000/0x8000 0xec000/0x4000!
cpu0 at mainbus0
pci0 at mainbus0 bus 0: configuration mode 1 (no bios)
pchb0 at pci0 dev 0 function 0 &quot;Acer Labs M1621 PCI&quot; rev 0x05
ppb0 at pci0 dev 1 function 0 &quot;Acer Labs M5247 AGP/PCI-PCI&quot; rev 0x01
pci1 at ppb0 bus 1
pcib0 at pci0 dev 7 function 0 &quot;Acer Labs M1533 ISA&quot; rev 0xb4
ral0 at pci0 dev 14 function 0 &quot;Ralink RT2560&quot; rev 0x01: irq 11, address xx:xx:xx:xx:xx:xx
ral0: MAC/BBP RT2560 (rev 0x04), RF RT2525
pciide0 at pci0 dev 15 function 0 &quot;Acer Labs M5229 UDMA IDE&quot; rev 0x20: DMA, channel 0 configured to compatibility, channel 1 configured to compatibility
pciide0: channel 0 disabled (no drives)
wd0 at pciide0 channel 1 drive 0: &lt;WDC AC32500H&gt;
wd0: 16-sector PIO, LBA, 2441MB, 4999680 sectors
wd0(pciide0:1:0): using PIO mode 4, DMA mode 2
rl0 at pci0 dev 16 function 0 &quot;Realtek 8139&quot; rev 0x10: irq 10 address xx:xx:xx:xx:xx:xx
rlphy0 at rl0 phy 0: RTL internal phy
rl1 at pci0 dev 18 function 0 &quot;Realtek 8139&quot; rev 0x10: irq 9 address xx:xx:xx:xx:xx:xx
rlphy1 at rl1 phy 0: RTL internal phy
isa0 at pcib0
isadma0 at isa0
pckbc0 at isa0 port 0x60/5
pckbd0 at pckbc0 (kbd slot)
pckbc0: using irq 1 for kbd slot
wskbd0 at pckbd0: console keyboard
vga0 at isa0 port 0x3b0/48 iomem 0xa0000/131072
wsdisplay0 at vga0 mux 1: console (80x25, vt100 emulation), using wskbd0
wsdisplay0: screen 1-5 added (80x25, vt100 emulation)
pcppi0 at isa0 port 0x61
midi0 at pcppi0: &lt;PC speaker&gt;
spkr0 at pcppi0
sysbeep0 at pcppi0
lpt0 at isa0 port 0x378/4 irq 7
npx0 at isa0 port 0xf0/16: using exception 16
pccom0 at isa0 port 0x3f8/8 irq 4: ns16550a, 16 byte fifo
pccom1 at isa0 port 0x2f8/8 irq 3: ns16550a, 16 byte fifo
fdc0 at isa0 port 0x3f0/6 irq 6 drq 2
fd0 at fdc0 drive 0: density unknown
biomask f165 netmask ff65 ttymask ffe7
pctr: 686-class user-level performance counters enabled
mtrr: Pentium Pro MTRR support
dkcsum: wd0 matches BIOS drive 0x80
root on wd0a
rootdev=0x0 rrootdev=0x300 rawdev=0x302
</pre>



</div><!-- content -->
<br />
<div id="footer">
All comments/news/posts are the property of their individual owner and
is presented without warranty of suitability, and solely as an
informational resource. <br />
This site Copyright &copy; 2004-2020 NYC*BUG.
</div><!-- footer -->

</body>
</html>

