



<!doctype html>
<html lang="en">
<head>
<meta name="keywords"
	content="bsd, freebsd, openbsd, netbsd, dragonflybsd, nycbug, dmesgd" />
<meta name="description" content="New York City BSD User Group dmesgd" />
<meta charset="utf-8" />
<meta name="viewport" content="width=device-width, initial-scale=1" />
<title>NYC*BUG dmesgd</title>
<style>
body {
	text-align: left;
	margin: 15px auto;
	padding: 0px 10px;
}
@media (min-width: 800px) {
	body {
		max-width: 85%;
	}
}
#header {
	border-bottom: 1px solid #dbdbdb;
	font-size: 230%;
	text-align: left;
}
#footer {
	border-top: 1px solid #dbdbdb;
	clear: both;
	text-align: left;
}
.logo_bug {
	color: #cc0033;
}
#menu ul {
	list-style-type: none;
	margin: 0;
	padding: 0;
}
#menu li {
	float: left;
}
#menu li a {
	display: block;
	background-color: #dbdbdb;
	color: #000000;
	font-size: 105%;
	font-weight: bold;
	padding: 0px 6px 0px 6px;
	text-decoration: none;
}
#content {
	clear: both;
	text-align: left;
	padding-top: 10px;
}
#content h1 {
	font-size: 120%;
	font-weight: bold;
}
#content h2 {
	font-size: 110%;
	font-weight: bold;
}
#content a {
	text-decoration: none;
}
#content pre {
	background-color: #dbdbdb;
	padding: 5px 5px 5px 5px;
	white-space: pre-wrap;		/* css-3 */
	white-space: -moz-pre-wrap;	/* Mozilla, since 1999 */
	white-space: -pre-wrap;		/* Opera 4-6 */
	white-space: -o-pre-wrap;	/* Opera 7 */
	word-wrap: break-word;		/* Internet Explorer 5.5+ */
}
#content table {
	border-collapse: collapse;
}
#content table th {
	border: 1px solid #dbdbdb;
	font-size: 85%;
	white-space: nowrap;
}
#content table td {
	border: 1px solid #dbdbdb;
	font-size: 80%;
}
#content input {
	font-size: 1em;
}
#content .full	{ width: 100%; }
#content .left	{ text-align: left; }
#content .right	{ text-align: right; }
#content .center { text-align: center; }
#content .flexbox {
	display: -ms-flex;
	display: -webkit-flex;
	display: flex;
	width: 100%;
}
#content .left_col {
	min-width: 75px;
	max-width: 50%;
	flex-grow: 0;
}
#content .right_col {
	flex-grow: 1;
	margin-left: 10px;
	padding-top: 10px;
	padding-left: 10px;
}
#col {
	-moz-column-count: 3;
	-webkit-column-count: 3;
	column-count: 3;
}
</style>
</head>
<body>

<div id="header">
<strong><em>NYC*</em><span class="logo_bug">BUG</span> dmesgd</strong>
</div><!-- header -->

<div id="menu">
<ul>
<li><a href="https://dmesgd.nycbug.org/index.cgi?do=index">Home</a></li>
<li><a href="https://dmesgd.nycbug.org/index.cgi?do=submit">Submit</a></li>
<li><a href="https://www.nycbug.org/">NYC*BUG</a></li>
</ul>
</div><!-- menu -->

<div id="content">

<p>
Launched in 2004, dmesgd aims to provide a
<strong>user-submitted</strong> repository of searchable *BSD dmesgs.
The dmesg(8) command displays the system message buffer's content, and
during boot a copy is saved to <em>/var/run/dmesg.boot</em>.  This buffer
contains the operating system release, name and version, a list of
devices identified, plus a whole host of other useful information.  We
hope others find this resource useful and further contribute to its
growth. Contact us at [ admin at lists dot nycbug dot org ].
</p>

<hr />


<strong>Date:</strong> <em>2005-12-28 23:05:57</em><br />
<strong>From:</strong> <em>abuariff</em><br />
<strong>Description:</strong> <em>x86, AMD K6-II 500MHz, 191MB RAM</em><br />

<pre>
OpenBSD 3.7 (GENERIC) #50: Sun Mar 20 00:01:57 MST 2005
    xxx@xxx.xxx:/usr/src/sys/arch/i386/compile/GENERIC
cpu0: AMD-K6(tm) 3D processor (&quot;AuthenticAMD&quot; 586-class) 501 MHz
cpu0: FPU,V86,DE,PSE,TSC,MSR,MCE,CX8,PGE,MMX
real mem  = 200908800 (196200K)
avail mem = 176566272 (172428K)
using 2478 buffers containing 10149888 bytes (9912K) of memory
mainbus0 (root)
bios0 at mainbus0: AT/286+(da) BIOS, date 10/27/99, BIOS32 rev. 0 @ 0xfb180
apm at bios0 function 0x15 not configured
pcibios0 at bios0: rev 2.1 @ 0xf0000/0xb608
pcibios0: PCI IRQ Routing Table rev 1.0 @ 0xfdbd0/128 (6 entries)
pcibios0: PCI Exclusive IRQs: 10 11
pcibios0: PCI Interrupt Router at 000:07:0 (&quot;VIA VT82C586 ISA&quot; rev 0x00)
pcibios0: PCI bus #1 is the last bus
bios0: ROM list: 0xc0000/0xc000
cpu0 at mainbus0
pci0 at mainbus0 bus 0: configuration mode 1 (no bios)
pchb0 at pci0 dev 0 function 0 &quot;VIA VT82C597 PCI&quot; rev 0x04
ppb0 at pci0 dev 1 function 0 &quot;VIA VT82C598 AGP&quot; rev 0x00
pci1 at ppb0 bus 1
vga1 at pci1 dev 0 function 0 &quot;Nvidia GeForce2 MX&quot; rev 0xa1
wsdisplay0 at vga1: console (80x25, vt100 emulation)
wsdisplay0: screen 1-5 added (80x25, vt100 emulation)
pcib0 at pci0 dev 7 function 0 &quot;VIA VT82C586 ISA&quot; rev 0x47
pciide0 at pci0 dev 7 function 1 &quot;VIA VT82C571 IDE&quot; rev 0x06: ATA33, channel 0 configured to compatibility, channel 1 configured to compatibility
wd0 at pciide0 channel 0 drive 0: &lt;FUJITSU MPC3043AT&gt;
wd0: 16-sector PIO, LBA, 4125MB, 8448300 sectors
atapiscsi0 at pciide0 channel 0 drive 1
scsibus0 at atapiscsi0: 2 targets
cd0 at scsibus0 targ 0 lun 0: &lt;SVOA, CD-ROM SH-C522C, SV00&gt; SCSI0 5/cdrom removable
wd0(pciide0:0:0): using PIO mode 4, Ultra-DMA mode 2
cd0(pciide0:0:1): using PIO mode 4, Ultra-DMA mode 2
pciide0: channel 1 disabled (no drives)
&quot;VIA VT82C586 Power Mgmt&quot; rev 0x10 at pci0 dev 7 function 3 not configured
rl0 at pci0 dev 8 function 0 &quot;D-Link Systems 530TX+&quot; rev 0x10: irq 11 address xx:xx:xx:xx:xx:xx
rlphy0 at rl0 phy 0: RTL internal phy
rl1 at pci0 dev 9 function 0 &quot;Realtek 8139&quot; rev 0x10: irq 10 address xx:xx:xx:xx:xx:xx
rlphy1 at rl1 phy 0: RTL internal phy
isa0 at pcib0
isadma0 at isa0
pckbc0 at isa0 port 0x60/5
pckbd0 at pckbc0 (kbd slot)
pckbc0: using irq 1 for kbd slot
wskbd0 at pckbd0 (mux 1 ignored for console): console keyboard, using wsdisplay0
pcppi0 at isa0 port 0x61
midi0 at pcppi0: &lt;PC speaker&gt;
sysbeep0 at pcppi0
lpt0 at isa0 port 0x378/4 irq 7
npx0 at isa0 port 0xf0/16: using exception 16
pccom0 at isa0 port 0x3f8/8 irq 4: ns16550a, 16 byte fifo
pccom1 at isa0 port 0x2f8/8 irq 3: ns16550a, 16 byte fifo
fdc0 at isa0 port 0x3f0/6 irq 6 drq 2
biomask f365 netmask ff65 ttymask ffe7
pctr: user-level cycle counter enabled
mtrr: K6-family MTRR support (2 registers)
dkcsum: wd0 matched BIOS disk 80
root on wd0a
rootdev=0x0 rrootdev=0x300 rawdev=0x302
</pre>



</div><!-- content -->
<br />
<div id="footer">
All comments/news/posts are the property of their individual owner and
is presented without warranty of suitability, and solely as an
informational resource. <br />
This site Copyright &copy; 2004-2020 NYC*BUG.
</div><!-- footer -->

</body>
</html>

