



<!doctype html>
<html lang="en">
<head>
<meta name="keywords"
	content="bsd, freebsd, openbsd, netbsd, dragonflybsd, nycbug, dmesgd" />
<meta name="description" content="New York City BSD User Group dmesgd" />
<meta charset="utf-8" />
<meta name="viewport" content="width=device-width, initial-scale=1" />
<title>NYC*BUG dmesgd</title>
<style>
body {
	text-align: left;
	margin: 15px auto;
	padding: 0px 10px;
}
@media (min-width: 800px) {
	body {
		max-width: 85%;
	}
}
#header {
	border-bottom: 1px solid #dbdbdb;
	font-size: 230%;
	text-align: left;
}
#footer {
	border-top: 1px solid #dbdbdb;
	clear: both;
	text-align: left;
}
.logo_bug {
	color: #cc0033;
}
#menu ul {
	list-style-type: none;
	margin: 0;
	padding: 0;
}
#menu li {
	float: left;
}
#menu li a {
	display: block;
	background-color: #dbdbdb;
	color: #000000;
	font-size: 105%;
	font-weight: bold;
	padding: 0px 6px 0px 6px;
	text-decoration: none;
}
#content {
	clear: both;
	text-align: left;
	padding-top: 10px;
}
#content h1 {
	font-size: 120%;
	font-weight: bold;
}
#content h2 {
	font-size: 110%;
	font-weight: bold;
}
#content a {
	text-decoration: none;
}
#content pre {
	background-color: #dbdbdb;
	padding: 5px 5px 5px 5px;
	white-space: pre-wrap;		/* css-3 */
	white-space: -moz-pre-wrap;	/* Mozilla, since 1999 */
	white-space: -pre-wrap;		/* Opera 4-6 */
	white-space: -o-pre-wrap;	/* Opera 7 */
	word-wrap: break-word;		/* Internet Explorer 5.5+ */
}
#content table {
	border-collapse: collapse;
}
#content table th {
	border: 1px solid #dbdbdb;
	font-size: 85%;
	white-space: nowrap;
}
#content table td {
	border: 1px solid #dbdbdb;
	font-size: 80%;
}
#content input {
	font-size: 1em;
}
#content .full	{ width: 100%; }
#content .left	{ text-align: left; }
#content .right	{ text-align: right; }
#content .center { text-align: center; }
#content .flexbox {
	display: -ms-flex;
	display: -webkit-flex;
	display: flex;
	width: 100%;
}
#content .left_col {
	min-width: 75px;
	max-width: 50%;
	flex-grow: 0;
}
#content .right_col {
	flex-grow: 1;
	margin-left: 10px;
	padding-top: 10px;
	padding-left: 10px;
}
#col {
	-moz-column-count: 3;
	-webkit-column-count: 3;
	column-count: 3;
}
</style>
</head>
<body>

<div id="header">
<strong><em>NYC*</em><span class="logo_bug">BUG</span> dmesgd</strong>
</div><!-- header -->

<div id="menu">
<ul>
<li><a href="https://dmesgd.nycbug.org/index.cgi?do=index">Home</a></li>
<li><a href="https://dmesgd.nycbug.org/index.cgi?do=submit">Submit</a></li>
<li><a href="https://www.nycbug.org/">NYC*BUG</a></li>
</ul>
</div><!-- menu -->

<div id="content">

<p>
Launched in 2004, dmesgd aims to provide a
<strong>user-submitted</strong> repository of searchable *BSD dmesgs.
The dmesg(8) command displays the system message buffer's content, and
during boot a copy is saved to <em>/var/run/dmesg.boot</em>.  This buffer
contains the operating system release, name and version, a list of
devices identified, plus a whole host of other useful information.  We
hope others find this resource useful and further contribute to its
growth. Contact us at [ admin at lists dot nycbug dot org ].
</p>

<hr />


<strong>Date:</strong> <em>2006-01-26 10:49:30</em><br />
<strong>From:</strong> <em>sthen</em><br />
<strong>Description:</strong> <em>Apple Mac Mini, OpenBSD 3.8-current snapshot (2006-01-07)</em><br />

<pre>
[ using 335252 bytes of bsd ELF symbol table ]
console out [ATY,RockHopper2_A]console in [M-6M-[mM-6M-[mM-6M-[] no keyboard found, hoping USB will be present
using parent ATY,RockHopper2Paren:: memaddr 98000000 size 8000000, : consaddr 9c008000, : ioaddr 90020000, size 20000: memtag 8000, iotag 8000: width 800 linebytes 1024 height 600 depth 8
Copyright (c) 1982, 1986, 1989, 1991, 1993
        The Regents of the University of California.  All rights reserved.
Copyright (c) 1995-2006 OpenBSD. All rights reserved.  http://www.OpenBSD.org

OpenBSD 3.8-current (GENERIC) #809: Sat Jan  7 19:53:45 MST 2006
    xxx@xxx.xxx:/usr/src/sys/arch/macppc/compile/GENERIC
real mem = 536870912 (524288K)
avail mem = 483102720 (471780K)
using 1254 buffers containing 26841088 bytes (26212K) of memory
mainbus0 (root): model PowerMac10,1
cpu0 at mainbus0: 7447A (Revision 0x102): 1249 MHz: 512KB L2 cache
memc0 at mainbus0: uni-n
hw-clock at memc0 not configured
ki2c0 at memc0 offset 0xf8001000
iic0 at ki2c0
&quot;cereal&quot; at iic0 addr 0xe0 not configured
mpcpcibr0 at mainbus0 pci: uni-north, Revision 0xff
find_node_intr unable to find step size
pci0 at mpcpcibr0 bus 0
pchb0 at pci0 dev 11 function 0 &quot;Apple UniNorth AGP&quot; rev 0x00
vgafb0 at pci0 dev 16 function 0 &quot;ATI Radeon 9200&quot; rev 0x01, mmio
wsdisplay0 at vgafb0 mux 1: console (std, vt100 emulation)
mpcpcibr1 at mainbus0 pci: uni-north, Revision 0x5
pci1 at mpcpcibr1 bus 0
pchb1 at pci1 dev 11 function 0 &quot;Apple UniNorth PCI&quot; rev 0x00
macobio0 at pci1 dev 23 function 0 &quot;Apple Intrepid&quot; rev 0x00
openpic0 at macobio0 offset 0x40000: version 0x4614
macgpio0 at macobio0 offset 0x50
modem-reset at macgpio0 offset 0x1d not configured
modem-power at macgpio0 offset 0x1c not configured
macgpio1 at macgpio0 offset 0x9 irq 47
programmer-switch at macgpio0 offset 0x11 not configured
gpio5 at macgpio0 offset 0x6f not configured
gpio6 at macgpio0 offset 0x70 not configured
extint-gpio15 at macgpio0 offset 0x67 not configured
escc-legacy at macobio0 offset 0x12000 not configured
zsc0 at macobio0 offset 0x13000: irq 22,23
zstty0 at zsc0 channel 0
zstty1 at zsc0 channel 1
aoa0 at macobio0 offset 0x10000: irq 30,1,2
audio0 at aoa0
timer at macobio0 offset 0x15000 not configured
adb0 at macobio0 offset 0x16000 irq 25: via-pmu, 0 targets
apm0 at adb0: battery flags 0x0, 0% charged
pi2c0 at adb0
iic1 at pi2c0
maxtmp0 at iic1 addr 0xc8: max6642
ki2c1 at macobio0 offset 0x18000
iic2 at ki2c1
&quot;cereal&quot; at iic2 addr 0xe0 not configured
wdc0 at macobio0 offset 0x20000 irq 24: DMA
ohci0 at pci1 dev 24 function 0 &quot;Apple Intrepid USB&quot; rev 0x00: irq 0, version 1.0, legacy support
usb0 at ohci0: USB revision 1.0
uhub0 at usb0
uhub0: Apple OHCI root hub, rev 1.00/1.00, addr 1
uhub0: 2 ports with 2 removable, self powered
ohci1 at pci1 dev 25 function 0 &quot;Apple Intrepid USB&quot; rev 0x00: irq 0, version 1.0, legacy support
usb1 at ohci1: USB revision 1.0
uhub1 at usb1
uhub1: Apple OHCI root hub, rev 1.00/1.00, addr 1
uhub1: 2 ports with 2 removable, self powered
ohci2 at pci1 dev 26 function 0 &quot;Apple Intrepid USB&quot; rev 0x00: irq 29, version 1.0, legacy support
usb2 at ohci2: USB revision 1.0
uhub2 at usb2
uhub2: Apple OHCI root hub, rev 1.00/1.00, addr 1
uhub2: 2 ports with 2 removable, self powered
ohci3 at pci1 dev 27 function 0 &quot;NEC USB&quot; rev 0x43: irq 63, version 1.0
usb3 at ohci3: USB revision 1.0
uhub3 at usb3
uhub3: NEC OHCI root hub, rev 1.00/1.00, addr 1
uhub3: 3 ports with 3 removable, self powered
ohci4 at pci1 dev 27 function 1 &quot;NEC USB&quot; rev 0x43: irq 63, version 1.0
usb4 at ohci4: USB revision 1.0
uhub4 at usb4
uhub4: NEC OHCI root hub, rev 1.00/1.00, addr 1
uhub4: 2 ports with 2 removable, self powered
ehci0 at pci1 dev 27 function 2 &quot;NEC USB&quot; rev 0x04: irq 63
usb5 at ehci0: USB revision 2.0
uhub5 at usb5
uhub5: NEC EHCI root hub, rev 2.00/1.00, addr 1
uhub5: 5 ports with 5 removable, self powered
mpcpcibr2 at mainbus0 pci: uni-north, Revision 0xff
pci2 at mpcpcibr2 bus 0
pchb2 at pci2 dev 11 function 0 &quot;Apple UniNorth PCI&quot; rev 0x00
kauaiata0 at pci2 dev 13 function 0 &quot;Apple Intrepid ATA&quot; rev 0x00
wdc1 at kauaiata0 irq 39: DMA
wd0 at wdc1 channel 0 drive 0: &lt;ST940110A&gt;
wd0: 16-sector PIO, LBA48, 38154MB, 78140160 sectors
atapiscsi0 at wdc1 channel 0 drive 1
scsibus0 at atapiscsi0: 2 targets
cd0 at scsibus0 targ 0 lun 0: &lt;MATSHITA, CD-RW CW-8124, DACD&gt; SCSI0 5/cdrom removable
wd0(wdc1:0:0): using PIO mode 4, DMA mode 2, Ultra-DMA mode 2
cd0(wdc1:0:1): using PIO mode 4, DMA mode 2, Ultra-DMA mode 2
&quot;Apple UniNorth Firewire&quot; rev 0x81 at pci2 dev 14 function 0 not configured
gem0 at pci2 dev 15 function 0 &quot;Apple Uni-N2 GMAC&quot; rev 0x80: irq 41, address xx:xx:xx:xx:xx:xx
bmtphy0 at gem0 phy 0: BCM5221 100baseTX PHY, rev. 4
bootpath: `/pci@f4000000/ata-6@d/disk@0/bsd`
boot device: wd0.
root on wd0a
rootdev=0x0 rrootdev=0xb00 rawdev=0xb02
</pre>



</div><!-- content -->
<br />
<div id="footer">
All comments/news/posts are the property of their individual owner and
is presented without warranty of suitability, and solely as an
informational resource. <br />
This site Copyright &copy; 2004-2020 NYC*BUG.
</div><!-- footer -->

</body>
</html>

