



<!doctype html>
<html lang="en">
<head>
<meta name="keywords"
	content="bsd, freebsd, openbsd, netbsd, dragonflybsd, nycbug, dmesgd" />
<meta name="description" content="New York City BSD User Group dmesgd" />
<meta charset="utf-8" />
<meta name="viewport" content="width=device-width, initial-scale=1" />
<title>NYC*BUG dmesgd</title>
<style>
body {
	text-align: left;
	margin: 15px auto;
	padding: 0px 10px;
}
@media (min-width: 800px) {
	body {
		max-width: 85%;
	}
}
#header {
	border-bottom: 1px solid #dbdbdb;
	font-size: 230%;
	text-align: left;
}
#footer {
	border-top: 1px solid #dbdbdb;
	clear: both;
	text-align: left;
}
.logo_bug {
	color: #cc0033;
}
#menu ul {
	list-style-type: none;
	margin: 0;
	padding: 0;
}
#menu li {
	float: left;
}
#menu li a {
	display: block;
	background-color: #dbdbdb;
	color: #000000;
	font-size: 105%;
	font-weight: bold;
	padding: 0px 6px 0px 6px;
	text-decoration: none;
}
#content {
	clear: both;
	text-align: left;
	padding-top: 10px;
}
#content h1 {
	font-size: 120%;
	font-weight: bold;
}
#content h2 {
	font-size: 110%;
	font-weight: bold;
}
#content a {
	text-decoration: none;
}
#content pre {
	background-color: #dbdbdb;
	padding: 5px 5px 5px 5px;
	white-space: pre-wrap;		/* css-3 */
	white-space: -moz-pre-wrap;	/* Mozilla, since 1999 */
	white-space: -pre-wrap;		/* Opera 4-6 */
	white-space: -o-pre-wrap;	/* Opera 7 */
	word-wrap: break-word;		/* Internet Explorer 5.5+ */
}
#content table {
	border-collapse: collapse;
}
#content table th {
	border: 1px solid #dbdbdb;
	font-size: 85%;
	white-space: nowrap;
}
#content table td {
	border: 1px solid #dbdbdb;
	font-size: 80%;
}
#content input {
	font-size: 1em;
}
#content .full	{ width: 100%; }
#content .left	{ text-align: left; }
#content .right	{ text-align: right; }
#content .center { text-align: center; }
#content .flexbox {
	display: -ms-flex;
	display: -webkit-flex;
	display: flex;
	width: 100%;
}
#content .left_col {
	min-width: 75px;
	max-width: 50%;
	flex-grow: 0;
}
#content .right_col {
	flex-grow: 1;
	margin-left: 10px;
	padding-top: 10px;
	padding-left: 10px;
}
#col {
	-moz-column-count: 3;
	-webkit-column-count: 3;
	column-count: 3;
}
</style>
</head>
<body>

<div id="header">
<strong><em>NYC*</em><span class="logo_bug">BUG</span> dmesgd</strong>
</div><!-- header -->

<div id="menu">
<ul>
<li><a href="https://dmesgd.nycbug.org/index.cgi?do=index">Home</a></li>
<li><a href="https://dmesgd.nycbug.org/index.cgi?do=submit">Submit</a></li>
<li><a href="https://www.nycbug.org/">NYC*BUG</a></li>
</ul>
</div><!-- menu -->

<div id="content">

<p>
Launched in 2004, dmesgd aims to provide a
<strong>user-submitted</strong> repository of searchable *BSD dmesgs.
The dmesg(8) command displays the system message buffer's content, and
during boot a copy is saved to <em>/var/run/dmesg.boot</em>.  This buffer
contains the operating system release, name and version, a list of
devices identified, plus a whole host of other useful information.  We
hope others find this resource useful and further contribute to its
growth. Contact us at [ admin at lists dot nycbug dot org ].
</p>

<hr />


<strong>Date:</strong> <em>2006-01-27 13:35:41</em><br />
<strong>From:</strong> <em>jared rr spiegel</em><br />
<strong>Description:</strong> <em>HP Netserver LD Pro/600, OpenBSD 3.8-current (GENERIC) #318: Fri Dec 16 12:25:46 MST 2005</em><br />

<pre>
OpenBSD 3.8-current (GENERIC) #318: Fri Dec 16 12:25:46 MST 2005
    xxx@xxx.xxx:/usr/src/sys/arch/i386/compile/GENERIC
cpu0: Intel Pentium Pro (&quot;GenuineIntel&quot; 686-class, 256KB L2 cache) 199 MHz
cpu0: FPU,V86,DE,PSE,TSC,MSR,PAE,MCE,CX8,APIC,SEP,MTRR,PGE,MCA,CMOV
real mem  = 536453120 (523880K)
avail mem = 229134336 (223764K)
using 4278 buffers containing 280363008 bytes (273792K) of memory
mainbus0 (root)
bios0 at mainbus0: AT/286+(3b) BIOS, date 06/10/98, BIOS32 rev. 0 @ 0xf5d57
pcibios0 at bios0: rev 2.1 @ 0xf5b70/0x1120
pcibios0: PCI BIOS has 8 Interrupt Routing table entries
pcibios0: PCI Exclusive IRQs: 9 10 11 15
pcibios0: no compatible PCI ICU found
pcibios0: Warning, unable to fix up PCI interrupt routing
pcibios0: PCI bus #1 is the last bus
bios0: ROM list: 0xc0000/0x8000 0xc8000/0x4000 0xcc000/0x800 0xcc800/0x1800 0xce000/0x1800
ipmi at mainbus0 not configured
cpu0 at mainbus0
pci0 at mainbus0 bus 0: configuration mode 1 (no bios)
pchb0 at pci0 dev 0 function 0 &quot;Intel 82441FX&quot; rev 0x02
ami0 at pci0 dev 7 function 0 &quot;AMI MegaRAID Series 428&quot; rev 0x03: irq 11 AMI 428 32b
ami0: FW A.04.03, BIOS vA.04.03, 32MB RAM
ami0: 3 channels, 16 targets, 1 logical drives
scsibus0 at ami0: 1 targets
sd0 at scsibus0 targ 0 lun 0: &lt;AMI, Host drive #00, &gt; SCSI2 0/direct fixed
sd0: 34730MB, 34730 cyl, 64 head, 32 sec, 512 bytes/sec, 71127040 sec total
ppb0 at pci0 dev 8 function 0 &quot;DEC 21052 PCI-PCI&quot; rev 0x02
pci1 at ppb0 bus 1
fxp0 at pci1 dev 1 function 0 &quot;Intel 82557&quot; rev 0x10, i82551: irq 15, address xx:xx:xx:xx:xx:xx
inphy0 at fxp0 phy 1: i82555 10/100 PHY, rev. 4
fxp1 at pci1 dev 2 function 0 &quot;Intel 82557&quot; rev 0x10, i82551: irq 9, address xx:xx:xx:xx:xx:xx
inphy1 at fxp1 phy 1: i82555 10/100 PHY, rev. 4
fxp2 at pci1 dev 3 function 0 &quot;Intel 82557&quot; rev 0x02: irq 10, address xx:xx:xx:xx:xx:xx
inphy2 at fxp2 phy 1: i82555 10/100 PHY, rev. 0
&quot;Intel 82375EB EISA&quot; rev 0x15 at pci0 dev 9 function 0 not configured
ahc0 at pci0 dev 10 function 0 &quot;Adaptec AIC-7880&quot; rev 0x00: irq 15
ahc0: Host Adapter Bios disabled.  Using default SCSI device parameters
scsibus1 at ahc0: 16 targets
sd1 at scsibus1 targ 4 lun 0: &lt;SEAGATE, ST32272N, 0784&gt; SCSI2 0/direct fixed
sd1: 2157MB, 6300 cyl, 4 head, 175 sec, 512 bytes/sec, 4419464 sec total
cd0 at scsibus1 targ 5 lun 0: &lt;TOSHIBA, CD-ROM XM-5701TA, 0787&gt; SCSI2 5/cdrom removable
eisa0 at mainbus0
eisa0: can`t map I/O space for slot 14
eisa0: can`t map I/O space for slot 15
isa0 at mainbus0
isadma0 at isa0
pckbc0 at isa0 port 0x60/5
pckbd0 at pckbc0 (kbd slot)
pckbc0: using irq 1 for kbd slot
wskbd0 at pckbd0: console keyboard
vga0 at isa0 port 0x3b0/48 iomem 0xa0000/131072
wsdisplay0 at vga0 mux 1: console (80x25, vt100 emulation), using wskbd0
wsdisplay0: screen 1-5 added (80x25, vt100 emulation)
pcppi0 at isa0 port 0x61
midi0 at pcppi0: &lt;PC speaker&gt;
spkr0 at pcppi0
sysbeep0 at pcppi0
lpt0 at isa0 port 0x378/4 irq 7
npx0 at isa0 port 0xf0/16: using exception 16
pccom0 at isa0 port 0x3f8/8 irq 4: ns16550a, 16 byte fifo
pccom1 at isa0 port 0x2f8/8 irq 3: ns16550a, 16 byte fifo
fdc0 at isa0 port 0x3f0/6 irq 6 drq 2
fd0 at fdc0 drive 0: 1.44MB 80 cyl, 2 head, 18 sec
biomask f965 netmask ff65 ttymask ffe7
pctr: 686-class user-level performance counters enabled
mtrr: Pentium Pro MTRR support
dkcsum: sd0 matches BIOS drive 0x81
ahc0: target 4 synchronous at 20.0MHz, offset = 0xf
dkcsum: sd1 matches BIOS drive 0x80
root on sd1a
rootdev=0x410 rrootdev=0xd10 rawdev=0xd12
</pre>



</div><!-- content -->
<br />
<div id="footer">
All comments/news/posts are the property of their individual owner and
is presented without warranty of suitability, and solely as an
informational resource. <br />
This site Copyright &copy; 2004-2020 NYC*BUG.
</div><!-- footer -->

</body>
</html>

