



<!doctype html>
<html lang="en">
<head>
<meta name="keywords"
	content="bsd, freebsd, openbsd, netbsd, dragonflybsd, nycbug, dmesgd" />
<meta name="description" content="New York City BSD User Group dmesgd" />
<meta charset="utf-8" />
<meta name="viewport" content="width=device-width, initial-scale=1" />
<title>NYC*BUG dmesgd</title>
<style>
body {
	text-align: left;
	margin: 15px auto;
	padding: 0px 10px;
}
@media (min-width: 800px) {
	body {
		max-width: 85%;
	}
}
#header {
	border-bottom: 1px solid #dbdbdb;
	font-size: 230%;
	text-align: left;
}
#footer {
	border-top: 1px solid #dbdbdb;
	clear: both;
	text-align: left;
}
.logo_bug {
	color: #cc0033;
}
#menu ul {
	list-style-type: none;
	margin: 0;
	padding: 0;
}
#menu li {
	float: left;
}
#menu li a {
	display: block;
	background-color: #dbdbdb;
	color: #000000;
	font-size: 105%;
	font-weight: bold;
	padding: 0px 6px 0px 6px;
	text-decoration: none;
}
#content {
	clear: both;
	text-align: left;
	padding-top: 10px;
}
#content h1 {
	font-size: 120%;
	font-weight: bold;
}
#content h2 {
	font-size: 110%;
	font-weight: bold;
}
#content a {
	text-decoration: none;
}
#content pre {
	background-color: #dbdbdb;
	padding: 5px 5px 5px 5px;
	white-space: pre-wrap;		/* css-3 */
	white-space: -moz-pre-wrap;	/* Mozilla, since 1999 */
	white-space: -pre-wrap;		/* Opera 4-6 */
	white-space: -o-pre-wrap;	/* Opera 7 */
	word-wrap: break-word;		/* Internet Explorer 5.5+ */
}
#content table {
	border-collapse: collapse;
}
#content table th {
	border: 1px solid #dbdbdb;
	font-size: 85%;
	white-space: nowrap;
}
#content table td {
	border: 1px solid #dbdbdb;
	font-size: 80%;
}
#content input {
	font-size: 1em;
}
#content .full	{ width: 100%; }
#content .left	{ text-align: left; }
#content .right	{ text-align: right; }
#content .center { text-align: center; }
#content .flexbox {
	display: -ms-flex;
	display: -webkit-flex;
	display: flex;
	width: 100%;
}
#content .left_col {
	min-width: 75px;
	max-width: 50%;
	flex-grow: 0;
}
#content .right_col {
	flex-grow: 1;
	margin-left: 10px;
	padding-top: 10px;
	padding-left: 10px;
}
#col {
	-moz-column-count: 3;
	-webkit-column-count: 3;
	column-count: 3;
}
</style>
</head>
<body>

<div id="header">
<strong><em>NYC*</em><span class="logo_bug">BUG</span> dmesgd</strong>
</div><!-- header -->

<div id="menu">
<ul>
<li><a href="https://dmesgd.nycbug.org/index.cgi?do=index">Home</a></li>
<li><a href="https://dmesgd.nycbug.org/index.cgi?do=submit">Submit</a></li>
<li><a href="https://www.nycbug.org/">NYC*BUG</a></li>
</ul>
</div><!-- menu -->

<div id="content">

<p>
Launched in 2004, dmesgd aims to provide a
<strong>user-submitted</strong> repository of searchable *BSD dmesgs.
The dmesg(8) command displays the system message buffer's content, and
during boot a copy is saved to <em>/var/run/dmesg.boot</em>.  This buffer
contains the operating system release, name and version, a list of
devices identified, plus a whole host of other useful information.  We
hope others find this resource useful and further contribute to its
growth. Contact us at [ admin at lists dot nycbug dot org ].
</p>

<hr />


<strong>Date:</strong> <em>2006-01-27 13:37:51</em><br />
<strong>From:</strong> <em>jared spiegel</em><br />
<strong>Description:</strong> <em>Tyan S2466, Brooktree878, OpenBSD 3.8-current (custom) Jan 10 2006</em><br />

<pre>
OpenBSD 3.8-current (GENERIC.MP-RAID) #0: Tue Jan 10 06:48:49 EST 2006
    xxx@xxx.xxx:/usr/src/sys/arch/i386/compile/GENERIC.MP-RAID
cpu0: AMD Athlon(tm) MP 2800+ (&quot;AuthenticAMD&quot; 686-class, 512KB L2 cache) 2.14 GHz
cpu0: FPU,V86,DE,PSE,TSC,MSR,PAE,MCE,CX8,APIC,SEP,MTRR,PGE,MCA,CMOV,PAT,PSE36,MMX,FXSR,SSE
real mem  = 1072734208 (1047592K)
avail mem = 971669504 (948896K)
using 4278 buffers containing 53739520 bytes (52480K) of memory
mainbus0 (root)
bios0 at mainbus0: AT/286+(15) BIOS, date 08/05/03, BIOS32 rev. 0 @ 0xfd6b0
apm0 at bios0: Power Management spec V1.2
apm0: AC on, battery charge unknown
apm0: flags 30102 dobusy 0 doidle 1
pcibios0 at bios0: rev 2.1 @ 0xfd6b0/0x950
pcibios0: PCI BIOS has 13 Interrupt Routing table entries
pcibios0: PCI Interrupt Router at 000:07:0 (&quot;AMD 768 Power&quot; rev 0x00)
pcibios0: PCI bus #2 is the last bus
bios0: ROM list: 0xc0000/0xd000 0xcd000/0x800 0xe0000/0x4000!
mainbus0: Intel MP Specification (Version 1.4) (TYAN     PAULANER    )
cpu0 at mainbus0: apid 1 (boot processor)
cpu0: AMD Powernow: TS
cpu0: apic clock running at 266 MHz
cpu1 at mainbus0: apid 0 (application processor)
cpu1: AMD Athlon(tm) MP 2800+ (&quot;AuthenticAMD&quot; 686-class, 512KB L2 cache) 2.14 GHz
cpu1: FPU,V86,DE,PSE,TSC,MSR,PAE,MCE,CX8,APIC,SEP,MTRR,PGE,MCA,CMOV,PAT,PSE36,MMX,FXSR,SSE
mainbus0: bus 0 is type PCI
mainbus0: bus 1 is type PCI
mainbus0: bus 2 is type PCI
mainbus0: bus 3 is type ISA
ioapic0 at mainbus0: apid 2 pa 0xfec00000, version 11, 24 pins
pci0 at mainbus0 bus 0: configuration mode 1 (no bios)
pchb0 at pci0 dev 0 function 0 &quot;AMD 762 PCI&quot; rev 0x20
ppb0 at pci0 dev 1 function 0 &quot;AMD 762 PCI-PCI&quot; rev 0x00
pci1 at ppb0 bus 1
vga1 at pci1 dev 5 function 0 &quot;ATI Radeon 7500 QW&quot; rev 0x00
wsdisplay0 at vga1 mux 1: console (80x25, vt100 emulation)
wsdisplay0: screen 1-5 added (80x25, vt100 emulation)
pcib0 at pci0 dev 7 function 0 &quot;AMD 768 ISA&quot; rev 0x05
pciide0 at pci0 dev 7 function 1 &quot;AMD 768 IDE&quot; rev 0x04: DMA, channel 0 configured to compatibility, channel 1 configured to compatibility
wd0 at pciide0 channel 0 drive 0: &lt;WDC WD1600JB-00GVA0&gt;
wd0: 16-sector PIO, LBA48, 152627MB, 312581808 sectors
wd0(pciide0:0:0): using PIO mode 4, Ultra-DMA mode 5
wd1 at pciide0 channel 1 drive 0: &lt;Maxtor 2F030L0&gt;
wd1: 16-sector PIO, LBA, 29325MB, 60058656 sectors
wd2 at pciide0 channel 1 drive 1: &lt;Maxtor 2F030L0&gt;
wd2: 16-sector PIO, LBA, 29325MB, 60058656 sectors
wd1(pciide0:1:0): using PIO mode 4, Ultra-DMA mode 5
wd2(pciide0:1:1): using PIO mode 4, Ultra-DMA mode 5
amdpm0 at pci0 dev 7 function 3 &quot;AMD 768 Power&quot; rev 0x03: rng active
iic0 at amdpm0
lm1 at iic0 addr 0x2c: W83627HF
lm2 at iic0 addr 0x2d: W83782D
em0 at pci0 dev 8 function 0 &quot;Intel PRO/1000 (82542)&quot; rev 0x03: apic 2 int 16 (irq 5), address xx:xx:xx:xx:xx:xx
ppb1 at pci0 dev 16 function 0 &quot;AMD 768 PCI-PCI&quot; rev 0x05
pci2 at ppb1 bus 2
ohci0 at pci2 dev 0 function 0 &quot;AMD 768 USB&quot; rev 0x07: apic 2 int 19 (irq 10), version 1.0, legacy support
usb0 at ohci0: USB revision 1.0
uhub0 at usb0
uhub0: AMD OHCI root hub, rev 1.00/1.00, addr 1
uhub0: 4 ports with 4 removable, self powered
bktr0 at pci2 dev 4 function 0 &quot;Brooktree BT878&quot; rev 0x02: apic 2 int 16 (irq 5)
bktr0: Hauppauge Model 62471 A
bktr0: Hauppauge WinCast/TV, Philips FR1236 NTSC FM tuner, dbx stereo.
radio0 at bktr0
&quot;Brooktree BT878 Audio&quot; rev 0x02 at pci2 dev 4 function 1 not configured
eap0 at pci2 dev 6 function 0 &quot;Ensoniq CT5880&quot; rev 0x02: apic 2 int 18 (irq 11)
ac97: codec id 0x83847608 (SigmaTel STAC9708/11)
ac97: codec features 18 bit DAC, 18 bit ADC, SigmaTel 3D
audio0 at eap0
midi0 at eap0: &lt;AudioPCI MIDI UART&gt;
xl0 at pci2 dev 8 function 0 &quot;3Com 3c905C 100Base-TX&quot; rev 0x78: apic 2 int 19 (irq 10), address xx:xx:xx:xx:xx:xx
exphy0 at xl0 phy 24: 3Com internal media interface
isa0 at pcib0
isadma0 at isa0
pckbc0 at isa0 port 0x60/5
pckbd0 at pckbc0 (kbd slot)
pckbc0: using irq 1 for kbd slot
wskbd0 at pckbd0: console keyboard, using wsdisplay0
pmsi0 at pckbc0 (aux slot)
pckbc0: using irq 12 for aux slot
wsmouse0 at pmsi0 mux 0
pcppi0 at isa0 port 0x61
midi1 at pcppi0: &lt;PC speaker&gt;
spkr0 at pcppi0
sysbeep0 at pcppi0
lpt0 at isa0 port 0x378/4 irq 7
npx0 at isa0 port 0xf0/16: using exception 16
pccom0 at isa0 port 0x3f8/8 irq 4: ns16550a, 16 byte fifo
pccom1 at isa0 port 0x2f8/8 irq 3: ns16550a, 16 byte fifo
fdc0 at isa0 port 0x3f0/6 irq 6 drq 2
biomask 0 netmask 0 ttymask 0
ioapic0: pin 16 shares different IPL interrupts (40..50), degraded performance
ioapic0: pin 19 shares different IPL interrupts (40..50), degraded performance
pctr: user-level cycle counter enabled
mtrr: Pentium Pro MTRR support
Kernelized RAIDframe activated
apm0: disconnected
dkcsum: wd0 matches BIOS drive 0x80
dkcsum: wd1 matches BIOS drive 0x81
dkcsum: wd2 matches BIOS drive 0x82
root on wd0a
rootdev=0x0 rrootdev=0x300 rawdev=0x302
cpu1: AMD Powernow: TS
</pre>



</div><!-- content -->
<br />
<div id="footer">
All comments/news/posts are the property of their individual owner and
is presented without warranty of suitability, and solely as an
informational resource. <br />
This site Copyright &copy; 2004-2020 NYC*BUG.
</div><!-- footer -->

</body>
</html>

