



<!doctype html>
<html lang="en">
<head>
<meta name="keywords"
	content="bsd, freebsd, openbsd, netbsd, dragonflybsd, nycbug, dmesgd" />
<meta name="description" content="New York City BSD User Group dmesgd" />
<meta charset="utf-8" />
<meta name="viewport" content="width=device-width, initial-scale=1" />
<title>NYC*BUG dmesgd</title>
<style>
body {
	text-align: left;
	margin: 15px auto;
	padding: 0px 10px;
}
@media (min-width: 800px) {
	body {
		max-width: 85%;
	}
}
#header {
	border-bottom: 1px solid #dbdbdb;
	font-size: 230%;
	text-align: left;
}
#footer {
	border-top: 1px solid #dbdbdb;
	clear: both;
	text-align: left;
}
.logo_bug {
	color: #cc0033;
}
#menu ul {
	list-style-type: none;
	margin: 0;
	padding: 0;
}
#menu li {
	float: left;
}
#menu li a {
	display: block;
	background-color: #dbdbdb;
	color: #000000;
	font-size: 105%;
	font-weight: bold;
	padding: 0px 6px 0px 6px;
	text-decoration: none;
}
#content {
	clear: both;
	text-align: left;
	padding-top: 10px;
}
#content h1 {
	font-size: 120%;
	font-weight: bold;
}
#content h2 {
	font-size: 110%;
	font-weight: bold;
}
#content a {
	text-decoration: none;
}
#content pre {
	background-color: #dbdbdb;
	padding: 5px 5px 5px 5px;
	white-space: pre-wrap;		/* css-3 */
	white-space: -moz-pre-wrap;	/* Mozilla, since 1999 */
	white-space: -pre-wrap;		/* Opera 4-6 */
	white-space: -o-pre-wrap;	/* Opera 7 */
	word-wrap: break-word;		/* Internet Explorer 5.5+ */
}
#content table {
	border-collapse: collapse;
}
#content table th {
	border: 1px solid #dbdbdb;
	font-size: 85%;
	white-space: nowrap;
}
#content table td {
	border: 1px solid #dbdbdb;
	font-size: 80%;
}
#content input {
	font-size: 1em;
}
#content .full	{ width: 100%; }
#content .left	{ text-align: left; }
#content .right	{ text-align: right; }
#content .center { text-align: center; }
#content .flexbox {
	display: -ms-flex;
	display: -webkit-flex;
	display: flex;
	width: 100%;
}
#content .left_col {
	min-width: 75px;
	max-width: 50%;
	flex-grow: 0;
}
#content .right_col {
	flex-grow: 1;
	margin-left: 10px;
	padding-top: 10px;
	padding-left: 10px;
}
#col {
	-moz-column-count: 3;
	-webkit-column-count: 3;
	column-count: 3;
}
</style>
</head>
<body>

<div id="header">
<strong><em>NYC*</em><span class="logo_bug">BUG</span> dmesgd</strong>
</div><!-- header -->

<div id="menu">
<ul>
<li><a href="https://dmesgd.nycbug.org/index.cgi?do=index">Home</a></li>
<li><a href="https://dmesgd.nycbug.org/index.cgi?do=submit">Submit</a></li>
<li><a href="https://www.nycbug.org/">NYC*BUG</a></li>
</ul>
</div><!-- menu -->

<div id="content">

<p>
Launched in 2004, dmesgd aims to provide a
<strong>user-submitted</strong> repository of searchable *BSD dmesgs.
The dmesg(8) command displays the system message buffer's content, and
during boot a copy is saved to <em>/var/run/dmesg.boot</em>.  This buffer
contains the operating system release, name and version, a list of
devices identified, plus a whole host of other useful information.  We
hope others find this resource useful and further contribute to its
growth. Contact us at [ admin at lists dot nycbug dot org ].
</p>

<hr />


<strong>Date:</strong> <em>2006-01-27 13:44:10</em><br />
<strong>From:</strong> <em>jared rr spiegel</em><br />
<strong>Description:</strong> <em>VIA Nehemiah w/padlock, RAIDframe, OpenBSD 3.8-stable</em><br />

<pre>
OpenBSD 3.8-stable (GENERIC.RAID) #0: Thu Nov 10 15:25:31 EST 2005
    xxx@xxx.xxx:/home/jrrs/USR.SRC/src/sys/arch/i386/compile/GENERIC.RAID
cpu0: VIA Nehemiah (&quot;CentaurHauls&quot; 686-class) 1.20 GHz
cpu0: FPU,V86,DE,PSE,TSC,MSR,SEP,MTRR,PGE,CMOV,PAT,MMX,FXSR,SSE
cpu0: RNG AES
real mem  = 519610368 (507432K)
avail mem = 466755584 (455816K)
using 4278 buffers containing 26083328 bytes (25472K) of memory
mainbus0 (root)
bios0 at mainbus0: AT/286+(af) BIOS, date 01/06/04, BIOS32 rev. 0 @ 0xfb280
apm0 at bios0: Power Management spec V1.2
apm0: AC on, battery charge unknown
apm0: flags 70102 dobusy 1 doidle 1
pcibios0 at bios0: rev 2.1 @ 0xf0000/0xdf44
pcibios0: PCI IRQ Routing Table rev 1.0 @ 0xfded0/112 (5 entries)
pcibios0: PCI Exclusive IRQs: 5 9
pcibios0: PCI Interrupt Router at 000:17:0 (&quot;VIA VT82C596A ISA&quot; rev 0x00)
pcibios0: PCI bus #3 is the last bus
bios0: ROM list: 0xc0000/0xe000 0xd0000/0x1800
cpu0 at mainbus0
pci0 at mainbus0 bus 0: configuration mode 1 (no bios)
pchb0 at pci0 dev 0 function 0 &quot;VIA VT8623 PCI&quot; rev 0x00
ppb0 at pci0 dev 1 function 0 &quot;VIA VT8633 AGP&quot; rev 0x00
pci1 at ppb0 bus 1
vga1 at pci1 dev 0 function 0 &quot;VIA CLE266&quot; rev 0x03: aperture at 0xe0000000, size 0x10000000
wsdisplay0 at vga1 mux 1: console (80x25, vt100 emulation)
wsdisplay0: screen 1-5 added (80x25, vt100 emulation)
cbb0 at pci0 dev 10 function 0 &quot;Ricoh 5C476 CardBus&quot; rev 0x80: irq 9
cbb1 at pci0 dev 10 function 1 &quot;Ricoh 5C476 CardBus&quot; rev 0x80: irq 5
&quot;VIA VT6306 FireWire&quot; rev 0x80 at pci0 dev 13 function 0 not configured
uhci0 at pci0 dev 16 function 0 &quot;VIA VT83C572 USB&quot; rev 0x80: irq 9
usb0 at uhci0: USB revision 1.0
uhub0 at usb0
uhub0: VIA UHCI root hub, rev 1.00/1.00, addr 1
uhub0: 2 ports with 2 removable, self powered
uhci1 at pci0 dev 16 function 1 &quot;VIA VT83C572 USB&quot; rev 0x80: irq 5
usb1 at uhci1: USB revision 1.0
uhub1 at usb1
uhub1: VIA UHCI root hub, rev 1.00/1.00, addr 1
uhub1: 2 ports with 2 removable, self powered
uhci2 at pci0 dev 16 function 2 &quot;VIA VT83C572 USB&quot; rev 0x80: irq 5
usb2 at uhci2: USB revision 1.0
uhub2 at usb2
uhub2: VIA UHCI root hub, rev 1.00/1.00, addr 1
uhub2: 2 ports with 2 removable, self powered
ehci0 at pci0 dev 16 function 3 &quot;VIA VT6202 USB&quot; rev 0x82: irq 9
usb3 at ehci0: USB revision 2.0
uhub3 at usb3
uhub3: VIA EHCI root hub, rev 2.00/1.00, addr 1
uhub3: 6 ports with 6 removable, self powered
pcib0 at pci0 dev 17 function 0 &quot;VIA VT8235 ISA&quot; rev 0x00
pciide0 at pci0 dev 17 function 1 &quot;VIA VT82C571 IDE&quot; rev 0x06: ATA133, channel 0 configured to compatibility, channel 1 configured to compatibility
wd0 at pciide0 channel 0 drive 0: &lt;Maxtor 4R120L0&gt;
wd0: 16-sector PIO, LBA, 117246MB, 240121728 sectors
wd0(pciide0:0:0): using PIO mode 4, Ultra-DMA mode 6
wd1 at pciide0 channel 1 drive 0: &lt;Maxtor 4R120L0&gt;
wd1: 16-sector PIO, LBA, 117246MB, 240121728 sectors
wd1(pciide0:1:0): using PIO mode 4, Ultra-DMA mode 6
vr0 at pci0 dev 18 function 0 &quot;VIA RhineII-2&quot; rev 0x74: irq 9 address xx:xx:xx:xx:xx:xx
ukphy0 at vr0 phy 1: Generic IEEE 802.3u media interface
ukphy0: OUI 0x004063, model 0x0032, rev. 8
fxp0 at pci0 dev 20 function 0 &quot;Intel 82557&quot; rev 0x10, i82551: irq 5, address xx:xx:xx:xx:xx:xx
inphy0 at fxp0 phy 1: i82555 10/100 PHY, rev. 4
cardslot0 at cbb0 slot 0 flags 0
cardbus0 at cardslot0: bus 2 device 0 cacheline 0x0, lattimer 0x20
pcmcia0 at cardslot0
cardslot1 at cbb1 slot 1 flags 0
cardbus1 at cardslot1: bus 3 device 0 cacheline 0x0, lattimer 0x20
pcmcia1 at cardslot1
isa0 at pcib0
isadma0 at isa0
pckbc0 at isa0 port 0x60/5
pckbd0 at pckbc0 (kbd slot)
pckbc0: using irq 1 for kbd slot
wskbd0 at pckbd0: console keyboard, using wsdisplay0
pms0 at pckbc0 (aux slot)
pckbc0: using irq 12 for aux slot
wsmouse0 at pms0 mux 0
pcppi0 at isa0 port 0x61
midi0 at pcppi0: &lt;PC speaker&gt;
spkr0 at pcppi0
sysbeep0 at pcppi0
lpt0 at isa0 port 0x378/4 irq 7
viasio0 at isa0 port 0x2e/2: VT1211 rev 0x02: HM
npx0 at isa0 port 0xf0/16: using exception 16
pccom0 at isa0 port 0x3f8/8 irq 4: ns16550a, 16 byte fifo
pccom0: console
pccom1 at isa0 port 0x2f8/8 irq 3: ns16550a, 16 byte fifo
fdc0 at isa0 port 0x3f0/6 irq 6 drq 2
biomask ef65 netmask ef65 ttymask ffe7
pctr: user-level cycle counter enabled
Kernelized RAIDframe activated
umass0 at uhub3 port 3 configuration 1 interface 0
umass0: vendor 0x4146 USB Mass Storage Device, rev 2.00/1.00, addr 2
umass0: using SCSI over Bulk-Only
scsibus0 at umass0: 2 targets
sd0 at scsibus0 targ 1 lun 0: &lt;Pretec, 512MB Gini, 1.10&gt; SCSI2 0/direct removable
sd0: 476MB, 476 cyl, 64 head, 32 sec, 512 bytes/sec, 975744 sec total
dkcsum: wd0 matches BIOS drive 0x80
dkcsum: wd1 matches BIOS drive 0x81
root on wd0a
rootdev=0x0 rrootdev=0x300 rawdev=0x302
</pre>



</div><!-- content -->
<br />
<div id="footer">
All comments/news/posts are the property of their individual owner and
is presented without warranty of suitability, and solely as an
informational resource. <br />
This site Copyright &copy; 2004-2020 NYC*BUG.
</div><!-- footer -->

</body>
</html>

