



<!doctype html>
<html lang="en">
<head>
<meta name="keywords"
	content="bsd, freebsd, openbsd, netbsd, dragonflybsd, nycbug, dmesgd" />
<meta name="description" content="New York City BSD User Group dmesgd" />
<meta charset="utf-8" />
<meta name="viewport" content="width=device-width, initial-scale=1" />
<title>NYC*BUG dmesgd</title>
<style>
body {
	text-align: left;
	margin: 15px auto;
	padding: 0px 10px;
}
@media (min-width: 800px) {
	body {
		max-width: 85%;
	}
}
#header {
	border-bottom: 1px solid #dbdbdb;
	font-size: 230%;
	text-align: left;
}
#footer {
	border-top: 1px solid #dbdbdb;
	clear: both;
	text-align: left;
}
.logo_bug {
	color: #cc0033;
}
#menu ul {
	list-style-type: none;
	margin: 0;
	padding: 0;
}
#menu li {
	float: left;
}
#menu li a {
	display: block;
	background-color: #dbdbdb;
	color: #000000;
	font-size: 105%;
	font-weight: bold;
	padding: 0px 6px 0px 6px;
	text-decoration: none;
}
#content {
	clear: both;
	text-align: left;
	padding-top: 10px;
}
#content h1 {
	font-size: 120%;
	font-weight: bold;
}
#content h2 {
	font-size: 110%;
	font-weight: bold;
}
#content a {
	text-decoration: none;
}
#content pre {
	background-color: #dbdbdb;
	padding: 5px 5px 5px 5px;
	white-space: pre-wrap;		/* css-3 */
	white-space: -moz-pre-wrap;	/* Mozilla, since 1999 */
	white-space: -pre-wrap;		/* Opera 4-6 */
	white-space: -o-pre-wrap;	/* Opera 7 */
	word-wrap: break-word;		/* Internet Explorer 5.5+ */
}
#content table {
	border-collapse: collapse;
}
#content table th {
	border: 1px solid #dbdbdb;
	font-size: 85%;
	white-space: nowrap;
}
#content table td {
	border: 1px solid #dbdbdb;
	font-size: 80%;
}
#content input {
	font-size: 1em;
}
#content .full	{ width: 100%; }
#content .left	{ text-align: left; }
#content .right	{ text-align: right; }
#content .center { text-align: center; }
#content .flexbox {
	display: -ms-flex;
	display: -webkit-flex;
	display: flex;
	width: 100%;
}
#content .left_col {
	min-width: 75px;
	max-width: 50%;
	flex-grow: 0;
}
#content .right_col {
	flex-grow: 1;
	margin-left: 10px;
	padding-top: 10px;
	padding-left: 10px;
}
#col {
	-moz-column-count: 3;
	-webkit-column-count: 3;
	column-count: 3;
}
</style>
</head>
<body>

<div id="header">
<strong><em>NYC*</em><span class="logo_bug">BUG</span> dmesgd</strong>
</div><!-- header -->

<div id="menu">
<ul>
<li><a href="https://dmesgd.nycbug.org/index.cgi?do=index">Home</a></li>
<li><a href="https://dmesgd.nycbug.org/index.cgi?do=submit">Submit</a></li>
<li><a href="https://www.nycbug.org/">NYC*BUG</a></li>
</ul>
</div><!-- menu -->

<div id="content">

<p>
Launched in 2004, dmesgd aims to provide a
<strong>user-submitted</strong> repository of searchable *BSD dmesgs.
The dmesg(8) command displays the system message buffer's content, and
during boot a copy is saved to <em>/var/run/dmesg.boot</em>.  This buffer
contains the operating system release, name and version, a list of
devices identified, plus a whole host of other useful information.  We
hope others find this resource useful and further contribute to its
growth. Contact us at [ admin at lists dot nycbug dot org ].
</p>

<hr />


<strong>Date:</strong> <em>2006-03-15 15:32:19</em><br />
<strong>From:</strong> <em>TimL</em><br />
<strong>Description:</strong> <em>Dell PowerEdge 1800 dual 3.0GHz Xeon, 1GB RAM, PERC4eDC with 2x 146GB SCSI drives in RAID 1</em><br />

<pre>
OpenBSD 3.8 (GENERIC.MP) #298: Sat Sep 10 15:51:54 MDT 2005
    xxx@xxx.xxx:/usr/src/sys/arch/i386/compile/GENERIC.MP
cpu0: Intel(R) Xeon(TM) CPU 3.00GHz (GenuineIntel 686-class) 3 GHz
cpu0: FPU,V86,DE,PSE,TSC,MSR,PAE,MCE,CX8,APIC,SEP,MTRR,PGE,MCA,CMOV,PAT,PSE36,CF
LUSH,ACPI,MMX,FXSR,SSE,SSE2,SS,HTT,TM,SBF,SSE3,MWAIT,CNXT-ID
real mem  = 1073065984 (1047916K)
avail mem = 811212800 (792200K)
using 4278 buffers containing 215031808 bytes (209992K) of memory
mainbus0 (root)
bios0 at mainbus0: AT/286+(00) BIOS, date 09/21/05, BIOS32 rev. 0 @ 0xffe90
pcibios0 at bios0: rev 2.1 @ 0xf0000/0x10000
pcibios0: PCI IRQ Routing Table rev 1.0 @ 0xfbb80/288 (16 entries)
pcibios0: PCI Interrupt Router at 000:31:0 (Intel 82801EB/ER LPC rev 0x00)
pcibios0: PCI bus #8 is the last bus
bios0: ROM list: 0xc0000/0xb000! 0xcb000/0x1000 0xcc000/0x800 0xcc800/0x1000 0xc
d800/0x2200 0xec000/0x4000!
mainbus0: Intel MP Specification (Version 1.4) (DELL     PE 0183     )
cpu0 at mainbus0: apid 0 (boot processor)
cpu0: apic clock running at 199 MHz
cpu1 at mainbus0: apid 6 (application processor)
cpu1: Intel(R) Xeon(TM) CPU 3.00GHz (GenuineIntel 686-class) 3 GHz
cpu1: FPU,V86,DE,PSE,TSC,MSR,PAE,MCE,CX8,APIC,SEP,MTRR,PGE,MCA,CMOV,PAT,PSE36,CF
LUSH,ACPI,MMX,FXSR,SSE,SSE2,SS,HTT,TM,SBF,SSE3,MWAIT,CNXT-ID
mainbus0: bus 0 is type PCI   
mainbus0: bus 1 is type PCI   
mainbus0: bus 2 is type PCI   
mainbus0: bus 3 is type PCI   
mainbus0: bus 4 is type PCI   
mainbus0: bus 5 is type PCI   
mainbus0: bus 6 is type PCI   
mainbus0: bus 7 is type PCI   
mainbus0: bus 8 is type PCI   
mainbus0: bus 9 is type ISA   
ioapic0 at mainbus0: apid 8 pa 0xfec00000, version 20, 24 pins
ioapic0: misconfigured as apic 0, remapped to apic 8
ioapic1 at mainbus0: apid 9 pa 0xfec80000, version 20, 24 pins
ioapic1: misconfigured as apic 0, remapped to apic 9
ioapic2 at mainbus0: apid 10 pa 0xfec80800, version 20, 24 pins
ioapic2: misconfigured as apic 0, remapped to apic 10
pci0 at mainbus0 bus 0: configuration mode 1 (no bios)
pchb0 at pci0 dev 0 function 0 Intel E7710 SMCH rev 0x09
ppb0 at pci0 dev 2 function 0 Intel E7710 MCH PCIE rev 0x09
pci1 at ppb0 bus 1
ppb1 at pci1 dev 0 function 0 Intel PCIE-PCIE rev 0x09
pci2 at ppb1 bus 2
mpt0 at pci2 dev 4 function 0 Symbios Logic 53c1030 rev 0x08: apic 9 int 10 (i
rq 5)
mpt0: sending FW Upload request to IOC (size: 36, img size: 40048)
mpt0: IM support: 0
scsibus0 at mpt0: 16 targets
ppb2 at pci1 dev 0 function 2 Intel PCIE-PCIE rev 0x09
pci3 at ppb2 bus 3
em0 at pci3 dev 7 function 0 Intel PRO/1000MT (82541GI) rev 0x05: apic 10 int 
5 (irq 11), address: xx:xx:xx:xx:xx:xx
ppb3 at pci0 dev 4 function 0 Intel E7710 MCH PCIE rev 0x09
pci4 at ppb3 bus 4
ppb4 at pci4 dev 0 function 0 Intel IOP331 Channel 0 rev 0x07
pci5 at ppb4 bus 5
ami0 at pci5 dev 14 function 0 Symbios Logic MegaRAID 320-2E rev 0x07: apic 8 
int 18 (irq 5) Dell 2/32b
ami0: FW 521X, BIOS vH430, 128MB RAM
ami0: 2 channels, 0 FC loops, 1 logical drives
scsibus1 at ami0: 40 targets
sd0 at scsibus1 targ 0 lun 0: &lt;AMI, Host drive #00, &gt; SCSI2 0/direct fixed
sd0: 139900MB, 17834 cyl, 255 head, 63 sec, 512 bytes/sec, 286515200 sec total
scsibus2 at ami0: 16 targets
safte0 at scsibus2 targ 6 lun 0: &lt;SDR, GEM318P, 1&gt; SCSI2 3/processor fixed
scsibus3 at ami0: 16 targets
ppb5 at pci4 dev 0 function 2 Intel IOP331 Channel 1 rev 0x07
pci6 at ppb5 bus 6
ppb6 at pci0 dev 6 function 0 Intel E7710 MCH PCIE rev 0x09
pci7 at ppb6 bus 7
uhci0 at pci0 dev 29 function 0 Intel 82801EB/ER USB rev 0x02: apic 8 int 16 (
irq 11)
usb0 at uhci0: USB revision 1.0
uhub0 at usb0
uhub0: Intel UHCI root hub, rev 1.00/1.00, addr 1
uhub0: 2 ports with 2 removable, self powered
uhci1 at pci0 dev 29 function 1 Intel 82801EB/ER USB rev 0x02: apic 8 int 19 (
irq 10)
usb1 at uhci1: USB revision 1.0
uhub1 at usb1
uhub1: Intel UHCI root hub, rev 1.00/1.00, addr 1
uhub1: 2 ports with 2 removable, self powered
uhci2 at pci0 dev 29 function 2 Intel 82801EB/ER USB rev 0x02: apic 8 int 18 (
irq 5)
usb2 at uhci2: USB revision 1.0
uhub2 at usb2
uhub2: Intel UHCI root hub, rev 1.00/1.00, addr 1
uhub2: 2 ports with 2 removable, self powered
ehci0 at pci0 dev 29 function 7 Intel 82801EB/ER USB rev 0x02: apic 8 int 23 (
irq 3)
usb3 at ehci0: USB revision 2.0
uhub3 at usb3
uhub3: Intel EHCI root hub, rev 2.00/1.00, addr 1
uhub3: 6 ports with 6 removable, self powered
ppb7 at pci0 dev 30 function 0 Intel 82801BA AGP rev 0xc2
pci8 at ppb7 bus 8
vga1 at pci8 dev 5 function 0 ATI Radeon VE QY rev 0x00
wsdisplay0 at vga1 mux 1: console (80x25, vt100 emulation)
wsdisplay0: screen 1-5 added (80x25, vt100 emulation)
ichpcib0 at pci0 dev 31 function 0 Intel 82801EB/ER LPC rev 0x02
pciide0 at pci0 dev 31 function 1 Intel 82801EB/ER IDE rev 0x02: DMA, channel 
0 configured to compatibility, channel 1 configured to compatibility
atapiscsi0 at pciide0 channel 0 drive 0
scsibus4 at atapiscsi0: 2 targets
cd0 at scsibus4 targ 0 lun 0: &lt;LITE-ON, CD-ROM LTN-4891S, NDS3&gt; SCSI0 5/cdrom re
movable
cd0(pciide0:0:0): using PIO mode 4, Ultra-DMA mode 2
pciide0: channel 1 ignored (disabled)
pciide1 at pci0 dev 31 function 2 Intel 82801EB SATA rev 0x02: DMA, channel 0 
configured to native-PCI, channel 1 configured to native-PCI
pciide1: using apic 8 int 18 (irq 5) for native-PCI interrupt
isa0 at ichpcib0
isadma0 at isa0
pckbc0 at isa0 port 0x60/5
pckbd0 at pckbc0 (kbd slot)
pckbc0: using irq 1 for kbd slot
wskbd0 at pckbd0: console keyboard, using wsdisplay0
pcppi0 at isa0 port 0x61
midi0 at pcppi0: &lt;PC speaker&gt;
spkr0 at pcppi0
sysbeep0 at pcppi0
lpt0 at isa0 port 0x378/4 irq 7
npx0 at isa0 port 0xf0/16: using exception 16
pccom0 at isa0 port 0x3f8/8 irq 4: ns16550a, 16 byte fifo
fdc0 at isa0 port 0x3f0/6 irq 6 drq 2
fd0 at fdc0 drive 0: 1.44MB 80 cyl, 2 head, 18 sec
biomask 0 netmask 0 ttymask 0
pctr: user-level cycle counter enabled
dkcsum: sd0 matches BIOS drive 0x80
root on sd0a
rootdev=0x400 rrootdev=0xd00 rawdev=0xd02
uhidev0 at uhub2 port 2 configuration 1 interface 0
uhidev0: DELL DELL USB Keyboard, rev 1.10/1.05, addr 2, iclass 3/1
ukbd0 at uhidev0: 8 modifier keys, 6 key codes
wskbd1 at ukbd0 mux 1
wskbd1: connecting to wsdisplay0



*** And my bioctl sd0
Volume  Status     Size           Device  
 ami0 0 Online       146695782400 sd0     RAID1
      0 Online       146811125760 0:0.0   safte0 &lt;MAXTOR  ATLAS10K5_146SCAJNZY&gt;
      1 Online       146811125760 0:1.0   safte0 &lt;MAXTOR  ATLAS10K5_146SCAJNZY&gt;
</pre>



</div><!-- content -->
<br />
<div id="footer">
All comments/news/posts are the property of their individual owner and
is presented without warranty of suitability, and solely as an
informational resource. <br />
This site Copyright &copy; 2004-2020 NYC*BUG.
</div><!-- footer -->

</body>
</html>

