



<!doctype html>
<html lang="en">
<head>
<meta name="keywords"
	content="bsd, freebsd, openbsd, netbsd, dragonflybsd, nycbug, dmesgd" />
<meta name="description" content="New York City BSD User Group dmesgd" />
<meta charset="utf-8" />
<meta name="viewport" content="width=device-width, initial-scale=1" />
<title>NYC*BUG dmesgd</title>
<style>
body {
	text-align: left;
	margin: 15px auto;
	padding: 0px 10px;
}
@media (min-width: 800px) {
	body {
		max-width: 85%;
	}
}
#header {
	border-bottom: 1px solid #dbdbdb;
	font-size: 230%;
	text-align: left;
}
#footer {
	border-top: 1px solid #dbdbdb;
	clear: both;
	text-align: left;
}
.logo_bug {
	color: #cc0033;
}
#menu ul {
	list-style-type: none;
	margin: 0;
	padding: 0;
}
#menu li {
	float: left;
}
#menu li a {
	display: block;
	background-color: #dbdbdb;
	color: #000000;
	font-size: 105%;
	font-weight: bold;
	padding: 0px 6px 0px 6px;
	text-decoration: none;
}
#content {
	clear: both;
	text-align: left;
	padding-top: 10px;
}
#content h1 {
	font-size: 120%;
	font-weight: bold;
}
#content h2 {
	font-size: 110%;
	font-weight: bold;
}
#content a {
	text-decoration: none;
}
#content pre {
	background-color: #dbdbdb;
	padding: 5px 5px 5px 5px;
	white-space: pre-wrap;		/* css-3 */
	white-space: -moz-pre-wrap;	/* Mozilla, since 1999 */
	white-space: -pre-wrap;		/* Opera 4-6 */
	white-space: -o-pre-wrap;	/* Opera 7 */
	word-wrap: break-word;		/* Internet Explorer 5.5+ */
}
#content table {
	border-collapse: collapse;
}
#content table th {
	border: 1px solid #dbdbdb;
	font-size: 85%;
	white-space: nowrap;
}
#content table td {
	border: 1px solid #dbdbdb;
	font-size: 80%;
}
#content input {
	font-size: 1em;
}
#content .full	{ width: 100%; }
#content .left	{ text-align: left; }
#content .right	{ text-align: right; }
#content .center { text-align: center; }
#content .flexbox {
	display: -ms-flex;
	display: -webkit-flex;
	display: flex;
	width: 100%;
}
#content .left_col {
	min-width: 75px;
	max-width: 50%;
	flex-grow: 0;
}
#content .right_col {
	flex-grow: 1;
	margin-left: 10px;
	padding-top: 10px;
	padding-left: 10px;
}
#col {
	-moz-column-count: 3;
	-webkit-column-count: 3;
	column-count: 3;
}
</style>
</head>
<body>

<div id="header">
<strong><em>NYC*</em><span class="logo_bug">BUG</span> dmesgd</strong>
</div><!-- header -->

<div id="menu">
<ul>
<li><a href="https://dmesgd.nycbug.org/index.cgi?do=index">Home</a></li>
<li><a href="https://dmesgd.nycbug.org/index.cgi?do=submit">Submit</a></li>
<li><a href="https://www.nycbug.org/">NYC*BUG</a></li>
</ul>
</div><!-- menu -->

<div id="content">

<p>
Launched in 2004, dmesgd aims to provide a
<strong>user-submitted</strong> repository of searchable *BSD dmesgs.
The dmesg(8) command displays the system message buffer's content, and
during boot a copy is saved to <em>/var/run/dmesg.boot</em>.  This buffer
contains the operating system release, name and version, a list of
devices identified, plus a whole host of other useful information.  We
hope others find this resource useful and further contribute to its
growth. Contact us at [ admin at lists dot nycbug dot org ].
</p>

<hr />


<strong>Date:</strong> <em>2006-03-18 05:28:48</em><br />
<strong>From:</strong> <em>bsdlist</em><br />
<strong>Description:</strong> <em>Asus A8N-SLI Premium/Opteron 170/Openbsd 3.9-current/AMD64 MP</em><br />

<pre>
Currently the onbord nfe0 NIC does not work using AMD64 MP kernel, but the onbord sk0 does work.

OpenBSD 3.9-current (GENERIC.MP) #746: Wed Mar 15 21:43:32 MST 2006
    xxx@xxx.xxx:/usr/src/sys/arch/amd64/compile/GENERIC.MP
real mem = 2147020800 (2096700K)
avail mem = 1835737088 (1792712K)
using 22937 buffers containing 214908928 bytes (209872K) of memory
mainbus0 (root)
mainbus0: Intel MP Specification (Version 1.4) (OEM00000 PROD00000000)
cpu0 at mainbus0: apid 0 (boot processor)
cpu0: Dual Core AMD Opteron(tm) Processor 170, 2010.54 MHz
cpu0: FPU,VME,DE,PSE,TSC,MSR,PAE,MCE,CX8,APIC,SEP,MTRR,PGE,MCA,CMOV,PAT,PSE36,CFLUSH,MMX,FXSR,SSE,SSE2,HTT,SSE3,NXE,MMXX,FFXSR,LONG,3DNOW2,3DNOW
cpu0: 64KB 64b/line 2-way I-cache, 64KB 64b/line 2-way D-cache, 1MB 64b/line 16-way L2 cache
cpu0: ITLB 32 4KB entries fully associative, 8 4MB entries fully associative
cpu0: DTLB 32 4KB entries fully associative, 8 4MB entries fully associative
cpu0: apic clock running at 201MHz
cpu1 at mainbus0: apid 1 (application processor)
cpu1: Dual Core AMD Opteron(tm) Processor 170, 2010.30 MHz
cpu1: FPU,VME,DE,PSE,TSC,MSR,PAE,MCE,CX8,APIC,SEP,MTRR,PGE,MCA,CMOV,PAT,PSE36,CFLUSH,MMX,FXSR,SSE,SSE2,HTT,SSE3,NXE,MMXX,FFXSR,LONG,3DNOW2,3DNOW
cpu1: 64KB 64b/line 2-way I-cache, 64KB 64b/line 2-way D-cache, 1MB 64b/line 16-way L2 cache
cpu1: ITLB 32 4KB entries fully associative, 8 4MB entries fully associative
cpu1: DTLB 32 4KB entries fully associative, 8 4MB entries fully associative
mpbios: bus 0 is type PCI
mpbios: bus 1 is type PCI
mpbios: bus 2 is type PCI
mpbios: bus 3 is type PCI
mpbios: bus 4 is type PCI
mpbios: bus 5 is type PCI
mpbios: bus 6 is type ISA
ioapic0 at mainbus0 apid 2 pa 0xfec00000, version 11, 24 pins
ioapic0: misconfigured as apic 0, remapped to apid 2
pci0 at mainbus0 bus 0: configuration mode 1
NVIDIA nForce4 DDR rev 0xa3 at pci0 dev 0 function 0 not configured
pcib0 at pci0 dev 1 function 0 NVIDIA nForce4 ISA rev 0xa3
nviic0 at pci0 dev 1 function 1 NVIDIA nForce4 SMBus rev 0xa2
iic0 at nviic0
iic1 at nviic0
lm1 at iic1 addr 0x2f: W83791SD
ohci0 at pci0 dev 2 function 0 NVIDIA nForce4 USB rev 0xa2: apic 2 int 11 (irq 11), version 1.0, legacy support
usb0 at ohci0: USB revision 1.0
uhub0 at usb0
uhub0: NVIDIA OHCI root hub, rev 1.00/1.00, addr 1
uhub0: 10 ports with 10 removable, self powered
ehci0 at pci0 dev 2 function 1 NVIDIA nForce4 USB rev 0xa3: apic 2 int 12 (irq 12)
usb1 at ehci0: USB revision 2.0
uhub1 at usb1
uhub1: NVIDIA EHCI root hub, rev 2.00/1.00, addr 1
uhub1: 10 ports with 10 removable, self powered
auich0 at pci0 dev 4 function 0 NVIDIA nForce4 AC97 rev 0xa2: apic 2 int 12 (irq 12), nForce4 AC97
ac97: codec id 0x414c4790 (Avance Logic ALC850)
audio0 at auich0
pciide0 at pci0 dev 6 function 0 NVIDIA nForce4 IDE rev 0xf2: DMA, channel 0 configured to compatibility, channel 1 configured to compatibility
wd0 at pciide0 channel 0 drive 0: &lt;ST3120026A&gt;
wd0: 16-sector PIO, LBA48, 114473MB, 234441648 sectors
wd0(pciide0:0:0): using PIO mode 4, Ultra-DMA mode 5
atapiscsi0 at pciide0 channel 1 drive 0
scsibus0 at atapiscsi0: 2 targets
cd0 at scsibus0 targ 0 lun 0: &lt;_NEC, DVD_RW ND-4550A, 1.07&gt; SCSI0 5/cdrom removable
cd0(pciide0:1:0): using PIO mode 4, Ultra-DMA mode 2
pciide1 at pci0 dev 7 function 0 NVIDIA nForce4 SATA rev 0xf3: DMA
pciide1: using apic 2 int 5 (irq 11) for native-PCI interrupt
pciide2 at pci0 dev 8 function 0 NVIDIA nForce4 SATA rev 0xf3: DMA
pciide2: using apic 2 int 11 (irq 5) for native-PCI interrupt
ppb0 at pci0 dev 9 function 0 NVIDIA nForce4 PCI-PCI rev 0xa2
pci1 at ppb0 bus 5
pciide3 at pci1 dev 10 function 0 CMD Technology SiI3114 SATA rev 0x02: DMA
pciide3: using apic 2 int 5 (irq 5) for native-PCI interrupt
Texas Instruments TSB43AB22 FireWire rev 0x00 at pci1 dev 11 function 0 not configured
skc0 at pci1 dev 12 function 0 Marvell Yukon 88E8001/8003/8010 rev 0x13, Marvell Yukon Lite (0x9): apic 2 int 3 (irq 3)
sk0 at skc0 port A, address xx:xx:xx:xx:xx:xx
eephy0 at sk0 phy 0: Marvell 88E1011 Gigabit PHY, rev. 5
nfe0 at pci0 dev 10 function 0 NVIDIA CK804 LAN rev 0xa3: apic 2 int 5 (irq 5), address xx:xx:xx:xx:xx:xx
eephy1 at nfe0 phy 9: Marvell 88E1111 Gigabit PHY, rev. 2
ppb1 at pci0 dev 11 function 0 NVIDIA nForce4 PCIE rev 0xa3
pci2 at ppb1 bus 4
ppb2 at pci0 dev 12 function 0 NVIDIA nForce4 PCIE rev 0xa3
pci3 at ppb2 bus 3
ppb3 at pci0 dev 13 function 0 NVIDIA nForce4 PCIE rev 0xa3
pci4 at ppb3 bus 2
ppb4 at pci0 dev 14 function 0 NVIDIA nForce4 PCIE rev 0xa3
pci5 at ppb4 bus 1
vga1 at pci5 dev 0 function 0 NVIDIA GeForce 6600 rev 0xa2
wsdisplay0 at vga1 mux 1: console (80x25, vt100 emulation)
wsdisplay0: screen 1-5 added (80x25, vt100 emulation)
pchb0 at pci0 dev 24 function 0 AMD AMD64 HyperTransport rev 0x00
pchb1 at pci0 dev 24 function 1 AMD AMD64 Address Map rev 0x00
pchb2 at pci0 dev 24 function 2 AMD AMD64 DRAM Cfg rev 0x00
pchb3 at pci0 dev 24 function 3 AMD AMD64 Misc Cfg rev 0x00
isa0 at pcib0
isadma0 at isa0
com0 at isa0 port 0x3f8/8 irq 4: ns16550a, 16 byte fifo
pckbc0 at isa0 port 0x60/5
pckbd0 at pckbc0 (kbd slot)
pckbc0: using irq 1 for kbd slot
wskbd0 at pckbd0: console keyboard, using wsdisplay0
pcppi0 at isa0 port 0x61
midi0 at pcppi0: &lt;PC speaker&gt;
spkr0 at pcppi0
lpt0 at isa0 port 0x378/4 irq 7
it0 at isa0 port 0x290/8: IT87
fdc0 at isa0 port 0x3f0/6 irq 6 drq 2
fd0 at fdc0 drive 0: 1.44MB 80 cyl, 2 head, 18 sec
uhidev0 at uhub0 port 1 configuration 1 interface 0
uhidev0: Microsoft Natural\M-. Ergonomic Keyboard 4000, rev 2.00/1.73, addr 2, iclass 3/1
ukbd0 at uhidev0: 8 modifier keys, 6 key codes
wskbd1 at ukbd0 mux 1
wskbd1: connecting to wsdisplay0
uhidev1 at uhub0 port 1 configuration 1 interface 1
uhidev1: Microsoft Natural\M-. Ergonomic Keyboard 4000, rev 2.00/1.73, addr 2, iclass 3/0
uhidev1: 1 report ids
uhid0 at uhidev1 reportid 1: input=7, output=0, feature=0
uhidev2 at uhub0 port 3 configuration 1 interface 0
uhidev2: Logitech USB Receiver, rev 1.10/16.00, addr 3, iclass 3/1
ums0 at uhidev2: 16 buttons and Z dir.
wsmouse0 at ums0 mux 0
dkcsum: wd0 matches BIOS drive 0x80
root on wd0a
rootdev=0x0 rrootdev=0x300 rawdev=0x302
</pre>



</div><!-- content -->
<br />
<div id="footer">
All comments/news/posts are the property of their individual owner and
is presented without warranty of suitability, and solely as an
informational resource. <br />
This site Copyright &copy; 2004-2020 NYC*BUG.
</div><!-- footer -->

</body>
</html>

