



<!doctype html>
<html lang="en">
<head>
<meta name="keywords"
	content="bsd, freebsd, openbsd, netbsd, dragonflybsd, nycbug, dmesgd" />
<meta name="description" content="New York City BSD User Group dmesgd" />
<meta charset="utf-8" />
<meta name="viewport" content="width=device-width, initial-scale=1" />
<title>NYC*BUG dmesgd</title>
<style>
body {
	text-align: left;
	margin: 15px auto;
	padding: 0px 10px;
}
@media (min-width: 800px) {
	body {
		max-width: 85%;
	}
}
#header {
	border-bottom: 1px solid #dbdbdb;
	font-size: 230%;
	text-align: left;
}
#footer {
	border-top: 1px solid #dbdbdb;
	clear: both;
	text-align: left;
}
.logo_bug {
	color: #cc0033;
}
#menu ul {
	list-style-type: none;
	margin: 0;
	padding: 0;
}
#menu li {
	float: left;
}
#menu li a {
	display: block;
	background-color: #dbdbdb;
	color: #000000;
	font-size: 105%;
	font-weight: bold;
	padding: 0px 6px 0px 6px;
	text-decoration: none;
}
#content {
	clear: both;
	text-align: left;
	padding-top: 10px;
}
#content h1 {
	font-size: 120%;
	font-weight: bold;
}
#content h2 {
	font-size: 110%;
	font-weight: bold;
}
#content a {
	text-decoration: none;
}
#content pre {
	background-color: #dbdbdb;
	padding: 5px 5px 5px 5px;
	white-space: pre-wrap;		/* css-3 */
	white-space: -moz-pre-wrap;	/* Mozilla, since 1999 */
	white-space: -pre-wrap;		/* Opera 4-6 */
	white-space: -o-pre-wrap;	/* Opera 7 */
	word-wrap: break-word;		/* Internet Explorer 5.5+ */
}
#content table {
	border-collapse: collapse;
}
#content table th {
	border: 1px solid #dbdbdb;
	font-size: 85%;
	white-space: nowrap;
}
#content table td {
	border: 1px solid #dbdbdb;
	font-size: 80%;
}
#content input {
	font-size: 1em;
}
#content .full	{ width: 100%; }
#content .left	{ text-align: left; }
#content .right	{ text-align: right; }
#content .center { text-align: center; }
#content .flexbox {
	display: -ms-flex;
	display: -webkit-flex;
	display: flex;
	width: 100%;
}
#content .left_col {
	min-width: 75px;
	max-width: 50%;
	flex-grow: 0;
}
#content .right_col {
	flex-grow: 1;
	margin-left: 10px;
	padding-top: 10px;
	padding-left: 10px;
}
#col {
	-moz-column-count: 3;
	-webkit-column-count: 3;
	column-count: 3;
}
</style>
</head>
<body>

<div id="header">
<strong><em>NYC*</em><span class="logo_bug">BUG</span> dmesgd</strong>
</div><!-- header -->

<div id="menu">
<ul>
<li><a href="https://dmesgd.nycbug.org/index.cgi?do=index">Home</a></li>
<li><a href="https://dmesgd.nycbug.org/index.cgi?do=submit">Submit</a></li>
<li><a href="https://www.nycbug.org/">NYC*BUG</a></li>
</ul>
</div><!-- menu -->

<div id="content">

<p>
Launched in 2004, dmesgd aims to provide a
<strong>user-submitted</strong> repository of searchable *BSD dmesgs.
The dmesg(8) command displays the system message buffer's content, and
during boot a copy is saved to <em>/var/run/dmesg.boot</em>.  This buffer
contains the operating system release, name and version, a list of
devices identified, plus a whole host of other useful information.  We
hope others find this resource useful and further contribute to its
growth. Contact us at [ admin at lists dot nycbug dot org ].
</p>

<hr />


<strong>Date:</strong> <em>2006-04-20 05:05:52</em><br />
<strong>From:</strong> <em>polj</em><br />
<strong>Description:</strong> <em>Compaq EVO Deskpro D510 four network cards</em><br />

<pre>
OpenBSD 3.8 (GENERIC) #138: Sat Sep 10 15:41:37 MDT 2005
    xxx@xxx.xxx:/usr/src/sys/arch/i386/compile/GENERIC
cpu0: Intel(R) Pentium(R) 4 CPU 2.26GHz (GenuineIntel 686-class) 2.26 GHz
cpu0: FPU,V86,DE,PSE,TSC,MSR,PAE,MCE,CX8,APIC,SEP,MTRR,PGE,MCA,CMOV,PAT,PSE36,CFLUSH,ACPI,MMX,FXSR,SSE,SSE2,SS,HTT,TM
real mem  = 527998976 (515624K)
avail mem = 474857472 (463728K)
using 4278 buffers containing 26501120 bytes (25880K) of memory
mainbus0 (root)
bios0 at mainbus0: AT/286+(7d) BIOS, date 05/28/03, BIOS32 rev. 0 @ 0xeba00
pcibios0 at bios0: rev 2.2 @ 0xeba00/0x4600
pcibios0: PCI IRQ Routing Table rev 1.0 @ 0xf70c0/192 (10 entries)
pcibios0: PCI Interrupt Router at 000:31:0 (Intel 82801DB LPC rev 0x00)
pcibios0: PCI bus #1 is the last bus
bios0: ROM list: 0xc0000/0xb400 0xcb400/0x1800 0xe1c00/0x9000!
cpu0 at mainbus0
pci0 at mainbus0 bus 0: configuration mode 1 (no bios)
pchb0 at pci0 dev 0 function 0 Intel 82845G/GL rev 0x01
vga1 at pci0 dev 2 function 0 Intel 82845G/GL Video rev 0x01: aperture at 0xf0000000, size 0x8000000
wsdisplay0 at vga1 mux 1: console (80x25, vt100 emulation)
wsdisplay0: screen 1-5 added (80x25, vt100 emulation)
uhci0 at pci0 dev 29 function 0 Intel 82801DB USB rev 0x01: irq 5
usb0 at uhci0: USB revision 1.0
uhub0 at usb0
uhub0: Intel UHCI root hub, rev 1.00/1.00, addr 1
uhub0: 2 ports with 2 removable, self powered
uhci1 at pci0 dev 29 function 1 Intel 82801DB USB rev 0x01: irq 10
usb1 at uhci1: USB revision 1.0
uhub1 at usb1
uhub1: Intel UHCI root hub, rev 1.00/1.00, addr 1
uhub1: 2 ports with 2 removable, self powered
ehci0 at pci0 dev 29 function 7 Intel 82801DB USB rev 0x01: irq 11
usb2 at ehci0: USB revision 2.0
uhub2 at usb2
uhub2: Intel EHCI root hub, rev 2.00/1.00, addr 1
uhub2: 6 ports with 6 removable, self powered
ppb0 at pci0 dev 30 function 0 Intel 82801BA AGP rev 0x81
pci1 at ppb0 bus 1
em0 at pci1 dev 4 function 0 Intel PRO/1000MT (82541GI) rev 0x00: irq 5, address: xx:xx:xx:xx:xx:xx
fxp0 at pci1 dev 8 function 0 Intel PRO/100 VM rev 0x81: irq 10, address xx:xx:xx:xx:xx:xx
inphy0 at fxp0 phy 1: i82562EM 10/100 PHY, rev. 0
xl0 at pci1 dev 9 function 0 3Com 3c905C 100Base-TX rev 0x78: irq 11, address xx:xx:xx:xx:xx:xx
exphy0 at xl0 phy 24: 3Com internal media interface
xl1 at pci1 dev 10 function 0 3Com 3c905C 100Base-TX rev 0x78: irq 11, address xx:xx:xx:xx:xx:xx
exphy1 at xl1 phy 24: 3Com internal media interface
ichpcib0 at pci0 dev 31 function 0 Intel 82801DB LPC rev 0x01
pciide0 at pci0 dev 31 function 1 Intel 82801DB IDE rev 0x01: DMA, channel 0 configured to compatibility, channel 1 configured to compatibility
wd0 at pciide0 channel 0 drive 0: &lt;ST380011A&gt;
wd0: 16-sector PIO, LBA48, 76319MB, 156301488 sectors
wd0(pciide0:0:0): using PIO mode 4, Ultra-DMA mode 5
atapiscsi0 at pciide0 channel 1 drive 0
scsibus0 at atapiscsi0: 2 targets
cd0 at scsibus0 targ 0 lun 0: &lt;Compaq, DVD-ROM SD-M1612, 1C10&gt; SCSI0 5/cdrom removable
cd0(pciide0:1:0): using PIO mode 4, Ultra-DMA mode 3
auich0 at pci0 dev 31 function 5 Intel 82801DB AC97 rev 0x01: irq 10, ICH4 AC97
ac97: codec id 0x41445372 (Analog Devices AD1981A)
ac97: codec features headphone, 20 bit DAC, No 3D Stereo
audio0 at auich0
isa0 at ichpcib0
isadma0 at isa0
pckbc0 at isa0 port 0x60/5
pckbd0 at pckbc0 (kbd slot)
pckbc0: using irq 1 for kbd slot
wskbd0 at pckbd0: console keyboard, using wsdisplay0
pmsi0 at pckbc0 (aux slot)
pckbc0: using irq 12 for aux slot
wsmouse0 at pmsi0 mux 0
pcppi0 at isa0 port 0x61
midi0 at pcppi0: &lt;PC speaker&gt;
spkr0 at pcppi0
sysbeep0 at pcppi0
lpt0 at isa0 port 0x378/4 irq 7
npx0 at isa0 port 0xf0/16: using exception 16
pccom0 at isa0 port 0x3f8/8 irq 4: ns16550a, 16 byte fifo
pccom1 at isa0 port 0x2f8/8 irq 3: ns16550a, 16 byte fifo
fdc0 at isa0 port 0x3f0/6 irq 6 drq 2
fd0 at fdc0 drive 0: 1.44MB 80 cyl, 2 head, 18 sec
biomask ef65 netmask ef65 ttymask ffe7
pctr: user-level cycle counter enabled
dkcsum: wd0 matches BIOS drive 0x80
root on wd0a
rootdev=0x0 rrootdev=0x300 rawdev=0x302
</pre>



</div><!-- content -->
<br />
<div id="footer">
All comments/news/posts are the property of their individual owner and
is presented without warranty of suitability, and solely as an
informational resource. <br />
This site Copyright &copy; 2004-2020 NYC*BUG.
</div><!-- footer -->

</body>
</html>

