



<!doctype html>
<html lang="en">
<head>
<meta name="keywords"
	content="bsd, freebsd, openbsd, netbsd, dragonflybsd, nycbug, dmesgd" />
<meta name="description" content="New York City BSD User Group dmesgd" />
<meta charset="utf-8" />
<meta name="viewport" content="width=device-width, initial-scale=1" />
<title>NYC*BUG dmesgd</title>
<style>
body {
	text-align: left;
	margin: 15px auto;
	padding: 0px 10px;
}
@media (min-width: 800px) {
	body {
		max-width: 85%;
	}
}
#header {
	border-bottom: 1px solid #dbdbdb;
	font-size: 230%;
	text-align: left;
}
#footer {
	border-top: 1px solid #dbdbdb;
	clear: both;
	text-align: left;
}
.logo_bug {
	color: #cc0033;
}
#menu ul {
	list-style-type: none;
	margin: 0;
	padding: 0;
}
#menu li {
	float: left;
}
#menu li a {
	display: block;
	background-color: #dbdbdb;
	color: #000000;
	font-size: 105%;
	font-weight: bold;
	padding: 0px 6px 0px 6px;
	text-decoration: none;
}
#content {
	clear: both;
	text-align: left;
	padding-top: 10px;
}
#content h1 {
	font-size: 120%;
	font-weight: bold;
}
#content h2 {
	font-size: 110%;
	font-weight: bold;
}
#content a {
	text-decoration: none;
}
#content pre {
	background-color: #dbdbdb;
	padding: 5px 5px 5px 5px;
	white-space: pre-wrap;		/* css-3 */
	white-space: -moz-pre-wrap;	/* Mozilla, since 1999 */
	white-space: -pre-wrap;		/* Opera 4-6 */
	white-space: -o-pre-wrap;	/* Opera 7 */
	word-wrap: break-word;		/* Internet Explorer 5.5+ */
}
#content table {
	border-collapse: collapse;
}
#content table th {
	border: 1px solid #dbdbdb;
	font-size: 85%;
	white-space: nowrap;
}
#content table td {
	border: 1px solid #dbdbdb;
	font-size: 80%;
}
#content input {
	font-size: 1em;
}
#content .full	{ width: 100%; }
#content .left	{ text-align: left; }
#content .right	{ text-align: right; }
#content .center { text-align: center; }
#content .flexbox {
	display: -ms-flex;
	display: -webkit-flex;
	display: flex;
	width: 100%;
}
#content .left_col {
	min-width: 75px;
	max-width: 50%;
	flex-grow: 0;
}
#content .right_col {
	flex-grow: 1;
	margin-left: 10px;
	padding-top: 10px;
	padding-left: 10px;
}
#col {
	-moz-column-count: 3;
	-webkit-column-count: 3;
	column-count: 3;
}
</style>
</head>
<body>

<div id="header">
<strong><em>NYC*</em><span class="logo_bug">BUG</span> dmesgd</strong>
</div><!-- header -->

<div id="menu">
<ul>
<li><a href="https://dmesgd.nycbug.org/index.cgi?do=index">Home</a></li>
<li><a href="https://dmesgd.nycbug.org/index.cgi?do=submit">Submit</a></li>
<li><a href="https://www.nycbug.org/">NYC*BUG</a></li>
</ul>
</div><!-- menu -->

<div id="content">

<p>
Launched in 2004, dmesgd aims to provide a
<strong>user-submitted</strong> repository of searchable *BSD dmesgs.
The dmesg(8) command displays the system message buffer's content, and
during boot a copy is saved to <em>/var/run/dmesg.boot</em>.  This buffer
contains the operating system release, name and version, a list of
devices identified, plus a whole host of other useful information.  We
hope others find this resource useful and further contribute to its
growth. Contact us at [ admin at lists dot nycbug dot org ].
</p>

<hr />


<strong>Date:</strong> <em>2006-05-09 09:00:45</em><br />
<strong>From:</strong> <em>alq666</em><br />
<strong>Description:</strong> <em>Dell Dimension 9100 (EM64T)</em><br />

<pre>
OpenBSD 3.9 (GENERIC.MP) #736: Thu Mar  2 04:02:03 MST 2006
    xxx@xxx.xxx:/usr/src/sys/arch/amd64/compile/GENERIC.MP
real mem = 1608695808 (1570992K)
avail mem = 1368715264 (1336636K)
using 22937 buffers containing 161079296 bytes (157304K) of memory
mainbus0 (root)
mainbus0: Intel MP Specification (Version 1.4) (DELL     Dim 9100    )
cpu0 at mainbus0: apid 0 (boot processor)
cpu0: Intel(R) Pentium(R) D CPU 2.80GHz, 2793.49 MHz
cpu0: FPU,VME,DE,PSE,TSC,MSR,PAE,MCE,CX8,APIC,SEP,MTRR,PGE,MCA,CMOV,PAT,PSE36,CFLUSH,DS,ACPI,MMX,FXSR,SSE,SSE2,SS,HTT,TM,SBF,SSE3,NXE,LONG
cpu0: 1MB 64b/line 8-way L2 cache
cpu0: apic clock running at 199MHz
cpu1 at mainbus0: apid 1 (application processor)
cpu1: Intel(R) Pentium(R) D CPU 2.80GHz, 2793.08 MHz
cpu1: FPU,VME,DE,PSE,TSC,MSR,PAE,MCE,CX8,APIC,SEP,MTRR,PGE,MCA,CMOV,PAT,PSE36,CFLUSH,DS,ACPI,MMX,FXSR,SSE,SSE2,SS,HTT,TM,SBF,SSE3,NXE,LONG
cpu1: 1MB 64b/line 8-way L2 cache
mpbios: bus 0 is type PCI   
mpbios: bus 1 is type PCI   
mpbios: bus 2 is type PCI   
mpbios: bus 3 is type PCI   
mpbios: bus 4 is type PCI   
mpbios: bus 5 is type PCI   
mpbios: bus 6 is type ISA   
ioapic0 at mainbus0 apid 8: pa 0xffff800002969f24, version 20, 24 pins
ioapic0: misconfigured as apic 0
ioapic0: remapped to apic 8
pci0 at mainbus0 bus 0: configuration mode 1
pchb0 at pci0 dev 0 function 0 Intel 82945GP rev 0x00
ppb0 at pci0 dev 1 function 0 Intel 82945GP PCIE rev 0x00
pci1 at ppb0 bus 1
vga1 at pci1 dev 0 function 0 ATI Radeon X300 rev 0x00
wsdisplay0 at vga1 mux 1: console (80x25, vt100 emulation)
wsdisplay0: screen 1-5 added (80x25, vt100 emulation)
ATI Radeon X300 Sec rev 0x00 at pci1 dev 0 function 1 not configured
Intel 82801GB HD Audio rev 0x01 at pci0 dev 27 function 0 not configured
ppb1 at pci0 dev 28 function 0 Intel 82801GB PCIE rev 0x01
pci2 at ppb1 bus 2
ppb2 at pci0 dev 28 function 4 Intel 82801G PCIE rev 0x01
pci3 at ppb2 bus 3
ppb3 at pci0 dev 28 function 5 Intel 82801G PCIE rev 0x01
pci4 at ppb3 bus 4
uhci0 at pci0 dev 29 function 0 Intel 82801GB USB rev 0x01: apic 8 int 21 (irq 9)
usb0 at uhci0: USB revision 1.0
uhub0 at usb0
uhub0: Intel UHCI root hub, rev 1.00/1.00, addr 1
uhub0: 2 ports with 2 removable, self powered
uhci1 at pci0 dev 29 function 1 Intel 82801GB USB rev 0x01: apic 8 int 22 (irq 5)
usb1 at uhci1: USB revision 1.0
uhub1 at usb1
uhub1: Intel UHCI root hub, rev 1.00/1.00, addr 1
uhub1: 2 ports with 2 removable, self powered
uhci2 at pci0 dev 29 function 2 Intel 82801GB USB rev 0x01: apic 8 int 18 (irq 4)
usb2 at uhci2: USB revision 1.0
uhub2 at usb2
uhub2: Intel UHCI root hub, rev 1.00/1.00, addr 1
uhub2: 2 ports with 2 removable, self powered
uhci3 at pci0 dev 29 function 3 Intel 82801GB USB rev 0x01: apic 8 int 23 (irq 3)
usb3 at uhci3: USB revision 1.0
uhub3 at usb3
uhub3: Intel UHCI root hub, rev 1.00/1.00, addr 1
uhub3: 2 ports with 2 removable, self powered
ehci0 at pci0 dev 29 function 7 Intel 82801GB USB rev 0x01: apic 8 int 21 (irq 9)
usb4 at ehci0: USB revision 2.0
uhub4 at usb4
uhub4: Intel EHCI root hub, rev 2.00/1.00, addr 1
uhub4: 8 ports with 8 removable, self powered
ppb4 at pci0 dev 30 function 0 Intel 82801BA AGP rev 0xe1
pci5 at ppb4 bus 5
xl0 at pci5 dev 5 function 0 3Com 3c905B 100Base-TX rev 0x30: apic 8 int 17 (irq 10), address xx:xx:xx:xx:xx:xx
exphy0 at xl0 phy 24: 3Com internal media interface
fxp0 at pci5 dev 8 function 0 Intel 82801GB LAN rev 0x01, i82562: apic 8 int 20 (irq 10), address xx:xx:xx:xx:xx:xx
inphy0 at fxp0 phy 1: i82562ET 10/100 PHY, rev. 0
pcib0 at pci0 dev 31 function 0 Intel 82801GB LPC rev 0x01
pciide0 at pci0 dev 31 function 1 Intel 82801GB IDE rev 0x01: DMA, channel 0 configured to compatibility, channel 1 configured to compatibility
atapiscsi0 at pciide0 channel 0 drive 0
scsibus0 at atapiscsi0: 2 targets
cd0 at scsibus0 targ 0 lun 0: &lt;TSSTcorp, DVD-ROM TS-H352C, DE02&gt; SCSI0 5/cdrom removable
cd0(pciide0:0:0): using PIO mode 4, Ultra-DMA mode 2
pciide0: channel 1 ignored (disabled)
pciide1 at pci0 dev 31 function 2 Intel 82801GB SATA rev 0x01: DMA, channel 0 configured to native-PCI, channel 1 configured to native-PCI
pciide1: using apic 8 int 20 (irq 10) for native-PCI interrupt
wd0 at pciide1 channel 0 drive 0: &lt;WDC WD800JD-75JNC0&gt;
wd0: 16-sector PIO, LBA, 76293MB, 156250000 sectors
wd0(pciide1:0:0): using PIO mode 4, Ultra-DMA mode 5
ichiic0 at pci0 dev 31 function 3 Intel 82801GB SMBus rev 0x01: apic 8 int 17 (irq 10)
iic0 at ichiic0
isa0 at pcib0
isadma0 at isa0
pckbc0 at isa0 port 0x60/5
pckbd0 at pckbc0 (kbd slot)
pckbc0: using irq 1 for kbd slot
wskbd0 at pckbd0: console keyboard, using wsdisplay0
pcppi0 at isa0 port 0x61
midi0 at pcppi0: &lt;PC speaker&gt;
spkr0 at pcppi0
umass0 at uhub4 port 3 configuration 1 interface 0
umass0: Samsung FMD9410NDL1, rev 2.00/16.e1, addr 2
umass0: using SCSI over Bulk-Only
scsibus1 at umass0: 2 targets
sd0 at scsibus1 targ 1 lun 0: &lt;Samsung, MS Card MS, 1.6E&gt; SCSI0 0/direct removable
sd0: drive offline
sd1 at scsibus1 targ 1 lun 1: &lt;Samsung, MS Card MS, 1.6E&gt; SCSI0 0/direct removable
sd1: drive offline
sd2 at scsibus1 targ 1 lun 2: &lt;Samsung, SD Card MMC/SD, 1.6E&gt; SCSI0 0/direct removable
sd2: drive offline
sd3 at scsibus1 targ 1 lun 3: &lt;Samsung, SM/XD Card SM, 1.6E&gt; SCSI0 0/direct removable
sd3: drive offline
uhidev0 at uhub0 port 1 configuration 1 interface 0
uhidev0: Logitech USB-PS/2 Optical Mouse, rev 2.00/18.00, addr 2, iclass 3/1
ums0 at uhidev0: 6 buttons and Z dir.
wsmouse0 at ums0 mux 0
uhidev1 at uhub0 port 2 configuration 1 interface 0
uhidev1: DELL DELL USB Keyboard, rev 1.10/1.04, addr 3, iclass 3/1
ukbd0 at uhidev1: 8 modifier keys, 6 key codes
wskbd1 at ukbd0 mux 1
wskbd1: connecting to wsdisplay0
dkcsum: wd0 matches BIOS drive 0x80
root on wd0a
rootdev=0x0 rrootdev=0x300 rawdev=0x302
arp info overwritten for xxx.xxx.xxx.xxx by xx:xx:xx:xx:xx:xx on fxp0
arp info overwritten for xxx.xxx.xxx.xxx by xx:xx:xx:xx:xx:xx on fxp0
arp info overwritten for xxx.xxx.xxx.xxx by xx:xx:xx:xx:xx:xx on fxp0
arp info overwritten for xxx.xxx.xxx.xxx by xx:xx:xx:xx:xx:xx on fxp0
</pre>



</div><!-- content -->
<br />
<div id="footer">
All comments/news/posts are the property of their individual owner and
is presented without warranty of suitability, and solely as an
informational resource. <br />
This site Copyright &copy; 2004-2020 NYC*BUG.
</div><!-- footer -->

</body>
</html>

