



<!doctype html>
<html lang="en">
<head>
<meta name="keywords"
	content="bsd, freebsd, openbsd, netbsd, dragonflybsd, nycbug, dmesgd" />
<meta name="description" content="New York City BSD User Group dmesgd" />
<meta charset="utf-8" />
<meta name="viewport" content="width=device-width, initial-scale=1" />
<title>NYC*BUG dmesgd</title>
<style>
body {
	text-align: left;
	margin: 15px auto;
	padding: 0px 10px;
}
@media (min-width: 800px) {
	body {
		max-width: 85%;
	}
}
#header {
	border-bottom: 1px solid #dbdbdb;
	font-size: 230%;
	text-align: left;
}
#footer {
	border-top: 1px solid #dbdbdb;
	clear: both;
	text-align: left;
}
.logo_bug {
	color: #cc0033;
}
#menu ul {
	list-style-type: none;
	margin: 0;
	padding: 0;
}
#menu li {
	float: left;
}
#menu li a {
	display: block;
	background-color: #dbdbdb;
	color: #000000;
	font-size: 105%;
	font-weight: bold;
	padding: 0px 6px 0px 6px;
	text-decoration: none;
}
#content {
	clear: both;
	text-align: left;
	padding-top: 10px;
}
#content h1 {
	font-size: 120%;
	font-weight: bold;
}
#content h2 {
	font-size: 110%;
	font-weight: bold;
}
#content a {
	text-decoration: none;
}
#content pre {
	background-color: #dbdbdb;
	padding: 5px 5px 5px 5px;
	white-space: pre-wrap;		/* css-3 */
	white-space: -moz-pre-wrap;	/* Mozilla, since 1999 */
	white-space: -pre-wrap;		/* Opera 4-6 */
	white-space: -o-pre-wrap;	/* Opera 7 */
	word-wrap: break-word;		/* Internet Explorer 5.5+ */
}
#content table {
	border-collapse: collapse;
}
#content table th {
	border: 1px solid #dbdbdb;
	font-size: 85%;
	white-space: nowrap;
}
#content table td {
	border: 1px solid #dbdbdb;
	font-size: 80%;
}
#content input {
	font-size: 1em;
}
#content .full	{ width: 100%; }
#content .left	{ text-align: left; }
#content .right	{ text-align: right; }
#content .center { text-align: center; }
#content .flexbox {
	display: -ms-flex;
	display: -webkit-flex;
	display: flex;
	width: 100%;
}
#content .left_col {
	min-width: 75px;
	max-width: 50%;
	flex-grow: 0;
}
#content .right_col {
	flex-grow: 1;
	margin-left: 10px;
	padding-top: 10px;
	padding-left: 10px;
}
#col {
	-moz-column-count: 3;
	-webkit-column-count: 3;
	column-count: 3;
}
</style>
</head>
<body>

<div id="header">
<strong><em>NYC*</em><span class="logo_bug">BUG</span> dmesgd</strong>
</div><!-- header -->

<div id="menu">
<ul>
<li><a href="https://dmesgd.nycbug.org/index.cgi?do=index">Home</a></li>
<li><a href="https://dmesgd.nycbug.org/index.cgi?do=submit">Submit</a></li>
<li><a href="https://www.nycbug.org/">NYC*BUG</a></li>
</ul>
</div><!-- menu -->

<div id="content">

<p>
Launched in 2004, dmesgd aims to provide a
<strong>user-submitted</strong> repository of searchable *BSD dmesgs.
The dmesg(8) command displays the system message buffer's content, and
during boot a copy is saved to <em>/var/run/dmesg.boot</em>.  This buffer
contains the operating system release, name and version, a list of
devices identified, plus a whole host of other useful information.  We
hope others find this resource useful and further contribute to its
growth. Contact us at [ admin at lists dot nycbug dot org ].
</p>

<hr />


<strong>Date:</strong> <em>2006-05-28 13:55:37</em><br />
<strong>From:</strong> <em>rjjack</em><br />
<strong>Description:</strong> <em>HP Pavilion dv5156eu</em><br />

<pre>
OpenBSD 3.9-current (GENERIC) #544: Sat May 20 11:11:54 MDT 2006
    xxx@xxx.xxx:/usr/src/sys/arch/amd64/compile/GENERIC
real mem = 1071902720 (1046780K)
avail mem = 907206656 (885944K)
using 22937 buffers containing 107397120 bytes (104880K) of memory
mainbus0 (root)
bios0 at mainbus0: SMBIOS rev. 2.31 @ 0xd7810 (34 entries)
bios0: Hewlett-Packard Pavilion dv5000 (EZ153EA#UUZ)
cpu0 at mainbus0: (uniprocessor)
cpu0: AMD Turion(tm) 64 Mobile Technology ML-34, 1795.08 MHz
cpu0: FPU,VME,DE,PSE,TSC,MSR,PAE,MCE,CX8,APIC,SEP,MTRR,PGE,MCA,CMOV,PAT,PSE36,CFLUSH,MMX,FXSR,SSE,SSE2,SSE3,NXE,MMXX,FFXSR,LONG,3DNOW2,3DNOW
cpu0: 64KB 64b/line 2-way I-cache, 64KB 64b/line 2-way D-cache, 1MB 64b/line 16-way L2 cache
cpu0: ITLB 32 4KB entries fully associative, 8 4MB entries fully associative
cpu0: DTLB 32 4KB entries fully associative, 8 4MB entries fully associative
cpu0: PowerNow! K8 1795 Mhz: speeds: 1800 1600 800 Mhz
pci0 at mainbus0 bus 0: configuration mode 1
pchb0 at pci0 dev 0 function 0 ATI RS480 Host rev 0x01
ppb0 at pci0 dev 1 function 0 ATI RS480 PCIE rev 0x00
pci1 at ppb0 bus 1
vga1 at pci1 dev 5 function 0 ATI Radeon XPRESS 200M rev 0x00
wsdisplay0 at vga1 mux 1: console (80x25, vt100 emulation)
wsdisplay0: screen 1-5 added (80x25, vt100 emulation)
ATI RS480 PCIE rev 0x00 at pci0 dev 5 function 0 not configured
ohci0 at pci0 dev 19 function 0 ATI IXP400 USB rev 0x00: irq 11, version 1.0, legacy support
usb0 at ohci0: USB revision 1.0
uhub0 at usb0
uhub0: ATI OHCI root hub, rev 1.00/1.00, addr 1
uhub0: 4 ports with 4 removable, self powered
ohci1 at pci0 dev 19 function 1 ATI IXP400 USB rev 0x00: irq 11, version 1.0, legacy support
usb1 at ohci1: USB revision 1.0
uhub1 at usb1
uhub1: ATI OHCI root hub, rev 1.00/1.00, addr 1
uhub1: 4 ports with 4 removable, self powered
ehci0 at pci0 dev 19 function 2 ATI IXP400 USB2 rev 0x00: irq 11
usb2 at ehci0: USB revision 2.0
uhub2 at usb2
uhub2: ATI EHCI root hub, rev 2.00/1.00, addr 1
uhub2: 8 ports with 8 removable, self powered
piixpm0 at pci0 dev 20 function 0 ATI IXP400 SMBus rev 0x11: SMI
iic0 at piixpm0
pciide0 at pci0 dev 20 function 1 ATI IXP400 IDE rev 0x00: DMA, channel 0 configured to compatibility, channel 1 configured to compatibility
wd0 at pciide0 channel 0 drive 0: &lt;WDC WD400UE-00HCT0&gt;
wd0: 16-sector PIO, LBA, 38154MB, 78140160 sectors
wd0(pciide0:0:0): using PIO mode 4, DMA mode 2, Ultra-DMA mode 5
atapiscsi0 at pciide0 channel 1 drive 0
scsibus0 at atapiscsi0: 2 targets
cd0 at scsibus0 targ 0 lun 0: &lt;PIONEER, DVDRW DVR-K16, 1.15&gt; SCSI0 5/cdrom removable
cd0(pciide0:1:0): using PIO mode 4, DMA mode 2
pcib0 at pci0 dev 20 function 3 ATI IXP400 ISA rev 0x00
ppb1 at pci0 dev 20 function 4 ATI IXP400 PCI rev 0x00
pci2 at ppb1 bus 6
Broadcom BCM4318 rev 0x02 at pci2 dev 2 function 0 not configured
cbb0 at pci2 dev 4 function 0 Texas Instruments PCI7XX1 CardBus rev 0x00: irq 10
Texas Instruments PCI7XX1 FireWire rev 0x00 at pci2 dev 4 function 2 not configured
Texas Instruments PCI7XX1 Flash rev 0x00 at pci2 dev 4 function 3 not configured
Texas Instruments PCI7XX1 Secure Data rev 0x00 at pci2 dev 4 function 4 not configured
rl0 at pci2 dev 6 function 0 Realtek 8139 rev 0x10: irq 10, address xx:xx:xx:xx:xx:xx
rlphy0 at rl0 phy 0: RTL internal PHY
cardslot0 at cbb0 slot 0 flags 0
cardbus0 at cardslot0: bus 7 device 0 cacheline 0x8, lattimer 0x20
pcmcia0 at cardslot0
auixp0 at pci0 dev 20 function 5 ATI IXP400 AC97 rev 0x02: irq 7
auixp0: soft resetting aclink
ATI IXP400 Modem rev 0x02 at pci0 dev 20 function 6 not configured
pchb1 at pci0 dev 24 function 0 AMD AMD64 HyperTransport rev 0x00
pchb2 at pci0 dev 24 function 1 AMD AMD64 Address Map rev 0x00
pchb3 at pci0 dev 24 function 2 AMD AMD64 DRAM Cfg rev 0x00
pchb4 at pci0 dev 24 function 3 AMD AMD64 Misc Cfg rev 0x00
isa0 at pcib0
isadma0 at isa0
pckbc0 at isa0 port 0x60/5
pckbd0 at pckbc0 (kbd slot)
pckbc0: using irq 1 for kbd slot
wskbd0 at pckbd0: console keyboard, using wsdisplay0
pmsi0 at pckbc0 (aux slot)
pckbc0: using irq 12 for aux slot
wsmouse0 at pmsi0 mux 0
pcppi0 at isa0 port 0x61
midi0 at pcppi0: &lt;PC speaker&gt;
spkr0 at pcppi0
uhidev0 at uhub1 port 2 configuration 1 interface 0
uhidev0: Logitech USB Trackball, rev 1.10/14.00, addr 2, iclass 3/1
ums0 at uhidev0: 5 buttons
wsmouse1 at ums0 mux 0
dkcsum: wd0 matches BIOS drive 0x80
root on wd0a
rootdev=0x0 rrootdev=0x300 rawdev=0x302
ac97: codec id 0x43585430 (Conexant CX?????)
ac97: codec features reserved, headphone, 18 bit DAC, 18 bit ADC, No 3D Stereo
audio0 at auixp0
</pre>



</div><!-- content -->
<br />
<div id="footer">
All comments/news/posts are the property of their individual owner and
is presented without warranty of suitability, and solely as an
informational resource. <br />
This site Copyright &copy; 2004-2020 NYC*BUG.
</div><!-- footer -->

</body>
</html>

