



<!doctype html>
<html lang="en">
<head>
<meta name="keywords"
	content="bsd, freebsd, openbsd, netbsd, dragonflybsd, nycbug, dmesgd" />
<meta name="description" content="New York City BSD User Group dmesgd" />
<meta charset="utf-8" />
<meta name="viewport" content="width=device-width, initial-scale=1" />
<title>NYC*BUG dmesgd</title>
<style>
body {
	text-align: left;
	margin: 15px auto;
	padding: 0px 10px;
}
@media (min-width: 800px) {
	body {
		max-width: 85%;
	}
}
#header {
	border-bottom: 1px solid #dbdbdb;
	font-size: 230%;
	text-align: left;
}
#footer {
	border-top: 1px solid #dbdbdb;
	clear: both;
	text-align: left;
}
.logo_bug {
	color: #cc0033;
}
#menu ul {
	list-style-type: none;
	margin: 0;
	padding: 0;
}
#menu li {
	float: left;
}
#menu li a {
	display: block;
	background-color: #dbdbdb;
	color: #000000;
	font-size: 105%;
	font-weight: bold;
	padding: 0px 6px 0px 6px;
	text-decoration: none;
}
#content {
	clear: both;
	text-align: left;
	padding-top: 10px;
}
#content h1 {
	font-size: 120%;
	font-weight: bold;
}
#content h2 {
	font-size: 110%;
	font-weight: bold;
}
#content a {
	text-decoration: none;
}
#content pre {
	background-color: #dbdbdb;
	padding: 5px 5px 5px 5px;
	white-space: pre-wrap;		/* css-3 */
	white-space: -moz-pre-wrap;	/* Mozilla, since 1999 */
	white-space: -pre-wrap;		/* Opera 4-6 */
	white-space: -o-pre-wrap;	/* Opera 7 */
	word-wrap: break-word;		/* Internet Explorer 5.5+ */
}
#content table {
	border-collapse: collapse;
}
#content table th {
	border: 1px solid #dbdbdb;
	font-size: 85%;
	white-space: nowrap;
}
#content table td {
	border: 1px solid #dbdbdb;
	font-size: 80%;
}
#content input {
	font-size: 1em;
}
#content .full	{ width: 100%; }
#content .left	{ text-align: left; }
#content .right	{ text-align: right; }
#content .center { text-align: center; }
#content .flexbox {
	display: -ms-flex;
	display: -webkit-flex;
	display: flex;
	width: 100%;
}
#content .left_col {
	min-width: 75px;
	max-width: 50%;
	flex-grow: 0;
}
#content .right_col {
	flex-grow: 1;
	margin-left: 10px;
	padding-top: 10px;
	padding-left: 10px;
}
#col {
	-moz-column-count: 3;
	-webkit-column-count: 3;
	column-count: 3;
}
</style>
</head>
<body>

<div id="header">
<strong><em>NYC*</em><span class="logo_bug">BUG</span> dmesgd</strong>
</div><!-- header -->

<div id="menu">
<ul>
<li><a href="https://dmesgd.nycbug.org/index.cgi?do=index">Home</a></li>
<li><a href="https://dmesgd.nycbug.org/index.cgi?do=submit">Submit</a></li>
<li><a href="https://www.nycbug.org/">NYC*BUG</a></li>
</ul>
</div><!-- menu -->

<div id="content">

<p>
Launched in 2004, dmesgd aims to provide a
<strong>user-submitted</strong> repository of searchable *BSD dmesgs.
The dmesg(8) command displays the system message buffer's content, and
during boot a copy is saved to <em>/var/run/dmesg.boot</em>.  This buffer
contains the operating system release, name and version, a list of
devices identified, plus a whole host of other useful information.  We
hope others find this resource useful and further contribute to its
growth. Contact us at [ admin at lists dot nycbug dot org ].
</p>

<hr />


<strong>Date:</strong> <em>2006-06-11 08:56:39</em><br />
<strong>From:</strong> <em>herauthon</em><br />
<strong>Description:</strong> <em>Scrappy TXPro-3 / AMD-K6/2 500</em><br />

<pre>
OpenBSD 3.9 (GENERIC) #617: Thu Mar  2 02:26:48 MST 2006
    xxx@xxx.xxx:/usr/src/sys/arch/i386/compile/GENERIC
cpu0: AMD-K6(tm) 3D processor (AuthenticAMD 586-class) 501 MHz
cpu0: FPU,V86,DE,PSE,TSC,MSR,MCE,CX8,PGE,MMX
real mem  = 33136640 (32360K)
avail mem = 22147072 (21628K)
using 430 buffers containing 1761280 bytes (1720K) of memory
mainbus0 (root)
bios0 at mainbus0: AT/286+(f5) BIOS, date 12/22/98, BIOS32 rev. 0 @ 0xfafd0
apm0 at bios0: Power Management spec V1.2
apm0: AC on, battery charge unknown
apm0: flags 70102 dobusy 1 doidle 1
pcibios0 at bios0: rev 2.1 @ 0xf0000/0xb448
pcibios0: PCI IRQ Routing Table rev 1.0 @ 0xfd9f0/96 (4 entries)
pcibios0: PCI Exclusive IRQs: 10 11
pcibios0: PCI Interrupt Router at 000:07:0 (VIA VT82C586 ISA rev 0x00)
pcibios0: PCI bus #1 is the last bus
bios0: ROM list: 0xc0000/0x8000
cpu0 at mainbus0
pci0 at mainbus0 bus 0: configuration mode 1 (no bios)
pchb0 at pci0 dev 0 function 0 VIA VT82C597 PCI rev 0x04
ppb0 at pci0 dev 1 function 0 VIA VT82C598 AGP rev 0x00
pci1 at ppb0 bus 1
vga1 at pci1 dev 0 function 0 Matrox MGA G200 AGP rev 0x03
wsdisplay0 at vga1 mux 1: console (80x25, vt100 emulation)
wsdisplay0: screen 1-5 added (80x25, vt100 emulation)
pcib0 at pci0 dev 7 function 0 VIA VT82C586 ISA rev 0x47
pciide0 at pci0 dev 7 function 1 VIA VT82C571 IDE rev 0x06: ATA33, channel 0 configured to compatibility, channel 1 configured to compatibility
wd0 at pciide0 channel 0 drive 0: &lt;ST34321A&gt;
wd0: 32-sector PIO, LBA, 4103MB, 8404830 sectors
wd0(pciide0:0:0): using PIO mode 4, Ultra-DMA mode 2
wd1 at pciide0 channel 1 drive 0: &lt;WDC AC23200L&gt;
wd1: 16-sector PIO, LBA, 3098MB, 6346368 sectors
wd1(pciide0:1:0): using PIO mode 4, Ultra-DMA mode 2
VIA VT82C586 Power rev 0x10 at pci0 dev 7 function 3 not configured
rl0 at pci0 dev 10 function 0 Realtek 8139 rev 0x10: irq 10, address xx:xx:xx:xx:xx:xx
rlphy0 at rl0 phy 0: RTL internal PHY
isa0 at pcib0
isadma0 at isa0
pckbc0 at isa0 port 0x60/5
pckbd0 at pckbc0 (kbd slot)
pckbc0: using irq 1 for kbd slot
wskbd0 at pckbd0: console keyboard, using wsdisplay0
pcppi0 at isa0 port 0x61
midi0 at pcppi0: &lt;PC speaker&gt;
spkr0 at pcppi0
lpt2 at isa0 port 0x3bc/4: polled
npx0 at isa0 port 0xf0/16: using exception 16
pccom0 at isa0 port 0x3f8/8 irq 4: ns16550a, 16 byte fifo
pccom1 at isa0 port 0x2f8/8 irq 3: ns16550a, 16 byte fifo
fdc0 at isa0 port 0x3f0/6 irq 6 drq 2
fd0 at fdc0 drive 0: 1.44MB 80 cyl, 2 head, 18 sec
isapnp0 at isa0 port 0x279: read port 0x203
sb1 at isapnp0 Creative ViBRA16X PnP, CTL0043, , Audio port 0x220/16,0x330/2,0x388/4 irq 5 drq 1,3: dsp v4.16
midi1 at sb1: &lt;SB MPU-401 UART&gt;
audio0 at sb1
opl0 at sb1: model OPL3
midi2 at opl0: &lt;SB Yamaha OPL3&gt;
joy0 at isapnp0 Creative ViBRA16X PnP, CTL7005, PNPB02F, Game port 0x201/1
biomask fbc5 netmask ffc5 ttymask ffc7
pctr: user-level cycle counter enabled
mtrr: K6-family MTRR support (2 registers)
dkcsum: wd0 matches BIOS drive 0x80
dkcsum: wd1 matches BIOS drive 0x81
root on wd0a
rootdev=0x0 rrootdev=0x300 rawdev=0x302
</pre>



</div><!-- content -->
<br />
<div id="footer">
All comments/news/posts are the property of their individual owner and
is presented without warranty of suitability, and solely as an
informational resource. <br />
This site Copyright &copy; 2004-2020 NYC*BUG.
</div><!-- footer -->

</body>
</html>

