



<!doctype html>
<html lang="en">
<head>
<meta name="keywords"
	content="bsd, freebsd, openbsd, netbsd, dragonflybsd, nycbug, dmesgd" />
<meta name="description" content="New York City BSD User Group dmesgd" />
<meta charset="utf-8" />
<meta name="viewport" content="width=device-width, initial-scale=1" />
<title>NYC*BUG dmesgd</title>
<style>
body {
	text-align: left;
	margin: 15px auto;
	padding: 0px 10px;
}
@media (min-width: 800px) {
	body {
		max-width: 85%;
	}
}
#header {
	border-bottom: 1px solid #dbdbdb;
	font-size: 230%;
	text-align: left;
}
#footer {
	border-top: 1px solid #dbdbdb;
	clear: both;
	text-align: left;
}
.logo_bug {
	color: #cc0033;
}
#menu ul {
	list-style-type: none;
	margin: 0;
	padding: 0;
}
#menu li {
	float: left;
}
#menu li a {
	display: block;
	background-color: #dbdbdb;
	color: #000000;
	font-size: 105%;
	font-weight: bold;
	padding: 0px 6px 0px 6px;
	text-decoration: none;
}
#content {
	clear: both;
	text-align: left;
	padding-top: 10px;
}
#content h1 {
	font-size: 120%;
	font-weight: bold;
}
#content h2 {
	font-size: 110%;
	font-weight: bold;
}
#content a {
	text-decoration: none;
}
#content pre {
	background-color: #dbdbdb;
	padding: 5px 5px 5px 5px;
	white-space: pre-wrap;		/* css-3 */
	white-space: -moz-pre-wrap;	/* Mozilla, since 1999 */
	white-space: -pre-wrap;		/* Opera 4-6 */
	white-space: -o-pre-wrap;	/* Opera 7 */
	word-wrap: break-word;		/* Internet Explorer 5.5+ */
}
#content table {
	border-collapse: collapse;
}
#content table th {
	border: 1px solid #dbdbdb;
	font-size: 85%;
	white-space: nowrap;
}
#content table td {
	border: 1px solid #dbdbdb;
	font-size: 80%;
}
#content input {
	font-size: 1em;
}
#content .full	{ width: 100%; }
#content .left	{ text-align: left; }
#content .right	{ text-align: right; }
#content .center { text-align: center; }
#content .flexbox {
	display: -ms-flex;
	display: -webkit-flex;
	display: flex;
	width: 100%;
}
#content .left_col {
	min-width: 75px;
	max-width: 50%;
	flex-grow: 0;
}
#content .right_col {
	flex-grow: 1;
	margin-left: 10px;
	padding-top: 10px;
	padding-left: 10px;
}
#col {
	-moz-column-count: 3;
	-webkit-column-count: 3;
	column-count: 3;
}
</style>
</head>
<body>

<div id="header">
<strong><em>NYC*</em><span class="logo_bug">BUG</span> dmesgd</strong>
</div><!-- header -->

<div id="menu">
<ul>
<li><a href="https://dmesgd.nycbug.org/index.cgi?do=index">Home</a></li>
<li><a href="https://dmesgd.nycbug.org/index.cgi?do=submit">Submit</a></li>
<li><a href="https://www.nycbug.org/">NYC*BUG</a></li>
</ul>
</div><!-- menu -->

<div id="content">

<p>
Launched in 2004, dmesgd aims to provide a
<strong>user-submitted</strong> repository of searchable *BSD dmesgs.
The dmesg(8) command displays the system message buffer's content, and
during boot a copy is saved to <em>/var/run/dmesg.boot</em>.  This buffer
contains the operating system release, name and version, a list of
devices identified, plus a whole host of other useful information.  We
hope others find this resource useful and further contribute to its
growth. Contact us at [ admin at lists dot nycbug dot org ].
</p>

<hr />


<strong>Date:</strong> <em>2006-07-13 06:55:25</em><br />
<strong>From:</strong> <em>adli</em><br />
<strong>Description:</strong> <em>AST Bravo MS 5133</em><br />

<pre>
OpenBSD 3.8 (GENERIC) #138: Sat Sep 10 15:41:37 MDT 2005
    xxx@xxx.xxx:/usr/src/sys/arch/i386/compile/GENERIC
cpu0: Intel Pentium (P54C) (GenuineIntel 586-class) 133 MHz
cpu0: FPU,V86,DE,PSE,TSC,MSR,MCE,CX8
cpu0: F00F bug workaround installed
real mem  = 66695168 (65132K)
avail mem = 53329920 (52080K)
using 839 buffers containing 3436544 bytes (3356K) of memory
mainbus0 (root)
bios0 at mainbus0: AT/286+(20) BIOS, date 03/13/97, BIOS32 rev. 0 @ 0xfab2d
apm0 at bios0: Power Management spec V1.1
apm0: AC on, battery charge unknown
apm0: flags 30101 dobusy 0 doidle 1
pcibios0 at bios0: rev 2.1 @ 0xf0000/0x10000
pcibios0: PCI BIOS has 5 Interrupt Routing table entries
pcibios0: PCI Interrupt Router at 000:07:0 (Intel 82371SB ISA rev 0x00)
pcibios0: PCI bus #0 is the last bus
bios0: ROM list: 0xc0000/0x8000 0xc8000/0x800
cpu0 at mainbus0
pci0 at mainbus0 bus 0: configuration mode 1 (bios)
pchb0 at pci0 dev 0 function 0 Intel 82439HX rev 0x03
pcib0 at pci0 dev 7 function 0 Intel 82371SB ISA rev 0x01
pciide0 at pci0 dev 7 function 1 Intel 82371SB IDE rev 0x00: DMA, channel 0 wired to compatibility, channel 1 wired to compatibility
wd0 at pciide0 channel 0 drive 0: &lt;ST36421A&gt;
wd0: 16-sector PIO, LBA, 6150MB, 12596850 sectors
wd0(pciide0:0:0): using PIO mode 4, DMA mode 2
wd1 at pciide0 channel 1 drive 0: &lt;Maxtor 82561D3&gt;
wd1: 16-sector PIO, LBA, 2441MB, 4999680 sectors
atapiscsi0 at pciide0 channel 1 drive 1
scsibus0 at atapiscsi0: 2 targets
wdc_atapi_intr: warning: reading only 0 of 36 bytes
wdc_atapi_intr: warning: reading only 14 of 18 bytes
cd0 at scsibus0 targ 0 lun 0: &lt;GoldStar, CD-ROM GCD-R560B, 1.00&gt; SCSI0 5/cdrom removable
wd1(pciide0:1:0): using PIO mode 4, DMA mode 2
cd0(pciide0:1:1): using PIO mode 0, DMA mode 1
vga1 at pci0 dev 8 function 0 ATI Mach64 VT rev 0x48
wsdisplay0 at vga1 mux 1: console (80x25, vt100 emulation)
wsdisplay0: screen 1-5 added (80x25, vt100 emulation)
xl0 at pci0 dev 17 function 0 3Com 3c905B 100Base-TX rev 0x30: irq 11, address xx:xx:xx:xx:xx:xx
exphy0 at xl0 phy 24: 3Com internal media interface
xl1 at pci0 dev 19 function 0 3Com 3c905C 100Base-TX rev 0x74: irq 10, address xx:xx:xx:xx:xx:xx
bmtphy0 at xl1 phy 24: Broadcom 3C905C internal PHY, rev. 6
isa0 at pcib0
isadma0 at isa0
pckbc0 at isa0 port 0x60/5
pckbd0 at pckbc0 (kbd slot)
pckbc0: using irq 1 for kbd slot
wskbd0 at pckbd0: console keyboard, using wsdisplay0
pms0 at pckbc0 (aux slot)
pckbc0: using irq 12 for aux slot
wsmouse0 at pms0 mux 0
pcppi0 at isa0 port 0x61
midi0 at pcppi0: &lt;PC speaker&gt;
spkr0 at pcppi0
sysbeep0 at pcppi0
lpt0 at isa0 port 0x378/4 irq 7
npx0 at isa0 port 0xf0/16: using exception 16
pccom0 at isa0 port 0x3f8/8 irq 4: ns16550a, 16 byte fifo
pccom1 at isa0 port 0x2f8/8 irq 3: ns16550a, 16 byte fifo
fdc0 at isa0 port 0x3f0/6 irq 6 drq 2
fd0 at fdc0 drive 0: 1.44MB 80 cyl, 2 head, 18 sec
isapnp0 at isa0 port 0x279: read port 0x203
sb1 at isapnp0 Creative ViBRA16C PnP, CTL0001, , Audio port 0x220/16,0x330/2,0x388/4 irq 5 drq 1,5: dsp v4.13
midi1 at sb1: &lt;SB MPU-401 UART&gt;
audio0 at sb1
opl0 at sb1: model OPL3
midi2 at opl0: &lt;SB Yamaha OPL3&gt;
joy0 at isapnp0 Creative ViBRA16C PnP, CTL7001, PNPB02F, Game port 0x200/8
ep1 at isapnp0 3Com 3C509B EtherLink III, TCM5094, PNP80F7,  port 0x210/16 irq 9: address xx:xx:xx:xx:xx:xx, utp/aui/bnc (default utp)
biomask e145 netmask ef45 ttymask ffc7
pctr: 586-class performance counters and user-level cycle counter enabled
dkcsum: wd0 matches BIOS drive 0x80
</pre>



</div><!-- content -->
<br />
<div id="footer">
All comments/news/posts are the property of their individual owner and
is presented without warranty of suitability, and solely as an
informational resource. <br />
This site Copyright &copy; 2004-2020 NYC*BUG.
</div><!-- footer -->

</body>
</html>

