



<!doctype html>
<html lang="en">
<head>
<meta name="keywords"
	content="bsd, freebsd, openbsd, netbsd, dragonflybsd, nycbug, dmesgd" />
<meta name="description" content="New York City BSD User Group dmesgd" />
<meta charset="utf-8" />
<meta name="viewport" content="width=device-width, initial-scale=1" />
<title>NYC*BUG dmesgd</title>
<style>
body {
	text-align: left;
	margin: 15px auto;
	padding: 0px 10px;
}
@media (min-width: 800px) {
	body {
		max-width: 85%;
	}
}
#header {
	border-bottom: 1px solid #dbdbdb;
	font-size: 230%;
	text-align: left;
}
#footer {
	border-top: 1px solid #dbdbdb;
	clear: both;
	text-align: left;
}
.logo_bug {
	color: #cc0033;
}
#menu ul {
	list-style-type: none;
	margin: 0;
	padding: 0;
}
#menu li {
	float: left;
}
#menu li a {
	display: block;
	background-color: #dbdbdb;
	color: #000000;
	font-size: 105%;
	font-weight: bold;
	padding: 0px 6px 0px 6px;
	text-decoration: none;
}
#content {
	clear: both;
	text-align: left;
	padding-top: 10px;
}
#content h1 {
	font-size: 120%;
	font-weight: bold;
}
#content h2 {
	font-size: 110%;
	font-weight: bold;
}
#content a {
	text-decoration: none;
}
#content pre {
	background-color: #dbdbdb;
	padding: 5px 5px 5px 5px;
	white-space: pre-wrap;		/* css-3 */
	white-space: -moz-pre-wrap;	/* Mozilla, since 1999 */
	white-space: -pre-wrap;		/* Opera 4-6 */
	white-space: -o-pre-wrap;	/* Opera 7 */
	word-wrap: break-word;		/* Internet Explorer 5.5+ */
}
#content table {
	border-collapse: collapse;
}
#content table th {
	border: 1px solid #dbdbdb;
	font-size: 85%;
	white-space: nowrap;
}
#content table td {
	border: 1px solid #dbdbdb;
	font-size: 80%;
}
#content input {
	font-size: 1em;
}
#content .full	{ width: 100%; }
#content .left	{ text-align: left; }
#content .right	{ text-align: right; }
#content .center { text-align: center; }
#content .flexbox {
	display: -ms-flex;
	display: -webkit-flex;
	display: flex;
	width: 100%;
}
#content .left_col {
	min-width: 75px;
	max-width: 50%;
	flex-grow: 0;
}
#content .right_col {
	flex-grow: 1;
	margin-left: 10px;
	padding-top: 10px;
	padding-left: 10px;
}
#col {
	-moz-column-count: 3;
	-webkit-column-count: 3;
	column-count: 3;
}
</style>
</head>
<body>

<div id="header">
<strong><em>NYC*</em><span class="logo_bug">BUG</span> dmesgd</strong>
</div><!-- header -->

<div id="menu">
<ul>
<li><a href="https://dmesgd.nycbug.org/index.cgi?do=index">Home</a></li>
<li><a href="https://dmesgd.nycbug.org/index.cgi?do=submit">Submit</a></li>
<li><a href="https://www.nycbug.org/">NYC*BUG</a></li>
</ul>
</div><!-- menu -->

<div id="content">

<p>
Launched in 2004, dmesgd aims to provide a
<strong>user-submitted</strong> repository of searchable *BSD dmesgs.
The dmesg(8) command displays the system message buffer's content, and
during boot a copy is saved to <em>/var/run/dmesg.boot</em>.  This buffer
contains the operating system release, name and version, a list of
devices identified, plus a whole host of other useful information.  We
hope others find this resource useful and further contribute to its
growth. Contact us at [ admin at lists dot nycbug dot org ].
</p>

<hr />


<strong>Date:</strong> <em>2006-07-27 03:29:01</em><br />
<strong>From:</strong> <em>nano</em><br />
<strong>Description:</strong> <em>i386, 2 x Celeron @468MHz (SMP kernel)</em><br />

<pre>
OpenBSD 3.9 (GENERIC.MP) #4: Wed Jun  7 18:25:14 MSD 2006
    xxx@xxx.xxx:/sys/arch/i386/compile/GENERIC.MP
cpu0: Intel Celeron (GenuineIntel 686-class, 128KB L2 cache) 468 MHz
cpu0: FPU,V86,DE,PSE,TSC,MSR,PAE,MCE,CX8,APIC,SEP,MTRR,PGE,MCA,CMOV,PAT,PSE36,MMX,FXSR
real mem  = 335060992 (327208K)
avail mem = 297668608 (290692K)
using 4115 buffers containing 16855040 bytes (16460K) of memory
mainbus0 (root)
bios0 at mainbus0: AT/286+(05) BIOS, date 04/20/00, BIOS32 rev. 0 @ 0xfb590
apm0 at bios0: Power Management spec V1.2
apm0: AC on, battery charge unknown
apm0: flags 70102 dobusy 1 doidle 1
pcibios0 at bios0: rev 2.1 @ 0xf0000/0xba18
pcibios0: PCI IRQ Routing Table rev 1.0 @ 0xfd7e0/160 (8 entries)
pcibios0: PCI Exclusive IRQs: 9 10
pcibios0: PCI Interrupt Router at 000:07:0 (Intel 82371SB ISA rev 0x00)
pcibios0: PCI bus #1 is the last bus
bios0: ROM list: 0xc0000/0x9000 0xcc000/0x5400 0xd2000/0x200! 0xef000/0x1000!
mainbus0: Intel MP Specification (Version 1.4) (OEM00000 PROD00000000)
cpu0 at mainbus0: apid 0 (boot processor)
cpu0: apic clock running at 66 MHz
cpu1 at mainbus0: apid 1 (application processor)
cpu1: Intel Celeron (GenuineIntel 686-class, 128KB L2 cache) 468 MHz
cpu1: FPU,V86,DE,PSE,TSC,MSR,PAE,MCE,CX8,APIC,SEP,MTRR,PGE,MCA,CMOV
mainbus0: bus 0 is type PCI
mainbus0: bus 1 is type PCI
mainbus0: bus 2 is type ISA
ioapic0 at mainbus0: apid 2 pa 0xfec00000, version 11, 24 pins
pci0 at mainbus0 bus 0: configuration mode 1 (no bios)
pchb0 at pci0 dev 0 function 0 Intel 82443BX AGP rev 0x03
ppb0 at pci0 dev 1 function 0 Intel 82443BX AGP rev 0x03
pci1 at ppb0 bus 1
vga1 at pci1 dev 0 function 0 Matrox MGA G550 AGP rev 0x01
wsdisplay0 at vga1 mux 1: console (80x25, vt100 emulation)
wsdisplay0: screen 1-9 added (80x25, vt100 emulation)
pcib0 at pci0 dev 7 function 0 Intel 82371AB PIIX4 ISA rev 0x02
pciide0 at pci0 dev 7 function 1 Intel 82371AB IDE rev 0x01: DMA, channel 0 wired to compatibility, channel 1 wired to compatibility
pciide0: channel 0 disabled (no drives)
pciide0: channel 1 disabled (no drives)
uhci0 at pci0 dev 7 function 2 Intel 82371AB USB rev 0x01: apic 2 int 19 (irq 9)
usb0 at uhci0: USB revision 1.0
uhub0 at usb0
uhub0: Intel UHCI root hub, rev 1.00/1.00, addr 1
uhub0: 2 ports with 2 removable, self powered
piixpm0 at pci0 dev 7 function 3 Intel 82371AB Power rev 0x02: polling
iic0 at piixpm0
lm1 at iic0 addr 0x2d: W83782D
ahc0 at pci0 dev 9 function 0 Adaptec AHA-19160B U160 rev 0x02: apic 2 int 19 (irq 9)
scsibus0 at ahc0: 16 targets
sd0 at scsibus0 targ 6 lun 0: &lt;IBM, DDYS-T36950N, S96H&gt; SCSI3 0/direct fixed
sd0: 35003MB, 15110 cyl, 12 head, 395 sec, 512 bytes/sec, 71687340 sec total
vr0 at pci0 dev 11 function 0 VIA VT6105 RhineIII rev 0x86: apic 2 int 18 (irq 10), address xx:xx:xx:xx:xx:xx
ukphy0 at vr0 phy 1: Generic IEEE 802.3u media interface, rev. 4: OUI 0x004063, model 0x0034
rl0 at pci0 dev 13 function 0 D-Link Systems 530TX+ rev 0x10: apic 2 int 17 (irq 9), address xx:xx:xx:xx:xx:xx
rlphy0 at rl0 phy 0: RTL internal PHY
pciide1 at pci0 dev 19 function 0 HighPoint HPT36x/37x IDE rev 0x01: DMA
pciide1: using apic 2 int 18 (irq 10) for native-PCI interrupt
pciide2 at pci0 dev 19 function 1 HighPoint HPT36x/37x IDE rev 0x01: DMA
pciide2: using apic 2 int 18 (irq 10) for native-PCI interrupt
isa0 at pcib0
isadma0 at isa0
pckbc0 at isa0 port 0x60/5
pckbd0 at pckbc0 (kbd slot)
pckbc0: using irq 1 for kbd slot
wskbd0 at pckbd0: console keyboard, using wsdisplay0
pmsi0 at pckbc0 (aux slot)
pckbc0: using irq 12 for aux slot
wsmouse0 at pmsi0 mux 0
pcppi0 at isa0 port 0x61
midi0 at pcppi0: &lt;PC speaker&gt;
spkr0 at pcppi0
lpt0 at isa0 port 0x378/4 irq 7
lm0 at isa0 port 0x290/8: W83782D
lm1 detached
npx0 at isa0 port 0xf0/16: using exception 16
pccom0 at isa0 port 0x3f8/8 irq 4: ns16550a, 16 byte fifo
pccom1 at isa0 port 0x2f8/8 irq 3: ns16550a, 16 byte fifo
isapnp0 at isa0 port 0x279: read port 0x203
wss1 at isapnp0 AW32 Pro (R2.2-6B), CSC0000, , WSS/SB port 0x534/4,0x388/4,0x220/16 irq 5 drq 1,0: CS4236/CS4236B (vers 0)
audio0 at wss1
joy0 at isapnp0 AW32 Pro (R2.2-6B), CSC0001, , GAME port 0x200/8
AW32 Pro (R2.2-6B), CSC0010, , CTRL at isapnp0 port 0x120/8 not configured
mpu0 at isapnp0 AW32 Pro (R2.2-6B), CSC0003, , MPU port 0x330/2 irq 9
mpu0: find failed
biomask 0 netmask 0 ttymask 0
ioapic0: pin 18 shares different IPL interrupts (40..50), degraded performance
pctr: 686-class user-level performance counters enabled
mtrr: Pentium Pro MTRR support
Kernelized RAIDframe activated
Searching for raid components...
ahc0: target 6 using 16bit transfers
ahc0: target 6 synchronous at 80.0MHz DT, offset = 0x3f
apm0: disconnected
umass0 at uhub0 port 2 configuration 1 interface 0
umass0: vendor 0x0457 USB Mass Storage Device, rev 2.00/1.00, addr 2
umass0: using SCSI over Bulk-Only
scsibus1 at umass0: 2 targets
umass0: Invalid CSW: tag 42 should be 43
umass0: Invalid CSW: tag 42 should be 44
dkcsum: sd0 matches BIOS drive 0x80
root on sd0a
rootdev=0x400 rrootdev=0xd00 rawdev=0xd02
</pre>



</div><!-- content -->
<br />
<div id="footer">
All comments/news/posts are the property of their individual owner and
is presented without warranty of suitability, and solely as an
informational resource. <br />
This site Copyright &copy; 2004-2020 NYC*BUG.
</div><!-- footer -->

</body>
</html>

