



<!doctype html>
<html lang="en">
<head>
<meta name="keywords"
	content="bsd, freebsd, openbsd, netbsd, dragonflybsd, nycbug, dmesgd" />
<meta name="description" content="New York City BSD User Group dmesgd" />
<meta charset="utf-8" />
<meta name="viewport" content="width=device-width, initial-scale=1" />
<title>NYC*BUG dmesgd</title>
<style>
body {
	text-align: left;
	margin: 15px auto;
	padding: 0px 10px;
}
@media (min-width: 800px) {
	body {
		max-width: 85%;
	}
}
#header {
	border-bottom: 1px solid #dbdbdb;
	font-size: 230%;
	text-align: left;
}
#footer {
	border-top: 1px solid #dbdbdb;
	clear: both;
	text-align: left;
}
.logo_bug {
	color: #cc0033;
}
#menu ul {
	list-style-type: none;
	margin: 0;
	padding: 0;
}
#menu li {
	float: left;
}
#menu li a {
	display: block;
	background-color: #dbdbdb;
	color: #000000;
	font-size: 105%;
	font-weight: bold;
	padding: 0px 6px 0px 6px;
	text-decoration: none;
}
#content {
	clear: both;
	text-align: left;
	padding-top: 10px;
}
#content h1 {
	font-size: 120%;
	font-weight: bold;
}
#content h2 {
	font-size: 110%;
	font-weight: bold;
}
#content a {
	text-decoration: none;
}
#content pre {
	background-color: #dbdbdb;
	padding: 5px 5px 5px 5px;
	white-space: pre-wrap;		/* css-3 */
	white-space: -moz-pre-wrap;	/* Mozilla, since 1999 */
	white-space: -pre-wrap;		/* Opera 4-6 */
	white-space: -o-pre-wrap;	/* Opera 7 */
	word-wrap: break-word;		/* Internet Explorer 5.5+ */
}
#content table {
	border-collapse: collapse;
}
#content table th {
	border: 1px solid #dbdbdb;
	font-size: 85%;
	white-space: nowrap;
}
#content table td {
	border: 1px solid #dbdbdb;
	font-size: 80%;
}
#content input {
	font-size: 1em;
}
#content .full	{ width: 100%; }
#content .left	{ text-align: left; }
#content .right	{ text-align: right; }
#content .center { text-align: center; }
#content .flexbox {
	display: -ms-flex;
	display: -webkit-flex;
	display: flex;
	width: 100%;
}
#content .left_col {
	min-width: 75px;
	max-width: 50%;
	flex-grow: 0;
}
#content .right_col {
	flex-grow: 1;
	margin-left: 10px;
	padding-top: 10px;
	padding-left: 10px;
}
#col {
	-moz-column-count: 3;
	-webkit-column-count: 3;
	column-count: 3;
}
</style>
</head>
<body>

<div id="header">
<strong><em>NYC*</em><span class="logo_bug">BUG</span> dmesgd</strong>
</div><!-- header -->

<div id="menu">
<ul>
<li><a href="https://dmesgd.nycbug.org/index.cgi?do=index">Home</a></li>
<li><a href="https://dmesgd.nycbug.org/index.cgi?do=submit">Submit</a></li>
<li><a href="https://www.nycbug.org/">NYC*BUG</a></li>
</ul>
</div><!-- menu -->

<div id="content">

<p>
Launched in 2004, dmesgd aims to provide a
<strong>user-submitted</strong> repository of searchable *BSD dmesgs.
The dmesg(8) command displays the system message buffer's content, and
during boot a copy is saved to <em>/var/run/dmesg.boot</em>.  This buffer
contains the operating system release, name and version, a list of
devices identified, plus a whole host of other useful information.  We
hope others find this resource useful and further contribute to its
growth. Contact us at [ admin at lists dot nycbug dot org ].
</p>

<hr />


<strong>Date:</strong> <em>2006-08-22 19:35:12</em><br />
<strong>From:</strong> <em>Craig</em><br />
<strong>Description:</strong> <em>Asus P5LD2</em><br />

<pre>
OpenBSD 4.0-beta (GENERIC.MP) #1: Mon Aug 21 10:38:56 EDT 2006
    xxx@xxx.xxx:/usr/src/sys/arch/i386/compile/GENERIC.MP
cpu0: Intel(R) Pentium(R) D CPU 2.66GHz (GenuineIntel 686-class) 2.68 GHz
cpu0: FPU,V86,DE,PSE,TSC,MSR,PAE,MCE,CX8,APIC,SEP,MTRR,PGE,MCA,CMOV,PAT,PSE36,CF                                      LUSH,DS,ACPI,MMX,FXSR,SSE,SSE2,SS,HTT,TM,SBF,SSE3,MWAIT,DS-CPL,TM2,CNXT-ID,CX16
real mem  = 1072918528 (1047772K)
avail mem = 970670080 (947920K)
using 4256 buffers containing 53747712 bytes (52488K) of memory
mainbus0 (root)
bios0 at mainbus0: AT/286+(00) BIOS, date 03/20/06, BIOS32 rev. 0 @ 0xf0010, SMB                                      IOS rev. 2.3 @ 0xf04e0 (71 entries)
bios0: ASUSTeK Computer INC. P5LD2
apm0 at bios0: Power Management spec V1.2
apm0: AC on, battery charge unknown
apm0: flags 30102 dobusy 0 doidle 1
pcibios0 at bios0: rev 2.1 @ 0xf0000/0x10000
pcibios0: PCI IRQ Routing Table rev 1.0 @ 0xf7bb0/304 (17 entries)
pcibios0: PCI Interrupt Router at 000:31:0 (Intel 82801GB LPC rev 0x00)
pcibios0: PCI bus #4 is the last bus
bios0: ROM list: 0xc0000/0xee00
mainbus0: Intel MP Specification (Version 1.4) (INTEL                )
cpu0 at mainbus0: apid 0 (boot processor)
cpu0: apic clock running at 133 MHz
cpu1 at mainbus0: apid 1 (application processor)
cpu1: Intel(R) Pentium(R) D CPU 2.66GHz (GenuineIntel 686-class) 2.68 GHz
cpu1: FPU,V86,DE,PSE,TSC,MSR,PAE,MCE,CX8,APIC,SEP,MTRR,PGE,MCA,CMOV,PAT,PSE36,CF                                      LUSH,DS,ACPI,MMX,FXSR,SSE,SSE2,SS,HTT,TM,SBF,SSE3,MWAIT,DS-CPL,TM2,CNXT-ID,CX16
mainbus0: bus 0 is type PCI
mainbus0: bus 1 is type PCI
mainbus0: bus 2 is type PCI
mainbus0: bus 3 is type PCI
mainbus0: bus 4 is type PCI
mainbus0: bus 5 is type ISA
ioapic0 at mainbus0: apid 2 pa 0xfec00000, version 20, 24 pins
pci0 at mainbus0 bus 0: configuration mode 1 (no bios)
pchb0 at pci0 dev 0 function 0 Intel 82945GP rev 0x81
ppb0 at pci0 dev 1 function 0 Intel 82945GP PCIE rev 0x81
pci1 at ppb0 bus 4
vga1 at pci1 dev 0 function 0 vendor NVIDIA, unknown product 0x0163 rev 0xa1
wsdisplay0 at vga1 mux 1: console (80x25, vt100 emulation)
wsdisplay0: screen 1-5 added (80x25, vt100 emulation)
azalia0 at pci0 dev 27 function 0 Intel 82801GB HD Audio rev 0x01: apic 2 int                                       19 (irq 10)
azalia0: host: High Definition Audio rev. 1.0
azalia0: codec: Realtek ALC882 (rev. 1.1), HDA version 1.0
audio0 at azalia0
ppb1 at pci0 dev 28 function 0 Intel 82801GB PCIE rev 0x01
pci2 at ppb1 bus 3
ppb2 at pci0 dev 28 function 3 Intel 82801GB PCIE rev 0x01
pci3 at ppb2 bus 2
mskc0 at pci3 dev 0 function 0 Marvell Yukon 88E8053 rev 0x19, Marvell Yukon-2                                       EC rev. A3 (0x2): apic 2 int 19 (irq 10)
msk0 at mskc0 port A, address xx:xx:xx:xx:xx:xx
eephy0 at msk0 phy 0: Marvell 88E1111 Gigabit PHY, rev. 2
uhci0 at pci0 dev 29 function 0 Intel 82801GB USB rev 0x01: apic 2 int 20 (irq                                       5)
usb0 at uhci0: USB revision 1.0
uhub0 at usb0
uhub0: Intel UHCI root hub, rev 1.00/1.00, addr 1
uhub0: 2 ports with 2 removable, self powered
uhci1 at pci0 dev 29 function 1 Intel 82801GB USB rev 0x01: apic 2 int 17 (irq                                       5)
usb1 at uhci1: USB revision 1.0
uhub1 at usb1
uhub1: Intel UHCI root hub, rev 1.00/1.00, addr 1
uhub1: 2 ports with 2 removable, self powered
uhci2 at pci0 dev 29 function 2 Intel 82801GB USB rev 0x01: apic 2 int 18 (irq                                       3)
usb2 at uhci2: USB revision 1.0
uhub2 at usb2
uhub2: Intel UHCI root hub, rev 1.00/1.00, addr 1
uhub2: 2 ports with 2 removable, self powered
uhci3 at pci0 dev 29 function 3 Intel 82801GB USB rev 0x01: apic 2 int 19 (irq                                       10)
usb3 at uhci3: USB revision 1.0
uhub3 at usb3
uhub3: Intel UHCI root hub, rev 1.00/1.00, addr 1
uhub3: 2 ports with 2 removable, self powered
ehci0 at pci0 dev 29 function 7 Intel 82801GB USB rev 0x01: apic 2 int 20 (irq                                       5)
usb4 at ehci0: USB revision 2.0
uhub4 at usb4
uhub4: Intel EHCI root hub, rev 2.00/1.00, addr 1
uhub4: 8 ports with 8 removable, self powered
ppb3 at pci0 dev 30 function 0 Intel 82801BA AGP rev 0xe1
pci4 at ppb3 bus 1
rl0 at pci4 dev 1 function 0 Realtek 8139 rev 0x10: apic 2 int 21 (irq 5), add                                      ress xx:xx:xx:xx:xx:xx
rlphy0 at rl0 phy 0: RTL internal PHY
pciide0 at pci4 dev 3 function 0 ITExpress IT8211F rev 0x11: DMA, channel 0 wi                                      red to native-PCI, channel 1 wired to native-PCI
pciide0: using apic 2 int 20 (irq 5) for native-PCI interrupt
ichpcib0 at pci0 dev 31 function 0 Intel 82801GH LPC rev 0x01: PM disabled
pciide1 at pci0 dev 31 function 1 Intel 82801GB IDE rev 0x01: DMA, channel 0 c                                      onfigured to compatibility, channel 1 configured to compatibility
wd0 at pciide1 channel 0 drive 0: &lt;SAMSUNG SV0844A&gt;
wd0: 16-sector PIO, LBA, 8063MB, 16514064 sectors
wd1 at pciide1 channel 0 drive 1: &lt;ST360021A&gt;
wd1: 16-sector PIO, LBA, 57241MB, 117231408 sectors
wd0(pciide1:0:0): using PIO mode 4, Ultra-DMA mode 2
wd1(pciide1:0:1): using PIO mode 4, Ultra-DMA mode 5
pciide1: channel 1 disabled (no drives)
ichiic0 at pci0 dev 31 function 3 Intel 82801GB SMBus rev 0x01: apic 2 int 23                                       (irq 5)
iic0 at ichiic0
isa0 at ichpcib0
isadma0 at isa0
pckbc0 at isa0 port 0x60/5
pckbd0 at pckbc0 (kbd slot)
pckbc0: using irq 1 for kbd slot
wskbd0 at pckbd0: console keyboard, using wsdisplay0
pcppi0 at isa0 port 0x61
midi0 at pcppi0: &lt;PC speaker&gt;
spkr0 at pcppi0
lpt0 at isa0 port 0x378/4 irq 7
lm0 at isa0 port 0x290/8: unknown Winbond chip (ID 0xa1)
npx0 at isa0 port 0xf0/16: using exception 16
pccom0 at isa0 port 0x3f8/8 irq 4: ns16550a, 16 byte fifo
fdc0 at isa0 port 0x3f0/6 irq 6 drq 2
fd0 at fdc0 drive 0: 1.44MB 80 cyl, 2 head, 18 sec
biomask 0 netmask 0 ttymask 0
ioapic0: pin 19 shares different IPL interrupts (40..90), degraded performance
pctr: user-level cycle counter enabled
apm0: disconnected
wd0: no disk label
dkcsum: wd0 matches BIOS drive 0x80
dkcsum: wd1 matches BIOS drive 0x81
root on wd1a
rootdev=0x10 rrootdev=0x310 rawdev=0x312
</pre>



</div><!-- content -->
<br />
<div id="footer">
All comments/news/posts are the property of their individual owner and
is presented without warranty of suitability, and solely as an
informational resource. <br />
This site Copyright &copy; 2004-2020 NYC*BUG.
</div><!-- footer -->

</body>
</html>

