



<!doctype html>
<html lang="en">
<head>
<meta name="keywords"
	content="bsd, freebsd, openbsd, netbsd, dragonflybsd, nycbug, dmesgd" />
<meta name="description" content="New York City BSD User Group dmesgd" />
<meta charset="utf-8" />
<meta name="viewport" content="width=device-width, initial-scale=1" />
<title>NYC*BUG dmesgd</title>
<style>
body {
	text-align: left;
	margin: 15px auto;
	padding: 0px 10px;
}
@media (min-width: 800px) {
	body {
		max-width: 85%;
	}
}
#header {
	border-bottom: 1px solid #dbdbdb;
	font-size: 230%;
	text-align: left;
}
#footer {
	border-top: 1px solid #dbdbdb;
	clear: both;
	text-align: left;
}
.logo_bug {
	color: #cc0033;
}
#menu ul {
	list-style-type: none;
	margin: 0;
	padding: 0;
}
#menu li {
	float: left;
}
#menu li a {
	display: block;
	background-color: #dbdbdb;
	color: #000000;
	font-size: 105%;
	font-weight: bold;
	padding: 0px 6px 0px 6px;
	text-decoration: none;
}
#content {
	clear: both;
	text-align: left;
	padding-top: 10px;
}
#content h1 {
	font-size: 120%;
	font-weight: bold;
}
#content h2 {
	font-size: 110%;
	font-weight: bold;
}
#content a {
	text-decoration: none;
}
#content pre {
	background-color: #dbdbdb;
	padding: 5px 5px 5px 5px;
	white-space: pre-wrap;		/* css-3 */
	white-space: -moz-pre-wrap;	/* Mozilla, since 1999 */
	white-space: -pre-wrap;		/* Opera 4-6 */
	white-space: -o-pre-wrap;	/* Opera 7 */
	word-wrap: break-word;		/* Internet Explorer 5.5+ */
}
#content table {
	border-collapse: collapse;
}
#content table th {
	border: 1px solid #dbdbdb;
	font-size: 85%;
	white-space: nowrap;
}
#content table td {
	border: 1px solid #dbdbdb;
	font-size: 80%;
}
#content input {
	font-size: 1em;
}
#content .full	{ width: 100%; }
#content .left	{ text-align: left; }
#content .right	{ text-align: right; }
#content .center { text-align: center; }
#content .flexbox {
	display: -ms-flex;
	display: -webkit-flex;
	display: flex;
	width: 100%;
}
#content .left_col {
	min-width: 75px;
	max-width: 50%;
	flex-grow: 0;
}
#content .right_col {
	flex-grow: 1;
	margin-left: 10px;
	padding-top: 10px;
	padding-left: 10px;
}
#col {
	-moz-column-count: 3;
	-webkit-column-count: 3;
	column-count: 3;
}
</style>
</head>
<body>

<div id="header">
<strong><em>NYC*</em><span class="logo_bug">BUG</span> dmesgd</strong>
</div><!-- header -->

<div id="menu">
<ul>
<li><a href="https://dmesgd.nycbug.org/index.cgi?do=index">Home</a></li>
<li><a href="https://dmesgd.nycbug.org/index.cgi?do=submit">Submit</a></li>
<li><a href="https://www.nycbug.org/">NYC*BUG</a></li>
</ul>
</div><!-- menu -->

<div id="content">

<p>
Launched in 2004, dmesgd aims to provide a
<strong>user-submitted</strong> repository of searchable *BSD dmesgs.
The dmesg(8) command displays the system message buffer's content, and
during boot a copy is saved to <em>/var/run/dmesg.boot</em>.  This buffer
contains the operating system release, name and version, a list of
devices identified, plus a whole host of other useful information.  We
hope others find this resource useful and further contribute to its
growth. Contact us at [ admin at lists dot nycbug dot org ].
</p>

<hr />


<strong>Date:</strong> <em>2006-10-13 17:27:07</em><br />
<strong>From:</strong> <em>Dude Man</em><br />
<strong>Description:</strong> <em>Dell PowerEdge 2950</em><br />

<pre>
OpenBSD 4.0-current (RAMDISK_CD) #69: Thu Oct 12 16:14:37 MDT 2006
    xxx@xxx.xxx:/usr/src/sys/arch/i386/compile/RAMDISK_CD
cpu0: Intel(R) Xeon(TM) CPU 3.00GHz (GenuineIntel 686-class) 3 GHz
cpu0: FPU,V86,DE,PSE,TSC,MSR,PAE,MCE,CX8,APIC,SEP,MTRR,PGE,MCA,CMOV,PAT,PSE36,CFLUSH,DS,ACPI,MMX,FXSR,SSE,SSE2,SS,HTT,TM,SBF,SSE3,MWAIT,DS-CPL,VMX,EST,CNXT-ID,CX16
real mem  = 3488874496 (3407104K)
avail mem = 3195293696 (3120404K)
using 4256 buffers containing 174567424 bytes (170476K) of memory
mainbus0 (root)
bios0 at mainbus0: AT/286+(00) BIOS, date 06/21/06, BIOS32 rev. 0 @ 0xffe90, SMBIOS rev. 2.4 @ 0xcffbc000 (62 entries)
bios0: Dell Inc. PowerEdge 2950
pcibios0 at bios0: rev 2.1 @ 0xf0000/0x10000
pcibios0: PCI IRQ Routing Table rev 1.0 @ 0xfade0/384 (22 entries)
pcibios0: PCI Interrupt Router at 000:31:0 (Intel 6321ESB LPC rev 0x00)
pcibios0: PCI bus #20 is the last bus
bios0: ROM list: 0xc0000/0x9000! 0xc9000/0x1000 0xca000/0x1800 0xcb800/0x5200 0xd1000/0x5200 0xec000/0x4000!
cpu0 at mainbus0
pci0 at mainbus0 bus 0: configuration mode 1 (no bios)
pchb0 at pci0 dev 0 function 0 Intel 5000X Host rev 0x12
ppb0 at pci0 dev 2 function 0 Intel 5000 PCIE rev 0x12
pci1 at ppb0 bus 6
ppb1 at pci1 dev 0 function 0 Intel 6321ESB PCIE rev 0x01
pci2 at ppb1 bus 7
ppb2 at pci2 dev 0 function 0 Intel 6321ESB PCIE rev 0x01
pci3 at ppb2 bus 8
ppb3 at pci3 dev 0 function 0 ServerWorks PCIE-PCIX rev 0xc2
pci4 at ppb3 bus 9
bnx0 at pci4 dev 0 function 0 Broadcom BCM5708 rev 0x11: irq 5
ppb4 at pci2 dev 1 function 0 Intel 6321ESB PCIE rev 0x01
pci5 at ppb4 bus 10
ppb5 at pci1 dev 0 function 3 Intel 6321ESB PCIE-PCIX rev 0x01
pci6 at ppb5 bus 11
ppb6 at pci0 dev 3 function 0 Intel 5000 PCIE rev 0x12
pci7 at ppb6 bus 1
ppb7 at pci7 dev 0 function 0 Intel IOP333 PCIE-PCIX rev 0x00
pci8 at ppb7 bus 2
mfi0 at pci8 dev 14 function 0 Dell PERC 5 rev 0x00: irq 6
mfi0: logical drives 1, version 5.0.1-0030, 256MB RAM
scsibus0 at mfi0: 1 targets
sd0 at scsibus0 targ 0 lun 0: &lt;DELL, PERC 5/i, 1.00&gt; SCSI3 0/direct fixed
sd0: 696960MB, 696960 cyl, 64 head, 32 sec, 512 bytes/sec, 1427374080 sec total
ppb8 at pci7 dev 0 function 2 Intel IOP333 PCIE-PCIX rev 0x00
pci9 at ppb8 bus 3
ppb9 at pci0 dev 4 function 0 Intel 5000 PCIE rev 0x12
pci10 at ppb9 bus 12
ppb10 at pci10 dev 0 function 0 Intel IOP333 PCIE-PCIX rev 0x00
pci11 at ppb10 bus 13
mfi1 at pci11 dev 14 function 0 Dell PERC 5 rev 0x00, Dell PERC 5/e: irq 6
mfi1: logical drives 1, version 5.0.1-0026, 256MB RAM
scsibus1 at mfi1: 1 targets
sd1 at scsibus1 targ 0 lun 0: &lt;DELL, PERC 5/E Adapter, 1.00&gt; SCSI3 0/direct fixed
sd1: 975744MB, 975744 cyl, 64 head, 32 sec, 512 bytes/sec, 1998323712 sec total
ppb11 at pci10 dev 0 function 2 Intel IOP333 PCIE-PCIX rev 0x00
pci12 at ppb11 bus 14
ppb12 at pci0 dev 5 function 0 Intel 5000 PCIE rev 0x12
pci13 at ppb12 bus 15
ppb13 at pci0 dev 6 function 0 Intel 5000 PCIE rev 0x12
pci14 at ppb13 bus 16
ppb14 at pci14 dev 0 function 0 Intel PCIE-PCIE rev 0x09
pci15 at ppb14 bus 17
ppb15 at pci14 dev 0 function 2 Intel PCIE-PCIE rev 0x09
pci16 at ppb15 bus 18
ppb16 at pci0 dev 7 function 0 Intel 5000 PCIE rev 0x12
pci17 at ppb16 bus 19
pchb1 at pci0 dev 16 function 0 Intel 5000 Error Reporting rev 0x12
pchb2 at pci0 dev 16 function 1 Intel 5000 Error Reporting rev 0x12
pchb3 at pci0 dev 16 function 2 Intel 5000 Error Reporting rev 0x12
pchb4 at pci0 dev 17 function 0 Intel 5000 Reserved rev 0x12
pchb5 at pci0 dev 19 function 0 Intel 5000 Reserved rev 0x12
pchb6 at pci0 dev 21 function 0 Intel 5000 FBD rev 0x12
pchb7 at pci0 dev 22 function 0 Intel 5000 FBD rev 0x12
ppb17 at pci0 dev 28 function 0 Intel 6321ESB PCIE rev 0x09
pci18 at ppb17 bus 4
ppb18 at pci18 dev 0 function 0 ServerWorks PCIE-PCIX rev 0xc2
pci19 at ppb18 bus 5
bnx1 at pci19 dev 0 function 0 Broadcom BCM5708 rev 0x11: irq 5
uhci0 at pci0 dev 29 function 0 Intel 6321ESB USB rev 0x09: irq 11
usb0 at uhci0: USB revision 1.0
uhub0 at usb0
uhub0: Intel UHCI root hub, rev 1.00/1.00, addr 1
uhub0: 2 ports with 2 removable, self powered
uhci1 at pci0 dev 29 function 1 Intel 6321ESB USB rev 0x09: irq 10
usb1 at uhci1: USB revision 1.0
uhub1 at usb1
uhub1: Intel UHCI root hub, rev 1.00/1.00, addr 1
uhub1: 2 ports with 2 removable, self powered
uhci2 at pci0 dev 29 function 2 Intel 6321ESB USB rev 0x09: irq 11
usb2 at uhci2: USB revision 1.0
uhub2 at usb2
uhub2: Intel UHCI root hub, rev 1.00/1.00, addr 1
uhub2: 2 ports with 2 removable, self powered
ehci0 at pci0 dev 29 function 7 Intel 6321ESB USB rev 0x09: irq 11
usb3 at ehci0: USB revision 2.0
uhub3 at usb3
uhub3: Intel EHCI root hub, rev 2.00/1.00, addr 1
uhub3: 6 ports with 6 removable, self powered
ppb19 at pci0 dev 30 function 0 Intel 82801BA AGP rev 0xd9
pci20 at ppb19 bus 20
vga1 at pci20 dev 13 function 0 ATI ES1000 rev 0x02
wsdisplay0 at vga1 mux 1: console (80x25, vt100 emulation)
ichpcib0 at pci0 dev 31 function 0 Intel 6321ESB LPC rev 0x09: PM disabled
pciide0 at pci0 dev 31 function 1 Intel 6321ESB IDE rev 0x09: DMA, channel 0 configured to compatibility, channel 1 configured to compatibility
atapiscsi0 at pciide0 channel 0 drive 0
scsibus2 at atapiscsi0: 2 targets
cd0 at scsibus2 targ 0 lun 0: &lt;HL-DT-ST, DVD-ROM GDR8084N, 1.01&gt; SCSI0 5/cdrom removable
cd0(pciide0:0:0): using PIO mode 4, Ultra-DMA mode 2
pciide0: channel 1 ignored (disabled)
isa0 at ichpcib0
isadma0 at isa0
pckbc0 at isa0 port 0x60/5
pckbd0 at pckbc0 (kbd slot)
pckbc0: using irq 1 for kbd slot
wskbd0 at pckbd0: console keyboard, using wsdisplay0
npx0 at isa0 port 0xf0/16: using exception 16
pccom0 at isa0 port 0x3f8/8 irq 4: ns16550a, 16 byte fifo
pccom1 at isa0 port 0x2f8/8 irq 3: ns16550a, 16 byte fifo
biomask ffc5 netmask ffe5 ttymask ffe7
rd0: fixed, 3800 blocks
uhub4 at uhub3 port 5
uhub4: vendor 0x04b4 product 0x6560, rev 2.00/0.0b, addr 2
uhub4: 4 ports with 4 removable, self powered, multiple transaction translators
uhub5 at uhub4 port 1
uhub5: Dell Dell USB Keyboard Hub, rev 1.10/2.00, addr 3
uhub5: 3 ports with 2 removable, bus powered
uhidev0 at uhub5 port 1 configuration 1 interface 0
uhidev0: Dell Dell USB Keyboard Hub, rev 1.10/2.00, addr 4, iclass 3/1
ukbd0 at uhidev0
wskbd1 at ukbd0 mux 1
wskbd1: connecting to wsdisplay0
uhidev1 at uhub5 port 1 configuration 1 interface 1
uhidev1: Dell Dell USB Keyboard Hub, rev 1.10/2.00, addr 4, iclass 3/0
uhidev1: 3 report ids
uhid at uhidev1 reportid 1 not configured
uhid at uhidev1 reportid 2 not configured
uhid at uhidev1 reportid 3 not configured
dkcsum: sd0 matches BIOS drive 0x80
dkcsum: sd1 matches BIOS drive 0x81
root on rd0a
rootdev=0x1100 rrootdev=0x2f00 rawdev=0x2f02
bnx1: address xx:xx:xx:xx:xx:xx
brgphy0 at bnx1 phy 1: BCM5708C 10/100/1000baseT PHY, rev. 5
bnx0: address xx:xx:xx:xx:xx:xx
brgphy1 at bnx0 phy 1: BCM5708C 10/100/1000baseT PHY, rev. 5
</pre>



</div><!-- content -->
<br />
<div id="footer">
All comments/news/posts are the property of their individual owner and
is presented without warranty of suitability, and solely as an
informational resource. <br />
This site Copyright &copy; 2004-2020 NYC*BUG.
</div><!-- footer -->

</body>
</html>

