



<!doctype html>
<html lang="en">
<head>
<meta name="keywords"
	content="bsd, freebsd, openbsd, netbsd, dragonflybsd, nycbug, dmesgd" />
<meta name="description" content="New York City BSD User Group dmesgd" />
<meta charset="utf-8" />
<meta name="viewport" content="width=device-width, initial-scale=1" />
<title>NYC*BUG dmesgd</title>
<style>
body {
	text-align: left;
	margin: 15px auto;
	padding: 0px 10px;
}
@media (min-width: 800px) {
	body {
		max-width: 85%;
	}
}
#header {
	border-bottom: 1px solid #dbdbdb;
	font-size: 230%;
	text-align: left;
}
#footer {
	border-top: 1px solid #dbdbdb;
	clear: both;
	text-align: left;
}
.logo_bug {
	color: #cc0033;
}
#menu ul {
	list-style-type: none;
	margin: 0;
	padding: 0;
}
#menu li {
	float: left;
}
#menu li a {
	display: block;
	background-color: #dbdbdb;
	color: #000000;
	font-size: 105%;
	font-weight: bold;
	padding: 0px 6px 0px 6px;
	text-decoration: none;
}
#content {
	clear: both;
	text-align: left;
	padding-top: 10px;
}
#content h1 {
	font-size: 120%;
	font-weight: bold;
}
#content h2 {
	font-size: 110%;
	font-weight: bold;
}
#content a {
	text-decoration: none;
}
#content pre {
	background-color: #dbdbdb;
	padding: 5px 5px 5px 5px;
	white-space: pre-wrap;		/* css-3 */
	white-space: -moz-pre-wrap;	/* Mozilla, since 1999 */
	white-space: -pre-wrap;		/* Opera 4-6 */
	white-space: -o-pre-wrap;	/* Opera 7 */
	word-wrap: break-word;		/* Internet Explorer 5.5+ */
}
#content table {
	border-collapse: collapse;
}
#content table th {
	border: 1px solid #dbdbdb;
	font-size: 85%;
	white-space: nowrap;
}
#content table td {
	border: 1px solid #dbdbdb;
	font-size: 80%;
}
#content input {
	font-size: 1em;
}
#content .full	{ width: 100%; }
#content .left	{ text-align: left; }
#content .right	{ text-align: right; }
#content .center { text-align: center; }
#content .flexbox {
	display: -ms-flex;
	display: -webkit-flex;
	display: flex;
	width: 100%;
}
#content .left_col {
	min-width: 75px;
	max-width: 50%;
	flex-grow: 0;
}
#content .right_col {
	flex-grow: 1;
	margin-left: 10px;
	padding-top: 10px;
	padding-left: 10px;
}
#col {
	-moz-column-count: 3;
	-webkit-column-count: 3;
	column-count: 3;
}
</style>
</head>
<body>

<div id="header">
<strong><em>NYC*</em><span class="logo_bug">BUG</span> dmesgd</strong>
</div><!-- header -->

<div id="menu">
<ul>
<li><a href="https://dmesgd.nycbug.org/index.cgi?do=index">Home</a></li>
<li><a href="https://dmesgd.nycbug.org/index.cgi?do=submit">Submit</a></li>
<li><a href="https://www.nycbug.org/">NYC*BUG</a></li>
</ul>
</div><!-- menu -->

<div id="content">

<p>
Launched in 2004, dmesgd aims to provide a
<strong>user-submitted</strong> repository of searchable *BSD dmesgs.
The dmesg(8) command displays the system message buffer's content, and
during boot a copy is saved to <em>/var/run/dmesg.boot</em>.  This buffer
contains the operating system release, name and version, a list of
devices identified, plus a whole host of other useful information.  We
hope others find this resource useful and further contribute to its
growth. Contact us at [ admin at lists dot nycbug dot org ].
</p>

<hr />


<strong>Date:</strong> <em>2007-02-17 13:20:41</em><br />
<strong>From:</strong> <em>id</em><br />
<strong>Description:</strong> <em>ibm thinkpad r51e</em><br />

<pre>
OpenBSD 4.1-beta (GENERIC.ACPI) #1: Wed Feb 14 17:51:49 CET 2007
    xxx@xxx.xxx:/usr/src/sys/arch/i386/compile/GENERIC.ACPI
cpu0: Intel(R) Celeron(R) M processor 1.50GHz (GenuineIntel 686-class) 1.50 GHz
cpu0: FPU,V86,DE,PSE,TSC,MSR,PAE,MCE,CX8,APIC,SEP,MTRR,PGE,MCA,CMOV,PAT,CFLUSH,DS,ACPI,MMX,FXSR,SSE,SSE2,SS,TM,SBF
real mem  = 937889792 (915908K)
avail mem = 847142912 (827288K)
using 4256 buffers containing 47017984 bytes (45916K) of memory
mainbus0 (root)
bios0 at mainbus0: AT/286+ BIOS, date 09/27/06, BIOS32 rev. 0 @ 0xfd550, SMBIOS rev. 2.33 @ 0xe0010 (59 entries)
bios0: IBM 18436NG
pcibios0 at bios0: rev 2.1 @ 0xfd4e0/0xb20
pcibios0: PCI IRQ Routing Table rev 1.0 @ 0xfde70/320 (18 entries)
pcibios0: no compatible PCI ICU found: ICU vendor 0x1002 product 0x4377
pcibios0: Warning, unable to fix up PCI interrupt routing
pcibios0: PCI bus #6 is the last bus
bios0: ROM list: 0xc0000/0xc000 0xcc000/0x1000 0xcd000/0x1600 0xe0000/0x10000
acpi0 at mainbus0: rev 2
acpi0: tables DSDT FACP SSDT ECDT APIC MCFG BOOT 
acpitimer0 at acpi0: 3579545 Hz, 32 bits
acpi device at acpi0 from table DSDT not configured
acpi device at acpi0 from table FACP not configured
acpi device at acpi0 from table SSDT not configured
acpi device at acpi0 from table ECDT not configured
acpi device at acpi0 from table APIC not configured
acpi device at acpi0 from table MCFG not configured
acpi device at acpi0 from table BOOT not configured
acpiprt0 at acpi0: bus 0 (PCI0)
acpiprt1 at acpi0: bus 0 (PB2_)
acpiprt2 at acpi0: bus 0 (PB3_)
acpiprt3 at acpi0: bus 2 (PB4_)
acpiprt4 at acpi0: bus 0 (PB5_)
acpiprt5 at acpi0: bus 3 (PB6_)
acpiprt6 at acpi0: bus 0 (PB7_)
acpiprt7 at acpi0: bus 1 (AGP_)
acpiprt8 at acpi0: bus 4 (P2P_)
acpiec0 at acpi0: EC__
acpibtn0 at acpi0: LID_
acpibtn1 at acpi0: SLPB
acpibat0 at acpi0: BAT0: not present
acpiac0 at acpi0: AC unit online
acpitz0 at acpi0, critical temperature: 99 degC
cpu0 at mainbus0
pci0 at mainbus0 bus 0: configuration mode 1 (no bios)
pchb0 at pci0 dev 0 function 0 vendor ATI, unknown product 0x5a31 rev 0x01
ppb0 at pci0 dev 1 function 0 ATI RS480 PCIE rev 0x00
pci1 at ppb0 bus 1
vga1 at pci1 dev 5 function 0 ATI Radeon XPRESS 200M rev 0x00
wsdisplay0 at vga1 mux 1: console (80x25, vt100 emulation)
wsdisplay0: screen 1-5 added (80x25, vt100 emulation)
ppb1 at pci0 dev 4 function 0 ATI RS480 PCIE rev 0x00
pci2 at ppb1 bus 2
bge0 at pci2 dev 0 function 0 Broadcom BCM5751F rev 0x21, BCM5750 C1 (0x4201): irq 11, address xx:xx:xx:xx:xx:xx
brgphy0 at bge0 phy 1: BCM5750 10/100/1000baseT PHY, rev. 0
ppb2 at pci0 dev 6 function 0 ATI RX480 PCIE rev 0x00
pci3 at ppb2 bus 3
ohci0 at pci0 dev 19 function 0 ATI IXP400 USB rev 0x00: irq 11, version 1.0, legacy support
usb0 at ohci0: USB revision 1.0
uhub0 at usb0
uhub0: ATI OHCI root hub, rev 1.00/1.00, addr 1
uhub0: 4 ports with 4 removable, self powered
ohci1 at pci0 dev 19 function 1 ATI IXP400 USB rev 0x00: irq 11, version 1.0, legacy support
usb1 at ohci1: USB revision 1.0
uhub1 at usb1
uhub1: ATI OHCI root hub, rev 1.00/1.00, addr 1
uhub1: 4 ports with 4 removable, self powered
ehci0 at pci0 dev 19 function 2 ATI IXP400 USB2 rev 0x00: irq 11
usb2 at ehci0: USB revision 2.0
uhub2 at usb2
uhub2: ATI EHCI root hub, rev 2.00/1.00, addr 1
uhub2: 8 ports with 8 removable, self powered
piixpm0 at pci0 dev 20 function 0 ATI IXP400 SMBus rev 0x11: SMI
iic0 at piixpm0
pciide0 at pci0 dev 20 function 1 ATI IXP400 IDE rev 0x00: DMA, channel 0 configured to compatibility, channel 1 configured to compatibility
wd0 at pciide0 channel 0 drive 0: &lt;HTS541040G9AT00&gt;
wd0: 16-sector PIO, LBA, 38154MB, 78140160 sectors
wd0(pciide0:0:0): using PIO mode 4, DMA mode 2, Ultra-DMA mode 5
atapiscsi0 at pciide0 channel 1 drive 0
scsibus0 at atapiscsi0: 2 targets
cd0 at scsibus0 targ 0 lun 0: &lt;MATSHITA, DVD-RAM UJ-830Sx, 1.00&gt; SCSI0 5/cdrom removable
cd0(pciide0:1:0): using PIO mode 4, DMA mode 2, Ultra-DMA mode 2
pcib0 at pci0 dev 20 function 3 ATI IXP400 ISA rev 0x00
ppb3 at pci0 dev 20 function 4 ATI IXP400 PCI rev 0x00
pci4 at ppb3 bus 4
cbb0 at pci4 dev 0 function 0 TI PCI1510 CardBus rev 0x00: irq 11
ath0 at pci4 dev 2 function 0 Atheros AR5212 rev 0x01: irq 9
ath0: AR5213 5.9 phy 4.3 rf2112a 4.6, WOR0W, address xx:xx:xx:xx:xx:xx
cardslot0 at cbb0 slot 0 flags 0
cardbus0 at cardslot0: bus 6 device 0 cacheline 0x8, lattimer 0xb0
pcmcia0 at cardslot0
auixp0 at pci0 dev 20 function 5 ATI IXP400 AC97 rev 0x02: irq 5
auixp0: soft resetting aclink
ATI IXP400 Modem rev 0x02 at pci0 dev 20 function 6 not configured
isa0 at pcib0
isadma0 at isa0
pckbc0 at isa0 port 0x60/5
pckbd0 at pckbc0 (kbd slot)
pckbc0: using irq 1 for kbd slot
wskbd0 at pckbd0: console keyboard, using wsdisplay0
pms0 at pckbc0 (aux slot)
pckbc0: using irq 12 for aux slot
wsmouse0 at pms0 mux 0
pcppi0 at isa0 port 0x61
midi0 at pcppi0: &lt;PC speaker&gt;
spkr0 at pcppi0
lpt2 at isa0 port 0x3bc/4: polled
npx0 at isa0 port 0xf0/16: reported by CPUID; using exception 16
biomask eddd netmask efdd ttymask ffdf
pctr: 686-class user-level performance counters enabled
mtrr: Pentium Pro MTRR support
umass0 at uhub2 port 4 configuration 1 interface 0
umass0: vendor 0x090c Cn Memory, rev 2.00/11.00, addr 2
umass0: using SCSI over Bulk-Only
scsibus1 at umass0: 2 targets
sd0 at scsibus1 targ 1 lun 0: &lt;, Cn Memory, 1100&gt; SCSI0 0/direct removable
sd0: 1983MB, 1983 cyl, 64 head, 32 sec, 512 bytes/sec, 4062208 sec total
dkcsum: wd0 matches BIOS drive 0x80
root on wd0a
rootdev=0x0 rrootdev=0x300 rawdev=0x302
WARNING: / was not properly unmounted
ac97: codec id 0x41445374 (Analog Devices AD1981B)
ac97: codec features headphone, 20 bit DAC, No 3D Stereo
audio0 at auixp0
</pre>



</div><!-- content -->
<br />
<div id="footer">
All comments/news/posts are the property of their individual owner and
is presented without warranty of suitability, and solely as an
informational resource. <br />
This site Copyright &copy; 2004-2020 NYC*BUG.
</div><!-- footer -->

</body>
</html>

