



<!doctype html>
<html lang="en">
<head>
<meta name="keywords"
	content="bsd, freebsd, openbsd, netbsd, dragonflybsd, nycbug, dmesgd" />
<meta name="description" content="New York City BSD User Group dmesgd" />
<meta charset="utf-8" />
<meta name="viewport" content="width=device-width, initial-scale=1" />
<title>NYC*BUG dmesgd</title>
<style>
body {
	text-align: left;
	margin: 15px auto;
	padding: 0px 10px;
}
@media (min-width: 800px) {
	body {
		max-width: 85%;
	}
}
#header {
	border-bottom: 1px solid #dbdbdb;
	font-size: 230%;
	text-align: left;
}
#footer {
	border-top: 1px solid #dbdbdb;
	clear: both;
	text-align: left;
}
.logo_bug {
	color: #cc0033;
}
#menu ul {
	list-style-type: none;
	margin: 0;
	padding: 0;
}
#menu li {
	float: left;
}
#menu li a {
	display: block;
	background-color: #dbdbdb;
	color: #000000;
	font-size: 105%;
	font-weight: bold;
	padding: 0px 6px 0px 6px;
	text-decoration: none;
}
#content {
	clear: both;
	text-align: left;
	padding-top: 10px;
}
#content h1 {
	font-size: 120%;
	font-weight: bold;
}
#content h2 {
	font-size: 110%;
	font-weight: bold;
}
#content a {
	text-decoration: none;
}
#content pre {
	background-color: #dbdbdb;
	padding: 5px 5px 5px 5px;
	white-space: pre-wrap;		/* css-3 */
	white-space: -moz-pre-wrap;	/* Mozilla, since 1999 */
	white-space: -pre-wrap;		/* Opera 4-6 */
	white-space: -o-pre-wrap;	/* Opera 7 */
	word-wrap: break-word;		/* Internet Explorer 5.5+ */
}
#content table {
	border-collapse: collapse;
}
#content table th {
	border: 1px solid #dbdbdb;
	font-size: 85%;
	white-space: nowrap;
}
#content table td {
	border: 1px solid #dbdbdb;
	font-size: 80%;
}
#content input {
	font-size: 1em;
}
#content .full	{ width: 100%; }
#content .left	{ text-align: left; }
#content .right	{ text-align: right; }
#content .center { text-align: center; }
#content .flexbox {
	display: -ms-flex;
	display: -webkit-flex;
	display: flex;
	width: 100%;
}
#content .left_col {
	min-width: 75px;
	max-width: 50%;
	flex-grow: 0;
}
#content .right_col {
	flex-grow: 1;
	margin-left: 10px;
	padding-top: 10px;
	padding-left: 10px;
}
#col {
	-moz-column-count: 3;
	-webkit-column-count: 3;
	column-count: 3;
}
</style>
</head>
<body>

<div id="header">
<strong><em>NYC*</em><span class="logo_bug">BUG</span> dmesgd</strong>
</div><!-- header -->

<div id="menu">
<ul>
<li><a href="https://dmesgd.nycbug.org/index.cgi?do=index">Home</a></li>
<li><a href="https://dmesgd.nycbug.org/index.cgi?do=submit">Submit</a></li>
<li><a href="https://www.nycbug.org/">NYC*BUG</a></li>
</ul>
</div><!-- menu -->

<div id="content">

<p>
Launched in 2004, dmesgd aims to provide a
<strong>user-submitted</strong> repository of searchable *BSD dmesgs.
The dmesg(8) command displays the system message buffer's content, and
during boot a copy is saved to <em>/var/run/dmesg.boot</em>.  This buffer
contains the operating system release, name and version, a list of
devices identified, plus a whole host of other useful information.  We
hope others find this resource useful and further contribute to its
growth. Contact us at [ admin at lists dot nycbug dot org ].
</p>

<hr />


<strong>Date:</strong> <em>2007-02-18 10:31:08</em><br />
<strong>From:</strong> <em>michael enoma aghayere</em><br />
<strong>Description:</strong> <em>ibm thinkpad 570</em><br />

<pre>
OpenBSD 4.1-beta (GENERIC) #1374: Thu Feb 15 21:44:42 MST 2007
   xxx@xxx.xxx:/usr/src/sys/arch/i386/compile/GENERIC
cpu0: Intel Celeron (GenuineIntel 686-class, 256KB L2 cache) 366 MHz
cpu0: FPU,V86,DE,PSE,TSC,MSR,PAE,MCE,CX8,SEP,MTRR,PGE,MCA,CMOV,PAT,PSE36,MMX,FXSR
real mem  = 133722112 (130588K)
avail mem = 114466816 (111784K)
using 1663 buffers containing 6811648 bytes (6652K) of memory
mainbus0 (root)
bios0 at mainbus0: AT/286+ BIOS, date 11/11/99, BIOS32 rev. 0 @
0xfd840, SMBIOS rev. 2.2 @ 0xe0010 (35 entries)
bios0: IBM 26443AG
apm0 at bios0: Power Management spec V1.2
apm0: battery life expectancy 95%
apm0: AC on, battery charge high
apm0: flags 30102 dobusy 0 doidle 1
pcibios0 at bios0: rev 2.1 @ 0xfd7d0/0x830
pcibios0: PCI IRQ Routing Table rev 1.0 @ 0xfdef0/192 (10 entries)
pcibios0: PCI Interrupt Router at 000:06:0 (Intel 82371FB ISA rev 0x00)
pcibios0: PCI bus #9 is the last bus
bios0: ROM list: 0xc0000/0xc000
acpi at mainbus0 not configured
cpu0 at mainbus0
pci0 at mainbus0 bus 0: configuration mode 1 (no bios)
pchb0 at pci0 dev 0 function 0 Intel 82443BX AGP rev 0x03
ppb0 at pci0 dev 1 function 0 Intel 82443BX AGP rev 0x03
pci1 at ppb0 bus 1
vga1 at pci1 dev 0 function 0 Neomagic Magicgraph NM2200 rev 0x20
wsdisplay0 at vga1 mux 1: console (80x25, vt100 emulation)
wsdisplay0: screen 1-5 added (80x25, vt100 emulation)
cbb0 at pci0 dev 2 function 0 TI PCI1450 CardBus rev 0x03: irq 11
cbb1 at pci0 dev 2 function 1 TI PCI1450 CardBus rev 0x03: irq 11
clcs0 at pci0 dev 5 function 0 Cirrus Logic CS4280/46xx CrystalClear
rev 0x01: irq 11
ac97: codec id 0x43525903 (Cirrus Logic CS4297 rev 3)
ac97: codec features headphone, 18 bit DAC, 18 bit ADC, No 3D Stereo
pcib0 at pci0 dev 6 function 0 Intel 82371AB PIIX4 ISA rev 0x02
pciide0 at pci0 dev 6 function 1 Intel 82371AB IDE rev 0x01: DMA,
channel 0 wired to compatibility, channel 1 wired to compatibility
wd0 at pciide0 channel 0 drive 0: &lt;IBM-DARA-212000&gt;
wd0: 16-sector PIO, LBA, 11513MB, 23579136 sectors
wd0(pciide0:0:0): using PIO mode 4, Ultra-DMA mode 2
pciide0: channel 1 ignored (disabled)
uhci0 at pci0 dev 6 function 2 Intel 82371AB USB rev 0x01: irq 11
usb0 at uhci0: USB revision 1.0
uhub0 at usb0
uhub0: Intel UHCI root hub, rev 1.00/1.00, addr 1
uhub0: 2 ports with 2 removable, self powered
piixpm0 at pci0 dev 6 function 3 Intel 82371AB Power rev 0x02: SMI
iic0 at piixpm0
AT&amp;amp;T/Lucent LTMODEM rev 0x01 at pci0 dev 7 function 0 not configured
cardslot0 at cbb0 slot 0 flags 0
cardbus0 at cardslot0: bus 7 device 0 cacheline 0x8, lattimer 0xb0
pcmcia0 at cardslot0
cardslot1 at cbb1 slot 1 flags 0
cardbus1 at cardslot1: bus 9 device 0 cacheline 0x8, lattimer 0xb0
pcmcia1 at cardslot1
isa0 at pcib0
isadma0 at isa0
pckbc0 at isa0 port 0x60/5
pckbd0 at pckbc0 (kbd slot)
pckbc0: using irq 1 for kbd slot
wskbd0 at pckbd0: console keyboard, using wsdisplay0
pms0 at pckbc0 (aux slot)
pckbc0: using irq 12 for aux slot
wsmouse0 at pms0 mux 0
pcppi0 at isa0 port 0x61
midi0 at pcppi0: &lt;PC speaker&gt;
spkr0 at pcppi0
npx0 at isa0 port 0xf0/16: reported by CPUID; using exception 16
pccom0 at isa0 port 0x3f8/8 irq 4: ns16550a, 16 byte fifo
fdc0 at isa0 port 0x3f0/6 irq 6 drq 2
biomask efed netmask efed ttymask ffef
pctr: 686-class user-level performance counters enabled
mtrr: Pentium Pro MTRR support
ep1 at pcmcia1 function 0 3Com Corporation, 3C589, TP/BNC LAN Card
Ver. 2a port 0xa000/16: address xx:xx:xx:xx:xx:xx, utp/aui/bnc
(default utp)
dkcsum: wd0 matches BIOS drive 0x80
root on wd0a
rootdev=0x0 rrootdev=0x300 rawdev=0x302
clcs0: firmware loaded
audio0 at clcs0
ral0 at cardbus0 dev 0 function 0 Ralink Technology, Inc., RT2500,
802.11  CardBus Reference Card: irq 11, address xx:xx:xx:xx:xx:xx
ral0: MAC/BBP RT2560 (rev 0x04), RF RT2525
</pre>



</div><!-- content -->
<br />
<div id="footer">
All comments/news/posts are the property of their individual owner and
is presented without warranty of suitability, and solely as an
informational resource. <br />
This site Copyright &copy; 2004-2020 NYC*BUG.
</div><!-- footer -->

</body>
</html>

