



<!doctype html>
<html lang="en">
<head>
<meta name="keywords"
	content="bsd, freebsd, openbsd, netbsd, dragonflybsd, nycbug, dmesgd" />
<meta name="description" content="New York City BSD User Group dmesgd" />
<meta charset="utf-8" />
<meta name="viewport" content="width=device-width, initial-scale=1" />
<title>NYC*BUG dmesgd</title>
<style>
body {
	text-align: left;
	margin: 15px auto;
	padding: 0px 10px;
}
@media (min-width: 800px) {
	body {
		max-width: 85%;
	}
}
#header {
	border-bottom: 1px solid #dbdbdb;
	font-size: 230%;
	text-align: left;
}
#footer {
	border-top: 1px solid #dbdbdb;
	clear: both;
	text-align: left;
}
.logo_bug {
	color: #cc0033;
}
#menu ul {
	list-style-type: none;
	margin: 0;
	padding: 0;
}
#menu li {
	float: left;
}
#menu li a {
	display: block;
	background-color: #dbdbdb;
	color: #000000;
	font-size: 105%;
	font-weight: bold;
	padding: 0px 6px 0px 6px;
	text-decoration: none;
}
#content {
	clear: both;
	text-align: left;
	padding-top: 10px;
}
#content h1 {
	font-size: 120%;
	font-weight: bold;
}
#content h2 {
	font-size: 110%;
	font-weight: bold;
}
#content a {
	text-decoration: none;
}
#content pre {
	background-color: #dbdbdb;
	padding: 5px 5px 5px 5px;
	white-space: pre-wrap;		/* css-3 */
	white-space: -moz-pre-wrap;	/* Mozilla, since 1999 */
	white-space: -pre-wrap;		/* Opera 4-6 */
	white-space: -o-pre-wrap;	/* Opera 7 */
	word-wrap: break-word;		/* Internet Explorer 5.5+ */
}
#content table {
	border-collapse: collapse;
}
#content table th {
	border: 1px solid #dbdbdb;
	font-size: 85%;
	white-space: nowrap;
}
#content table td {
	border: 1px solid #dbdbdb;
	font-size: 80%;
}
#content input {
	font-size: 1em;
}
#content .full	{ width: 100%; }
#content .left	{ text-align: left; }
#content .right	{ text-align: right; }
#content .center { text-align: center; }
#content .flexbox {
	display: -ms-flex;
	display: -webkit-flex;
	display: flex;
	width: 100%;
}
#content .left_col {
	min-width: 75px;
	max-width: 50%;
	flex-grow: 0;
}
#content .right_col {
	flex-grow: 1;
	margin-left: 10px;
	padding-top: 10px;
	padding-left: 10px;
}
#col {
	-moz-column-count: 3;
	-webkit-column-count: 3;
	column-count: 3;
}
</style>
</head>
<body>

<div id="header">
<strong><em>NYC*</em><span class="logo_bug">BUG</span> dmesgd</strong>
</div><!-- header -->

<div id="menu">
<ul>
<li><a href="https://dmesgd.nycbug.org/index.cgi?do=index">Home</a></li>
<li><a href="https://dmesgd.nycbug.org/index.cgi?do=submit">Submit</a></li>
<li><a href="https://www.nycbug.org/">NYC*BUG</a></li>
</ul>
</div><!-- menu -->

<div id="content">

<p>
Launched in 2004, dmesgd aims to provide a
<strong>user-submitted</strong> repository of searchable *BSD dmesgs.
The dmesg(8) command displays the system message buffer's content, and
during boot a copy is saved to <em>/var/run/dmesg.boot</em>.  This buffer
contains the operating system release, name and version, a list of
devices identified, plus a whole host of other useful information.  We
hope others find this resource useful and further contribute to its
growth. Contact us at [ admin at lists dot nycbug dot org ].
</p>

<hr />


<strong>Date:</strong> <em>2007-02-18 10:42:43</em><br />
<strong>From:</strong> <em>michael enoma aghayere</em><br />
<strong>Description:</strong> <em>ibm thinkpad T42p [WMware Workstation 5.5]</em><br />

<pre>
OpenBSD 4.0-current (GENERIC) #1159: Tue Oct 17 18:24:33 MDT 2006
   xxx@xxx.xxx:/usr/src/sys/arch/i386/compile/GENERIC
cpu0: Intel(R) Pentium(R) M processor 1.80GHz (GenuineIntel 686-class) 1.80 GHz
cpu0: FPU,V86,DE,PSE,TSC,MSR,MCE,CX8,APIC,SEP,MTRR,PGE,MCA,CMOV,PAT,CFLUSH,DS,ACPI,MMX,FXSR,SSE,SSE2,SS
real mem  = 267939840 (261660K)
avail mem = 236670976 (231124K)
using 3302 buffers containing 13524992 bytes (13208K) of memory
mainbus0 (root)
bios0 at mainbus0: AT/286+(e1) BIOS, date 07/29/05, BIOS32 rev. 0 @ 0xfd880, SMBIOS rev. 2.31 @ 0xe0010 (45 entries)
bios0: VMware, Inc. VMware Virtual Platform
apm0 at bios0: Power Management spec V1.2
apm0: AC on, battery charge unknown
apm0: flags 30102 dobusy 0 doidle 1
pcibios0 at bios0: rev 2.1 @ 0xfd880/0x780
pcibios0: PCI IRQ Routing Table rev 1.0 @ 0xfdf30/176 (9 entries)
pcibios0: PCI Interrupt Router at 000:07:0 (Intel 82371FB ISA rev 0x00)
pcibios0: PCI bus #1 is the last bus
bios0: ROM list: 0xc0000/0x8000 0xc8000/0x1000 0xdc000/0x4000! 0xe0000/0x4000!
cpu0 at mainbus0
pci0 at mainbus0 bus 0: configuration mode 1 (no bios)
pchb0 at pci0 dev 0 function 0 Intel 82443BX AGP rev 0x01
ppb0 at pci0 dev 1 function 0 Intel 82443BX AGP rev 0x01
pci1 at ppb0 bus 1
pcib0 at pci0 dev 7 function 0 Intel 82371AB PIIX4 ISA rev 0x08
pciide0 at pci0 dev 7 function 1 Intel 82371AB IDE rev 0x01: DMA, channel 0 configured to compatibility, channel 1 configured to compatibility
wd0 at pciide0 channel 0 drive 0: &lt;VMware Virtual IDE Hard Drive&gt;
wd0: 64-sector PIO, LBA, 8192MB, 16777216 sectors
wd0(pciide0:0:0): using PIO mode 4, Ultra-DMA mode 2
atapiscsi0 at pciide0 channel 1 drive 0
scsibus0 at atapiscsi0: 2 targets
cd0 at scsibus0 targ 0 lun 0: &lt;MATSHITA, DVD-RAM UJ-812, K104&gt; SCSI0 5/cdrom removable
cd0(pciide0:1:0): using PIO mode 4, Ultra-DMA mode 2
piixpm0 at pci0 dev 7 function 3 Intel 82371AB Power rev 0x08: SMBus disabled
vga1 at pci0 dev 15 function 0 VMware Virtual SVGA II rev 0x00
wsdisplay0 at vga1 mux 1: console (80x25, vt100 emulation)
wsdisplay0: screen 1-5 added (80x25, vt100 emulation)
bha3 at pci0 dev 16 function 0 BusLogic MultiMaster rev 0x01: irq 11, BusLogic 9xxC SCSI
bha3: model BT-958, firmware 5.07B
bha3: sync, parity
scsibus1 at bha3: 8 targets
pcn0 at pci0 dev 17 function 0 AMD 79c970 PCnet-PCI rev 0x10, Am79c970A, rev 0: irq 9, address xx:xx:xx:xx:xx:xx
eap0 at pci0 dev 18 function 0 Ensoniq AudioPCI97 rev 0x02: irq 10
ac97: codec id 0x43525913 (Cirrus Logic CS4297A rev 3)
audio0 at eap0
midi0 at eap0: &lt;AudioPCI MIDI UART&gt;
isa0 at pcib0
isadma0 at isa0
pckbc0 at isa0 port 0x60/5
pckbd0 at pckbc0 (kbd slot)
pckbc0: using irq 1 for kbd slot
wskbd0 at pckbd0: console keyboard, using wsdisplay0
pmsi0 at pckbc0 (aux slot)
pckbc0: using irq 12 for aux slot
wsmouse0 at pmsi0 mux 0
pcppi0 at isa0 port 0x61
midi1 at pcppi0: &lt;PC speaker&gt;
spkr0 at pcppi0
lpt0 at isa0 port 0x378/4 irq 7
npx0 at isa0 port 0xf0/16: reported by CPUID; using exception 16
pccom0 at isa0 port 0x3f8/8 irq 4: ns16550a, 16 byte fifo
pccom1 at isa0 port 0x2f8/8 irq 3: ns16550a, 16 byte fifo
fdc0 at isa0 port 0x3f0/6 irq 6 drq 2
biomask e965 netmask eb65 ttymask fbe7
pctr: 686-class user-level performance counters enabled
mtrr: CPU supports MTRRs but not enabled
dkcsum: wd0 matches BIOS drive 0x80
root on wd0a
rootdev=0x0 rrootdev=0x300 rawdev=0x302
</pre>



</div><!-- content -->
<br />
<div id="footer">
All comments/news/posts are the property of their individual owner and
is presented without warranty of suitability, and solely as an
informational resource. <br />
This site Copyright &copy; 2004-2020 NYC*BUG.
</div><!-- footer -->

</body>
</html>

