



<!doctype html>
<html lang="en">
<head>
<meta name="keywords"
	content="bsd, freebsd, openbsd, netbsd, dragonflybsd, nycbug, dmesgd" />
<meta name="description" content="New York City BSD User Group dmesgd" />
<meta charset="utf-8" />
<meta name="viewport" content="width=device-width, initial-scale=1" />
<title>NYC*BUG dmesgd</title>
<style>
body {
	text-align: left;
	margin: 15px auto;
	padding: 0px 10px;
}
@media (min-width: 800px) {
	body {
		max-width: 85%;
	}
}
#header {
	border-bottom: 1px solid #dbdbdb;
	font-size: 230%;
	text-align: left;
}
#footer {
	border-top: 1px solid #dbdbdb;
	clear: both;
	text-align: left;
}
.logo_bug {
	color: #cc0033;
}
#menu ul {
	list-style-type: none;
	margin: 0;
	padding: 0;
}
#menu li {
	float: left;
}
#menu li a {
	display: block;
	background-color: #dbdbdb;
	color: #000000;
	font-size: 105%;
	font-weight: bold;
	padding: 0px 6px 0px 6px;
	text-decoration: none;
}
#content {
	clear: both;
	text-align: left;
	padding-top: 10px;
}
#content h1 {
	font-size: 120%;
	font-weight: bold;
}
#content h2 {
	font-size: 110%;
	font-weight: bold;
}
#content a {
	text-decoration: none;
}
#content pre {
	background-color: #dbdbdb;
	padding: 5px 5px 5px 5px;
	white-space: pre-wrap;		/* css-3 */
	white-space: -moz-pre-wrap;	/* Mozilla, since 1999 */
	white-space: -pre-wrap;		/* Opera 4-6 */
	white-space: -o-pre-wrap;	/* Opera 7 */
	word-wrap: break-word;		/* Internet Explorer 5.5+ */
}
#content table {
	border-collapse: collapse;
}
#content table th {
	border: 1px solid #dbdbdb;
	font-size: 85%;
	white-space: nowrap;
}
#content table td {
	border: 1px solid #dbdbdb;
	font-size: 80%;
}
#content input {
	font-size: 1em;
}
#content .full	{ width: 100%; }
#content .left	{ text-align: left; }
#content .right	{ text-align: right; }
#content .center { text-align: center; }
#content .flexbox {
	display: -ms-flex;
	display: -webkit-flex;
	display: flex;
	width: 100%;
}
#content .left_col {
	min-width: 75px;
	max-width: 50%;
	flex-grow: 0;
}
#content .right_col {
	flex-grow: 1;
	margin-left: 10px;
	padding-top: 10px;
	padding-left: 10px;
}
#col {
	-moz-column-count: 3;
	-webkit-column-count: 3;
	column-count: 3;
}
</style>
</head>
<body>

<div id="header">
<strong><em>NYC*</em><span class="logo_bug">BUG</span> dmesgd</strong>
</div><!-- header -->

<div id="menu">
<ul>
<li><a href="https://dmesgd.nycbug.org/index.cgi?do=index">Home</a></li>
<li><a href="https://dmesgd.nycbug.org/index.cgi?do=submit">Submit</a></li>
<li><a href="https://www.nycbug.org/">NYC*BUG</a></li>
</ul>
</div><!-- menu -->

<div id="content">

<p>
Launched in 2004, dmesgd aims to provide a
<strong>user-submitted</strong> repository of searchable *BSD dmesgs.
The dmesg(8) command displays the system message buffer's content, and
during boot a copy is saved to <em>/var/run/dmesg.boot</em>.  This buffer
contains the operating system release, name and version, a list of
devices identified, plus a whole host of other useful information.  We
hope others find this resource useful and further contribute to its
growth. Contact us at [ admin at lists dot nycbug dot org ].
</p>

<hr />


<strong>Date:</strong> <em>2007-02-18 11:11:15</em><br />
<strong>From:</strong> <em>Benoi</em><br />
<strong>Description:</strong> <em>Compaq Deskpro En</em><br />

<pre>
OpenBSD 4.0-current (GENERIC) #1360: Tue Feb  6 17:40:22 MST 2007
    xxx@xxx.xxx:/usr/src/sys/arch/i386/compile/GENERIC
cpu0: Intel Pentium III (GenuineIntel 686-class) 864 MHz
cpu0: FPU,V86,DE,PSE,TSC,MSR,PAE,MCE,CX8,APIC,SEP,MTRR,PGE,MCA,CMOV,PAT,PSE36,MMX,FXSR,SSE
real mem  = 535261184 (522716K)
avail mem = 480169984 (468916K)
using 4256 buffers containing 26894336 bytes (26264K) of memory
mainbus0 (root)
bios0 at mainbus0: AT/286+ BIOS, date 08/25/00, BIOS32 rev. 0 @ 0xe7300, SMBIOS rev. 2.3 @ 0xf8dc6 (50 entries)
bios0: Compaq Deskpro
apm0 at bios0: Power Management spec V1.2
apm0: AC on, battery charge unknown
apm0: flags 30102 dobusy 0 doidle 1
pcibios0 at bios0: rev 2.1 @ 0xe7300/0x8d00
pcibios0: PCI IRQ Routing Table rev 1.0 @ 0xf6260/208 (11 entries)
pcibios0: PCI Interrupt Router at 000:31:0 (Intel 82801BA LPC rev 0x00)
pcibios0: PCI bus #2 is the last bus
bios0: ROM list: 0xc0000/0xa000 0xca000/0x6000 0xd0000/0x6000 0xe0000/0x10000!
acpi at mainbus0 not configured
cpu0 at mainbus0
pci0 at mainbus0 bus 0: configuration mode 1 (no bios)
pchb0 at pci0 dev 0 function 0 Intel 82815 Hub rev 0x02: rng active, 7Kb/sec
vga1 at pci0 dev 2 function 0 Intel 82815 Graphics rev 0x02: aperture at 0x44000000, size 0x4000000
wsdisplay0 at vga1 mux 1: console (80x25, vt100 emulation)
wsdisplay0: screen 1-5 added (80x25, vt100 emulation)
ppb0 at pci0 dev 30 function 0 Intel 82801BA AGP rev 0x01
pci1 at ppb0 bus 2
ahc0 at pci1 dev 4 function 0 Adaptec AHA-2940U rev 0x01: irq 5
scsibus0 at ahc0: 16 targets
sd0 at scsibus0 targ 0 lun 0: &lt;IBM-PCCO, DDRS-34560W !#, S97B&gt; SCSI2 0/direct fixed
sd0: 4303MB, 8387 cyl, 5 head, 210 sec, 512 bytes/sec, 8813870 sec total
sd1 at scsibus0 targ 2 lun 0: &lt;IBM-PCCO, DDRS-34560W !#, S97B&gt; SCSI2 0/direct fixed
sd1: 4303MB, 8387 cyl, 5 head, 210 sec, 512 bytes/sec, 8813870 sec total
sd2 at scsibus0 targ 4 lun 0: &lt;IBM-PCCO, DDRS-34560W !#, S97B&gt; SCSI2 0/direct fixed
sd2: 4303MB, 8387 cyl, 5 head, 210 sec, 512 bytes/sec, 8813870 sec total
fxp0 at pci1 dev 8 function 0 Intel 82562 rev 0x01, i82562: irq 10, address xx:xx:xx:xx:xx:xx
inphy0 at fxp0 phy 1: i82562EM 10/100 PHY, rev. 0
ahc1 at pci1 dev 10 function 0 Adaptec AHA-2940U rev 0x01: irq 11
scsibus1 at ahc1: 16 targets
sd3 at scsibus1 targ 0 lun 0: &lt;IBM-PCCO, DDRS-34560W !#, S97B&gt; SCSI2 0/direct fixed
sd3: 4303MB, 8387 cyl, 5 head, 210 sec, 512 bytes/sec, 8813870 sec total
sd4 at scsibus1 targ 2 lun 0: &lt;IBM-PCCO, DDRS-34560W !#, S97B&gt; SCSI2 0/direct fixed
sd4: 4303MB, 8387 cyl, 5 head, 210 sec, 512 bytes/sec, 8813870 sec total
sd5 at scsibus1 targ 4 lun 0: &lt;IBM-PCCO, DDRS-34560W !#, S97B&gt; SCSI2 0/direct fixed
sd5: 4303MB, 8387 cyl, 5 head, 210 sec, 512 bytes/sec, 8813870 sec total
ichpcib0 at pci0 dev 31 function 0 Intel 82801BA LPC rev 0x01
pciide0 at pci0 dev 31 function 1 Intel 82801BA IDE rev 0x01: DMA, channel 0 wired to compatibility, channel 1 wired to compatibility
pciide0: channel 0 ignored (disabled)
pciide0: channel 1 ignored (disabled)
isa0 at ichpcib0
isadma0 at isa0
pckbc0 at isa0 port 0x60/5
pckbd0 at pckbc0 (kbd slot)
pckbc0: using irq 1 for kbd slot
wskbd0 at pckbd0: console keyboard, using wsdisplay0
pcppi0 at isa0 port 0x61
midi0 at pcppi0: &lt;PC speaker&gt;
spkr0 at pcppi0
npx0 at isa0 port 0xf0/16: reported by CPUID; using exception 16
pccom0 at isa0 port 0x3f8/8 irq 4: ns16550a, 16 byte fifo
pccom0: console
pccom1 at isa0 port 0x2f8/8 irq 3: ns16550a, 16 byte fifo
biomask fbe5 netmask ffe5 ttymask ffe7
pctr: 686-class user-level performance counters enabled
mtrr: Pentium Pro MTRR support
ahc0: target 0 using 16bit transfers
ahc0: target 0 synchronous at 20.0MHz, offset = 0x8
dkcsum: sd0 matches BIOS drive 0x80
ahc0: target 2 using 16bit transfers
ahc0: target 2 synchronous at 20.0MHz, offset = 0x8
dkcsum: sd1 matches BIOS drive 0x81
ahc0: target 4 using 16bit transfers
ahc0: target 4 synchronous at 20.0MHz, offset = 0x8
dkcsum: sd2 matches BIOS drive 0x82
ahc1: target 0 using 16bit transfers
ahc1: target 0 synchronous at 20.0MHz, offset = 0x8
dkcsum: sd3 matches BIOS drive 0x83
ahc1: target 2 using 16bit transfers
ahc1: target 2 synchronous at 20.0MHz, offset = 0x8
dkcsum: sd4 matches BIOS drive 0x84
ahc1: target 4 using 16bit transfers
ahc1: target 4 synchronous at 20.0MHz, offset = 0x8
dkcsum: sd5 matches BIOS drive 0x85
root on sd0a
rootdev=0x400 rrootdev=0xd00 rawdev=0xd02
</pre>



</div><!-- content -->
<br />
<div id="footer">
All comments/news/posts are the property of their individual owner and
is presented without warranty of suitability, and solely as an
informational resource. <br />
This site Copyright &copy; 2004-2020 NYC*BUG.
</div><!-- footer -->

</body>
</html>

