



<!doctype html>
<html lang="en">
<head>
<meta name="keywords"
	content="bsd, freebsd, openbsd, netbsd, dragonflybsd, nycbug, dmesgd" />
<meta name="description" content="New York City BSD User Group dmesgd" />
<meta charset="utf-8" />
<meta name="viewport" content="width=device-width, initial-scale=1" />
<title>NYC*BUG dmesgd</title>
<style>
body {
	text-align: left;
	margin: 15px auto;
	padding: 0px 10px;
}
@media (min-width: 800px) {
	body {
		max-width: 85%;
	}
}
#header {
	border-bottom: 1px solid #dbdbdb;
	font-size: 230%;
	text-align: left;
}
#footer {
	border-top: 1px solid #dbdbdb;
	clear: both;
	text-align: left;
}
.logo_bug {
	color: #cc0033;
}
#menu ul {
	list-style-type: none;
	margin: 0;
	padding: 0;
}
#menu li {
	float: left;
}
#menu li a {
	display: block;
	background-color: #dbdbdb;
	color: #000000;
	font-size: 105%;
	font-weight: bold;
	padding: 0px 6px 0px 6px;
	text-decoration: none;
}
#content {
	clear: both;
	text-align: left;
	padding-top: 10px;
}
#content h1 {
	font-size: 120%;
	font-weight: bold;
}
#content h2 {
	font-size: 110%;
	font-weight: bold;
}
#content a {
	text-decoration: none;
}
#content pre {
	background-color: #dbdbdb;
	padding: 5px 5px 5px 5px;
	white-space: pre-wrap;		/* css-3 */
	white-space: -moz-pre-wrap;	/* Mozilla, since 1999 */
	white-space: -pre-wrap;		/* Opera 4-6 */
	white-space: -o-pre-wrap;	/* Opera 7 */
	word-wrap: break-word;		/* Internet Explorer 5.5+ */
}
#content table {
	border-collapse: collapse;
}
#content table th {
	border: 1px solid #dbdbdb;
	font-size: 85%;
	white-space: nowrap;
}
#content table td {
	border: 1px solid #dbdbdb;
	font-size: 80%;
}
#content input {
	font-size: 1em;
}
#content .full	{ width: 100%; }
#content .left	{ text-align: left; }
#content .right	{ text-align: right; }
#content .center { text-align: center; }
#content .flexbox {
	display: -ms-flex;
	display: -webkit-flex;
	display: flex;
	width: 100%;
}
#content .left_col {
	min-width: 75px;
	max-width: 50%;
	flex-grow: 0;
}
#content .right_col {
	flex-grow: 1;
	margin-left: 10px;
	padding-top: 10px;
	padding-left: 10px;
}
#col {
	-moz-column-count: 3;
	-webkit-column-count: 3;
	column-count: 3;
}
</style>
</head>
<body>

<div id="header">
<strong><em>NYC*</em><span class="logo_bug">BUG</span> dmesgd</strong>
</div><!-- header -->

<div id="menu">
<ul>
<li><a href="https://dmesgd.nycbug.org/index.cgi?do=index">Home</a></li>
<li><a href="https://dmesgd.nycbug.org/index.cgi?do=submit">Submit</a></li>
<li><a href="https://www.nycbug.org/">NYC*BUG</a></li>
</ul>
</div><!-- menu -->

<div id="content">

<p>
Launched in 2004, dmesgd aims to provide a
<strong>user-submitted</strong> repository of searchable *BSD dmesgs.
The dmesg(8) command displays the system message buffer's content, and
during boot a copy is saved to <em>/var/run/dmesg.boot</em>.  This buffer
contains the operating system release, name and version, a list of
devices identified, plus a whole host of other useful information.  We
hope others find this resource useful and further contribute to its
growth. Contact us at [ admin at lists dot nycbug dot org ].
</p>

<hr />


<strong>Date:</strong> <em>2007-05-02 23:27:14</em><br />
<strong>From:</strong> <em>Aaron</em><br />
<strong>Description:</strong> <em>Asus M2NPV-VM</em><br />

<pre>
OpenBSD 4.1 (GENERIC.MP) #1225: Sat Mar 10 19:23:18 MST 2007
    xxx@xxx.xxx:/usr/src/sys/arch/i386/compile/GENERIC.MP
cpu0: AMD Athlon(tm) 64 X2 Dual Core Processor 3800+ (AuthenticAMD
686-class, 512KB L2 cache) 2.01 GHz
cpu0:
FPU,V86,DE,PSE,TSC,MSR,PAE,MCE,CX8,APIC,SEP,MTRR,PGE,MCA,CMOV,PAT,PSE36,CFLUSH,MMX,FXSR,SSE,SSE2,HTT,SSE3,CX16
real mem  = 1055420416 (1030684K)
avail mem = 955527168 (933132K)
using 4278 buffers containing 52895744 bytes (51656K) of memory
mainbus0 (root)
bios0 at mainbus0: AT/286+ BIOS, date 11/29/06, BIOS32 rev. 0 @ 0xf1fc0,
SMBIOS rev. 2.4 @ 0xf0000 (67 entries)
bios0: ASUSTek Computer INC. M2NPV-VM
apm0 at bios0: Power Management spec V1.2
apm0: AC on, battery charge unknown
apm0: flags 70102 dobusy 1 doidle 1
pcibios0 at bios0: rev 3.0 @ 0xf0000/0xdef4
pcibios0: PCI IRQ Routing Table rev 1.0 @ 0xfde00/224 (12 entries)
pcibios0: bad IRQ table checksum
pcibios0: PCI BIOS has 13 Interrupt Routing table entries
pcibios0: PCI Exclusive IRQs: 5 7 10 11
pcibios0: no compatible PCI ICU found
pcibios0: Warning, unable to fix up PCI interrupt routing
pcibios0: PCI bus #4 is the last bus
bios0: ROM list: 0xc0000/0xec00 0xd0000/0x4000!
acpi at mainbus0 not configured
mainbus0: Intel MP Specification (Version 1.4)
cpu0 at mainbus0: apid 0 (boot processor)
cpu0: apic clock running at 200 MHz
cpu1 at mainbus0: apid 1 (application processor)
cpu1: AMD Athlon(tm) 64 X2 Dual Core Processor 3800+ (AuthenticAMD
686-class, 512KB L2 cache) 2.01 GHz
cpu1:
FPU,V86,DE,PSE,TSC,MSR,PAE,MCE,CX8,APIC,SEP,MTRR,PGE,MCA,CMOV,SSE3,CX16
mainbus0: bus 0 is type PCI  
mainbus0: bus 1 is type PCI  
mainbus0: bus 2 is type PCI  
mainbus0: bus 3 is type PCI  
mainbus0: bus 4 is type PCI  
mainbus0: bus 5 is type ISA  
ioapic0 at mainbus0: apid 2 pa 0xfec00000, version 11, 24 pins
ioapic0: misconfigured as apic 0, remapped to apid 2
pci0 at mainbus0 bus 0: configuration mode 1 (no bios)
NVIDIA C51 Host rev 0xa2 at pci0 dev 0 function 0 not configured
NVIDIA C51 Memory rev 0xa2 at pci0 dev 0 function 1 not configured
NVIDIA C51 Memory rev 0xa2 at pci0 dev 0 function 2 not configured
NVIDIA C51 Memory rev 0xa2 at pci0 dev 0 function 3 not configured
NVIDIA C51 Memory rev 0xa2 at pci0 dev 0 function 4 not configured
NVIDIA C51 Memory rev 0xa2 at pci0 dev 0 function 5 not configured
NVIDIA C51 Memory rev 0xa2 at pci0 dev 0 function 6 not configured
NVIDIA C51 Memory rev 0xa2 at pci0 dev 0 function 7 not configured
ppb0 at pci0 dev 2 function 0 NVIDIA C51 PCIE rev 0xa1
pci1 at ppb0 bus 1
ppb1 at pci0 dev 3 function 0 NVIDIA C51 PCIE rev 0xa1
pci2 at ppb1 bus 2
ppb2 at pci0 dev 4 function 0 NVIDIA C51 PCIE rev 0xa1
pci3 at ppb2 bus 3
vga1 at pci0 dev 5 function 0 NVIDIA GeForce 6150 rev 0xa2
wsdisplay0 at vga1 mux 1: console (80x25, vt100 emulation)
wsdisplay0: screen 1-5 added (80x25, vt100 emulation)
NVIDIA MCP51 Host rev 0xa2 at pci0 dev 9 function 0 not configured
pcib0 at pci0 dev 10 function 0 NVIDIA MCP51 ISA rev 0xa3
nviic0 at pci0 dev 10 function 1 NVIDIA MCP51 SMBus rev 0xa3
iic0 at nviic0
iic1 at nviic0
NVIDIA MCP51 Memory rev 0xa3 at pci0 dev 10 function 2 not configured
ohci0 at pci0 dev 11 function 0 NVIDIA MCP51 USB rev 0xa3: apic 2 int
5 (irq 5), version 1.0, legacy support
usb0 at ohci0: USB revision 1.0
uhub0 at usb0
uhub0: NVIDIA OHCI root hub, rev 1.00/1.00, addr 1
uhub0: 8 ports with 8 removable, self powered
ehci0 at pci0 dev 11 function 1 NVIDIA MCP51 USB rev 0xa3: apic 2 int
10 (irq 10)
usb1 at ehci0: USB revision 2.0
uhub1 at usb1
uhub1: NVIDIA EHCI root hub, rev 2.00/1.00, addr 1
uhub1: 8 ports with 8 removable, self powered
pciide0 at pci0 dev 13 function 0 NVIDIA MCP51 IDE rev 0xa1: DMA,
channel 0 configured to compatibility, channel 1 configured to compatibility
wd0 at pciide0 channel 0 drive 0: &lt;Maxtor 6L250R0&gt;
wd0: 16-sector PIO, LBA48, 239372MB, 490234752 sectors
atapiscsi0 at pciide0 channel 0 drive 1
scsibus0 at atapiscsi0: 2 targets
cd0 at scsibus0 targ 0 lun 0: &lt;SONY, DVD RW DRU-510A, 1.0a&gt; SCSI0
5/cdrom removable
wd0(pciide0:0:0): using PIO mode 4, Ultra-DMA mode 6
cd0(pciide0:0:1): using PIO mode 4, Ultra-DMA mode 2
pciide0: channel 1 disabled (no drives)
pciide1 at pci0 dev 14 function 0 NVIDIA MCP51 SATA rev 0xa1: DMA
pciide1: using apic 2 int 5 (irq 5) for native-PCI interrupt
wd1 at pciide1 channel 0 drive 0: &lt;ST3500641AS&gt;
wd1: 16-sector PIO, LBA48, 476938MB, 976771055 sectors
wd1(pciide1:0:0): using PIO mode 4, Ultra-DMA mode 5
wd2 at pciide1 channel 1 drive 0: &lt;ST3500641AS&gt;
wd2: 16-sector PIO, LBA48, 476940MB, 976773168 sectors
wd2(pciide1:1:0): using PIO mode 4, Ultra-DMA mode 5
pciide2 at pci0 dev 15 function 0 NVIDIA MCP51 SATA rev 0xa1: DMA
pciide2: using apic 2 int 5 (irq 5) for native-PCI interrupt
wd3 at pciide2 channel 0 drive 0: &lt;ST3500641AS&gt;
wd3: 16-sector PIO, LBA48, 476940MB, 976773168 sectors
wd3(pciide2:0:0): using PIO mode 4, Ultra-DMA mode 5
wd4 at pciide2 channel 1 drive 0: &lt;ST3500641AS&gt;
wd4: 16-sector PIO, LBA48, 476940MB, 976773168 sectors
wd4(pciide2:1:0): using PIO mode 4, Ultra-DMA mode 5
ppb3 at pci0 dev 16 function 0 NVIDIA MCP51 PCI-PCI rev 0xa2
pci4 at ppb3 bus 4
skc0 at pci4 dev 8 function 0 D-Link Systems DGE-530T B1 rev 0x11,
Yukon Lite (0x9): apic 2 int 7 (irq 7)
sk0 at skc0 port A, address xx:xx:xx:xx:xx:xx
eephy0 at sk0 phy 0: Marvell 88E1011 Gigabit PHY, rev. 5
pciide3 at pci4 dev 9 function 0 CMD Technology SiI3512 SATA rev 0x01: DMA
pciide3: using apic 2 int 5 (irq 5) for native-PCI interrupt
pchb0 at pci0 dev 24 function 0 AMD AMD64 HyperTransport rev 0x00
pchb1 at pci0 dev 24 function 1 AMD AMD64 Address Map rev 0x00
pchb2 at pci0 dev 24 function 2 AMD AMD64 DRAM Cfg rev 0x00
pchb3 at pci0 dev 24 function 3 AMD AMD64 Misc Cfg rev 0x00
isa0 at pcib0
isadma0 at isa0
pckbc0 at isa0 port 0x60/5
pckbd0 at pckbc0 (kbd slot)
pckbc0: using irq 1 for kbd slot
wskbd0 at pckbd0: console keyboard, using wsdisplay0
pms0 at pckbc0 (aux slot)
pckbc0: using irq 12 for aux slot
wsmouse0 at pms0 mux 0
pcppi0 at isa0 port 0x61
midi0 at pcppi0: &lt;PC speaker&gt;
spkr0 at pcppi0
it0 at isa0 port 0x290/8: IT87
npx0 at isa0 port 0xf0/16: reported by CPUID; using exception 16
pccom0 at isa0 port 0x3f8/8 irq 4: ns16550a, 16 byte fifo
pccom0: console
pccom1 at isa0 port 0x2f8/8 irq 3: ns16550a, 16 byte fifo
pctr: user-level cycle counter enabled
apm0: disconnected
umass0 at uhub1 port 4 configuration 1 interface 0
umass0: Acer Labs USB 2.0 Storage Device, rev 2.00/1.03, addr 2
umass0: using SCSI over Bulk-Only
scsibus1 at umass0: 2 targets
cd1 at scsibus1 targ 1 lun 0: &lt;TSSTcorp, CD/DVDW SH-S182M, SB02&gt; SCSI0
5/cdrom removable
umass1 at uhub1 port 7 configuration 1 interface 0
umass1: Atech Flash PRO-Gear XM-4U, rev 2.00/1.00, addr 3
umass1: using SCSI over Bulk-Only
scsibus2 at umass1: 2 targets
sd0 at scsibus2 targ 1 lun 0: &lt;USB2.0, CardReader CF, 0100&gt; SCSI0
0/direct removable
sd0: drive offline
sd1 at scsibus2 targ 1 lun 1: &lt;USB2.0, CardReader SM XD, 0100&gt; SCSI0
0/direct removable
sd1: drive offline
sd2 at scsibus2 targ 1 lun 2: &lt;USB2.0, CardReader MS, 0100&gt; SCSI0
0/direct removable
sd2: drive offline
sd3 at scsibus2 targ 1 lun 3: &lt;USB2.0, CardReader SD, 0100&gt; SCSI0
0/direct removable
sd3: drive offline
ugen0 at uhub0 port 2
ugen0: American Power Conversion Back-UPS XS 1300 LCD FW:836.H5 .D USB
FW:H5, rev 1.10/1.01, addr 2
dkcsum: wd0 matches BIOS drive 0x80
dkcsum: wd1 matches BIOS drive 0x81
dkcsum: wd2 matches BIOS drive 0x82
dkcsum: wd3 matches BIOS drive 0x83
dkcsum: wd4 matches BIOS drive 0x84
root on wd0a
rootdev=0x0 rrootdev=0x300 rawdev=0x302

sysctl hw:
hw.machine=i386
hw.model=AMD Athlon(tm) 64 X2 Dual Core Processor 3800+ (AuthenticAMD
686-class, 512KB L2 cache)
hw.ncpu=2
hw.byteorder=1234
hw.physmem=1055420416
hw.usermem=1055412224
hw.pagesize=4096
hw.disknames=wd0,cd0,wd1,wd2,wd3,wd4,cd1,sd0,sd1,sd2,sd3,raid0,raid1,raid2
hw.diskcount=14
hw.sensors.it0.temp0=17.00 degC
hw.sensors.it0.temp1=40.00 degC
hw.sensors.it0.temp2=24.00 degC
hw.sensors.it0.fan0=2777 RPM
hw.sensors.it0.fan2=30681 RPM
hw.sensors.it0.volt0=2.27 VDC (VCORE_A)
hw.sensors.it0.volt1=2.90 VDC (VCORE_B)
hw.sensors.it0.volt2=0.05 VDC (+3.3V)
hw.sensors.it0.volt3=4.73 VDC (+5V)
hw.sensors.it0.volt4=11.46 VDC (+12V)
hw.sensors.it0.volt5=-8.45 VDC (Unused)
hw.sensors.it0.volt6=-16.75 VDC (-12V)
hw.sensors.it0.volt7=4.62 VDC (+5VSB)
hw.sensors.it0.volt8=2.90 VDC (VBAT)
hw.cpuspeed=2005
hw.vendor=ASUSTek Computer INC.
hw.product=M2NPV-VM
</pre>



</div><!-- content -->
<br />
<div id="footer">
All comments/news/posts are the property of their individual owner and
is presented without warranty of suitability, and solely as an
informational resource. <br />
This site Copyright &copy; 2004-2020 NYC*BUG.
</div><!-- footer -->

</body>
</html>

