



<!doctype html>
<html lang="en">
<head>
<meta name="keywords"
	content="bsd, freebsd, openbsd, netbsd, dragonflybsd, nycbug, dmesgd" />
<meta name="description" content="New York City BSD User Group dmesgd" />
<meta charset="utf-8" />
<meta name="viewport" content="width=device-width, initial-scale=1" />
<title>NYC*BUG dmesgd</title>
<style>
body {
	text-align: left;
	margin: 15px auto;
	padding: 0px 10px;
}
@media (min-width: 800px) {
	body {
		max-width: 85%;
	}
}
#header {
	border-bottom: 1px solid #dbdbdb;
	font-size: 230%;
	text-align: left;
}
#footer {
	border-top: 1px solid #dbdbdb;
	clear: both;
	text-align: left;
}
.logo_bug {
	color: #cc0033;
}
#menu ul {
	list-style-type: none;
	margin: 0;
	padding: 0;
}
#menu li {
	float: left;
}
#menu li a {
	display: block;
	background-color: #dbdbdb;
	color: #000000;
	font-size: 105%;
	font-weight: bold;
	padding: 0px 6px 0px 6px;
	text-decoration: none;
}
#content {
	clear: both;
	text-align: left;
	padding-top: 10px;
}
#content h1 {
	font-size: 120%;
	font-weight: bold;
}
#content h2 {
	font-size: 110%;
	font-weight: bold;
}
#content a {
	text-decoration: none;
}
#content pre {
	background-color: #dbdbdb;
	padding: 5px 5px 5px 5px;
	white-space: pre-wrap;		/* css-3 */
	white-space: -moz-pre-wrap;	/* Mozilla, since 1999 */
	white-space: -pre-wrap;		/* Opera 4-6 */
	white-space: -o-pre-wrap;	/* Opera 7 */
	word-wrap: break-word;		/* Internet Explorer 5.5+ */
}
#content table {
	border-collapse: collapse;
}
#content table th {
	border: 1px solid #dbdbdb;
	font-size: 85%;
	white-space: nowrap;
}
#content table td {
	border: 1px solid #dbdbdb;
	font-size: 80%;
}
#content input {
	font-size: 1em;
}
#content .full	{ width: 100%; }
#content .left	{ text-align: left; }
#content .right	{ text-align: right; }
#content .center { text-align: center; }
#content .flexbox {
	display: -ms-flex;
	display: -webkit-flex;
	display: flex;
	width: 100%;
}
#content .left_col {
	min-width: 75px;
	max-width: 50%;
	flex-grow: 0;
}
#content .right_col {
	flex-grow: 1;
	margin-left: 10px;
	padding-top: 10px;
	padding-left: 10px;
}
#col {
	-moz-column-count: 3;
	-webkit-column-count: 3;
	column-count: 3;
}
</style>
</head>
<body>

<div id="header">
<strong><em>NYC*</em><span class="logo_bug">BUG</span> dmesgd</strong>
</div><!-- header -->

<div id="menu">
<ul>
<li><a href="https://dmesgd.nycbug.org/index.cgi?do=index">Home</a></li>
<li><a href="https://dmesgd.nycbug.org/index.cgi?do=submit">Submit</a></li>
<li><a href="https://www.nycbug.org/">NYC*BUG</a></li>
</ul>
</div><!-- menu -->

<div id="content">

<p>
Launched in 2004, dmesgd aims to provide a
<strong>user-submitted</strong> repository of searchable *BSD dmesgs.
The dmesg(8) command displays the system message buffer's content, and
during boot a copy is saved to <em>/var/run/dmesg.boot</em>.  This buffer
contains the operating system release, name and version, a list of
devices identified, plus a whole host of other useful information.  We
hope others find this resource useful and further contribute to its
growth. Contact us at [ admin at lists dot nycbug dot org ].
</p>

<hr />


<strong>Date:</strong> <em>2007-07-04 20:04:46</em><br />
<strong>From:</strong> <em>George</em><br />
<strong>Description:</strong> <em>Dell PowerEdge 2650</em><br />

<pre>
OpenBSD 4.0 (GENERIC) #1: Mon Mar 19 09:41:05 EDT 2007
    xxx@xxx.xxx:/usr/src/sys/arch/i386/compile/GENERIC
cpu0: Intel(R) Xeon(TM) CPU 2.80GHz (GenuineIntel 686-class) 2.79 GHz
cpu0: FPU,V86,DE,PSE,TSC,MSR,PAE,MCE,CX8,APIC,SEP,MTRR,PGE,MCA,CMOV,PAT,PSE36,CFLUSH,DS,ACPI,MMX,FXSR,SSE,SSE2,SS,HTT,TM,SBF,CNXT-ID
real mem  = 2146992128 (2096672K)
avail mem = 1950367744 (1904656K)
using 4256 buffers containing 107454464 bytes (104936K) of memory
mainbus0 (root)
bios0 at mainbus0: AT/286+(00) BIOS, date 02/13/03, BIOS32 rev. 0 @ 0xffe90, SMBIOS rev. 2.3 @ 0xfb300 (60 entries)
bios0: Dell Computer Corporation PowerEdge 2650
pcibios0 at bios0: rev 2.1 @ 0xf0000/0x10000
pcibios0: PCI IRQ Routing Table rev 1.0 @ 0xfc480/176 (9 entries)
pcibios0: PCI Interrupt Router at 000:15:0 (ServerWorks CSB5 rev 0x00)
pcibios0: PCI bus #0 is the last bus
bios0: ROM list: 0xc0000/0x8000 0xc8000/0x1000 0xcc000/0x6000 0xd2000/0x1800 0xd3800/0x600 0xec000/0x4000!
ipmi0 at mainbus0ipmi0: getSdrPartial: recvcmd fails
ipmi0: get chunk : 37,1 fails
: version 1.0 interface SMIC iobase 0xecf4/3 spacing 1
cpu0 at mainbus0
pci0 at mainbus0 bus 0: configuration mode 1 (no bios)
pchb0 at pci0 dev 0 function 0 ServerWorks CMIC-WS Host (GC-LE) rev 0x13
pchb1 at pci0 dev 0 function 1 ServerWorks CMIC-WS Host (GC-LE) rev 0x00
pci1 at pchb1 bus 3
bge0 at pci1 dev 6 function 0 Broadcom BCM5701 rev 0x15, BCM5701 B5 (0x0105): irq 11, address xx:xx:xx:xx:xx:xx
brgphy0 at bge0 phy 1: BCM5701 10/100/1000baseT PHY, rev. 0
bge1 at pci1 dev 8 function 0 Broadcom BCM5701 rev 0x15, BCM5701 B5 (0x0105): irq 10, address xx:xx:xx:xx:xx:xx
brgphy1 at bge1 phy 1: BCM5701 10/100/1000baseT PHY, rev. 0
pchb2 at pci0 dev 0 function 2 ServerWorks CMIC-LE rev 0x00
pci2 at pchb2 bus 1
Dell DRAC 4 Embedded/Optional rev 0x00 at pci0 dev 4 function 0 not configured
Dell PERC 3/Di rev 0x00 at pci0 dev 4 function 1 not configured
Dell DRAC 3 Optional rev 0x00 at pci0 dev 4 function 2 not configured
vga1 at pci0 dev 14 function 0 ATI Rage XL rev 0x27
wsdisplay0 at vga1 mux 1: console (80x25, vt100 emulation)
wsdisplay0: screen 1-5 added (80x25, vt100 emulation)
piixpm0 at pci0 dev 15 function 0 ServerWorks CSB5 rev 0x93: SMI
iic0 at piixpm0: disabled to avoid ipmi0 interactions
pciide0 at pci0 dev 15 function 1 ServerWorks CSB5 IDE rev 0x93: DMA
atapiscsi0 at pciide0 channel 0 drive 0
scsibus0 at atapiscsi0: 2 targets
cd0 at scsibus0 targ 0 lun 0: &lt;SAMSUNG, CD-ROM SN-124, N102&gt; SCSI0 5/cdrom removable
cd0(pciide0:0:0): using PIO mode 4, DMA mode 2, Ultra-DMA mode 2
ohci0 at pci0 dev 15 function 2 ServerWorks OSB4/CSB5 USB rev 0x05: irq 5, version 1.0, legacy support
usb0 at ohci0: USB revision 1.0
uhub0 at usb0
uhub0: ServerWorks OHCI root hub, rev 1.00/1.00, addr 1
uhub0: 4 ports with 4 removable, self powered
pcib0 at pci0 dev 15 function 3 ServerWorks CSB5 LPC rev 0x00
pchb3 at pci0 dev 16 function 0 ServerWorks CIOB-X2 PCIX rev 0x03
pchb4 at pci0 dev 16 function 2 ServerWorks CIOB-X2 PCIX rev 0x03
pci3 at pchb4 bus 4
ppb0 at pci3 dev 8 function 0 Intel 80303 IOP rev 0x01
pci4 at ppb0 bus 5
ahc0 at pci4 dev 6 function 0 Adaptec AIC-7899 U160 rev 0x01: irq 7
scsibus1 at ahc0: 16 targets
sd0 at scsibus1 targ 0 lun 0: &lt;SEAGATE, ST336704LC, 0004&gt; SCSI3 0/direct fixed
sd0: 34732MB, 14100 cyl, 12 head, 420 sec, 512 bytes/sec, 71132960 sec total
sd1 at scsibus1 targ 2 lun 0: &lt;HITACHI, DK32EJ-36NC, 160B&gt; SCSI3 0/direct fixed
sd1: 34732MB, 40939 cyl, 3 head, 579 sec, 512 bytes/sec, 71132959 sec total
safte0 at scsibus1 targ 6 lun 0: &lt;PE/PV, 1x5 SCSI BP, 1.1&gt; SCSI2 3/processor fixed
ahc1 at pci4 dev 6 function 1 Adaptec AIC-7899 U160 rev 0x01: irq 11
scsibus2 at ahc1: 16 targets
pchb5 at pci0 dev 17 function 0 ServerWorks CIOB-X2 PCIX rev 0x03
pchb6 at pci0 dev 17 function 2 ServerWorks CIOB-X2 PCIX rev 0x03
pci5 at pchb6 bus 2
isa0 at pcib0
isadma0 at isa0
pckbc0 at isa0 port 0x60/5
pckbd0 at pckbc0 (kbd slot)
pckbc0: using irq 1 for kbd slot
wskbd0 at pckbd0: console keyboard, using wsdisplay0
pcppi0 at isa0 port 0x61
midi0 at pcppi0: &lt;PC speaker&gt;
spkr0 at pcppi0
npx0 at isa0 port 0xf0/16: using exception 16
pccom0 at isa0 port 0x3f8/8 irq 4: ns16550a, 16 byte fifo
pccom1 at isa0 port 0x2f8/8 irq 3: ns16550a, 16 byte fifo
fdc0 at isa0 port 0x3f0/6 irq 6 drq 2
fd0 at fdc0 drive 0: 1.44MB 80 cyl, 2 head, 18 sec
biomask fbe5 netmask ffe5 ttymask ffe7
pctr: user-level cycle counter enabled
ahc0: target 0 using 16bit transfers
ahc0: target 0 synchronous at 80.0MHz DT, offset = 0x3f
dkcsum: sd0 matches BIOS drive 0x80
ahc0: target 2 using 16bit transfers
ahc0: target 2 synchronous at 80.0MHz DT, offset = 0x5e
dkcsum: sd1 matches BIOS drive 0x81
root on sd0a
rootdev=0x400 rrootdev=0xd00 rawdev=0xd02
wstartwritewstartwritewstartwritewstartwritewstartwritewstartwritewstartwritewstartwritewstartwritewstartwritewstartwritewstartwritewstartwritewstartwritewstartwritewstartwritewstartwritewstartwritewstartwritewstartwritewstartwritewstartwritewstartwritewstartwritewstartwritewstartwritewstartwritewstartwritewstartwritewstartwritewstartwritewstartwritewstartwritewstartwritewstartwritewstartwritewstartwritewstartwritewstartwritewstartwritewstartwritewstartwritewstartwritewstartwritewstartwritewstartwritewstartwritewstartwritewstartwrite
</pre>



</div><!-- content -->
<br />
<div id="footer">
All comments/news/posts are the property of their individual owner and
is presented without warranty of suitability, and solely as an
informational resource. <br />
This site Copyright &copy; 2004-2020 NYC*BUG.
</div><!-- footer -->

</body>
</html>

