



<!doctype html>
<html lang="en">
<head>
<meta name="keywords"
	content="bsd, freebsd, openbsd, netbsd, dragonflybsd, nycbug, dmesgd" />
<meta name="description" content="New York City BSD User Group dmesgd" />
<meta charset="utf-8" />
<meta name="viewport" content="width=device-width, initial-scale=1" />
<title>NYC*BUG dmesgd</title>
<style>
body {
	text-align: left;
	margin: 15px auto;
	padding: 0px 10px;
}
@media (min-width: 800px) {
	body {
		max-width: 85%;
	}
}
#header {
	border-bottom: 1px solid #dbdbdb;
	font-size: 230%;
	text-align: left;
}
#footer {
	border-top: 1px solid #dbdbdb;
	clear: both;
	text-align: left;
}
.logo_bug {
	color: #cc0033;
}
#menu ul {
	list-style-type: none;
	margin: 0;
	padding: 0;
}
#menu li {
	float: left;
}
#menu li a {
	display: block;
	background-color: #dbdbdb;
	color: #000000;
	font-size: 105%;
	font-weight: bold;
	padding: 0px 6px 0px 6px;
	text-decoration: none;
}
#content {
	clear: both;
	text-align: left;
	padding-top: 10px;
}
#content h1 {
	font-size: 120%;
	font-weight: bold;
}
#content h2 {
	font-size: 110%;
	font-weight: bold;
}
#content a {
	text-decoration: none;
}
#content pre {
	background-color: #dbdbdb;
	padding: 5px 5px 5px 5px;
	white-space: pre-wrap;		/* css-3 */
	white-space: -moz-pre-wrap;	/* Mozilla, since 1999 */
	white-space: -pre-wrap;		/* Opera 4-6 */
	white-space: -o-pre-wrap;	/* Opera 7 */
	word-wrap: break-word;		/* Internet Explorer 5.5+ */
}
#content table {
	border-collapse: collapse;
}
#content table th {
	border: 1px solid #dbdbdb;
	font-size: 85%;
	white-space: nowrap;
}
#content table td {
	border: 1px solid #dbdbdb;
	font-size: 80%;
}
#content input {
	font-size: 1em;
}
#content .full	{ width: 100%; }
#content .left	{ text-align: left; }
#content .right	{ text-align: right; }
#content .center { text-align: center; }
#content .flexbox {
	display: -ms-flex;
	display: -webkit-flex;
	display: flex;
	width: 100%;
}
#content .left_col {
	min-width: 75px;
	max-width: 50%;
	flex-grow: 0;
}
#content .right_col {
	flex-grow: 1;
	margin-left: 10px;
	padding-top: 10px;
	padding-left: 10px;
}
#col {
	-moz-column-count: 3;
	-webkit-column-count: 3;
	column-count: 3;
}
</style>
</head>
<body>

<div id="header">
<strong><em>NYC*</em><span class="logo_bug">BUG</span> dmesgd</strong>
</div><!-- header -->

<div id="menu">
<ul>
<li><a href="https://dmesgd.nycbug.org/index.cgi?do=index">Home</a></li>
<li><a href="https://dmesgd.nycbug.org/index.cgi?do=submit">Submit</a></li>
<li><a href="https://www.nycbug.org/">NYC*BUG</a></li>
</ul>
</div><!-- menu -->

<div id="content">

<p>
Launched in 2004, dmesgd aims to provide a
<strong>user-submitted</strong> repository of searchable *BSD dmesgs.
The dmesg(8) command displays the system message buffer's content, and
during boot a copy is saved to <em>/var/run/dmesg.boot</em>.  This buffer
contains the operating system release, name and version, a list of
devices identified, plus a whole host of other useful information.  We
hope others find this resource useful and further contribute to its
growth. Contact us at [ admin at lists dot nycbug dot org ].
</p>

<hr />


<strong>Date:</strong> <em>2007-09-18 20:49:47</em><br />
<strong>From:</strong> <em>bseklecki</em><br />
<strong>Description:</strong> <em>Axiomtek NA-1041 Via C3</em><br />

<pre>
OpenBSD 4.1-stable (RD-MP-CFLAB00-41) #17: Thu Jun  7 21:06:05 EDT 2007
    root@vmware-sandbox-openbsd-lab:/usr/src/sys/arch/i386/compile/RD-MP-CFLAB00-41
cpu0: VIA Samuel 2 (CentaurHauls 686-class) 801 MHz
cpu0: FPU,DE,TSC,MSR,MTRR,PGE,MMX
real mem  = 400060416 (390684K)
avail mem = 340836352 (332848K)
using 4278 buffers containing 20127744 bytes (19656K) of memory
mainbus0 (root)
bios0 at mainbus0: AT/286+ BIOS, date 08/23/04, BIOS32 rev. 0 @ 0xfb570
apm0 at bios0: Power Management spec V1.2
apm0: AC on, battery charge unknown
apm0: flags 70102 dobusy 1 doidle 1
pcibios0 at bios0: rev 2.1 @ 0xf0000/0xdf94
pcibios0: PCI IRQ Routing Table rev 1.0 @ 0xfdf00/144 (7 entries)
pcibios0: PCI Exclusive IRQs: 5 10 11 12
pcibios0: PCI Interrupt Router at 000:07:0 (VIA VT82C596A ISA rev 0x00)
pcibios0: PCI bus #1 is the last bus
bios0: ROM list: 0xc0000/0xc000 0xcc000/0x4000!
acpi at mainbus0 not configured
cpu0 at mainbus0
pci0 at mainbus0 bus 0: configuration mode 1 (no bios)
pchb0 at pci0 dev 0 function 0 VIA VT8601 PCI rev 0x05
ppb0 at pci0 dev 1 function 0 VIA VT82C601 AGP rev 0x00
pci1 at ppb0 bus 1
vga1 at pci1 dev 0 function 0 Trident CyberBlade i1 rev 0x6a
wsdisplay0 at vga1 mux 1: console (80x25, vt100 emulation)
wsdisplay0: screen 1-5 added (80x25, vt100 emulation)
pcib0 at pci0 dev 7 function 0 VIA VT82C686 ISA rev 0x40
pciide0 at pci0 dev 7 function 1 VIA VT82C571 IDE rev 0x06: ATA100, channel 0 configured to compatibility, channel
 1 configured to compatibility
wd0 at pciide0 channel 0 drive 0: &lt;SanDisk SDCFH-2048&gt;
wd0: 4-sector PIO, LBA, 1953MB, 4001760 sectors
wd0(pciide0:0:0): using PIO mode 4, DMA mode 2
pciide0: channel 1 disabled (no drives)
uhci0 at pci0 dev 7 function 2 VIA VT83C572 USB rev 0x1a: irq 10
usb0 at uhci0: USB revision 1.0
uhub0 at usb0
uhub0: VIA UHCI root hub, rev 1.00/1.00, addr 1
uhub0: 2 ports with 2 removable, self powered
uhci1 at pci0 dev 7 function 3 VIA VT83C572 USB rev 0x1a: irq 10
usb1 at uhci1: USB revision 1.0
uhub1 at usb1
uhub1: VIA UHCI root hub, rev 1.00/1.00, addr 1
uhub1: 2 ports with 2 removable, self powered
viaenv0 at pci0 dev 7 function 4 VIA VT82C686 SMBus rev 0x40
re0 at pci0 dev 16 function 0 Realtek 8139 rev 0x20: RTL8139C+ (0x7480), irq 5, address xx:xx:xx:xx:xx:xx
rlphy0 at re0 phy 0: RTL internal PHY
re1 at pci0 dev 17 function 0 Realtek 8139 rev 0x20: RTL8139C+ (0x7480), irq 12, address xx:xx:xx:xx:xx:xx
rlphy1 at re1 phy 0: RTL internal PHY
re2 at pci0 dev 18 function 0 Realtek 8139 rev 0x20: RTL8139C+ (0x7480), irq 10, address xx:xx:xx:xx:xx:xx
rlphy2 at re2 phy 0: RTL internal PHY
re3 at pci0 dev 19 function 0 Realtek 8139 rev 0x20: RTL8139C+ (0x7480), irq 11, address xx:xx:xx:xx:xx:xx
rlphy3 at re3 phy 0: RTL internal PHY
isa0 at pcib0
isadma0 at isa0
pckbc0 at isa0 port 0x60/5
pckbd0 at pckbc0 (kbd slot)
pckbc0: using irq 1 for kbd slot
wskbd0 at pckbd0: console keyboard, using wsdisplay0
pcppi0 at isa0 port 0x61
lpt0 at isa0 port 0x378/4 irq 7
npx0 at isa0 port 0xf0/16: reported by CPUID; using exception 16
pccom0 at isa0 port 0x3f8/8 irq 4: ns16550a, 16 byte fifo
pccom0: console
pccom1 at isa0 port 0x2f8/8 irq 3: ns16550a, 16 byte fifo
fdc0 at isa0 port 0x3f0/6 irq 6 drq 2
biomask e745 netmask ff65 ttymask ffe7
pctr: user-level cycle counter enabled
rd0: fixed, 32768 blocks
dkcsum: wd0 matches BIOS drive 0x80
root on rd0a
</pre>



</div><!-- content -->
<br />
<div id="footer">
All comments/news/posts are the property of their individual owner and
is presented without warranty of suitability, and solely as an
informational resource. <br />
This site Copyright &copy; 2004-2020 NYC*BUG.
</div><!-- footer -->

</body>
</html>

