



<!doctype html>
<html lang="en">
<head>
<meta name="keywords"
	content="bsd, freebsd, openbsd, netbsd, dragonflybsd, nycbug, dmesgd" />
<meta name="description" content="New York City BSD User Group dmesgd" />
<meta charset="utf-8" />
<meta name="viewport" content="width=device-width, initial-scale=1" />
<title>NYC*BUG dmesgd</title>
<style>
body {
	text-align: left;
	margin: 15px auto;
	padding: 0px 10px;
}
@media (min-width: 800px) {
	body {
		max-width: 85%;
	}
}
#header {
	border-bottom: 1px solid #dbdbdb;
	font-size: 230%;
	text-align: left;
}
#footer {
	border-top: 1px solid #dbdbdb;
	clear: both;
	text-align: left;
}
.logo_bug {
	color: #cc0033;
}
#menu ul {
	list-style-type: none;
	margin: 0;
	padding: 0;
}
#menu li {
	float: left;
}
#menu li a {
	display: block;
	background-color: #dbdbdb;
	color: #000000;
	font-size: 105%;
	font-weight: bold;
	padding: 0px 6px 0px 6px;
	text-decoration: none;
}
#content {
	clear: both;
	text-align: left;
	padding-top: 10px;
}
#content h1 {
	font-size: 120%;
	font-weight: bold;
}
#content h2 {
	font-size: 110%;
	font-weight: bold;
}
#content a {
	text-decoration: none;
}
#content pre {
	background-color: #dbdbdb;
	padding: 5px 5px 5px 5px;
	white-space: pre-wrap;		/* css-3 */
	white-space: -moz-pre-wrap;	/* Mozilla, since 1999 */
	white-space: -pre-wrap;		/* Opera 4-6 */
	white-space: -o-pre-wrap;	/* Opera 7 */
	word-wrap: break-word;		/* Internet Explorer 5.5+ */
}
#content table {
	border-collapse: collapse;
}
#content table th {
	border: 1px solid #dbdbdb;
	font-size: 85%;
	white-space: nowrap;
}
#content table td {
	border: 1px solid #dbdbdb;
	font-size: 80%;
}
#content input {
	font-size: 1em;
}
#content .full	{ width: 100%; }
#content .left	{ text-align: left; }
#content .right	{ text-align: right; }
#content .center { text-align: center; }
#content .flexbox {
	display: -ms-flex;
	display: -webkit-flex;
	display: flex;
	width: 100%;
}
#content .left_col {
	min-width: 75px;
	max-width: 50%;
	flex-grow: 0;
}
#content .right_col {
	flex-grow: 1;
	margin-left: 10px;
	padding-top: 10px;
	padding-left: 10px;
}
#col {
	-moz-column-count: 3;
	-webkit-column-count: 3;
	column-count: 3;
}
</style>
</head>
<body>

<div id="header">
<strong><em>NYC*</em><span class="logo_bug">BUG</span> dmesgd</strong>
</div><!-- header -->

<div id="menu">
<ul>
<li><a href="https://dmesgd.nycbug.org/index.cgi?do=index">Home</a></li>
<li><a href="https://dmesgd.nycbug.org/index.cgi?do=submit">Submit</a></li>
<li><a href="https://www.nycbug.org/">NYC*BUG</a></li>
</ul>
</div><!-- menu -->

<div id="content">

<p>
Launched in 2004, dmesgd aims to provide a
<strong>user-submitted</strong> repository of searchable *BSD dmesgs.
The dmesg(8) command displays the system message buffer's content, and
during boot a copy is saved to <em>/var/run/dmesg.boot</em>.  This buffer
contains the operating system release, name and version, a list of
devices identified, plus a whole host of other useful information.  We
hope others find this resource useful and further contribute to its
growth. Contact us at [ admin at lists dot nycbug dot org ].
</p>

<hr />


<strong>Date:</strong> <em>2007-10-03 12:06:38</em><br />
<strong>From:</strong> <em>Brian</em><br />
<strong>Description:</strong> <em>AxiomTek NA-820</em><br />

<pre>
OpenBSD 4.1-stable (OPENBSD40_CFRDMD_MP_NSA1085_NA820) #17: Wed Oct  3 07:41:21 EDT 2007
    xxx@xxx.xxx:/usr/src/sys/arch/i386/compile/OPENBSD40_CFRDMD_MP_NSA1085_NA820
cpu0: Intel(R) Celeron(R) CPU 2.80GHz (GenuineIntel 686-class) 2.81 GHz
cpu0: FPU,V86,DE,PSE,TSC,MSR,PAE,MCE,CX8,APIC,SEP,MTRR,PGE,MCA,CMOV,PAT,PSE36,CFLUSH,DS,ACPI,MMX,FXSR,SSE,SSE2,SS,HTT,TM,SBF,SSE3,M
WAIT,DS-CPL,TM2,CNXT-ID,CX16,xTPR
real mem  = 535326720 (522780K)
avail mem = 468582400 (457600K)
using 4278 buffers containing 26890240 bytes (26260K) of memory
mainbus0 (root)
bios0 at mainbus0: AT/286+ BIOS, date 01/04/07, BIOS32 rev. 0 @ 0xfac90
apm0 at bios0: Power Management spec V1.2
apm0: flags 70102 dobusy 1 doidle 1
pcibios0 at bios0: rev 3.0 @ 0xf0000/0xde24
pcibios0: PCI IRQ Routing Table rev 1.0 @ 0xfdcb0/352 (20 entries)
pcibios0: PCI Exclusive IRQs: 5 7 9 10 11
pcibios0: PCI Interrupt Router at 000:31:0 (Intel 82801GH LPC rev 0x00)
pcibios0: PCI bus #8 is the last bus
bios0: ROM list: 0xc0000/0xae00! 0xcc000/0x8000!
acpi at mainbus0 not configured
mainbus0: Intel MP Specification (Version 1.4)
cpu0 at mainbus0: apid 0 (boot processor)
cpu0: apic clock running at 133 MHz
mainbus0: bus 0 is type PCI   
mainbus0: bus 1 is type PCI   
mainbus0: bus 2 is type PCI   
mainbus0: bus 3 is type PCI   
mainbus0: bus 4 is type PCI   
mainbus0: bus 5 is type PCI   
mainbus0: bus 6 is type PCI   
mainbus0: bus 7 is type PCI   
mainbus0: bus 8 is type PCI   
mainbus0: bus 9 is type ISA   
ioapic0 at mainbus0: apid 4 pa 0xfec00000, version 20, 24 pins
pci0 at mainbus0 bus 0: configuration mode 1 (no bios)
pchb0 at pci0 dev 0 function 0 Intel 82945GP rev 0x02
ppb0 at pci0 dev 1 function 0 Intel 82945GP PCIE rev 0x02
pci1 at ppb0 bus 1
em0 at pci1 dev 0 function 0 Intel PRO/1000MT (82573L) rev 0x00: apic 4 int 16 (irq 10), address xx:xx:xx:xx:xx:xx
vga1 at pci0 dev 2 function 0 Intel 82945G Video rev 0x02
wsdisplay0 at vga1 mux 1: console (80x25, vt100 emulation)
ppb1 at pci0 dev 28 function 0 Intel 82801GB PCIE rev 0x01
pci2 at ppb1 bus 2
em1 at pci2 dev 0 function 0 Intel PRO/1000MT (82573L) rev 0x00: apic 4 int 16 (irq 10), address xx:xx:xx:xx:xx:xx
ppb2 at pci0 dev 28 function 1 Intel 82801GB PCIE rev 0x01
pci3 at ppb2 bus 3
em2 at pci3 dev 0 function 0 Intel PRO/1000MT (82573L) rev 0x00: apic 4 int 17 (irq 7), address xx:xx:xx:xx:xx:xx
ppb3 at pci0 dev 28 function 2 Intel 82801GB PCIE rev 0x01
pci4 at ppb3 bus 4
em3 at pci4 dev 0 function 0 Intel PRO/1000MT (82573L) rev 0x00: apic 4 int 18 (irq 5), address xx:xx:xx:xx:xx:xx
ppb4 at pci0 dev 28 function 3 Intel 82801GB PCIE rev 0x01
pci5 at ppb4 bus 5
em4 at pci5 dev 0 function 0 Intel PRO/1000MT (82573L) rev 0x00: apic 4 int 19 (irq 11), address xx:xx:xx:xx:xx:xx
ppb5 at pci0 dev 28 function 4 Intel 82801G PCIE rev 0x01
pci6 at ppb5 bus 6
em5 at pci6 dev 0 function 0 Intel PRO/1000MT (82573L) rev 0x00: apic 4 int 16 (irq 10), address xx:xx:xx:xx:xx:xx
ppb6 at pci0 dev 28 function 5 Intel 82801G PCIE rev 0x01
pci7 at ppb6 bus 7
em6 at pci7 dev 0 function 0 Intel PRO/1000MT (82573L) rev 0x00: apic 4 int 17 (irq 7), address xx:xx:xx:xx:xx:xx
uhci0 at pci0 dev 29 function 0 Intel 82801GB USB rev 0x01: apic 4 int 23 (irq 11)
usb0 at uhci0: USB revision 1.0
uhub0 at usb0
uhub0: Intel UHCI root hub, rev 1.00/1.00, addr 1
uhub0: 2 ports with 2 removable, self powered
uhci1 at pci0 dev 29 function 1 Intel 82801GB USB rev 0x01: apic 4 int 19 (irq 11)
usb1 at uhci1: USB revision 1.0
uhub1 at usb1
uhub1: Intel UHCI root hub, rev 1.00/1.00, addr 1
uhub1: 2 ports with 2 removable, self powered
uhci2 at pci0 dev 29 function 2 Intel 82801GB USB rev 0x01: apic 4 int 18 (irq 5)
usb2 at uhci2: USB revision 1.0
uhub2 at usb2
uhub2: Intel UHCI root hub, rev 1.00/1.00, addr 1
uhub2: 2 ports with 2 removable, self powered
uhci3 at pci0 dev 29 function 3 Intel 82801GB USB rev 0x01: apic 4 int 16 (irq 10)
usb3 at uhci3: USB revision 1.0
uhub3 at usb3
uhub3: Intel UHCI root hub, rev 1.00/1.00, addr 1
uhub3: 2 ports with 2 removable, self powered
ehci0 at pci0 dev 29 function 7 Intel 82801GB USB rev 0x01: apic 4 int 23 (irq 11)
usb4 at ehci0: USB revision 2.0
uhub4 at usb4
uhub4: Intel EHCI root hub, rev 2.00/1.00, addr 1
uhub4: 8 ports with 8 removable, self powered
ppb7 at pci0 dev 30 function 0 Intel 82801BA AGP rev 0xe1
pci8 at ppb7 bus 8
hifn0 at pci8 dev 11 function 0 Hifn 7955/7954 rev 0x00: LZS 3DES ARC4 MD5 SHA1 RNG AES PK, 32KB dram, apic 4 int 20 (irq 9)
ichpcib0 at pci0 dev 31 function 0 Intel 82801GB LPC rev 0x01: PM disabled
pciide0 at pci0 dev 31 function 1 Intel 82801GB IDE rev 0x01: DMA, channel 0 configured to compatibility, channel 1 configured to
 compatibility
wd0 at pciide0 channel 0 drive 0: &lt;TRANSCEND&gt;
wd0: 1-sector PIO, LBA, 1946MB, 3985632 sectors
wd0(pciide0:0:0): using PIO mode 4
pciide0: channel 1 ignored (disabled)
pciide1 at pci0 dev 31 function 2 Intel 82801GR SATA rev 0x01: DMA, channel 0 wired to native-PCI, channel 1 wired to native-PCI
pciide1: using apic 4 int 19 (irq 11) for native-PCI interrupt
ichiic0 at pci0 dev 31 function 3 Intel 82801GB SMBus rev 0x01: apic 4 int 19 (irq 11)
iic0 at ichiic0
isa0 at ichpcib0
isadma0 at isa0
pckbc0 at isa0 port 0x60/5
pckbd0 at pckbc0 (kbd slot)
pckbc0: using irq 1 for kbd slot
wskbd0 at pckbd0: console keyboard, using wsdisplay0
npx0 at isa0 port 0xf0/16: reported by CPUID; using exception 16
pccom0 at isa0 port 0x3f8/8 irq 4: ns16550a, 16 byte fifo
pccom1 at isa0 port 0x2f8/8 irq 3: ns16550a, 16 byte fifo
rd0: fixed, 32768 blocks
dkcsum: wd0 matches BIOS drive 0x80
root on rd0a
rootdev=0x1100 rrootdev=0x2f00 rawdev=0x2f02
</pre>



</div><!-- content -->
<br />
<div id="footer">
All comments/news/posts are the property of their individual owner and
is presented without warranty of suitability, and solely as an
informational resource. <br />
This site Copyright &copy; 2004-2020 NYC*BUG.
</div><!-- footer -->

</body>
</html>

