



<!doctype html>
<html lang="en">
<head>
<meta name="keywords"
	content="bsd, freebsd, openbsd, netbsd, dragonflybsd, nycbug, dmesgd" />
<meta name="description" content="New York City BSD User Group dmesgd" />
<meta charset="utf-8" />
<meta name="viewport" content="width=device-width, initial-scale=1" />
<title>NYC*BUG dmesgd</title>
<style>
body {
	text-align: left;
	margin: 15px auto;
	padding: 0px 10px;
}
@media (min-width: 800px) {
	body {
		max-width: 85%;
	}
}
#header {
	border-bottom: 1px solid #dbdbdb;
	font-size: 230%;
	text-align: left;
}
#footer {
	border-top: 1px solid #dbdbdb;
	clear: both;
	text-align: left;
}
.logo_bug {
	color: #cc0033;
}
#menu ul {
	list-style-type: none;
	margin: 0;
	padding: 0;
}
#menu li {
	float: left;
}
#menu li a {
	display: block;
	background-color: #dbdbdb;
	color: #000000;
	font-size: 105%;
	font-weight: bold;
	padding: 0px 6px 0px 6px;
	text-decoration: none;
}
#content {
	clear: both;
	text-align: left;
	padding-top: 10px;
}
#content h1 {
	font-size: 120%;
	font-weight: bold;
}
#content h2 {
	font-size: 110%;
	font-weight: bold;
}
#content a {
	text-decoration: none;
}
#content pre {
	background-color: #dbdbdb;
	padding: 5px 5px 5px 5px;
	white-space: pre-wrap;		/* css-3 */
	white-space: -moz-pre-wrap;	/* Mozilla, since 1999 */
	white-space: -pre-wrap;		/* Opera 4-6 */
	white-space: -o-pre-wrap;	/* Opera 7 */
	word-wrap: break-word;		/* Internet Explorer 5.5+ */
}
#content table {
	border-collapse: collapse;
}
#content table th {
	border: 1px solid #dbdbdb;
	font-size: 85%;
	white-space: nowrap;
}
#content table td {
	border: 1px solid #dbdbdb;
	font-size: 80%;
}
#content input {
	font-size: 1em;
}
#content .full	{ width: 100%; }
#content .left	{ text-align: left; }
#content .right	{ text-align: right; }
#content .center { text-align: center; }
#content .flexbox {
	display: -ms-flex;
	display: -webkit-flex;
	display: flex;
	width: 100%;
}
#content .left_col {
	min-width: 75px;
	max-width: 50%;
	flex-grow: 0;
}
#content .right_col {
	flex-grow: 1;
	margin-left: 10px;
	padding-top: 10px;
	padding-left: 10px;
}
#col {
	-moz-column-count: 3;
	-webkit-column-count: 3;
	column-count: 3;
}
</style>
</head>
<body>

<div id="header">
<strong><em>NYC*</em><span class="logo_bug">BUG</span> dmesgd</strong>
</div><!-- header -->

<div id="menu">
<ul>
<li><a href="https://dmesgd.nycbug.org/index.cgi?do=index">Home</a></li>
<li><a href="https://dmesgd.nycbug.org/index.cgi?do=submit">Submit</a></li>
<li><a href="https://www.nycbug.org/">NYC*BUG</a></li>
</ul>
</div><!-- menu -->

<div id="content">

<p>
Launched in 2004, dmesgd aims to provide a
<strong>user-submitted</strong> repository of searchable *BSD dmesgs.
The dmesg(8) command displays the system message buffer's content, and
during boot a copy is saved to <em>/var/run/dmesg.boot</em>.  This buffer
contains the operating system release, name and version, a list of
devices identified, plus a whole host of other useful information.  We
hope others find this resource useful and further contribute to its
growth. Contact us at [ admin at lists dot nycbug dot org ].
</p>

<hr />


<strong>Date:</strong> <em>2008-02-16 19:17:19</em><br />
<strong>From:</strong> <em>Gael Queri</em><br />
<strong>Description:</strong> <em>Tadpole Sparcbook 3</em><br />

<pre>
OpenBSD 4.2 (GENERIC) #851: Tue Aug 28 12:27:19 MDT 2007
    xxx@xxx.xxx:/usr/src/sys/arch/sparc/compile/GENERIC
real mem = 66727936 (63MB)
avail mem = 59674624 (56MB)
mainbus0 at root: Tadpole_S3
cpu0 at mainbus0: TMS390S10 @ 50 MHz, on-chip FPU
cpu0: physical 4K instruction (32 b/l), 2K data (16 b/l) cache enabled
obio0 at mainbus0
clock0 at obio0 addr 0x71200000: mk48t08 (eeprom)
timer0 at obio0 addr 0x71d00000 delay constant 23
zs0 at obio0 addr 0x71100000 pri 12, softpri 6
zstty0 at zs0 channel 0
zstty1 at zs0 channel 1
zs1 at obio0 addr 0x71000000 pri 12, softpri 6
zskbd0 at zs1 channel 0: keyboard, type 5, layout 0x21
wskbd0 at zskbd0: console keyboard
zstty2 at zs1 channel 1: mouse
slavioconfig at obio0 addr 0x71800000 not configured
auxreg0 at obio0 addr 0x71900000
auxreg1 at obio0 addr 0x71910000
tctrl0 at obio0 addr 0x42000020 pri 11
tctrl0: main power available, internal battery attached
tctrl0: internal battery charging
clk-ctrl at obio0 addr 0x713c0000 not configured
btcham0 at obio0 addr 0x71380000: id 0x3a, revision 0x3a
com0 at obio0 addr 0x713a0000 pri 13: ns16550a, 16 byte fifo
iommu0 at mainbus0 addr 0x10000000: version 0x1/0x4, page-size 4096, range 64MB
sbus0 at iommu0: clock = 25 MHz
pninek0 at sbus0 slot 0 offset 0x100000 pri 2: rev 0, 640x480
wsdisplay0 at pninek0: console (std, sun emulation), using wskbd0
dma0 at sbus0 slot 4 offset 0x8400000: rev 2
esp0 at dma0 offset 0x8800000 pri 4: ESP200, 40MHz, SCSI ID 7
scsibus0 at esp0: 8 targets
sd0 at scsibus0 targ 3 lun 0: &lt;TOSHIBA, MK2428FB, C08B&gt; SCSI2 0/direct fixed
sd0: 500MB, 4002 cyl, 8 head, 32 sec, 512 bytes/sec, 1024512 sec total
bpp0 at sbus0 slot 4 offset 0xc800000: DMA2
ledma0 at sbus0 slot 4 offset 0x8400010: rev 2
le0 at ledma0 offset 0x8c00000 pri 6: address xx:xx:xx:xx:xx:xx
le0: 16 receive buffers, 4 transmit buffers
tslot0 at sbus0 slot 1 offset 0x2000000 pri 11: 2 slots
pcmcia0 at tslot0 socket 0
pcmcia1 at tslot0 socket 1
SUNW,DBRIs3 at sbus0 class ISDN slot 2 offset 0x40 not configured
bootpath: /iommu@0,10000000/sbus@0,10001000/espdma@4,8400000/esp@4,8800000/sd@3,0
root on sd0a swap on sd0b dump on sd0b
</pre>



</div><!-- content -->
<br />
<div id="footer">
All comments/news/posts are the property of their individual owner and
is presented without warranty of suitability, and solely as an
informational resource. <br />
This site Copyright &copy; 2004-2020 NYC*BUG.
</div><!-- footer -->

</body>
</html>

