



<!doctype html>
<html lang="en">
<head>
<meta name="keywords"
	content="bsd, freebsd, openbsd, netbsd, dragonflybsd, nycbug, dmesgd" />
<meta name="description" content="New York City BSD User Group dmesgd" />
<meta charset="utf-8" />
<meta name="viewport" content="width=device-width, initial-scale=1" />
<title>NYC*BUG dmesgd</title>
<style>
body {
	text-align: left;
	margin: 15px auto;
	padding: 0px 10px;
}
@media (min-width: 800px) {
	body {
		max-width: 85%;
	}
}
#header {
	border-bottom: 1px solid #dbdbdb;
	font-size: 230%;
	text-align: left;
}
#footer {
	border-top: 1px solid #dbdbdb;
	clear: both;
	text-align: left;
}
.logo_bug {
	color: #cc0033;
}
#menu ul {
	list-style-type: none;
	margin: 0;
	padding: 0;
}
#menu li {
	float: left;
}
#menu li a {
	display: block;
	background-color: #dbdbdb;
	color: #000000;
	font-size: 105%;
	font-weight: bold;
	padding: 0px 6px 0px 6px;
	text-decoration: none;
}
#content {
	clear: both;
	text-align: left;
	padding-top: 10px;
}
#content h1 {
	font-size: 120%;
	font-weight: bold;
}
#content h2 {
	font-size: 110%;
	font-weight: bold;
}
#content a {
	text-decoration: none;
}
#content pre {
	background-color: #dbdbdb;
	padding: 5px 5px 5px 5px;
	white-space: pre-wrap;		/* css-3 */
	white-space: -moz-pre-wrap;	/* Mozilla, since 1999 */
	white-space: -pre-wrap;		/* Opera 4-6 */
	white-space: -o-pre-wrap;	/* Opera 7 */
	word-wrap: break-word;		/* Internet Explorer 5.5+ */
}
#content table {
	border-collapse: collapse;
}
#content table th {
	border: 1px solid #dbdbdb;
	font-size: 85%;
	white-space: nowrap;
}
#content table td {
	border: 1px solid #dbdbdb;
	font-size: 80%;
}
#content input {
	font-size: 1em;
}
#content .full	{ width: 100%; }
#content .left	{ text-align: left; }
#content .right	{ text-align: right; }
#content .center { text-align: center; }
#content .flexbox {
	display: -ms-flex;
	display: -webkit-flex;
	display: flex;
	width: 100%;
}
#content .left_col {
	min-width: 75px;
	max-width: 50%;
	flex-grow: 0;
}
#content .right_col {
	flex-grow: 1;
	margin-left: 10px;
	padding-top: 10px;
	padding-left: 10px;
}
#col {
	-moz-column-count: 3;
	-webkit-column-count: 3;
	column-count: 3;
}
</style>
</head>
<body>

<div id="header">
<strong><em>NYC*</em><span class="logo_bug">BUG</span> dmesgd</strong>
</div><!-- header -->

<div id="menu">
<ul>
<li><a href="https://dmesgd.nycbug.org/index.cgi?do=index">Home</a></li>
<li><a href="https://dmesgd.nycbug.org/index.cgi?do=submit">Submit</a></li>
<li><a href="https://www.nycbug.org/">NYC*BUG</a></li>
</ul>
</div><!-- menu -->

<div id="content">

<p>
Launched in 2004, dmesgd aims to provide a
<strong>user-submitted</strong> repository of searchable *BSD dmesgs.
The dmesg(8) command displays the system message buffer's content, and
during boot a copy is saved to <em>/var/run/dmesg.boot</em>.  This buffer
contains the operating system release, name and version, a list of
devices identified, plus a whole host of other useful information.  We
hope others find this resource useful and further contribute to its
growth. Contact us at [ admin at lists dot nycbug dot org ].
</p>

<hr />


<strong>Date:</strong> <em>2008-05-17 13:14:21</em><br />
<strong>From:</strong> <em>tphilipp</em><br />
<strong>Description:</strong> <em>LG E500 SP13G</em><br />

<pre>
OpenBSD 4.2 (GENERIC) #1179: Tue Aug 28 10:37:50 MDT 2007
    xxx@xxx.xxx:/usr/src/sys/arch/amd64/compile/GENERIC
real mem = 1073016832 (1023MB)
avail mem = 1030672384 (982MB)
mainbus0 at root
bios0 at mainbus0: SMBIOS rev. 2.4 @ 0xfa530 (25 entries)
bios0: vendor American Megatrends Inc. version A1636IL1 V1.0E date 04/25/2007
bios0: LG Electronics E500-SP13G
acpi at mainbus0 not configured
cpu0 at mainbus0: (uniprocessor)
cpu0: Intel(R) Core(TM)2 Duo CPU T7100 @ 1.80GHz, 1795.79 MHz
cpu0: FPU,VME,DE,PSE,TSC,MSR,PAE,MCE,CX8,APIC,SEP,MTRR,PGE,MCA,CMOV,PAT,PSE36,CFLUSH,DS,ACPI,MMX,FXSR,SSE,SSE2,SS,HTT,TM,SBF,SSE3,MWAIT,DS-CPL,VMX,EST,TM2,CX16,xTPR,NXE,LONG
cpu0: 2MB 64b/line 8-way L2 cache
cpu0: unknown Enhanced SpeedStep CPU, msr 0x0612092506000925
cpu0: using only highest and lowest power states
cpu0: Enhanced SpeedStep 1800 MHz (1292 mV): speeds: 1800, 1200 MHz
pci0 at mainbus0 bus 0: configuration mode 1
pchb0 at pci0 dev 0 function 0 Intel 82965GM MCH rev 0x03
ppb0 at pci0 dev 1 function 0 vendor Intel, unknown product 0x2a01 rev 0x03
pci1 at ppb0 bus 1
vga1 at pci1 dev 0 function 0 vendor NVIDIA, unknown product 0x0428 rev 0xa1
wsdisplay0 at vga1 mux 1: console (80x25, vt100 emulation)
wsdisplay0: screen 1-5 added (80x25, vt100 emulation)
uhci0 at pci0 dev 26 function 0 Intel 82801H USB rev 0x03: irq 10
uhci1 at pci0 dev 26 function 1 Intel 82801H USB rev 0x03: irq 5
ehci0 at pci0 dev 26 function 7 Intel 82801H USB rev 0x03: irq 3
usb0 at ehci0: USB revision 2.0
uhub0 at usb0: Intel EHCI root hub, rev 2.00/1.00, addr 1
azalia0 at pci0 dev 27 function 0 Intel 82801H HD Audio rev 0x03: irq 5
azalia0: host: High Definition Audio rev. 1.0
azalia0: codec: Realtek ALC883 (rev. 0.2), HDA version 1.0
azalia0: codec: AT&amp;amp;T/Lucent/0x1040 (rev. 2.0), HDA version 1.0
azalia0: codec[1]: No support for modem function groups
azalia0: codec[1]: No audio function groups
audio0 at azalia0
ppb1 at pci0 dev 28 function 0 Intel 82801H PCIE rev 0x03
pci2 at ppb1 bus 2
ppb2 at pci0 dev 28 function 3 Intel 82801H PCIE rev 0x03
pci3 at ppb2 bus 3
ath0 at pci3 dev 0 function 0 Atheros AR5424 rev 0x01: irq 11
ath0: AR5424 14.2 phy 7.0 rf 0.0, WOR0W, address xx:xx:xx:xx:xx:xx
ppb3 at pci0 dev 28 function 4 Intel 82801H PCIE rev 0x03
pci4 at ppb3 bus 4
re0 at pci4 dev 0 function 0 Realtek 8101E rev 0x01: RTL8101E (0x3400), irq 10, address xx:xx:xx:xx:xx:xx
rlphy0 at re0 phy 7: RTL8201L 10/100 PHY, rev. 1
uhci2 at pci0 dev 29 function 0 Intel 82801H USB rev 0x03: irq 7
uhci3 at pci0 dev 29 function 1 Intel 82801H USB rev 0x03: irq 11
uhci4 at pci0 dev 29 function 2 Intel 82801H USB rev 0x03: irq 3
ehci1 at pci0 dev 29 function 7 Intel 82801H USB rev 0x03: irq 7
usb1 at ehci1: USB revision 2.0
uhub1 at usb1: Intel EHCI root hub, rev 2.00/1.00, addr 1
ppb4 at pci0 dev 30 function 0 Intel 82801BAM Hub-to-PCI rev 0xf3
pci5 at ppb4 bus 5
cbb0 at pci5 dev 4 function 0 vendor O2 Micro, unknown product 0x7136 rev 0x01: irq 4
sdhc0 at pci5 dev 4 function 2 O2 Micro OZ711MP1 SDHC rev 0x02: irq 4
sdmmc0 at sdhc0
O2 Micro OZ711MP1 XDHC rev 0x01 at pci5 dev 4 function 3 not configured
vendor O2 Micro, unknown product 0x00f7 (class serial bus subclass Firewire, rev 0x02) at pci5 dev 4 function 4 not configured
cardslot0 at cbb0 slot 0 flags 0
cardbus0 at cardslot0: bus 6 device 0 cacheline 0x0, lattimer 0x40
pcmcia0 at cardslot0
pcib0 at pci0 dev 31 function 0 Intel 82801HBM LPC rev 0x03
pciide0 at pci0 dev 31 function 2 vendor Intel, unknown product 0x2828 rev 0x03: DMA (unsupported), channel 0 wired to compatibility, channel 1 wired to compatibility
wd0 at pciide0 channel 0 drive 0: &lt;FUJITSU MHW2120BH&gt;
wd0: 16-sector PIO, LBA48, 114473MB, 234441648 sectors
atapiscsi0 at pciide0 channel 1 drive 1
scsibus0 at atapiscsi0: 2 targets
cd0 at scsibus0 targ 0 lun 0: &lt;HL-DT-ST, DVDRAM GSA-T20N, WA03&gt; SCSI0 5/cdrom removable
usb2 at uhci0: USB revision 1.0
uhub2 at usb2: Intel UHCI root hub, rev 1.00/1.00, addr 1
usb3 at uhci1: USB revision 1.0
uhub3 at usb3: Intel UHCI root hub, rev 1.00/1.00, addr 1
usb4 at uhci2: USB revision 1.0
uhub4 at usb4: Intel UHCI root hub, rev 1.00/1.00, addr 1
usb5 at uhci3: USB revision 1.0
uhub5 at usb5: Intel UHCI root hub, rev 1.00/1.00, addr 1
usb6 at uhci4: USB revision 1.0
uhub6 at usb6: Intel UHCI root hub, rev 1.00/1.00, addr 1
isa0 at pcib0
isadma0 at isa0
pckbc0 at isa0 port 0x60/5
pckbd0 at pckbc0 (kbd slot)
pckbc0: using irq 1 for kbd slot
wskbd0 at pckbd0: console keyboard, using wsdisplay0
pmsi0 at pckbc0 (aux slot)
pckbc0: using irq 12 for aux slot
wsmouse0 at pmsi0 mux 0
pcppi0 at isa0 port 0x61
midi0 at pcppi0: &lt;PC speaker&gt;
spkr0 at pcppi0
umass0 at uhub1 port 2 configuration 1 interface 0
umass0: vendor 0x13fe USB DISK 2.0, rev 2.00/1.00, addr 2
umass0: using SCSI over Bulk-Only
scsibus1 at umass0: 2 targets
sd0 at scsibus1 targ 1 lun 0: &lt;, USB DISK 2.0, PMAP&gt; SCSI0 0/direct removable
sd0: 981MB, 125 cyl, 255 head, 63 sec, 512 bytes/sec, 2009088 sec total
dkcsum: wd0 matches BIOS drive 0x80
dkcsum: sd0 matches BIOS drive 0x81
root on wd0a swap on wd0b dump on wd0b
</pre>



</div><!-- content -->
<br />
<div id="footer">
All comments/news/posts are the property of their individual owner and
is presented without warranty of suitability, and solely as an
informational resource. <br />
This site Copyright &copy; 2004-2020 NYC*BUG.
</div><!-- footer -->

</body>
</html>

