



<!doctype html>
<html lang="en">
<head>
<meta name="keywords"
	content="bsd, freebsd, openbsd, netbsd, dragonflybsd, nycbug, dmesgd" />
<meta name="description" content="New York City BSD User Group dmesgd" />
<meta charset="utf-8" />
<meta name="viewport" content="width=device-width, initial-scale=1" />
<title>NYC*BUG dmesgd</title>
<style>
body {
	text-align: left;
	margin: 15px auto;
	padding: 0px 10px;
}
@media (min-width: 800px) {
	body {
		max-width: 85%;
	}
}
#header {
	border-bottom: 1px solid #dbdbdb;
	font-size: 230%;
	text-align: left;
}
#footer {
	border-top: 1px solid #dbdbdb;
	clear: both;
	text-align: left;
}
.logo_bug {
	color: #cc0033;
}
#menu ul {
	list-style-type: none;
	margin: 0;
	padding: 0;
}
#menu li {
	float: left;
}
#menu li a {
	display: block;
	background-color: #dbdbdb;
	color: #000000;
	font-size: 105%;
	font-weight: bold;
	padding: 0px 6px 0px 6px;
	text-decoration: none;
}
#content {
	clear: both;
	text-align: left;
	padding-top: 10px;
}
#content h1 {
	font-size: 120%;
	font-weight: bold;
}
#content h2 {
	font-size: 110%;
	font-weight: bold;
}
#content a {
	text-decoration: none;
}
#content pre {
	background-color: #dbdbdb;
	padding: 5px 5px 5px 5px;
	white-space: pre-wrap;		/* css-3 */
	white-space: -moz-pre-wrap;	/* Mozilla, since 1999 */
	white-space: -pre-wrap;		/* Opera 4-6 */
	white-space: -o-pre-wrap;	/* Opera 7 */
	word-wrap: break-word;		/* Internet Explorer 5.5+ */
}
#content table {
	border-collapse: collapse;
}
#content table th {
	border: 1px solid #dbdbdb;
	font-size: 85%;
	white-space: nowrap;
}
#content table td {
	border: 1px solid #dbdbdb;
	font-size: 80%;
}
#content input {
	font-size: 1em;
}
#content .full	{ width: 100%; }
#content .left	{ text-align: left; }
#content .right	{ text-align: right; }
#content .center { text-align: center; }
#content .flexbox {
	display: -ms-flex;
	display: -webkit-flex;
	display: flex;
	width: 100%;
}
#content .left_col {
	min-width: 75px;
	max-width: 50%;
	flex-grow: 0;
}
#content .right_col {
	flex-grow: 1;
	margin-left: 10px;
	padding-top: 10px;
	padding-left: 10px;
}
#col {
	-moz-column-count: 3;
	-webkit-column-count: 3;
	column-count: 3;
}
</style>
</head>
<body>

<div id="header">
<strong><em>NYC*</em><span class="logo_bug">BUG</span> dmesgd</strong>
</div><!-- header -->

<div id="menu">
<ul>
<li><a href="https://dmesgd.nycbug.org/index.cgi?do=index">Home</a></li>
<li><a href="https://dmesgd.nycbug.org/index.cgi?do=submit">Submit</a></li>
<li><a href="https://www.nycbug.org/">NYC*BUG</a></li>
</ul>
</div><!-- menu -->

<div id="content">

<p>
Launched in 2004, dmesgd aims to provide a
<strong>user-submitted</strong> repository of searchable *BSD dmesgs.
The dmesg(8) command displays the system message buffer's content, and
during boot a copy is saved to <em>/var/run/dmesg.boot</em>.  This buffer
contains the operating system release, name and version, a list of
devices identified, plus a whole host of other useful information.  We
hope others find this resource useful and further contribute to its
growth. Contact us at [ admin at lists dot nycbug dot org ].
</p>

<hr />


<strong>Date:</strong> <em>2008-05-29 13:46:08</em><br />
<strong>From:</strong> <em>dotike</em><br />
<strong>Description:</strong> <em>Asus EEEPC, (snapshot install- ethernet working, wireless not working)</em><br />

<pre>
OpenBSD 4.3-current (RAMDISK_CD) #731: Tue May 27 09:39:46 MDT 2008
    xxx@xxx.xxx:/usr/src/sys/arch/i386/compile/RAMDISK_CD
cpu0: Intel(R) Celeron(R) M processor 900MHz (GenuineIntel 686-class) 631 MHz
cpu0: FPU,V86,DE,PSE,TSC,MSR,PAE,MCE,CX8,APIC,SEP,MTRR,PGE,MCA,CMOV,PAT,CFLUSH,DS,ACPI,MMX,FXSR,SSE,SSE2,SS,TM,SBF
real mem  = 2138140672 (2039MB)
avail mem = 2061066240 (1965MB)
mainbus0 at root
bios0 at mainbus0: AT/286+ BIOS, date 10/17/07, BIOS32 rev. 0 @ 0xf0010, SMBIOS rev. 2.5 @ 0xf06c0 (37 entries)
bios0: vendor American Megatrends Inc. version 0401 date 10/17/2007
bios0: ASUSTeK Computer INC. 701
apm0 at bios0: Power Management spec V1.2
acpi at bios0 function 0x0 not configured
pcibios0 at bios0: rev 3.0 @ 0xf0000/0x10000
pcibios0: PCI IRQ Routing Table rev 1.0 @ 0xf76a0/176 (9 entries)
pcibios0: PCI Interrupt Router at 000:31:0 (Intel 82801FB LPC rev 0x00)
pcibios0: PCI bus #5 is the last bus
bios0: ROM list: 0xc0000/0xf800!
cpu0 at mainbus0
pci0 at mainbus0 bus 0: configuration mode 1 (no bios)
pchb0 at pci0 dev 0 function 0 Intel 82915GM Host rev 0x04
vga1 at pci0 dev 2 function 0 Intel 82915GM Video rev 0x04
wsdisplay0 at vga1 mux 1: console (80x25, vt100 emulation)
Intel 82915GM Video rev 0x04 at pci0 dev 2 function 1 not configured
Intel 82801FB HD Audio rev 0x04 at pci0 dev 27 function 0 not configured
ppb0 at pci0 dev 28 function 0 Intel 82801FB PCIE rev 0x04: irq 5
pci1 at ppb0 bus 4
ppb1 at pci0 dev 28 function 1 Intel 82801FB PCIE rev 0x04: irq 11
pci2 at ppb1 bus 3
lii0 at pci2 dev 0 function 0 Attansic Technology L2 rev 0xa0: irq 11, address xx:xx:xx:xx:xx:xx
ukphy0 at lii0 phy 1: Generic IEEE 802.3u media interface, rev. 2: OUI 0x001374, model 0x0002
ppb2 at pci0 dev 28 function 2 Intel 82801FB PCIE rev 0x04: irq 10
pci3 at ppb2 bus 1
uhci0 at pci0 dev 29 function 0 Intel 82801FB USB rev 0x04: irq 7
uhci1 at pci0 dev 29 function 1 Intel 82801FB USB rev 0x04: irq 3
uhci2 at pci0 dev 29 function 2 Intel 82801FB USB rev 0x04: irq 10
uhci3 at pci0 dev 29 function 3 Intel 82801FB USB rev 0x04: irq 5
ppb3 at pci0 dev 30 function 0 Intel 82801BAM Hub-to-PCI rev 0xd4
pci4 at ppb3 bus 5
ichpcib0 at pci0 dev 31 function 0 Intel 82801FBM LPC rev 0x04: PM disabled
pciide0 at pci0 dev 31 function 2 Intel 82801FBM SATA rev 0x04: DMA, channel 0 wired to compatibility, channel 1 wired to compatibility
wd0 at pciide0 channel 1 drive 0: &lt;SILICONMOTION SM223AC&gt;
wd0: 1-sector PIO, LBA, 3815MB, 7815024 sectors
wd0(pciide0:1:0): using PIO mode 4, Ultra-DMA mode 4
Intel 82801FB SMBus rev 0x04 at pci0 dev 31 function 3 not configured
usb0 at uhci0: USB revision 1.0
uhub0 at usb0 Intel UHCI root hub rev 1.00/1.00 addr 1
usb1 at uhci1: USB revision 1.0
uhub1 at usb1 Intel UHCI root hub rev 1.00/1.00 addr 1
usb2 at uhci2: USB revision 1.0
uhub2 at usb2 Intel UHCI root hub rev 1.00/1.00 addr 1
usb3 at uhci3: USB revision 1.0
uhub3 at usb3 Intel UHCI root hub rev 1.00/1.00 addr 1
isa0 at ichpcib0
isadma0 at isa0
pckbc0 at isa0 port 0x60/5
pckbd0 at pckbc0 (kbd slot)
pckbc0: using irq 1 for kbd slot
wskbd0 at pckbd0: console keyboard, using wsdisplay0
npx0 at isa0 port 0xf0/16: reported by CPUID; using exception 16
biomask f7fd netmask fffd ttymask ffff
rd0: fixed, 3800 blocks
umass0 at uhub1 port 1 configuration 1 interface 0 Sony DRX-S70U rev 2.00/2.40 addr 2
umass0: using SCSI over Bulk-Only
scsibus0 at umass0: 2 targets, initiator 0
cd0 at scsibus0 targ 1 lun 0: &lt;Optiarc, DVD RW AD-7540A, 1.D3&gt; SCSI0 5/cdrom removable
umass1 at uhub2 port 1 configuration 1 interface 0 ENE UB6225 rev 2.00/1.00 addr 2
umass1: using SCSI over Bulk-Only
scsibus1 at umass1: 2 targets, initiator 0
sd0 at scsibus1 targ 1 lun 0: &lt;USB2.0, CardReader SD0, 0100&gt; SCSI0 0/direct removable
sd0: drive offline
root on rd0a swap on rd0b dump on rd0b
syncing disks... 
OpenBSD 4.3-current (GENERIC) #878: Tue May 27 09:18:05 MDT 2008
    xxx@xxx.xxx:/usr/src/sys/arch/i386/compile/GENERIC
cpu0: Intel(R) Celeron(R) M processor 900MHz (GenuineIntel 686-class) 631 MHz
cpu0: FPU,V86,DE,PSE,TSC,MSR,PAE,MCE,CX8,APIC,SEP,MTRR,PGE,MCA,CMOV,PAT,CFLUSH,DS,ACPI,MMX,FXSR,SSE,SSE2,SS,TM,SBF
real mem  = 2138140672 (2039MB)
avail mem = 2059374592 (1963MB)
mainbus0 at root
bios0 at mainbus0: AT/286+ BIOS, date 10/17/07, BIOS32 rev. 0 @ 0xf0010, SMBIOS rev. 2.5 @ 0xf06c0 (37 entries)
bios0: vendor American Megatrends Inc. version 0401 date 10/17/2007
bios0: ASUSTeK Computer INC. 701
apm0 at bios0: Power Management spec V1.2
apm0: AC on, battery charge unknown
acpi at bios0 function 0x0 not configured
pcibios0 at bios0: rev 3.0 @ 0xf0000/0x10000
pcibios0: PCI IRQ Routing Table rev 1.0 @ 0xf76a0/176 (9 entries)
pcibios0: PCI Interrupt Router at 000:31:0 (Intel 82801FB LPC rev 0x00)
pcibios0: PCI bus #5 is the last bus
bios0: ROM list: 0xc0000/0xf800!
cpu0 at mainbus0
pci0 at mainbus0 bus 0: configuration mode 1 (no bios)
pchb0 at pci0 dev 0 function 0 Intel 82915GM Host rev 0x04
vga1 at pci0 dev 2 function 0 Intel 82915GM Video rev 0x04
wsdisplay0 at vga1 mux 1: console (80x25, vt100 emulation)
wsdisplay0: screen 1-5 added (80x25, vt100 emulation)
agp0 at vga1: aperture at 0xd0000000, size 0x10000000
Intel 82915GM Video rev 0x04 at pci0 dev 2 function 1 not configured
azalia0 at pci0 dev 27 function 0 Intel 82801FB HD Audio rev 0x04: irq 5
azalia0: codec[s]: Realtek/0x0662
audio0 at azalia0
ppb0 at pci0 dev 28 function 0 Intel 82801FB PCIE rev 0x04: irq 5
pci1 at ppb0 bus 4
ppb1 at pci0 dev 28 function 1 Intel 82801FB PCIE rev 0x04: irq 11
pci2 at ppb1 bus 3
lii0 at pci2 dev 0 function 0 Attansic Technology L2 rev 0xa0: irq 11, address xx:xx:xx:xx:xx:xx
ukphy0 at lii0 phy 1: Generic IEEE 802.3u media interface, rev. 2: OUI 0x001374, model 0x0002
ppb2 at pci0 dev 28 function 2 Intel 82801FB PCIE rev 0x04: irq 10
pci3 at ppb2 bus 1
uhci0 at pci0 dev 29 function 0 Intel 82801FB USB rev 0x04: irq 7
uhci1 at pci0 dev 29 function 1 Intel 82801FB USB rev 0x04: irq 3
uhci2 at pci0 dev 29 function 2 Intel 82801FB USB rev 0x04: irq 10
uhci3 at pci0 dev 29 function 3 Intel 82801FB USB rev 0x04: irq 5
ppb3 at pci0 dev 30 function 0 Intel 82801BAM Hub-to-PCI rev 0xd4
pci4 at ppb3 bus 5
ichpcib0 at pci0 dev 31 function 0 Intel 82801FBM LPC rev 0x04: PM disabled
pciide0 at pci0 dev 31 function 2 Intel 82801FBM SATA rev 0x04: DMA, channel 0 wired to compatibility, channel 1 wired to compatibility
wd0 at pciide0 channel 1 drive 0: &lt;SILICONMOTION SM223AC&gt;
wd0: 1-sector PIO, LBA, 3815MB, 7815024 sectors
wd0(pciide0:1:0): using PIO mode 4, Ultra-DMA mode 4
ichiic0 at pci0 dev 31 function 3 Intel 82801FB SMBus rev 0x04: irq 3
iic0 at ichiic0
spdmem0 at iic0 addr 0x50: 2GB DDR2 SDRAM non-parity PC2-5300CL5 SO-DIMM
usb0 at uhci0: USB revision 1.0
uhub0 at usb0 Intel UHCI root hub rev 1.00/1.00 addr 1
usb1 at uhci1: USB revision 1.0
uhub1 at usb1 Intel UHCI root hub rev 1.00/1.00 addr 1
usb2 at uhci2: USB revision 1.0
uhub2 at usb2 Intel UHCI root hub rev 1.00/1.00 addr 1
usb3 at uhci3: USB revision 1.0
uhub3 at usb3 Intel UHCI root hub rev 1.00/1.00 addr 1
isa0 at ichpcib0
isadma0 at isa0
pckbc0 at isa0 port 0x60/5
pckbd0 at pckbc0 (kbd slot)
pckbc0: using irq 1 for kbd slot
wskbd0 at pckbd0: console keyboard, using wsdisplay0
pms0 at pckbc0 (aux slot)
pckbc0: using irq 12 for aux slot
wsmouse0 at pms0 mux 0
pcppi0 at isa0 port 0x61
midi0 at pcppi0: &lt;PC speaker&gt;
spkr0 at pcppi0
npx0 at isa0 port 0xf0/16: reported by CPUID; using exception 16
biomask e7fd netmask effd ttymask ffff
mtrr: Pentium Pro MTRR support
umass0 at uhub2 port 1 configuration 1 interface 0 ENE UB6225 rev 2.00/1.00 addr 2
umass0: using SCSI over Bulk-Only
scsibus0 at umass0: 2 targets, initiator 0
sd0 at scsibus0 targ 1 lun 0: &lt;USB2.0, CardReader SD0, 0100&gt; SCSI0 0/direct removable
sd0: drive offline
softraid0 at root
root on wd0a swap on wd0b dump on wd0b
syncing disks... 
OpenBSD 4.3-current (GENERIC) #878: Tue May 27 09:18:05 MDT 2008
    xxx@xxx.xxx:/usr/src/sys/arch/i386/compile/GENERIC
cpu0: Intel(R) Celeron(R) M processor 900MHz (GenuineIntel 686-class) 631 MHz
cpu0: FPU,V86,DE,PSE,TSC,MSR,PAE,MCE,CX8,APIC,SEP,MTRR,PGE,MCA,CMOV,PAT,CFLUSH,DS,ACPI,MMX,FXSR,SSE,SSE2,SS,TM,SBF
real mem  = 2138140672 (2039MB)
avail mem = 2059374592 (1963MB)
mainbus0 at root
bios0 at mainbus0: AT/286+ BIOS, date 10/17/07, BIOS32 rev. 0 @ 0xf0010, SMBIOS rev. 2.5 @ 0xf06c0 (37 entries)
bios0: vendor American Megatrends Inc. version 0401 date 10/17/2007
bios0: ASUSTeK Computer INC. 701
apm0 at bios0: Power Management spec V1.2
apm0: AC on, battery charge unknown
acpi at bios0 function 0x0 not configured
pcibios0 at bios0: rev 3.0 @ 0xf0000/0x10000
pcibios0: PCI IRQ Routing Table rev 1.0 @ 0xf76a0/176 (9 entries)
pcibios0: PCI Interrupt Router at 000:31:0 (Intel 82801FB LPC rev 0x00)
pcibios0: PCI bus #5 is the last bus
bios0: ROM list: 0xc0000/0xf800!
cpu0 at mainbus0
pci0 at mainbus0 bus 0: configuration mode 1 (no bios)
pchb0 at pci0 dev 0 function 0 Intel 82915GM Host rev 0x04
vga1 at pci0 dev 2 function 0 Intel 82915GM Video rev 0x04
wsdisplay0 at vga1 mux 1: console (80x25, vt100 emulation)
wsdisplay0: screen 1-5 added (80x25, vt100 emulation)
agp0 at vga1: aperture at 0xd0000000, size 0x10000000
Intel 82915GM Video rev 0x04 at pci0 dev 2 function 1 not configured
azalia0 at pci0 dev 27 function 0 Intel 82801FB HD Audio rev 0x04: irq 5
azalia0: codec[s]: Realtek/0x0662
audio0 at azalia0
ppb0 at pci0 dev 28 function 0 Intel 82801FB PCIE rev 0x04: irq 5
pci1 at ppb0 bus 4
ppb1 at pci0 dev 28 function 1 Intel 82801FB PCIE rev 0x04: irq 11
pci2 at ppb1 bus 3
lii0 at pci2 dev 0 function 0 Attansic Technology L2 rev 0xa0: irq 11, address xx:xx:xx:xx:xx:xx
ukphy0 at lii0 phy 1: Generic IEEE 802.3u media interface, rev. 2: OUI 0x001374, model 0x0002
ppb2 at pci0 dev 28 function 2 Intel 82801FB PCIE rev 0x04: irq 10
pci3 at ppb2 bus 1
uhci0 at pci0 dev 29 function 0 Intel 82801FB USB rev 0x04: irq 7
uhci1 at pci0 dev 29 function 1 Intel 82801FB USB rev 0x04: irq 3
uhci2 at pci0 dev 29 function 2 Intel 82801FB USB rev 0x04: irq 10
uhci3 at pci0 dev 29 function 3 Intel 82801FB USB rev 0x04: irq 5
ppb3 at pci0 dev 30 function 0 Intel 82801BAM Hub-to-PCI rev 0xd4
pci4 at ppb3 bus 5
ichpcib0 at pci0 dev 31 function 0 Intel 82801FBM LPC rev 0x04: PM disabled
pciide0 at pci0 dev 31 function 2 Intel 82801FBM SATA rev 0x04: DMA, channel 0 wired to compatibility, channel 1 wired to compatibility
wd0 at pciide0 channel 1 drive 0: &lt;SILICONMOTION SM223AC&gt;
wd0: 1-sector PIO, LBA, 3815MB, 7815024 sectors
wd0(pciide0:1:0): using PIO mode 4, Ultra-DMA mode 4
ichiic0 at pci0 dev 31 function 3 Intel 82801FB SMBus rev 0x04: irq 3
iic0 at ichiic0
spdmem0 at iic0 addr 0x50: 2GB DDR2 SDRAM non-parity PC2-5300CL5 SO-DIMM
usb0 at uhci0: USB revision 1.0
uhub0 at usb0 Intel UHCI root hub rev 1.00/1.00 addr 1
usb1 at uhci1: USB revision 1.0
uhub1 at usb1 Intel UHCI root hub rev 1.00/1.00 addr 1
usb2 at uhci2: USB revision 1.0
uhub2 at usb2 Intel UHCI root hub rev 1.00/1.00 addr 1
usb3 at uhci3: USB revision 1.0
uhub3 at usb3 Intel UHCI root hub rev 1.00/1.00 addr 1
isa0 at ichpcib0
isadma0 at isa0
pckbc0 at isa0 port 0x60/5
pckbd0 at pckbc0 (kbd slot)
pckbc0: using irq 1 for kbd slot
wskbd0 at pckbd0: console keyboard, using wsdisplay0
pms0 at pckbc0 (aux slot)
pckbc0: using irq 12 for aux slot
wsmouse0 at pms0 mux 0
pcppi0 at isa0 port 0x61
midi0 at pcppi0: &lt;PC speaker&gt;
spkr0 at pcppi0
npx0 at isa0 port 0xf0/16: reported by CPUID; using exception 16
biomask e7fd netmask effd ttymask ffff
mtrr: Pentium Pro MTRR support
umass0 at uhub2 port 1 configuration 1 interface 0 ENE UB6225 rev 2.00/1.00 addr 2
umass0: using SCSI over Bulk-Only
scsibus0 at umass0: 2 targets, initiator 0
sd0 at scsibus0 targ 1 lun 0: &lt;USB2.0, CardReader SD0, 0100&gt; SCSI0 0/direct removable
sd0: drive offline
softraid0 at root
root on wd0a swap on wd0b dump on wd0b
syncing disks... 
OpenBSD 4.3-current (GENERIC) #878: Tue May 27 09:18:05 MDT 2008
    xxx@xxx.xxx:/usr/src/sys/arch/i386/compile/GENERIC
cpu0: Intel(R) Celeron(R) M processor 900MHz (GenuineIntel 686-class) 631 MHz
cpu0: FPU,V86,DE,PSE,TSC,MSR,PAE,MCE,CX8,APIC,SEP,MTRR,PGE,MCA,CMOV,PAT,CFLUSH,DS,ACPI,MMX,FXSR,SSE,SSE2,SS,TM,SBF
real mem  = 2138140672 (2039MB)
avail mem = 2059374592 (1963MB)
mainbus0 at root
bios0 at mainbus0: AT/286+ BIOS, date 10/17/07, BIOS32 rev. 0 @ 0xf0010, SMBIOS rev. 2.5 @ 0xf06c0 (37 entries)
bios0: vendor American Megatrends Inc. version 0401 date 10/17/2007
bios0: ASUSTeK Computer INC. 701
apm0 at bios0: Power Management spec V1.2
apm0: AC on, battery charge unknown
acpi at bios0 function 0x0 not configured
pcibios0 at bios0: rev 3.0 @ 0xf0000/0x10000
pcibios0: PCI IRQ Routing Table rev 1.0 @ 0xf76a0/176 (9 entries)
pcibios0: PCI Interrupt Router at 000:31:0 (Intel 82801FB LPC rev 0x00)
pcibios0: PCI bus #5 is the last bus
bios0: ROM list: 0xc0000/0xf800!
cpu0 at mainbus0
pci0 at mainbus0 bus 0: configuration mode 1 (no bios)
pchb0 at pci0 dev 0 function 0 Intel 82915GM Host rev 0x04
vga1 at pci0 dev 2 function 0 Intel 82915GM Video rev 0x04
wsdisplay0 at vga1 mux 1: console (80x25, vt100 emulation)
wsdisplay0: screen 1-5 added (80x25, vt100 emulation)
agp0 at vga1: aperture at 0xd0000000, size 0x10000000
Intel 82915GM Video rev 0x04 at pci0 dev 2 function 1 not configured
azalia0 at pci0 dev 27 function 0 Intel 82801FB HD Audio rev 0x04: irq 5
azalia0: codec[s]: Realtek/0x0662
audio0 at azalia0
ppb0 at pci0 dev 28 function 0 Intel 82801FB PCIE rev 0x04: irq 5
pci1 at ppb0 bus 4
ppb1 at pci0 dev 28 function 1 Intel 82801FB PCIE rev 0x04: irq 11
pci2 at ppb1 bus 3
lii0 at pci2 dev 0 function 0 Attansic Technology L2 rev 0xa0: irq 11, address xx:xx:xx:xx:xx:xx
ukphy0 at lii0 phy 1: Generic IEEE 802.3u media interface, rev. 2: OUI 0x001374, model 0x0002
ppb2 at pci0 dev 28 function 2 Intel 82801FB PCIE rev 0x04: irq 10
pci3 at ppb2 bus 1
uhci0 at pci0 dev 29 function 0 Intel 82801FB USB rev 0x04: irq 7
uhci1 at pci0 dev 29 function 1 Intel 82801FB USB rev 0x04: irq 3
uhci2 at pci0 dev 29 function 2 Intel 82801FB USB rev 0x04: irq 10
uhci3 at pci0 dev 29 function 3 Intel 82801FB USB rev 0x04: irq 5
ppb3 at pci0 dev 30 function 0 Intel 82801BAM Hub-to-PCI rev 0xd4
pci4 at ppb3 bus 5
ichpcib0 at pci0 dev 31 function 0 Intel 82801FBM LPC rev 0x04: PM disabled
pciide0 at pci0 dev 31 function 2 Intel 82801FBM SATA rev 0x04: DMA, channel 0 wired to compatibility, channel 1 wired to compatibility
wd0 at pciide0 channel 1 drive 0: &lt;SILICONMOTION SM223AC&gt;
wd0: 1-sector PIO, LBA, 3815MB, 7815024 sectors
wd0(pciide0:1:0): using PIO mode 4, Ultra-DMA mode 4
ichiic0 at pci0 dev 31 function 3 Intel 82801FB SMBus rev 0x04: irq 3
iic0 at ichiic0
spdmem0 at iic0 addr 0x50: 2GB DDR2 SDRAM non-parity PC2-5300CL5 SO-DIMM
usb0 at uhci0: USB revision 1.0
uhub0 at usb0 Intel UHCI root hub rev 1.00/1.00 addr 1
usb1 at uhci1: USB revision 1.0
uhub1 at usb1 Intel UHCI root hub rev 1.00/1.00 addr 1
usb2 at uhci2: USB revision 1.0
uhub2 at usb2 Intel UHCI root hub rev 1.00/1.00 addr 1
usb3 at uhci3: USB revision 1.0
uhub3 at usb3 Intel UHCI root hub rev 1.00/1.00 addr 1
isa0 at ichpcib0
isadma0 at isa0
pckbc0 at isa0 port 0x60/5
pckbd0 at pckbc0 (kbd slot)
pckbc0: using irq 1 for kbd slot
wskbd0 at pckbd0: console keyboard, using wsdisplay0
pms0 at pckbc0 (aux slot)
pckbc0: using irq 12 for aux slot
wsmouse0 at pms0 mux 0
pcppi0 at isa0 port 0x61
midi0 at pcppi0: &lt;PC speaker&gt;
spkr0 at pcppi0
npx0 at isa0 port 0xf0/16: reported by CPUID; using exception 16
biomask e7fd netmask effd ttymask ffff
mtrr: Pentium Pro MTRR support
umass0 at uhub2 port 1 configuration 1 interface 0 ENE UB6225 rev 2.00/1.00 addr 2
umass0: using SCSI over Bulk-Only
scsibus0 at umass0: 2 targets, initiator 0
sd0 at scsibus0 targ 1 lun 0: &lt;USB2.0, CardReader SD0, 0100&gt; SCSI0 0/direct removable
sd0: drive offline
softraid0 at root
root on wd0a swap on wd0b dump on wd0b
</pre>



</div><!-- content -->
<br />
<div id="footer">
All comments/news/posts are the property of their individual owner and
is presented without warranty of suitability, and solely as an
informational resource. <br />
This site Copyright &copy; 2004-2020 NYC*BUG.
</div><!-- footer -->

</body>
</html>

