



<!doctype html>
<html lang="en">
<head>
<meta name="keywords"
	content="bsd, freebsd, openbsd, netbsd, dragonflybsd, nycbug, dmesgd" />
<meta name="description" content="New York City BSD User Group dmesgd" />
<meta charset="utf-8" />
<meta name="viewport" content="width=device-width, initial-scale=1" />
<title>NYC*BUG dmesgd</title>
<style>
body {
	text-align: left;
	margin: 15px auto;
	padding: 0px 10px;
}
@media (min-width: 800px) {
	body {
		max-width: 85%;
	}
}
#header {
	border-bottom: 1px solid #dbdbdb;
	font-size: 230%;
	text-align: left;
}
#footer {
	border-top: 1px solid #dbdbdb;
	clear: both;
	text-align: left;
}
.logo_bug {
	color: #cc0033;
}
#menu ul {
	list-style-type: none;
	margin: 0;
	padding: 0;
}
#menu li {
	float: left;
}
#menu li a {
	display: block;
	background-color: #dbdbdb;
	color: #000000;
	font-size: 105%;
	font-weight: bold;
	padding: 0px 6px 0px 6px;
	text-decoration: none;
}
#content {
	clear: both;
	text-align: left;
	padding-top: 10px;
}
#content h1 {
	font-size: 120%;
	font-weight: bold;
}
#content h2 {
	font-size: 110%;
	font-weight: bold;
}
#content a {
	text-decoration: none;
}
#content pre {
	background-color: #dbdbdb;
	padding: 5px 5px 5px 5px;
	white-space: pre-wrap;		/* css-3 */
	white-space: -moz-pre-wrap;	/* Mozilla, since 1999 */
	white-space: -pre-wrap;		/* Opera 4-6 */
	white-space: -o-pre-wrap;	/* Opera 7 */
	word-wrap: break-word;		/* Internet Explorer 5.5+ */
}
#content table {
	border-collapse: collapse;
}
#content table th {
	border: 1px solid #dbdbdb;
	font-size: 85%;
	white-space: nowrap;
}
#content table td {
	border: 1px solid #dbdbdb;
	font-size: 80%;
}
#content input {
	font-size: 1em;
}
#content .full	{ width: 100%; }
#content .left	{ text-align: left; }
#content .right	{ text-align: right; }
#content .center { text-align: center; }
#content .flexbox {
	display: -ms-flex;
	display: -webkit-flex;
	display: flex;
	width: 100%;
}
#content .left_col {
	min-width: 75px;
	max-width: 50%;
	flex-grow: 0;
}
#content .right_col {
	flex-grow: 1;
	margin-left: 10px;
	padding-top: 10px;
	padding-left: 10px;
}
#col {
	-moz-column-count: 3;
	-webkit-column-count: 3;
	column-count: 3;
}
</style>
</head>
<body>

<div id="header">
<strong><em>NYC*</em><span class="logo_bug">BUG</span> dmesgd</strong>
</div><!-- header -->

<div id="menu">
<ul>
<li><a href="https://dmesgd.nycbug.org/index.cgi?do=index">Home</a></li>
<li><a href="https://dmesgd.nycbug.org/index.cgi?do=submit">Submit</a></li>
<li><a href="https://www.nycbug.org/">NYC*BUG</a></li>
</ul>
</div><!-- menu -->

<div id="content">

<p>
Launched in 2004, dmesgd aims to provide a
<strong>user-submitted</strong> repository of searchable *BSD dmesgs.
The dmesg(8) command displays the system message buffer's content, and
during boot a copy is saved to <em>/var/run/dmesg.boot</em>.  This buffer
contains the operating system release, name and version, a list of
devices identified, plus a whole host of other useful information.  We
hope others find this resource useful and further contribute to its
growth. Contact us at [ admin at lists dot nycbug dot org ].
</p>

<hr />


<strong>Date:</strong> <em>2008-09-14 16:15:17</em><br />
<strong>From:</strong> <em>michael enoma aghayere</em><br />
<strong>Description:</strong> <em>Asus eeepc 901</em><br />

<pre>
OpenBSD 4.4-current (GENERIC) #1050: Wed Sep 10 12:18:05 MDT 2008
   xxx@xxx.xxx:/usr/src/sys/arch/i386/compile/GENERIC
cpu0: Intel(R) Atom(TM) CPU N270 @ 1.60GHz (GenuineIntel 686-class) 1.61 GHz
cpu0: FPU,V86,DE,PSE,TSC,MSR,PAE,MCE,CX8,APIC,SEP,MTRR,PGE,MCA,CMOV,PAT,CFLUSH,DS,ACPI,MMX,FXSR,SSE,SSE2,SS,HTT,TM,SBF,SSE3,MWAIT,DS-CPL,EST,TM2,xTPR
real mem  = 1064529920 (1015MB)
avail mem = 1020891136 (973MB)
mainbus0 at root
bios0 at mainbus0: AT/286+ BIOS, date 08/05/08, BIOS32 rev. 0 @
0xf0010, SMBIOS rev. 2.5 @ 0xf0710 (30 entries)
bios0: vendor American Megatrends Inc. version 1301 date 08/05/2008
bios0: ASUSTeK Computer INC. 901
apm0 at bios0: Power Management spec V1.2
apm0: AC on, battery charge unknown
acpi at bios0 function 0x0 not configured
pcibios0 at bios0: rev 3.0 @ 0xf0000/0x10000
pcibios0: PCI IRQ Routing Table rev 1.0 @ 0xf85d0/208 (11 entries)
pcibios0: PCI Interrupt Router at 000:31:0 (Intel 82801GBM LPC rev 0x00)
pcibios0: PCI bus #6 is the last bus
bios0: ROM list: 0xc0000/0xec00!
cpu0 at mainbus0
cpu0: unknown Enhanced SpeedStep CPU, msr 0x060f0c2206000c22
cpu0: using only highest and lowest power states
cpu0: Enhanced SpeedStep 1600 MHz (1244 mV): speeds: 1600, 800 MHz
pci0 at mainbus0 bus 0: configuration mode 1 (no bios)
pchb0 at pci0 dev 0 function 0 Intel 82945GME Host rev 0x03
vga1 at pci0 dev 2 function 0 Intel 82945GME Video rev 0x03
wsdisplay0 at vga1 mux 1: console (80x25, vt100 emulation)
wsdisplay0: screen 1-5 added (80x25, vt100 emulation)
agp0 at vga1: aperture at 0xd0000000, size 0x10000000
Intel 82945GM Video rev 0x03 at pci0 dev 2 function 1 not configured
azalia0 at pci0 dev 27 function 0 Intel 82801GB HD Audio rev 0x02: irq 3
azalia0: codec[s]: Realtek/0x0269
audio0 at azalia0
ppb0 at pci0 dev 28 function 0 Intel 82801GB PCIE rev 0x02: irq 3
pci1 at ppb0 bus 5
ppb1 at pci0 dev 28 function 1 Intel 82801GB PCIE rev 0x02: irq 5
pci2 at ppb1 bus 4
Attansic Technology L1E rev 0xb0 at pci2 dev 0 function 0 not configured
ppb2 at pci0 dev 28 function 2 Intel 82801GB PCIE rev 0x02: irq 10
pci3 at ppb2 bus 3
ppb3 at pci0 dev 28 function 3 Intel 82801GB PCIE rev 0x02: irq 11
pci4 at ppb3 bus 1
ral0 at pci4 dev 0 function 0 Ralink RT2790 rev 0x00: irq 11,
address xx:xx:xx:xx:xx:xx
ral0: MAC/BBP RT2872 (rev 0x0200), RF RT2720 (1T2R)
uhci0 at pci0 dev 29 function 0 Intel 82801GB USB rev 0x02: irq 7
uhci1 at pci0 dev 29 function 1 Intel 82801GB USB rev 0x02: irq 11
uhci2 at pci0 dev 29 function 2 Intel 82801GB USB rev 0x02: irq 10
uhci3 at pci0 dev 29 function 3 Intel 82801GB USB rev 0x02: irq 3
ehci0 at pci0 dev 29 function 7 Intel 82801GB USB rev 0x02: irq 7
usb0 at ehci0: USB revision 2.0
uhub0 at usb0 Intel EHCI root hub rev 2.00/1.00 addr 1
ppb4 at pci0 dev 30 function 0 Intel 82801BAM Hub-to-PCI rev 0xe2
pci5 at ppb4 bus 6
ichpcib0 at pci0 dev 31 function 0 Intel 82801GBM LPC rev 0x02: PM disabled
pciide0 at pci0 dev 31 function 2 Intel 82801GBM SATA rev 0x02: DMA,
channel 0 wired to compatibility, channel 1 wired to compatibility
wd0 at pciide0 channel 1 drive 0: &lt;ASUS-PHISON SSD&gt;
wd0: 1-sector PIO, LBA, 3847MB, 7880544 sectors
wd1 at pciide0 channel 1 drive 1: &lt;ASUS-PHISON SSD&gt;
wd1: 1-sector PIO, LBA, 15391MB, 31522176 sectors
wd0(pciide0:1:0): using PIO mode 4, Ultra-DMA mode 4
wd1(pciide0:1:1): using PIO mode 4, Ultra-DMA mode 4
ichiic0 at pci0 dev 31 function 3 Intel 82801GB SMBus rev 0x02: irq 11
iic0 at ichiic0
spdmem0 at iic0 addr 0x50: 1GB DDR2 SDRAM non-parity PC2-3200CL5 SO-DIMM
usb1 at uhci0: USB revision 1.0
uhub1 at usb1 Intel UHCI root hub rev 1.00/1.00 addr 1
usb2 at uhci1: USB revision 1.0
uhub2 at usb2 Intel UHCI root hub rev 1.00/1.00 addr 1
usb3 at uhci2: USB revision 1.0
uhub3 at usb3 Intel UHCI root hub rev 1.00/1.00 addr 1
usb4 at uhci3: USB revision 1.0
uhub4 at usb4 Intel UHCI root hub rev 1.00/1.00 addr 1
isa0 at ichpcib0
isadma0 at isa0
pckbc0 at isa0 port 0x60/5
pckbd0 at pckbc0 (kbd slot)
pckbc0: using irq 1 for kbd slot
wskbd0 at pckbd0: console keyboard, using wsdisplay0
pmsi0 at pckbc0 (aux slot)
pckbc0: using irq 12 for aux slot
wsmouse0 at pmsi0 mux 0
pcppi0 at isa0 port 0x61
midi0 at pcppi0: &lt;PC speaker&gt;
spkr0 at pcppi0
npx0 at isa0 port 0xf0/16: reported by CPUID; using exception 16
biomask efdd netmask efdd ttymask ffff
mtrr: Pentium Pro MTRR support
umass0 at uhub0 port 2 configuration 1 interface 0  USB DISK 2.0 rev
2.00/1.10 addr 2
umass0: using SCSI over Bulk-Only
scsibus0 at umass0: 2 targets, initiator 0
sd0 at scsibus0 targ 1 lun 0: &lt;, USB DISK 2.0, PMAP&gt; SCSI0 0/direct removable
sd0: 7648MB, 512 bytes/sec, 15663104 sec total
umass1 at uhub0 port 5 configuration 1 interface 0 Generic Mass
Storage Device rev 2.00/1.05 addr 3
umass1: using SCSI over Bulk-Only
scsibus1 at umass1: 2 targets, initiator 0
sd1 at scsibus1 targ 1 lun 0: &lt;Single, Flash Reader, 1.00&gt; SCSI0
0/direct removable
sd1: 968MB, 512 bytes/sec, 1984000 sec total
uvideo0 at uhub0 port 8 configuration 1 interface 0 Genesys Logic USB
2.0 Camera rev 2.00/3.27 addr 4
video0 at uvideo0
softraid0 at root
root on sd0a swap on sd0b dump on sd0b
</pre>



</div><!-- content -->
<br />
<div id="footer">
All comments/news/posts are the property of their individual owner and
is presented without warranty of suitability, and solely as an
informational resource. <br />
This site Copyright &copy; 2004-2020 NYC*BUG.
</div><!-- footer -->

</body>
</html>

