



<!doctype html>
<html lang="en">
<head>
<meta name="keywords"
	content="bsd, freebsd, openbsd, netbsd, dragonflybsd, nycbug, dmesgd" />
<meta name="description" content="New York City BSD User Group dmesgd" />
<meta charset="utf-8" />
<meta name="viewport" content="width=device-width, initial-scale=1" />
<title>NYC*BUG dmesgd</title>
<style>
body {
	text-align: left;
	margin: 15px auto;
	padding: 0px 10px;
}
@media (min-width: 800px) {
	body {
		max-width: 85%;
	}
}
#header {
	border-bottom: 1px solid #dbdbdb;
	font-size: 230%;
	text-align: left;
}
#footer {
	border-top: 1px solid #dbdbdb;
	clear: both;
	text-align: left;
}
.logo_bug {
	color: #cc0033;
}
#menu ul {
	list-style-type: none;
	margin: 0;
	padding: 0;
}
#menu li {
	float: left;
}
#menu li a {
	display: block;
	background-color: #dbdbdb;
	color: #000000;
	font-size: 105%;
	font-weight: bold;
	padding: 0px 6px 0px 6px;
	text-decoration: none;
}
#content {
	clear: both;
	text-align: left;
	padding-top: 10px;
}
#content h1 {
	font-size: 120%;
	font-weight: bold;
}
#content h2 {
	font-size: 110%;
	font-weight: bold;
}
#content a {
	text-decoration: none;
}
#content pre {
	background-color: #dbdbdb;
	padding: 5px 5px 5px 5px;
	white-space: pre-wrap;		/* css-3 */
	white-space: -moz-pre-wrap;	/* Mozilla, since 1999 */
	white-space: -pre-wrap;		/* Opera 4-6 */
	white-space: -o-pre-wrap;	/* Opera 7 */
	word-wrap: break-word;		/* Internet Explorer 5.5+ */
}
#content table {
	border-collapse: collapse;
}
#content table th {
	border: 1px solid #dbdbdb;
	font-size: 85%;
	white-space: nowrap;
}
#content table td {
	border: 1px solid #dbdbdb;
	font-size: 80%;
}
#content input {
	font-size: 1em;
}
#content .full	{ width: 100%; }
#content .left	{ text-align: left; }
#content .right	{ text-align: right; }
#content .center { text-align: center; }
#content .flexbox {
	display: -ms-flex;
	display: -webkit-flex;
	display: flex;
	width: 100%;
}
#content .left_col {
	min-width: 75px;
	max-width: 50%;
	flex-grow: 0;
}
#content .right_col {
	flex-grow: 1;
	margin-left: 10px;
	padding-top: 10px;
	padding-left: 10px;
}
#col {
	-moz-column-count: 3;
	-webkit-column-count: 3;
	column-count: 3;
}
</style>
</head>
<body>

<div id="header">
<strong><em>NYC*</em><span class="logo_bug">BUG</span> dmesgd</strong>
</div><!-- header -->

<div id="menu">
<ul>
<li><a href="https://dmesgd.nycbug.org/index.cgi?do=index">Home</a></li>
<li><a href="https://dmesgd.nycbug.org/index.cgi?do=submit">Submit</a></li>
<li><a href="https://www.nycbug.org/">NYC*BUG</a></li>
</ul>
</div><!-- menu -->

<div id="content">

<p>
Launched in 2004, dmesgd aims to provide a
<strong>user-submitted</strong> repository of searchable *BSD dmesgs.
The dmesg(8) command displays the system message buffer's content, and
during boot a copy is saved to <em>/var/run/dmesg.boot</em>.  This buffer
contains the operating system release, name and version, a list of
devices identified, plus a whole host of other useful information.  We
hope others find this resource useful and further contribute to its
growth. Contact us at [ admin at lists dot nycbug dot org ].
</p>

<hr />


<strong>Date:</strong> <em>2009-02-17 13:29:27</em><br />
<strong>From:</strong> <em>Templeto</em><br />
<strong>Description:</strong> <em>Asus A7V600 Motherboard</em><br />

<pre>
OpenBSD 4.4-stable (GENERIC) #6: Mon Feb  2 12:58:37 CST 2009
    xxx@xxx.xxx:/usr/src/sys/arch/i386/compile/GENERIC
cpu0: AMD Athlon(TM) XP 1800+ (AuthenticAMD 686-class, 256KB L2 cache) 1.54 GHz
cpu0: FPU,V86,DE,PSE,TSC,MSR,PAE,MCE,CX8,APIC,SEP,MTRR,PGE,MCA,CMOV,PAT,PSE36,MMX,FXSR,SSE
real mem  = 1073283072 (1023MB)
avail mem = 1029390336 (981MB)
mainbus0 at root
bios0 at mainbus0: AT/286+ BIOS, date 06/28/05, BIOS32 rev. 0 @ 0xf1940, SMBIOS rev. 2.3 @ 0xf38a0 (54 entries)
bios0: vendor Award Software, Inc. version ASUS A7V600 ACPI BIOS Revision 1009 Beta 005 date 06/28/2005
bios0: ASUSTeK Computer INC. A7V600
apm0 at bios0: Power Management spec V1.2
apm0: AC on, battery charge unknown
acpi at bios0 function 0x0 not configured
pcibios at bios0 function 0x1a not configured
bios0: ROM list: 0xc0000/0xf400 0xd0000/0x7000! 0xd8000/0x4400!
cpu0 at mainbus0
pci0 at mainbus0 bus 0: configuration mode 1 (no bios)
pchb0 at pci0 dev 0 function 0 VIA VT8377 PCI rev 0x80
ppb0 at pci0 dev 1 function 0 VIA VT8377 AGP rev 0x00
pci1 at ppb0 bus 1
vga1 at pci1 dev 0 function 0 NVIDIA GeForce4 MX 420 rev 0xa3
wsdisplay0 at vga1 mux 1: console (80x25, vt100 emulation)
wsdisplay0: screen 1-5 added (80x25, vt100 emulation)
agp0 at vga1: v3, aperture at 0xf8000000, size 0xf000000
drm at vga1 unsupported
skc0 at pci0 dev 9 function 0 3Com 3c940 rev 0x12, Yukon (0x1): irq 5
sk0 at skc0 port A: address xx:xx:xx:xx:xx:xx
eephy0 at sk0 phy 0: Marvell 88E1011 Gigabit PHY, rev. 3
rl0 at pci0 dev 12 function 0 Realtek 8139 rev 0x10: irq 6, address xx:xx:xx:xx:xx:xx
rlphy0 at rl0 phy 0: RTL internal PHY
ral0 at pci0 dev 13 function 0 Ralink RT2561S rev 0x00: irq 11, address xx:xx:xx:xx:xx:xx
ral0: MAC/BBP RT2561C, RF RT2527
ppb1 at pci0 dev 14 function 0 DEC 21153 PCI-PCI rev 0x04
pci2 at ppb1 bus 2
Sun PCIO EBus2 rev 0x01 at pci2 dev 0 function 0 not configured
hme0 at pci2 dev 0 function 1 Sun HME rev 0x01: irq 5, address xx:xx:xx:xx:xx:xx
luphy0 at hme0 phy 1: LU6612 10/100 PHY, rev. 1
Sun PCIO EBus2 rev 0x01 at pci2 dev 1 function 0 not configured
hme1 at pci2 dev 1 function 1 Sun HME rev 0x01: irq 6, address xx:xx:xx:xx:xx:xx
luphy1 at hme1 phy 1: LU6612 10/100 PHY, rev. 1
Sun PCIO EBus2 rev 0x01 at pci2 dev 2 function 0 not configured
hme2 at pci2 dev 2 function 1 Sun HME rev 0x01: irq 11, address xx:xx:xx:xx:xx:xx
luphy2 at hme2 phy 1: LU6612 10/100 PHY, rev. 1
Sun PCIO EBus2 rev 0x01 at pci2 dev 3 function 0 not configured
hme3 at pci2 dev 3 function 1 Sun HME rev 0x01: irq 10, address xx:xx:xx:xx:xx:xx
luphy3 at hme3 phy 1: LU6612 10/100 PHY, rev. 1
pciide0 at pci0 dev 15 function 0 VIA VT6420 SATA rev 0x80: DMA
pciide0: using irq 11 for native-PCI interrupt
wd0 at pciide0 channel 0 drive 0: &lt;ST3500630AS&gt;
wd0: 16-sector PIO, LBA48, 476940MB, 976773168 sectors
wd0(pciide0:0:0): using PIO mode 4, Ultra-DMA mode 5
pciide1 at pci0 dev 15 function 1 VIA VT82C571 IDE rev 0x06: ATA133, channel 0 configured to compatibility, channel 1 configured to compatibility
wd1 at pciide1 channel 0 drive 0: &lt;WDC WD1600JB-75GVA0&gt;
wd1: 16-sector PIO, LBA48, 152587MB, 312500000 sectors
wd1(pciide1:0:0): using PIO mode 4, Ultra-DMA mode 5
atapiscsi0 at pciide1 channel 1 drive 0
scsibus0 at atapiscsi0: 2 targets, initiator 7
cd0 at scsibus0 targ 0 lun 0: &lt;CREATIVE, DVD-ROM DVD1241E, 0.44&gt; ATAPI 5/cdrom removable
cd0(pciide1:1:0): using PIO mode 4, Ultra-DMA mode 2
uhci0 at pci0 dev 16 function 0 VIA VT83C572 USB rev 0x81: irq 9
uhci1 at pci0 dev 16 function 1 VIA VT83C572 USB rev 0x81: irq 9
uhci2 at pci0 dev 16 function 2 VIA VT83C572 USB rev 0x81: irq 11
uhci3 at pci0 dev 16 function 3 VIA VT83C572 USB rev 0x81: irq 11
ehci0 at pci0 dev 16 function 4 VIA VT6202 USB rev 0x86: irq 10
usb0 at ehci0: USB revision 2.0
uhub0 at usb0 VIA EHCI root hub rev 2.00/1.00 addr 1
viapm0 at pci0 dev 17 function 0 VIA VT8237 ISA rev 0x00
iic0 at viapm0
spdmem0 at iic0 addr 0x50: 512MB DDR SDRAM non-parity PC2700CL2.5
spdmem1 at iic0 addr 0x51: 256MB DDR SDRAM non-parity PC2700CL2.5
spdmem2 at iic0 addr 0x52: 256MB DDR SDRAM non-parity PC2700CL2.5
auvia0 at pci0 dev 17 function 5 VIA VT8233 AC97 rev 0x60: irq 10
ac97: codec id 0x41445370 (Analog Devices AD1980)
ac97: codec features headphone, 20 bit DAC, No 3D Stereo
audio0 at auvia0
ppb2 at pci0 dev 19 function 0 DEC 21153 PCI-PCI rev 0x04
pci3 at ppb2 bus 3
Sun PCIO EBus2 rev 0x01 at pci3 dev 0 function 0 not configured
hme4 at pci3 dev 0 function 1 Sun HME rev 0x01: irq 6, address xx:xx:xx:xx:xx:xx
luphy4 at hme4 phy 1: LU6612 10/100 PHY, rev. 1
Sun PCIO EBus2 rev 0x01 at pci3 dev 1 function 0 not configured
hme5 at pci3 dev 1 function 1 Sun HME rev 0x01: irq 11, address xx:xx:xx:xx:xx:xx
luphy5 at hme5 phy 1: LU6612 10/100 PHY, rev. 1
Sun PCIO EBus2 rev 0x01 at pci3 dev 2 function 0 not configured
hme6 at pci3 dev 2 function 1 Sun HME rev 0x01: irq 10, address xx:xx:xx:xx:xx:xx
luphy6 at hme6 phy 1: LU6612 10/100 PHY, rev. 1
Sun PCIO EBus2 rev 0x01 at pci3 dev 3 function 0 not configured
hme7 at pci3 dev 3 function 1 Sun HME rev 0x01: irq 5, address xx:xx:xx:xx:xx:xx
luphy7 at hme7 phy 1: LU6612 10/100 PHY, rev. 1
usb1 at uhci0: USB revision 1.0
uhub1 at usb1 VIA UHCI root hub rev 1.00/1.00 addr 1
usb2 at uhci1: USB revision 1.0
uhub2 at usb2 VIA UHCI root hub rev 1.00/1.00 addr 1
usb3 at uhci2: USB revision 1.0
uhub3 at usb3 VIA UHCI root hub rev 1.00/1.00 addr 1
usb4 at uhci3: USB revision 1.0
uhub4 at usb4 VIA UHCI root hub rev 1.00/1.00 addr 1
isa0 at mainbus0
isadma0 at isa0
com0 at isa0 port 0x3f8/8 irq 4: ns16550a, 16 byte fifo
com1 at isa0 port 0x2f8/8 irq 3: ns16550a, 16 byte fifo
pckbc0 at isa0 port 0x60/5
pckbd0 at pckbc0 (kbd slot)
pckbc0: using irq 1 for kbd slot
wskbd0 at pckbd0: console keyboard, using wsdisplay0
pmsi0 at pckbc0 (aux slot)
pckbc0: using irq 12 for aux slot
wsmouse0 at pmsi0 mux 0
pcppi0 at isa0 port 0x61
midi0 at pcppi0: &lt;PC speaker&gt;
spkr0 at pcppi0
lpt0 at isa0 port 0x378/4 irq 7
it0 at isa0 port 0x2e/2: IT8712F rev 0x05, EC port 0x290
npx0 at isa0 port 0xf0/16: reported by CPUID; using exception 16
biomask ef05 netmask ef65 ttymask ffff
mtrr: Pentium Pro MTRR support
umass0 at uhub0 port 4 configuration 1 interface 0 Cypress Semiconductor USB2.0 Storage Device rev 2.00/0.01 addr 2
umass0: using SCSI over Bulk-Only
scsibus1 at umass0: 2 targets, initiator 0
sd0 at scsibus1 targ 1 lun 0: &lt;Maxtor 6, L200R0, 0000&gt; SCSI0 0/direct fixed
sd0: 194481MB, 24792 cyl, 255 head, 63 sec, 512 bytes/sec, 398297088 sec total
uhidev0 at uhub1 port 1 configuration 1 interface 0 Logitech USB Receiver rev 1.10/10.20 addr 2
uhidev0: iclass 3/1
ukbd0 at uhidev0: 8 modifier keys, 6 key codes
wskbd1 at ukbd0 mux 1
wskbd1: connecting to wsdisplay0
uhidev1 at uhub1 port 1 configuration 1 interface 1 Logitech USB Receiver rev 1.10/10.20 addr 2
uhidev1: iclass 3/0, 2 report ids
uhid0 at uhidev1 reportid 1: input=2, output=0, feature=0
uhid1 at uhidev1 reportid 2: input=1, output=0, feature=0
softraid0 at root
root on wd1a swap on wd1b dump on wd1b
</pre>



</div><!-- content -->
<br />
<div id="footer">
All comments/news/posts are the property of their individual owner and
is presented without warranty of suitability, and solely as an
informational resource. <br />
This site Copyright &copy; 2004-2020 NYC*BUG.
</div><!-- footer -->

</body>
</html>

