



<!doctype html>
<html lang="en">
<head>
<meta name="keywords"
	content="bsd, freebsd, openbsd, netbsd, dragonflybsd, nycbug, dmesgd" />
<meta name="description" content="New York City BSD User Group dmesgd" />
<meta charset="utf-8" />
<meta name="viewport" content="width=device-width, initial-scale=1" />
<title>NYC*BUG dmesgd</title>
<style>
body {
	text-align: left;
	margin: 15px auto;
	padding: 0px 10px;
}
@media (min-width: 800px) {
	body {
		max-width: 85%;
	}
}
#header {
	border-bottom: 1px solid #dbdbdb;
	font-size: 230%;
	text-align: left;
}
#footer {
	border-top: 1px solid #dbdbdb;
	clear: both;
	text-align: left;
}
.logo_bug {
	color: #cc0033;
}
#menu ul {
	list-style-type: none;
	margin: 0;
	padding: 0;
}
#menu li {
	float: left;
}
#menu li a {
	display: block;
	background-color: #dbdbdb;
	color: #000000;
	font-size: 105%;
	font-weight: bold;
	padding: 0px 6px 0px 6px;
	text-decoration: none;
}
#content {
	clear: both;
	text-align: left;
	padding-top: 10px;
}
#content h1 {
	font-size: 120%;
	font-weight: bold;
}
#content h2 {
	font-size: 110%;
	font-weight: bold;
}
#content a {
	text-decoration: none;
}
#content pre {
	background-color: #dbdbdb;
	padding: 5px 5px 5px 5px;
	white-space: pre-wrap;		/* css-3 */
	white-space: -moz-pre-wrap;	/* Mozilla, since 1999 */
	white-space: -pre-wrap;		/* Opera 4-6 */
	white-space: -o-pre-wrap;	/* Opera 7 */
	word-wrap: break-word;		/* Internet Explorer 5.5+ */
}
#content table {
	border-collapse: collapse;
}
#content table th {
	border: 1px solid #dbdbdb;
	font-size: 85%;
	white-space: nowrap;
}
#content table td {
	border: 1px solid #dbdbdb;
	font-size: 80%;
}
#content input {
	font-size: 1em;
}
#content .full	{ width: 100%; }
#content .left	{ text-align: left; }
#content .right	{ text-align: right; }
#content .center { text-align: center; }
#content .flexbox {
	display: -ms-flex;
	display: -webkit-flex;
	display: flex;
	width: 100%;
}
#content .left_col {
	min-width: 75px;
	max-width: 50%;
	flex-grow: 0;
}
#content .right_col {
	flex-grow: 1;
	margin-left: 10px;
	padding-top: 10px;
	padding-left: 10px;
}
#col {
	-moz-column-count: 3;
	-webkit-column-count: 3;
	column-count: 3;
}
</style>
</head>
<body>

<div id="header">
<strong><em>NYC*</em><span class="logo_bug">BUG</span> dmesgd</strong>
</div><!-- header -->

<div id="menu">
<ul>
<li><a href="https://dmesgd.nycbug.org/index.cgi?do=index">Home</a></li>
<li><a href="https://dmesgd.nycbug.org/index.cgi?do=submit">Submit</a></li>
<li><a href="https://www.nycbug.org/">NYC*BUG</a></li>
</ul>
</div><!-- menu -->

<div id="content">

<p>
Launched in 2004, dmesgd aims to provide a
<strong>user-submitted</strong> repository of searchable *BSD dmesgs.
The dmesg(8) command displays the system message buffer's content, and
during boot a copy is saved to <em>/var/run/dmesg.boot</em>.  This buffer
contains the operating system release, name and version, a list of
devices identified, plus a whole host of other useful information.  We
hope others find this resource useful and further contribute to its
growth. Contact us at [ admin at lists dot nycbug dot org ].
</p>

<hr />


<strong>Date:</strong> <em>2009-02-17 13:31:49</em><br />
<strong>From:</strong> <em>Templeto</em><br />
<strong>Description:</strong> <em>Dell PowerEdge 400SC</em><br />

<pre>
OpenBSD 4.4-stable (GENERIC) #1: Tue Nov 18 14:55:40 CST 2008
    xxx@xxx.xxx:/usr/src/sys/arch/i386/compile/GENERIC
cpu0: Intel(R) Pentium(R) 4 CPU 2.80GHz (GenuineIntel 686-class) 2.80 GHz
cpu0: FPU,V86,DE,PSE,TSC,MSR,PAE,MCE,CX8,APIC,SEP,MTRR,PGE,MCA,CMOV,PAT,PSE36,CFLUSH,DS,ACPI,MMX,FXSR,SSE,SSE2,SS,HTT,TM,SBF,CNXT-ID,xTPR
real mem  = 535871488 (511MB)
avail mem = 509722624 (486MB)
mainbus0 at root
bios0 at mainbus0: AT/286+ BIOS, date 04/15/04, BIOS32 rev. 0 @ 0xffe90, SMBIOS rev. 2.3 @ 0xf0450 (92 entries)
bios0: vendor Dell Computer Corporation version A06 date 04/15/2004
bios0: Dell Computer Corporation PowerEdge 400SC
apm0 at bios0: Power Management spec V1.2
apm0: AC on, battery charge unknown
acpi at bios0 function 0x0 not configured
pcibios0 at bios0: rev 2.1 @ 0xf0000/0x10000
pcibios0: PCI IRQ Routing Table rev 1.0 @ 0xfeae0/160 (8 entries)
pcibios0: PCI Interrupt Router at 000:31:0 (Intel 82801EB/ER LPC rev 0x00)
pcibios0: PCI bus #2 is the last bus
bios0: ROM list: 0xc0000/0x8000 0xc8000/0x1800 0xc9800/0x1800! 0xcb000/0x1000
cpu0 at mainbus0
pci0 at mainbus0 bus 0: configuration mode 1 (no bios)
pchb0 at pci0 dev 0 function 0 Intel 82875P Host rev 0x02
ppb0 at pci0 dev 1 function 0 Intel 82875P AGP rev 0x02
pci1 at ppb0 bus 1
uhci0 at pci0 dev 29 function 0 Intel 82801EB/ER USB rev 0x02: irq 11
uhci1 at pci0 dev 29 function 1 Intel 82801EB/ER USB rev 0x02: irq 10
uhci2 at pci0 dev 29 function 2 Intel 82801EB/ER USB rev 0x02: irq 9
uhci3 at pci0 dev 29 function 3 Intel 82801EB/ER USB rev 0x02: irq 11
ehci0 at pci0 dev 29 function 7 Intel 82801EB/ER USB2 rev 0x02: irq 5
usb0 at ehci0: USB revision 2.0
uhub0 at usb0 Intel EHCI root hub rev 2.00/1.00 addr 1
ppb1 at pci0 dev 30 function 0 Intel 82801BA Hub-to-PCI rev 0xc2
pci2 at ppb1 bus 2
vga1 at pci2 dev 0 function 0 ATI Rage XL rev 0x27
wsdisplay0 at vga1 mux 1: console (80x25, vt100 emulation)
wsdisplay0: screen 1-5 added (80x25, vt100 emulation)
agp0 at vga1: aperture at 0xf0000000, size 0x8000000
drm at vga1 unsupported
ami0 at pci2 dev 1 function 0 AMI MegaRAID rev 0x02: irq 11
ami0: Dell 511, 64b/lhc, FW 6.62, BIOS v1.03, 16MB RAM
ami0: 4 channels, 0 FC loops, 1 logical drives
scsibus0 at ami0: 40 targets, initiator 40
sd0 at scsibus0 targ 0 lun 0: &lt;AMI, Host drive #00, &gt; SCSI2 0/direct fixed
sd0: 76278MB, 9724 cyl, 255 head, 63 sec, 512 bytes/sec, 156217344 sec total
scsibus1 at ami0: 16 targets, initiator 16
scsibus2 at ami0: 16 targets, initiator 16
scsibus3 at ami0: 16 targets, initiator 16
scsibus4 at ami0: 16 targets, initiator 16
fxp0 at pci2 dev 2 function 0 Intel 8255x rev 0x0c, i82550: irq 10, address xx:xx:xx:xx:xx:xx
inphy0 at fxp0 phy 1: i82555 10/100 PHY, rev. 4
em0 at pci2 dev 12 function 0 Intel PRO/1000MT (82540EM) rev 0x02: irq 9, address xx:xx:xx:xx:xx:xx
ichpcib0 at pci0 dev 31 function 0 Intel 82801EB/ER LPC rev 0x02: 24-bit timer at 3579545Hz
pciide0 at pci0 dev 31 function 1 Intel 82801EB/ER IDE rev 0x02: DMA, channel 0 configured to compatibility, channel 1 configured to compatibility
pciide0: channel 0 ignored (disabled)
atapiscsi0 at pciide0 channel 1 drive 0
scsibus5 at atapiscsi0: 2 targets, initiator 7
cd0 at scsibus5 targ 0 lun 0: &lt;HL-DT-ST, CD-ROM GCR-8483B, 1.05&gt; ATAPI 5/cdrom removable
cd0(pciide0:1:0): using PIO mode 4, Ultra-DMA mode 2
pciide1 at pci0 dev 31 function 2 Intel 82801EB SATA rev 0x02: DMA, channel 0 configured to native-PCI, channel 1 configured to native-PCI
pciide1: using irq 9 for native-PCI interrupt
ichiic0 at pci0 dev 31 function 3 Intel 82801EB/ER SMBus rev 0x02: irq 10
iic0 at ichiic0
adt0 at iic0 addr 0x2e: adm1027 rev 0x60
spdmem0 at iic0 addr 0x50: 256MB DDR SDRAM ECC PC3200CL3.0
spdmem1 at iic0 addr 0x52: 256MB DDR SDRAM ECC PC3200CL3.0
auich0 at pci0 dev 31 function 5 Intel 82801EB/ER AC97 rev 0x02: irq 10, ICH5 AC97
ac97: codec id 0x41445370 (Analog Devices AD1980)
ac97: codec features headphone, 20 bit DAC, No 3D Stereo
audio0 at auich0
usb1 at uhci0: USB revision 1.0
uhub1 at usb1 Intel UHCI root hub rev 1.00/1.00 addr 1
usb2 at uhci1: USB revision 1.0
uhub2 at usb2 Intel UHCI root hub rev 1.00/1.00 addr 1
usb3 at uhci2: USB revision 1.0
uhub3 at usb3 Intel UHCI root hub rev 1.00/1.00 addr 1
usb4 at uhci3: USB revision 1.0
uhub4 at usb4 Intel UHCI root hub rev 1.00/1.00 addr 1
isa0 at ichpcib0
isadma0 at isa0
com0 at isa0 port 0x3f8/8 irq 4: ns16550a, 16 byte fifo
com1 at isa0 port 0x2f8/8 irq 3: ns16550a, 16 byte fifo
pckbc0 at isa0 port 0x60/5
pckbd0 at pckbc0 (kbd slot)
pckbc0: using irq 1 for kbd slot
wskbd0 at pckbd0: console keyboard, using wsdisplay0
pmsi0 at pckbc0 (aux slot)
pckbc0: using irq 12 for aux slot
wsmouse0 at pmsi0 mux 0
pcppi0 at isa0 port 0x61
midi0 at pcppi0: &lt;PC speaker&gt;
spkr0 at pcppi0
lpt0 at isa0 port 0x378/4 irq 7
npx0 at isa0 port 0xf0/16: reported by CPUID; using exception 16
fdc0 at isa0 port 0x3f0/6 irq 6 drq 2
fd0 at fdc0 drive 0: 1.44MB 80 cyl, 2 head, 18 sec
biomask ef65 netmask ef65 ttymask ffff
mtrr: Pentium Pro MTRR support
umass0 at uhub0 port 1 configuration 1 interface 0 Cypress Semiconductor USB2.0 Storage Device rev 2.00/0.01 addr 2
umass0: using SCSI over Bulk-Only
scsibus6 at umass0: 2 targets, initiator 0
sd1 at scsibus6 targ 1 lun 0: &lt;ST325062, 4A, 0000&gt; SCSI0 0/direct fixed
sd1: 238475MB, 30401 cyl, 255 head, 63 sec, 512 bytes/sec, 488397168 sec total
softraid0 at root
root on sd0a swap on sd0b dump on sd0b
</pre>



</div><!-- content -->
<br />
<div id="footer">
All comments/news/posts are the property of their individual owner and
is presented without warranty of suitability, and solely as an
informational resource. <br />
This site Copyright &copy; 2004-2020 NYC*BUG.
</div><!-- footer -->

</body>
</html>

