



<!doctype html>
<html lang="en">
<head>
<meta name="keywords"
	content="bsd, freebsd, openbsd, netbsd, dragonflybsd, nycbug, dmesgd" />
<meta name="description" content="New York City BSD User Group dmesgd" />
<meta charset="utf-8" />
<meta name="viewport" content="width=device-width, initial-scale=1" />
<title>NYC*BUG dmesgd</title>
<style>
body {
	text-align: left;
	margin: 15px auto;
	padding: 0px 10px;
}
@media (min-width: 800px) {
	body {
		max-width: 85%;
	}
}
#header {
	border-bottom: 1px solid #dbdbdb;
	font-size: 230%;
	text-align: left;
}
#footer {
	border-top: 1px solid #dbdbdb;
	clear: both;
	text-align: left;
}
.logo_bug {
	color: #cc0033;
}
#menu ul {
	list-style-type: none;
	margin: 0;
	padding: 0;
}
#menu li {
	float: left;
}
#menu li a {
	display: block;
	background-color: #dbdbdb;
	color: #000000;
	font-size: 105%;
	font-weight: bold;
	padding: 0px 6px 0px 6px;
	text-decoration: none;
}
#content {
	clear: both;
	text-align: left;
	padding-top: 10px;
}
#content h1 {
	font-size: 120%;
	font-weight: bold;
}
#content h2 {
	font-size: 110%;
	font-weight: bold;
}
#content a {
	text-decoration: none;
}
#content pre {
	background-color: #dbdbdb;
	padding: 5px 5px 5px 5px;
	white-space: pre-wrap;		/* css-3 */
	white-space: -moz-pre-wrap;	/* Mozilla, since 1999 */
	white-space: -pre-wrap;		/* Opera 4-6 */
	white-space: -o-pre-wrap;	/* Opera 7 */
	word-wrap: break-word;		/* Internet Explorer 5.5+ */
}
#content table {
	border-collapse: collapse;
}
#content table th {
	border: 1px solid #dbdbdb;
	font-size: 85%;
	white-space: nowrap;
}
#content table td {
	border: 1px solid #dbdbdb;
	font-size: 80%;
}
#content input {
	font-size: 1em;
}
#content .full	{ width: 100%; }
#content .left	{ text-align: left; }
#content .right	{ text-align: right; }
#content .center { text-align: center; }
#content .flexbox {
	display: -ms-flex;
	display: -webkit-flex;
	display: flex;
	width: 100%;
}
#content .left_col {
	min-width: 75px;
	max-width: 50%;
	flex-grow: 0;
}
#content .right_col {
	flex-grow: 1;
	margin-left: 10px;
	padding-top: 10px;
	padding-left: 10px;
}
#col {
	-moz-column-count: 3;
	-webkit-column-count: 3;
	column-count: 3;
}
</style>
</head>
<body>

<div id="header">
<strong><em>NYC*</em><span class="logo_bug">BUG</span> dmesgd</strong>
</div><!-- header -->

<div id="menu">
<ul>
<li><a href="https://dmesgd.nycbug.org/index.cgi?do=index">Home</a></li>
<li><a href="https://dmesgd.nycbug.org/index.cgi?do=submit">Submit</a></li>
<li><a href="https://www.nycbug.org/">NYC*BUG</a></li>
</ul>
</div><!-- menu -->

<div id="content">

<p>
Launched in 2004, dmesgd aims to provide a
<strong>user-submitted</strong> repository of searchable *BSD dmesgs.
The dmesg(8) command displays the system message buffer's content, and
during boot a copy is saved to <em>/var/run/dmesg.boot</em>.  This buffer
contains the operating system release, name and version, a list of
devices identified, plus a whole host of other useful information.  We
hope others find this resource useful and further contribute to its
growth. Contact us at [ admin at lists dot nycbug dot org ].
</p>

<hr />


<strong>Date:</strong> <em>2009-02-17 13:35:42</em><br />
<strong>From:</strong> <em>Templeto</em><br />
<strong>Description:</strong> <em>Sony VAIO PCV-130 Desktop</em><br />

<pre>
OpenBSD 4.4-stable (GENERIC) #5: Sun Feb  1 13:35:49 CST 2009
    xxx@xxx.xxx:/usr/src/sys/arch/i386/compile/GENERIC
cpu0: Intel Pentium/MMX (GenuineIntel 586-class) 200 MHz
cpu0: FPU,V86,DE,PSE,TSC,MSR,MCE,CX8,MMX
cpu0: F00F bug workaround installed
real mem  = 100233216 (95MB)
avail mem = 87908352 (83MB)
mainbus0 at root
bios0 at mainbus0: AT/286+ BIOS, date 06/25/97, BIOS32 rev. 0 @ 0xfd7f1
apm0 at bios0: Power Management spec V1.2
apm0: AC on, battery charge unknown
pcibios0 at bios0: rev 2.1 @ 0xfd7f0/0x810
pcibios0: PCI BIOS has 5 Interrupt Routing table entries
pcibios0: PCI Interrupt Router at 000:07:0 (Intel 82371AB PIIX4 ISA rev 0x00)
pcibios0: PCI bus #0 is the last bus
bios0: ROM list: 0xc0000/0x8000 0xec000/0x4000
cpu0 at mainbus0
pci0 at mainbus0 bus 0: configuration mode 1 (bios)
pchb0 at pci0 dev 0 function 0 Intel 82439TX System rev 0x01
piixpcib0 at pci0 dev 7 function 0 Intel 82371AB PIIX4 ISA rev 0x01
pciide0 at pci0 dev 7 function 1 Intel 82371AB IDE rev 0x01: DMA, channel 0 wired to compatibility, channel 1 wired to compatibility
wd0 at pciide0 channel 0 drive 0: &lt;ST340014A&gt;
wd0: 16-sector PIO, LBA48, 38166MB, 78165360 sectors
wd0(pciide0:0:0): using PIO mode 4, Ultra-DMA mode 2
atapiscsi0 at pciide0 channel 1 drive 0
scsibus0 at atapiscsi0: 2 targets, initiator 7
cd0 at scsibus0 targ 0 lun 0: &lt;MITSUMI, CD-ROM FX4820T!B, D03D&gt; ATAPI 5/cdrom removable
cd0(pciide0:1:0): using PIO mode 4, Ultra-DMA mode 2
uhci0 at pci0 dev 7 function 2 Intel 82371AB USB rev 0x01: irq 11
piixpm0 at pci0 dev 7 function 3 Intel 82371AB Power rev 0x01: polling
iic0 at piixpm0
spdmem0 at iic0 addr 0x50: 32MB SDRAM non-parity PC66CL2
spdmem1 at iic0 addr 0x51: 64MB SDRAM non-parity PC100CL2
vga1 at pci0 dev 13 function 0 Matrox MGA 1064SG 220MHz rev 0x02
wsdisplay0 at vga1 mux 1: console (80x25, vt100 emulation)
wsdisplay0: screen 1-5 added (80x25, vt100 emulation)
drm at vga1 unsupported
fxp0 at pci0 dev 16 function 0 Intel 8255x rev 0x0c, i82550: irq 11, address xx:xx:xx:xx:xx:xx
inphy0 at fxp0 phy 1: i82555 10/100 PHY, rev. 4
isa0 at piixpcib0
isadma0 at isa0
com0 at isa0 port 0x3f8/8 irq 4: ns16550a, 16 byte fifo
com0: console
pckbc0 at isa0 port 0x60/5
pckbd0 at pckbc0 (kbd slot)
pckbc0: using irq 1 for kbd slot
wskbd0 at pckbd0: console keyboard, using wsdisplay0
pcppi0 at isa0 port 0x61
midi0 at pcppi0: &lt;PC speaker&gt;
spkr0 at pcppi0
lpt0 at isa0 port 0x378/4 irq 7
npx0 at isa0 port 0xf0/16: reported by CPUID; using exception 16
isapnp0 at isa0 port 0x279: read port 0x203
ym0 at isapnp0 OPL3-SA3 Snd System, YMH0021, ,  port 0x220/16,0x530/8,0x388/8,0x330/2,0x370/2 irq 5 drq 0,1
midi1 at ym0: &lt;YM MPU-401 UART&gt;
audio0 at ym0
joy0 at isapnp0 OPL3-SA3 Snd System, YMH0022, PNPB02F,  port 0x201/1
usb0 at uhci0: USB revision 1.0
uhub0 at usb0 Intel UHCI root hub rev 1.00/1.00 addr 1
biomask ff4d netmask ff4d ttymask ffdf
softraid0 at root
root on wd0a swap on wd0b dump on wd0b
</pre>



</div><!-- content -->
<br />
<div id="footer">
All comments/news/posts are the property of their individual owner and
is presented without warranty of suitability, and solely as an
informational resource. <br />
This site Copyright &copy; 2004-2020 NYC*BUG.
</div><!-- footer -->

</body>
</html>

