



<!doctype html>
<html lang="en">
<head>
<meta name="keywords"
	content="bsd, freebsd, openbsd, netbsd, dragonflybsd, nycbug, dmesgd" />
<meta name="description" content="New York City BSD User Group dmesgd" />
<meta charset="utf-8" />
<meta name="viewport" content="width=device-width, initial-scale=1" />
<title>NYC*BUG dmesgd</title>
<style>
body {
	text-align: left;
	margin: 15px auto;
	padding: 0px 10px;
}
@media (min-width: 800px) {
	body {
		max-width: 85%;
	}
}
#header {
	border-bottom: 1px solid #dbdbdb;
	font-size: 230%;
	text-align: left;
}
#footer {
	border-top: 1px solid #dbdbdb;
	clear: both;
	text-align: left;
}
.logo_bug {
	color: #cc0033;
}
#menu ul {
	list-style-type: none;
	margin: 0;
	padding: 0;
}
#menu li {
	float: left;
}
#menu li a {
	display: block;
	background-color: #dbdbdb;
	color: #000000;
	font-size: 105%;
	font-weight: bold;
	padding: 0px 6px 0px 6px;
	text-decoration: none;
}
#content {
	clear: both;
	text-align: left;
	padding-top: 10px;
}
#content h1 {
	font-size: 120%;
	font-weight: bold;
}
#content h2 {
	font-size: 110%;
	font-weight: bold;
}
#content a {
	text-decoration: none;
}
#content pre {
	background-color: #dbdbdb;
	padding: 5px 5px 5px 5px;
	white-space: pre-wrap;		/* css-3 */
	white-space: -moz-pre-wrap;	/* Mozilla, since 1999 */
	white-space: -pre-wrap;		/* Opera 4-6 */
	white-space: -o-pre-wrap;	/* Opera 7 */
	word-wrap: break-word;		/* Internet Explorer 5.5+ */
}
#content table {
	border-collapse: collapse;
}
#content table th {
	border: 1px solid #dbdbdb;
	font-size: 85%;
	white-space: nowrap;
}
#content table td {
	border: 1px solid #dbdbdb;
	font-size: 80%;
}
#content input {
	font-size: 1em;
}
#content .full	{ width: 100%; }
#content .left	{ text-align: left; }
#content .right	{ text-align: right; }
#content .center { text-align: center; }
#content .flexbox {
	display: -ms-flex;
	display: -webkit-flex;
	display: flex;
	width: 100%;
}
#content .left_col {
	min-width: 75px;
	max-width: 50%;
	flex-grow: 0;
}
#content .right_col {
	flex-grow: 1;
	margin-left: 10px;
	padding-top: 10px;
	padding-left: 10px;
}
#col {
	-moz-column-count: 3;
	-webkit-column-count: 3;
	column-count: 3;
}
</style>
</head>
<body>

<div id="header">
<strong><em>NYC*</em><span class="logo_bug">BUG</span> dmesgd</strong>
</div><!-- header -->

<div id="menu">
<ul>
<li><a href="https://dmesgd.nycbug.org/index.cgi?do=index">Home</a></li>
<li><a href="https://dmesgd.nycbug.org/index.cgi?do=submit">Submit</a></li>
<li><a href="https://www.nycbug.org/">NYC*BUG</a></li>
</ul>
</div><!-- menu -->

<div id="content">

<p>
Launched in 2004, dmesgd aims to provide a
<strong>user-submitted</strong> repository of searchable *BSD dmesgs.
The dmesg(8) command displays the system message buffer's content, and
during boot a copy is saved to <em>/var/run/dmesg.boot</em>.  This buffer
contains the operating system release, name and version, a list of
devices identified, plus a whole host of other useful information.  We
hope others find this resource useful and further contribute to its
growth. Contact us at [ admin at lists dot nycbug dot org ].
</p>

<hr />


<strong>Date:</strong> <em>2009-04-20 23:29:23</em><br />
<strong>From:</strong> <em>dingo</em><br />
<strong>Description:</strong> <em>ibook g3 dual-usb</em><br />

<pre>
[ using 426072 bytes of bsd ELF symbol table ]
console out [ATY,RageM3p29s]console in [keyboard] , using ADB
: memaddr 94000000 size 4000000, : consaddr 96008000, : ioaddr 90020000, size 20000: memtag 8000, iotag 8000: width 1024 linebytes 1024 height 768 depth 8
Copyright (c) 1982, 1986, 1989, 1991, 1993
	The Regents of the University of California.  All rights reserved.
Copyright (c) 1995-2009 OpenBSD. All rights reserved.  http://www.OpenBSD.org

OpenBSD 4.5 (GENERIC) #2030: Sat Feb 28 14:00:41 MST 2009
    xxx@xxx.xxx:/usr/src/sys/arch/macppc/compile/GENERIC
real mem = 335544320 (320MB)
avail mem = 311394304 (296MB)
mainbus0 at root: model PowerBook4,1
cpu0 at mainbus0: 750 (Revision 0x3311): 499 MHz: 256KB backside cache
mem0 at mainbus0
spdmem0 at mem0: SDRAM non-parity PC66
spdmem1 at mem0: 256MB SDRAM non-parity PC133CL3
memc0 at mainbus0: uni-n
kiic0 at memc0 offset 0xf8001000
iic0 at kiic0
mpcpcibr0 at mainbus0 pci: uni-north, Revision 0xff
pci0 at mpcpcibr0 bus 0
pchb0 at pci0 dev 11 function 0 Apple Pangea AGP rev 0x00
vgafb0 at pci0 dev 16 function 0 ATI Mobility M3 rev 0x02, mmio
wsdisplay0 at vgafb0 mux 1: console (std, vt100 emulation)
mpcpcibr1 at mainbus0 pci: uni-north, Revision 0x0
pci1 at mpcpcibr1 bus 0
pchb1 at pci1 dev 11 function 0 Apple Pangea rev 0x00
macobio0 at pci1 dev 23 function 0 Apple Pangea Macio rev 0x00
openpic0 at macobio0 offset 0x40000: version 0x4614 little endian
macgpio0 at macobio0 offset 0x50
macgpio1 at macgpio0 irq 47
programmer-switch at macgpio0 not configured
firewire-linkon at macgpio0 not configured
gpio1 at macgpio0 not configured
gpio9 at macgpio0 not configured
extint-gpio4 at macgpio0 not configured
extint-gpio12 at macgpio0 not configured
escc-legacy at macobio0 offset 0x12000 not configured
zsc0 at macobio0 offset 0x13000: irq 22,23
zstty0 at zsc0 channel 0
zstty1 at zsc0 channel 1
tumbler0 at macobio0 offset 0x10000: irq 30,1,2
timer at macobio0 offset 0x15000 not configured
adb0 at macobio0 offset 0x16000 irq 25: via-pmu, 3 targets
akbd0 at adb0 addr 2: PowerBook G4 keyboard (Inverted T)
wskbd0 at akbd0: console keyboard, using wsdisplay0
ams0 at adb0 addr 3: EMP trackpad &lt;tpad&gt; 2-button, 400 dpi
wsmouse0 at ams0 mux 0
abtn0 at adb0 addr 7: brightness/volume/eject buttons
apm0 at adb0: battery flags 0x5, 100% charged
battery at macobio0 offset 0x0 not configured
backlight at macobio0 offset 0xf300 not configured
kiic1 at macobio0 offset 0x18000
iic1 at kiic1
wdc0 at macobio0 offset 0x1f000 irq 19: DMA
wd0 at wdc0 channel 0 drive 0: &lt;IBM-DJSA-210&gt;
wd0: 16-sector PIO, LBA, 9590MB, 19640880 sectors
atapiscsi0 at wdc0 channel 0 drive 1
scsibus0 at atapiscsi0: 2 targets
cd0 at scsibus0 targ 0 lun 0: &lt;MATSHITA, CD-ROM CR-177, 7A0A&gt; ATAPI 5/cdrom removable
wd0(wdc0:0:0): using PIO mode 4, DMA mode 2, Ultra-DMA mode 2
cd0(wdc0:0:1): using PIO mode 4, DMA mode 2, Ultra-DMA mode 2
wi0 at macobio0 offset 0x30000 irq 57:
wi0: Firmware 8.70 variant 1, address xx:xx:xx:xx:xx:xx
audio0 at tumbler0
ohci0 at pci1 dev 24 function 0 Apple Pangea USB rev 0x00: irq 27, version 1.0
ohci1 at pci1 dev 25 function 0 Apple Pangea USB rev 0x00: irq 28, version 1.0
usb0 at ohci0: USB revision 1.0
uhub0 at usb0 Apple OHCI root hub rev 1.00/1.00 addr 1
usb1 at ohci1: USB revision 1.0
uhub1 at usb1 Apple OHCI root hub rev 1.00/1.00 addr 1
mpcpcibr2 at mainbus0 pci: uni-north, Revision 0x16
pci2 at mpcpcibr2 bus 0
pchb2 at pci2 dev 11 function 0 Apple Pangea PCI rev 0x00
Apple Pangea FireWire rev 0x00 at pci2 dev 14 function 0 not configured
gem0 at pci2 dev 15 function 0 Apple Pangea GMAC rev 0x00: irq 41, address xx:xx:xx:xx:xx:xx
bmtphy0 at gem0 phy 0: BCM5221 100baseTX PHY, rev. 3
ural0 at uhub1 port 1 Ralink 802.11g WLAN rev 2.00/0.01 addr 2
ural0: MAC/BBP RT2570 (rev 0x05), RF RT2526, address xx:xx:xx:xx:xx:xx
softraid0 at root
bootpath: /pci@f2000000/mac-io@17/ata-4@1f000/disk@0:/bsd
root on wd0a swap on wd0b dump on wd0b
</pre>



</div><!-- content -->
<br />
<div id="footer">
All comments/news/posts are the property of their individual owner and
is presented without warranty of suitability, and solely as an
informational resource. <br />
This site Copyright &copy; 2004-2020 NYC*BUG.
</div><!-- footer -->

</body>
</html>

