



<!doctype html>
<html lang="en">
<head>
<meta name="keywords"
	content="bsd, freebsd, openbsd, netbsd, dragonflybsd, nycbug, dmesgd" />
<meta name="description" content="New York City BSD User Group dmesgd" />
<meta charset="utf-8" />
<meta name="viewport" content="width=device-width, initial-scale=1" />
<title>NYC*BUG dmesgd</title>
<style>
body {
	text-align: left;
	margin: 15px auto;
	padding: 0px 10px;
}
@media (min-width: 800px) {
	body {
		max-width: 85%;
	}
}
#header {
	border-bottom: 1px solid #dbdbdb;
	font-size: 230%;
	text-align: left;
}
#footer {
	border-top: 1px solid #dbdbdb;
	clear: both;
	text-align: left;
}
.logo_bug {
	color: #cc0033;
}
#menu ul {
	list-style-type: none;
	margin: 0;
	padding: 0;
}
#menu li {
	float: left;
}
#menu li a {
	display: block;
	background-color: #dbdbdb;
	color: #000000;
	font-size: 105%;
	font-weight: bold;
	padding: 0px 6px 0px 6px;
	text-decoration: none;
}
#content {
	clear: both;
	text-align: left;
	padding-top: 10px;
}
#content h1 {
	font-size: 120%;
	font-weight: bold;
}
#content h2 {
	font-size: 110%;
	font-weight: bold;
}
#content a {
	text-decoration: none;
}
#content pre {
	background-color: #dbdbdb;
	padding: 5px 5px 5px 5px;
	white-space: pre-wrap;		/* css-3 */
	white-space: -moz-pre-wrap;	/* Mozilla, since 1999 */
	white-space: -pre-wrap;		/* Opera 4-6 */
	white-space: -o-pre-wrap;	/* Opera 7 */
	word-wrap: break-word;		/* Internet Explorer 5.5+ */
}
#content table {
	border-collapse: collapse;
}
#content table th {
	border: 1px solid #dbdbdb;
	font-size: 85%;
	white-space: nowrap;
}
#content table td {
	border: 1px solid #dbdbdb;
	font-size: 80%;
}
#content input {
	font-size: 1em;
}
#content .full	{ width: 100%; }
#content .left	{ text-align: left; }
#content .right	{ text-align: right; }
#content .center { text-align: center; }
#content .flexbox {
	display: -ms-flex;
	display: -webkit-flex;
	display: flex;
	width: 100%;
}
#content .left_col {
	min-width: 75px;
	max-width: 50%;
	flex-grow: 0;
}
#content .right_col {
	flex-grow: 1;
	margin-left: 10px;
	padding-top: 10px;
	padding-left: 10px;
}
#col {
	-moz-column-count: 3;
	-webkit-column-count: 3;
	column-count: 3;
}
</style>
</head>
<body>

<div id="header">
<strong><em>NYC*</em><span class="logo_bug">BUG</span> dmesgd</strong>
</div><!-- header -->

<div id="menu">
<ul>
<li><a href="https://dmesgd.nycbug.org/index.cgi?do=index">Home</a></li>
<li><a href="https://dmesgd.nycbug.org/index.cgi?do=submit">Submit</a></li>
<li><a href="https://www.nycbug.org/">NYC*BUG</a></li>
</ul>
</div><!-- menu -->

<div id="content">

<p>
Launched in 2004, dmesgd aims to provide a
<strong>user-submitted</strong> repository of searchable *BSD dmesgs.
The dmesg(8) command displays the system message buffer's content, and
during boot a copy is saved to <em>/var/run/dmesg.boot</em>.  This buffer
contains the operating system release, name and version, a list of
devices identified, plus a whole host of other useful information.  We
hope others find this resource useful and further contribute to its
growth. Contact us at [ admin at lists dot nycbug dot org ].
</p>

<hr />


<strong>Date:</strong> <em>2010-03-03 19:21:52</em><br />
<strong>From:</strong> <em>Siraaj Khandkar</em><br />
<strong>Description:</strong> <em>V2DP + AMD Geode NX 1500 (modified Barracuda Spyware Firewall)</em><br />

<pre>
OpenBSD 4.6-stable (GENERIC) #0: Sun Feb 14 16:18:35 EST 2010
    xxx@xxx.xxx:/usr/src/sys/arch/i386/compile/GENERIC
cpu0: Mobile AMD Athl (AuthenticAMD 686-class, 256KB L2 cache) 1 GHz
cpu0: FPU,V86,DE,PSE,TSC,MSR,PAE,MCE,CX8,SEP,MTRR,PGE,MCA,CMOV,PAT,PSE36,MMX,FXSR,SSE
real mem  = 251162624 (239MB)
avail mem = 234016768 (223MB)
mainbus0 at root
bios0 at mainbus0: AT/286+ BIOS, date 06/22/05, BIOS32 rev. 0 @ 0xfb700, SMBIOS rev. 2.3 @ 0xf0000 (38 entries)
bios0: vendor Phoenix Technologies, LTD version 6.00 PG date 06/22/2005
bios0: VIA Technologies, Inc. KM266PRO-8235
apm0 at bios0: Power Management spec V1.2 (slowidle)
apm0: AC on, battery charge unknown
acpi at bios0 function 0x0 not configured
pcibios0 at bios0: rev 2.1 @ 0xf0000/0xdf74
pcibios0: PCI IRQ Routing Table rev 1.0 @ 0xfded0/128 (6 entries)
pcibios0: PCI Exclusive IRQs: 5 10 11 12
pcibios0: PCI Interrupt Router at 000:17:0 (VIA VT82C596A ISA rev 0x00)
pcibios0: PCI bus #1 is the last bus
bios0: ROM list: 0xc0000/0x7e00
cpu0 at mainbus0: (uniprocessor)
pci0 at mainbus0 bus 0: configuration mode 1 (bios)
pchb0 at pci0 dev 0 function 0 VIA VT8378 PCI rev 0x00
viaagp0 at pchb0: v3
agp0 at viaagp0: aperture at 0xee000000, size 0xe100000
ppb0 at pci0 dev 1 function 0 VIA VT8377 AGP rev 0x00
pci1 at ppb0 bus 1
vga1 at pci1 dev 0 function 0 VIA VT8378 VGA rev 0x01
wsdisplay0 at vga1 mux 1: console (80x25, vt100 emulation)
wsdisplay0: screen 1-5 added (80x25, vt100 emulation)
rl0 at pci0 dev 8 function 0 Realtek 8139 rev 0x10: irq 12, address xx:xx:xx:xx:xx:xx
rlphy0 at rl0 phy 0: RTL internal PHY
rl1 at pci0 dev 9 function 0 Realtek 8139 rev 0x10: irq 10, address xx:xx:xx:xx:xx:xx
rlphy1 at rl1 phy 0: RTL internal PHY
viapm0 at pci0 dev 17 function 0 VIA VT8235 ISA rev 0x00
iic0 at viapm0
spdmem0 at iic0 addr 0x50: 256MB DDR SDRAM non-parity PC2700CL2.5
pciide0 at pci0 dev 17 function 1 VIA VT82C571 IDE rev 0x06: ATA133, channel 0 configured to compatibility, channel 1 configured to compatibility
wd0 at pciide0 channel 0 drive 0: &lt;ST3402111A&gt;
wd0: 16-sector PIO, LBA48, 38166MB, 78163968 sectors
wd0(pciide0:0:0): using PIO mode 4, Ultra-DMA mode 5
pciide0: channel 1 disabled (no drives)
vr0 at pci0 dev 18 function 0 VIA RhineII-2 rev 0x74: irq 11, address xx:xx:xx:xx:xx:xx
ukphy0 at vr0 phy 1: Generic IEEE 802.3u media interface, rev. 10: OUI 0x004063, model 0x0032
isa0 at mainbus0
isadma0 at isa0
pckbc0 at isa0 port 0x60/5
pckbd0 at pckbc0 (kbd slot)
pckbc0: using irq 1 for kbd slot
wskbd0 at pckbd0: console keyboard, using wsdisplay0
pcppi0 at isa0 port 0x61
midi0 at pcppi0: &lt;PC speaker&gt;
spkr0 at pcppi0
it0 at isa0 port 0x2e/2: IT8705F rev 3, EC port 0x290
npx0 at isa0 port 0xf0/16: reported by CPUID; using exception 16
biomask e3fd netmask fffd ttymask ffff
mtrr: Pentium Pro MTRR support
softraid0 at root
root on wd0a swap on wd0b dump on wd0b
</pre>



</div><!-- content -->
<br />
<div id="footer">
All comments/news/posts are the property of their individual owner and
is presented without warranty of suitability, and solely as an
informational resource. <br />
This site Copyright &copy; 2004-2020 NYC*BUG.
</div><!-- footer -->

</body>
</html>

