



<!doctype html>
<html lang="en">
<head>
<meta name="keywords"
	content="bsd, freebsd, openbsd, netbsd, dragonflybsd, nycbug, dmesgd" />
<meta name="description" content="New York City BSD User Group dmesgd" />
<meta charset="utf-8" />
<meta name="viewport" content="width=device-width, initial-scale=1" />
<title>NYC*BUG dmesgd</title>
<style>
body {
	text-align: left;
	margin: 15px auto;
	padding: 0px 10px;
}
@media (min-width: 800px) {
	body {
		max-width: 85%;
	}
}
#header {
	border-bottom: 1px solid #dbdbdb;
	font-size: 230%;
	text-align: left;
}
#footer {
	border-top: 1px solid #dbdbdb;
	clear: both;
	text-align: left;
}
.logo_bug {
	color: #cc0033;
}
#menu ul {
	list-style-type: none;
	margin: 0;
	padding: 0;
}
#menu li {
	float: left;
}
#menu li a {
	display: block;
	background-color: #dbdbdb;
	color: #000000;
	font-size: 105%;
	font-weight: bold;
	padding: 0px 6px 0px 6px;
	text-decoration: none;
}
#content {
	clear: both;
	text-align: left;
	padding-top: 10px;
}
#content h1 {
	font-size: 120%;
	font-weight: bold;
}
#content h2 {
	font-size: 110%;
	font-weight: bold;
}
#content a {
	text-decoration: none;
}
#content pre {
	background-color: #dbdbdb;
	padding: 5px 5px 5px 5px;
	white-space: pre-wrap;		/* css-3 */
	white-space: -moz-pre-wrap;	/* Mozilla, since 1999 */
	white-space: -pre-wrap;		/* Opera 4-6 */
	white-space: -o-pre-wrap;	/* Opera 7 */
	word-wrap: break-word;		/* Internet Explorer 5.5+ */
}
#content table {
	border-collapse: collapse;
}
#content table th {
	border: 1px solid #dbdbdb;
	font-size: 85%;
	white-space: nowrap;
}
#content table td {
	border: 1px solid #dbdbdb;
	font-size: 80%;
}
#content input {
	font-size: 1em;
}
#content .full	{ width: 100%; }
#content .left	{ text-align: left; }
#content .right	{ text-align: right; }
#content .center { text-align: center; }
#content .flexbox {
	display: -ms-flex;
	display: -webkit-flex;
	display: flex;
	width: 100%;
}
#content .left_col {
	min-width: 75px;
	max-width: 50%;
	flex-grow: 0;
}
#content .right_col {
	flex-grow: 1;
	margin-left: 10px;
	padding-top: 10px;
	padding-left: 10px;
}
#col {
	-moz-column-count: 3;
	-webkit-column-count: 3;
	column-count: 3;
}
</style>
</head>
<body>

<div id="header">
<strong><em>NYC*</em><span class="logo_bug">BUG</span> dmesgd</strong>
</div><!-- header -->

<div id="menu">
<ul>
<li><a href="https://dmesgd.nycbug.org/index.cgi?do=index">Home</a></li>
<li><a href="https://dmesgd.nycbug.org/index.cgi?do=submit">Submit</a></li>
<li><a href="https://www.nycbug.org/">NYC*BUG</a></li>
</ul>
</div><!-- menu -->

<div id="content">

<p>
Launched in 2004, dmesgd aims to provide a
<strong>user-submitted</strong> repository of searchable *BSD dmesgs.
The dmesg(8) command displays the system message buffer's content, and
during boot a copy is saved to <em>/var/run/dmesg.boot</em>.  This buffer
contains the operating system release, name and version, a list of
devices identified, plus a whole host of other useful information.  We
hope others find this resource useful and further contribute to its
growth. Contact us at [ admin at lists dot nycbug dot org ].
</p>

<hr />


<strong>Date:</strong> <em>2010-07-12 14:22:37</em><br />
<strong>From:</strong> <em>Sevan / Venture37</em><br />
<strong>Description:</strong> <em>AsusTek CUR-DLS motherboad</em><br />

<pre>
OpenBSD 4.7-current (GENERIC.MP) #191: Sat Jul 10 15:00:55 MDT 2010
    xxx@xxx.xxx:/usr/src/sys/arch/i386/compile/GENERIC.MP
cpu0: Intel Pentium III (GenuineIntel 686-class) 934 MHz
cpu0: FPU,V86,DE,PSE,TSC,MSR,PAE,MCE,CX8,APIC,SEP,MTRR,PGE,MCA,CMOV,PSE36,SER,MMX,FXSR,SSE
real mem  = 1073246208 (1023MB)
avail mem = 1045684224 (997MB)
mainbus0 at root
bios0 at mainbus0: AT/286+ BIOS, date 04/26/01, BIOS32 rev. 0 @ 0xfdb90, SMBIOS rev. 2.3 @ 0xf09b0 (55 entries)
bios0: vendor American Megatrends Inc. version 070001 date 04/26/2001
bios0: AsusTek CUR-DLS
acpi0 at bios0: rev 0
acpi0: tables DSDT FACP APIC
acpi0: wakeup devices SLPB(S1)
acpitimer0 at acpi0: 3579545 Hz, 32 bits
acpimadt0 at acpi0 addr 0xfee00000: PC-AT compat
cpu0 at mainbus0: apid 0 (boot processor)
cpu0: apic clock running at 133MHz
cpu1 at mainbus0: apid 1 (application processor)
cpu1: Intel Pentium III (GenuineIntel 686-class) 934 MHz
cpu1: FPU,V86,DE,PSE,TSC,MSR,PAE,MCE,CX8,APIC,SEP,MTRR,PGE,MCA,CMOV,PSE36,SER,MMX,FXSR,SSE
ioapic0 at mainbus0: apid 4 pa 0xfec00000, version 11, 16 pins
ioapic1 at mainbus0: apid 5 pa 0xfec01000, version 11, 16 pins
acpiprt0 at acpi0: bus 0 (NRTH)
acpiprt1 at acpi0: bus 1 (PCI1)
acpicpu0 at acpi0
acpicpu1 at acpi0
acpibtn0 at acpi0: SLPB
bios0: ROM list: 0xc0000/0x8000 0xc8000/0x4000 0xcc000/0x1000 0xcd000/0x1000
pci0 at mainbus0 bus 0: configuration mode 1 (bios)
pchb0 at pci0 dev 0 function 0 ServerWorks CNB20LE Host rev 0x05
pchb1 at pci0 dev 0 function 1 ServerWorks CNB20LE Host rev 0x05
pci1 at pchb1 bus 1
siop0 at pci1 dev 5 function 0 Symbios Logic 53c1010-33 rev 0x01: apic 5 int 8 (irq 7), using 8K of on-board RAM
scsibus0 at siop0: 16 targets, initiator 7
sd0 at scsibus0 targ 0 lun 0: &lt;QUANTUM, ATLAS10K3_18_WLS, 020W&gt; SCSI3 0/direct fixed
sd0: 17537MB, 512 bytes/sec, 35916548 sec total
siop1 at pci1 dev 5 function 1 Symbios Logic 53c1010-33 rev 0x01: apic 5 int 9 (irq 11), using 8K of on-board RAM
scsibus1 at siop1: 16 targets, initiator 7
em0 at pci0 dev 3 function 0 Intel PRO/1000GT (82541GI) rev 0x05: apic 5 int 0 (irq 5), address xx:xx:xx:xx:xx:xx
em1 at pci0 dev 4 function 0 Intel PRO/1000GT (82541GI) rev 0x05: apic 5 int 1 (irq 9), address xx:xx:xx:xx:xx:xx
vga1 at pci0 dev 7 function 0 ATI Rage XL rev 0x65
wsdisplay0 at vga1 mux 1: console (80x25, vt100 emulation)
wsdisplay0: screen 1-5 added (80x25, vt100 emulation)
piixpm0 at pci0 dev 15 function 0 ServerWorks OSB4 rev 0x4f: polling
iic0 at piixpm0
lm1 at iic0 addr 0x2d: AS99127F rev 2
iic0: addr 0x2f d0=00 d1=00 d2=00 d3=00 d4=00 e0=00 e1=00 e2=00 e3=00 e4=00 e5=00 e6=00 e7=00 e8=00 e9=00 ea=00 eb=00 f6=f
8 f7=10 words 00=ffff 01=ffff 02=ffff 03=ffff 04=ffff 05=ffff 06=ffff 07=ffff
pciide0 at pci0 dev 15 function 1 ServerWorks OSB4 IDE rev 0x00: DMA
atapiscsi0 at pciide0 channel 0 drive 0
scsibus2 at atapiscsi0: 2 targets
cd0 at scsibus2 targ 0 lun 0: &lt;E-IDE, CD-950E/TKU, A4E&gt; ATAPI 5/cdrom removable
cd0(pciide0:0:0): using PIO mode 4, DMA mode 2, Ultra-DMA mode 2
ohci0 at pci0 dev 15 function 2 ServerWorks OSB4/CSB5 USB rev 0x04: apic 4 int 10 (irq 10), version 1.0, legacy support
usb0 at ohci0: USB revision 1.0
uhub0 at usb0 ServerWorks OHCI root hub rev 1.00/1.00 addr 1
isa0 at mainbus0
isadma0 at isa0
com0 at isa0 port 0x3f8/8 irq 4: ns16550a, 16 byte fifo
com1 at isa0 port 0x2f8/8 irq 3: ns16550a, 16 byte fifo
pckbc0 at isa0 port 0x60/5
pcppi0 at isa0 port 0x61
midi0 at pcppi0: &lt;PC speaker&gt;
spkr0 at pcppi0
npx0 at isa0 port 0xf0/16: reported by CPUID; using exception 16
fdc0 at isa0 port 0x3f0/6 irq 6 drq 2
fd0 at fdc0 drive 0: 1.44MB 80 cyl, 2 head, 18 sec
mtrr: Pentium Pro MTRR support
vscsi0 at root
scsibus3 at vscsi0: 256 targets
softraid0 at root
siop0: target 0 now using tagged DT 16 bit 80.0 MHz 62 REQ/ACK offset xfers
root on sd0a swap on sd0b dump on sd0b
</pre>



</div><!-- content -->
<br />
<div id="footer">
All comments/news/posts are the property of their individual owner and
is presented without warranty of suitability, and solely as an
informational resource. <br />
This site Copyright &copy; 2004-2020 NYC*BUG.
</div><!-- footer -->

</body>
</html>

