



<!doctype html>
<html lang="en">
<head>
<meta name="keywords"
	content="bsd, freebsd, openbsd, netbsd, dragonflybsd, nycbug, dmesgd" />
<meta name="description" content="New York City BSD User Group dmesgd" />
<meta charset="utf-8" />
<meta name="viewport" content="width=device-width, initial-scale=1" />
<title>NYC*BUG dmesgd</title>
<style>
body {
	text-align: left;
	margin: 15px auto;
	padding: 0px 10px;
}
@media (min-width: 800px) {
	body {
		max-width: 85%;
	}
}
#header {
	border-bottom: 1px solid #dbdbdb;
	font-size: 230%;
	text-align: left;
}
#footer {
	border-top: 1px solid #dbdbdb;
	clear: both;
	text-align: left;
}
.logo_bug {
	color: #cc0033;
}
#menu ul {
	list-style-type: none;
	margin: 0;
	padding: 0;
}
#menu li {
	float: left;
}
#menu li a {
	display: block;
	background-color: #dbdbdb;
	color: #000000;
	font-size: 105%;
	font-weight: bold;
	padding: 0px 6px 0px 6px;
	text-decoration: none;
}
#content {
	clear: both;
	text-align: left;
	padding-top: 10px;
}
#content h1 {
	font-size: 120%;
	font-weight: bold;
}
#content h2 {
	font-size: 110%;
	font-weight: bold;
}
#content a {
	text-decoration: none;
}
#content pre {
	background-color: #dbdbdb;
	padding: 5px 5px 5px 5px;
	white-space: pre-wrap;		/* css-3 */
	white-space: -moz-pre-wrap;	/* Mozilla, since 1999 */
	white-space: -pre-wrap;		/* Opera 4-6 */
	white-space: -o-pre-wrap;	/* Opera 7 */
	word-wrap: break-word;		/* Internet Explorer 5.5+ */
}
#content table {
	border-collapse: collapse;
}
#content table th {
	border: 1px solid #dbdbdb;
	font-size: 85%;
	white-space: nowrap;
}
#content table td {
	border: 1px solid #dbdbdb;
	font-size: 80%;
}
#content input {
	font-size: 1em;
}
#content .full	{ width: 100%; }
#content .left	{ text-align: left; }
#content .right	{ text-align: right; }
#content .center { text-align: center; }
#content .flexbox {
	display: -ms-flex;
	display: -webkit-flex;
	display: flex;
	width: 100%;
}
#content .left_col {
	min-width: 75px;
	max-width: 50%;
	flex-grow: 0;
}
#content .right_col {
	flex-grow: 1;
	margin-left: 10px;
	padding-top: 10px;
	padding-left: 10px;
}
#col {
	-moz-column-count: 3;
	-webkit-column-count: 3;
	column-count: 3;
}
</style>
</head>
<body>

<div id="header">
<strong><em>NYC*</em><span class="logo_bug">BUG</span> dmesgd</strong>
</div><!-- header -->

<div id="menu">
<ul>
<li><a href="https://dmesgd.nycbug.org/index.cgi?do=index">Home</a></li>
<li><a href="https://dmesgd.nycbug.org/index.cgi?do=submit">Submit</a></li>
<li><a href="https://www.nycbug.org/">NYC*BUG</a></li>
</ul>
</div><!-- menu -->

<div id="content">

<p>
Launched in 2004, dmesgd aims to provide a
<strong>user-submitted</strong> repository of searchable *BSD dmesgs.
The dmesg(8) command displays the system message buffer's content, and
during boot a copy is saved to <em>/var/run/dmesg.boot</em>.  This buffer
contains the operating system release, name and version, a list of
devices identified, plus a whole host of other useful information.  We
hope others find this resource useful and further contribute to its
growth. Contact us at [ admin at lists dot nycbug dot org ].
</p>

<hr />


<strong>Date:</strong> <em>2010-08-17 09:25:50</em><br />
<strong>From:</strong> <em>mikeputnam</em><br />
<strong>Description:</strong> <em>Dell Dimension 3000</em><br />

<pre>
OpenBSD 4.7 (GENERIC) #558: Wed Mar 17 20:46:15 MDT 2010
    xxx@xxx.xxx:/usr/src/sys/arch/i386/compile/GENERIC
cpu0: Intel(R) Pentium(R) 4 CPU 2.80GHz (GenuineIntel 686-class) 2.80 GHz
cpu0: FPU,V86,DE,PSE,TSC,MSR,PAE,MCE,CX8,APIC,SEP,MTRR,PGE,MCA,CMOV,PAT,PSE36,CFLUSH,DS,ACPI,MMX,FXSR,SSE,SSE2,SS,HTT,TM,SBF,SSE3,MWAIT,DS-CPL,CNXT-ID,xTPR
real mem  = 266371072 (254MB)
avail mem = 249384960 (237MB)
mainbus0 at root
bios0 at mainbus0: AT/286+ BIOS, date 11/08/04, BIOS32 rev. 0 @ 0xffe90, SMBIOS rev. 2.3 @ 0xf0450 (59 entries)
bios0: vendor Dell Computer Corporation version A02 date 11/08/2004
bios0: Dell Computer Corporation Dimension 3000
acpi0 at bios0: rev 0
acpi0: tables DSDT FACP SSDT APIC BOOT
acpi0: wakeup devices VBTN(S4) PCI0(S3) USB0(S3) USB1(S3) USB2(S3) USB3(S3) PCI1(S5) KBD_(S3)
acpitimer0 at acpi0: 3579545 Hz, 24 bits
acpimadt0 at acpi0 addr 0xfee00000: PC-AT compat
cpu0 at mainbus0: apid 0 (boot processor)
cpu0: apic clock running at 133MHz
ioapic0 at mainbus0: apid 1 pa 0xfec00000, version 20, 24 pins
ioapic0: misconfigured as apic 0, remapped to apid 1
acpiprt0 at acpi0: bus 0 (PCI0)
acpiprt1 at acpi0: bus 1 (PCI1)
acpicpu0 at acpi0
acpibtn0 at acpi0: VBTN
bios0: ROM list: 0xc0000/0xa800 0xca800/0x1800!
pci0 at mainbus0 bus 0: configuration mode 1 (bios)
pchb0 at pci0 dev 0 function 0 Intel 82865G Host rev 0x02
vga1 at pci0 dev 2 function 0 Intel 82865G Video rev 0x02
wsdisplay0 at vga1 mux 1: console (80x25, vt100 emulation)
wsdisplay0: screen 1-5 added (80x25, vt100 emulation)
intagp0 at vga1
agp0 at intagp0: aperture at 0xe8000000, size 0x8000000
inteldrm0 at vga1: apic 1 int 16 (irq 11)
drm0 at inteldrm0
uhci0 at pci0 dev 29 function 0 Intel 82801EB/ER USB rev 0x02: apic 1 int 16 (irq 11)
uhci1 at pci0 dev 29 function 1 Intel 82801EB/ER USB rev 0x02: apic 1 int 19 (irq 10)
uhci2 at pci0 dev 29 function 3 Intel 82801EB/ER USB rev 0x02: apic 1 int 16 (irq 11)
ehci0 at pci0 dev 29 function 7 Intel 82801EB/ER USB2 rev 0x02: apic 1 int 23 (irq 9)
usb0 at ehci0: USB revision 2.0
uhub0 at usb0 Intel EHCI root hub rev 2.00/1.00 addr 1
ppb0 at pci0 dev 30 function 0 Intel 82801BA Hub-to-PCI rev 0xc2
pci1 at ppb0 bus 1
vendor Conexant, unknown product 0x2f20 (class communications subclass miscellaneous, rev 0x00) at pci1 dev 1 function 0 not configured
fxp0 at pci1 dev 8 function 0 Intel PRO/100 VE rev 0x02, i82562: apic 1 int 20 (irq 9), address xx:xx:xx:xx:xx:xx
inphy0 at fxp0 phy 1: i82562ET 10/100 PHY, rev. 0
ichpcib0 at pci0 dev 31 function 0 Intel 82801EB/ER LPC rev 0x02
pciide0 at pci0 dev 31 function 1 Intel 82801EB/ER IDE rev 0x02: DMA, channel 0 configured to compatibility, channel 1 configured to compatibility

wd0 at pciide0 channel 0 drive 0: &lt;WDC WD400BB-75JHC0&gt;
wd0: 16-sector PIO, LBA, 38146MB, 78125000 sectors
wd0(pciide0:0:0): using PIO mode 4, Ultra-DMA mode 5
atapiscsi0 at pciide0 channel 1 drive 0
scsibus0 at atapiscsi0: 2 targets
cd0 at scsibus0 targ 0 lun 0: &lt;TSSTcorp, CD-RW TS-H292B, DE03&gt; ATAPI 5/cdrom removable
atapiscsi1 at pciide0 channel 1 drive 1
scsibus1 at atapiscsi1: 2 targets
cd1 at scsibus1 targ 0 lun 0: &lt;ATAPI, DVD C DH52C2P, MP5C&gt; ATAPI 5/cdrom removable
cd0(pciide0:1:0): using PIO mode 4, Ultra-DMA mode 2
cd1(pciide0:1:1): using PIO mode 4, Ultra-DMA mode 2
ichiic0 at pci0 dev 31 function 3 Intel 82801EB/ER SMBus rev 0x02: apic 1 int 17 (irq 3)
iic0 at ichiic0
spdmem0 at iic0 addr 0x50: 256MB DDR SDRAM non-parity PC3200CL3.0
auich0 at pci0 dev 31 function 5 Intel 82801EB/ER AC97 rev 0x02: apic 1 int 17 (irq 3), ICH5 AC97
ac97: codec id 0x41445370 (Analog Devices AD1980)
ac97: codec features headphone, 20 bit DAC, No 3D Stereo
audio0 at auich0
usb1 at uhci0: USB revision 1.0
uhub1 at usb1 Intel UHCI root hub rev 1.00/1.00 addr 1
usb2 at uhci1: USB revision 1.0
uhub2 at usb2 Intel UHCI root hub rev 1.00/1.00 addr 1
usb3 at uhci2: USB revision 1.0
uhub3 at usb3 Intel UHCI root hub rev 1.00/1.00 addr 1
isa0 at ichpcib0
isadma0 at isa0
com0 at isa0 port 0x3f8/8 irq 4: ns16550a, 16 byte fifo
pckbc0 at isa0 port 0x60/5
pckbd0 at pckbc0 (kbd slot)
pckbc0: using irq 1 for kbd slot
wskbd0 at pckbd0: console keyboard, using wsdisplay0
pmsi0 at pckbc0 (aux slot)
pckbc0: using irq 12 for aux slot
wsmouse0 at pmsi0 mux 0
pcppi0 at isa0 port 0x61
midi0 at pcppi0: &lt;PC speaker&gt;
spkr0 at pcppi0
lpt0 at isa0 port 0x378/4 irq 7
npx0 at isa0 port 0xf0/16: reported by CPUID; using exception 16
fdc0 at isa0 port 0x3f0/6 irq 6 drq 2
fd0 at fdc0 drive 0: 1.44MB 80 cyl, 2 head, 18 sec
mtrr: Pentium Pro MTRR support
umass0 at uhub0 port 8 configuration 1 interface 0  USB Flash Memory rev 2.00/1.10 addr 2
umass0: using SCSI over Bulk-Only
scsibus2 at umass0: 2 targets, initiator 0
sd0 at scsibus2 targ 1 lun 0: &lt;, USB Flash Memory, PMAP&gt; SCSI0 0/direct removable
sd0: 7650MB, 512 bytes/sec, 15667200 sec total
vscsi0 at root
scsibus3 at vscsi0: 256 targets
softraid0 at root
root on sd0a swap on sd0b dump on sd0b
</pre>



</div><!-- content -->
<br />
<div id="footer">
All comments/news/posts are the property of their individual owner and
is presented without warranty of suitability, and solely as an
informational resource. <br />
This site Copyright &copy; 2004-2020 NYC*BUG.
</div><!-- footer -->

</body>
</html>

