



<!doctype html>
<html lang="en">
<head>
<meta name="keywords"
	content="bsd, freebsd, openbsd, netbsd, dragonflybsd, nycbug, dmesgd" />
<meta name="description" content="New York City BSD User Group dmesgd" />
<meta charset="utf-8" />
<meta name="viewport" content="width=device-width, initial-scale=1" />
<title>NYC*BUG dmesgd</title>
<style>
body {
	text-align: left;
	margin: 15px auto;
	padding: 0px 10px;
}
@media (min-width: 800px) {
	body {
		max-width: 85%;
	}
}
#header {
	border-bottom: 1px solid #dbdbdb;
	font-size: 230%;
	text-align: left;
}
#footer {
	border-top: 1px solid #dbdbdb;
	clear: both;
	text-align: left;
}
.logo_bug {
	color: #cc0033;
}
#menu ul {
	list-style-type: none;
	margin: 0;
	padding: 0;
}
#menu li {
	float: left;
}
#menu li a {
	display: block;
	background-color: #dbdbdb;
	color: #000000;
	font-size: 105%;
	font-weight: bold;
	padding: 0px 6px 0px 6px;
	text-decoration: none;
}
#content {
	clear: both;
	text-align: left;
	padding-top: 10px;
}
#content h1 {
	font-size: 120%;
	font-weight: bold;
}
#content h2 {
	font-size: 110%;
	font-weight: bold;
}
#content a {
	text-decoration: none;
}
#content pre {
	background-color: #dbdbdb;
	padding: 5px 5px 5px 5px;
	white-space: pre-wrap;		/* css-3 */
	white-space: -moz-pre-wrap;	/* Mozilla, since 1999 */
	white-space: -pre-wrap;		/* Opera 4-6 */
	white-space: -o-pre-wrap;	/* Opera 7 */
	word-wrap: break-word;		/* Internet Explorer 5.5+ */
}
#content table {
	border-collapse: collapse;
}
#content table th {
	border: 1px solid #dbdbdb;
	font-size: 85%;
	white-space: nowrap;
}
#content table td {
	border: 1px solid #dbdbdb;
	font-size: 80%;
}
#content input {
	font-size: 1em;
}
#content .full	{ width: 100%; }
#content .left	{ text-align: left; }
#content .right	{ text-align: right; }
#content .center { text-align: center; }
#content .flexbox {
	display: -ms-flex;
	display: -webkit-flex;
	display: flex;
	width: 100%;
}
#content .left_col {
	min-width: 75px;
	max-width: 50%;
	flex-grow: 0;
}
#content .right_col {
	flex-grow: 1;
	margin-left: 10px;
	padding-top: 10px;
	padding-left: 10px;
}
#col {
	-moz-column-count: 3;
	-webkit-column-count: 3;
	column-count: 3;
}
</style>
</head>
<body>

<div id="header">
<strong><em>NYC*</em><span class="logo_bug">BUG</span> dmesgd</strong>
</div><!-- header -->

<div id="menu">
<ul>
<li><a href="https://dmesgd.nycbug.org/index.cgi?do=index">Home</a></li>
<li><a href="https://dmesgd.nycbug.org/index.cgi?do=submit">Submit</a></li>
<li><a href="https://www.nycbug.org/">NYC*BUG</a></li>
</ul>
</div><!-- menu -->

<div id="content">

<p>
Launched in 2004, dmesgd aims to provide a
<strong>user-submitted</strong> repository of searchable *BSD dmesgs.
The dmesg(8) command displays the system message buffer's content, and
during boot a copy is saved to <em>/var/run/dmesg.boot</em>.  This buffer
contains the operating system release, name and version, a list of
devices identified, plus a whole host of other useful information.  We
hope others find this resource useful and further contribute to its
growth. Contact us at [ admin at lists dot nycbug dot org ].
</p>

<hr />


<strong>Date:</strong> <em>2010-10-08 12:44:01</em><br />
<strong>From:</strong> <em>Sevan / Venture37</em><br />
<strong>Description:</strong> <em>Mac Mini (2007) macmini2,1</em><br />

<pre>
OpenBSD 4.8-current (GENERIC.MP) #410: Sat Oct  2 05:57:39 MDT 2010
    xxx@xxx.xxx:/usr/src/sys/arch/i386/compile/GENERIC.MP
cpu0: Intel(R) Core(TM)2 CPU T7200 @ 2.00GHz (GenuineIntel 686-class) 2.01 GHz
cpu0: FPU,V86,DE,PSE,TSC,MSR,PAE,MCE,CX8,APIC,SEP,MTRR,PGE,MCA,CMOV,PAT,PSE36,CFLUSH,DS,ACPI,MMX,FXSR,SSE,SSE2,SS,HTT,TM,SBF,SSE3,MWAIT,DS-CPL,VMX,EST,TM2,SSSE3,CX16,xTPR,PDCM
real mem  = 3188047872 (3040MB)
avail mem = 3125878784 (2981MB)
mainbus0 at root
bios0 at mainbus0: AT/286+ BIOS, date 07/29/05, SMBIOS rev. 2.4 @ 0xe0000 (38 entries)
bios0: vendor Apple Inc. version MM21.88Z.009A.B00.0706281359 date 06/28/07
bios0: Apple Inc. Macmini2,1
acpi0 at bios0: rev 2
acpi0: sleep states S0 S3 S4 S5
acpi0: tables DSDT FACP HPET APIC MCFG ASF! SBST ECDT SSDT SSDT SSDT
acpi0: wakeup devices PXS1(S4) PXS2(S4) USB1(S3) USB2(S3) USB3(S3) USB4(S3) USB7(S3)
acpitimer0 at acpi0: 3579545 Hz, 24 bits
acpihpet0 at acpi0: 14318179 Hz
acpimadt0 at acpi0 addr 0xfee00000: PC-AT compat
cpu0 at mainbus0: apid 0 (boot processor)
cpu0: apic clock running at 166MHz
cpu1 at mainbus0: apid 1 (application processor)
cpu1: Intel(R) Core(TM)2 CPU T7200 @ 2.00GHz (GenuineIntel 686-class) 2 GHz
cpu1: FPU,V86,DE,PSE,TSC,MSR,PAE,MCE,CX8,APIC,SEP,MTRR,PGE,MCA,CMOV,PAT,PSE36,CFLUSH,DS,ACPI,MMX,FXSR,SSE,SSE2,SS,HTT,TM,SBF,SSE3,MWAIT,DS-CPL,VMX,EST,TM2,SSSE3,CX16,xTPR,PDCM
ioapic0 at mainbus0: apid 1 pa 0xfec00000, version 20, 24 pins
ioapic0: misconfigured as apic 0, remapped to apid 1
acpiec0 at acpi0
acpiprt0 at acpi0: bus 0 (PCI0)
acpiprt1 at acpi0: bus 1 (RP01)
acpiprt2 at acpi0: bus 2 (RP02)
acpiprt3 at acpi0: bus 3 (PCIB)
acpicpu0 at acpi0: C2, C1, PSS
acpicpu1 at acpi0: C2, C1, PSS
acpibtn0 at acpi0: PWRB
acpivideo0 at acpi0: GFX0
acpivout0 at acpivideo0: VGA_
acpivout1 at acpivideo0: TV__
bios0: ROM list: 0xc0000/0xe600!
cpu0: Enhanced SpeedStep 2000 MHz: speeds: 2000, 1833, 1667, 1500, 1333, 1000 MHz
memory map conflict 0xe00f8000/0x1000
memory map conflict 0xfed1c000/0x4000
memory map conflict 0xfffb0000/0x30000
pci0 at mainbus0 bus 0: configuration mode 1 (bios)
pchb0 at pci0 dev 0 function 0 Intel 82945GM Host rev 0x03
vga1 at pci0 dev 2 function 0 Intel 82945GM Video rev 0x03
wsdisplay0 at vga1 mux 1: console (80x25, vt100 emulation)
wsdisplay0: screen 1-5 added (80x25, vt100 emulation)
intagp0 at vga1
agp0 at intagp0: aperture at 0xc0000000, size 0x10000000
inteldrm0 at vga1: apic 1 int 16 (irq 11)
drm0 at inteldrm0
vendor Intel, unknown product 0x27a3 (class DASP subclass Time and Frequency, rev 0x03) at pci0 dev 7 function 0 not configured
azalia0 at pci0 dev 27 function 0 Intel 82801GB HD Audio rev 0x02: apic 1 int 22 (irq 10)
azalia0: codecs: Sigmatel STAC9220/1
audio0 at azalia0
ppb0 at pci0 dev 28 function 0 Intel 82801GB PCIE rev 0x02: apic 1 int 17 (irq 11)
pci1 at ppb0 bus 1
mskc0 at pci1 dev 0 function 0 Marvell Yukon 88E8053 rev 0x22, Yukon-2 EC rev. A3 (0x2): apic 1 int 16 (irq 11)
msk0 at mskc0 port A: address xx:xx:xx:xx:xx:xx
eephy0 at msk0 phy 0: 88E1111 Gigabit PHY, rev. 2
ppb1 at pci0 dev 28 function 1 Intel 82801GB PCIE rev 0x02: apic 1 int 16 (irq 11)
pci2 at ppb1 bus 2
ath0 at pci2 dev 0 function 0 Atheros AR5424 rev 0x01: apic 1 int 17 (irq 11)
ath0: AR5424 10.3 phy 6.1 rf 10.2, WORAW, address xx:xx:xx:xx:xx:xx
uhci0 at pci0 dev 29 function 0 Intel 82801GB USB rev 0x02: apic 1 int 21 (irq 11)
uhci1 at pci0 dev 29 function 1 Intel 82801GB USB rev 0x02: apic 1 int 19 (irq 11)
uhci2 at pci0 dev 29 function 2 Intel 82801GB USB rev 0x02: apic 1 int 18 (irq 11)
uhci3 at pci0 dev 29 function 3 Intel 82801GB USB rev 0x02: apic 1 int 16 (irq 11)
ehci0 at pci0 dev 29 function 7 Intel 82801GB USB rev 0x02: apic 1 int 21 (irq 11)
usb0 at ehci0: USB revision 2.0
uhub0 at usb0 Intel EHCI root hub rev 2.00/1.00 addr 1
ppb2 at pci0 dev 30 function 0 Intel 82801BAM Hub-to-PCI rev 0xe2
pci3 at ppb2 bus 3
AT&amp;amp;T/Lucent FW322 1394 rev 0x61 at pci3 dev 3 function 0 not configured
ichpcib0 at pci0 dev 31 function 0 Intel 82801GBM LPC rev 0x02: PM disabled
pciide0 at pci0 dev 31 function 1 Intel 82801GB IDE rev 0x02: DMA, channel 0 configured to compatibility, channel 1 configured to compatibility
atapiscsi0 at pciide0 channel 0 drive 0
scsibus0 at atapiscsi0: 2 targets
cd0 at scsibus0 targ 0 lun 0: &lt;PIONEER, DVD-RW DVR-K06, Q614&gt; ATAPI 5/cdrom removable
cd0(pciide0:0:0): using PIO mode 4, Ultra-DMA mode 2
pciide0: channel 1 disabled (no drives)
pciide1 at pci0 dev 31 function 2 Intel 82801GBM SATA rev 0x02: DMA, channel 0 configured to native-PCI, channel 1 configured to native-PCI
pciide1: using apic 1 int 19 (irq 11) for native-PCI interrupt
wd0 at pciide1 channel 0 drive 1: &lt;WDC WD3200BEKT-60KA9T0&gt;
wd0: 16-sector PIO, LBA48, 305245MB, 625142448 sectors
wd0(pciide1:0:1): using PIO mode 4, Ultra-DMA mode 6
ichiic0 at pci0 dev 31 function 3 Intel 82801GB SMBus rev 0x02: apic 1 int 19 (irq 11)
iic0 at ichiic0
spdmem0 at iic0 addr 0x50: 2GB DDR2 SDRAM non-parity PC2-5300CL5 SO-DIMM
spdmem1 at iic0 addr 0x52: 1GB DDR2 SDRAM non-parity PC2-5300CL5 SO-DIMM
usb1 at uhci0: USB revision 1.0
uhub1 at usb1 Intel UHCI root hub rev 1.00/1.00 addr 1
usb2 at uhci1: USB revision 1.0
uhub2 at usb2 Intel UHCI root hub rev 1.00/1.00 addr 1
usb3 at uhci2: USB revision 1.0
uhub3 at usb3 Intel UHCI root hub rev 1.00/1.00 addr 1
usb4 at uhci3: USB revision 1.0
uhub4 at usb4 Intel UHCI root hub rev 1.00/1.00 addr 1
isa0 at ichpcib0
isadma0 at isa0
pcppi0 at isa0 port 0x61
spkr0 at pcppi0
npx0 at isa0 port 0xf0/16: reported by CPUID; using exception 16
mtrr: Pentium Pro MTRR support
uhub5 at uhub0 port 6 Apple, Inc. Keyboard Hub rev 2.00/95.15 addr 2
uhidev0 at uhub5 port 2 configuration 1 interface 0 Apple, Inc Apple Keyboard rev 2.00/0.69 addr 3
uhidev0: iclass 3/1
ukbd0 at uhidev0: 8 modifier keys, 5 key codes, country code 13
wskbd0 at ukbd0: console keyboard, using wsdisplay0
uhidev1 at uhub5 port 2 configuration 1 interface 1 Apple, Inc Apple Keyboard rev 2.00/0.69 addr 3
uhidev1: iclass 3/0
uhid0 at uhidev1: input=1, output=0, feature=0
uplcom0 at uhub1 port 1 Prolific Technology Inc. USB-Serial Controller rev 1.10/3.00 addr 2
ucom0 at uplcom0
uhidev2 at uhub3 port 1 configuration 1 interface 0 Logitech USB Trackball rev 1.10/14.00 addr 2
uhidev2: iclass 3/1
ums0 at uhidev2: 5 buttons
wsmouse0 at ums0 mux 0
uhidev3 at uhub4 port 1 configuration 1 interface 0 Apple Computer ADB device rev 2.00/19.65 addr 2
uhidev3: no input interrupt endpoint
uhidev4 at uhub4 port 2 configuration 1 interface 0 Apple Computer, Inc. IR Receiver rev 2.00/1.10 addr 3
uhidev4: iclass 3/0, 38 report ids
uhid1 at uhidev4 reportid 36: input=4, output=0, feature=0
uhid2 at uhidev4 reportid 37: input=4, output=0, feature=0
uhid3 at uhidev4 reportid 38: input=4, output=0, feature=0
vscsi0 at root
scsibus1 at vscsi0: 256 targets
softraid0 at root
root on wd0a swap on wd0b dump on wd0b
</pre>



</div><!-- content -->
<br />
<div id="footer">
All comments/news/posts are the property of their individual owner and
is presented without warranty of suitability, and solely as an
informational resource. <br />
This site Copyright &copy; 2004-2020 NYC*BUG.
</div><!-- footer -->

</body>
</html>

