



<!doctype html>
<html lang="en">
<head>
<meta name="keywords"
	content="bsd, freebsd, openbsd, netbsd, dragonflybsd, nycbug, dmesgd" />
<meta name="description" content="New York City BSD User Group dmesgd" />
<meta charset="utf-8" />
<meta name="viewport" content="width=device-width, initial-scale=1" />
<title>NYC*BUG dmesgd</title>
<style>
body {
	text-align: left;
	margin: 15px auto;
	padding: 0px 10px;
}
@media (min-width: 800px) {
	body {
		max-width: 85%;
	}
}
#header {
	border-bottom: 1px solid #dbdbdb;
	font-size: 230%;
	text-align: left;
}
#footer {
	border-top: 1px solid #dbdbdb;
	clear: both;
	text-align: left;
}
.logo_bug {
	color: #cc0033;
}
#menu ul {
	list-style-type: none;
	margin: 0;
	padding: 0;
}
#menu li {
	float: left;
}
#menu li a {
	display: block;
	background-color: #dbdbdb;
	color: #000000;
	font-size: 105%;
	font-weight: bold;
	padding: 0px 6px 0px 6px;
	text-decoration: none;
}
#content {
	clear: both;
	text-align: left;
	padding-top: 10px;
}
#content h1 {
	font-size: 120%;
	font-weight: bold;
}
#content h2 {
	font-size: 110%;
	font-weight: bold;
}
#content a {
	text-decoration: none;
}
#content pre {
	background-color: #dbdbdb;
	padding: 5px 5px 5px 5px;
	white-space: pre-wrap;		/* css-3 */
	white-space: -moz-pre-wrap;	/* Mozilla, since 1999 */
	white-space: -pre-wrap;		/* Opera 4-6 */
	white-space: -o-pre-wrap;	/* Opera 7 */
	word-wrap: break-word;		/* Internet Explorer 5.5+ */
}
#content table {
	border-collapse: collapse;
}
#content table th {
	border: 1px solid #dbdbdb;
	font-size: 85%;
	white-space: nowrap;
}
#content table td {
	border: 1px solid #dbdbdb;
	font-size: 80%;
}
#content input {
	font-size: 1em;
}
#content .full	{ width: 100%; }
#content .left	{ text-align: left; }
#content .right	{ text-align: right; }
#content .center { text-align: center; }
#content .flexbox {
	display: -ms-flex;
	display: -webkit-flex;
	display: flex;
	width: 100%;
}
#content .left_col {
	min-width: 75px;
	max-width: 50%;
	flex-grow: 0;
}
#content .right_col {
	flex-grow: 1;
	margin-left: 10px;
	padding-top: 10px;
	padding-left: 10px;
}
#col {
	-moz-column-count: 3;
	-webkit-column-count: 3;
	column-count: 3;
}
</style>
</head>
<body>

<div id="header">
<strong><em>NYC*</em><span class="logo_bug">BUG</span> dmesgd</strong>
</div><!-- header -->

<div id="menu">
<ul>
<li><a href="https://dmesgd.nycbug.org/index.cgi?do=index">Home</a></li>
<li><a href="https://dmesgd.nycbug.org/index.cgi?do=submit">Submit</a></li>
<li><a href="https://www.nycbug.org/">NYC*BUG</a></li>
</ul>
</div><!-- menu -->

<div id="content">

<p>
Launched in 2004, dmesgd aims to provide a
<strong>user-submitted</strong> repository of searchable *BSD dmesgs.
The dmesg(8) command displays the system message buffer's content, and
during boot a copy is saved to <em>/var/run/dmesg.boot</em>.  This buffer
contains the operating system release, name and version, a list of
devices identified, plus a whole host of other useful information.  We
hope others find this resource useful and further contribute to its
growth. Contact us at [ admin at lists dot nycbug dot org ].
</p>

<hr />


<strong>Date:</strong> <em>2010-11-04 19:25:41</em><br />
<strong>From:</strong> <em>Sevan / Venture37</em><br />
<strong>Description:</strong> <em>Intel SE7210TP motherboard</em><br />

<pre>
OpenBSD 4.8 (GENERIC) #136: Mon Aug 16 09:06:23 MDT 2010
    xxx@xxx.xxx:/usr/src/sys/arch/i386/compile/GENERIC
cpu0: Intel(R) Pentium(R) 4 CPU 3.00GHz (GenuineIntel 686-class) 3 GHz
cpu0: FPU,V86,DE,PSE,TSC,MSR,PAE,MCE,CX8,APIC,SEP,MTRR,PGE,MCA,CMOV,PAT,PSE36,CFLUSH,DS,ACPI,MMX,FXSR,SSE,SSE2,SS,HTT,TM,SBF,SSE3,MWAIT,DS-CPL,CNXT-ID,xTPR
real mem  = 4227362816 (4031MB)
avail mem = 4148273152 (3956MB)
mainbus0 at root
bios0 at mainbus0: AT/286+ BIOS, date 01/26/06, BIOS32 rev. 0 @ 0xf0010, SMBIOS rev. 2.3 @ 0xfc410 (73 entries)
bios0: vendor Intel Corporation version SE7210TP10.86B.P.10.00.0042.012620061107 date 01/26/2006
bios0: Intel SE7210TP1-E
acpi0 at bios0: rev 0
acpi0: sleep states S0 S1 S4 S5
acpi0: tables DSDT FACP APIC SPCR OEMB
acpi0: wakeup devices GBEQ(S4) P0P5(S4) MC97(S4) WDTR(S4) P0P4(S4) USB1(S1) USB2(S1) EUSB(S1) SLPB(S4)
acpitimer0 at acpi0: 3579545 Hz, 24 bits
acpimadt0 at acpi0 addr 0xfee00000: PC-AT compat
cpu0 at mainbus0: apid 0 (boot processor)
cpu0: apic clock running at 199MHz
ioapic0 at mainbus0: apid 2 pa 0xfec00000, version 20, 24 pins
ioapic1 at mainbus0: apid 3 pa 0xfec10000, version 20, 24 pins
acpiprt0 at acpi0: bus 0 (PCI0)
acpiprt1 at acpi0: bus 3 (P0P5)
acpiprt2 at acpi0: bus 2 (P0P4)
acpicpu0 at acpi0
acpibtn0 at acpi0: PWRB
acpibtn1 at acpi0: SLPB
bios0: ROM list: 0xc0000/0x8000 0xc8000/0x1000 0xc9000/0x1800 0xca800/0x800 0xd5000/0x1000 0xe0000/0x4000!
ipmi at mainbus0 not configured
pci0 at mainbus0 bus 0: configuration mode 1 (bios)
pchb0 at pci0 dev 0 function 0 Intel 82875P Host rev 0x02
ppb0 at pci0 dev 3 function 0 Intel 82875P CSA rev 0x02
pci1 at ppb0 bus 1
em0 at pci1 dev 1 function 0 Intel PRO/1000CT (82547GI) rev 0x00: apic 2 int 18 (irq 9), address xx:xx:xx:xx:xx:xx
ppb1 at pci0 dev 28 function 0 Intel 6300ESB PCIX rev 0x02
pci2 at ppb1 bus 2
uhci0 at pci0 dev 29 function 0 Intel 6300ESB USB rev 0x02: apic 2 int 16 (irq 5)
uhci1 at pci0 dev 29 function 1 Intel 6300ESB USB rev 0x02: apic 2 int 19 (irq 9)
Intel 6300ESB WDT rev 0x02 at pci0 dev 29 function 4 not configured
Intel 6300ESB APIC rev 0x02 at pci0 dev 29 function 5 not configured
ehci0 at pci0 dev 29 function 7 Intel 6300ESB USB rev 0x02: apic 2 int 23 (irq 7)
usb0 at ehci0: USB revision 2.0
uhub0 at usb0 Intel EHCI root hub rev 2.00/1.00 addr 1
ppb2 at pci0 dev 30 function 0 Intel 82801BA Hub-to-PCI rev 0x0a
pci3 at ppb2 bus 3
vga1 at pci3 dev 0 function 0 ATI Rage XL rev 0x27
wsdisplay0 at vga1 mux 1: console (80x25, vt100 emulation)
wsdisplay0: screen 1-5 added (80x25, vt100 emulation)
fxp0 at pci3 dev 1 function 0 Intel 8255x rev 0x10, i82551: apic 2 int 17 (irq 5), address xx:xx:xx:xx:xx:xx
inphy0 at fxp0 phy 1: i82555 10/100 PHY, rev. 4
ahc0 at pci3 dev 2 function 0 Adaptec AHA-2930CU rev 0x03: apic 2 int 16 (irq 5)
scsibus0 at ahc0: 8 targets, initiator 7
st0 at scsibus0 targ 3 lun 0: &lt;HP, C1537A, L111&gt; SCSI2 1/sequential removable
ichpcib0 at pci0 dev 31 function 0 Intel 6300ESB LPC rev 0x02
pciide0 at pci0 dev 31 function 1 Intel 6300ESB IDE rev 0x02: DMA, channel 0 configured to compatibility, channel 1 configured to compatibility
pciide0: channel 0 disabled (no drives)
atapiscsi0 at pciide0 channel 1 drive 0
scsibus1 at atapiscsi0: 2 targets
cd0 at scsibus1 targ 0 lun 0: &lt;PIONEER, DVD-RW DVR-112, 1.15&gt; ATAPI 5/cdrom removable
cd0(pciide0:1:0): using PIO mode 4, Ultra-DMA mode 4
pciide1 at pci0 dev 31 function 2 Intel 6300ESB SATA rev 0x02: DMA, channel 0 configured to native-PCI, channel 1 configured to native-PCI
pciide1: using apic 2 int 18 (irq 9) for native-PCI interrupt
wd0 at pciide1 channel 1 drive 0: &lt;WDC WD800JD-75MSA3&gt;
wd0: 16-sector PIO, LBA48, 76293MB, 156250000 sectors
wd0(pciide1:1:0): using PIO mode 4, Ultra-DMA mode 6
ichiic0 at pci0 dev 31 function 3 Intel 6300ESB SMBus rev 0x02: apic 2 int 17 (irq 5)
iic0 at ichiic0
spdmem0 at iic0 addr 0x50: 1GB DDR SDRAM ECC PC3200CL3.0
spdmem1 at iic0 addr 0x51: 1GB DDR SDRAM ECC PC3200CL3.0
spdmem2 at iic0 addr 0x52: 1GB DDR SDRAM ECC PC3200CL3.0
spdmem3 at iic0 addr 0x53: 1GB DDR SDRAM ECC PC3200CL3.0
usb1 at uhci0: USB revision 1.0
uhub1 at usb1 Intel UHCI root hub rev 1.00/1.00 addr 1
usb2 at uhci1: USB revision 1.0
uhub2 at usb2 Intel UHCI root hub rev 1.00/1.00 addr 1
isa0 at ichpcib0
isadma0 at isa0
com0 at isa0 port 0x3f8/8 irq 4: ns16550a, 16 byte fifo
com1 at isa0 port 0x2f8/8 irq 3: ns16550a, 16 byte fifo
pckbc0 at isa0 port 0x60/5
pckbd0 at pckbc0 (kbd slot)
pckbc0: using irq 1 for kbd slot
wskbd0 at pckbd0: console keyboard, using wsdisplay0
pcppi0 at isa0 port 0x61
spkr0 at pcppi0
wbsio0 at isa0 port 0x2e/2: W83627HF rev 0x3a
lm1 at wbsio0 port 0x290/8: W83627HF
npx0 at isa0 port 0xf0/16: reported by CPUID; using exception 16
mtrr: Pentium Pro MTRR support
softraid0 at root
root on wd0a swap on wd0b dump on wd0b
hw.sensors.lm1.temp1=99.50 degC
hw.sensors.lm1.fan2=3515 RPM
hw.sensors.lm1.volt0=0.00 VDC (VCore A)
hw.sensors.lm1.volt1=1.18 VDC (VCore B)
hw.sensors.lm1.volt2=3.10 VDC (+3.3V)
hw.sensors.lm1.volt3=4.68 VDC (+5V)
hw.sensors.lm1.volt4=11.92 VDC (+12V)
hw.sensors.lm1.volt5=1.13 VDC (-12V)
hw.sensors.lm1.volt6=0.33 VDC (-5V)
hw.sensors.lm1.volt7=4.78 VDC (5VSB)
hw.sensors.lm1.volt8=0.00 VDC (VBAT)
</pre>



</div><!-- content -->
<br />
<div id="footer">
All comments/news/posts are the property of their individual owner and
is presented without warranty of suitability, and solely as an
informational resource. <br />
This site Copyright &copy; 2004-2020 NYC*BUG.
</div><!-- footer -->

</body>
</html>

