



<!doctype html>
<html lang="en">
<head>
<meta name="keywords"
	content="bsd, freebsd, openbsd, netbsd, dragonflybsd, nycbug, dmesgd" />
<meta name="description" content="New York City BSD User Group dmesgd" />
<meta charset="utf-8" />
<meta name="viewport" content="width=device-width, initial-scale=1" />
<title>NYC*BUG dmesgd</title>
<style>
body {
	text-align: left;
	margin: 15px auto;
	padding: 0px 10px;
}
@media (min-width: 800px) {
	body {
		max-width: 85%;
	}
}
#header {
	border-bottom: 1px solid #dbdbdb;
	font-size: 230%;
	text-align: left;
}
#footer {
	border-top: 1px solid #dbdbdb;
	clear: both;
	text-align: left;
}
.logo_bug {
	color: #cc0033;
}
#menu ul {
	list-style-type: none;
	margin: 0;
	padding: 0;
}
#menu li {
	float: left;
}
#menu li a {
	display: block;
	background-color: #dbdbdb;
	color: #000000;
	font-size: 105%;
	font-weight: bold;
	padding: 0px 6px 0px 6px;
	text-decoration: none;
}
#content {
	clear: both;
	text-align: left;
	padding-top: 10px;
}
#content h1 {
	font-size: 120%;
	font-weight: bold;
}
#content h2 {
	font-size: 110%;
	font-weight: bold;
}
#content a {
	text-decoration: none;
}
#content pre {
	background-color: #dbdbdb;
	padding: 5px 5px 5px 5px;
	white-space: pre-wrap;		/* css-3 */
	white-space: -moz-pre-wrap;	/* Mozilla, since 1999 */
	white-space: -pre-wrap;		/* Opera 4-6 */
	white-space: -o-pre-wrap;	/* Opera 7 */
	word-wrap: break-word;		/* Internet Explorer 5.5+ */
}
#content table {
	border-collapse: collapse;
}
#content table th {
	border: 1px solid #dbdbdb;
	font-size: 85%;
	white-space: nowrap;
}
#content table td {
	border: 1px solid #dbdbdb;
	font-size: 80%;
}
#content input {
	font-size: 1em;
}
#content .full	{ width: 100%; }
#content .left	{ text-align: left; }
#content .right	{ text-align: right; }
#content .center { text-align: center; }
#content .flexbox {
	display: -ms-flex;
	display: -webkit-flex;
	display: flex;
	width: 100%;
}
#content .left_col {
	min-width: 75px;
	max-width: 50%;
	flex-grow: 0;
}
#content .right_col {
	flex-grow: 1;
	margin-left: 10px;
	padding-top: 10px;
	padding-left: 10px;
}
#col {
	-moz-column-count: 3;
	-webkit-column-count: 3;
	column-count: 3;
}
</style>
</head>
<body>

<div id="header">
<strong><em>NYC*</em><span class="logo_bug">BUG</span> dmesgd</strong>
</div><!-- header -->

<div id="menu">
<ul>
<li><a href="https://dmesgd.nycbug.org/index.cgi?do=index">Home</a></li>
<li><a href="https://dmesgd.nycbug.org/index.cgi?do=submit">Submit</a></li>
<li><a href="https://www.nycbug.org/">NYC*BUG</a></li>
</ul>
</div><!-- menu -->

<div id="content">

<p>
Launched in 2004, dmesgd aims to provide a
<strong>user-submitted</strong> repository of searchable *BSD dmesgs.
The dmesg(8) command displays the system message buffer's content, and
during boot a copy is saved to <em>/var/run/dmesg.boot</em>.  This buffer
contains the operating system release, name and version, a list of
devices identified, plus a whole host of other useful information.  We
hope others find this resource useful and further contribute to its
growth. Contact us at [ admin at lists dot nycbug dot org ].
</p>

<hr />


<strong>Date:</strong> <em>2011-05-19 19:23:21</em><br />
<strong>From:</strong> <em>Dave Anderson</em><br />
<strong>Description:</strong> <em>acer aspire one d255e notebook</em><br />

<pre>
OpenBSD 4.9-current (GENERIC) #23: Wed Apr 13 01:44:45 MDT 2011
    xxx@xxx.xxx:/usr/src/sys/arch/i386/compile/GENERIC
RTC BIOS diagnostic error 80&lt;clock_battery&gt;
cpu0: Intel(R) Atom(TM) CPU N455 @ 1.66GHz (GenuineIntel 686-class) 1.67 GHz
cpu0: FPU,V86,DE,PSE,TSC,MSR,PAE,MCE,CX8,APIC,SEP,MTRR,PGE,MCA,CMOV,PAT,CFLUSH,DS,ACPI,MMX,FXSR,SSE,SSE2,SS,HTT,TM,SBF,SSE3,MWAIT,DS-CPL,EST,TM2,SSSE3,CX16,xTPR,PDCM,MOVBE
real mem  = 1061335040 (1012MB)
avail mem = 1033830400 (985MB)
mainbus0 at root
bios0 at mainbus0: AT/286+ BIOS, date 11/17/10, SMBIOS rev. 2.6 @ 0xe80b0 (36 entries)
bios0: vendor Acer version V3.10(DDR3) date 11/17/2010
bios0: Acer AOD255E
acpi0 at bios0: rev 2
acpi0: sleep states S0 S3 S4 S5
acpi0: tables DSDT FACP HPET APIC MCFG SLIC BOOT SSDT WDAT
acpi0: wakeup devices UHC1(S3) UHC2(S3) UHC3(S3) UHC4(S3) ECHI(S3) EXP1(S4) EXP2(S0) EXP3(S4) EXP4(S4) AZAL(S4)
acpitimer0 at acpi0: 3579545 Hz, 24 bits
acpihpet0 at acpi0: 14318179 Hz
acpimadt0 at acpi0 addr 0xfee00000: PC-AT compat
cpu0 at mainbus0: apid 0 (boot processor)
cpu0: apic clock running at 166MHz
cpu at mainbus0: not configured
ioapic0 at mainbus0: apid 4 pa 0xfec00000, version 20, 24 pins
ioapic0: misconfigured as apic 0, remapped to apid 4
acpimcfg0 at acpi0 addr 0xe0000000, bus 0-255
acpiprt0 at acpi0: bus 0 (PCI0)
acpiprt1 at acpi0: bus 1 (EXP1)
acpiprt2 at acpi0: bus 2 (EXP2)
acpiprt3 at acpi0: bus -1 (EXP3)
acpiprt4 at acpi0: bus -1 (EXP4)
acpiec0 at acpi0
acpicpu0 at acpi0: C3, C2, C1, PSS
acpipwrres0 at acpi0: FN00
acpitz0 at acpi0: critical temperature 100 degC
acpibtn0 at acpi0: PWRB
acpibtn1 at acpi0: SLPB
acpibtn2 at acpi0: LID0
acpibat0 at acpi0: BAT0 not present
acpiac0 at acpi0: AC unit online
acpivideo0 at acpi0: OVGA
acpivout0 at acpivideo0: DD02
bios0: ROM list: 0xc0000/0xda00! 0xce000/0x1000
cpu0: Enhanced SpeedStep 1663 MHz: speeds: 1666, 1333, 1000 MHz
pci0 at mainbus0 bus 0: configuration mode 1 (bios)
pchb0 at pci0 dev 0 function 0 Intel Pineview DMI rev 0x00
vga1 at pci0 dev 2 function 0 Intel Pineview Video rev 0x00
wsdisplay0 at vga1 mux 1: console (80x25, vt100 emulation)
wsdisplay0: screen 1-5 added (80x25, vt100 emulation)
intagp0 at vga1
agp0 at intagp0: aperture at 0x40000000, size 0x10000000
inteldrm0 at vga1: apic 4 int 16 (irq 11)
drm0 at inteldrm0
Intel Pineview Video rev 0x00 at pci0 dev 2 function 1 not configured
azalia0 at pci0 dev 27 function 0 Intel 82801GB HD Audio rev 0x02: apic 4 int 19 (irq 11)
azalia0: codecs: Realtek ALC272
audio0 at azalia0
ppb0 at pci0 dev 28 function 0 Intel 82801GB PCIE rev 0x02: apic 4 int 16 (irq 255)
pci1 at ppb0 bus 1
Attansic Technology L2C rev 0xc1 at pci1 dev 0 function 0 not configured
ppb1 at pci0 dev 28 function 1 Intel 82801GB PCIE rev 0x02: apic 4 int 17 (irq 255)
pci2 at ppb1 bus 2
iwn0 at pci2 dev 0 function 0 Intel WiFi Link 1000 rev 0x00: apic 4 int 17 (irq 10), MIMO 1T2R, BGS, address xx:xx:xx:xx:xx:xx
uhci0 at pci0 dev 29 function 0 Intel 82801GB USB rev 0x02: apic 4 int 18 (irq 11)
uhci1 at pci0 dev 29 function 1 Intel 82801GB USB rev 0x02: apic 4 int 20 (irq 10)
uhci2 at pci0 dev 29 function 2 Intel 82801GB USB rev 0x02: apic 4 int 21 (irq 11)
uhci3 at pci0 dev 29 function 3 Intel 82801GB USB rev 0x02: apic 4 int 22 (irq 11)
ehci0 at pci0 dev 29 function 7 Intel 82801GB USB rev 0x02: apic 4 int 22 (irq 11)
usb0 at ehci0: USB revision 2.0
uhub0 at usb0 Intel EHCI root hub rev 2.00/1.00 addr 1
ppb2 at pci0 dev 30 function 0 Intel 82801BAM Hub-to-PCI rev 0xe2
pci3 at ppb2 bus 5
pcib0 at pci0 dev 31 function 0 Intel Tigerpoint LPC rev 0x02
ahci0 at pci0 dev 31 function 2 Intel 82801GR AHCI rev 0x02: apic 4 int 17 (irq 10), AHCI 1.1
ahci0: PHY offline on port 1
scsibus0 at ahci0: 32 targets
sd0 at scsibus0 targ 0 lun 0: &lt;ATA, Hitachi HTS54502, PB2O&gt; SCSI3 0/direct fixed naa.5000cca62bd989e0
sd0: 238475MB, 512 bytes/sec, 488397168 sec total
ichiic0 at pci0 dev 31 function 3 Intel 82801GB SMBus rev 0x02: apic 4 int 17 (irq 10)
iic0 at ichiic0
spdmem0 at iic0 addr 0x50: 1GB DDR3 SDRAM PC3-8500 SO-DIMM
usb1 at uhci0: USB revision 1.0
uhub1 at usb1 Intel UHCI root hub rev 1.00/1.00 addr 1
usb2 at uhci1: USB revision 1.0
uhub2 at usb2 Intel UHCI root hub rev 1.00/1.00 addr 1
usb3 at uhci2: USB revision 1.0
uhub3 at usb3 Intel UHCI root hub rev 1.00/1.00 addr 1
usb4 at uhci3: USB revision 1.0
uhub4 at usb4 Intel UHCI root hub rev 1.00/1.00 addr 1
isa0 at pcib0
isadma0 at isa0
pckbc0 at isa0 port 0x60/5
pckbd0 at pckbc0 (kbd slot)
pckbc0: using irq 1 for kbd slot
wskbd0 at pckbd0: console keyboard, using wsdisplay0
pms0 at pckbc0 (aux slot)
pckbc0: using irq 12 for aux slot
wsmouse0 at pms0 mux 0
pcppi0 at isa0 port 0x61
spkr0 at pcppi0
npx0 at isa0 port 0xf0/16: reported by CPUID; using exception 16
mtrr: Pentium Pro MTRR support
umass0 at uhub0 port 2 configuration 1 interface 0 HP v125w rev 2.00/40.96 addr 2
umass0: using SCSI over Bulk-Only
scsibus1 at umass0: 2 targets, initiator 0
sd1 at scsibus1 targ 1 lun 0: &lt;hp, v125w, 4096&gt; SCSI0 0/direct removable serial.AA12104A00000902
sd1: 3864MB, 512 bytes/sec, 7913472 sec total
uvideo0 at uhub0 port 4 configuration 1 interface 0 XPAC40WSB 1.3M WebCam rev 2.00/0.09 addr 3
video0 at uvideo0
vscsi0 at root
scsibus2 at vscsi0: 256 targets
softraid0 at root
root on sd1a swap on sd1b dump on sd1b
</pre>



</div><!-- content -->
<br />
<div id="footer">
All comments/news/posts are the property of their individual owner and
is presented without warranty of suitability, and solely as an
informational resource. <br />
This site Copyright &copy; 2004-2020 NYC*BUG.
</div><!-- footer -->

</body>
</html>

