



<!doctype html>
<html lang="en">
<head>
<meta name="keywords"
	content="bsd, freebsd, openbsd, netbsd, dragonflybsd, nycbug, dmesgd" />
<meta name="description" content="New York City BSD User Group dmesgd" />
<meta charset="utf-8" />
<meta name="viewport" content="width=device-width, initial-scale=1" />
<title>NYC*BUG dmesgd</title>
<style>
body {
	text-align: left;
	margin: 15px auto;
	padding: 0px 10px;
}
@media (min-width: 800px) {
	body {
		max-width: 85%;
	}
}
#header {
	border-bottom: 1px solid #dbdbdb;
	font-size: 230%;
	text-align: left;
}
#footer {
	border-top: 1px solid #dbdbdb;
	clear: both;
	text-align: left;
}
.logo_bug {
	color: #cc0033;
}
#menu ul {
	list-style-type: none;
	margin: 0;
	padding: 0;
}
#menu li {
	float: left;
}
#menu li a {
	display: block;
	background-color: #dbdbdb;
	color: #000000;
	font-size: 105%;
	font-weight: bold;
	padding: 0px 6px 0px 6px;
	text-decoration: none;
}
#content {
	clear: both;
	text-align: left;
	padding-top: 10px;
}
#content h1 {
	font-size: 120%;
	font-weight: bold;
}
#content h2 {
	font-size: 110%;
	font-weight: bold;
}
#content a {
	text-decoration: none;
}
#content pre {
	background-color: #dbdbdb;
	padding: 5px 5px 5px 5px;
	white-space: pre-wrap;		/* css-3 */
	white-space: -moz-pre-wrap;	/* Mozilla, since 1999 */
	white-space: -pre-wrap;		/* Opera 4-6 */
	white-space: -o-pre-wrap;	/* Opera 7 */
	word-wrap: break-word;		/* Internet Explorer 5.5+ */
}
#content table {
	border-collapse: collapse;
}
#content table th {
	border: 1px solid #dbdbdb;
	font-size: 85%;
	white-space: nowrap;
}
#content table td {
	border: 1px solid #dbdbdb;
	font-size: 80%;
}
#content input {
	font-size: 1em;
}
#content .full	{ width: 100%; }
#content .left	{ text-align: left; }
#content .right	{ text-align: right; }
#content .center { text-align: center; }
#content .flexbox {
	display: -ms-flex;
	display: -webkit-flex;
	display: flex;
	width: 100%;
}
#content .left_col {
	min-width: 75px;
	max-width: 50%;
	flex-grow: 0;
}
#content .right_col {
	flex-grow: 1;
	margin-left: 10px;
	padding-top: 10px;
	padding-left: 10px;
}
#col {
	-moz-column-count: 3;
	-webkit-column-count: 3;
	column-count: 3;
}
</style>
</head>
<body>

<div id="header">
<strong><em>NYC*</em><span class="logo_bug">BUG</span> dmesgd</strong>
</div><!-- header -->

<div id="menu">
<ul>
<li><a href="https://dmesgd.nycbug.org/index.cgi?do=index">Home</a></li>
<li><a href="https://dmesgd.nycbug.org/index.cgi?do=submit">Submit</a></li>
<li><a href="https://www.nycbug.org/">NYC*BUG</a></li>
</ul>
</div><!-- menu -->

<div id="content">

<p>
Launched in 2004, dmesgd aims to provide a
<strong>user-submitted</strong> repository of searchable *BSD dmesgs.
The dmesg(8) command displays the system message buffer's content, and
during boot a copy is saved to <em>/var/run/dmesg.boot</em>.  This buffer
contains the operating system release, name and version, a list of
devices identified, plus a whole host of other useful information.  We
hope others find this resource useful and further contribute to its
growth. Contact us at [ admin at lists dot nycbug dot org ].
</p>

<hr />


<strong>Date:</strong> <em>2011-05-19 19:23:22</em><br />
<strong>From:</strong> <em>Dave Anderson</em><br />
<strong>Description:</strong> <em>dell inspiron 14r notebook</em><br />

<pre>
OpenBSD 4.9-current (GENERIC) #23: Wed Apr 13 01:44:45 MDT 2011
    xxx@xxx.xxx:/usr/src/sys/arch/i386/compile/GENERIC
cpu0: Intel(R) Core(TM) i3 CPU M 380 @ 2.53GHz (GenuineIntel 686-class) 2.53 GHz
cpu0: FPU,V86,DE,PSE,TSC,MSR,PAE,MCE,CX8,APIC,SEP,MTRR,PGE,MCA,CMOV,PAT,PSE36,CFLUSH,DS,ACPI,MMX,FXSR,SSE,SSE2,SS,HTT,TM,SBF,SSE3,MWAIT,DS-CPL,VMX,EST,TM2,SSSE3,CX16,xTPR,PDCM,SSE4.1,SSE4.2,POPCNT
real mem  = 3140960256 (2995MB)
avail mem = 3079442432 (2936MB)
mainbus0 at root
bios0 at mainbus0: AT/286+ BIOS, date 10/20/10, BIOS32 rev. 0 @ 0xfdbd0, SMBIOS rev. 2.6 @ 0xf03f0 (53 entries)
bios0: vendor Dell Inc. version A10 date 10/20/2010
bios0: Dell Inc. Inspiron N4010
acpi0 at bios0: rev 2
acpi0: sleep states S0 S3 S4 S5
acpi0: tables DSDT FACP HPET MCFG APIC BOOT SPCR SLIC OSFR ASF! SSDT
acpi0: wakeup devices P0P2(S4) P0P1(S4) EHC1(S3) PXSX(S4) RP01(S4) PXSX(S4) RP02(S4) PXSX(S4) RP06(S4) LID0(S3)
acpitimer0 at acpi0: 3579545 Hz, 24 bits
acpihpet0 at acpi0: 14318179 Hz
acpimcfg0 at acpi0 addr 0xe0000000, bus 0-255
acpimadt0 at acpi0 addr 0xfee00000: PC-AT compat
cpu0 at mainbus0: apid 0 (boot processor)
cpu0: apic clock running at 132MHz
cpu at mainbus0: not configured
cpu at mainbus0: not configured
cpu at mainbus0: not configured
ioapic0 at mainbus0: apid 2 pa 0xfec00000, version 20, 24 pins
acpiprt0 at acpi0: bus 0 (PCI0)
acpiprt1 at acpi0: bus 5 (P0P1)
acpiprt2 at acpi0: bus 2 (RP01)
acpiprt3 at acpi0: bus 3 (RP02)
acpiprt4 at acpi0: bus 4 (RP06)
acpiec0 at acpi0
acpicpu0 at acpi0: C3, C1, PSS
acpipwrres0 at acpi0: FN00
acpipwrres1 at acpi0: FN01
acpitz0 at acpi0: critical temperature 100 degC
acpitz1 at acpi0acpitz1: TZ01: failed to read _TMP
acpibtn0 at acpi0: PWRB
acpibtn1 at acpi0: SLPB
acpibtn2 at acpi0: LID0
acpiac0 at acpi0: AC unit online
acpibat0 at acpi0: BAT0 not present
acpivideo0 at acpi0: M86_
acpivideo1 at acpi0: GFX0
bios0: ROM list: 0xc0000/0xf400! 0xcf800/0x1000
cpu0: Enhanced SpeedStep 2528 MHz: speeds: 2533, 2399, 2266, 2133, 1999, 1866, 1733, 1599, 1466, 1333, 1199, 1066, 933 MHz
pci0 at mainbus0 bus 0: configuration mode 1 (bios)
mem address conflict 0xf0605000/0x1000
pchb0 at pci0 dev 0 function 0 Intel Core Host rev 0x18
vga1 at pci0 dev 2 function 0 Intel Mobile HD graphics rev 0x18
wsdisplay0 at vga1 mux 1: console (80x25, vt100 emulation)
wsdisplay0: screen 1-5 added (80x25, vt100 emulation)
intagp0 at vga1
agp0 at intagp0: aperture at 0xd0000000, size 0x10000000
inteldrm0 at vga1: apic 2 int 16 (irq 5)
drm0 at inteldrm0
Intel 3400 MEI rev 0x06 at pci0 dev 22 function 0 not configured
ehci0 at pci0 dev 26 function 0 Intel 3400 USB rev 0x06: apic 2 int 16 (irq 5)
usb0 at ehci0: USB revision 2.0
uhub0 at usb0 Intel EHCI root hub rev 2.00/1.00 addr 1
azalia0 at pci0 dev 27 function 0 Intel 3400 HD Audio rev 0x06: apic 2 int 22 (irq 11)
azalia0: codecs: Realtek ALC269, Intel/0x2804, using Realtek ALC269
audio0 at azalia0
ppb0 at pci0 dev 28 function 0 Intel 3400 PCIE rev 0x06: apic 2 int 16 (irq 7)
pci1 at ppb0 bus 2
ppb1 at pci0 dev 28 function 1 Intel 3400 PCIE rev 0x06: apic 2 int 17 (irq 5)
pci2 at ppb1 bus 3
iwn0 at pci2 dev 0 function 0 Intel WiFi Link 1000 rev 0x00: apic 2 int 17 (irq 7), MIMO 1T2R, BGS, address xx:xx:xx:xx:xx:xx
ppb2 at pci0 dev 28 function 5 Intel 3400 PCIE rev 0x06: apic 2 int 17 (irq 5)
pci3 at ppb2 bus 4
Attansic Technology L2C rev 0xc1 at pci3 dev 0 function 0 not configured
ehci1 at pci0 dev 29 function 0 Intel 3400 USB rev 0x06: apic 2 int 23 (irq 10)
usb1 at ehci1: USB revision 2.0
uhub1 at usb1 Intel EHCI root hub rev 2.00/1.00 addr 1
ppb3 at pci0 dev 30 function 0 Intel 82801BAM Hub-to-PCI rev 0xa6
pci4 at ppb3 bus 5
pcib0 at pci0 dev 31 function 0 Intel HM57 LPC rev 0x06
ahci0 at pci0 dev 31 function 2 Intel 3400 AHCI rev 0x06: apic 2 int 19 (irq 10), AHCI 1.3
scsibus0 at ahci0: 32 targets
sd0 at scsibus0 targ 0 lun 0: &lt;ATA, ST9500325AS, D005&gt; SCSI3 0/direct fixed naa.5000c500306717ee
sd0: 476940MB, 512 bytes/sec, 976773168 sec total
cd0 at scsibus0 targ 1 lun 0: &lt;PLDS, DVD+-RW DS-8A5SH, XD12&gt; ATAPI 5/cdrom removable
ichiic0 at pci0 dev 31 function 3 Intel 3400 SMBus rev 0x06: apic 2 int 18 (irq 10)
iic0 at ichiic0
spdmem0 at iic0 addr 0x50: 2GB DDR3 SDRAM PC3-10600 SO-DIMM
spdmem1 at iic0 addr 0x52: 2GB DDR3 SDRAM PC3-10600 SO-DIMM
itherm0 at pci0 dev 31 function 6 Intel 3400 Thermal rev 0x06
isa0 at pcib0
isadma0 at isa0
pckbc0 at isa0 port 0x60/5
pckbd0 at pckbc0 (kbd slot)
pckbc0: using irq 1 for kbd slot
wskbd0 at pckbd0: console keyboard, using wsdisplay0
pms0 at pckbc0 (aux slot)
pckbc0: using irq 12 for aux slot
wsmouse0 at pms0 mux 0
pcppi0 at isa0 port 0x61
spkr0 at pcppi0
npx0 at isa0 port 0xf0/16: reported by CPUID; using exception 16
mtrr: Pentium Pro MTRR support
uhub2 at uhub0 port 1 Intel Rate Matching Hub rev 2.00/0.00 addr 2
uhub3 at uhub2 port 1 Broadcom BCM2046B1 rev 2.00/1.00 addr 3
uhidev0 at uhub3 port 1 configuration 1 interface 0 Dell product 0x8161 rev 2.00/1.00 addr 4
uhidev0: iclass 3/1, 1 report id
ukbd0 at uhidev0 reportid 1: 8 modifier keys, 6 key codes
wskbd1 at ukbd0 mux 1
wskbd1: connecting to wsdisplay0
uhidev1 at uhub3 port 2 configuration 1 interface 0 Dell product 0x8162 rev 2.00/1.00 addr 5
uhidev1: iclass 3/1, 125 report ids
ums0 at uhidev1 reportid 2: 3 buttons
wsmouse1 at ums0 mux 0
uhid0 at uhidev1 reportid 125: input=2, output=0, feature=0
uvideo0 at uhub2 port 4 configuration 1 interface 0 CN0FJT7K724870BQ0313A01 Laptop_Integrated_Webcam_1.3M rev 2.00/9a.07 addr 6
video0 at uvideo0
umass0 at uhub2 port 5 configuration 1 interface 0 Generic USB2.0-CRW rev 2.00/38.82 addr 7
umass0: using SCSI over Bulk-Only
scsibus1 at umass0: 2 targets, initiator 0
sd1 at scsibus1 targ 1 lun 0: &lt;Generic-, Multi-Card, 1.00&gt; SCSI0 0/direct removable serial.20090516388200000
uhub4 at uhub1 port 1 Intel Rate Matching Hub rev 2.00/0.00 addr 2
umass1 at uhub4 port 2 configuration 1 interface 0 HP v125w rev 2.00/40.96 addr 3
umass1: using SCSI over Bulk-Only
scsibus2 at umass1: 2 targets, initiator 0
sd2 at scsibus2 targ 1 lun 0: &lt;hp, v125w, 4096&gt; SCSI0 0/direct removable serial.AA12104A00000902
sd2: 3864MB, 512 bytes/sec, 7913472 sec total
vscsi0 at root
scsibus3 at vscsi0: 256 targets
softraid0 at root
root on sd2a swap on sd2b dump on sd2b
</pre>



</div><!-- content -->
<br />
<div id="footer">
All comments/news/posts are the property of their individual owner and
is presented without warranty of suitability, and solely as an
informational resource. <br />
This site Copyright &copy; 2004-2020 NYC*BUG.
</div><!-- footer -->

</body>
</html>

