



<!doctype html>
<html lang="en">
<head>
<meta name="keywords"
	content="bsd, freebsd, openbsd, netbsd, dragonflybsd, nycbug, dmesgd" />
<meta name="description" content="New York City BSD User Group dmesgd" />
<meta charset="utf-8" />
<meta name="viewport" content="width=device-width, initial-scale=1" />
<title>NYC*BUG dmesgd</title>
<style>
body {
	text-align: left;
	margin: 15px auto;
	padding: 0px 10px;
}
@media (min-width: 800px) {
	body {
		max-width: 85%;
	}
}
#header {
	border-bottom: 1px solid #dbdbdb;
	font-size: 230%;
	text-align: left;
}
#footer {
	border-top: 1px solid #dbdbdb;
	clear: both;
	text-align: left;
}
.logo_bug {
	color: #cc0033;
}
#menu ul {
	list-style-type: none;
	margin: 0;
	padding: 0;
}
#menu li {
	float: left;
}
#menu li a {
	display: block;
	background-color: #dbdbdb;
	color: #000000;
	font-size: 105%;
	font-weight: bold;
	padding: 0px 6px 0px 6px;
	text-decoration: none;
}
#content {
	clear: both;
	text-align: left;
	padding-top: 10px;
}
#content h1 {
	font-size: 120%;
	font-weight: bold;
}
#content h2 {
	font-size: 110%;
	font-weight: bold;
}
#content a {
	text-decoration: none;
}
#content pre {
	background-color: #dbdbdb;
	padding: 5px 5px 5px 5px;
	white-space: pre-wrap;		/* css-3 */
	white-space: -moz-pre-wrap;	/* Mozilla, since 1999 */
	white-space: -pre-wrap;		/* Opera 4-6 */
	white-space: -o-pre-wrap;	/* Opera 7 */
	word-wrap: break-word;		/* Internet Explorer 5.5+ */
}
#content table {
	border-collapse: collapse;
}
#content table th {
	border: 1px solid #dbdbdb;
	font-size: 85%;
	white-space: nowrap;
}
#content table td {
	border: 1px solid #dbdbdb;
	font-size: 80%;
}
#content input {
	font-size: 1em;
}
#content .full	{ width: 100%; }
#content .left	{ text-align: left; }
#content .right	{ text-align: right; }
#content .center { text-align: center; }
#content .flexbox {
	display: -ms-flex;
	display: -webkit-flex;
	display: flex;
	width: 100%;
}
#content .left_col {
	min-width: 75px;
	max-width: 50%;
	flex-grow: 0;
}
#content .right_col {
	flex-grow: 1;
	margin-left: 10px;
	padding-top: 10px;
	padding-left: 10px;
}
#col {
	-moz-column-count: 3;
	-webkit-column-count: 3;
	column-count: 3;
}
</style>
</head>
<body>

<div id="header">
<strong><em>NYC*</em><span class="logo_bug">BUG</span> dmesgd</strong>
</div><!-- header -->

<div id="menu">
<ul>
<li><a href="https://dmesgd.nycbug.org/index.cgi?do=index">Home</a></li>
<li><a href="https://dmesgd.nycbug.org/index.cgi?do=submit">Submit</a></li>
<li><a href="https://www.nycbug.org/">NYC*BUG</a></li>
</ul>
</div><!-- menu -->

<div id="content">

<p>
Launched in 2004, dmesgd aims to provide a
<strong>user-submitted</strong> repository of searchable *BSD dmesgs.
The dmesg(8) command displays the system message buffer's content, and
during boot a copy is saved to <em>/var/run/dmesg.boot</em>.  This buffer
contains the operating system release, name and version, a list of
devices identified, plus a whole host of other useful information.  We
hope others find this resource useful and further contribute to its
growth. Contact us at [ admin at lists dot nycbug dot org ].
</p>

<hr />


<strong>Date:</strong> <em>2011-05-24 13:32:33</em><br />
<strong>From:</strong> <em>Dmitrij D. Czarkoff</em><br />
<strong>Description:</strong> <em>Acer Aspire One AO531h</em><br />

<pre>
OpenBSD 4.9-current (GENERIC.MP) #73: Tue Apr 19 13:34:15 MDT 2011
    xxx@xxx.xxx:/usr/src/sys/arch/i386/compile/GENERIC.MP
RTC BIOS diagnostic error 80&lt;clock_battery&gt;
cpu0: Intel(R) Atom(TM) CPU N270 @ 1.60GHz (GenuineIntel 686-class) 1.60 GHz
cpu0: FPU,V86,DE,PSE,TSC,MSR,PAE,MCE,CX8,APIC,SEP,MTRR,PGE,MCA,CMOV,PAT,CFLUSH,DS,ACPI,MMX,FXSR,SSE,SSE2,SS,HTT,TM,SBF,SSE3,MWAIT,DS-CPL,EST,TM2,SSSE3,xTPR,PDCM,MOVBE
real mem  = 1060163584 (1011MB)
avail mem = 1032654848 (984MB)
mainbus0 at root
bios0 at mainbus0: AT/286+ BIOS, date 10/06/08, SMBIOS rev. 2.4 @ 0xe91c0 (31 entries)
bios0: vendor Acer version v0.3110 date 10/06/2008
bios0: Acer AO531h
acpi0 at bios0: rev 2
acpi0: sleep states S0 S3 S4 S5
acpi0: tables DSDT FACP SSDT HPET APIC MCFG ASF! SLIC BOOT
acpi0: wakeup devices P32_(S4) UHC1(S3) UHC2(S3) UHC3(S3) UHC4(S3) ECHI(S3) EXP1(S4) EXP2(S4) EXP3(S4) EXP4(S4) AZAL(S0) MODM(S0)
acpitimer0 at acpi0: 3579545 Hz, 24 bits
acpihpet0 at acpi0: 14318179 Hz
acpimadt0 at acpi0 addr 0xfee00000: PC-AT compat
cpu0 at mainbus0: apid 0 (boot processor)
cpu0: apic clock running at 133MHz
cpu1 at mainbus0: apid 1 (application processor)
cpu1: Intel(R) Atom(TM) CPU N270 @ 1.60GHz (GenuineIntel 686-class) 1.60 GHz
cpu1: FPU,V86,DE,PSE,TSC,MSR,PAE,MCE,CX8,APIC,SEP,MTRR,PGE,MCA,CMOV,PAT,CFLUSH,DS,ACPI,MMX,FXSR,SSE,SSE2,SS,HTT,TM,SBF,SSE3,MWAIT,DS-CPL,EST,TM2,SSSE3,xTPR,PDCM,MOVBE
ioapic0 at mainbus0: apid 4 pa 0xfec00000, version 20, 24 pins
ioapic0: misconfigured as apic 0, remapped to apid 4
acpimcfg0 at acpi0 addr 0xe0000000, bus 0-255
acpiprt0 at acpi0: bus 0 (PCI0)
acpiprt1 at acpi0: bus 4 (P32_)
acpiprt2 at acpi0: bus 1 (EXP1)
acpiprt3 at acpi0: bus -1 (EXP2)
acpiprt4 at acpi0: bus 2 (EXP3)
acpiprt5 at acpi0: bus 3 (EXP4)
acpiec0 at acpi0
acpicpu0 at acpi0: C3, C2, C1, PSS
acpicpu1 at acpi0: C3, C2, C1, PSS
acpitz0 at acpi0: critical temperature 95 degC
acpibtn0 at acpi0: PWRB
acpibtn1 at acpi0: LID0
acpibtn2 at acpi0: SLPB
acpibat0 at acpi0: BAT1 not present
acpiac0 at acpi0: AC unit offline
acpivideo0 at acpi0: OVGA
bios0: ROM list: 0xc0000/0xec00!
cpu0: Enhanced SpeedStep 1597 MHz: speeds: 1600, 1333, 1066, 800 MHz
pci0 at mainbus0 bus 0: configuration mode 1 (bios)
pchb0 at pci0 dev 0 function 0 Intel 82945GME Host rev 0x03
vga1 at pci0 dev 2 function 0 Intel 82945GME Video rev 0x03
wsdisplay0 at vga1 mux 1: console (80x25, vt100 emulation)
wsdisplay0: screen 1-5 added (80x25, vt100 emulation)
intagp0 at vga1
agp0 at intagp0: aperture at 0x40000000, size 0x10000000
inteldrm0 at vga1: apic 4 int 16 (irq 11)
drm0 at inteldrm0
Intel 82945GM Video rev 0x03 at pci0 dev 2 function 1 not configured
azalia0 at pci0 dev 27 function 0 Intel 82801GB HD Audio rev 0x02: apic 4 int 16 (irq 11)
azalia0: codecs: Realtek ALC272
audio0 at azalia0
ppb0 at pci0 dev 28 function 0 Intel 82801GB PCIE rev 0x02: apic 4 int 16 (irq 255)
pci1 at ppb0 bus 1
ale0 at pci1 dev 0 function 0 Attansic Technology L1E rev 0xb0: AR8113, apic 4 int 16 (irq 11), address xx:xx:xx:xx:xx:xx
atphy0 at ale0 phy 0: F1 10/100/1000 PHY, rev. 9
ppb1 at pci0 dev 28 function 2 Intel 82801GB PCIE rev 0x02: apic 4 int 18 (irq 255)
pci2 at ppb1 bus 2
iwn0 at pci2 dev 0 function 0 Intel WiFi Link 5150 rev 0x00: apic 4 int 18 (irq 11), MIMO 1T2R, ABG, address xx:xx:xx:xx:xx:xx
ppb2 at pci0 dev 28 function 3 Intel 82801GB PCIE rev 0x02: apic 4 int 19 (irq 255)
pci3 at ppb2 bus 3
uhci0 at pci0 dev 29 function 0 Intel 82801GB USB rev 0x02: apic 4 int 16 (irq 11)
uhci1 at pci0 dev 29 function 1 Intel 82801GB USB rev 0x02: apic 4 int 17 (irq 11)
uhci2 at pci0 dev 29 function 2 Intel 82801GB USB rev 0x02: apic 4 int 18 (irq 11)
uhci3 at pci0 dev 29 function 3 Intel 82801GB USB rev 0x02: apic 4 int 19 (irq 11)
ehci0 at pci0 dev 29 function 7 Intel 82801GB USB rev 0x02: apic 4 int 16 (irq 11)
usb0 at ehci0: USB revision 2.0
uhub0 at usb0 Intel EHCI root hub rev 2.00/1.00 addr 1
ppb3 at pci0 dev 30 function 0 Intel 82801BAM Hub-to-PCI rev 0xe2
pci4 at ppb3 bus 4
ichpcib0 at pci0 dev 31 function 0 Intel 82801GBM LPC rev 0x02: PM disabled
pciide0 at pci0 dev 31 function 1 Intel 82801GB IDE rev 0x02: DMA, channel 0 configured to compatibility, channel 1 configured to compatibility
pciide0: channel 0 disabled (no drives)
pciide0: channel 1 ignored (disabled)
ahci0 at pci0 dev 31 function 2 Intel 82801GBM AHCI rev 0x02: apic 4 int 17 (irq 11), AHCI 1.1
scsibus0 at ahci0: 32 targets
sd0 at scsibus0 targ 0 lun 0: &lt;ATA, ST9160310AS, 0303&gt; SCSI3 0/direct fixed naa.5000c5001848eb58
sd0: 152627MB, 512 bytes/sec, 312581808 sec total
ichiic0 at pci0 dev 31 function 3 Intel 82801GB SMBus rev 0x02: apic 4 int 17 (irq 11)
iic0 at ichiic0
spdmem0 at iic0 addr 0x51: 1GB DDR2 SDRAM non-parity PC2-5300CL5 SO-DIMM
usb1 at uhci0: USB revision 1.0
uhub1 at usb1 Intel UHCI root hub rev 1.00/1.00 addr 1
usb2 at uhci1: USB revision 1.0
uhub2 at usb2 Intel UHCI root hub rev 1.00/1.00 addr 1
usb3 at uhci2: USB revision 1.0
uhub3 at usb3 Intel UHCI root hub rev 1.00/1.00 addr 1
usb4 at uhci3: USB revision 1.0
uhub4 at usb4 Intel UHCI root hub rev 1.00/1.00 addr 1
isa0 at ichpcib0
isadma0 at isa0
pckbc0 at isa0 port 0x60/5
pckbd0 at pckbc0 (kbd slot)
pckbc0: using irq 1 for kbd slot
wskbd0 at pckbd0: console keyboard, using wsdisplay0
pms0 at pckbc0 (aux slot)
pckbc0: using irq 12 for aux slot
wsmouse0 at pms0 mux 0
pcppi0 at isa0 port 0x61
spkr0 at pcppi0
npx0 at isa0 port 0xf0/16: reported by CPUID; using exception 16
mtrr: Pentium Pro MTRR support
uvideo0 at uhub0 port 1 configuration 1 interface 0 Sonix Technology Co., Ltd. WebCam rev 2.00/1.00 addr 2
video0 at uvideo0
uhub0: port 7, set config at addr 3 failed
uhub0: device problem, disabling port 7
vscsi0 at root
scsibus1 at vscsi0: 256 targets
softraid0 at root
root on sd0a swap on sd0b dump on sd0b
</pre>



</div><!-- content -->
<br />
<div id="footer">
All comments/news/posts are the property of their individual owner and
is presented without warranty of suitability, and solely as an
informational resource. <br />
This site Copyright &copy; 2004-2020 NYC*BUG.
</div><!-- footer -->

</body>
</html>

