



<!doctype html>
<html lang="en">
<head>
<meta name="keywords"
	content="bsd, freebsd, openbsd, netbsd, dragonflybsd, nycbug, dmesgd" />
<meta name="description" content="New York City BSD User Group dmesgd" />
<meta charset="utf-8" />
<meta name="viewport" content="width=device-width, initial-scale=1" />
<title>NYC*BUG dmesgd</title>
<style>
body {
	text-align: left;
	margin: 15px auto;
	padding: 0px 10px;
}
@media (min-width: 800px) {
	body {
		max-width: 85%;
	}
}
#header {
	border-bottom: 1px solid #dbdbdb;
	font-size: 230%;
	text-align: left;
}
#footer {
	border-top: 1px solid #dbdbdb;
	clear: both;
	text-align: left;
}
.logo_bug {
	color: #cc0033;
}
#menu ul {
	list-style-type: none;
	margin: 0;
	padding: 0;
}
#menu li {
	float: left;
}
#menu li a {
	display: block;
	background-color: #dbdbdb;
	color: #000000;
	font-size: 105%;
	font-weight: bold;
	padding: 0px 6px 0px 6px;
	text-decoration: none;
}
#content {
	clear: both;
	text-align: left;
	padding-top: 10px;
}
#content h1 {
	font-size: 120%;
	font-weight: bold;
}
#content h2 {
	font-size: 110%;
	font-weight: bold;
}
#content a {
	text-decoration: none;
}
#content pre {
	background-color: #dbdbdb;
	padding: 5px 5px 5px 5px;
	white-space: pre-wrap;		/* css-3 */
	white-space: -moz-pre-wrap;	/* Mozilla, since 1999 */
	white-space: -pre-wrap;		/* Opera 4-6 */
	white-space: -o-pre-wrap;	/* Opera 7 */
	word-wrap: break-word;		/* Internet Explorer 5.5+ */
}
#content table {
	border-collapse: collapse;
}
#content table th {
	border: 1px solid #dbdbdb;
	font-size: 85%;
	white-space: nowrap;
}
#content table td {
	border: 1px solid #dbdbdb;
	font-size: 80%;
}
#content input {
	font-size: 1em;
}
#content .full	{ width: 100%; }
#content .left	{ text-align: left; }
#content .right	{ text-align: right; }
#content .center { text-align: center; }
#content .flexbox {
	display: -ms-flex;
	display: -webkit-flex;
	display: flex;
	width: 100%;
}
#content .left_col {
	min-width: 75px;
	max-width: 50%;
	flex-grow: 0;
}
#content .right_col {
	flex-grow: 1;
	margin-left: 10px;
	padding-top: 10px;
	padding-left: 10px;
}
#col {
	-moz-column-count: 3;
	-webkit-column-count: 3;
	column-count: 3;
}
</style>
</head>
<body>

<div id="header">
<strong><em>NYC*</em><span class="logo_bug">BUG</span> dmesgd</strong>
</div><!-- header -->

<div id="menu">
<ul>
<li><a href="https://dmesgd.nycbug.org/index.cgi?do=index">Home</a></li>
<li><a href="https://dmesgd.nycbug.org/index.cgi?do=submit">Submit</a></li>
<li><a href="https://www.nycbug.org/">NYC*BUG</a></li>
</ul>
</div><!-- menu -->

<div id="content">

<p>
Launched in 2004, dmesgd aims to provide a
<strong>user-submitted</strong> repository of searchable *BSD dmesgs.
The dmesg(8) command displays the system message buffer's content, and
during boot a copy is saved to <em>/var/run/dmesg.boot</em>.  This buffer
contains the operating system release, name and version, a list of
devices identified, plus a whole host of other useful information.  We
hope others find this resource useful and further contribute to its
growth. Contact us at [ admin at lists dot nycbug dot org ].
</p>

<hr />


<strong>Date:</strong> <em>2011-05-30 08:17:02</em><br />
<strong>From:</strong> <em>KAB</em><br />
<strong>Description:</strong> <em>Samsung NF210 Netbook</em><br />

<pre>
OpenBSD 4.9 (GENERIC) #671: Wed Mar  2 07:09:00 MST 2011
    xxx@xxx.xxx:/usr/src/sys/arch/i386/compile/GENERIC
cpu0: Intel(R) Atom(TM) CPU N550 @ 1.50GHz (GenuineIntel 686-class) 1.50 GHz
cpu0: FPU,V86,DE,PSE,TSC,MSR,PAE,MCE,CX8,APIC,SEP,MTRR,PGE,MCA,CMOV,PAT,CFLUSH,DS,ACPI,MMX,FXSR,SSE,SSE2,SS,HTT,TM,SBF,SSE3,MWAIT,DS-CPL,EST,TM2,SSSE3,CX16,xTPR,PDCM,MOVBE
real mem  = 1062490112 (1013MB)
avail mem = 1034977280 (987MB)
mainbus0 at root
bios0 at mainbus0: AT/286+ BIOS, date 10/04/10, BIOS32 rev. 0 @ 0xfdc87, SMBIOS rev. 2.5 @ 0xdf010 (29 entries)
bios0: vendor Phoenix Technologies Ltd. version 02MY.M019.20101004.JIP date 10/04/2010
bios0: SAMSUNG ELECTRONICS CO., LTD. NF110/NF210/NF310
acpi0 at bios0: rev 2
acpi0: sleep states S0 S3 S4 S5
acpi0: tables DSDT FACP MCFG HPET APIC BOOT SLIC SSDT SSDT SSDT SSDT SSDT
acpi0: wakeup devices EXP1(S4) EXP2(S4) EXP3(S4) EXP4(S4) PCIB(S3) PWRB(S4)
acpitimer0 at acpi0: 3579545 Hz, 24 bits
acpimcfg0 at acpi0 addr 0xe0000000, bus 0-16
acpihpet0 at acpi0: 14318179 Hz
acpimadt0 at acpi0 addr 0xfee00000: PC-AT compat
cpu0 at mainbus0: apid 0 (boot processor)
cpu0: apic clock running at 166MHz
cpu at mainbus0: not configured
cpu at mainbus0: not configured
cpu at mainbus0: not configured
ioapic0 at mainbus0: apid 4 pa 0xfec00000, version 20, 24 pins
acpiprt0 at acpi0: bus 0 (PCI0)
acpiprt1 at acpi0: bus 5 (EXP1)
acpiprt2 at acpi0: bus 7 (EXP2)
acpiprt3 at acpi0: bus 9 (EXP3)
acpiprt4 at acpi0: bus 11 (EXP4)
acpiprt5 at acpi0: bus 17 (PCIB)
acpiec0 at acpi0
acpicpu0 at acpi0: C1, PSS
acpitz0 at acpi0: critical temperature 98 degC
acpibat0 at acpi0: BAT1 type LION oem SAMSUNG Electronics
acpiac0 at acpi0: AC unit offline
acpibtn0 at acpi0: LID0
acpibtn1 at acpi0: PWRB
acpibtn2 at acpi0: SLPB
acpivideo0 at acpi0: IGD0
acpivout0 at acpivideo0: DD01
acpivout1 at acpivideo0: DD02
acpivout2 at acpivideo0: DD03
acpivout3 at acpivideo0: DD04
acpivout4 at acpivideo0: DD05
bios0: ROM list: 0xc0000/0xda00! 0xdf000/0x1000!
cpu0: Enhanced SpeedStep 2170 MHz: speeds: 1500, 1000 MHz
pci0 at mainbus0 bus 0: configuration mode 1 (bios)
pchb0 at pci0 dev 0 function 0 Intel Pineview DMI rev 0x02
vga1 at pci0 dev 2 function 0 Intel Pineview Video rev 0x02
wsdisplay0 at vga1 mux 1: console (80x25, vt100 emulation)
wsdisplay0: screen 1-5 added (80x25, vt100 emulation)
intagp0 at vga1
agp0 at intagp0: aperture at 0xd0000000, size 0x10000000
inteldrm0 at vga1: apic 4 int 16 (irq 11)
drm0 at inteldrm0
Intel Pineview Video rev 0x02 at pci0 dev 2 function 1 not configured
azalia0 at pci0 dev 27 function 0 Intel 82801GB HD Audio rev 0x02: apic 4 int 22 (irq 7)
azalia0: codecs: Realtek ALC269
audio0 at azalia0
ppb0 at pci0 dev 28 function 0 Intel 82801GB PCIE rev 0x02: apic 4 int 16 (irq 11)
pci1 at ppb0 bus 5
Broadcom BCM4313 rev 0x01 at pci1 dev 0 function 0 not configured
ppb1 at pci0 dev 28 function 1 Intel 82801GB PCIE rev 0x02: apic 4 int 17 (irq 4)
pci2 at ppb1 bus 7
ppb2 at pci0 dev 28 function 2 Intel 82801GB PCIE rev 0x02: apic 4 int 18 (irq 3)
pci3 at ppb2 bus 9
mskc0 at pci3 dev 0 function 0 Marvell Yukon 88E8040 rev 0x00, Yukon-2 FE+ rev. A0 (0x0): apic 4 int 18 (irq 3)
msk0 at mskc0 port A: address xx:xx:xx:xx:xx:xx
eephy0 at msk0 phy 0: 88E3016 10/100 PHY, rev. 0
ppb3 at pci0 dev 28 function 3 Intel 82801GB PCIE rev 0x02: apic 4 int 19 (irq 10)
pci4 at ppb3 bus 11
uhci0 at pci0 dev 29 function 0 Intel 82801GB USB rev 0x02: apic 4 int 23 (irq 5)
uhci1 at pci0 dev 29 function 1 Intel 82801GB USB rev 0x02: apic 4 int 19 (irq 10)
uhci2 at pci0 dev 29 function 2 Intel 82801GB USB rev 0x02: apic 4 int 18 (irq 3)
uhci3 at pci0 dev 29 function 3 Intel 82801GB USB rev 0x02: apic 4 int 16 (irq 11)
ehci0 at pci0 dev 29 function 7 Intel 82801GB USB rev 0x02: apic 4 int 23 (irq 5)
usb0 at ehci0: USB revision 2.0
uhub0 at usb0 Intel EHCI root hub rev 2.00/1.00 addr 1
ppb4 at pci0 dev 30 function 0 Intel 82801BAM Hub-to-PCI rev 0xe2
pci5 at ppb4 bus 17
pcib0 at pci0 dev 31 function 0 Intel Tigerpoint LPC rev 0x02
ahci0 at pci0 dev 31 function 2 Intel 82801GR AHCI rev 0x02: apic 4 int 19 (irq 10), AHCI 1.1
ahci0: PHY offline on port 2
ahci0: PHY offline on port 3
scsibus0 at ahci0: 32 targets
sd0 at scsibus0 targ 0 lun 0: &lt;ATA, Hitachi HTS54322, ESBO&gt; SCSI3 0/direct fixed
sd0: 238475MB, 512 bytes/sec, 488397168 sec total
ichiic0 at pci0 dev 31 function 3 Intel 82801GB SMBus rev 0x02: apic 4 int 19 (irq 10)
iic0 at ichiic0
spdmem0 at iic0 addr 0x50: 1GB DDR3 SDRAM PC3-10600 SO-DIMM
usb1 at uhci0: USB revision 1.0
uhub1 at usb1 Intel UHCI root hub rev 1.00/1.00 addr 1
usb2 at uhci1: USB revision 1.0
uhub2 at usb2 Intel UHCI root hub rev 1.00/1.00 addr 1
usb3 at uhci2: USB revision 1.0
uhub3 at usb3 Intel UHCI root hub rev 1.00/1.00 addr 1
usb4 at uhci3: USB revision 1.0
uhub4 at usb4 Intel UHCI root hub rev 1.00/1.00 addr 1
isa0 at pcib0
isadma0 at isa0
pckbc0 at isa0 port 0x60/5
pckbd0 at pckbc0 (kbd slot)
pckbc0: using irq 1 for kbd slot
wskbd0 at pckbd0: console keyboard, using wsdisplay0
pms0 at pckbc0 (aux slot)
pckbc0: using irq 12 for aux slot
wsmouse0 at pms0 mux 0
pcppi0 at isa0 port 0x61
spkr0 at pcppi0
npx0 at isa0 port 0xf0/16: reported by CPUID; using exception 16
mtrr: Pentium Pro MTRR support
umass0 at uhub0 port 1 configuration 1 interface 0 Verbatim micro USB Flash Drive rev 2.00/2.3c addr 2
umass0: using SCSI over Bulk-Only
scsibus1 at umass0: 2 targets, initiator 0
sd1 at scsibus1 targ 1 lun 0: &lt;Verbatim, micro USB, &gt; SCSI0 0/direct removable
sd1: 3864MB, 512 bytes/sec, 7913472 sec total
uvideo0 at uhub0 port 8 configuration 1 interface 0 Image Processor WebCam SCB-0385N rev 2.00/0.03 addr 3
video0 at uvideo0
ugen0 at uhub2 port 2 Broadcom Corp Broadcom BCM2070 Bluetooth Device rev 2.00/6.28 addr 2
vscsi0 at root
scsibus2 at vscsi0: 256 targets
softraid0 at root
root on sd1a swap on sd1b dump on sd1b
</pre>



</div><!-- content -->
<br />
<div id="footer">
All comments/news/posts are the property of their individual owner and
is presented without warranty of suitability, and solely as an
informational resource. <br />
This site Copyright &copy; 2004-2020 NYC*BUG.
</div><!-- footer -->

</body>
</html>

