



<!doctype html>
<html lang="en">
<head>
<meta name="keywords"
	content="bsd, freebsd, openbsd, netbsd, dragonflybsd, nycbug, dmesgd" />
<meta name="description" content="New York City BSD User Group dmesgd" />
<meta charset="utf-8" />
<meta name="viewport" content="width=device-width, initial-scale=1" />
<title>NYC*BUG dmesgd</title>
<style>
body {
	text-align: left;
	margin: 15px auto;
	padding: 0px 10px;
}
@media (min-width: 800px) {
	body {
		max-width: 85%;
	}
}
#header {
	border-bottom: 1px solid #dbdbdb;
	font-size: 230%;
	text-align: left;
}
#footer {
	border-top: 1px solid #dbdbdb;
	clear: both;
	text-align: left;
}
.logo_bug {
	color: #cc0033;
}
#menu ul {
	list-style-type: none;
	margin: 0;
	padding: 0;
}
#menu li {
	float: left;
}
#menu li a {
	display: block;
	background-color: #dbdbdb;
	color: #000000;
	font-size: 105%;
	font-weight: bold;
	padding: 0px 6px 0px 6px;
	text-decoration: none;
}
#content {
	clear: both;
	text-align: left;
	padding-top: 10px;
}
#content h1 {
	font-size: 120%;
	font-weight: bold;
}
#content h2 {
	font-size: 110%;
	font-weight: bold;
}
#content a {
	text-decoration: none;
}
#content pre {
	background-color: #dbdbdb;
	padding: 5px 5px 5px 5px;
	white-space: pre-wrap;		/* css-3 */
	white-space: -moz-pre-wrap;	/* Mozilla, since 1999 */
	white-space: -pre-wrap;		/* Opera 4-6 */
	white-space: -o-pre-wrap;	/* Opera 7 */
	word-wrap: break-word;		/* Internet Explorer 5.5+ */
}
#content table {
	border-collapse: collapse;
}
#content table th {
	border: 1px solid #dbdbdb;
	font-size: 85%;
	white-space: nowrap;
}
#content table td {
	border: 1px solid #dbdbdb;
	font-size: 80%;
}
#content input {
	font-size: 1em;
}
#content .full	{ width: 100%; }
#content .left	{ text-align: left; }
#content .right	{ text-align: right; }
#content .center { text-align: center; }
#content .flexbox {
	display: -ms-flex;
	display: -webkit-flex;
	display: flex;
	width: 100%;
}
#content .left_col {
	min-width: 75px;
	max-width: 50%;
	flex-grow: 0;
}
#content .right_col {
	flex-grow: 1;
	margin-left: 10px;
	padding-top: 10px;
	padding-left: 10px;
}
#col {
	-moz-column-count: 3;
	-webkit-column-count: 3;
	column-count: 3;
}
</style>
</head>
<body>

<div id="header">
<strong><em>NYC*</em><span class="logo_bug">BUG</span> dmesgd</strong>
</div><!-- header -->

<div id="menu">
<ul>
<li><a href="https://dmesgd.nycbug.org/index.cgi?do=index">Home</a></li>
<li><a href="https://dmesgd.nycbug.org/index.cgi?do=submit">Submit</a></li>
<li><a href="https://www.nycbug.org/">NYC*BUG</a></li>
</ul>
</div><!-- menu -->

<div id="content">

<p>
Launched in 2004, dmesgd aims to provide a
<strong>user-submitted</strong> repository of searchable *BSD dmesgs.
The dmesg(8) command displays the system message buffer's content, and
during boot a copy is saved to <em>/var/run/dmesg.boot</em>.  This buffer
contains the operating system release, name and version, a list of
devices identified, plus a whole host of other useful information.  We
hope others find this resource useful and further contribute to its
growth. Contact us at [ admin at lists dot nycbug dot org ].
</p>

<hr />


<strong>Date:</strong> <em>2011-05-31 14:04:39</em><br />
<strong>From:</strong> <em>Dave Anderson</em><br />
<strong>Description:</strong> <em>toshiba satellite a665-s5199x notebook</em><br />

<pre>
OpenBSD 4.9-current (GENERIC) #3: Mon May 23 21:40:58 MDT 2011
    xxx@xxx.xxx:/usr/src/sys/arch/i386/compile/GENERIC
cpu0: Intel(R) Core(TM) i5-2410M CPU @ 2.30GHz (GenuineIntel 686-class) 2.30 GHz
cpu0: FPU,V86,DE,PSE,TSC,MSR,PAE,MCE,CX8,APIC,SEP,MTRR,PGE,MCA,CMOV,PAT,PSE36,CFLUSH,DS,ACPI,MMX,FXSR,SSE,SSE2,SS,HTT,TM,SBF,SSE3,PCLMUL,MWAIT,DS-CPL,VMX,EST,TM2,SSSE3,CX16,xTPR,PDCM,SSE4.1,SSE4.2,x2APIC,POPCNT,XSAVE,AVX
real mem  = 3393855488 (3236MB)
avail mem = 3327569920 (3173MB)
mainbus0 at root
bios0 at mainbus0: AT/286+ BIOS, date 06/16/10, SMBIOS rev. 2.6 @ 0xcad22018 (53 entries)
bios0: vendor TOSHIBA version 1.70 date 03/11/2011
bios0: TOSHIBA Satellite A665
acpi0 at bios0: rev 2
acpi0: sleep states S0 S3 S4 S5
acpi0: tables DSDT FACP APIC MCFG SLIC HPET SSDT SSDT
acpi0: wakeup devices USB1(S3) USB2(S3) USB3(S3) USB4(S3) USB5(S3) USB6(S3) USB7(S3) PEGP(S4) PEG0(S4) PEG1(S4) PEG2(S4) PEG3(S4) RP01(S4) PXSX(S5) PXSX(S4) RP02(S4) PXSX(S4) RP03(S4) PXSX(S4) RP04(S4) PXSX(S4) RP05(S4) RP06(S4) PXSX(S3) PXSX(S4) RP07(S4) PXSX(S4) RP08(S4) GLAN(S4) EHC1(S4) EHC2(S4) HDEF(S4) LID0(S4)
acpitimer0 at acpi0: 3579545 Hz, 24 bits
acpimadt0 at acpi0 addr 0xfee00000: PC-AT compat
cpu0 at mainbus0: apid 0 (boot processor)
cpu0: apic clock running at 99MHz
cpu at mainbus0: not configured
cpu at mainbus0: not configured
cpu at mainbus0: not configured
ioapic0 at mainbus0: apid 2 pa 0xfec00000, version 20, 24 pins
acpimcfg0 at acpi0 addr 0xf8000000, bus 0-63
acpihpet0 at acpi0: 14318179 Hz
acpiprt0 at acpi0: bus 0 (PCI0)
acpiprt1 at acpi0: bus -1 (PEG0)
acpiprt2 at acpi0: bus -1 (PEG1)
acpiprt3 at acpi0: bus -1 (PEG2)
acpiprt4 at acpi0: bus -1 (PEG3)
acpiprt5 at acpi0: bus 1 (RP01)
acpiprt6 at acpi0: bus 2 (RP02)
acpiprt7 at acpi0: bus -1 (RP03)
acpiprt8 at acpi0: bus 3 (RP04)
acpiprt9 at acpi0: bus -1 (RP05)
acpiprt10 at acpi0: bus 4 (RP06)
acpiprt11 at acpi0: bus -1 (RP07)
acpiprt12 at acpi0: bus -1 (RP08)
acpiec0 at acpi0
acpiec at acpi0 not configured
acpicpu0 at acpi0: C3, C1, PSS
acpibat0 at acpi0: BAT1 not present
acpiac0 at acpi0: AC unit online
acpibat1 at acpi0: BAT0 not present
acpibat2 at acpi0: BAT1 not present
acpibat3 at acpi0: BAT2 not present
acpibtn0 at acpi0: LID0
acpibtn1 at acpi0: PWRB
acpivideo0 at acpi0: GFX0
acpivout0 at acpivideo0: DD02
bios0: ROM list: 0xc0000/0xee00 0xcf000/0x1000
cpu0: Enhanced SpeedStep 2295 MHz: speeds: 2301, 2300, 1800, 1600, 1400, 1200, 1000, 800 MHz
pci0 at mainbus0 bus 0: configuration mode 1 (bios)
pchb0 at pci0 dev 0 function 0 Intel Core 2G Host rev 0x09
vga1 at pci0 dev 2 function 0 Intel GT2 Video rev 0x09
wsdisplay0 at vga1 mux 1: console (80x25, vt100 emulation)
wsdisplay0: screen 1-5 added (80x25, vt100 emulation)
intagp at vga1 not configured
Intel 6 Series MEI rev 0x04 at pci0 dev 22 function 0 not configured
ehci0 at pci0 dev 26 function 0 Intel 6 Series USB rev 0x04: apic 2 int 16
usb0 at ehci0: USB revision 2.0
uhub0 at usb0 Intel EHCI root hub rev 2.00/1.00 addr 1
azalia0 at pci0 dev 27 function 0 Intel 6 Series HD Audio rev 0x04: apic 2 int 22
azalia0: codecs: Realtek ALC269, Intel/0x2805, using Realtek ALC269
audio0 at azalia0
ppb0 at pci0 dev 28 function 0 Intel 6 Series PCIE rev 0xb4: apic 2 int 16
pci1 at ppb0 bus 1
re0 at pci1 dev 0 function 0 Realtek 8101E rev 0x05: RTL8105E (0x4080), apic 2 int 16, address xx:xx:xx:xx:xx:xx
ukphy0 at re0 phy 7: Generic IEEE 802.3u media interface, rev. 2: OUI 0x000732, model 0x0008
ppb1 at pci0 dev 28 function 1 Intel 6 Series PCIE rev 0xb4: apic 2 int 17
pci2 at ppb1 bus 2
iwn0 at pci2 dev 0 function 0 Intel WiFi Link 1000 rev 0x00: apic 2 int 17, MIMO 1T2R, BGS, address xx:xx:xx:xx:xx:xx
ppb2 at pci0 dev 28 function 3 Intel 6 Series PCIE rev 0xb4: apic 2 int 19
pci3 at ppb2 bus 3
JMicron SD/MMC rev 0x30 at pci3 dev 0 function 0 not configured
sdhc0 at pci3 dev 0 function 2 JMicron SD Host Controller rev 0x30: apic 2 int 19
sdmmc0 at sdhc0
JMicron Memory Stick rev 0x30 at pci3 dev 0 function 3 not configured
JMicron xD rev 0x30 at pci3 dev 0 function 4 not configured
ppb3 at pci0 dev 28 function 5 Intel 6 Series PCIE rev 0xb4: apic 2 int 17
pci4 at ppb3 bus 4
NEC PCIE-XHCI rev 0x04 at pci4 dev 0 function 0 not configured
ehci1 at pci0 dev 29 function 0 Intel 6 Series USB rev 0x04: apic 2 int 23
usb1 at ehci1: USB revision 2.0
uhub1 at usb1 Intel EHCI root hub rev 2.00/1.00 addr 1
pcib0 at pci0 dev 31 function 0 Intel HM65 LPC rev 0x04
ahci0 at pci0 dev 31 function 2 Intel 6 Series AHCI rev 0x04: apic 2 int 19, AHCI 1.3
scsibus0 at ahci0: 32 targets
sd0 at scsibus0 targ 0 lun 0: &lt;ATA, TOSHIBA MK6465GS, GH10&gt; SCSI3 0/direct fixed naa.500003932b208a14
sd0: 610480MB, 512 bytes/sec, 1250263728 sec total
cd0 at scsibus0 targ 2 lun 0: &lt;TSSTcorp, CDDVDW TS-L633Y, TF20&gt; ATAPI 5/cdrom removable
ichiic0 at pci0 dev 31 function 3 Intel 6 Series SMBus rev 0x04: apic 2 int 18
iic0 at ichiic0
spdmem0 at iic0 addr 0x50: 2GB DDR3 SDRAM PC3-10600 SO-DIMM
spdmem1 at iic0 addr 0x52: 4GB DDR3 SDRAM PC3-10600 SO-DIMM
isa0 at pcib0
isadma0 at isa0
pckbc0 at isa0 port 0x60/5
pckbd0 at pckbc0 (kbd slot)
pckbc0: using irq 1 for kbd slot
wskbd0 at pckbd0: console keyboard, using wsdisplay0
pms0 at pckbc0 (aux slot)
pckbc0: using irq 12 for aux slot
wsmouse0 at pms0 mux 0
pcppi0 at isa0 port 0x61
spkr0 at pcppi0
npx0 at isa0 port 0xf0/16: reported by CPUID; using exception 16
mtrr: Pentium Pro MTRR support
uhub2 at uhub0 port 1 Intel product 0x0024 rev 2.00/0.00 addr 2
uvideo0 at uhub2 port 4 configuration 1 interface 0 Sonix Technology Co., Ltd. CNF9055 rev 2.00/26.13 addr 3
video0 at uvideo0
uhub3 at uhub1 port 1 Intel product 0x0024 rev 2.00/0.00 addr 2
umass0 at uhub3 port 3 configuration 1 interface 0 HP v125w rev 2.00/40.96 addr 3
umass0: using SCSI over Bulk-Only
scsibus1 at umass0: 2 targets, initiator 0
sd1 at scsibus1 targ 1 lun 0: &lt;hp, v125w, 4096&gt; SCSI0 0/direct removable serial.03f03307104A00000902
sd1: 3864MB, 512 bytes/sec, 7913472 sec total
vscsi0 at root
scsibus2 at vscsi0: 256 targets
softraid0 at root
root on sd1a (e0166bb8f33fc15d.a) swap on sd1b dump on sd1b
</pre>



</div><!-- content -->
<br />
<div id="footer">
All comments/news/posts are the property of their individual owner and
is presented without warranty of suitability, and solely as an
informational resource. <br />
This site Copyright &copy; 2004-2020 NYC*BUG.
</div><!-- footer -->

</body>
</html>

