



<!doctype html>
<html lang="en">
<head>
<meta name="keywords"
	content="bsd, freebsd, openbsd, netbsd, dragonflybsd, nycbug, dmesgd" />
<meta name="description" content="New York City BSD User Group dmesgd" />
<meta charset="utf-8" />
<meta name="viewport" content="width=device-width, initial-scale=1" />
<title>NYC*BUG dmesgd</title>
<style>
body {
	text-align: left;
	margin: 15px auto;
	padding: 0px 10px;
}
@media (min-width: 800px) {
	body {
		max-width: 85%;
	}
}
#header {
	border-bottom: 1px solid #dbdbdb;
	font-size: 230%;
	text-align: left;
}
#footer {
	border-top: 1px solid #dbdbdb;
	clear: both;
	text-align: left;
}
.logo_bug {
	color: #cc0033;
}
#menu ul {
	list-style-type: none;
	margin: 0;
	padding: 0;
}
#menu li {
	float: left;
}
#menu li a {
	display: block;
	background-color: #dbdbdb;
	color: #000000;
	font-size: 105%;
	font-weight: bold;
	padding: 0px 6px 0px 6px;
	text-decoration: none;
}
#content {
	clear: both;
	text-align: left;
	padding-top: 10px;
}
#content h1 {
	font-size: 120%;
	font-weight: bold;
}
#content h2 {
	font-size: 110%;
	font-weight: bold;
}
#content a {
	text-decoration: none;
}
#content pre {
	background-color: #dbdbdb;
	padding: 5px 5px 5px 5px;
	white-space: pre-wrap;		/* css-3 */
	white-space: -moz-pre-wrap;	/* Mozilla, since 1999 */
	white-space: -pre-wrap;		/* Opera 4-6 */
	white-space: -o-pre-wrap;	/* Opera 7 */
	word-wrap: break-word;		/* Internet Explorer 5.5+ */
}
#content table {
	border-collapse: collapse;
}
#content table th {
	border: 1px solid #dbdbdb;
	font-size: 85%;
	white-space: nowrap;
}
#content table td {
	border: 1px solid #dbdbdb;
	font-size: 80%;
}
#content input {
	font-size: 1em;
}
#content .full	{ width: 100%; }
#content .left	{ text-align: left; }
#content .right	{ text-align: right; }
#content .center { text-align: center; }
#content .flexbox {
	display: -ms-flex;
	display: -webkit-flex;
	display: flex;
	width: 100%;
}
#content .left_col {
	min-width: 75px;
	max-width: 50%;
	flex-grow: 0;
}
#content .right_col {
	flex-grow: 1;
	margin-left: 10px;
	padding-top: 10px;
	padding-left: 10px;
}
#col {
	-moz-column-count: 3;
	-webkit-column-count: 3;
	column-count: 3;
}
</style>
</head>
<body>

<div id="header">
<strong><em>NYC*</em><span class="logo_bug">BUG</span> dmesgd</strong>
</div><!-- header -->

<div id="menu">
<ul>
<li><a href="https://dmesgd.nycbug.org/index.cgi?do=index">Home</a></li>
<li><a href="https://dmesgd.nycbug.org/index.cgi?do=submit">Submit</a></li>
<li><a href="https://www.nycbug.org/">NYC*BUG</a></li>
</ul>
</div><!-- menu -->

<div id="content">

<p>
Launched in 2004, dmesgd aims to provide a
<strong>user-submitted</strong> repository of searchable *BSD dmesgs.
The dmesg(8) command displays the system message buffer's content, and
during boot a copy is saved to <em>/var/run/dmesg.boot</em>.  This buffer
contains the operating system release, name and version, a list of
devices identified, plus a whole host of other useful information.  We
hope others find this resource useful and further contribute to its
growth. Contact us at [ admin at lists dot nycbug dot org ].
</p>

<hr />


<strong>Date:</strong> <em>2011-06-02 15:13:48</em><br />
<strong>From:</strong> <em>Dave Anderson</em><br />
<strong>Description:</strong> <em>toshiba satellite c655d-s5120 notebook</em><br />

<pre>
OpenBSD 4.9-current (GENERIC) #3: Mon May 23 21:40:58 MDT 2011
    xxx@xxx.xxx:/usr/src/sys/arch/i386/compile/GENERIC
cpu0: AMD Athlon(tm) II P340 Dual-Core Processor (AuthenticAMD 686-class, 512KB L2 cache) 2.20 GHz
cpu0: FPU,V86,DE,PSE,TSC,MSR,PAE,MCE,CX8,APIC,SEP,MTRR,PGE,MCA,CMOV,PAT,PSE36,CFLUSH,MMX,FXSR,SSE,SSE2,HTT,SSE3,MWAIT,CX16,POPCNT
real mem  = 3752648704 (3578MB)
avail mem = 3680505856 (3510MB)
mainbus0 at root
bios0 at mainbus0: AT/286+ BIOS, date 09/02/10, SMBIOS rev. 2.6 @ 0xe80f0 (48 entries)
bios0: vendor Insyde Corp. version 1.60 date 09/02/2010
bios0: TOSHIBA Satellite C655D
acpi0 at bios0: rev 2
acpi0: sleep states S0 S3 S4 S5
acpi0: tables DSDT FACP HPET APIC MCFG BOOT SLIC SSDT
acpi0: wakeup devices LID_(S4) PB2_(S5) PB3_(S4) PB5_(S5) PB6_(S5) PB7_(S5) PB9_(S5) PB10(S5) SPB0(S4) SPB1(S4) AZAL(S3) USB0(S3) USB4(S3) P2P_(S5)
acpitimer0 at acpi0: 3579545 Hz, 32 bits
acpihpet0 at acpi0: 14318180 Hz
acpimadt0 at acpi0 addr 0xfee00000: PC-AT compat
cpu0 at mainbus0: apid 0 (boot processor)
cpu0: apic clock running at 199MHz
cpu at mainbus0: not configured
ioapic0 at mainbus0: apid 4 pa 0xfec00000, version 21, 24 pins
ioapic0: misconfigured as apic 0, remapped to apid 4
acpimcfg0 at acpi0 addr 0xf8000000, bus 0-63
acpiprt0 at acpi0: bus 0 (PCI0)
acpiprt1 at acpi0: bus 1 (AGP_)
acpiprt2 at acpi0: bus -1 (PB2_)
acpiprt3 at acpi0: bus -1 (PB3_)
acpiprt4 at acpi0: bus 2 (PB4_)
acpiprt5 at acpi0: bus 8 (PB5_)
acpiprt6 at acpi0: bus -1 (PB6_)
acpiprt7 at acpi0: bus -1 (PB7_)
acpiprt8 at acpi0: bus -1 (PB9_)
acpiprt9 at acpi0: bus -1 (PB10)
acpiprt10 at acpi0: bus -1 (SPB0)
acpiprt11 at acpi0: bus -1 (SPB1)
acpiprt12 at acpi0: bus 9 (P2P_)
acpicpu0 at acpi0: PSS
acpipwrres0 at acpi0: PFA1
acpitz0 at acpi0: critical temperature 105 degC
acpibtn0 at acpi0: PWRB
acpibtn1 at acpi0: LID_
acpibat0 at acpi0: BAT0 not present
acpiac0 at acpi0: AC unit online
acpivideo0 at acpi0: VGA_
acpivout0 at acpivideo0: LCD_
acpivideo1 at acpi0: VGA_
acpivideo2 at acpi0: VGA_
bios0: ROM list: 0xc0000/0xf000 0xcf000/0x1000
cpu0: 2195 MHz: speeds: 2200 1600 800 MHz
pci0 at mainbus0 bus 0: configuration mode 1 (bios)
pchb0 at pci0 dev 0 function 0 AMD RS780 Host rev 0x00
ppb0 at pci0 dev 1 function 0 AMD RS780 PCIE rev 0x00
pci1 at ppb0 bus 1
vga1 at pci1 dev 5 function 0 ATI Mobility Radeon HD 4200 rev 0x00
wsdisplay0 at vga1 mux 1: console (80x25, vt100 emulation)
wsdisplay0: screen 1-5 added (80x25, vt100 emulation)
radeondrm0 at vga1: apic 4 int 18
drm0 at radeondrm0
ppb1 at pci0 dev 4 function 0 AMD RS780 PCIE rev 0x00: apic 4 int 16
pci2 at ppb1 bus 2
athn0 at pci2 dev 0 function 0 Atheros AR9285 rev 0x01: apic 4 int 16
athn0: AR9285 rev 2 (1T1R), ROM rev 14, address xx:xx:xx:xx:xx:xx
ppb2 at pci0 dev 5 function 0 AMD RS780 PCIE rev 0x00: apic 4 int 17
pci3 at ppb2 bus 8
alc0 at pci3 dev 0 function 0 Attansic Technology L2C rev 0xc1: apic 4 int 17, address xx:xx:xx:xx:xx:xx
atphy0 at alc0 phy 0: F2 10/100 PHY, rev. 4
ahci0 at pci0 dev 17 function 0 ATI SBx00 SATA rev 0x00: apic 4 int 19, AHCI 1.2
scsibus0 at ahci0: 32 targets
sd0 at scsibus0 targ 0 lun 0: &lt;ATA, TOSHIBA MK3265GS, GH01&gt; SCSI3 0/direct fixed naa.50000392b9c0744b
sd0: 305245MB, 512 bytes/sec, 625142448 sec total
cd0 at scsibus0 targ 1 lun 0: &lt;HL-DT-ST, DVDRAM GT30N, TN08&gt; ATAPI 5/cdrom removable
ohci0 at pci0 dev 18 function 0 ATI SB700 USB rev 0x00: apic 4 int 18, version 1.0, legacy support
ehci0 at pci0 dev 18 function 2 ATI SB700 USB2 rev 0x00: apic 4 int 17
usb0 at ehci0: USB revision 2.0
uhub0 at usb0 ATI EHCI root hub rev 2.00/1.00 addr 1
ohci1 at pci0 dev 19 function 0 ATI SB700 USB rev 0x00: apic 4 int 18, version 1.0, legacy support
ehci1 at pci0 dev 19 function 2 ATI SB700 USB2 rev 0x00: apic 4 int 17
usb1 at ehci1: USB revision 2.0
uhub1 at usb1 ATI EHCI root hub rev 2.00/1.00 addr 1
piixpm0 at pci0 dev 20 function 0 ATI SBx00 SMBus rev 0x42: SMI
iic0 at piixpm0
spdmem0 at iic0 addr 0x50: 2GB DDR3 SDRAM PC3-8500 SO-DIMM
spdmem1 at iic0 addr 0x52: 2GB DDR3 SDRAM PC3-8500 SO-DIMM
azalia0 at pci0 dev 20 function 2 ATI SBx00 HD Audio rev 0x40: apic 4 int 16
azalia0: codecs: Conexant/0x5069
audio0 at azalia0
pcib0 at pci0 dev 20 function 3 ATI SB700 ISA rev 0x40
ppb3 at pci0 dev 20 function 4 ATI SB600 PCI rev 0x40
pci4 at ppb3 bus 9
ohci2 at pci0 dev 22 function 0 ATI SB700 USB rev 0x00: apic 4 int 18, version 1.0, legacy support
ehci2 at pci0 dev 22 function 2 ATI SB700 USB2 rev 0x00: apic 4 int 17
usb2 at ehci2: USB revision 2.0
uhub2 at usb2 ATI EHCI root hub rev 2.00/1.00 addr 1
pchb1 at pci0 dev 24 function 0 AMD AMD64 10h HyperTransport rev 0x00
pchb2 at pci0 dev 24 function 1 AMD AMD64 10h Address Map rev 0x00
pchb3 at pci0 dev 24 function 2 AMD AMD64 10h DRAM Cfg rev 0x00
km0 at pci0 dev 24 function 3 AMD AMD64 10h Misc Cfg rev 0x00
pchb4 at pci0 dev 24 function 4 AMD AMD64 10h Link Cfg rev 0x00
usb3 at ohci0: USB revision 1.0
uhub3 at usb3 ATI OHCI root hub rev 1.00/1.00 addr 1
usb4 at ohci1: USB revision 1.0
uhub4 at usb4 ATI OHCI root hub rev 1.00/1.00 addr 1
isa0 at pcib0
isadma0 at isa0
pckbc0 at isa0 port 0x60/5
pckbd0 at pckbc0 (kbd slot)
pckbc0: using irq 1 for kbd slot
wskbd0 at pckbd0: console keyboard, using wsdisplay0
pms0 at pckbc0 (aux slot)
pckbc0: using irq 12 for aux slot
wsmouse0 at pms0 mux 0
pcppi0 at isa0 port 0x61
spkr0 at pcppi0
npx0 at isa0 port 0xf0/16: reported by CPUID; using exception 16
usb5 at ohci2: USB revision 1.0
uhub5 at usb5 ATI OHCI root hub rev 1.00/1.00 addr 1
mtrr: Pentium Pro MTRR support
umass0 at uhub0 port 1 configuration 1 interface 0 HP v125w rev 2.00/40.96 addr 2
umass0: using SCSI over Bulk-Only
scsibus1 at umass0: 2 targets, initiator 0
sd1 at scsibus1 targ 1 lun 0: &lt;hp, v125w, 4096&gt; SCSI0 0/direct removable serial.03f03307104A00000902
sd1: 3864MB, 512 bytes/sec, 7913472 sec total
vscsi0 at root
scsibus2 at vscsi0: 256 targets
softraid0 at root
root on sd1a (e0166bb8f33fc15d.a) swap on sd1b dump on sd1b
</pre>



</div><!-- content -->
<br />
<div id="footer">
All comments/news/posts are the property of their individual owner and
is presented without warranty of suitability, and solely as an
informational resource. <br />
This site Copyright &copy; 2004-2020 NYC*BUG.
</div><!-- footer -->

</body>
</html>

