



<!doctype html>
<html lang="en">
<head>
<meta name="keywords"
	content="bsd, freebsd, openbsd, netbsd, dragonflybsd, nycbug, dmesgd" />
<meta name="description" content="New York City BSD User Group dmesgd" />
<meta charset="utf-8" />
<meta name="viewport" content="width=device-width, initial-scale=1" />
<title>NYC*BUG dmesgd</title>
<style>
body {
	text-align: left;
	margin: 15px auto;
	padding: 0px 10px;
}
@media (min-width: 800px) {
	body {
		max-width: 85%;
	}
}
#header {
	border-bottom: 1px solid #dbdbdb;
	font-size: 230%;
	text-align: left;
}
#footer {
	border-top: 1px solid #dbdbdb;
	clear: both;
	text-align: left;
}
.logo_bug {
	color: #cc0033;
}
#menu ul {
	list-style-type: none;
	margin: 0;
	padding: 0;
}
#menu li {
	float: left;
}
#menu li a {
	display: block;
	background-color: #dbdbdb;
	color: #000000;
	font-size: 105%;
	font-weight: bold;
	padding: 0px 6px 0px 6px;
	text-decoration: none;
}
#content {
	clear: both;
	text-align: left;
	padding-top: 10px;
}
#content h1 {
	font-size: 120%;
	font-weight: bold;
}
#content h2 {
	font-size: 110%;
	font-weight: bold;
}
#content a {
	text-decoration: none;
}
#content pre {
	background-color: #dbdbdb;
	padding: 5px 5px 5px 5px;
	white-space: pre-wrap;		/* css-3 */
	white-space: -moz-pre-wrap;	/* Mozilla, since 1999 */
	white-space: -pre-wrap;		/* Opera 4-6 */
	white-space: -o-pre-wrap;	/* Opera 7 */
	word-wrap: break-word;		/* Internet Explorer 5.5+ */
}
#content table {
	border-collapse: collapse;
}
#content table th {
	border: 1px solid #dbdbdb;
	font-size: 85%;
	white-space: nowrap;
}
#content table td {
	border: 1px solid #dbdbdb;
	font-size: 80%;
}
#content input {
	font-size: 1em;
}
#content .full	{ width: 100%; }
#content .left	{ text-align: left; }
#content .right	{ text-align: right; }
#content .center { text-align: center; }
#content .flexbox {
	display: -ms-flex;
	display: -webkit-flex;
	display: flex;
	width: 100%;
}
#content .left_col {
	min-width: 75px;
	max-width: 50%;
	flex-grow: 0;
}
#content .right_col {
	flex-grow: 1;
	margin-left: 10px;
	padding-top: 10px;
	padding-left: 10px;
}
#col {
	-moz-column-count: 3;
	-webkit-column-count: 3;
	column-count: 3;
}
</style>
</head>
<body>

<div id="header">
<strong><em>NYC*</em><span class="logo_bug">BUG</span> dmesgd</strong>
</div><!-- header -->

<div id="menu">
<ul>
<li><a href="https://dmesgd.nycbug.org/index.cgi?do=index">Home</a></li>
<li><a href="https://dmesgd.nycbug.org/index.cgi?do=submit">Submit</a></li>
<li><a href="https://www.nycbug.org/">NYC*BUG</a></li>
</ul>
</div><!-- menu -->

<div id="content">

<p>
Launched in 2004, dmesgd aims to provide a
<strong>user-submitted</strong> repository of searchable *BSD dmesgs.
The dmesg(8) command displays the system message buffer's content, and
during boot a copy is saved to <em>/var/run/dmesg.boot</em>.  This buffer
contains the operating system release, name and version, a list of
devices identified, plus a whole host of other useful information.  We
hope others find this resource useful and further contribute to its
growth. Contact us at [ admin at lists dot nycbug dot org ].
</p>

<hr />


<strong>Date:</strong> <em>2011-06-06 16:35:33</em><br />
<strong>From:</strong> <em>Dave Anderson</em><br />
<strong>Description:</strong> <em>acer aspire one d257-1648 notebook</em><br />

<pre>
OpenBSD 4.9-current (GENERIC) #3: Mon May 23 21:40:58 MDT 2011
    xxx@xxx.xxx:/usr/src/sys/arch/i386/compile/GENERIC
cpu0: Intel(R) Atom(TM) CPU N570 @ 1.66GHz (GenuineIntel 686-class) 1.67 GHz
cpu0: FPU,V86,DE,PSE,TSC,MSR,PAE,MCE,CX8,APIC,SEP,MTRR,PGE,MCA,CMOV,PAT,PSE36,CFLUSH,DS,ACPI,MMX,FXSR,SSE,SSE2,SS,HTT,TM,SBF,SSE3,MWAIT,DS-CPL,VMX,EST,TM2,SSSE3,CX16,xTPR,PDCM,MOVBE
real mem  = 1060954112 (1011MB)
avail mem = 1032765440 (984MB)
mainbus0 at root
bios0 at mainbus0: AT/286+ BIOS, date 04/26/11, BIOS32 rev. 0 @ 0xef735, SMBIOS rev. 2.6 @ 0xe5840 (33 entries)
bios0: vendor INSYDE version V1.04 date 04/26/2011
bios0: Acer AOD257
acpi0 at bios0: rev 2
acpi0: sleep states S0 S3 S4 S5
acpi0: tables DSDT FACP HPET APIC MCFG SLIC BOOT SSDT SSDT SSDT WDAT
acpi0: wakeup devices P32_(S4) UHC1(S3) UHC2(S3) UHC3(S3) UHC4(S3) ECHI(S3) EXP1(S4) EXP2(S3) EXP3(S3) EXP4(S3) AZAL(S4) MODM(S4)
acpitimer0 at acpi0: 3579545 Hz, 24 bits
acpihpet0 at acpi0: 14318179 Hz
acpimadt0 at acpi0 addr 0xfee00000: PC-AT compat
cpu0 at mainbus0: apid 0 (boot processor)
cpu0: apic clock running at 166MHz
cpu at mainbus0: not configured
cpu at mainbus0: not configured
cpu at mainbus0: not configured
ioapic0 at mainbus0: apid 4 pa 0xfec00000, version 20, 24 pins
ioapic0: misconfigured as apic 0, remapped to apid 4
acpimcfg0 at acpi0 addr 0xe0000000, bus 0-255
acpiprt0 at acpi0: bus 0 (PCI0)
acpiprt1 at acpi0: bus 4 (P32_)
acpiprt2 at acpi0: bus 1 (EXP1)
acpiprt3 at acpi0: bus 2 (EXP2)
acpiprt4 at acpi0: bus 3 (EXP3)
acpiprt5 at acpi0: bus -1 (EXP4)
acpiec0 at acpi0
acpicpu0 at acpi0: C2, C1, PSS
acpitz0 at acpi0: critical temperature 98 degC
acpibtn0 at acpi0: PWRB
acpibtn1 at acpi0: SLPB
acpibtn2 at acpi0: LID_
acpiac0 at acpi0: AC unit online
acpibat0 at acpi0: BAT1 not present
acpivideo0 at acpi0: GFX0
acpivout0 at acpivideo0: DD02
bios0: ROM list: 0xc0000/0xda00! 0xcda00/0x1000
cpu0: Enhanced SpeedStep 1663 MHz: speeds: 1666, 1333, 1000 MHz
pci0 at mainbus0 bus 0: configuration mode 1 (bios)
pchb0 at pci0 dev 0 function 0 Intel Pineview DMI rev 0x02
vga1 at pci0 dev 2 function 0 Intel Pineview Video rev 0x02
wsdisplay0 at vga1 mux 1: console (80x25, vt100 emulation)
wsdisplay0: screen 1-5 added (80x25, vt100 emulation)
intagp0 at vga1
agp0 at intagp0: aperture at 0x40000000, size 0x10000000
inteldrm0 at vga1: apic 4 int 16
drm0 at inteldrm0
Intel Pineview Video rev 0x02 at pci0 dev 2 function 1 not configured
azalia0 at pci0 dev 27 function 0 Intel 82801GB HD Audio rev 0x02: apic 4 int 16
azalia0: codecs: Realtek ALC269
audio0 at azalia0
ppb0 at pci0 dev 28 function 0 Intel 82801GB PCIE rev 0x02: apic 4 int 16
pci1 at ppb0 bus 1
re0 at pci1 dev 0 function 0 Realtek 8101E rev 0x05: RTL8105E (0x4080), apic 4 int 16, address xx:xx:xx:xx:xx:xx
ukphy0 at re0 phy 7: Generic IEEE 802.3u media interface, rev. 2: OUI 0x000732, model 0x0008
ppb1 at pci0 dev 28 function 1 Intel 82801GB PCIE rev 0x02: apic 4 int 17
pci2 at ppb1 bus 2
Broadcom BCM4313 rev 0x01 at pci2 dev 0 function 0 not configured
ppb2 at pci0 dev 28 function 2 Intel 82801GB PCIE rev 0x02: apic 4 int 18
pci3 at ppb2 bus 3
vendor Realtek, unknown product 0x5209 (class undefined unknown subclass 0x00, rev 0x01) at pci3 dev 0 function 0 not configured
uhci0 at pci0 dev 29 function 0 Intel 82801GB USB rev 0x02: apic 4 int 16
uhci1 at pci0 dev 29 function 1 Intel 82801GB USB rev 0x02: apic 4 int 17
uhci2 at pci0 dev 29 function 3 Intel 82801GB USB rev 0x02: apic 4 int 19
ehci0 at pci0 dev 29 function 7 Intel 82801GB USB rev 0x02: apic 4 int 16
usb0 at ehci0: USB revision 2.0
uhub0 at usb0 Intel EHCI root hub rev 2.00/1.00 addr 1
ppb3 at pci0 dev 30 function 0 Intel 82801BAM Hub-to-PCI rev 0xe2
pci4 at ppb3 bus 4
pcib0 at pci0 dev 31 function 0 Intel Tigerpoint LPC rev 0x02
ahci0 at pci0 dev 31 function 2 Intel 82801GR AHCI rev 0x02: apic 4 int 17, AHCI 1.1
scsibus0 at ahci0: 32 targets
sd0 at scsibus0 targ 0 lun 0: &lt;ATA, ST9250315AS, 0001&gt; SCSI3 0/direct fixed naa.5000c500372b5531
sd0: 238475MB, 512 bytes/sec, 488397168 sec total
ichiic0 at pci0 dev 31 function 3 Intel 82801GB SMBus rev 0x02: apic 4 int 17
iic0 at ichiic0
spdmem0 at iic0 addr 0x50: 1GB DDR3 SDRAM PC3-10600 SO-DIMM
usb1 at uhci0: USB revision 1.0
uhub1 at usb1 Intel UHCI root hub rev 1.00/1.00 addr 1
usb2 at uhci1: USB revision 1.0
uhub2 at usb2 Intel UHCI root hub rev 1.00/1.00 addr 1
usb3 at uhci2: USB revision 1.0
uhub3 at usb3 Intel UHCI root hub rev 1.00/1.00 addr 1
isa0 at pcib0
isadma0 at isa0
pckbc0 at isa0 port 0x60/5
pckbd0 at pckbc0 (kbd slot)
pckbc0: using irq 1 for kbd slot
wskbd0 at pckbd0: console keyboard, using wsdisplay0
pms0 at pckbc0 (aux slot)
pckbc0: using irq 12 for aux slot
wsmouse0 at pms0 mux 0
pcppi0 at isa0 port 0x61
spkr0 at pcppi0
npx0 at isa0 port 0xf0/16: reported by CPUID; using exception 16
mtrr: Pentium Pro MTRR support
umass0 at uhub0 port 2 configuration 1 interface 0 HP v125w rev 2.00/40.96 addr 2
umass0: using SCSI over Bulk-Only
scsibus1 at umass0: 2 targets, initiator 0
sd1 at scsibus1 targ 1 lun 0: &lt;hp, v125w, 4096&gt; SCSI0 0/direct removable serial.03f03307104A00000902
sd1: 3864MB, 512 bytes/sec, 7913472 sec total
uvideo0 at uhub0 port 3 configuration 1 interface 0 Chicony Electronics Co., Ltd. WebCam rev 2.00/82.57 addr 3
video0 at uvideo0
vscsi0 at root
scsibus2 at vscsi0: 256 targets
softraid0 at root
root on sd1a (e0166bb8f33fc15d.a) swap on sd1b dump on sd1b
</pre>



</div><!-- content -->
<br />
<div id="footer">
All comments/news/posts are the property of their individual owner and
is presented without warranty of suitability, and solely as an
informational resource. <br />
This site Copyright &copy; 2004-2020 NYC*BUG.
</div><!-- footer -->

</body>
</html>

