



<!doctype html>
<html lang="en">
<head>
<meta name="keywords"
	content="bsd, freebsd, openbsd, netbsd, dragonflybsd, nycbug, dmesgd" />
<meta name="description" content="New York City BSD User Group dmesgd" />
<meta charset="utf-8" />
<meta name="viewport" content="width=device-width, initial-scale=1" />
<title>NYC*BUG dmesgd</title>
<style>
body {
	text-align: left;
	margin: 15px auto;
	padding: 0px 10px;
}
@media (min-width: 800px) {
	body {
		max-width: 85%;
	}
}
#header {
	border-bottom: 1px solid #dbdbdb;
	font-size: 230%;
	text-align: left;
}
#footer {
	border-top: 1px solid #dbdbdb;
	clear: both;
	text-align: left;
}
.logo_bug {
	color: #cc0033;
}
#menu ul {
	list-style-type: none;
	margin: 0;
	padding: 0;
}
#menu li {
	float: left;
}
#menu li a {
	display: block;
	background-color: #dbdbdb;
	color: #000000;
	font-size: 105%;
	font-weight: bold;
	padding: 0px 6px 0px 6px;
	text-decoration: none;
}
#content {
	clear: both;
	text-align: left;
	padding-top: 10px;
}
#content h1 {
	font-size: 120%;
	font-weight: bold;
}
#content h2 {
	font-size: 110%;
	font-weight: bold;
}
#content a {
	text-decoration: none;
}
#content pre {
	background-color: #dbdbdb;
	padding: 5px 5px 5px 5px;
	white-space: pre-wrap;		/* css-3 */
	white-space: -moz-pre-wrap;	/* Mozilla, since 1999 */
	white-space: -pre-wrap;		/* Opera 4-6 */
	white-space: -o-pre-wrap;	/* Opera 7 */
	word-wrap: break-word;		/* Internet Explorer 5.5+ */
}
#content table {
	border-collapse: collapse;
}
#content table th {
	border: 1px solid #dbdbdb;
	font-size: 85%;
	white-space: nowrap;
}
#content table td {
	border: 1px solid #dbdbdb;
	font-size: 80%;
}
#content input {
	font-size: 1em;
}
#content .full	{ width: 100%; }
#content .left	{ text-align: left; }
#content .right	{ text-align: right; }
#content .center { text-align: center; }
#content .flexbox {
	display: -ms-flex;
	display: -webkit-flex;
	display: flex;
	width: 100%;
}
#content .left_col {
	min-width: 75px;
	max-width: 50%;
	flex-grow: 0;
}
#content .right_col {
	flex-grow: 1;
	margin-left: 10px;
	padding-top: 10px;
	padding-left: 10px;
}
#col {
	-moz-column-count: 3;
	-webkit-column-count: 3;
	column-count: 3;
}
</style>
</head>
<body>

<div id="header">
<strong><em>NYC*</em><span class="logo_bug">BUG</span> dmesgd</strong>
</div><!-- header -->

<div id="menu">
<ul>
<li><a href="https://dmesgd.nycbug.org/index.cgi?do=index">Home</a></li>
<li><a href="https://dmesgd.nycbug.org/index.cgi?do=submit">Submit</a></li>
<li><a href="https://www.nycbug.org/">NYC*BUG</a></li>
</ul>
</div><!-- menu -->

<div id="content">

<p>
Launched in 2004, dmesgd aims to provide a
<strong>user-submitted</strong> repository of searchable *BSD dmesgs.
The dmesg(8) command displays the system message buffer's content, and
during boot a copy is saved to <em>/var/run/dmesg.boot</em>.  This buffer
contains the operating system release, name and version, a list of
devices identified, plus a whole host of other useful information.  We
hope others find this resource useful and further contribute to its
growth. Contact us at [ admin at lists dot nycbug dot org ].
</p>

<hr />


<strong>Date:</strong> <em>2011-06-19 14:58:24</em><br />
<strong>From:</strong> <em>Dave Anderson</em><br />
<strong>Description:</strong> <em>acer aspire 7741z-5731 refurbished notebook</em><br />

<pre>
OpenBSD 4.9-current (GENERIC) #3: Mon May 23 21:40:58 MDT 2011
    xxx@xxx.xxx:/usr/src/sys/arch/i386/compile/GENERIC
cpu0: Intel(R) Pentium(R) CPU P6000 @ 1.87GHz (GenuineIntel 686-class) 1.87 GHz
cpu0: FPU,V86,DE,PSE,TSC,MSR,PAE,MCE,CX8,APIC,SEP,MTRR,PGE,MCA,CMOV,PAT,PSE36,CFLUSH,DS,ACPI,MMX,FXSR,SSE,SSE2,SS,HTT,TM,SBF,SSE3,MWAIT,DS-CPL,EST,TM2,SSSE3,CX16,xTPR,PDCM,POPCNT
real mem  = 2939592704 (2803MB)
avail mem = 2880724992 (2747MB)
mainbus0 at root
bios0 at mainbus0: AT/286+ BIOS, date 05/28/10, BIOS32 rev. 0 @ 0xfd800, SMBIOS rev. 2.6 @ 0xdc010 (30 entries)
bios0: vendor Phoenix Technologies LTD version V1.10 date 05/28/2010
bios0: Acer Aspire 7741
acpi0 at bios0: rev 2
acpi0: sleep states S0 S3 S4 S5
acpi0: tables DSDT FACP HPET MCFG SLIC APIC BOOT SSDT
acpi0: wakeup devices P0P1(S4) EHC1(S3) USB1(S3) USB2(S3) USB3(S3) USB4(S3) EHC2(S3) USB5(S3) USB6(S3) USB7(S3) HDEF(S3) PXSX(S5) RP01(S5) GLAN(S5) LID0(S3) SLPB(S3)
acpitimer0 at acpi0: 3579545 Hz, 24 bits
acpihpet0 at acpi0: 14318179 Hz
acpimcfg0 at acpi0 addr 0xe0000000, bus 0-255
acpimadt0 at acpi0 addr 0xfee00000: PC-AT compat
cpu0 at mainbus0: apid 0 (boot processor)
cpu0: apic clock running at 133MHz
cpu at mainbus0: not configured
ioapic0 at mainbus0: apid 1 pa 0xfec00000, version 20, 24 pins
acpiprt0 at acpi0: bus 0 (PCI0)
acpiprt1 at acpi0: bus -1 (P0P2)
acpiprt2 at acpi0: bus 15 (P0P1)
acpiprt3 at acpi0: bus 2 (RP01)
acpiprt4 at acpi0: bus 4 (RP02)
acpiprt5 at acpi0: bus -1 (RP03)
acpiprt6 at acpi0: bus -1 (RP04)
acpiprt7 at acpi0: bus -1 (RP05)
acpiprt8 at acpi0: bus -1 (RP07)
acpiprt9 at acpi0: bus -1 (RP08)
acpiprt10 at acpi0: bus -1 (PEG3)
acpiprt11 at acpi0: bus -1 (PEG5)
acpiec0 at acpi0
acpicpu0 at acpi0: C1, PSS
acpitz0 at acpi0: critical temperature 90 degC
acpitz1 at acpi0: critical temperature 92 degC
acpibat0 at acpi0: BAT0 model AS10D61 serial  6003 type LION oem 494453
acpiac0 at acpi0: AC unit online
acpibtn0 at acpi0: LID0
acpibtn1 at acpi0: SLPB
acpivideo0 at acpi0: PEGP
acpivideo1 at acpi0: GFX0
acpivout0 at acpivideo1: DD02
acpivideo2 at acpi0: PEGP
bios0: ROM list: 0xc0000/0xfa00! 0xd0000/0x2000 0xdc000/0x4000!
cpu0: Enhanced SpeedStep 1863 MHz: speeds: 1866, 1733, 1599, 1466, 1333, 1199, 1066, 933 MHz
pci0 at mainbus0 bus 0: configuration mode 1 (bios)
mem address conflict 0xf080a000/0x1000
pchb0 at pci0 dev 0 function 0 Intel Core Host rev 0x12
vga1 at pci0 dev 2 function 0 Intel Mobile HD graphics rev 0x12
wsdisplay0 at vga1 mux 1: console (80x25, vt100 emulation)
wsdisplay0: screen 1-5 added (80x25, vt100 emulation)
intagp0 at vga1
agp0 at intagp0: aperture at 0xd0000000, size 0x10000000
inteldrm0 at vga1: apic 1 int 16
drm0 at inteldrm0
Intel 3400 MEI rev 0x06 at pci0 dev 22 function 0 not configured
ehci0 at pci0 dev 26 function 0 Intel 3400 USB rev 0x05: apic 1 int 16
usb0 at ehci0: USB revision 2.0
uhub0 at usb0 Intel EHCI root hub rev 2.00/1.00 addr 1
azalia0 at pci0 dev 27 function 0 Intel 3400 HD Audio rev 0x05: apic 1 int 22
azalia0: codecs: Realtek ALC272, Intel/0x2804, using Realtek ALC272
audio0 at azalia0
ppb0 at pci0 dev 28 function 0 Intel 3400 PCIE rev 0x05: apic 1 int 16
pci1 at ppb0 bus 2
bge0 at pci1 dev 0 function 0 Broadcom BCM57780 rev 0x01, BCM57780 A1 (0x57780001): apic 1 int 16, address xx:xx:xx:xx:xx:xx
brgphy0 at bge0 phy 1: BCM57780 10/100/1000baseT PHY, rev. 1
ppb1 at pci0 dev 28 function 1 Intel 3400 PCIE rev 0x05: apic 1 int 17
pci2 at ppb1 bus 4
athn0 at pci2 dev 0 function 0 Atheros AR9281 rev 0x01: apic 1 int 17
athn0: AR9280 rev 2 (2T2R), ROM rev 22, address xx:xx:xx:xx:xx:xx
ehci1 at pci0 dev 29 function 0 Intel 3400 USB rev 0x05: apic 1 int 23
usb1 at ehci1: USB revision 2.0
uhub1 at usb1 Intel EHCI root hub rev 2.00/1.00 addr 1
ppb2 at pci0 dev 30 function 0 Intel 82801BAM Hub-to-PCI rev 0xa5
pci3 at ppb2 bus 15
pcib0 at pci0 dev 31 function 0 Intel HM55 LPC rev 0x05
ahci0 at pci0 dev 31 function 2 Intel 3400 AHCI rev 0x05: apic 1 int 19, AHCI 1.3
scsibus0 at ahci0: 32 targets
sd0 at scsibus0 targ 0 lun 0: &lt;ATA, WDC WD2500BEVT-2, 01.0&gt; SCSI3 0/direct fixed naa.50014ee2af451052
sd0: 238475MB, 512 bytes/sec, 488397168 sec total
cd0 at scsibus0 targ 4 lun 0: &lt;Optiarc, DVD RW AD-7580S, FX20&gt; ATAPI 5/cdrom removable
ichiic0 at pci0 dev 31 function 3 Intel 3400 SMBus rev 0x05: apic 1 int 18
iic0 at ichiic0
spdmem0 at iic0 addr 0x50: 1GB DDR3 SDRAM PC3-10600 SO-DIMM
spdmem1 at iic0 addr 0x52: 2GB DDR3 SDRAM PC3-10600 SO-DIMM
itherm0 at pci0 dev 31 function 6 Intel 3400 Thermal rev 0x05
isa0 at pcib0
isadma0 at isa0
pckbc0 at isa0 port 0x60/5
pckbd0 at pckbc0 (kbd slot)
pckbc0: using irq 1 for kbd slot
wskbd0 at pckbd0: console keyboard, using wsdisplay0
pms0 at pckbc0 (aux slot)
pckbc0: using irq 12 for aux slot
wsmouse0 at pms0 mux 0
pcppi0 at isa0 port 0x61
spkr0 at pcppi0
npx0 at isa0 port 0xf0/16: reported by CPUID; using exception 16
mtrr: Pentium Pro MTRR support
uhub2 at uhub0 port 1 Intel Rate Matching Hub rev 2.00/0.00 addr 2
uhub3 at uhub1 port 1 Intel Rate Matching Hub rev 2.00/0.00 addr 2
umass0 at uhub3 port 1 configuration 1 interface 0 HP v125w rev 2.00/40.96 addr 3
umass0: using SCSI over Bulk-Only
scsibus1 at umass0: 2 targets, initiator 0
sd1 at scsibus1 targ 1 lun 0: &lt;hp, v125w, 4096&gt; SCSI0 0/direct removable serial.03f03307104A00000902
sd1: 3864MB, 512 bytes/sec, 7913472 sec total
uvideo0 at uhub3 port 5 configuration 1 interface 0 Sonix Technology Co., Ltd. 1.3M WebCam rev 2.00/55.63 addr 4
video0 at uvideo0
vscsi0 at root
scsibus2 at vscsi0: 256 targets
softraid0 at root
root on sd1a (e0166bb8f33fc15d.a) swap on sd1b dump on sd1b
</pre>



</div><!-- content -->
<br />
<div id="footer">
All comments/news/posts are the property of their individual owner and
is presented without warranty of suitability, and solely as an
informational resource. <br />
This site Copyright &copy; 2004-2020 NYC*BUG.
</div><!-- footer -->

</body>
</html>

