



<!doctype html>
<html lang="en">
<head>
<meta name="keywords"
	content="bsd, freebsd, openbsd, netbsd, dragonflybsd, nycbug, dmesgd" />
<meta name="description" content="New York City BSD User Group dmesgd" />
<meta charset="utf-8" />
<meta name="viewport" content="width=device-width, initial-scale=1" />
<title>NYC*BUG dmesgd</title>
<style>
body {
	text-align: left;
	margin: 15px auto;
	padding: 0px 10px;
}
@media (min-width: 800px) {
	body {
		max-width: 85%;
	}
}
#header {
	border-bottom: 1px solid #dbdbdb;
	font-size: 230%;
	text-align: left;
}
#footer {
	border-top: 1px solid #dbdbdb;
	clear: both;
	text-align: left;
}
.logo_bug {
	color: #cc0033;
}
#menu ul {
	list-style-type: none;
	margin: 0;
	padding: 0;
}
#menu li {
	float: left;
}
#menu li a {
	display: block;
	background-color: #dbdbdb;
	color: #000000;
	font-size: 105%;
	font-weight: bold;
	padding: 0px 6px 0px 6px;
	text-decoration: none;
}
#content {
	clear: both;
	text-align: left;
	padding-top: 10px;
}
#content h1 {
	font-size: 120%;
	font-weight: bold;
}
#content h2 {
	font-size: 110%;
	font-weight: bold;
}
#content a {
	text-decoration: none;
}
#content pre {
	background-color: #dbdbdb;
	padding: 5px 5px 5px 5px;
	white-space: pre-wrap;		/* css-3 */
	white-space: -moz-pre-wrap;	/* Mozilla, since 1999 */
	white-space: -pre-wrap;		/* Opera 4-6 */
	white-space: -o-pre-wrap;	/* Opera 7 */
	word-wrap: break-word;		/* Internet Explorer 5.5+ */
}
#content table {
	border-collapse: collapse;
}
#content table th {
	border: 1px solid #dbdbdb;
	font-size: 85%;
	white-space: nowrap;
}
#content table td {
	border: 1px solid #dbdbdb;
	font-size: 80%;
}
#content input {
	font-size: 1em;
}
#content .full	{ width: 100%; }
#content .left	{ text-align: left; }
#content .right	{ text-align: right; }
#content .center { text-align: center; }
#content .flexbox {
	display: -ms-flex;
	display: -webkit-flex;
	display: flex;
	width: 100%;
}
#content .left_col {
	min-width: 75px;
	max-width: 50%;
	flex-grow: 0;
}
#content .right_col {
	flex-grow: 1;
	margin-left: 10px;
	padding-top: 10px;
	padding-left: 10px;
}
#col {
	-moz-column-count: 3;
	-webkit-column-count: 3;
	column-count: 3;
}
</style>
</head>
<body>

<div id="header">
<strong><em>NYC*</em><span class="logo_bug">BUG</span> dmesgd</strong>
</div><!-- header -->

<div id="menu">
<ul>
<li><a href="https://dmesgd.nycbug.org/index.cgi?do=index">Home</a></li>
<li><a href="https://dmesgd.nycbug.org/index.cgi?do=submit">Submit</a></li>
<li><a href="https://www.nycbug.org/">NYC*BUG</a></li>
</ul>
</div><!-- menu -->

<div id="content">

<p>
Launched in 2004, dmesgd aims to provide a
<strong>user-submitted</strong> repository of searchable *BSD dmesgs.
The dmesg(8) command displays the system message buffer's content, and
during boot a copy is saved to <em>/var/run/dmesg.boot</em>.  This buffer
contains the operating system release, name and version, a list of
devices identified, plus a whole host of other useful information.  We
hope others find this resource useful and further contribute to its
growth. Contact us at [ admin at lists dot nycbug dot org ].
</p>

<hr />


<strong>Date:</strong> <em>2011-06-19 14:58:27</em><br />
<strong>From:</strong> <em>Dave Anderson</em><br />
<strong>Description:</strong> <em>dell inspiron n4030 notebook</em><br />

<pre>
OpenBSD 4.9-current (GENERIC) #3: Mon May 23 21:40:58 MDT 2011
    xxx@xxx.xxx:/usr/src/sys/arch/i386/compile/GENERIC
cpu0: Intel(R) Pentium(R) CPU P6100 @ 2.00GHz (GenuineIntel 686-class) 2 GHz
cpu0: FPU,V86,DE,PSE,TSC,MSR,PAE,MCE,CX8,APIC,SEP,MTRR,PGE,MCA,CMOV,PAT,PSE36,CFLUSH,DS,ACPI,MMX,FXSR,SSE,SSE2,SS,HTT,TM,SBF,SSE3,MWAIT,DS-CPL,EST,TM2,SSSE3,CX16,xTPR,PDCM,POPCNT
real mem  = 3144302592 (2998MB)
avail mem = 3082092544 (2939MB)
mainbus0 at root
bios0 at mainbus0: AT/286+ BIOS, date 01/09/10, SMBIOS rev. 2.6 @ 0xeb2e0 (54 entries)
bios0: vendor Dell Inc. version A03 date 07/12/2010
bios0: Dell Inc. Inspiron N4030
acpi0 at bios0: rev 3
acpi0: sleep states S0 S3 S4 S5
acpi0: tables DSDT FACP APIC SSDT MCFG SLIC HPET OSFR
acpi0: wakeup devices P0P1(S3) P0P2(S3) P0P3(S3) P0P4(S3) P0P5(S3) BR20(S3) PEX0(S3) PEX1(S3) PEX2(S4) PEX3(S3) PEX4(S3) PEX5(S3) PEX6(S3) PEX7(S3) GBE_(S4) EHCI(S0) SLPB(S0) LID0(S3)
acpitimer0 at acpi0: 3579545 Hz, 24 bits
acpimadt0 at acpi0 addr 0xfee00000: PC-AT compat
cpu0 at mainbus0: apid 0 (boot processor)
cpu0: apic clock running at 132MHz
cpu at mainbus0: not configured
ioapic0 at mainbus0: apid 0 pa 0xfec00000, version 20, 24 pins
acpimcfg0 at acpi0 addr 0xe0000000, bus 0-255
acpihpet0 at acpi0: 14318179 Hz
acpiprt0 at acpi0: bus 0 (PCI0)
acpiprt1 at acpi0: bus 32 (BR20)
acpiprt2 at acpi0: bus 17 (PEX0)
acpiprt3 at acpi0: bus 18 (PEX1)
acpiprt4 at acpi0: bus 19 (PEX2)
acpiprt5 at acpi0: bus -1 (PEX3)
acpiprt6 at acpi0: bus 21 (PEX4)
acpicpu0 at acpi0: C1, PSS
acpitz0 at acpi0: critical temperature 87 degC
acpibtn0 at acpi0: SLPB
acpibtn1 at acpi0: PWRB
acpibat0 at acpi0: BAT0 not present
acpiac0 at acpi0: AC unit online
acpibtn2 at acpi0: LID0
acpibtn3 at acpi0: SBTN
acpivideo0 at acpi0: PEGP
acpivideo1 at acpi0: GFX0
acpivout0 at acpivideo1: DD02
bios0: ROM list: 0xc0000/0xfa00! 0xd0000/0x1000
cpu0: Enhanced SpeedStep 1996 MHz: speeds: 1995, 1862, 1729, 1596, 1463, 1330, 1197, 1064, 931 MHz
pci0 at mainbus0 bus 0: configuration mode 1 (bios)
pchb0 at pci0 dev 0 function 0 Intel Core Host rev 0x02
vga1 at pci0 dev 2 function 0 Intel Mobile HD graphics rev 0x02
wsdisplay0 at vga1 mux 1: console (80x25, vt100 emulation)
wsdisplay0: screen 1-5 added (80x25, vt100 emulation)
intagp0 at vga1
agp0 at intagp0: aperture at 0xc0000000, size 0x10000000
inteldrm0 at vga1: apic 0 int 16
drm0 at inteldrm0
Intel 3400 MEI rev 0x06 at pci0 dev 22 function 0 not configured
ehci0 at pci0 dev 26 function 0 Intel 3400 USB rev 0x05: apic 0 int 16
usb0 at ehci0: USB revision 2.0
uhub0 at usb0 Intel EHCI root hub rev 2.00/1.00 addr 1
azalia0 at pci0 dev 27 function 0 Intel 3400 HD Audio rev 0x05: apic 0 int 22
azalia0: codecs: IDT 92HD81B1X
audio0 at azalia0
ppb0 at pci0 dev 28 function 0 Intel 3400 PCIE rev 0x05: apic 0 int 17
pci1 at ppb0 bus 17
ppb1 at pci0 dev 28 function 1 Intel 3400 PCIE rev 0x05: apic 0 int 16
pci2 at ppb1 bus 18
Broadcom BCM4313 rev 0x01 at pci2 dev 0 function 0 not configured
ppb2 at pci0 dev 28 function 2 Intel 3400 PCIE rev 0x05: apic 0 int 18
pci3 at ppb2 bus 19
alc0 at pci3 dev 0 function 0 Attansic Technology L2C rev 0xc1: apic 0 int 18, address xx:xx:xx:xx:xx:xx
atphy0 at alc0 phy 0: F2 10/100 PHY, rev. 5
ppb3 at pci0 dev 28 function 4 Intel 3400 PCIE rev 0x05: apic 0 int 17
pci4 at ppb3 bus 21
ehci1 at pci0 dev 29 function 0 Intel 3400 USB rev 0x05: apic 0 int 23
usb1 at ehci1: USB revision 2.0
uhub1 at usb1 Intel EHCI root hub rev 2.00/1.00 addr 1
ppb4 at pci0 dev 30 function 0 Intel 82801BAM Hub-to-PCI rev 0xa5
pci5 at ppb4 bus 32
pcib0 at pci0 dev 31 function 0 Intel HM57 LPC rev 0x05
ahci0 at pci0 dev 31 function 2 Intel 3400 AHCI rev 0x05: apic 0 int 19, AHCI 1.3
scsibus0 at ahci0: 32 targets
sd0 at scsibus0 targ 0 lun 0: &lt;ATA, ST9500325AS, D005&gt; SCSI3 0/direct fixed naa.5000c50021c25d29
sd0: 476940MB, 512 bytes/sec, 976773168 sec total
cd0 at scsibus0 targ 1 lun 0: &lt;PLDS, DVD+-RW DS-8A5SH, XD12&gt; ATAPI 5/cdrom removable
ichiic0 at pci0 dev 31 function 3 Intel 3400 SMBus rev 0x05: apic 0 int 18
iic0 at ichiic0
spdmem0 at iic0 addr 0x50: 2GB DDR3 SDRAM PC3-10600 SO-DIMM
spdmem1 at iic0 addr 0x52: 2GB DDR3 SDRAM PC3-10600 SO-DIMM
itherm0 at pci0 dev 31 function 6 Intel 3400 Thermal rev 0x05
isa0 at pcib0
isadma0 at isa0
pckbc0 at isa0 port 0x60/5
pckbd0 at pckbc0 (kbd slot)
pckbc0: using irq 1 for kbd slot
wskbd0 at pckbd0: console keyboard, using wsdisplay0
pms0 at pckbc0 (aux slot)
pckbc0: using irq 12 for aux slot
wsmouse0 at pms0 mux 0
pcppi0 at isa0 port 0x61
spkr0 at pcppi0
npx0 at isa0 port 0xf0/16: reported by CPUID; using exception 16
mtrr: Pentium Pro MTRR support
uhub2 at uhub0 port 1 Intel Rate Matching Hub rev 2.00/0.00 addr 2
umass0 at uhub2 port 3 configuration 1 interface 0 Generic USB2.0-CRW rev 2.00/38.82 addr 3
umass0: using SCSI over Bulk-Only
scsibus1 at umass0: 2 targets, initiator 0
sd1 at scsibus1 targ 1 lun 0: &lt;Generic-, Multi-Card, 1.00&gt; SCSI0 0/direct removable serial.0bda0138516388200000
uvideo0 at uhub2 port 4 configuration 1 interface 0 CN01J4HC7248707801N5A01 Laptop_Integrated_Webcam_0.3M rev 2.00/2.11 addr 4
video0 at uvideo0
uhub3 at uhub1 port 1 Intel Rate Matching Hub rev 2.00/0.00 addr 2
umass1 at uhub3 port 1 configuration 1 interface 0 HP v125w rev 2.00/40.96 addr 3
umass1: using SCSI over Bulk-Only
scsibus2 at umass1: 2 targets, initiator 0
sd2 at scsibus2 targ 1 lun 0: &lt;hp, v125w, 4096&gt; SCSI0 0/direct removable serial.03f03307104A00000902
sd2: 3864MB, 512 bytes/sec, 7913472 sec total
vscsi0 at root
scsibus3 at vscsi0: 256 targets
softraid0 at root
root on sd2a (e0166bb8f33fc15d.a) swap on sd2b dump on sd2b
</pre>



</div><!-- content -->
<br />
<div id="footer">
All comments/news/posts are the property of their individual owner and
is presented without warranty of suitability, and solely as an
informational resource. <br />
This site Copyright &copy; 2004-2020 NYC*BUG.
</div><!-- footer -->

</body>
</html>

