



<!doctype html>
<html lang="en">
<head>
<meta name="keywords"
	content="bsd, freebsd, openbsd, netbsd, dragonflybsd, nycbug, dmesgd" />
<meta name="description" content="New York City BSD User Group dmesgd" />
<meta charset="utf-8" />
<meta name="viewport" content="width=device-width, initial-scale=1" />
<title>NYC*BUG dmesgd</title>
<style>
body {
	text-align: left;
	margin: 15px auto;
	padding: 0px 10px;
}
@media (min-width: 800px) {
	body {
		max-width: 85%;
	}
}
#header {
	border-bottom: 1px solid #dbdbdb;
	font-size: 230%;
	text-align: left;
}
#footer {
	border-top: 1px solid #dbdbdb;
	clear: both;
	text-align: left;
}
.logo_bug {
	color: #cc0033;
}
#menu ul {
	list-style-type: none;
	margin: 0;
	padding: 0;
}
#menu li {
	float: left;
}
#menu li a {
	display: block;
	background-color: #dbdbdb;
	color: #000000;
	font-size: 105%;
	font-weight: bold;
	padding: 0px 6px 0px 6px;
	text-decoration: none;
}
#content {
	clear: both;
	text-align: left;
	padding-top: 10px;
}
#content h1 {
	font-size: 120%;
	font-weight: bold;
}
#content h2 {
	font-size: 110%;
	font-weight: bold;
}
#content a {
	text-decoration: none;
}
#content pre {
	background-color: #dbdbdb;
	padding: 5px 5px 5px 5px;
	white-space: pre-wrap;		/* css-3 */
	white-space: -moz-pre-wrap;	/* Mozilla, since 1999 */
	white-space: -pre-wrap;		/* Opera 4-6 */
	white-space: -o-pre-wrap;	/* Opera 7 */
	word-wrap: break-word;		/* Internet Explorer 5.5+ */
}
#content table {
	border-collapse: collapse;
}
#content table th {
	border: 1px solid #dbdbdb;
	font-size: 85%;
	white-space: nowrap;
}
#content table td {
	border: 1px solid #dbdbdb;
	font-size: 80%;
}
#content input {
	font-size: 1em;
}
#content .full	{ width: 100%; }
#content .left	{ text-align: left; }
#content .right	{ text-align: right; }
#content .center { text-align: center; }
#content .flexbox {
	display: -ms-flex;
	display: -webkit-flex;
	display: flex;
	width: 100%;
}
#content .left_col {
	min-width: 75px;
	max-width: 50%;
	flex-grow: 0;
}
#content .right_col {
	flex-grow: 1;
	margin-left: 10px;
	padding-top: 10px;
	padding-left: 10px;
}
#col {
	-moz-column-count: 3;
	-webkit-column-count: 3;
	column-count: 3;
}
</style>
</head>
<body>

<div id="header">
<strong><em>NYC*</em><span class="logo_bug">BUG</span> dmesgd</strong>
</div><!-- header -->

<div id="menu">
<ul>
<li><a href="https://dmesgd.nycbug.org/index.cgi?do=index">Home</a></li>
<li><a href="https://dmesgd.nycbug.org/index.cgi?do=submit">Submit</a></li>
<li><a href="https://www.nycbug.org/">NYC*BUG</a></li>
</ul>
</div><!-- menu -->

<div id="content">

<p>
Launched in 2004, dmesgd aims to provide a
<strong>user-submitted</strong> repository of searchable *BSD dmesgs.
The dmesg(8) command displays the system message buffer's content, and
during boot a copy is saved to <em>/var/run/dmesg.boot</em>.  This buffer
contains the operating system release, name and version, a list of
devices identified, plus a whole host of other useful information.  We
hope others find this resource useful and further contribute to its
growth. Contact us at [ admin at lists dot nycbug dot org ].
</p>

<hr />


<strong>Date:</strong> <em>2011-08-30 02:21:41</em><br />
<strong>From:</strong> <em>remi</em><br />
<strong>Description:</strong> <em>Lenovo ThinkPak x201</em><br />

<pre>
OpenBSD 5.0 (GENERIC.MP) #63: Wed Aug 17 10:14:30 MDT 2011
    xxx@xxx.xxx:/usr/src/sys/arch/amd64/compile/GENERIC.MP
real mem = 4078419968 (3889MB)
avail mem = 3955732480 (3772MB)
mainbus0 at root
bios0 at mainbus0: SMBIOS rev. 2.6 @ 0xe0010 (78 entries)
bios0: vendor LENOVO version 6QET61WW (1.31 ) date 10/26/2010
bios0: LENOVO 3626GN8
acpi0 at bios0: rev 2
acpi0: sleep states S0 S3 S4 S5
acpi0: tables DSDT FACP SSDT ECDT APIC MCFG HPET ASF! BOOT SSDT TCPA DMAR SSDT SSDT SSDT
acpi0: wakeup devices LID_(S3) SLPB(S3) IGBE(S4) EXP1(S4) EXP2(S4) EXP3(S4) EXP4(S4) EXP5(S4) EHC1(S3) EHC2(S3) HDEF(S4)
acpitimer0 at acpi0: 3579545 Hz, 24 bits
acpiec0 at acpi0
acpimadt0 at acpi0 addr 0xfee00000: PC-AT compat
cpu0 at mainbus0: apid 0 (boot processor)
cpu0: Intel(R) Core(TM) i5 CPU M 560 @ 2.67GHz, 2660.49 MHz
cpu0: FPU,VME,DE,PSE,TSC,MSR,PAE,MCE,CX8,APIC,SEP,MTRR,PGE,MCA,CMOV,PAT,PSE36,CFLUSH,DS,ACPI,MMX,FXSR,SSE,SSE2,SS,HTT,TM,SBF,SSE3,PCLMUL,MWAIT,DS-CPL,VMX,SMX,EST,TM2,SSSE3,CX16,xTPR,PDCM,SSE4.1,SSE4.2,POPCNT,AES,
NXE,LONG
cpu0: 256KB 64b/line 8-way L2 cache
cpu0: apic clock running at 132MHz
cpu1 at mainbus0: apid 1 (application processor)
cpu1: Intel(R) Core(TM) i5 CPU M 560 @ 2.67GHz, 2660.00 MHz
cpu1: FPU,VME,DE,PSE,TSC,MSR,PAE,MCE,CX8,APIC,SEP,MTRR,PGE,MCA,CMOV,PAT,PSE36,CFLUSH,DS,ACPI,MMX,FXSR,SSE,SSE2,SS,HTT,TM,SBF,SSE3,PCLMUL,MWAIT,DS-CPL,VMX,SMX,EST,TM2,SSSE3,CX16,xTPR,PDCM,SSE4.1,SSE4.2,POPCNT,AES,
NXE,LONG
cpu1: 256KB 64b/line 8-way L2 cache
cpu2 at mainbus0: apid 4 (application processor)
cpu2: Intel(R) Core(TM) i5 CPU M 560 @ 2.67GHz, 2660.00 MHz
cpu2: FPU,VME,DE,PSE,TSC,MSR,PAE,MCE,CX8,APIC,SEP,MTRR,PGE,MCA,CMOV,PAT,PSE36,CFLUSH,DS,ACPI,MMX,FXSR,SSE,SSE2,SS,HTT,TM,SBF,SSE3,PCLMUL,MWAIT,DS-CPL,VMX,SMX,EST,TM2,SSSE3,CX16,xTPR,PDCM,SSE4.1,SSE4.2,POPCNT,AES,
NXE,LONG
cpu2: 256KB 64b/line 8-way L2 cache
cpu3 at mainbus0: apid 5 (application processor)
cpu3: Intel(R) Core(TM) i5 CPU M 560 @ 2.67GHz, 2660.00 MHz
cpu3: FPU,VME,DE,PSE,TSC,MSR,PAE,MCE,CX8,APIC,SEP,MTRR,PGE,MCA,CMOV,PAT,PSE36,CFLUSH,DS,ACPI,MMX,FXSR,SSE,SSE2,SS,HTT,TM,SBF,SSE3,PCLMUL,MWAIT,DS-CPL,VMX,SMX,EST,TM2,SSSE3,CX16,xTPR,PDCM,SSE4.1,SSE4.2,POPCNT,AES,
NXE,LONG
cpu3: 256KB 64b/line 8-way L2 cache
ioapic0 at mainbus0: apid 1 pa 0xfec00000, version 20, 24 pins
ioapic0: misconfigured as apic 2, remapped to apid 1
acpimcfg0 at acpi0 addr 0xe0000000, bus 0-255
acpihpet0 at acpi0: 14318179 Hz
acpiprt0 at acpi0: bus 0 (PCI0)
acpiprt1 at acpi0: bus -1 (PEG_)
acpiprt2 at acpi0: bus 13 (EXP1)
acpiprt3 at acpi0: bus -1 (EXP2)
acpiprt4 at acpi0: bus -1 (EXP3)
acpiprt5 at acpi0: bus 5 (EXP4)
acpiprt6 at acpi0: bus 2 (EXP5)
acpicpu0 at acpi0: C3, C1, PSS
acpicpu1 at acpi0: C3, C1, PSS
acpicpu2 at acpi0: C3, C1, PSS
acpicpu3 at acpi0: C3, C1, PSS
acpipwrres0 at acpi0: PUBS
acpitz0 at acpi0: critical temperature is 100 degC
acpibtn0 at acpi0: LID_
acpibtn1 at acpi0: SLPB
acpibat0 at acpi0: BAT0 model 42T4694 serial  1523 type LION oem SANYO
acpibat1 at acpi0: BAT1 not present
acpiac0 at acpi0: AC unit offline
acpithinkpad0 at acpi0
acpidock0 at acpi0: GDCK not docked (0)
cpu0: Enhanced SpeedStep 2660 MHz: speeds: 2667, 2666, 2533, 2399, 2266, 2133, 1999, 1866, 1733, 1599, 1466, 1333, 1199 MHz
pci0 at mainbus0 bus 0
pchb0 at pci0 dev 0 function 0 Intel Core Host rev 0x02
vga1 at pci0 dev 2 function 0 Intel Mobile HD graphics rev 0x02
wsdisplay0 at vga1 mux 1: console (80x25, vt100 emulation)
wsdisplay0: screen 1-5 added (80x25, vt100 emulation)
intagp0 at vga1
agp0 at intagp0: aperture at 0xd0000000, size 0x10000000
inteldrm0 at vga1: apic 1 int 16
drm0 at inteldrm0
Intel 3400 MEI rev 0x06 at pci0 dev 22 function 0 not configured
em0 at pci0 dev 25 function 0 Intel 82577LM rev 0x06: msi, address xx:xx:xx:xx:xx:xx
ehci0 at pci0 dev 26 function 0 Intel 3400 USB rev 0x06: apic 1 int 23
usb0 at ehci0: USB revision 2.0
uhub0 at usb0 Intel EHCI root hub rev 2.00/1.00 addr 1
azalia0 at pci0 dev 27 function 0 Intel 3400 HD Audio rev 0x06: msi
azalia0: codecs: Conexant/0x5069, Intel/0x2804, using Conexant/0x5069
audio0 at azalia0
ppb0 at pci0 dev 28 function 0 Intel 3400 PCIE rev 0x06: msi
pci1 at ppb0 bus 13
ppb1 at pci0 dev 28 function 3 Intel 3400 PCIE rev 0x06: msi
pci2 at ppb1 bus 5
ppb2 at pci0 dev 28 function 4 Intel 3400 PCIE rev 0x06: msi
pci3 at ppb2 bus 2
iwn0 at pci3 dev 0 function 0 Intel Centrino Advanced-N 6200 rev 0x35: msi, MIMO 2T2R, MoW, address xx:xx:xx:xx:xx:xx
ehci1 at pci0 dev 29 function 0 Intel 3400 USB rev 0x06: apic 1 int 19
usb1 at ehci1: USB revision 2.0
uhub1 at usb1 Intel EHCI root hub rev 2.00/1.00 addr 1
ppb3 at pci0 dev 30 function 0 Intel 82801BAM Hub-to-PCI rev 0xa6
pci4 at ppb3 bus 14
pcib0 at pci0 dev 31 function 0 Intel QM57 LPC rev 0x06
ahci0 at pci0 dev 31 function 2 Intel 3400 AHCI rev 0x06: msi, AHCI 1.3
ahci0: device on port 0 didnt come ready, TFD: 0x80&lt;BSY&gt;
ahci0: CLO did not complete
scsibus0 at ahci0: 32 targets
sd0 at scsibus0 targ 0 lun 0: &lt;ATA, INTEL SSDSA2M080, 2CV1&gt; SCSI3 0/direct fixed naa.50015179592a36b6
sd0: 76319MB, 512 bytes/sector, 156301488 sectors, thin
ichiic0 at pci0 dev 31 function 3 Intel 3400 SMBus rev 0x06: apic 1 int 23
iic0 at ichiic0
spdmem0 at iic0 addr 0x50: 4GB DDR3 SDRAM PC3-10600 SO-DIMM
itherm0 at pci0 dev 31 function 6 Intel 3400 Thermal rev 0x06
isa0 at pcib0
isadma0 at isa0
pckbc0 at isa0 port 0x60/5
pckbd0 at pckbc0 (kbd slot)
pckbc0: using irq 1 for kbd slot
wskbd0 at pckbd0: console keyboard, using wsdisplay0
pms0 at pckbc0 (aux slot)
pckbc0: using irq 12 for aux slot
wsmouse0 at pms0 mux 0
pcppi0 at isa0 port 0x61
spkr0 at pcppi0
aps0 at isa0 port 0x1600/31
mtrr: Pentium Pro MTRR support
uhub2 at uhub0 port 1 Intel Rate Matching Hub rev 2.00/0.00 addr 2
ugen0 at uhub2 port 3 UPEK Biometric Coprocessor rev 1.01/0.02 addr 3
ugen1 at uhub2 port 4 Broadcom Corp Broadcom Bluetooth Device rev 2.00/3.60 addr 4
uvideo0 at uhub2 port 6 configuration 1 interface 0 Chicony Electronics Co., Ltd. Integrated Camera rev 2.00/72.28 addr 5
video0 at uvideo0
uhub3 at uhub1 port 1 Intel Rate Matching Hub rev 2.00/0.00 addr 2
vscsi0 at root
scsibus1 at vscsi0: 256 targets
softraid0 at root
scsibus2 at softraid0: 256 targets
root on sd0a (7e833152f0e3bfc7.a) swap on sd0b dump on sd0b
sd1 at scsibus2 targ 1 lun 0: &lt;OPENBSD, SR CRYPTO, 004&gt; SCSI2 0/direct fixed
sd1: 54809MB, 512 bytes/sector, 112250368 sectors
</pre>



</div><!-- content -->
<br />
<div id="footer">
All comments/news/posts are the property of their individual owner and
is presented without warranty of suitability, and solely as an
informational resource. <br />
This site Copyright &copy; 2004-2020 NYC*BUG.
</div><!-- footer -->

</body>
</html>

