



<!doctype html>
<html lang="en">
<head>
<meta name="keywords"
	content="bsd, freebsd, openbsd, netbsd, dragonflybsd, nycbug, dmesgd" />
<meta name="description" content="New York City BSD User Group dmesgd" />
<meta charset="utf-8" />
<meta name="viewport" content="width=device-width, initial-scale=1" />
<title>NYC*BUG dmesgd</title>
<style>
body {
	text-align: left;
	margin: 15px auto;
	padding: 0px 10px;
}
@media (min-width: 800px) {
	body {
		max-width: 85%;
	}
}
#header {
	border-bottom: 1px solid #dbdbdb;
	font-size: 230%;
	text-align: left;
}
#footer {
	border-top: 1px solid #dbdbdb;
	clear: both;
	text-align: left;
}
.logo_bug {
	color: #cc0033;
}
#menu ul {
	list-style-type: none;
	margin: 0;
	padding: 0;
}
#menu li {
	float: left;
}
#menu li a {
	display: block;
	background-color: #dbdbdb;
	color: #000000;
	font-size: 105%;
	font-weight: bold;
	padding: 0px 6px 0px 6px;
	text-decoration: none;
}
#content {
	clear: both;
	text-align: left;
	padding-top: 10px;
}
#content h1 {
	font-size: 120%;
	font-weight: bold;
}
#content h2 {
	font-size: 110%;
	font-weight: bold;
}
#content a {
	text-decoration: none;
}
#content pre {
	background-color: #dbdbdb;
	padding: 5px 5px 5px 5px;
	white-space: pre-wrap;		/* css-3 */
	white-space: -moz-pre-wrap;	/* Mozilla, since 1999 */
	white-space: -pre-wrap;		/* Opera 4-6 */
	white-space: -o-pre-wrap;	/* Opera 7 */
	word-wrap: break-word;		/* Internet Explorer 5.5+ */
}
#content table {
	border-collapse: collapse;
}
#content table th {
	border: 1px solid #dbdbdb;
	font-size: 85%;
	white-space: nowrap;
}
#content table td {
	border: 1px solid #dbdbdb;
	font-size: 80%;
}
#content input {
	font-size: 1em;
}
#content .full	{ width: 100%; }
#content .left	{ text-align: left; }
#content .right	{ text-align: right; }
#content .center { text-align: center; }
#content .flexbox {
	display: -ms-flex;
	display: -webkit-flex;
	display: flex;
	width: 100%;
}
#content .left_col {
	min-width: 75px;
	max-width: 50%;
	flex-grow: 0;
}
#content .right_col {
	flex-grow: 1;
	margin-left: 10px;
	padding-top: 10px;
	padding-left: 10px;
}
#col {
	-moz-column-count: 3;
	-webkit-column-count: 3;
	column-count: 3;
}
</style>
</head>
<body>

<div id="header">
<strong><em>NYC*</em><span class="logo_bug">BUG</span> dmesgd</strong>
</div><!-- header -->

<div id="menu">
<ul>
<li><a href="https://dmesgd.nycbug.org/index.cgi?do=index">Home</a></li>
<li><a href="https://dmesgd.nycbug.org/index.cgi?do=submit">Submit</a></li>
<li><a href="https://www.nycbug.org/">NYC*BUG</a></li>
</ul>
</div><!-- menu -->

<div id="content">

<p>
Launched in 2004, dmesgd aims to provide a
<strong>user-submitted</strong> repository of searchable *BSD dmesgs.
The dmesg(8) command displays the system message buffer's content, and
during boot a copy is saved to <em>/var/run/dmesg.boot</em>.  This buffer
contains the operating system release, name and version, a list of
devices identified, plus a whole host of other useful information.  We
hope others find this resource useful and further contribute to its
growth. Contact us at [ admin at lists dot nycbug dot org ].
</p>

<hr />


<strong>Date:</strong> <em>2011-08-30 02:25:17</em><br />
<strong>From:</strong> <em>remi</em><br />
<strong>Description:</strong> <em>OpenVox IPC100</em><br />

<pre>
OpenBSD 4.9 (GENERIC) #671: Wed Mar  2 07:09:00 MST 2011
    xxx@xxx.xxx:/usr/src/sys/arch/i386/compile/GENERIC
cpu0: Intel(R) Atom(TM) CPU Z530 @ 1.60GHz (GenuineIntel 686-class) 1.60 GHz
cpu0: FPU,V86,DE,PSE,TSC,MSR,PAE,MCE,CX8,APIC,SEP,MTRR,PGE,MCA,CMOV,PAT,CFLUSH,DS,ACPI,MMX,FXSR,SSE,SSE2,SS,HTT,TM,SBF,SSE3,MWAIT,DS-CPL,VMX,EST,TM2,SSSE3,xTPR,PDCM,MOVBE
real mem  = 2141278208 (2042MB)
avail mem = 2096115712 (1999MB)
mainbus0 at root
bios0 at mainbus0: AT/286+ BIOS, date 08/12/10, BIOS32 rev. 0 @ 0xf0010, SMBIOS rev. 2.5 @ 0xfbe70 (18 entries)
bios0: vendor American Megatrends Inc. version 080015 date 08/12/2010
bios0: OpenVox IPC100
acpi0 at bios0: rev 2
acpi0: sleep states S0 S3 S4 S5
acpi0: tables DSDT FACP APIC MCFG OEMB HPET GSCI SSDT
acpi0: wakeup devices USB0(S4) USB1(S4) USB2(S4) EUSB(S4) POP4(S4) POP5(S4) LID_(S4)
acpitimer0 at acpi0: 3579545 Hz, 24 bits
acpimadt0 at acpi0 addr 0xfee00000: PC-AT compat
cpu0 at mainbus0: apid 0 (boot processor)
cpu0: apic clock running at 132MHz
ioapic0 at mainbus0: apid 1 pa 0xfec00000, version 20, 24 pins
acpimcfg0 at acpi0 addr 0xe0000000, bus 0-255
acpihpet0 at acpi0: 14318179 Hz
acpiprt0 at acpi0: bus 0 (PCI0)
acpiprt1 at acpi0: bus 1 (POP4)
acpiprt2 at acpi0: bus 2 (P2P6)
acpiprt3 at acpi0: bus 3 (POP5)
acpicpu0 at acpi0: PSS
acpibtn0 at acpi0: SLPB
acpibtn1 at acpi0: PWRB
acpibtn2 at acpi0: LID_
acpivideo0 at acpi0: GFX0
acpivout0 at acpivideo0: DD01
acpivout1 at acpivideo0: DD02
acpivout2 at acpivideo0: DD03
acpivout3 at acpivideo0: DD04
bios0: ROM list: 0xc0000/0xe600!
cpu0: Enhanced SpeedStep 1597 MHz: speeds: 1600, 1333, 1067, 800 MHz
pci0 at mainbus0 bus 0: configuration mode 1 (bios)
pchb0 at pci0 dev 0 function 0 Intel US15W Host rev 0x07
vga1 at pci0 dev 2 function 0 Intel US15W Video rev 0x07
wsdisplay0 at vga1 mux 1: console (80x25, vt100 emulation)
wsdisplay0: screen 1-5 added (80x25, vt100 emulation)
intagp at vga1 not configured
ppb0 at pci0 dev 28 function 0 Intel SCH PCIE rev 0x07: apic 1 int 16 (irq 10)
pci1 at ppb0 bus 1
ppb1 at pci1 dev 0 function 0 TI XIO2000A PCIE-PCI rev 0x03
pci2 at ppb1 bus 2
rl0 at pci2 dev 2 function 0 Realtek 8139 rev 0x10: apic 1 int 18 (irq 15), address xx:xx:xx:xx:xx:xx
rlphy0 at rl0 phy 0: RTL internal PHY
rl1 at pci2 dev 3 function 0 Realtek 8139 rev 0x10: apic 1 int 19 (irq 5), address xx:xx:xx:xx:xx:xx
rlphy1 at rl1 phy 0: RTL internal PHY
ral0 at pci2 dev 4 function 0 Ralink RT2561S rev 0x00: apic 1 int 16 (irq 10), address xx:xx:xx:xx:xx:xx
ral0: MAC/BBP RT2561C, RF RT5225
ppb2 at pci0 dev 28 function 1 Intel SCH PCIE rev 0x07: apic 1 int 17 (irq 11)
pci3 at ppb2 bus 3
re0 at pci3 dev 0 function 0 Realtek 8168 rev 0x03: RTL8168D/8111D (0x2800), apic 1 int 17 (irq 5), address xx:xx:xx:xx:xx:xx
rgephy0 at re0 phy 7: RTL8169S/8110S PHY, rev. 2
uhci0 at pci0 dev 29 function 0 Intel SCH USB rev 0x07: apic 1 int 16 (irq 10)
ehci0 at pci0 dev 29 function 7 Intel SCH USB rev 0x07: apic 1 int 19 (irq 5)
usb0 at ehci0: USB revision 2.0 
uhub0 at usb0 Intel EHCI root hub rev 2.00/1.00 addr 1
pcib0 at pci0 dev 31 function 0 Intel SCH LPC rev 0x07
pciide0 at pci0 dev 31 function 1 Intel SCH IDE rev 0x07: DMA, channel 0 wired to compatibility
wd0 at pciide0 channel 0 drive 0: &lt;HITACHI HTS725050A9A364&gt;
wd0: 16-sector PIO, LBA48, 476940MB, 976773168 sectors
wd1 at pciide0 channel 0 drive 1: &lt;CF 4GB&gt;
wd1: 1-sector PIO, LBA, 3823MB, 7831152 sectors
wd0(pciide0:0:0): using PIO mode 4, Ultra-DMA mode 5
wd1(pciide0:0:1): using PIO mode 4, Ultra-DMA mode 4
usb1 at uhci0: USB revision 1.0
uhub1 at usb1 Intel UHCI root hub rev 1.00/1.00 addr 1
isa0 at pcib0
isadma0 at isa0
com0 at isa0 port 0x3f8/8 irq 4: ns16550a, 16 byte fifo
com0: console
pckbc0 at isa0 port 0x60/5
pckbd0 at pckbc0 (kbd slot)
pckbc0: using irq 1 for kbd slot
wskbd0 at pckbd0: console keyboard, using wsdisplay0
pcppi0 at isa0 port 0x61
spkr0 at pcppi0
it0 at isa0 port 0x2e/2: IT8712F rev 8, EC port 0xa10
npx0 at isa0 port 0xf0/16: reported by CPUID; using exception 16
mtrr: Pentium Pro MTRR support
vscsi0 at root
scsibus0 at vscsi0: 256 targets
softraid0 at root
root on wd1a swap on wd1b dump on wd1b
</pre>



</div><!-- content -->
<br />
<div id="footer">
All comments/news/posts are the property of their individual owner and
is presented without warranty of suitability, and solely as an
informational resource. <br />
This site Copyright &copy; 2004-2020 NYC*BUG.
</div><!-- footer -->

</body>
</html>

