



<!doctype html>
<html lang="en">
<head>
<meta name="keywords"
	content="bsd, freebsd, openbsd, netbsd, dragonflybsd, nycbug, dmesgd" />
<meta name="description" content="New York City BSD User Group dmesgd" />
<meta charset="utf-8" />
<meta name="viewport" content="width=device-width, initial-scale=1" />
<title>NYC*BUG dmesgd</title>
<style>
body {
	text-align: left;
	margin: 15px auto;
	padding: 0px 10px;
}
@media (min-width: 800px) {
	body {
		max-width: 85%;
	}
}
#header {
	border-bottom: 1px solid #dbdbdb;
	font-size: 230%;
	text-align: left;
}
#footer {
	border-top: 1px solid #dbdbdb;
	clear: both;
	text-align: left;
}
.logo_bug {
	color: #cc0033;
}
#menu ul {
	list-style-type: none;
	margin: 0;
	padding: 0;
}
#menu li {
	float: left;
}
#menu li a {
	display: block;
	background-color: #dbdbdb;
	color: #000000;
	font-size: 105%;
	font-weight: bold;
	padding: 0px 6px 0px 6px;
	text-decoration: none;
}
#content {
	clear: both;
	text-align: left;
	padding-top: 10px;
}
#content h1 {
	font-size: 120%;
	font-weight: bold;
}
#content h2 {
	font-size: 110%;
	font-weight: bold;
}
#content a {
	text-decoration: none;
}
#content pre {
	background-color: #dbdbdb;
	padding: 5px 5px 5px 5px;
	white-space: pre-wrap;		/* css-3 */
	white-space: -moz-pre-wrap;	/* Mozilla, since 1999 */
	white-space: -pre-wrap;		/* Opera 4-6 */
	white-space: -o-pre-wrap;	/* Opera 7 */
	word-wrap: break-word;		/* Internet Explorer 5.5+ */
}
#content table {
	border-collapse: collapse;
}
#content table th {
	border: 1px solid #dbdbdb;
	font-size: 85%;
	white-space: nowrap;
}
#content table td {
	border: 1px solid #dbdbdb;
	font-size: 80%;
}
#content input {
	font-size: 1em;
}
#content .full	{ width: 100%; }
#content .left	{ text-align: left; }
#content .right	{ text-align: right; }
#content .center { text-align: center; }
#content .flexbox {
	display: -ms-flex;
	display: -webkit-flex;
	display: flex;
	width: 100%;
}
#content .left_col {
	min-width: 75px;
	max-width: 50%;
	flex-grow: 0;
}
#content .right_col {
	flex-grow: 1;
	margin-left: 10px;
	padding-top: 10px;
	padding-left: 10px;
}
#col {
	-moz-column-count: 3;
	-webkit-column-count: 3;
	column-count: 3;
}
</style>
</head>
<body>

<div id="header">
<strong><em>NYC*</em><span class="logo_bug">BUG</span> dmesgd</strong>
</div><!-- header -->

<div id="menu">
<ul>
<li><a href="https://dmesgd.nycbug.org/index.cgi?do=index">Home</a></li>
<li><a href="https://dmesgd.nycbug.org/index.cgi?do=submit">Submit</a></li>
<li><a href="https://www.nycbug.org/">NYC*BUG</a></li>
</ul>
</div><!-- menu -->

<div id="content">

<p>
Launched in 2004, dmesgd aims to provide a
<strong>user-submitted</strong> repository of searchable *BSD dmesgs.
The dmesg(8) command displays the system message buffer's content, and
during boot a copy is saved to <em>/var/run/dmesg.boot</em>.  This buffer
contains the operating system release, name and version, a list of
devices identified, plus a whole host of other useful information.  We
hope others find this resource useful and further contribute to its
growth. Contact us at [ admin at lists dot nycbug dot org ].
</p>

<hr />


<strong>Date:</strong> <em>2011-09-03 19:35:17</em><br />
<strong>From:</strong> <em>Martin Pelikan</em><br />
<strong>Description:</strong> <em>Gigabyte H61M-S2V-B3 + Intel Core i3 2100T</em><br />

<pre>
OpenBSD 5.0 (GENERIC.MP) #63: Wed Aug 17 10:14:30 MDT 2011
    xxx@xxx.xxx:/usr/src/sys/arch/amd64/compile/GENERIC.MP
real mem = 8536260608 (8140MB)
avail mem = 8294907904 (7910MB)
mainbus0 at root
bios0 at mainbus0: SMBIOS rev. 2.4 @ 0xf0100 (35 entries)
bios0: vendor Award Software International, Inc. version F4 date 05/25/2011
bios0: Gigabyte Technology Co., Ltd. H61M-S2V-B3
acpi0 at bios0: rev 0
acpi0: sleep states S0 S3 S4 S5
acpi0: tables DSDT FACP HPET MCFG ASPT SSPT EUDS TAMG APIC SSDT
acpi0: wakeup devices PEX0(S5) PEX1(S5) PEX2(S5) PEX3(S5) PEX4(S5) PEX5(S5) PEX6(S5) PEX7(S5) HUB0(S5) UAR1(S3) USBE(S3) USE2(S3) AZAL(S5) PCI0(S5)
acpitimer0 at acpi0: 3579545 Hz, 24 bits
acpihpet0 at acpi0: 14318179 Hz
acpimcfg0 at acpi0 addr 0xf4000000, bus 0-63
acpimadt0 at acpi0 addr 0xfee00000: PC-AT compat
cpu0 at mainbus0: apid 0 (boot processor)
cpu0: Intel(R) Core(TM) i3-2100T CPU @ 2.50GHz, 2494.73 MHz
cpu0: FPU,VME,DE,PSE,TSC,MSR,PAE,MCE,CX8,APIC,SEP,MTRR,PGE,MCA,CMOV,PAT,PSE36,CFLUSH,DS,ACPI,MMX,FXSR,SSE,SSE2,SS,HTT,TM,SBF,SSE3,PCLMUL,MWAIT,DS-CPL,VMX,EST,TM2,SSSE3,CX16,xTPR,PDCM,SSE4.1,SSE4.2,POPCNT,XSAVE,AVX,NXE,LONG
cpu0: 256KB 64b/line 8-way L2 cache
cpu0: apic clock running at 99MHz
cpu1 at mainbus0: apid 2 (application processor)
cpu1: Intel(R) Core(TM) i3-2100T CPU @ 2.50GHz, 2494.34 MHz
cpu1: FPU,VME,DE,PSE,TSC,MSR,PAE,MCE,CX8,APIC,SEP,MTRR,PGE,MCA,CMOV,PAT,PSE36,CFLUSH,DS,ACPI,MMX,FXSR,SSE,SSE2,SS,HTT,TM,SBF,SSE3,PCLMUL,MWAIT,DS-CPL,VMX,EST,TM2,SSSE3,CX16,xTPR,PDCM,SSE4.1,SSE4.2,POPCNT,XSAVE,AVX,NXE,LONG
cpu1: 256KB 64b/line 8-way L2 cache
cpu2 at mainbus0: apid 1 (application processor)
cpu2: Intel(R) Core(TM) i3-2100T CPU @ 2.50GHz, 2494.33 MHz
cpu2: FPU,VME,DE,PSE,TSC,MSR,PAE,MCE,CX8,APIC,SEP,MTRR,PGE,MCA,CMOV,PAT,PSE36,CFLUSH,DS,ACPI,MMX,FXSR,SSE,SSE2,SS,HTT,TM,SBF,SSE3,PCLMUL,MWAIT,DS-CPL,VMX,EST,TM2,SSSE3,CX16,xTPR,PDCM,SSE4.1,SSE4.2,POPCNT,XSAVE,AVX,NXE,LONG
cpu2: 256KB 64b/line 8-way L2 cache
cpu3 at mainbus0: apid 3 (application processor)
cpu3: Intel(R) Core(TM) i3-2100T CPU @ 2.50GHz, 2494.33 MHz
cpu3: FPU,VME,DE,PSE,TSC,MSR,PAE,MCE,CX8,APIC,SEP,MTRR,PGE,MCA,CMOV,PAT,PSE36,CFLUSH,DS,ACPI,MMX,FXSR,SSE,SSE2,SS,HTT,TM,SBF,SSE3,PCLMUL,MWAIT,DS-CPL,VMX,EST,TM2,SSSE3,CX16,xTPR,PDCM,SSE4.1,SSE4.2,POPCNT,XSAVE,AVX,NXE,LONG
cpu3: 256KB 64b/line 8-way L2 cache
ioapic0 at mainbus0: apid 2 pa 0xfec00000, version 20, 24 pins
ioapic0: misconfigured as apic 0, remapped to apid 2
acpiprt0 at acpi0: bus 0 (PCI0)
acpiprt1 at acpi0: bus -1 (PEG0)
acpiprt2 at acpi0: bus -1 (PEG1)
acpiprt3 at acpi0: bus 1 (PEX0)
acpiprt4 at acpi0: bus -1 (PEX1)
acpiprt5 at acpi0: bus -1 (PEX2)
acpiprt6 at acpi0: bus -1 (PEX3)
acpiprt7 at acpi0: bus 2 (PEX4)
acpiprt8 at acpi0: bus -1 (PEX5)
acpiprt9 at acpi0: bus -1 (PEX6)
acpiprt10 at acpi0: bus -1 (PEX7)
acpicpu0 at acpi0: C3, C2, C1, PSS
acpicpu1 at acpi0: C3, C2, C1, PSS
acpicpu2 at acpi0: C3, C2, C1, PSS
acpicpu3 at acpi0: C3, C2, C1, PSS
acpibtn0 at acpi0: PWRB
cpu0: Enhanced SpeedStep 2494 MHz: speeds: 2500, 2400, 2300, 2200, 2100, 2000, 1900, 1800, 1700, 1600 MHz
pci0 at mainbus0 bus 0
pchb0 at pci0 dev 0 function 0 Intel Core 2G Host rev 0x09
vga1 at pci0 dev 2 function 0 Intel GT1 Video rev 0x09
wsdisplay0 at vga1 mux 1: console (80x25, vt100 emulation)
wsdisplay0: screen 1-5 added (80x25, vt100 emulation)
intagp at vga1 not configured
Intel 6 Series MEI rev 0x04 at pci0 dev 22 function 0 not configured
ehci0 at pci0 dev 26 function 0 Intel 6 Series USB rev 0x05: apic 2 int 18
usb0 at ehci0: USB revision 2.0
uhub0 at usb0 Intel EHCI root hub rev 2.00/1.00 addr 1
ppb0 at pci0 dev 28 function 0 Intel 6 Series PCIE rev 0xb5: msi
pci1 at ppb0 bus 1
ppb1 at pci0 dev 28 function 4 Intel 6 Series PCIE rev 0xb5: msi
pci2 at ppb1 bus 2
re0 at pci2 dev 0 function 0 Realtek 8168 rev 0x06: RTL8168E/8111E-VL (0x2c80), apic 2 int 16, address xx:xx:xx:xx:xx:xx
rgephy0 at re0 phy 7: RTL8169S/8110S PHY, rev. 5
ehci1 at pci0 dev 29 function 0 Intel 6 Series USB rev 0x05: apic 2 int 23
usb1 at ehci1: USB revision 2.0
uhub1 at usb1 Intel EHCI root hub rev 2.00/1.00 addr 1
ppb2 at pci0 dev 30 function 0 Intel 82801BA Hub-to-PCI rev 0xa5
pci3 at ppb2 bus 3
pcib0 at pci0 dev 31 function 0 vendor Intel, unknown product 0x1c5c rev 0x05
ahci0 at pci0 dev 31 function 2 Intel 6 Series AHCI rev 0x05: msi, AHCI 1.3
scsibus0 at ahci0: 32 targets
sd0 at scsibus0 targ 0 lun 0: &lt;ATA, WDC WD5000AADS-0, 01.0&gt; SCSI3 0/direct fixed naa.50014ee2b1eafcef
sd0: 476940MB, 512 bytes/sector, 976773168 sectors
sd1 at scsibus0 targ 1 lun 0: &lt;ATA, WDC WD5000AADS-0, 01.0&gt; SCSI3 0/direct fixed naa.50014ee25b92c378
sd1: 476940MB, 512 bytes/sector, 976773168 sectors
ichiic0 at pci0 dev 31 function 3 Intel 6 Series SMBus rev 0x05: apic 2 int 18
iic0 at ichiic0
spdmem0 at iic0 addr 0x50: 4GB DDR3 SDRAM PC3-10600
spdmem1 at iic0 addr 0x52: 4GB DDR3 SDRAM PC3-10600
isa0 at pcib0
isadma0 at isa0
com0 at isa0 port 0x3f8/8 irq 4: ns16550a, 16 byte fifo
pckbc0 at isa0 port 0x60/5
pckbd0 at pckbc0 (kbd slot)
pckbc0: using irq 1 for kbd slot
wskbd0 at pckbd0: console keyboard, using wsdisplay0
pcppi0 at isa0 port 0x61
spkr0 at pcppi0
mtrr: Pentium Pro MTRR support
uhub2 at uhub0 port 1 Intel product 0x0024 rev 2.00/0.00 addr 2
uhub3 at uhub1 port 1 Intel product 0x0024 rev 2.00/0.00 addr 2
vscsi0 at root
scsibus1 at vscsi0: 256 targets
softraid0 at root
scsibus2 at softraid0: 256 targets
sd2 at scsibus2 targ 1 lun 0: &lt;OPENBSD, SR RAID 1, 004&gt; SCSI2 0/direct fixed
sd2: 465672MB, 512 bytes/sector, 953698197 sectors
root on sd0a (5456855fbf52b03a.a) swap on sd0b dump on sd0b
</pre>



</div><!-- content -->
<br />
<div id="footer">
All comments/news/posts are the property of their individual owner and
is presented without warranty of suitability, and solely as an
informational resource. <br />
This site Copyright &copy; 2004-2020 NYC*BUG.
</div><!-- footer -->

</body>
</html>

