



<!doctype html>
<html lang="en">
<head>
<meta name="keywords"
	content="bsd, freebsd, openbsd, netbsd, dragonflybsd, nycbug, dmesgd" />
<meta name="description" content="New York City BSD User Group dmesgd" />
<meta charset="utf-8" />
<meta name="viewport" content="width=device-width, initial-scale=1" />
<title>NYC*BUG dmesgd</title>
<style>
body {
	text-align: left;
	margin: 15px auto;
	padding: 0px 10px;
}
@media (min-width: 800px) {
	body {
		max-width: 85%;
	}
}
#header {
	border-bottom: 1px solid #dbdbdb;
	font-size: 230%;
	text-align: left;
}
#footer {
	border-top: 1px solid #dbdbdb;
	clear: both;
	text-align: left;
}
.logo_bug {
	color: #cc0033;
}
#menu ul {
	list-style-type: none;
	margin: 0;
	padding: 0;
}
#menu li {
	float: left;
}
#menu li a {
	display: block;
	background-color: #dbdbdb;
	color: #000000;
	font-size: 105%;
	font-weight: bold;
	padding: 0px 6px 0px 6px;
	text-decoration: none;
}
#content {
	clear: both;
	text-align: left;
	padding-top: 10px;
}
#content h1 {
	font-size: 120%;
	font-weight: bold;
}
#content h2 {
	font-size: 110%;
	font-weight: bold;
}
#content a {
	text-decoration: none;
}
#content pre {
	background-color: #dbdbdb;
	padding: 5px 5px 5px 5px;
	white-space: pre-wrap;		/* css-3 */
	white-space: -moz-pre-wrap;	/* Mozilla, since 1999 */
	white-space: -pre-wrap;		/* Opera 4-6 */
	white-space: -o-pre-wrap;	/* Opera 7 */
	word-wrap: break-word;		/* Internet Explorer 5.5+ */
}
#content table {
	border-collapse: collapse;
}
#content table th {
	border: 1px solid #dbdbdb;
	font-size: 85%;
	white-space: nowrap;
}
#content table td {
	border: 1px solid #dbdbdb;
	font-size: 80%;
}
#content input {
	font-size: 1em;
}
#content .full	{ width: 100%; }
#content .left	{ text-align: left; }
#content .right	{ text-align: right; }
#content .center { text-align: center; }
#content .flexbox {
	display: -ms-flex;
	display: -webkit-flex;
	display: flex;
	width: 100%;
}
#content .left_col {
	min-width: 75px;
	max-width: 50%;
	flex-grow: 0;
}
#content .right_col {
	flex-grow: 1;
	margin-left: 10px;
	padding-top: 10px;
	padding-left: 10px;
}
#col {
	-moz-column-count: 3;
	-webkit-column-count: 3;
	column-count: 3;
}
</style>
</head>
<body>

<div id="header">
<strong><em>NYC*</em><span class="logo_bug">BUG</span> dmesgd</strong>
</div><!-- header -->

<div id="menu">
<ul>
<li><a href="https://dmesgd.nycbug.org/index.cgi?do=index">Home</a></li>
<li><a href="https://dmesgd.nycbug.org/index.cgi?do=submit">Submit</a></li>
<li><a href="https://www.nycbug.org/">NYC*BUG</a></li>
</ul>
</div><!-- menu -->

<div id="content">

<p>
Launched in 2004, dmesgd aims to provide a
<strong>user-submitted</strong> repository of searchable *BSD dmesgs.
The dmesg(8) command displays the system message buffer's content, and
during boot a copy is saved to <em>/var/run/dmesg.boot</em>.  This buffer
contains the operating system release, name and version, a list of
devices identified, plus a whole host of other useful information.  We
hope others find this resource useful and further contribute to its
growth. Contact us at [ admin at lists dot nycbug dot org ].
</p>

<hr />


<strong>Date:</strong> <em>2011-11-01 12:35:02</em><br />
<strong>From:</strong> <em>Sevan / Venture37</em><br />
<strong>Description:</strong> <em>Dell PowerEdge R210-II (E3-1260L CPU, 16GB RAM, 2x 250GB HD, iDrac6 Enterprise)</em><br />

<pre>
OpenBSD 5.0 (GENERIC.MP) #63: Wed Aug 17 10:14:30 MDT 2011
    xxx@xxx.xxx:/usr/src/sys/arch/amd64/compile/GENERIC.MP
RTC BIOS diagnostic error 80&lt;clock_battery&gt;
real mem = 17168592896 (16373MB)
avail mem = 16697450496 (15923MB)
mainbus0 at root
bios0 at mainbus0: SMBIOS rev. 2.7 @ 0xe6670 (57 entries)
bios0: vendor Dell Inc. version 1.2.3 date 07/21/2011
bios0: Dell Inc. PowerEdge R210 II
acpi0 at bios0: rev 2
acpi0: sleep states S0 S4 S5
acpi0: tables DSDT FACP SPMI ASF! HPET APIC MCFG BOOT SSDT ASPT SSDT SSDT HEST ERST BERT EINJ
acpi0: wakeup devices P0P1(S4) GLAN(S0) EHC1(S4) EHC2(S4) PXSX(S4) RP01(S5) PXSX(S4) RP02(S5) PXSX(S4) RP03(S5) PXSX(S4) RP04(S5) PXSX(S4) RP05(S5) PXSX(S4) RP06(S5) PXSX(S4) RP07(S5) PXSX(S4) RP08(S5) PEG0(S5) PEGP(S5) PEG1(S5) PEG2(S5) PEG3(S5)
acpitimer0 at acpi0: 3579545 Hz, 24 bits
acpihpet0 at acpi0: 14318179 Hz
acpimadt0 at acpi0 addr 0xfee00000: PC-AT compat
cpu0 at mainbus0: apid 0 (boot processor)
cpu0: Intel(R) Xeon(R) CPU E31260L @ 2.40GHz, 2400.38 MHz
cpu0: FPU,VME,DE,PSE,TSC,MSR,PAE,MCE,CX8,APIC,SEP,MTRR,PGE,MCA,CMOV,PAT,PSE36,CFLUSH,DS,ACPI,MMX,FXSR,SSE,SSE2,SS,HTT,TM,SBF,SSE3,PCLMUL,MWAIT,DS-CPL,VMX,SMX,EST,TM2,SSSE3,CX16,xTPR,PDCM,SSE4.1,SSE4.2,x2APIC,POPCNT,AES,XSAVE,AVX,NXE,LONG
cpu0: 256KB 64b/line 8-way L2 cache
cpu0: apic clock running at 100MHz
cpu1 at mainbus0: apid 1 (application processor)
cpu1: Intel(R) Xeon(R) CPU E31260L @ 2.40GHz, 2400.02 MHz
cpu1: FPU,VME,DE,PSE,TSC,MSR,PAE,MCE,CX8,APIC,SEP,MTRR,PGE,MCA,CMOV,PAT,PSE36,CFLUSH,DS,ACPI,MMX,FXSR,SSE,SSE2,SS,HTT,TM,SBF,SSE3,PCLMUL,MWAIT,DS-CPL,VMX,SMX,EST,TM2,SSSE3,CX16,xTPR,PDCM,SSE4.1,SSE4.2,x2APIC,POPCNT,AES,XSAVE,AVX,NXE,LONG
cpu1: 256KB 64b/line 8-way L2 cache
cpu2 at mainbus0: apid 2 (application processor)
cpu2: Intel(R) Xeon(R) CPU E31260L @ 2.40GHz, 2400.02 MHz
cpu2: FPU,VME,DE,PSE,TSC,MSR,PAE,MCE,CX8,APIC,SEP,MTRR,PGE,MCA,CMOV,PAT,PSE36,CFLUSH,DS,ACPI,MMX,FXSR,SSE,SSE2,SS,HTT,TM,SBF,SSE3,PCLMUL,MWAIT,DS-CPL,VMX,SMX,EST,TM2,SSSE3,CX16,xTPR,PDCM,SSE4.1,SSE4.2,x2APIC,POPCNT,AES,XSAVE,AVX,NXE,LONG
cpu2: 256KB 64b/line 8-way L2 cache
cpu3 at mainbus0: apid 3 (application processor)
cpu3: Intel(R) Xeon(R) CPU E31260L @ 2.40GHz, 2400.02 MHz
cpu3: FPU,VME,DE,PSE,TSC,MSR,PAE,MCE,CX8,APIC,SEP,MTRR,PGE,MCA,CMOV,PAT,PSE36,CFLUSH,DS,ACPI,MMX,FXSR,SSE,SSE2,SS,HTT,TM,SBF,SSE3,PCLMUL,MWAIT,DS-CPL,VMX,SMX,EST,TM2,SSSE3,CX16,xTPR,PDCM,SSE4.1,SSE4.2,x2APIC,POPCNT,AES,XSAVE,AVX,NXE,LONG
cpu3: 256KB 64b/line 8-way L2 cache
cpu4 at mainbus0: apid 4 (application processor)
cpu4: Intel(R) Xeon(R) CPU E31260L @ 2.40GHz, 2400.02 MHz
cpu4: FPU,VME,DE,PSE,TSC,MSR,PAE,MCE,CX8,APIC,SEP,MTRR,PGE,MCA,CMOV,PAT,PSE36,CFLUSH,DS,ACPI,MMX,FXSR,SSE,SSE2,SS,HTT,TM,SBF,SSE3,PCLMUL,MWAIT,DS-CPL,VMX,SMX,EST,TM2,SSSE3,CX16,xTPR,PDCM,SSE4.1,SSE4.2,x2APIC,POPCNT,AES,XSAVE,AVX,NXE,LONG
cpu4: 256KB 64b/line 8-way L2 cache
cpu5 at mainbus0: apid 5 (application processor)
cpu5: Intel(R) Xeon(R) CPU E31260L @ 2.40GHz, 2400.02 MHz
cpu5: FPU,VME,DE,PSE,TSC,MSR,PAE,MCE,CX8,APIC,SEP,MTRR,PGE,MCA,CMOV,PAT,PSE36,CFLUSH,DS,ACPI,MMX,FXSR,SSE,SSE2,SS,HTT,TM,SBF,SSE3,PCLMUL,MWAIT,DS-CPL,VMX,SMX,EST,TM2,SSSE3,CX16,xTPR,PDCM,SSE4.1,SSE4.2,x2APIC,POPCNT,AES,XSAVE,AVX,NXE,LONG
cpu5: 256KB 64b/line 8-way L2 cache
cpu6 at mainbus0: apid 6 (application processor)
cpu6: Intel(R) Xeon(R) CPU E31260L @ 2.40GHz, 2400.02 MHz
cpu6: FPU,VME,DE,PSE,TSC,MSR,PAE,MCE,CX8,APIC,SEP,MTRR,PGE,MCA,CMOV,PAT,PSE36,CFLUSH,DS,ACPI,MMX,FXSR,SSE,SSE2,SS,HTT,TM,SBF,SSE3,PCLMUL,MWAIT,DS-CPL,VMX,SMX,EST,TM2,SSSE3,CX16,xTPR,PDCM,SSE4.1,SSE4.2,x2APIC,POPCNT,AES,XSAVE,AVX,NXE,LONG
cpu6: 256KB 64b/line 8-way L2 cache
cpu7 at mainbus0: apid 7 (application processor)
cpu7: Intel(R) Xeon(R) CPU E31260L @ 2.40GHz, 2400.02 MHz
cpu7: FPU,VME,DE,PSE,TSC,MSR,PAE,MCE,CX8,APIC,SEP,MTRR,PGE,MCA,CMOV,PAT,PSE36,CFLUSH,DS,ACPI,MMX,FXSR,SSE,SSE2,SS,HTT,TM,SBF,SSE3,PCLMUL,MWAIT,DS-CPL,VMX,SMX,EST,TM2,SSSE3,CX16,xTPR,PDCM,SSE4.1,SSE4.2,x2APIC,POPCNT,AES,XSAVE,AVX,NXE,LONG
cpu7: 256KB 64b/line 8-way L2 cache
ioapic0 at mainbus0: apid 0 pa 0xfec00000, version 20, 24 pins
acpimcfg0 at acpi0 addr 0xe0000000, bus 0-255
acpiprt0 at acpi0: bus 0 (PCI0)
acpiprt1 at acpi0: bus 2 (P0P1)
acpiprt2 at acpi0: bus 1 (RP01)
acpiprt3 at acpi0: bus -1 (RP02)
acpiprt4 at acpi0: bus -1 (RP03)
acpiprt5 at acpi0: bus -1 (RP04)
acpiprt6 at acpi0: bus -1 (RP05)
acpiprt7 at acpi0: bus -1 (RP06)
acpiprt8 at acpi0: bus -1 (RP07)
acpiprt9 at acpi0: bus -1 (RP08)
acpiprt10 at acpi0: bus -1 (PEG0)
acpiprt11 at acpi0: bus -1 (PEG1)
acpiprt12 at acpi0: bus -1 (PEG2)
acpiprt13 at acpi0: bus -1 (PEG3)
acpicpu0 at acpi0: C3, C2, C1, PSS
acpicpu1 at acpi0: C3, C2, C1, PSS
acpicpu2 at acpi0: C3, C2, C1, PSS
acpicpu3 at acpi0: C3, C2, C1, PSS
acpicpu4 at acpi0: C3, C2, C1, PSS
acpicpu5 at acpi0: C3, C2, C1, PSS
acpicpu6 at acpi0: C3, C2, C1, PSS
acpicpu7 at acpi0: C3, C2, C1, PSS
acpipwrres0 at acpi0: FN00
acpipwrres1 at acpi0: FN01
acpipwrres2 at acpi0: FN02
acpipwrres3 at acpi0: FN03
acpipwrres4 at acpi0: FN04
acpitz0 at acpi0: critical temperature is 100 degC
ipmi at mainbus0 not configured
cpu0: Enhanced SpeedStep 2400 MHz: speeds: 2401, 2400, 2300, 2200, 2100, 2000, 1900, 1800, 1700, 1600 MHz
pci0 at mainbus0 bus 0
pchb0 at pci0 dev 0 function 0 vendor Intel, unknown product 0x0108 rev 0x09
ehci0 at pci0 dev 26 function 0 Intel 6 Series USB rev 0x04: apic 0 int 16
usb0 at ehci0: USB revision 2.0
uhub0 at usb0 Intel EHCI root hub rev 2.00/1.00 addr 1
ppb0 at pci0 dev 28 function 0 Intel 6 Series PCIE rev 0xb4: msi
pci1 at ppb0 bus 1
bnx0 at pci1 dev 0 function 0 Broadcom BCM5716 rev 0x20: apic 0 int 16
bnx1 at pci1 dev 0 function 1 Broadcom BCM5716 rev 0x20: apic 0 int 17
ehci1 at pci0 dev 29 function 0 Intel 6 Series USB rev 0x04: apic 0 int 23
usb1 at ehci1: USB revision 2.0
uhub1 at usb1 Intel EHCI root hub rev 2.00/1.00 addr 1
ppb1 at pci0 dev 30 function 0 Intel 82801BA Hub-to-PCI rev 0xa4
pci2 at ppb1 bus 2
vga1 at pci2 dev 3 function 0 Matrox MGA G200eW rev 0x0a
wsdisplay0 at vga1 mux 1: console (80x25, vt100 emulation)
wsdisplay0: screen 1-5 added (80x25, vt100 emulation)
pcib0 at pci0 dev 31 function 0 Intel C202 LPC rev 0x04
ahci0 at pci0 dev 31 function 2 Intel 6 Series AHCI rev 0x04: msi, AHCI 1.3
scsibus0 at ahci0: 32 targets
sd0 at scsibus0 targ 0 lun 0: &lt;ATA, WDC WD2502ABYS-1, 02.0&gt; SCSI3 0/direct fixed naa.50014ee1048a65bd
sd0: 238418MB, 512 bytes/sector, 488281250 sectors
sd1 at scsibus0 targ 1 lun 0: &lt;ATA, WDC WD2502ABYS-1, 02.0&gt; SCSI3 0/direct fixed naa.50014ee1af304b92
sd1: 238418MB, 512 bytes/sector, 488281250 sectors
cd0 at scsibus0 targ 4 lun 0: &lt;TSSTcorp, DVD+-RW TS-L633J, D150&gt; ATAPI 5/cdrom removable
ichiic0 at pci0 dev 31 function 3 Intel 6 Series SMBus rev 0x04: apic 0 int 19
iic0 at ichiic0
sdtemp0 at iic0 addr 0x18: mcp98243
sdtemp1 at iic0 addr 0x19: mcp98243
sdtemp2 at iic0 addr 0x1a: mcp98243
sdtemp3 at iic0 addr 0x1b: mcp98243
spdmem0 at iic0 addr 0x50: 4GB DDR3 SDRAM ECC PC3-10600 with thermal sensor
spdmem1 at iic0 addr 0x51: 4GB DDR3 SDRAM ECC PC3-10600 with thermal sensor
spdmem2 at iic0 addr 0x52: 4GB DDR3 SDRAM ECC PC3-10600 with thermal sensor
spdmem3 at iic0 addr 0x53: 4GB DDR3 SDRAM ECC PC3-10600 with thermal sensor
isa0 at pcib0
isadma0 at isa0
com0 at isa0 port 0x3f8/8 irq 4: ns16550a, 16 byte fifo
com1 at isa0 port 0x2f8/8 irq 3: ns16550a, 16 byte fifo
pckbc0 at isa0 port 0x60/5
kbc: cmd word write error
pcppi0 at isa0 port 0x61
spkr0 at pcppi0
mtrr: Pentium Pro MTRR support
uhub2 at uhub0 port 1 Intel product 0x0024 rev 2.00/0.00 addr 2
uhidev0 at uhub2 port 1 configuration 1 interface 0 Avocent USB Composite Device-0 rev 1.10/0.00 addr 3
uhidev0: iclass 3/1
ukbd0 at uhidev0: 8 modifier keys, 6 key codes
wskbd0 at ukbd0 mux 1
wskbd0: connecting to wsdisplay0
uhidev1 at uhub2 port 1 configuration 1 interface 1 Avocent USB Composite Device-0 rev 1.10/0.00 addr 3
uhidev1: iclass 3/1
ums0 at uhidev1: 3 buttons, Z dir
wsmouse0 at ums0 mux 0
uhub3 at uhub1 port 1 Intel product 0x0024 rev 2.00/0.00 addr 2
uhub4 at uhub3 port 5 Standard Microsystems product 0x2514 rev 2.00/0.00 addr 3
uhub5 at uhub4 port 2 Apple, Inc. Keyboard Hub rev 2.00/96.15 addr 4
uhidev2 at uhub5 port 2 configuration 1 interface 0 Apple, Inc Apple Keyboard rev 2.00/0.69 addr 5
uhidev2: iclass 3/1
ukbd1 at uhidev2: 8 modifier keys, 5 key codes, country code 13
wskbd1 at ukbd1 mux 1
wskbd1: connecting to wsdisplay0
uhidev3 at uhub5 port 2 configuration 1 interface 1 Apple, Inc Apple Keyboard rev 2.00/0.69 addr 5
uhidev3: iclass 3/0
uhid0 at uhidev3: input=1, output=0, feature=0
vscsi0 at root
scsibus1 at vscsi0: 256 targets
softraid0 at root
scsibus2 at softraid0: 256 targets
root on sd0a (a5bbe29242c9331a.a) swap on sd0b dump on sd0b
bnx0: address xx:xx:xx:xx:xx:xx
brgphy0 at bnx0 phy 1: BCM5709 10/100/1000baseT PHY, rev. 8
bnx1: address xx:xx:xx:xx:xx:xx
brgphy1 at bnx1 phy 1: BCM5709 10/100/1000baseT PHY, rev. 8
hw.sensors.cpu0.temp0=70.00 degC
hw.sensors.cpu1.temp0=70.00 degC
hw.sensors.cpu2.temp0=70.00 degC
hw.sensors.cpu3.temp0=70.00 degC
hw.sensors.cpu4.temp0=70.00 degC
hw.sensors.cpu5.temp0=70.00 degC
hw.sensors.cpu6.temp0=70.00 degC
hw.sensors.cpu7.temp0=70.00 degC
hw.sensors.acpitz0.temp0=29.80 degC (zone temperature)
hw.sensors.sdtemp0.temp0=29.50 degC
hw.sensors.sdtemp1.temp0=29.50 degC
hw.sensors.sdtemp2.temp0=29.75 degC
hw.sensors.sdtemp3.temp0=29.75 degC
</pre>



</div><!-- content -->
<br />
<div id="footer">
All comments/news/posts are the property of their individual owner and
is presented without warranty of suitability, and solely as an
informational resource. <br />
This site Copyright &copy; 2004-2020 NYC*BUG.
</div><!-- footer -->

</body>
</html>

