



<!doctype html>
<html lang="en">
<head>
<meta name="keywords"
	content="bsd, freebsd, openbsd, netbsd, dragonflybsd, nycbug, dmesgd" />
<meta name="description" content="New York City BSD User Group dmesgd" />
<meta charset="utf-8" />
<meta name="viewport" content="width=device-width, initial-scale=1" />
<title>NYC*BUG dmesgd</title>
<style>
body {
	text-align: left;
	margin: 15px auto;
	padding: 0px 10px;
}
@media (min-width: 800px) {
	body {
		max-width: 85%;
	}
}
#header {
	border-bottom: 1px solid #dbdbdb;
	font-size: 230%;
	text-align: left;
}
#footer {
	border-top: 1px solid #dbdbdb;
	clear: both;
	text-align: left;
}
.logo_bug {
	color: #cc0033;
}
#menu ul {
	list-style-type: none;
	margin: 0;
	padding: 0;
}
#menu li {
	float: left;
}
#menu li a {
	display: block;
	background-color: #dbdbdb;
	color: #000000;
	font-size: 105%;
	font-weight: bold;
	padding: 0px 6px 0px 6px;
	text-decoration: none;
}
#content {
	clear: both;
	text-align: left;
	padding-top: 10px;
}
#content h1 {
	font-size: 120%;
	font-weight: bold;
}
#content h2 {
	font-size: 110%;
	font-weight: bold;
}
#content a {
	text-decoration: none;
}
#content pre {
	background-color: #dbdbdb;
	padding: 5px 5px 5px 5px;
	white-space: pre-wrap;		/* css-3 */
	white-space: -moz-pre-wrap;	/* Mozilla, since 1999 */
	white-space: -pre-wrap;		/* Opera 4-6 */
	white-space: -o-pre-wrap;	/* Opera 7 */
	word-wrap: break-word;		/* Internet Explorer 5.5+ */
}
#content table {
	border-collapse: collapse;
}
#content table th {
	border: 1px solid #dbdbdb;
	font-size: 85%;
	white-space: nowrap;
}
#content table td {
	border: 1px solid #dbdbdb;
	font-size: 80%;
}
#content input {
	font-size: 1em;
}
#content .full	{ width: 100%; }
#content .left	{ text-align: left; }
#content .right	{ text-align: right; }
#content .center { text-align: center; }
#content .flexbox {
	display: -ms-flex;
	display: -webkit-flex;
	display: flex;
	width: 100%;
}
#content .left_col {
	min-width: 75px;
	max-width: 50%;
	flex-grow: 0;
}
#content .right_col {
	flex-grow: 1;
	margin-left: 10px;
	padding-top: 10px;
	padding-left: 10px;
}
#col {
	-moz-column-count: 3;
	-webkit-column-count: 3;
	column-count: 3;
}
</style>
</head>
<body>

<div id="header">
<strong><em>NYC*</em><span class="logo_bug">BUG</span> dmesgd</strong>
</div><!-- header -->

<div id="menu">
<ul>
<li><a href="https://dmesgd.nycbug.org/index.cgi?do=index">Home</a></li>
<li><a href="https://dmesgd.nycbug.org/index.cgi?do=submit">Submit</a></li>
<li><a href="https://www.nycbug.org/">NYC*BUG</a></li>
</ul>
</div><!-- menu -->

<div id="content">

<p>
Launched in 2004, dmesgd aims to provide a
<strong>user-submitted</strong> repository of searchable *BSD dmesgs.
The dmesg(8) command displays the system message buffer's content, and
during boot a copy is saved to <em>/var/run/dmesg.boot</em>.  This buffer
contains the operating system release, name and version, a list of
devices identified, plus a whole host of other useful information.  We
hope others find this resource useful and further contribute to its
growth. Contact us at [ admin at lists dot nycbug dot org ].
</p>

<hr />


<strong>Date:</strong> <em>2011-11-17 17:09:47</em><br />
<strong>From:</strong> <em>Bryan Irvine</em><br />
<strong>Description:</strong> <em>HP 635 Laptop</em><br />

<pre>
OpenBSD 5.0 (RAMDISK_CD) #36: Wed Aug 17 10:27:31 MDT 2011
    xxx@xxx.xxx:/usr/src/sys/arch/i386/compile/RAMDISK_CD
RTC BIOS diagnostic error 80&lt;clock_battery&gt;
cpu0: AMD E-350 Processor (AuthenticAMD 686-class, 512KB L2 cache) 1.60 GHz
cpu0: FPU,V86,DE,PSE,TSC,MSR,PAE,MCE,CX8,APIC,SEP,MTRR,PGE,MCA,CMOV,PAT,PSE36,CFLUSH,MMX,FXSR,SSE,SSE2,HTT,SSE3,MWAIT,SSSE3,CX16,POPCNT
real mem  = 1722605568 (1642MB)
avail mem = 1687420928 (1609MB)
mainbus0 at root
bios0 at mainbus0: AT/286+ BIOS, date 06/08/11, BIOS32 rev. 0 @ 0xef725, SMBIOS rev. 2.7 @ 0xe3ff0 (43 entries)
bios0: vendor Hewlett-Packard version F.26 date 06/08/2011
bios0: Hewlett-Packard HP 635 Notebook PC
acpi0 at bios0: rev 2
acpi0: sleep states S0 S3 S4 S5
acpi0: tables DSDT FACP HPET APIC MCFG ASF! BOOT SLIC MSDM SSDT SSDT
acpimadt0 at acpi0 addr 0xfee00000: PC-AT compat
cpu0 at mainbus0: apid 0 (boot processor)
cpu0: apic clock running at 199MHz
cpu at mainbus0: not configured
ioapic0 at mainbus0: apid 4 pa 0xfec00000, version 21, 24 pins
ioapic0: misconfigured as apic 0, remapped to apid 4
acpiprt0 at acpi0: bus 0 (PCI0)
acpiprt1 at acpi0: bus -1 (PB2_)
acpiprt2 at acpi0: bus -1 (PB3_)
acpiprt3 at acpi0: bus -1 (PB4_)
acpiprt4 at acpi0: bus -1 (PB5_)
acpiprt5 at acpi0: bus -1 (PB6_)
acpiprt6 at acpi0: bus -1 (PB7_)
acpiprt7 at acpi0: bus 2 (SPB0)
acpiprt8 at acpi0: bus 6 (SPB1)
acpiprt9 at acpi0: bus -1 (SPB2)
acpiprt10 at acpi0: bus 7 (SPB3)
acpiprt11 at acpi0: bus 1 (P2P_)
bios0: ROM list: 0xc0000/0xe400 0xce400/0x1000
pci0 at mainbus0 bus 0: configuration mode 1 (bios)
pchb0 at pci0 dev 0 function 0 AMD AMD64 14h Host rev 0x00
vga1 at pci0 dev 1 function 0 ATI Radeon HD 6310 rev 0x00
wsdisplay0 at vga1 mux 1: console (80x25, vt100 emulation)
ATI Radeon HD 6310 HD Audio rev 0x00 at pci0 dev 1 function 1 not configured
ahci0 at pci0 dev 17 function 0 ATI SBx00 SATA rev 0x00: apic 4 int 19, AHCI 1.2
scsibus0 at ahci0: 32 targets
sd0 at scsibus0 targ 0 lun 0: &lt;ATA, Hitachi HTS54323, ES2O&gt; SCSI3 0/direct fixed naa.5000cca694cda9fb
sd0: 305245MB, 512 bytes/sector, 625142448 sectors
cd0 at scsibus0 targ 1 lun 0: &lt;hp, CDDVDW SN-208BB, HH00&gt; ATAPI 5/cdrom removable
ohci0 at pci0 dev 18 function 0 ATI SB700 USB rev 0x00: apic 4 int 18, version 1.0, legacy support
ehci0 at pci0 dev 18 function 2 ATI SB700 USB2 rev 0x00: apic 4 int 17
usb0 at ehci0: USB revision 2.0
uhub0 at usb0 ATI EHCI root hub rev 2.00/1.00 addr 1
ATI SBx00 SMBus rev 0x42 at pci0 dev 20 function 0 not configured
ATI SBx00 HD Audio rev 0x40 at pci0 dev 20 function 2 not configured
pcib0 at pci0 dev 20 function 3 ATI SB700 ISA rev 0x40
ppb0 at pci0 dev 20 function 4 ATI SB600 PCI rev 0x40
pci1 at ppb0 bus 1
ohci1 at pci0 dev 20 function 5 ATI SB700 USB rev 0x00: apic 4 int 18, version 1.0, legacy support
ppb1 at pci0 dev 21 function 0 ATI SB800 PCIE rev 0x00
pci2 at ppb1 bus 2
Realtek RTS5209 Card Reader rev 0x01 at pci2 dev 0 function 0 not configured
ppb2 at pci0 dev 21 function 1 ATI SB800 PCIE rev 0x00
pci3 at ppb2 bus 6
re0 at pci3 dev 0 function 0 Realtek 8101E rev 0x05: RTL8105E (0x4080), apic 4 int 21, address xx:xx:xx:xx:xx:xx
ukphy0 at re0 phy 7: Generic IEEE 802.3u media interface, rev. 2: OUI 0x000732, model 0x0008
ppb3 at pci0 dev 21 function 3 ATI SB800 PCIE rev 0x00
pci4 at ppb3 bus 7
Realtek 8188CE rev 0x01 at pci4 dev 0 function 0 not configured
ohci2 at pci0 dev 22 function 0 ATI SB700 USB rev 0x00: apic 4 int 18, version 1.0, legacy support
ehci1 at pci0 dev 22 function 2 ATI SB700 USB2 rev 0x00: apic 4 int 17
usb1 at ehci1: USB revision 2.0
uhub1 at usb1 ATI EHCI root hub rev 2.00/1.00 addr 1
pchb1 at pci0 dev 24 function 0 AMD AMD64 14h Link Cfg rev 0x43
pchb2 at pci0 dev 24 function 1 AMD AMD64 14h Address Map rev 0x00
pchb3 at pci0 dev 24 function 2 AMD AMD64 14h DRAM Cfg rev 0x00
pchb4 at pci0 dev 24 function 3 AMD AMD64 14h Misc Cfg rev 0x00
pchb5 at pci0 dev 24 function 4 AMD AMD64 14h CPU Power rev 0x00
pchb6 at pci0 dev 24 function 5 AMD AMD64 14h Reserved rev 0x00
pchb7 at pci0 dev 24 function 6 AMD AMD64 14h NB Power rev 0x00
pchb8 at pci0 dev 24 function 7 AMD AMD64 14h Reserved rev 0x00
usb2 at ohci0: USB revision 1.0
uhub2 at usb2 ATI OHCI root hub rev 1.00/1.00 addr 1
isa0 at pcib0
isadma0 at isa0
pckbc0 at isa0 port 0x60/5
pckbd0 at pckbc0 (kbd slot)
pckbc0: using irq 1 for kbd slot
wskbd0 at pckbd0: console keyboard, using wsdisplay0
npx0 at isa0 port 0xf0/16: reported by CPUID; using exception 16
usb3 at ohci1: USB revision 1.0
uhub3 at usb3 ATI OHCI root hub rev 1.00/1.00 addr 1
usb4 at ohci2: USB revision 1.0
uhub4 at usb4 ATI OHCI root hub rev 1.00/1.00 addr 1
softraid0 at root
scsibus1 at softraid0: 256 targets
root on rd0a swap on rd0b dump on rd0b
umass0 at uhub0 port 3 configuration 1 interface 0 SanDisk Corporation U3 Titanium rev 2.00/0.10 addr 2
umass0: using SCSI over Bulk-Only
scsibus2 at umass0: 2 targets, initiator 0
sd1 at scsibus2 targ 1 lun 0: &lt;SanDisk, U3 Titanium, 2.18&gt; SCSI2 0/direct removable serial.07815408156279606205
sd1: 1959MB, 512 bytes/sector, 4013713 sectors
uid 0 on /: out of inodes
</pre>



</div><!-- content -->
<br />
<div id="footer">
All comments/news/posts are the property of their individual owner and
is presented without warranty of suitability, and solely as an
informational resource. <br />
This site Copyright &copy; 2004-2020 NYC*BUG.
</div><!-- footer -->

</body>
</html>

