



<!doctype html>
<html lang="en">
<head>
<meta name="keywords"
	content="bsd, freebsd, openbsd, netbsd, dragonflybsd, nycbug, dmesgd" />
<meta name="description" content="New York City BSD User Group dmesgd" />
<meta charset="utf-8" />
<meta name="viewport" content="width=device-width, initial-scale=1" />
<title>NYC*BUG dmesgd</title>
<style>
body {
	text-align: left;
	margin: 15px auto;
	padding: 0px 10px;
}
@media (min-width: 800px) {
	body {
		max-width: 85%;
	}
}
#header {
	border-bottom: 1px solid #dbdbdb;
	font-size: 230%;
	text-align: left;
}
#footer {
	border-top: 1px solid #dbdbdb;
	clear: both;
	text-align: left;
}
.logo_bug {
	color: #cc0033;
}
#menu ul {
	list-style-type: none;
	margin: 0;
	padding: 0;
}
#menu li {
	float: left;
}
#menu li a {
	display: block;
	background-color: #dbdbdb;
	color: #000000;
	font-size: 105%;
	font-weight: bold;
	padding: 0px 6px 0px 6px;
	text-decoration: none;
}
#content {
	clear: both;
	text-align: left;
	padding-top: 10px;
}
#content h1 {
	font-size: 120%;
	font-weight: bold;
}
#content h2 {
	font-size: 110%;
	font-weight: bold;
}
#content a {
	text-decoration: none;
}
#content pre {
	background-color: #dbdbdb;
	padding: 5px 5px 5px 5px;
	white-space: pre-wrap;		/* css-3 */
	white-space: -moz-pre-wrap;	/* Mozilla, since 1999 */
	white-space: -pre-wrap;		/* Opera 4-6 */
	white-space: -o-pre-wrap;	/* Opera 7 */
	word-wrap: break-word;		/* Internet Explorer 5.5+ */
}
#content table {
	border-collapse: collapse;
}
#content table th {
	border: 1px solid #dbdbdb;
	font-size: 85%;
	white-space: nowrap;
}
#content table td {
	border: 1px solid #dbdbdb;
	font-size: 80%;
}
#content input {
	font-size: 1em;
}
#content .full	{ width: 100%; }
#content .left	{ text-align: left; }
#content .right	{ text-align: right; }
#content .center { text-align: center; }
#content .flexbox {
	display: -ms-flex;
	display: -webkit-flex;
	display: flex;
	width: 100%;
}
#content .left_col {
	min-width: 75px;
	max-width: 50%;
	flex-grow: 0;
}
#content .right_col {
	flex-grow: 1;
	margin-left: 10px;
	padding-top: 10px;
	padding-left: 10px;
}
#col {
	-moz-column-count: 3;
	-webkit-column-count: 3;
	column-count: 3;
}
</style>
</head>
<body>

<div id="header">
<strong><em>NYC*</em><span class="logo_bug">BUG</span> dmesgd</strong>
</div><!-- header -->

<div id="menu">
<ul>
<li><a href="https://dmesgd.nycbug.org/index.cgi?do=index">Home</a></li>
<li><a href="https://dmesgd.nycbug.org/index.cgi?do=submit">Submit</a></li>
<li><a href="https://www.nycbug.org/">NYC*BUG</a></li>
</ul>
</div><!-- menu -->

<div id="content">

<p>
Launched in 2004, dmesgd aims to provide a
<strong>user-submitted</strong> repository of searchable *BSD dmesgs.
The dmesg(8) command displays the system message buffer's content, and
during boot a copy is saved to <em>/var/run/dmesg.boot</em>.  This buffer
contains the operating system release, name and version, a list of
devices identified, plus a whole host of other useful information.  We
hope others find this resource useful and further contribute to its
growth. Contact us at [ admin at lists dot nycbug dot org ].
</p>

<hr />


<strong>Date:</strong> <em>2011-11-21 16:19:18</em><br />
<strong>From:</strong> <em>Bryan Irvine</em><br />
<strong>Description:</strong> <em>Power Mac G4</em><br />

<pre>
Copyright (c) 1982, 1986, 1989, 1991, 1993
       The Regents of the University of California.  All rights reserved.
Copyright (c) 1995-2011 OpenBSD. All rights reserved.  http://www.OpenBSD.org

OpenBSD 5.0-current (GENERIC.MP) #78: Wed Nov 16 18:06:02 MST 2011
   xxx@xxx.xxx:/usr/src/sys/arch/macppc/compile/GENERIC.MP
real mem = 1073741824 (1024MB)
avail mem = 1032314880 (984MB)
mainbus0 at root: model PowerMac3,6
cpu0 at mainbus0: 7455 (Revision 0x201): 866 MHz: 256KB L2 cache, 1MB L3 cache
cpu1 at mainbus0: 7455 (Revision 0x201): 866 MHz: 256KB L2 cache, 1MB L3 cache
mem0 at mainbus0
spdmem0 at mem0: 256MB DDR SDRAM non-parity PC2100CL2.5
spdmem1 at mem0: 256MB DDR SDRAM non-parity PC2100CL2.5
spdmem2 at mem0: 512MB DDR SDRAM non-parity PC2700CL2.5
memc0 at mainbus0: uni-n
kiic0 at memc0 offset 0xf8001000
iic0 at kiic0
admtmp0 at iic0 addr 0x2c: unable to read fan setting
cy2213 at iic0 addr 0x65 not configured
lmtemp0 at iic0 addr 0x49: ds1775, fails to respond
mpcpcibr0 at mainbus0 pci: uni-north, Revision 0xff
pci0 at mpcpcibr0 bus 0
pchb0 at pci0 dev 11 function 0 Apple UniNorth AGP rev 0x00
vgafb0 at pci0 dev 16 function 0 NVIDIA GeForce4 MX 420 rev 0xa3, mmio
wsdisplay0 at vgafb0 mux 1: console (std, vt100 emulation)
mpcpcibr1 at mainbus0 pci: uni-north, Revision 0x41
pci1 at mpcpcibr1 bus 0
pchb1 at pci1 dev 11 function 0 Apple UniNorth PCI rev 0x00
ohci0 at pci1 dev 21 function 0 NEC USB rev 0x41: irq 58, version 1.0
ohci1 at pci1 dev 21 function 1 NEC USB rev 0x41: irq 58, version 1.0
ehci0 at pci1 dev 21 function 2 NEC USB rev 0x02: irq 58
usb0 at ehci0: USB revision 2.0
uhub0 at usb0 NEC EHCI root hub rev 2.00/1.00 addr 1
macobio0 at pci1 dev 23 function 0 Apple Keylargo rev 0x03
openpic0 at macobio0 offset 0x40000: version 0x4614 feature 3f0302 LE
macgpio0 at macobio0 offset 0x50
macgpio1 at macgpio0 offset 0x9 irq 47
programmer-switch at macgpio0 offset 0x11 not configured
gpio5 at macgpio0 offset 0x6f not configured
extint-gpio15 at macgpio0 offset 0x67 not configured
gpio6 at macgpio0 offset 0x70 not configured
extint-gpio16 at macgpio0 offset 0x68 not configured
extint-gpio14 at macgpio0 offset 0x66 not configured
gpio12 at macgpio0 offset 0x76 not configured
gpio11 at macgpio0 offset 0x75 not configured
escc-legacy at macobio0 offset 0x12000 not configured
zsc0 at macobio0 offset 0x13000: irq 22,23
zstty0 at zsc0 channel 0
zstty1 at zsc0 channel 1
snapper0 at macobio0 offset 0x10000: irq 30,1,2
timer at macobio0 offset 0x15000 not configured
adb0 at macobio0 offset 0x16000 irq 25: via-pmu, 0 targets
apm0 at adb0: battery flags 0x9, 0% charged
piic0 at adb0
iic1 at piic0
cy28506 at iic1 addr 0xea not configured
pck2059 at iic1 addr 0xe4 not configured
kiic1 at macobio0 offset 0x18000
iic2 at kiic1
wdc0 at macobio0 offset 0x1f000 irq 19: DMA
wdc1 at macobio0 offset 0x20000 irq 20: DMA
atapiscsi0 at wdc1 channel 0 drive 0
scsibus0 at atapiscsi0: 2 targets
cd0 at scsibus0 targ 0 lun 0: &lt;PHILIPS, CDD5101, A3.5&gt; ATAPI 5/cdrom removable
cd0(wdc1:0:0): using BIOS timings, DMA mode 2
audio0 at snapper0
ohci2 at pci1 dev 24 function 0 Apple USB rev 0x00: irq 27, version 1.0
ohci3 at pci1 dev 25 function 0 Apple USB rev 0x00: irq 28, version 1.0
usb1 at ohci0: USB revision 1.0
uhub1 at usb1 NEC OHCI root hub rev 1.00/1.00 addr 1
usb2 at ohci1: USB revision 1.0
uhub2 at usb2 NEC OHCI root hub rev 1.00/1.00 addr 1
usb3 at ohci2: USB revision 1.0
uhub3 at usb3 Apple OHCI root hub rev 1.00/1.00 addr 1
usb4 at ohci3: USB revision 1.0
uhub4 at usb4 Apple OHCI root hub rev 1.00/1.00 addr 1
mpcpcibr2 at mainbus0 pci: uni-north, Revision 0x6
pci2 at mpcpcibr2 bus 0
pchb2 at pci2 dev 11 function 0 Apple UniNorth PCI rev 0x00
kauaiata0 at pci2 dev 13 function 0 Apple Uni-N ATA rev 0x00
wdc2 at kauaiata0 irq 39: DMA
wd0 at wdc2 channel 0 drive 0: &lt;WDC WD800JB-00FMA0&gt;
wd0: 16-sector PIO, LBA, 76319MB, 156301488 sectors
wd0(wdc2:0:0): using PIO mode 4, DMA mode 2, Ultra-DMA mode 5
Apple UniNorth Firewire rev 0x01 at pci2 dev 14 function 0 not configured
gem0 at pci2 dev 15 function 0 Apple Uni-N2 GMAC rev 0x00: irq 41, address xx:xx:xx:xx:xx:xx
brgphy0 at gem0 phy 0: BCM5421 10/100/1000baseT PHY, rev. 1
uhub5 at uhub3 port 1 Apple, Inc. Keyboard Hub rev 2.00/94.15 addr 2
uhidev0 at uhub5 port 2 configuration 1 interface 0 Apple, Inc Apple Keyboard rev 2.00/0.69 addr 3
uhidev0: iclass 3/1
ukbd0 at uhidev0: 8 modifier keys, 5 key codes, country code 33
wskbd0 at ukbd0: console keyboard, using wsdisplay0
uhidev1 at uhub5 port 2 configuration 1 interface 1 Apple, Inc Apple Keyboard rev 2.00/0.69 addr 3
uhidev1: iclass 3/0
uhid0 at uhidev1: input=1, output=0, feature=0
uhidev2 at uhub5 port 3 configuration 1 interface 0 Mitsumi Apple USB Mouse rev 1.00/5.01 addr 4
uhidev2: iclass 3/1
ums0 at uhidev2: 1 button
wsmouse0 at ums0 mux 0
vscsi0 at root
scsibus1 at vscsi0: 256 targets
softraid0 at root
scsibus2 at softraid0: 256 targets
bootpath: /pci@f4000000/ata-6@d/disk@0:/bsd
root on wd0a swap on wd0b dump on wd0b
cd0(atapiscsi0:0:0): Check Condition (error 0x70) on opcode 0x0
   SENSE KEY: Not Ready
    ASC/ASCQ: Medium Not Present
cd0(atapiscsi0:0:0): Check Condition (error 0x70) on opcode 0x0
   SENSE KEY: Not Ready
    ASC/ASCQ: Medium Not Present
</pre>



</div><!-- content -->
<br />
<div id="footer">
All comments/news/posts are the property of their individual owner and
is presented without warranty of suitability, and solely as an
informational resource. <br />
This site Copyright &copy; 2004-2020 NYC*BUG.
</div><!-- footer -->

</body>
</html>

