



<!doctype html>
<html lang="en">
<head>
<meta name="keywords"
	content="bsd, freebsd, openbsd, netbsd, dragonflybsd, nycbug, dmesgd" />
<meta name="description" content="New York City BSD User Group dmesgd" />
<meta charset="utf-8" />
<meta name="viewport" content="width=device-width, initial-scale=1" />
<title>NYC*BUG dmesgd</title>
<style>
body {
	text-align: left;
	margin: 15px auto;
	padding: 0px 10px;
}
@media (min-width: 800px) {
	body {
		max-width: 85%;
	}
}
#header {
	border-bottom: 1px solid #dbdbdb;
	font-size: 230%;
	text-align: left;
}
#footer {
	border-top: 1px solid #dbdbdb;
	clear: both;
	text-align: left;
}
.logo_bug {
	color: #cc0033;
}
#menu ul {
	list-style-type: none;
	margin: 0;
	padding: 0;
}
#menu li {
	float: left;
}
#menu li a {
	display: block;
	background-color: #dbdbdb;
	color: #000000;
	font-size: 105%;
	font-weight: bold;
	padding: 0px 6px 0px 6px;
	text-decoration: none;
}
#content {
	clear: both;
	text-align: left;
	padding-top: 10px;
}
#content h1 {
	font-size: 120%;
	font-weight: bold;
}
#content h2 {
	font-size: 110%;
	font-weight: bold;
}
#content a {
	text-decoration: none;
}
#content pre {
	background-color: #dbdbdb;
	padding: 5px 5px 5px 5px;
	white-space: pre-wrap;		/* css-3 */
	white-space: -moz-pre-wrap;	/* Mozilla, since 1999 */
	white-space: -pre-wrap;		/* Opera 4-6 */
	white-space: -o-pre-wrap;	/* Opera 7 */
	word-wrap: break-word;		/* Internet Explorer 5.5+ */
}
#content table {
	border-collapse: collapse;
}
#content table th {
	border: 1px solid #dbdbdb;
	font-size: 85%;
	white-space: nowrap;
}
#content table td {
	border: 1px solid #dbdbdb;
	font-size: 80%;
}
#content input {
	font-size: 1em;
}
#content .full	{ width: 100%; }
#content .left	{ text-align: left; }
#content .right	{ text-align: right; }
#content .center { text-align: center; }
#content .flexbox {
	display: -ms-flex;
	display: -webkit-flex;
	display: flex;
	width: 100%;
}
#content .left_col {
	min-width: 75px;
	max-width: 50%;
	flex-grow: 0;
}
#content .right_col {
	flex-grow: 1;
	margin-left: 10px;
	padding-top: 10px;
	padding-left: 10px;
}
#col {
	-moz-column-count: 3;
	-webkit-column-count: 3;
	column-count: 3;
}
</style>
</head>
<body>

<div id="header">
<strong><em>NYC*</em><span class="logo_bug">BUG</span> dmesgd</strong>
</div><!-- header -->

<div id="menu">
<ul>
<li><a href="https://dmesgd.nycbug.org/index.cgi?do=index">Home</a></li>
<li><a href="https://dmesgd.nycbug.org/index.cgi?do=submit">Submit</a></li>
<li><a href="https://www.nycbug.org/">NYC*BUG</a></li>
</ul>
</div><!-- menu -->

<div id="content">

<p>
Launched in 2004, dmesgd aims to provide a
<strong>user-submitted</strong> repository of searchable *BSD dmesgs.
The dmesg(8) command displays the system message buffer's content, and
during boot a copy is saved to <em>/var/run/dmesg.boot</em>.  This buffer
contains the operating system release, name and version, a list of
devices identified, plus a whole host of other useful information.  We
hope others find this resource useful and further contribute to its
growth. Contact us at [ admin at lists dot nycbug dot org ].
</p>

<hr />


<strong>Date:</strong> <em>2011-11-22 16:50:58</em><br />
<strong>From:</strong> <em>Dave Anderson</em><br />
<strong>Description:</strong> <em>hp g7-1277dx notebook</em><br />

<pre>
OpenBSD 5.0-current (GENERIC.MP) #134: Wed Nov 16 15:43:25 MST 2011
    xxx@xxx.xxx:/usr/src/sys/arch/amd64/compile/GENERIC.MP
RTC BIOS diagnostic error 80&lt;clock_battery&gt;
real mem = 3735285760 (3562MB)
avail mem = 3621715968 (3453MB)
mainbus0 at root
bios0 at mainbus0: SMBIOS rev. 2.7 @ 0xe4420 (23 entries)
bios0: vendor Hewlett-Packard version F.33 date 08/18/2011
bios0: Hewlett-Packard HP Pavilion g7 Notebook PC
acpi0 at bios0: rev 2
acpi0: sleep states S0 S3 S4 S5
acpi0: tables DSDT FACP HPET APIC MCFG ASF! BOOT SLIC WDRT WDAT MSDM SSDT SSDT
acpi0: wakeup devices PB2_(S5) PB3_(S4) PB4_(S5) PB5_(S4) PB6_(S5) PB7_(S5) SPB0(S4) SPB1(S4) SPB2(S4) SPB3(S4) OHC1(S3) OHC2(S3) EHC1(S3) EHC2(S3) KBC0(S3) PS2M(S3) P2P_(S5)
acpitimer0 at acpi0: 3579545 Hz, 32 bits
acpihpet0 at acpi0: 14318180 Hz
acpimadt0 at acpi0 addr 0xfee00000: PC-AT compat
cpu0 at mainbus0: apid 0 (boot processor)
cpu0: AMD A4-3300M APU with Radeon(tm) HD Graphics, 1896.81 MHz
cpu0: FPU,VME,DE,PSE,TSC,MSR,PAE,MCE,CX8,APIC,SEP,MTRR,PGE,MCA,CMOV,PAT,PSE36,CFLUSH,MMX,FXSR,SSE,SSE2,HTT,SSE3,MWAIT,CX16,POPCNT,NXE,MMXX,FFXSR,LONG,3DNOW2,3DNOW
cpu0: 64KB 64b/line 2-way I-cache, 64KB 64b/line 2-way D-cache, 1MB 64b/line 16-way L2 cache
cpu0: ITLB 32 4KB entries fully associative, 16 4MB entries fully associative
cpu0: DTLB 48 4KB entries fully associative, 48 4MB entries fully associative
cpu0: apic clock running at 199MHz
cpu1 at mainbus0: apid 1 (application processor)
cpu1: AMD A4-3300M APU with Radeon(tm) HD Graphics, 1896.55 MHz
cpu1: FPU,VME,DE,PSE,TSC,MSR,PAE,MCE,CX8,APIC,SEP,MTRR,PGE,MCA,CMOV,PAT,PSE36,CFLUSH,MMX,FXSR,SSE,SSE2,HTT,SSE3,MWAIT,CX16,POPCNT,NXE,MMXX,FFXSR,LONG,3DNOW2,3DNOW
cpu1: 64KB 64b/line 2-way I-cache, 64KB 64b/line 2-way D-cache, 1MB 64b/line 16-way L2 cache
cpu1: ITLB 32 4KB entries fully associative, 16 4MB entries fully associative
cpu1: DTLB 48 4KB entries fully associative, 48 4MB entries fully associative
ioapic0 at mainbus0: apid 4 pa 0xfec00000, version 21, 24 pins
ioapic0: misconfigured as apic 0, remapped to apid 4
acpimcfg0 at acpi0 addr 0xf8000000, bus 0-63
acpiprt0 at acpi0: bus 0 (PCI0)
acpiprt1 at acpi0: bus -1 (VGA_)
acpiprt2 at acpi0: bus -1 (PB2_)
acpiprt3 at acpi0: bus -1 (PB3_)
acpiprt4 at acpi0: bus 1 (PB4_)
acpiprt5 at acpi0: bus 2 (PB5_)
acpiprt6 at acpi0: bus 3 (PB6_)
acpiprt7 at acpi0: bus -1 (PB7_)
acpiprt8 at acpi0: bus -1 (SPB0)
acpiprt9 at acpi0: bus -1 (SPB1)
acpiprt10 at acpi0: bus -1 (SPB2)
acpiprt11 at acpi0: bus -1 (SPB3)
acpiprt12 at acpi0: bus -1 (AZAL)
acpiprt13 at acpi0: bus 4 (P2P_)
acpiec0 at acpi0
acpicpu0 at acpi0: C2, PSS
acpicpu1 at acpi0: C2, PSS
acpitz0 at acpi0: no critical temperature defined
acpitz0: THRM: failed to read _CRT
acpibtn0 at acpi0: PWRB
acpiac0 at acpi0: AC unit online
acpibat0 at acpi0: BAT0 model Primary serial   type LION oem Hewlett-Packard
acpibtn1 at acpi0: LID_
acpivideo0 at acpi0: VGA_
acpivout0 at acpivideo0: LCD_
acpivideo1 at acpi0: VGA_
acpivideo2 at acpi0: VGA_
cpu0: 1896 MHz: speeds: 1900 1800 1600 1400 1200 1000 800 MHz
pci0 at mainbus0 bus 0
pchb0 at pci0 dev 0 function 0 AMD AMD64 12h Host rev 0x00
vga1 at pci0 dev 1 function 0 vendor ATI, unknown product 0x9648 rev 0x00
wsdisplay0 at vga1 mux 1: console (80x25, vt100 emulation)
wsdisplay0: screen 1-5 added (80x25, vt100 emulation)
azalia0 at pci0 dev 1 function 1 vendor ATI, unknown product 0x1714 rev 0x00: msi
azalia0: no supported codecs
ppb0 at pci0 dev 4 function 0 AMD AMD64 12h PCIE rev 0x00: msi
pci1 at ppb0 bus 1
Realtek 8188CE rev 0x01 at pci1 dev 0 function 0 not configured
ppb1 at pci0 dev 5 function 0 AMD AMD64 12h PCIE rev 0x00: msi
pci2 at ppb1 bus 2
re0 at pci2 dev 0 function 0 Realtek 8101E rev 0x05: RTL8105E (0x4080), apic 4 int 18, address xx:xx:xx:xx:xx:xx
ukphy0 at re0 phy 7: Generic IEEE 802.3u media interface, rev. 2: OUI 0x000732, model 0x0008
ppb2 at pci0 dev 6 function 0 AMD AMD64 12h PCIE rev 0x00: msi
pci3 at ppb2 bus 3
Realtek RTS5209 Card Reader rev 0x01 at pci3 dev 0 function 0 not configured
ahci0 at pci0 dev 17 function 0 AMD Hudson AHCI rev 0x00: msi, AHCI 1.3
scsibus0 at ahci0: 32 targets
sd0 at scsibus0 targ 0 lun 0: &lt;ATA, Hitachi HTS54323, ES2O&gt; SCSI3 0/direct fixed naa.5000cca694e1115c
sd0: 305245MB, 512 bytes/sector, 625142448 sectors
cd0 at scsibus0 targ 1 lun 0: &lt;hp, CDDVDW SN-208BB, HH00&gt; ATAPI 5/cdrom removable
ohci0 at pci0 dev 18 function 0 AMD Hudson USB rev 0x11: apic 4 int 18, version 1.0, legacy support
ehci0 at pci0 dev 18 function 2 AMD Hudson USB rev 0x11: apic 4 int 17
usb0 at ehci0: USB revision 2.0
uhub0 at usb0 AMD EHCI root hub rev 2.00/1.00 addr 1
ohci1 at pci0 dev 19 function 0 AMD Hudson USB rev 0x11: apic 4 int 18, version 1.0, legacy support
ehci1 at pci0 dev 19 function 2 AMD Hudson USB rev 0x11: apic 4 int 17
usb1 at ehci1: USB revision 2.0
uhub1 at usb1 AMD EHCI root hub rev 2.00/1.00 addr 1
AMD Hudson-2 SMBus rev 0x13 at pci0 dev 20 function 0 not configured
azalia1 at pci0 dev 20 function 2 AMD Hudson HD Audio rev 0x01: apic 4 int 16
azalia1: codecs: IDT 92HD81B1X
audio0 at azalia1
pcib0 at pci0 dev 20 function 3 AMD Hudson LPC rev 0x11
ppb3 at pci0 dev 20 function 4 AMD Hudson PCI rev 0x40
pci4 at ppb3 bus 4
ohci2 at pci0 dev 22 function 0 AMD Hudson USB rev 0x11: apic 4 int 18, version 1.0, legacy support
ehci2 at pci0 dev 22 function 2 AMD Hudson USB rev 0x11: apic 4 int 17
usb2 at ehci2: USB revision 2.0
uhub2 at usb2 AMD EHCI root hub rev 2.00/1.00 addr 1
pchb1 at pci0 dev 24 function 0 AMD AMD64 14h Link Cfg rev 0x43
pchb2 at pci0 dev 24 function 1 AMD AMD64 14h Address Map rev 0x00
pchb3 at pci0 dev 24 function 2 AMD AMD64 14h DRAM Cfg rev 0x00
km0 at pci0 dev 24 function 3 AMD AMD64 14h Misc Cfg rev 0x00
pchb4 at pci0 dev 24 function 4 AMD AMD64 14h CPU Power rev 0x00
pchb5 at pci0 dev 24 function 5 AMD AMD64 14h Reserved rev 0x00
pchb6 at pci0 dev 24 function 6 AMD AMD64 14h NB Power rev 0x00
pchb7 at pci0 dev 24 function 7 AMD AMD64 14h Reserved rev 0x00
usb3 at ohci0: USB revision 1.0
uhub3 at usb3 AMD OHCI root hub rev 1.00/1.00 addr 1
usb4 at ohci1: USB revision 1.0
uhub4 at usb4 AMD OHCI root hub rev 1.00/1.00 addr 1
isa0 at pcib0
isadma0 at isa0
pckbc0 at isa0 port 0x60/5
pckbd0 at pckbc0 (kbd slot)
pckbc0: using irq 1 for kbd slot
wskbd0 at pckbd0: console keyboard, using wsdisplay0
pms0 at pckbc0 (aux slot)
pckbc0: using irq 12 for aux slot
wsmouse0 at pms0 mux 0
pms0: Synaptics touchpad, firmware 7.5
pcppi0 at isa0 port 0x61
spkr0 at pcppi0
usb5 at ohci2: USB revision 1.0
uhub5 at usb5 AMD OHCI root hub rev 1.00/1.00 addr 1
mtrr: Pentium Pro MTRR support
uvideo0 at uhub0 port 3 configuration 1 interface 0 Chicony Electronics Co., Ltd. HP Webcam-101 rev 2.00/12.04 addr 2
video0 at uvideo0
umass0 at uhub1 port 1 configuration 1 interface 0 HP v125w rev 2.00/40.96 addr 2
umass0: using SCSI over Bulk-Only
scsibus1 at umass0: 2 targets, initiator 0
sd1 at scsibus1 targ 1 lun 0: &lt;hp, v125w, 4096&gt; SCSI0 0/direct removable serial.03f03307104A00000902
sd1: 3864MB, 512 bytes/sector, 7913472 sectors
vscsi0 at root
scsibus2 at vscsi0: 256 targets
softraid0 at root
scsibus3 at softraid0: 256 targets
root on sd1a (edd4489ee1be51a4.a) swap on sd1b dump on sd1b
</pre>



</div><!-- content -->
<br />
<div id="footer">
All comments/news/posts are the property of their individual owner and
is presented without warranty of suitability, and solely as an
informational resource. <br />
This site Copyright &copy; 2004-2020 NYC*BUG.
</div><!-- footer -->

</body>
</html>

