



<!doctype html>
<html lang="en">
<head>
<meta name="keywords"
	content="bsd, freebsd, openbsd, netbsd, dragonflybsd, nycbug, dmesgd" />
<meta name="description" content="New York City BSD User Group dmesgd" />
<meta charset="utf-8" />
<meta name="viewport" content="width=device-width, initial-scale=1" />
<title>NYC*BUG dmesgd</title>
<style>
body {
	text-align: left;
	margin: 15px auto;
	padding: 0px 10px;
}
@media (min-width: 800px) {
	body {
		max-width: 85%;
	}
}
#header {
	border-bottom: 1px solid #dbdbdb;
	font-size: 230%;
	text-align: left;
}
#footer {
	border-top: 1px solid #dbdbdb;
	clear: both;
	text-align: left;
}
.logo_bug {
	color: #cc0033;
}
#menu ul {
	list-style-type: none;
	margin: 0;
	padding: 0;
}
#menu li {
	float: left;
}
#menu li a {
	display: block;
	background-color: #dbdbdb;
	color: #000000;
	font-size: 105%;
	font-weight: bold;
	padding: 0px 6px 0px 6px;
	text-decoration: none;
}
#content {
	clear: both;
	text-align: left;
	padding-top: 10px;
}
#content h1 {
	font-size: 120%;
	font-weight: bold;
}
#content h2 {
	font-size: 110%;
	font-weight: bold;
}
#content a {
	text-decoration: none;
}
#content pre {
	background-color: #dbdbdb;
	padding: 5px 5px 5px 5px;
	white-space: pre-wrap;		/* css-3 */
	white-space: -moz-pre-wrap;	/* Mozilla, since 1999 */
	white-space: -pre-wrap;		/* Opera 4-6 */
	white-space: -o-pre-wrap;	/* Opera 7 */
	word-wrap: break-word;		/* Internet Explorer 5.5+ */
}
#content table {
	border-collapse: collapse;
}
#content table th {
	border: 1px solid #dbdbdb;
	font-size: 85%;
	white-space: nowrap;
}
#content table td {
	border: 1px solid #dbdbdb;
	font-size: 80%;
}
#content input {
	font-size: 1em;
}
#content .full	{ width: 100%; }
#content .left	{ text-align: left; }
#content .right	{ text-align: right; }
#content .center { text-align: center; }
#content .flexbox {
	display: -ms-flex;
	display: -webkit-flex;
	display: flex;
	width: 100%;
}
#content .left_col {
	min-width: 75px;
	max-width: 50%;
	flex-grow: 0;
}
#content .right_col {
	flex-grow: 1;
	margin-left: 10px;
	padding-top: 10px;
	padding-left: 10px;
}
#col {
	-moz-column-count: 3;
	-webkit-column-count: 3;
	column-count: 3;
}
</style>
</head>
<body>

<div id="header">
<strong><em>NYC*</em><span class="logo_bug">BUG</span> dmesgd</strong>
</div><!-- header -->

<div id="menu">
<ul>
<li><a href="https://dmesgd.nycbug.org/index.cgi?do=index">Home</a></li>
<li><a href="https://dmesgd.nycbug.org/index.cgi?do=submit">Submit</a></li>
<li><a href="https://www.nycbug.org/">NYC*BUG</a></li>
</ul>
</div><!-- menu -->

<div id="content">

<p>
Launched in 2004, dmesgd aims to provide a
<strong>user-submitted</strong> repository of searchable *BSD dmesgs.
The dmesg(8) command displays the system message buffer's content, and
during boot a copy is saved to <em>/var/run/dmesg.boot</em>.  This buffer
contains the operating system release, name and version, a list of
devices identified, plus a whole host of other useful information.  We
hope others find this resource useful and further contribute to its
growth. Contact us at [ admin at lists dot nycbug dot org ].
</p>

<hr />


<strong>Date:</strong> <em>2011-11-22 16:51:02</em><br />
<strong>From:</strong> <em>Dave Anderson</em><br />
<strong>Description:</strong> <em>hp dv7-6199us notebook</em><br />

<pre>
OpenBSD 5.0-current (GENERIC.MP) #134: Wed Nov 16 15:43:25 MST 2011
    xxx@xxx.xxx:/usr/src/sys/arch/amd64/compile/GENERIC.MP
RTC BIOS diagnostic error 80&lt;clock_battery&gt;
real mem = 8534618112 (8139MB)
avail mem = 8293285888 (7909MB)
mainbus0 at root
bios0 at mainbus0: SMBIOS rev. 2.7 @ 0xe6780 (33 entries)
bios0: vendor Hewlett-Packard version F.1A date 07/20/2011
bios0: Hewlett-Packard HP Pavilion dv7 Notebook PC
acpi0 at bios0: rev 2
acpi0: sleep states S0 S3 S4 S5
acpi0: tables DSDT FACP ASF! HPET APIC MCFG SLIC SSDT BOOT ASPT SSDT SSDT SSDT SSDT SSDT
acpi0: wakeup devices P0P1(S3) LID_(S3) GLAN(S4) EHC1(S3) EHC2(S3) HDEF(S0) PXSX(S4) RP01(S4) PXSX(S4) RP02(S3) PXSX(S4) RP03(S3) PXSX(S4) RP04(S3) PXSX(S4) RP05(S3) PXSX(S4) RP06(S3) PXSX(S4) RP07(S3) PXSX(S4) RP08(S3) PEG0(S4) PEGP(S4) PEGA(S4) PEG1(S4) PEG2(S4) PEG3(S4) PWRB(S4)
acpitimer0 at acpi0: 3579545 Hz, 24 bits
acpihpet0 at acpi0: 14318179 Hz
acpimadt0 at acpi0 addr 0xfee00000: PC-AT compat
cpu0 at mainbus0: apid 0 (boot processor)
cpu0: Intel(R) Core(TM) i7-2670QM CPU @ 2.20GHz, 2195.31 MHz
cpu0: FPU,VME,DE,PSE,TSC,MSR,PAE,MCE,CX8,APIC,SEP,MTRR,PGE,MCA,CMOV,PAT,PSE36,CFLUSH,DS,ACPI,MMX,FXSR,SSE,SSE2,SS,HTT,TM,SBF,SSE3,PCLMUL,MWAIT,DS-CPL,VMX,EST,TM2,SSSE3,CX16,xTPR,PDCM,SSE4.1,SSE4.2,x2APIC,POPCNT,AES,XSAVE,AVX,NXE,LONG
cpu0: 256KB 64b/line 8-way L2 cache
cpu0: apic clock running at 99MHz
cpu1 at mainbus0: apid 1 (application processor)
cpu1: Intel(R) Core(TM) i7-2670QM CPU @ 2.20GHz, 2195.02 MHz
cpu1: FPU,VME,DE,PSE,TSC,MSR,PAE,MCE,CX8,APIC,SEP,MTRR,PGE,MCA,CMOV,PAT,PSE36,CFLUSH,DS,ACPI,MMX,FXSR,SSE,SSE2,SS,HTT,TM,SBF,SSE3,PCLMUL,MWAIT,DS-CPL,VMX,EST,TM2,SSSE3,CX16,xTPR,PDCM,SSE4.1,SSE4.2,x2APIC,POPCNT,AES,XSAVE,AVX,NXE,LONG
cpu1: 256KB 64b/line 8-way L2 cache
cpu2 at mainbus0: apid 2 (application processor)
cpu2: Intel(R) Core(TM) i7-2670QM CPU @ 2.20GHz, 2195.02 MHz
cpu2: FPU,VME,DE,PSE,TSC,MSR,PAE,MCE,CX8,APIC,SEP,MTRR,PGE,MCA,CMOV,PAT,PSE36,CFLUSH,DS,ACPI,MMX,FXSR,SSE,SSE2,SS,HTT,TM,SBF,SSE3,PCLMUL,MWAIT,DS-CPL,VMX,EST,TM2,SSSE3,CX16,xTPR,PDCM,SSE4.1,SSE4.2,x2APIC,POPCNT,AES,XSAVE,AVX,NXE,LONG
cpu2: 256KB 64b/line 8-way L2 cache
cpu3 at mainbus0: apid 3 (application processor)
cpu3: Intel(R) Core(TM) i7-2670QM CPU @ 2.20GHz, 2195.02 MHz
cpu3: FPU,VME,DE,PSE,TSC,MSR,PAE,MCE,CX8,APIC,SEP,MTRR,PGE,MCA,CMOV,PAT,PSE36,CFLUSH,DS,ACPI,MMX,FXSR,SSE,SSE2,SS,HTT,TM,SBF,SSE3,PCLMUL,MWAIT,DS-CPL,VMX,EST,TM2,SSSE3,CX16,xTPR,PDCM,SSE4.1,SSE4.2,x2APIC,POPCNT,AES,XSAVE,AVX,NXE,LONG
cpu3: 256KB 64b/line 8-way L2 cache
cpu4 at mainbus0: apid 4 (application processor)
cpu4: Intel(R) Core(TM) i7-2670QM CPU @ 2.20GHz, 2195.02 MHz
cpu4: FPU,VME,DE,PSE,TSC,MSR,PAE,MCE,CX8,APIC,SEP,MTRR,PGE,MCA,CMOV,PAT,PSE36,CFLUSH,DS,ACPI,MMX,FXSR,SSE,SSE2,SS,HTT,TM,SBF,SSE3,PCLMUL,MWAIT,DS-CPL,VMX,EST,TM2,SSSE3,CX16,xTPR,PDCM,SSE4.1,SSE4.2,x2APIC,POPCNT,AES,XSAVE,AVX,NXE,LONG
cpu4: 256KB 64b/line 8-way L2 cache
cpu5 at mainbus0: apid 5 (application processor)
cpu5: Intel(R) Core(TM) i7-2670QM CPU @ 2.20GHz, 2195.02 MHz
cpu5: FPU,VME,DE,PSE,TSC,MSR,PAE,MCE,CX8,APIC,SEP,MTRR,PGE,MCA,CMOV,PAT,PSE36,CFLUSH,DS,ACPI,MMX,FXSR,SSE,SSE2,SS,HTT,TM,SBF,SSE3,PCLMUL,MWAIT,DS-CPL,VMX,EST,TM2,SSSE3,CX16,xTPR,PDCM,SSE4.1,SSE4.2,x2APIC,POPCNT,AES,XSAVE,AVX,NXE,LONG
cpu5: 256KB 64b/line 8-way L2 cache
cpu6 at mainbus0: apid 6 (application processor)
cpu6: Intel(R) Core(TM) i7-2670QM CPU @ 2.20GHz, 2195.02 MHz
cpu6: FPU,VME,DE,PSE,TSC,MSR,PAE,MCE,CX8,APIC,SEP,MTRR,PGE,MCA,CMOV,PAT,PSE36,CFLUSH,DS,ACPI,MMX,FXSR,SSE,SSE2,SS,HTT,TM,SBF,SSE3,PCLMUL,MWAIT,DS-CPL,VMX,EST,TM2,SSSE3,CX16,xTPR,PDCM,SSE4.1,SSE4.2,x2APIC,POPCNT,AES,XSAVE,AVX,NXE,LONG
cpu6: 256KB 64b/line 8-way L2 cache
cpu7 at mainbus0: apid 7 (application processor)
cpu7: Intel(R) Core(TM) i7-2670QM CPU @ 2.20GHz, 2195.02 MHz
cpu7: FPU,VME,DE,PSE,TSC,MSR,PAE,MCE,CX8,APIC,SEP,MTRR,PGE,MCA,CMOV,PAT,PSE36,CFLUSH,DS,ACPI,MMX,FXSR,SSE,SSE2,SS,HTT,TM,SBF,SSE3,PCLMUL,MWAIT,DS-CPL,VMX,EST,TM2,SSSE3,CX16,xTPR,PDCM,SSE4.1,SSE4.2,x2APIC,POPCNT,AES,XSAVE,AVX,NXE,LONG
cpu7: 256KB 64b/line 8-way L2 cache
ioapic0 at mainbus0: apid 0 pa 0xfec00000, version 20, 24 pins
acpimcfg0 at acpi0 addr 0xe0000000, bus 0-255
acpiprt0 at acpi0: bus 0 (PCI0)
acpiprt1 at acpi0: bus -1 (P0P1)
acpiprt2 at acpi0: bus 7 (RP01)
acpiprt3 at acpi0: bus 13 (RP02)
acpiprt4 at acpi0: bus 19 (RP03)
acpiprt5 at acpi0: bus 25 (RP04)
acpiprt6 at acpi0: bus -1 (RP05)
acpiprt7 at acpi0: bus -1 (RP06)
acpiprt8 at acpi0: bus -1 (RP07)
acpiprt9 at acpi0: bus -1 (RP08)
acpiprt10 at acpi0: bus 1 (PEG0)
acpiprt11 at acpi0: bus -1 (PEG1)
acpiprt12 at acpi0: bus -1 (PEG2)
acpiprt13 at acpi0: bus -1 (PEG3)
acpiec0 at acpi0
acpicpu0 at acpi0: C3, C2, C1, PSS
acpicpu1 at acpi0: C3, C2, C1, PSS
acpicpu2 at acpi0: C3, C2, C1, PSS
acpicpu3 at acpi0: C3, C2, C1, PSS
acpicpu4 at acpi0: C3, C2, C1, PSS
acpicpu5 at acpi0: C3, C2, C1, PSS
acpicpu6 at acpi0: C3, C2, C1, PSS
acpicpu7 at acpi0: C3, C2, C1, PSS
acpitz0 at acpi0: critical temperature is 99 degC
acpibtn0 at acpi0: LID_
acpibtn1 at acpi0: PWRB
acpibat0 at acpi0: BAT0 model 8850 serial Li4402A type Li oem  Hewlett-Packard 
acpiac0 at acpi0: AC unit online
acpidock0 at acpi0: DOCK not docked (0)
acpivideo0 at acpi0: GFX0
acpivout0 at acpivideo0: DD02
cpu0: Enhanced SpeedStep 2195 MHz: speeds: 2201, 2200, 2000, 1900, 1800, 1700, 1600, 1500, 1400, 1300, 1200, 1100, 1000, 900, 800 MHz
pci0 at mainbus0 bus 0
pchb0 at pci0 dev 0 function 0 Intel Core 2G Host rev 0x09
ppb0 at pci0 dev 1 function 0 Intel Core 2G PCIE rev 0x09: msi
pci1 at ppb0 bus 1
vendor ATI, unknown product 0x6740 (class display subclass VGA, rev 0x00) at pci1 dev 0 function 0 not configured
vga1 at pci0 dev 2 function 0 Intel GT2 Video rev 0x09
wsdisplay0 at vga1 mux 1: console (80x25, vt100 emulation)
wsdisplay0: screen 1-5 added (80x25, vt100 emulation)
intagp0 at vga1
agp0 at intagp0: aperture at 0xb0000000, size 0x10000000
inteldrm0 at vga1: apic 0 int 16
drm0 at inteldrm0
Intel 6 Series MEI rev 0x04 at pci0 dev 22 function 0 not configured
ehci0 at pci0 dev 26 function 0 Intel 6 Series USB rev 0x05: apic 0 int 16
usb0 at ehci0: USB revision 2.0
uhub0 at usb0 Intel EHCI root hub rev 2.00/1.00 addr 1
azalia0 at pci0 dev 27 function 0 Intel 6 Series HD Audio rev 0x05: msi
azalia0: codecs: IDT 92HD81B1X, Intel/0x2805, using IDT 92HD81B1X
audio0 at azalia0
ppb1 at pci0 dev 28 function 0 Intel 6 Series PCIE rev 0xb5: msi
pci2 at ppb1 bus 7
re0 at pci2 dev 0 function 0 Realtek 8168 rev 0x06: RTL8168E/8111E-VL (0x2c80), apic 0 int 16, address xx:xx:xx:xx:xx:xx
rgephy0 at re0 phy 7: RTL8169S/8110S PHY, rev. 5
ppb2 at pci0 dev 28 function 1 Intel 6 Series PCIE rev 0xb5: msi
pci3 at ppb2 bus 13
iwn0 at pci3 dev 0 function 0 Intel WiFi Link 1030 rev 0x34: msi, MIMO 1T2R, BGN, address xx:xx:xx:xx:xx:xx
ppb3 at pci0 dev 28 function 2 Intel 6 Series PCIE rev 0xb5: msi
pci4 at ppb3 bus 19
Realtek RTS5209 Card Reader rev 0x01 at pci4 dev 0 function 0 not configured
ppb4 at pci0 dev 28 function 3 Intel 6 Series PCIE rev 0xb5: msi
pci5 at ppb4 bus 25
NEC xHCI rev 0x04 at pci5 dev 0 function 0 not configured
ehci1 at pci0 dev 29 function 0 Intel 6 Series USB rev 0x05: apic 0 int 20
usb1 at ehci1: USB revision 2.0
uhub1 at usb1 Intel EHCI root hub rev 2.00/1.00 addr 1
pcib0 at pci0 dev 31 function 0 Intel HM65 LPC rev 0x05
ahci0 at pci0 dev 31 function 2 Intel 6 Series AHCI rev 0x05: msi, AHCI 1.3
scsibus0 at ahci0: 32 targets
sd0 at scsibus0 targ 0 lun 0: &lt;ATA, TOSHIBA MK1059GS, GL00&gt; SCSI3 0/direct fixed naa.5000039342b81552
sd0: 953869MB, 512 bytes/sector, 1953525168 sectors
cd0 at scsibus0 targ 5 lun 0: &lt;hp, BD ROM BC-5541H, 2.81&gt; ATAPI 5/cdrom removable
ichiic0 at pci0 dev 31 function 3 Intel 6 Series SMBus rev 0x05: apic 0 int 19
iic0 at ichiic0
spdmem0 at iic0 addr 0x50: 4GB DDR3 SDRAM PC3-10600 SO-DIMM
spdmem1 at iic0 addr 0x52: 4GB DDR3 SDRAM PC3-10600 SO-DIMM
isa0 at pcib0
isadma0 at isa0
pckbc0 at isa0 port 0x60/5
pckbd0 at pckbc0 (kbd slot)
pckbc0: using irq 1 for kbd slot
wskbd0 at pckbd0: console keyboard, using wsdisplay0
pms0 at pckbc0 (aux slot)
pckbc0: using irq 12 for aux slot
wsmouse0 at pms0 mux 0
pms0: Synaptics touchpad, firmware 7.5
pcppi0 at isa0 port 0x61
spkr0 at pcppi0
mtrr: Pentium Pro MTRR support
uhub2 at uhub0 port 1 Intel Rate Matching Hub rev 2.00/0.00 addr 2
ugen0 at uhub2 port 1 vendor 0x138a product 0x0018 rev 1.10/0.78 addr 3
uvideo0 at uhub2 port 2 configuration 1 interface 0 HP TrueVision HD HP TrueVision HD rev 2.00/9.27 addr 4
video0 at uvideo0
uhub3 at uhub1 port 1 Intel Rate Matching Hub rev 2.00/0.00 addr 2
umass0 at uhub3 port 2 configuration 1 interface 0 HP v125w rev 2.00/40.96 addr 3
umass0: using SCSI over Bulk-Only
scsibus1 at umass0: 2 targets, initiator 0
sd1 at scsibus1 targ 1 lun 0: &lt;hp, v125w, 4096&gt; SCSI0 0/direct removable serial.03f03307104A00000902
sd1: 3864MB, 512 bytes/sector, 7913472 sectors
vscsi0 at root
scsibus2 at vscsi0: 256 targets
softraid0 at root
scsibus3 at softraid0: 256 targets
root on sd1a (edd4489ee1be51a4.a) swap on sd1b dump on sd1b
</pre>



</div><!-- content -->
<br />
<div id="footer">
All comments/news/posts are the property of their individual owner and
is presented without warranty of suitability, and solely as an
informational resource. <br />
This site Copyright &copy; 2004-2020 NYC*BUG.
</div><!-- footer -->

</body>
</html>

