



<!doctype html>
<html lang="en">
<head>
<meta name="keywords"
	content="bsd, freebsd, openbsd, netbsd, dragonflybsd, nycbug, dmesgd" />
<meta name="description" content="New York City BSD User Group dmesgd" />
<meta charset="utf-8" />
<meta name="viewport" content="width=device-width, initial-scale=1" />
<title>NYC*BUG dmesgd</title>
<style>
body {
	text-align: left;
	margin: 15px auto;
	padding: 0px 10px;
}
@media (min-width: 800px) {
	body {
		max-width: 85%;
	}
}
#header {
	border-bottom: 1px solid #dbdbdb;
	font-size: 230%;
	text-align: left;
}
#footer {
	border-top: 1px solid #dbdbdb;
	clear: both;
	text-align: left;
}
.logo_bug {
	color: #cc0033;
}
#menu ul {
	list-style-type: none;
	margin: 0;
	padding: 0;
}
#menu li {
	float: left;
}
#menu li a {
	display: block;
	background-color: #dbdbdb;
	color: #000000;
	font-size: 105%;
	font-weight: bold;
	padding: 0px 6px 0px 6px;
	text-decoration: none;
}
#content {
	clear: both;
	text-align: left;
	padding-top: 10px;
}
#content h1 {
	font-size: 120%;
	font-weight: bold;
}
#content h2 {
	font-size: 110%;
	font-weight: bold;
}
#content a {
	text-decoration: none;
}
#content pre {
	background-color: #dbdbdb;
	padding: 5px 5px 5px 5px;
	white-space: pre-wrap;		/* css-3 */
	white-space: -moz-pre-wrap;	/* Mozilla, since 1999 */
	white-space: -pre-wrap;		/* Opera 4-6 */
	white-space: -o-pre-wrap;	/* Opera 7 */
	word-wrap: break-word;		/* Internet Explorer 5.5+ */
}
#content table {
	border-collapse: collapse;
}
#content table th {
	border: 1px solid #dbdbdb;
	font-size: 85%;
	white-space: nowrap;
}
#content table td {
	border: 1px solid #dbdbdb;
	font-size: 80%;
}
#content input {
	font-size: 1em;
}
#content .full	{ width: 100%; }
#content .left	{ text-align: left; }
#content .right	{ text-align: right; }
#content .center { text-align: center; }
#content .flexbox {
	display: -ms-flex;
	display: -webkit-flex;
	display: flex;
	width: 100%;
}
#content .left_col {
	min-width: 75px;
	max-width: 50%;
	flex-grow: 0;
}
#content .right_col {
	flex-grow: 1;
	margin-left: 10px;
	padding-top: 10px;
	padding-left: 10px;
}
#col {
	-moz-column-count: 3;
	-webkit-column-count: 3;
	column-count: 3;
}
</style>
</head>
<body>

<div id="header">
<strong><em>NYC*</em><span class="logo_bug">BUG</span> dmesgd</strong>
</div><!-- header -->

<div id="menu">
<ul>
<li><a href="https://dmesgd.nycbug.org/index.cgi?do=index">Home</a></li>
<li><a href="https://dmesgd.nycbug.org/index.cgi?do=submit">Submit</a></li>
<li><a href="https://www.nycbug.org/">NYC*BUG</a></li>
</ul>
</div><!-- menu -->

<div id="content">

<p>
Launched in 2004, dmesgd aims to provide a
<strong>user-submitted</strong> repository of searchable *BSD dmesgs.
The dmesg(8) command displays the system message buffer's content, and
during boot a copy is saved to <em>/var/run/dmesg.boot</em>.  This buffer
contains the operating system release, name and version, a list of
devices identified, plus a whole host of other useful information.  We
hope others find this resource useful and further contribute to its
growth. Contact us at [ admin at lists dot nycbug dot org ].
</p>

<hr />


<strong>Date:</strong> <em>2011-12-08 01:53:37</em><br />
<strong>From:</strong> <em>Sergey Bronnikov</em><br />
<strong>Description:</strong> <em>IBM T60p</em><br />

<pre>
OpenBSD 5.0-current (GENERIC.MP) #117: Wed Nov  2 02:11:19 MDT 2011
    xxx@xxx.xxx:/usr/src/sys/arch/amd64/compile/GENERIC.MP
real mem = 3218931712 (3069MB)
avail mem = 3119169536 (2974MB)
mainbus0 at root
bios0 at mainbus0: SMBIOS rev. 2.4 @ 0xe0010 (68 entries)
bios0: vendor LENOVO version 79ETE6WW (2.26 ) date 04/01/2010
bios0: LENOVO 2623DDU
acpi0 at bios0: rev 2
acpi0: sleep states S0 S3 S4 S5
acpi0: tables DSDT FACP SSDT ECDT TCPA APIC MCFG HPET BOOT SSDT SSDT SSDT SSDT
acpi0: wakeup devices LID_(S3) SLPB(S3) LURT(S3) DURT(S3) EXP0(S4) EXP1(S4) EXP2(S4) EXP3(S4) PCI1(S4) USB0(S3) USB1(S3) USB2(S3) USB7(S3) HDEF(S4)
acpitimer0 at acpi0: 3579545 Hz, 24 bits
acpiec0 at acpi0
acpimadt0 at acpi0 addr 0xfee00000: PC-AT compat
cpu0 at mainbus0: apid 0 (boot processor)
cpu0: Intel(R) Core(TM)2 CPU T7200 @ 2.00GHz, 1995.30 MHz
cpu0: FPU,VME,DE,PSE,TSC,MSR,PAE,MCE,CX8,APIC,SEP,MTRR,PGE,MCA,CMOV,PAT,PSE36,CFLUSH,DS,ACPI,MMX,FXSR,SSE,SSE2,SS,HTT,TM,SBF,SSE3,MWAIT,DS-CPL,VMX,EST,TM2,SSSE3,CX16,xTPR,PDCM,NXE,LONG
cpu0: 4MB 64b/line 16-way L2 cache
cpu0: apic clock running at 166MHz
cpu1 at mainbus0: apid 1 (application processor)
cpu1: Intel(R) Core(TM)2 CPU T7200 @ 2.00GHz, 1995.00 MHz
cpu1: FPU,VME,DE,PSE,TSC,MSR,PAE,MCE,CX8,APIC,SEP,MTRR,PGE,MCA,CMOV,PAT,PSE36,CFLUSH,DS,ACPI,MMX,FXSR,SSE,SSE2,SS,HTT,TM,SBF,SSE3,MWAIT,DS-CPL,VMX,EST,TM2,SSSE3,CX16,xTPR,PDCM,NXE,LONG
cpu1: 4MB 64b/line 16-way L2 cache
ioapic0 at mainbus0: apid 1 pa 0xfec00000, version 20, 24 pins
ioapic0: misconfigured as apic 2, remapped to apid 1
acpimcfg0 at acpi0 addr 0xf0000000, bus 0-63
acpihpet0 at acpi0: 14318179 Hz
acpiprt0 at acpi0: bus 0 (PCI0)
acpiprt1 at acpi0: bus 1 (AGP_)
acpiprt2 at acpi0: bus 2 (EXP0)
acpiprt3 at acpi0: bus 3 (EXP1)
acpiprt4 at acpi0: bus 4 (EXP2)
acpiprt5 at acpi0: bus 12 (EXP3)
acpiprt6 at acpi0: bus 21 (PCI1)
acpicpu0 at acpi0: C3, C2, C1, PSS
acpicpu1 at acpi0: C3, C2, C1, PSS
acpipwrres0 at acpi0: PUBS
acpitz0 at acpi0: critical temperature is 127 degC
acpitz1 at acpi0: critical temperature is 99 degC
acpibtn0 at acpi0: LID_
acpibtn1 at acpi0: SLPB
acpibat0 at acpi0: BAT0 model 42T4620 serial   929 type LION oem Panasonic
acpibat1 at acpi0: BAT1 not present
acpiac0 at acpi0: AC unit offline
acpithinkpad0 at acpi0
acpidock0 at acpi0: GDCK not docked (0)
cpu0: Enhanced SpeedStep 1995 MHz: speeds: 2000, 1667, 1333, 1000 MHz
pci0 at mainbus0 bus 0
pchb0 at pci0 dev 0 function 0 Intel 82945GM Host rev 0x03
ppb0 at pci0 dev 1 function 0 Intel 82945GM PCIE rev 0x03: msi
pci1 at ppb0 bus 1
vga1 at pci1 dev 0 function 0 ATI FireGL V5200 rev 0x00
wsdisplay0 at vga1 mux 1: console (80x25, vt100 emulation)
wsdisplay0: screen 1-5 added (80x25, vt100 emulation)
radeondrm0 at vga1: apic 1 int 16
drm0 at radeondrm0
azalia0 at pci0 dev 27 function 0 Intel 82801GB HD Audio rev 0x02: msi
azalia0: codecs: Analog Devices AD1981HD, Conexant/0x2bfa, using Analog Devices AD1981HD
audio0 at azalia0
ppb1 at pci0 dev 28 function 0 Intel 82801GB PCIE rev 0x02: msi
pci2 at ppb1 bus 2
em0 at pci2 dev 0 function 0 Intel PRO/1000MT (82573L) rev 0x00: msi, address xx:xx:xx:xx:xx:xx
ppb2 at pci0 dev 28 function 1 Intel 82801GB PCIE rev 0x02: msi
pci3 at ppb2 bus 3
wpi0 at pci3 dev 0 function 0 Intel PRO/Wireless 3945ABG rev 0x02: msi, MoW1, address xx:xx:xx:xx:xx:xx
ppb3 at pci0 dev 28 function 2 Intel 82801GB PCIE rev 0x02: msi
pci4 at ppb3 bus 4
ppb4 at pci0 dev 28 function 3 Intel 82801GB PCIE rev 0x02: msi
pci5 at ppb4 bus 12
uhci0 at pci0 dev 29 function 0 Intel 82801GB USB rev 0x02: apic 1 int 16
uhci1 at pci0 dev 29 function 1 Intel 82801GB USB rev 0x02: apic 1 int 17
uhci2 at pci0 dev 29 function 2 Intel 82801GB USB rev 0x02: apic 1 int 18
uhci3 at pci0 dev 29 function 3 Intel 82801GB USB rev 0x02: apic 1 int 19
ehci0 at pci0 dev 29 function 7 Intel 82801GB USB rev 0x02: apic 1 int 19
usb0 at ehci0: USB revision 2.0
uhub0 at usb0 Intel EHCI root hub rev 2.00/1.00 addr 1
ppb5 at pci0 dev 30 function 0 Intel 82801BAM Hub-to-PCI rev 0xe2
pci6 at ppb5 bus 21
cbb0 at pci6 dev 0 function 0 TI PCI1510 CardBus rev 0x00: apic 1 int 16
cardslot0 at cbb0 slot 0 flags 0
cardbus0 at cardslot0: bus 22 device 0 cacheline 0x8, lattimer 0xb0
pcmcia0 at cardslot0
pcib0 at pci0 dev 31 function 0 Intel 82801GBM LPC rev 0x02
pciide0 at pci0 dev 31 function 1 Intel 82801GB IDE rev 0x02: DMA, channel 0 configured to compatibility, channel 1 configured to compatibility
atapiscsi0 at pciide0 channel 0 drive 0
scsibus0 at atapiscsi0: 2 targets
cd0 at scsibus0 targ 0 lun 0: &lt;Optiarc, DVD RW AD-7910A, 1.D0&gt; ATAPI 5/cdrom removable
cd0(pciide0:0:0): using PIO mode 4, Ultra-DMA mode 2
pciide0: channel 1 ignored (disabled)
ahci0 at pci0 dev 31 function 2 Intel 82801GBM AHCI rev 0x02: msi, AHCI 1.1
scsibus1 at ahci0: 32 targets
sd0 at scsibus1 targ 0 lun 0: &lt;ATA, ST9500420AS, 0003&gt; SCSI3 0/direct fixed naa.5000c5001c185963
sd0: 476940MB, 512 bytes/sector, 976773168 sectors
ichiic0 at pci0 dev 31 function 3 Intel 82801GB SMBus rev 0x02: apic 1 int 23
iic0 at ichiic0
usb1 at uhci0: USB revision 1.0
uhub1 at usb1 Intel UHCI root hub rev 1.00/1.00 addr 1
usb2 at uhci1: USB revision 1.0
uhub2 at usb2 Intel UHCI root hub rev 1.00/1.00 addr 1
usb3 at uhci2: USB revision 1.0
uhub3 at usb3 Intel UHCI root hub rev 1.00/1.00 addr 1
usb4 at uhci3: USB revision 1.0
uhub4 at usb4 Intel UHCI root hub rev 1.00/1.00 addr 1
isa0 at pcib0
isadma0 at isa0
pckbc0 at isa0 port 0x60/5
pckbd0 at pckbc0 (kbd slot)
pckbc0: using irq 1 for kbd slot
wskbd0 at pckbd0: console keyboard, using wsdisplay0
pms0 at pckbc0 (aux slot)
pckbc0: using irq 12 for aux slot
wsmouse0 at pms0 mux 0
wsmouse1 at pms0 mux 0
pms0: Synaptics touchpad, firmware 6.2
pcppi0 at isa0 port 0x61
spkr0 at pcppi0
aps0 at isa0 port 0x1600/31
mtrr: Pentium Pro MTRR support
umsm0 at uhub2 port 1 configuration 1 interface 0 Sierra Wireless Sierra Wireless MC5720 Modem rev 1.10/0.01 addr 2
ucom0 at umsm0
ugen0 at uhub4 port 2 STMicroelectronics Biometric Coprocessor rev 1.00/0.01 addr 2
vscsi0 at root
scsibus2 at vscsi0: 256 targets
softraid0 at root
scsibus3 at softraid0: 256 targets
root on sd0a (42a595d9d805c358.a) swap on sd0b dump on sd0b
</pre>



</div><!-- content -->
<br />
<div id="footer">
All comments/news/posts are the property of their individual owner and
is presented without warranty of suitability, and solely as an
informational resource. <br />
This site Copyright &copy; 2004-2020 NYC*BUG.
</div><!-- footer -->

</body>
</html>

