



<!doctype html>
<html lang="en">
<head>
<meta name="keywords"
	content="bsd, freebsd, openbsd, netbsd, dragonflybsd, nycbug, dmesgd" />
<meta name="description" content="New York City BSD User Group dmesgd" />
<meta charset="utf-8" />
<meta name="viewport" content="width=device-width, initial-scale=1" />
<title>NYC*BUG dmesgd</title>
<style>
body {
	text-align: left;
	margin: 15px auto;
	padding: 0px 10px;
}
@media (min-width: 800px) {
	body {
		max-width: 85%;
	}
}
#header {
	border-bottom: 1px solid #dbdbdb;
	font-size: 230%;
	text-align: left;
}
#footer {
	border-top: 1px solid #dbdbdb;
	clear: both;
	text-align: left;
}
.logo_bug {
	color: #cc0033;
}
#menu ul {
	list-style-type: none;
	margin: 0;
	padding: 0;
}
#menu li {
	float: left;
}
#menu li a {
	display: block;
	background-color: #dbdbdb;
	color: #000000;
	font-size: 105%;
	font-weight: bold;
	padding: 0px 6px 0px 6px;
	text-decoration: none;
}
#content {
	clear: both;
	text-align: left;
	padding-top: 10px;
}
#content h1 {
	font-size: 120%;
	font-weight: bold;
}
#content h2 {
	font-size: 110%;
	font-weight: bold;
}
#content a {
	text-decoration: none;
}
#content pre {
	background-color: #dbdbdb;
	padding: 5px 5px 5px 5px;
	white-space: pre-wrap;		/* css-3 */
	white-space: -moz-pre-wrap;	/* Mozilla, since 1999 */
	white-space: -pre-wrap;		/* Opera 4-6 */
	white-space: -o-pre-wrap;	/* Opera 7 */
	word-wrap: break-word;		/* Internet Explorer 5.5+ */
}
#content table {
	border-collapse: collapse;
}
#content table th {
	border: 1px solid #dbdbdb;
	font-size: 85%;
	white-space: nowrap;
}
#content table td {
	border: 1px solid #dbdbdb;
	font-size: 80%;
}
#content input {
	font-size: 1em;
}
#content .full	{ width: 100%; }
#content .left	{ text-align: left; }
#content .right	{ text-align: right; }
#content .center { text-align: center; }
#content .flexbox {
	display: -ms-flex;
	display: -webkit-flex;
	display: flex;
	width: 100%;
}
#content .left_col {
	min-width: 75px;
	max-width: 50%;
	flex-grow: 0;
}
#content .right_col {
	flex-grow: 1;
	margin-left: 10px;
	padding-top: 10px;
	padding-left: 10px;
}
#col {
	-moz-column-count: 3;
	-webkit-column-count: 3;
	column-count: 3;
}
</style>
</head>
<body>

<div id="header">
<strong><em>NYC*</em><span class="logo_bug">BUG</span> dmesgd</strong>
</div><!-- header -->

<div id="menu">
<ul>
<li><a href="https://dmesgd.nycbug.org/index.cgi?do=index">Home</a></li>
<li><a href="https://dmesgd.nycbug.org/index.cgi?do=submit">Submit</a></li>
<li><a href="https://www.nycbug.org/">NYC*BUG</a></li>
</ul>
</div><!-- menu -->

<div id="content">

<p>
Launched in 2004, dmesgd aims to provide a
<strong>user-submitted</strong> repository of searchable *BSD dmesgs.
The dmesg(8) command displays the system message buffer's content, and
during boot a copy is saved to <em>/var/run/dmesg.boot</em>.  This buffer
contains the operating system release, name and version, a list of
devices identified, plus a whole host of other useful information.  We
hope others find this resource useful and further contribute to its
growth. Contact us at [ admin at lists dot nycbug dot org ].
</p>

<hr />


<strong>Date:</strong> <em>2011-12-11 10:11:50</em><br />
<strong>From:</strong> <em>Sevan / Venture37</em><br />
<strong>Description:</strong> <em>Asus M2N32-SLI Deluxe with D-Link DGE-528T PCI network card installed</em><br />

<pre>
OpenBSD 5.0 (GENERIC.MP) #63: Wed Aug 17 10:14:30 MDT 2011
    xxx@xxx.xxx:/usr/src/sys/arch/amd64/compile/GENERIC.MP
real mem = 2145255424 (2045MB)
avail mem = 2074087424 (1978MB)
mainbus0 at root
bios0 at mainbus0: SMBIOS rev. 2.3 @ 0xf0000 (78 entries)
bios0: vendor Phoenix Technologies, LTD version ASUS M2N32-SLI DELUXE ACPI BIOS Revision 0706 date 08/21/2006
bios0: ASUSTeK Computer INC. M2N32-SLI DELUXE
acpi0 at bios0: rev 0
acpi0: sleep states S0 S1 S3 S4 S5
acpi0: tables DSDT FACP MCFG APIC
acpi0: wakeup devices HUB0(S5) XVR0(S5) XVR1(S5) XVR2(S5) XVR3(S5) XVR4(S5) XVR5(S5) XVRA(S5) XVRB(S5) XVRC(S5) USB0(S4) USB2(S3) AZAD(S5) MMAC(S5) MAC1(S5) UAR1(S5) PS2M(S4) PS2K(S4)
acpitimer0 at acpi0: 3579545 Hz, 24 bits
acpimcfg0 at acpi0 addr 0xf0000000, bus 0-63
acpimadt0 at acpi0 addr 0xfee00000: PC-AT compat
cpu0 at mainbus0: apid 0 (boot processor)
cpu0: AMD Athlon(tm) 64 X2 Dual Core Processor 4200+, 2210.38 MHz
cpu0: FPU,VME,DE,PSE,TSC,MSR,PAE,MCE,CX8,APIC,SEP,MTRR,PGE,MCA,CMOV,PAT,PSE36,CFLUSH,MMX,FXSR,SSE,SSE2,HTT,SSE3,CX16,NXE,MMXX,FFXSR,LONG,3DNOW2,3DNOW
cpu0: 64KB 64b/line 2-way I-cache, 64KB 64b/line 2-way D-cache, 512KB 64b/line 16-way L2 cache
cpu0: ITLB 32 4KB entries fully associative, 8 4MB entries fully associative
cpu0: DTLB 32 4KB entries fully associative, 8 4MB entries fully associative
cpu0: apic clock running at 200MHz
cpu1 at mainbus0: apid 1 (application processor)
cpu1: AMD Athlon(tm) 64 X2 Dual Core Processor 4200+, 2210.06 MHz
cpu1: FPU,VME,DE,PSE,TSC,MSR,PAE,MCE,CX8,APIC,SEP,MTRR,PGE,MCA,CMOV,PAT,PSE36,CFLUSH,MMX,FXSR,SSE,SSE2,HTT,SSE3,CX16,NXE,MMXX,FFXSR,LONG,3DNOW2,3DNOW
cpu1: 64KB 64b/line 2-way I-cache, 64KB 64b/line 2-way D-cache, 512KB 64b/line 16-way L2 cache
cpu1: ITLB 32 4KB entries fully associative, 8 4MB entries fully associative
cpu1: DTLB 32 4KB entries fully associative, 8 4MB entries fully associative
ioapic0 at mainbus0: apid 2 pa 0xfec00000, version 11, 24 pins
ioapic0: misconfigured as apic 0, remapped to apid 2
acpiprt0 at acpi0: bus 0 (PCI0)
acpiprt1 at acpi0: bus 3 (HUB0)
acpicpu0 at acpi0
acpicpu1 at acpi0
acpitz0 at acpi0: critical temperature is 75 degC
acpibtn0 at acpi0: PWRB
aibs0 at acpi0: RTMP RVLT RFAN GGRP GITM SITM
pci0 at mainbus0 bus 0
NVIDIA C51 Host rev 0xa2 at pci0 dev 0 function 0 not configured
NVIDIA C51 Memory rev 0xa2 at pci0 dev 0 function 1 not configured
NVIDIA C51 Memory rev 0xa2 at pci0 dev 0 function 2 not configured
NVIDIA C51 Memory rev 0xa2 at pci0 dev 0 function 3 not configured
NVIDIA C51 Memory rev 0xa2 at pci0 dev 0 function 4 not configured
NVIDIA C51 Memory rev 0xa2 at pci0 dev 0 function 5 not configured
NVIDIA C51 Memory rev 0xa2 at pci0 dev 0 function 6 not configured
NVIDIA C51 Memory rev 0xa2 at pci0 dev 0 function 7 not configured
ppb0 at pci0 dev 3 function 0 NVIDIA C51 PCIE rev 0xa1
pci1 at ppb0 bus 1
ppb1 at pci0 dev 4 function 0 NVIDIA C51 PCIE rev 0xa1
pci2 at ppb1 bus 2
vga1 at pci2 dev 0 function 0 vendor NVIDIA, unknown product 0x016a rev 0xa1
wsdisplay0 at vga1 mux 1: console (80x25, vt100 emulation)
wsdisplay0: screen 1-5 added (80x25, vt100 emulation)
NVIDIA MCP55 Memory rev 0xa1 at pci0 dev 8 function 0 not configured
pcib0 at pci0 dev 9 function 0 NVIDIA MCP55 ISA rev 0xa2
nviic0 at pci0 dev 9 function 1 NVIDIA MCP55 SMBus rev 0xa2
iic0 at nviic0
adt0 at iic0 addr 0x2e: adt7475 rev 0x69
spdmem0 at iic0 addr 0x50: 1GB DDR2 SDRAM non-parity PC2-4200CL3
spdmem1 at iic0 addr 0x51: 1GB DDR2 SDRAM non-parity PC2-4200CL3
iic1 at nviic0
iic1: addr 0x18 00=f0 01=00 02=00 03=f0 04=00 05=00 06=00 07=00 08=00 09=10 10=08 11=00 12=00 13=0a 14=00 15=00 16=00 17=3f 20=95 21=92 22=00 32=00 words 00=f0ff 01=00ff 02=00ff 03=f0ff 04=00ff 05=00ff 06=00ff 07=00ff
NVIDIA MCP55 Memory rev 0xa2 at pci0 dev 9 function 2 not configured
ohci0 at pci0 dev 10 function 0 NVIDIA MCP55 USB rev 0xa1: apic 2 int 20, version 1.0, legacy support
ehci0 at pci0 dev 10 function 1 NVIDIA MCP55 USB rev 0xa2: apic 2 int 20
usb0 at ehci0: USB revision 2.0
uhub0 at usb0 NVIDIA EHCI root hub rev 2.00/1.00 addr 1
pciide0 at pci0 dev 12 function 0 NVIDIA MCP55 IDE rev 0xa1: DMA, channel 0 configured to compatibility, channel 1 configured to compatibility
atapiscsi0 at pciide0 channel 0 drive 0
scsibus0 at atapiscsi0: 2 targets
cd0 at scsibus0 targ 0 lun 0: &lt;ATAPI, DVD DC 16X8X5, 103&gt; ATAPI 5/cdrom removable
cd0(pciide0:0:0): using PIO mode 4, Ultra-DMA mode 4
pciide0: channel 1 ignored (disabled)
pciide1 at pci0 dev 13 function 0 NVIDIA MCP55 SATA rev 0xa2: DMA
pciide1: using apic 2 int 5 for native-PCI interrupt
wd0 at pciide1 channel 0 drive 0: &lt;ST3320620AS&gt;
wd0: 16-sector PIO, LBA48, 305244MB, 625140335 sectors
wd0(pciide1:0:0): using PIO mode 4, Ultra-DMA mode 6
pciide2 at pci0 dev 13 function 1 NVIDIA MCP55 SATA rev 0xa2: DMA
pciide2: using apic 2 int 5 for native-PCI interrupt
pciide3 at pci0 dev 13 function 2 NVIDIA MCP55 SATA rev 0xa2: DMA
pciide3: using apic 2 int 5 for native-PCI interrupt
ppb2 at pci0 dev 14 function 0 NVIDIA MCP55 PCI-PCI rev 0xa2
pci3 at ppb2 bus 3
re0 at pci3 dev 7 function 0 D-Link DGE-528T rev 0x10: RTL8169/8110SB (0x1000), apic 2 int 11, address xx:xx:xx:xx:xx:xx
rgephy0 at re0 phy 7: RTL8169S/8110S PHY, rev. 3
TI TSB43AB22 FireWire rev 0x00 at pci3 dev 11 function 0 not configured
azalia0 at pci0 dev 14 function 1 NVIDIA MCP55 HD Audio rev 0xa2: apic 2 int 5
azalia0: codecs: Analog Devices AD1988B
audio0 at azalia0
nfe0 at pci0 dev 16 function 0 NVIDIA MCP55 LAN rev 0xa2: apic 2 int 10, address xx:xx:xx:xx:xx:xx
eephy0 at nfe0 phy 1: 88E1116 Gigabit PHY, rev. 1
nfe1 at pci0 dev 17 function 0 NVIDIA MCP55 LAN rev 0xa2: apic 2 int 11, address xx:xx:xx:xx:xx:xx
eephy1 at nfe1 phy 1: 88E1116 Gigabit PHY, rev. 1
ppb3 at pci0 dev 18 function 0 NVIDIA MCP55 PCIE rev 0xa2
pci4 at ppb3 bus 4
ppb4 at pci0 dev 20 function 0 NVIDIA MCP55 PCIE rev 0xa2
pci5 at ppb4 bus 5
ppb5 at pci0 dev 22 function 0 NVIDIA MCP55 PCIE rev 0xa2
pci6 at ppb5 bus 6
ppb6 at pci0 dev 23 function 0 NVIDIA MCP55 PCIE rev 0xa2
pci7 at ppb6 bus 7
pchb0 at pci0 dev 24 function 0 AMD AMD64 0Fh HyperTransport rev 0x00
pchb1 at pci0 dev 24 function 1 AMD AMD64 0Fh Address Map rev 0x00
pchb2 at pci0 dev 24 function 2 AMD AMD64 0Fh DRAM Cfg rev 0x00
kate0 at pci0 dev 24 function 3 AMD AMD64 0Fh Misc Cfg rev 0x00: core rev BH-F2
isa0 at pcib0
isadma0 at isa0
com0 at isa0 port 0x3f8/8 irq 4: ns16550a, 16 byte fifo
pckbc0 at isa0 port 0x60/5
pckbd0 at pckbc0 (kbd slot)
pckbc0: using irq 1 for kbd slot
wskbd0 at pckbd0: console keyboard, using wsdisplay0
pcppi0 at isa0 port 0x61
spkr0 at pcppi0
lpt0 at isa0 port 0x378/4 irq 7
it0 at isa0 port 0x2e/2: IT8716F rev 1, EC port 0x290
fdc0 at isa0 port 0x3f0/6 irq 6 drq 2
usb1 at ohci0: USB revision 1.0
uhub1 at usb1 NVIDIA OHCI root hub rev 1.00/1.00 addr 1
mtrr: Pentium Pro MTRR support
urtw0 at uhub0 port 9 Realtek RTL8187 rev 2.00/1.00 addr 2
urtw0: RTL8187 rev 0x04, RFv2, address xx:xx:xx:xx:xx:xx
uhidev0 at uhub1 port 2 configuration 1 interface 0 LITEON Technology USB Multimedia Keyboard rev 1.10/1.01 addr 2
uhidev0: iclass 3/1
ukbd0 at uhidev0: 8 modifier keys, 6 key codes
wskbd1 at ukbd0 mux 1
wskbd1: connecting to wsdisplay0
vscsi0 at root
scsibus1 at vscsi0: 256 targets
softraid0 at root
scsibus2 at softraid0: 256 targets
root on wd0a (c81f248d807b8919.a) swap on wd0b dump on wd0b
hw.sensors.acpitz0.temp0=40.00 degC (zone temperature)
hw.sensors.aibs0.temp0=30.00 degC (CPU Temperature), OK
hw.sensors.aibs0.temp1=37.00 degC (MB Temperature), OK
hw.sensors.aibs0.fan0=3199 RPM (CPU FAN Speed), OK
hw.sensors.aibs0.fan1=0 RPM (CHASSIS FAN Speed), WARNING
hw.sensors.aibs0.fan2=0 RPM (CHASSIS2 FAN Speed), WARNING
hw.sensors.aibs0.fan3=0 RPM (CHASSIS3 FAN FAN Speed), WARNING
hw.sensors.aibs0.fan4=0 RPM (CHASSIS4 FAN FAN Speed), WARNING
hw.sensors.aibs0.fan5=0 RPM (POWER FAN FAN Speed), WARNING
hw.sensors.aibs0.fan6=0 RPM (CHIP FAN FAN Speed), WARNING
hw.sensors.aibs0.volt0=1.39 VDC (Vcore Voltage), WARNING
hw.sensors.aibs0.volt1=3.22 VDC ( +3.3 Voltage), OK
hw.sensors.aibs0.volt2=4.92 VDC ( +5.0 Voltage), OK
hw.sensors.aibs0.volt3=11.71 VDC (+12.0 Voltage), OK
hw.sensors.adt0.temp0=0.00 degC (Remote)
hw.sensors.adt0.temp1=98.00 degC (Internal)
hw.sensors.adt0.temp2=0.00 degC (Remote)
hw.sensors.adt0.volt0=0.00 VDC (Vccp)
hw.sensors.adt0.volt1=3.25 VDC (Vcc)
hw.sensors.kate0.temp0=31.00 degC
hw.sensors.kate0.temp2=37.00 degC
hw.sensors.it0.temp0=30.00 degC
hw.sensors.it0.temp1=37.00 degC
hw.sensors.it0.temp2=35.00 degC
hw.sensors.it0.fan0=3199 RPM
hw.sensors.it0.fan1=0 RPM
hw.sensors.it0.fan2=0 RPM
hw.sensors.it0.volt0=1.39 VDC (VCORE_A)
hw.sensors.it0.volt1=0.00 VDC (VCORE_B)
hw.sensors.it0.volt2=3.22 VDC (+3.3V)
hw.sensors.it0.volt3=4.92 VDC (+5V)
hw.sensors.it0.volt4=11.71 VDC (+12V)
hw.sensors.it0.volt5=1.95 VDC (-12V)
hw.sensors.it0.volt6=-8.60 VDC (-5V)
hw.sensors.it0.volt7=4.70 VDC (+5VSB)
hw.sensors.it0.volt8=3.06 VDC (VBAT)
</pre>



</div><!-- content -->
<br />
<div id="footer">
All comments/news/posts are the property of their individual owner and
is presented without warranty of suitability, and solely as an
informational resource. <br />
This site Copyright &copy; 2004-2020 NYC*BUG.
</div><!-- footer -->

</body>
</html>

