



<!doctype html>
<html lang="en">
<head>
<meta name="keywords"
	content="bsd, freebsd, openbsd, netbsd, dragonflybsd, nycbug, dmesgd" />
<meta name="description" content="New York City BSD User Group dmesgd" />
<meta charset="utf-8" />
<meta name="viewport" content="width=device-width, initial-scale=1" />
<title>NYC*BUG dmesgd</title>
<style>
body {
	text-align: left;
	margin: 15px auto;
	padding: 0px 10px;
}
@media (min-width: 800px) {
	body {
		max-width: 85%;
	}
}
#header {
	border-bottom: 1px solid #dbdbdb;
	font-size: 230%;
	text-align: left;
}
#footer {
	border-top: 1px solid #dbdbdb;
	clear: both;
	text-align: left;
}
.logo_bug {
	color: #cc0033;
}
#menu ul {
	list-style-type: none;
	margin: 0;
	padding: 0;
}
#menu li {
	float: left;
}
#menu li a {
	display: block;
	background-color: #dbdbdb;
	color: #000000;
	font-size: 105%;
	font-weight: bold;
	padding: 0px 6px 0px 6px;
	text-decoration: none;
}
#content {
	clear: both;
	text-align: left;
	padding-top: 10px;
}
#content h1 {
	font-size: 120%;
	font-weight: bold;
}
#content h2 {
	font-size: 110%;
	font-weight: bold;
}
#content a {
	text-decoration: none;
}
#content pre {
	background-color: #dbdbdb;
	padding: 5px 5px 5px 5px;
	white-space: pre-wrap;		/* css-3 */
	white-space: -moz-pre-wrap;	/* Mozilla, since 1999 */
	white-space: -pre-wrap;		/* Opera 4-6 */
	white-space: -o-pre-wrap;	/* Opera 7 */
	word-wrap: break-word;		/* Internet Explorer 5.5+ */
}
#content table {
	border-collapse: collapse;
}
#content table th {
	border: 1px solid #dbdbdb;
	font-size: 85%;
	white-space: nowrap;
}
#content table td {
	border: 1px solid #dbdbdb;
	font-size: 80%;
}
#content input {
	font-size: 1em;
}
#content .full	{ width: 100%; }
#content .left	{ text-align: left; }
#content .right	{ text-align: right; }
#content .center { text-align: center; }
#content .flexbox {
	display: -ms-flex;
	display: -webkit-flex;
	display: flex;
	width: 100%;
}
#content .left_col {
	min-width: 75px;
	max-width: 50%;
	flex-grow: 0;
}
#content .right_col {
	flex-grow: 1;
	margin-left: 10px;
	padding-top: 10px;
	padding-left: 10px;
}
#col {
	-moz-column-count: 3;
	-webkit-column-count: 3;
	column-count: 3;
}
</style>
</head>
<body>

<div id="header">
<strong><em>NYC*</em><span class="logo_bug">BUG</span> dmesgd</strong>
</div><!-- header -->

<div id="menu">
<ul>
<li><a href="https://dmesgd.nycbug.org/index.cgi?do=index">Home</a></li>
<li><a href="https://dmesgd.nycbug.org/index.cgi?do=submit">Submit</a></li>
<li><a href="https://www.nycbug.org/">NYC*BUG</a></li>
</ul>
</div><!-- menu -->

<div id="content">

<p>
Launched in 2004, dmesgd aims to provide a
<strong>user-submitted</strong> repository of searchable *BSD dmesgs.
The dmesg(8) command displays the system message buffer's content, and
during boot a copy is saved to <em>/var/run/dmesg.boot</em>.  This buffer
contains the operating system release, name and version, a list of
devices identified, plus a whole host of other useful information.  We
hope others find this resource useful and further contribute to its
growth. Contact us at [ admin at lists dot nycbug dot org ].
</p>

<hr />


<strong>Date:</strong> <em>2012-02-02 16:10:06</em><br />
<strong>From:</strong> <em>@</em><br />
<strong>Description:</strong> <em>HP Microserver N40L</em><br />

<pre>
OpenBSD 5.1-beta (GENERIC.MP) #190: Mon Jan 30 16:20:45 MST 2012
    xxx@xxx.xxx:/usr/src/sys/arch/amd64/compile/GENERIC.MP
real mem = 2112421888 (2014MB)
avail mem = 2042093568 (1947MB)
mainbus0 at root
bios0 at mainbus0: SMBIOS rev. 2.6 @ 0xfb330 (35 entries)
bios0: vendor HP version O41 date 07/29/2011
bios0: HP ProLiant MicroServer
acpi0 at bios0: rev 2
acpi0: sleep states S0 S4 S5
acpi0: tables DSDT FACP APIC MCFG SPMI OEMB HPET EINJ BERT ERST HEST SSDT
acpi0: wakeup devices PCE2(S4) PCE3(S4) PCE4(S4) PCE5(S4) PCE6(S4) PCE7(S4) PCE9(S4) PCEA(S4) PCEB(S4) PCEC(S4) SBAZ(S4) P0PC(S4) PE20(S4) PE21(S4) PE22(S4) PE23(S4)
acpitimer0 at acpi0: 3579545 Hz, 32 bits
acpimadt0 at acpi0 addr 0xfee00000: PC-AT compat
cpu0 at mainbus0: apid 0 (boot processor)
cpu0: AMD Turion(tm) II Neo N40L Dual-Core Processor, 1497.78 MHz
cpu0: FPU,VME,DE,PSE,TSC,MSR,PAE,MCE,CX8,APIC,SEP,MTRR,PGE,MCA,CMOV,PAT,PSE36,CFLUSH,MMX,FXSR,SSE,SSE2,HTT,SSE3,MWAIT,CX16,POPCNT,NXE,MMXX,FFXSR,LONG,3DNOW2,3DNOW,LAHF,CMPLEG,SVM,EAPICSP,AMCR8,ABM,SSE4A,MASSE,3DNOWP,OSVW,IBS,SKINIT,NODEID
cpu0: 64KB 64b/line 2-way I-cache, 64KB 64b/line 2-way D-cache, 1MB 64b/line 16-way L2 cache
cpu0: ITLB 32 4KB entries fully associative, 16 4MB entries fully associative
cpu0: DTLB 48 4KB entries fully associative, 48 4MB entries fully associative
cpu0: apic clock running at 199MHz
cpu1 at mainbus0: apid 1 (application processor)
cpu1: AMD Turion(tm) II Neo N40L Dual-Core Processor, 1497.52 MHz
cpu1: FPU,VME,DE,PSE,TSC,MSR,PAE,MCE,CX8,APIC,SEP,MTRR,PGE,MCA,CMOV,PAT,PSE36,CFLUSH,MMX,FXSR,SSE,SSE2,HTT,SSE3,MWAIT,CX16,POPCNT,NXE,MMXX,FFXSR,LONG,3DNOW2,3DNOW,LAHF,CMPLEG,SVM,EAPICSP,AMCR8,ABM,SSE4A,MASSE,3DNOWP,OSVW,IBS,SKINIT,NODEID
cpu1: 64KB 64b/line 2-way I-cache, 64KB 64b/line 2-way D-cache, 1MB 64b/line 16-way L2 cache
cpu1: ITLB 32 4KB entries fully associative, 16 4MB entries fully associative
cpu1: DTLB 48 4KB entries fully associative, 48 4MB entries fully associative
ioapic0 at mainbus0: apid 2 pa 0xfec00000, version 21, 24 pins
acpimcfg0 at acpi0 addr 0xe0000000, bus 0-255
acpihpet0 at acpi0: 14318180 Hz
acpi0: unable to load \\_SB_._INI.EXH1
acpiprt0 at acpi0: bus 0 (PCI0)
acpiprt1 at acpi0: bus 1 (P0P1)
acpiprt2 at acpi0: bus -1 (PCE2)
acpiprt3 at acpi0: bus -1 (PCE4)
acpiprt4 at acpi0: bus 2 (PCE6)
acpicpu0 at acpi0: PSS
acpicpu1 at acpi0: PSS
acpibtn0 at acpi0: PWRB
ipmi at mainbus0 not configured
cpu0: 1497 MHz: speeds: 1500 1300 1000 800 MHz
pci0 at mainbus0 bus 0
pchb0 at pci0 dev 0 function 0 AMD RS880 Host rev 0x00
ppb0 at pci0 dev 1 function 0 vendor Hewlett-Packard, unknown product 0x9602 rev 0x00
pci1 at ppb0 bus 1
vga1 at pci1 dev 5 function 0 ATI Mobility Radeon HD 4200 rev 0x00
wsdisplay0 at vga1 mux 1: console (80x25, vt100 emulation)
wsdisplay0: screen 1-5 added (80x25, vt100 emulation)
radeondrm0 at vga1: apic 2 int 18
drm0 at radeondrm0
ppb1 at pci0 dev 6 function 0 AMD RS780 PCIE rev 0x00
pci2 at ppb1 bus 2
bge0 at pci2 dev 0 function 0 Broadcom BCM5723 rev 0x10, BCM5784 A1 (0x5784100): apic 2 int 18, address xx:xx:xx:xx:xx:xx
brgphy0 at bge0 phy 1: BCM5784 10/100/1000baseT PHY, rev. 4
ahci0 at pci0 dev 17 function 0 ATI SBx00 SATA rev 0x40: apic 2 int 19, AHCI 1.2
scsibus0 at ahci0: 32 targets
sd0 at scsibus0 targ 0 lun 0: &lt;ATA, Hitachi HDS72202, JKAO&gt; SCSI3 0/direct fixed naa.5000cca222f32c62
sd0: 1907729MB, 512 bytes/sector, 3907029168 sectors
sd1 at scsibus0 targ 2 lun 0: &lt;ATA, Hitachi HDS72202, JKAO&gt; SCSI3 0/direct fixed naa.5000cca222dd41be
sd1: 1907729MB, 512 bytes/sector, 3907029168 sectors
sd2 at scsibus0 targ 3 lun 0: &lt;ATA, VB0250EAVER, HPG7&gt; SCSI3 0/direct fixed naa.5000c50044a89843
sd2: 238475MB, 512 bytes/sector, 488397168 sectors
ohci0 at pci0 dev 18 function 0 ATI SB700 USB rev 0x00: apic 2 int 18, version 1.0, legacy support
ehci0 at pci0 dev 18 function 2 ATI SB700 USB2 rev 0x00: apic 2 int 17
usb0 at ehci0: USB revision 2.0
uhub0 at usb0 ATI EHCI root hub rev 2.00/1.00 addr 1
ohci1 at pci0 dev 19 function 0 ATI SB700 USB rev 0x00: apic 2 int 18, version 1.0, legacy support
ehci1 at pci0 dev 19 function 2 ATI SB700 USB2 rev 0x00: apic 2 int 17
usb1 at ehci1: USB revision 2.0
uhub1 at usb1 ATI EHCI root hub rev 2.00/1.00 addr 1
piixpm0 at pci0 dev 20 function 0 ATI SBx00 SMBus rev 0x42: polling
iic0 at piixpm0
spdmem0 at iic0 addr 0x50: 2GB DDR3 SDRAM ECC PC3-10600 with thermal sensor
pciide0 at pci0 dev 20 function 1 ATI SB700 IDE rev 0x40: DMA, channel 0 configured to compatibility, channel 1 configured to compatibility
pcib0 at pci0 dev 20 function 3 ATI SB700 ISA rev 0x40
ppb2 at pci0 dev 20 function 4 ATI SB600 PCI rev 0x40
pci3 at ppb2 bus 3
ohci2 at pci0 dev 22 function 0 ATI SB700 USB rev 0x00: apic 2 int 18, version 1.0, legacy support
ehci2 at pci0 dev 22 function 2 ATI SB700 USB2 rev 0x00: apic 2 int 17
usb2 at ehci2: USB revision 2.0
uhub2 at usb2 ATI EHCI root hub rev 2.00/1.00 addr 1
pchb1 at pci0 dev 24 function 0 AMD AMD64 10h HyperTransport rev 0x00
pchb2 at pci0 dev 24 function 1 AMD AMD64 10h Address Map rev 0x00
pchb3 at pci0 dev 24 function 2 AMD AMD64 10h DRAM Cfg rev 0x00
km0 at pci0 dev 24 function 3 AMD AMD64 10h Misc Cfg rev 0x00
pchb4 at pci0 dev 24 function 4 AMD AMD64 10h Link Cfg rev 0x00
usb3 at ohci0: USB revision 1.0
uhub3 at usb3 ATI OHCI root hub rev 1.00/1.00 addr 1
usb4 at ohci1: USB revision 1.0
uhub4 at usb4 ATI OHCI root hub rev 1.00/1.00 addr 1
isa0 at pcib0
isadma0 at isa0
pckbc0 at isa0 port 0x60/5
kbc: cmd word write error
pcppi0 at isa0 port 0x61
spkr0 at pcppi0
usb5 at ohci2: USB revision 1.0
uhub5 at usb5 ATI OHCI root hub rev 1.00/1.00 addr 1
mtrr: Pentium Pro MTRR support
uhub6 at uhub3 port 5 Chicony Generic USB Hub rev 1.10/1.00 addr 2
uhidev0 at uhub6 port 1 configuration 1 interface 0 Chicony PFU-65 USB Keyboard rev 1.10/1.00 addr 3
uhidev0: iclass 3/1
ukbd0 at uhidev0: 8 modifier keys, 6 key codes
wskbd0 at ukbd0 mux 1
wskbd0: connecting to wsdisplay0
vscsi0 at root
scsibus1 at vscsi0: 256 targets
softraid0 at root
scsibus2 at softraid0: 256 targets
root on sd2a (d601df0e6e6099d6.a) swap on sd2b dump on sd2b

hw.machine=amd64
hw.model=AMD Turion(tm) II Neo N40L Dual-Core Processor
hw.ncpu=2
hw.byteorder=1234
hw.pagesize=4096
hw.disknames=sd0:bac00bac0a511056,sd1:31ce2ac32a511056,sd2:d601df0e6e6099d6
hw.diskcount=3
hw.sensors.km0.temp0=31.62 degC
hw.cpuspeed=1497
hw.setperf=100
hw.vendor=HP
hw.product=ProLiant MicroServer
hw.serialno=5C7145P2TT
hw.uuid=806bd41e-d21d-b211-8000-e4115b12bdd6
hw.physmem=2112421888
hw.usermem=2112405504
hw.ncpufound=2
hw.allowpowerdown=1
</pre>



</div><!-- content -->
<br />
<div id="footer">
All comments/news/posts are the property of their individual owner and
is presented without warranty of suitability, and solely as an
informational resource. <br />
This site Copyright &copy; 2004-2020 NYC*BUG.
</div><!-- footer -->

</body>
</html>

