



<!doctype html>
<html lang="en">
<head>
<meta name="keywords"
	content="bsd, freebsd, openbsd, netbsd, dragonflybsd, nycbug, dmesgd" />
<meta name="description" content="New York City BSD User Group dmesgd" />
<meta charset="utf-8" />
<meta name="viewport" content="width=device-width, initial-scale=1" />
<title>NYC*BUG dmesgd</title>
<style>
body {
	text-align: left;
	margin: 15px auto;
	padding: 0px 10px;
}
@media (min-width: 800px) {
	body {
		max-width: 85%;
	}
}
#header {
	border-bottom: 1px solid #dbdbdb;
	font-size: 230%;
	text-align: left;
}
#footer {
	border-top: 1px solid #dbdbdb;
	clear: both;
	text-align: left;
}
.logo_bug {
	color: #cc0033;
}
#menu ul {
	list-style-type: none;
	margin: 0;
	padding: 0;
}
#menu li {
	float: left;
}
#menu li a {
	display: block;
	background-color: #dbdbdb;
	color: #000000;
	font-size: 105%;
	font-weight: bold;
	padding: 0px 6px 0px 6px;
	text-decoration: none;
}
#content {
	clear: both;
	text-align: left;
	padding-top: 10px;
}
#content h1 {
	font-size: 120%;
	font-weight: bold;
}
#content h2 {
	font-size: 110%;
	font-weight: bold;
}
#content a {
	text-decoration: none;
}
#content pre {
	background-color: #dbdbdb;
	padding: 5px 5px 5px 5px;
	white-space: pre-wrap;		/* css-3 */
	white-space: -moz-pre-wrap;	/* Mozilla, since 1999 */
	white-space: -pre-wrap;		/* Opera 4-6 */
	white-space: -o-pre-wrap;	/* Opera 7 */
	word-wrap: break-word;		/* Internet Explorer 5.5+ */
}
#content table {
	border-collapse: collapse;
}
#content table th {
	border: 1px solid #dbdbdb;
	font-size: 85%;
	white-space: nowrap;
}
#content table td {
	border: 1px solid #dbdbdb;
	font-size: 80%;
}
#content input {
	font-size: 1em;
}
#content .full	{ width: 100%; }
#content .left	{ text-align: left; }
#content .right	{ text-align: right; }
#content .center { text-align: center; }
#content .flexbox {
	display: -ms-flex;
	display: -webkit-flex;
	display: flex;
	width: 100%;
}
#content .left_col {
	min-width: 75px;
	max-width: 50%;
	flex-grow: 0;
}
#content .right_col {
	flex-grow: 1;
	margin-left: 10px;
	padding-top: 10px;
	padding-left: 10px;
}
#col {
	-moz-column-count: 3;
	-webkit-column-count: 3;
	column-count: 3;
}
</style>
</head>
<body>

<div id="header">
<strong><em>NYC*</em><span class="logo_bug">BUG</span> dmesgd</strong>
</div><!-- header -->

<div id="menu">
<ul>
<li><a href="https://dmesgd.nycbug.org/index.cgi?do=index">Home</a></li>
<li><a href="https://dmesgd.nycbug.org/index.cgi?do=submit">Submit</a></li>
<li><a href="https://www.nycbug.org/">NYC*BUG</a></li>
</ul>
</div><!-- menu -->

<div id="content">

<p>
Launched in 2004, dmesgd aims to provide a
<strong>user-submitted</strong> repository of searchable *BSD dmesgs.
The dmesg(8) command displays the system message buffer's content, and
during boot a copy is saved to <em>/var/run/dmesg.boot</em>.  This buffer
contains the operating system release, name and version, a list of
devices identified, plus a whole host of other useful information.  We
hope others find this resource useful and further contribute to its
growth. Contact us at [ admin at lists dot nycbug dot org ].
</p>

<hr />


<strong>Date:</strong> <em>2012-02-13 09:26:40</em><br />
<strong>From:</strong> <em>Sevan / Venture37</em><br />
<strong>Description:</strong> <em>Supermicro MBD-X9SCM-F-0</em><br />

<pre>
OpenBSD 5.1 (GENERIC.MP) #207: Sun Feb 12 09:42:14 MST 2012
    xxx@xxx.xxx:/usr/src/sys/arch/amd64/compile/GENERIC.MP
real mem = 4271042560 (4073MB)
avail mem = 4143181824 (3951MB)
mainbus0 at root
bios0 at mainbus0: SMBIOS rev. 2.7 @ 0xeadc0 (105 entries)
bios0: vendor American Megatrends Inc. version 1.1a date 09/28/2011
bios0: Supermicro X9SCL/X9SCM
acpi0 at bios0: rev 2
acpi0: sleep states S0 S1 S4 S5
acpi0: tables DSDT FACP APIC SSDT MCFG HPET SPMI EINJ ERST HEST BERT
acpi0: wakeup devices PS2K(S1) PS2M(S1) UAR1(S4) UAR2(S4) BR20(S1) EUSB(S4) USBE(S4) PEX0(S4) PEX4(S4) PEX6(S4) GBE_(S4) P0P1(S4) P0P2(S4) P0P3(S4) P0P4(S4) SLPB(S0) PWRB(S4)
acpitimer0 at acpi0: 3579545 Hz, 24 bits
acpimadt0 at acpi0 addr 0xfee00000: PC-AT compat
cpu0 at mainbus0: apid 0 (boot processor)
cpu0: Intel(R) Xeon(R) CPU E31230 @ 3.20GHz, 3193.26 MHz
cpu0: FPU,VME,DE,PSE,TSC,MSR,PAE,MCE,CX8,APIC,SEP,MTRR,PGE,MCA,CMOV,PAT,PSE36,CFLUSH,DS,ACPI,MMX,FXSR,SSE,SSE2,SS,HTT,TM,SBF,SSE3,PCLMUL,MWAIT,DS-CPL,VMX,SMX,EST,TM2,SSSE3,CX16,xTPR,PDCM,SSE4.1,SSE4.2,x2APIC,POPCNT,AES,XSAVE,AVX,NXE,LONG,LAHF
cpu0: 256KB 64b/line 8-way L2 cache
cpu0: apic clock running at 99MHz
cpu1 at mainbus0: apid 2 (application processor)
cpu1: Intel(R) Xeon(R) CPU E31230 @ 3.20GHz, 3192.75 MHz
cpu1: FPU,VME,DE,PSE,TSC,MSR,PAE,MCE,CX8,APIC,SEP,MTRR,PGE,MCA,CMOV,PAT,PSE36,CFLUSH,DS,ACPI,MMX,FXSR,SSE,SSE2,SS,HTT,TM,SBF,SSE3,PCLMUL,MWAIT,DS-CPL,VMX,SMX,EST,TM2,SSSE3,CX16,xTPR,PDCM,SSE4.1,SSE4.2,x2APIC,POPCNT,AES,XSAVE,AVX,NXE,LONG,LAHF
cpu1: 256KB 64b/line 8-way L2 cache
cpu2 at mainbus0: apid 4 (application processor)
cpu2: Intel(R) Xeon(R) CPU E31230 @ 3.20GHz, 3192.75 MHz
cpu2: FPU,VME,DE,PSE,TSC,MSR,PAE,MCE,CX8,APIC,SEP,MTRR,PGE,MCA,CMOV,PAT,PSE36,CFLUSH,DS,ACPI,MMX,FXSR,SSE,SSE2,SS,HTT,TM,SBF,SSE3,PCLMUL,MWAIT,DS-CPL,VMX,SMX,EST,TM2,SSSE3,CX16,xTPR,PDCM,SSE4.1,SSE4.2,x2APIC,POPCNT,AES,XSAVE,AVX,NXE,LONG,LAHF
cpu2: 256KB 64b/line 8-way L2 cache
cpu3 at mainbus0: apid 6 (application processor)
cpu3: Intel(R) Xeon(R) CPU E31230 @ 3.20GHz, 3192.75 MHz
cpu3: FPU,VME,DE,PSE,TSC,MSR,PAE,MCE,CX8,APIC,SEP,MTRR,PGE,MCA,CMOV,PAT,PSE36,CFLUSH,DS,ACPI,MMX,FXSR,SSE,SSE2,SS,HTT,TM,SBF,SSE3,PCLMUL,MWAIT,DS-CPL,VMX,SMX,EST,TM2,SSSE3,CX16,xTPR,PDCM,SSE4.1,SSE4.2,x2APIC,POPCNT,AES,XSAVE,AVX,NXE,LONG,LAHF
cpu3: 256KB 64b/line 8-way L2 cache
cpu4 at mainbus0: apid 1 (application processor)
cpu4: Intel(R) Xeon(R) CPU E31230 @ 3.20GHz, 3192.75 MHz
cpu4: FPU,VME,DE,PSE,TSC,MSR,PAE,MCE,CX8,APIC,SEP,MTRR,PGE,MCA,CMOV,PAT,PSE36,CFLUSH,DS,ACPI,MMX,FXSR,SSE,SSE2,SS,HTT,TM,SBF,SSE3,PCLMUL,MWAIT,DS-CPL,VMX,SMX,EST,TM2,SSSE3,CX16,xTPR,PDCM,SSE4.1,SSE4.2,x2APIC,POPCNT,AES,XSAVE,AVX,NXE,LONG,LAHF
cpu4: 256KB 64b/line 8-way L2 cache
cpu5 at mainbus0: apid 3 (application processor)
cpu5: Intel(R) Xeon(R) CPU E31230 @ 3.20GHz, 3192.75 MHz
cpu5: FPU,VME,DE,PSE,TSC,MSR,PAE,MCE,CX8,APIC,SEP,MTRR,PGE,MCA,CMOV,PAT,PSE36,CFLUSH,DS,ACPI,MMX,FXSR,SSE,SSE2,SS,HTT,TM,SBF,SSE3,PCLMUL,MWAIT,DS-CPL,VMX,SMX,EST,TM2,SSSE3,CX16,xTPR,PDCM,SSE4.1,SSE4.2,x2APIC,POPCNT,AES,XSAVE,AVX,NXE,LONG,LAHF
cpu5: 256KB 64b/line 8-way L2 cache
cpu6 at mainbus0: apid 5 (application processor)
cpu6: Intel(R) Xeon(R) CPU E31230 @ 3.20GHz, 3192.75 MHz
cpu6: FPU,VME,DE,PSE,TSC,MSR,PAE,MCE,CX8,APIC,SEP,MTRR,PGE,MCA,CMOV,PAT,PSE36,CFLUSH,DS,ACPI,MMX,FXSR,SSE,SSE2,SS,HTT,TM,SBF,SSE3,PCLMUL,MWAIT,DS-CPL,VMX,SMX,EST,TM2,SSSE3,CX16,xTPR,PDCM,SSE4.1,SSE4.2,x2APIC,POPCNT,AES,XSAVE,AVX,NXE,LONG,LAHF
cpu6: 256KB 64b/line 8-way L2 cache
cpu7 at mainbus0: apid 7 (application processor)
cpu7: Intel(R) Xeon(R) CPU E31230 @ 3.20GHz, 3192.75 MHz
cpu7: FPU,VME,DE,PSE,TSC,MSR,PAE,MCE,CX8,APIC,SEP,MTRR,PGE,MCA,CMOV,PAT,PSE36,CFLUSH,DS,ACPI,MMX,FXSR,SSE,SSE2,SS,HTT,TM,SBF,SSE3,PCLMUL,MWAIT,DS-CPL,VMX,SMX,EST,TM2,SSSE3,CX16,xTPR,PDCM,SSE4.1,SSE4.2,x2APIC,POPCNT,AES,XSAVE,AVX,NXE,LONG,LAHF
cpu7: 256KB 64b/line 8-way L2 cache
ioapic0 at mainbus0: apid 0 pa 0xfec00000, version 20, 24 pins
acpimcfg0 at acpi0 addr 0xe0000000, bus 0-255
acpihpet0 at acpi0: 14318179 Hz
acpiprt0 at acpi0: bus 0 (PCI0)
acpiprt1 at acpi0: bus 3 (BR20)
acpiprt2 at acpi0: bus 1 (PEX0)
acpiprt3 at acpi0: bus 2 (PEX4)
acpiprt4 at acpi0: bus -1 (PEX6)
acpiprt5 at acpi0: bus -1 (P0P1)
acpiprt6 at acpi0: bus -1 (P0P2)
acpiprt7 at acpi0: bus -1 (P0P3)
acpiprt8 at acpi0: bus -1 (P0P4)
acpicpu0 at acpi0: C3, C1, PSS
acpicpu1 at acpi0: C3, C1, PSS
acpicpu2 at acpi0: C3, C1, PSS
acpicpu3 at acpi0: C3, C1, PSS
acpicpu4 at acpi0: C3, C1, PSS
acpicpu5 at acpi0: C3, C1, PSS
acpicpu6 at acpi0: C3, C1, PSS
acpicpu7 at acpi0: C3, C1, PSS
acpibtn0 at acpi0: SLPB
acpibtn1 at acpi0: PWRB
ipmi at mainbus0 not configured
cpu0: Enhanced SpeedStep 3192 MHz: speeds: 3201, 3200, 3000, 2800, 2600, 2400, 2200, 2000, 1800, 1600 MHz
pci0 at mainbus0 bus 0
pchb0 at pci0 dev 0 function 0 Intel Xeon E3-1200 Host rev 0x09
em0 at pci0 dev 25 function 0 Intel 82579LM rev 0x05: msi, address xx:xx:xx:xx:xx:xx
ehci0 at pci0 dev 26 function 0 Intel 6 Series USB rev 0x05: apic 0 int 16
usb0 at ehci0: USB revision 2.0
uhub0 at usb0 Intel EHCI root hub rev 2.00/1.00 addr 1
ppb0 at pci0 dev 28 function 0 Intel 6 Series PCIE rev 0xb5: msi
pci1 at ppb0 bus 1
ppb1 at pci0 dev 28 function 4 Intel 6 Series PCIE rev 0xb5: msi
pci2 at ppb1 bus 2
em1 at pci2 dev 0 function 0 Intel PRO/1000 MT (82574L) rev 0x00: msi, address xx:xx:xx:xx:xx:xx
ehci1 at pci0 dev 29 function 0 Intel 6 Series USB rev 0x05: apic 0 int 23
usb1 at ehci1: USB revision 2.0
uhub1 at usb1 Intel EHCI root hub rev 2.00/1.00 addr 1
ppb2 at pci0 dev 30 function 0 Intel 82801BA Hub-to-PCI rev 0xa5
pci3 at ppb2 bus 3
vga1 at pci3 dev 3 function 0 Matrox MGA G200eW rev 0x0a
wsdisplay0 at vga1 mux 1: console (80x25, vt100 emulation)
wsdisplay0: screen 1-5 added (80x25, vt100 emulation)
pcib0 at pci0 dev 31 function 0 Intel C204 LPC rev 0x05
ahci0 at pci0 dev 31 function 2 Intel 6 Series AHCI rev 0x05: msi, AHCI 1.3
scsibus0 at ahci0: 32 targets
sd0 at scsibus0 targ 0 lun 0: &lt;ATA, ST380815AS, 4.AA&gt; SCSI3 0/direct fixed t10.ATA_ST380815AS_5QZ8F2B6
sd0: 76319MB, 512 bytes/sector, 156301488 sectors
ichiic0 at pci0 dev 31 function 3 Intel 6 Series SMBus rev 0x05: apic 0 int 18
iic0 at ichiic0
sdtemp0 at iic0 addr 0x18: stts2002
sdtemp1 at iic0 addr 0x1a: stts2002
spdmem0 at iic0 addr 0x50: 2GB DDR3 SDRAM ECC PC3-10600 with thermal sensor
spdmem1 at iic0 addr 0x52: 2GB DDR3 SDRAM ECC PC3-10600 with thermal sensor
isa0 at pcib0
isadma0 at isa0
com0 at isa0 port 0x3f8/8 irq 4: ns16550a, 16 byte fifo
com1 at isa0 port 0x2f8/8 irq 3: ns16550a, 16 byte fifo
pckbc0 at isa0 port 0x60/5
pckbd0 at pckbc0 (kbd slot)
pckbc0: using irq 1 for kbd slot
wskbd0 at pckbd0: console keyboard, using wsdisplay0
pcppi0 at isa0 port 0x61
spkr0 at pcppi0
wbsio0 at isa0 port 0x2e/2: NCT6776F rev 0x33
lm1 at wbsio0 port 0xa30/8: NCT6776F
mtrr: Pentium Pro MTRR support
uhub2 at uhub0 port 1 Intel Rate Matching Hub rev 2.00/0.00 addr 2
uhidev0 at uhub2 port 2 configuration 1 interface 0 Winbond Electronics Corp Hermon USB hidmouse Device rev 1.10/0.01 addr 3
uhidev0: iclass 3/1
ums0 at uhidev0: 3 buttons, Z dir
wsmouse0 at ums0 mux 0
uhidev1 at uhub2 port 2 configuration 1 interface 1 Winbond Electronics Corp Hermon USB hidmouse Device rev 1.10/0.01 addr 3
uhidev1: iclass 3/1
ukbd0 at uhidev1: 8 modifier keys, 6 key codes
wskbd1 at ukbd0 mux 1
wskbd1: connecting to wsdisplay0
uhub3 at uhub1 port 1 Intel Rate Matching Hub rev 2.00/0.00 addr 2
vscsi0 at root
scsibus1 at vscsi0: 256 targets
softraid0 at root
scsibus2 at softraid0: 256 targets
root on sd0a (72440b13e6d62824.a) swap on sd0b dump on sd0b
hw.sensors.cpu0.temp0=37.00 degC
hw.sensors.cpu1.temp0=37.00 degC
hw.sensors.cpu2.temp0=37.00 degC
hw.sensors.cpu3.temp0=37.00 degC
hw.sensors.cpu4.temp0=37.00 degC
hw.sensors.cpu5.temp0=37.00 degC
hw.sensors.cpu6.temp0=37.00 degC
hw.sensors.cpu7.temp0=37.00 degC
hw.sensors.sdtemp0.temp0=29.25 degC
hw.sensors.sdtemp1.temp0=28.25 degC
hw.sensors.lm1.temp0=24.00 degC
hw.sensors.lm1.temp1=39.00 degC
hw.sensors.lm1.temp2=31.00 degC
hw.sensors.lm1.fan0=164 RPM
hw.sensors.lm1.fan1=164 RPM
hw.sensors.lm1.fan2=1022 RPM
hw.sensors.lm1.fan3=164 RPM
hw.sensors.lm1.fan4=164 RPM
hw.sensors.lm1.volt0=0.99 VDC (VCore)
hw.sensors.lm1.volt1=12.09 VDC (+12V)
hw.sensors.lm1.volt2=3.39 VDC (+3.3V)
hw.sensors.lm1.volt3=3.39 VDC (+3.3V)
hw.sensors.lm1.volt4=-10.34 VDC (-12V)
hw.sensors.lm1.volt5=1.30 VDC
hw.sensors.lm1.volt6=1.48 VDC
hw.sensors.lm1.volt7=3.34 VDC (3.3VSB)
hw.sensors.lm1.volt8=1.51 VDC (VBAT)
</pre>



</div><!-- content -->
<br />
<div id="footer">
All comments/news/posts are the property of their individual owner and
is presented without warranty of suitability, and solely as an
informational resource. <br />
This site Copyright &copy; 2004-2020 NYC*BUG.
</div><!-- footer -->

</body>
</html>

