



<!doctype html>
<html lang="en">
<head>
<meta name="keywords"
	content="bsd, freebsd, openbsd, netbsd, dragonflybsd, nycbug, dmesgd" />
<meta name="description" content="New York City BSD User Group dmesgd" />
<meta charset="utf-8" />
<meta name="viewport" content="width=device-width, initial-scale=1" />
<title>NYC*BUG dmesgd</title>
<style>
body {
	text-align: left;
	margin: 15px auto;
	padding: 0px 10px;
}
@media (min-width: 800px) {
	body {
		max-width: 85%;
	}
}
#header {
	border-bottom: 1px solid #dbdbdb;
	font-size: 230%;
	text-align: left;
}
#footer {
	border-top: 1px solid #dbdbdb;
	clear: both;
	text-align: left;
}
.logo_bug {
	color: #cc0033;
}
#menu ul {
	list-style-type: none;
	margin: 0;
	padding: 0;
}
#menu li {
	float: left;
}
#menu li a {
	display: block;
	background-color: #dbdbdb;
	color: #000000;
	font-size: 105%;
	font-weight: bold;
	padding: 0px 6px 0px 6px;
	text-decoration: none;
}
#content {
	clear: both;
	text-align: left;
	padding-top: 10px;
}
#content h1 {
	font-size: 120%;
	font-weight: bold;
}
#content h2 {
	font-size: 110%;
	font-weight: bold;
}
#content a {
	text-decoration: none;
}
#content pre {
	background-color: #dbdbdb;
	padding: 5px 5px 5px 5px;
	white-space: pre-wrap;		/* css-3 */
	white-space: -moz-pre-wrap;	/* Mozilla, since 1999 */
	white-space: -pre-wrap;		/* Opera 4-6 */
	white-space: -o-pre-wrap;	/* Opera 7 */
	word-wrap: break-word;		/* Internet Explorer 5.5+ */
}
#content table {
	border-collapse: collapse;
}
#content table th {
	border: 1px solid #dbdbdb;
	font-size: 85%;
	white-space: nowrap;
}
#content table td {
	border: 1px solid #dbdbdb;
	font-size: 80%;
}
#content input {
	font-size: 1em;
}
#content .full	{ width: 100%; }
#content .left	{ text-align: left; }
#content .right	{ text-align: right; }
#content .center { text-align: center; }
#content .flexbox {
	display: -ms-flex;
	display: -webkit-flex;
	display: flex;
	width: 100%;
}
#content .left_col {
	min-width: 75px;
	max-width: 50%;
	flex-grow: 0;
}
#content .right_col {
	flex-grow: 1;
	margin-left: 10px;
	padding-top: 10px;
	padding-left: 10px;
}
#col {
	-moz-column-count: 3;
	-webkit-column-count: 3;
	column-count: 3;
}
</style>
</head>
<body>

<div id="header">
<strong><em>NYC*</em><span class="logo_bug">BUG</span> dmesgd</strong>
</div><!-- header -->

<div id="menu">
<ul>
<li><a href="https://dmesgd.nycbug.org/index.cgi?do=index">Home</a></li>
<li><a href="https://dmesgd.nycbug.org/index.cgi?do=submit">Submit</a></li>
<li><a href="https://www.nycbug.org/">NYC*BUG</a></li>
</ul>
</div><!-- menu -->

<div id="content">

<p>
Launched in 2004, dmesgd aims to provide a
<strong>user-submitted</strong> repository of searchable *BSD dmesgs.
The dmesg(8) command displays the system message buffer's content, and
during boot a copy is saved to <em>/var/run/dmesg.boot</em>.  This buffer
contains the operating system release, name and version, a list of
devices identified, plus a whole host of other useful information.  We
hope others find this resource useful and further contribute to its
growth. Contact us at [ admin at lists dot nycbug dot org ].
</p>

<hr />


<strong>Date:</strong> <em>2012-03-01 16:01:30</em><br />
<strong>From:</strong> <em>Okan Demirmen</em><br />
<strong>Description:</strong> <em>IBM Thinkpad X40 2382-HCU</em><br />

<pre>
OpenBSD 5.1 (GENERIC) #160: Sun Feb 12 09:46:33 MST 2012
    xxx@xxx.xxx:/usr/src/sys/arch/i386/compile/GENERIC
cpu0: Intel(R) Pentium(R) M processor 1.40GHz (&quot;GenuineIntel&quot; 686-class) 1.40 GHz
cpu0: FPU,V86,DE,PSE,TSC,MSR,MCE,CX8,APIC,SEP,MTRR,PGE,MCA,CMOV,CFLUSH,DS,ACPI,MMX,FXSR,SSE,SSE2,SS,TM,SBF,EST,TM2
real mem  = 1600581632 (1526MB)
avail mem = 1564299264 (1491MB)
mainbus0 at root
bios0 at mainbus0: AT/286+ BIOS, date 12/21/06, BIOS32 rev. 0 @ 0xfd740, SMBIOS rev. 2.33 @ 0xe0010 (56 entries)
bios0: vendor IBM version &quot;1UETD3WW (2.08 )&quot; date 12/21/2006
bios0: IBM 2382HCU
apm0 at bios0: Power Management spec V1.2
acpi at bios0 function 0x0 not configured
pcibios0 at bios0: rev 2.1 @ 0xfd6d0/0x930
pcibios0: PCI IRQ Routing Table rev 1.0 @ 0xfdeb0/256 (14 entries)
pcibios0: PCI Interrupt Router at 000:31:0 (&quot;Intel 82371FB ISA&quot; rev 0x00)
pcibios0: PCI bus #3 is the last bus
bios0: ROM list: 0xc0000/0xc800! 0xcc800/0x1000 0xcd800/0x1000 0xdc000/0x4000! 0xe0000/0x10000
cpu0 at mainbus0: (uniprocessor)
cpu0: Enhanced SpeedStep 1396 MHz: speeds: 1400, 1300, 1200, 1100, 1000, 900, 800, 600 MHz
pci0 at mainbus0 bus 0: configuration mode 1 (bios)
io address conflict 0x5800/0x8
io address conflict 0x5808/0x4
io address conflict 0x5810/0x8
io address conflict 0x580c/0x4
mem address conflict 0x5f700000/0x400
pchb0 at pci0 dev 0 function 0 &quot;Intel 82855GM Host&quot; rev 0x02
&quot;Intel 82855GM Memory&quot; rev 0x02 at pci0 dev 0 function 1 not configured
&quot;Intel 82855GM Config&quot; rev 0x02 at pci0 dev 0 function 3 not configured
vga1 at pci0 dev 2 function 0 &quot;Intel 82855GM Video&quot; rev 0x02
wsdisplay0 at vga1 mux 1: console (80x25, vt100 emulation)
wsdisplay0: screen 1-5 added (80x25, vt100 emulation)
intagp0 at vga1
agp0 at intagp0: aperture at 0xe0000000, size 0x8000000
inteldrm0 at vga1: irq 11
drm0 at inteldrm0
&quot;Intel 82855GM Video&quot; rev 0x02 at pci0 dev 2 function 1 not configured
uhci0 at pci0 dev 29 function 0 &quot;Intel 82801DB USB&quot; rev 0x01: irq 11
uhci1 at pci0 dev 29 function 1 &quot;Intel 82801DB USB&quot; rev 0x01: irq 11
uhci2 at pci0 dev 29 function 2 &quot;Intel 82801DB USB&quot; rev 0x01: irq 11
ehci0 at pci0 dev 29 function 7 &quot;Intel 82801DB USB&quot; rev 0x01: irq 11
usb0 at ehci0: USB revision 2.0
uhub0 at usb0 &quot;Intel EHCI root hub&quot; rev 2.00/1.00 addr 1
ppb0 at pci0 dev 30 function 0 &quot;Intel 82801BAM Hub-to-PCI&quot; rev 0x81
pci1 at ppb0 bus 2
mem address conflict 0xb0000000/0x1000
cbb0 at pci1 dev 0 function 0 &quot;Ricoh 5C476 CardBus&quot; rev 0x8d: irq 11
sdhc0 at pci1 dev 0 function 1 &quot;Ricoh 5C822 SD/MMC&quot; rev 0x13: irq 11
sdmmc0 at sdhc0
em0 at pci1 dev 1 function 0 &quot;Intel PRO/1000MT Mobile (82541GI)&quot; rev 0x00: irq 11, address xx:xx:xx:xx:xx:xx
ral0 at pci1 dev 2 function 0 &quot;Ralink RT2860&quot; rev 0x00: irq 11, address xx:xx:xx:xx:xx:xx
ral0: MAC/BBP RT2860 (rev 0x0102), RF RT2820 (MIMO 2T3R)
cardslot0 at cbb0 slot 0 flags 0
cardbus0 at cardslot0: bus 3 device 0 cacheline 0x0, lattimer 0xb0
pcmcia0 at cardslot0
ichpcib0 at pci0 dev 31 function 0 &quot;Intel 82801DBM LPC&quot; rev 0x01: 24-bit timer at 3579545Hz
pciide0 at pci0 dev 31 function 1 &quot;Intel 82801DBM IDE&quot; rev 0x01: DMA, channel 0 configured to compatibility, channel 1 configured to compatibility
wd0 at pciide0 channel 0 drive 0: &lt;KingSpec KSD-PA18.1-064MJ&gt;
wd0: 1-sector PIO, LBA48, 61600MB, 126156800 sectors
wd0(pciide0:0:0): using PIO mode 4, Ultra-DMA mode 5
pciide0: channel 1 disabled (no drives)
ichiic0 at pci0 dev 31 function 3 &quot;Intel 82801DB SMBus&quot; rev 0x01: irq 11
iic0 at ichiic0
spdmem0 at iic0 addr 0x51: 1GB DDR SDRAM non-parity PC2700CL2.5
auich0 at pci0 dev 31 function 5 &quot;Intel 82801DB AC97&quot; rev 0x01: irq 11, ICH4 AC97
ac97: codec id 0x41445374 (Analog Devices AD1981B)
ac97: codec features headphone, 20 bit DAC, No 3D Stereo
audio0 at auich0
&quot;Intel 82801DB Modem&quot; rev 0x01 at pci0 dev 31 function 6 not configured
usb1 at uhci0: USB revision 1.0
uhub1 at usb1 &quot;Intel UHCI root hub&quot; rev 1.00/1.00 addr 1
usb2 at uhci1: USB revision 1.0
uhub2 at usb2 &quot;Intel UHCI root hub&quot; rev 1.00/1.00 addr 1
usb3 at uhci2: USB revision 1.0
uhub3 at usb3 &quot;Intel UHCI root hub&quot; rev 1.00/1.00 addr 1
isa0 at ichpcib0
isadma0 at isa0
pckbc0 at isa0 port 0x60/5
pckbd0 at pckbc0 (kbd slot)
pckbc0: using irq 1 for kbd slot
wskbd0 at pckbd0: console keyboard, using wsdisplay0
pms0 at pckbc0 (aux slot)
pckbc0: using irq 12 for aux slot
wsmouse0 at pms0 mux 0
pcppi0 at isa0 port 0x61
spkr0 at pcppi0
aps0 at isa0 port 0x1600/31
npx0 at isa0 port 0xf0/16: reported by CPUID; using exception 16
mtrr: Pentium Pro MTRR support
vscsi0 at root
scsibus0 at vscsi0: 256 targets
softraid0 at root
scsibus1 at softraid0: 256 targets
root on wd0a (4a8626191613b971.a) swap on wd0b dump on wd0b
sd0 at scsibus1 targ 1 lun 0: &lt;OPENBSD, SR CRYPTO, 005&gt; SCSI2 0/direct fixed
sd0: 44171MB, 512 bytes/sector, 90462416 sectors

</pre>



</div><!-- content -->
<br />
<div id="footer">
All comments/news/posts are the property of their individual owner and
is presented without warranty of suitability, and solely as an
informational resource. <br />
This site Copyright &copy; 2004-2020 NYC*BUG.
</div><!-- footer -->

</body>
</html>

