



<!doctype html>
<html lang="en">
<head>
<meta name="keywords"
	content="bsd, freebsd, openbsd, netbsd, dragonflybsd, nycbug, dmesgd" />
<meta name="description" content="New York City BSD User Group dmesgd" />
<meta charset="utf-8" />
<meta name="viewport" content="width=device-width, initial-scale=1" />
<title>NYC*BUG dmesgd</title>
<style>
body {
	text-align: left;
	margin: 15px auto;
	padding: 0px 10px;
}
@media (min-width: 800px) {
	body {
		max-width: 85%;
	}
}
#header {
	border-bottom: 1px solid #dbdbdb;
	font-size: 230%;
	text-align: left;
}
#footer {
	border-top: 1px solid #dbdbdb;
	clear: both;
	text-align: left;
}
.logo_bug {
	color: #cc0033;
}
#menu ul {
	list-style-type: none;
	margin: 0;
	padding: 0;
}
#menu li {
	float: left;
}
#menu li a {
	display: block;
	background-color: #dbdbdb;
	color: #000000;
	font-size: 105%;
	font-weight: bold;
	padding: 0px 6px 0px 6px;
	text-decoration: none;
}
#content {
	clear: both;
	text-align: left;
	padding-top: 10px;
}
#content h1 {
	font-size: 120%;
	font-weight: bold;
}
#content h2 {
	font-size: 110%;
	font-weight: bold;
}
#content a {
	text-decoration: none;
}
#content pre {
	background-color: #dbdbdb;
	padding: 5px 5px 5px 5px;
	white-space: pre-wrap;		/* css-3 */
	white-space: -moz-pre-wrap;	/* Mozilla, since 1999 */
	white-space: -pre-wrap;		/* Opera 4-6 */
	white-space: -o-pre-wrap;	/* Opera 7 */
	word-wrap: break-word;		/* Internet Explorer 5.5+ */
}
#content table {
	border-collapse: collapse;
}
#content table th {
	border: 1px solid #dbdbdb;
	font-size: 85%;
	white-space: nowrap;
}
#content table td {
	border: 1px solid #dbdbdb;
	font-size: 80%;
}
#content input {
	font-size: 1em;
}
#content .full	{ width: 100%; }
#content .left	{ text-align: left; }
#content .right	{ text-align: right; }
#content .center { text-align: center; }
#content .flexbox {
	display: -ms-flex;
	display: -webkit-flex;
	display: flex;
	width: 100%;
}
#content .left_col {
	min-width: 75px;
	max-width: 50%;
	flex-grow: 0;
}
#content .right_col {
	flex-grow: 1;
	margin-left: 10px;
	padding-top: 10px;
	padding-left: 10px;
}
#col {
	-moz-column-count: 3;
	-webkit-column-count: 3;
	column-count: 3;
}
</style>
</head>
<body>

<div id="header">
<strong><em>NYC*</em><span class="logo_bug">BUG</span> dmesgd</strong>
</div><!-- header -->

<div id="menu">
<ul>
<li><a href="https://dmesgd.nycbug.org/index.cgi?do=index">Home</a></li>
<li><a href="https://dmesgd.nycbug.org/index.cgi?do=submit">Submit</a></li>
<li><a href="https://www.nycbug.org/">NYC*BUG</a></li>
</ul>
</div><!-- menu -->

<div id="content">

<p>
Launched in 2004, dmesgd aims to provide a
<strong>user-submitted</strong> repository of searchable *BSD dmesgs.
The dmesg(8) command displays the system message buffer's content, and
during boot a copy is saved to <em>/var/run/dmesg.boot</em>.  This buffer
contains the operating system release, name and version, a list of
devices identified, plus a whole host of other useful information.  We
hope others find this resource useful and further contribute to its
growth. Contact us at [ admin at lists dot nycbug dot org ].
</p>

<hr />


<strong>Date:</strong> <em>2012-03-08 16:54:27</em><br />
<strong>From:</strong> <em>rick aliwalas</em><br />
<strong>Description:</strong> <em>Dell Precision WorkStation 490</em><br />

<pre>
OpenBSD 5.0 (GENERIC.MP) #63: Wed Aug 17 10:14:30 MDT 2011
    xxx@xxx.xxx:/usr/src/sys/arch/amd64/compile/GENERIC.MP
real mem = 4291862528 (4093MB)
avail mem = 4163493888 (3970MB)
mainbus0 at root
bios0 at mainbus0: SMBIOS rev. 2.3 @ 0xf0450 (102 entries)
bios0: vendor Dell Inc. version A05 date 05/24/2007
bios0: Dell Inc. Precision WorkStation 490
acpi0 at bios0: rev 2
acpi0: sleep states S0 S1 S3 S4 S5
acpi0: tables DSDT FACP SSDT APIC BOOT ASF! MCFG HPET TCPA SLIC
acpi0: wakeup devices VBTN(S4) PCI0(S5) PCI2(S5) PCI3(S5) PCIF(S5) PCI5(S5) PCI6(S5) PCI7(S5) PCI8(S5) PCI9(S5) MOU_(S3) USB0(S3) USB1(S3) USB2(S3) USB3(S3)
acpitimer0 at acpi0: 3579545 Hz, 24 bits
acpimadt0 at acpi0 addr 0xfee00000: PC-AT compat
cpu0 at mainbus0: apid 0 (boot processor)
cpu0: Intel(R) Xeon(R) CPU 5140 @ 2.33GHz, 2327.77 MHz
cpu0: FPU,VME,DE,PSE,TSC,MSR,PAE,MCE,CX8,APIC,SEP,MTRR,PGE,MCA,CMOV,PAT,PSE36,CFLUSH,DS,ACPI,MMX,FXSR,SSE,SSE2,SS,HTT,TM,SBF,SSE3,MWAIT,DS-CPL,VMX,EST,TM2,SSSE3,CX16,xTPR,PDCM,DCA,NXE,LONG
cpu0: 4MB 64b/line 16-way L2 cache
cpu0: apic clock running at 332MHz
cpu1 at mainbus0: apid 6 (application processor)
cpu1: Intel(R) Xeon(R) CPU 5140 @ 2.33GHz, 2327.50 MHz
cpu1: FPU,VME,DE,PSE,TSC,MSR,PAE,MCE,CX8,APIC,SEP,MTRR,PGE,MCA,CMOV,PAT,PSE36,CFLUSH,DS,ACPI,MMX,FXSR,SSE,SSE2,SS,HTT,TM,SBF,SSE3,MWAIT,DS-CPL,VMX,EST,TM2,SSSE3,CX16,xTPR,PDCM,DCA,NXE,LONG
cpu1: 4MB 64b/line 16-way L2 cache
cpu2 at mainbus0: apid 1 (application processor)
cpu2: Intel(R) Xeon(R) CPU 5140 @ 2.33GHz, 2327.50 MHz
cpu2: FPU,VME,DE,PSE,TSC,MSR,PAE,MCE,CX8,APIC,SEP,MTRR,PGE,MCA,CMOV,PAT,PSE36,CFLUSH,DS,ACPI,MMX,FXSR,SSE,SSE2,SS,HTT,TM,SBF,SSE3,MWAIT,DS-CPL,VMX,EST,TM2,SSSE3,CX16,xTPR,PDCM,DCA,NXE,LONG
cpu2: 4MB 64b/line 16-way L2 cache
cpu3 at mainbus0: apid 7 (application processor)
cpu3: Intel(R) Xeon(R) CPU 5140 @ 2.33GHz, 2327.50 MHz
cpu3: FPU,VME,DE,PSE,TSC,MSR,PAE,MCE,CX8,APIC,SEP,MTRR,PGE,MCA,CMOV,PAT,PSE36,CFLUSH,DS,ACPI,MMX,FXSR,SSE,SSE2,SS,HTT,TM,SBF,SSE3,MWAIT,DS-CPL,VMX,EST,TM2,SSSE3,CX16,xTPR,PDCM,DCA,NXE,LONG
cpu3: 4MB 64b/line 16-way L2 cache
ioapic0 at mainbus0: apid 8 pa 0xfec00000, version 20, 24 pins
ioapic0: misconfigured as apic 0, remapped to apid 8
ioapic1 at mainbus0: apid 9 pa 0xfec80000, version 20, 24 pins
ioapic1: misconfigured as apic 0, remapped to apid 9
acpimcfg0 at acpi0 addr 0xe0000000, bus 0-255
acpihpet0 at acpi0: 14318179 Hz
acpiprt0 at acpi0: bus 1 (PCI2)
acpiprt1 at acpi0: bus 2 (PCI3)
acpiprt2 at acpi0: bus 3 (PCIF)
acpiprt3 at acpi0: bus 6 (PCI5)
acpiprt4 at acpi0: bus 7 (PCI6)
acpiprt5 at acpi0: bus 8 (PCI7)
acpiprt6 at acpi0: bus 12 (PCI8)
acpiprt7 at acpi0: bus 13 (PCI9)
acpiprt8 at acpi0: bus 0 (PCI0)
acpicpu0 at acpi0
acpicpu1 at acpi0
acpicpu2 at acpi0
acpicpu3 at acpi0
acpibtn0 at acpi0: VBTN
memory map conflict 0xbfe0ec00/0x1f1400
memory map conflict 0xfec90000/0x170000
pci0 at mainbus0 bus 0
pchb0 at pci0 dev 0 function 0 Intel 5000X Host rev 0x12
ppb0 at pci0 dev 2 function 0 Intel 5000 PCIE rev 0x12
pci1 at ppb0 bus 1
ppb1 at pci1 dev 0 function 0 Intel 6321ESB PCIE rev 0x01
pci2 at ppb1 bus 2
ppb2 at pci2 dev 0 function 0 Intel 6321ESB PCIE rev 0x01: msi
pci3 at ppb2 bus 3
ppb3 at pci3 dev 0 function 0 Intel 6702PXH PCIE-PCIX rev 0x09
pci4 at ppb3 bus 4
mpi0 at pci4 dev 8 function 0 Symbios Logic SAS1068 rev 0x01: msi
scsibus0 at mpi0: 112 targets
sd0 at scsibus0 targ 0 lun 0: &lt;FUJITSU, MAX3073RC, D206&gt; SCSI3 0/direct fixed naa.500000e01579ed20
sd0: 70007MB, 512 bytes/sector, 143374650 sectors
sd1 at scsibus0 targ 1 lun 0: &lt;FUJITSU, MAX3073RC, D207&gt; SCSI3 0/direct fixed naa.500000e0157c5160
sd1: 70007MB, 512 bytes/sector, 143374650 sectors
ppb4 at pci2 dev 1 function 0 Intel 6321ESB PCIE rev 0x01
pci5 at ppb4 bus 5
ppb5 at pci1 dev 0 function 3 Intel 6321ESB PCIE-PCIX rev 0x01
pci6 at ppb5 bus 6
AT&amp;amp;T/Lucent FW322 1394 rev 0x61 at pci6 dev 5 function 0 not configured
ppb6 at pci0 dev 3 function 0 Intel 5000 PCIE rev 0x12: msi
pci7 at ppb6 bus 7
ppb7 at pci0 dev 4 function 0 Intel 5000 PCIE x16 rev 0x12: msi
pci8 at ppb7 bus 8
vga1 at pci8 dev 0 function 0 vendor NVIDIA, unknown product 0x014d rev 0xa2
wsdisplay0 at vga1 mux 1: console (80x25, vt100 emulation)
wsdisplay0: screen 1-5 added (80x25, vt100 emulation)
ppb8 at pci0 dev 5 function 0 Intel 5000 PCIE rev 0x12
pci9 at ppb8 bus 9
ppb9 at pci0 dev 6 function 0 Intel 5000 PCIE rev 0x12
pci10 at ppb9 bus 10
ppb10 at pci0 dev 7 function 0 Intel 5000 PCIE rev 0x12
pci11 at ppb10 bus 11
pchb1 at pci0 dev 16 function 0 Intel 5000 Error Reporting rev 0x12
pchb2 at pci0 dev 16 function 1 Intel 5000 Error Reporting rev 0x12
pchb3 at pci0 dev 16 function 2 Intel 5000 Error Reporting rev 0x12
pchb4 at pci0 dev 17 function 0 Intel 5000 Reserved rev 0x12
pchb5 at pci0 dev 19 function 0 Intel 5000 Reserved rev 0x12
pchb6 at pci0 dev 21 function 0 Intel 5000 FBD rev 0x12
pchb7 at pci0 dev 22 function 0 Intel 5000 FBD rev 0x12
azalia0 at pci0 dev 27 function 0 Intel 6321ESB HD Audio rev 0x09: msi
azalia0: codecs: Sigmatel STAC9200
audio0 at azalia0
ppb11 at pci0 dev 28 function 0 Intel 6321ESB PCIE rev 0x09
pci12 at ppb11 bus 12
bge0 at pci12 dev 0 function 0 Broadcom BCM5752 rev 0x02, BCM5752 A2 (0x6002): apic 8 int 16, address xx:xx:xx:xx:xx:xx
brgphy0 at bge0 phy 1: BCM5752 10/100/1000baseT PHY, rev. 0
uhci0 at pci0 dev 29 function 0 Intel 6321ESB USB rev 0x09: apic 8 int 21
uhci1 at pci0 dev 29 function 1 Intel 6321ESB USB rev 0x09: apic 8 int 22
uhci2 at pci0 dev 29 function 2 Intel 6321ESB USB rev 0x09: apic 8 int 18
uhci3 at pci0 dev 29 function 3 Intel 6321ESB USB rev 0x09: apic 8 int 23
ehci0 at pci0 dev 29 function 7 Intel 6321ESB USB rev 0x09: apic 8 int 21
usb0 at ehci0: USB revision 2.0
uhub0 at usb0 Intel EHCI root hub rev 2.00/1.00 addr 1
ppb12 at pci0 dev 30 function 0 Intel 82801BA Hub-to-PCI rev 0xd9
pci13 at ppb12 bus 13
pcib0 at pci0 dev 31 function 0 Intel 6321ESB LPC rev 0x09
pciide0 at pci0 dev 31 function 1 Intel 6321ESB IDE rev 0x09: DMA, channel 0 configured to compatibility, channel 1 configured to compatibility
atapiscsi0 at pciide0 channel 0 drive 0
scsibus1 at atapiscsi0: 2 targets
cd0 at scsibus1 targ 0 lun 0: &lt;SONY, CD-RW CRX217E, 1DS2&gt; ATAPI 5/cdrom removable
atapiscsi1 at pciide0 channel 0 drive 1
scsibus2 at atapiscsi1: 2 targets
cd1 at scsibus2 targ 0 lun 0: &lt;PHILIPS, DVD+-RW DVD8801, AD21&gt; ATAPI 5/cdrom removable
cd0(pciide0:0:0): using PIO mode 4, Ultra-DMA mode 2
cd1(pciide0:0:1): using PIO mode 4, Ultra-DMA mode 2
pciide0: channel 1 ignored (disabled)
ahci0 at pci0 dev 31 function 2 Intel 6321ESB AHCI rev 0x09: apic 8 int 20, AHCI 1.1
ahci0: PHY offline on port 0
ahci0: PHY offline on port 1
ahci0: PHY offline on port 2
ahci0: PHY offline on port 3
ahci0: PHY offline on port 4
scsibus3 at ahci0: 32 targets
ichiic0 at pci0 dev 31 function 3 Intel 6321ESB SMBus rev 0x09: apic 8 int 17
iic0 at ichiic0
usb1 at uhci0: USB revision 1.0
uhub1 at usb1 Intel UHCI root hub rev 1.00/1.00 addr 1
usb2 at uhci1: USB revision 1.0
uhub2 at usb2 Intel UHCI root hub rev 1.00/1.00 addr 1
usb3 at uhci2: USB revision 1.0
uhub3 at usb3 Intel UHCI root hub rev 1.00/1.00 addr 1
usb4 at uhci3: USB revision 1.0
uhub4 at usb4 Intel UHCI root hub rev 1.00/1.00 addr 1
isa0 at pcib0
isadma0 at isa0
com0 at isa0 port 0x3f8/8 irq 4: ns16550a, 16 byte fifo
com1 at isa0 port 0x2f8/8 irq 3: ns16550a, 16 byte fifo
pckbc0 at isa0 port 0x60/5
pckbd0 at pckbc0 (kbd slot)
pckbc0: using irq 1 for kbd slot
wskbd0 at pckbd0: console keyboard, using wsdisplay0
pcppi0 at isa0 port 0x61
spkr0 at pcppi0
lpt0 at isa0 port 0x378/4 irq 7
fdc0 at isa0 port 0x3f0/6 irq 6 drq 2
fd0 at fdc0 drive 0: 1.44MB 80 cyl, 2 head, 18 sec
mtrr: Pentium Pro MTRR support
uhub5 at uhub0 port 4 Standard Microsystems Hub rev 2.00/0.01 addr 2
uhidev0 at uhub3 port 1 configuration 1 interface 0 Dell Dell USB Keyboard rev 1.10/3.50 addr 2
uhidev0: iclass 3/1
ukbd0 at uhidev0: 8 modifier keys, 6 key codes
wskbd1 at ukbd0 mux 1
wskbd1: connecting to wsdisplay0
uhidev1 at uhub3 port 2 configuration 1 interface 0 Primax Electronics USB Optical Mouse rev 2.00/2.00 addr 3
uhidev1: iclass 3/1
ums0 at uhidev1: 3 buttons, Z dir
wsmouse0 at ums0 mux 0
vscsi0 at root
scsibus4 at vscsi0: 256 targets
softraid0 at root
scsibus5 at softraid0: 256 targets
root on sd0a (a9df32c50c5590a6.a) swap on sd0b dump on sd0b
umass0 at uhub0 port 1 configuration 1 interface 0 LaCie LaCie Hard Drive USB rev 2.00/0.00 addr 3
umass0: using SCSI over Bulk-Only
scsibus6 at umass0: 2 targets, initiator 0
sd2 at scsibus6 targ 1 lun 0: &lt;SAMSUNG, SP2514N, VF10&gt; SCSI2 0/direct fixed serial.059f06510E000D4266C5
sd2: 238475MB, 512 bytes/sector, 488397168 sectors
uhub5 detached
uhub5 at uhub0 port 4 Standard Microsystems Hub rev 2.00/0.01 addr 2
umass1 at uhub5 port 3 configuration 1 interface 0 Motorola Motorola A855 rev 2.00/2.16 addr 4
</pre>



</div><!-- content -->
<br />
<div id="footer">
All comments/news/posts are the property of their individual owner and
is presented without warranty of suitability, and solely as an
informational resource. <br />
This site Copyright &copy; 2004-2020 NYC*BUG.
</div><!-- footer -->

</body>
</html>

