



<!doctype html>
<html lang="en">
<head>
<meta name="keywords"
	content="bsd, freebsd, openbsd, netbsd, dragonflybsd, nycbug, dmesgd" />
<meta name="description" content="New York City BSD User Group dmesgd" />
<meta charset="utf-8" />
<meta name="viewport" content="width=device-width, initial-scale=1" />
<title>NYC*BUG dmesgd</title>
<style>
body {
	text-align: left;
	margin: 15px auto;
	padding: 0px 10px;
}
@media (min-width: 800px) {
	body {
		max-width: 85%;
	}
}
#header {
	border-bottom: 1px solid #dbdbdb;
	font-size: 230%;
	text-align: left;
}
#footer {
	border-top: 1px solid #dbdbdb;
	clear: both;
	text-align: left;
}
.logo_bug {
	color: #cc0033;
}
#menu ul {
	list-style-type: none;
	margin: 0;
	padding: 0;
}
#menu li {
	float: left;
}
#menu li a {
	display: block;
	background-color: #dbdbdb;
	color: #000000;
	font-size: 105%;
	font-weight: bold;
	padding: 0px 6px 0px 6px;
	text-decoration: none;
}
#content {
	clear: both;
	text-align: left;
	padding-top: 10px;
}
#content h1 {
	font-size: 120%;
	font-weight: bold;
}
#content h2 {
	font-size: 110%;
	font-weight: bold;
}
#content a {
	text-decoration: none;
}
#content pre {
	background-color: #dbdbdb;
	padding: 5px 5px 5px 5px;
	white-space: pre-wrap;		/* css-3 */
	white-space: -moz-pre-wrap;	/* Mozilla, since 1999 */
	white-space: -pre-wrap;		/* Opera 4-6 */
	white-space: -o-pre-wrap;	/* Opera 7 */
	word-wrap: break-word;		/* Internet Explorer 5.5+ */
}
#content table {
	border-collapse: collapse;
}
#content table th {
	border: 1px solid #dbdbdb;
	font-size: 85%;
	white-space: nowrap;
}
#content table td {
	border: 1px solid #dbdbdb;
	font-size: 80%;
}
#content input {
	font-size: 1em;
}
#content .full	{ width: 100%; }
#content .left	{ text-align: left; }
#content .right	{ text-align: right; }
#content .center { text-align: center; }
#content .flexbox {
	display: -ms-flex;
	display: -webkit-flex;
	display: flex;
	width: 100%;
}
#content .left_col {
	min-width: 75px;
	max-width: 50%;
	flex-grow: 0;
}
#content .right_col {
	flex-grow: 1;
	margin-left: 10px;
	padding-top: 10px;
	padding-left: 10px;
}
#col {
	-moz-column-count: 3;
	-webkit-column-count: 3;
	column-count: 3;
}
</style>
</head>
<body>

<div id="header">
<strong><em>NYC*</em><span class="logo_bug">BUG</span> dmesgd</strong>
</div><!-- header -->

<div id="menu">
<ul>
<li><a href="https://dmesgd.nycbug.org/index.cgi?do=index">Home</a></li>
<li><a href="https://dmesgd.nycbug.org/index.cgi?do=submit">Submit</a></li>
<li><a href="https://www.nycbug.org/">NYC*BUG</a></li>
</ul>
</div><!-- menu -->

<div id="content">

<p>
Launched in 2004, dmesgd aims to provide a
<strong>user-submitted</strong> repository of searchable *BSD dmesgs.
The dmesg(8) command displays the system message buffer's content, and
during boot a copy is saved to <em>/var/run/dmesg.boot</em>.  This buffer
contains the operating system release, name and version, a list of
devices identified, plus a whole host of other useful information.  We
hope others find this resource useful and further contribute to its
growth. Contact us at [ admin at lists dot nycbug dot org ].
</p>

<hr />


<strong>Date:</strong> <em>2012-03-13 16:16:46</em><br />
<strong>From:</strong> <em>WKarh</em><br />
<strong>Description:</strong> <em>Dell Latitude D630</em><br />

<pre>
OpenBSD 5.1-current (GENERIC.MP) #2: Wed Mar  7 15:44:56 PST 2012
    xxx@xxx.xxx:/usr/src/sys/arch/amd64/compile/GENERIC.MP
real mem = 2136317952 (2037MB)
avail mem = 2065338368 (1969MB)
mainbus0 at root
bios0 at mainbus0: SMBIOS rev. 2.4 @ 0xf68e0 (62 entries)
bios0: vendor Dell Inc. version &quot;A17&quot; date 01/04/2010
bios0: Dell Inc. Latitude D630
acpi0 at bios0: rev 2
acpi0: sleep states S0 S3 S4 S5
acpi0: tables DSDT FACP HPET APIC ASF! MCFG TCPA SLIC SSDT
acpi0: wakeup devices PCI0(S5) PCIE(S4) USB1(S0) USB2(S0) USB3(S0) USB4(S0) USB5(S0) EHC2(S0) EH
CI(S0) AZAL(S3) RP01(S3) RP02(S4) RP03(S3) RP04(S3) RP05(S3) RP06(S5) LID_(S3) PBTN(S4)
acpitimer0 at acpi0: 3579545 Hz, 24 bits
acpihpet0 at acpi0: 14318179 Hz
acpimadt0 at acpi0 addr 0xfee00000: PC-AT compat
cpu0 at mainbus0: apid 0 (boot processor)
cpu0: Intel(R) Core(TM)2 Duo CPU T7100 @ 1.80GHz, 1795.84 MHz
cpu0: FPU,VME,DE,PSE,TSC,MSR,PAE,MCE,CX8,APIC,SEP,MTRR,PGE,MCA,CMOV,PAT,PSE36,CFLUSH,DS,ACPI,MMX
,FXSR,SSE,SSE2,SS,HTT,TM,SBF,SSE3,MWAIT,DS-CPL,VMX,EST,TM2,SSSE3,CX16,xTPR,PDCM,NXE,LONG,LAHF
cpu0: 2MB 64b/line 8-way L2 cache
cpu0: apic clock running at 199MHz
cpu1 at mainbus0: apid 1 (application processor)
cpu1: Intel(R) Core(TM)2 Duo CPU T7100 @ 1.80GHz, 1795.50 MHz
cpu1: FPU,VME,DE,PSE,TSC,MSR,PAE,MCE,CX8,APIC,SEP,MTRR,PGE,MCA,CMOV,PAT,PSE36,CFLUSH,DS,ACPI,MMX
,FXSR,SSE,SSE2,SS,HTT,TM,SBF,SSE3,MWAIT,DS-CPL,VMX,EST,TM2,SSSE3,CX16,xTPR,PDCM,NXE,LONG,LAHF
cpu1: 2MB 64b/line 8-way L2 cache
ioapic0 at mainbus0: apid 2 pa 0xfec00000, version 20, 24 pins
ioapic0: misconfigured as apic 0, remapped to apid 2
acpimcfg0 at acpi0 addr 0xf8000000, bus 0-63
acpiprt0 at acpi0: bus 3 (PCIE)
acpiprt1 at acpi0: bus -1 (AGP_)
acpiprt2 at acpi0: bus 11 (RP01)
acpiprt3 at acpi0: bus 12 (RP02)
acpiprt4 at acpi0: bus -1 (RP03)
acpiprt5 at acpi0: bus -1 (RP04)
acpiprt6 at acpi0: bus -1 (RP05)
acpiprt7 at acpi0: bus 9 (RP06)
acpiprt8 at acpi0: bus 0 (PCI0)
acpicpu0 at acpi0: C3, C2, C1, PSS
acpicpu1 at acpi0: C3, C2, C1, PSS
acpitz0 at acpi0: critical temperature is 99 degC
acpibtn0 at acpi0: LID_
acpibtn1 at acpi0: PBTN
acpibtn2 at acpi0: SBTN
acpiac0 at acpi0: AC unit online
acpibat0 at acpi0: BAT0 model &quot;DELL DU1547&quot; serial 1647 type LION oem &quot;Panasonic&quot;
acpibat1 at acpi0: BAT1 not present
acpidock0 at acpi0: GDCK not docked (0)
acpivideo0 at acpi0: VID_
acpivideo1 at acpi0: VID_
acpivideo2 at acpi0: VID2
cpu0: Enhanced SpeedStep 1795 MHz: speeds: 1801, 1800, 1200, 800 MHz
pci0 at mainbus0 bus 0
pchb0 at pci0 dev 0 function 0 &quot;Intel GM965 Host&quot; rev 0x0c
vga1 at pci0 dev 2 function 0 &quot;Intel GM965 Video&quot; rev 0x0c
wsdisplay0 at vga1 mux 1: console (80x25, vt100 emulation)
wsdisplay0: screen 1-5 added (80x25, vt100 emulation)
intagp0 at vga1
agp0 at intagp0: aperture at 0xe0000000, size 0x10000000
inteldrm0 at vga1: apic 2 int 16
drm0 at inteldrm0
&quot;Intel GM965 Video&quot; rev 0x0c at pci0 dev 2 function 1 not configured
uhci0 at pci0 dev 26 function 0 &quot;Intel 82801H USB&quot; rev 0x02: apic 2 int 20
uhci1 at pci0 dev 26 function 1 &quot;Intel 82801H USB&quot; rev 0x02: apic 2 int 21
ehci0 at pci0 dev 26 function 7 &quot;Intel 82801H USB&quot; rev 0x02: apic 2 int 22
usb0 at ehci0: USB revision 2.0
uhub0 at usb0 &quot;Intel EHCI root hub&quot; rev 2.00/1.00 addr 1
azalia0 at pci0 dev 27 function 0 &quot;Intel 82801H HD Audio&quot; rev 0x02: msi
azalia0: codecs: Sigmatel STAC9205X, Conexant/0x2c06, using Sigmatel STAC9205X
audio0 at azalia0
ppb0 at pci0 dev 28 function 0 &quot;Intel 82801H PCIE&quot; rev 0x02: msi
pci1 at ppb0 bus 11
ppb1 at pci0 dev 28 function 1 &quot;Intel 82801H PCIE&quot; rev 0x02: msi
pci2 at ppb1 bus 12
wpi0 at pci2 dev 0 function 0 &quot;Intel PRO/Wireless 3945ABG&quot; rev 0x02: msi, MoW1, address xx:xx:xx:xx:xx:xx
ppb2 at pci0 dev 28 function 5 &quot;Intel 82801H PCIE&quot; rev 0x02: msi
pci3 at ppb2 bus 9
bge0 at pci3 dev 0 function 0 &quot;Broadcom BCM5755M&quot; rev 0x02, BCM5755 A2 (0xa002): apic 2 int 17, address xx:xx:xx:xx:xx:xx
brgphy0 at bge0 phy 1: BCM5755 10/100/1000baseT PHY, rev. 0
uhci2 at pci0 dev 29 function 0 &quot;Intel 82801H USB&quot; rev 0x02: apic 2 int 20
uhci3 at pci0 dev 29 function 1 &quot;Intel 82801H USB&quot; rev 0x02: apic 2 int 21
uhci4 at pci0 dev 29 function 2 &quot;Intel 82801H USB&quot; rev 0x02: apic 2 int 22
ehci1 at pci0 dev 29 function 7 &quot;Intel 82801H USB&quot; rev 0x02: apic 2 int 20
usb1 at ehci1: USB revision 2.0
uhub1 at usb1 &quot;Intel EHCI root hub&quot; rev 2.00/1.00 addr 1
ppb3 at pci0 dev 30 function 0 &quot;Intel 82801BAM Hub-to-PCI&quot; rev 0xf2
pci4 at ppb3 bus 3
cbb0 at pci4 dev 1 function 0 &quot;O2 Micro OZ711EZ1 CardBus&quot; rev 0x21: apic 2 int 19 &quot;O2 Micro Firewire&quot; rev 0x02 at pci4 dev 1 function 4 not configured
cardslot0 at cbb0 slot 0 flags 0
cardbus0 at cardslot0: bus 4 device 0 cacheline 0x0, lattimer 0x20
pcmcia0 at cardslot0
pcib0 at pci0 dev 31 function 0 &quot;Intel 82801HBM LPC&quot; rev 0x02
pciide0 at pci0 dev 31 function 1 &quot;Intel 82801HBM IDE&quot; rev 0x02: DMA, channel 0 configured to compatibility, channel 1 configured to compatibility
atapiscsi0 at pciide0 channel 0 drive 0
scsibus0 at atapiscsi0: 2 targets
cd0 at scsibus0 targ 0 lun 0: &lt;HL-DT-ST, CDRW/DVD GCCT10N, A104&gt; ATAPI 5/cdrom removable
cd0(pciide0:0:0): using PIO mode 4, Ultra-DMA mode 2
pciide0: channel 1 ignored (disabled)
ahci0 at pci0 dev 31 function 2 &quot;Intel 82801HBM AHCI&quot; rev 0x02: msi, AHCI 1.1
ahci0: PHY offline on port 2
scsibus1 at ahci0: 32 targets
sd0 at scsibus1 targ 0 lun 0: &lt;ATA, TOSHIBA MK8046GS, LB31&gt; SCSI3 0/direct fixed naa.50000390c1509b6f
sd0: 76319MB, 512 bytes/sector, 156301488 sectors
ichiic0 at pci0 dev 31 function 3 &quot;Intel 82801H SMBus&quot; rev 0x02: SMI
iic0 at ichiic0
spdmem0 at iic0 addr 0x50: 1GB DDR2 SDRAM non-parity PC2-5300CL5 SO-DIMM
spdmem1 at iic0 addr 0x52: 1GB DDR2 SDRAM non-parity PC2-5300CL5 SO-DIMM
usb2 at uhci0: USB revision 1.0
uhub2 at usb2 &quot;Intel UHCI root hub&quot; rev 1.00/1.00 addr 1
usb3 at uhci1: USB revision 1.0
uhub3 at usb3 &quot;Intel UHCI root hub&quot; rev 1.00/1.00 addr 1
usb4 at uhci2: USB revision 1.0
uhub4 at usb4 &quot;Intel UHCI root hub&quot; rev 1.00/1.00 addr 1
usb5 at uhci3: USB revision 1.0
uhub5 at usb5 &quot;Intel UHCI root hub&quot; rev 1.00/1.00 addr 1
usb6 at uhci4: USB revision 1.0
uhub6 at usb6 &quot;Intel UHCI root hub&quot; rev 1.00/1.00 addr 1
isa0 at pcib0
isadma0 at isa0
com0 at isa0 port 0x3f8/8 irq 4: ns16550a, 16 byte fifo
pckbc0 at isa0 port 0x60/5
pckbd0 at pckbc0 (kbd slot)
pckbc0: using irq 1 for kbd slot
wskbd0 at pckbd0: console keyboard, using wsdisplay0
pms0 at pckbc0 (aux slot)
pckbc0: using irq 12 for aux slot
wsmouse0 at pms0 mux 0
pcppi0 at isa0 port 0x61
spkr0 at pcppi0
mtrr: Pentium Pro MTRR support
umass0 at uhub1 port 4 configuration 1 interface 0 &quot;Western Digital My Passport 070A&quot; rev 2.00/10.32 addr 2
umass0: using SCSI over Bulk-Only
scsibus2 at umass0: 2 targets, initiator 0
sd1 at scsibus2 targ 1 lun 0: &lt;WD, My Passport 070A, 1032&gt; SCSI2 0/direct fixed
sd1: 476270MB, 512 bytes/sector, 975400960 sectors
cd1 at scsibus2 targ 1 lun 1: &lt;WD, Virtual CD 070A, 1032&gt; SCSI2 5/cdrom removable
ses0 at scsibus2 targ 1 lun 2: &lt;WD, SES Device, 1032&gt; SCSI2 13/enclosure services fixed
ses0: unable to read enclosure configuration
uhidev0 at uhub4 port 2 configuration 1 interface 0 &quot;Microsoft Microsoft 5-Button Mouse with IntelliEye(TM)&quot; rev 1.10/3.00 addr 2
uhidev0: iclass 3/1
ums0 at uhidev0: 5 buttons, Z dir
wsmouse1 at ums0 mux 0
uhub7 at uhub6 port 1 &quot;vendor 0x0b97 product 0x7761&quot; rev 1.10/1.10 addr 2
ugen0 at uhub7 port 2 &quot;O2 O2Micro CCID SC Reader&quot; rev 1.10/1.10 addr 3
vscsi0 at root
scsibus3 at vscsi0: 256 targets
softraid0 at root
scsibus4 at softraid0: 256 targets
root on sd0a (03ece3783160c718.a) swap on sd0b dump on sd0b

</pre>



</div><!-- content -->
<br />
<div id="footer">
All comments/news/posts are the property of their individual owner and
is presented without warranty of suitability, and solely as an
informational resource. <br />
This site Copyright &copy; 2004-2020 NYC*BUG.
</div><!-- footer -->

</body>
</html>

