



<!doctype html>
<html lang="en">
<head>
<meta name="keywords"
	content="bsd, freebsd, openbsd, netbsd, dragonflybsd, nycbug, dmesgd" />
<meta name="description" content="New York City BSD User Group dmesgd" />
<meta charset="utf-8" />
<meta name="viewport" content="width=device-width, initial-scale=1" />
<title>NYC*BUG dmesgd</title>
<style>
body {
	text-align: left;
	margin: 15px auto;
	padding: 0px 10px;
}
@media (min-width: 800px) {
	body {
		max-width: 85%;
	}
}
#header {
	border-bottom: 1px solid #dbdbdb;
	font-size: 230%;
	text-align: left;
}
#footer {
	border-top: 1px solid #dbdbdb;
	clear: both;
	text-align: left;
}
.logo_bug {
	color: #cc0033;
}
#menu ul {
	list-style-type: none;
	margin: 0;
	padding: 0;
}
#menu li {
	float: left;
}
#menu li a {
	display: block;
	background-color: #dbdbdb;
	color: #000000;
	font-size: 105%;
	font-weight: bold;
	padding: 0px 6px 0px 6px;
	text-decoration: none;
}
#content {
	clear: both;
	text-align: left;
	padding-top: 10px;
}
#content h1 {
	font-size: 120%;
	font-weight: bold;
}
#content h2 {
	font-size: 110%;
	font-weight: bold;
}
#content a {
	text-decoration: none;
}
#content pre {
	background-color: #dbdbdb;
	padding: 5px 5px 5px 5px;
	white-space: pre-wrap;		/* css-3 */
	white-space: -moz-pre-wrap;	/* Mozilla, since 1999 */
	white-space: -pre-wrap;		/* Opera 4-6 */
	white-space: -o-pre-wrap;	/* Opera 7 */
	word-wrap: break-word;		/* Internet Explorer 5.5+ */
}
#content table {
	border-collapse: collapse;
}
#content table th {
	border: 1px solid #dbdbdb;
	font-size: 85%;
	white-space: nowrap;
}
#content table td {
	border: 1px solid #dbdbdb;
	font-size: 80%;
}
#content input {
	font-size: 1em;
}
#content .full	{ width: 100%; }
#content .left	{ text-align: left; }
#content .right	{ text-align: right; }
#content .center { text-align: center; }
#content .flexbox {
	display: -ms-flex;
	display: -webkit-flex;
	display: flex;
	width: 100%;
}
#content .left_col {
	min-width: 75px;
	max-width: 50%;
	flex-grow: 0;
}
#content .right_col {
	flex-grow: 1;
	margin-left: 10px;
	padding-top: 10px;
	padding-left: 10px;
}
#col {
	-moz-column-count: 3;
	-webkit-column-count: 3;
	column-count: 3;
}
</style>
</head>
<body>

<div id="header">
<strong><em>NYC*</em><span class="logo_bug">BUG</span> dmesgd</strong>
</div><!-- header -->

<div id="menu">
<ul>
<li><a href="https://dmesgd.nycbug.org/index.cgi?do=index">Home</a></li>
<li><a href="https://dmesgd.nycbug.org/index.cgi?do=submit">Submit</a></li>
<li><a href="https://www.nycbug.org/">NYC*BUG</a></li>
</ul>
</div><!-- menu -->

<div id="content">

<p>
Launched in 2004, dmesgd aims to provide a
<strong>user-submitted</strong> repository of searchable *BSD dmesgs.
The dmesg(8) command displays the system message buffer's content, and
during boot a copy is saved to <em>/var/run/dmesg.boot</em>.  This buffer
contains the operating system release, name and version, a list of
devices identified, plus a whole host of other useful information.  We
hope others find this resource useful and further contribute to its
growth. Contact us at [ admin at lists dot nycbug dot org ].
</p>

<hr />


<strong>Date:</strong> <em>2012-04-25 09:14:40</em><br />
<strong>From:</strong> <em>Carson Chittom</em><br />
<strong>Description:</strong> <em>HP Pavilion p6653w</em><br />

<pre>
OpenBSD 5.0-stable (GENERIC.MP) #0: Fri Apr 13 09:59:22 CDT 2012
    xxx@xxx.xxx:/usr/src/sys/arch/amd64/compile/GENERIC.MP
real mem = 5098897408 (4862MB)
avail mem = 4949045248 (4719MB)
mainbus0 at root
bios0 at mainbus0: SMBIOS rev. 2.6 @ 0xfcb10 (25 entries)
bios0: vendor American Megatrends Inc. version &quot;6.02&quot; date 07/21/2010
bios0: Hewlett-Packard p6653w
acpi0 at bios0: rev 2
acpi0: sleep states S0 S1 S3 S4 S5
acpi0: tables DSDT FACP APIC MCFG SLIC OEMB SSDT SRAT HPET SSDT
acpi0: wakeup devices PCE2(S4) PCE5(S4) PCE6(S4) PCE7(S4) PCE9(S4) PCEA(S4) SBAZ(S4) PS2K(S3) PS2M(S3) P0PC(S4) UHC1(S3) UHC2(S3) UHC3(S3) USB4(S3) UHC5(S3) UHC6(S3) UHC7(S3) PWRB(S3)
acpitimer0 at acpi0: 3579545 Hz, 32 bits
acpimadt0 at acpi0 addr 0xfee00000: PC-AT compat
cpu0 at mainbus0: apid 0 (boot processor)
cpu0: AMD Athlon(tm) II X2 250 Processor, 3001.46 MHz
cpu0: FPU,VME,DE,PSE,TSC,MSR,PAE,MCE,CX8,APIC,SEP,MTRR,PGE,MCA,CMOV,PAT,PSE36,CFLUSH,MMX,FXSR,SSE,SSE2,HTT,SSE3,MWAIT,CX16,POPCNT,NXE,MMXX,FFXSR,LONG,3DNOW2,3DNOW
cpu0: 64KB 64b/line 2-way I-cache, 64KB 64b/line 2-way D-cache, 1MB 64b/line 16-way L2 cache
cpu0: ITLB 32 4KB entries fully associative, 16 4MB entries fully associative
cpu0: DTLB 48 4KB entries fully associative, 48 4MB entries fully associative
cpu0: apic clock running at 200MHz
cpu1 at mainbus0: apid 1 (application processor)
cpu1: AMD Athlon(tm) II X2 250 Processor, 3000.02 MHz
cpu1: FPU,VME,DE,PSE,TSC,MSR,PAE,MCE,CX8,APIC,SEP,MTRR,PGE,MCA,CMOV,PAT,PSE36,CFLUSH,MMX,FXSR,SSE,SSE2,HTT,SSE3,MWAIT,CX16,POPCNT,NXE,MMXX,FFXSR,LONG,3DNOW2,3DNOW
cpu1: 64KB 64b/line 2-way I-cache, 64KB 64b/line 2-way D-cache, 1MB 64b/line 16-way L2 cache
cpu1: ITLB 32 4KB entries fully associative, 16 4MB entries fully associative
cpu1: DTLB 48 4KB entries fully associative, 48 4MB entries fully associative
ioapic0 at mainbus0: apid 2 pa 0xfec00000, version 21, 24 pins
acpimcfg0 at acpi0 addr 0xe0000000, bus 0-255
acpihpet0 at acpi0: 14318180 Hz
acpiprt0 at acpi0: bus 0 (PCI0)
acpiprt1 at acpi0: bus 1 (P0P1)
acpiprt2 at acpi0: bus -1 (PCE2)
acpiprt3 at acpi0: bus -1 (PCE5)
acpiprt4 at acpi0: bus -1 (PCE6)
acpiprt5 at acpi0: bus -1 (PCE7)
acpiprt6 at acpi0: bus -1 (PCE9)
acpiprt7 at acpi0: bus 2 (PCEA)
acpicpu0 at acpi0: PSS
acpicpu1 at acpi0: PSS
acpibtn0 at acpi0: PWRB
cpu0: 3000 MHz: speeds: 3000 2300 1800 800 MHz
pci0 at mainbus0 bus 0
pchb0 at pci0 dev 0 function 0 &quot;AMD RS880 Host&quot; rev 0x00
ppb0 at pci0 dev 1 function 0 &quot;AMD RS780 PCIE&quot; rev 0x00
pci1 at ppb0 bus 1
vga1 at pci1 dev 5 function 0 &quot;ATI Radeon HD 4200&quot; rev 0x00
wsdisplay0 at vga1 mux 1: console (80x25, vt100 emulation)
wsdisplay0: screen 1-5 added (80x25, vt100 emulation)
radeondrm0 at vga1: apic 2 int 18
drm0 at radeondrm0
ppb1 at pci0 dev 10 function 0 &quot;AMD RS780 PCIE&quot; rev 0x00: msi
pci2 at ppb1 bus 2
re0 at pci2 dev 0 function 0 &quot;Realtek 8101E&quot; rev 0x05: RTL8168E/8111E (0x2c00), apic 2 int 18, address xx:xx:xx:xx:xx:xx
rgephy0 at re0 phy 7: RTL8169S/8110S PHY, rev. 4
ahci0 at pci0 dev 17 function 0 &quot;ATI SBx00 SATA&quot; rev 0x00: apic 2 int 22, AHCI 1.1
scsibus0 at ahci0: 32 targets
sd0 at scsibus0 targ 0 lun 0: &lt;ATA, ST31000528AS, HP35&gt; SCSI3 0/direct fixed naa.5000c500271c073b
sd0: 953869MB, 512 bytes/sector, 1953525168 sectors
cd0 at scsibus0 targ 2 lun 0: &lt;hp, DVD A DH16ABLH, 3HD9&gt; ATAPI 5/cdrom removable
ohci0 at pci0 dev 18 function 0 &quot;ATI SB700 USB&quot; rev 0x00: apic 2 int 16, version 1.0, legacy support
ohci1 at pci0 dev 18 function 1 &quot;ATI SB700 USB&quot; rev 0x00: apic 2 int 16, version 1.0, legacy support
ehci0 at pci0 dev 18 function 2 &quot;ATI SB700 USB2&quot; rev 0x00: apic 2 int 17
usb0 at ehci0: USB revision 2.0
uhub0 at usb0 &quot;ATI EHCI root hub&quot; rev 2.00/1.00 addr 1
ohci2 at pci0 dev 19 function 0 &quot;ATI SB700 USB&quot; rev 0x00: apic 2 int 18, version 1.0, legacy support
ohci3 at pci0 dev 19 function 1 &quot;ATI SB700 USB&quot; rev 0x00: apic 2 int 18, version 1.0, legacy support
ehci1 at pci0 dev 19 function 2 &quot;ATI SB700 USB2&quot; rev 0x00: apic 2 int 19
usb1 at ehci1: USB revision 2.0
uhub1 at usb1 &quot;ATI EHCI root hub&quot; rev 2.00/1.00 addr 1
piixpm0 at pci0 dev 20 function 0 &quot;ATI SBx00 SMBus&quot; rev 0x3c: SMI
iic0 at piixpm0
spdmem0 at iic0 addr 0x51: 1GB DDR3 SDRAM PC3-10600
spdmem1 at iic0 addr 0x52: 2GB DDR3 SDRAM PC3-10600
spdmem2 at iic0 addr 0x53: 2GB DDR3 SDRAM PC3-10600
azalia0 at pci0 dev 20 function 2 &quot;ATI SBx00 HD Audio&quot; rev 0x00: apic 2 int 16
azalia0: codecs: Realtek ALC888
audio0 at azalia0
pcib0 at pci0 dev 20 function 3 &quot;ATI SB700 ISA&quot; rev 0x00
ppb2 at pci0 dev 20 function 4 &quot;ATI SB600 PCI&quot; rev 0x00
pci3 at ppb2 bus 3
pchb1 at pci0 dev 24 function 0 &quot;AMD AMD64 10h HyperTransport&quot; rev 0x00
pchb2 at pci0 dev 24 function 1 &quot;AMD AMD64 10h Address Map&quot; rev 0x00
pchb3 at pci0 dev 24 function 2 &quot;AMD AMD64 10h DRAM Cfg&quot; rev 0x00
km0 at pci0 dev 24 function 3 &quot;AMD AMD64 10h Misc Cfg&quot; rev 0x00
pchb4 at pci0 dev 24 function 4 &quot;AMD AMD64 10h Link Cfg&quot; rev 0x00
usb2 at ohci0: USB revision 1.0
uhub2 at usb2 &quot;ATI OHCI root hub&quot; rev 1.00/1.00 addr 1
usb3 at ohci1: USB revision 1.0
uhub3 at usb3 &quot;ATI OHCI root hub&quot; rev 1.00/1.00 addr 1
usb4 at ohci2: USB revision 1.0
uhub4 at usb4 &quot;ATI OHCI root hub&quot; rev 1.00/1.00 addr 1
usb5 at ohci3: USB revision 1.0
uhub5 at usb5 &quot;ATI OHCI root hub&quot; rev 1.00/1.00 addr 1
isa0 at pcib0
isadma0 at isa0
pckbc0 at isa0 port 0x60/5
pckbd0 at pckbc0 (kbd slot)
pckbc0: using irq 1 for kbd slot
wskbd0 at pckbd0: console keyboard, using wsdisplay0
pcppi0 at isa0 port 0x61
spkr0 at pcppi0
it0 at isa0 port 0x2e/2: IT8721F rev 1, EC port 0xe80
mtrr: Pentium Pro MTRR support
urtwn0 at uhub0 port 1 &quot;Realtek 802.11n WLAN Adapter&quot; rev 2.00/2.00 addr 2
urtwn0: MAC/BB RTL8188CUS, RF 6052 1T1R, address xx:xx:xx:xx:xx:xx
umass0 at uhub1 port 1 configuration 1 interface 0 &quot;Seagate FA GoFlex Desk&quot; rev 2.10/1.00 addr 2
umass0: using SCSI over Bulk-Only
scsibus1 at umass0: 2 targets, initiator 0
sd1 at scsibus1 targ 1 lun 0: &lt;Seagate, FA GoFlex Desk, 0D0B&gt; SCSI0 0/direct fixed
sd1: 1907729MB, 512 bytes/sector, 3907029167 sectors
umass1 at uhub1 port 6 configuration 1 interface 0 &quot;Generic USB2.0-CRW&quot; rev 2.00/51.95 addr 3
umass1: using SCSI over Bulk-Only
scsibus2 at umass1: 2 targets, initiator 0
sd2 at scsibus2 targ 1 lun 0: &lt;Generic-, Compact Flash, 1.00&gt; SCSI0 0/direct removable
sd3 at scsibus2 targ 1 lun 1: &lt;Generic-, SM/xD-Picture, 1.00&gt; SCSI0 0/direct removable
sd4 at scsibus2 targ 1 lun 2: &lt;Generic-, SD/MMC, 1.00&gt; SCSI0 0/direct removable
sd5 at scsibus2 targ 1 lun 3: &lt;Generic-, MS/MS-Pro, 1.00&gt; SCSI0 0/direct removable
uhidev0 at uhub2 port 3 configuration 1 interface 0 &quot;Avago USB Optical Mouse&quot; rev 2.00/2.00 addr 2
uhidev0: iclass 3/1
ums0 at uhidev0: 3 buttons, Z dir
wsmouse0 at ums0 mux 0
uhidev1 at uhub3 port 1 configuration 1 interface 0 &quot;NOVATEK HP USB Multimedia Keyboard&quot; rev 2.00/1.00 addr 2
uhidev1: iclass 3/1
ukbd0 at uhidev1: 8 modifier keys, 6 key codes
wskbd1 at ukbd0 mux 1
wskbd1: connecting to wsdisplay0
uhidev2 at uhub3 port 1 configuration 1 interface 1 &quot;NOVATEK HP USB Multimedia Keyboard&quot; rev 2.00/1.00 addr 2
uhidev2: iclass 3/0, 3 report ids
uhid0 at uhidev2 reportid 1: input=1, output=0, feature=0
uhid1 at uhidev2 reportid 3: input=3, output=0, feature=0
ugen0 at uhub4 port 2 &quot;Silicon Labs Fitbit Base Station&quot; rev 1.10/1.00 addr 2
vscsi0 at root
scsibus3 at vscsi0: 256 targets
softraid0 at root
scsibus4 at softraid0: 256 targets
root on sd0a (d85890e53a6364cd.a) swap on sd0b dump on sd0b

</pre>



</div><!-- content -->
<br />
<div id="footer">
All comments/news/posts are the property of their individual owner and
is presented without warranty of suitability, and solely as an
informational resource. <br />
This site Copyright &copy; 2004-2020 NYC*BUG.
</div><!-- footer -->

</body>
</html>

