



<!doctype html>
<html lang="en">
<head>
<meta name="keywords"
	content="bsd, freebsd, openbsd, netbsd, dragonflybsd, nycbug, dmesgd" />
<meta name="description" content="New York City BSD User Group dmesgd" />
<meta charset="utf-8" />
<meta name="viewport" content="width=device-width, initial-scale=1" />
<title>NYC*BUG dmesgd</title>
<style>
body {
	text-align: left;
	margin: 15px auto;
	padding: 0px 10px;
}
@media (min-width: 800px) {
	body {
		max-width: 85%;
	}
}
#header {
	border-bottom: 1px solid #dbdbdb;
	font-size: 230%;
	text-align: left;
}
#footer {
	border-top: 1px solid #dbdbdb;
	clear: both;
	text-align: left;
}
.logo_bug {
	color: #cc0033;
}
#menu ul {
	list-style-type: none;
	margin: 0;
	padding: 0;
}
#menu li {
	float: left;
}
#menu li a {
	display: block;
	background-color: #dbdbdb;
	color: #000000;
	font-size: 105%;
	font-weight: bold;
	padding: 0px 6px 0px 6px;
	text-decoration: none;
}
#content {
	clear: both;
	text-align: left;
	padding-top: 10px;
}
#content h1 {
	font-size: 120%;
	font-weight: bold;
}
#content h2 {
	font-size: 110%;
	font-weight: bold;
}
#content a {
	text-decoration: none;
}
#content pre {
	background-color: #dbdbdb;
	padding: 5px 5px 5px 5px;
	white-space: pre-wrap;		/* css-3 */
	white-space: -moz-pre-wrap;	/* Mozilla, since 1999 */
	white-space: -pre-wrap;		/* Opera 4-6 */
	white-space: -o-pre-wrap;	/* Opera 7 */
	word-wrap: break-word;		/* Internet Explorer 5.5+ */
}
#content table {
	border-collapse: collapse;
}
#content table th {
	border: 1px solid #dbdbdb;
	font-size: 85%;
	white-space: nowrap;
}
#content table td {
	border: 1px solid #dbdbdb;
	font-size: 80%;
}
#content input {
	font-size: 1em;
}
#content .full	{ width: 100%; }
#content .left	{ text-align: left; }
#content .right	{ text-align: right; }
#content .center { text-align: center; }
#content .flexbox {
	display: -ms-flex;
	display: -webkit-flex;
	display: flex;
	width: 100%;
}
#content .left_col {
	min-width: 75px;
	max-width: 50%;
	flex-grow: 0;
}
#content .right_col {
	flex-grow: 1;
	margin-left: 10px;
	padding-top: 10px;
	padding-left: 10px;
}
#col {
	-moz-column-count: 3;
	-webkit-column-count: 3;
	column-count: 3;
}
</style>
</head>
<body>

<div id="header">
<strong><em>NYC*</em><span class="logo_bug">BUG</span> dmesgd</strong>
</div><!-- header -->

<div id="menu">
<ul>
<li><a href="https://dmesgd.nycbug.org/index.cgi?do=index">Home</a></li>
<li><a href="https://dmesgd.nycbug.org/index.cgi?do=submit">Submit</a></li>
<li><a href="https://www.nycbug.org/">NYC*BUG</a></li>
</ul>
</div><!-- menu -->

<div id="content">

<p>
Launched in 2004, dmesgd aims to provide a
<strong>user-submitted</strong> repository of searchable *BSD dmesgs.
The dmesg(8) command displays the system message buffer's content, and
during boot a copy is saved to <em>/var/run/dmesg.boot</em>.  This buffer
contains the operating system release, name and version, a list of
devices identified, plus a whole host of other useful information.  We
hope others find this resource useful and further contribute to its
growth. Contact us at [ admin at lists dot nycbug dot org ].
</p>

<hr />


<strong>Date:</strong> <em>2012-04-29 17:24:05</em><br />
<strong>From:</strong> <em>remi</em><br />
<strong>Description:</strong> <em>Samsung 530U3B</em><br />

<pre>
OpenBSD 5.1-current (GENERIC.MP) #290: Thu Apr 26 01:27:14 MDT 2012
    xxx@xxx.xxx:/usr/src/sys/arch/amd64/compile/GENERIC.MP
real mem = 4183420928 (3989MB)
avail mem = 4049707008 (3862MB)
mainbus0 at root
bios0 at mainbus0: SMBIOS rev. 2.6 @ 0xe0840 (62 entries)
bios0: vendor Phoenix Technologies Ltd. version &quot;05XK&quot; date 02/10/2012
bios0: SAMSUNG ELECTRONICS CO., LTD. 530U3BI/530U4BI/530U4BH
acpi0 at bios0: rev 2
acpi0: sleep states S0 S1 S3 S4 S5
acpi0: tables DSDT FACP SLIC SSDT ASF! HPET APIC MCFG SSDT SSDT UEFI UEFI UEFI
acpi0: wakeup devices P0P1(S4) GLAN(S4) EHC1(S4) EHC2(S4) HDEF(S4) PXSX(S4) RP01(S4) PXSX(S4) RP02(S4) PXSX(S4) RP03(S4) PXSX(S4) RP04(S4) PXSX(S4) RP05(S4) PXSX(S4) RP06(S4) PXSX(S4) RP07(S4) PXSX(S4) RP08(S4) PEG0(S4) PEGP(S4) PEG1(S4) PEG2(S4) PEG3(S4) PWRB(S4)
acpitimer0 at acpi0: 3579545 Hz, 24 bits
acpihpet0 at acpi0: 14318179 Hz
acpimadt0 at acpi0 addr 0xfee00000: PC-AT compat
cpu0 at mainbus0: apid 0 (boot processor)
cpu0: Intel(R) Core(TM) i5-2467M CPU @ 1.60GHz, 1596.63 MHz
cpu0: FPU,VME,DE,PSE,TSC,MSR,PAE,MCE,CX8,APIC,SEP,MTRR,PGE,MCA,CMOV,PAT,PSE36,CFLUSH,DS,ACPI,MMX,FXSR,SSE,SSE2,SS,HTT,TM,SBF,SSE3,PCLMUL,MWAIT,DS-CPL,VMX,EST,TM2,SSSE3,CX16,xTPR,PDCM,SSE4.1,SSE4.2,x2APIC,POPCNT,AES,XSAVE,AVX,NXE,LONG,LAHF
cpu0: 256KB 64b/line 8-way L2 cache
cpu0: apic clock running at 99MHz
cpu1 at mainbus0: apid 1 (application processor)
cpu1: Intel(R) Core(TM) i5-2467M CPU @ 1.60GHz, 1596.38 MHz
cpu1: FPU,VME,DE,PSE,TSC,MSR,PAE,MCE,CX8,APIC,SEP,MTRR,PGE,MCA,CMOV,PAT,PSE36,CFLUSH,DS,ACPI,MMX,FXSR,SSE,SSE2,SS,HTT,TM,SBF,SSE3,PCLMUL,MWAIT,DS-CPL,VMX,EST,TM2,SSSE3,CX16,xTPR,PDCM,SSE4.1,SSE4.2,x2APIC,POPCNT,AES,XSAVE,AVX,NXE,LONG,LAHF
cpu1: 256KB 64b/line 8-way L2 cache
cpu2 at mainbus0: apid 2 (application processor)
cpu2: Intel(R) Core(TM) i5-2467M CPU @ 1.60GHz, 1596.38 MHz
cpu2: FPU,VME,DE,PSE,TSC,MSR,PAE,MCE,CX8,APIC,SEP,MTRR,PGE,MCA,CMOV,PAT,PSE36,CFLUSH,DS,ACPI,MMX,FXSR,SSE,SSE2,SS,HTT,TM,SBF,SSE3,PCLMUL,MWAIT,DS-CPL,VMX,EST,TM2,SSSE3,CX16,xTPR,PDCM,SSE4.1,SSE4.2,x2APIC,POPCNT,AES,XSAVE,AVX,NXE,LONG,LAHF
cpu2: 256KB 64b/line 8-way L2 cache
cpu3 at mainbus0: apid 3 (application processor)
cpu3: Intel(R) Core(TM) i5-2467M CPU @ 1.60GHz, 1596.38 MHz
cpu3: FPU,VME,DE,PSE,TSC,MSR,PAE,MCE,CX8,APIC,SEP,MTRR,PGE,MCA,CMOV,PAT,PSE36,CFLUSH,DS,ACPI,MMX,FXSR,SSE,SSE2,SS,HTT,TM,SBF,SSE3,PCLMUL,MWAIT,DS-CPL,VMX,EST,TM2,SSSE3,CX16,xTPR,PDCM,SSE4.1,SSE4.2,x2APIC,POPCNT,AES,XSAVE,AVX,NXE,LONG,LAHF
cpu3: 256KB 64b/line 8-way L2 cache
ioapic0 at mainbus0: apid 14 pa 0xfec00000, version 20, 24 pins
acpimcfg0 at acpi0 addr 0xf8000000, bus 0-63
acpiprt0 at acpi0: bus 0 (PCI0)
acpiprt1 at acpi0: bus -1 (P0P1)
acpiprt2 at acpi0: bus 1 (RP01)
acpiprt3 at acpi0: bus -1 (RP02)
acpiprt4 at acpi0: bus -1 (RP03)
acpiprt5 at acpi0: bus 2 (RP04)
acpiprt6 at acpi0: bus 3 (RP05)
acpiprt7 at acpi0: bus -1 (RP06)
acpiprt8 at acpi0: bus -1 (RP07)
acpiprt9 at acpi0: bus -1 (RP08)
acpiprt10 at acpi0: bus -1 (PEG0)
acpiprt11 at acpi0: bus -1 (PEG1)
acpiprt12 at acpi0: bus -1 (PEG2)
acpiprt13 at acpi0: bus -1 (PEG3)
acpiec0 at acpi0

acpicpu0 at acpi0: C2, C1, PSS
acpicpu1 at acpi0: C2, C1, PSS
acpicpu2 at acpi0: C2, C1, PSS
acpicpu3 at acpi0: C2, C1, PSS
acpipwrres0 at acpi0: FN00
acpipwrres1 at acpi0: FN01
acpipwrres2 at acpi0: FN02
acpipwrres3 at acpi0: FN03
acpipwrres4 at acpi0: FN04
acpitz0 at acpi0: critical temperature is 99 degC
acpitz1 at acpi0: critical temperature is 99 degC
acpibat0 at acpi0: BAT1 type LION oem &quot;SAMSUNG Electronics&quot;
acpiac0 at acpi0: AC unit online
acpibtn0 at acpi0: LID0
acpibtn1 at acpi0: PWRB
acpivideo0 at acpi0: GFX0
acpivout0 at acpivideo0: DD02
cpu0: Enhanced SpeedStep 1596 MHz: speeds: 1601, 1600, 1500, 1400, 1300, 1200, 1100, 1000, 900, 800 MHz
pci0 at mainbus0 bus 0
pchb0 at pci0 dev 0 function 0 &quot;Intel Core 2G Host&quot; rev 0x09
vga1 at pci0 dev 2 function 0 &quot;Intel GT2 Video&quot; rev 0x09
wsdisplay0 at vga1 mux 1: console (80x25, vt100 emulation)
wsdisplay0: screen 1-5 added (80x25, vt100 emulation)
intagp0 at vga1
agp0 at intagp0: aperture at 0xe0000000, size 0x10000000
inteldrm0 at vga1: apic 14 int 16
drm0 at inteldrm0
&quot;Intel 6 Series MEI&quot; rev 0x04 at pci0 dev 22 function 0 not configured
ehci0 at pci0 dev 26 function 0 &quot;Intel 6 Series USB&quot; rev 0x04: apic 14 int 16
usb0 at ehci0: USB revision 2.0
uhub0 at usb0 &quot;Intel EHCI root hub&quot; rev 2.00/1.00 addr 1
azalia0 at pci0 dev 27 function 0 &quot;Intel 6 Series HD Audio&quot; rev 0x04: msi
azalia0: codecs: Realtek ALC269, Intel/0x2805, using Realtek ALC269
audio0 at azalia0
ppb0 at pci0 dev 28 function 0 &quot;Intel 6 Series PCIE&quot; rev 0xb4: msi
pci1 at ppb0 bus 1
iwn0 at pci1 dev 0 function 0 &quot;Intel Centrino Advanced-N 6030&quot; rev 0x34: msi, MIMO 2T2R, MoW, address xx:xx:xx:xx:xx:xx
ppb1 at pci0 dev 28 function 3 &quot;Intel 6 Series PCIE&quot; rev 0xb4: msi
pci2 at ppb1 bus 2
re0 at pci2 dev 0 function 0 &quot;Realtek 8168&quot; rev 0x06: RTL8168E/8111E-VL (0x2c80), apic 14 int 19, address xx:xx:xx:xx:xx:xx
rgephy0 at re0 phy 7: RTL8169S/8110S PHY, rev. 5
ppb2 at pci0 dev 28 function 4 &quot;Intel 6 Series PCIE&quot; rev 0xb4: msi
pci3 at ppb2 bus 3
&quot;ASMedia ASM1042 xHCI&quot; rev 0x00 at pci3 dev 0 function 0 not configured
ehci1 at pci0 dev 29 function 0 &quot;Intel 6 Series USB&quot; rev 0x04: apic 14 int 23
usb1 at ehci1: USB revision 2.0
uhub1 at usb1 &quot;Intel EHCI root hub&quot; rev 2.00/1.00 addr 1
pcib0 at pci0 dev 31 function 0 &quot;Intel HM65 LPC&quot; rev 0x04
ahci0 at pci0 dev 31 function 2 &quot;Intel 6 Series AHCI&quot; rev 0x04: msi, AHCI 1.3
scsibus0 at ahci0: 32 targets

sd0 at scsibus0 targ 0 lun 0: &lt;ATA, SAMSUNG SSD 830, CXM0&gt; SCSI3 0/direct fixed naa.5002538043584d30
sd0: 122104MB, 512 bytes/sector, 250069680 sectors, thin
sd1 at scsibus0 targ 1 lun 0: &lt;ATA, SanDisk iSSD P4, SSD&gt; SCSI3 0/direct fixed naa.5001b4550c45159a
sd1: 15272MB, 512 bytes/sector, 31277232 sectors, thin
ichiic0 at pci0 dev 31 function 3 &quot;Intel 6 Series SMBus&quot; rev 0x04: apic 14 int 18
iic0 at ichiic0
isa0 at pcib0
isadma0 at isa0
pckbc0 at isa0 port 0x60/5
pckbd0 at pckbc0 (kbd slot)
pckbc0: using irq 1 for kbd slot
wskbd0 at pckbd0: console keyboard, using wsdisplay0
pms0 at pckbc0 (aux slot)
pckbc0: using irq 12 for aux slot
wsmouse0 at pms0 mux 0
pcppi0 at isa0 port 0x61
spkr0 at pcppi0
mtrr: Pentium Pro MTRR support
uhub2 at uhub0 port 1 &quot;Intel Rate Matching Hub&quot; rev 2.00/0.00 addr 2
umass0 at uhub2 port 2 configuration 1 interface 0 &quot;Toshiba 2.5&quot;External Hard Disk Drive&quot; rev 2.10/1.00 addr 3
umass0: using SCSI over Bulk-Only
scsibus1 at umass0: 2 targets, initiator 0
sd2 at scsibus1 targ 1 lun 0: &lt;Toshiba, 2.5&quot;External Har, GU00&gt; SCSI3 0/direct fixed serial.09300b1f123988880000
sd2: 953869MB, 512 bytes/sector, 1953525168 sectors
uvideo0 at uhub2 port 4 configuration 1 interface 0 &quot;123 WebCam SC-13HDL11431N&quot; rev 2.00/0.01 addr 4
video0 at uvideo0
uhub3 at uhub1 port 1 &quot;Intel Rate Matching Hub&quot; rev 2.00/0.00 addr 2
ugen0 at uhub3 port 5 &quot;Intel product 0x0189&quot; rev 2.00/69.19 addr 3
vscsi0 at root
scsibus2 at vscsi0: 256 targets
softraid0 at root
scsibus3 at softraid0: 256 targets
root on sd2a (378a03a06ea50fe1.a) swap on sd2b dump on sd2b
iwn0: fatal firmware error
firmware error log:
  error type      = &quot;UNKNOWN&quot; (0x00001999)
  program counter = 0x00013638
  source line     = 0x0000012F
  error data      = 0x0000000100000095
  branch link     = 0x0001362C0001362C
  interrupt link  = 0x0000C15E00000000
  time            = 28145
driver status:
  tx ring  0: qid=0  cur=0   queued=0  
  tx ring  1: qid=1  cur=0   queued=0  
  tx ring  2: qid=2  cur=0   queued=0  
  tx ring  3: qid=3  cur=0   queued=0  
  tx ring  4: qid=4  cur=2   queued=0  
  tx ring  5: qid=5  cur=0   queued=0  
  tx ring  6: qid=6  cur=0   queued=0  
  tx ring  7: qid=7  cur=0   queued=0  
  tx ring  8: qid=8  cur=0   queued=0  
  tx ring  9: qid=9  cur=0   queued=0  
  tx ring 10: qid=10 cur=0   queued=0  
  tx ring 11: qid=11 cur=0   queued=0  
  tx ring 12: qid=12 cur=0   queued=0  
  tx ring 13: qid=13 cur=0   queued=0  
  tx ring 14: qid=14 cur=0   queued=0  
  tx ring 15: qid=15 cur=0   queued=0  
  tx ring 16: qid=16 cur=0   queued=0  
  tx ring 17: qid=17 cur=0   queued=0  
  tx ring 18: qid=18 cur=0   queued=0  
  tx ring 19: qid=19 cur=0   queued=0  
  rx ring: cur=2
  802.11 state 0
iwn0: crystal calibration failed
iwn0: could not initialize hardware
</pre>



</div><!-- content -->
<br />
<div id="footer">
All comments/news/posts are the property of their individual owner and
is presented without warranty of suitability, and solely as an
informational resource. <br />
This site Copyright &copy; 2004-2020 NYC*BUG.
</div><!-- footer -->

</body>
</html>

