



<!doctype html>
<html lang="en">
<head>
<meta name="keywords"
	content="bsd, freebsd, openbsd, netbsd, dragonflybsd, nycbug, dmesgd" />
<meta name="description" content="New York City BSD User Group dmesgd" />
<meta charset="utf-8" />
<meta name="viewport" content="width=device-width, initial-scale=1" />
<title>NYC*BUG dmesgd</title>
<style>
body {
	text-align: left;
	margin: 15px auto;
	padding: 0px 10px;
}
@media (min-width: 800px) {
	body {
		max-width: 85%;
	}
}
#header {
	border-bottom: 1px solid #dbdbdb;
	font-size: 230%;
	text-align: left;
}
#footer {
	border-top: 1px solid #dbdbdb;
	clear: both;
	text-align: left;
}
.logo_bug {
	color: #cc0033;
}
#menu ul {
	list-style-type: none;
	margin: 0;
	padding: 0;
}
#menu li {
	float: left;
}
#menu li a {
	display: block;
	background-color: #dbdbdb;
	color: #000000;
	font-size: 105%;
	font-weight: bold;
	padding: 0px 6px 0px 6px;
	text-decoration: none;
}
#content {
	clear: both;
	text-align: left;
	padding-top: 10px;
}
#content h1 {
	font-size: 120%;
	font-weight: bold;
}
#content h2 {
	font-size: 110%;
	font-weight: bold;
}
#content a {
	text-decoration: none;
}
#content pre {
	background-color: #dbdbdb;
	padding: 5px 5px 5px 5px;
	white-space: pre-wrap;		/* css-3 */
	white-space: -moz-pre-wrap;	/* Mozilla, since 1999 */
	white-space: -pre-wrap;		/* Opera 4-6 */
	white-space: -o-pre-wrap;	/* Opera 7 */
	word-wrap: break-word;		/* Internet Explorer 5.5+ */
}
#content table {
	border-collapse: collapse;
}
#content table th {
	border: 1px solid #dbdbdb;
	font-size: 85%;
	white-space: nowrap;
}
#content table td {
	border: 1px solid #dbdbdb;
	font-size: 80%;
}
#content input {
	font-size: 1em;
}
#content .full	{ width: 100%; }
#content .left	{ text-align: left; }
#content .right	{ text-align: right; }
#content .center { text-align: center; }
#content .flexbox {
	display: -ms-flex;
	display: -webkit-flex;
	display: flex;
	width: 100%;
}
#content .left_col {
	min-width: 75px;
	max-width: 50%;
	flex-grow: 0;
}
#content .right_col {
	flex-grow: 1;
	margin-left: 10px;
	padding-top: 10px;
	padding-left: 10px;
}
#col {
	-moz-column-count: 3;
	-webkit-column-count: 3;
	column-count: 3;
}
</style>
</head>
<body>

<div id="header">
<strong><em>NYC*</em><span class="logo_bug">BUG</span> dmesgd</strong>
</div><!-- header -->

<div id="menu">
<ul>
<li><a href="https://dmesgd.nycbug.org/index.cgi?do=index">Home</a></li>
<li><a href="https://dmesgd.nycbug.org/index.cgi?do=submit">Submit</a></li>
<li><a href="https://www.nycbug.org/">NYC*BUG</a></li>
</ul>
</div><!-- menu -->

<div id="content">

<p>
Launched in 2004, dmesgd aims to provide a
<strong>user-submitted</strong> repository of searchable *BSD dmesgs.
The dmesg(8) command displays the system message buffer's content, and
during boot a copy is saved to <em>/var/run/dmesg.boot</em>.  This buffer
contains the operating system release, name and version, a list of
devices identified, plus a whole host of other useful information.  We
hope others find this resource useful and further contribute to its
growth. Contact us at [ admin at lists dot nycbug dot org ].
</p>

<hr />


<strong>Date:</strong> <em>2012-05-06 19:50:19</em><br />
<strong>From:</strong> <em>thenitch</em><br />
<strong>Description:</strong> <em>Samsung NC20 with OpenBSD 5.1-current-20120426</em><br />

<pre>
OpenBSD 5.1-current (GENERIC.MP) #290: Thu Apr 26 01:27:14 MDT 2012
    xxx@xxx.xxx:/usr/src/sys/arch/amd64/compile/GENERIC.MP
real mem = 1876754432 (1789MB)
avail mem = 1804500992 (1720MB)
mainbus0 at root
bios0 at mainbus0: SMBIOS rev. 2.5 @ 0xdf010 (51 entries)
bios0: vendor Phoenix Technologies Ltd. version &quot;09MQ&quot; date 04/22/2009
bios0: SAMSUNG ELECTRONICS CO., LTD. NC20/NB20
acpi0 at bios0: rev 2
acpi0: sleep states S0 S3 S4 S5
acpi0: tables DSDT FACP APIC MCFG HPET BOOT SSDT SLIC
acpi0: wakeup devices PWRB(S5) PER1(S3) MBTN(S4) USB1(S3) USB5(S3)
acpitimer0 at acpi0: 3579545 Hz, 24 bits
acpimadt0 at acpi0 addr 0xfee00000: PC-AT compat
cpu0 at mainbus0: apid 0 (boot processor)
cpu0: VIA Nano processor U2250@1300+MHz, 1596.27 MHz
cpu0: FPU,VME,DE,PSE,TSC,MSR,PAE,MCE,CX8,APIC,SEP,MTRR,PGE,MCA,CMOV,PAT,CFLUSH,ACPI,MMX,FXSR,SSE,SSE2,SS,TM,SBF,SSE3,MWAIT,VMX,EST,TM2,SSSE3,CX16,xTPR,LONG,LAHF
cpu0: 64KB 64b/line 16-way I-cache, 64KB 64b/line 16-way D-cache, 1MB 64b/line 16-way L2 cache
cpu0: ITLB 128 4KB entries 8-way
cpu0: DTLB 128 4KB entries 8-way
cpu0: RNG AES AES-CTR SHA1 SHA256
cpu0: apic clock running at 199MHz
ioapic0 at mainbus0: apid 1 pa 0xfec00000, version 3, 24 pins
ioapic1 at mainbus0: apid 2 pa 0xfecc0000, version 3, 24 pins
acpimcfg0 at acpi0 addr 0xe0000000, bus 0-255
acpihpet0 at acpi0: 14318179 Hz
acpiprt0 at acpi0: bus 0 (PCI0)
acpiprt1 at acpi0: bus 1 (PEGC)
acpiprt2 at acpi0: bus 2 (PE0C)
acpiprt3 at acpi0: bus 3 (PE1C)
acpiprt4 at acpi0: bus -1 (SP2P)
acpiec0 at acpi0
acpicpu0 at acpi0: C2, C1, PSS
acpipwrres0 at acpi0: FN00
acpitz0 at acpi0: critical temperature is 95 degC
acpitz1 at acpi0: critical temperature is 95 degC
acpiac0 at acpi0: AC unit online
acpibat0 at acpi0: BAT1 type LION oem &quot;SAMSUNG Electronics&quot;
acpibtn0 at acpi0: LID0
acpibtn1 at acpi0: PWRB
acpibtn2 at acpi0: SLPB
acpivideo0 at acpi0: VGA_
acpivout0 at acpivideo0: LCD_
cpu0: Enhanced SpeedStep 1596 MHz: speeds: 1600, 1400, 1300, 1200, 1100, 1000, 900, 800 MHz
pci0 at mainbus0 bus 0
pchb0 at pci0 dev 0 function 0 &quot;VIA VX800 Host&quot; rev 0x12
pchb1 at pci0 dev 0 function 1 &quot;VIA VX800 Host&quot; rev 0x00
pchb2 at pci0 dev 0 function 2 &quot;VIA VX800 Host&quot; rev 0x00
pchb3 at pci0 dev 0 function 3 &quot;VIA VX800 DRAM&quot; rev 0x00
pchb4 at pci0 dev 0 function 4 &quot;VIA VX800 Host&quot; rev 0x00
&quot;VIA VX800 IOAPIC&quot; rev 0x00 at pci0 dev 0 function 5 not configured
pchb5 at pci0 dev 0 function 6 &quot;VIA VX800 Host&quot; rev 0x00
pchb6 at pci0 dev 0 function 7 &quot;VIA VX800 Host&quot; rev 0x00
vga1 at pci0 dev 1 function 0 &quot;VIA Chrome9 HC3 IGP&quot; rev 0x11
wsdisplay0 at vga1 mux 1: console (80x25, vt100 emulation)
wsdisplay0: screen 1-5 added (80x25, vt100 emulation)
ppb0 at pci0 dev 2 function 0 &quot;VIA VX800 PCIE&quot; rev 0x00: apic 2 int 3
pci1 at ppb0 bus 1
ppb1 at pci0 dev 3 function 0 &quot;VIA VX800 PCIE&quot; rev 0x00: apic 2 int 7
pci2 at ppb1 bus 2
ath0 at pci2 dev 0 function 0 &quot;Atheros AR5424&quot; rev 0x01: apic 2 int 4
ath0: AR5424 14.2 phy 7.0 rf 0.0, WOR4W, address xx:xx:xx:xx:xx:xx
ppb2 at pci0 dev 3 function 1 &quot;VIA VX800 PCIE&quot; rev 0x00: apic 2 int 15
pci3 at ppb2 bus 3
mskc0 at pci3 dev 0 function 0 &quot;Marvell Yukon 88E8040&quot; rev 0x13, Yukon-2 FE+ rev. A0 (0x0): apic 2 int 12
msk0 at mskc0 port A: address xx:xx:xx:xx:xx:xx
eephy0 at msk0 phy 0: 88E3016 10/100 PHY, rev. 0
&quot;VIA VX800 SD/MMC&quot; rev 0x00 at pci0 dev 13 function 0 not configured
pciide0 at pci0 dev 15 function 0 &quot;VIA CX700 IDE&quot; rev 0x00: ATA133, channel 0 configured to compatibility, channel 1 configured to compatibility
wd0 at pciide0 channel 0 drive 0: &lt;FUJITSU MHZ2320BJ G2&gt;
wd0: 16-sector PIO, LBA48, 305245MB, 625142448 sectors
wd0(pciide0:0:0): using PIO mode 4, Ultra-DMA mode 5
pciide0: channel 1 disabled (no drives)
uhci0 at pci0 dev 16 function 0 &quot;VIA VT83C572 USB&quot; rev 0xa0: apic 1 int 20
uhci1 at pci0 dev 16 function 1 &quot;VIA VT83C572 USB&quot; rev 0xa0: apic 1 int 22
uhci2 at pci0 dev 16 function 2 &quot;VIA VT83C572 USB&quot; rev 0xa0: apic 1 int 21
ehci0 at pci0 dev 16 function 4 &quot;VIA VT6202 USB&quot; rev 0x90: apic 1 int 23
usb0 at ehci0: USB revision 2.0
uhub0 at usb0 &quot;VIA EHCI root hub&quot; rev 2.00/1.00 addr 1
viapm0 at pci0 dev 17 function 0 &quot;VIA VX800 ISA&quot; rev 0x00: SMI
iic0 at viapm0
spdmem0 at iic0 addr 0x50: 2GB DDR2 SDRAM non-parity PC2-6400CL5 SO-DIMM
pchb7 at pci0 dev 17 function 7 &quot;VIA VX800 Host&quot; rev 0x00
azalia0 at pci0 dev 20 function 0 &quot;VIA HD Audio&quot; rev 0x20: apic 1 int 17
azalia0: codecs: Realtek ALC272
audio0 at azalia0
usb1 at uhci0: USB revision 1.0
uhub1 at usb1 &quot;VIA UHCI root hub&quot; rev 1.00/1.00 addr 1
usb2 at uhci1: USB revision 1.0
uhub2 at usb2 &quot;VIA UHCI root hub&quot; rev 1.00/1.00 addr 1
usb3 at uhci2: USB revision 1.0
uhub3 at usb3 &quot;VIA UHCI root hub&quot; rev 1.00/1.00 addr 1
isa0 at mainbus0
isadma0 at isa0
pckbc0 at isa0 port 0x60/5
pckbd0 at pckbc0 (kbd slot)
pckbc0: using irq 1 for kbd slot
wskbd0 at pckbd0: console keyboard, using wsdisplay0
pms0 at pckbc0 (aux slot)
pckbc0: using irq 12 for aux slot
wsmouse0 at pms0 mux 0
pms0: Synaptics touchpad, firmware 7.2
pcppi0 at isa0 port 0x61
spkr0 at pcppi0
mtrr: Pentium Pro MTRR support
umass0 at uhub0 port 3 configuration 1 interface 0 &quot;SanDisk Cruzer&quot; rev 2.00/2.00 addr 2
umass0: using SCSI over Bulk-Only
scsibus0 at umass0: 2 targets, initiator 0
sd0 at scsibus0 targ 1 lun 0: &lt;SanDisk, Cruzer, 8.02&gt; SCSI0 0/direct removable serial.07815530021B5253206D
sd0: 7691MB, 512 bytes/sector, 15753215 sectors
uvideo0 at uhub0 port 4 configuration 1 interface 0 &quot;Vimicro Corp. Namuga 1.3M Webcam&quot; rev 2.00/1.00 addr 3
video0 at uvideo0
ugen0 at uhub3 port 2 &quot;Broadcom Corp BCM92045NMD&quot; rev 2.00/3.54 addr 2
vscsi0 at root
scsibus1 at vscsi0: 256 targets
softraid0 at root
scsibus2 at softraid0: 256 targets
root on sd0a (7cd3c98370be6c5b.a) swap on sd0b dump on sd0b
ath0: unable to reset hardware; hal status 0
ath0: unable to reset hardware; hal status 4294934528
hw.sensors.cpu0.temp0=58.00 degC
hw.sensors.acpitz0.temp0=59.00 degC (zone temperature)
hw.sensors.acpitz1.temp0=59.00 degC (zone temperature)
hw.sensors.acpiac0.indicator0=On (power supply)
hw.sensors.acpibat0.volt0=11.10 VDC (voltage)
hw.sensors.acpibat0.volt1=12.61 VDC (current voltage)
hw.sensors.acpibat0.current0=0.00 A (rate)
hw.sensors.acpibat0.amphour0=8.20 Ah (last full capacity)
hw.sensors.acpibat0.amphour1=0.00 Ah (warning capacity)
hw.sensors.acpibat0.amphour2=0.25 Ah (low capacity)
hw.sensors.acpibat0.amphour3=8.04 Ah (remaining capacity), OK
hw.sensors.acpibat0.raw0=0 (battery idle), OK

</pre>



</div><!-- content -->
<br />
<div id="footer">
All comments/news/posts are the property of their individual owner and
is presented without warranty of suitability, and solely as an
informational resource. <br />
This site Copyright &copy; 2004-2020 NYC*BUG.
</div><!-- footer -->

</body>
</html>

