



<!doctype html>
<html lang="en">
<head>
<meta name="keywords"
	content="bsd, freebsd, openbsd, netbsd, dragonflybsd, nycbug, dmesgd" />
<meta name="description" content="New York City BSD User Group dmesgd" />
<meta charset="utf-8" />
<meta name="viewport" content="width=device-width, initial-scale=1" />
<title>NYC*BUG dmesgd</title>
<style>
body {
	text-align: left;
	margin: 15px auto;
	padding: 0px 10px;
}
@media (min-width: 800px) {
	body {
		max-width: 85%;
	}
}
#header {
	border-bottom: 1px solid #dbdbdb;
	font-size: 230%;
	text-align: left;
}
#footer {
	border-top: 1px solid #dbdbdb;
	clear: both;
	text-align: left;
}
.logo_bug {
	color: #cc0033;
}
#menu ul {
	list-style-type: none;
	margin: 0;
	padding: 0;
}
#menu li {
	float: left;
}
#menu li a {
	display: block;
	background-color: #dbdbdb;
	color: #000000;
	font-size: 105%;
	font-weight: bold;
	padding: 0px 6px 0px 6px;
	text-decoration: none;
}
#content {
	clear: both;
	text-align: left;
	padding-top: 10px;
}
#content h1 {
	font-size: 120%;
	font-weight: bold;
}
#content h2 {
	font-size: 110%;
	font-weight: bold;
}
#content a {
	text-decoration: none;
}
#content pre {
	background-color: #dbdbdb;
	padding: 5px 5px 5px 5px;
	white-space: pre-wrap;		/* css-3 */
	white-space: -moz-pre-wrap;	/* Mozilla, since 1999 */
	white-space: -pre-wrap;		/* Opera 4-6 */
	white-space: -o-pre-wrap;	/* Opera 7 */
	word-wrap: break-word;		/* Internet Explorer 5.5+ */
}
#content table {
	border-collapse: collapse;
}
#content table th {
	border: 1px solid #dbdbdb;
	font-size: 85%;
	white-space: nowrap;
}
#content table td {
	border: 1px solid #dbdbdb;
	font-size: 80%;
}
#content input {
	font-size: 1em;
}
#content .full	{ width: 100%; }
#content .left	{ text-align: left; }
#content .right	{ text-align: right; }
#content .center { text-align: center; }
#content .flexbox {
	display: -ms-flex;
	display: -webkit-flex;
	display: flex;
	width: 100%;
}
#content .left_col {
	min-width: 75px;
	max-width: 50%;
	flex-grow: 0;
}
#content .right_col {
	flex-grow: 1;
	margin-left: 10px;
	padding-top: 10px;
	padding-left: 10px;
}
#col {
	-moz-column-count: 3;
	-webkit-column-count: 3;
	column-count: 3;
}
</style>
</head>
<body>

<div id="header">
<strong><em>NYC*</em><span class="logo_bug">BUG</span> dmesgd</strong>
</div><!-- header -->

<div id="menu">
<ul>
<li><a href="https://dmesgd.nycbug.org/index.cgi?do=index">Home</a></li>
<li><a href="https://dmesgd.nycbug.org/index.cgi?do=submit">Submit</a></li>
<li><a href="https://www.nycbug.org/">NYC*BUG</a></li>
</ul>
</div><!-- menu -->

<div id="content">

<p>
Launched in 2004, dmesgd aims to provide a
<strong>user-submitted</strong> repository of searchable *BSD dmesgs.
The dmesg(8) command displays the system message buffer's content, and
during boot a copy is saved to <em>/var/run/dmesg.boot</em>.  This buffer
contains the operating system release, name and version, a list of
devices identified, plus a whole host of other useful information.  We
hope others find this resource useful and further contribute to its
growth. Contact us at [ admin at lists dot nycbug dot org ].
</p>

<hr />


<strong>Date:</strong> <em>2012-05-06 19:55:04</em><br />
<strong>From:</strong> <em>thenitch</em><br />
<strong>Description:</strong> <em>Lenovo X100e with OpenBSD 5.1-current 20120426</em><br />

<pre>
OpenBSD 5.1-current (GENERIC.MP) #290: Thu Apr 26 01:27:14 MDT 2012
    xxx@xxx.xxx:/usr/src/sys/arch/amd64/compile/GENERIC.MP
real mem = 2950496256 (2813MB)
avail mem = 2849665024 (2717MB)
mainbus0 at root
bios0 at mainbus0: SMBIOS rev. 2.5 @ 0xf0950 (43 entries)
bios0: vendor LENOVO version &quot;6XET41WW (1.25 )&quot; date 06/02/2010
bios0: LENOVO 3508CTO
acpi0 at bios0: rev 2
acpi0: sleep states S0 S3 S4 S5
acpi0: tables DSDT FACP TCPA APIC MCFG HPET SLIC
acpi0: wakeup devices PB5_(S5) OHC0(S3) OHC1(S3) OHC2(S3) OHC3(S3) OHC4(S3) P2P_(S5) LID_(S3)
acpitimer0 at acpi0: 3579545 Hz, 32 bits
acpimadt0 at acpi0 addr 0xfee00000: PC-AT compat
cpu0 at mainbus0: apid 0 (boot processor)
cpu0: AMD Turion(tm) Neo X2 Dual Core Processor L625, 1597.30 MHz
cpu0: FPU,VME,DE,PSE,TSC,MSR,PAE,MCE,CX8,APIC,SEP,MTRR,PGE,MCA,CMOV,PAT,PSE36,CFLUSH,MMX,FXSR,SSE,SSE2,HTT,SSE3,CX16,NXE,MMXX,FFXSR,LONG,3DNOW2,3DNOW,LAHF,CMPLEG,SVM,EAPICSP,AMCR8,3DNOWP
cpu0: 64KB 64b/line 2-way I-cache, 64KB 64b/line 2-way D-cache, 512KB 64b/line 16-way L2 cache
cpu0: ITLB 32 4KB entries fully associative, 8 4MB entries fully associative
cpu0: DTLB 32 4KB entries fully associative, 8 4MB entries fully associative
cpu0: apic clock running at 199MHz
cpu1 at mainbus0: apid 1 (application processor)
cpu1: AMD Turion(tm) Neo X2 Dual Core Processor L625, 1596.00 MHz
cpu1: FPU,VME,DE,PSE,TSC,MSR,PAE,MCE,CX8,APIC,SEP,MTRR,PGE,MCA,CMOV,PAT,PSE36,CFLUSH,MMX,FXSR,SSE,SSE2,HTT,SSE3,CX16,NXE,MMXX,FFXSR,LONG,3DNOW2,3DNOW,LAHF,CMPLEG,SVM,EAPICSP,AMCR8,3DNOWP
cpu1: 64KB 64b/line 2-way I-cache, 64KB 64b/line 2-way D-cache, 512KB 64b/line 16-way L2 cache
cpu1: ITLB 32 4KB entries fully associative, 8 4MB entries fully associative
cpu1: DTLB 32 4KB entries fully associative, 8 4MB entries fully associative
ioapic0 at mainbus0: apid 2 pa 0xfec00000, version 21, 24 pins
acpimcfg0 at acpi0 addr 0xe0000000, bus 0-3
acpihpet0 at acpi0: 14318180 Hz
acpiprt0 at acpi0: bus 0 (PCI0)
acpiprt1 at acpi0: bus 2 (PB5_)
acpiprt2 at acpi0: bus 4 (P2P_)
acpiprt3 at acpi0: bus 1 (AGP_)
acpiec0 at acpi0
acpicpu0 at acpi0: C3, C2
acpicpu1 at acpi0
acpitz0 at acpi0: critical temperature is 92 degC
acpibtn0 at acpi0: PWRB
acpibtn1 at acpi0: SLPB
acpithinkpad0 at acpi0
acpiac0 at acpi0: AC unit online
acpibat0 at acpi0: BAT1 model &quot;42T4785&quot; serial  1410 type LION oem &quot;SANYO&quot;
acpibtn2 at acpi0: LID_
pci0 at mainbus0 bus 0
pchb0 at pci0 dev 0 function 0 &quot;AMD RS780 Host&quot; rev 0x00
ppb0 at pci0 dev 1 function 0 &quot;AMD RS780 PCIE&quot; rev 0x00
pci1 at ppb0 bus 1
vga1 at pci1 dev 5 function 0 &quot;ATI Radeon HD 3200&quot; rev 0x00
wsdisplay0 at vga1 mux 1: console (80x25, vt100 emulation)
wsdisplay0: screen 1-5 added (80x25, vt100 emulation)
radeondrm0 at vga1: apic 2 int 18
drm0 at radeondrm0
ppb1 at pci0 dev 5 function 0 &quot;AMD RS780 PCIE&quot; rev 0x00: msi
pci2 at ppb1 bus 2
re0 at pci2 dev 0 function 0 &quot;Realtek 8168&quot; rev 0x03: RTL8168D/8111D (0x2800), apic 2 int 17, address xx:xx:xx:xx:xx:xx
rgephy0 at re0 phy 7: RTL8169S/8110S PHY, rev. 2
ppb2 at pci0 dev 6 function 0 &quot;AMD RS780 PCIE&quot; rev 0x00: msi
pci3 at ppb2 bus 3
&quot;Realtek 8192SE&quot; rev 0x10 at pci3 dev 0 function 0 not configured
ahci0 at pci0 dev 17 function 0 &quot;ATI SBx00 SATA&quot; rev 0x00: apic 2 int 22, AHCI 1.1
scsibus0 at ahci0: 32 targets
sd0 at scsibus0 targ 0 lun 0: &lt;ATA, WDC WD2500BEVT-0, 02.0&gt; SCSI3 0/direct fixed naa.50014ee2af8c8ab1
sd0: 238475MB, 512 bytes/sector, 488397168 sectors
ohci0 at pci0 dev 18 function 0 &quot;ATI SB700 USB&quot; rev 0x00: apic 2 int 16, version 1.0, legacy support
ohci1 at pci0 dev 18 function 1 &quot;ATI SB700 USB&quot; rev 0x00: apic 2 int 16, version 1.0, legacy support
ehci0 at pci0 dev 18 function 2 &quot;ATI SB700 USB2&quot; rev 0x00: apic 2 int 17
usb0 at ehci0: USB revision 2.0
uhub0 at usb0 &quot;ATI EHCI root hub&quot; rev 2.00/1.00 addr 1
ohci2 at pci0 dev 19 function 0 &quot;ATI SB700 USB&quot; rev 0x00: apic 2 int 18, version 1.0, legacy support
ehci1 at pci0 dev 19 function 2 &quot;ATI SB700 USB2&quot; rev 0x00: apic 2 int 19
usb1 at ehci1: USB revision 2.0
uhub1 at usb1 &quot;ATI EHCI root hub&quot; rev 2.00/1.00 addr 1
piixpm0 at pci0 dev 20 function 0 &quot;ATI SBx00 SMBus&quot; rev 0x3c: SMI
iic0 at piixpm0
spdmem0 at iic0 addr 0x50: 1GB DDR2 SDRAM non-parity PC2-5300CL5 SO-DIMM
spdmem1 at iic0 addr 0x51: 2GB DDR2 SDRAM non-parity PC2-5300CL5 SO-DIMM
azalia0 at pci0 dev 20 function 2 &quot;ATI SBx00 HD Audio&quot; rev 0x00: apic 2 int 16
azalia0: codecs: Conexant/0x5066
audio0 at azalia0
pcib0 at pci0 dev 20 function 3 &quot;ATI SB700 ISA&quot; rev 0x00
ppb3 at pci0 dev 20 function 4 &quot;ATI SB600 PCI&quot; rev 0x00
pci4 at ppb3 bus 4
pchb1 at pci0 dev 24 function 0 &quot;AMD AMD64 0Fh HyperTransport&quot; rev 0x00
pchb2 at pci0 dev 24 function 1 &quot;AMD AMD64 0Fh Address Map&quot; rev 0x00
pchb3 at pci0 dev 24 function 2 &quot;AMD AMD64 0Fh DRAM Cfg&quot; rev 0x00
kate0 at pci0 dev 24 function 3 &quot;AMD AMD64 0Fh Misc Cfg&quot; rev 0x00: core rev BH-G2
usb2 at ohci0: USB revision 1.0
uhub2 at usb2 &quot;ATI OHCI root hub&quot; rev 1.00/1.00 addr 1
usb3 at ohci1: USB revision 1.0
uhub3 at usb3 &quot;ATI OHCI root hub&quot; rev 1.00/1.00 addr 1
usb4 at ohci2: USB revision 1.0
uhub4 at usb4 &quot;ATI OHCI root hub&quot; rev 1.00/1.00 addr 1
isa0 at pcib0
isadma0 at isa0
pckbc0 at isa0 port 0x60/5
pckbd0 at pckbc0 (kbd slot)
pckbc0: using irq 1 for kbd slot
wskbd0 at pckbd0: console keyboard, using wsdisplay0
pms0 at pckbc0 (aux slot)
pckbc0: using irq 12 for aux slot
wsmouse0 at pms0 mux 0
wsmouse1 at pms0 mux 0
pms0: Synaptics touchpad, firmware 7.4
pcppi0 at isa0 port 0x61
spkr0 at pcppi0
mtrr: Pentium Pro MTRR support
umass0 at uhub0 port 1 configuration 1 interface 0 &quot;SanDisk Cruzer&quot; rev 2.00/2.00 addr 2
umass0: using SCSI over Bulk-Only
scsibus1 at umass0: 2 targets, initiator 0
sd1 at scsibus1 targ 1 lun 0: &lt;SanDisk, Cruzer, 8.02&gt; SCSI0 0/direct removable serial.07815530021B5253206D
sd1: 7691MB, 512 bytes/sector, 15753215 sectors
umass1 at uhub1 port 1 configuration 1 interface 0 &quot;Generic USB2.0-CRW&quot; rev 2.00/58.88 addr 2
umass1: using SCSI over Bulk-Only
scsibus2 at umass1: 2 targets, initiator 0
sd2 at scsibus2 targ 1 lun 0: &lt;Generic-, Multi-Card, 1.00&gt; SCSI0 0/direct removable serial.0bda0158114173400000
uvideo0 at uhub1 port 2 configuration 1 interface 0 &quot;SuYin Integrated Camera&quot; rev 2.00/7.10 addr 3
video0 at uvideo0
vscsi0 at root
scsibus3 at vscsi0: 256 targets
softraid0 at root
scsibus4 at softraid0: 256 targets
root on sd1a (7cd3c98370be6c5b.a) swap on sd1b dump on sd1b
hw.sensors.acpitz0.temp0=72.00 degC (zone temperature)
hw.sensors.acpithinkpad0.temp0=0.00 degC
hw.sensors.acpithinkpad0.temp1=72.00 degC
hw.sensors.acpithinkpad0.temp2=0.00 degC
hw.sensors.acpithinkpad0.temp3=0.00 degC
hw.sensors.acpithinkpad0.temp4=0.00 degC
hw.sensors.acpithinkpad0.temp5=0.00 degC
hw.sensors.acpithinkpad0.temp6=0.00 degC
hw.sensors.acpithinkpad0.temp7=0.00 degC
hw.sensors.acpithinkpad0.fan0=333 RPM
hw.sensors.acpiac0.indicator0=On (power supply)
hw.sensors.acpibat0.volt0=10.80 VDC (voltage)
hw.sensors.acpibat0.volt1=12.20 VDC (current voltage)
hw.sensors.acpibat0.power0=0.00 W (rate)
hw.sensors.acpibat0.watthour0=35.29 Wh (last full capacity)
hw.sensors.acpibat0.watthour1=2.38 Wh (warning capacity)
hw.sensors.acpibat0.watthour2=0.47 Wh (low capacity)
hw.sensors.acpibat0.watthour3=35.29 Wh (remaining capacity), OK
hw.sensors.acpibat0.raw0=0 (battery full), OK
hw.sensors.kate0.temp0=69.75 degC
hw.sensors.kate0.temp1=70.75 degC
hw.sensors.kate0.temp2=68.25 degC
hw.sensors.kate0.temp3=65.75 degC

</pre>



</div><!-- content -->
<br />
<div id="footer">
All comments/news/posts are the property of their individual owner and
is presented without warranty of suitability, and solely as an
informational resource. <br />
This site Copyright &copy; 2004-2020 NYC*BUG.
</div><!-- footer -->

</body>
</html>

