



<!doctype html>
<html lang="en">
<head>
<meta name="keywords"
	content="bsd, freebsd, openbsd, netbsd, dragonflybsd, nycbug, dmesgd" />
<meta name="description" content="New York City BSD User Group dmesgd" />
<meta charset="utf-8" />
<meta name="viewport" content="width=device-width, initial-scale=1" />
<title>NYC*BUG dmesgd</title>
<style>
body {
	text-align: left;
	margin: 15px auto;
	padding: 0px 10px;
}
@media (min-width: 800px) {
	body {
		max-width: 85%;
	}
}
#header {
	border-bottom: 1px solid #dbdbdb;
	font-size: 230%;
	text-align: left;
}
#footer {
	border-top: 1px solid #dbdbdb;
	clear: both;
	text-align: left;
}
.logo_bug {
	color: #cc0033;
}
#menu ul {
	list-style-type: none;
	margin: 0;
	padding: 0;
}
#menu li {
	float: left;
}
#menu li a {
	display: block;
	background-color: #dbdbdb;
	color: #000000;
	font-size: 105%;
	font-weight: bold;
	padding: 0px 6px 0px 6px;
	text-decoration: none;
}
#content {
	clear: both;
	text-align: left;
	padding-top: 10px;
}
#content h1 {
	font-size: 120%;
	font-weight: bold;
}
#content h2 {
	font-size: 110%;
	font-weight: bold;
}
#content a {
	text-decoration: none;
}
#content pre {
	background-color: #dbdbdb;
	padding: 5px 5px 5px 5px;
	white-space: pre-wrap;		/* css-3 */
	white-space: -moz-pre-wrap;	/* Mozilla, since 1999 */
	white-space: -pre-wrap;		/* Opera 4-6 */
	white-space: -o-pre-wrap;	/* Opera 7 */
	word-wrap: break-word;		/* Internet Explorer 5.5+ */
}
#content table {
	border-collapse: collapse;
}
#content table th {
	border: 1px solid #dbdbdb;
	font-size: 85%;
	white-space: nowrap;
}
#content table td {
	border: 1px solid #dbdbdb;
	font-size: 80%;
}
#content input {
	font-size: 1em;
}
#content .full	{ width: 100%; }
#content .left	{ text-align: left; }
#content .right	{ text-align: right; }
#content .center { text-align: center; }
#content .flexbox {
	display: -ms-flex;
	display: -webkit-flex;
	display: flex;
	width: 100%;
}
#content .left_col {
	min-width: 75px;
	max-width: 50%;
	flex-grow: 0;
}
#content .right_col {
	flex-grow: 1;
	margin-left: 10px;
	padding-top: 10px;
	padding-left: 10px;
}
#col {
	-moz-column-count: 3;
	-webkit-column-count: 3;
	column-count: 3;
}
</style>
</head>
<body>

<div id="header">
<strong><em>NYC*</em><span class="logo_bug">BUG</span> dmesgd</strong>
</div><!-- header -->

<div id="menu">
<ul>
<li><a href="https://dmesgd.nycbug.org/index.cgi?do=index">Home</a></li>
<li><a href="https://dmesgd.nycbug.org/index.cgi?do=submit">Submit</a></li>
<li><a href="https://www.nycbug.org/">NYC*BUG</a></li>
</ul>
</div><!-- menu -->

<div id="content">

<p>
Launched in 2004, dmesgd aims to provide a
<strong>user-submitted</strong> repository of searchable *BSD dmesgs.
The dmesg(8) command displays the system message buffer's content, and
during boot a copy is saved to <em>/var/run/dmesg.boot</em>.  This buffer
contains the operating system release, name and version, a list of
devices identified, plus a whole host of other useful information.  We
hope others find this resource useful and further contribute to its
growth. Contact us at [ admin at lists dot nycbug dot org ].
</p>

<hr />


<strong>Date:</strong> <em>2012-05-27 22:18:42</em><br />
<strong>From:</strong> <em>thenitch</em><br />
<strong>Description:</strong> <em>Acer Revo RL70-ur10p nettop w/ AMD E-450 apu</em><br />

<pre>
OpenBSD 5.1-current (GENERIC.MP) #263: Fri May 25 19:28:35 MDT 2012
    xxx@xxx.xxx:/usr/src/sys/arch/i386/compile/GENERIC.MP
cpu0: AMD E-450 APU with Radeon(tm) HD Graphics (&quot;AuthenticAMD&quot; 686-class, 512KB L2 cache) 1.65 GHz
cpu0: FPU,V86,DE,PSE,TSC,MSR,PAE,MCE,CX8,APIC,SEP,MTRR,PGE,MCA,CMOV,PAT,PSE36,CFLUSH,MMX,FXSR,SSE,SSE2,HTT,NXE,MMXX,FFXSR,LONG,SSE3,MWAIT,SSSE3,CX16,POPCNT,LAHF,SVM,ABM,SSE4A,WDT
real mem  = 1854775296 (1768MB)
avail mem = 1813622784 (1729MB)
mainbus0 at root
bios0 at mainbus0: AT/286+ BIOS, date 05/09/11, SMBIOS rev. 2.7 @ 0xeb710 (54 entries)
bios0: vendor American Megatrends Inc. version &quot;P01-A2&quot; date 01/10/2012
bios0: Acer Revo 70
acpi0 at bios0: rev 2
acpi0: sleep states S0 S3 S4 S5
acpi0: tables DSDT FACP APIC MCFG SLIC HPET IFEU SSDT SSDT
acpi0: wakeup devices SBAZ(S4) PS2K(S3) PS2M(S3) P0PC(S4) GEC_(S4) PE20(S4) PE21(S4) PE22(S4) PE23(S4) UHC1(S3) UHC2(S3) USB5(S3) UHC6(S3) UHC7(S3) USB3(S3) UHC4(S3) PWRB(S3)
acpitimer0 at acpi0: 3579545 Hz, 32 bits
acpimadt0 at acpi0 addr 0xfee00000: PC-AT compat
cpu0 at mainbus0: apid 0 (boot processor)
cpu0: apic clock running at 199MHz
cpu1 at mainbus0: apid 1 (application processor)
cpu1: AMD E-450 APU with Radeon(tm) HD Graphics (&quot;AuthenticAMD&quot; 686-class, 512KB L2 cache) 1.65 GHz
cpu1: FPU,V86,DE,PSE,TSC,MSR,PAE,MCE,CX8,APIC,SEP,MTRR,PGE,MCA,CMOV,PAT,PSE36,CFLUSH,MMX,FXSR,SSE,SSE2,HTT,NXE,MMXX,FFXSR,LONG,SSE3,MWAIT,SSSE3,CX16,POPCNT,LAHF,SVM,ABM,SSE4A,WDT
ioapic0 at mainbus0: apid 0 pa 0xfec00000, version 21, 24 pins
ioapic0: misconfigured as apic 3, remapped to apid 0
acpimcfg0 at acpi0 addr 0xe0000000, bus 0-255
acpihpet0 at acpi0: 14318180 Hz
acpiprt0 at acpi0: bus 0 (PCI0)
acpiprt1 at acpi0: bus 4 (PE20)
acpiprt2 at acpi0: bus -1 (PE21)
acpiprt3 at acpi0: bus 7 (PE22)
acpiprt4 at acpi0: bus -1 (PE23)
acpiprt5 at acpi0: bus 2 (BR15)
acpiprt6 at acpi0: bus -1 (PCE6)
acpiprt7 at acpi0: bus -1 (PCE7)
acpiprt8 at acpi0: bus -1 (PCE8)
acpiprt9 at acpi0: bus 1 (PCE4)
acpicpu0 at acpi0: C2, PSS
acpicpu1 at acpi0: C2, PSS
acpibtn0 at acpi0: PWRB
acpivideo0 at acpi0: VGA_
acpivideo1 at acpi0: VGA_
bios0: ROM list: 0xc0000/0xe400 0xce800/0xc000!
cpu0: 1647 MHz: speeds: 1650 1320 825 MHz
pci0 at mainbus0 bus 0: configuration mode 1 (bios)
pchb0 at pci0 dev 0 function 0 &quot;AMD AMD64 14h Host&quot; rev 0x00
vga1 at pci0 dev 1 function 0 &quot;ATI Radeon HD 6320&quot; rev 0x00
wsdisplay0 at vga1 mux 1: console (80x25, vt100 emulation)
wsdisplay0: screen 1-5 added (80x25, vt100 emulation)
radeondrm0 at vga1: apic 0 int 18
drm0 at radeondrm0
azalia0 at pci0 dev 1 function 1 &quot;ATI Radeon HD 6310 HD Audio&quot; rev 0x00: msi
azalia0: no supported codecs
ppb0 at pci0 dev 4 function 0 &quot;AMD AMD64 14h PCIE&quot; rev 0x00: apic 0 int 16
pci1 at ppb0 bus 1
ppb1 at pci0 dev 5 function 0 &quot;AMD AMD64 14h PCIE&quot; rev 0x00: apic 0 int 17
pci2 at ppb1 bus 2
vendor &quot;Realtek&quot;, unknown product 0x8193 (class network subclass miscellaneous, rev 0x00) at pci2 dev 0 function 0 not configured
vendor &quot;Realtek&quot;, unknown product 0x8193 (class network subclass miscellaneous, rev 0x01) at pci2 dev 0 function 1 not configured
ahci0 at pci0 dev 17 function 0 &quot;ATI SBx00 SATA&quot; rev 0x40: apic 0 int 19, AHCI 1.2
scsibus0 at ahci0: 32 targets
sd0 at scsibus0 targ 0 lun 0: &lt;ATA, ST9500325AS, 0001&gt; SCSI3 0/direct fixed naa.5000c5004acb815c
sd0: 476940MB, 512 bytes/sector, 976773168 sectors
ohci0 at pci0 dev 18 function 0 &quot;ATI SB700 USB&quot; rev 0x00: apic 0 int 18, version 1.0, legacy support
ehci0 at pci0 dev 18 function 2 &quot;ATI SB700 USB2&quot; rev 0x00: apic 0 int 17
usb0 at ehci0: USB revision 2.0
uhub0 at usb0 &quot;ATI EHCI root hub&quot; rev 2.00/1.00 addr 1
ohci1 at pci0 dev 19 function 0 &quot;ATI SB700 USB&quot; rev 0x00: apic 0 int 18, version 1.0, legacy support
ehci1 at pci0 dev 19 function 2 &quot;ATI SB700 USB2&quot; rev 0x00: apic 0 int 17
usb1 at ehci1: USB revision 2.0
uhub1 at usb1 &quot;ATI EHCI root hub&quot; rev 2.00/1.00 addr 1
piixpm0 at pci0 dev 20 function 0 &quot;ATI SBx00 SMBus&quot; rev 0x42: polling
iic0 at piixpm0
spdmem0 at iic0 addr 0x51: 2GB DDR3 SDRAM PC3-10600 SO-DIMM
pciide0 at pci0 dev 20 function 1 &quot;ATI SB700 IDE&quot; rev 0x40: DMA, channel 0 configured to compatibility, channel 1 configured to compatibility
azalia1 at pci0 dev 20 function 2 &quot;ATI SBx00 HD Audio&quot; rev 0x40: apic 0 int 16
azalia1: codecs: Realtek ALC662
audio0 at azalia1
pcib0 at pci0 dev 20 function 3 &quot;ATI SB700 ISA&quot; rev 0x40
ppb2 at pci0 dev 20 function 4 &quot;ATI SB600 PCI&quot; rev 0x40
pci3 at ppb2 bus 3
ohci2 at pci0 dev 20 function 5 &quot;ATI SB700 USB&quot; rev 0x00: apic 0 int 18, version 1.0, legacy support
ppb3 at pci0 dev 21 function 0 &quot;ATI SB800 PCIE&quot; rev 0x00: apic 0 int 16
pci4 at ppb3 bus 4
re0 at pci4 dev 0 function 0 &quot;Realtek 8168&quot; rev 0x06: RTL8168E/8111E (0x2c00), apic 0 int 16, address xx:xx:xx:xx:xx:xx
rgephy0 at re0 phy 7: RTL8169S/8110S PHY, rev. 4
ppb4 at pci0 dev 21 function 2 &quot;ATI SB800 PCIE&quot; rev 0x00
pci5 at ppb4 bus 7
&quot;Realtek RTS5209 Card Reader&quot; rev 0x01 at pci5 dev 0 function 0 not configured
ohci3 at pci0 dev 22 function 0 &quot;ATI SB700 USB&quot; rev 0x00: apic 0 int 18, version 1.0, legacy support
ehci2 at pci0 dev 22 function 2 &quot;ATI SB700 USB2&quot; rev 0x00: apic 0 int 17
usb2 at ehci2: USB revision 2.0
uhub2 at usb2 &quot;ATI EHCI root hub&quot; rev 2.00/1.00 addr 1
pchb1 at pci0 dev 24 function 0 &quot;AMD AMD64 14h Link Cfg&quot; rev 0x43
pchb2 at pci0 dev 24 function 1 &quot;AMD AMD64 14h Address Map&quot; rev 0x00
pchb3 at pci0 dev 24 function 2 &quot;AMD AMD64 14h DRAM Cfg&quot; rev 0x00
km0 at pci0 dev 24 function 3 &quot;AMD AMD64 14h Misc Cfg&quot; rev 0x00
pchb4 at pci0 dev 24 function 4 &quot;AMD AMD64 14h CPU Power&quot; rev 0x00
pchb5 at pci0 dev 24 function 5 &quot;AMD AMD64 14h Reserved&quot; rev 0x00
pchb6 at pci0 dev 24 function 6 &quot;AMD AMD64 14h NB Power&quot; rev 0x00
pchb7 at pci0 dev 24 function 7 &quot;AMD AMD64 14h Reserved&quot; rev 0x00
usb3 at ohci0: USB revision 1.0
uhub3 at usb3 &quot;ATI OHCI root hub&quot; rev 1.00/1.00 addr 1
usb4 at ohci1: USB revision 1.0
uhub4 at usb4 &quot;ATI OHCI root hub&quot; rev 1.00/1.00 addr 1
isa0 at pcib0
isadma0 at isa0
pckbc0 at isa0 port 0x60/5
pckbd0 at pckbc0 (kbd slot)
pckbc0: using irq 1 for kbd slot
wskbd0 at pckbd0: console keyboard, using wsdisplay0
pcppi0 at isa0 port 0x61
spkr0 at pcppi0
npx0 at isa0 port 0xf0/16: reported by CPUID; using exception 16
usb5 at ohci2: USB revision 1.0
uhub5 at usb5 &quot;ATI OHCI root hub&quot; rev 1.00/1.00 addr 1
usb6 at ohci3: USB revision 1.0
uhub6 at usb6 &quot;ATI OHCI root hub&quot; rev 1.00/1.00 addr 1
mtrr: Pentium Pro MTRR support
umass0 at uhub0 port 1 configuration 1 interface 0 &quot;SanDisk Cruzer&quot; rev 2.00/2.00 addr 2
umass0: using SCSI over Bulk-Only
scsibus1 at umass0: 2 targets, initiator 0
sd1 at scsibus1 targ 1 lun 0: &lt;SanDisk, Cruzer, 8.02&gt; SCSI0 0/direct removable serial.07815530021B5253206D
sd1: 7691MB, 512 bytes/sector, 15753215 sectors
umass1 at uhub0 port 5 configuration 1 interface 0 &quot;Lexar USB Flash Drive&quot; rev 2.00/1.03 addr 3
umass1: using SCSI over Bulk-Only
scsibus2 at umass1: 2 targets, initiator 0
sd2 at scsibus2 targ 1 lun 0: &lt;Lexar, USB Flash Drive, 8.07&gt; SCSI2 0/direct removable serial.05dcc75301413529680E
sd2: 15276MB, 512 bytes/sector, 31285248 sectors
uhidev0 at uhub3 port 2 configuration 1 interface 0 &quot;Chicony 2.4G Multimedia Wireless Kit&quot; rev 2.00/1.01 addr 2
uhidev0: iclass 3/1
ukbd0 at uhidev0: 8 modifier keys, 6 key codes
wskbd1 at ukbd0 mux 1
wskbd1: connecting to wsdisplay0
uhidev1 at uhub3 port 2 configuration 1 interface 1 &quot;Chicony 2.4G Multimedia Wireless Kit&quot; rev 2.00/1.01 addr 2
uhidev1: iclass 3/1, 10 report ids
uhid0 at uhidev1 reportid 1: input=1, output=0, feature=0
uhid1 at uhidev1 reportid 2: input=2, output=0, feature=0
uhid2 at uhidev1 reportid 3: input=3, output=0, feature=0
ums0 at uhidev1 reportid 4: 3 buttons, Z dir
wsmouse0 at ums0 mux 0
uhid3 at uhidev1 reportid 5: input=0, output=0, feature=7
uhid4 at uhidev1 reportid 6: input=0, output=0, feature=7
uhid5 at uhidev1 reportid 7: input=0, output=0, feature=6
uhid6 at uhidev1 reportid 8: input=0, output=0, feature=7
uhid7 at uhidev1 reportid 9: input=2, output=0, feature=0
uhid8 at uhidev1 reportid 10: input=2, output=0, feature=0
vscsi0 at root
scsibus3 at vscsi0: 256 targets
softraid0 at root
scsibus4 at softraid0: 256 targets
root on sd2a (8dd8827a9114c060.a) swap on sd2b dump on sd2b
hw.sensors.km0.temp0=60.00 degC

</pre>



</div><!-- content -->
<br />
<div id="footer">
All comments/news/posts are the property of their individual owner and
is presented without warranty of suitability, and solely as an
informational resource. <br />
This site Copyright &copy; 2004-2020 NYC*BUG.
</div><!-- footer -->

</body>
</html>

