



<!doctype html>
<html lang="en">
<head>
<meta name="keywords"
	content="bsd, freebsd, openbsd, netbsd, dragonflybsd, nycbug, dmesgd" />
<meta name="description" content="New York City BSD User Group dmesgd" />
<meta charset="utf-8" />
<meta name="viewport" content="width=device-width, initial-scale=1" />
<title>NYC*BUG dmesgd</title>
<style>
body {
	text-align: left;
	margin: 15px auto;
	padding: 0px 10px;
}
@media (min-width: 800px) {
	body {
		max-width: 85%;
	}
}
#header {
	border-bottom: 1px solid #dbdbdb;
	font-size: 230%;
	text-align: left;
}
#footer {
	border-top: 1px solid #dbdbdb;
	clear: both;
	text-align: left;
}
.logo_bug {
	color: #cc0033;
}
#menu ul {
	list-style-type: none;
	margin: 0;
	padding: 0;
}
#menu li {
	float: left;
}
#menu li a {
	display: block;
	background-color: #dbdbdb;
	color: #000000;
	font-size: 105%;
	font-weight: bold;
	padding: 0px 6px 0px 6px;
	text-decoration: none;
}
#content {
	clear: both;
	text-align: left;
	padding-top: 10px;
}
#content h1 {
	font-size: 120%;
	font-weight: bold;
}
#content h2 {
	font-size: 110%;
	font-weight: bold;
}
#content a {
	text-decoration: none;
}
#content pre {
	background-color: #dbdbdb;
	padding: 5px 5px 5px 5px;
	white-space: pre-wrap;		/* css-3 */
	white-space: -moz-pre-wrap;	/* Mozilla, since 1999 */
	white-space: -pre-wrap;		/* Opera 4-6 */
	white-space: -o-pre-wrap;	/* Opera 7 */
	word-wrap: break-word;		/* Internet Explorer 5.5+ */
}
#content table {
	border-collapse: collapse;
}
#content table th {
	border: 1px solid #dbdbdb;
	font-size: 85%;
	white-space: nowrap;
}
#content table td {
	border: 1px solid #dbdbdb;
	font-size: 80%;
}
#content input {
	font-size: 1em;
}
#content .full	{ width: 100%; }
#content .left	{ text-align: left; }
#content .right	{ text-align: right; }
#content .center { text-align: center; }
#content .flexbox {
	display: -ms-flex;
	display: -webkit-flex;
	display: flex;
	width: 100%;
}
#content .left_col {
	min-width: 75px;
	max-width: 50%;
	flex-grow: 0;
}
#content .right_col {
	flex-grow: 1;
	margin-left: 10px;
	padding-top: 10px;
	padding-left: 10px;
}
#col {
	-moz-column-count: 3;
	-webkit-column-count: 3;
	column-count: 3;
}
</style>
</head>
<body>

<div id="header">
<strong><em>NYC*</em><span class="logo_bug">BUG</span> dmesgd</strong>
</div><!-- header -->

<div id="menu">
<ul>
<li><a href="https://dmesgd.nycbug.org/index.cgi?do=index">Home</a></li>
<li><a href="https://dmesgd.nycbug.org/index.cgi?do=submit">Submit</a></li>
<li><a href="https://www.nycbug.org/">NYC*BUG</a></li>
</ul>
</div><!-- menu -->

<div id="content">

<p>
Launched in 2004, dmesgd aims to provide a
<strong>user-submitted</strong> repository of searchable *BSD dmesgs.
The dmesg(8) command displays the system message buffer's content, and
during boot a copy is saved to <em>/var/run/dmesg.boot</em>.  This buffer
contains the operating system release, name and version, a list of
devices identified, plus a whole host of other useful information.  We
hope others find this resource useful and further contribute to its
growth. Contact us at [ admin at lists dot nycbug dot org ].
</p>

<hr />


<strong>Date:</strong> <em>2012-06-20 12:05:43</em><br />
<strong>From:</strong> <em>Marck</em><br />
<strong>Description:</strong> <em>TOSHIBA Satellite A100</em><br />

<pre>
OpenBSD 5.1 (GENERIC.MP) #188: Sun Feb 12 09:55:11 MST 2012
    xxx@xxx.xxx:/usr/src/sys/arch/i386/compile/GENERIC.MP
cpu0: Genuine Intel(R) CPU T2050 @ 1.60GHz (&quot;GenuineIntel&quot; 686-class) 1.60 GHz
cpu0: FPU,V86,DE,PSE,TSC,MSR,PAE,MCE,CX8,APIC,SEP,MTRR,PGE,MCA,CMOV,CFLUSH,DS,ACPI,MMX,FXSR,SSE,SSE2,SS,HTT,TM,SBF,SSE3,MWAIT,EST,TM2,xTPR,PDCM
real mem  = 1071640576 (1021MB)
avail mem = 1043992576 (995MB)
mainbus0 at root
bios0 at mainbus0: AT/286+ BIOS, date 08/30/06, BIOS32 rev. 0 @ 0xfd600, SMBIOS rev. 2.31 @ 0xdc010 (36 entries)
bios0: vendor Phoenix Technologies LTD version &quot;2.00&quot; date 08/30/2006
bios0: TOSHIBA Satellite A100
acpi0 at bios0: rev 0
acpi0: sleep states S0 S3 S4 S5
acpi0: tables DSDT FACP APIC HPET MCFG BOOT APIC SSDT SSDT SSDT
acpi0: wakeup devices HDEF(S4) PXS1(S4) PXS2(S4) PXS3(S4) LANC(S4)
acpitimer0 at acpi0: 3579545 Hz, 24 bits
acpimadt0 at acpi0 addr 0xfee00000: PC-AT compat
cpu0 at mainbus0: apid 0 (boot processor)
cpu0: apic clock running at 132MHz
cpu1 at mainbus0: apid 1 (application processor)
cpu1: Genuine Intel(R) CPU T2050 @ 1.60GHz (&quot;GenuineIntel&quot; 686-class) 1.60 GHz
cpu1: FPU,V86,DE,PSE,TSC,MSR,PAE,MCE,CX8,APIC,SEP,MTRR,PGE,MCA,CMOV,CFLUSH,DS,ACPI,MMX,FXSR,SSE,SSE2,SS,HTT,TM,SBF,SSE3,MWAIT,EST,TM2,xTPR,PDCM
ioapic0 at mainbus0: apid 1 pa 0xfec00000, version 20, 24 pins
ioapic0: misconfigured as apic 2, remapped to apid 1
acpihpet0 at acpi0: 14318179 Hz
acpimcfg0 at acpi0 addr 0xe0000000, bus 0-255
acpiprt0 at acpi0: bus 0 (PCI0)
acpiprt1 at acpi0: bus 1 (PEGP)
acpiprt2 at acpi0: bus 2 (RP01)
acpiprt3 at acpi0: bus 3 (RP02)
acpiprt4 at acpi0: bus 5 (RP03)
acpiprt5 at acpi0: bus 7 (PCIB)
acpiec0 at acpi0
acpicpu0 at acpi0: C2, C1, PSS
acpicpu1 at acpi0: C2, C1, PSS
acpipwrres0 at acpi0: FN00
acpitz0 at acpi0: critical temperature is 106 degC
acpitz1 at acpi0: critical temperature is 96 degC
acpibtn0 at acpi0: LID_
acpibat0 at acpi0: BAT0 model &quot;PA3399U-2BAS/BRS&quot; serial 2074 type Li-ion
acpiac0 at acpi0: AC unit online
acpibtn1 at acpi0: PWRB
acpidock0 at acpi0: DOCK not docked (0)
acpivideo0 at acpi0: VGA_
acpivideo1 at acpi0: GFX0
bios0: ROM list: 0xc0000/0xf000 0xcf000/0x1800 0xdc000/0x4000! 0xe0000/0x1800!
cpu0: Enhanced SpeedStep 1597 MHz: speeds: 1600, 1333, 1067, 800 MHz
pci0 at mainbus0 bus 0: configuration mode 1 (no bios)
pchb0 at pci0 dev 0 function 0 &quot;Intel 82945GM Host&quot; rev 0x03
ppb0 at pci0 dev 1 function 0 &quot;Intel 82945GM PCIE&quot; rev 0x03: apic 1 int 16
pci1 at ppb0 bus 1
vga1 at pci1 dev 0 function 0 &quot;NVIDIA GeForce 7300 Go&quot; rev 0xa1
wsdisplay0 at vga1 mux 1: console (80x25, vt100 emulation)
wsdisplay0: screen 1-5 added (80x25, vt100 emulation)
azalia0 at pci0 dev 27 function 0 &quot;Intel 82801GB HD Audio&quot; rev 0x02: msi
azalia0: codecs: Realtek ALC861, AT&amp;T/Lucent/0x3026, using Realtek ALC861
audio0 at azalia0
ppb1 at pci0 dev 28 function 0 &quot;Intel 82801GB PCIE&quot; rev 0x02: apic 1 int 17
pci2 at ppb1 bus 2
ppb2 at pci0 dev 28 function 1 &quot;Intel 82801GB PCIE&quot; rev 0x02: apic 1 int 16
pci3 at ppb2 bus 3
ppb3 at pci0 dev 28 function 2 &quot;Intel 82801GB PCIE&quot; rev 0x02: apic 1 int 18
pci4 at ppb3 bus 5
wpi0 at pci4 dev 0 function 0 &quot;Intel PRO/Wireless 3945ABG&quot; rev 0x02: msi, MoW2, address xx:xx:xx:xx:xx:xx
uhci0 at pci0 dev 29 function 0 &quot;Intel 82801GB USB&quot; rev 0x02: apic 1 int 23
uhci1 at pci0 dev 29 function 1 &quot;Intel 82801GB USB&quot; rev 0x02: apic 1 int 19
uhci2 at pci0 dev 29 function 2 &quot;Intel 82801GB USB&quot; rev 0x02: apic 1 int 18
uhci3 at pci0 dev 29 function 3 &quot;Intel 82801GB USB&quot; rev 0x02: apic 1 int 16
ehci0 at pci0 dev 29 function 7 &quot;Intel 82801GB USB&quot; rev 0x02: apic 1 int 23
usb0 at ehci0: USB revision 2.0
uhub0 at usb0 &quot;Intel EHCI root hub&quot; rev 2.00/1.00 addr 1
ppb4 at pci0 dev 30 function 0 &quot;Intel 82801BAM Hub-to-PCI&quot; rev 0xe2
pci5 at ppb4 bus 7
cbb0 at pci5 dev 6 function 0 &quot;TI PCIXX12 CardBus&quot; rev 0x00: apic 1 int 18, CardBus support disabled
&quot;TI PCIXX12 FireWire&quot; rev 0x00 at pci5 dev 6 function 1 not configured
&quot;TI PCIXX12 Multimedia Card Reader&quot; rev 0x00 at pci5 dev 6 function 2 not configured
sdhc0 at pci5 dev 6 function 3 &quot;TI PCIXX12 Secure Data&quot; rev 0x00: apic 1 int 18
sdmmc0 at sdhc0
fxp0 at pci5 dev 8 function 0 &quot;Intel PRO/100 VM&quot; rev 0x02, i82562: apic 1 int 20, address xx:xx:xx:xx:xx:xx
inphy0 at fxp0 phy 1: i82562ET 10/100 PHY, rev. 0
cardslot0 at cbb0 slot 0 flags 0
pcmcia0 at cardslot0
ichpcib0 at pci0 dev 31 function 0 &quot;Intel 82801GBM LPC&quot; rev 0x02: PM disabled
pciide0 at pci0 dev 31 function 2 &quot;Intel 82801GBM SATA&quot; rev 0x02: DMA, channel 0 wired to compatibility, channel 1 wired to compatibility
wd0 at pciide0 channel 0 drive 0: &lt;HTS541080G9SA00&gt;
wd0: 16-sector PIO, LBA48, 76319MB, 156301488 sectors
wd0(pciide0:0:0): using PIO mode 4, Ultra-DMA mode 5
atapiscsi0 at pciide0 channel 1 drive 0
scsibus0 at atapiscsi0: 2 targets
cd0 at scsibus0 targ 0 lun 0: &lt;MATSHITA, DVD-RAM UJ-841S, 1.60&gt; ATAPI 5/cdrom removable
cd0(pciide0:1:0): using PIO mode 4, Ultra-DMA mode 2
ichiic0 at pci0 dev 31 function 3 &quot;Intel 82801GB SMBus&quot; rev 0x02: apic 1 int 19
iic0 at ichiic0
spdmem0 at iic0 addr 0x50: 1GB DDR2 SDRAM non-parity PC2-4200CL5 SO-DIMM
usb1 at uhci0: USB revision 1.0
uhub1 at usb1 &quot;Intel UHCI root hub&quot; rev 1.00/1.00 addr 1
usb2 at uhci1: USB revision 1.0
uhub2 at usb2 &quot;Intel UHCI root hub&quot; rev 1.00/1.00 addr 1
usb3 at uhci2: USB revision 1.0
uhub3 at usb3 &quot;Intel UHCI root hub&quot; rev 1.00/1.00 addr 1
usb4 at uhci3: USB revision 1.0
uhub4 at usb4 &quot;Intel UHCI root hub&quot; rev 1.00/1.00 addr 1
isa0 at ichpcib0
isadma0 at isa0
pckbc0 at isa0 port 0x60/5
pckbd0 at pckbc0 (kbd slot)
pckbc0: using irq 1 for kbd slot
wskbd0 at pckbd0: console keyboard, using wsdisplay0
pms0 at pckbc0 (aux slot)
pckbc0: using irq 12 for aux slot
wsmouse0 at pms0 mux 0
pms0: Synaptics touchpad, firmware 6.2
pcppi0 at isa0 port 0x61
spkr0 at pcppi0
npx0 at isa0 port 0xf0/16: reported by CPUID; using exception 16
mtrr: Pentium Pro MTRR support
umass0 at uhub0 port 3 configuration 1 interface 0 &quot; USB DISK 2.0&quot; rev 2.00/1.10 addr 2
umass0: using SCSI over Bulk-Only
scsibus1 at umass0: 2 targets, initiator 0
sd0 at scsibus1 targ 1 lun 0: &lt;, USB DISK 2.0, PMAP&gt; SCSI0 0/direct removable serial.13fe31001901196C14B8
sd0: 7640MB, 512 bytes/sector, 15646720 sectors
vscsi0 at root
scsibus2 at vscsi0: 256 targets
softraid0 at root
scsibus3 at softraid0: 256 targets
root on sd0a (3ceb0eda33beffa0.a) swap on sd0b dump on sd0b
hw.sensors.acpitz0.temp0=65.00 degC (zone temperature)
hw.sensors.acpitz1.temp0=62.00 degC (zone temperature)
hw.sensors.acpibat0.volt0=15.00 VDC (voltage)
hw.sensors.acpibat0.volt1=15.00 VDC (current voltage)
hw.sensors.acpibat0.current0=0.00 A (rate)
hw.sensors.acpibat0.amphour0=1.36 Ah (last full capacity)
hw.sensors.acpibat0.amphour1=0.00 Ah (warning capacity)
hw.sensors.acpibat0.amphour2=0.00 Ah (low capacity)
hw.sensors.acpibat0.amphour3=0.01 Ah (remaining capacity), OK
hw.sensors.acpibat0.raw0=6 (battery charging), OK
hw.sensors.acpiac0.indicator0=On (power supply)
hw.sensors.acpidock0.indicator0=Off (not docked)
hw.sensors.cpu0.temp0=61.00 degC

</pre>



</div><!-- content -->
<br />
<div id="footer">
All comments/news/posts are the property of their individual owner and
is presented without warranty of suitability, and solely as an
informational resource. <br />
This site Copyright &copy; 2004-2020 NYC*BUG.
</div><!-- footer -->

</body>
</html>

