



<!doctype html>
<html lang="en">
<head>
<meta name="keywords"
	content="bsd, freebsd, openbsd, netbsd, dragonflybsd, nycbug, dmesgd" />
<meta name="description" content="New York City BSD User Group dmesgd" />
<meta charset="utf-8" />
<meta name="viewport" content="width=device-width, initial-scale=1" />
<title>NYC*BUG dmesgd</title>
<style>
body {
	text-align: left;
	margin: 15px auto;
	padding: 0px 10px;
}
@media (min-width: 800px) {
	body {
		max-width: 85%;
	}
}
#header {
	border-bottom: 1px solid #dbdbdb;
	font-size: 230%;
	text-align: left;
}
#footer {
	border-top: 1px solid #dbdbdb;
	clear: both;
	text-align: left;
}
.logo_bug {
	color: #cc0033;
}
#menu ul {
	list-style-type: none;
	margin: 0;
	padding: 0;
}
#menu li {
	float: left;
}
#menu li a {
	display: block;
	background-color: #dbdbdb;
	color: #000000;
	font-size: 105%;
	font-weight: bold;
	padding: 0px 6px 0px 6px;
	text-decoration: none;
}
#content {
	clear: both;
	text-align: left;
	padding-top: 10px;
}
#content h1 {
	font-size: 120%;
	font-weight: bold;
}
#content h2 {
	font-size: 110%;
	font-weight: bold;
}
#content a {
	text-decoration: none;
}
#content pre {
	background-color: #dbdbdb;
	padding: 5px 5px 5px 5px;
	white-space: pre-wrap;		/* css-3 */
	white-space: -moz-pre-wrap;	/* Mozilla, since 1999 */
	white-space: -pre-wrap;		/* Opera 4-6 */
	white-space: -o-pre-wrap;	/* Opera 7 */
	word-wrap: break-word;		/* Internet Explorer 5.5+ */
}
#content table {
	border-collapse: collapse;
}
#content table th {
	border: 1px solid #dbdbdb;
	font-size: 85%;
	white-space: nowrap;
}
#content table td {
	border: 1px solid #dbdbdb;
	font-size: 80%;
}
#content input {
	font-size: 1em;
}
#content .full	{ width: 100%; }
#content .left	{ text-align: left; }
#content .right	{ text-align: right; }
#content .center { text-align: center; }
#content .flexbox {
	display: -ms-flex;
	display: -webkit-flex;
	display: flex;
	width: 100%;
}
#content .left_col {
	min-width: 75px;
	max-width: 50%;
	flex-grow: 0;
}
#content .right_col {
	flex-grow: 1;
	margin-left: 10px;
	padding-top: 10px;
	padding-left: 10px;
}
#col {
	-moz-column-count: 3;
	-webkit-column-count: 3;
	column-count: 3;
}
</style>
</head>
<body>

<div id="header">
<strong><em>NYC*</em><span class="logo_bug">BUG</span> dmesgd</strong>
</div><!-- header -->

<div id="menu">
<ul>
<li><a href="https://dmesgd.nycbug.org/index.cgi?do=index">Home</a></li>
<li><a href="https://dmesgd.nycbug.org/index.cgi?do=submit">Submit</a></li>
<li><a href="https://www.nycbug.org/">NYC*BUG</a></li>
</ul>
</div><!-- menu -->

<div id="content">

<p>
Launched in 2004, dmesgd aims to provide a
<strong>user-submitted</strong> repository of searchable *BSD dmesgs.
The dmesg(8) command displays the system message buffer's content, and
during boot a copy is saved to <em>/var/run/dmesg.boot</em>.  This buffer
contains the operating system release, name and version, a list of
devices identified, plus a whole host of other useful information.  We
hope others find this resource useful and further contribute to its
growth. Contact us at [ admin at lists dot nycbug dot org ].
</p>

<hr />


<strong>Date:</strong> <em>2012-10-06 19:02:20</em><br />
<strong>From:</strong> <em>aixp</em><br />
<strong>Description:</strong> <em>DNS 0140413 - 5.2 GENERIC.MP#336 i386</em><br />

<pre>
OpenBSD 5.2 (GENERIC.MP) #336: Tue Jul 24 09:46:21 MDT 2012
    xxx@xxx.xxx:/usr/src/sys/arch/i386/compile/GENERIC.MP
cpu0: Intel(R) Atom(TM) CPU N570 @ 1.66GHz (&quot;GenuineIntel&quot; 686-class) 1.67 GHz
cpu0: FPU,V86,DE,PSE,TSC,MSR,PAE,MCE,CX8,APIC,SEP,MTRR,PGE,MCA,CMOV,PAT,PSE36,CFLUSH,DS,ACPI,MMX,FXSR,SSE,SSE2,SS,HTT,TM,SBF,NXE,LONG,SSE3,MWAIT,DS-CPL,VMX,EST,TM2,SSSE3,CX16,xTPR,PDCM,MOVBE,LAHF
real mem  = 2135588864 (2036MB)
avail mem = 2089824256 (1993MB)
mainbus0 at root
bios0 at mainbus0: AT/286+ BIOS, date 02/05/10, SMBIOS rev. 2.6 @ 0xeae60 (52 entries)
bios0: vendor American Megatrends Inc. version &quot;P10QD0.43&quot; date 02/08/2012
bios0: INTEL Corporation Tiger Hill
acpi0 at bios0: rev 3
acpi0: sleep states S0 S1 S3 S4 S5
acpi0: tables DSDT FACP APIC MCFG HPET
acpi0: wakeup devices P0P8(S4) P0P9(S4) P0PA(S4) P0PB(S4) P0PC(S4) SLPB(S4)
acpitimer0 at acpi0: 3579545 Hz, 24 bits
acpimadt0 at acpi0 addr 0xfee00000: PC-AT compat
cpu0 at mainbus0: apid 0 (boot processor)
cpu0: apic clock running at 166MHz
cpu1 at mainbus0: apid 1 (application processor)
cpu1: Intel(R) Atom(TM) CPU N570 @ 1.66GHz (&quot;GenuineIntel&quot; 686-class) 1.67 GHz
cpu1: FPU,V86,DE,PSE,TSC,MSR,PAE,MCE,CX8,APIC,SEP,MTRR,PGE,MCA,CMOV,PAT,PSE36,CFLUSH,DS,ACPI,MMX,FXSR,SSE,SSE2,SS,HTT,TM,SBF,NXE,LONG,SSE3,MWAIT,DS-CPL,VMX,EST,TM2,SSSE3,CX16,xTPR,PDCM,MOVBE,LAHF
cpu2 at mainbus0: apid 2 (application processor)
cpu2: Intel(R) Atom(TM) CPU N570 @ 1.66GHz (&quot;GenuineIntel&quot; 686-class) 1.67 GHz
cpu2: FPU,V86,DE,PSE,TSC,MSR,PAE,MCE,CX8,APIC,SEP,MTRR,PGE,MCA,CMOV,PAT,PSE36,CFLUSH,DS,ACPI,MMX,FXSR,SSE,SSE2,SS,HTT,TM,SBF,NXE,LONG,SSE3,MWAIT,DS-CPL,VMX,EST,TM2,SSSE3,CX16,xTPR,PDCM,MOVBE,LAHF
cpu3 at mainbus0: apid 3 (application processor)
cpu3: Intel(R) Atom(TM) CPU N570 @ 1.66GHz (&quot;GenuineIntel&quot; 686-class) 1.67 GHz
cpu3: FPU,V86,DE,PSE,TSC,MSR,PAE,MCE,CX8,APIC,SEP,MTRR,PGE,MCA,CMOV,PAT,PSE36,CFLUSH,DS,ACPI,MMX,FXSR,SSE,SSE2,SS,HTT,TM,SBF,NXE,LONG,SSE3,MWAIT,DS-CPL,VMX,EST,TM2,SSSE3,CX16,xTPR,PDCM,MOVBE,LAHF
ioapic0 at mainbus0: apid 4 pa 0xfec00000, version 20, 24 pins
acpimcfg0 at acpi0 addr 0xe0000000, bus 0-63
acpihpet0 at acpi0: 14318179 Hz
acpiprt0 at acpi0: bus 0 (PCI0)
acpiprt1 at acpi0: bus 1 (P0P9)
acpiprt2 at acpi0: bus -1 (P0PA)
acpiprt3 at acpi0: bus 2 (P0PB)
acpiprt4 at acpi0: bus -1 (P0PC)
acpiec0 at acpi0
acpicpu0 at acpi0:, C3, C2, C1, PSS
acpicpu1 at acpi0:, C3, C2, C1, PSS
acpicpu2 at acpi0:, C3, C2, C1, PSS
acpicpu3 at acpi0:, C3, C2, C1, PSS
acpiac0 at acpi0: AC unit online
acpibat0 at acpi0: BAT0 model &quot; &quot; type LION oem &quot; &quot;
acpibtn0 at acpi0: PWRB
acpibtn1 at acpi0: SLPB
acpibtn2 at acpi0: LID0
acpivideo0 at acpi0: GFX0
acpivout0 at acpivideo0: DD02
bios0: ROM list: 0xc0000/0xda00!
cpu0: Enhanced SpeedStep 1663 MHz: speeds: 1667, 1334, 1000 MHz
pci0 at mainbus0 bus 0: configuration mode 1 (bios)
pchb0 at pci0 dev 0 function 0 &quot;Intel Pineview DMI&quot; rev 0x02
vga1 at pci0 dev 2 function 0 &quot;Intel Pineview Video&quot; rev 0x02
wsdisplay0 at vga1 mux 1: console (80x25, vt100 emulation)
wsdisplay0: screen 1-5 added (80x25, vt100 emulation)
intagp0 at vga1
agp0 at intagp0: aperture at 0xc0000000, size 0x10000000
inteldrm0 at vga1: apic 4 int 16
drm0 at inteldrm0
&quot;Intel Pineview Video&quot; rev 0x02 at pci0 dev 2 function 1 not configured
azalia0 at pci0 dev 27 function 0 &quot;Intel 82801GB HD Audio&quot; rev 0x02: msi
azalia0: codecs: Realtek ALC269
audio0 at azalia0
ppb0 at pci0 dev 28 function 0 &quot;Intel 82801GB PCIE&quot; rev 0x02: apic 4 int 16
pci1 at ppb0 bus 1
athn0 at pci1 dev 0 function 0 &quot;Atheros AR9285&quot; rev 0x01: apic 4 int 16
athn0: AR9285 rev 2 (1T1R), ROM rev 14, address xx:xx:xx:xx:xx:xx
ppb1 at pci0 dev 28 function 2 &quot;Intel 82801GB PCIE&quot; rev 0x02: apic 4 int 18
pci2 at ppb1 bus 2
re0 at pci2 dev 0 function 0 &quot;Realtek 8101E&quot; rev 0x02: RTL8102EL (0x2480), apic 4 int 18, address xx:xx:xx:xx:xx:xx
rlphy0 at re0 phy 7: RTL8201L 10/100 PHY, rev. 1
uhci0 at pci0 dev 29 function 0 &quot;Intel 82801GB USB&quot; rev 0x02: apic 4 int 23
uhci1 at pci0 dev 29 function 1 &quot;Intel 82801GB USB&quot; rev 0x02: apic 4 int 19
uhci2 at pci0 dev 29 function 2 &quot;Intel 82801GB USB&quot; rev 0x02: apic 4 int 18
uhci3 at pci0 dev 29 function 3 &quot;Intel 82801GB USB&quot; rev 0x02: apic 4 int 16
ehci0 at pci0 dev 29 function 7 &quot;Intel 82801GB USB&quot; rev 0x02: apic 4 int 23
usb0 at ehci0: USB revision 2.0
uhub0 at usb0 &quot;Intel EHCI root hub&quot; rev 2.00/1.00 addr 1
ppb2 at pci0 dev 30 function 0 &quot;Intel 82801BAM Hub-to-PCI&quot; rev 0xe2
pci3 at ppb2 bus 3
pcib0 at pci0 dev 31 function 0 &quot;Intel NM10 LPC&quot; rev 0x02
ahci0 at pci0 dev 31 function 2 &quot;Intel 82801GR AHCI&quot; rev 0x02: msi, AHCI 1.1
scsibus0 at ahci0: 32 targets
sd0 at scsibus0 targ 0 lun 0: &lt;ATA, Hitachi HTS54755, JE3O&gt; SCSI3 0/direct fixed naa.5000cca63bd6e2a1
sd0: 476940MB, 512 bytes/sector, 976773168 sectors
ichiic0 at pci0 dev 31 function 3 &quot;Intel 82801GB SMBus&quot; rev 0x02: apic 4 int 19
iic0 at ichiic0
spdmem0 at iic0 addr 0x50: 2GB DDR3 SDRAM PC3-10600 SO-DIMM with thermal sensor
usb1 at uhci0: USB revision 1.0
uhub1 at usb1 &quot;Intel UHCI root hub&quot; rev 1.00/1.00 addr 1
usb2 at uhci1: USB revision 1.0
uhub2 at usb2 &quot;Intel UHCI root hub&quot; rev 1.00/1.00 addr 1
usb3 at uhci2: USB revision 1.0
uhub3 at usb3 &quot;Intel UHCI root hub&quot; rev 1.00/1.00 addr 1
usb4 at uhci3: USB revision 1.0
uhub4 at usb4 &quot;Intel UHCI root hub&quot; rev 1.00/1.00 addr 1
isa0 at pcib0
isadma0 at isa0
pckbc0 at isa0 port 0x60/5
pckbd0 at pckbc0 (kbd slot)
pckbc0: using irq 1 for kbd slot
wskbd0 at pckbd0: console keyboard, using wsdisplay0
pms0 at pckbc0 (aux slot)
pckbc0: using irq 12 for aux slot
wsmouse0 at pms0 mux 0
pcppi0 at isa0 port 0x61
spkr0 at pcppi0
npx0 at isa0 port 0xf0/16: reported by CPUID; using exception 16
mtrr: Pentium Pro MTRR support
umass0 at uhub0 port 3 configuration 1 interface 0 &quot;Generic USB2.0-CRW&quot; rev 2.00/58.88 addr 2
umass0: using SCSI over Bulk-Only
scsibus1 at umass0: 2 targets, initiator 0
sd1 at scsibus1 targ 1 lun 0: &lt;Generic-, Multi-Card, 1.00&gt; SCSI0 0/direct removable serial.0bda0159114173400000
sd1: 7647MB, 512 bytes/sector, 15661056 sectors
uhidev0 at uhub1 port 1 configuration 1 interface 0 &quot;A4Tech USB Mouse&quot; rev 1.10/1.05 addr 2
uhidev0: iclass 3/1
ums0 at uhidev0: 8 buttons, Z dir
wsmouse1 at ums0 mux 0
ugen0 at uhub3 port 1 &quot;Atheros Communications AR3011&quot; rev 1.10/2.00 addr 2
vscsi0 at root
scsibus2 at vscsi0: 256 targets
softraid0 at root
scsibus3 at softraid0: 256 targets
root on sd0a (2ddb085a4cc5eb6f.a) swap on sd0b dump on sd0b
wsdisplay0: screen 1 deleted
wsdisplay0: screen 1 added (80x25bf, vt100 emulation)
wsdisplay0: screen 2 deleted
wsdisplay0: screen 2 added (80x25bf, vt100 emulation)
wsdisplay0: screen 3 deleted
wsdisplay0: screen 3 added (80x25bf, vt100 emulation)
wsdisplay0: screen 4 deleted
wsdisplay0: screen 4 added (80x25bf, vt100 emulation)
uvideo0 at uhub0 port 8 configuration 1 interface 0 &quot;GOTEK USB 2.0 Camera&quot; rev 2.00/13.55 addr 3
video0 at uvideo0
hw.sensors.acpiac0.indicator0=On (power supply)
hw.sensors.acpibat0.volt0=7.40 VDC (voltage)
hw.sensors.acpibat0.volt1=8.34 VDC (current voltage)
hw.sensors.acpibat0.power0=65.15 W (rate)
hw.sensors.acpibat0.watthour0=6.86 Wh (last full capacity)
hw.sensors.acpibat0.watthour1=0.18 Wh (warning capacity)
hw.sensors.acpibat0.watthour2=0.09 Wh (low capacity)
hw.sensors.acpibat0.watthour3=6.85 Wh (remaining capacity), OK
hw.sensors.acpibat0.raw0=1 (battery discharging), OK
hw.sensors.cpu0.temp0=68.00 degC


http://moscow.dns-shop.ru/catalog/i140413/101-noutbuk-dns.html

LCD: 10.1&quot;, 1024x600
CPU: Intel Atom N570, 1660 MHz (2 cores, hyperthreading, L2 cache 1 M)
RAM: DDR3, 2 G
Video: Intel GMA 3150
  Video RAM size from /var/log/Xorg.0.log: 262144 KB

works:
  ...
  Touchpad
  Audio (azalia driver)
  Internal microphone
  Video (DRI, external VGA)
  Ethernet (re driver)
  Wifi (athn driver)
  Web camera (uvideo driver)
  Functional keys:
    touchpad disable/enable,
    stand-by,
    LCD brightness up/down,
    volume up/down,
    LCD off/on,
    webcam on/off
  Suspend/resume
  Stand-by/resume
  USB
  MMC slot (umass driver)
  OpenBSD boot from USB

does not work:
  Bluetooth (ugen0?)
  Functional keys:
    volume mute,
    bluetooth on/off,
    wifi on/off

not tested:
  OpenBSD boot from SD/MMC (should work)

</pre>



</div><!-- content -->
<br />
<div id="footer">
All comments/news/posts are the property of their individual owner and
is presented without warranty of suitability, and solely as an
informational resource. <br />
This site Copyright &copy; 2004-2020 NYC*BUG.
</div><!-- footer -->

</body>
</html>

