



<!doctype html>
<html lang="en">
<head>
<meta name="keywords"
	content="bsd, freebsd, openbsd, netbsd, dragonflybsd, nycbug, dmesgd" />
<meta name="description" content="New York City BSD User Group dmesgd" />
<meta charset="utf-8" />
<meta name="viewport" content="width=device-width, initial-scale=1" />
<title>NYC*BUG dmesgd</title>
<style>
body {
	text-align: left;
	margin: 15px auto;
	padding: 0px 10px;
}
@media (min-width: 800px) {
	body {
		max-width: 85%;
	}
}
#header {
	border-bottom: 1px solid #dbdbdb;
	font-size: 230%;
	text-align: left;
}
#footer {
	border-top: 1px solid #dbdbdb;
	clear: both;
	text-align: left;
}
.logo_bug {
	color: #cc0033;
}
#menu ul {
	list-style-type: none;
	margin: 0;
	padding: 0;
}
#menu li {
	float: left;
}
#menu li a {
	display: block;
	background-color: #dbdbdb;
	color: #000000;
	font-size: 105%;
	font-weight: bold;
	padding: 0px 6px 0px 6px;
	text-decoration: none;
}
#content {
	clear: both;
	text-align: left;
	padding-top: 10px;
}
#content h1 {
	font-size: 120%;
	font-weight: bold;
}
#content h2 {
	font-size: 110%;
	font-weight: bold;
}
#content a {
	text-decoration: none;
}
#content pre {
	background-color: #dbdbdb;
	padding: 5px 5px 5px 5px;
	white-space: pre-wrap;		/* css-3 */
	white-space: -moz-pre-wrap;	/* Mozilla, since 1999 */
	white-space: -pre-wrap;		/* Opera 4-6 */
	white-space: -o-pre-wrap;	/* Opera 7 */
	word-wrap: break-word;		/* Internet Explorer 5.5+ */
}
#content table {
	border-collapse: collapse;
}
#content table th {
	border: 1px solid #dbdbdb;
	font-size: 85%;
	white-space: nowrap;
}
#content table td {
	border: 1px solid #dbdbdb;
	font-size: 80%;
}
#content input {
	font-size: 1em;
}
#content .full	{ width: 100%; }
#content .left	{ text-align: left; }
#content .right	{ text-align: right; }
#content .center { text-align: center; }
#content .flexbox {
	display: -ms-flex;
	display: -webkit-flex;
	display: flex;
	width: 100%;
}
#content .left_col {
	min-width: 75px;
	max-width: 50%;
	flex-grow: 0;
}
#content .right_col {
	flex-grow: 1;
	margin-left: 10px;
	padding-top: 10px;
	padding-left: 10px;
}
#col {
	-moz-column-count: 3;
	-webkit-column-count: 3;
	column-count: 3;
}
</style>
</head>
<body>

<div id="header">
<strong><em>NYC*</em><span class="logo_bug">BUG</span> dmesgd</strong>
</div><!-- header -->

<div id="menu">
<ul>
<li><a href="https://dmesgd.nycbug.org/index.cgi?do=index">Home</a></li>
<li><a href="https://dmesgd.nycbug.org/index.cgi?do=submit">Submit</a></li>
<li><a href="https://www.nycbug.org/">NYC*BUG</a></li>
</ul>
</div><!-- menu -->

<div id="content">

<p>
Launched in 2004, dmesgd aims to provide a
<strong>user-submitted</strong> repository of searchable *BSD dmesgs.
The dmesg(8) command displays the system message buffer's content, and
during boot a copy is saved to <em>/var/run/dmesg.boot</em>.  This buffer
contains the operating system release, name and version, a list of
devices identified, plus a whole host of other useful information.  We
hope others find this resource useful and further contribute to its
growth. Contact us at [ admin at lists dot nycbug dot org ].
</p>

<hr />


<strong>Date:</strong> <em>2013-02-26 11:29:52</em><br />
<strong>From:</strong> <em>Mar</em><br />
<strong>Description:</strong> <em>OpenBSD 5.2 on a Tyan  1/2 Depth server </em><br />

<pre>
OpenBSD 5.2 (GENERIC.MP) #339: Wed Aug  1 10:13:24 MDT 2012
    xxx@xxx.xxx:/usr/src/sys/arch/i386/compile/GENERIC.MP
cpu0: Intel(R) Xeon(TM) CPU 2.40GHz (&quot;GenuineIntel&quot; 686-class) 2.40 GHz
cpu0: FPU,V86,DE,PSE,TSC,MSR,PAE,MCE,CX8,APIC,SEP,MTRR,PGE,MCA,CMOV,PAT,PSE36,CFLUSH,DS,ACPI,MMX,FXSR,SSE,SSE2,SS,HTT,TM,SBF,CNXT-ID
real mem  = 2146955264 (2047MB)
avail mem = 2101002240 (2003MB)
mainbus0 at root
bios0 at mainbus0: AT/286+ BIOS, date 04/17/03, BIOS32 rev. 0 @ 0xf0010, SMBIOS rev. 2.3 @ 0xf84a0 (50 entries)
bios0: vendor American Megatrends Inc. version &quot;080006&quot; date 04/17/2003
acpi0 at bios0: rev 0
acpi0: sleep states S0 S1 S4 S5
acpi0: tables DSDT FACP APIC OEMB
acpi0: wakeup devices SLPB(S1) PS2M(S1) PS2K(S1) USB_(S1)
acpitimer0 at acpi0: 3579545 Hz, 32 bits
acpimadt0 at acpi0 addr 0xfee00000: PC-AT compat
cpu0 at mainbus0: apid 0 (boot processor)
cpu0: apic clock running at 132MHz
cpu1 at mainbus0: apid 1 (application processor)
cpu1: Intel(R) Xeon(TM) CPU 2.40GHz (&quot;GenuineIntel&quot; 686-class) 2.40 GHz
cpu1: FPU,V86,DE,PSE,TSC,MSR,PAE,MCE,CX8,APIC,SEP,MTRR,PGE,MCA,CMOV,PAT,PSE36,CFLUSH,DS,ACPI,MMX,FXSR,SSE,SSE2,SS,HTT,TM,SBF,CNXT-ID
cpu2 at mainbus0: apid 6 (application processor)
cpu2: Intel(R) Xeon(TM) CPU 2.40GHz (&quot;GenuineIntel&quot; 686-class) 2.40 GHz
cpu2: FPU,V86,DE,PSE,TSC,MSR,PAE,MCE,CX8,APIC,SEP,MTRR,PGE,MCA,CMOV,PAT,PSE36,CFLUSH,DS,ACPI,MMX,FXSR,SSE,SSE2,SS,HTT,TM,SBF,CNXT-ID
cpu3 at mainbus0: apid 7 (application processor)
cpu3: Intel(R) Xeon(TM) CPU 2.40GHz (&quot;GenuineIntel&quot; 686-class) 2.40 GHz
cpu3: FPU,V86,DE,PSE,TSC,MSR,PAE,MCE,CX8,APIC,SEP,MTRR,PGE,MCA,CMOV,PAT,PSE36,CFLUSH,DS,ACPI,MMX,FXSR,SSE,SSE2,SS,HTT,TM,SBF,CNXT-ID
ioapic0 at mainbus0: apid 8 pa 0xfec00000, version 11, 16 pins
ioapic1 at mainbus0: apid 9 pa 0xfec01000, version 11, 16 pins
ioapic2 at mainbus0: apid 10 pa 0xfec02000, version 11, 16 pins
acpiprt0 at acpi0: bus 0 (NRTH)
acpiprt0: no apic found for irq -1
acpicpu0 at acpi0
acpicpu1 at acpi0
acpicpu2 at acpi0
acpibtn0 at acpi0: SLPB
bios0: ROM list: 0xc0000/0x8000 0xc8000/0x1800
pci0 at mainbus0 bus 0: configuration mode 1 (bios)
pchb0 at pci0 dev 0 function 0 &quot;ServerWorks GCNB-LE Host&quot; rev 0x32
pchb1 at pci0 dev 0 function 1 &quot;ServerWorks GCNB-LE Host&quot; rev 0x00
pci1 at pchb1 bus 1
em0 at pci0 dev 8 function 0 &quot;Intel PRO/1000MT (82540EM)&quot; rev 0x02: apic 9 int 0, address xx:xx:xx:xx:xx:xx
fxp0 at pci0 dev 9 function 0 &quot;Intel 8255x&quot; rev 0x10, i82551: apic 9 int 1, address xx:xx:xx:xx:xx:xx
inphy0 at fxp0 phy 1: i82555 10/100 PHY, rev. 4
vga1 at pci0 dev 10 function 0 &quot;ATI Rage XL&quot; rev 0x27
wsdisplay0 at vga1 mux 1: console (80x25, vt100 emulation)
wsdisplay0: screen 1-5 added (80x25, vt100 emulation)
piixpm0 at pci0 dev 15 function 0 &quot;ServerWorks CSB6&quot; rev 0xa0: polling
iic0 at piixpm0
lm1 at iic0 addr 0x28: W83782D
spdmem0 at iic0 addr 0x50: 512MB DDR SDRAM registered ECC PC2100CL2.5
spdmem1 at iic0 addr 0x52: 512MB DDR SDRAM registered ECC PC2100CL2.5
spdmem2 at iic0 addr 0x54: 512MB DDR SDRAM registered ECC PC2100CL2.5
spdmem3 at iic0 addr 0x56: 512MB DDR SDRAM registered ECC PC2100CL2.5
pciide0 at pci0 dev 15 function 1 &quot;ServerWorks CSB6 RAID/IDE&quot; rev 0xa0: DMA
wd0 at pciide0 channel 0 drive 0: &lt;WDC WD1200JB-00CRA1&gt;
wd0: 16-sector PIO, LBA, 114473MB, 234441648 sectors
wd0(pciide0:0:0): using PIO mode 4, DMA mode 2, Ultra-DMA mode 5
atapiscsi0 at pciide0 channel 1 drive 0
scsibus0 at atapiscsi0: 2 targets
cd0 at scsibus0 targ 0 lun 0: &lt;MITSUMI, CD-ROM SR244W, T01A&gt; ATAPI 5/cdrom removable
cd0(pciide0:1:0): using PIO mode 4, DMA mode 2, Ultra-DMA mode 2
ohci0 at pci0 dev 15 function 2 &quot;ServerWorks CSB6 USB&quot; rev 0x05: apic 8 int 10, version 1.0, legacy support
pchb2 at pci0 dev 15 function 3 &quot;ServerWorks GCLE-2 Host&quot; rev 0x00
usb0 at ohci0: USB revision 1.0
uhub0 at usb0 &quot;ServerWorks OHCI root hub&quot; rev 1.00/1.00 addr 1
isa0 at mainbus0
isadma0 at isa0
com0 at isa0 port 0x3f8/8 irq 4: ns16550a, 16 byte fifo
pckbc0 at isa0 port 0x60/5
pckbd0 at pckbc0 (kbd slot)
pckbc0: using irq 1 for kbd slot
wskbd0 at pckbd0: console keyboard, using wsdisplay0
pcppi0 at isa0 port 0x61
spkr0 at pcppi0
npx0 at isa0 port 0xf0/16: reported by CPUID; using exception 16
mtrr: Pentium Pro MTRR support
vscsi0 at root
scsibus1 at vscsi0: 256 targets
softraid0 at root
scsibus2 at softraid0: 256 targets
root on wd0a (adf4ac386c455c2f.a) swap on wd0b dump on wd0b
</pre>



</div><!-- content -->
<br />
<div id="footer">
All comments/news/posts are the property of their individual owner and
is presented without warranty of suitability, and solely as an
informational resource. <br />
This site Copyright &copy; 2004-2020 NYC*BUG.
</div><!-- footer -->

</body>
</html>

