



<!doctype html>
<html lang="en">
<head>
<meta name="keywords"
	content="bsd, freebsd, openbsd, netbsd, dragonflybsd, nycbug, dmesgd" />
<meta name="description" content="New York City BSD User Group dmesgd" />
<meta charset="utf-8" />
<meta name="viewport" content="width=device-width, initial-scale=1" />
<title>NYC*BUG dmesgd</title>
<style>
body {
	text-align: left;
	margin: 15px auto;
	padding: 0px 10px;
}
@media (min-width: 800px) {
	body {
		max-width: 85%;
	}
}
#header {
	border-bottom: 1px solid #dbdbdb;
	font-size: 230%;
	text-align: left;
}
#footer {
	border-top: 1px solid #dbdbdb;
	clear: both;
	text-align: left;
}
.logo_bug {
	color: #cc0033;
}
#menu ul {
	list-style-type: none;
	margin: 0;
	padding: 0;
}
#menu li {
	float: left;
}
#menu li a {
	display: block;
	background-color: #dbdbdb;
	color: #000000;
	font-size: 105%;
	font-weight: bold;
	padding: 0px 6px 0px 6px;
	text-decoration: none;
}
#content {
	clear: both;
	text-align: left;
	padding-top: 10px;
}
#content h1 {
	font-size: 120%;
	font-weight: bold;
}
#content h2 {
	font-size: 110%;
	font-weight: bold;
}
#content a {
	text-decoration: none;
}
#content pre {
	background-color: #dbdbdb;
	padding: 5px 5px 5px 5px;
	white-space: pre-wrap;		/* css-3 */
	white-space: -moz-pre-wrap;	/* Mozilla, since 1999 */
	white-space: -pre-wrap;		/* Opera 4-6 */
	white-space: -o-pre-wrap;	/* Opera 7 */
	word-wrap: break-word;		/* Internet Explorer 5.5+ */
}
#content table {
	border-collapse: collapse;
}
#content table th {
	border: 1px solid #dbdbdb;
	font-size: 85%;
	white-space: nowrap;
}
#content table td {
	border: 1px solid #dbdbdb;
	font-size: 80%;
}
#content input {
	font-size: 1em;
}
#content .full	{ width: 100%; }
#content .left	{ text-align: left; }
#content .right	{ text-align: right; }
#content .center { text-align: center; }
#content .flexbox {
	display: -ms-flex;
	display: -webkit-flex;
	display: flex;
	width: 100%;
}
#content .left_col {
	min-width: 75px;
	max-width: 50%;
	flex-grow: 0;
}
#content .right_col {
	flex-grow: 1;
	margin-left: 10px;
	padding-top: 10px;
	padding-left: 10px;
}
#col {
	-moz-column-count: 3;
	-webkit-column-count: 3;
	column-count: 3;
}
</style>
</head>
<body>

<div id="header">
<strong><em>NYC*</em><span class="logo_bug">BUG</span> dmesgd</strong>
</div><!-- header -->

<div id="menu">
<ul>
<li><a href="https://dmesgd.nycbug.org/index.cgi?do=index">Home</a></li>
<li><a href="https://dmesgd.nycbug.org/index.cgi?do=submit">Submit</a></li>
<li><a href="https://www.nycbug.org/">NYC*BUG</a></li>
</ul>
</div><!-- menu -->

<div id="content">

<p>
Launched in 2004, dmesgd aims to provide a
<strong>user-submitted</strong> repository of searchable *BSD dmesgs.
The dmesg(8) command displays the system message buffer's content, and
during boot a copy is saved to <em>/var/run/dmesg.boot</em>.  This buffer
contains the operating system release, name and version, a list of
devices identified, plus a whole host of other useful information.  We
hope others find this resource useful and further contribute to its
growth. Contact us at [ admin at lists dot nycbug dot org ].
</p>

<hr />


<strong>Date:</strong> <em>2013-05-12 20:41:07</em><br />
<strong>From:</strong> <em>Aaron</em><br />
<strong>Description:</strong> <em>PandaBoard ES</em><br />

<pre>
OpenBSD 5.3-current (GENERIC) #4: Fri May 10 12:12:04 MDT 2013
    xxx@xxx.xxx:/usr/src/sys/arch/beagle/compile/GENERIC
real mem  = 1073741824 (1024MB)
avail mem = 1045180416 (996MB)
mainbus0 at root
cortex0 at mainbus0
ampintc0 at cortex0 nirq 160
amptimer0 at cortex0: tick rate 396000 KHz
armliicc0 at cortex0: rtl 7 waymask: 0x0000000f
cpu0 at mainbus0: ARM Cortex A9 R2 rev 10 (ARMv7 core)
cpu0: DC enabled IC enabled WB disabled EABT branch prediction enabled
cpu0: 32KB(32b/l,4way) I-cache, 32KB(32b/l,4way) wr-back D-cache
omap0 at mainbus0: PandaBoard
omapid0 at omap0: omap4460
amptimer0: adjusting clock: new tick rate 350000 KHz
prcm0 at omap0
CM_FCLKEN1_CORE 0
CM_ICLKEN1_CORE 0
CM_AUTOIDLE1_CORE 0
CM_FCLKEN_WKUP 0
 CM_IDLEST_WKUP 0
omdog0 at omap0 rev 0.1
omgpio0 at omap0 omap4 rev 0.1
omgpio1 at omap0 omap4 rev 0.1
omgpio2 at omap0 omap4 rev 0.1
omgpio3 at omap0 omap4 rev 0.1
omgpio4 at omap0 omap4 rev 0.1
omgpio5 at omap0 omap4 rev 0.1
ommmc0 at omap0
sdmmc0 at ommmc0
com0 at omap0: ti16750, 64 byte fifo
com0: console
ehci0 at omap0
usb0 at ehci0: USB revision 2.0
uhub0 at usb0 &quot;OMAP44xx EHCI root hub&quot; rev 2.00/1.00 addr 1
/dev/ksyms: Symbol table not valid.
scsibus0 at sdmmc0: 2 targets, initiator 0
sd0 at scsibus0 targ 1 lun 0: &lt;SD/MMC, Drive #01, &gt; SCSI2 0/direct fixed
sd0: 30436MB, 512 bytes/sector, 62333952 sectors
uhub1 at uhub0 port 1 &quot;vendor 0x0424 product 0x9514&quot; rev 2.00/2.00 addr 2
smsc0 at uhub1 port 1 &quot;vendor 0x0424 product 0xec00&quot; rev 2.00/2.00 addr 3
smsc0: address xx:xx:xx:xx:xx:xx
ukphy0 at smsc0 phy 1: Generic IEEE 802.3u media interface, rev. 3: OUI 0x0001f0, model 0x000c
vscsi0 at root
scsibus1 at vscsi0: 256 targets
softraid0 at root
scsibus2 at softraid0: 256 targets
boot device: sd0
root on sd0a (d43866785e7df332.a) swap on sd0b dump on sd0b
WARNING: CHECK AND RESET THE DATE!
</pre>



</div><!-- content -->
<br />
<div id="footer">
All comments/news/posts are the property of their individual owner and
is presented without warranty of suitability, and solely as an
informational resource. <br />
This site Copyright &copy; 2004-2020 NYC*BUG.
</div><!-- footer -->

</body>
</html>

