



<!doctype html>
<html lang="en">
<head>
<meta name="keywords"
	content="bsd, freebsd, openbsd, netbsd, dragonflybsd, nycbug, dmesgd" />
<meta name="description" content="New York City BSD User Group dmesgd" />
<meta charset="utf-8" />
<meta name="viewport" content="width=device-width, initial-scale=1" />
<title>NYC*BUG dmesgd</title>
<style>
body {
	text-align: left;
	margin: 15px auto;
	padding: 0px 10px;
}
@media (min-width: 800px) {
	body {
		max-width: 85%;
	}
}
#header {
	border-bottom: 1px solid #dbdbdb;
	font-size: 230%;
	text-align: left;
}
#footer {
	border-top: 1px solid #dbdbdb;
	clear: both;
	text-align: left;
}
.logo_bug {
	color: #cc0033;
}
#menu ul {
	list-style-type: none;
	margin: 0;
	padding: 0;
}
#menu li {
	float: left;
}
#menu li a {
	display: block;
	background-color: #dbdbdb;
	color: #000000;
	font-size: 105%;
	font-weight: bold;
	padding: 0px 6px 0px 6px;
	text-decoration: none;
}
#content {
	clear: both;
	text-align: left;
	padding-top: 10px;
}
#content h1 {
	font-size: 120%;
	font-weight: bold;
}
#content h2 {
	font-size: 110%;
	font-weight: bold;
}
#content a {
	text-decoration: none;
}
#content pre {
	background-color: #dbdbdb;
	padding: 5px 5px 5px 5px;
	white-space: pre-wrap;		/* css-3 */
	white-space: -moz-pre-wrap;	/* Mozilla, since 1999 */
	white-space: -pre-wrap;		/* Opera 4-6 */
	white-space: -o-pre-wrap;	/* Opera 7 */
	word-wrap: break-word;		/* Internet Explorer 5.5+ */
}
#content table {
	border-collapse: collapse;
}
#content table th {
	border: 1px solid #dbdbdb;
	font-size: 85%;
	white-space: nowrap;
}
#content table td {
	border: 1px solid #dbdbdb;
	font-size: 80%;
}
#content input {
	font-size: 1em;
}
#content .full	{ width: 100%; }
#content .left	{ text-align: left; }
#content .right	{ text-align: right; }
#content .center { text-align: center; }
#content .flexbox {
	display: -ms-flex;
	display: -webkit-flex;
	display: flex;
	width: 100%;
}
#content .left_col {
	min-width: 75px;
	max-width: 50%;
	flex-grow: 0;
}
#content .right_col {
	flex-grow: 1;
	margin-left: 10px;
	padding-top: 10px;
	padding-left: 10px;
}
#col {
	-moz-column-count: 3;
	-webkit-column-count: 3;
	column-count: 3;
}
</style>
</head>
<body>

<div id="header">
<strong><em>NYC*</em><span class="logo_bug">BUG</span> dmesgd</strong>
</div><!-- header -->

<div id="menu">
<ul>
<li><a href="https://dmesgd.nycbug.org/index.cgi?do=index">Home</a></li>
<li><a href="https://dmesgd.nycbug.org/index.cgi?do=submit">Submit</a></li>
<li><a href="https://www.nycbug.org/">NYC*BUG</a></li>
</ul>
</div><!-- menu -->

<div id="content">

<p>
Launched in 2004, dmesgd aims to provide a
<strong>user-submitted</strong> repository of searchable *BSD dmesgs.
The dmesg(8) command displays the system message buffer's content, and
during boot a copy is saved to <em>/var/run/dmesg.boot</em>.  This buffer
contains the operating system release, name and version, a list of
devices identified, plus a whole host of other useful information.  We
hope others find this resource useful and further contribute to its
growth. Contact us at [ admin at lists dot nycbug dot org ].
</p>

<hr />


<strong>Date:</strong> <em>2013-05-22 13:27:01</em><br />
<strong>From:</strong> <em>william</em><br />
<strong>Description:</strong> <em>AMD Athlon(tm) 64 X2 Dual Core Processor 4800+ </em><br />

<pre>
OpenBSD 5.3 (GENERIC.MP) #58: Tue Mar 12 18:43:53 MDT 2013
    xxx@xxx.xxx:/usr/src/sys/arch/i386/compile/GENERIC.MP
cpu0: AMD Athlon(tm) 64 X2 Dual Core Processor 4800+ (&quot;AuthenticAMD&quot; 686-class, 512KB L2 cache) 2.49 GHz
cpu0: FPU,V86,DE,PSE,TSC,MSR,PAE,MCE,CX8,APIC,SEP,MTRR,PGE,MCA,CMOV,PAT,PSE36,CFLUSH,MMX,FXSR,SSE,SSE2,HTT,NXE,MMXX,FFXSR,LONG,3DNOW2,3DNOW,SSE3,CX16,LAHF,CMPLEG,SVM,EAPICSP,AMCR8,3DNOWP
real mem  = 2146758656 (2047MB)
avail mem = 2100682752 (2003MB)
mainbus0 at root
bios0 at mainbus0: AT/286+ BIOS, date 03/11/08, BIOS32 rev. 0 @ 0xf0010, SMBIOS rev. 2.5 @ 0xfc630 (56 entries)
bios0: vendor American Megatrends Inc. version &quot;V2.6&quot; date 03/11/2008
bios0: MSI MS-7369
acpi0 at bios0: rev 0
acpi0: sleep states S0 S1 S4 S5
acpi0: tables DSDT FACP MCFG OEMB HPET SSDT
acpi0: wakeup devices PS2K(S4) PS2M(S4) NSMB(S4) USB0(S4) USB2(S1) P0P1(S4) HDAC(S4) BR10(S4) BR12(S4) BR13(S4) BR11(S4) SLPB(S4) PWRB(S4)
acpitimer0 at acpi0: 3579545 Hz, 24 bits
acpimcfg0 at acpi0 addr 0xe0000000, bus 0-255
acpihpet0 at acpi0: 25000000 Hz
acpiprt0 at acpi0: bus 0 (PCI0)
acpiprt1 at acpi0: bus 1 (P0P1)
acpiprt2 at acpi0: bus 5 (BR10)
acpiprt3 at acpi0: bus 3 (BR12)
acpiprt4 at acpi0: bus 2 (BR13)
acpiprt5 at acpi0: bus 4 (BR11)
acpibtn0 at acpi0: SLPB
acpibtn1 at acpi0: PWRB
mpbios0 at bios0: Intel MP Specification 1.4
cpu0 at mainbus0: apid 0 (boot processor)
cpu0: apic clock running at 198MHz
cpu1 at mainbus0: apid 1 (application processor)
cpu1: AMD Athlon(tm) 64 X2 Dual Core Processor 4800+ (&quot;AuthenticAMD&quot; 686-class, 512KB L2 cache) 2.49 GHz
cpu1: FPU,V86,DE,PSE,TSC,MSR,PAE,MCE,CX8,APIC,SEP,MTRR,PGE,MCA,CMOV,PAT,PSE36,CFLUSH,MMX,FXSR,SSE,SSE2,HTT,NXE,MMXX,FFXSR,LONG,3DNOW2,3DNOW,SSE3,CX16,LAHF,CMPLEG,SVM,EAPICSP,AMCR8,3DNOWP
mpbios0: bus 0 is type PCI   
mpbios0: bus 1 is type PCI   
mpbios0: bus 2 is type PCI   
mpbios0: bus 3 is type PCI   
mpbios0: bus 4 is type PCI   
mpbios0: bus 5 is type PCI   
mpbios0: bus 6 is type ISA   
ioapic0 at mainbus0: apid 2 pa 0xfec00000, version 11, 24 pins
bios0: ROM list: 0xc0000/0xcc00
pci0 at mainbus0 bus 0: configuration mode 1 (bios)
&quot;NVIDIA MCP65 Memory&quot; rev 0xa3 at pci0 dev 0 function 0 not configured
pcib0 at pci0 dev 1 function 0 &quot;NVIDIA MCP65 ISA&quot; rev 0xa3
nviic0 at pci0 dev 1 function 1 &quot;NVIDIA MCP65 SMBus&quot; rev 0xa1
iic0 at nviic0
spdmem0 at iic0 addr 0x50: 1GB DDR2 SDRAM non-parity PC2-5300CL5
spdmem1 at iic0 addr 0x52: 1GB DDR2 SDRAM non-parity PC2-5300CL5
iic1 at nviic0
iic1: addr 0x2f 00=c2 01=0f 02=00 03=01 04=07 05=00 06=18 07=00 08=00 14=14 15=62 16=02 17=05 words 00=c2ff 01=0fff 02=00ff 03=01ff 04=07ff 05=00ff 06=18ff 07=00ff
&quot;NVIDIA MCP65 Memory&quot; rev 0xa1 at pci0 dev 1 function 2 not configured
ohci0 at pci0 dev 2 function 0 &quot;NVIDIA MCP65 USB&quot; rev 0xa3: apic 2 int 7, version 1.0, legacy support
ehci0 at pci0 dev 2 function 1 &quot;NVIDIA MCP65 USB&quot; rev 0xa3: apic 2 int 10
usb0 at ehci0: USB revision 2.0
uhub0 at usb0 &quot;NVIDIA EHCI root hub&quot; rev 2.00/1.00 addr 1
azalia0 at pci0 dev 7 function 0 &quot;NVIDIA MCP65 HD Audio&quot; rev 0xa1: apic 2 int 11
azalia0: codecs: Realtek ALC888
audio0 at azalia0
ppb0 at pci0 dev 8 function 0 &quot;NVIDIA MCP65 PCI&quot; rev 0xa1
pci1 at ppb0 bus 1
&quot;TI TSB12LV26 FireWire&quot; rev 0x00 at pci1 dev 9 function 0 not configured
pciide0 at pci0 dev 9 function 0 &quot;NVIDIA MCP65 IDE&quot; rev 0xa1: DMA, channel 0 configured to compatibility, channel 1 configured to compatibility
pciide0: channel 0 disabled (no drives)
pciide0: channel 1 ignored (disabled)
pciide1 at pci0 dev 10 function 0 &quot;NVIDIA MCP65 SATA&quot; rev 0xa3: DMA
pciide1: using apic 2 int 5 for native-PCI interrupt
wd0 at pciide1 channel 0 drive 0: &lt;WDC WD3200AAKS-00V1A0&gt;
wd0: 16-sector PIO, LBA48, 305245MB, 625142448 sectors
wd0(pciide1:0:0): using PIO mode 4, Ultra-DMA mode 6
wd1 at pciide1 channel 1 drive 0: &lt;MAXTOR STM3320820AS&gt;
wd1: 16-sector PIO, LBA48, 305245MB, 625142448 sectors
atapiscsi0 at pciide1 channel 1 drive 1
scsibus0 at atapiscsi0: 2 targets
cd0 at scsibus0 targ 0 lun 0: &lt;TSSTcorp, CDDVDW SH-S223F, SB00&gt; ATAPI 5/cdrom removable
wd1(pciide1:1:0): using PIO mode 4, Ultra-DMA mode 6
cd0(pciide1:1:1): using PIO mode 4, Ultra-DMA mode 5
ppb1 at pci0 dev 11 function 0 &quot;NVIDIA MCP65 PCIE&quot; rev 0xa1
pci2 at ppb1 bus 2
ppb2 at pci0 dev 12 function 0 &quot;NVIDIA MCP65 PCIE&quot; rev 0xa1
pci3 at ppb2 bus 3
re0 at pci3 dev 0 function 0 &quot;Realtek 8168&quot; rev 0x01: RTL8168 2 (0x3800), apic 2 int 7, address xx:xx:xx:xx:xx:xx
rgephy0 at re0 phy 7: RTL8169S/8110S PHY, rev. 2
ppb3 at pci0 dev 13 function 0 &quot;NVIDIA MCP65 PCIE&quot; rev 0xa1
pci4 at ppb3 bus 4
vga1 at pci4 dev 0 function 0 vendor &quot;NVIDIA&quot;, unknown product 0x0401 rev 0xa1
wsdisplay0 at vga1 mux 1: console (80x25, vt100 emulation)
wsdisplay0: screen 1-5 added (80x25, vt100 emulation)
ppb4 at pci0 dev 14 function 0 &quot;NVIDIA MCP65 PCIE&quot; rev 0xa1
pci5 at ppb4 bus 5
pchb0 at pci0 dev 24 function 0 &quot;AMD AMD64 0Fh HyperTransport&quot; rev 0x00
pchb1 at pci0 dev 24 function 1 &quot;AMD AMD64 0Fh Address Map&quot; rev 0x00
pchb2 at pci0 dev 24 function 2 &quot;AMD AMD64 0Fh DRAM Cfg&quot; rev 0x00
kate0 at pci0 dev 24 function 3 &quot;AMD AMD64 0Fh Misc Cfg&quot; rev 0x00: core rev BH-G2
isa0 at pcib0
isadma0 at isa0
com0 at isa0 port 0x3f8/8 irq 4: ns16550a, 16 byte fifo
pckbc0 at isa0 port 0x60/5
pckbd0 at pckbc0 (kbd slot)
pckbc0: using irq 1 for kbd slot
wskbd0 at pckbd0: console keyboard, using wsdisplay0
pcppi0 at isa0 port 0x61
spkr0 at pcppi0
wbsio0 at isa0 port 0x4e/2: W83627DHG rev 0x23
lm1 at wbsio0 port 0xa10/8: W83627DHG
npx0 at isa0 port 0xf0/16: reported by CPUID; using exception 16
usb1 at ohci0: USB revision 1.0
uhub1 at usb1 &quot;NVIDIA OHCI root hub&quot; rev 1.00/1.00 addr 1
mtrr: Pentium Pro MTRR support
umass0 at uhub0 port 10 configuration 1 interface 0 &quot;Genesys Logic USB Storage&quot; rev 2.00/97.12 addr 2
umass0: using SCSI over Bulk-Only
scsibus1 at umass0: 2 targets, initiator 0
sd0 at scsibus1 targ 1 lun 0: &lt;Generic, STORAGE DEVICE, 9712&gt; SCSI0 0/direct removable
sd1 at scsibus1 targ 1 lun 1: &lt;Generic, STORAGE DEVICE, 9712&gt; SCSI0 0/direct removable
sd2 at scsibus1 targ 1 lun 2: &lt;Generic, STORAGE DEVICE, 9712&gt; SCSI0 0/direct removable
sd3 at scsibus1 targ 1 lun 3: &lt;Generic, STORAGE DEVICE, 9712&gt; SCSI0 0/direct removable
uhidev0 at uhub1 port 2 configuration 1 interface 0 &quot;Logitech USB Trackball&quot; rev 1.10/14.00 addr 2
uhidev0: iclass 3/1
ums0 at uhidev0: 5 buttons
wsmouse0 at ums0 mux 0
vscsi0 at root
scsibus2 at vscsi0: 256 targets
softraid0 at root
scsibus3 at softraid0: 256 targets
root on wd1a (95d0d44aec71ad84.a) swap on wd1b dump on wd1b

</pre>



</div><!-- content -->
<br />
<div id="footer">
All comments/news/posts are the property of their individual owner and
is presented without warranty of suitability, and solely as an
informational resource. <br />
This site Copyright &copy; 2004-2020 NYC*BUG.
</div><!-- footer -->

</body>
</html>

