



<!doctype html>
<html lang="en">
<head>
<meta name="keywords"
	content="bsd, freebsd, openbsd, netbsd, dragonflybsd, nycbug, dmesgd" />
<meta name="description" content="New York City BSD User Group dmesgd" />
<meta charset="utf-8" />
<meta name="viewport" content="width=device-width, initial-scale=1" />
<title>NYC*BUG dmesgd</title>
<style>
body {
	text-align: left;
	margin: 15px auto;
	padding: 0px 10px;
}
@media (min-width: 800px) {
	body {
		max-width: 85%;
	}
}
#header {
	border-bottom: 1px solid #dbdbdb;
	font-size: 230%;
	text-align: left;
}
#footer {
	border-top: 1px solid #dbdbdb;
	clear: both;
	text-align: left;
}
.logo_bug {
	color: #cc0033;
}
#menu ul {
	list-style-type: none;
	margin: 0;
	padding: 0;
}
#menu li {
	float: left;
}
#menu li a {
	display: block;
	background-color: #dbdbdb;
	color: #000000;
	font-size: 105%;
	font-weight: bold;
	padding: 0px 6px 0px 6px;
	text-decoration: none;
}
#content {
	clear: both;
	text-align: left;
	padding-top: 10px;
}
#content h1 {
	font-size: 120%;
	font-weight: bold;
}
#content h2 {
	font-size: 110%;
	font-weight: bold;
}
#content a {
	text-decoration: none;
}
#content pre {
	background-color: #dbdbdb;
	padding: 5px 5px 5px 5px;
	white-space: pre-wrap;		/* css-3 */
	white-space: -moz-pre-wrap;	/* Mozilla, since 1999 */
	white-space: -pre-wrap;		/* Opera 4-6 */
	white-space: -o-pre-wrap;	/* Opera 7 */
	word-wrap: break-word;		/* Internet Explorer 5.5+ */
}
#content table {
	border-collapse: collapse;
}
#content table th {
	border: 1px solid #dbdbdb;
	font-size: 85%;
	white-space: nowrap;
}
#content table td {
	border: 1px solid #dbdbdb;
	font-size: 80%;
}
#content input {
	font-size: 1em;
}
#content .full	{ width: 100%; }
#content .left	{ text-align: left; }
#content .right	{ text-align: right; }
#content .center { text-align: center; }
#content .flexbox {
	display: -ms-flex;
	display: -webkit-flex;
	display: flex;
	width: 100%;
}
#content .left_col {
	min-width: 75px;
	max-width: 50%;
	flex-grow: 0;
}
#content .right_col {
	flex-grow: 1;
	margin-left: 10px;
	padding-top: 10px;
	padding-left: 10px;
}
#col {
	-moz-column-count: 3;
	-webkit-column-count: 3;
	column-count: 3;
}
</style>
</head>
<body>

<div id="header">
<strong><em>NYC*</em><span class="logo_bug">BUG</span> dmesgd</strong>
</div><!-- header -->

<div id="menu">
<ul>
<li><a href="https://dmesgd.nycbug.org/index.cgi?do=index">Home</a></li>
<li><a href="https://dmesgd.nycbug.org/index.cgi?do=submit">Submit</a></li>
<li><a href="https://www.nycbug.org/">NYC*BUG</a></li>
</ul>
</div><!-- menu -->

<div id="content">

<p>
Launched in 2004, dmesgd aims to provide a
<strong>user-submitted</strong> repository of searchable *BSD dmesgs.
The dmesg(8) command displays the system message buffer's content, and
during boot a copy is saved to <em>/var/run/dmesg.boot</em>.  This buffer
contains the operating system release, name and version, a list of
devices identified, plus a whole host of other useful information.  We
hope others find this resource useful and further contribute to its
growth. Contact us at [ admin at lists dot nycbug dot org ].
</p>

<hr />


<strong>Date:</strong> <em>2013-05-22 15:14:54</em><br />
<strong>From:</strong> <em>dexar</em><br />
<strong>Description:</strong> <em>QEMU OpenBSD</em><br />

<pre>
OpenBSD 5.3-stable (GENERIC) #1: Sun May 19 14:14:29 PDT 2013
    xxx@xxx.xxx:/usr/src/sys/arch/amd64/compile/GENERIC
real mem = 1072672768 (1022MB)
avail mem = 1021710336 (974MB)
mainbus0 at root
bios0 at mainbus0: SMBIOS rev. 2.4 @ 0x3ffffef0 (10 entries)
bios0: vendor Bochs version &quot;Bochs&quot; date 01/01/2007
bios0: Bochs Bochs
acpi0 at bios0: rev 0
acpi0: sleep states S3 S4 S5
acpi0: tables DSDT FACP SSDT APIC HPET
acpi0: wakeup devices
acpitimer0 at acpi0: 3579545 Hz, 24 bits
acpimadt0 at acpi0 addr 0xfee00000: PC-AT compat
acpihpet0 at acpi0: 100000000 Hz
acpiprt0 at acpi0: bus 0 (PCI0)
acpicpu0 at acpi0
mpbios at bios0 not configured
cpu0 at mainbus0: (uniprocessor)
cpu0: QEMU Virtual CPU version 0.12.3, 2600.62 MHz
cpu0: FPU,DE,PSE,TSC,MSR,PAE,MCE,CX8,APIC,SEP,MTRR,PGE,MCA,CMOV,PAT,PSE36,CFLUSH,MMX,FXSR,SSE,SSE2,SSE3,CX16,POPCNT,NXE,LONG,LAHF,ABM,SSE4A,PERF
cpu0: 64KB 64b/line 2-way I-cache, 64KB 64b/line 2-way D-cache, 512KB 64b/line 16-way L2 cache
cpu0: ITLB 255 4KB entries direct-mapped, 255 4MB entries direct-mapped
cpu0: DTLB 255 4KB entries direct-mapped, 255 4MB entries direct-mapped
pci0 at mainbus0 bus 0
pchb0 at pci0 dev 0 function 0 &quot;Intel 82441FX&quot; rev 0x02
pcib0 at pci0 dev 1 function 0 &quot;Intel 82371SB ISA&quot; rev 0x00
pciide0 at pci0 dev 1 function 1 &quot;Intel 82371SB IDE&quot; rev 0x00: DMA, channel 0 wired to compatibility, channel 1 wired to compatibility
wd0 at pciide0 channel 0 drive 0: &lt;QEMU HARDDISK&gt;
wd0: 16-sector PIO, LBA48, 40960MB, 83886080 sectors
atapiscsi0 at pciide0 channel 0 drive 1
scsibus0 at atapiscsi0: 2 targets
cd0 at scsibus0 targ 0 lun 0: &lt;QEMU, QEMU DVD-ROM, 0.12&gt; ATAPI 5/cdrom removable
wd0(pciide0:0:0): using PIO mode 0, DMA mode 2
cd0(pciide0:0:1): using PIO mode 0
atapiscsi1 at pciide0 channel 1 drive 0
scsibus1 at atapiscsi1: 2 targets
cd1 at scsibus1 targ 0 lun 0: &lt;QEMU, QEMU DVD-ROM, 0.12&gt; ATAPI 5/cdrom removable
cd1(pciide0:1:0): using PIO mode 0
&quot;Intel 82371SB USB&quot; rev 0x01 at pci0 dev 1 function 2 not configured
piixpm0 at pci0 dev 1 function 3 &quot;Intel 82371AB Power&quot; rev 0x03: irq 9
iic0 at piixpm0
iic0: addr 0x4c 48=00 words 00=0000 01=0000 02=0000 03=0000 04=0000 05=0000 06=0000 07=0000
iic0: addr 0x4e 48=00 words 00=0000 01=0000 02=0000 03=0000 04=0000 05=0000 06=0000 07=0000
vga1 at pci0 dev 2 function 0 &quot;Cirrus Logic CL-GD5446&quot; rev 0x00
wsdisplay0 at vga1 mux 1: console (80x25, vt100 emulation)
wsdisplay0: screen 1-5 added (80x25, vt100 emulation)
em0 at pci0 dev 3 function 0 &quot;Intel PRO/1000MT (82540EM)&quot; rev 0x03: irq 11, address xx:xx:xx:xx:xx:xx
isa0 at pcib0
isadma0 at isa0
com0 at isa0 port 0x3f8/8 irq 4: ns16550a, 16 byte fifo
com0: probed fifo depth: 0 bytes
pckbc0 at isa0 port 0x60/5
pckbd0 at pckbc0 (kbd slot)
pckbc0: using irq 1 for kbd slot
wskbd0 at pckbd0: console keyboard, using wsdisplay0
pms0 at pckbc0 (aux slot)
pckbc0: using irq 12 for aux slot
wsmouse0 at pms0 mux 0
pcppi0 at isa0 port 0x61
spkr0 at pcppi0
fdc0 at isa0 port 0x3f0/6 irq 6 drq 2
fd0 at fdc0 drive 0: density unknown
fd1 at fdc0 drive 1: density unknown
nvram: invalid checksum
mtrr: Pentium Pro MTRR support
vscsi0 at root
scsibus2 at vscsi0: 256 targets
softraid0 at root
scsibus3 at softraid0: 256 targets
root on wd0a (305608fa0d4a82e0.a) swap on wd0b dump on wd0b
clock: unknown CMOS layout

</pre>



</div><!-- content -->
<br />
<div id="footer">
All comments/news/posts are the property of their individual owner and
is presented without warranty of suitability, and solely as an
informational resource. <br />
This site Copyright &copy; 2004-2020 NYC*BUG.
</div><!-- footer -->

</body>
</html>

