



<!doctype html>
<html lang="en">
<head>
<meta name="keywords"
	content="bsd, freebsd, openbsd, netbsd, dragonflybsd, nycbug, dmesgd" />
<meta name="description" content="New York City BSD User Group dmesgd" />
<meta charset="utf-8" />
<meta name="viewport" content="width=device-width, initial-scale=1" />
<title>NYC*BUG dmesgd</title>
<style>
body {
	text-align: left;
	margin: 15px auto;
	padding: 0px 10px;
}
@media (min-width: 800px) {
	body {
		max-width: 85%;
	}
}
#header {
	border-bottom: 1px solid #dbdbdb;
	font-size: 230%;
	text-align: left;
}
#footer {
	border-top: 1px solid #dbdbdb;
	clear: both;
	text-align: left;
}
.logo_bug {
	color: #cc0033;
}
#menu ul {
	list-style-type: none;
	margin: 0;
	padding: 0;
}
#menu li {
	float: left;
}
#menu li a {
	display: block;
	background-color: #dbdbdb;
	color: #000000;
	font-size: 105%;
	font-weight: bold;
	padding: 0px 6px 0px 6px;
	text-decoration: none;
}
#content {
	clear: both;
	text-align: left;
	padding-top: 10px;
}
#content h1 {
	font-size: 120%;
	font-weight: bold;
}
#content h2 {
	font-size: 110%;
	font-weight: bold;
}
#content a {
	text-decoration: none;
}
#content pre {
	background-color: #dbdbdb;
	padding: 5px 5px 5px 5px;
	white-space: pre-wrap;		/* css-3 */
	white-space: -moz-pre-wrap;	/* Mozilla, since 1999 */
	white-space: -pre-wrap;		/* Opera 4-6 */
	white-space: -o-pre-wrap;	/* Opera 7 */
	word-wrap: break-word;		/* Internet Explorer 5.5+ */
}
#content table {
	border-collapse: collapse;
}
#content table th {
	border: 1px solid #dbdbdb;
	font-size: 85%;
	white-space: nowrap;
}
#content table td {
	border: 1px solid #dbdbdb;
	font-size: 80%;
}
#content input {
	font-size: 1em;
}
#content .full	{ width: 100%; }
#content .left	{ text-align: left; }
#content .right	{ text-align: right; }
#content .center { text-align: center; }
#content .flexbox {
	display: -ms-flex;
	display: -webkit-flex;
	display: flex;
	width: 100%;
}
#content .left_col {
	min-width: 75px;
	max-width: 50%;
	flex-grow: 0;
}
#content .right_col {
	flex-grow: 1;
	margin-left: 10px;
	padding-top: 10px;
	padding-left: 10px;
}
#col {
	-moz-column-count: 3;
	-webkit-column-count: 3;
	column-count: 3;
}
</style>
</head>
<body>

<div id="header">
<strong><em>NYC*</em><span class="logo_bug">BUG</span> dmesgd</strong>
</div><!-- header -->

<div id="menu">
<ul>
<li><a href="https://dmesgd.nycbug.org/index.cgi?do=index">Home</a></li>
<li><a href="https://dmesgd.nycbug.org/index.cgi?do=submit">Submit</a></li>
<li><a href="https://www.nycbug.org/">NYC*BUG</a></li>
</ul>
</div><!-- menu -->

<div id="content">

<p>
Launched in 2004, dmesgd aims to provide a
<strong>user-submitted</strong> repository of searchable *BSD dmesgs.
The dmesg(8) command displays the system message buffer's content, and
during boot a copy is saved to <em>/var/run/dmesg.boot</em>.  This buffer
contains the operating system release, name and version, a list of
devices identified, plus a whole host of other useful information.  We
hope others find this resource useful and further contribute to its
growth. Contact us at [ admin at lists dot nycbug dot org ].
</p>

<hr />


<strong>Date:</strong> <em>2013-05-24 14:56:13</em><br />
<strong>From:</strong> <em>william</em><br />
<strong>Description:</strong> <em>MSI Z77A-G45 intel 3i sata3</em><br />

<pre>
OpenBSD 5.3 (GENERIC.MP) #58: Tue Mar 12 18:43:53 MDT 2013
    xxx@xxx.xxx:/usr/src/sys/arch/i386/compile/GENERIC.MP
cpu0: Intel(R) Core(TM) i3-3220 CPU @ 3.30GHz (&quot;GenuineIntel&quot; 686-class) 3.31 GHz
cpu0: FPU,V86,DE,PSE,TSC,MSR,PAE,MCE,CX8,APIC,SEP,MTRR,PGE,MCA,CMOV,PAT,PSE36,CFLUSH,DS,ACPI,MMX,FXSR,SSE,SSE2,SS,HTT,TM,PBE,NXE,LONG,SSE3,PCLMUL,DTES64,MWAIT,DS-CPL,VMX,EST,TM2,SSSE3,CX16,xTPR,PDCM,PCID,SSE4.1,SSE4.2,POPCNT,DEADLINE,XSAVE,AVX,F16C,LAHF,PERF,ITSC,FSGSBASE,SMEP,ERMS
real mem  = 3639713792 (3471MB)
avail mem = 3569254400 (3403MB)
mainbus0 at root
bios0 at mainbus0: AT/286+ BIOS, date 12/22/11, SMBIOS rev. 2.7 @ 0xeb6e0 (75 entries)
bios0: vendor American Megatrends Inc. version &quot;V2.9&quot; date 01/18/2013
bios0: MSI MS-7752
acpi0 at bios0: rev 2
acpi0: sleep states S0 S3 S4 S5
acpi0: tables DSDT FACP APIC FPDT MCFG SSDT HPET SSDT SSDT SSDT BGRT BGRT
acpi0: wakeup devices PS2K(S3) PS2M(S3) P0P1(S4) USB1(S3) USB2(S3) USB3(S3) USB4(S3) USB5(S3) USB6(S3) USB7(S3) PXSX(S4) RP01(S4) PXSX(S4) RP02(S4) PXSX(S4) RP03(S4) PXSX(S4) RP04(S4) PXSX(S4) RP05(S4) PXSX(S4) RP06(S4) PXSX(S4) RP07(S4) PXSX(S4) RP08(S4) PEGP(S4) PEG0(S4) PEG1(S4) PEG2(S4) PEG3(S4) GLAN(S4) EHC1(S4) EHC2(S4) XHC_(S4) HDEF(S4) PWRB(S3)
acpitimer0 at acpi0: 3579545 Hz, 24 bits
acpimadt0 at acpi0 addr 0xfee00000: PC-AT compat
cpu0 at mainbus0: apid 0 (boot processor)
cpu0: apic clock running at 100MHz
cpu1 at mainbus0: apid 2 (application processor)
cpu1: Intel(R) Core(TM) i3-3220 CPU @ 3.30GHz (&quot;GenuineIntel&quot; 686-class) 3.31 GHz
cpu1: FPU,V86,DE,PSE,TSC,MSR,PAE,MCE,CX8,APIC,SEP,MTRR,PGE,MCA,CMOV,PAT,PSE36,CFLUSH,DS,ACPI,MMX,FXSR,SSE,SSE2,SS,HTT,TM,PBE,NXE,LONG,SSE3,PCLMUL,DTES64,MWAIT,DS-CPL,VMX,EST,TM2,SSSE3,CX16,xTPR,PDCM,PCID,SSE4.1,SSE4.2,POPCNT,DEADLINE,XSAVE,AVX,F16C,LAHF,PERF,ITSC,FSGSBASE,SMEP,ERMS
cpu2 at mainbus0: apid 1 (application processor)
cpu2: Intel(R) Core(TM) i3-3220 CPU @ 3.30GHz (&quot;GenuineIntel&quot; 686-class) 3.31 GHz
cpu2: FPU,V86,DE,PSE,TSC,MSR,PAE,MCE,CX8,APIC,SEP,MTRR,PGE,MCA,CMOV,PAT,PSE36,CFLUSH,DS,ACPI,MMX,FXSR,SSE,SSE2,SS,HTT,TM,PBE,NXE,LONG,SSE3,PCLMUL,DTES64,MWAIT,DS-CPL,VMX,EST,TM2,SSSE3,CX16,xTPR,PDCM,PCID,SSE4.1,SSE4.2,POPCNT,DEADLINE,XSAVE,AVX,F16C,LAHF,PERF,ITSC,FSGSBASE,SMEP,ERMS
cpu3 at mainbus0: apid 3 (application processor)
cpu3: Intel(R) Core(TM) i3-3220 CPU @ 3.30GHz (&quot;GenuineIntel&quot; 686-class) 3.31 GHz
cpu3: FPU,V86,DE,PSE,TSC,MSR,PAE,MCE,CX8,APIC,SEP,MTRR,PGE,MCA,CMOV,PAT,PSE36,CFLUSH,DS,ACPI,MMX,FXSR,SSE,SSE2,SS,HTT,TM,PBE,NXE,LONG,SSE3,PCLMUL,DTES64,MWAIT,DS-CPL,VMX,EST,TM2,SSSE3,CX16,xTPR,PDCM,PCID,SSE4.1,SSE4.2,POPCNT,DEADLINE,XSAVE,AVX,F16C,LAHF,PERF,ITSC,FSGSBASE,SMEP,ERMS
ioapic0 at mainbus0: apid 2 pa 0xfec00000, version 20, 24 pins
acpimcfg0 at acpi0 addr 0xf8000000, bus 0-63
acpihpet0 at acpi0: 14318179 Hz
acpiprt0 at acpi0: bus 0 (PCI0)
acpiprt1 at acpi0: bus -1 (P0P1)
acpiprt2 at acpi0: bus 1 (RP01)
acpiprt3 at acpi0: bus 2 (RP02)
acpiprt4 at acpi0: bus -1 (RP03)
acpiprt5 at acpi0: bus -1 (RP04)
acpiprt6 at acpi0: bus -1 (RP05)
acpiprt7 at acpi0: bus -1 (RP06)
acpiprt8 at acpi0: bus -1 (RP07)
acpiprt9 at acpi0: bus -1 (RP08)
acpiprt10 at acpi0: bus -1 (PEG0)
acpiprt11 at acpi0: bus -1 (PEG1)
acpiprt12 at acpi0: bus -1 (PEG2)
acpiprt13 at acpi0: bus -1 (PEG3)
acpiec0 at acpi0: Failed to read resource settings
acpicpu0 at acpi0: C3, C1, PSS
acpicpu1 at acpi0: C3, C1, PSS
acpicpu2 at acpi0: C3, C1, PSS
acpicpu3 at acpi0: C3, C1, PSS
acpipwrres0 at acpi0: FN00
acpipwrres1 at acpi0: FN01
acpipwrres2 at acpi0: FN02
acpipwrres3 at acpi0: FN03
acpipwrres4 at acpi0: FN04
acpitz0 at acpi0: critical temperature is 106 degC
acpitz1 at acpi0: critical temperature is 106 degC
acpibat0 at acpi0: BAT0 not present
acpibat1 at acpi0: BAT1 not present
acpibat2 at acpi0: BAT2 not present
acpibtn0 at acpi0: PWRB
acpibtn1 at acpi0: LID0
acpivideo0 at acpi0: GFX0
acpivout0 at acpivideo0: DD02
bios0: ROM list: 0xc0000/0xe600
cpu0: Enhanced SpeedStep 3301 MHz: speeds: 3300, 3200, 3100, 3000, 2800, 2700, 2600, 2500, 2400, 2300, 2200, 2100, 1900, 1800, 1700, 1600 MHz
pci0 at mainbus0 bus 0: configuration mode 1 (bios)
pchb0 at pci0 dev 0 function 0 &quot;Intel Xeon E3-1200v2 Host&quot; rev 0x09
vga1 at pci0 dev 2 function 0 &quot;Intel HD Graphics 2500&quot; rev 0x09
wsdisplay0 at vga1 mux 1: console (80x25, vt100 emulation)
wsdisplay0: screen 1-5 added (80x25, vt100 emulation)
intagp0 at vga1
agp0 at intagp0: aperture at 0xe0000000, size 0x10000000
inteldrm0 at vga1: apic 2 int 16
drm0 at inteldrm0
&quot;Intel 7 Series xHCI&quot; rev 0x04 at pci0 dev 20 function 0 not configured
&quot;Intel 7 Series MEI&quot; rev 0x04 at pci0 dev 22 function 0 not configured
ehci0 at pci0 dev 26 function 0 &quot;Intel 7 Series USB&quot; rev 0x04: apic 2 int 16
usb0 at ehci0: USB revision 2.0
uhub0 at usb0 &quot;Intel EHCI root hub&quot; rev 2.00/1.00 addr 1
azalia0 at pci0 dev 27 function 0 &quot;Intel 7 Series HD Audio&quot; rev 0x04: msi
azalia0: codecs: Realtek/0x0892, Intel/0x2806, using Realtek/0x0892
audio0 at azalia0
ppb0 at pci0 dev 28 function 0 &quot;Intel 7 Series PCIE&quot; rev 0xc4: apic 2 int 16
pci1 at ppb0 bus 1
ppb1 at pci0 dev 28 function 1 &quot;Intel 7 Series PCIE&quot; rev 0xc4: apic 2 int 17
pci2 at ppb1 bus 2
re0 at pci2 dev 0 function 0 &quot;Realtek 8168&quot; rev 0x06: RTL8168E/8111E-VL (0x2c80), apic 2 int 17, address ..:..:..:..:..:..
rgephy0 at re0 phy 7: RTL8169S/8110S PHY, rev. 5
ehci1 at pci0 dev 29 function 0 &quot;Intel 7 Series USB&quot; rev 0x04: apic 2 int 23
usb1 at ehci1: USB revision 2.0
uhub1 at usb1 &quot;Intel EHCI root hub&quot; rev 2.00/1.00 addr 1
pcib0 at pci0 dev 31 function 0 &quot;Intel Z77 LPC&quot; rev 0x04
ahci0 at pci0 dev 31 function 2 &quot;Intel 7 Series AHCI&quot; rev 0x04: msi, AHCI 1.3
scsibus0 at ahci0: 32 targets
sd0 at scsibus0 targ 0 lun 0: &lt;ATA, ST500DM002-1BD14, KC45&gt; SCSI3 0/direct fixed naa.5000c5005e1e3ba8
sd0: 476940MB, 512 bytes/sector, 976773168 sectors
sd1 at scsibus0 targ 4 lun 0: &lt;ATA, MAXTOR STM332082, 3.AA&gt; SCSI3 0/direct fixed t10.ATA_MAXTOR_STM3320820AS_9QFAFYDE
sd1: 305245MB, 512 bytes/sector, 625142448 sectors
sd2 at scsibus0 targ 5 lun 0: &lt;ATA, WDC WD3200AAKS-0, 05.0&gt; SCSI3 0/direct fixed naa.50014ee001d281f8
sd2: 305245MB, 512 bytes/sector, 625142448 sectors
ichiic0 at pci0 dev 31 function 3 &quot;Intel 7 Series SMBus&quot; rev 0x04: apic 2 int 18
iic0 at ichiic0
spdmem0 at iic0 addr 0x50: 2GB DDR3 SDRAM PC3-10600
spdmem1 at iic0 addr 0x52: 2GB DDR3 SDRAM PC3-10600
isa0 at pcib0
isadma0 at isa0
com0 at isa0 port 0x3f8/8 irq 4: ns16550a, 16 byte fifo
com0: probed fifo depth: 15 bytes
pckbc0 at isa0 port 0x60/5
pckbd0 at pckbc0 (kbd slot)
pckbc0: using irq 1 for kbd slot
wskbd0 at pckbd0: console keyboard, using wsdisplay0
pcppi0 at isa0 port 0x61
spkr0 at pcppi0
lpt0 at isa0 port 0x378/4 irq 7
npx0 at isa0 port 0xf0/16: reported by CPUID; using exception 16
mtrr: Pentium Pro MTRR support
uhub2 at uhub0 port 1 &quot;Intel Rate Matching Hub&quot; rev 2.00/0.00 addr 2
uhidev0 at uhub2 port 1 configuration 1 interface 0 &quot;Logitech USB Trackball&quot; rev 1.10/14.00 addr 3
uhidev0: iclass 3/1
ums0 at uhidev0: 5 buttons
wsmouse0 at ums0 mux 0
uhub3 at uhub1 port 1 &quot;Intel Rate Matching Hub&quot; rev 2.00/0.00 addr 2
vscsi0 at root
scsibus1 at vscsi0: 256 targets
softraid0 at root
scsibus2 at softraid0: 256 targets
root on sd1a (95d0d44aec71ad84.a) swap on sd1b dump on sd1b

</pre>



</div><!-- content -->
<br />
<div id="footer">
All comments/news/posts are the property of their individual owner and
is presented without warranty of suitability, and solely as an
informational resource. <br />
This site Copyright &copy; 2004-2020 NYC*BUG.
</div><!-- footer -->

</body>
</html>

