



<!doctype html>
<html lang="en">
<head>
<meta name="keywords"
	content="bsd, freebsd, openbsd, netbsd, dragonflybsd, nycbug, dmesgd" />
<meta name="description" content="New York City BSD User Group dmesgd" />
<meta charset="utf-8" />
<meta name="viewport" content="width=device-width, initial-scale=1" />
<title>NYC*BUG dmesgd</title>
<style>
body {
	text-align: left;
	margin: 15px auto;
	padding: 0px 10px;
}
@media (min-width: 800px) {
	body {
		max-width: 85%;
	}
}
#header {
	border-bottom: 1px solid #dbdbdb;
	font-size: 230%;
	text-align: left;
}
#footer {
	border-top: 1px solid #dbdbdb;
	clear: both;
	text-align: left;
}
.logo_bug {
	color: #cc0033;
}
#menu ul {
	list-style-type: none;
	margin: 0;
	padding: 0;
}
#menu li {
	float: left;
}
#menu li a {
	display: block;
	background-color: #dbdbdb;
	color: #000000;
	font-size: 105%;
	font-weight: bold;
	padding: 0px 6px 0px 6px;
	text-decoration: none;
}
#content {
	clear: both;
	text-align: left;
	padding-top: 10px;
}
#content h1 {
	font-size: 120%;
	font-weight: bold;
}
#content h2 {
	font-size: 110%;
	font-weight: bold;
}
#content a {
	text-decoration: none;
}
#content pre {
	background-color: #dbdbdb;
	padding: 5px 5px 5px 5px;
	white-space: pre-wrap;		/* css-3 */
	white-space: -moz-pre-wrap;	/* Mozilla, since 1999 */
	white-space: -pre-wrap;		/* Opera 4-6 */
	white-space: -o-pre-wrap;	/* Opera 7 */
	word-wrap: break-word;		/* Internet Explorer 5.5+ */
}
#content table {
	border-collapse: collapse;
}
#content table th {
	border: 1px solid #dbdbdb;
	font-size: 85%;
	white-space: nowrap;
}
#content table td {
	border: 1px solid #dbdbdb;
	font-size: 80%;
}
#content input {
	font-size: 1em;
}
#content .full	{ width: 100%; }
#content .left	{ text-align: left; }
#content .right	{ text-align: right; }
#content .center { text-align: center; }
#content .flexbox {
	display: -ms-flex;
	display: -webkit-flex;
	display: flex;
	width: 100%;
}
#content .left_col {
	min-width: 75px;
	max-width: 50%;
	flex-grow: 0;
}
#content .right_col {
	flex-grow: 1;
	margin-left: 10px;
	padding-top: 10px;
	padding-left: 10px;
}
#col {
	-moz-column-count: 3;
	-webkit-column-count: 3;
	column-count: 3;
}
</style>
</head>
<body>

<div id="header">
<strong><em>NYC*</em><span class="logo_bug">BUG</span> dmesgd</strong>
</div><!-- header -->

<div id="menu">
<ul>
<li><a href="https://dmesgd.nycbug.org/index.cgi?do=index">Home</a></li>
<li><a href="https://dmesgd.nycbug.org/index.cgi?do=submit">Submit</a></li>
<li><a href="https://www.nycbug.org/">NYC*BUG</a></li>
</ul>
</div><!-- menu -->

<div id="content">

<p>
Launched in 2004, dmesgd aims to provide a
<strong>user-submitted</strong> repository of searchable *BSD dmesgs.
The dmesg(8) command displays the system message buffer's content, and
during boot a copy is saved to <em>/var/run/dmesg.boot</em>.  This buffer
contains the operating system release, name and version, a list of
devices identified, plus a whole host of other useful information.  We
hope others find this resource useful and further contribute to its
growth. Contact us at [ admin at lists dot nycbug dot org ].
</p>

<hr />


<strong>Date:</strong> <em>2013-05-28 09:57:31</em><br />
<strong>From:</strong> <em>doug harry</em><br />
<strong>Description:</strong> <em>OpenBSD 5.3amd64.mp; lenovo ideapad z560; looking good</em><br />

<pre>
OpenBSD 5.3 (GENERIC.MP) #62: Tue Mar 12 18:21:20 MDT 2013
    xxx@xxx.xxx:/usr/src/sys/arch/amd64/compile/GENERIC.MP
real mem = 4149743616 (3957MB)
avail mem = 4016783360 (3830MB)
mainbus0 at root
bios0 at mainbus0: SMBIOS rev. 2.6 @ 0xe9fa0 (49 entries)
bios0: vendor LENOVO version &quot;29CN31WW(V2.08)&quot; date 09/07/2010
bios0: LENOVO 0914
acpi0 at bios0: rev 2
acpi0: sleep states S0 S3 S4 S5
acpi0: tables DSDT FACP ASF! HPET APIC MCFG SLIC BOOT ASPT WDRT SSDT SSDT SSDT
acpi0: wakeup devices P0P2(S4) P0P1(S0) LID0(S3) EHC1(S3) EHR1(S3) USB1(S3) USB2(S3) USB3(S3) USB4(S3) EHC2(S3) EHR2(S3) USB5(S3) USB6(S3) USB7(S3) HDEF(S0) RP01(S3) PXSX(S4) RP05(S3)
acpitimer0 at acpi0: 3579545 Hz, 24 bits
acpihpet0 at acpi0: 14318179 Hz
acpimadt0 at acpi0 addr 0xfee00000: PC-AT compat
cpu0 at mainbus0: apid 0 (boot processor)
cpu0: Intel(R) Core(TM) i5 CPU M 460 @ 2.53GHz, 2793.40 MHz
cpu0: FPU,VME,DE,PSE,TSC,MSR,PAE,MCE,CX8,APIC,SEP,MTRR,PGE,MCA,CMOV,PAT,PSE36,CFLUSH,DS,ACPI,MMX,FXSR,SSE,SSE2,SS,HTT,TM,PBE,SSE3,DTES64,MWAIT,DS-CPL,VMX,EST,TM2,SSSE3,CX16,xTPR,PDCM,PCID,SSE4.1,SSE4.2,POPCNT,NXE,LONG,LAHF,PERF,ITSC
cpu0: 256KB 64b/line 8-way L2 cache
cpu0: apic clock running at 132MHz
cpu1 at mainbus0: apid 1 (application processor)
cpu1: Intel(R) Core(TM) i5 CPU M 460 @ 2.53GHz, 2793.00 MHz
cpu1: FPU,VME,DE,PSE,TSC,MSR,PAE,MCE,CX8,APIC,SEP,MTRR,PGE,MCA,CMOV,PAT,PSE36,CFLUSH,DS,ACPI,MMX,FXSR,SSE,SSE2,SS,HTT,TM,PBE,SSE3,DTES64,MWAIT,DS-CPL,VMX,EST,TM2,SSSE3,CX16,xTPR,PDCM,PCID,SSE4.1,SSE4.2,POPCNT,NXE,LONG,LAHF,PERF,ITSC
cpu1: 256KB 64b/line 8-way L2 cache
cpu2 at mainbus0: apid 4 (application processor)
cpu2: Intel(R) Core(TM) i5 CPU M 460 @ 2.53GHz, 2793.00 MHz
cpu2: FPU,VME,DE,PSE,TSC,MSR,PAE,MCE,CX8,APIC,SEP,MTRR,PGE,MCA,CMOV,PAT,PSE36,CFLUSH,DS,ACPI,MMX,FXSR,SSE,SSE2,SS,HTT,TM,PBE,SSE3,DTES64,MWAIT,DS-CPL,VMX,EST,TM2,SSSE3,CX16,xTPR,PDCM,PCID,SSE4.1,SSE4.2,POPCNT,NXE,LONG,LAHF,PERF,ITSC
cpu2: 256KB 64b/line 8-way L2 cache
cpu3 at mainbus0: apid 5 (application processor)
cpu3: Intel(R) Core(TM) i5 CPU M 460 @ 2.53GHz, 2793.00 MHz
cpu3: FPU,VME,DE,PSE,TSC,MSR,PAE,MCE,CX8,APIC,SEP,MTRR,PGE,MCA,CMOV,PAT,PSE36,CFLUSH,DS,ACPI,MMX,FXSR,SSE,SSE2,SS,HTT,TM,PBE,SSE3,DTES64,MWAIT,DS-CPL,VMX,EST,TM2,SSSE3,CX16,xTPR,PDCM,PCID,SSE4.1,SSE4.2,POPCNT,NXE,LONG,LAHF,PERF,ITSC
cpu3: 256KB 64b/line 8-way L2 cache
ioapic0 at mainbus0: apid 2 pa 0xfec00000, version 20, 24 pins
ioapic0: misconfigured as apic 0, remapped to apid 2
acpimcfg0 at acpi0 addr 0xe0000000, bus 0-255
acpiprt0 at acpi0: bus 0 (PCI0)
acpiprt1 at acpi0: bus 1 (P0P2)
acpiprt2 at acpi0: bus 12 (P0P1)
acpiprt3 at acpi0: bus 2 (RP01)
acpiprt4 at acpi0: bus 6 (RP02)
acpiprt5 at acpi0: bus 7 (RP03)
acpiprt6 at acpi0: bus -1 (RP04)
acpiprt7 at acpi0: bus 8 (RP05)
acpiprt8 at acpi0: bus -1 (RP06)
acpiprt9 at acpi0: bus -1 (RP07)
acpiprt10 at acpi0: bus -1 (RP08)
acpiec0 at acpi0
acpicpu0 at acpi0: C1, PSS
acpicpu1 at acpi0: C1, PSS
acpicpu2 at acpi0: C1, PSS
acpicpu3 at acpi0: C1, PSS
acpitz0 at acpi0: critical temperature is 127 degC
acpibtn0 at acpi0: PWRB
acpibtn1 at acpi0: SLPB
acpibtn2 at acpi0: LID0
acpibat0 at acpi0: BAT1 model &quot;PABAS024&quot; serial 3658Q type LION oem &quot;LG &quot;
acpiac0 at acpi0: AC unit online
acpivideo0 at acpi0: GFX0
acpivout0 at acpivideo0: DD02
acpivout1 at acpivideo0: DD03
acpivideo1 at acpi0: VGA_
acpivout2 at acpivideo1: LCD_
cpu0: Enhanced SpeedStep 2793 MHz: speeds: 2534, 2533, 2399, 2266, 2133, 1999, 1866, 1733, 1599, 1466, 1333, 1199 MHz
pci0 at mainbus0 bus 0
pchb0 at pci0 dev 0 function 0 &quot;Intel Core Host&quot; rev 0x02
ppb0 at pci0 dev 1 function 0 &quot;Intel 3400 PCIE&quot; rev 0x02: msi
pci1 at ppb0 bus 1
vga1 at pci1 dev 0 function 0 vendor &quot;NVIDIA&quot;, unknown product 0x0a70 rev 0xa2
wsdisplay0 at vga1 mux 1: console (80x25, vt100 emulation)
wsdisplay0: screen 1-5 added (80x25, vt100 emulation)
azalia0 at pci1 dev 0 function 1 vendor &quot;NVIDIA&quot;, unknown product 0x0be3 rev 0xa1: msi
azalia0: no supported codecs
&quot;Intel 3400 MEI&quot; rev 0x06 at pci0 dev 22 function 0 not configured
ehci0 at pci0 dev 26 function 0 &quot;Intel 3400 USB&quot; rev 0x05: apic 2 int 16
usb0 at ehci0: USB revision 2.0
uhub0 at usb0 &quot;Intel EHCI root hub&quot; rev 2.00/1.00 addr 1
azalia1 at pci0 dev 27 function 0 &quot;Intel 3400 HD Audio&quot; rev 0x05: msi
azalia1: codecs: Conexant/0x5069
audio0 at azalia1
ppb1 at pci0 dev 28 function 0 &quot;Intel 3400 PCIE&quot; rev 0x05: msi
pci2 at ppb1 bus 2
ppb2 at pci0 dev 28 function 1 &quot;Intel 3400 PCIE&quot; rev 0x05: msi
pci3 at ppb2 bus 6
athn0 at pci3 dev 0 function 0 &quot;Atheros AR9285&quot; rev 0x01: apic 2 int 17
athn0: AR9285 rev 2 (1T1R), ROM rev 14, address xx:xx:xx:xx:xx:xx
ppb3 at pci0 dev 28 function 2 &quot;Intel 3400 PCIE&quot; rev 0x05: msi
pci4 at ppb3 bus 7
re0 at pci4 dev 0 function 0 &quot;Realtek 8101E&quot; rev 0x02: RTL8102EL (0x2480), apic 2 int 18, address xx:xx:xx:xx:xx:xx
rlphy0 at re0 phy 7: RTL8201L 10/100 PHY, rev. 1
ppb4 at pci0 dev 28 function 4 &quot;Intel 3400 PCIE&quot; rev 0x05: msi
pci5 at ppb4 bus 8
ehci1 at pci0 dev 29 function 0 &quot;Intel 3400 USB&quot; rev 0x05: apic 2 int 23
usb1 at ehci1: USB revision 2.0
uhub1 at usb1 &quot;Intel EHCI root hub&quot; rev 2.00/1.00 addr 1
ppb5 at pci0 dev 30 function 0 &quot;Intel 82801BAM Hub-to-PCI&quot; rev 0xa5
pci6 at ppb5 bus 12
pcib0 at pci0 dev 31 function 0 &quot;Intel HM55 LPC&quot; rev 0x05
ahci0 at pci0 dev 31 function 2 &quot;Intel 3400 AHCI&quot; rev 0x05: msi, AHCI 1.3
scsibus0 at ahci0: 32 targets
sd0 at scsibus0 targ 0 lun 0: &lt;ATA, WDC WD5000BEVT-2, 01.0&gt; SCSI3 0/direct fixed naa.50014ee60066a527
sd0: 476940MB, 512 bytes/sector, 976773168 sectors
cd0 at scsibus0 targ 1 lun 0: &lt;Slimtype, DVD A DS8A4S, JL61&gt; ATAPI 5/cdrom removable
ichiic0 at pci0 dev 31 function 3 &quot;Intel 3400 SMBus&quot; rev 0x05: apic 2 int 19
iic0 at ichiic0
spdmem0 at iic0 addr 0x50: 4GB DDR3 SDRAM PC3-8500 SO-DIMM
itherm0 at pci0 dev 31 function 6 &quot;Intel 3400 Thermal&quot; rev 0x05
isa0 at pcib0
isadma0 at isa0
pckbc0 at isa0 port 0x60/5
pckbd0 at pckbc0 (kbd slot)
pckbc0: using irq 1 for kbd slot
wskbd0 at pckbd0: console keyboard, using wsdisplay0
pms0 at pckbc0 (aux slot)
pckbc0: using irq 12 for aux slot
wsmouse0 at pms0 mux 0
pms0: Synaptics touchpad, firmware 7.2
pcppi0 at isa0 port 0x61
spkr0 at pcppi0
pci7 at mainbus0 bus 255
pchb1 at pci7 dev 0 function 0 vendor &quot;Intel&quot;, unknown product 0x2c62 rev 0x02
pchb2 at pci7 dev 0 function 1 vendor &quot;Intel&quot;, unknown product 0x2d01 rev 0x02
pchb3 at pci7 dev 2 function 0 vendor &quot;Intel&quot;, unknown product 0x2d10 rev 0x02
pchb4 at pci7 dev 2 function 1 vendor &quot;Intel&quot;, unknown product 0x2d11 rev 0x02
pchb5 at pci7 dev 2 function 2 vendor &quot;Intel&quot;, unknown product 0x2d12 rev 0x02
pchb6 at pci7 dev 2 function 3 vendor &quot;Intel&quot;, unknown product 0x2d13 rev 0x02
mtrr: Pentium Pro MTRR support
uhub2 at uhub0 port 1 &quot;Intel Rate Matching Hub&quot; rev 2.00/0.00 addr 2
ugen0 at uhub2 port 4 &quot;Broadcom Corp Broadcom Bluetooth 2.1 Device&quot; rev 2.00/4.72 addr 3
uhub3 at uhub1 port 1 &quot;Intel Rate Matching Hub&quot; rev 2.00/0.00 addr 2
umass0 at uhub3 port 1 configuration 1 interface 0 &quot; Patriot Memory&quot; rev 2.00/1.00 addr 3
umass0: using SCSI over Bulk-Only
scsibus1 at umass0: 2 targets, initiator 0
sd1 at scsibus1 targ 1 lun 0: &lt;, Patriot Memory, PMAP&gt; SCSI0 0/direct removable serial.13fe38000D01EDBB4952
sd1: 7640MB, 512 bytes/sector, 15646720 sectors
uvideo0 at uhub3 port 3 configuration 1 interface 0 &quot;Image Processor Lenovo EasyCamera&quot; rev 2.00/19.26 addr 4
video0 at uvideo0
vscsi0 at root
scsibus2 at vscsi0: 256 targets
softraid0 at root
scsibus3 at softraid0: 256 targets
root on sd1a (681c445602fb1299.a) swap on sd1b dump on sd1b
umass1 at uhub3 port 4 configuration 1 interface 0 &quot;SanDisk Cruzer&quot; rev 2.00/1.00 addr 5
umass1: using SCSI over Bulk-Only
scsibus4 at umass1: 2 targets, initiator 0
sd2 at scsibus4 targ 1 lun 0: &lt;SanDisk, Cruzer, 1.03&gt; SCSI2 0/direct removable serial.078155309002E23089B9
sd2: 7633MB, 512 bytes/sector, 15633408 sectors

</pre>



</div><!-- content -->
<br />
<div id="footer">
All comments/news/posts are the property of their individual owner and
is presented without warranty of suitability, and solely as an
informational resource. <br />
This site Copyright &copy; 2004-2020 NYC*BUG.
</div><!-- footer -->

</body>
</html>

