



<!doctype html>
<html lang="en">
<head>
<meta name="keywords"
	content="bsd, freebsd, openbsd, netbsd, dragonflybsd, nycbug, dmesgd" />
<meta name="description" content="New York City BSD User Group dmesgd" />
<meta charset="utf-8" />
<meta name="viewport" content="width=device-width, initial-scale=1" />
<title>NYC*BUG dmesgd</title>
<style>
body {
	text-align: left;
	margin: 15px auto;
	padding: 0px 10px;
}
@media (min-width: 800px) {
	body {
		max-width: 85%;
	}
}
#header {
	border-bottom: 1px solid #dbdbdb;
	font-size: 230%;
	text-align: left;
}
#footer {
	border-top: 1px solid #dbdbdb;
	clear: both;
	text-align: left;
}
.logo_bug {
	color: #cc0033;
}
#menu ul {
	list-style-type: none;
	margin: 0;
	padding: 0;
}
#menu li {
	float: left;
}
#menu li a {
	display: block;
	background-color: #dbdbdb;
	color: #000000;
	font-size: 105%;
	font-weight: bold;
	padding: 0px 6px 0px 6px;
	text-decoration: none;
}
#content {
	clear: both;
	text-align: left;
	padding-top: 10px;
}
#content h1 {
	font-size: 120%;
	font-weight: bold;
}
#content h2 {
	font-size: 110%;
	font-weight: bold;
}
#content a {
	text-decoration: none;
}
#content pre {
	background-color: #dbdbdb;
	padding: 5px 5px 5px 5px;
	white-space: pre-wrap;		/* css-3 */
	white-space: -moz-pre-wrap;	/* Mozilla, since 1999 */
	white-space: -pre-wrap;		/* Opera 4-6 */
	white-space: -o-pre-wrap;	/* Opera 7 */
	word-wrap: break-word;		/* Internet Explorer 5.5+ */
}
#content table {
	border-collapse: collapse;
}
#content table th {
	border: 1px solid #dbdbdb;
	font-size: 85%;
	white-space: nowrap;
}
#content table td {
	border: 1px solid #dbdbdb;
	font-size: 80%;
}
#content input {
	font-size: 1em;
}
#content .full	{ width: 100%; }
#content .left	{ text-align: left; }
#content .right	{ text-align: right; }
#content .center { text-align: center; }
#content .flexbox {
	display: -ms-flex;
	display: -webkit-flex;
	display: flex;
	width: 100%;
}
#content .left_col {
	min-width: 75px;
	max-width: 50%;
	flex-grow: 0;
}
#content .right_col {
	flex-grow: 1;
	margin-left: 10px;
	padding-top: 10px;
	padding-left: 10px;
}
#col {
	-moz-column-count: 3;
	-webkit-column-count: 3;
	column-count: 3;
}
</style>
</head>
<body>

<div id="header">
<strong><em>NYC*</em><span class="logo_bug">BUG</span> dmesgd</strong>
</div><!-- header -->

<div id="menu">
<ul>
<li><a href="https://dmesgd.nycbug.org/index.cgi?do=index">Home</a></li>
<li><a href="https://dmesgd.nycbug.org/index.cgi?do=submit">Submit</a></li>
<li><a href="https://www.nycbug.org/">NYC*BUG</a></li>
</ul>
</div><!-- menu -->

<div id="content">

<p>
Launched in 2004, dmesgd aims to provide a
<strong>user-submitted</strong> repository of searchable *BSD dmesgs.
The dmesg(8) command displays the system message buffer's content, and
during boot a copy is saved to <em>/var/run/dmesg.boot</em>.  This buffer
contains the operating system release, name and version, a list of
devices identified, plus a whole host of other useful information.  We
hope others find this resource useful and further contribute to its
growth. Contact us at [ admin at lists dot nycbug dot org ].
</p>

<hr />


<strong>Date:</strong> <em>2013-06-08 16:00:35</em><br />
<strong>From:</strong> <em>Aaron B.</em><br />
<strong>Description:</strong> <em>OpenBSD -current (>5.3) running on a Chromebook Pixel</em><br />

<pre>
OpenBSD 5.3-current (GENERIC.MP) #131: Thu Jun  6 23:57:24 MDT 2013
    xxx@xxx.xxx:/usr/src/sys/arch/amd64/compile/GENERIC.MP
real mem = 4211867648 (4016MB)
avail mem = 4092014592 (3902MB)
User Kernel Config
UKC&gt; disable inteldrm
  4 inteldrm* disabled
UKC&gt; quit
Continuing...
mainbus0 at root
bios0 at mainbus0: SMBIOS rev. 2.7 @ 0xacedc820 (10 entries)
bios0: vendor coreboot version &quot;(null)&quot; date 12/10/2012
bios0: GOOGLE Link
acpi0 at bios0: rev 2
acpi0: sleep states S0 S3 S4 S5
acpi0: tables DSDT FACP HPET APIC MCFG SSDT
acpi0: wakeup devices LID0(S5) TPAD(S3) TSCR(S3) HDEF(S4) EHC1(S4) EHC2(S4)
acpitimer0 at acpi0: 3579545 Hz, 24 bits
acpihpet0 at acpi0: 14318179 Hz
acpimadt0 at acpi0 addr 0xfee00000: PC-AT compat
cpu0 at mainbus0: apid 0 (boot processor)
cpu0: Intel(R) Core(TM) i5-3427U CPU @ 1.80GHz, 1796.19 MHz
cpu0: FPU,VME,DE,PSE,TSC,MSR,PAE,MCE,CX8,APIC,SEP,MTRR,PGE,MCA,CMOV,PAT,PSE36,CFLUSH,DS,ACPI,MMX,FXSR,SSE,SSE2,SS,HTT,TM,PBE,SSE3,PCLMUL,DTES64,MWAIT,DS-CPL,VMX,SMX,EST,TM2,SSSE3,CX16,xTPR,PDCM,PCID,SSE4.1,SSE4.2,x2APIC,POPCNT,DEADLINE,AES,XSAVE,AVX,F16C,RDRAND,NXE,LONG,LAHF,PERF,ITSC,FSGSBASE,SMEP,ERMS
cpu0: 256KB 64b/line 8-way L2 cache
cpu0: smt 0, core 0, package 0
cpu0: apic clock running at 99MHz
cpu1 at mainbus0: apid 1 (application processor)
cpu1: Intel(R) Core(TM) i5-3427U CPU @ 1.80GHz, 1795.93 MHz
cpu1: FPU,VME,DE,PSE,TSC,MSR,PAE,MCE,CX8,APIC,SEP,MTRR,PGE,MCA,CMOV,PAT,PSE36,CFLUSH,DS,ACPI,MMX,FXSR,SSE,SSE2,SS,HTT,TM,PBE,SSE3,PCLMUL,DTES64,MWAIT,DS-CPL,VMX,SMX,EST,TM2,SSSE3,CX16,xTPR,PDCM,PCID,SSE4.1,SSE4.2,x2APIC,POPCNT,DEADLINE,AES,XSAVE,AVX,F16C,RDRAND,NXE,LONG,LAHF,PERF,ITSC,FSGSBASE,SMEP,ERMS
cpu1: 256KB 64b/line 8-way L2 cache
cpu1: smt 1, core 0, package 0
cpu2 at mainbus0: apid 2 (application processor)
cpu2: Intel(R) Core(TM) i5-3427U CPU @ 1.80GHz, 1795.93 MHz
cpu2: FPU,VME,DE,PSE,TSC,MSR,PAE,MCE,CX8,APIC,SEP,MTRR,PGE,MCA,CMOV,PAT,PSE36,CFLUSH,DS,ACPI,MMX,FXSR,SSE,SSE2,SS,HTT,TM,PBE,SSE3,PCLMUL,DTES64,MWAIT,DS-CPL,VMX,SMX,EST,TM2,SSSE3,CX16,xTPR,PDCM,PCID,SSE4.1,SSE4.2,x2APIC,POPCNT,DEADLINE,AES,XSAVE,AVX,F16C,RDRAND,NXE,LONG,LAHF,PERF,ITSC,FSGSBASE,SMEP,ERMS
cpu2: 256KB 64b/line 8-way L2 cache
cpu2: smt 0, core 1, package 0
cpu3 at mainbus0: apid 3 (application processor)
cpu3: Intel(R) Core(TM) i5-3427U CPU @ 1.80GHz, 1795.93 MHz
cpu3: FPU,VME,DE,PSE,TSC,MSR,PAE,MCE,CX8,APIC,SEP,MTRR,PGE,MCA,CMOV,PAT,PSE36,CFLUSH,DS,ACPI,MMX,FXSR,SSE,SSE2,SS,HTT,TM,PBE,SSE3,PCLMUL,DTES64,MWAIT,DS-CPL,VMX,SMX,EST,TM2,SSSE3,CX16,xTPR,PDCM,PCID,SSE4.1,SSE4.2,x2APIC,POPCNT,DEADLINE,AES,XSAVE,AVX,F16C,RDRAND,NXE,LONG,LAHF,PERF,ITSC,FSGSBASE,SMEP,ERMS
cpu3: 256KB 64b/line 8-way L2 cache
cpu3: smt 1, core 1, package 0
ioapic0 at mainbus0: apid 2 pa 0xfec00000, version 20, 24 pins
acpimcfg0 at acpi0 addr 0xf0000000, bus 0-63
acpiprt0 at acpi0: bus 0 (PCI0)
acpiprt1 at acpi0: bus 1 (RP01)
acpiprt2 at acpi0: bus -1 (RP02)
acpiprt3 at acpi0: bus -1 (RP03)
acpiprt4 at acpi0: bus -1 (RP04)
acpiprt5 at acpi0: bus -1 (RP05)
acpiprt6 at acpi0: bus -1 (RP06)
acpiprt7 at acpi0: bus -1 (RP07)
acpiprt8 at acpi0: bus -1 (RP08)
acpiec0 at acpi0
acpicpu0 at acpi0: C3, C2, C1, PSS
acpicpu1 at acpi0: C3, C2, C1, PSS
acpicpu2 at acpi0: C3, C2, C1, PSS
acpicpu3 at acpi0: C3, C2, C1, PSS
acpitz0 at acpi0: critical temperature is 104 degC
acpitz1 at acpi0: critical temperature is 104 degC
acpipwrres0 at acpi0: TNP0
acpipwrres1 at acpi0: TNP1
acpibtn0 at acpi0: LID0
acpibtn1 at acpi0: PWRB
acpibtn2 at acpi0: TPAD
acpibtn3 at acpi0: TSCR
acpiac0 at acpi0: AC unit online
acpibat0 at acpi0: BAT0 model &quot;374992949825&quot; serial 1144140850 type LION oem &quot;5527118&quot;
acpivideo0 at acpi0: GFX0
cpu0: Enhanced SpeedStep 1796 MHz: speeds: 1801, 1800, 1600, 1400, 1200, 1000, 800 MHz
pci0 at mainbus0 bus 0
pchb0 at pci0 dev 0 function 0 &quot;Intel Core 3G Host&quot; rev 0x09
vga1 at pci0 dev 2 function 0 &quot;Intel HD Graphics 4000&quot; rev 0x09
intagp0 at vga1
agp0 at intagp0: aperture at 0xd0000000, size 0x10000000
wsdisplay0 at vga1 mux 1: console (80x25, vt100 emulation)
wsdisplay0: screen 1-5 added (80x25, vt100 emulation)
ehci0 at pci0 dev 26 function 0 &quot;Intel 7 Series USB&quot; rev 0x04: apic 2 int 21
usb0 at ehci0: USB revision 2.0
uhub0 at usb0 &quot;Intel EHCI root hub&quot; rev 2.00/1.00 addr 1
azalia0 at pci0 dev 27 function 0 &quot;Intel 7 Series HD Audio&quot; rev 0x04: msi
azalia0: codecs: Creative Labs/0x0011, Intel/0x2806, using Creative Labs/0x0011
audio0 at azalia0
ppb0 at pci0 dev 28 function 0 &quot;Intel 7 Series PCIE&quot; rev 0xc4
pci1 at ppb0 bus 1
vendor &quot;Atheros&quot;, unknown product 0x0034 (class network subclass miscellaneous, rev 0x01) at pci1 dev 0 function 0 not configured
ehci1 at pci0 dev 29 function 0 &quot;Intel 7 Series USB&quot; rev 0x04: apic 2 int 19
usb1 at ehci1: USB revision 2.0
uhub1 at usb1 &quot;Intel EHCI root hub&quot; rev 2.00/1.00 addr 1
pcib0 at pci0 dev 31 function 0 &quot;Intel HM75 LPC&quot; rev 0x04
ahci0 at pci0 dev 31 function 2 &quot;Intel 7 Series AHCI&quot; rev 0x04: msi, AHCI 1.3
scsibus0 at ahci0: 32 targets
sd0 at scsibus0 targ 0 lun 0: &lt;ATA, SanDisk SSD i100, 11.5&gt; SCSI3 0/direct fixed naa.5001b4481a401f31
sd0: 61057MB, 512 bytes/sector, 125045424 sectors, thin
ichiic0 at pci0 dev 31 function 3 &quot;Intel 7 Series SMBus&quot; rev 0x04: apic 2 int 23
iic0 at ichiic0
iic0: addr 0x24 03=04 09=52 0a=57 0b=15 0c=07 0d=08 0e=06 0f=13 words 00=00ff 01=00ff 02=00ff 03=04ff 04=00ff 05=00ff 06=00ff 07=00ff
vendor &quot;Intel&quot;, unknown product 0x1e24 (class DASP subclass miscellaneous, rev 0x04) at pci0 dev 31 function 6 not configured
isa0 at pcib0
isadma0 at isa0
com0 at isa0 port 0x3f8/8 irq 4: ns16450, no fifo
pckbc0 at isa0 port 0x60/5
pckbd0 at pckbc0 (kbd slot)
pckbc0: using irq 1 for kbd slot
wskbd0 at pckbd0: console keyboard, using wsdisplay0
pcppi0 at isa0 port 0x61
spkr0 at pcppi0
mtrr: Pentium Pro MTRR support
uhub2 at uhub0 port 1 &quot;Intel Rate Matching Hub&quot; rev 2.00/0.00 addr 2
uvideo0 at uhub2 port 1 configuration 1 interface 0 &quot;Namuga Chromebook HD WebCam&quot; rev 2.00/0.06 addr 3
video0 at uvideo0
ugen0 at uhub2 port 2 &quot;Foxconn product 0xe057&quot; rev 1.10/0.01 addr 4
uhub3 at uhub1 port 1 &quot;Intel Rate Matching Hub&quot; rev 2.00/0.00 addr 2
cdce0 at uhub3 port 6 configuration 1 interface 6 &quot;Novatel Wireless, Inc. Novatel Wireless 4G&quot; rev 2.00/0.00 addr 3
cdce0: address xx:xx:xx:xx:xx:xx
ugen1 at uhub3 port 6 configuration 1 &quot;Novatel Wireless, Inc. Novatel Wireless 4G&quot; rev 2.00/0.00 addr 3
vscsi0 at root
scsibus1 at vscsi0: 256 targets
softraid0 at root
scsibus2 at softraid0: 256 targets
root on sd0a (d70873c9bcf48f43.a) swap on sd0b dump on sd0b
WARNING: / was not properly unmounted
clock: unknown CMOS layout


</pre>



</div><!-- content -->
<br />
<div id="footer">
All comments/news/posts are the property of their individual owner and
is presented without warranty of suitability, and solely as an
informational resource. <br />
This site Copyright &copy; 2004-2020 NYC*BUG.
</div><!-- footer -->

</body>
</html>

