



<!doctype html>
<html lang="en">
<head>
<meta name="keywords"
	content="bsd, freebsd, openbsd, netbsd, dragonflybsd, nycbug, dmesgd" />
<meta name="description" content="New York City BSD User Group dmesgd" />
<meta charset="utf-8" />
<meta name="viewport" content="width=device-width, initial-scale=1" />
<title>NYC*BUG dmesgd</title>
<style>
body {
	text-align: left;
	margin: 15px auto;
	padding: 0px 10px;
}
@media (min-width: 800px) {
	body {
		max-width: 85%;
	}
}
#header {
	border-bottom: 1px solid #dbdbdb;
	font-size: 230%;
	text-align: left;
}
#footer {
	border-top: 1px solid #dbdbdb;
	clear: both;
	text-align: left;
}
.logo_bug {
	color: #cc0033;
}
#menu ul {
	list-style-type: none;
	margin: 0;
	padding: 0;
}
#menu li {
	float: left;
}
#menu li a {
	display: block;
	background-color: #dbdbdb;
	color: #000000;
	font-size: 105%;
	font-weight: bold;
	padding: 0px 6px 0px 6px;
	text-decoration: none;
}
#content {
	clear: both;
	text-align: left;
	padding-top: 10px;
}
#content h1 {
	font-size: 120%;
	font-weight: bold;
}
#content h2 {
	font-size: 110%;
	font-weight: bold;
}
#content a {
	text-decoration: none;
}
#content pre {
	background-color: #dbdbdb;
	padding: 5px 5px 5px 5px;
	white-space: pre-wrap;		/* css-3 */
	white-space: -moz-pre-wrap;	/* Mozilla, since 1999 */
	white-space: -pre-wrap;		/* Opera 4-6 */
	white-space: -o-pre-wrap;	/* Opera 7 */
	word-wrap: break-word;		/* Internet Explorer 5.5+ */
}
#content table {
	border-collapse: collapse;
}
#content table th {
	border: 1px solid #dbdbdb;
	font-size: 85%;
	white-space: nowrap;
}
#content table td {
	border: 1px solid #dbdbdb;
	font-size: 80%;
}
#content input {
	font-size: 1em;
}
#content .full	{ width: 100%; }
#content .left	{ text-align: left; }
#content .right	{ text-align: right; }
#content .center { text-align: center; }
#content .flexbox {
	display: -ms-flex;
	display: -webkit-flex;
	display: flex;
	width: 100%;
}
#content .left_col {
	min-width: 75px;
	max-width: 50%;
	flex-grow: 0;
}
#content .right_col {
	flex-grow: 1;
	margin-left: 10px;
	padding-top: 10px;
	padding-left: 10px;
}
#col {
	-moz-column-count: 3;
	-webkit-column-count: 3;
	column-count: 3;
}
</style>
</head>
<body>

<div id="header">
<strong><em>NYC*</em><span class="logo_bug">BUG</span> dmesgd</strong>
</div><!-- header -->

<div id="menu">
<ul>
<li><a href="https://dmesgd.nycbug.org/index.cgi?do=index">Home</a></li>
<li><a href="https://dmesgd.nycbug.org/index.cgi?do=submit">Submit</a></li>
<li><a href="https://www.nycbug.org/">NYC*BUG</a></li>
</ul>
</div><!-- menu -->

<div id="content">

<p>
Launched in 2004, dmesgd aims to provide a
<strong>user-submitted</strong> repository of searchable *BSD dmesgs.
The dmesg(8) command displays the system message buffer's content, and
during boot a copy is saved to <em>/var/run/dmesg.boot</em>.  This buffer
contains the operating system release, name and version, a list of
devices identified, plus a whole host of other useful information.  We
hope others find this resource useful and further contribute to its
growth. Contact us at [ admin at lists dot nycbug dot org ].
</p>

<hr />


<strong>Date:</strong> <em>2013-07-08 17:36:50</em><br />
<strong>From:</strong> <em>Marcio Carneiro</em><br />
<strong>Description:</strong> <em>LENOVO version "D4KT16AUS" date 12/29/2010 - LENOVO IdeaCentre B300 10051</em><br />

<pre>
dmesg
OpenBSD 5.1 (GENERIC.MP) #207: Sun Feb 12 09:42:14 MST 2012
    xxx@xxx.xxx:/usr/src/sys/arch/amd64/compile/GENERIC.MP
real mem = 3184132096 (3036MB)
avail mem = 3085271040 (2942MB)
mainbus0 at root
bios0 at mainbus0: SMBIOS rev. 2.5 @ 0xfb820 (50 entries)
bios0: vendor LENOVO version &quot;D4KT16AUS&quot; date 12/29/2010
bios0: LENOVO IdeaCentre B300 10051
acpi0 at bios0: rev 0
acpi0: sleep states S0 S3 S4 S5
acpi0: tables DSDT FACP APIC MCFG SLIC SSDT OEMB GSCI ETDT HPET SSDT
acpi0: wakeup devices P0P2(S4) P0P3(S4) P0P1(S4) PS2K(S4) PS2M(S4) USB0(S4) USB1(S4) USB2(S4) USB3(S4) EUSB(S4) MC97(S4) P0P4(S4) P0P5(S4) P0P6(S4) P0P7(S4) P0P8(S4) P0P9(S4)
acpitimer0 at acpi0: 3579545 Hz, 24 bits
acpimadt0 at acpi0 addr 0xfee00000: PC-AT compat
cpu0 at mainbus0: apid 0 (boot processor)
cpu0: Pentium(R) Dual-Core CPU E5800 @ 3.20GHz, 3192.44 MHz
cpu0: FPU,VME,DE,PSE,TSC,MSR,PAE,MCE,CX8,APIC,SEP,MTRR,PGE,MCA,CMOV,PAT,PSE36,CFLUSH,DS,ACPI,MMX,FXSR,SSE,SSE2,SS,HTT,TM,SBF,SSE3,MWAIT,DS-CPL,VMX,EST,TM2,SSSE3,CX16,xTPR,PDCM,XSAVE,NXE,LONG,LAHF
cpu0: 2MB 64b/line 8-way L2 cache
cpu0: apic clock running at 203MHz
cpu1 at mainbus0: apid 1 (application processor)
cpu1: Pentium(R) Dual-Core CPU E5800 @ 3.20GHz, 3255.84 MHz
cpu1: FPU,VME,DE,PSE,TSC,MSR,PAE,MCE,CX8,APIC,SEP,MTRR,PGE,MCA,CMOV,PAT,PSE36,CFLUSH,DS,ACPI,MMX,FXSR,SSE,SSE2,SS,HTT,TM,SBF,SSE3,MWAIT,DS-CPL,VMX,EST,TM2,SSSE3,CX16,xTPR,PDCM,XSAVE,NXE,LONG,LAHF
cpu1: 2MB 64b/line 8-way L2 cache
ioapic0 at mainbus0: apid 2 pa 0xfec00000, version 20, 24 pins
acpimcfg0 at acpi0 addr 0xf0000000, bus 0-63
acpihpet0 at acpi0: 14318179 Hz
acpiprt0 at acpi0: bus 0 (PCI0)
acpiprt1 at acpi0: bus 5 (P0P1)
acpiprt2 at acpi0: bus 1 (P0P4)
acpiprt3 at acpi0: bus 2 (P0P5)
acpiprt4 at acpi0: bus 3 (P0P6)
acpiprt5 at acpi0: bus 4 (P0P7)
acpicpu0 at acpi0: C3, C2, C1, PSS
acpicpu1 at acpi0: C3, C2, C1, PSS
acpibtn0 at acpi0: PWRB
cpu0: Enhanced SpeedStep 3255 MHz: speeds: 3200, 2800, 2400, 2000, 1600, 1200 MHz
pci0 at mainbus0 bus 0
pchb0 at pci0 dev 0 function 0 &quot;Intel G41 Host&quot; rev 0x03
vga1 at pci0 dev 2 function 0 &quot;Intel G41 Video&quot; rev 0x03
wsdisplay0 at vga1 mux 1: console (80x25, vt100 emulation)
wsdisplay0: screen 1-5 added (80x25, vt100 emulation)
intagp0 at vga1
agp0 at intagp0: aperture at 0xe0000000, size 0x10000000
inteldrm0 at vga1: apic 2 int 16
drm0 at inteldrm0
azalia0 at pci0 dev 27 function 0 &quot;Intel 82801GB HD Audio&quot; rev 0x01: msi
azalia0: codecs: Realtek ALC662
audio0 at azalia0
ppb0 at pci0 dev 28 function 0 &quot;Intel 82801GB PCIE&quot; rev 0x01: msi
pci1 at ppb0 bus 1
re0 at pci1 dev 0 function 0 &quot;Realtek 8101E&quot; rev 0x02: RTL8102EL (0x2480), apic 2 int 16, address xx:xx:xx:xx:xx:xx
rlphy0 at re0 phy 7: RTL8201L 10/100 PHY, rev. 1
ppb1 at pci0 dev 28 function 1 &quot;Intel 82801GB PCIE&quot; rev 0x01: msi
pci2 at ppb1 bus 2
athn0 at pci2 dev 0 function 0 &quot;Atheros AR9285&quot; rev 0x01: apic 2 int 17
athn0: AR9285 rev 2 (1T1R), ROM rev 14, address xx:xx:xx:xx:xx:xx
ppb2 at pci0 dev 28 function 2 &quot;Intel 82801GB PCIE&quot; rev 0x01: msi
pci3 at ppb2 bus 3
&quot;JMicron FireWire&quot; rev 0x30 at pci3 dev 0 function 0 not configured
&quot;JMicron SD/MMC&quot; rev 0x30 at pci3 dev 0 function 1 not configured
sdhc0 at pci3 dev 0 function 2 &quot;JMicron SD Host Controller&quot; rev 0x30: apic 2 int 18
sdmmc0 at sdhc0
&quot;JMicron Memory Stick&quot; rev 0x30 at pci3 dev 0 function 3 not configured
&quot;JMicron xD&quot; rev 0x30 at pci3 dev 0 function 4 not configured
ppb3 at pci0 dev 28 function 3 &quot;Intel 82801GB PCIE&quot; rev 0x01: msi
pci4 at ppb3 bus 4
uhci0 at pci0 dev 29 function 0 &quot;Intel 82801GB USB&quot; rev 0x01: apic 2 int 23
uhci1 at pci0 dev 29 function 1 &quot;Intel 82801GB USB&quot; rev 0x01: apic 2 int 19
uhci2 at pci0 dev 29 function 2 &quot;Intel 82801GB USB&quot; rev 0x01: apic 2 int 18
uhci3 at pci0 dev 29 function 3 &quot;Intel 82801GB USB&quot; rev 0x01: apic 2 int 16
ehci0 at pci0 dev 29 function 7 &quot;Intel 82801GB USB&quot; rev 0x01: apic 2 int 23
usb0 at ehci0: USB revision 2.0
uhub0 at usb0 &quot;Intel EHCI root hub&quot; rev 2.00/1.00 addr 1
ppb4 at pci0 dev 30 function 0 &quot;Intel 82801BA Hub-to-PCI&quot; rev 0xe1
pci5 at ppb4 bus 5
pcib0 at pci0 dev 31 function 0 &quot;Intel 82801GB LPC&quot; rev 0x01
pciide0 at pci0 dev 31 function 2 &quot;Intel 82801GB SATA&quot; rev 0x01: DMA, channel 0 configured to native-PCI, channel 1 configured to native-PCI
pciide0: using apic 2 int 19 for native-PCI interrupt
wd0 at pciide0 channel 0 drive 0: &lt;WDC WD5000AAKS-08V0A0&gt;
wd0: 16-sector PIO, LBA48, 476940MB, 976773168 sectors
wd0(pciide0:0:0): using PIO mode 4, Ultra-DMA mode 5
atapiscsi0 at pciide0 channel 1 drive 0
scsibus0 at atapiscsi0: 2 targets
cd0 at scsibus0 targ 0 lun 0: &lt;Slimtype, DVD A DS8A4S, JL34&gt; ATAPI 5/cdrom removable
cd0(pciide0:1:0): using PIO mode 4, Ultra-DMA mode 5
ichiic0 at pci0 dev 31 function 3 &quot;Intel 82801GB SMBus&quot; rev 0x01: apic 2 int 19
iic0 at ichiic0
spdmem0 at iic0 addr 0x50: 2GB DDR3 SDRAM PC3-10600 SO-DIMM
spdmem1 at iic0 addr 0x52: 2GB DDR3 SDRAM PC3-10600 SO-DIMM
usb1 at uhci0: USB revision 1.0
uhub1 at usb1 &quot;Intel UHCI root hub&quot; rev 1.00/1.00 addr 1
usb2 at uhci1: USB revision 1.0
uhub2 at usb2 &quot;Intel UHCI root hub&quot; rev 1.00/1.00 addr 1
usb3 at uhci2: USB revision 1.0
uhub3 at usb3 &quot;Intel UHCI root hub&quot; rev 1.00/1.00 addr 1
usb4 at uhci3: USB revision 1.0
uhub4 at usb4 &quot;Intel UHCI root hub&quot; rev 1.00/1.00 addr 1
isa0 at pcib0
isadma0 at isa0
pckbc0 at isa0 port 0x60/5
pckbd0 at pckbc0 (kbd slot)
pckbc0: using irq 1 for kbd slot
wskbd0 at pckbd0: console keyboard, using wsdisplay0
pcppi0 at isa0 port 0x61
spkr0 at pcppi0
it0 at isa0 port 0x2e/2: IT8721F rev 1, EC port 0xa10
fdc0 at isa0 port 0x3f0/6 irq 6 drq 2
mtrr: Pentium Pro MTRR support
scsibus1 at sdmmc0: 2 targets, initiator 0
sd0 at scsibus1 targ 1 lun 0: &lt;SD/MMC, Drive #01, &gt; SCSI2 0/direct fixed
sd0: 1886MB, 512 bytes/sector, 3862528 sectors
uhub5 at uhub0 port 8 &quot;Genesys Logic USB2.0 Hub&quot; rev 2.00/77.32 addr 2
uhidev0 at uhub5 port 1 configuration 1 interface 0 &quot;vendor 0x04f3 USB+PS/2 Optical Mouse&quot; rev 1.10/24.58 addr 3
uhidev0: iclass 3/1
ums0 at uhidev0: 3 buttons, Z dir
wsmouse0 at ums0 mux 0
uvideo0 at uhub5 port 2 configuration 1 interface 0 &quot;Vimicro Co.,ltd Lenovo USB2.0 UVC Camera&quot; rev 2.00/10.05 addr 4
video0 at uvideo0
uaudio0 at uhub5 port 2 configuration 1 interface 2 &quot;Vimicro Co.,ltd Lenovo USB2.0 UVC Camera&quot; rev 2.00/10.05 addr 4
uaudio0: audio rev 1.00, 3 mixer controls
audio1 at uaudio0
vscsi0 at root
scsibus2 at vscsi0: 256 targets
softraid0 at root
scsibus3 at softraid0: 256 targets
root on wd0a (2e672e3477ccbee5.a) swap on wd0b dump on wd0b
uid 0 on /usr: file system full
uid 0 on /usr: file system full
uid 0 on /usr: file system full
uid 0 on /usr: file system full
uid 0 on /usr: file system full
uid 0 on /usr: file system full
uid 0 on /usr: file system full
uid 0 on /usr: file system full
uid 0 on /usr: file system full
uid 0 on /usr: file system full
uid 0 on /usr: file system full
uid 0 on /usr: file system full
uid 0 on /usr: file system full
uid 0 on /usr: file system full
wsmouse0 detached
ums0 detached
uhidev0 detached
uhidev0 at uhub5 port 1 configuration 1 interface 0 &quot;vendor 0x04f3 USB+PS/2 Optical Mouse&quot; rev 1.10/24.58 addr 3
uhidev0: iclass 3/1
ums0 at uhidev0: 3 buttons, Z dir
wsmouse0 at ums0 mux 0
uid 0 on /usr: file system full
uid 0 on /usr: file system full
ulpt0 at uhub0 port 5 configuration 1 interface 1 &quot;HP Photosmart C4600 series&quot; rev 2.00/1.00 addr 5
ulpt0: using bi-directional mode
umass0 at uhub0 port 5 configuration 1 interface 3 &quot;HP Photosmart C4600 series&quot; rev 2.00/1.00 addr 5
umass0: using SCSI over Bulk-Only
scsibus4 at umass0: 2 targets, initiator 0
sd1 at scsibus4 targ 1 lun 0: &lt;HP, Photosmart C4600, 1.00&gt; SCSI3 0/direct removable serial.03f074119C3F2VSM05BQ
ugen0 at uhub0 port 5 configuration 1 &quot;HP Photosmart C4600 series&quot; rev 2.00/1.00 addr 5
ulpt0 detached
sd1 detached
scsibus4 detached
umass0 detached
ugen0 detached
ulpt0 at uhub0 port 5 configuration 1 interface 1 &quot;HP Photosmart C4600 series&quot; rev 2.00/1.00 addr 5
ulpt0: using bi-directional mode
umass0 at uhub0 port 5 configuration 1 interface 3 &quot;HP Photosmart C4600 series&quot; rev 2.00/1.00 addr 5
umass0: using SCSI over Bulk-Only
scsibus4 at umass0: 2 targets, initiator 0
sd1 at scsibus4 targ 1 lun 0: &lt;HP, Photosmart C4600, 1.00&gt; SCSI3 0/direct removable serial.03f074119C3F2VSM05BQ
ugen0 at uhub0 port 5 configuration 1 &quot;HP Photosmart C4600 series&quot; rev 2.00/1.00 addr 5
</pre>



</div><!-- content -->
<br />
<div id="footer">
All comments/news/posts are the property of their individual owner and
is presented without warranty of suitability, and solely as an
informational resource. <br />
This site Copyright &copy; 2004-2020 NYC*BUG.
</div><!-- footer -->

</body>
</html>

