



<!doctype html>
<html lang="en">
<head>
<meta name="keywords"
	content="bsd, freebsd, openbsd, netbsd, dragonflybsd, nycbug, dmesgd" />
<meta name="description" content="New York City BSD User Group dmesgd" />
<meta charset="utf-8" />
<meta name="viewport" content="width=device-width, initial-scale=1" />
<title>NYC*BUG dmesgd</title>
<style>
body {
	text-align: left;
	margin: 15px auto;
	padding: 0px 10px;
}
@media (min-width: 800px) {
	body {
		max-width: 85%;
	}
}
#header {
	border-bottom: 1px solid #dbdbdb;
	font-size: 230%;
	text-align: left;
}
#footer {
	border-top: 1px solid #dbdbdb;
	clear: both;
	text-align: left;
}
.logo_bug {
	color: #cc0033;
}
#menu ul {
	list-style-type: none;
	margin: 0;
	padding: 0;
}
#menu li {
	float: left;
}
#menu li a {
	display: block;
	background-color: #dbdbdb;
	color: #000000;
	font-size: 105%;
	font-weight: bold;
	padding: 0px 6px 0px 6px;
	text-decoration: none;
}
#content {
	clear: both;
	text-align: left;
	padding-top: 10px;
}
#content h1 {
	font-size: 120%;
	font-weight: bold;
}
#content h2 {
	font-size: 110%;
	font-weight: bold;
}
#content a {
	text-decoration: none;
}
#content pre {
	background-color: #dbdbdb;
	padding: 5px 5px 5px 5px;
	white-space: pre-wrap;		/* css-3 */
	white-space: -moz-pre-wrap;	/* Mozilla, since 1999 */
	white-space: -pre-wrap;		/* Opera 4-6 */
	white-space: -o-pre-wrap;	/* Opera 7 */
	word-wrap: break-word;		/* Internet Explorer 5.5+ */
}
#content table {
	border-collapse: collapse;
}
#content table th {
	border: 1px solid #dbdbdb;
	font-size: 85%;
	white-space: nowrap;
}
#content table td {
	border: 1px solid #dbdbdb;
	font-size: 80%;
}
#content input {
	font-size: 1em;
}
#content .full	{ width: 100%; }
#content .left	{ text-align: left; }
#content .right	{ text-align: right; }
#content .center { text-align: center; }
#content .flexbox {
	display: -ms-flex;
	display: -webkit-flex;
	display: flex;
	width: 100%;
}
#content .left_col {
	min-width: 75px;
	max-width: 50%;
	flex-grow: 0;
}
#content .right_col {
	flex-grow: 1;
	margin-left: 10px;
	padding-top: 10px;
	padding-left: 10px;
}
#col {
	-moz-column-count: 3;
	-webkit-column-count: 3;
	column-count: 3;
}
</style>
</head>
<body>

<div id="header">
<strong><em>NYC*</em><span class="logo_bug">BUG</span> dmesgd</strong>
</div><!-- header -->

<div id="menu">
<ul>
<li><a href="https://dmesgd.nycbug.org/index.cgi?do=index">Home</a></li>
<li><a href="https://dmesgd.nycbug.org/index.cgi?do=submit">Submit</a></li>
<li><a href="https://www.nycbug.org/">NYC*BUG</a></li>
</ul>
</div><!-- menu -->

<div id="content">

<p>
Launched in 2004, dmesgd aims to provide a
<strong>user-submitted</strong> repository of searchable *BSD dmesgs.
The dmesg(8) command displays the system message buffer's content, and
during boot a copy is saved to <em>/var/run/dmesg.boot</em>.  This buffer
contains the operating system release, name and version, a list of
devices identified, plus a whole host of other useful information.  We
hope others find this resource useful and further contribute to its
growth. Contact us at [ admin at lists dot nycbug dot org ].
</p>

<hr />


<strong>Date:</strong> <em>2013-08-23 12:40:49</em><br />
<strong>From:</strong> <em>tamentis</em><br />
<strong>Description:</strong> <em>Portwell NAR-5530</em><br />

<pre>
OpenBSD 5.3 (GENERIC.MP) #62: Tue Mar 12 18:21:20 MDT 2013
    xxx@xxx.xxx:/usr/src/sys/arch/amd64/compile/GENERIC.MP
real mem = 2137718784 (2038MB)
avail mem = 2058379264 (1963MB)
mainbus0 at root
bios0 at mainbus0: SMBIOS rev. 2.4 @ 0xfcce0 (27 entries)
bios0: vendor American Megatrends Inc. version &quot;080014&quot; date 05/18/2009
acpi0 at bios0: rev 0
acpi0: sleep states S0 S1 S3 S4 S5
acpi0: tables DSDT FACP APIC MCFG OEMB GSCI
acpi0: wakeup devices P0P2(S4) P0P1(S4) USB0(S4) USB1(S4) USB2(S4) USB3(S4) EUSB(S4) USB4(S4) USB5(S4) USBE(S4) GBE_(S4) P0P4(S4) P0P5(S4) P0P6(S4) P0P7(S4) P0P8(S4) P0P9(S4) SLPB(S4)
acpitimer0 at acpi0: 3579545 Hz, 24 bits
acpimadt0 at acpi0 addr 0xfee00000: PC-AT compat
cpu0 at mainbus0: apid 0 (boot processor)
cpu0: Intel(R) Core(TM)2 Duo CPU E7400 @ 2.80GHz, 2793.35 MHz
cpu0: FPU,VME,DE,PSE,TSC,MSR,PAE,MCE,CX8,APIC,SEP,MTRR,PGE,MCA,CMOV,PAT,PSE36,CFLUSH,DS,ACPI,MMX,FXSR,SSE,SSE2,SS,HTT,TM,PBE,SSE3,DTES64,MWAIT,DS-CPL,VMX,EST,TM2,SSSE3,CX16,xTPR,PDCM,SSE4.1,XSAVE,NXE,LONG,LAHF,PERF
cpu0: 3MB 64b/line 8-way L2 cache
cpu0: apic clock running at 266MHz
cpu1 at mainbus0: apid 1 (application processor)
cpu1: Intel(R) Core(TM)2 Duo CPU E7400 @ 2.80GHz, 2793.00 MHz
cpu1: FPU,VME,DE,PSE,TSC,MSR,PAE,MCE,CX8,APIC,SEP,MTRR,PGE,MCA,CMOV,PAT,PSE36,CFLUSH,DS,ACPI,MMX,FXSR,SSE,SSE2,SS,HTT,TM,PBE,SSE3,DTES64,MWAIT,DS-CPL,VMX,EST,TM2,SSSE3,CX16,xTPR,PDCM,SSE4.1,XSAVE,NXE,LONG,LAHF,PERF
cpu1: 3MB 64b/line 8-way L2 cache
ioapic0 at mainbus0: apid 2 pa 0xfec00000, version 20, 24 pins
acpimcfg0 at acpi0 addr 0xe0000000, bus 0-255
acpiprt0 at acpi0: bus 0 (PCI0)
acpiprt1 at acpi0: bus 3 (P0P1)
acpiprt2 at acpi0: bus 1 (P0P4)
acpiprt3 at acpi0: bus 2 (P0P5)
acpiprt4 at acpi0: bus -1 (P0P6)
acpiprt5 at acpi0: bus -1 (P0P7)
acpiprt6 at acpi0: bus -1 (P0P8)
acpiprt7 at acpi0: bus -1 (P0P9)
acpicpu0 at acpi0
acpicpu1 at acpi0
acpibtn0 at acpi0: SLPB
acpibtn1 at acpi0: PWRB
cpu0: unknown Enhanced SpeedStep CPU, msr 0x06164a2406004a24
cpu0: using only highest and lowest power states
cpu0: Enhanced SpeedStep 2793 MHz: speeds: 19734, 1600 MHz
pci0 at mainbus0 bus 0
pchb0 at pci0 dev 0 function 0 &quot;Intel 82Q965 Host&quot; rev 0x02
vga1 at pci0 dev 2 function 0 &quot;Intel 82Q965 Video&quot; rev 0x02
wsdisplay0 at vga1 mux 1: console (80x25, vt100 emulation)
wsdisplay0: screen 1-5 added (80x25, vt100 emulation)
intagp0 at vga1
agp0 at intagp0: aperture at 0xd0000000, size 0x10000000
inteldrm0 at vga1: apic 2 int 16
drm0 at inteldrm0
ppb0 at pci0 dev 28 function 0 &quot;Intel 82801H PCIE&quot; rev 0x02: msi
pci1 at ppb0 bus 1
em0 at pci1 dev 0 function 0 &quot;Intel PRO/1000MT (82573L)&quot; rev 0x00: msi, address xx:xx:xx:xx:xx:xx
ppb1 at pci0 dev 28 function 1 &quot;Intel 82801H PCIE&quot; rev 0x02: msi
pci2 at ppb1 bus 2
em1 at pci2 dev 0 function 0 &quot;Intel PRO/1000MT (82573L)&quot; rev 0x00: msi, address xx:xx:xx:xx:xx:xx
uhci0 at pci0 dev 29 function 0 &quot;Intel 82801H USB&quot; rev 0x02: apic 2 int 23
uhci1 at pci0 dev 29 function 1 &quot;Intel 82801H USB&quot; rev 0x02: apic 2 int 19
ehci0 at pci0 dev 29 function 7 &quot;Intel 82801H USB&quot; rev 0x02: apic 2 int 23
usb0 at ehci0: USB revision 2.0
uhub0 at usb0 &quot;Intel EHCI root hub&quot; rev 2.00/1.00 addr 1
ppb2 at pci0 dev 30 function 0 &quot;Intel 82801BA Hub-to-PCI&quot; rev 0xf2
pci3 at ppb2 bus 3
em2 at pci3 dev 12 function 0 &quot;Intel PRO/1000MT (82541GI)&quot; rev 0x05: apic 2 int 16, address xx:xx:xx:xx:xx:xx
pcib0 at pci0 dev 31 function 0 &quot;Intel 82801H LPC&quot; rev 0x02
pciide0 at pci0 dev 31 function 2 &quot;Intel 82801H SATA&quot; rev 0x02: DMA, channel 0 configured to native-PCI, channel 1 configured to native-PCI
pciide0: using apic 2 int 19 for native-PCI interrupt
ichiic0 at pci0 dev 31 function 3 &quot;Intel 82801H SMBus&quot; rev 0x02: apic 2 int 18
iic0 at ichiic0
spdmem0 at iic0 addr 0x50: 1GB DDR2 SDRAM non-parity PC2-5300CL5
spdmem1 at iic0 addr 0x52: 1GB DDR2 SDRAM non-parity PC2-5300CL5
pciide1 at pci0 dev 31 function 5 &quot;Intel 82801H SATA&quot; rev 0x02: DMA, channel 0 wired to native-PCI, channel 1 wired to native-PCI
pciide1: using apic 2 int 19 for native-PCI interrupt
wd0 at pciide1 channel 0 drive 0: &lt;ST3160316AS&gt;
wd0: 16-sector PIO, LBA48, 152627MB, 312581808 sectors
wd0(pciide1:0:0): using PIO mode 4, Ultra-DMA mode 6
usb1 at uhci0: USB revision 1.0
uhub1 at usb1 &quot;Intel UHCI root hub&quot; rev 1.00/1.00 addr 1
usb2 at uhci1: USB revision 1.0
uhub2 at usb2 &quot;Intel UHCI root hub&quot; rev 1.00/1.00 addr 1
isa0 at pcib0
isadma0 at isa0
com0 at isa0 port 0x3f8/8 irq 4: ns16550a, 16 byte fifo
com0: console
com1 at isa0 port 0x2f8/8 irq 3: ns16550a, 16 byte fifo
pckbc0 at isa0 port 0x60/5
pckbd0 at pckbc0 (kbd slot)
pckbc0: using irq 1 for kbd slot
wskbd0 at pckbd0: console keyboard, using wsdisplay0
pcppi0 at isa0 port 0x61
spkr0 at pcppi0
wbsio0 at isa0 port 0x2e/2: W83627EHF rev 0x63
lm1 at wbsio0 port 0xa10/8: W83627EHF
mtrr: Pentium Pro MTRR support
vscsi0 at root
scsibus0 at vscsi0: 256 targets
softraid0 at root
scsibus1 at softraid0: 256 targets
root on wd0a (f73e67369255a500.a) swap on wd0b dump on wd0b

</pre>



</div><!-- content -->
<br />
<div id="footer">
All comments/news/posts are the property of their individual owner and
is presented without warranty of suitability, and solely as an
informational resource. <br />
This site Copyright &copy; 2004-2020 NYC*BUG.
</div><!-- footer -->

</body>
</html>

