



<!doctype html>
<html lang="en">
<head>
<meta name="keywords"
	content="bsd, freebsd, openbsd, netbsd, dragonflybsd, nycbug, dmesgd" />
<meta name="description" content="New York City BSD User Group dmesgd" />
<meta charset="utf-8" />
<meta name="viewport" content="width=device-width, initial-scale=1" />
<title>NYC*BUG dmesgd</title>
<style>
body {
	text-align: left;
	margin: 15px auto;
	padding: 0px 10px;
}
@media (min-width: 800px) {
	body {
		max-width: 85%;
	}
}
#header {
	border-bottom: 1px solid #dbdbdb;
	font-size: 230%;
	text-align: left;
}
#footer {
	border-top: 1px solid #dbdbdb;
	clear: both;
	text-align: left;
}
.logo_bug {
	color: #cc0033;
}
#menu ul {
	list-style-type: none;
	margin: 0;
	padding: 0;
}
#menu li {
	float: left;
}
#menu li a {
	display: block;
	background-color: #dbdbdb;
	color: #000000;
	font-size: 105%;
	font-weight: bold;
	padding: 0px 6px 0px 6px;
	text-decoration: none;
}
#content {
	clear: both;
	text-align: left;
	padding-top: 10px;
}
#content h1 {
	font-size: 120%;
	font-weight: bold;
}
#content h2 {
	font-size: 110%;
	font-weight: bold;
}
#content a {
	text-decoration: none;
}
#content pre {
	background-color: #dbdbdb;
	padding: 5px 5px 5px 5px;
	white-space: pre-wrap;		/* css-3 */
	white-space: -moz-pre-wrap;	/* Mozilla, since 1999 */
	white-space: -pre-wrap;		/* Opera 4-6 */
	white-space: -o-pre-wrap;	/* Opera 7 */
	word-wrap: break-word;		/* Internet Explorer 5.5+ */
}
#content table {
	border-collapse: collapse;
}
#content table th {
	border: 1px solid #dbdbdb;
	font-size: 85%;
	white-space: nowrap;
}
#content table td {
	border: 1px solid #dbdbdb;
	font-size: 80%;
}
#content input {
	font-size: 1em;
}
#content .full	{ width: 100%; }
#content .left	{ text-align: left; }
#content .right	{ text-align: right; }
#content .center { text-align: center; }
#content .flexbox {
	display: -ms-flex;
	display: -webkit-flex;
	display: flex;
	width: 100%;
}
#content .left_col {
	min-width: 75px;
	max-width: 50%;
	flex-grow: 0;
}
#content .right_col {
	flex-grow: 1;
	margin-left: 10px;
	padding-top: 10px;
	padding-left: 10px;
}
#col {
	-moz-column-count: 3;
	-webkit-column-count: 3;
	column-count: 3;
}
</style>
</head>
<body>

<div id="header">
<strong><em>NYC*</em><span class="logo_bug">BUG</span> dmesgd</strong>
</div><!-- header -->

<div id="menu">
<ul>
<li><a href="https://dmesgd.nycbug.org/index.cgi?do=index">Home</a></li>
<li><a href="https://dmesgd.nycbug.org/index.cgi?do=submit">Submit</a></li>
<li><a href="https://www.nycbug.org/">NYC*BUG</a></li>
</ul>
</div><!-- menu -->

<div id="content">

<p>
Launched in 2004, dmesgd aims to provide a
<strong>user-submitted</strong> repository of searchable *BSD dmesgs.
The dmesg(8) command displays the system message buffer's content, and
during boot a copy is saved to <em>/var/run/dmesg.boot</em>.  This buffer
contains the operating system release, name and version, a list of
devices identified, plus a whole host of other useful information.  We
hope others find this resource useful and further contribute to its
growth. Contact us at [ admin at lists dot nycbug dot org ].
</p>

<hr />


<strong>Date:</strong> <em>2013-09-16 18:02:59</em><br />
<strong>From:</strong> <em>kyle</em><br />
<strong>Description:</strong> <em>O2 IP32 R5000</em><br />

<pre>
[ using 514480 bytes of bsd ELF symbol table ]
Copyright (c) 1982, 1986, 1989, 1991, 1993
        The Regents of the University of California.  All rights reserved.
Copyright (c) 1995-2013 OpenBSD. All rights reserved.  http://www.OpenBSD.org

OpenBSD 5.4-current (GENERIC-IP32) #33: Sun Sep  8 21:59:41 MDT 2013
    xxx@xxx.xxx:/usr/src/sys/arch/sgi/compile/GENERIC-IP32
real mem = 268435456 (256MB)
rsvd mem = 7020544 (7MB)
avail mem = 237289472 (226MB)
mainbus0 at root: O2
cpu0 at mainbus0: MIPS R5000 CPU rev 2.1 180 MHz, R5000 based FPC rev 1.0
cpu0: cache L1-I 32KB D 32KB 2 way, L2 512KB direct
clock0 at mainbus0: int 5
macebus0 at mainbus0: crime rev 10.1
com0 at macebus0 base 0x00390000 irq 4: ns16550a, 16 byte fifo
com1 at macebus0 base 0x00398000 irq 4: ns16550a, 16 byte fifo
dsrtc0 at macebus0 base 0x003a0000: DS1687
macepcibr0 at macebus0 base 0x00080000 irq 7: mace rev 1
pci0 at macepcibr0 bus 0
ahc0 at pci0 dev 1 function 0 &quot;Adaptec AIC-7880&quot; rev 0x00: irq 8
ahc0: Host Adapter Bios disabled.  Using default SCSI device parameters
scsibus0 at ahc0: 16 targets, initiator 7
sd0 at scsibus0 targ 2 lun 0: &lt;QUANTUM, ATLAS10K3_73_SCA, 120G&gt; SCSI3 0/direct fixed eui.00e09e0003a53a2c
sd0: 70007MB, 512 bytes/sector, 143374650 sectors
cd0 at scsibus0 targ 4 lun 0: &lt;TOSHIBA, CD-ROM XM-5701TA, 0167&gt; SCSI2 5/cdrom removable
ahc1 at pci0 dev 2 function 0 &quot;Adaptec AIC-7880&quot; rev 0x00: irq 9
ahc1: Host Adapter Bios disabled.  Using default SCSI device parameters
scsibus1 at ahc1: 16 targets, initiator 7
mavb0 at macebus0 base 0x00300000 irq 6: AD1843 rev 1
audio0 at mavb0
mec0 at macebus0 base 0x00280000 irq 3: MAC-110 rev 1, address xx:xx:xx:xx:xx:xx
nsphy0 at mec0 phy 8: DP83840 10/100 PHY, rev. 1
mkbc0 at macebus0 base 0x00320000 irq 5
pckbd0 at mkbc0 (kbd slot)
wskbd0 at pckbd0: console keyboard
power0 at macebus0 irq 5
gbe0 at mainbus0: rev 1, 8MB, 1024x768 at 8 bits
wsdisplay0 at gbe0 mux 1: console (std, vt100 emulation), using wskbd0
vscsi0 at root
scsibus2 at vscsi0: 256 targets
softraid0 at root
scsibus3 at softraid0: 256 targets
ahc0: target 2 using 16bit transfers
ahc0: target 2 synchronous at 20.0MHz, offset = 0x8
ahc0: target 2 using 16bit transfers
ahc0: target 2 synchronous at 20.0MHz, offset = 0x8
boot device: sd0
root on sd0a (6f1b57995423e203.a) swap on sd0b dump on sd0b
ahc0: target 2 using 16bit transfers
ahc0: target 2 synchronous at 20.0MHz, offset = 0x8
ahc0: target 2 using 16bit transfers
ahc0: target 2 synchronous at 20.0MHz, offset = 0x8
ahc0: target 2 using 16bit transfers
ahc0: target 2 synchronous at 20.0MHz, offset = 0x8

</pre>



</div><!-- content -->
<br />
<div id="footer">
All comments/news/posts are the property of their individual owner and
is presented without warranty of suitability, and solely as an
informational resource. <br />
This site Copyright &copy; 2004-2020 NYC*BUG.
</div><!-- footer -->

</body>
</html>

