



<!doctype html>
<html lang="en">
<head>
<meta name="keywords"
	content="bsd, freebsd, openbsd, netbsd, dragonflybsd, nycbug, dmesgd" />
<meta name="description" content="New York City BSD User Group dmesgd" />
<meta charset="utf-8" />
<meta name="viewport" content="width=device-width, initial-scale=1" />
<title>NYC*BUG dmesgd</title>
<style>
body {
	text-align: left;
	margin: 15px auto;
	padding: 0px 10px;
}
@media (min-width: 800px) {
	body {
		max-width: 85%;
	}
}
#header {
	border-bottom: 1px solid #dbdbdb;
	font-size: 230%;
	text-align: left;
}
#footer {
	border-top: 1px solid #dbdbdb;
	clear: both;
	text-align: left;
}
.logo_bug {
	color: #cc0033;
}
#menu ul {
	list-style-type: none;
	margin: 0;
	padding: 0;
}
#menu li {
	float: left;
}
#menu li a {
	display: block;
	background-color: #dbdbdb;
	color: #000000;
	font-size: 105%;
	font-weight: bold;
	padding: 0px 6px 0px 6px;
	text-decoration: none;
}
#content {
	clear: both;
	text-align: left;
	padding-top: 10px;
}
#content h1 {
	font-size: 120%;
	font-weight: bold;
}
#content h2 {
	font-size: 110%;
	font-weight: bold;
}
#content a {
	text-decoration: none;
}
#content pre {
	background-color: #dbdbdb;
	padding: 5px 5px 5px 5px;
	white-space: pre-wrap;		/* css-3 */
	white-space: -moz-pre-wrap;	/* Mozilla, since 1999 */
	white-space: -pre-wrap;		/* Opera 4-6 */
	white-space: -o-pre-wrap;	/* Opera 7 */
	word-wrap: break-word;		/* Internet Explorer 5.5+ */
}
#content table {
	border-collapse: collapse;
}
#content table th {
	border: 1px solid #dbdbdb;
	font-size: 85%;
	white-space: nowrap;
}
#content table td {
	border: 1px solid #dbdbdb;
	font-size: 80%;
}
#content input {
	font-size: 1em;
}
#content .full	{ width: 100%; }
#content .left	{ text-align: left; }
#content .right	{ text-align: right; }
#content .center { text-align: center; }
#content .flexbox {
	display: -ms-flex;
	display: -webkit-flex;
	display: flex;
	width: 100%;
}
#content .left_col {
	min-width: 75px;
	max-width: 50%;
	flex-grow: 0;
}
#content .right_col {
	flex-grow: 1;
	margin-left: 10px;
	padding-top: 10px;
	padding-left: 10px;
}
#col {
	-moz-column-count: 3;
	-webkit-column-count: 3;
	column-count: 3;
}
</style>
</head>
<body>

<div id="header">
<strong><em>NYC*</em><span class="logo_bug">BUG</span> dmesgd</strong>
</div><!-- header -->

<div id="menu">
<ul>
<li><a href="https://dmesgd.nycbug.org/index.cgi?do=index">Home</a></li>
<li><a href="https://dmesgd.nycbug.org/index.cgi?do=submit">Submit</a></li>
<li><a href="https://www.nycbug.org/">NYC*BUG</a></li>
</ul>
</div><!-- menu -->

<div id="content">

<p>
Launched in 2004, dmesgd aims to provide a
<strong>user-submitted</strong> repository of searchable *BSD dmesgs.
The dmesg(8) command displays the system message buffer's content, and
during boot a copy is saved to <em>/var/run/dmesg.boot</em>.  This buffer
contains the operating system release, name and version, a list of
devices identified, plus a whole host of other useful information.  We
hope others find this resource useful and further contribute to its
growth. Contact us at [ admin at lists dot nycbug dot org ].
</p>

<hr />


<strong>Date:</strong> <em>2013-09-16 18:12:25</em><br />
<strong>From:</strong> <em>kyle</em><br />
<strong>Description:</strong> <em>Powerbook G4</em><br />

<pre>
[ using 549512 bytes of bsd ELF symbol table ]
console out [NVDA,Display-A]console in [keyboard] , using ADB
using parent NVDA,Parent:: memaddr a0000000 size 10000000, : consaddr a0004000, : ioaddr 91000000, size 1000000: width 1024 linebytes 1024 height 768 depth 8
Copyright (c) 1982, 1986, 1989, 1991, 1993
        The Regents of the University of California.  All rights reserved.
Copyright (c) 1995-2013 OpenBSD. All rights reserved.  http://www.OpenBSD.org

OpenBSD 5.4-current (GENERIC) #42: Tue Sep 10 19:50:35 MDT 2013
    xxx@xxx.xxx:/usr/src/sys/arch/macppc/compile/GENERIC
real mem = 536870912 (512MB)
avail mem = 507830272 (484MB)
mainbus0 at root: model PowerBook6,2
cpu0 at mainbus0: 7457 (Revision 0x101): 999 MHz: 512KB L2 cache
mem0 at mainbus0
spdmem0 at mem0: no EEPROM found
spdmem1 at mem0: 256MB DDR SDRAM non-parity PC2100CL2.5
memc0 at mainbus0: uni-n rev 0xd2
&quot;hw-clock&quot; at memc0 not configured
kiic0 at memc0 offset 0xf8001000
iic0 at kiic0
adt0 at iic0 addr 0xae: adt7460 rev 0x62
&quot;cy28512&quot; at iic0 addr 0xe9 not configured
mpcpcibr0 at mainbus0 pci: uni-north
pci0 at mpcpcibr0 bus 0
pchb0 at pci0 dev 11 function 0 &quot;Apple UniNorth AGP&quot; rev 0x00
vgafb0 at pci0 dev 16 function 0 &quot;NVIDIA GeForce FX Go 5200&quot; rev 0xa1
wsdisplay0 at vgafb0 mux 1: console (std, vt100 emulation)
wsdisplay0: screen 1-5 added (std, vt100 emulation)
mpcpcibr1 at mainbus0 pci: uni-north
pci1 at mpcpcibr1 bus 0
macobio0 at pci1 dev 23 function 0 &quot;Apple Intrepid&quot; rev 0x00
openpic0 at macobio0 offset 0x40000: version 0x4614 feature 3f0302 LE
macgpio0 at macobio0 offset 0x50
macgpio1 at macgpio0 offset 0x9: irq 47
&quot;programmer-switch&quot; at macgpio0 offset 0x11 not configured
&quot;gpio4&quot; at macgpio0 offset 0x1e not configured
&quot;frequency-gpio&quot; at macgpio0 offset 0x1a not configured
&quot;voltage-gpio&quot; at macgpio0 offset 0x1b not configured
&quot;slewing-done&quot; at macgpio0 offset 0x12 not configured
&quot;gpio5&quot; at macgpio0 offset 0x6f not configured
&quot;gpio6&quot; at macgpio0 offset 0x70 not configured
&quot;extint-gpio4&quot; at macgpio0 offset 0x5c not configured
&quot;gpio11&quot; at macgpio0 offset 0x75 not configured
&quot;extint-gpio15&quot; at macgpio0 offset 0x67 not configured
&quot;escc-legacy&quot; at macobio0 offset 0x12000 not configured
zsc0 at macobio0 offset 0x13000: irq 22,23
zstty0 at zsc0 channel 0
zstty1 at zsc0 channel 1
snapper0 at macobio0 offset 0x10000: irq 30,1,2
&quot;timer&quot; at macobio0 offset 0x15000 not configured
adb0 at macobio0 offset 0x16000: irq 25, via-pmu, 3 targets
apm0 at adb0: battery flags 0x4, 89% charged
piic0 at adb0
iic1 at piic0
akbd0 at adb0 addr 2: PowerBook G4 keyboard (Inverted T)
wskbd0 at akbd0: console keyboard, using wsdisplay0
ams0 at adb0 addr 3: EMP trackpad &lt;tpad&gt; 4-button, 400 dpi
wsmouse0 at ams0 mux 0
abtn0 at adb0 addr 7: brightness/volume/eject buttons
&quot;battery&quot; at macobio0 offset 0x0 not configured
&quot;backlight&quot; at macobio0 offset 0xf300 not configured
kiic1 at macobio0 offset 0x18000
iic2 at kiic1
wdc0 at macobio0 offset 0x20000 irq 24: DMA
audio0 at snapper0
bwi0 at pci1 dev 18 function 0 &quot;Broadcom BCM4306&quot; rev 0x03: irq 52, address xx:xx:xx:xx:xx:xx
ohci0 at pci1 dev 26 function 0 &quot;Apple Intrepid USB&quot; rev 0x00: irq 29, version 1.0, legacy support
ohci1 at pci1 dev 27 function 0 &quot;NEC USB&quot; rev 0x43: irq 63, version 1.0
ohci2 at pci1 dev 27 function 1 &quot;NEC USB&quot; rev 0x43: irq 63, version 1.0
ehci0 at pci1 dev 27 function 2 &quot;NEC USB&quot; rev 0x04: irq 63
usb0 at ehci0: USB revision 2.0
uhub0 at usb0 &quot;NEC EHCI root hub&quot; rev 2.00/1.00 addr 1
usb1 at ohci0: USB revision 1.0
uhub1 at usb1 &quot;Apple OHCI root hub&quot; rev 1.00/1.00 addr 1
usb2 at ohci1: USB revision 1.0
uhub2 at usb2 &quot;NEC OHCI root hub&quot; rev 1.00/1.00 addr 1
usb3 at ohci2: USB revision 1.0
uhub3 at usb3 &quot;NEC OHCI root hub&quot; rev 1.00/1.00 addr 1
mpcpcibr2 at mainbus0 pci: uni-north
pci2 at mpcpcibr2 bus 0
kauaiata0 at pci2 dev 13 function 0 &quot;Apple Intrepid ATA&quot; rev 0x00
wdc1 at kauaiata0 irq 39: DMA
wd0 at wdc1 channel 0 drive 0: &lt;WDC WD800BEVE-00UYT0&gt;
wd0: 16-sector PIO, LBA48, 76319MB, 156301488 sectors
wd0(wdc1:0:0): using PIO mode 4, DMA mode 2, Ultra-DMA mode 5
&quot;Apple UniNorth Firewire&quot; rev 0x81 at pci2 dev 14 function 0 not configured
gem0 at pci2 dev 15 function 0 &quot;Apple Uni-N2 GMAC&quot; rev 0x80: irq 41, address xx:xx:xx:xx:xx:xx
bmtphy0 at gem0 phy 0: BCM5221 100baseTX PHY, rev. 4
urtwn0 at uhub0 port 1 &quot;Realtek 802.11n WLAN Adapter&quot; rev 2.00/2.00 addr 2
urtwn0: MAC/BB RTL8188CUS, RF 6052 1T1R, address xx:xx:xx:xx:xx:xx
ugen0 at uhub1 port 1 &quot;Apple Computer product 0x8203&quot; rev 1.10/5.26 addr 2
vscsi0 at root
scsibus0 at vscsi0: 256 targets
softraid0 at root
scsibus1 at softraid0: 256 targets
bootpath: /pci@f4000000/ata-6@d/disk@0:/bsd
root on wd0a (e5321953b8f553a3.a) swap on wd0b dump on wd0b
WARNING: / was not properly unmounted

</pre>



</div><!-- content -->
<br />
<div id="footer">
All comments/news/posts are the property of their individual owner and
is presented without warranty of suitability, and solely as an
informational resource. <br />
This site Copyright &copy; 2004-2020 NYC*BUG.
</div><!-- footer -->

</body>
</html>

