



<!doctype html>
<html lang="en">
<head>
<meta name="keywords"
	content="bsd, freebsd, openbsd, netbsd, dragonflybsd, nycbug, dmesgd" />
<meta name="description" content="New York City BSD User Group dmesgd" />
<meta charset="utf-8" />
<meta name="viewport" content="width=device-width, initial-scale=1" />
<title>NYC*BUG dmesgd</title>
<style>
body {
	text-align: left;
	margin: 15px auto;
	padding: 0px 10px;
}
@media (min-width: 800px) {
	body {
		max-width: 85%;
	}
}
#header {
	border-bottom: 1px solid #dbdbdb;
	font-size: 230%;
	text-align: left;
}
#footer {
	border-top: 1px solid #dbdbdb;
	clear: both;
	text-align: left;
}
.logo_bug {
	color: #cc0033;
}
#menu ul {
	list-style-type: none;
	margin: 0;
	padding: 0;
}
#menu li {
	float: left;
}
#menu li a {
	display: block;
	background-color: #dbdbdb;
	color: #000000;
	font-size: 105%;
	font-weight: bold;
	padding: 0px 6px 0px 6px;
	text-decoration: none;
}
#content {
	clear: both;
	text-align: left;
	padding-top: 10px;
}
#content h1 {
	font-size: 120%;
	font-weight: bold;
}
#content h2 {
	font-size: 110%;
	font-weight: bold;
}
#content a {
	text-decoration: none;
}
#content pre {
	background-color: #dbdbdb;
	padding: 5px 5px 5px 5px;
	white-space: pre-wrap;		/* css-3 */
	white-space: -moz-pre-wrap;	/* Mozilla, since 1999 */
	white-space: -pre-wrap;		/* Opera 4-6 */
	white-space: -o-pre-wrap;	/* Opera 7 */
	word-wrap: break-word;		/* Internet Explorer 5.5+ */
}
#content table {
	border-collapse: collapse;
}
#content table th {
	border: 1px solid #dbdbdb;
	font-size: 85%;
	white-space: nowrap;
}
#content table td {
	border: 1px solid #dbdbdb;
	font-size: 80%;
}
#content input {
	font-size: 1em;
}
#content .full	{ width: 100%; }
#content .left	{ text-align: left; }
#content .right	{ text-align: right; }
#content .center { text-align: center; }
#content .flexbox {
	display: -ms-flex;
	display: -webkit-flex;
	display: flex;
	width: 100%;
}
#content .left_col {
	min-width: 75px;
	max-width: 50%;
	flex-grow: 0;
}
#content .right_col {
	flex-grow: 1;
	margin-left: 10px;
	padding-top: 10px;
	padding-left: 10px;
}
#col {
	-moz-column-count: 3;
	-webkit-column-count: 3;
	column-count: 3;
}
</style>
</head>
<body>

<div id="header">
<strong><em>NYC*</em><span class="logo_bug">BUG</span> dmesgd</strong>
</div><!-- header -->

<div id="menu">
<ul>
<li><a href="https://dmesgd.nycbug.org/index.cgi?do=index">Home</a></li>
<li><a href="https://dmesgd.nycbug.org/index.cgi?do=submit">Submit</a></li>
<li><a href="https://www.nycbug.org/">NYC*BUG</a></li>
</ul>
</div><!-- menu -->

<div id="content">

<p>
Launched in 2004, dmesgd aims to provide a
<strong>user-submitted</strong> repository of searchable *BSD dmesgs.
The dmesg(8) command displays the system message buffer's content, and
during boot a copy is saved to <em>/var/run/dmesg.boot</em>.  This buffer
contains the operating system release, name and version, a list of
devices identified, plus a whole host of other useful information.  We
hope others find this resource useful and further contribute to its
growth. Contact us at [ admin at lists dot nycbug dot org ].
</p>

<hr />


<strong>Date:</strong> <em>2013-10-03 02:47:49</em><br />
<strong>From:</strong> <em>kyle</em><br />
<strong>Description:</strong> <em>Octane IP30 R10000</em><br />

<pre>
[ using 522616 bytes of bsd ELF symbol table ]
Copyright (c) 1982, 1986, 1989, 1991, 1993
        The Regents of the University of California.  All rights reserved.
Copyright (c) 1995-2013 OpenBSD. All rights reserved.  http://www.OpenBSD.org

OpenBSD 5.4-current (GENERIC-IP30.MP) #39: Mon Sep 30 06:14:24 MDT 2013
    xxx@xxx.xxx:/usr/src/sys/arch/sgi/compile/GENERIC-IP30.MP
real mem = 671088640 (640MB)
rsvd mem = 1064960 (2MB)
avail mem = 657309696 (626MB)
mpath0 at root
scsibus0 at mpath0: 256 targets
mainbus0 at root: Octane
cpu0 at mainbus0: MIPS R10000 CPU rev 3.4 250 MHz, R10000 FPU rev 0.0
cpu0: cache L1-I 32KB D 32KB 2 way, L2 1024KB 2 way
cpu1 at mainbus0: MIPS R10000 CPU rev 3.4 250 MHz, R10000 FPU rev 0.0
cpu1: cache L1-I 32KB D 32KB 2 way, L2 1024KB 2 way
clock0 at mainbus0: int 5
xbow0 at mainbus0: XBow revision 4
xheart0 at xbow0 widget 8: Heart revision 5
onewire0 at xheart0
owserial0 at onewire0 &quot;16kb EPROM&quot; sn 00000020ce9e
owserial0: &quot;PM20250MHZ&quot; p/n 030-1286-002, serial GPS318
xbridge0 at xbow0 widget 15: Bridge revision 4
xbpci0 at xbridge0 bus 0: 33 MHz PCI bus
pci0 at xbpci0 bus 0
isp0 at pci0 dev 0 function 0 &quot;QLogic ISP1020&quot; rev 0x05: irq 0, xbow irq 14
isp0: board type 1040B rev 0x5, loaded firmware rev 4.66.0
scsibus1 at isp0: 16 targets, initiator 0
sym0 at scsibus1 targ 1 lun 0: &lt;SEAGATE, ST336704LC, 0004&gt; SCSI3 0/direct fixed serial.SEAGATE_ST336704LC_3CD1LTSM00002133HN95
sd0 at scsibus0 targ 0 lun 0: &lt;SEAGATE, ST336704LC, 0004&gt; SCSI3 0/direct fixed serial.SEAGATE_ST336704LC_3CD1LTSM00002133HN95
sd0: 34732MB, 512 bytes/sector, 71132960 sectors
isp1 at pci0 dev 1 function 0 &quot;QLogic ISP1020&quot; rev 0x05: irq 1, xbow irq 13
isp1: board type 1040B rev 0x5, loaded firmware rev 4.66.0
scsibus2 at isp1: 16 targets, initiator 0
ioc0 at pci0 dev 2 function 0 &quot;SGI IOC3&quot; rev 0x01
onewire1 at ioc0
owmac0 at onewire1 &quot;1kb EPROM&quot; sn 0000013f2ac8
owmac0: Ethernet Address xx:xx:xx:xx:xx:xx
owserial1 at onewire1 &quot;16kb EPROM&quot; sn 000000258da4
owserial1: &quot;PWR.SPPLY.ER&quot; p/n 060-0035-001, serial AAE8230693
owserial2 at onewire1 &quot;16kb EPROM&quot; sn 00000025b109
owserial2: &quot;FP1&quot; p/n 030-0891-003, serial 40289C
ioc0: ethernet irq 2, xbow irq 12
ioc0: superio irq 4, xbow irq 11
com0 at ioc0 base 0x20178: ns16550a, 16 byte fifo
com1 at ioc0 base 0x20170: ns16550a, 16 byte fifo
iockbc0 at ioc0
pckbd0 at iockbc0 (kbd slot)
wskbd0 at pckbd0: console keyboard
iec0 at ioc0: 128KB SSRAM, address xx:xx:xx:xx:xx:xx
icsphy0 at iec0 phy 1: ICS1890 10/100 PHY, rev. 3
lpt at ioc0 not configured
dsrtc0 at ioc0: DS1687
&quot;SGI Rad1&quot; rev 0xc0 at pci0 dev 3 function 0 not configured
impact0 at xbow0 widget 12: ImpactSR revision 2
wsdisplay0 at impact0 mux 1: console (std, vt100 emulation), using wskbd0
power0 at mainbus0
vscsi0 at root
scsibus3 at vscsi0: 256 targets
softraid0 at root
scsibus4 at softraid0: 256 targets
root on sd0a swap on sd0b dump on sd0b

</pre>



</div><!-- content -->
<br />
<div id="footer">
All comments/news/posts are the property of their individual owner and
is presented without warranty of suitability, and solely as an
informational resource. <br />
This site Copyright &copy; 2004-2020 NYC*BUG.
</div><!-- footer -->

</body>
</html>

