



<!doctype html>
<html lang="en">
<head>
<meta name="keywords"
	content="bsd, freebsd, openbsd, netbsd, dragonflybsd, nycbug, dmesgd" />
<meta name="description" content="New York City BSD User Group dmesgd" />
<meta charset="utf-8" />
<meta name="viewport" content="width=device-width, initial-scale=1" />
<title>NYC*BUG dmesgd</title>
<style>
body {
	text-align: left;
	margin: 15px auto;
	padding: 0px 10px;
}
@media (min-width: 800px) {
	body {
		max-width: 85%;
	}
}
#header {
	border-bottom: 1px solid #dbdbdb;
	font-size: 230%;
	text-align: left;
}
#footer {
	border-top: 1px solid #dbdbdb;
	clear: both;
	text-align: left;
}
.logo_bug {
	color: #cc0033;
}
#menu ul {
	list-style-type: none;
	margin: 0;
	padding: 0;
}
#menu li {
	float: left;
}
#menu li a {
	display: block;
	background-color: #dbdbdb;
	color: #000000;
	font-size: 105%;
	font-weight: bold;
	padding: 0px 6px 0px 6px;
	text-decoration: none;
}
#content {
	clear: both;
	text-align: left;
	padding-top: 10px;
}
#content h1 {
	font-size: 120%;
	font-weight: bold;
}
#content h2 {
	font-size: 110%;
	font-weight: bold;
}
#content a {
	text-decoration: none;
}
#content pre {
	background-color: #dbdbdb;
	padding: 5px 5px 5px 5px;
	white-space: pre-wrap;		/* css-3 */
	white-space: -moz-pre-wrap;	/* Mozilla, since 1999 */
	white-space: -pre-wrap;		/* Opera 4-6 */
	white-space: -o-pre-wrap;	/* Opera 7 */
	word-wrap: break-word;		/* Internet Explorer 5.5+ */
}
#content table {
	border-collapse: collapse;
}
#content table th {
	border: 1px solid #dbdbdb;
	font-size: 85%;
	white-space: nowrap;
}
#content table td {
	border: 1px solid #dbdbdb;
	font-size: 80%;
}
#content input {
	font-size: 1em;
}
#content .full	{ width: 100%; }
#content .left	{ text-align: left; }
#content .right	{ text-align: right; }
#content .center { text-align: center; }
#content .flexbox {
	display: -ms-flex;
	display: -webkit-flex;
	display: flex;
	width: 100%;
}
#content .left_col {
	min-width: 75px;
	max-width: 50%;
	flex-grow: 0;
}
#content .right_col {
	flex-grow: 1;
	margin-left: 10px;
	padding-top: 10px;
	padding-left: 10px;
}
#col {
	-moz-column-count: 3;
	-webkit-column-count: 3;
	column-count: 3;
}
</style>
</head>
<body>

<div id="header">
<strong><em>NYC*</em><span class="logo_bug">BUG</span> dmesgd</strong>
</div><!-- header -->

<div id="menu">
<ul>
<li><a href="https://dmesgd.nycbug.org/index.cgi?do=index">Home</a></li>
<li><a href="https://dmesgd.nycbug.org/index.cgi?do=submit">Submit</a></li>
<li><a href="https://www.nycbug.org/">NYC*BUG</a></li>
</ul>
</div><!-- menu -->

<div id="content">

<p>
Launched in 2004, dmesgd aims to provide a
<strong>user-submitted</strong> repository of searchable *BSD dmesgs.
The dmesg(8) command displays the system message buffer's content, and
during boot a copy is saved to <em>/var/run/dmesg.boot</em>.  This buffer
contains the operating system release, name and version, a list of
devices identified, plus a whole host of other useful information.  We
hope others find this resource useful and further contribute to its
growth. Contact us at [ admin at lists dot nycbug dot org ].
</p>

<hr />


<strong>Date:</strong> <em>2013-10-26 22:27:16</em><br />
<strong>From:</strong> <em>Bill</em><br />
<strong>Description:</strong> <em>HP Pavilion h8-1214</em><br />

<pre>
OpenBSD 5.4 (GENERIC.MP) #41: Tue Jul 30 15:30:02 MDT 2013
    xxx@xxx.xxx:/usr/src/sys/arch/amd64/compile/GENERIC.MP
real mem = 10485002240 (9999MB)
avail mem = 10198167552 (9725MB)
mainbus0 at root
bios0 at mainbus0: SMBIOS rev. 2.7 @ 0xed240 (51 entries)
bios0: vendor AMI version &quot;Ang_713&quot; date 12/29/2011
bios0: Hewlett-Packard h8-1214
acpi0 at bios0: rev 2
acpi0: sleep states S0 S1 S3 S4 S5
acpi0: tables DSDT FACP APIC MCFG SLIC HPET SSDT DBGP
acpi0: wakeup devices SBAZ(S4) PS2K(S4) PS2M(S3) P0PC(S4) GEC_(S4) UHC1(S4) UHC2(S4) USB3(S4) UHC4(S4) USB5(S4) UHC6(S4) UHC7(S4) PE20(S4) PE21(S4) PE22(S4) PE23(S4) [...]
acpitimer0 at acpi0: 3579545 Hz, 32 bits
acpimadt0 at acpi0 addr 0xfee00000: PC-AT compat
cpu0 at mainbus0: apid 0 (boot processor)
cpu0: AMD FX(tm)-6100 Six-Core Processor , 3292.21 MHz
cpu0: FPU,VME,DE,PSE,TSC,MSR,PAE,MCE,CX8,APIC,SEP,MTRR,PGE,MCA,CMOV,PAT,PSE36,CFLUSH,MMX,FXSR,SSE,SSE2,HTT,SSE3,PCLMUL,MWAIT,SSSE3,CX16,SSE4.1,SSE4.2,POPCNT,AES,XSAVE,AVX,NXE,MMXX,FFXSR,LONG,LAHF,CMPLEG,SVM,EAPICSP,AMCR8,ABM,SSE4A,MASSE,3DNOWP,OSVW,IBS,XOP,SKINIT,WDT,FMA4,NODEID,TOPEXT,ITSC
cpu0: 64KB 64b/line 2-way I-cache, 16KB 64b/line 4-way D-cache, 2MB 64b/line 16-way L2 cache, 8MB 64b/line 64-way L3 cache
cpu0: ITLB 48 4KB entries fully associative, 24 4MB entries fully associative
cpu0: DTLB 32 4KB entries fully associative, 32 4MB entries fully associative
cpu0: smt 0, core 0, package 0
cpu0: apic clock running at 199MHz
cpu1 at mainbus0: apid 1 (application processor)
cpu1: AMD FX(tm)-6100 Six-Core Processor , 3291.76 MHz
cpu1: FPU,VME,DE,PSE,TSC,MSR,PAE,MCE,CX8,APIC,SEP,MTRR,PGE,MCA,CMOV,PAT,PSE36,CFLUSH,MMX,FXSR,SSE,SSE2,HTT,SSE3,PCLMUL,MWAIT,SSSE3,CX16,SSE4.1,SSE4.2,POPCNT,AES,XSAVE,AVX,NXE,MMXX,FFXSR,LONG,LAHF,CMPLEG,SVM,EAPICSP,AMCR8,ABM,SSE4A,MASSE,3DNOWP,OSVW,IBS,XOP,SKINIT,WDT,FMA4,NODEID,TOPEXT,ITSC
cpu1: 64KB 64b/line 2-way I-cache, 16KB 64b/line 4-way D-cache, 2MB 64b/line 16-way L2 cache, 8MB 64b/line 64-way L3 cache
cpu1: ITLB 48 4KB entries fully associative, 24 4MB entries fully associative
cpu1: DTLB 32 4KB entries fully associative, 32 4MB entries fully associative
cpu1: smt 0, core 1, package 0
cpu2 at mainbus0: apid 2 (application processor)
cpu2: AMD FX(tm)-6100 Six-Core Processor , 3291.76 MHz
cpu2: FPU,VME,DE,PSE,TSC,MSR,PAE,MCE,CX8,APIC,SEP,MTRR,PGE,MCA,CMOV,PAT,PSE36,CFLUSH,MMX,FXSR,SSE,SSE2,HTT,SSE3,PCLMUL,MWAIT,SSSE3,CX16,SSE4.1,SSE4.2,POPCNT,AES,XSAVE,AVX,NXE,MMXX,FFXSR,LONG,LAHF,CMPLEG,SVM,EAPICSP,AMCR8,ABM,SSE4A,MASSE,3DNOWP,OSVW,IBS,XOP,SKINIT,WDT,FMA4,NODEID,TOPEXT,ITSC
cpu2: 64KB 64b/line 2-way I-cache, 16KB 64b/line 4-way D-cache, 2MB 64b/line 16-way L2 cache, 8MB 64b/line 64-way L3 cache
cpu2: ITLB 48 4KB entries fully associative, 24 4MB entries fully associative
cpu2: DTLB 32 4KB entries fully associative, 32 4MB entries fully associative
cpu2: smt 0, core 2, package 0
cpu3 at mainbus0: apid 3 (application processor)
cpu3: AMD FX(tm)-6100 Six-Core Processor , 3291.76 MHz
cpu3: FPU,VME,DE,PSE,TSC,MSR,PAE,MCE,CX8,APIC,SEP,MTRR,PGE,MCA,CMOV,PAT,PSE36,CFLUSH,MMX,FXSR,SSE,SSE2,HTT,SSE3,PCLMUL,MWAIT,SSSE3,CX16,SSE4.1,SSE4.2,POPCNT,AES,XSAVE,AVX,NXE,MMXX,FFXSR,LONG,LAHF,CMPLEG,SVM,EAPICSP,AMCR8,ABM,SSE4A,MASSE,3DNOWP,OSVW,IBS,XOP,SKINIT,WDT,FMA4,NODEID,TOPEXT,ITSC
cpu3: 64KB 64b/line 2-way I-cache, 16KB 64b/line 4-way D-cache, 2MB 64b/line 16-way L2 cache, 8MB 64b/line 64-way L3 cache
cpu3: ITLB 48 4KB entries fully associative, 24 4MB entries fully associative
cpu3: DTLB 32 4KB entries fully associative, 32 4MB entries fully associative
cpu3: smt 0, core 3, package 0
cpu4 at mainbus0: apid 4 (application processor)
cpu4: AMD FX(tm)-6100 Six-Core Processor , 3291.76 MHz
cpu4: FPU,VME,DE,PSE,TSC,MSR,PAE,MCE,CX8,APIC,SEP,MTRR,PGE,MCA,CMOV,PAT,PSE36,CFLUSH,MMX,FXSR,SSE,SSE2,HTT,SSE3,PCLMUL,MWAIT,SSSE3,CX16,SSE4.1,SSE4.2,POPCNT,AES,XSAVE,AVX,NXE,MMXX,FFXSR,LONG,LAHF,CMPLEG,SVM,EAPICSP,AMCR8,ABM,SSE4A,MASSE,3DNOWP,OSVW,IBS,XOP,SKINIT,WDT,FMA4,NODEID,TOPEXT,ITSC
cpu4: 64KB 64b/line 2-way I-cache, 16KB 64b/line 4-way D-cache, 2MB 64b/line 16-way L2 cache, 8MB 64b/line 64-way L3 cache
cpu4: ITLB 48 4KB entries fully associative, 24 4MB entries fully associative
cpu4: DTLB 32 4KB entries fully associative, 32 4MB entries fully associative
cpu4: smt 0, core 4, package 0
cpu5 at mainbus0: apid 5 (application processor)
cpu5: AMD FX(tm)-6100 Six-Core Processor , 3291.76 MHz
cpu5: FPU,VME,DE,PSE,TSC,MSR,PAE,MCE,CX8,APIC,SEP,MTRR,PGE,MCA,CMOV,PAT,PSE36,CFLUSH,MMX,FXSR,SSE,SSE2,HTT,SSE3,PCLMUL,MWAIT,SSSE3,CX16,SSE4.1,SSE4.2,POPCNT,AES,XSAVE,AVX,NXE,MMXX,FFXSR,LONG,LAHF,CMPLEG,SVM,EAPICSP,AMCR8,ABM,SSE4A,MASSE,3DNOWP,OSVW,IBS,XOP,SKINIT,WDT,FMA4,NODEID,TOPEXT,ITSC
cpu5: 64KB 64b/line 2-way I-cache, 16KB 64b/line 4-way D-cache, 2MB 64b/line 16-way L2 cache, 8MB 64b/line 64-way L3 cache
cpu5: ITLB 48 4KB entries fully associative, 24 4MB entries fully associative
cpu5: DTLB 32 4KB entries fully associative, 32 4MB entries fully associative
cpu5: smt 0, core 5, package 0
ioapic0 at mainbus0: apid 7 pa 0xfec00000, version 21, 24 pins
ioapic1 at mainbus0: apid 8 pa 0xfec20000, version 21, 32 pins
acpimcfg0 at acpi0 addr 0xe0000000, bus 0-255
acpihpet0 at acpi0: 14318180 Hz
acpiprt0 at acpi0: bus 0 (PCI0)
acpiprt1 at acpi0: bus 3 (P0PC)
acpiprt2 at acpi0: bus 4 (PE20)
acpiprt3 at acpi0: bus 5 (PE21)
acpiprt4 at acpi0: bus 7 (PE22)
acpiprt5 at acpi0: bus 8 (PE23)
acpiprt6 at acpi0: bus 1 (PC02)
acpiprt7 at acpi0: bus -1 (PC03)
acpiprt8 at acpi0: bus -1 (PC04)
acpiprt9 at acpi0: bus 2 (PC05)
acpiprt10 at acpi0: bus -1 (PC07)
acpiprt11 at acpi0: bus -1 (PC09)
acpiprt12 at acpi0: bus -1 (PC0A)
acpiprt13 at acpi0: bus -1 (PC0B)
acpiprt14 at acpi0: bus -1 (PC0C)
acpiprt15 at acpi0: bus -1 (PC0D)
acpicpu0 at acpi0: C2, PSS
acpicpu1 at acpi0: C2, PSS
acpicpu2 at acpi0: C2, PSS
acpicpu3 at acpi0: C2, PSS
acpicpu4 at acpi0: C2, PSS
acpicpu5 at acpi0: C2, PSS
acpibtn0 at acpi0: PWRB
cpu0: 3292 MHz: speeds: 3300 3000 2400 1800 1400 MHz
pci0 at mainbus0 bus 0
pchb0 at pci0 dev 0 function 0 vendor &quot;ATI&quot;, unknown product 0x5a14 rev 0x02
ppb0 at pci0 dev 2 function 0 &quot;ATI SR5690 PCIE&quot; rev 0x00: msi
pci1 at ppb0 bus 1
vga1 at pci1 dev 0 function 0 &quot;ATI Radeon HD 7450&quot; rev 0x00
wsdisplay0 at vga1 mux 1: console (80x25, vt100 emulation)
wsdisplay0: screen 1-5 added (80x25, vt100 emulation)
azalia0 at pci1 dev 0 function 1 &quot;ATI Radeon HD 6400 Audio&quot; rev 0x00: msi
azalia0: no supported codecs
ppb1 at pci0 dev 5 function 0 &quot;ATI SR5690 PCIE&quot; rev 0x00: msi
pci2 at ppb1 bus 2
&quot;TI xHCI&quot; rev 0x02 at pci2 dev 0 function 0 not configured
ahci0 at pci0 dev 17 function 0 &quot;ATI SBx00 SATA&quot; rev 0x40: apic 7 int 19, AHCI 1.2
scsibus0 at ahci0: 32 targets
sd0 at scsibus0 targ 0 lun 0: &lt;ATA, ST2000DM001-9YN1, CC4H&gt; SCSI3 0/direct fixed naa.5000c50051cad7d7
sd0: 1907729MB, 512 bytes/sector, 3907029168 sectors
cd0 at scsibus0 targ 2 lun 0: &lt;hp, CDDVDW TS-H653TN, H6GA&gt; ATAPI 5/cdrom removable
sd1 at scsibus0 targ 3 lun 0: &lt;ATA, ST2000DM001-9YN1, CC4H&gt; SCSI3 0/direct fixed naa.5000c50053037f07
sd1: 1907729MB, 512 bytes/sector, 3907029168 sectors
ohci0 at pci0 dev 18 function 0 &quot;ATI SB700 USB&quot; rev 0x00: apic 7 int 18, version 1.0, legacy support
ehci0 at pci0 dev 18 function 2 &quot;ATI SB700 USB2&quot; rev 0x00: apic 7 int 17
usb0 at ehci0: USB revision 2.0
uhub0 at usb0 &quot;ATI EHCI root hub&quot; rev 2.00/1.00 addr 1
ohci1 at pci0 dev 19 function 0 &quot;ATI SB700 USB&quot; rev 0x00: apic 7 int 18, version 1.0, legacy support
ehci1 at pci0 dev 19 function 2 &quot;ATI SB700 USB2&quot; rev 0x00: apic 7 int 17
usb1 at ehci1: USB revision 2.0
uhub1 at usb1 &quot;ATI EHCI root hub&quot; rev 2.00/1.00 addr 1
piixpm0 at pci0 dev 20 function 0 &quot;ATI SBx00 SMBus&quot; rev 0x42: polling
iic0 at piixpm0
spdmem0 at iic0 addr 0x51: 2GB DDR3 SDRAM PC3-10600
spdmem1 at iic0 addr 0x52: 4GB DDR3 SDRAM PC3-10600
spdmem2 at iic0 addr 0x53: 4GB DDR3 SDRAM PC3-10600
azalia1 at pci0 dev 20 function 2 &quot;ATI SBx00 HD Audio&quot; rev 0x40: apic 7 int 16
azalia1: codecs: IDT/0x76c7
audio0 at azalia1
pcib0 at pci0 dev 20 function 3 &quot;ATI SB700 ISA&quot; rev 0x40
ppb2 at pci0 dev 20 function 4 &quot;ATI SB600 PCI&quot; rev 0x40
pci3 at ppb2 bus 3
ohci2 at pci0 dev 20 function 5 &quot;ATI SB700 USB&quot; rev 0x00: apic 7 int 18, version 1.0, legacy support
ppb3 at pci0 dev 21 function 0 &quot;ATI SB800 PCIE&quot; rev 0x00
pci4 at ppb3 bus 4
em0 at pci4 dev 0 function 0 &quot;Intel 82574L&quot; rev 0x00: msi, address xx:xx:xx:xx:xx:xx
ppb4 at pci0 dev 21 function 1 &quot;ATI SB800 PCIE&quot; rev 0x00
pci5 at ppb4 bus 5
ppb5 at pci5 dev 0 function 0 &quot;TI XIO2221 PCIE-PCI&quot; rev 0x01
pci6 at ppb5 bus 6
&quot;TI XIO2221 FireWire&quot; rev 0x01 at pci6 dev 0 function 0 not configured
ppb6 at pci0 dev 21 function 2 &quot;ATI SB800 PCIE&quot; rev 0x00
pci7 at ppb6 bus 7
&quot;Broadcom BCM43225&quot; rev 0x01 at pci7 dev 0 function 0 not configured
ppb7 at pci0 dev 21 function 3 &quot;ATI SB800 PCIE&quot; rev 0x00
pci8 at ppb7 bus 8
re0 at pci8 dev 0 function 0 &quot;Realtek 8168&quot; rev 0x06: RTL8168E/8111E (0x2c00), apic 7 int 23, address xx:xx:xx:xx:xx:xx
rgephy0 at re0 phy 7: RTL8169S/8110S PHY, rev. 4
ohci3 at pci0 dev 22 function 0 &quot;ATI SB700 USB&quot; rev 0x00: apic 7 int 18, version 1.0, legacy support
ehci2 at pci0 dev 22 function 2 &quot;ATI SB700 USB2&quot; rev 0x00: apic 7 int 17
usb2 at ehci2: USB revision 2.0
uhub2 at usb2 &quot;ATI EHCI root hub&quot; rev 2.00/1.00 addr 1
pchb1 at pci0 dev 24 function 0 &quot;AMD AMD64 15h Link Cfg&quot; rev 0x00
pchb2 at pci0 dev 24 function 1 &quot;AMD AMD64 15h Address Map&quot; rev 0x00
pchb3 at pci0 dev 24 function 2 &quot;AMD AMD64 15h DRAM Cfg&quot; rev 0x00
km0 at pci0 dev 24 function 3 &quot;AMD AMD64 15h Misc Cfg&quot; rev 0x00
pchb4 at pci0 dev 24 function 4 &quot;AMD AMD64 15h CPU Power&quot; rev 0x00
pchb5 at pci0 dev 24 function 5 &quot;AMD AMD64 15h Host&quot; rev 0x00
usb3 at ohci0: USB revision 1.0
uhub3 at usb3 &quot;ATI OHCI root hub&quot; rev 1.00/1.00 addr 1
usb4 at ohci1: USB revision 1.0
uhub4 at usb4 &quot;ATI OHCI root hub&quot; rev 1.00/1.00 addr 1
isa0 at pcib0
isadma0 at isa0
pckbc0 at isa0 port 0x60/5
pckbd0 at pckbc0 (kbd slot)
pckbc0: using irq 1 for kbd slot
wskbd0 at pckbd0: console keyboard, using wsdisplay0
pcppi0 at isa0 port 0x61
spkr0 at pcppi0
it0 at isa0 port 0x2e/2: IT8772F rev 0, EC port 0xa30
usb5 at ohci2: USB revision 1.0
uhub5 at usb5 &quot;ATI OHCI root hub&quot; rev 1.00/1.00 addr 1
usb6 at ohci3: USB revision 1.0
uhub6 at usb6 &quot;ATI OHCI root hub&quot; rev 1.00/1.00 addr 1
mtrr: Pentium Pro MTRR support
umass0 at uhub2 port 2 configuration 1 interface 0 &quot;Generic Mass Storage Device&quot; rev 2.00/1.00 addr 2
umass0: using SCSI over Bulk-Only
scsibus1 at umass0: 2 targets, initiator 0
sd2 at scsibus1 targ 1 lun 0: &lt;Generic-, SD/MMC, 1.00&gt; SCSI0 0/direct removable
sd3 at scsibus1 targ 1 lun 1: &lt;Generic-, Compact Flash, 1.01&gt; SCSI0 0/direct removable
sd4 at scsibus1 targ 1 lun 2: &lt;Generic-, SM/xD-Picture, 1.02&gt; SCSI0 0/direct removable
sd5 at scsibus1 targ 1 lun 3: &lt;Generic-, MS/MS-Pro, 1.03&gt; SCSI0 0/direct removable
uhidev0 at uhub4 port 2 configuration 1 interface 0 &quot;Logitech USB Optical Mouse&quot; rev 2.00/54.00 addr 2
uhidev0: iclass 3/1
ums0 at uhidev0: 8 buttons, Z dir
wsmouse0 at ums0 mux 0
uhidev1 at uhub4 port 3 configuration 1 interface 0 &quot;Holtek USB Keyboard&quot; rev 1.10/1.10 addr 3
uhidev1: iclass 3/1
ukbd0 at uhidev1: 8 variable keys, 6 key codes
wskbd1 at ukbd0 mux 1
wskbd1: connecting to wsdisplay0
uhidev2 at uhub4 port 3 configuration 1 interface 1 &quot;Holtek USB Keyboard&quot; rev 1.10/1.10 addr 3
uhidev2: iclass 3/1, 2 report ids
uhid0 at uhidev2 reportid 1: input=6, output=0, feature=0
uhid1 at uhidev2 reportid 2: input=1, output=0, feature=0
ugen0 at uhub4 port 4 &quot;American Power Conversion Back-UPS ES 750G FW:841.I4 .D USB FW:I4&quot; rev 1.10/1.01 addr 4
ugen1 at uhub6 port 1 &quot;Broadcom Corp HP Bluetooth Module&quot; rev 2.00/6.08 addr 2
vscsi0 at root
scsibus2 at vscsi0: 256 targets
softraid0 at root
scsibus3 at softraid0: 256 targets
root on sd0a (d40aecfeba72e712.a) swap on sd0b dump on sd0b
</pre>



</div><!-- content -->
<br />
<div id="footer">
All comments/news/posts are the property of their individual owner and
is presented without warranty of suitability, and solely as an
informational resource. <br />
This site Copyright &copy; 2004-2020 NYC*BUG.
</div><!-- footer -->

</body>
</html>

