



<!doctype html>
<html lang="en">
<head>
<meta name="keywords"
	content="bsd, freebsd, openbsd, netbsd, dragonflybsd, nycbug, dmesgd" />
<meta name="description" content="New York City BSD User Group dmesgd" />
<meta charset="utf-8" />
<meta name="viewport" content="width=device-width, initial-scale=1" />
<title>NYC*BUG dmesgd</title>
<style>
body {
	text-align: left;
	margin: 15px auto;
	padding: 0px 10px;
}
@media (min-width: 800px) {
	body {
		max-width: 85%;
	}
}
#header {
	border-bottom: 1px solid #dbdbdb;
	font-size: 230%;
	text-align: left;
}
#footer {
	border-top: 1px solid #dbdbdb;
	clear: both;
	text-align: left;
}
.logo_bug {
	color: #cc0033;
}
#menu ul {
	list-style-type: none;
	margin: 0;
	padding: 0;
}
#menu li {
	float: left;
}
#menu li a {
	display: block;
	background-color: #dbdbdb;
	color: #000000;
	font-size: 105%;
	font-weight: bold;
	padding: 0px 6px 0px 6px;
	text-decoration: none;
}
#content {
	clear: both;
	text-align: left;
	padding-top: 10px;
}
#content h1 {
	font-size: 120%;
	font-weight: bold;
}
#content h2 {
	font-size: 110%;
	font-weight: bold;
}
#content a {
	text-decoration: none;
}
#content pre {
	background-color: #dbdbdb;
	padding: 5px 5px 5px 5px;
	white-space: pre-wrap;		/* css-3 */
	white-space: -moz-pre-wrap;	/* Mozilla, since 1999 */
	white-space: -pre-wrap;		/* Opera 4-6 */
	white-space: -o-pre-wrap;	/* Opera 7 */
	word-wrap: break-word;		/* Internet Explorer 5.5+ */
}
#content table {
	border-collapse: collapse;
}
#content table th {
	border: 1px solid #dbdbdb;
	font-size: 85%;
	white-space: nowrap;
}
#content table td {
	border: 1px solid #dbdbdb;
	font-size: 80%;
}
#content input {
	font-size: 1em;
}
#content .full	{ width: 100%; }
#content .left	{ text-align: left; }
#content .right	{ text-align: right; }
#content .center { text-align: center; }
#content .flexbox {
	display: -ms-flex;
	display: -webkit-flex;
	display: flex;
	width: 100%;
}
#content .left_col {
	min-width: 75px;
	max-width: 50%;
	flex-grow: 0;
}
#content .right_col {
	flex-grow: 1;
	margin-left: 10px;
	padding-top: 10px;
	padding-left: 10px;
}
#col {
	-moz-column-count: 3;
	-webkit-column-count: 3;
	column-count: 3;
}
</style>
</head>
<body>

<div id="header">
<strong><em>NYC*</em><span class="logo_bug">BUG</span> dmesgd</strong>
</div><!-- header -->

<div id="menu">
<ul>
<li><a href="https://dmesgd.nycbug.org/index.cgi?do=index">Home</a></li>
<li><a href="https://dmesgd.nycbug.org/index.cgi?do=submit">Submit</a></li>
<li><a href="https://www.nycbug.org/">NYC*BUG</a></li>
</ul>
</div><!-- menu -->

<div id="content">

<p>
Launched in 2004, dmesgd aims to provide a
<strong>user-submitted</strong> repository of searchable *BSD dmesgs.
The dmesg(8) command displays the system message buffer's content, and
during boot a copy is saved to <em>/var/run/dmesg.boot</em>.  This buffer
contains the operating system release, name and version, a list of
devices identified, plus a whole host of other useful information.  We
hope others find this resource useful and further contribute to its
growth. Contact us at [ admin at lists dot nycbug dot org ].
</p>

<hr />


<strong>Date:</strong> <em>2013-12-30 01:15:23</em><br />
<strong>From:</strong> <em>czarkoff</em><br />
<strong>Description:</strong> <em>Lenovo ThinkPad Edge E325</em><br />

<pre>
OpenBSD 5.4-current (GENERIC.MP) #209: Fri Dec 20 17:17:38 MST 2013
    xxx@xxx.xxx:/usr/src/sys/arch/amd64/compile/GENERIC.MP
real mem = 3849388032 (3671MB)
avail mem = 3738726400 (3565MB)
mainbus0 at root
bios0 at mainbus0: SMBIOS rev. 2.6 @ 0xf9d00 (58 entries)
bios0: vendor LENOVO version &quot;8SET33WW (1.15 )&quot; date 11/17/2011
bios0: LENOVO 12972UG
acpi0 at bios0: rev 4
acpi0: sleep states S0 S3 S4 S5
acpi0: tables DSDT FACP SLIC HPET APIC MCFG UEFI UEFI SSDT SSDT UEFI
acpi0: wakeup devices PB4_(S4) PB5_(S4) PB6_(S4) PB7_(S4) OHC1(S3) EHC1(S3) OHC2(S3) SBAZ(S4) GEC_(S4) P2P_(S5) SPB0(S4) SPB1(S4) SPB2(S4) SPB3(S4) LID_(S4)
acpitimer0 at acpi0: 3579545 Hz, 32 bits
acpihpet0 at acpi0: 14318180 Hz
acpimadt0 at acpi0 addr 0xfee00000: PC-AT compat
cpu0 at mainbus0: apid 0 (boot processor)
cpu0: AMD E-450 APU with Radeon(tm) HD Graphics, 1647.50 MHz
cpu0: FPU,VME,DE,PSE,TSC,MSR,PAE,MCE,CX8,APIC,SEP,MTRR,PGE,MCA,CMOV,PAT,PSE36,CFLUSH,MMX,FXSR,SSE,SSE2,HTT,SSE3,MWAIT,SSSE3,CX16,POPCNT,NXE,MMXX,FFXSR,LONG,LAHF,CMPLEG,SVM,EAPICSP,AMCR8,ABM,SSE4A,MASSE,3DNOWP,IBS,SKINIT,ITSC
cpu0: 32KB 64b/line 2-way I-cache, 32KB 64b/line 8-way D-cache, 512KB 64b/line 16-way L2 cache
cpu0: 8 4MB entries fully associative
cpu0: DTLB 40 4KB entries fully associative, 8 4MB entries fully associative
cpu0: smt 0, core 0, package 0
mtrr: Pentium Pro MTRR support, 8 var ranges, 88 fixed ranges
cpu0: apic clock running at 199MHz
cpu0: mwait min=64, max=64, C-substates=0.0.0.0.0, IBE
cpu1 at mainbus0: apid 1 (application processor)
cpu1: AMD E-450 APU with Radeon(tm) HD Graphics, 1646.50 MHz
cpu1: FPU,VME,DE,PSE,TSC,MSR,PAE,MCE,CX8,APIC,SEP,MTRR,PGE,MCA,CMOV,PAT,PSE36,CFLUSH,MMX,FXSR,SSE,SSE2,HTT,SSE3,MWAIT,SSSE3,CX16,POPCNT,NXE,MMXX,FFXSR,LONG,LAHF,CMPLEG,SVM,EAPICSP,AMCR8,ABM,SSE4A,MASSE,3DNOWP,IBS,SKINIT,ITSC
cpu1: 32KB 64b/line 2-way I-cache, 32KB 64b/line 8-way D-cache, 512KB 64b/line 16-way L2 cache
cpu1: 8 4MB entries fully associative
cpu1: DTLB 40 4KB entries fully associative, 8 4MB entries fully associative
cpu1: smt 0, core 1, package 0
ioapic0 at mainbus0: apid 2 pa 0xfec00000, version 21, 24 pins
ioapic0: misconfigured as apic 0, remapped to apid 2
acpimcfg0 at acpi0 addr 0xf8000000, bus 0-31
acpiprt0 at acpi0: bus 0 (PCI0)
acpiprt1 at acpi0: bus -1 (PB4_)
acpiprt2 at acpi0: bus 1 (PB5_)
acpiprt3 at acpi0: bus 2 (PB6_)
acpiprt4 at acpi0: bus 3 (PB7_)
acpiprt5 at acpi0: bus 4 (P2P_)
acpiprt6 at acpi0: bus -1 (SPB0)
acpiprt7 at acpi0: bus -1 (SPB1)
acpiprt8 at acpi0: bus -1 (SPB2)
acpiprt9 at acpi0: bus -1 (SPB3)
acpiec0 at acpi0
acpicpu0 at acpi0: C2, PSS
acpicpu1 at acpi0: C2, PSS
acpitz0 at acpi0: critical temperature is 100 degC
acpibtn0 at acpi0: PWRB
acpithinkpad0 at acpi0
acpiac0 at acpi0: AC unit online
acpibat0 at acpi0: BAT1 model &quot;42T4947&quot; serial   423 type LION oem &quot;SANYO&quot;
acpibtn1 at acpi0: LID_
cpu0: 1647 MHz: speeds: 1650 1320 825 MHz
pci0 at mainbus0 bus 0
pchb0 at pci0 dev 0 function 0 &quot;AMD AMD64 14h Host&quot; rev 0x00
radeondrm0 at pci0 dev 1 function 0 &quot;ATI Radeon HD 6320&quot; rev 0x00: apic 2 int 18
drm0 at radeondrm0
azalia0 at pci0 dev 1 function 1 &quot;ATI Radeon HD 6310 HD Audio&quot; rev 0x00: msi
azalia0: no supported codecs
ppb0 at pci0 dev 5 function 0 &quot;AMD AMD64 14h PCIE&quot; rev 0x00: msi
pci1 at ppb0 bus 1
&quot;Realtek 8188CE&quot; rev 0x01 at pci1 dev 0 function 0 not configured
ppb1 at pci0 dev 6 function 0 &quot;AMD AMD64 14h PCIE&quot; rev 0x00: msi
pci2 at ppb1 bus 2
alc0 at pci2 dev 0 function 0 &quot;Attansic Technology L1D&quot; rev 0xc0: msi, address xx:xx:xx:xx:xx:xx
atphy0 at alc0 phy 0: F1 10/100/1000 PHY, rev. 0
ppb2 at pci0 dev 7 function 0 &quot;AMD AMD64 14h PCIE&quot; rev 0x00: msi
pci3 at ppb2 bus 3
rtsx0 at pci3 dev 0 function 0 &quot;Realtek RTS5209 Card Reader&quot; rev 0x01: msi
sdmmc0 at rtsx0
ahci0 at pci0 dev 17 function 0 &quot;ATI SBx00 SATA&quot; rev 0x00: apic 2 int 19, AHCI 1.2
scsibus0 at ahci0: 32 targets
sd0 at scsibus0 targ 0 lun 0: &lt;ATA, ST320LT007-9ZV14, 0004&gt; SCSI3 0/direct fixed naa.5000c500451958be
sd0: 305245MB, 512 bytes/sector, 625142448 sectors
ohci0 at pci0 dev 18 function 0 &quot;ATI SB700 USB&quot; rev 0x00: apic 2 int 18, version 1.0, legacy support
ehci0 at pci0 dev 18 function 2 &quot;ATI SB700 USB2&quot; rev 0x00: apic 2 int 17
usb0 at ehci0: USB revision 2.0
uhub0 at usb0 &quot;ATI EHCI root hub&quot; rev 2.00/1.00 addr 1
ohci1 at pci0 dev 19 function 0 &quot;ATI SB700 USB&quot; rev 0x00: apic 2 int 18, version 1.0, legacy support
ehci1 at pci0 dev 19 function 2 &quot;ATI SB700 USB2&quot; rev 0x00: apic 2 int 17
usb1 at ehci1: USB revision 2.0
uhub1 at usb1 &quot;ATI EHCI root hub&quot; rev 2.00/1.00 addr 1
piixpm0 at pci0 dev 20 function 0 &quot;ATI SBx00 SMBus&quot; rev 0x42: polling
iic0 at piixpm0
spdmem0 at iic0 addr 0x50: 4GB DDR3 SDRAM PC3-10600 SO-DIMM
azalia1 at pci0 dev 20 function 2 &quot;ATI SBx00 HD Audio&quot; rev 0x40: apic 2 int 16
azalia1: codecs: Conexant/0x506e
audio0 at azalia1
pcib0 at pci0 dev 20 function 3 &quot;ATI SB700 ISA&quot; rev 0x40
ppb3 at pci0 dev 20 function 4 &quot;ATI SB600 PCI&quot; rev 0x40
pci4 at ppb3 bus 4
pchb1 at pci0 dev 24 function 0 &quot;AMD AMD64 14h Link Cfg&quot; rev 0x43
pchb2 at pci0 dev 24 function 1 &quot;AMD AMD64 14h Address Map&quot; rev 0x00
pchb3 at pci0 dev 24 function 2 &quot;AMD AMD64 14h DRAM Cfg&quot; rev 0x00
km0 at pci0 dev 24 function 3 &quot;AMD AMD64 14h Misc Cfg&quot; rev 0x00
pchb4 at pci0 dev 24 function 4 &quot;AMD AMD64 14h CPU Power&quot; rev 0x00
pchb5 at pci0 dev 24 function 5 &quot;AMD AMD64 14h Reserved&quot; rev 0x00
pchb6 at pci0 dev 24 function 6 &quot;AMD AMD64 14h NB Power&quot; rev 0x00
pchb7 at pci0 dev 24 function 7 &quot;AMD AMD64 14h Reserved&quot; rev 0x00
usb2 at ohci0: USB revision 1.0
uhub2 at usb2 &quot;ATI OHCI root hub&quot; rev 1.00/1.00 addr 1
usb3 at ohci1: USB revision 1.0
uhub3 at usb3 &quot;ATI OHCI root hub&quot; rev 1.00/1.00 addr 1
isa0 at pcib0
isadma0 at isa0
pckbc0 at isa0 port 0x60/5
pckbd0 at pckbc0 (kbd slot)
pckbc0: using irq 1 for kbd slot
wskbd0 at pckbd0: console keyboard
pms0 at pckbc0 (aux slot)
pckbc0: using irq 12 for aux slot
wsmouse0 at pms0 mux 0
wsmouse1 at pms0 mux 0
pms0: Synaptics clickpad, firmware 8.0
pcppi0 at isa0 port 0x61
spkr0 at pcppi0
uvideo0 at uhub1 port 5 configuration 1 interface 0 &quot;Ricoh Company Ltd. Integrated Camera&quot; rev 2.00/20.13 addr 2
video0 at uvideo0
uhidev0 at uhub2 port 3 configuration 1 interface 0 &quot;vendor 0x2166 USB OPTICAL MOUSE&quot; rev 1.10/1.00 addr 2
uhidev0: iclass 3/1, 1 report id
ums0 at uhidev0 reportid 1: 3 buttons, Z dir
wsmouse2 at ums0 mux 0
ugen0 at uhub2 port 4 &quot;Broadcom Corp Broadcom Bluetooth Device&quot; rev 2.00/7.48 addr 3
vscsi0 at root
scsibus1 at vscsi0: 256 targets
softraid0 at root
scsibus2 at softraid0: 256 targets
root on sd0a (d02babcb5f5d80c4.a) swap on sd0b dump on sd0b
drm: initializing kernel modesetting (PALM 0x1002:0x9806 0x17AA:0x21F0).
radeondrm0: VRAM: 384M 0x0000000000000000 - 0x0000000017FFFFFF (384M used)
radeondrm0: GTT: 512M 0x0000000018000000 - 0x0000000037FFFFFF
ttm_pool_mm_shrink_init stub
drm: PCIE GART of 512M enabled (table at 0x0000000000040000).
drm: Internal thermal controller without fan control
radeondrm0: 1366x768
wsdisplay0 at radeondrm0 mux 1: console (std, vt100 emulation), using wskbd0
wsdisplay0: screen 1-5 added (std, vt100 emulation)
wsmouse2 detached
ums0 detached
uhidev0 detached
umass0 at uhub0 port 1 configuration 1 interface 0 &quot;HTC Android Phone&quot; rev 2.00/2.28 addr 2
umass0: using SCSI over Bulk-Only
scsibus3 at umass0: 2 targets, initiator 0
sd1 at scsibus3 targ 1 lun 0: &lt;HTC, Android Phone, 0000&gt; SCSI2 0/direct removable serial.0bb40ff9HT1BFTJ01258
sd1 detached
scsibus3 detached
umass0 detached
syncing disks... done
OpenBSD 5.4-current (RAMDISK_CD) #167: Fri Dec 27 22:40:53 MST 2013
    xxx@xxx.xxx:/usr/src/sys/arch/amd64/compile/RAMDISK_CD
real mem = 3849388032 (3671MB)
avail mem = 3741990912 (3568MB)
mainbus0 at root
bios0 at mainbus0: SMBIOS rev. 2.6 @ 0xf9d00 (58 entries)
bios0: vendor LENOVO version &quot;8SET33WW (1.15 )&quot; date 11/17/2011
bios0: LENOVO 12972UG
acpi0 at bios0: rev 4
acpi0: sleep states S0 S3 S4 S5
acpi0: tables DSDT FACP SLIC HPET APIC MCFG UEFI UEFI SSDT SSDT UEFI
acpimadt0 at acpi0 addr 0xfee00000: PC-AT compat
cpu0 at mainbus0: apid 0 (boot processor)
cpu0: AMD E-450 APU with Radeon(tm) HD Graphics, 1647.46 MHz
cpu0: FPU,VME,DE,PSE,TSC,MSR,PAE,MCE,CX8,APIC,SEP,MTRR,PGE,MCA,CMOV,PAT,PSE36,CFLUSH,MMX,FXSR,SSE,SSE2,HTT,SSE3,MWAIT,SSSE3,CX16,POPCNT,NXE,MMXX,FFXSR,LONG,LAHF,CMPLEG,SVM,EAPICSP,AMCR8,ABM,SSE4A,MASSE,3DNOWP,IBS,SKINIT,ITSC
cpu0: 32KB 64b/line 2-way I-cache, 32KB 64b/line 8-way D-cache, 512KB 64b/line 16-way L2 cache
cpu0: 8 4MB entries fully associative
cpu0: DTLB 40 4KB entries fully associative, 8 4MB entries fully associative
cpu0: apic clock running at 199MHz
cpu at mainbus0: not configured
ioapic0 at mainbus0: apid 2 pa 0xfec00000, version 21, 24 pins
ioapic0: misconfigured as apic 0, remapped to apid 2
acpiprt0 at acpi0: bus 0 (PCI0)
acpiprt1 at acpi0: bus -1 (PB4_)
acpiprt2 at acpi0: bus 1 (PB5_)
acpiprt3 at acpi0: bus 2 (PB6_)
acpiprt4 at acpi0: bus 3 (PB7_)
acpiprt5 at acpi0: bus 4 (P2P_)
acpiprt6 at acpi0: bus -1 (SPB0)
acpiprt7 at acpi0: bus -1 (SPB1)
acpiprt8 at acpi0: bus -1 (SPB2)
acpiprt9 at acpi0: bus -1 (SPB3)
pci0 at mainbus0 bus 0
pchb0 at pci0 dev 0 function 0 &quot;AMD AMD64 14h Host&quot; rev 0x00
vga1 at pci0 dev 1 function 0 &quot;ATI Radeon HD 6320&quot; rev 0x00
wsdisplay0 at vga1 mux 1: console (80x25, vt100 emulation)
&quot;ATI Radeon HD 6310 HD Audio&quot; rev 0x00 at pci0 dev 1 function 1 not configured
ppb0 at pci0 dev 5 function 0 &quot;AMD AMD64 14h PCIE&quot; rev 0x00: msi
pci1 at ppb0 bus 1
&quot;Realtek 8188CE&quot; rev 0x01 at pci1 dev 0 function 0 not configured
ppb1 at pci0 dev 6 function 0 &quot;AMD AMD64 14h PCIE&quot; rev 0x00: msi
pci2 at ppb1 bus 2
alc0 at pci2 dev 0 function 0 &quot;Attansic Technology L1D&quot; rev 0xc0: msi, address xx:xx:xx:xx:xx:xx
atphy0 at alc0 phy 0: F1 10/100/1000 PHY, rev. 0
ppb2 at pci0 dev 7 function 0 &quot;AMD AMD64 14h PCIE&quot; rev 0x00: msi
pci3 at ppb2 bus 3
&quot;Realtek RTS5209 Card Reader&quot; rev 0x01 at pci3 dev 0 function 0 not configured
ahci0 at pci0 dev 17 function 0 &quot;ATI SBx00 SATA&quot; rev 0x00: apic 2 int 19, AHCI 1.2
scsibus0 at ahci0: 32 targets
sd0 at scsibus0 targ 0 lun 0: &lt;ATA, ST320LT007-9ZV14, 0004&gt; SCSI3 0/direct fixed naa.5000c500451958be
sd0: 305245MB, 512 bytes/sector, 625142448 sectors
ohci0 at pci0 dev 18 function 0 &quot;ATI SB700 USB&quot; rev 0x00: apic 2 int 18, version 1.0, legacy support
ehci0 at pci0 dev 18 function 2 &quot;ATI SB700 USB2&quot; rev 0x00: apic 2 int 17
usb0 at ehci0: USB revision 2.0
uhub0 at usb0 &quot;ATI EHCI root hub&quot; rev 2.00/1.00 addr 1
ohci1 at pci0 dev 19 function 0 &quot;ATI SB700 USB&quot; rev 0x00: apic 2 int 18, version 1.0, legacy support
ehci1 at pci0 dev 19 function 2 &quot;ATI SB700 USB2&quot; rev 0x00: apic 2 int 17
usb1 at ehci1: USB revision 2.0
uhub1 at usb1 &quot;ATI EHCI root hub&quot; rev 2.00/1.00 addr 1
&quot;ATI SBx00 SMBus&quot; rev 0x42 at pci0 dev 20 function 0 not configured
&quot;ATI SBx00 HD Audio&quot; rev 0x40 at pci0 dev 20 function 2 not configured
&quot;ATI SB700 ISA&quot; rev 0x40 at pci0 dev 20 function 3 not configured
ppb3 at pci0 dev 20 function 4 &quot;ATI SB600 PCI&quot; rev 0x40
pci4 at ppb3 bus 4
pchb1 at pci0 dev 24 function 0 &quot;AMD AMD64 14h Link Cfg&quot; rev 0x43
pchb2 at pci0 dev 24 function 1 &quot;AMD AMD64 14h Address Map&quot; rev 0x00
pchb3 at pci0 dev 24 function 2 &quot;AMD AMD64 14h DRAM Cfg&quot; rev 0x00
pchb4 at pci0 dev 24 function 3 &quot;AMD AMD64 14h Misc Cfg&quot; rev 0x00
pchb5 at pci0 dev 24 function 4 &quot;AMD AMD64 14h CPU Power&quot; rev 0x00
pchb6 at pci0 dev 24 function 5 &quot;AMD AMD64 14h Reserved&quot; rev 0x00
pchb7 at pci0 dev 24 function 6 &quot;AMD AMD64 14h NB Power&quot; rev 0x00
pchb8 at pci0 dev 24 function 7 &quot;AMD AMD64 14h Reserved&quot; rev 0x00
usb2 at ohci0: USB revision 1.0
uhub2 at usb2 &quot;ATI OHCI root hub&quot; rev 1.00/1.00 addr 1
usb3 at ohci1: USB revision 1.0
uhub3 at usb3 &quot;ATI OHCI root hub&quot; rev 1.00/1.00 addr 1
isa0 at mainbus0
pckbc0 at isa0 port 0x60/5
pckbd0 at pckbc0 (kbd slot)
pckbc0: using irq 1 for kbd slot
wskbd0 at pckbd0: console keyboard, using wsdisplay0
&quot;Ricoh Company Ltd. Integrated Camera&quot; rev 2.00/20.13 addr 2 at uhub1 port 5 not configured
&quot;Broadcom Corp Broadcom Bluetooth Device&quot; rev 2.00/7.48 addr 2 at uhub2 port 4 not configured
softraid0 at root
scsibus1 at softraid0: 256 targets
root on rd0a swap on rd0b dump on rd0b
syncing disks... done
OpenBSD 5.4-current (GENERIC.MP) #222: Fri Dec 27 22:33:50 MST 2013
    xxx@xxx.xxx:/usr/src/sys/arch/amd64/compile/GENERIC.MP
real mem = 3849388032 (3671MB)
avail mem = 3738726400 (3565MB)
mainbus0 at root
bios0 at mainbus0: SMBIOS rev. 2.6 @ 0xf9d00 (58 entries)
bios0: vendor LENOVO version &quot;8SET33WW (1.15 )&quot; date 11/17/2011
bios0: LENOVO 12972UG
acpi0 at bios0: rev 4
acpi0: sleep states S0 S3 S4 S5
acpi0: tables DSDT FACP SLIC HPET APIC MCFG UEFI UEFI SSDT SSDT UEFI
acpi0: wakeup devices PB4_(S4) PB5_(S4) PB6_(S4) PB7_(S4) OHC1(S3) EHC1(S3) OHC2(S3) SBAZ(S4) GEC_(S4) P2P_(S5) SPB0(S4) SPB1(S4) SPB2(S4) SPB3(S4) LID_(S4)
acpitimer0 at acpi0: 3579545 Hz, 32 bits
acpihpet0 at acpi0: 14318180 Hz
acpimadt0 at acpi0 addr 0xfee00000: PC-AT compat
cpu0 at mainbus0: apid 0 (boot processor)
cpu0: AMD E-450 APU with Radeon(tm) HD Graphics, 1647.49 MHz
cpu0: FPU,VME,DE,PSE,TSC,MSR,PAE,MCE,CX8,APIC,SEP,MTRR,PGE,MCA,CMOV,PAT,PSE36,CFLUSH,MMX,FXSR,SSE,SSE2,HTT,SSE3,MWAIT,SSSE3,CX16,POPCNT,NXE,MMXX,FFXSR,LONG,LAHF,CMPLEG,SVM,EAPICSP,AMCR8,ABM,SSE4A,MASSE,3DNOWP,IBS,SKINIT,ITSC
cpu0: 32KB 64b/line 2-way I-cache, 32KB 64b/line 8-way D-cache, 512KB 64b/line 16-way L2 cache
cpu0: 8 4MB entries fully associative
cpu0: DTLB 40 4KB entries fully associative, 8 4MB entries fully associative
cpu0: smt 0, core 0, package 0
mtrr: Pentium Pro MTRR support, 8 var ranges, 88 fixed ranges
cpu0: apic clock running at 199MHz
cpu0: mwait min=64, max=64, C-substates=0.0.0.0.0, IBE
cpu1 at mainbus0: apid 1 (application processor)
cpu1: AMD E-450 APU with Radeon(tm) HD Graphics, 1646.50 MHz
cpu1: FPU,VME,DE,PSE,TSC,MSR,PAE,MCE,CX8,APIC,SEP,MTRR,PGE,MCA,CMOV,PAT,PSE36,CFLUSH,MMX,FXSR,SSE,SSE2,HTT,SSE3,MWAIT,SSSE3,CX16,POPCNT,NXE,MMXX,FFXSR,LONG,LAHF,CMPLEG,SVM,EAPICSP,AMCR8,ABM,SSE4A,MASSE,3DNOWP,IBS,SKINIT,ITSC
cpu1: 32KB 64b/line 2-way I-cache, 32KB 64b/line 8-way D-cache, 512KB 64b/line 16-way L2 cache
cpu1: 8 4MB entries fully associative
cpu1: DTLB 40 4KB entries fully associative, 8 4MB entries fully associative
cpu1: smt 0, core 1, package 0
ioapic0 at mainbus0: apid 2 pa 0xfec00000, version 21, 24 pins
ioapic0: misconfigured as apic 0, remapped to apid 2
acpimcfg0 at acpi0 addr 0xf8000000, bus 0-31
acpiprt0 at acpi0: bus 0 (PCI0)
acpiprt1 at acpi0: bus -1 (PB4_)
acpiprt2 at acpi0: bus 1 (PB5_)
acpiprt3 at acpi0: bus 2 (PB6_)
acpiprt4 at acpi0: bus 3 (PB7_)
acpiprt5 at acpi0: bus 4 (P2P_)
acpiprt6 at acpi0: bus -1 (SPB0)
acpiprt7 at acpi0: bus -1 (SPB1)
acpiprt8 at acpi0: bus -1 (SPB2)
acpiprt9 at acpi0: bus -1 (SPB3)
acpiec0 at acpi0
acpicpu0 at acpi0: C2, PSS
acpicpu1 at acpi0: C2, PSS
acpitz0 at acpi0: critical temperature is 100 degC
acpibtn0 at acpi0: PWRB
acpithinkpad0 at acpi0
acpiac0 at acpi0: AC unit online
acpibat0 at acpi0: BAT1 model &quot;42T4947&quot; serial   423 type LION oem &quot;SANYO&quot;
acpibtn1 at acpi0: LID_
cpu0: 1647 MHz: speeds: 1650 1320 825 MHz
pci0 at mainbus0 bus 0
pchb0 at pci0 dev 0 function 0 &quot;AMD AMD64 14h Host&quot; rev 0x00
radeondrm0 at pci0 dev 1 function 0 &quot;ATI Radeon HD 6320&quot; rev 0x00: apic 2 int 18
drm0 at radeondrm0
azalia0 at pci0 dev 1 function 1 &quot;ATI Radeon HD 6310 HD Audio&quot; rev 0x00: msi
azalia0: no supported codecs
ppb0 at pci0 dev 5 function 0 &quot;AMD AMD64 14h PCIE&quot; rev 0x00: msi
pci1 at ppb0 bus 1
&quot;Realtek 8188CE&quot; rev 0x01 at pci1 dev 0 function 0 not configured
ppb1 at pci0 dev 6 function 0 &quot;AMD AMD64 14h PCIE&quot; rev 0x00: msi
pci2 at ppb1 bus 2
alc0 at pci2 dev 0 function 0 &quot;Attansic Technology L1D&quot; rev 0xc0: msi, address xx:xx:xx:xx:xx:xx
atphy0 at alc0 phy 0: F1 10/100/1000 PHY, rev. 0
ppb2 at pci0 dev 7 function 0 &quot;AMD AMD64 14h PCIE&quot; rev 0x00: msi
pci3 at ppb2 bus 3
rtsx0 at pci3 dev 0 function 0 &quot;Realtek RTS5209 Card Reader&quot; rev 0x01: msi
sdmmc0 at rtsx0
ahci0 at pci0 dev 17 function 0 &quot;ATI SBx00 SATA&quot; rev 0x00: apic 2 int 19, AHCI 1.2
scsibus0 at ahci0: 32 targets
sd0 at scsibus0 targ 0 lun 0: &lt;ATA, ST320LT007-9ZV14, 0004&gt; SCSI3 0/direct fixed naa.5000c500451958be
sd0: 305245MB, 512 bytes/sector, 625142448 sectors
ohci0 at pci0 dev 18 function 0 &quot;ATI SB700 USB&quot; rev 0x00: apic 2 int 18, version 1.0, legacy support
ehci0 at pci0 dev 18 function 2 &quot;ATI SB700 USB2&quot; rev 0x00: apic 2 int 17
usb0 at ehci0: USB revision 2.0
uhub0 at usb0 &quot;ATI EHCI root hub&quot; rev 2.00/1.00 addr 1
ohci1 at pci0 dev 19 function 0 &quot;ATI SB700 USB&quot; rev 0x00: apic 2 int 18, version 1.0, legacy support
ehci1 at pci0 dev 19 function 2 &quot;ATI SB700 USB2&quot; rev 0x00: apic 2 int 17
usb1 at ehci1: USB revision 2.0
uhub1 at usb1 &quot;ATI EHCI root hub&quot; rev 2.00/1.00 addr 1
piixpm0 at pci0 dev 20 function 0 &quot;ATI SBx00 SMBus&quot; rev 0x42: polling
iic0 at piixpm0
spdmem0 at iic0 addr 0x50: 4GB DDR3 SDRAM PC3-10600 SO-DIMM
azalia1 at pci0 dev 20 function 2 &quot;ATI SBx00 HD Audio&quot; rev 0x40: apic 2 int 16
azalia1: codecs: Conexant/0x506e
audio0 at azalia1
pcib0 at pci0 dev 20 function 3 &quot;ATI SB700 ISA&quot; rev 0x40
ppb3 at pci0 dev 20 function 4 &quot;ATI SB600 PCI&quot; rev 0x40
pci4 at ppb3 bus 4
pchb1 at pci0 dev 24 function 0 &quot;AMD AMD64 14h Link Cfg&quot; rev 0x43
pchb2 at pci0 dev 24 function 1 &quot;AMD AMD64 14h Address Map&quot; rev 0x00
pchb3 at pci0 dev 24 function 2 &quot;AMD AMD64 14h DRAM Cfg&quot; rev 0x00
km0 at pci0 dev 24 function 3 &quot;AMD AMD64 14h Misc Cfg&quot; rev 0x00
pchb4 at pci0 dev 24 function 4 &quot;AMD AMD64 14h CPU Power&quot; rev 0x00
pchb5 at pci0 dev 24 function 5 &quot;AMD AMD64 14h Reserved&quot; rev 0x00
pchb6 at pci0 dev 24 function 6 &quot;AMD AMD64 14h NB Power&quot; rev 0x00
pchb7 at pci0 dev 24 function 7 &quot;AMD AMD64 14h Reserved&quot; rev 0x00
usb2 at ohci0: USB revision 1.0
uhub2 at usb2 &quot;ATI OHCI root hub&quot; rev 1.00/1.00 addr 1
usb3 at ohci1: USB revision 1.0
uhub3 at usb3 &quot;ATI OHCI root hub&quot; rev 1.00/1.00 addr 1
isa0 at pcib0
isadma0 at isa0
pckbc0 at isa0 port 0x60/5
pckbd0 at pckbc0 (kbd slot)
pckbc0: using irq 1 for kbd slot
wskbd0 at pckbd0: console keyboard
pms0 at pckbc0 (aux slot)
pckbc0: using irq 12 for aux slot
wsmouse0 at pms0 mux 0
wsmouse1 at pms0 mux 0
pms0: Synaptics clickpad, firmware 8.0
pcppi0 at isa0 port 0x61
spkr0 at pcppi0
uvideo0 at uhub1 port 5 configuration 1 interface 0 &quot;Ricoh Company Ltd. Integrated Camera&quot; rev 2.00/20.13 addr 2
video0 at uvideo0
ugen0 at uhub2 port 4 &quot;Broadcom Corp Broadcom Bluetooth Device&quot; rev 2.00/7.48 addr 2
vscsi0 at root
scsibus1 at vscsi0: 256 targets
softraid0 at root
scsibus2 at softraid0: 256 targets
root on sd0a (d02babcb5f5d80c4.a) swap on sd0b dump on sd0b
drm: initializing kernel modesetting (PALM 0x1002:0x9806 0x17AA:0x21F0).
radeondrm0: VRAM: 384M 0x0000000000000000 - 0x0000000017FFFFFF (384M used)
radeondrm0: GTT: 512M 0x0000000018000000 - 0x0000000037FFFFFF
ttm_pool_mm_shrink_init stub
drm: PCIE GART of 512M enabled (table at 0x0000000000040000).
drm: Internal thermal controller without fan control
radeondrm0: 1366x768
wsdisplay0 at radeondrm0 mux 1: console (std, vt100 emulation), using wskbd0
wsdisplay0: screen 1-5 added (std, vt100 emulation)
</pre>



</div><!-- content -->
<br />
<div id="footer">
All comments/news/posts are the property of their individual owner and
is presented without warranty of suitability, and solely as an
informational resource. <br />
This site Copyright &copy; 2004-2020 NYC*BUG.
</div><!-- footer -->

</body>
</html>

