



<!doctype html>
<html lang="en">
<head>
<meta name="keywords"
	content="bsd, freebsd, openbsd, netbsd, dragonflybsd, nycbug, dmesgd" />
<meta name="description" content="New York City BSD User Group dmesgd" />
<meta charset="utf-8" />
<meta name="viewport" content="width=device-width, initial-scale=1" />
<title>NYC*BUG dmesgd</title>
<style>
body {
	text-align: left;
	margin: 15px auto;
	padding: 0px 10px;
}
@media (min-width: 800px) {
	body {
		max-width: 85%;
	}
}
#header {
	border-bottom: 1px solid #dbdbdb;
	font-size: 230%;
	text-align: left;
}
#footer {
	border-top: 1px solid #dbdbdb;
	clear: both;
	text-align: left;
}
.logo_bug {
	color: #cc0033;
}
#menu ul {
	list-style-type: none;
	margin: 0;
	padding: 0;
}
#menu li {
	float: left;
}
#menu li a {
	display: block;
	background-color: #dbdbdb;
	color: #000000;
	font-size: 105%;
	font-weight: bold;
	padding: 0px 6px 0px 6px;
	text-decoration: none;
}
#content {
	clear: both;
	text-align: left;
	padding-top: 10px;
}
#content h1 {
	font-size: 120%;
	font-weight: bold;
}
#content h2 {
	font-size: 110%;
	font-weight: bold;
}
#content a {
	text-decoration: none;
}
#content pre {
	background-color: #dbdbdb;
	padding: 5px 5px 5px 5px;
	white-space: pre-wrap;		/* css-3 */
	white-space: -moz-pre-wrap;	/* Mozilla, since 1999 */
	white-space: -pre-wrap;		/* Opera 4-6 */
	white-space: -o-pre-wrap;	/* Opera 7 */
	word-wrap: break-word;		/* Internet Explorer 5.5+ */
}
#content table {
	border-collapse: collapse;
}
#content table th {
	border: 1px solid #dbdbdb;
	font-size: 85%;
	white-space: nowrap;
}
#content table td {
	border: 1px solid #dbdbdb;
	font-size: 80%;
}
#content input {
	font-size: 1em;
}
#content .full	{ width: 100%; }
#content .left	{ text-align: left; }
#content .right	{ text-align: right; }
#content .center { text-align: center; }
#content .flexbox {
	display: -ms-flex;
	display: -webkit-flex;
	display: flex;
	width: 100%;
}
#content .left_col {
	min-width: 75px;
	max-width: 50%;
	flex-grow: 0;
}
#content .right_col {
	flex-grow: 1;
	margin-left: 10px;
	padding-top: 10px;
	padding-left: 10px;
}
#col {
	-moz-column-count: 3;
	-webkit-column-count: 3;
	column-count: 3;
}
</style>
</head>
<body>

<div id="header">
<strong><em>NYC*</em><span class="logo_bug">BUG</span> dmesgd</strong>
</div><!-- header -->

<div id="menu">
<ul>
<li><a href="https://dmesgd.nycbug.org/index.cgi?do=index">Home</a></li>
<li><a href="https://dmesgd.nycbug.org/index.cgi?do=submit">Submit</a></li>
<li><a href="https://www.nycbug.org/">NYC*BUG</a></li>
</ul>
</div><!-- menu -->

<div id="content">

<p>
Launched in 2004, dmesgd aims to provide a
<strong>user-submitted</strong> repository of searchable *BSD dmesgs.
The dmesg(8) command displays the system message buffer's content, and
during boot a copy is saved to <em>/var/run/dmesg.boot</em>.  This buffer
contains the operating system release, name and version, a list of
devices identified, plus a whole host of other useful information.  We
hope others find this resource useful and further contribute to its
growth. Contact us at [ admin at lists dot nycbug dot org ].
</p>

<hr />


<strong>Date:</strong> <em>2014-01-15 15:58:12</em><br />
<strong>From:</strong> <em>poliop</em><br />
<strong>Description:</strong> <em>eBox 3350MX Vortex86 SoC (586-class) 934 MHz</em><br />

<pre>
OpenBSD 5.3 (RAMDISK_CD) #49: Tue Mar 12 18:50:37 MDT 2013
xxx@xxx.xxx:/usr/src/sys/arch/i386/compile/RAMDISK_CD
cpu0: Vortex86 SoC (586-class) 934 MHz
cpu0: FPU,TSC,CX8,MMX
real mem = 536408064 (511MB)
avail mem = 519872512 (495MB)
mainbus0 at root
bios0 at mainbus0: AT/286+ BIOS, date 06/17/11, BIOS32 rev. 0 @ 0xf0010
apm0 at bios0: Power Management spec V1.2
pcibios0 at bios0: rev 3.0 @ 0xf0000/0x10000
pcibios0: PCI IRQ Routing Table rev 1.0 @ 0xf2fe0/240 (13 entries)
pcibios0: no compatible PCI ICU found: ICU vendor 0x17f3 product 0x6036
pcibios0: Warning, unable to fix up PCI interrupt routing
pcibios0: PCI bus #0 is the last bus
bios0: ROM list: 0xc0000/0x8000
cpu0 at mainbus0: (uniprocessor)
pci0 at mainbus0 bus 0: configuration mode 1 (bios)
pchb0 at pci0 dev 0 function 0 &quot;RDC R6021 Host&quot; rev 0x02
pcib0 at pci0 dev 7 function 0 vendor &quot;RDC&quot;, unknown product 0x6036 rev 0x00
vte0 at pci0 dev 8 function 0 &quot;RDC R6040 Ethernet&quot; rev 0x00: irq 7, address xx:xx:xx:xx:xx:xx
rdcphy0 at vte0 phy 1: R6040 10/100 PHY, rev. 1
ohci0 at pci0 dev 10 function 0 &quot;RDC R6060 USB&quot; rev 0x12: irq 3, version 1.0, legacy support
ehci0 at pci0 dev 10 function 1 &quot;RDC R6061 USB&quot; rev 0x03: irq 5
usb0 at ehci0: USB revision 2.0
uhub0 at usb0 &quot;RDC EHCI root hub&quot; rev 2.00/1.00 addr 1
ohci1 at pci0 dev 11 function 0 &quot;RDC R6060 USB&quot; rev 0x12: irq 15, version 1.0, legacy support
ehci1 at pci0 dev 11 function 1 &quot;RDC R6061 USB&quot; rev 0x03: irq 9
usb1 at ehci1: USB revision 2.0
uhub1 at usb1 &quot;RDC EHCI root hub&quot; rev 2.00/1.00 addr 1
pciide0 at pci0 dev 12 function 0 &quot;Intel 82801EB/ER IDE&quot; rev 0x01: DMA, channel 0 configured to native-PCI, channel 1 configured to native-PCI pciide0: using irq 14 for native-PCI interrupt
wd0 at pciide0 channel 0 drive 0: &lt;SD16G RDC SD-IDE HOST CONTROLLER&gt;
wd0: 1-sector PIO, LBA, 15193MB, 31116288 sectors
wd0(pciide0:0:0): using PIO mode 4, Ultra-DMA mode 2
pciide0: channel 1 disabled (no drives)
vga1 at pci0 dev 13 function 0 vendor &quot;RDC&quot;, unknown product 0x2010 rev 0x00
wsdisplay0 at vga1 mux 1: console (80x25, vt100 emulation)
vendor &quot;RDC&quot;, unknown product 0x3010 (class multimedia subclass hdaudio, rev 0x01) at pci0 dev 14 function 0 not configured isa0 at pcib0
isadma0 at isa0
com0 at isa0 port 0x3f8/8 irq 4: ns16550a, 16 byte fifo
com0: probed fifo depth: 0 bytes
com2: irq 5 already in use
pckbc0 at isa0 port 0x60/5
pckbd0 at pckbc0 (kbd slot)
pckbc0: using irq 1 for kbd slot
wskbd0 at pckbd0: console keyboard, using wsdisplay0
npx0 at isa0 port 0xf0/16: reported by CPUID; using exception 16
usb2 at ohci0: USB revision 1.0
uhub2 at usb2 &quot;RDC OHCI root hub&quot; rev 1.00/1.00 addr 1
usb3 at ohci1: USB revision 1.0
uhub3 at usb3 &quot;RDC OHCI root hub&quot; rev 1.00/1.00 addr 1
uhub1: device problem, disabling port 1
uhidev0 at uhub2 port 1 configuration 1 interface 0 &quot;vendor 0x0430 product 0x0005&quot; rev 1.10/2.00 addr 2
uhidev0: iclass 3/1
ukbd0 at uhidev0
wskbd1 at ukbd0 mux 1
wskbd1: connecting to wsdisplay0
softraid0 at root
scsibus0 at softraid0: 256 targets
root on rd0a swap on rd0b dump on rd0b 
</pre>



</div><!-- content -->
<br />
<div id="footer">
All comments/news/posts are the property of their individual owner and
is presented without warranty of suitability, and solely as an
informational resource. <br />
This site Copyright &copy; 2004-2020 NYC*BUG.
</div><!-- footer -->

</body>
</html>

