



<!doctype html>
<html lang="en">
<head>
<meta name="keywords"
	content="bsd, freebsd, openbsd, netbsd, dragonflybsd, nycbug, dmesgd" />
<meta name="description" content="New York City BSD User Group dmesgd" />
<meta charset="utf-8" />
<meta name="viewport" content="width=device-width, initial-scale=1" />
<title>NYC*BUG dmesgd</title>
<style>
body {
	text-align: left;
	margin: 15px auto;
	padding: 0px 10px;
}
@media (min-width: 800px) {
	body {
		max-width: 85%;
	}
}
#header {
	border-bottom: 1px solid #dbdbdb;
	font-size: 230%;
	text-align: left;
}
#footer {
	border-top: 1px solid #dbdbdb;
	clear: both;
	text-align: left;
}
.logo_bug {
	color: #cc0033;
}
#menu ul {
	list-style-type: none;
	margin: 0;
	padding: 0;
}
#menu li {
	float: left;
}
#menu li a {
	display: block;
	background-color: #dbdbdb;
	color: #000000;
	font-size: 105%;
	font-weight: bold;
	padding: 0px 6px 0px 6px;
	text-decoration: none;
}
#content {
	clear: both;
	text-align: left;
	padding-top: 10px;
}
#content h1 {
	font-size: 120%;
	font-weight: bold;
}
#content h2 {
	font-size: 110%;
	font-weight: bold;
}
#content a {
	text-decoration: none;
}
#content pre {
	background-color: #dbdbdb;
	padding: 5px 5px 5px 5px;
	white-space: pre-wrap;		/* css-3 */
	white-space: -moz-pre-wrap;	/* Mozilla, since 1999 */
	white-space: -pre-wrap;		/* Opera 4-6 */
	white-space: -o-pre-wrap;	/* Opera 7 */
	word-wrap: break-word;		/* Internet Explorer 5.5+ */
}
#content table {
	border-collapse: collapse;
}
#content table th {
	border: 1px solid #dbdbdb;
	font-size: 85%;
	white-space: nowrap;
}
#content table td {
	border: 1px solid #dbdbdb;
	font-size: 80%;
}
#content input {
	font-size: 1em;
}
#content .full	{ width: 100%; }
#content .left	{ text-align: left; }
#content .right	{ text-align: right; }
#content .center { text-align: center; }
#content .flexbox {
	display: -ms-flex;
	display: -webkit-flex;
	display: flex;
	width: 100%;
}
#content .left_col {
	min-width: 75px;
	max-width: 50%;
	flex-grow: 0;
}
#content .right_col {
	flex-grow: 1;
	margin-left: 10px;
	padding-top: 10px;
	padding-left: 10px;
}
#col {
	-moz-column-count: 3;
	-webkit-column-count: 3;
	column-count: 3;
}
</style>
</head>
<body>

<div id="header">
<strong><em>NYC*</em><span class="logo_bug">BUG</span> dmesgd</strong>
</div><!-- header -->

<div id="menu">
<ul>
<li><a href="https://dmesgd.nycbug.org/index.cgi?do=index">Home</a></li>
<li><a href="https://dmesgd.nycbug.org/index.cgi?do=submit">Submit</a></li>
<li><a href="https://www.nycbug.org/">NYC*BUG</a></li>
</ul>
</div><!-- menu -->

<div id="content">

<p>
Launched in 2004, dmesgd aims to provide a
<strong>user-submitted</strong> repository of searchable *BSD dmesgs.
The dmesg(8) command displays the system message buffer's content, and
during boot a copy is saved to <em>/var/run/dmesg.boot</em>.  This buffer
contains the operating system release, name and version, a list of
devices identified, plus a whole host of other useful information.  We
hope others find this resource useful and further contribute to its
growth. Contact us at [ admin at lists dot nycbug dot org ].
</p>

<hr />


<strong>Date:</strong> <em>2014-01-20 17:50:01</em><br />
<strong>From:</strong> <em>Fred</em><br />
<strong>Description:</strong> <em>OpenBSD 5.5-beta Sun Ultra 5 sparc64</em><br />

<pre>
console is /pci@1f,0/pci@1,1/ebus@1/se@14,400000:a
Copyright (c) 1982, 1986, 1989, 1991, 1993
	The Regents of the University of California.  All rights reserved.
Copyright (c) 1995-2014 OpenBSD. All rights reserved.  http://www.OpenBSD.org

OpenBSD 5.5-beta (GENERIC) #126: Tue Jan 14 13:37:09 MST 2014
    xxx@xxx.xxx:/usr/src/sys/arch/sparc64/compile/GENERIC
real mem = 134217728 (128MB)
avail mem = 118284288 (112MB)
mainbus0 at root: Sun Ultra 5/10 UPA/PCI (UltraSPARC-IIi 270MHz)
cpu0 at mainbus0: SUNW,UltraSPARC-IIi (rev 1.3) @ 270 MHz
cpu0: physical 16K instruction (32 b/l), 16K data (32 b/l), 256K external (64 b/l)
psycho0 at mainbus0 addr 0xfffc4000: SUNW,sabre, impl 0, version 0, ign 7c0
psycho0: bus range 0-2, PCI bus 0
psycho0: dvma map c0000000-dfffffff
pci0 at psycho0
ppb0 at pci0 dev 1 function 1 &quot;Sun Simba&quot; rev 0x13
pci1 at ppb0 bus 1
ebus0 at pci1 dev 1 function 0 &quot;Sun PCIO EBus2&quot; rev 0x01
auxio0 at ebus0 addr 726000-726003, 728000-728003, 72a000-72a003, 72c000-72c003, 72f000-72f003
power0 at ebus0 addr 724000-724003 ivec 0x25
&quot;SUNW,pll&quot; at ebus0 addr 504000-504002 not configured
sab0 at ebus0 addr 400000-40007f ivec 0x2b: rev 3.2
sabtty0 at sab0 port 0: console
sabtty1 at sab0 port 1
comkbd0 at ebus0 addr 3083f8-3083ff ivec 0x29: no keyboard
comms0 at ebus0 addr 3062f8-3062ff ivec 0x2a
wsmouse0 at comms0 mux 0
lpt0 at ebus0 addr 3043bc-3043cb, 30015c-30015d, 700000-70000f ivec 0x22: polled
clock1 at ebus0 addr 0-1fff: mk48t59
&quot;flashprom&quot; at ebus0 addr 0-fffff not configured
audioce0 at ebus0 addr 200000-2000ff, 702000-70200f, 704000-70400f, 722000-722003 ivec 0x23 ivec 0x24: nvaddrs 0
audio0 at audioce0
hme0 at pci1 dev 1 function 1 &quot;Sun HME&quot; rev 0x01: ivec 0x7e1, address xx:xx:xx:xx:xx:xx
nsphy0 at hme0 phy 1: DP83840 10/100 PHY, rev. 1
machfb0 at pci1 dev 2 function 0 &quot;ATI Mach64&quot; rev 0x5c
machfb0: ATY,GT-C, 1152x900
wsdisplay0 at machfb0 mux 1
wsdisplay0: screen 0 added (std, sun emulation)
pciide0 at pci1 dev 3 function 0 &quot;CMD Technology PCI0646&quot; rev 0x03: DMA, channel 0 configured to native-PCI, channel 1 configured to native-PCI
pciide0: using ivec 0x7e0 for native-PCI interrupt
wd0 at pciide0 channel 0 drive 0: &lt;ST39111A&gt;
wd0: 16-sector PIO, LBA, 8693MB, 17803297 sectors
wd0(pciide0:0:0): using PIO mode 4, DMA mode 2
atapiscsi0 at pciide0 channel 1 drive 0
scsibus0 at atapiscsi0: 2 targets
cd0 at scsibus0 targ 0 lun 0: &lt;LG, CD-ROM CRD-8322B, 1.05&gt; ATAPI 5/cdrom removable
cd0(pciide0:1:0): using PIO mode 4, DMA mode 2
ppb1 at pci0 dev 1 function 0 &quot;Sun Simba&quot; rev 0x13
pci2 at ppb1 bus 2
vscsi0 at root
scsibus1 at vscsi0: 256 targets
softraid0 at root
scsibus2 at softraid0: 256 targets
bootpath: /pci@1f,0/pci@1,1/ide@3,0/disk@0,0
root on wd0a (293a7f1e682a2e7f.a) swap on wd0b dump on wd0b

</pre>



</div><!-- content -->
<br />
<div id="footer">
All comments/news/posts are the property of their individual owner and
is presented without warranty of suitability, and solely as an
informational resource. <br />
This site Copyright &copy; 2004-2020 NYC*BUG.
</div><!-- footer -->

</body>
</html>

