



<!doctype html>
<html lang="en">
<head>
<meta name="keywords"
	content="bsd, freebsd, openbsd, netbsd, dragonflybsd, nycbug, dmesgd" />
<meta name="description" content="New York City BSD User Group dmesgd" />
<meta charset="utf-8" />
<meta name="viewport" content="width=device-width, initial-scale=1" />
<title>NYC*BUG dmesgd</title>
<style>
body {
	text-align: left;
	margin: 15px auto;
	padding: 0px 10px;
}
@media (min-width: 800px) {
	body {
		max-width: 85%;
	}
}
#header {
	border-bottom: 1px solid #dbdbdb;
	font-size: 230%;
	text-align: left;
}
#footer {
	border-top: 1px solid #dbdbdb;
	clear: both;
	text-align: left;
}
.logo_bug {
	color: #cc0033;
}
#menu ul {
	list-style-type: none;
	margin: 0;
	padding: 0;
}
#menu li {
	float: left;
}
#menu li a {
	display: block;
	background-color: #dbdbdb;
	color: #000000;
	font-size: 105%;
	font-weight: bold;
	padding: 0px 6px 0px 6px;
	text-decoration: none;
}
#content {
	clear: both;
	text-align: left;
	padding-top: 10px;
}
#content h1 {
	font-size: 120%;
	font-weight: bold;
}
#content h2 {
	font-size: 110%;
	font-weight: bold;
}
#content a {
	text-decoration: none;
}
#content pre {
	background-color: #dbdbdb;
	padding: 5px 5px 5px 5px;
	white-space: pre-wrap;		/* css-3 */
	white-space: -moz-pre-wrap;	/* Mozilla, since 1999 */
	white-space: -pre-wrap;		/* Opera 4-6 */
	white-space: -o-pre-wrap;	/* Opera 7 */
	word-wrap: break-word;		/* Internet Explorer 5.5+ */
}
#content table {
	border-collapse: collapse;
}
#content table th {
	border: 1px solid #dbdbdb;
	font-size: 85%;
	white-space: nowrap;
}
#content table td {
	border: 1px solid #dbdbdb;
	font-size: 80%;
}
#content input {
	font-size: 1em;
}
#content .full	{ width: 100%; }
#content .left	{ text-align: left; }
#content .right	{ text-align: right; }
#content .center { text-align: center; }
#content .flexbox {
	display: -ms-flex;
	display: -webkit-flex;
	display: flex;
	width: 100%;
}
#content .left_col {
	min-width: 75px;
	max-width: 50%;
	flex-grow: 0;
}
#content .right_col {
	flex-grow: 1;
	margin-left: 10px;
	padding-top: 10px;
	padding-left: 10px;
}
#col {
	-moz-column-count: 3;
	-webkit-column-count: 3;
	column-count: 3;
}
</style>
</head>
<body>

<div id="header">
<strong><em>NYC*</em><span class="logo_bug">BUG</span> dmesgd</strong>
</div><!-- header -->

<div id="menu">
<ul>
<li><a href="https://dmesgd.nycbug.org/index.cgi?do=index">Home</a></li>
<li><a href="https://dmesgd.nycbug.org/index.cgi?do=submit">Submit</a></li>
<li><a href="https://www.nycbug.org/">NYC*BUG</a></li>
</ul>
</div><!-- menu -->

<div id="content">

<p>
Launched in 2004, dmesgd aims to provide a
<strong>user-submitted</strong> repository of searchable *BSD dmesgs.
The dmesg(8) command displays the system message buffer's content, and
during boot a copy is saved to <em>/var/run/dmesg.boot</em>.  This buffer
contains the operating system release, name and version, a list of
devices identified, plus a whole host of other useful information.  We
hope others find this resource useful and further contribute to its
growth. Contact us at [ admin at lists dot nycbug dot org ].
</p>

<hr />


<strong>Date:</strong> <em>2014-01-24 15:11:37</em><br />
<strong>From:</strong> <em>Mark Saad</em><br />
<strong>Description:</strong> <em>OpenBSD 5.5-BETA amd64 on a AMD Hudson </em><br />

<pre>
OpenBSD 5.5-beta (GENERIC.MP) #274: Wed Jan 22 18:13:08 MST 2014
    xxx@xxx.xxx:/usr/src/sys/arch/amd64/compile/GENERIC.MP
real mem = 8153821184 (7776MB)
avail mem = 7928561664 (7561MB)
mainbus0 at root
bios0 at mainbus0: SMBIOS rev. 2.7 @ 0xeb2c0 (16 entries)
bios0: vendor American Megatrends Inc. version &quot;4.6.5&quot; date 08/10/2012
bios0: BIOSTAR Group A68I-350 DELUXE
acpi0 at bios0: rev 2
acpi0: sleep states S0 S4 S5
acpi0: tables DSDT FACP APIC FPDT MCFG HPET SSDT SSDT
acpi0: wakeup devices SBAZ(S4) UAR1(S4) PS2M(S4) PS2K(S4) P0PC(S4) OHC1(S4) EHC1(S4) OHC2(S4) EHC2(S4) OHC3(S4) EHC3(S4) OHC4(S4) XHC0(S4) XHC1(S4) PE20(S4) PE21(S4) [...]
acpitimer0 at acpi0: 3579545 Hz, 32 bits
acpimadt0 at acpi0 addr 0xfee00000: PC-AT compat
cpu0 at mainbus0: apid 0 (boot processor)
cpu0: AMD E-350 Processor, 1598.36 MHz
cpu0: FPU,VME,DE,PSE,TSC,MSR,PAE,MCE,CX8,APIC,SEP,MTRR,PGE,MCA,CMOV,PAT,PSE36,CFLUSH,MMX,FXSR,SSE,SSE2,HTT,SSE3,MWAIT,SSSE3,CX16,POPCNT,NXE,MMXX,FFXSR,LONG,LAHF,CMPLEG,SVM,EAPICSP,AMCR8,ABM,SSE4A,MASSE,3DNOWP,IBS,SKINIT,ITSC
cpu0: 32KB 64b/line 2-way I-cache, 32KB 64b/line 8-way D-cache, 512KB 64b/line 16-way L2 cache
cpu0: 8 4MB entries fully associative
cpu0: DTLB 40 4KB entries fully associative, 8 4MB entries fully associative
cpu0: smt 0, core 0, package 0
mtrr: Pentium Pro MTRR support, 8 var ranges, 88 fixed ranges
cpu0: apic clock running at 199MHz
cpu0: mwait min=64, max=64, C-substates=0.0.0.0.0, IBE
cpu1 at mainbus0: apid 1 (application processor)
cpu1: AMD E-350 Processor, 1597.10 MHz
cpu1: FPU,VME,DE,PSE,TSC,MSR,PAE,MCE,CX8,APIC,SEP,MTRR,PGE,MCA,CMOV,PAT,PSE36,CFLUSH,MMX,FXSR,SSE,SSE2,HTT,SSE3,MWAIT,SSSE3,CX16,POPCNT,NXE,MMXX,FFXSR,LONG,LAHF,CMPLEG,SVM,EAPICSP,AMCR8,ABM,SSE4A,MASSE,3DNOWP,IBS,SKINIT,ITSC
cpu1: 32KB 64b/line 2-way I-cache, 32KB 64b/line 8-way D-cache, 512KB 64b/line 16-way L2 cache
cpu1: 8 4MB entries fully associative
cpu1: DTLB 40 4KB entries fully associative, 8 4MB entries fully associative
cpu1: smt 0, core 1, package 0
ioapic0 at mainbus0: apid 3 pa 0xfec00000, version 21, 24 pins
acpimcfg0 at acpi0 addr 0xf0000000, bus 0-63
acpihpet0 at acpi0: 14318180 Hz
acpiprt0 at acpi0: bus 0 (PCI0)
acpiprt1 at acpi0: bus 3 (PE20)
acpiprt2 at acpi0: bus -1 (PE21)
acpiprt3 at acpi0: bus -1 (PE22)
acpiprt4 at acpi0: bus -1 (PE23)
acpiprt5 at acpi0: bus -1 (BR15)
acpiprt6 at acpi0: bus -1 (PCE7)
acpiprt7 at acpi0: bus -1 (PCE8)
acpiprt8 at acpi0: bus -1 (PCE6)
acpiprt9 at acpi0: bus 1 (BR14)
acpicpu0 at acpi0: PSS
acpicpu1 at acpi0: PSS
acpitz0 at acpi0: critical temperature is 127 degC
acpibtn0 at acpi0: PWRB
acpivideo0 at acpi0: VGA_
cpu0: 1598 MHz: speeds: 1600 1280 800 MHz
pci0 at mainbus0 bus 0
pchb0 at pci0 dev 0 function 0 &quot;AMD AMD64 14h Host&quot; rev 0x00
radeondrm0 at pci0 dev 1 function 0 &quot;ATI Radeon HD 6310&quot; rev 0x00: apic 3 int 18
drm0 at radeondrm0
azalia0 at pci0 dev 1 function 1 &quot;ATI Radeon HD 6310 HD Audio&quot; rev 0x00: msi
azalia0: no supported codecs
ppb0 at pci0 dev 4 function 0 &quot;AMD AMD64 14h PCIE&quot; rev 0x00: msi
pci1 at ppb0 bus 1
&quot;AMD Hudson-2 xHCI&quot; rev 0x03 at pci0 dev 16 function 0 not configured
ahci0 at pci0 dev 17 function 0 &quot;AMD Hudson-2 SATA&quot; rev 0x40: msi, AHCI 1.3
scsibus0 at ahci0: 32 targets
sd0 at scsibus0 targ 0 lun 0: &lt;ATA, WDC WD1600HLFS-7, 04.0&gt; SCSI3 0/direct fixed naa.50014ee057dbd978
sd0: 152587MB, 512 bytes/sector, 312500000 sectors
cd0 at scsibus0 targ 2 lun 0: &lt;TSSTcorp, CDDVDW SH-224BB, SB00&gt; ATAPI 5/cdrom removable
ohci0 at pci0 dev 18 function 0 &quot;AMD Hudson-2 USB&quot; rev 0x11: apic 3 int 18, version 1.0, legacy support
ehci0 at pci0 dev 18 function 2 &quot;AMD Hudson-2 USB2&quot; rev 0x11: apic 3 int 17
usb0 at ehci0: USB revision 2.0
uhub0 at usb0 &quot;AMD EHCI root hub&quot; rev 2.00/1.00 addr 1
ohci1 at pci0 dev 19 function 0 &quot;AMD Hudson-2 USB&quot; rev 0x11: apic 3 int 18, version 1.0, legacy support
ehci1 at pci0 dev 19 function 2 &quot;AMD Hudson-2 USB2&quot; rev 0x11: apic 3 int 17
usb1 at ehci1: USB revision 2.0
uhub1 at usb1 &quot;AMD EHCI root hub&quot; rev 2.00/1.00 addr 1
piixpm0 at pci0 dev 20 function 0 &quot;AMD Hudson-2 SMBus&quot; rev 0x14: polling
iic0 at piixpm0
spdmem0 at iic0 addr 0x50: 4GB DDR3 SDRAM PC3-12800
spdmem1 at iic0 addr 0x51: 4GB DDR3 SDRAM PC3-12800
pciide0 at pci0 dev 20 function 1 &quot;AMD Hudson-2 IDE&quot; rev 0x40: DMA, channel 0 configured to native-PCI, channel 1 configured to native-PCI
pciide0: using apic 3 int 17 for native-PCI interrupt
azalia1 at pci0 dev 20 function 2 &quot;AMD Hudson-2 HD Audio&quot; rev 0x01: apic 3 int 16
azalia1: codecs: Realtek ALC662
audio0 at azalia1
pcib0 at pci0 dev 20 function 3 &quot;AMD Hudson-2 LPC&quot; rev 0x11
ppb1 at pci0 dev 20 function 4 &quot;AMD Hudson-2 PCI&quot; rev 0x40
pci2 at ppb1 bus 2
ohci2 at pci0 dev 20 function 5 &quot;AMD Hudson-2 USB&quot; rev 0x11: apic 3 int 18, version 1.0, legacy support
ppb2 at pci0 dev 21 function 0 &quot;AMD Hudson-2 PCIE&quot; rev 0x00
pci3 at ppb2 bus 3
re0 at pci3 dev 0 function 0 &quot;Realtek 8168&quot; rev 0x07: RTL8168E/8111E-VL (0x2c80), msi, address xx:xx:xx:xx:xx:xx
rgephy0 at re0 phy 7: RTL8169S/8110S PHY, rev. 5
pchb1 at pci0 dev 24 function 0 &quot;AMD AMD64 14h Link Cfg&quot; rev 0x43
pchb2 at pci0 dev 24 function 1 &quot;AMD AMD64 14h Address Map&quot; rev 0x00
pchb3 at pci0 dev 24 function 2 &quot;AMD AMD64 14h DRAM Cfg&quot; rev 0x00
km0 at pci0 dev 24 function 3 &quot;AMD AMD64 14h Misc Cfg&quot; rev 0x00
pchb4 at pci0 dev 24 function 4 &quot;AMD AMD64 14h CPU Power&quot; rev 0x00
pchb5 at pci0 dev 24 function 5 &quot;AMD AMD64 14h Reserved&quot; rev 0x00
pchb6 at pci0 dev 24 function 6 &quot;AMD AMD64 14h NB Power&quot; rev 0x00
pchb7 at pci0 dev 24 function 7 &quot;AMD AMD64 14h Reserved&quot; rev 0x00
usb2 at ohci0: USB revision 1.0
uhub2 at usb2 &quot;AMD OHCI root hub&quot; rev 1.00/1.00 addr 1
usb3 at ohci1: USB revision 1.0
uhub3 at usb3 &quot;AMD OHCI root hub&quot; rev 1.00/1.00 addr 1
isa0 at pcib0
isadma0 at isa0
com0 at isa0 port 0x3f8/8 irq 4: ns16550a, 16 byte fifo
pckbc0 at isa0 port 0x60/5
pckbd0 at pckbc0 (kbd slot)
pckbc0: using irq 1 for kbd slot
wskbd0 at pckbd0: console keyboard
pcppi0 at isa0 port 0x61
spkr0 at pcppi0
it0 at isa0 port 0x2e/2: IT8728F rev 0, EC port 0xe80
usb4 at ohci2: USB revision 1.0
uhub4 at usb4 &quot;AMD OHCI root hub&quot; rev 1.00/1.00 addr 1
uhub5 at uhub1 port 2 &quot;Standard Microsystems product 0x2514&quot; rev 2.00/b.b3 addr 2
uhub6 at uhub5 port 2 &quot;Mitsumi Electric Hub in Apple Extended USB Keyboard&quot; rev 1.10/4.20 addr 3
uhidev0 at uhub6 port 1 configuration 1 interface 0 &quot;Dell Dell USB Optical Mouse&quot; rev 2.00/43.01 addr 4
uhidev0: iclass 3/1
ums0 at uhidev0: 3 buttons, Z dir
wsmouse0 at ums0 mux 0
uhidev1 at uhub6 port 3 configuration 1 interface 0 &quot;Mitsumi Electric Apple Extended USB Keyboard&quot; rev 1.10/4.20 addr 5
uhidev1: iclass 3/1
ukbd0 at uhidev1: 8 variable keys, 6 key codes
wskbd1 at ukbd0 mux 1
uhidev2 at uhub6 port 3 configuration 1 interface 1 &quot;Mitsumi Electric Apple Extended USB Keyboard&quot; rev 1.10/4.20 addr 5
uhidev2: iclass 3/0, 3 report ids
uhid0 at uhidev2 reportid 2: input=1, output=0, feature=0
uhid1 at uhidev2 reportid 3: input=3, output=0, feature=0
vscsi0 at root
scsibus1 at vscsi0: 256 targets
softraid0 at root
scsibus2 at softraid0: 256 targets
root on sd0a (452fa03647881506.a) swap on sd0b dump on sd0b
drm: initializing kernel modesetting (PALM 0x1002:0x9802 0x1565:0x1707).
radeondrm0: VRAM: 384M 0x0000000000000000 - 0x0000000017FFFFFF (384M used)
radeondrm0: GTT: 512M 0x0000000018000000 - 0x0000000037FFFFFF
ttm_pool_mm_shrink_init stub
error: [drm:pid0:r600_init_microcode] *ERROR* r600_cp: Failed to load firmware &quot;radeon-palm_pfp&quot;
error: [drm:pid0:evergreen_startup] *ERROR* Failed to load firmware!
error: [drm:pid0:evergreen_init] *ERROR* disabling GPU acceleration
error: [drm:pid0:radeon_bo_unpin] *ERROR* 0xfffffe822ee9e2b0 unpin not necessary
error: [drm:pid0:radeon_bo_unpin] *ERROR* 0xfffffe822ee9e2b0 unpin not necessary
drm: Internal thermal controller without fan control
radeondrm0: 1680x1050
wsdisplay0 at radeondrm0 mux 1: console (std, vt100 emulation), using wskbd0
wskbd1: connecting to wsdisplay0
wsdisplay0: screen 1-5 added (std, vt100 emulation)
ehci_idone: ex=0xffff8000003f5a00 is done!
</pre>



</div><!-- content -->
<br />
<div id="footer">
All comments/news/posts are the property of their individual owner and
is presented without warranty of suitability, and solely as an
informational resource. <br />
This site Copyright &copy; 2004-2020 NYC*BUG.
</div><!-- footer -->

</body>
</html>

