



<!doctype html>
<html lang="en">
<head>
<meta name="keywords"
	content="bsd, freebsd, openbsd, netbsd, dragonflybsd, nycbug, dmesgd" />
<meta name="description" content="New York City BSD User Group dmesgd" />
<meta charset="utf-8" />
<meta name="viewport" content="width=device-width, initial-scale=1" />
<title>NYC*BUG dmesgd</title>
<style>
body {
	text-align: left;
	margin: 15px auto;
	padding: 0px 10px;
}
@media (min-width: 800px) {
	body {
		max-width: 85%;
	}
}
#header {
	border-bottom: 1px solid #dbdbdb;
	font-size: 230%;
	text-align: left;
}
#footer {
	border-top: 1px solid #dbdbdb;
	clear: both;
	text-align: left;
}
.logo_bug {
	color: #cc0033;
}
#menu ul {
	list-style-type: none;
	margin: 0;
	padding: 0;
}
#menu li {
	float: left;
}
#menu li a {
	display: block;
	background-color: #dbdbdb;
	color: #000000;
	font-size: 105%;
	font-weight: bold;
	padding: 0px 6px 0px 6px;
	text-decoration: none;
}
#content {
	clear: both;
	text-align: left;
	padding-top: 10px;
}
#content h1 {
	font-size: 120%;
	font-weight: bold;
}
#content h2 {
	font-size: 110%;
	font-weight: bold;
}
#content a {
	text-decoration: none;
}
#content pre {
	background-color: #dbdbdb;
	padding: 5px 5px 5px 5px;
	white-space: pre-wrap;		/* css-3 */
	white-space: -moz-pre-wrap;	/* Mozilla, since 1999 */
	white-space: -pre-wrap;		/* Opera 4-6 */
	white-space: -o-pre-wrap;	/* Opera 7 */
	word-wrap: break-word;		/* Internet Explorer 5.5+ */
}
#content table {
	border-collapse: collapse;
}
#content table th {
	border: 1px solid #dbdbdb;
	font-size: 85%;
	white-space: nowrap;
}
#content table td {
	border: 1px solid #dbdbdb;
	font-size: 80%;
}
#content input {
	font-size: 1em;
}
#content .full	{ width: 100%; }
#content .left	{ text-align: left; }
#content .right	{ text-align: right; }
#content .center { text-align: center; }
#content .flexbox {
	display: -ms-flex;
	display: -webkit-flex;
	display: flex;
	width: 100%;
}
#content .left_col {
	min-width: 75px;
	max-width: 50%;
	flex-grow: 0;
}
#content .right_col {
	flex-grow: 1;
	margin-left: 10px;
	padding-top: 10px;
	padding-left: 10px;
}
#col {
	-moz-column-count: 3;
	-webkit-column-count: 3;
	column-count: 3;
}
</style>
</head>
<body>

<div id="header">
<strong><em>NYC*</em><span class="logo_bug">BUG</span> dmesgd</strong>
</div><!-- header -->

<div id="menu">
<ul>
<li><a href="https://dmesgd.nycbug.org/index.cgi?do=index">Home</a></li>
<li><a href="https://dmesgd.nycbug.org/index.cgi?do=submit">Submit</a></li>
<li><a href="https://www.nycbug.org/">NYC*BUG</a></li>
</ul>
</div><!-- menu -->

<div id="content">

<p>
Launched in 2004, dmesgd aims to provide a
<strong>user-submitted</strong> repository of searchable *BSD dmesgs.
The dmesg(8) command displays the system message buffer's content, and
during boot a copy is saved to <em>/var/run/dmesg.boot</em>.  This buffer
contains the operating system release, name and version, a list of
devices identified, plus a whole host of other useful information.  We
hope others find this resource useful and further contribute to its
growth. Contact us at [ admin at lists dot nycbug dot org ].
</p>

<hr />


<strong>Date:</strong> <em>2014-01-29 19:31:40</em><br />
<strong>From:</strong> <em>Fred</em><br />
<strong>Description:</strong> <em>Jetway JNC9MGL-525 OpenBSD 5.4</em><br />

<pre>
OpenBSD 5.4 (GENERIC.MP) #44: Tue Jul 30 12:13:32 MDT 2013
    xxx@xxx.xxx:/usr/src/sys/arch/i386/compile/GENERIC.MP
cpu0: Intel(R) Atom(TM) CPU D525 @ 1.80GHz (&quot;GenuineIntel&quot; 686-class) 1.81 GHz
cpu0: FPU,V86,DE,PSE,TSC,MSR,PAE,MCE,CX8,APIC,SEP,MTRR,PGE,MCA,CMOV,PAT,PSE36,CFLUSH,DS,ACPI,MMX,FXSR,SSE,SSE2,SS,HTT,TM,PBE,NXE,LONG,SSE3,DTES64,MWAIT,DS-CPL,TM2,SSSE3,CX16,xTPR,PDCM,MOVBE,LAHF,PERF
real mem  = 2136076288 (2037MB)
avail mem = 2089713664 (1992MB)
mainbus0 at root
bios0 at mainbus0: AT/286+ BIOS, date 02/13/12, BIOS32 rev. 0 @ 0xf0010, SMBIOS rev. 2.6 @ 0x9f800 (22 entries)
bios0: vendor American Megatrends Inc. version &quot;080016&quot; date 02/13/2012
acpi0 at bios0: rev 2
acpi0: sleep states S0 S1 S4 S5
acpi0: tables DSDT FACP APIC MCFG OEMB HPET GSCI
acpi0: wakeup devices P0P1(S4) PS2K(S4) PS2M(S4) USB0(S4) USB1(S4) USB2(S4) USB3(S4) EUSB(S4) P0P4(S4) P0P5(S4) P0P6(S4) P0P7(S4) P0P8(S4) P0P9(S4) SLPB(S4)
acpitimer0 at acpi0: 3579545 Hz, 24 bits
acpimadt0 at acpi0 addr 0xfee00000: PC-AT compat
cpu0 at mainbus0: apid 0 (boot processor)
cpu0: apic clock running at 199MHz
cpu1 at mainbus0: apid 2 (application processor)
cpu1: Intel(R) Atom(TM) CPU D525 @ 1.80GHz (&quot;GenuineIntel&quot; 686-class) 1.80 GHz
cpu1: FPU,V86,DE,PSE,TSC,MSR,PAE,MCE,CX8,APIC,SEP,MTRR,PGE,MCA,CMOV,PAT,PSE36,CFLUSH,DS,ACPI,MMX,FXSR,SSE,SSE2,SS,HTT,TM,PBE,NXE,LONG,SSE3,DTES64,MWAIT,DS-CPL,TM2,SSSE3,CX16,xTPR,PDCM,MOVBE,LAHF,PERF
cpu2 at mainbus0: apid 1 (application processor)
cpu2: Intel(R) Atom(TM) CPU D525 @ 1.80GHz (&quot;GenuineIntel&quot; 686-class) 1.80 GHz
cpu2: FPU,V86,DE,PSE,TSC,MSR,PAE,MCE,CX8,APIC,SEP,MTRR,PGE,MCA,CMOV,PAT,PSE36,CFLUSH,DS,ACPI,MMX,FXSR,SSE,SSE2,SS,HTT,TM,PBE,NXE,LONG,SSE3,DTES64,MWAIT,DS-CPL,TM2,SSSE3,CX16,xTPR,PDCM,MOVBE,LAHF,PERF
cpu3 at mainbus0: apid 3 (application processor)
cpu3: Intel(R) Atom(TM) CPU D525 @ 1.80GHz (&quot;GenuineIntel&quot; 686-class) 1.80 GHz
cpu3: FPU,V86,DE,PSE,TSC,MSR,PAE,MCE,CX8,APIC,SEP,MTRR,PGE,MCA,CMOV,PAT,PSE36,CFLUSH,DS,ACPI,MMX,FXSR,SSE,SSE2,SS,HTT,TM,PBE,NXE,LONG,SSE3,DTES64,MWAIT,DS-CPL,TM2,SSSE3,CX16,xTPR,PDCM,MOVBE,LAHF,PERF
ioapic0 at mainbus0: apid 4 pa 0xfec00000, version 20, 24 pins
ioapic0: misconfigured as apic 1, remapped to apid 4
acpimcfg0 at acpi0 addr 0xe0000000, bus 0-255
acpihpet0 at acpi0: 14318179 Hz
acpiprt0 at acpi0: bus 0 (PCI0)
acpiprt1 at acpi0: bus 4 (P0P1)
acpiprt2 at acpi0: bus 1 (P0P4)
acpiprt3 at acpi0: bus -1 (P0P5)
acpiprt4 at acpi0: bus 2 (P0P6)
acpiprt5 at acpi0: bus 3 (P0P7)
acpiprt6 at acpi0: bus -1 (P0P8)
acpiprt7 at acpi0: bus -1 (P0P9)
acpicpu0 at acpi0
acpicpu1 at acpi0
acpicpu2 at acpi0
acpicpu3 at acpi0
acpibtn0 at acpi0: SLPB
acpibtn1 at acpi0: PWRB
bios0: ROM list: 0xc0000/0xda00!
pci0 at mainbus0 bus 0: configuration mode 1 (bios)
0:31:2: mem address conflict 0xfc00/0x400
pchb0 at pci0 dev 0 function 0 &quot;Intel Pineview DMI&quot; rev 0x02
vga1 at pci0 dev 2 function 0 &quot;Intel Pineview Video&quot; rev 0x02
intagp0 at vga1
agp0 at intagp0: aperture at 0xd0000000, size 0x10000000
inteldrm0 at vga1
drm0 at inteldrm0
intel_overlay_map_regs partial stub
inteldrm0: 1024x768
wsdisplay0 at vga1 mux 1: console (std, vt100 emulation)
wsdisplay0: screen 1-5 added (std, vt100 emulation)
&quot;Intel Pineview Video&quot; rev 0x02 at pci0 dev 2 function 1 not configured
azalia0 at pci0 dev 27 function 0 &quot;Intel 82801GB HD Audio&quot; rev 0x02: msi
azalia0: codecs: Realtek ALC662
audio0 at azalia0
ppb0 at pci0 dev 28 function 0 &quot;Intel 82801GB PCIE&quot; rev 0x02: apic 4 int 16
pci1 at ppb0 bus 1
ppb1 at pci0 dev 28 function 2 &quot;Intel 82801GB PCIE&quot; rev 0x02: apic 4 int 18
pci2 at ppb1 bus 2
re0 at pci2 dev 0 function 0 &quot;Realtek 8168&quot; rev 0x06: RTL8168E/8111E-VL (0x2c80), apic 4 int 18, address xx:xx:xx:xx:xx:xx
rgephy0 at re0 phy 7: RTL8169S/8110S PHY, rev. 5
ppb2 at pci0 dev 28 function 3 &quot;Intel 82801GB PCIE&quot; rev 0x02: apic 4 int 19
pci3 at ppb2 bus 3
re1 at pci3 dev 0 function 0 &quot;Realtek 8168&quot; rev 0x06: RTL8168E/8111E-VL (0x2c80), apic 4 int 19, address xx:xx:xx:xx:xx:xx
rgephy1 at re1 phy 7: RTL8169S/8110S PHY, rev. 5
uhci0 at pci0 dev 29 function 0 &quot;Intel 82801GB USB&quot; rev 0x02: apic 4 int 23
uhci1 at pci0 dev 29 function 1 &quot;Intel 82801GB USB&quot; rev 0x02: apic 4 int 19
uhci2 at pci0 dev 29 function 2 &quot;Intel 82801GB USB&quot; rev 0x02: apic 4 int 18
uhci3 at pci0 dev 29 function 3 &quot;Intel 82801GB USB&quot; rev 0x02: apic 4 int 16
ehci0 at pci0 dev 29 function 7 &quot;Intel 82801GB USB&quot; rev 0x02: apic 4 int 23
usb0 at ehci0: USB revision 2.0
uhub0 at usb0 &quot;Intel EHCI root hub&quot; rev 2.00/1.00 addr 1
ppb3 at pci0 dev 30 function 0 &quot;Intel 82801BAM Hub-to-PCI&quot; rev 0xe2
pci4 at ppb3 bus 4
pcib0 at pci0 dev 31 function 0 &quot;Intel NM10 LPC&quot; rev 0x02
pciide0 at pci0 dev 31 function 2 &quot;Intel 82801GB SATA&quot; rev 0x02: DMA, channel 0 configured to native-PCI, channel 1 configured to native-PCI
pciide0: using apic 4 int 19 for native-PCI interrupt
wd0 at pciide0 channel 0 drive 0: &lt;ST9250315AS&gt;
wd0: 16-sector PIO, LBA48, 238475MB, 488397168 sectors
wd0(pciide0:0:0): using PIO mode 4, Ultra-DMA mode 6
atapiscsi0 at pciide0 channel 1 drive 0
scsibus0 at atapiscsi0: 2 targets
cd0 at scsibus0 targ 0 lun 0: &lt;TSSTcorp, CDDVDW SN-S083C, SB00&gt; ATAPI 5/cdrom removable
cd0(pciide0:1:0): using PIO mode 4, Ultra-DMA mode 5
ichiic0 at pci0 dev 31 function 3 &quot;Intel 82801GB SMBus&quot; rev 0x02: apic 4 int 19
iic0 at ichiic0
spdmem0 at iic0 addr 0x50: 1GB DDR3 SDRAM PC3-8500 SO-DIMM
spdmem1 at iic0 addr 0x51: 1GB DDR3 SDRAM PC3-8500 SO-DIMM
usb1 at uhci0: USB revision 1.0
uhub1 at usb1 &quot;Intel UHCI root hub&quot; rev 1.00/1.00 addr 1
usb2 at uhci1: USB revision 1.0
uhub2 at usb2 &quot;Intel UHCI root hub&quot; rev 1.00/1.00 addr 1
usb3 at uhci2: USB revision 1.0
uhub3 at usb3 &quot;Intel UHCI root hub&quot; rev 1.00/1.00 addr 1
usb4 at uhci3: USB revision 1.0
uhub4 at usb4 &quot;Intel UHCI root hub&quot; rev 1.00/1.00 addr 1
isa0 at pcib0
isadma0 at isa0
com0 at isa0 port 0x3f8/8 irq 4: ns16550a, 16 byte fifo
com0: probed fifo depth: 15 bytes
com1 at isa0 port 0x2f8/8 irq 3: ns16550a, 16 byte fifo
com1: probed fifo depth: 15 bytes
pckbc0 at isa0 port 0x60/5
pckbd0 at pckbc0 (kbd slot)
pckbc0: using irq 1 for kbd slot
wskbd0 at pckbd0: console keyboard, using wsdisplay0
pms0 at pckbc0 (aux slot)
pckbc0: using irq 12 for aux slot
wsmouse0 at pms0 mux 0
pcppi0 at isa0 port 0x61
spkr0 at pcppi0
lpt0 at isa0 port 0x378/4 irq 7
npx0 at isa0 port 0xf0/16: reported by CPUID; using exception 16
mtrr: Pentium Pro MTRR support
vscsi0 at root
scsibus1 at vscsi0: 256 targets
softraid0 at root
scsibus2 at softraid0: 256 targets
root on wd0a (ce05d62ed644d649.a) swap on wd0b dump on wd0b

</pre>



</div><!-- content -->
<br />
<div id="footer">
All comments/news/posts are the property of their individual owner and
is presented without warranty of suitability, and solely as an
informational resource. <br />
This site Copyright &copy; 2004-2020 NYC*BUG.
</div><!-- footer -->

</body>
</html>

