



<!doctype html>
<html lang="en">
<head>
<meta name="keywords"
	content="bsd, freebsd, openbsd, netbsd, dragonflybsd, nycbug, dmesgd" />
<meta name="description" content="New York City BSD User Group dmesgd" />
<meta charset="utf-8" />
<meta name="viewport" content="width=device-width, initial-scale=1" />
<title>NYC*BUG dmesgd</title>
<style>
body {
	text-align: left;
	margin: 15px auto;
	padding: 0px 10px;
}
@media (min-width: 800px) {
	body {
		max-width: 85%;
	}
}
#header {
	border-bottom: 1px solid #dbdbdb;
	font-size: 230%;
	text-align: left;
}
#footer {
	border-top: 1px solid #dbdbdb;
	clear: both;
	text-align: left;
}
.logo_bug {
	color: #cc0033;
}
#menu ul {
	list-style-type: none;
	margin: 0;
	padding: 0;
}
#menu li {
	float: left;
}
#menu li a {
	display: block;
	background-color: #dbdbdb;
	color: #000000;
	font-size: 105%;
	font-weight: bold;
	padding: 0px 6px 0px 6px;
	text-decoration: none;
}
#content {
	clear: both;
	text-align: left;
	padding-top: 10px;
}
#content h1 {
	font-size: 120%;
	font-weight: bold;
}
#content h2 {
	font-size: 110%;
	font-weight: bold;
}
#content a {
	text-decoration: none;
}
#content pre {
	background-color: #dbdbdb;
	padding: 5px 5px 5px 5px;
	white-space: pre-wrap;		/* css-3 */
	white-space: -moz-pre-wrap;	/* Mozilla, since 1999 */
	white-space: -pre-wrap;		/* Opera 4-6 */
	white-space: -o-pre-wrap;	/* Opera 7 */
	word-wrap: break-word;		/* Internet Explorer 5.5+ */
}
#content table {
	border-collapse: collapse;
}
#content table th {
	border: 1px solid #dbdbdb;
	font-size: 85%;
	white-space: nowrap;
}
#content table td {
	border: 1px solid #dbdbdb;
	font-size: 80%;
}
#content input {
	font-size: 1em;
}
#content .full	{ width: 100%; }
#content .left	{ text-align: left; }
#content .right	{ text-align: right; }
#content .center { text-align: center; }
#content .flexbox {
	display: -ms-flex;
	display: -webkit-flex;
	display: flex;
	width: 100%;
}
#content .left_col {
	min-width: 75px;
	max-width: 50%;
	flex-grow: 0;
}
#content .right_col {
	flex-grow: 1;
	margin-left: 10px;
	padding-top: 10px;
	padding-left: 10px;
}
#col {
	-moz-column-count: 3;
	-webkit-column-count: 3;
	column-count: 3;
}
</style>
</head>
<body>

<div id="header">
<strong><em>NYC*</em><span class="logo_bug">BUG</span> dmesgd</strong>
</div><!-- header -->

<div id="menu">
<ul>
<li><a href="https://dmesgd.nycbug.org/index.cgi?do=index">Home</a></li>
<li><a href="https://dmesgd.nycbug.org/index.cgi?do=submit">Submit</a></li>
<li><a href="https://www.nycbug.org/">NYC*BUG</a></li>
</ul>
</div><!-- menu -->

<div id="content">

<p>
Launched in 2004, dmesgd aims to provide a
<strong>user-submitted</strong> repository of searchable *BSD dmesgs.
The dmesg(8) command displays the system message buffer's content, and
during boot a copy is saved to <em>/var/run/dmesg.boot</em>.  This buffer
contains the operating system release, name and version, a list of
devices identified, plus a whole host of other useful information.  We
hope others find this resource useful and further contribute to its
growth. Contact us at [ admin at lists dot nycbug dot org ].
</p>

<hr />


<strong>Date:</strong> <em>2014-01-29 19:54:47</em><br />
<strong>From:</strong> <em>kid51</em><br />
<strong>Description:</strong> <em>OpenBSD 5.5-beta on Asus Ultrabook S400C</em><br />

<pre>
OpenBSD 5.5-beta (GENERIC.MP) #279: Fri Jan 24 11:50:37 MST 2014
    xxx@xxx.xxx:/usr/src/sys/arch/amd64/compile/GENERIC.MP
real mem = 4157509632 (3964MB)
avail mem = 4038619136 (3851MB)
mainbus0 at root
bios0 at mainbus0: SMBIOS rev. 2.7 @ 0xebdb0 (22 entries)
bios0: vendor American Megatrends Inc. version &quot;S400CA.207&quot; date 12/27/2012
bios0: ASUSTeK COMPUTER INC. S400CA
acpi0 at bios0: rev 2
acpi0: sleep states S0 S3 S4 S5
acpi0: tables DSDT FACP APIC FPDT ECDT MCFG SSDT SSDT SSDT SSDT HPET SSDT SSDT SSDT SSDT SSDT MSDM
acpi0: wakeup devices P0P1(S4) PEG0(S4) PEG1(S4) PEG2(S4) PEG3(S4) XHC1(S3) EHC1(S3) USB1(S3) USB2(S3) USB3(S3) USB4(S3) EHC2(S3) USB5(S3) USB6(S3) USB7(S3) HDEF(S4) [...]
acpitimer0 at acpi0: 3579545 Hz, 24 bits
acpimadt0 at acpi0 addr 0xfee00000: PC-AT compat
cpu0 at mainbus0: apid 0 (boot processor)
cpu0: Intel(R) Core(TM) i3-3217U CPU @ 1.80GHz, 1696.42 MHz
cpu0: FPU,VME,DE,PSE,TSC,MSR,PAE,MCE,CX8,APIC,SEP,MTRR,PGE,MCA,CMOV,PAT,PSE36,CFLUSH,DS,ACPI,MMX,FXSR,SSE,SSE2,SS,HTT,TM,PBE,SSE3,PCLMUL,DTES64,MWAIT,DS-CPL,VMX,EST,TM2,SSSE3,CX16,xTPR,PDCM,PCID,SSE4.1,SSE4.2,x2APIC,POPCNT,DEADLINE,XSAVE,AVX,F16C,NXE,LONG,LAHF,PERF,ITSC,FSGSBASE,SMEP,ERMS
cpu0: 256KB 64b/line 8-way L2 cache
cpu0: smt 0, core 0, package 0
mtrr: Pentium Pro MTRR support, 10 var ranges, 88 fixed ranges
cpu0: apic clock running at 99MHz
cpu0: mwait min=64, max=64, C-substates=0.2.1.1.2, IBE
cpu1 at mainbus0: apid 2 (application processor)
cpu1: Intel(R) Core(TM) i3-3217U CPU @ 1.80GHz, 1696.15 MHz
cpu1: FPU,VME,DE,PSE,TSC,MSR,PAE,MCE,CX8,APIC,SEP,MTRR,PGE,MCA,CMOV,PAT,PSE36,CFLUSH,DS,ACPI,MMX,FXSR,SSE,SSE2,SS,HTT,TM,PBE,SSE3,PCLMUL,DTES64,MWAIT,DS-CPL,VMX,EST,TM2,SSSE3,CX16,xTPR,PDCM,PCID,SSE4.1,SSE4.2,x2APIC,POPCNT,DEADLINE,XSAVE,AVX,F16C,NXE,LONG,LAHF,PERF,ITSC,FSGSBASE,SMEP,ERMS
cpu1: 256KB 64b/line 8-way L2 cache
cpu1: smt 0, core 1, package 0
cpu2 at mainbus0: apid 1 (application processor)
cpu2: Intel(R) Core(TM) i3-3217U CPU @ 1.80GHz, 1696.15 MHz
cpu2: FPU,VME,DE,PSE,TSC,MSR,PAE,MCE,CX8,APIC,SEP,MTRR,PGE,MCA,CMOV,PAT,PSE36,CFLUSH,DS,ACPI,MMX,FXSR,SSE,SSE2,SS,HTT,TM,PBE,SSE3,PCLMUL,DTES64,MWAIT,DS-CPL,VMX,EST,TM2,SSSE3,CX16,xTPR,PDCM,PCID,SSE4.1,SSE4.2,x2APIC,POPCNT,DEADLINE,XSAVE,AVX,F16C,NXE,LONG,LAHF,PERF,ITSC,FSGSBASE,SMEP,ERMS
cpu2: 256KB 64b/line 8-way L2 cache
cpu2: smt 1, core 0, package 0
cpu3 at mainbus0: apid 3 (application processor)
cpu3: Intel(R) Core(TM) i3-3217U CPU @ 1.80GHz, 1696.15 MHz
cpu3: FPU,VME,DE,PSE,TSC,MSR,PAE,MCE,CX8,APIC,SEP,MTRR,PGE,MCA,CMOV,PAT,PSE36,CFLUSH,DS,ACPI,MMX,FXSR,SSE,SSE2,SS,HTT,TM,PBE,SSE3,PCLMUL,DTES64,MWAIT,DS-CPL,VMX,EST,TM2,SSSE3,CX16,xTPR,PDCM,PCID,SSE4.1,SSE4.2,x2APIC,POPCNT,DEADLINE,XSAVE,AVX,F16C,NXE,LONG,LAHF,PERF,ITSC,FSGSBASE,SMEP,ERMS
cpu3: 256KB 64b/line 8-way L2 cache
cpu3: smt 1, core 1, package 0
ioapic0 at mainbus0: apid 2 pa 0xfec00000, version 20, 24 pins
acpiec0 at acpi0
acpimcfg0 at acpi0 addr 0xf8000000, bus 0-63
acpihpet0 at acpi0: 14318179 Hz
acpiprt0 at acpi0: bus 0 (PCI0)
acpiprt1 at acpi0: bus -1 (P0P1)
acpiprt2 at acpi0: bus -1 (PEG0)
acpiprt3 at acpi0: bus -1 (PEG1)
acpiprt4 at acpi0: bus -1 (PEG2)
acpiprt5 at acpi0: bus -1 (PEG3)
acpiprt6 at acpi0: bus 1 (RP01)
acpiprt7 at acpi0: bus 2 (RP02)
acpiprt8 at acpi0: bus -1 (RP03)
acpiprt9 at acpi0: bus -1 (RP05)
acpiprt10 at acpi0: bus -1 (RP06)
acpiprt11 at acpi0: bus -1 (RP07)
acpiprt12 at acpi0: bus -1 (RP08)
acpiprt13 at acpi0: bus 3 (RP04)
acpicpu0 at acpi0: C3, C2, C1, PSS
acpicpu1 at acpi0: C3, C2, C1, PSS
acpicpu2 at acpi0: C3, C2, C1, PSS
acpicpu3 at acpi0: C3, C2, C1, PSS
acpitz0 at acpi0: critical temperature is 108 degC
acpiac0 at acpi0: AC unit offline
acpibat0 at acpi0: BAT0 model &quot;X402--40&quot; serial   type LIon oem &quot;ASUSTek&quot;
acpibtn0 at acpi0: LID_
acpibtn1 at acpi0: PWRB
acpibtn2 at acpi0: SLPB
acpivideo0 at acpi0: GFX0
acpivout0 at acpivideo0: LCDD
cpu0: Enhanced SpeedStep 1696 MHz: speeds: 1801, 1800, 1700, 1600, 1500, 1400, 1300, 1200, 1100, 1000, 900, 800 MHz
pci0 at mainbus0 bus 0
pchb0 at pci0 dev 0 function 0 &quot;Intel Core 3G Host&quot; rev 0x09
vga1 at pci0 dev 2 function 0 &quot;Intel HD Graphics 4000&quot; rev 0x09
intagp0 at vga1
agp0 at intagp0: aperture at 0xe0000000, size 0x10000000
inteldrm0 at vga1
drm0 at inteldrm0
inteldrm0: 1366x768
wsdisplay0 at vga1 mux 1: console (std, vt100 emulation)
wsdisplay0: screen 1-5 added (std, vt100 emulation)
vendor &quot;Intel&quot;, unknown product 0x0153 (class DASP subclass miscellaneous, rev 0x09) at pci0 dev 4 function 0 not configured
&quot;Intel 7 Series xHCI&quot; rev 0x04 at pci0 dev 20 function 0 not configured
&quot;Intel 7 Series MEI&quot; rev 0x04 at pci0 dev 22 function 0 not configured
ehci0 at pci0 dev 26 function 0 &quot;Intel 7 Series USB&quot; rev 0x04: apic 2 int 16
usb0 at ehci0: USB revision 2.0
uhub0 at usb0 &quot;Intel EHCI root hub&quot; rev 2.00/1.00 addr 1
azalia0 at pci0 dev 27 function 0 &quot;Intel 7 Series HD Audio&quot; rev 0x04: msi
azalia0: codecs: VIA/0x8446, Intel/0x2806, using VIA/0x8446
audio0 at azalia0
ppb0 at pci0 dev 28 function 0 &quot;Intel 7 Series PCIE&quot; rev 0xc4: msi
pci1 at ppb0 bus 1
ppb1 at pci0 dev 28 function 1 &quot;Intel 7 Series PCIE&quot; rev 0xc4: msi
pci2 at ppb1 bus 2
&quot;Atheros AR9485&quot; rev 0x01 at pci2 dev 0 function 0 not configured
ppb2 at pci0 dev 28 function 3 &quot;Intel 7 Series PCIE&quot; rev 0xc4: msi
pci3 at ppb2 bus 3
&quot;Attansic Technology AR8161&quot; rev 0x10 at pci3 dev 0 function 0 not configured
ehci1 at pci0 dev 29 function 0 &quot;Intel 7 Series USB&quot; rev 0x04: apic 2 int 23
usb1 at ehci1: USB revision 2.0
uhub1 at usb1 &quot;Intel EHCI root hub&quot; rev 2.00/1.00 addr 1
pcib0 at pci0 dev 31 function 0 &quot;Intel HM76 LPC&quot; rev 0x04
ahci0 at pci0 dev 31 function 2 &quot;Intel 7 Series AHCI&quot; rev 0x04: msi, AHCI 1.3
scsibus0 at ahci0: 32 targets
sd0 at scsibus0 targ 0 lun 0: &lt;ATA, ST500LT012-9WS14, 0001&gt; SCSI3 0/direct fixed naa.5000c5005db5d3fc
sd0: 476940MB, 512 bytes/sector, 976773168 sectors
sd1 at scsibus0 targ 1 lun 0: &lt;ATA, SanDisk SSD U100, CS.5&gt; SCSI3 0/direct fixed naa.5001b4481654f1cc
sd1: 22902MB, 512 bytes/sector, 46905264 sectors, thin
ichiic0 at pci0 dev 31 function 3 &quot;Intel 7 Series SMBus&quot; rev 0x04: apic 2 int 18
iic0 at ichiic0
vendor &quot;Intel&quot;, unknown product 0x1e24 (class DASP subclass miscellaneous, rev 0x04) at pci0 dev 31 function 6 not configured
isa0 at pcib0
isadma0 at isa0
pckbc0 at isa0 port 0x60/5
pckbd0 at pckbc0 (kbd slot)
pckbc0: using irq 1 for kbd slot
wskbd0 at pckbd0: console keyboard, using wsdisplay0
pms0 at pckbc0 (aux slot)
pckbc0: using irq 12 for aux slot
wsmouse0 at pms0 mux 0
pms0: Elantech Clickpad, version 4, firmware 0x361f03
pcppi0 at isa0 port 0x61
spkr0 at pcppi0
uhub2 at uhub0 port 1 &quot;Intel Rate Matching Hub&quot; rev 2.00/0.00 addr 2
uvideo0 at uhub2 port 2 configuration 1 interface 0 &quot;04G626000611BQ2C3002AHA ASUS USB2.0 Webcam&quot; rev 2.00/4.29 addr 3
video0 at uvideo0
uhidev0 at uhub2 port 3 configuration 1 interface 0 &quot;Atmel Atmel maXTouch Digitizer&quot; rev 2.00/10.32 addr 4
uhidev0: iclass 3/0, 5 report ids
ums0 at uhidev0 reportid 1: 1 button, tip
wsmouse1 at ums0 mux 0
uhid0 at uhidev0 reportid 2: input=0, output=0, feature=1
uhid1 at uhidev0 reportid 3: input=10, output=0, feature=0
ums1 at uhidev0 reportid 5
ums1: mouse has no X report
uhidev1 at uhub2 port 3 configuration 1 interface 1 &quot;Atmel Atmel maXTouch Digitizer&quot; rev 2.00/10.32 addr 4
uhidev1: iclass 3/0, 2 report ids
uhid2 at uhidev1 reportid 1: input=63, output=63, feature=0
uhid3 at uhidev1 reportid 2: input=63, output=63, feature=0
uhub3 at uhub1 port 1 &quot;Intel Rate Matching Hub&quot; rev 2.00/0.00 addr 2
uhidev2 at uhub3 port 1 configuration 1 interface 0 &quot;Microsoft Microsoft 5-Button Mouse with IntelliEye(TM)&quot; rev 1.10/3.00 addr 3
uhidev2: iclass 3/1
ums2 at uhidev2: 5 buttons, Z dir
wsmouse2 at ums2 mux 0
vscsi0 at root
scsibus1 at vscsi0: 256 targets
softraid0 at root
scsibus2 at softraid0: 256 targets
root on sd0a (cf6ea782d7fcfa9e.a) swap on sd0b dump on sd0b
WARNING: / was not properly unmounted

</pre>



</div><!-- content -->
<br />
<div id="footer">
All comments/news/posts are the property of their individual owner and
is presented without warranty of suitability, and solely as an
informational resource. <br />
This site Copyright &copy; 2004-2020 NYC*BUG.
</div><!-- footer -->

</body>
</html>

