



<!doctype html>
<html lang="en">
<head>
<meta name="keywords"
	content="bsd, freebsd, openbsd, netbsd, dragonflybsd, nycbug, dmesgd" />
<meta name="description" content="New York City BSD User Group dmesgd" />
<meta charset="utf-8" />
<meta name="viewport" content="width=device-width, initial-scale=1" />
<title>NYC*BUG dmesgd</title>
<style>
body {
	text-align: left;
	margin: 15px auto;
	padding: 0px 10px;
}
@media (min-width: 800px) {
	body {
		max-width: 85%;
	}
}
#header {
	border-bottom: 1px solid #dbdbdb;
	font-size: 230%;
	text-align: left;
}
#footer {
	border-top: 1px solid #dbdbdb;
	clear: both;
	text-align: left;
}
.logo_bug {
	color: #cc0033;
}
#menu ul {
	list-style-type: none;
	margin: 0;
	padding: 0;
}
#menu li {
	float: left;
}
#menu li a {
	display: block;
	background-color: #dbdbdb;
	color: #000000;
	font-size: 105%;
	font-weight: bold;
	padding: 0px 6px 0px 6px;
	text-decoration: none;
}
#content {
	clear: both;
	text-align: left;
	padding-top: 10px;
}
#content h1 {
	font-size: 120%;
	font-weight: bold;
}
#content h2 {
	font-size: 110%;
	font-weight: bold;
}
#content a {
	text-decoration: none;
}
#content pre {
	background-color: #dbdbdb;
	padding: 5px 5px 5px 5px;
	white-space: pre-wrap;		/* css-3 */
	white-space: -moz-pre-wrap;	/* Mozilla, since 1999 */
	white-space: -pre-wrap;		/* Opera 4-6 */
	white-space: -o-pre-wrap;	/* Opera 7 */
	word-wrap: break-word;		/* Internet Explorer 5.5+ */
}
#content table {
	border-collapse: collapse;
}
#content table th {
	border: 1px solid #dbdbdb;
	font-size: 85%;
	white-space: nowrap;
}
#content table td {
	border: 1px solid #dbdbdb;
	font-size: 80%;
}
#content input {
	font-size: 1em;
}
#content .full	{ width: 100%; }
#content .left	{ text-align: left; }
#content .right	{ text-align: right; }
#content .center { text-align: center; }
#content .flexbox {
	display: -ms-flex;
	display: -webkit-flex;
	display: flex;
	width: 100%;
}
#content .left_col {
	min-width: 75px;
	max-width: 50%;
	flex-grow: 0;
}
#content .right_col {
	flex-grow: 1;
	margin-left: 10px;
	padding-top: 10px;
	padding-left: 10px;
}
#col {
	-moz-column-count: 3;
	-webkit-column-count: 3;
	column-count: 3;
}
</style>
</head>
<body>

<div id="header">
<strong><em>NYC*</em><span class="logo_bug">BUG</span> dmesgd</strong>
</div><!-- header -->

<div id="menu">
<ul>
<li><a href="https://dmesgd.nycbug.org/index.cgi?do=index">Home</a></li>
<li><a href="https://dmesgd.nycbug.org/index.cgi?do=submit">Submit</a></li>
<li><a href="https://www.nycbug.org/">NYC*BUG</a></li>
</ul>
</div><!-- menu -->

<div id="content">

<p>
Launched in 2004, dmesgd aims to provide a
<strong>user-submitted</strong> repository of searchable *BSD dmesgs.
The dmesg(8) command displays the system message buffer's content, and
during boot a copy is saved to <em>/var/run/dmesg.boot</em>.  This buffer
contains the operating system release, name and version, a list of
devices identified, plus a whole host of other useful information.  We
hope others find this resource useful and further contribute to its
growth. Contact us at [ admin at lists dot nycbug dot org ].
</p>

<hr />


<strong>Date:</strong> <em>2014-02-11 01:04:47</em><br />
<strong>From:</strong> <em>mitch</em><br />
<strong>Description:</strong> <em>OpenBSD 5.4 sparc64 on Sun Ultra 80 (4x UltraSPARC II 450 MHz)</em><br />

<pre>
console is /pci@1f,4000/ebus@1/se@14,400000:a
Copyright (c) 1982, 1986, 1989, 1991, 1993
	The Regents of the University of California.  All rights reserved.
Copyright (c) 1995-2013 OpenBSD. All rights reserved.  http://www.OpenBSD.org

OpenBSD 5.4 (GENERIC.MP) #37: Thu Aug  1 11:55:06 MDT 2013
    xxx@xxx.xxx:/usr/src/sys/arch/sparc64/compile/GENERIC.MP
real mem = 4294967296 (4096MB)
avail mem = 4215267328 (4019MB)
mainbus0 at root: Sun Ultra 80 UPA/PCI (4 X UltraSPARC-II 450MHz)
cpu0 at mainbus0: SUNW,UltraSPARC-II (rev 10.0) @ 450.020 MHz
cpu0: physical 16K instruction (32 b/l), 16K data (32 b/l), 4096K external (64 b/l)
cpu1 at mainbus0: SUNW,UltraSPARC-II (rev 10.0) @ 450.020 MHz
cpu1: physical 16K instruction (32 b/l), 16K data (32 b/l), 4096K external (64 b/l)
cpu2 at mainbus0: SUNW,UltraSPARC-II (rev 10.0) @ 450.020 MHz
cpu2: physical 16K instruction (32 b/l), 16K data (32 b/l), 4096K external (64 b/l)
cpu3 at mainbus0: SUNW,UltraSPARC-II (rev 10.0) @ 450.020 MHz
cpu3: physical 16K instruction (32 b/l), 16K data (32 b/l), 4096K external (64 b/l)
psycho0 at mainbus0 addr 0xfffb4000: SUNW,psycho, impl 0, version 4, ign 7c0
psycho0: bus range 0-0, PCI bus 0
psycho0: dvma map fe000000-ffffffff, STC0 enabled
pci0 at psycho0
ebus0 at pci0 dev 1 function 0 &quot;Sun PCIO EBus2&quot; rev 0x01
auxio0 at ebus0 addr 726000-726003, 728000-728003, 72a000-72a003, 72c000-72c003, 72f000-72f003
power0 at ebus0 addr 724000-724003 ivec 0x25
&quot;SUNW,pll&quot; at ebus0 addr 504000-504002 not configured
uperf0 at ebus0 addr 500000-500007: model SUNW,sc-qp (0/1) ports 9
sab0 at ebus0 addr 400000-40007f ivec 0x2b: rev 3.2
sabtty0 at sab0 port 0: console
sabtty1 at sab0 port 1
comkbd0 at ebus0 addr 3083f8-3083ff ivec 0x29: no keyboard
comms0 at ebus0 addr 3062f8-3062ff ivec 0x2a
wsmouse0 at comms0 mux 0
lpt0 at ebus0 addr 3043bc-3043cb, 300398-300399, 700000-70000f ivec 0x22: polled
clock1 at ebus0 addr 0-1fff: mk48t59
&quot;flashprom&quot; at ebus0 addr 0-fffff not configured
audioce0 at ebus0 addr 200000-2000ff, 702000-70200f, 704000-70400f, 722000-722003 ivec 0x23 ivec 0x24: nvaddrs 0
audio0 at audioce0
hme0 at pci0 dev 1 function 1 &quot;Sun HME&quot; rev 0x01: ivec 0x7e1, address xx:xx:xx:xx:xx:xx
luphy0 at hme0 phy 1: LU6612 10/100 PHY, rev. 1
siop0 at pci0 dev 3 function 0 &quot;Symbios Logic 53c875&quot; rev 0x14: ivec 0x7e0, using 4K of on-board RAM
scsibus0 at siop0: 16 targets, initiator 7
sd0 at scsibus0 targ 0 lun 0: &lt;SEAGATE, ST318404LSUN18G, 4207&gt; SCSI3 0/direct fixed serial.SEAGATE_ST318404LSUN18G_3BT0ZW87000021099GS5
sd0: 17274MB, 512 bytes/sector, 35378533 sectors
sd1 at scsibus0 targ 1 lun 0: &lt;SEAGATE, ST318404LSUN18G, 4203&gt; SCSI3 0/direct fixed serial.SEAGATE_ST318404LSUN18G_3BT26313000021277VG2
sd1: 17274MB, 512 bytes/sector, 35378533 sectors
cd0 at scsibus0 targ 6 lun 0: &lt;TOSHIBA, XM6201TASUN32XCD, 1103&gt; SCSI2 5/cdrom removable
siop1 at pci0 dev 3 function 1 &quot;Symbios Logic 53c875&quot; rev 0x14: ivec 0x7e6, using 4K of on-board RAM
scsibus1 at siop1: 16 targets, initiator 7
ohci0 at pci0 dev 2 function 0 &quot;NEC USB&quot; rev 0x43: ivec 0x7d0, version 1.0
ohci1 at pci0 dev 2 function 1 &quot;NEC USB&quot; rev 0x43: ivec 0x7d1, version 1.0
ehci0 at pci0 dev 2 function 2 &quot;NEC USB&quot; rev 0x04: ivec 0x7d2
usb0 at ehci0: USB revision 2.0
uhub0 at usb0 &quot;NEC EHCI root hub&quot; rev 2.00/1.00 addr 1
&quot;Brooktree BT878&quot; rev 0x11 at pci0 dev 4 function 0 not configured
&quot;Brooktree BT878 Audio&quot; rev 0x11 at pci0 dev 4 function 1 not configured
radeonfb0 at pci0 dev 5 function 0 &quot;ATI Radeon VE&quot; rev 0x00
radeonfb0: SUNW,375-3126, 1152x900
wsdisplay0 at radeonfb0 mux 1
wsdisplay0: screen 0 added (std, sun emulation)
usb1 at ohci0: USB revision 1.0
uhub1 at usb1 &quot;NEC OHCI root hub&quot; rev 1.00/1.00 addr 1
usb2 at ohci1: USB revision 1.0
uhub2 at usb2 &quot;NEC OHCI root hub&quot; rev 1.00/1.00 addr 1
psycho1 at mainbus0 addr 0xfffc6000: SUNW,psycho, impl 0, version 4, ign 7c0
psycho1: bus range 128-128, PCI bus 128
psycho1: dvma map fe000000-ffffffff, STC0 enabled, STC1 enabled
pci1 at psycho1
&quot;counter-timer&quot; at mainbus0 addr 0xfff9fc00 not configured
creator0 at mainbus0: Elite3D, model SUNW,540-3623, dac 0
wsdisplay1 at creator0 mux 1
wsdisplay1: screen 0 added (std, sun emulation)
siop0: target 0 now using tagged 16 bit 20.0 MHz 16 REQ/ACK offset xfers
siop0: target 1 now using tagged 16 bit 20.0 MHz 16 REQ/ACK offset xfers
vscsi0 at root
scsibus2 at vscsi0: 256 targets
softraid0 at root
scsibus3 at softraid0: 256 targets
bootpath: /pci@1f,4000/scsi@3,0/disk@0,0
root on sd0a (fd46b859f1135111.a) swap on sd0b dump on sd0b
creator0: firmware rev 1.3.11

</pre>



</div><!-- content -->
<br />
<div id="footer">
All comments/news/posts are the property of their individual owner and
is presented without warranty of suitability, and solely as an
informational resource. <br />
This site Copyright &copy; 2004-2020 NYC*BUG.
</div><!-- footer -->

</body>
</html>

