



<!doctype html>
<html lang="en">
<head>
<meta name="keywords"
	content="bsd, freebsd, openbsd, netbsd, dragonflybsd, nycbug, dmesgd" />
<meta name="description" content="New York City BSD User Group dmesgd" />
<meta charset="utf-8" />
<meta name="viewport" content="width=device-width, initial-scale=1" />
<title>NYC*BUG dmesgd</title>
<style>
body {
	text-align: left;
	margin: 15px auto;
	padding: 0px 10px;
}
@media (min-width: 800px) {
	body {
		max-width: 85%;
	}
}
#header {
	border-bottom: 1px solid #dbdbdb;
	font-size: 230%;
	text-align: left;
}
#footer {
	border-top: 1px solid #dbdbdb;
	clear: both;
	text-align: left;
}
.logo_bug {
	color: #cc0033;
}
#menu ul {
	list-style-type: none;
	margin: 0;
	padding: 0;
}
#menu li {
	float: left;
}
#menu li a {
	display: block;
	background-color: #dbdbdb;
	color: #000000;
	font-size: 105%;
	font-weight: bold;
	padding: 0px 6px 0px 6px;
	text-decoration: none;
}
#content {
	clear: both;
	text-align: left;
	padding-top: 10px;
}
#content h1 {
	font-size: 120%;
	font-weight: bold;
}
#content h2 {
	font-size: 110%;
	font-weight: bold;
}
#content a {
	text-decoration: none;
}
#content pre {
	background-color: #dbdbdb;
	padding: 5px 5px 5px 5px;
	white-space: pre-wrap;		/* css-3 */
	white-space: -moz-pre-wrap;	/* Mozilla, since 1999 */
	white-space: -pre-wrap;		/* Opera 4-6 */
	white-space: -o-pre-wrap;	/* Opera 7 */
	word-wrap: break-word;		/* Internet Explorer 5.5+ */
}
#content table {
	border-collapse: collapse;
}
#content table th {
	border: 1px solid #dbdbdb;
	font-size: 85%;
	white-space: nowrap;
}
#content table td {
	border: 1px solid #dbdbdb;
	font-size: 80%;
}
#content input {
	font-size: 1em;
}
#content .full	{ width: 100%; }
#content .left	{ text-align: left; }
#content .right	{ text-align: right; }
#content .center { text-align: center; }
#content .flexbox {
	display: -ms-flex;
	display: -webkit-flex;
	display: flex;
	width: 100%;
}
#content .left_col {
	min-width: 75px;
	max-width: 50%;
	flex-grow: 0;
}
#content .right_col {
	flex-grow: 1;
	margin-left: 10px;
	padding-top: 10px;
	padding-left: 10px;
}
#col {
	-moz-column-count: 3;
	-webkit-column-count: 3;
	column-count: 3;
}
</style>
</head>
<body>

<div id="header">
<strong><em>NYC*</em><span class="logo_bug">BUG</span> dmesgd</strong>
</div><!-- header -->

<div id="menu">
<ul>
<li><a href="https://dmesgd.nycbug.org/index.cgi?do=index">Home</a></li>
<li><a href="https://dmesgd.nycbug.org/index.cgi?do=submit">Submit</a></li>
<li><a href="https://www.nycbug.org/">NYC*BUG</a></li>
</ul>
</div><!-- menu -->

<div id="content">

<p>
Launched in 2004, dmesgd aims to provide a
<strong>user-submitted</strong> repository of searchable *BSD dmesgs.
The dmesg(8) command displays the system message buffer's content, and
during boot a copy is saved to <em>/var/run/dmesg.boot</em>.  This buffer
contains the operating system release, name and version, a list of
devices identified, plus a whole host of other useful information.  We
hope others find this resource useful and further contribute to its
growth. Contact us at [ admin at lists dot nycbug dot org ].
</p>

<hr />


<strong>Date:</strong> <em>2014-04-19 21:22:49</em><br />
<strong>From:</strong> <em>ike</em><br />
<strong>Description:</strong> <em>MacBook Pro "macbook9,1"</em><br />

<pre>
OpenBSD 5.4 (GENERIC.MP) #41: Tue Jul 30 15:30:02 MDT 2013
    xxx@xxx.xxx:/usr/src/sys/arch/amd64/compile/GENERIC.MP
RTC BIOS diagnostic error ef&lt;clock_battery,ROM_cksum,config_unit,fixed_disk,invalid_time&gt;
real mem = 17069981696 (16279MB)
avail mem = 16607850496 (15838MB)
mainbus0 at root
bios0 at mainbus0: SMBIOS rev. 2.4 @ 0xe0000 (62 entries)
bios0: vendor Apple Inc. version &quot;MBP81.88Z.0047.B27.1201241646&quot; date 01/24/12
bios0: Apple Inc. MacBookPro8,1
acpi0 at bios0: rev 2
acpi0: sleep states S0 S3 S4 S5
acpi0: tables DSDT FACP HPET APIC SBST ECDT SSDT SSDT SSDT SSDT SSDT SSDT SSDT MCFG SSDT SSDT SSDT
acpi0: wakeup devices P0P2(S4) GFX0(S4) PEG1(S4) EC__(S4) GMUX(S3) HDEF(S4) GIGE(S4) SDXC(S3) RP01(S4) ARPT(S4) RP02(S4) RP03(S4) RP04(S4) EHC1(S3) EHC2(S3) ADP1(S4) [...]
acpitimer0 at acpi0: 3579545 Hz, 24 bits
acpihpet0 at acpi0: 14318179 Hz
acpimadt0 at acpi0 addr 0xfee00000: PC-AT compat
cpu0 at mainbus0: apid 0 (boot processor)
cpu0: Intel(R) Core(TM) i5-2415M CPU @ 2.30GHz, 2295.09 MHz
cpu0: FPU,VME,DE,PSE,TSC,MSR,PAE,MCE,CX8,APIC,SEP,MTRR,PGE,MCA,CMOV,PAT,PSE36,CFLUSH,DS,ACPI,MMX,FXSR,SSE,SSE2,SS,HTT,TM,PBE,SSE3,PCLMUL,DTES64,MWAIT,DS-CPL,VMX,EST,TM2,SSSE3,CX16,xTPR,PDCM,PCID,SSE4.1,SSE4.2,x2APIC,POPCNT,DEADLINE,AES,XSAVE,AVX,NXE,LONG,LAHF,PERF,ITSC
cpu0: 256KB 64b/line 8-way L2 cache
cpu0: smt 0, core 0, package 0
cpu0: apic clock running at 99MHz
cpu1 at mainbus0: apid 2 (application processor)
cpu1: Intel(R) Core(TM) i5-2415M CPU @ 2.30GHz, 2294.78 MHz
cpu1: FPU,VME,DE,PSE,TSC,MSR,PAE,MCE,CX8,APIC,SEP,MTRR,PGE,MCA,CMOV,PAT,PSE36,CFLUSH,DS,ACPI,MMX,FXSR,SSE,SSE2,SS,HTT,TM,PBE,SSE3,PCLMUL,DTES64,MWAIT,DS-CPL,VMX,EST,TM2,SSSE3,CX16,xTPR,PDCM,PCID,SSE4.1,SSE4.2,x2APIC,POPCNT,DEADLINE,AES,XSAVE,AVX,NXE,LONG,LAHF,PERF,ITSC
cpu1: 256KB 64b/line 8-way L2 cache
cpu1: smt 0, core 1, package 0
cpu2 at mainbus0: apid 1 (application processor)
cpu2: Intel(R) Core(TM) i5-2415M CPU @ 2.30GHz, 2294.78 MHz
cpu2: FPU,VME,DE,PSE,TSC,MSR,PAE,MCE,CX8,APIC,SEP,MTRR,PGE,MCA,CMOV,PAT,PSE36,CFLUSH,DS,ACPI,MMX,FXSR,SSE,SSE2,SS,HTT,TM,PBE,SSE3,PCLMUL,DTES64,MWAIT,DS-CPL,VMX,EST,TM2,SSSE3,CX16,xTPR,PDCM,PCID,SSE4.1,SSE4.2,x2APIC,POPCNT,DEADLINE,AES,XSAVE,AVX,NXE,LONG,LAHF,PERF,ITSC
cpu2: 256KB 64b/line 8-way L2 cache
cpu2: smt 1, core 0, package 0
cpu3 at mainbus0: apid 3 (application processor)
cpu3: Intel(R) Core(TM) i5-2415M CPU @ 2.30GHz, 2294.78 MHz
cpu3: FPU,VME,DE,PSE,TSC,MSR,PAE,MCE,CX8,APIC,SEP,MTRR,PGE,MCA,CMOV,PAT,PSE36,CFLUSH,DS,ACPI,MMX,FXSR,SSE,SSE2,SS,HTT,TM,PBE,SSE3,PCLMUL,DTES64,MWAIT,DS-CPL,VMX,EST,TM2,SSSE3,CX16,xTPR,PDCM,PCID,SSE4.1,SSE4.2,x2APIC,POPCNT,DEADLINE,AES,XSAVE,AVX,NXE,LONG,LAHF,PERF,ITSC
cpu3: 256KB 64b/line 8-way L2 cache
cpu3: smt 1, core 1, package 0
ioapic0 at mainbus0: apid 2 pa 0xfec00000, version 20, 24 pins
ioapic0: misconfigured as apic 0, remapped to apid 2
acpiec0 at acpi0
acpimcfg0 at acpi0 addr 0xe0000000, bus 0-155
acpiprt0 at acpi0: bus 0 (PCI0)
acpiprt1 at acpi0: bus 1 (P0P2)
acpiprt2 at acpi0: bus 5 (PEG1)
acpiprt3 at acpi0: bus 2 (RP01)
acpiprt4 at acpi0: bus 3 (RP02)
acpiprt5 at acpi0: bus 4 (RP03)
acpiprt6 at acpi0: bus -1 (RP04)
acpicpu0 at acpi0: C3, C2, C1, PSS
acpicpu1 at acpi0: C3, C2, C1, PSS
acpicpu2 at acpi0: C3, C2, C1, PSS
acpicpu3 at acpi0: C3, C2, C1, PSS
acpibat0 at acpi0: BAT0 model &quot;3545797981023400290&quot; type 3545797981528607052 oem &quot;3545797981528673619&quot;
acpiac0 at acpi0: AC unit online
acpibtn0 at acpi0: LID0
acpibtn1 at acpi0: PWRB
acpibtn2 at acpi0: SLPB
acpivideo0 at acpi0: IGPU
acpivout0 at acpivideo0: DD02
cpu0: Enhanced SpeedStep 2295 MHz: speeds: 2301, 2300, 2200, 2100, 2000, 1900, 1800, 1700, 1600, 1500, 1400, 1300, 1200, 1100, 1000, 900, 800 MHz
memory map conflict 0xe00f8000/0x1000
memory map conflict 0xfed1c000/0x4000
memory map conflict 0xffed8000/0x28000
pci0 at mainbus0 bus 0
pchb0 at pci0 dev 0 function 0 &quot;Intel Core 2G Host&quot; rev 0x09
ppb0 at pci0 dev 1 function 0 &quot;Intel Core 2G PCIE&quot; rev 0x09: msi
pci1 at ppb0 bus 1
ppb1 at pci0 dev 1 function 1 &quot;Intel Core 2G PCIE&quot; rev 0x09: msi
pci2 at ppb1 bus 5
ppb2 at pci2 dev 0 function 0 vendor &quot;Intel&quot;, unknown product 0x1513 rev 0x00
pci3 at ppb2 bus 6
ppb3 at pci3 dev 0 function 0 vendor &quot;Intel&quot;, unknown product 0x1513 rev 0x00: msi
pci4 at ppb3 bus 7
vendor &quot;Intel&quot;, unknown product 0x1513 (class system subclass miscellaneous, rev 0x00) at pci4 dev 0 function 0 not configured
ppb4 at pci3 dev 3 function 0 vendor &quot;Intel&quot;, unknown product 0x1513 rev 0x00: msi
pci5 at ppb4 bus 8
ppb5 at pci3 dev 4 function 0 vendor &quot;Intel&quot;, unknown product 0x1513 rev 0x00: msi
pci6 at ppb5 bus 9
ppb6 at pci3 dev 5 function 0 vendor &quot;Intel&quot;, unknown product 0x1513 rev 0x00: msi
pci7 at ppb6 bus 58
ppb7 at pci3 dev 6 function 0 vendor &quot;Intel&quot;, unknown product 0x1513 rev 0x00: msi
pci8 at ppb7 bus 107
vga1 at pci0 dev 2 function 0 &quot;Intel HD Graphics 3000&quot; rev 0x09
intagp0 at vga1
agp0 at intagp0: aperture at 0x90000000, size 0x10000000
inteldrm0 at vga1
drm0 at inteldrm0
inteldrm0: 1280x800
wsdisplay0 at vga1 mux 1: console (std, vt100 emulation)
wsdisplay0: screen 1-5 added (std, vt100 emulation)
&quot;Intel 6 Series MEI&quot; rev 0x04 at pci0 dev 22 function 0 not configured
uhci0 at pci0 dev 26 function 0 vendor &quot;Intel&quot;, unknown product 0x1c2c rev 0x05: apic 2 int 21
ehci0 at pci0 dev 26 function 7 &quot;Intel 6 Series USB&quot; rev 0x05: apic 2 int 23
usb0 at ehci0: USB revision 2.0
uhub0 at usb0 &quot;Intel EHCI root hub&quot; rev 2.00/1.00 addr 1
azalia0 at pci0 dev 27 function 0 &quot;Intel 6 Series HD Audio&quot; rev 0x05: msi
azalia0: codecs: Cirrus Logic CS4206, Intel/0x2805, using Cirrus Logic CS4206
audio0 at azalia0
ppb8 at pci0 dev 28 function 0 &quot;Intel 6 Series PCIE&quot; rev 0xb5: msi
pci9 at ppb8 bus 2
bge0 at pci9 dev 0 function 0 &quot;Broadcom BCM57765&quot; rev 0x10, BCM57765 B0 (0x57785100): msi, address xx:xx:xx:xx:xx:xx
brgphy0 at bge0 phy 1: BCM57765 10/100/1000baseT PHY, rev. 4
sdhc0 at pci9 dev 0 function 1 &quot;Broadcom SD Host Controller&quot; rev 0x10: apic 2 int 17
sdhc0 at 0x10: can't map registers
ppb9 at pci0 dev 28 function 1 &quot;Intel 6 Series PCIE&quot; rev 0xb5: msi
pci10 at ppb9 bus 3
vendor &quot;Broadcom&quot;, unknown product 0x4331 (class network subclass miscellaneous, rev 0x02) at pci10 dev 0 function 0 not configured
ppb10 at pci0 dev 28 function 2 &quot;Intel 6 Series PCIE&quot; rev 0xb5: msi
pci11 at ppb10 bus 4
&quot;AT&amp;T/Lucent FW643 1394&quot; rev 0x08 at pci11 dev 0 function 0 not configured
uhci1 at pci0 dev 29 function 0 vendor &quot;Intel&quot;, unknown product 0x1c27 rev 0x05: apic 2 int 19
ehci1 at pci0 dev 29 function 7 &quot;Intel 6 Series USB&quot; rev 0x05: apic 2 int 22
usb1 at ehci1: USB revision 2.0
uhub1 at usb1 &quot;Intel EHCI root hub&quot; rev 2.00/1.00 addr 1
pcib0 at pci0 dev 31 function 0 &quot;Intel HM65 LPC&quot; rev 0x05
pciide0 at pci0 dev 31 function 2 &quot;Intel 6 Series SATA&quot; rev 0x05: DMA, channel 0 configured to native-PCI, channel 1 configured to native-PCI
pciide0: using apic 2 int 19 for native-PCI interrupt
wd0 at pciide0 channel 0 drive 0: &lt;Samsung SSD 840 EVO 250GB&gt;
wd0: 1-sector PIO, LBA48, 238475MB, 488397168 sectors
wd0(pciide0:0:0): using PIO mode 4, Ultra-DMA mode 6
atapiscsi0 at pciide0 channel 1 drive 0
scsibus0 at atapiscsi0: 2 targets
pciide0:1:0: device timeout, c_bcount=0, c_skip=0, status=0x58&lt;DRDY,DSC,DRQ&gt;, ireason=0x1
pciide0:1:0: device timeout, c_bcount=0, c_skip=0, status=0x58&lt;DRDY,DSC,DRQ&gt;, ireason=0x1
pciide0:1:0: device timeout, c_bcount=0, c_skip=0, status=0x58&lt;DRDY,DSC,DRQ&gt;, ireason=0x1
pciide0:1:0: device timeout, c_bcount=0, c_skip=0, status=0x58&lt;DRDY,DSC,DRQ&gt;, ireason=0x1
pciide0:1:0: device timeout, c_bcount=0, c_skip=0, status=0x58&lt;DRDY,DSC,DRQ&gt;, ireason=0x1
pciide0:1:0: device timeout, c_bcount=0, c_skip=0, status=0x58&lt;DRDY,DSC,DRQ&gt;, ireason=0x1
pciide0:1:0: device timeout, c_bcount=36, c_skip=0, status=0x58&lt;DRDY,DSC,DRQ&gt;, ireason=0x1
pciide0:1:0: device timeout, c_bcount=36, c_skip=0, status=0x58&lt;DRDY,DSC,DRQ&gt;, ireason=0x1
pciide0:1:0: device timeout, c_bcount=36, c_skip=0, status=0x58&lt;DRDY,DSC,DRQ&gt;, ireason=0x1
pciide0:1:0: device timeout, c_bcount=36, c_skip=0, status=0x58&lt;DRDY,DSC,DRQ&gt;, ireason=0x1
pciide0:1:0: device timeout, c_bcount=36, c_skip=0, status=0x58&lt;DRDY,DSC,DRQ&gt;, ireason=0x1
atapiscsi0(pciide0:1:0): using PIO mode 4, Ultra-DMA mode 5
ichiic0 at pci0 dev 31 function 3 &quot;Intel 6 Series SMBus&quot; rev 0x05: apic 2 int 18
iic0 at ichiic0
iic0: addr 0x2c 03=fc 05=71 06=20 71=06 72=80 86=8c 90=37 91=26 92=35 93=39 94=6a 95=3c 96=6b 97=86 98=3d 99=1d 9a=9f 9f=7c a0=7f a1=b5 a2=bf a3=7b a4=28 a5=cf a6=64 a7=2d words 00=0000 01=0000 02=00fc 03=fc00 04=0071 05=7100 06=0000 07=0000
spdmem0 at iic0 addr 0x50: 8GB DDR3 SDRAM PC3-10600 SO-DIMM
spdmem1 at iic0 addr 0x52: 8GB DDR3 SDRAM PC3-10600 SO-DIMM
usb2 at uhci0: USB revision 1.0
uhub2 at usb2 &quot;Intel UHCI root hub&quot; rev 1.00/1.00 addr 1
usb3 at uhci1: USB revision 1.0
uhub3 at usb3 &quot;Intel UHCI root hub&quot; rev 1.00/1.00 addr 1
isa0 at pcib0
isadma0 at isa0
pcppi0 at isa0 port 0x61
spkr0 at pcppi0
nvram: invalid checksum
mtrr: Pentium Pro MTRR support
uhub4 at uhub0 port 1 &quot;Standard Microsystems product 0x2513&quot; rev 2.00/b.b3 addr 2
uhub5 at uhub4 port 1 &quot;Apple Inc. BRCM2070 Hub&quot; rev 2.00/1.00 addr 3
uhub5: device problem, disabling port 1
uhub5: device problem, disabling port 2
ugen0 at uhub5 port 3 &quot;Apple Inc. Bluetooth USB Host Controller&quot; rev 2.00/0.42 addr 4
uhidev0 at uhub4 port 2 configuration 1 interface 0 &quot;Apple Inc. Apple Internal Keyboard / Trackpad&quot; rev 2.00/1.08 addr 5
uhidev0: iclass 3/1, 9 report ids
ukbd0 at uhidev0 reportid 1: 8 variable keys, 6 key codes, country code 33
wskbd0 at ukbd0: console keyboard, using wsdisplay0
uhid0 at uhidev0 reportid 9: input=0, output=0, feature=3
uhidev1 at uhub4 port 2 configuration 1 interface 1 &quot;Apple Inc. Apple Internal Keyboard / Trackpad&quot; rev 2.00/1.08 addr 5
uhidev1: iclass 3/0, 68 report ids
uhid1 at uhidev1 reportid 68: input=511, output=0, feature=0
uhidev2 at uhub4 port 2 configuration 1 interface 2 &quot;Apple Inc. Apple Internal Keyboard / Trackpad&quot; rev 2.00/1.08 addr 5
uhidev2: iclass 3/1, 2 report ids
ums0 at uhidev2 reportid 2: 3 buttons
wsmouse0 at ums0 mux 0
uvideo0 at uhub0 port 2 configuration 1 interface 0 &quot;Apple Inc. FaceTime HD Camera (Built-in)&quot; rev 2.00/5.16 addr 6
video0 at uvideo0
ugen1 at uhub0 port 2 configuration 1 &quot;Apple Inc. FaceTime HD Camera (Built-in)&quot; rev 2.00/5.16 addr 6
uhub6 at uhub1 port 1 &quot;Standard Microsystems product 0x2513&quot; rev 2.00/b.b3 addr 2
uhidev3 at uhub6 port 1 configuration 1 interface 0 &quot;Apple Computer, Inc. IR Receiver&quot; rev 2.00/0.16 addr 3
uhidev3: iclass 3/0, 38 report ids
uhid2 at uhidev3 reportid 36: input=4, output=0, feature=0
uhid3 at uhidev3 reportid 37: input=4, output=0, feature=0
uhid4 at uhidev3 reportid 38: input=4, output=0, feature=0
vscsi0 at root
scsibus1 at vscsi0: 256 targets
softraid0 at root
scsibus2 at softraid0: 256 targets
root on wd0a (0a1b497206b8b4c9.a) swap on wd0b dump on wd0b
clock: unknown CMOS layout
</pre>



</div><!-- content -->
<br />
<div id="footer">
All comments/news/posts are the property of their individual owner and
is presented without warranty of suitability, and solely as an
informational resource. <br />
This site Copyright &copy; 2004-2020 NYC*BUG.
</div><!-- footer -->

</body>
</html>

