



<!doctype html>
<html lang="en">
<head>
<meta name="keywords"
	content="bsd, freebsd, openbsd, netbsd, dragonflybsd, nycbug, dmesgd" />
<meta name="description" content="New York City BSD User Group dmesgd" />
<meta charset="utf-8" />
<meta name="viewport" content="width=device-width, initial-scale=1" />
<title>NYC*BUG dmesgd</title>
<style>
body {
	text-align: left;
	margin: 15px auto;
	padding: 0px 10px;
}
@media (min-width: 800px) {
	body {
		max-width: 85%;
	}
}
#header {
	border-bottom: 1px solid #dbdbdb;
	font-size: 230%;
	text-align: left;
}
#footer {
	border-top: 1px solid #dbdbdb;
	clear: both;
	text-align: left;
}
.logo_bug {
	color: #cc0033;
}
#menu ul {
	list-style-type: none;
	margin: 0;
	padding: 0;
}
#menu li {
	float: left;
}
#menu li a {
	display: block;
	background-color: #dbdbdb;
	color: #000000;
	font-size: 105%;
	font-weight: bold;
	padding: 0px 6px 0px 6px;
	text-decoration: none;
}
#content {
	clear: both;
	text-align: left;
	padding-top: 10px;
}
#content h1 {
	font-size: 120%;
	font-weight: bold;
}
#content h2 {
	font-size: 110%;
	font-weight: bold;
}
#content a {
	text-decoration: none;
}
#content pre {
	background-color: #dbdbdb;
	padding: 5px 5px 5px 5px;
	white-space: pre-wrap;		/* css-3 */
	white-space: -moz-pre-wrap;	/* Mozilla, since 1999 */
	white-space: -pre-wrap;		/* Opera 4-6 */
	white-space: -o-pre-wrap;	/* Opera 7 */
	word-wrap: break-word;		/* Internet Explorer 5.5+ */
}
#content table {
	border-collapse: collapse;
}
#content table th {
	border: 1px solid #dbdbdb;
	font-size: 85%;
	white-space: nowrap;
}
#content table td {
	border: 1px solid #dbdbdb;
	font-size: 80%;
}
#content input {
	font-size: 1em;
}
#content .full	{ width: 100%; }
#content .left	{ text-align: left; }
#content .right	{ text-align: right; }
#content .center { text-align: center; }
#content .flexbox {
	display: -ms-flex;
	display: -webkit-flex;
	display: flex;
	width: 100%;
}
#content .left_col {
	min-width: 75px;
	max-width: 50%;
	flex-grow: 0;
}
#content .right_col {
	flex-grow: 1;
	margin-left: 10px;
	padding-top: 10px;
	padding-left: 10px;
}
#col {
	-moz-column-count: 3;
	-webkit-column-count: 3;
	column-count: 3;
}
</style>
</head>
<body>

<div id="header">
<strong><em>NYC*</em><span class="logo_bug">BUG</span> dmesgd</strong>
</div><!-- header -->

<div id="menu">
<ul>
<li><a href="https://dmesgd.nycbug.org/index.cgi?do=index">Home</a></li>
<li><a href="https://dmesgd.nycbug.org/index.cgi?do=submit">Submit</a></li>
<li><a href="https://www.nycbug.org/">NYC*BUG</a></li>
</ul>
</div><!-- menu -->

<div id="content">

<p>
Launched in 2004, dmesgd aims to provide a
<strong>user-submitted</strong> repository of searchable *BSD dmesgs.
The dmesg(8) command displays the system message buffer's content, and
during boot a copy is saved to <em>/var/run/dmesg.boot</em>.  This buffer
contains the operating system release, name and version, a list of
devices identified, plus a whole host of other useful information.  We
hope others find this resource useful and further contribute to its
growth. Contact us at [ admin at lists dot nycbug dot org ].
</p>

<hr />


<strong>Date:</strong> <em>2014-04-20 15:18:01</em><br />
<strong>From:</strong> <em>mytec</em><br />
<strong>Description:</strong> <em>MacBook Pro 9,1</em><br />

<pre>
OpenBSD 5.4 (RAMDISK_CD) #34: Tue Jul 30 15:35:37 MDT 2013
    xxx@xxx.xxx:/usr/src/sys/arch/amd64/compile/RAMDISK_CD
RTC BIOS diagnostic error 7f&lt;ROM_cksum,config_unit,memory_size,fixed_disk,invalid_time&gt;
real mem = 4214304768 (4019MB)
avail mem = 4097208320 (3907MB)
mainbus0 at root
bios0 at mainbus0: SMBIOS rev. 2.4 @ 0xe1010 (83 entries)
bios0: vendor Apple Inc. version &quot;MBP91.88Z.00D3.B08.1208081132&quot; date 08/08/2012
bios0: Apple Inc. MacBookPro9,1
acpi0 at bios0: rev 2
acpi0: sleep states S0 S3 S4 S5
acpi0: tables DSDT FACP HPET APIC SBST ECDT SSDT SSDT SSDT SSDT SSDT SSDT SSDT SSDT SSDT SSDT SSDT DMAR MCFG
acpimadt0 at acpi0 addr 0xfee00000: PC-AT compat
cpu0 at mainbus0: apid 0 (boot processor)
cpu0: Intel(R) Core(TM) i7-3615QM CPU @ 2.30GHz, 2295.16 MHz
cpu0: FPU,VME,DE,PSE,TSC,MSR,PAE,MCE,CX8,APIC,SEP,MTRR,PGE,MCA,CMOV,PAT,PSE36,CFLUSH,DS,ACPI,MMX,FXSR,SSE,SSE2,SS,HTT,TM,PBE,SSE3,PCLMUL,DTES64,MWAIT,DS-CPL,VMX,EST,TM2,SSSE3,CX16,xTPR,PDCM,PCID,SSE4.1,SSE4.2,x2APIC,POPCNT,DEADLINE,AES,XSAVE,AVX,F16C,RDRAND,NXE,LONG,LAHF,PERF,ITSC,FSGSBASE,SMEP,ERMS
cpu0: 256KB 64b/line 8-way L2 cache
cpu0: apic clock running at 99MHz
cpu at mainbus0: not configured
cpu at mainbus0: not configured
cpu at mainbus0: not configured
cpu at mainbus0: not configured
cpu at mainbus0: not configured
cpu at mainbus0: not configured
cpu at mainbus0: not configured
ioapic0 at mainbus0: apid 2 pa 0xfec00000, version 20, 24 pins
ioapic0: misconfigured as apic 0, remapped to apid 2
acpiprt0 at acpi0: bus 0 (PCI0)
acpiprt1 at acpi0: bus 1 (P0P2)
acpiprt2 at acpi0: bus 5 (PEG1)
acpiprt3 at acpi0: bus 2 (RP01)
acpiprt4 at acpi0: bus 3 (RP02)
acpiprt5 at acpi0: bus 4 (RP03)
memory map conflict 0xe00f8000/0x1000
memory map conflict 0xfed1c000/0x4000
memory map conflict 0xffe70000/0x30000
pci0 at mainbus0 bus 0
pchb0 at pci0 dev 0 function 0 &quot;Intel Core 3G Host&quot; rev 0x09
ppb0 at pci0 dev 1 function 0 &quot;Intel Xeon E3-1200v2 PCIE&quot; rev 0x09: msi
pci1 at ppb0 bus 1
vga1 at pci1 dev 0 function 0 vendor &quot;NVIDIA&quot;, unknown product 0x0fd5 rev 0xa1
wsdisplay0 at vga1 mux 1: console (80x25, vt100 emulation)
vendor &quot;NVIDIA&quot;, unknown product 0x0e1b (class multimedia subclass hdaudio, rev 0xa1) at pci1 dev 0 function 1 not configured
ppb1 at pci0 dev 1 function 1 vendor &quot;Intel&quot;, unknown product 0x0155 rev 0x09: msi
pci2 at ppb1 bus 5
ppb2 at pci2 dev 0 function 0 vendor &quot;Intel&quot;, unknown product 0x1513 rev 0x00
pci3 at ppb2 bus 6
ppb3 at pci3 dev 0 function 0 vendor &quot;Intel&quot;, unknown product 0x1513 rev 0x00: msi
pci4 at ppb3 bus 7
vendor &quot;Intel&quot;, unknown product 0x1513 (class system subclass miscellaneous, rev 0x00) at pci4 dev 0 function 0 not configured
ppb4 at pci3 dev 3 function 0 vendor &quot;Intel&quot;, unknown product 0x1513 rev 0x00: msi
pci5 at ppb4 bus 8
ppb5 at pci3 dev 4 function 0 vendor &quot;Intel&quot;, unknown product 0x1513 rev 0x00: msi
pci6 at ppb5 bus 9
ppb6 at pci3 dev 5 function 0 vendor &quot;Intel&quot;, unknown product 0x1513 rev 0x00: msi
pci7 at ppb6 bus 58
ppb7 at pci3 dev 6 function 0 vendor &quot;Intel&quot;, unknown product 0x1513 rev 0x00: msi
pci8 at ppb7 bus 107
&quot;Intel 7 Series xHCI&quot; rev 0x04 at pci0 dev 20 function 0 not configured
&quot;Intel 7 Series MEI&quot; rev 0x04 at pci0 dev 22 function 0 not configured
ehci0 at pci0 dev 26 function 0 &quot;Intel 7 Series USB&quot; rev 0x04: apic 2 int 23
usb0 at ehci0: USB revision 2.0
uhub0 at usb0 &quot;Intel EHCI root hub&quot; rev 2.00/1.00 addr 1
&quot;Intel 7 Series HD Audio&quot; rev 0x04 at pci0 dev 27 function 0 not configured
ppb8 at pci0 dev 28 function 0 &quot;Intel 7 Series PCIE&quot; rev 0xc4: msi
pci9 at ppb8 bus 2
bge0 at pci9 dev 0 function 0 &quot;Broadcom BCM57765&quot; rev 0x10, BCM57765 B0 (0x57785100): msi, address xx:xx:xx:xx:xx:xx
brgphy0 at bge0 phy 1: BCM57765 10/100/1000baseT PHY, rev. 4
&quot;Broadcom SD Host Controller&quot; rev 0x10 at pci9 dev 0 function 1 not configured
ppb9 at pci0 dev 28 function 1 &quot;Intel 7 Series PCIE&quot; rev 0xc4: msi
pci10 at ppb9 bus 3
vendor &quot;Broadcom&quot;, unknown product 0x4331 (class network subclass miscellaneous, rev 0x02) at pci10 dev 0 function 0 not configured
ppb10 at pci0 dev 28 function 2 &quot;Intel 7 Series PCIE&quot; rev 0xc4: msi
pci11 at ppb10 bus 4
&quot;AT&amp;T/Lucent FW643 1394&quot; rev 0x08 at pci11 dev 0 function 0 not configured
ehci1 at pci0 dev 29 function 0 &quot;Intel 7 Series USB&quot; rev 0x04: apic 2 int 22
usb1 at ehci1: USB revision 2.0
uhub1 at usb1 &quot;Intel EHCI root hub&quot; rev 2.00/1.00 addr 1
&quot;Intel HM77 LPC&quot; rev 0x04 at pci0 dev 31 function 0 not configured
ahci0 at pci0 dev 31 function 2 &quot;Intel 7 Series AHCI&quot; rev 0x04: msi, AHCI 1.3
scsibus0 at ahci0: 32 targets
sd0 at scsibus0 targ 0 lun 0: &lt;ATA, APPLE HDD ST500L, 2AR3&gt; SCSI3 0/direct fixed naa.50000f00609b2250
sd0: 476940MB, 512 bytes/sector, 976773168 sectors
cd0 at scsibus0 targ 1 lun 0: &lt;MATSHITA, DVD-R UJ-8A8, HB14&gt; ATAPI 5/cdrom removable
&quot;Intel 7 Series SMBus&quot; rev 0x04 at pci0 dev 31 function 3 not configured
isa0 at mainbus0
com0 at isa0 port 0x3f8/8 irq 4: ns8250, no fifo
uhub2 at uhub0 port 1 &quot;vendor 0x8087 product 0x0024&quot; rev 2.00/0.00 addr 2
&quot;Apple Inc. FaceTime HD Camera (Built-in)&quot; rev 2.00/5.16 addr 3 at uhub2 port 1 not configured
uhub3 at uhub1 port 1 &quot;vendor 0x8087 product 0x0024&quot; rev 2.00/0.00 addr 2
uhub4 at uhub3 port 8 &quot;vendor 0x0424 product 0x2513&quot; rev 2.00/b.b3 addr 3
uhub5 at uhub4 port 1 &quot;Apple Inc. BRCM20702 Hub&quot; rev 2.00/1.00 addr 4
uhidev0 at uhub5 port 1 configuration 1 interface 0 &quot;vendor 0x05ac product 0x820a&quot; rev 2.00/1.00 addr 5
uhidev0: iclass 3/1, 1 report id
ukbd0 at uhidev0 reportid 1
wskbd0 at ukbd0: console keyboard, using wsdisplay0
uhidev1 at uhub5 port 2 configuration 1 interface 0 &quot;vendor 0x05ac product 0x820b&quot; rev 2.00/1.00 addr 6
uhidev1: iclass 3/1, 2 report ids
uhid at uhidev1 reportid 2 not configured
&quot;Apple Inc. Bluetooth USB Host Controller&quot; rev 2.00/1.31 addr 7 at uhub5 port 3 not configured
uhidev2 at uhub4 port 2 configuration 1 interface 0 &quot;Apple Computer, Inc. IR Receiver&quot; rev 2.00/0.16 addr 8
uhidev2: iclass 3/0, 38 report ids
uhid at uhidev2 reportid 36 not configured
uhid at uhidev2 reportid 37 not configured
uhid at uhidev2 reportid 38 not configured
uhidev3 at uhub4 port 3 configuration 1 interface 0 &quot;Apple Inc. Apple Internal Keyboard / Trackpad&quot; rev 2.00/2.19 addr 9
uhidev3: iclass 3/1, 9 report ids
ukbd1 at uhidev3 reportid 1
wskbd1 at ukbd1 mux 1
wskbd1: connecting to wsdisplay0
uhid at uhidev3 reportid 9 not configured
uhidev4 at uhub4 port 3 configuration 1 interface 1 &quot;Apple Inc. Apple Internal Keyboard / Trackpad&quot; rev 2.00/2.19 addr 9
uhidev4: iclass 3/0, 68 report ids
uhid at uhidev4 reportid 68 not configured
uhidev5 at uhub4 port 3 configuration 1 interface 2 &quot;Apple Inc. Apple Internal Keyboard / Trackpad&quot; rev 2.00/2.19 addr 9
uhidev5: iclass 3/1, 2 report ids
uhid at uhidev5 reportid 2 not configured
softraid0 at root
scsibus1 at softraid0: 256 targets
root on rd0a swap on rd0b dump on rd0b
syncing disks... done
rebooting...
OpenBSD 5.4 (GENERIC.MP) #41: Tue Jul 30 15:30:02 MDT 2013
    xxx@xxx.xxx:/usr/src/sys/arch/amd64/compile/GENERIC.MP
RTC BIOS diagnostic error 7f&lt;ROM_cksum,config_unit,memory_size,fixed_disk,invalid_time&gt;
real mem = 4214304768 (4019MB)
avail mem = 4094390272 (3904MB)
mainbus0 at root
bios0 at mainbus0: SMBIOS rev. 2.4 @ 0xe1010 (83 entries)
bios0: vendor Apple Inc. version &quot;MBP91.88Z.00D3.B08.1208081132&quot; date 08/08/2012
bios0: Apple Inc. MacBookPro9,1
acpi0 at bios0: rev 2
acpi0: sleep states S0 S3 S4 S5
acpi0: tables DSDT FACP HPET APIC SBST ECDT SSDT SSDT SSDT SSDT SSDT SSDT SSDT SSDT SSDT SSDT SSDT DMAR MCFG
acpi0: wakeup devices P0P2(S3) GFX0(S3) PEG1(S3) EC__(S4) GMUX(S3) HDEF(S3) RP01(S3) GIGE(S3) SDXC(S3) RP02(S3) ARPT(S3) RP03(S3) EHC1(S3) EHC2(S3) XHC1(S3) ADP1(S4) [...]
acpitimer0 at acpi0: 3579545 Hz, 24 bits
acpihpet0 at acpi0: 14318179 Hz
acpimadt0 at acpi0 addr 0xfee00000: PC-AT compat
cpu0 at mainbus0: apid 0 (boot processor)
cpu0: Intel(R) Core(TM) i7-3615QM CPU @ 2.30GHz, 2295.12 MHz
cpu0: FPU,VME,DE,PSE,TSC,MSR,PAE,MCE,CX8,APIC,SEP,MTRR,PGE,MCA,CMOV,PAT,PSE36,CFLUSH,DS,ACPI,MMX,FXSR,SSE,SSE2,SS,HTT,TM,PBE,SSE3,PCLMUL,DTES64,MWAIT,DS-CPL,VMX,EST,TM2,SSSE3,CX16,xTPR,PDCM,PCID,SSE4.1,SSE4.2,x2APIC,POPCNT,DEADLINE,AES,XSAVE,AVX,F16C,RDRAND,NXE,LONG,LAHF,PERF,ITSC,FSGSBASE,SMEP,ERMS
cpu0: 256KB 64b/line 8-way L2 cache
cpu0: smt 0, core 0, package 0
cpu0: apic clock running at 99MHz
cpu1 at mainbus0: apid 2 (application processor)
cpu1: Intel(R) Core(TM) i7-3615QM CPU @ 2.30GHz, 2294.80 MHz
cpu1: FPU,VME,DE,PSE,TSC,MSR,PAE,MCE,CX8,APIC,SEP,MTRR,PGE,MCA,CMOV,PAT,PSE36,CFLUSH,DS,ACPI,MMX,FXSR,SSE,SSE2,SS,HTT,TM,PBE,SSE3,PCLMUL,DTES64,MWAIT,DS-CPL,VMX,EST,TM2,SSSE3,CX16,xTPR,PDCM,PCID,SSE4.1,SSE4.2,x2APIC,POPCNT,DEADLINE,AES,XSAVE,AVX,F16C,RDRAND,NXE,LONG,LAHF,PERF,ITSC,FSGSBASE,SMEP,ERMS
cpu1: 256KB 64b/line 8-way L2 cache
cpu1: smt 0, core 1, package 0
cpu2 at mainbus0: apid 4 (application processor)
cpu2: Intel(R) Core(TM) i7-3615QM CPU @ 2.30GHz, 2294.80 MHz
cpu2: FPU,VME,DE,PSE,TSC,MSR,PAE,MCE,CX8,APIC,SEP,MTRR,PGE,MCA,CMOV,PAT,PSE36,CFLUSH,DS,ACPI,MMX,FXSR,SSE,SSE2,SS,HTT,TM,PBE,SSE3,PCLMUL,DTES64,MWAIT,DS-CPL,VMX,EST,TM2,SSSE3,CX16,xTPR,PDCM,PCID,SSE4.1,SSE4.2,x2APIC,POPCNT,DEADLINE,AES,XSAVE,AVX,F16C,RDRAND,NXE,LONG,LAHF,PERF,ITSC,FSGSBASE,SMEP,ERMS
cpu2: 256KB 64b/line 8-way L2 cache
cpu2: smt 0, core 2, package 0
cpu3 at mainbus0: apid 6 (application processor)
cpu3: Intel(R) Core(TM) i7-3615QM CPU @ 2.30GHz, 2294.80 MHz
cpu3: FPU,VME,DE,PSE,TSC,MSR,PAE,MCE,CX8,APIC,SEP,MTRR,PGE,MCA,CMOV,PAT,PSE36,CFLUSH,DS,ACPI,MMX,FXSR,SSE,SSE2,SS,HTT,TM,PBE,SSE3,PCLMUL,DTES64,MWAIT,DS-CPL,VMX,EST,TM2,SSSE3,CX16,xTPR,PDCM,PCID,SSE4.1,SSE4.2,x2APIC,POPCNT,DEADLINE,AES,XSAVE,AVX,F16C,RDRAND,NXE,LONG,LAHF,PERF,ITSC,FSGSBASE,SMEP,ERMS
cpu3: 256KB 64b/line 8-way L2 cache
cpu3: smt 0, core 3, package 0
cpu4 at mainbus0: apid 1 (application processor)
cpu4: Intel(R) Core(TM) i7-3615QM CPU @ 2.30GHz, 2294.80 MHz
cpu4: FPU,VME,DE,PSE,TSC,MSR,PAE,MCE,CX8,APIC,SEP,MTRR,PGE,MCA,CMOV,PAT,PSE36,CFLUSH,DS,ACPI,MMX,FXSR,SSE,SSE2,SS,HTT,TM,PBE,SSE3,PCLMUL,DTES64,MWAIT,DS-CPL,VMX,EST,TM2,SSSE3,CX16,xTPR,PDCM,PCID,SSE4.1,SSE4.2,x2APIC,POPCNT,DEADLINE,AES,XSAVE,AVX,F16C,RDRAND,NXE,LONG,LAHF,PERF,ITSC,FSGSBASE,SMEP,ERMS
cpu4: 256KB 64b/line 8-way L2 cache
cpu4: smt 1, core 0, package 0
cpu5 at mainbus0: apid 3 (application processor)
cpu5: Intel(R) Core(TM) i7-3615QM CPU @ 2.30GHz, 2294.80 MHz
cpu5: FPU,VME,DE,PSE,TSC,MSR,PAE,MCE,CX8,APIC,SEP,MTRR,PGE,MCA,CMOV,PAT,PSE36,CFLUSH,DS,ACPI,MMX,FXSR,SSE,SSE2,SS,HTT,TM,PBE,SSE3,PCLMUL,DTES64,MWAIT,DS-CPL,VMX,EST,TM2,SSSE3,CX16,xTPR,PDCM,PCID,SSE4.1,SSE4.2,x2APIC,POPCNT,DEADLINE,AES,XSAVE,AVX,F16C,RDRAND,NXE,LONG,LAHF,PERF,ITSC,FSGSBASE,SMEP,ERMS
cpu5: 256KB 64b/line 8-way L2 cache
cpu5: smt 1, core 1, package 0
cpu6 at mainbus0: apid 5 (application processor)
cpu6: Intel(R) Core(TM) i7-3615QM CPU @ 2.30GHz, 2294.80 MHz
cpu6: FPU,VME,DE,PSE,TSC,MSR,PAE,MCE,CX8,APIC,SEP,MTRR,PGE,MCA,CMOV,PAT,PSE36,CFLUSH,DS,ACPI,MMX,FXSR,SSE,SSE2,SS,HTT,TM,PBE,SSE3,PCLMUL,DTES64,MWAIT,DS-CPL,VMX,EST,TM2,SSSE3,CX16,xTPR,PDCM,PCID,SSE4.1,SSE4.2,x2APIC,POPCNT,DEADLINE,AES,XSAVE,AVX,F16C,RDRAND,NXE,LONG,LAHF,PERF,ITSC,FSGSBASE,SMEP,ERMS
cpu6: 256KB 64b/line 8-way L2 cache
cpu6: smt 1, core 2, package 0
cpu7 at mainbus0: apid 7 (application processor)
cpu7: Intel(R) Core(TM) i7-3615QM CPU @ 2.30GHz, 2294.80 MHz
cpu7: FPU,VME,DE,PSE,TSC,MSR,PAE,MCE,CX8,APIC,SEP,MTRR,PGE,MCA,CMOV,PAT,PSE36,CFLUSH,DS,ACPI,MMX,FXSR,SSE,SSE2,SS,HTT,TM,PBE,SSE3,PCLMUL,DTES64,MWAIT,DS-CPL,VMX,EST,TM2,SSSE3,CX16,xTPR,PDCM,PCID,SSE4.1,SSE4.2,x2APIC,POPCNT,DEADLINE,AES,XSAVE,AVX,F16C,RDRAND,NXE,LONG,LAHF,PERF,ITSC,FSGSBASE,SMEP,ERMS
cpu7: 256KB 64b/line 8-way L2 cache
cpu7: smt 1, core 3, package 0
ioapic0 at mainbus0: apid 2 pa 0xfec00000, version 20, 24 pins
ioapic0: misconfigured as apic 0, remapped to apid 2
acpiec0 at acpi0
acpimcfg0 at acpi0 addr 0xe0000000, bus 0-155
acpiprt0 at acpi0: bus 0 (PCI0)
acpiprt1 at acpi0: bus 1 (P0P2)
acpiprt2 at acpi0: bus 5 (PEG1)
acpiprt3 at acpi0: bus 2 (RP01)
acpiprt4 at acpi0: bus 3 (RP02)
acpiprt5 at acpi0: bus 4 (RP03)
acpicpu0 at acpi0: C3, C1, PSS
acpicpu1 at acpi0: C3, C1, PSS
acpicpu2 at acpi0: C3, C1, PSS
acpicpu3 at acpi0: C3, C1, PSS
acpicpu4 at acpi0: C3, C1, PSS
acpicpu5 at acpi0: C3, C1, PSS
acpicpu6 at acpi0: C3, C1, PSS
acpicpu7 at acpi0: C3, C1, PSS
acpibat0 at acpi0: BAT0 model &quot;3545797981023400290&quot; type 3545797981528607052 oem &quot;3545797981528673619&quot;
acpiac0 at acpi0: AC unit online
acpibtn0 at acpi0: LID0
acpibtn1 at acpi0: PWRB
acpibtn2 at acpi0: SLPB
acpivideo0 at acpi0: IGPU
acpivout0 at acpivideo0: DD02
cpu0: Enhanced SpeedStep 2295 MHz: speeds: 2301, 2300, 2200, 2100, 2000, 1900, 1800, 1700, 1600, 1500, 1400, 1300, 1200 MHz
memory map conflict 0xe00f8000/0x1000
memory map conflict 0xfed1c000/0x4000
memory map conflict 0xffe70000/0x30000
pci0 at mainbus0 bus 0
pchb0 at pci0 dev 0 function 0 &quot;Intel Core 3G Host&quot; rev 0x09
ppb0 at pci0 dev 1 function 0 &quot;Intel Xeon E3-1200v2 PCIE&quot; rev 0x09: msi
pci1 at ppb0 bus 1
vga1 at pci1 dev 0 function 0 vendor &quot;NVIDIA&quot;, unknown product 0x0fd5 rev 0xa1
wsdisplay0 at vga1 mux 1: console (80x25, vt100 emulation)
wsdisplay0: screen 1-5 added (80x25, vt100 emulation)
azalia0 at pci1 dev 0 function 1 vendor &quot;NVIDIA&quot;, unknown product 0x0e1b rev 0xa1: msi
azalia0: no supported codecs
ppb1 at pci0 dev 1 function 1 vendor &quot;Intel&quot;, unknown product 0x0155 rev 0x09: msi
pci2 at ppb1 bus 5
ppb2 at pci2 dev 0 function 0 vendor &quot;Intel&quot;, unknown product 0x1513 rev 0x00
pci3 at ppb2 bus 6
ppb3 at pci3 dev 0 function 0 vendor &quot;Intel&quot;, unknown product 0x1513 rev 0x00: msi
pci4 at ppb3 bus 7
vendor &quot;Intel&quot;, unknown product 0x1513 (class system subclass miscellaneous, rev 0x00) at pci4 dev 0 function 0 not configured
ppb4 at pci3 dev 3 function 0 vendor &quot;Intel&quot;, unknown product 0x1513 rev 0x00: msi
pci5 at ppb4 bus 8
ppb5 at pci3 dev 4 function 0 vendor &quot;Intel&quot;, unknown product 0x1513 rev 0x00: msi
pci6 at ppb5 bus 9
ppb6 at pci3 dev 5 function 0 vendor &quot;Intel&quot;, unknown product 0x1513 rev 0x00: msi
pci7 at ppb6 bus 58
ppb7 at pci3 dev 6 function 0 vendor &quot;Intel&quot;, unknown product 0x1513 rev 0x00: msi
pci8 at ppb7 bus 107
&quot;Intel 7 Series xHCI&quot; rev 0x04 at pci0 dev 20 function 0 not configured
&quot;Intel 7 Series MEI&quot; rev 0x04 at pci0 dev 22 function 0 not configured
ehci0 at pci0 dev 26 function 0 &quot;Intel 7 Series USB&quot; rev 0x04: apic 2 int 23
usb0 at ehci0: USB revision 2.0
uhub0 at usb0 &quot;Intel EHCI root hub&quot; rev 2.00/1.00 addr 1
azalia1 at pci0 dev 27 function 0 &quot;Intel 7 Series HD Audio&quot; rev 0x04: msi
azalia1: codecs: Cirrus Logic CS4206
audio0 at azalia1
ppb8 at pci0 dev 28 function 0 &quot;Intel 7 Series PCIE&quot; rev 0xc4: msi
pci9 at ppb8 bus 2
bge0 at pci9 dev 0 function 0 &quot;Broadcom BCM57765&quot; rev 0x10, BCM57765 B0 (0x57785100): msi, address xx:xx:xx:xx:xx:xx
brgphy0 at bge0 phy 1: BCM57765 10/100/1000baseT PHY, rev. 4
sdhc0 at pci9 dev 0 function 1 &quot;Broadcom SD Host Controller&quot; rev 0x10: apic 2 int 17
sdhc0 at 0x10: can't map registers
ppb9 at pci0 dev 28 function 1 &quot;Intel 7 Series PCIE&quot; rev 0xc4: msi
pci10 at ppb9 bus 3
vendor &quot;Broadcom&quot;, unknown product 0x4331 (class network subclass miscellaneous, rev 0x02) at pci10 dev 0 function 0 not configured
ppb10 at pci0 dev 28 function 2 &quot;Intel 7 Series PCIE&quot; rev 0xc4: msi
pci11 at ppb10 bus 4
&quot;AT&amp;T/Lucent FW643 1394&quot; rev 0x08 at pci11 dev 0 function 0 not configured
ehci1 at pci0 dev 29 function 0 &quot;Intel 7 Series USB&quot; rev 0x04: apic 2 int 22
usb1 at ehci1: USB revision 2.0
uhub1 at usb1 &quot;Intel EHCI root hub&quot; rev 2.00/1.00 addr 1
pcib0 at pci0 dev 31 function 0 &quot;Intel HM77 LPC&quot; rev 0x04
ahci0 at pci0 dev 31 function 2 &quot;Intel 7 Series AHCI&quot; rev 0x04: msi, AHCI 1.3
scsibus0 at ahci0: 32 targets
sd0 at scsibus0 targ 0 lun 0: &lt;ATA, APPLE HDD ST500L, 2AR3&gt; SCSI3 0/direct fixed naa.50000f00609b2250
sd0: 476940MB, 512 bytes/sector, 976773168 sectors
cd0 at scsibus0 targ 1 lun 0: &lt;MATSHITA, DVD-R UJ-8A8, HB14&gt; ATAPI 5/cdrom removable
ichiic0 at pci0 dev 31 function 3 &quot;Intel 7 Series SMBus&quot; rev 0x04: apic 2 int 18
iic0 at ichiic0
iic0: addr 0x2c 03=fc 05=6e 06=a0 71=06 72=80 86=a3 90=37 91=23 92=35 93=3b 94=62 95=3c 96=6a 97=86 98=3f 99=1f 9a=82 9f=7c a0=7f a1=b5 a2=bf a3=7b a4=28 a5=cf a6=64 a7=2d words 00=0000 01=0000 02=00fc 03=fc00 04=006e 05=6ea0 06=a000 07=0000
spdmem0 at iic0 addr 0x50: 2GB DDR3 SDRAM PC3-12800 SO-DIMM
spdmem1 at iic0 addr 0x52: 2GB DDR3 SDRAM PC3-12800 SO-DIMM
isa0 at pcib0
isadma0 at isa0
com0 at isa0 port 0x3f8/8 irq 4: ns8250, no fifo
pcppi0 at isa0 port 0x61
spkr0 at pcppi0
nvram: invalid checksum
mtrr: Pentium Pro MTRR support
uhub2 at uhub0 port 1 &quot;Intel Rate Matching Hub&quot; rev 2.00/0.00 addr 2
uvideo0 at uhub2 port 1 configuration 1 interface 0 &quot;Apple Inc. FaceTime HD Camera (Built-in)&quot; rev 2.00/5.16 addr 3
video0 at uvideo0
ugen0 at uhub2 port 1 configuration 1 &quot;Apple Inc. FaceTime HD Camera (Built-in)&quot; rev 2.00/5.16 addr 3
uhub3 at uhub1 port 1 &quot;Intel Rate Matching Hub&quot; rev 2.00/0.00 addr 2
uhub4 at uhub3 port 8 &quot;Standard Microsystems product 0x2513&quot; rev 2.00/b.b3 addr 3
uhub5 at uhub4 port 1 &quot;Apple Inc. BRCM20702 Hub&quot; rev 2.00/1.00 addr 4
uhidev0 at uhub5 port 1 configuration 1 interface 0 &quot;Apple Computer product 0x820a&quot; rev 2.00/1.00 addr 5
uhidev0: iclass 3/1, 1 report id
ukbd0 at uhidev0 reportid 1: 8 variable keys, 6 key codes
wskbd0 at ukbd0: console keyboard, using wsdisplay0
uhidev1 at uhub5 port 2 configuration 1 interface 0 &quot;Apple Computer product 0x820b&quot; rev 2.00/1.00 addr 6
uhidev1: iclass 3/1, 2 report ids
ums0 at uhidev1 reportid 2: 3 buttons
wsmouse0 at ums0 mux 0
ugen1 at uhub5 port 3 &quot;Apple Inc. Bluetooth USB Host Controller&quot; rev 2.00/1.31 addr 7
uhidev2 at uhub4 port 2 configuration 1 interface 0 &quot;Apple Computer, Inc. IR Receiver&quot; rev 2.00/0.16 addr 8
uhidev2: iclass 3/0, 38 report ids
uhid0 at uhidev2 reportid 36: input=4, output=0, feature=0
uhid1 at uhidev2 reportid 37: input=4, output=0, feature=0
uhid2 at uhidev2 reportid 38: input=4, output=0, feature=0
uhidev3 at uhub4 port 3 configuration 1 interface 0 &quot;Apple Inc. Apple Internal Keyboard / Trackpad&quot; rev 2.00/2.19 addr 9
uhidev3: iclass 3/1, 9 report ids
ukbd1 at uhidev3 reportid 1: 8 variable keys, 6 key codes, country code 33
wskbd1 at ukbd1 mux 1
wskbd1: connecting to wsdisplay0
uhid3 at uhidev3 reportid 9: input=0, output=0, feature=3
uhidev4 at uhub4 port 3 configuration 1 interface 1 &quot;Apple Inc. Apple Internal Keyboard / Trackpad&quot; rev 2.00/2.19 addr 9
uhidev4: iclass 3/0, 68 report ids
uhid4 at uhidev4 reportid 68: input=511, output=0, feature=0
uhidev5 at uhub4 port 3 configuration 1 interface 2 &quot;Apple Inc. Apple Internal Keyboard / Trackpad&quot; rev 2.00/2.19 addr 9
uhidev5: iclass 3/1, 2 report ids
ums1 at uhidev5 reportid 2: 3 buttons
wsmouse1 at ums1 mux 0
vscsi0 at root
scsibus1 at vscsi0: 256 targets
softraid0 at root
scsibus2 at softraid0: 256 targets
root on sd0a (62571336434424e5.a) swap on sd0b dump on sd0b
clock: unknown CMOS layout

</pre>



</div><!-- content -->
<br />
<div id="footer">
All comments/news/posts are the property of their individual owner and
is presented without warranty of suitability, and solely as an
informational resource. <br />
This site Copyright &copy; 2004-2020 NYC*BUG.
</div><!-- footer -->

</body>
</html>

