



<!doctype html>
<html lang="en">
<head>
<meta name="keywords"
	content="bsd, freebsd, openbsd, netbsd, dragonflybsd, nycbug, dmesgd" />
<meta name="description" content="New York City BSD User Group dmesgd" />
<meta charset="utf-8" />
<meta name="viewport" content="width=device-width, initial-scale=1" />
<title>NYC*BUG dmesgd</title>
<style>
body {
	text-align: left;
	margin: 15px auto;
	padding: 0px 10px;
}
@media (min-width: 800px) {
	body {
		max-width: 85%;
	}
}
#header {
	border-bottom: 1px solid #dbdbdb;
	font-size: 230%;
	text-align: left;
}
#footer {
	border-top: 1px solid #dbdbdb;
	clear: both;
	text-align: left;
}
.logo_bug {
	color: #cc0033;
}
#menu ul {
	list-style-type: none;
	margin: 0;
	padding: 0;
}
#menu li {
	float: left;
}
#menu li a {
	display: block;
	background-color: #dbdbdb;
	color: #000000;
	font-size: 105%;
	font-weight: bold;
	padding: 0px 6px 0px 6px;
	text-decoration: none;
}
#content {
	clear: both;
	text-align: left;
	padding-top: 10px;
}
#content h1 {
	font-size: 120%;
	font-weight: bold;
}
#content h2 {
	font-size: 110%;
	font-weight: bold;
}
#content a {
	text-decoration: none;
}
#content pre {
	background-color: #dbdbdb;
	padding: 5px 5px 5px 5px;
	white-space: pre-wrap;		/* css-3 */
	white-space: -moz-pre-wrap;	/* Mozilla, since 1999 */
	white-space: -pre-wrap;		/* Opera 4-6 */
	white-space: -o-pre-wrap;	/* Opera 7 */
	word-wrap: break-word;		/* Internet Explorer 5.5+ */
}
#content table {
	border-collapse: collapse;
}
#content table th {
	border: 1px solid #dbdbdb;
	font-size: 85%;
	white-space: nowrap;
}
#content table td {
	border: 1px solid #dbdbdb;
	font-size: 80%;
}
#content input {
	font-size: 1em;
}
#content .full	{ width: 100%; }
#content .left	{ text-align: left; }
#content .right	{ text-align: right; }
#content .center { text-align: center; }
#content .flexbox {
	display: -ms-flex;
	display: -webkit-flex;
	display: flex;
	width: 100%;
}
#content .left_col {
	min-width: 75px;
	max-width: 50%;
	flex-grow: 0;
}
#content .right_col {
	flex-grow: 1;
	margin-left: 10px;
	padding-top: 10px;
	padding-left: 10px;
}
#col {
	-moz-column-count: 3;
	-webkit-column-count: 3;
	column-count: 3;
}
</style>
</head>
<body>

<div id="header">
<strong><em>NYC*</em><span class="logo_bug">BUG</span> dmesgd</strong>
</div><!-- header -->

<div id="menu">
<ul>
<li><a href="https://dmesgd.nycbug.org/index.cgi?do=index">Home</a></li>
<li><a href="https://dmesgd.nycbug.org/index.cgi?do=submit">Submit</a></li>
<li><a href="https://www.nycbug.org/">NYC*BUG</a></li>
</ul>
</div><!-- menu -->

<div id="content">

<p>
Launched in 2004, dmesgd aims to provide a
<strong>user-submitted</strong> repository of searchable *BSD dmesgs.
The dmesg(8) command displays the system message buffer's content, and
during boot a copy is saved to <em>/var/run/dmesg.boot</em>.  This buffer
contains the operating system release, name and version, a list of
devices identified, plus a whole host of other useful information.  We
hope others find this resource useful and further contribute to its
growth. Contact us at [ admin at lists dot nycbug dot org ].
</p>

<hr />


<strong>Date:</strong> <em>2014-05-20 11:56:25</em><br />
<strong>From:</strong> <em>Fred</em><br />
<strong>Description:</strong> <em>Lenovo IdeaPad S10-3  OpenBSD 5.5</em><br />

<pre>
OpenBSD 5.5 (GENERIC.MP) #262: Wed Mar  5 10:06:29 MST 2014
    xxx@xxx.xxx:/usr/src/sys/arch/i386/compile/GENERIC.MP
cpu0: Intel(R) Atom(TM) CPU N450 @ 1.66GHz (&quot;GenuineIntel&quot; 686-class) 1.67 GHz
cpu0: FPU,V86,DE,PSE,TSC,MSR,PAE,MCE,CX8,APIC,SEP,MTRR,PGE,MCA,CMOV,PAT,CFLUSH,DS,ACPI,MMX,FXSR,SSE,SSE2,SS,HTT,TM,PBE,NXE,LONG,SSE3,DTES64,MWAIT,DS-CPL,EST,TM2,SSSE3,CX16,xTPR,PDCM,MOVBE,LAHF,PERF
real mem  = 2136297472 (2037MB)
avail mem = 2089070592 (1992MB)
mainbus0 at root
bios0 at mainbus0: AT/286+ BIOS, date 09/23/10, BIOS32 rev. 0 @ 0xfdca0, SMBIOS rev. 2.5 @ 0xdf010 (28 entries)
bios0: vendor LENOVO version &quot;2ACN37WW&quot; date 09/23/2010
bios0: LENOVO S10-3
acpi0 at bios0: rev 2
acpi0: sleep states S0 S1 S3 S4 S5
acpi0: tables DSDT FACP TCPA MCFG HPET APIC BOOT SLIC SSDT SSDT SSDT
acpi0: wakeup devices EXP1(S4) EXP2(S4) EXP3(S4) EXP4(S4) PCIB(S3) USB1(S3) USB2(S3) USB4(S3) EUSB(S3) LID_(S3)
acpitimer0 at acpi0: 3579545 Hz, 24 bits
acpimcfg0 at acpi0 addr 0xe0000000, bus 0-16
acpihpet0 at acpi0: 14318179 Hz
acpimadt0 at acpi0 addr 0xfee00000: PC-AT compat
cpu0 at mainbus0: apid 0 (boot processor)
mtrr: Pentium Pro MTRR support, 8 var ranges, 88 fixed ranges
cpu0: apic clock running at 166MHz
cpu0: mwait min=64, max=64, C-substates=0.2.2.0.2, IBE
cpu1 at mainbus0: apid 1 (application processor)
cpu1: Intel(R) Atom(TM) CPU N450 @ 1.66GHz (&quot;GenuineIntel&quot; 686-class) 1.67 GHz
cpu1: FPU,V86,DE,PSE,TSC,MSR,PAE,MCE,CX8,APIC,SEP,MTRR,PGE,MCA,CMOV,PAT,CFLUSH,DS,ACPI,MMX,FXSR,SSE,SSE2,SS,HTT,TM,PBE,NXE,LONG,SSE3,DTES64,MWAIT,DS-CPL,EST,TM2,SSSE3,CX16,xTPR,PDCM,MOVBE,LAHF,PERF
ioapic0 at mainbus0: apid 2 pa 0xfec00000, version 20, 24 pins
acpiprt0 at acpi0: bus 0 (PCI0)
acpiprt1 at acpi0: bus 5 (EXP1)
acpiprt2 at acpi0: bus -1 (EXP2)
acpiprt3 at acpi0: bus 9 (EXP3)
acpiprt4 at acpi0: bus -1 (EXP4)
acpiprt5 at acpi0: bus 17 (PCIB)
acpiec0 at acpi0
acpicpu0 at acpi0: C3, C2, C1, PSS
acpicpu1 at acpi0: C3, C2, C1, PSS
acpitz0 at acpi0: critical temperature is 100 degC
acpibtn0 at acpi0: PWRB
acpibtn1 at acpi0: LID_
acpibat0 at acpi0: BAT1 model &quot;L09S6Y14&quot; serial   type LION oem &quot;SANYO&quot;
acpiac0 at acpi0: AC unit offline
acpibtn2 at acpi0: SLPB
acpivideo0 at acpi0: IGD0
acpivout0 at acpivideo0: DD01
bios0: ROM list: 0xc0000/0xda00! 0xce000/0x1000 0xdf000/0x800!
cpu0: Enhanced SpeedStep 1663 MHz: speeds: 1667, 1333, 1000 MHz
pci0 at mainbus0 bus 0: configuration mode 1 (bios)
0:28:0: bridge mem address conflict 0xf0500000/0x100000
pchb0 at pci0 dev 0 function 0 &quot;Intel Pineview DMI&quot; rev 0x00
vga1 at pci0 dev 2 function 0 &quot;Intel Pineview Video&quot; rev 0x00
intagp0 at vga1
agp0 at intagp0: aperture at 0xd0000000, size 0x10000000
inteldrm0 at vga1
drm0 at inteldrm0
inteldrm0: 1024x600
wsdisplay0 at vga1 mux 1: console (std, vt100 emulation)
wsdisplay0: screen 1-5 added (std, vt100 emulation)
&quot;Intel Pineview Video&quot; rev 0x00 at pci0 dev 2 function 1 not configured
azalia0 at pci0 dev 27 function 0 &quot;Intel 82801GB HD Audio&quot; rev 0x02: msi
azalia0: codecs: Realtek ALC272
audio0 at azalia0
ppb0 at pci0 dev 28 function 0 &quot;Intel 82801GB PCIE&quot; rev 0x02: apic 2 int 16
pci1 at ppb0 bus 5
5:0:0: mem address conflict 0xf0520000/0x1000
5:0:0: mem address conflict 0xf0510000/0x10000
re0 at pci1 dev 0 function 0 &quot;Realtek 8101E&quot; rev 0x02: RTL8102EL (0x2480), msi, address xx:xx:xx:xx:xx:xx
rlphy0 at re0 phy 7: RTL8201L 10/100 PHY, rev. 1
ppb1 at pci0 dev 28 function 2 &quot;Intel 82801GB PCIE&quot; rev 0x02: apic 2 int 18
pci2 at ppb1 bus 9
9:0:0: mem address conflict 0xf0100000/0x10000
athn0 at pci2 dev 0 function 0 &quot;Atheros AR9285&quot; rev 0x01: apic 2 int 18
athn0: AR9285 rev 2 (1T1R), ROM rev 14, address xx:xx:xx:xx:xx:xx
uhci0 at pci0 dev 29 function 0 &quot;Intel 82801GB USB&quot; rev 0x02: apic 2 int 23
uhci1 at pci0 dev 29 function 1 &quot;Intel 82801GB USB&quot; rev 0x02: apic 2 int 19
uhci2 at pci0 dev 29 function 2 &quot;Intel 82801GB USB&quot; rev 0x02: apic 2 int 18
uhci3 at pci0 dev 29 function 3 &quot;Intel 82801GB USB&quot; rev 0x02: apic 2 int 16
ehci0 at pci0 dev 29 function 7 &quot;Intel 82801GB USB&quot; rev 0x02: apic 2 int 23
usb0 at ehci0: USB revision 2.0
uhub0 at usb0 &quot;Intel EHCI root hub&quot; rev 2.00/1.00 addr 1
ppb2 at pci0 dev 30 function 0 &quot;Intel 82801BAM Hub-to-PCI&quot; rev 0xe2
pci3 at ppb2 bus 17
pcib0 at pci0 dev 31 function 0 &quot;Intel NM10 LPC&quot; rev 0x02
ahci0 at pci0 dev 31 function 2 &quot;Intel 82801GR AHCI&quot; rev 0x02: msi, AHCI 1.1
ahci0: PHY offline on port 0
ahci0: PHY offline on port 2
ahci0: PHY offline on port 3
scsibus0 at ahci0: 32 targets
sd0 at scsibus0 targ 1 lun 0: &lt;ATA, FUJITSU MJA2160B, 0084&gt; SCSI3 0/direct fixed naa.500000e044640079
sd0: 152627MB, 512 bytes/sector, 312581808 sectors
ichiic0 at pci0 dev 31 function 3 &quot;Intel 82801GB SMBus&quot; rev 0x02: apic 2 int 19
iic0 at ichiic0
spdmem0 at iic0 addr 0x50: 2GB DDR2 SDRAM non-parity PC2-5300CL5 SO-DIMM
usb1 at uhci0: USB revision 1.0
uhub1 at usb1 &quot;Intel UHCI root hub&quot; rev 1.00/1.00 addr 1
usb2 at uhci1: USB revision 1.0
uhub2 at usb2 &quot;Intel UHCI root hub&quot; rev 1.00/1.00 addr 1
usb3 at uhci2: USB revision 1.0
uhub3 at usb3 &quot;Intel UHCI root hub&quot; rev 1.00/1.00 addr 1
usb4 at uhci3: USB revision 1.0
uhub4 at usb4 &quot;Intel UHCI root hub&quot; rev 1.00/1.00 addr 1
isa0 at pcib0
isadma0 at isa0
pckbc0 at isa0 port 0x60/5
pckbd0 at pckbc0 (kbd slot)
pckbc0: using irq 1 for kbd slot
wskbd0 at pckbd0: console keyboard, using wsdisplay0
pms0 at pckbc0 (aux slot)
pckbc0: using irq 12 for aux slot
wsmouse0 at pms0 mux 0
pms0: Synaptics touchpad, firmware 7.4
pcppi0 at isa0 port 0x61
spkr0 at pcppi0
npx0 at isa0 port 0xf0/16: reported by CPUID; using exception 16
umass0 at uhub0 port 7 configuration 1 interface 0 &quot;Generic USB2.0-CRW&quot; rev 2.00/58.88 addr 2
umass0: using SCSI over Bulk-Only
scsibus1 at umass0: 2 targets, initiator 0
sd1 at scsibus1 targ 1 lun 0: &lt;Generic-, Multi-Card, 1.00&gt; SCSI0 0/direct removable serial.0bda0158114173400000
uvideo0 at uhub0 port 8 configuration 1 interface 0 &quot;Chicony Corp. Lenovo EasyCamera&quot; rev 2.00/45.42 addr 3
video0 at uvideo0
ugen0 at uhub2 port 2 &quot;Broadcom Corp Broadcom Bluetooth 2.1 Device&quot; rev 2.00/4.72 addr 2
vscsi0 at root
scsibus2 at vscsi0: 256 targets
softraid0 at root
scsibus3 at softraid0: 256 targets
root on sd0a (ef0cdf553feed508.a) swap on sd0b dump on sd0b
</pre>



</div><!-- content -->
<br />
<div id="footer">
All comments/news/posts are the property of their individual owner and
is presented without warranty of suitability, and solely as an
informational resource. <br />
This site Copyright &copy; 2004-2020 NYC*BUG.
</div><!-- footer -->

</body>
</html>

