



<!doctype html>
<html lang="en">
<head>
<meta name="keywords"
	content="bsd, freebsd, openbsd, netbsd, dragonflybsd, nycbug, dmesgd" />
<meta name="description" content="New York City BSD User Group dmesgd" />
<meta charset="utf-8" />
<meta name="viewport" content="width=device-width, initial-scale=1" />
<title>NYC*BUG dmesgd</title>
<style>
body {
	text-align: left;
	margin: 15px auto;
	padding: 0px 10px;
}
@media (min-width: 800px) {
	body {
		max-width: 85%;
	}
}
#header {
	border-bottom: 1px solid #dbdbdb;
	font-size: 230%;
	text-align: left;
}
#footer {
	border-top: 1px solid #dbdbdb;
	clear: both;
	text-align: left;
}
.logo_bug {
	color: #cc0033;
}
#menu ul {
	list-style-type: none;
	margin: 0;
	padding: 0;
}
#menu li {
	float: left;
}
#menu li a {
	display: block;
	background-color: #dbdbdb;
	color: #000000;
	font-size: 105%;
	font-weight: bold;
	padding: 0px 6px 0px 6px;
	text-decoration: none;
}
#content {
	clear: both;
	text-align: left;
	padding-top: 10px;
}
#content h1 {
	font-size: 120%;
	font-weight: bold;
}
#content h2 {
	font-size: 110%;
	font-weight: bold;
}
#content a {
	text-decoration: none;
}
#content pre {
	background-color: #dbdbdb;
	padding: 5px 5px 5px 5px;
	white-space: pre-wrap;		/* css-3 */
	white-space: -moz-pre-wrap;	/* Mozilla, since 1999 */
	white-space: -pre-wrap;		/* Opera 4-6 */
	white-space: -o-pre-wrap;	/* Opera 7 */
	word-wrap: break-word;		/* Internet Explorer 5.5+ */
}
#content table {
	border-collapse: collapse;
}
#content table th {
	border: 1px solid #dbdbdb;
	font-size: 85%;
	white-space: nowrap;
}
#content table td {
	border: 1px solid #dbdbdb;
	font-size: 80%;
}
#content input {
	font-size: 1em;
}
#content .full	{ width: 100%; }
#content .left	{ text-align: left; }
#content .right	{ text-align: right; }
#content .center { text-align: center; }
#content .flexbox {
	display: -ms-flex;
	display: -webkit-flex;
	display: flex;
	width: 100%;
}
#content .left_col {
	min-width: 75px;
	max-width: 50%;
	flex-grow: 0;
}
#content .right_col {
	flex-grow: 1;
	margin-left: 10px;
	padding-top: 10px;
	padding-left: 10px;
}
#col {
	-moz-column-count: 3;
	-webkit-column-count: 3;
	column-count: 3;
}
</style>
</head>
<body>

<div id="header">
<strong><em>NYC*</em><span class="logo_bug">BUG</span> dmesgd</strong>
</div><!-- header -->

<div id="menu">
<ul>
<li><a href="https://dmesgd.nycbug.org/index.cgi?do=index">Home</a></li>
<li><a href="https://dmesgd.nycbug.org/index.cgi?do=submit">Submit</a></li>
<li><a href="https://www.nycbug.org/">NYC*BUG</a></li>
</ul>
</div><!-- menu -->

<div id="content">

<p>
Launched in 2004, dmesgd aims to provide a
<strong>user-submitted</strong> repository of searchable *BSD dmesgs.
The dmesg(8) command displays the system message buffer's content, and
during boot a copy is saved to <em>/var/run/dmesg.boot</em>.  This buffer
contains the operating system release, name and version, a list of
devices identified, plus a whole host of other useful information.  We
hope others find this resource useful and further contribute to its
growth. Contact us at [ admin at lists dot nycbug dot org ].
</p>

<hr />


<strong>Date:</strong> <em>2014-07-31 18:13:26</em><br />
<strong>From:</strong> <em>bigio</em><br />
<strong>Description:</strong> <em>Lenovo B590</em><br />

<pre>
OpenBSD 5.6 (GENERIC.MP) #312: Wed Jul 30 12:01:37 MDT 2014
    xxx@xxx.xxx:/usr/src/sys/arch/amd64/compile/GENERIC.MP
real mem = 3835400192 (3657MB)
avail mem = 3724517376 (3551MB)
mpath0 at root
scsibus0 at mpath0: 256 targets
mainbus0 at root
bios0 at mainbus0: SMBIOS rev. 2.7 @ 0xdae3a000 (60 entries)
bios0: vendor LENOVO version &quot;H5ET69WW (1.12 )&quot; date 11/15/2012
bios0: LENOVO 62742QG
acpi0 at bios0: rev 2
acpi0: sleep states S0 S3 S4 S5
acpi0: tables DSDT FACP SLIC SSDT ASF! HPET APIC MCFG FPDT SSDT SSDT UEFI UEFI MSDM UEFI DBG2
acpi0: wakeup devices P0P1(S4) GLAN(S4) EHC1(S3) EHC2(S3) XHC_(S3) HDEF(S4) PXSX(S4) RP01(S4) PXSX(S4) RP02(S4) PXSX(S4) RP03(S4) PXSX(S4) RP04(S4) PXSX(S4) RP05(S4) [...]
acpitimer0 at acpi0: 3579545 Hz, 24 bits
acpihpet0 at acpi0: 14318179 Hz
acpimadt0 at acpi0 addr 0xfee00000: PC-AT compat
cpu0 at mainbus0: apid 0 (boot processor)
cpu0: Intel(R) Core(TM) i3-2348M CPU @ 2.30GHz, 2295.13 MHz
cpu0: FPU,VME,DE,PSE,TSC,MSR,PAE,MCE,CX8,APIC,SEP,MTRR,PGE,MCA,CMOV,PAT,PSE36,CFLUSH,DS,ACPI,MMX,FXSR,SSE,SSE2,SS,HTT,TM,PBE,SSE3,PCLMUL,DTES64,MWAIT,DS-CPL,VMX,EST,TM2,SSSE3,CX16,xTPR,PDCM,PCID,SSE4.1,SSE4.2,x2APIC,POPCNT,DEADLINE,XSAVE,AVX,NXE,LONG,LAHF,PERF,ITSC
cpu0: 256KB 64b/line 8-way L2 cache
cpu0: smt 0, core 0, package 0
mtrr: Pentium Pro MTRR support, 10 var ranges, 88 fixed ranges
cpu0: apic clock running at 99MHz
cpu0: mwait min=64, max=64, C-substates=0.2.1.1.2, IBE
cpu1 at mainbus0: apid 1 (application processor)
cpu1: Intel(R) Core(TM) i3-2348M CPU @ 2.30GHz, 2294.80 MHz
cpu1: FPU,VME,DE,PSE,TSC,MSR,PAE,MCE,CX8,APIC,SEP,MTRR,PGE,MCA,CMOV,PAT,PSE36,CFLUSH,DS,ACPI,MMX,FXSR,SSE,SSE2,SS,HTT,TM,PBE,SSE3,PCLMUL,DTES64,MWAIT,DS-CPL,VMX,EST,TM2,SSSE3,CX16,xTPR,PDCM,PCID,SSE4.1,SSE4.2,x2APIC,POPCNT,DEADLINE,XSAVE,AVX,NXE,LONG,LAHF,PERF,ITSC
cpu1: 256KB 64b/line 8-way L2 cache
cpu1: smt 1, core 0, package 0
cpu2 at mainbus0: apid 2 (application processor)
cpu2: Intel(R) Core(TM) i3-2348M CPU @ 2.30GHz, 2294.80 MHz
cpu2: FPU,VME,DE,PSE,TSC,MSR,PAE,MCE,CX8,APIC,SEP,MTRR,PGE,MCA,CMOV,PAT,PSE36,CFLUSH,DS,ACPI,MMX,FXSR,SSE,SSE2,SS,HTT,TM,PBE,SSE3,PCLMUL,DTES64,MWAIT,DS-CPL,VMX,EST,TM2,SSSE3,CX16,xTPR,PDCM,PCID,SSE4.1,SSE4.2,x2APIC,POPCNT,DEADLINE,XSAVE,AVX,NXE,LONG,LAHF,PERF,ITSC
cpu2: 256KB 64b/line 8-way L2 cache
cpu2: smt 0, core 1, package 0
cpu3 at mainbus0: apid 3 (application processor)
cpu3: Intel(R) Core(TM) i3-2348M CPU @ 2.30GHz, 2294.80 MHz
cpu3: FPU,VME,DE,PSE,TSC,MSR,PAE,MCE,CX8,APIC,SEP,MTRR,PGE,MCA,CMOV,PAT,PSE36,CFLUSH,DS,ACPI,MMX,FXSR,SSE,SSE2,SS,HTT,TM,PBE,SSE3,PCLMUL,DTES64,MWAIT,DS-CPL,VMX,EST,TM2,SSSE3,CX16,xTPR,PDCM,PCID,SSE4.1,SSE4.2,x2APIC,POPCNT,DEADLINE,XSAVE,AVX,NXE,LONG,LAHF,PERF,ITSC
cpu3: 256KB 64b/line 8-way L2 cache
cpu3: smt 1, core 1, package 0
ioapic0 at mainbus0: apid 2 pa 0xfec00000, version 20, 24 pins
acpimcfg0 at acpi0 addr 0xf8000000, bus 0-63
acpiprt0 at acpi0: bus 0 (PCI0)
acpiprt1 at acpi0: bus -1 (P0P1)
acpiprt2 at acpi0: bus 1 (RP01)
acpiprt3 at acpi0: bus 2 (RP02)
acpiprt4 at acpi0: bus -1 (RP03)
acpiprt5 at acpi0: bus 3 (RP04)
acpiprt6 at acpi0: bus -1 (RP05)
acpiprt7 at acpi0: bus -1 (RP06)
acpiprt8 at acpi0: bus -1 (RP07)
acpiprt9 at acpi0: bus -1 (RP08)
acpiprt10 at acpi0: bus -1 (PEG0)
acpiprt11 at acpi0: bus -1 (PEG1)
acpiprt12 at acpi0: bus -1 (PEG2)
acpiprt13 at acpi0: bus -1 (PEG3)
acpiec0 at acpi0
acpicpu0 at acpi0: C1, PSS
acpicpu1 at acpi0: C1, PSS
acpicpu2 at acpi0: C1, PSS
acpicpu3 at acpi0: C1, PSS
acpipwrres0 at acpi0: PUBS
acpitz0 at acpi0: critical temperature is 83 degC
acpitz1 at acpi0: critical temperature is 126 degC
acpibat0 at acpi0: BAT0 model &quot;45N1045&quot; serial  2329 type LION oem &quot;313100504d53&quot;
acpithinkpad0 at acpi0
acpiac0 at acpi0: AC unit online
acpibtn0 at acpi0: LID0
acpibtn1 at acpi0: SLPB
cpu0: Enhanced SpeedStep 2295 MHz: speeds: 2300, 2200, 2100, 2000, 1900, 1800, 1700, 1600, 1500, 1400, 1300, 1200, 1100, 1000, 900, 800 MHz
pci0 at mainbus0 bus 0
pchb0 at pci0 dev 0 function 0 &quot;Intel Core 2G Host&quot; rev 0x09
vga1 at pci0 dev 2 function 0 &quot;Intel HD Graphics 3000&quot; rev 0x09
intagp at vga1 not configured
inteldrm0 at vga1
drm0 at inteldrm0
drm: Memory usable by graphics device = 2048M
inteldrm0: 1366x768
wsdisplay0 at vga1 mux 1: console (std, vt100 emulation)
wsdisplay0: screen 1-5 added (std, vt100 emulation)
&quot;Intel 7 Series MEI&quot; rev 0x04 at pci0 dev 22 function 0 not configured
ehci0 at pci0 dev 26 function 0 &quot;Intel 7 Series USB&quot; rev 0x04: apic 2 int 16
usb0 at ehci0: USB revision 2.0
uhub0 at usb0 &quot;Intel EHCI root hub&quot; rev 2.00/1.00 addr 1
azalia0 at pci0 dev 27 function 0 &quot;Intel 7 Series HD Audio&quot; rev 0x04: msi
azalia0: codecs: Realtek ALC269, Intel/0x2806, using Realtek ALC269
audio0 at azalia0
ppb0 at pci0 dev 28 function 0 &quot;Intel 7 Series PCIE&quot; rev 0xc4: msi
pci1 at ppb0 bus 1
ppb1 at pci0 dev 28 function 1 &quot;Intel 7 Series PCIE&quot; rev 0xc4: msi
pci2 at ppb1 bus 2
&quot;Broadcom BCM4313&quot; rev 0x01 at pci2 dev 0 function 0 not configured
ppb2 at pci0 dev 28 function 3 &quot;Intel 7 Series PCIE&quot; rev 0xc4: msi
pci3 at ppb2 bus 3
re0 at pci3 dev 0 function 0 &quot;Realtek 8168&quot; rev 0x07: RTL8168E/8111E-VL (0x2c80), msi, address xx:xx:xx:xx:xx:xx
rgephy0 at re0 phy 7: RTL8169S/8110S PHY, rev. 5
ehci1 at pci0 dev 29 function 0 &quot;Intel 7 Series USB&quot; rev 0x04: apic 2 int 23
usb1 at ehci1: USB revision 2.0
uhub1 at usb1 &quot;Intel EHCI root hub&quot; rev 2.00/1.00 addr 1
pcib0 at pci0 dev 31 function 0 &quot;Intel HM77 LPC&quot; rev 0x04
ahci0 at pci0 dev 31 function 2 &quot;Intel 7 Series AHCI&quot; rev 0x04: msi, AHCI 1.3
scsibus1 at ahci0: 32 targets
sd0 at scsibus1 targ 1 lun 0: &lt;ATA, TOSHIBA MK5065GS, GJ10&gt; SCSI3 0/direct fixed naa.50000394723069b8
sd0: 476940MB, 512 bytes/sector, 976773168 sectors
cd0 at scsibus1 targ 4 lun 0: &lt;PLDS, DVD-RW DS8A8SH, KL31&gt; ATAPI 5/cdrom removable
ichiic0 at pci0 dev 31 function 3 &quot;Intel 7 Series SMBus&quot; rev 0x04: apic 2 int 18
iic0 at ichiic0
spdmem0 at iic0 addr 0x52: 4GB DDR3 SDRAM PC3-12800 SO-DIMM
isa0 at pcib0
isadma0 at isa0
pckbc0 at isa0 port 0x60/5
pckbd0 at pckbc0 (kbd slot)
pckbc0: using irq 1 for kbd slot
wskbd0 at pckbd0: console keyboard, using wsdisplay0
pms0 at pckbc0 (aux slot)
pckbc0: using irq 12 for aux slot
wsmouse0 at pms0 mux 0
pms0: Synaptics touchpad, firmware 7.5
pcppi0 at isa0 port 0x61
spkr0 at pcppi0
uhub2 at uhub0 port 1 &quot;Intel Rate Matching Hub&quot; rev 2.00/0.00 addr 2
ugen0 at uhub2 port 4 &quot;Broadcom Corp BCM20702A0&quot; rev 2.00/1.12 addr 3
uvideo0 at uhub2 port 5 configuration 1 interface 0 &quot;Vimicro corp. Integrated Camera&quot; rev 2.00/14.10 addr 4
video0 at uvideo0
uhub3 at uhub1 port 1 &quot;Intel Rate Matching Hub&quot; rev 2.00/0.00 addr 2
urtwn0 at uhub3 port 2 &quot;Realtek 802.11n WLAN Adapter&quot; rev 2.00/2.00 addr 3
urtwn0: MAC/BB RTL8188CUS, RF 6052 1T1R, address xx:xx:xx:xx:xx:xx
uhidev0 at uhub3 port 3 configuration 1 interface 0 &quot;Logitech Lenovo USB Optical Mouse&quot; rev 2.00/63.00 addr 4
uhidev0: iclass 3/1
ums0 at uhidev0: 3 buttons, Z dir
wsmouse1 at ums0 mux 0
umass0 at uhub3 port 6 configuration 1 interface 0 &quot;Generic Flash Card Reader/Writer&quot; rev 2.00/1.00 addr 5
umass0: using SCSI over Bulk-Only
scsibus2 at umass0: 2 targets, initiator 0
sd1 at scsibus2 targ 1 lun 0: &lt;Multiple, Card Reader, 1.00&gt; SCSI0 0/direct removable serial.058f6366058F63666435
vscsi0 at root
scsibus3 at vscsi0: 256 targets
softraid0 at root
scsibus4 at softraid0: 256 targets
root on sd0a (9bcc7c326ee6bd8b.a) swap on sd0b dump on sd0b
wsmouse1 detached
ums0 detached
uhidev0 detached
uhidev0 at uhub3 port 3 configuration 1 interface 0 &quot;Logitech Lenovo USB Optical Mouse&quot; rev 2.00/63.00 addr 4
uhidev0: iclass 3/1
ums0 at uhidev0: 3 buttons, Z dir
wsmouse1 at ums0 mux 0
sd2 at scsibus4 targ 1 lun 0: &lt;OPENBSD, SR CRYPTO, 005&gt; SCSI2 0/direct fixed
sd2: 98125MB, 512 bytes/sector, 200961612 sectors

</pre>



</div><!-- content -->
<br />
<div id="footer">
All comments/news/posts are the property of their individual owner and
is presented without warranty of suitability, and solely as an
informational resource. <br />
This site Copyright &copy; 2004-2020 NYC*BUG.
</div><!-- footer -->

</body>
</html>

