



<!doctype html>
<html lang="en">
<head>
<meta name="keywords"
	content="bsd, freebsd, openbsd, netbsd, dragonflybsd, nycbug, dmesgd" />
<meta name="description" content="New York City BSD User Group dmesgd" />
<meta charset="utf-8" />
<meta name="viewport" content="width=device-width, initial-scale=1" />
<title>NYC*BUG dmesgd</title>
<style>
body {
	text-align: left;
	margin: 15px auto;
	padding: 0px 10px;
}
@media (min-width: 800px) {
	body {
		max-width: 85%;
	}
}
#header {
	border-bottom: 1px solid #dbdbdb;
	font-size: 230%;
	text-align: left;
}
#footer {
	border-top: 1px solid #dbdbdb;
	clear: both;
	text-align: left;
}
.logo_bug {
	color: #cc0033;
}
#menu ul {
	list-style-type: none;
	margin: 0;
	padding: 0;
}
#menu li {
	float: left;
}
#menu li a {
	display: block;
	background-color: #dbdbdb;
	color: #000000;
	font-size: 105%;
	font-weight: bold;
	padding: 0px 6px 0px 6px;
	text-decoration: none;
}
#content {
	clear: both;
	text-align: left;
	padding-top: 10px;
}
#content h1 {
	font-size: 120%;
	font-weight: bold;
}
#content h2 {
	font-size: 110%;
	font-weight: bold;
}
#content a {
	text-decoration: none;
}
#content pre {
	background-color: #dbdbdb;
	padding: 5px 5px 5px 5px;
	white-space: pre-wrap;		/* css-3 */
	white-space: -moz-pre-wrap;	/* Mozilla, since 1999 */
	white-space: -pre-wrap;		/* Opera 4-6 */
	white-space: -o-pre-wrap;	/* Opera 7 */
	word-wrap: break-word;		/* Internet Explorer 5.5+ */
}
#content table {
	border-collapse: collapse;
}
#content table th {
	border: 1px solid #dbdbdb;
	font-size: 85%;
	white-space: nowrap;
}
#content table td {
	border: 1px solid #dbdbdb;
	font-size: 80%;
}
#content input {
	font-size: 1em;
}
#content .full	{ width: 100%; }
#content .left	{ text-align: left; }
#content .right	{ text-align: right; }
#content .center { text-align: center; }
#content .flexbox {
	display: -ms-flex;
	display: -webkit-flex;
	display: flex;
	width: 100%;
}
#content .left_col {
	min-width: 75px;
	max-width: 50%;
	flex-grow: 0;
}
#content .right_col {
	flex-grow: 1;
	margin-left: 10px;
	padding-top: 10px;
	padding-left: 10px;
}
#col {
	-moz-column-count: 3;
	-webkit-column-count: 3;
	column-count: 3;
}
</style>
</head>
<body>

<div id="header">
<strong><em>NYC*</em><span class="logo_bug">BUG</span> dmesgd</strong>
</div><!-- header -->

<div id="menu">
<ul>
<li><a href="https://dmesgd.nycbug.org/index.cgi?do=index">Home</a></li>
<li><a href="https://dmesgd.nycbug.org/index.cgi?do=submit">Submit</a></li>
<li><a href="https://www.nycbug.org/">NYC*BUG</a></li>
</ul>
</div><!-- menu -->

<div id="content">

<p>
Launched in 2004, dmesgd aims to provide a
<strong>user-submitted</strong> repository of searchable *BSD dmesgs.
The dmesg(8) command displays the system message buffer's content, and
during boot a copy is saved to <em>/var/run/dmesg.boot</em>.  This buffer
contains the operating system release, name and version, a list of
devices identified, plus a whole host of other useful information.  We
hope others find this resource useful and further contribute to its
growth. Contact us at [ admin at lists dot nycbug dot org ].
</p>

<hr />


<strong>Date:</strong> <em>2014-08-01 11:09:30</em><br />
<strong>From:</strong> <em>peter_ljung</em><br />
<strong>Description:</strong> <em>Fujitsu Siemens Futro A250</em><br />

<pre>
OpenBSD 5.5-current (GENERIC) #5: Wed Jun 25 16:20:13 CEST 2014
    xxx@xxx.xxx:/usr/src/sys/arch/i386/compile/GENERIC
cpu0: Geode(TM) Integrated Processor by AMD PCS (&quot;AuthenticAMD&quot; 586-class) 499 MHz
cpu0: FPU,DE,PSE,TSC,MSR,CX8,SEP,PGE,CMOV,CFLUSH,MMX,MMXX,3DNOW2,3DNOW
real mem  = 250834944 (239MB)
avail mem = 234291200 (223MB)
mpath0 at root
scsibus0 at mpath0: 256 targets
mainbus0 at root
bios0 at mainbus0: AT/286+ BIOS, date 10/23/07, BIOS32 rev. 0 @ 0xff880, SMBIOS rev. 2.3 @ 0xc9672 (15 entries)
bios0: vendor Advanced Micro Devices version &quot;TR2350_102307_01&quot; date 10/23/2007
bios0: FUJITSU SIEMENS FUTRO A200
acpi0 at bios0: rev 0
acpi0: sleep states S0 S1 S5
acpi0: tables DSDT FACP BOOT DBGP
acpi0: wakeup devices SLPB(S3) PCI0(S3) KBC_(S1) PS2M(S1) USB0(S1) USB1(S1) LAN_(S1)
acpitimer0 at acpi0: 3579545 Hz, 32 bits
acpiprt0 at acpi0: bus 0 (PCI0)
acpicpu0 at acpi0: C2
acpibtn0 at acpi0: SLPB
acpiac0 at acpi0: AC unit online
bios0: ROM list: 0xc0000/0x8000 0xc8000/0x2800! 0xd4000/0xa800 0xe9000/0x1000
cpu0 at mainbus0: (uniprocessor)
mtrr: K6-family MTRR support (2 registers)
amdmsr0 at mainbus0
pci0 at mainbus0 bus 0: configuration mode 1 (bios)
pchb0 at pci0 dev 1 function 0 &quot;AMD Geode LX&quot; rev 0x33
vga1 at pci0 dev 1 function 1 &quot;AMD Geode LX Video&quot; rev 0x00
wsdisplay0 at vga1 mux 1: console (80x25, vt100 emulation)
wsdisplay0: screen 1-5 added (80x25, vt100 emulation)
glxsb0 at pci0 dev 1 function 2 &quot;AMD Geode LX Crypto&quot; rev 0x00: RNG AES
re0 at pci0 dev 13 function 0 &quot;Realtek 8169SC&quot; rev 0x10: RTL8169/8110SCd (0x1800), irq 11, address xx:xx:xx:xx:xx:xx
rgephy0 at re0 phy 7: RTL8169S/8110S PHY, rev. 2
glxpcib0 at pci0 dev 15 function 0 &quot;AMD CS5536 ISA&quot; rev 0x03: rev 3, 32-bit 3579545Hz timer, watchdog, gpio, i2c
gpio0 at glxpcib0: 32 pins
iic0 at glxpcib0
spdmem0 at iic0 addr 0x50: 256MB DDR SDRAM non-parity PC2700CL2.5
pciide0 at pci0 dev 15 function 2 &quot;AMD CS5536 IDE&quot; rev 0x01: DMA, channel 0 wired to compatibility, channel 1 wired to compatibility
wd0 at pciide0 channel 0 drive 0: &lt;TS4GCF133&gt;
wd0: 1-sector PIO, LBA, 3823MB, 7831152 sectors
wd0(pciide0:0:0): using PIO mode 4, Ultra-DMA mode 2
pciide0: channel 1 ignored (disabled)
auglx0 at pci0 dev 15 function 3 &quot;AMD CS5536 Audio&quot; rev 0x01: irq 11, CS5536 AC97
ac97: codec id 0x414c4770 (Avance Logic ALC203 rev 0)
ac97: codec features headphone, 20 bit DAC, 18 bit ADC, No 3D Stereo
audio0 at auglx0
ohci0 at pci0 dev 15 function 4 &quot;AMD CS5536 USB&quot; rev 0x02: irq 11, version 1.0, legacy support
ehci0 at pci0 dev 15 function 5 &quot;AMD CS5536 USB&quot; rev 0x02: irq 11
usb0 at ehci0: USB revision 2.0
uhub0 at usb0 &quot;AMD EHCI root hub&quot; rev 2.00/1.00 addr 1
isa0 at glxpcib0
isadma0 at isa0
com0 at isa0 port 0x3f8/8 irq 4: ns16550a, 16 byte fifo
com0: console
pckbc0 at isa0 port 0x60/5
pckbd0 at pckbc0 (kbd slot)
pckbc0: using irq 1 for kbd slot
wskbd0 at pckbd0: console keyboard, using wsdisplay0
pcppi0 at isa0 port 0x61
spkr0 at pcppi0
wbsio0 at isa0 port 0x2e/2: W83627HF rev 0x41
npx0 at isa0 port 0xf0/16: reported by CPUID; using exception 16
usb1 at ohci0: USB revision 1.0
uhub1 at usb1 &quot;AMD OHCI root hub&quot; rev 1.00/1.00 addr 1
vscsi0 at root
scsibus1 at vscsi0: 256 targets
softraid0 at root
scsibus2 at softraid0: 256 targets
root on wd0a (9e830b2270852cc3.a) swap on wd0b dump on wd0b
syncing disks... done
OpenBSD 5.5-current (GENERIC) #196: Thu Jun 26 00:24:53 MDT 2014
    xxx@xxx.xxx:/usr/src/sys/arch/i386/compile/GENERIC
cpu0: Geode(TM) Integrated Processor by AMD PCS (&quot;AuthenticAMD&quot; 586-class) 499 MHz
cpu0: FPU,DE,PSE,TSC,MSR,CX8,SEP,PGE,CMOV,CFLUSH,MMX,MMXX,3DNOW2,3DNOW
real mem  = 250834944 (239MB)
avail mem = 234307584 (223MB)
mpath0 at root
scsibus0 at mpath0: 256 targets
mainbus0 at root
bios0 at mainbus0: AT/286+ BIOS, date 10/23/07, BIOS32 rev. 0 @ 0xff880, SMBIOS rev. 2.3 @ 0xc9672 (15 entries)
bios0: vendor Advanced Micro Devices version &quot;TR2350_102307_01&quot; date 10/23/2007
bios0: FUJITSU SIEMENS FUTRO A200
acpi0 at bios0: rev 0
acpi0: sleep states S0 S1 S5
acpi0: tables DSDT FACP BOOT DBGP
acpi0: wakeup devices SLPB(S3) PCI0(S3) KBC_(S1) PS2M(S1) USB0(S1) USB1(S1) LAN_(S1)
acpitimer0 at acpi0: 3579545 Hz, 32 bits
acpiprt0 at acpi0: bus 0 (PCI0)
acpicpu0 at acpi0: C2
acpibtn0 at acpi0: SLPB
acpiac0 at acpi0: AC unit online
bios0: ROM list: 0xc0000/0x8000 0xc8000/0x2800! 0xd4000/0xa800 0xe9000/0x1000
cpu0 at mainbus0: (uniprocessor)
mtrr: K6-family MTRR support (2 registers)
amdmsr0 at mainbus0
pci0 at mainbus0 bus 0: configuration mode 1 (bios)
pchb0 at pci0 dev 1 function 0 &quot;AMD Geode LX&quot; rev 0x33
vga1 at pci0 dev 1 function 1 &quot;AMD Geode LX Video&quot; rev 0x00
wsdisplay0 at vga1 mux 1: console (80x25, vt100 emulation)
wsdisplay0: screen 1-5 added (80x25, vt100 emulation)
glxsb0 at pci0 dev 1 function 2 &quot;AMD Geode LX Crypto&quot; rev 0x00: RNG AES
re0 at pci0 dev 13 function 0 &quot;Realtek 8169SC&quot; rev 0x10: RTL8169/8110SCd (0x1800), irq 11, address xx:xx:xx:xx:xx:xx
rgephy0 at re0 phy 7: RTL8169S/8110S PHY, rev. 2
glxpcib0 at pci0 dev 15 function 0 &quot;AMD CS5536 ISA&quot; rev 0x03: rev 3, 32-bit 3579545Hz timer, watchdog, gpio, i2c
gpio0 at glxpcib0: 32 pins
iic0 at glxpcib0
spdmem0 at iic0 addr 0x50: 256MB DDR SDRAM non-parity PC2700CL2.5
pciide0 at pci0 dev 15 function 2 &quot;AMD CS5536 IDE&quot; rev 0x01: DMA, channel 0 wired to compatibility, channel 1 wired to compatibility
wd0 at pciide0 channel 0 drive 0: &lt;TS4GCF133&gt;
wd0: 1-sector PIO, LBA, 3823MB, 7831152 sectors
wd0(pciide0:0:0): using PIO mode 4, Ultra-DMA mode 2
pciide0: channel 1 ignored (disabled)
auglx0 at pci0 dev 15 function 3 &quot;AMD CS5536 Audio&quot; rev 0x01: irq 11, CS5536 AC97
ac97: codec id 0x414c4770 (Avance Logic ALC203 rev 0)
ac97: codec features headphone, 20 bit DAC, 18 bit ADC, No 3D Stereo
audio0 at auglx0
ohci0 at pci0 dev 15 function 4 &quot;AMD CS5536 USB&quot; rev 0x02: irq 11, version 1.0, legacy support
ehci0 at pci0 dev 15 function 5 &quot;AMD CS5536 USB&quot; rev 0x02: irq 11
usb0 at ehci0: USB revision 2.0
uhub0 at usb0 &quot;AMD EHCI root hub&quot; rev 2.00/1.00 addr 1
isa0 at glxpcib0
isadma0 at isa0
com0 at isa0 port 0x3f8/8 irq 4: ns16550a, 16 byte fifo
com0: console
pckbc0 at isa0 port 0x60/5
pckbd0 at pckbc0 (kbd slot)
pckbc0: using irq 1 for kbd slot
wskbd0 at pckbd0: console keyboard, using wsdisplay0
pcppi0 at isa0 port 0x61
spkr0 at pcppi0
wbsio0 at isa0 port 0x2e/2: W83627HF rev 0x41
npx0 at isa0 port 0xf0/16: reported by CPUID; using exception 16
usb1 at ohci0: USB revision 1.0
uhub1 at usb1 &quot;AMD OHCI root hub&quot; rev 1.00/1.00 addr 1
vscsi0 at root
scsibus1 at vscsi0: 256 targets
softraid0 at root
scsibus2 at softraid0: 256 targets
root on wd0a (9e830b2270852cc3.a) swap on wd0b dump on wd0b
hw.sensors.acpiac0.indicator0=On (power supply)
</pre>



</div><!-- content -->
<br />
<div id="footer">
All comments/news/posts are the property of their individual owner and
is presented without warranty of suitability, and solely as an
informational resource. <br />
This site Copyright &copy; 2004-2020 NYC*BUG.
</div><!-- footer -->

</body>
</html>

