



<!doctype html>
<html lang="en">
<head>
<meta name="keywords"
	content="bsd, freebsd, openbsd, netbsd, dragonflybsd, nycbug, dmesgd" />
<meta name="description" content="New York City BSD User Group dmesgd" />
<meta charset="utf-8" />
<meta name="viewport" content="width=device-width, initial-scale=1" />
<title>NYC*BUG dmesgd</title>
<style>
body {
	text-align: left;
	margin: 15px auto;
	padding: 0px 10px;
}
@media (min-width: 800px) {
	body {
		max-width: 85%;
	}
}
#header {
	border-bottom: 1px solid #dbdbdb;
	font-size: 230%;
	text-align: left;
}
#footer {
	border-top: 1px solid #dbdbdb;
	clear: both;
	text-align: left;
}
.logo_bug {
	color: #cc0033;
}
#menu ul {
	list-style-type: none;
	margin: 0;
	padding: 0;
}
#menu li {
	float: left;
}
#menu li a {
	display: block;
	background-color: #dbdbdb;
	color: #000000;
	font-size: 105%;
	font-weight: bold;
	padding: 0px 6px 0px 6px;
	text-decoration: none;
}
#content {
	clear: both;
	text-align: left;
	padding-top: 10px;
}
#content h1 {
	font-size: 120%;
	font-weight: bold;
}
#content h2 {
	font-size: 110%;
	font-weight: bold;
}
#content a {
	text-decoration: none;
}
#content pre {
	background-color: #dbdbdb;
	padding: 5px 5px 5px 5px;
	white-space: pre-wrap;		/* css-3 */
	white-space: -moz-pre-wrap;	/* Mozilla, since 1999 */
	white-space: -pre-wrap;		/* Opera 4-6 */
	white-space: -o-pre-wrap;	/* Opera 7 */
	word-wrap: break-word;		/* Internet Explorer 5.5+ */
}
#content table {
	border-collapse: collapse;
}
#content table th {
	border: 1px solid #dbdbdb;
	font-size: 85%;
	white-space: nowrap;
}
#content table td {
	border: 1px solid #dbdbdb;
	font-size: 80%;
}
#content input {
	font-size: 1em;
}
#content .full	{ width: 100%; }
#content .left	{ text-align: left; }
#content .right	{ text-align: right; }
#content .center { text-align: center; }
#content .flexbox {
	display: -ms-flex;
	display: -webkit-flex;
	display: flex;
	width: 100%;
}
#content .left_col {
	min-width: 75px;
	max-width: 50%;
	flex-grow: 0;
}
#content .right_col {
	flex-grow: 1;
	margin-left: 10px;
	padding-top: 10px;
	padding-left: 10px;
}
#col {
	-moz-column-count: 3;
	-webkit-column-count: 3;
	column-count: 3;
}
</style>
</head>
<body>

<div id="header">
<strong><em>NYC*</em><span class="logo_bug">BUG</span> dmesgd</strong>
</div><!-- header -->

<div id="menu">
<ul>
<li><a href="https://dmesgd.nycbug.org/index.cgi?do=index">Home</a></li>
<li><a href="https://dmesgd.nycbug.org/index.cgi?do=submit">Submit</a></li>
<li><a href="https://www.nycbug.org/">NYC*BUG</a></li>
</ul>
</div><!-- menu -->

<div id="content">

<p>
Launched in 2004, dmesgd aims to provide a
<strong>user-submitted</strong> repository of searchable *BSD dmesgs.
The dmesg(8) command displays the system message buffer's content, and
during boot a copy is saved to <em>/var/run/dmesg.boot</em>.  This buffer
contains the operating system release, name and version, a list of
devices identified, plus a whole host of other useful information.  We
hope others find this resource useful and further contribute to its
growth. Contact us at [ admin at lists dot nycbug dot org ].
</p>

<hr />


<strong>Date:</strong> <em>2014-08-01 11:20:20</em><br />
<strong>From:</strong> <em>peter_ljung</em><br />
<strong>Description:</strong> <em>Intel DH61DL with Intel Core i3 2120T</em><br />

<pre>
OpenBSD 5.1 (GENERIC.MP) #188: Sun Feb 12 09:55:11 MST 2012
    xxx@xxx.xxx:/usr/src/sys/arch/i386/compile/GENERIC.MP
cpu0: Intel(R) Core(TM) i3-2120T CPU @ 2.60GHz (&quot;GenuineIntel&quot; 686-class) 2.60 GHz
cpu0: FPU,V86,DE,PSE,TSC,MSR,PAE,MCE,CX8,APIC,SEP,MTRR,PGE,MCA,CMOV,PAT,PSE36,CFLUSH,DS,ACPI,MMX,FXSR,SSE,SSE2,SS,HTT,TM,SBF,NXE,LONG,SSE3,PCLMUL,MWAIT,DS-CPL,VMX,EST,TM2,SSSE3,CX16,xTPR,PDCM,SSE4.1,SSE4.2,POPCNT,XSAVE,AVX,LAHF
real mem  = 3662970880 (3493MB)
avail mem = 3592945664 (3426MB)
mainbus0 at root
bios0 at mainbus0: AT/286+ BIOS, date 01/10/12, SMBIOS rev. 2.6 @ 0xeb170 (54 entries)
bios0: vendor Intel Corp. version &quot;BEH6110H.86A.0038.2012.0110.1653&quot; date 01/10/2012
bios0: Intel Corporation DH61DL
acpi0 at bios0: rev 2
acpi0: sleep states S0 S3 S4 S5
acpi0: tables DSDT FACP APIC SSDT MCFG HPET
acpi0: wakeup devices PS2K(S3) PS2M(S3) UAR1(S3) P0P1(S4) P0P2(S4) P0P3(S4) P0P4(S4) GBE_(S4) BR20(S3) EUSB(S3) USBE(S3) PEX0(S4) BR21(S4) PEX1(S4) PEX2(S4) PEX3(S4) PEX4(S4) PEX5(S4) PEX6(S4) PEX7(S4) SLPB(S0) PWRB(S3)
acpitimer0 at acpi0: 3579545 Hz, 24 bits
acpimadt0 at acpi0 addr 0xfee00000: PC-AT compat
cpu0 at mainbus0: apid 0 (boot processor)
cpu0: apic clock running at 99MHz
cpu1 at mainbus0: apid 2 (application processor)
cpu1: Intel(R) Core(TM) i3-2120T CPU @ 2.60GHz (&quot;GenuineIntel&quot; 686-class) 2.60 GHz
cpu1: FPU,V86,DE,PSE,TSC,MSR,PAE,MCE,CX8,APIC,SEP,MTRR,PGE,MCA,CMOV,PAT,PSE36,CFLUSH,DS,ACPI,MMX,FXSR,SSE,SSE2,SS,HTT,TM,SBF,NXE,LONG,SSE3,PCLMUL,MWAIT,DS-CPL,VMX,EST,TM2,SSSE3,CX16,xTPR,PDCM,SSE4.1,SSE4.2,POPCNT,XSAVE,AVX,LAHF
cpu2 at mainbus0: apid 1 (application processor)
cpu2: Intel(R) Core(TM) i3-2120T CPU @ 2.60GHz (&quot;GenuineIntel&quot; 686-class) 2.60 GHz
cpu2: FPU,V86,DE,PSE,TSC,MSR,PAE,MCE,CX8,APIC,SEP,MTRR,PGE,MCA,CMOV,PAT,PSE36,CFLUSH,DS,ACPI,MMX,FXSR,SSE,SSE2,SS,HTT,TM,SBF,NXE,LONG,SSE3,PCLMUL,MWAIT,DS-CPL,VMX,EST,TM2,SSSE3,CX16,xTPR,PDCM,SSE4.1,SSE4.2,POPCNT,XSAVE,AVX,LAHF
cpu3 at mainbus0: apid 3 (application processor)
cpu3: Intel(R) Core(TM) i3-2120T CPU @ 2.60GHz (&quot;GenuineIntel&quot; 686-class) 2.60 GHz
cpu3: FPU,V86,DE,PSE,TSC,MSR,PAE,MCE,CX8,APIC,SEP,MTRR,PGE,MCA,CMOV,PAT,PSE36,CFLUSH,DS,ACPI,MMX,FXSR,SSE,SSE2,SS,HTT,TM,SBF,NXE,LONG,SSE3,PCLMUL,MWAIT,DS-CPL,VMX,EST,TM2,SSSE3,CX16,xTPR,PDCM,SSE4.1,SSE4.2,POPCNT,XSAVE,AVX,LAHF
ioapic0 at mainbus0: apid 0 pa 0xfec00000, version 20, 24 pins
acpimcfg0 at acpi0 addr 0xf8000000, bus 0-63
acpihpet0 at acpi0: 14318179 Hz
acpiprt0 at acpi0: bus 0 (PCI0)
acpiprt1 at acpi0: bus -1 (P0P1)
acpiprt2 at acpi0: bus -1 (P0P2)
acpiprt3 at acpi0: bus -1 (P0P3)
acpiprt4 at acpi0: bus -1 (P0P4)
acpiprt5 at acpi0: bus 1 (PEX0)
acpiprt6 at acpi0: bus -1 (BR21)
acpiprt7 at acpi0: bus 2 (PEX1)
acpiprt8 at acpi0: bus -1 (PEX2)
acpiprt9 at acpi0: bus -1 (PEX3)
acpiprt10 at acpi0: bus -1 (PEX4)
acpiprt11 at acpi0: bus -1 (PEX5)
acpiprt12 at acpi0: bus -1 (PEX6)
acpiprt13 at acpi0: bus -1 (PEX7)
acpicpu0 at acpi0: C3, C2, C1, PSS
acpicpu1 at acpi0: C3, C2, C1, PSS
acpicpu2 at acpi0: C3, C2, C1, PSS
acpicpu3 at acpi0: C3, C2, C1, PSS
acpibtn0 at acpi0: SLPB
acpibtn1 at acpi0: PWRB
bios0: ROM list: 0xc0000/0xe000
cpu0: Enhanced SpeedStep 2595 MHz: speeds: 2600, 2500, 2400, 2300, 2200, 2100, 2000, 1900, 1800, 1700, 1600 MHz
pci0 at mainbus0 bus 0: configuration mode 1 (bios)
pchb0 at pci0 dev 0 function 0 &quot;Intel Core 2G Host&quot; rev 0x09
vga1 at pci0 dev 2 function 0 &quot;Intel GT1 Video&quot; rev 0x09
wsdisplay0 at vga1 mux 1: console (80x25, vt100 emulation)
wsdisplay0: screen 1-5 added (80x25, vt100 emulation)
intagp0 at vga1
agp0 at intagp0: aperture at 0xe0000000, size 0x10000000
inteldrm0 at vga1: apic 0 int 16
drm0 at inteldrm0
&quot;Intel 6 Series MEI&quot; rev 0x04 at pci0 dev 22 function 0 not configured
em0 at pci0 dev 25 function 0 &quot;Intel 82579V&quot; rev 0x05: msi, address xx:xx:xx:xx:xx:xx
ehci0 at pci0 dev 26 function 0 &quot;Intel 6 Series USB&quot; rev 0x05: apic 0 int 16
usb0 at ehci0: USB revision 2.0
uhub0 at usb0 &quot;Intel EHCI root hub&quot; rev 2.00/1.00 addr 1
ppb0 at pci0 dev 28 function 0 &quot;Intel 6 Series PCIE&quot; rev 0xb5: apic 0 int 17
pci1 at ppb0 bus 1
ppb1 at pci0 dev 28 function 1 &quot;Intel 6 Series PCIE&quot; rev 0xb5: apic 0 int 16
pci2 at ppb1 bus 2
&quot;NEC xHCI&quot; rev 0x03 at pci2 dev 0 function 0 not configured
ehci1 at pci0 dev 29 function 0 &quot;Intel 6 Series USB&quot; rev 0x05: apic 0 int 23
usb1 at ehci1: USB revision 2.0
uhub1 at usb1 &quot;Intel EHCI root hub&quot; rev 2.00/1.00 addr 1
pcib0 at pci0 dev 31 function 0 &quot;Intel H61 LPC&quot; rev 0x05
ahci0 at pci0 dev 31 function 2 &quot;Intel 6 Series AHCI&quot; rev 0x05: msi, AHCI 1.3
scsibus0 at ahci0: 32 targets
sd0 at scsibus0 targ 1 lun 0: &lt;ATA, INTEL SSDSC2CT06, 300i&gt; SCSI3 0/direct fixed naa.5001517bb28d12e0
sd0: 57241MB, 512 bytes/sector, 117231408 sectors, thin
ichiic0 at pci0 dev 31 function 3 &quot;Intel 6 Series SMBus&quot; rev 0x05: apic 0 int 18
iic0 at ichiic0
spdmem0 at iic0 addr 0x50: 4GB DDR3 SDRAM PC3-10600
isa0 at pcib0
isadma0 at isa0
pcppi0 at isa0 port 0x61
spkr0 at pcppi0
npx0 at isa0 port 0xf0/16: reported by CPUID; using exception 16
mtrr: Pentium Pro MTRR support
uhub2 at uhub0 port 1 &quot;Intel Rate Matching Hub&quot; rev 2.00/0.00 addr 2
uhub3 at uhub1 port 1 &quot;Intel Rate Matching Hub&quot; rev 2.00/0.00 addr 2
vscsi0 at root
scsibus1 at vscsi0: 256 targets
softraid0 at root
scsibus2 at softraid0: 256 targets
root on sd0a (c7b60ba1bd7960a8.a) swap on sd0b dump on sd0b
uvm_mapent_alloc: out of static map entries
hw.sensors.cpu0.temp0=57.00 degC

</pre>



</div><!-- content -->
<br />
<div id="footer">
All comments/news/posts are the property of their individual owner and
is presented without warranty of suitability, and solely as an
informational resource. <br />
This site Copyright &copy; 2004-2020 NYC*BUG.
</div><!-- footer -->

</body>
</html>

