



<!doctype html>
<html lang="en">
<head>
<meta name="keywords"
	content="bsd, freebsd, openbsd, netbsd, dragonflybsd, nycbug, dmesgd" />
<meta name="description" content="New York City BSD User Group dmesgd" />
<meta charset="utf-8" />
<meta name="viewport" content="width=device-width, initial-scale=1" />
<title>NYC*BUG dmesgd</title>
<style>
body {
	text-align: left;
	margin: 15px auto;
	padding: 0px 10px;
}
@media (min-width: 800px) {
	body {
		max-width: 85%;
	}
}
#header {
	border-bottom: 1px solid #dbdbdb;
	font-size: 230%;
	text-align: left;
}
#footer {
	border-top: 1px solid #dbdbdb;
	clear: both;
	text-align: left;
}
.logo_bug {
	color: #cc0033;
}
#menu ul {
	list-style-type: none;
	margin: 0;
	padding: 0;
}
#menu li {
	float: left;
}
#menu li a {
	display: block;
	background-color: #dbdbdb;
	color: #000000;
	font-size: 105%;
	font-weight: bold;
	padding: 0px 6px 0px 6px;
	text-decoration: none;
}
#content {
	clear: both;
	text-align: left;
	padding-top: 10px;
}
#content h1 {
	font-size: 120%;
	font-weight: bold;
}
#content h2 {
	font-size: 110%;
	font-weight: bold;
}
#content a {
	text-decoration: none;
}
#content pre {
	background-color: #dbdbdb;
	padding: 5px 5px 5px 5px;
	white-space: pre-wrap;		/* css-3 */
	white-space: -moz-pre-wrap;	/* Mozilla, since 1999 */
	white-space: -pre-wrap;		/* Opera 4-6 */
	white-space: -o-pre-wrap;	/* Opera 7 */
	word-wrap: break-word;		/* Internet Explorer 5.5+ */
}
#content table {
	border-collapse: collapse;
}
#content table th {
	border: 1px solid #dbdbdb;
	font-size: 85%;
	white-space: nowrap;
}
#content table td {
	border: 1px solid #dbdbdb;
	font-size: 80%;
}
#content input {
	font-size: 1em;
}
#content .full	{ width: 100%; }
#content .left	{ text-align: left; }
#content .right	{ text-align: right; }
#content .center { text-align: center; }
#content .flexbox {
	display: -ms-flex;
	display: -webkit-flex;
	display: flex;
	width: 100%;
}
#content .left_col {
	min-width: 75px;
	max-width: 50%;
	flex-grow: 0;
}
#content .right_col {
	flex-grow: 1;
	margin-left: 10px;
	padding-top: 10px;
	padding-left: 10px;
}
#col {
	-moz-column-count: 3;
	-webkit-column-count: 3;
	column-count: 3;
}
</style>
</head>
<body>

<div id="header">
<strong><em>NYC*</em><span class="logo_bug">BUG</span> dmesgd</strong>
</div><!-- header -->

<div id="menu">
<ul>
<li><a href="https://dmesgd.nycbug.org/index.cgi?do=index">Home</a></li>
<li><a href="https://dmesgd.nycbug.org/index.cgi?do=submit">Submit</a></li>
<li><a href="https://www.nycbug.org/">NYC*BUG</a></li>
</ul>
</div><!-- menu -->

<div id="content">

<p>
Launched in 2004, dmesgd aims to provide a
<strong>user-submitted</strong> repository of searchable *BSD dmesgs.
The dmesg(8) command displays the system message buffer's content, and
during boot a copy is saved to <em>/var/run/dmesg.boot</em>.  This buffer
contains the operating system release, name and version, a list of
devices identified, plus a whole host of other useful information.  We
hope others find this resource useful and further contribute to its
growth. Contact us at [ admin at lists dot nycbug dot org ].
</p>

<hr />


<strong>Date:</strong> <em>2014-12-03 18:53:59</em><br />
<strong>From:</strong> <em>Mark Saad</em><br />
<strong>Description:</strong> <em>OpenBSD 5.6-CURRENT Power Mac G5 (macppc)</em><br />

<pre>
$ dmesg
[ using 551804 bytes of bsd ELF symbol table ]
console out [NVDA,Display-B]console in [keyboard] , using USB
using parent NVDA,Parent:: memaddr 98000000 size 8000000, : consaddr 98004000, : ioaddr 91000000, size 1000000: width 1680 linebytes 2048 height 1050 depth 8
Copyright (c) 1982, 1986, 1989, 1991, 1993
        The Regents of the University of California.  All rights reserved.
Copyright (c) 1995-2014 OpenBSD. All rights reserved.  http://www.OpenBSD.org

OpenBSD 5.6-current (GENERIC.MP) #383: Mon Dec  1 03:03:19 MST 2014
    xxx@xxx.xxx:/usr/src/sys/arch/macppc/compile/GENERIC.MP
real mem = 1073741824 (1024MB)
avail mem = 1548070912 (1476MB)
mpath0 at root
scsibus0 at mpath0: 256 targets
mainbus0 at root: model PowerMac7,2
cpu0 at mainbus0: 970 (Revision 0x202): 1800 MHz
cpu1 at mainbus0: 970 (Revision 0x202): 1800 MHz
mem0 at mainbus0
spdmem0 at mem0: 256MB DDR SDRAM non-parity PC3200CL3.0
spdmem1 at mem0: 256MB DDR SDRAM non-parity PC3200CL3.0
spdmem2 at mem0: 512MB DDR SDRAM non-parity PC3200CL3.0
spdmem3 at mem0: 512MB DDR SDRAM non-parity PC3200CL3.0
spdmem4 at mem0: 1GB DDR SDRAM non-parity PC3200CL3.0
spdmem5 at mem0: 1GB DDR SDRAM non-parity PC3200CL3.0
spdmem6 at mem0: 1GB DDR SDRAM non-parity PC3200CL3.0
spdmem7 at mem0: 1GB DDR SDRAM non-parity PC2100CL2.5
memc0 at mainbus0: u3 rev 0xb3
kiic0 at memc0 offset 0xf8001000
iic0 at kiic0
&quot;cy2213&quot; at iic0 addr 0x65 not configured
lmtemp0 at iic0 addr 0x4a: ds1775
maxtmp0 at iic0 addr 0x4c: max6690
maxtmp1 at iic0 addr 0x4e: max6690
&quot;cy28508&quot; at iic0 addr 0x69 not configured
fcu0 at iic0 addr 0xaf
&quot;pca9556&quot; at iic0 addr 0x18 not configured
adc0 at iic0 addr 0x2c: ad7417
&quot;24256&quot; at iic0 addr 0x50 not configured
&quot;pca9556&quot; at iic0 addr 0x19 not configured
adc1 at iic0 addr 0x2d: ad7417
&quot;24256&quot; at iic0 addr 0x51 not configured
&quot;dart&quot; at memc0 offset 0xf8033000 not configured
&quot;mpic&quot; at memc0 offset 0xf8040000 not configured
mpcpcibr0 at mainbus0 pci: u3-agp
pci0 at mpcpcibr0 bus 0
vgafb0 at pci0 dev 16 function 0 &quot;NVIDIA GeForce FX 5200 Ultra&quot; rev 0xa1
wsdisplay0 at vgafb0 mux 1: console (std, vt100 emulation)
wsdisplay0: screen 1-5 added (std, vt100 emulation)
ht0 at mainbus0: u3-ht, 8 devices
pci1 at ht0 bus 0
ppb0 at pci1 dev 1 function 0 &quot;AMD 8131 PCIX&quot; rev 0x12
pci2 at ppb0 bus 6
ppb1 at pci1 dev 2 function 0 &quot;AMD 8131 PCIX&quot; rev 0x12
pci3 at ppb1 bus 7
ppb2 at pci1 dev 3 function 0 &quot;Apple U3&quot; rev 0x00
pci4 at ppb2 bus 1
macobio0 at pci4 dev 7 function 0 &quot;Apple K2 Macio&quot; rev 0x20
openpic0 at macobio0 offset 0x40000: version 0x4614 feature 770302 LE
macgpio0 at macobio0 offset 0x50
&quot;pmu-interrupt&quot; at macgpio0 offset 0x9 not configured
&quot;programmer-switch&quot; at macgpio0 offset 0x11 not configured
&quot;modem-reset&quot; at macgpio0 offset 0x1d not configured
&quot;modem-power&quot; at macgpio0 offset 0x1e not configured
&quot;fcu-interrupt&quot; at macgpio0 offset 0x15 not configured
&quot;fcu-hw-reset&quot; at macgpio0 offset 0x3a not configured
&quot;slewing-done&quot; at macgpio0 offset 0x23 not configured
&quot;codec-input-data-mux&quot; at macgpio0 offset 0xb not configured
&quot;line-input-detect&quot; at macgpio0 offset 0xc not configured
&quot;codec-error-irq&quot; at macgpio0 offset 0xd not configured
&quot;dig-hw-reset&quot; at macgpio0 offset 0x14 not configured
&quot;line-output-detect&quot; at macgpio0 offset 0x16 not configured
&quot;headphone-detect&quot; at macgpio0 offset 0x17 not configured
&quot;codec-irq&quot; at macgpio0 offset 0x18 not configured
&quot;headphone-mute&quot; at macgpio0 offset 0x1f not configured
&quot;amp-mute&quot; at macgpio0 offset 0x20 not configured
&quot;hw-reset&quot; at macgpio0 offset 0x24 not configured
&quot;line-output-mute&quot; at macgpio0 offset 0x25 not configured
&quot;codec-clock-mux&quot; at macgpio0 offset 0x26 not configured
&quot;escc-legacy&quot; at macobio0 offset 0x12000 not configured
zsc0 at macobio0 offset 0x13000: irq 22,23
zstty0 at zsc0 channel 0
zstty1 at zsc0 channel 1
kiic1 at macobio0 offset 0x18000
iic1 at kiic1
aoa0 at macobio0 offset 0x10000: irq 30,1,2
i2s_set_rate: timeout
audio0 at aoa0
&quot;timer&quot; at macobio0 offset 0x15000 not configured
adb0 at macobio0 offset 0x16000
apm0 at adb0: battery flags 0x9, 0% charged
piic0 at adb0
iic2 at piic0
&quot;fans&quot; at macobio0 offset 0x4c not configured
ohci0 at pci4 dev 8 function 0 &quot;Apple K2 USB&quot; rev 0x00: irq 27, version 1.0, legacy support
ohci1 at pci4 dev 9 function 0 &quot;Apple K2 USB&quot; rev 0x00: irq 28, version 1.0, legacy support
usb0 at ohci0: USB revision 1.0
uhub0 at usb0 &quot;Apple OHCI root hub&quot; rev 1.00/1.00 addr 1
usb1 at ohci1: USB revision 1.0
uhub1 at usb1 &quot;Apple OHCI root hub&quot; rev 1.00/1.00 addr 1
ppb3 at pci1 dev 4 function 0 &quot;Apple U3&quot; rev 0x00
pci5 at ppb3 bus 2
ohci2 at pci5 dev 11 function 0 &quot;NEC USB&quot; rev 0x43: irq 63, version 1.0
ohci3 at pci5 dev 11 function 1 &quot;NEC USB&quot; rev 0x43: irq 63, version 1.0
ehci0 at pci5 dev 11 function 2 &quot;NEC USB&quot; rev 0x04: irq 63
usb2 at ehci0: USB revision 2.0
uhub2 at usb2 &quot;NEC EHCI root hub&quot; rev 2.00/1.00 addr 1
usb3 at ohci2: USB revision 1.0
uhub3 at usb3 &quot;NEC OHCI root hub&quot; rev 1.00/1.00 addr 1
usb4 at ohci3: USB revision 1.0
uhub4 at usb4 &quot;NEC OHCI root hub&quot; rev 1.00/1.00 addr 1
ppb4 at pci1 dev 5 function 0 &quot;Apple U3&quot; rev 0x00
pci6 at ppb4 bus 3
kauaiata0 at pci6 dev 13 function 0 &quot;Apple K2 ATA&quot; rev 0x00
wdc0 at kauaiata0 irq 39: DMA
atapiscsi0 at wdc0 channel 0 drive 0
scsibus1 at atapiscsi0: 2 targets
cd0 at scsibus1 targ 0 lun 0: &lt;LITE-ON, COMBO SOHC-4832K, OQK5&gt; ATAPI 5/cdrom removable
cd0(wdc0:0:0): using PIO mode 4, DMA mode 2, Ultra-DMA mode 3
&quot;Apple K2 Firewire&quot; rev 0x00 at pci6 dev 14 function 0 not configured
ppb5 at pci1 dev 6 function 0 &quot;Apple U3&quot; rev 0x00
pci7 at ppb5 bus 4
gem0 at pci7 dev 15 function 0 &quot;Apple K2 GMAC&quot; rev 0x00: irq 41, address xx:xx:xx:xx:xx:xx
brgphy0 at gem0 phy 1: BCM54K2 10/100/1000baseT PHY, rev. 0
ppb6 at pci1 dev 7 function 0 &quot;Apple U3&quot; rev 0x00
pci8 at ppb6 bus 5
pciide0 at pci8 dev 12 function 0 &quot;ServerWorks K2 SATA&quot; rev 0x00: DMA
pciide0: using irq 0 for native-PCI interrupt
pciide0: port 0: device present, speed: 1.5Gb/s
wd0 at pciide0 channel 0 drive 0: &lt;WDC WD1600HLFS-75G6U1&gt;
wd0: 16-sector PIO, LBA48, 152587MB, 312500000 sectors
wd0(pciide0:0:0): using PIO mode 4, Ultra-DMA mode 6
pciide0: port 1: PHY offline
pciide0: port 2: PHY offline
pciide0: port 3: PHY offline
uhub5 at uhub4 port 2 &quot;Mitsumi Electric Hub in Apple Extended USB Keyboard&quot; rev 1.10/4.20 addr 2
uhidev0 at uhub5 port 1 configuration 1 interface 0 &quot;PixArt Microsoft USB Optical Mouse&quot; rev 1.10/1.00 addr 3
uhidev0: iclass 3/1
ums0 at uhidev0: 3 buttons, Z dir
wsmouse0 at ums0 mux 0
uhidev1 at uhub5 port 3 configuration 1 interface 0 &quot;Mitsumi Electric Apple Extended USB Keyboard&quot; rev 1.10/4.20 addr 4
uhidev1: iclass 3/1
ukbd0 at uhidev1: 8 variable keys, 6 key codes
wskbd0 at ukbd0: console keyboard, using wsdisplay0
uhidev2 at uhub5 port 3 configuration 1 interface 1 &quot;Mitsumi Electric Apple Extended USB Keyboard&quot; rev 1.10/4.20 addr 4
uhidev2: iclass 3/0, 3 report ids
uhid0 at uhidev2 reportid 2: input=1, output=0, feature=0
uhid1 at uhidev2 reportid 3: input=3, output=0, feature=0
vscsi0 at root
scsibus2 at vscsi0: 256 targets
softraid0 at root
scsibus3 at softraid0: 256 targets
bootpath: /ht/pci@7/k2-sata-root/k2-sata@0/disk@0:/bsd
root on wd0a (693f9207230ddd91.a) swap on wd0b dump on wd0b
WARNING: / was not properly unmounted
wsmouse0 detached
ums0 detached
uhidev0 detached
uhidev0 at uhub5 port 1 configuration 1 interface 0 &quot;PixArt Microsoft USB Optical Mouse&quot; rev 1.10/1.00 addr 3
uhidev0: iclass 3/1
ums0 at uhidev0: 3 buttons, Z dir
wsmouse0 at ums0 mux 0
wsmouse0 detached
ums0 detached
uhidev0 detached
uhidev0 at uhub5 port 1 configuration 1 interface 0 &quot;PixArt Microsoft USB Optical Mouse&quot; rev 1.10/1.00 addr 3
uhidev0: iclass 3/1
ums0 at uhidev0: 3 buttons, Z dir
wsmouse0 at ums0 mux 0
wsmouse0 detached
ums0 detached
uhidev0 detached
ukbd0: was console keyboard
wskbd0 detached
ukbd0 detached
uhidev1 detached
uhid0 detached
uhid1 detached
uhidev2 detached
uhub5 detached
</pre>



</div><!-- content -->
<br />
<div id="footer">
All comments/news/posts are the property of their individual owner and
is presented without warranty of suitability, and solely as an
informational resource. <br />
This site Copyright &copy; 2004-2020 NYC*BUG.
</div><!-- footer -->

</body>
</html>

