



<!doctype html>
<html lang="en">
<head>
<meta name="keywords"
	content="bsd, freebsd, openbsd, netbsd, dragonflybsd, nycbug, dmesgd" />
<meta name="description" content="New York City BSD User Group dmesgd" />
<meta charset="utf-8" />
<meta name="viewport" content="width=device-width, initial-scale=1" />
<title>NYC*BUG dmesgd</title>
<style>
body {
	text-align: left;
	margin: 15px auto;
	padding: 0px 10px;
}
@media (min-width: 800px) {
	body {
		max-width: 85%;
	}
}
#header {
	border-bottom: 1px solid #dbdbdb;
	font-size: 230%;
	text-align: left;
}
#footer {
	border-top: 1px solid #dbdbdb;
	clear: both;
	text-align: left;
}
.logo_bug {
	color: #cc0033;
}
#menu ul {
	list-style-type: none;
	margin: 0;
	padding: 0;
}
#menu li {
	float: left;
}
#menu li a {
	display: block;
	background-color: #dbdbdb;
	color: #000000;
	font-size: 105%;
	font-weight: bold;
	padding: 0px 6px 0px 6px;
	text-decoration: none;
}
#content {
	clear: both;
	text-align: left;
	padding-top: 10px;
}
#content h1 {
	font-size: 120%;
	font-weight: bold;
}
#content h2 {
	font-size: 110%;
	font-weight: bold;
}
#content a {
	text-decoration: none;
}
#content pre {
	background-color: #dbdbdb;
	padding: 5px 5px 5px 5px;
	white-space: pre-wrap;		/* css-3 */
	white-space: -moz-pre-wrap;	/* Mozilla, since 1999 */
	white-space: -pre-wrap;		/* Opera 4-6 */
	white-space: -o-pre-wrap;	/* Opera 7 */
	word-wrap: break-word;		/* Internet Explorer 5.5+ */
}
#content table {
	border-collapse: collapse;
}
#content table th {
	border: 1px solid #dbdbdb;
	font-size: 85%;
	white-space: nowrap;
}
#content table td {
	border: 1px solid #dbdbdb;
	font-size: 80%;
}
#content input {
	font-size: 1em;
}
#content .full	{ width: 100%; }
#content .left	{ text-align: left; }
#content .right	{ text-align: right; }
#content .center { text-align: center; }
#content .flexbox {
	display: -ms-flex;
	display: -webkit-flex;
	display: flex;
	width: 100%;
}
#content .left_col {
	min-width: 75px;
	max-width: 50%;
	flex-grow: 0;
}
#content .right_col {
	flex-grow: 1;
	margin-left: 10px;
	padding-top: 10px;
	padding-left: 10px;
}
#col {
	-moz-column-count: 3;
	-webkit-column-count: 3;
	column-count: 3;
}
</style>
</head>
<body>

<div id="header">
<strong><em>NYC*</em><span class="logo_bug">BUG</span> dmesgd</strong>
</div><!-- header -->

<div id="menu">
<ul>
<li><a href="https://dmesgd.nycbug.org/index.cgi?do=index">Home</a></li>
<li><a href="https://dmesgd.nycbug.org/index.cgi?do=submit">Submit</a></li>
<li><a href="https://www.nycbug.org/">NYC*BUG</a></li>
</ul>
</div><!-- menu -->

<div id="content">

<p>
Launched in 2004, dmesgd aims to provide a
<strong>user-submitted</strong> repository of searchable *BSD dmesgs.
The dmesg(8) command displays the system message buffer's content, and
during boot a copy is saved to <em>/var/run/dmesg.boot</em>.  This buffer
contains the operating system release, name and version, a list of
devices identified, plus a whole host of other useful information.  We
hope others find this resource useful and further contribute to its
growth. Contact us at [ admin at lists dot nycbug dot org ].
</p>

<hr />


<strong>Date:</strong> <em>2014-12-11 02:25:55</em><br />
<strong>From:</strong> <em>Brian</em><br />
<strong>Description:</strong> <em>Lenovo X120e with BIOS whitelist removed and athn(4) wifi</em><br />

<pre>
OpenBSD 5.6-current (GENERIC.MP) #556: Sat Nov 22 19:01:58 MST 2014
    xxx@xxx.xxx:/usr/src/sys/arch/i386/compile/GENERIC.MP
cpu0: AMD E-350 Processor (&quot;AuthenticAMD&quot; 686-class, 512KB L2 cache) 1.60 GHz
cpu0: FPU,V86,DE,PSE,TSC,MSR,PAE,MCE,CX8,APIC,SEP,MTRR,PGE,MCA,CMOV,PAT,PSE36,CFLUSH,MMX,FXSR,SSE,SSE2,HTT,NXE,MMXX,FFXSR,PAGE1GB,LONG,SSE3,MWAIT,SSSE3,CX16,POPCNT,LAHF,CMPLEG,SVM,EAPICSP,AMCR8,ABM,SSE4A,MASSE,3DNOWP,IBS,SKINIT,WDT,ITSC
real mem  = 3347132416 (3192MB)
avail mem = 3280121856 (3128MB)
mpath0 at root
scsibus0 at mpath0: 256 targets
mainbus0 at root
bios0 at mainbus0: AT/286+ BIOS, date 11/07/12, BIOS32 rev. 0 @ 0xfc000, SMBIOS rev. 2.6 @ 0xf9ba0 (60 entries)
bios0: vendor LENOVO version &quot;8FET33WW (1.17 )&quot; date 11/07/2012
bios0: LENOVO 05962PU
acpi0 at bios0: rev 2
acpi0: sleep states S0 S3 S4 S5
acpi0: tables DSDT FACP SLIC ELIC HPET APIC MCFG UEFI UEFI SSDT SSDT UEFI
acpi0: wakeup devices PB4_(S4) PB5_(S4) PB6_(S4) PB7_(S4) OHC1(S3) OHC2(S3) EHC2(S3) OHC3(S3) EHC3(S3) OHC4(S3) SBAZ(S4) GEC_(S4) P2P_(S5) SPB0(S4) SPB1(S4) SPB2(S4) [...]
acpitimer0 at acpi0: 3579545 Hz, 32 bits
acpihpet0 at acpi0: 14318180 Hz
acpimadt0 at acpi0 addr 0xfee00000: PC-AT compat
cpu0 at mainbus0: apid 0 (boot processor)
mtrr: Pentium Pro MTRR support, 8 var ranges, 88 fixed ranges
cpu0: apic clock running at 199MHz
cpu0: mwait min=64, max=64, C-substates=0.0.0.0.0, IBE
cpu1 at mainbus0: apid 1 (application processor)
cpu1: AMD E-350 Processor (&quot;AuthenticAMD&quot; 686-class, 512KB L2 cache) 1.60 GHz
cpu1: FPU,V86,DE,PSE,TSC,MSR,PAE,MCE,CX8,APIC,SEP,MTRR,PGE,MCA,CMOV,PAT,PSE36,CFLUSH,MMX,FXSR,SSE,SSE2,HTT,NXE,MMXX,FFXSR,PAGE1GB,LONG,SSE3,MWAIT,SSSE3,CX16,POPCNT,LAHF,CMPLEG,SVM,EAPICSP,AMCR8,ABM,SSE4A,MASSE,3DNOWP,IBS,SKINIT,WDT,ITSC
ioapic0 at mainbus0: apid 2 pa 0xfec00000, version 21, 24 pins
ioapic0: misconfigured as apic 0, remapped to apid 2
acpimcfg0 at acpi0 addr 0xf8000000, bus 0-31
acpiprt0 at acpi0: bus 0 (PCI0)
acpiprt1 at acpi0: bus -1 (PB4_)
acpiprt2 at acpi0: bus -1 (PB5_)
acpiprt3 at acpi0: bus 1 (PB6_)
acpiprt4 at acpi0: bus -1 (PB7_)
acpiprt5 at acpi0: bus 2 (P2P_)
acpiprt6 at acpi0: bus 3 (SPB0)
acpiprt7 at acpi0: bus 4 (SPB1)
acpiprt8 at acpi0: bus -1 (SPB2)
acpiprt9 at acpi0: bus -1 (SPB3)
acpiec0 at acpi0
acpicpu0 at acpi0: C2, PSS
acpicpu1 at acpi0: C2, PSS
acpitz0 at acpi0: critical temperature is 92 degC
acpibtn0 at acpi0: PWRB
acpibtn1 at acpi0: SLPB
acpithinkpad0 at acpi0
acpiac0 at acpi0: AC unit online
acpibat0 at acpi0: BAT1 model &quot;42T4785&quot; serial  1776 type LION oem &quot;SANYO&quot;
acpibtn2 at acpi0: LID_
bios0: ROM list: 0xc0000/0xe200
cpu0: 1597 MHz: speeds: 1600 1280 800 MHz
pci0 at mainbus0 bus 0: configuration mode 1 (bios)
pchb0 at pci0 dev 0 function 0 &quot;AMD AMD64 14h Host&quot; rev 0x00
radeondrm0 at pci0 dev 1 function 0 &quot;ATI Radeon HD 6310&quot; rev 0x00
drm0 at radeondrm0
radeondrm0: msi
azalia0 at pci0 dev 1 function 1 &quot;ATI Radeon HD 6310 HD Audio&quot; rev 0x00: msi
azalia0: no supported codecs
ppb0 at pci0 dev 6 function 0 &quot;AMD AMD64 14h PCIE&quot; rev 0x00: apic 2 int 18
pci1 at ppb0 bus 1
1:0:0: mem address conflict 0xfffe0000/0x20000
re0 at pci1 dev 0 function 0 &quot;Realtek 8168&quot; rev 0x03: RTL8168D/8111D (0x2800), msi, address xx:xx:xx:xx:xx:xx
rgephy0 at re0 phy 7: RTL8169S/8110S PHY, rev. 2
ahci0 at pci0 dev 17 function 0 &quot;ATI SBx00 SATA&quot; rev 0x00: apic 2 int 19, AHCI 1.2
scsibus1 at ahci0: 32 targets
sd0 at scsibus1 targ 0 lun 0: &lt;ATA, HITACHI HTS72323, EC2Z&gt; SCSI3 0/direct fixed naa.5000cca61ddbc1b4
sd0: 305245MB, 512 bytes/sector, 625142448 sectors
ohci0 at pci0 dev 18 function 0 &quot;ATI SB700 USB&quot; rev 0x00: apic 2 int 18, version 1.0, legacy support
ehci0 at pci0 dev 18 function 2 &quot;ATI SB700 USB2&quot; rev 0x00: apic 2 int 17
usb0 at ehci0: USB revision 2.0
uhub0 at usb0 &quot;ATI EHCI root hub&quot; rev 2.00/1.00 addr 1
ohci1 at pci0 dev 19 function 0 &quot;ATI SB700 USB&quot; rev 0x00: apic 2 int 18, version 1.0, legacy support
ehci1 at pci0 dev 19 function 2 &quot;ATI SB700 USB2&quot; rev 0x00: apic 2 int 17
usb1 at ehci1: USB revision 2.0
uhub1 at usb1 &quot;ATI EHCI root hub&quot; rev 2.00/1.00 addr 1
piixpm0 at pci0 dev 20 function 0 &quot;ATI SBx00 SMBus&quot; rev 0x42: polling
iic0 at piixpm0
spdmem0 at iic0 addr 0x50: 2GB DDR3 SDRAM PC3-10600 SO-DIMM
spdmem1 at iic0 addr 0x51: 2GB DDR3 SDRAM PC3-10600 SO-DIMM
azalia1 at pci0 dev 20 function 2 &quot;ATI SBx00 HD Audio&quot; rev 0x40: apic 2 int 16
azalia1: codecs: Conexant/0x5066
audio0 at azalia1
pcib0 at pci0 dev 20 function 3 &quot;ATI SB700 ISA&quot; rev 0x40
ppb1 at pci0 dev 20 function 4 &quot;ATI SB600 PCI&quot; rev 0x40
pci2 at ppb1 bus 2
ppb2 at pci0 dev 21 function 0 &quot;ATI SB800 PCIE&quot; rev 0x00
pci3 at ppb2 bus 3
ppb3 at pci0 dev 21 function 1 &quot;ATI SB800 PCIE&quot; rev 0x00: apic 2 int 16
pci4 at ppb3 bus 4
athn0 at pci4 dev 0 function 0 &quot;Atheros AR9287&quot; rev 0x01: apic 2 int 17
athn0: AR9287 rev 2 (2T2R), ROM rev 4, address xx:xx:xx:xx:xx:xx
pchb1 at pci0 dev 24 function 0 &quot;AMD AMD64 14h Link Cfg&quot; rev 0x43
pchb2 at pci0 dev 24 function 1 &quot;AMD AMD64 14h Address Map&quot; rev 0x00
pchb3 at pci0 dev 24 function 2 &quot;AMD AMD64 14h DRAM Cfg&quot; rev 0x00
km0 at pci0 dev 24 function 3 &quot;AMD AMD64 14h Misc Cfg&quot; rev 0x00
pchb4 at pci0 dev 24 function 4 &quot;AMD AMD64 14h CPU Power&quot; rev 0x00
pchb5 at pci0 dev 24 function 5 &quot;AMD AMD64 14h Reserved&quot; rev 0x00
pchb6 at pci0 dev 24 function 6 &quot;AMD AMD64 14h NB Power&quot; rev 0x00
pchb7 at pci0 dev 24 function 7 &quot;AMD AMD64 14h Reserved&quot; rev 0x00
usb2 at ohci0: USB revision 1.0
uhub2 at usb2 &quot;ATI OHCI root hub&quot; rev 1.00/1.00 addr 1
usb3 at ohci1: USB revision 1.0
uhub3 at usb3 &quot;ATI OHCI root hub&quot; rev 1.00/1.00 addr 1
isa0 at pcib0
isadma0 at isa0
pckbc0 at isa0 port 0x60/5
pckbd0 at pckbc0 (kbd slot)
pckbc0: using irq 1 for kbd slot
wskbd0 at pckbd0: console keyboard
pms0 at pckbc0 (aux slot)
pckbc0: using irq 12 for aux slot
wsmouse0 at pms0 mux 0
wsmouse1 at pms0 mux 0
pms0: Synaptics touchpad, firmware 7.5
pcppi0 at isa0 port 0x61
spkr0 at pcppi0
npx0 at isa0 port 0xf0/16: reported by CPUID; using exception 16
umass0 at uhub1 port 2 configuration 1 interface 0 &quot;Generic USB2.0-CRW&quot; rev 2.00/58.88 addr 2
umass0: using SCSI over Bulk-Only
scsibus2 at umass0: 2 targets, initiator 0
sd1 at scsibus2 targ 1 lun 0: &lt;Generic-, Multi-Card, 1.00&gt; SCSI0 0/direct removable serial.0bda0158114173400000
uvideo0 at uhub1 port 5 configuration 1 interface 0 &quot;Image Processor Integrated Camera&quot; rev 2.00/3.59 addr 3
video0 at uvideo0
vscsi0 at root
scsibus3 at vscsi0: 256 targets
softraid0 at root
scsibus4 at softraid0: 256 targets
root on sd0a (6b48f7a15cb79b5b.a) swap on sd0b dump on sd0b
drm: initializing kernel modesetting (PALM 0x1002:0x9802 0x17AA:0x21DF).
radeondrm0: VRAM: 384M 0x0000000000000000 - 0x0000000017FFFFFF (384M used)
radeondrm0: GTT: 512M 0x0000000018000000 - 0x0000000037FFFFFF
drm: PCIE GART of 512M enabled (table at 0x0000000000040000).
drm: Internal thermal controller without fan control
radeondrm0: 1366x768
wsdisplay0 at radeondrm0 mux 1: console (std, vt100 emulation), using wskbd0
wsdisplay0: screen 1-5 added (std, vt100 emulation)
</pre>



</div><!-- content -->
<br />
<div id="footer">
All comments/news/posts are the property of their individual owner and
is presented without warranty of suitability, and solely as an
informational resource. <br />
This site Copyright &copy; 2004-2020 NYC*BUG.
</div><!-- footer -->

</body>
</html>

