



<!doctype html>
<html lang="en">
<head>
<meta name="keywords"
	content="bsd, freebsd, openbsd, netbsd, dragonflybsd, nycbug, dmesgd" />
<meta name="description" content="New York City BSD User Group dmesgd" />
<meta charset="utf-8" />
<meta name="viewport" content="width=device-width, initial-scale=1" />
<title>NYC*BUG dmesgd</title>
<style>
body {
	text-align: left;
	margin: 15px auto;
	padding: 0px 10px;
}
@media (min-width: 800px) {
	body {
		max-width: 85%;
	}
}
#header {
	border-bottom: 1px solid #dbdbdb;
	font-size: 230%;
	text-align: left;
}
#footer {
	border-top: 1px solid #dbdbdb;
	clear: both;
	text-align: left;
}
.logo_bug {
	color: #cc0033;
}
#menu ul {
	list-style-type: none;
	margin: 0;
	padding: 0;
}
#menu li {
	float: left;
}
#menu li a {
	display: block;
	background-color: #dbdbdb;
	color: #000000;
	font-size: 105%;
	font-weight: bold;
	padding: 0px 6px 0px 6px;
	text-decoration: none;
}
#content {
	clear: both;
	text-align: left;
	padding-top: 10px;
}
#content h1 {
	font-size: 120%;
	font-weight: bold;
}
#content h2 {
	font-size: 110%;
	font-weight: bold;
}
#content a {
	text-decoration: none;
}
#content pre {
	background-color: #dbdbdb;
	padding: 5px 5px 5px 5px;
	white-space: pre-wrap;		/* css-3 */
	white-space: -moz-pre-wrap;	/* Mozilla, since 1999 */
	white-space: -pre-wrap;		/* Opera 4-6 */
	white-space: -o-pre-wrap;	/* Opera 7 */
	word-wrap: break-word;		/* Internet Explorer 5.5+ */
}
#content table {
	border-collapse: collapse;
}
#content table th {
	border: 1px solid #dbdbdb;
	font-size: 85%;
	white-space: nowrap;
}
#content table td {
	border: 1px solid #dbdbdb;
	font-size: 80%;
}
#content input {
	font-size: 1em;
}
#content .full	{ width: 100%; }
#content .left	{ text-align: left; }
#content .right	{ text-align: right; }
#content .center { text-align: center; }
#content .flexbox {
	display: -ms-flex;
	display: -webkit-flex;
	display: flex;
	width: 100%;
}
#content .left_col {
	min-width: 75px;
	max-width: 50%;
	flex-grow: 0;
}
#content .right_col {
	flex-grow: 1;
	margin-left: 10px;
	padding-top: 10px;
	padding-left: 10px;
}
#col {
	-moz-column-count: 3;
	-webkit-column-count: 3;
	column-count: 3;
}
</style>
</head>
<body>

<div id="header">
<strong><em>NYC*</em><span class="logo_bug">BUG</span> dmesgd</strong>
</div><!-- header -->

<div id="menu">
<ul>
<li><a href="https://dmesgd.nycbug.org/index.cgi?do=index">Home</a></li>
<li><a href="https://dmesgd.nycbug.org/index.cgi?do=submit">Submit</a></li>
<li><a href="https://www.nycbug.org/">NYC*BUG</a></li>
</ul>
</div><!-- menu -->

<div id="content">

<p>
Launched in 2004, dmesgd aims to provide a
<strong>user-submitted</strong> repository of searchable *BSD dmesgs.
The dmesg(8) command displays the system message buffer's content, and
during boot a copy is saved to <em>/var/run/dmesg.boot</em>.  This buffer
contains the operating system release, name and version, a list of
devices identified, plus a whole host of other useful information.  We
hope others find this resource useful and further contribute to its
growth. Contact us at [ admin at lists dot nycbug dot org ].
</p>

<hr />


<strong>Date:</strong> <em>2015-01-16 19:56:44</em><br />
<strong>From:</strong> <em>gabe</em><br />
<strong>Description:</strong> <em>Dell XPS 13 Developer Edition</em><br />

<pre>
OpenBSD 5.7-beta (GENERIC.MP) #780: Thu Jan 15 19:52:07 MST 2015
    xxx@xxx.xxx:/usr/src/sys/arch/amd64/compile/GENERIC.MP
real mem = 8068243456 (7694MB)
avail mem = 7849586688 (7485MB)
mpath0 at root
scsibus0 at mpath0: 256 targets
mainbus0 at root
bios0 at mainbus0: SMBIOS rev. 2.7 @ 0xe0fc0 (69 entries)
bios0: vendor Dell Inc. version &quot;A06&quot; date 11/07/2014
bios0: Dell Inc. XPS13 9333
acpi0 at bios0: rev 2
acpi0: sleep states S0 S1 S3 S4 S5
acpi0: tables DSDT FACP ASF! HPET LPIT APIC MCFG SSDT SSDT SSDT SSDT SSDT UEFI POAT BATB FPDT SLIC UEFI SSDT CSRT
acpi0: wakeup devices P0P1(S4) GLAN(S4) EHC1(S4) EHC2(S4) XHC_(S4) HDEF(S4) TPD4(S4) TPD7(S0) TPD8(S0) PXSX(S4) RP01(S4) PXSX(S4) RP02(S4) PXSX(S4) RP03(S4) PXSX(S4) [...]
acpitimer0 at acpi0: 3579545 Hz, 24 bits
acpihpet0 at acpi0: 14318179 Hz
acpimadt0 at acpi0 addr 0xfee00000: PC-AT compat
cpu0 at mainbus0: apid 0 (boot processor)
cpu0: Intel(R) Core(TM) i5-4210U CPU @ 1.70GHz, 1596.55 MHz
cpu0: FPU,VME,DE,PSE,TSC,MSR,PAE,MCE,CX8,APIC,SEP,MTRR,PGE,MCA,CMOV,PAT,PSE36,CFLUSH,DS,ACPI,MMX,FXSR,SSE,SSE2,SS,HTT,TM,PBE,SSE3,PCLMUL,DTES64,MWAIT,DS-CPL,VMX,EST,TM2,SSSE3,FMA3,CX16,xTPR,PDCM,PCID,SSE4.1,SSE4.2,MOVBE,POPCNT,DEADLINE,AES,XSAVE,AVX,F16C,RDRAND,NXE,PAGE1GB,LONG,LAHF,ABM,PERF,ITSC,FSGSBASE,BMI1,AVX2,SMEP,BMI2,ERMS,INVPCID
cpu0: 256KB 64b/line 8-way L2 cache
cpu0: smt 0, core 0, package 0
mtrr: Pentium Pro MTRR support, 10 var ranges, 88 fixed ranges
cpu0: apic clock running at 99MHz
cpu0: mwait min=64, max=64, C-substates=0.2.1.2.4, IBE
cpu1 at mainbus0: apid 1 (application processor)
cpu1: Intel(R) Core(TM) i5-4210U CPU @ 1.70GHz, 1596.31 MHz
cpu1: FPU,VME,DE,PSE,TSC,MSR,PAE,MCE,CX8,APIC,SEP,MTRR,PGE,MCA,CMOV,PAT,PSE36,CFLUSH,DS,ACPI,MMX,FXSR,SSE,SSE2,SS,HTT,TM,PBE,SSE3,PCLMUL,DTES64,MWAIT,DS-CPL,VMX,EST,TM2,SSSE3,FMA3,CX16,xTPR,PDCM,PCID,SSE4.1,SSE4.2,MOVBE,POPCNT,DEADLINE,AES,XSAVE,AVX,F16C,RDRAND,NXE,PAGE1GB,LONG,LAHF,ABM,PERF,ITSC,FSGSBASE,BMI1,AVX2,SMEP,BMI2,ERMS,INVPCID
cpu1: 256KB 64b/line 8-way L2 cache
cpu1: smt 1, core 0, package 0
cpu2 at mainbus0: apid 2 (application processor)
cpu2: Intel(R) Core(TM) i5-4210U CPU @ 1.70GHz, 1596.31 MHz
cpu2: FPU,VME,DE,PSE,TSC,MSR,PAE,MCE,CX8,APIC,SEP,MTRR,PGE,MCA,CMOV,PAT,PSE36,CFLUSH,DS,ACPI,MMX,FXSR,SSE,SSE2,SS,HTT,TM,PBE,SSE3,PCLMUL,DTES64,MWAIT,DS-CPL,VMX,EST,TM2,SSSE3,FMA3,CX16,xTPR,PDCM,PCID,SSE4.1,SSE4.2,MOVBE,POPCNT,DEADLINE,AES,XSAVE,AVX,F16C,RDRAND,NXE,PAGE1GB,LONG,LAHF,ABM,PERF,ITSC,FSGSBASE,BMI1,AVX2,SMEP,BMI2,ERMS,INVPCID
cpu2: 256KB 64b/line 8-way L2 cache
cpu2: smt 0, core 1, package 0
cpu3 at mainbus0: apid 3 (application processor)
cpu3: Intel(R) Core(TM) i5-4210U CPU @ 1.70GHz, 1596.31 MHz
cpu3: FPU,VME,DE,PSE,TSC,MSR,PAE,MCE,CX8,APIC,SEP,MTRR,PGE,MCA,CMOV,PAT,PSE36,CFLUSH,DS,ACPI,MMX,FXSR,SSE,SSE2,SS,HTT,TM,PBE,SSE3,PCLMUL,DTES64,MWAIT,DS-CPL,VMX,EST,TM2,SSSE3,FMA3,CX16,xTPR,PDCM,PCID,SSE4.1,SSE4.2,MOVBE,POPCNT,DEADLINE,AES,XSAVE,AVX,F16C,RDRAND,NXE,PAGE1GB,LONG,LAHF,ABM,PERF,ITSC,FSGSBASE,BMI1,AVX2,SMEP,BMI2,ERMS,INVPCID
cpu3: 256KB 64b/line 8-way L2 cache
cpu3: smt 1, core 1, package 0
ioapic0 at mainbus0: apid 2 pa 0xfec00000, version 20, 40 pins
acpimcfg0 at acpi0 addr 0xf8000000, bus 0-63
acpiprt0 at acpi0: bus 0 (PCI0)
acpiprt1 at acpi0: bus -1 (P0P1)
acpiprt2 at acpi0: bus 1 (RP01)
acpiprt3 at acpi0: bus 2 (RP03)
acpiprt4 at acpi0: bus -1 (PEG0)
acpiprt5 at acpi0: bus -1 (PEG1)
acpiprt6 at acpi0: bus -1 (PEG2)
acpiec0 at acpi0
acpicpu0 at acpi0: C3, C1, PSS
acpicpu1 at acpi0: C3, C1, PSS
acpicpu2 at acpi0: C3, C1, PSS
acpicpu3 at acpi0: C3, C1, PSS
acpitz0 at acpi0: critical temperature is 105 degC
acpitz1 at acpi0: critical temperature is 105 degC
acpibtn0 at acpi0: PWRB
acpibtn1 at acpi0: LID0
acpiac0 at acpi0: AC unit online
acpibat0 at acpi0: BAT0 model &quot;Dell&quot; serial 1727 type LION oem &quot;SIMPLO&quot;
acpivideo0 at acpi0: GFX0
acpivout0 at acpivideo0: DD1F
cpu0: Enhanced SpeedStep 1596 MHz: speeds: 2401, 2400, 2300, 2200, 2000, 1900, 1700, 1600, 1500, 1400, 1300, 1200, 1100, 900, 800, 768 MHz
pci0 at mainbus0 bus 0
pchb0 at pci0 dev 0 function 0 &quot;Intel Core 4G Host&quot; rev 0x0b
vga1 at pci0 dev 2 function 0 &quot;Intel HD Graphics&quot; rev 0x0b
intagp at vga1 not configured
inteldrm0 at vga1
drm0 at inteldrm0
drm: Memory usable by graphics device = 2048M
error: [drm:pid0:i915_write32] *ERROR* Unknown unclaimed register before writing to 100000
error: [drm:pid0:intel_dp_set_link_train] *ERROR* Timed out waiting for DP idle patterns
error: [drm:pid0:i915_write32] *ERROR* Unknown unclaimed register before writing to 64040
inteldrm0: 1920x1080
wsdisplay0 at vga1 mux 1: console (std, vt100 emulation)
wsdisplay0: screen 1-5 added (std, vt100 emulation)
azalia0 at pci0 dev 3 function 0 &quot;Intel Core 4G HD Audio&quot; rev 0x0b: msi
azalia0: No codecs found
xhci0 at pci0 dev 20 function 0 &quot;Intel 8 Series xHCI&quot; rev 0x04: msi
usb0 at xhci0: USB revision 3.0
uhub0 at usb0 &quot;Intel xHCI root hub&quot; rev 3.00/1.00 addr 1
&quot;Intel 8 Series MEI&quot; rev 0x04 at pci0 dev 22 function 0 not configured
azalia1 at pci0 dev 27 function 0 &quot;Intel 8 Series HD Audio&quot; rev 0x04: msi
azalia1: codecs: Realtek/0x0668
audio0 at azalia1
ppb0 at pci0 dev 28 function 0 &quot;Intel 8 Series PCIE&quot; rev 0xe4
pci1 at ppb0 bus 1
ppb1 at pci0 dev 28 function 2 &quot;Intel 8 Series PCIE&quot; rev 0xe4: msi
pci2 at ppb1 bus 2
&quot;Intel Dual Band Wireless AC 7260&quot; rev 0x6b at pci2 dev 0 function 0 not configured
ehci0 at pci0 dev 29 function 0 &quot;Intel 8 Series USB&quot; rev 0x04: apic 2 int 23
usb1 at ehci0: USB revision 2.0
uhub1 at usb1 &quot;Intel EHCI root hub&quot; rev 2.00/1.00 addr 1
pcib0 at pci0 dev 31 function 0 &quot;Intel 8 Series LPC&quot; rev 0x04
ichiic0 at pci0 dev 31 function 3 &quot;Intel 8 Series SMBus&quot; rev 0x04: apic 2 int 18
iic0 at ichiic0
iic0: addr 0x29 80=03 81=ad 82=ff 83=ff 8f=02 91=01 92=44 93=11 94=0d 96=07 98=04 9a=03 9f=14 a0=03 a1=ad a2=ff a3=ff af=02 b1=01 b2=44 b3=11 b4=0d b6=07 b8=04 ba=03 bf=14 c0=03 c1=ad c2=ff c3=ff cf=02 d1=01 d2=44 d3=11 d4=0d d6=07 d8=04 da=03 df=14 e0=14 e1=14 e2=14 e3=14 e4=14 e5=14 e6=14 e7=14 e9=14 ea=14 eb=14 ec=14 ed=14 ee=14 ef=14 f0=14 f1=14 f2=14 f3=14 f4=14 f5=14 f6=14 f7=14 f8=14 f9=14 fa=14 fb=14 fd=14 ff=14 words 00=0000 01=0100 02=0200 03=0300 04=0400 05=0500 06=0600 07=0700
iic0: addr 0x4c 00=2f 01=31 02=80 04=06 05=55 07=55 0a=06 0b=55 0d=55 10=80 15=55 19=55 1a=55 1e=5b 20=55 21=0a 22=70 23=2c 24=20 25=0f 26=0f 27=12 28=12 29=e0 60=06 70=06 71=07 72=07 a4=6e a5=e0 ac=28 ad=d4 ae=04 af=df b0=20 b1=20 fd=23 fe=5d ff=04 words 00=2eff 01=31ff 02=80ff 03=00ff 04=06ff 05=55ff 06=00ff 07=55ff
isa0 at pcib0
isadma0 at isa0
pckbc0 at isa0 port 0x60/5
pckbd0 at pckbc0 (kbd slot)
pckbc0: using irq 1 for kbd slot
wskbd0 at pckbd0: console keyboard, using wsdisplay0
pms0 at pckbc0 (aux slot)
pckbc0: using irq 12 for aux slot
wsmouse0 at pms0 mux 0
pms0: disable error
pms0: disable error
pms0: disable error
pms0: disable error
pms0: disable error
pcppi0 at isa0 port 0x61
spkr0 at pcppi0
umass0 at uhub0 port 2 configuration 1 interface 0 &quot;SanDisk Cruzer Fit&quot; rev 2.00/1.27 addr 2
umass0: using SCSI over Bulk-Only
scsibus1 at umass0: 2 targets, initiator 0
sd0 at scsibus1 targ 1 lun 0: &lt;SanDisk, Cruzer Fit, 1.27&gt; SCSI4 0/direct removable serial.07815571000912119374
sd0: 30532MB, 512 bytes/sector, 62530624 sectors
uhidev0 at uhub0 port 3 configuration 1 interface 0 &quot;SYNAPTICS Synaptics Large Touch Screen&quot; rev 2.00/0.01 addr 3
uhidev0: iclass 3/0, 15 report ids
ums0 at uhidev0 reportid 1: 1 button, tip
wsmouse1 at ums0 mux 0
ums1 at uhidev0 reportid 2: 2 buttons
wsmouse2 at ums1 mux 0
ums2 at uhidev0 reportid 7
ums2: mouse has no X report
uhid0 at uhidev0 reportid 8: input=0, output=0, feature=1
uhid1 at uhidev0 reportid 9: input=0, output=63, feature=0
uhid2 at uhidev0 reportid 10: input=0, output=5, feature=0
uhid3 at uhidev0 reportid 11: input=61, output=0, feature=0
uhid4 at uhidev0 reportid 12: input=1, output=0, feature=0
uhid5 at uhidev0 reportid 15: input=0, output=0, feature=1
uvideo0 at uhub0 port 5 configuration 1 interface 0 &quot;CN0Y2TKG724873CED0DKA00 Integrated_Webcam_HD&quot; rev 2.01/39.02 addr 4
video0 at uvideo0
ugen0 at uhub0 port 6 &quot;Intel product 0x07dc&quot; rev 2.00/0.01 addr 5
uhub2 at uhub1 port 1 &quot;Intel Rate Matching Hub&quot; rev 2.00/0.04 addr 2
vscsi0 at root
scsibus2 at vscsi0: 256 targets
softraid0 at root
scsibus3 at softraid0: 256 targets
root on sd0a (cfdff5f28f76964c.a) swap on sd0b dump on sd0b
WARNING: / was not properly unmounted
error: [drm:pid2416:i915_write32] *ERROR* Unknown unclaimed register before writing to 101008
pckbc: command timeout
pckbc: command timeout
pms0: enable error
pms0: not in sync yet, discard input (state 0)
pckbc: command timeout
pms0: disable error
pckbc: command timeout
pckbc: command timeout
pms0: enable error
pms0: not in sync yet, discard input (state 0)
pckbc: command timeout
pms0: disable error
pckbc: command timeout
pckbc: command timeout
pms0: enable error
umass1 at uhub0 port 10 configuration 1 interface 0 &quot;Western Digital My Passport 0820&quot; rev 3.00/10.07 addr 6
umass1: using SCSI over Bulk-Only
scsibus4 at umass1: 2 targets, initiator 0
sd1 at scsibus4 targ 1 lun 0: &lt;WD, My Passport 0820, 1007&gt; SCSI4 0/direct fixed
sd1: 953837MB, 512 bytes/sector, 1953458176 sectors
ses0 at scsibus4 targ 1 lun 1: &lt;WD, SES Device, 1007&gt; SCSI4 13/enclosure services fixed
ses0: unable to read enclosure configuration

</pre>



</div><!-- content -->
<br />
<div id="footer">
All comments/news/posts are the property of their individual owner and
is presented without warranty of suitability, and solely as an
informational resource. <br />
This site Copyright &copy; 2004-2020 NYC*BUG.
</div><!-- footer -->

</body>
</html>

