



<!doctype html>
<html lang="en">
<head>
<meta name="keywords"
	content="bsd, freebsd, openbsd, netbsd, dragonflybsd, nycbug, dmesgd" />
<meta name="description" content="New York City BSD User Group dmesgd" />
<meta charset="utf-8" />
<meta name="viewport" content="width=device-width, initial-scale=1" />
<title>NYC*BUG dmesgd</title>
<style>
body {
	text-align: left;
	margin: 15px auto;
	padding: 0px 10px;
}
@media (min-width: 800px) {
	body {
		max-width: 85%;
	}
}
#header {
	border-bottom: 1px solid #dbdbdb;
	font-size: 230%;
	text-align: left;
}
#footer {
	border-top: 1px solid #dbdbdb;
	clear: both;
	text-align: left;
}
.logo_bug {
	color: #cc0033;
}
#menu ul {
	list-style-type: none;
	margin: 0;
	padding: 0;
}
#menu li {
	float: left;
}
#menu li a {
	display: block;
	background-color: #dbdbdb;
	color: #000000;
	font-size: 105%;
	font-weight: bold;
	padding: 0px 6px 0px 6px;
	text-decoration: none;
}
#content {
	clear: both;
	text-align: left;
	padding-top: 10px;
}
#content h1 {
	font-size: 120%;
	font-weight: bold;
}
#content h2 {
	font-size: 110%;
	font-weight: bold;
}
#content a {
	text-decoration: none;
}
#content pre {
	background-color: #dbdbdb;
	padding: 5px 5px 5px 5px;
	white-space: pre-wrap;		/* css-3 */
	white-space: -moz-pre-wrap;	/* Mozilla, since 1999 */
	white-space: -pre-wrap;		/* Opera 4-6 */
	white-space: -o-pre-wrap;	/* Opera 7 */
	word-wrap: break-word;		/* Internet Explorer 5.5+ */
}
#content table {
	border-collapse: collapse;
}
#content table th {
	border: 1px solid #dbdbdb;
	font-size: 85%;
	white-space: nowrap;
}
#content table td {
	border: 1px solid #dbdbdb;
	font-size: 80%;
}
#content input {
	font-size: 1em;
}
#content .full	{ width: 100%; }
#content .left	{ text-align: left; }
#content .right	{ text-align: right; }
#content .center { text-align: center; }
#content .flexbox {
	display: -ms-flex;
	display: -webkit-flex;
	display: flex;
	width: 100%;
}
#content .left_col {
	min-width: 75px;
	max-width: 50%;
	flex-grow: 0;
}
#content .right_col {
	flex-grow: 1;
	margin-left: 10px;
	padding-top: 10px;
	padding-left: 10px;
}
#col {
	-moz-column-count: 3;
	-webkit-column-count: 3;
	column-count: 3;
}
</style>
</head>
<body>

<div id="header">
<strong><em>NYC*</em><span class="logo_bug">BUG</span> dmesgd</strong>
</div><!-- header -->

<div id="menu">
<ul>
<li><a href="https://dmesgd.nycbug.org/index.cgi?do=index">Home</a></li>
<li><a href="https://dmesgd.nycbug.org/index.cgi?do=submit">Submit</a></li>
<li><a href="https://www.nycbug.org/">NYC*BUG</a></li>
</ul>
</div><!-- menu -->

<div id="content">

<p>
Launched in 2004, dmesgd aims to provide a
<strong>user-submitted</strong> repository of searchable *BSD dmesgs.
The dmesg(8) command displays the system message buffer's content, and
during boot a copy is saved to <em>/var/run/dmesg.boot</em>.  This buffer
contains the operating system release, name and version, a list of
devices identified, plus a whole host of other useful information.  We
hope others find this resource useful and further contribute to its
growth. Contact us at [ admin at lists dot nycbug dot org ].
</p>

<hr />


<strong>Date:</strong> <em>2015-02-07 00:06:28</em><br />
<strong>From:</strong> <em>LinuXo</em><br />
<strong>Description:</strong> <em>AMD Duron 900+</em><br />

<pre>
OpenBSD 5.6 (GENERIC) #5: Thu Dec 11 11:38:13 CET 2014
    xxx@xxx.xxx:/binpatchng/work-binpatch56-i386/src/sys/arch/i386/compile/GENERIC
cpu0: AMD Duron(tm) Processor (&quot;AuthenticAMD&quot; 686-class, 64KB L2 cache) 893 MHz
cpu0: FPU,V86,DE,PSE,TSC,MSR,PAE,MCE,CX8,SEP,MTRR,PGE,MCA,CMOV,PAT,PSE36,MMX,FXSR,MMXX,3DNOW2,3DNOW
real mem  = 259551232 (247MB)
avail mem = 242860032 (231MB)
mpath0 at root
scsibus0 at mpath0: 256 targets
mainbus0 at root
bios0 at mainbus0: AT/286+ BIOS, date 08/09/02, BIOS32 rev. 0 @ 0xfdae0, SMBIOS rev. 2.3 @ 0xf0630 (23 entries)
bios0: vendor American Megatrends Inc. version &quot;062710&quot; date 07/15/97
acpi at bios0 function 0x0 not configured
apm0 at bios0: Power Management spec V1.2
pcibios0 at bios0: rev 2.1 @ 0xf0000/0x10000
pcibios0: PCI IRQ Routing Table rev 1.0 @ 0xf8350/96 (4 entries)
pcibios0: PCI Interrupt Router at 000:01:0 (&quot;SiS 85C503 System&quot; rev 0x00)
pcibios0: PCI bus #1 is the last bus
bios0: ROM list: 0xc0000/0xc000 0xcc000/0x8000!
cpu0 at mainbus0: (uniprocessor)
mtrr: Pentium Pro MTRR support, 8 var ranges, 88 fixed ranges
pci0 at mainbus0 bus 0: configuration mode 1 (bios)
pchb0 at pci0 dev 0 function 0 &quot;SiS 730 PCI&quot; rev 0x02
sisagp0 at pchb0
agp0 at sisagp0: aperture at 0xd0000000, size 0x4000000
pciide0 at pci0 dev 0 function 1 &quot;SiS 5513 EIDE&quot; rev 0xd0: 730: DMA, channel 0 wired to compatibility, channel 1 wired to compatibility
wd0 at pciide0 channel 0 drive 1: &lt;SAMSUNG WNR-31601A (1600MB)&gt;
wd0: 16-sector PIO, LBA, 1536MB, 3145968 sectors
wd0(pciide0:0:1): using PIO mode 4, DMA mode 2
wd1 at pciide0 channel 1 drive 0: &lt;ST320413A&gt;
wd1: 16-sector PIO, LBA, 19458MB, 39851760 sectors
wd2 at pciide0 channel 1 drive 1: &lt;ST320413A&gt;
wd2: 16-sector PIO, LBA, 19458MB, 39851760 sectors
wd1(pciide0:1:0): using PIO mode 4, Ultra-DMA mode 2
wd2(pciide0:1:1): using PIO mode 4, Ultra-DMA mode 2
pcib0 at pci0 dev 1 function 0 &quot;SiS 85C503 System&quot; rev 0x00
sis0 at pci0 dev 1 function 1 &quot;SiS 900 10/100BaseTX&quot; rev 0x82: irq 5, address xx:xx:xx:xx:xx:xx
ukphy0 at sis0 phy 0: Generic IEEE 802.3u media interface, rev. 5: OUI 0x004063, model 0x0032
ohci0 at pci0 dev 1 function 2 &quot;SiS 5597/5598 USB&quot; rev 0x07: irq 11, version 1.0, legacy support
ohci1 at pci0 dev 1 function 3 &quot;SiS 5597/5598 USB&quot; rev 0x07: irq 11, version 1.0, legacy support
autri0 at pci0 dev 1 function 4 &quot;SiS 7018 Audio&quot; rev 0x02: irq 10
ac97: codec id 0x56494161 (VIA Technologies VT1612A)
ac97: codec features headphone, 18 bit DAC, 18 bit ADC, KS Waves 3D
audio0 at autri0
midi0 at autri0: &lt;4DWAVE MIDI UART&gt;
ppb0 at pci0 dev 2 function 0 &quot;SiS 86C201 AGP&quot; rev 0x00
pci1 at ppb0 bus 1
vga1 at pci1 dev 0 function 0 &quot;SiS 6300&quot; rev 0x31
wsdisplay0 at vga1 mux 1: console (80x25, vt100 emulation)
wsdisplay0: screen 1-5 added (80x25, vt100 emulation)
rl0 at pci0 dev 9 function 0 &quot;Realtek 8139&quot; rev 0x10: irq 12, address xx:xx:xx:xx:xx:xx
rlphy0 at rl0 phy 0: RTL internal PHY
rl1 at pci0 dev 11 function 0 &quot;Realtek 8139&quot; rev 0x10: irq 5, address xx:xx:xx:xx:xx:xx
rlphy1 at rl1 phy 0: RTL internal PHY
isa0 at pcib0
isadma0 at isa0
com0 at isa0 port 0x3f8/8 irq 4: ns16550a, 16 byte fifo
pckbc0 at isa0 port 0x60/5
pcppi0 at isa0 port 0x61
spkr0 at pcppi0
lpt0 at isa0 port 0x378/4 irq 7
it0 at isa0 port 0x2e/2: IT8705F rev 2, EC port 0x290
npx0 at isa0 port 0xf0/16: reported by CPUID; using exception 16
fdc0 at isa0 port 0x3f0/6 irq 6 drq 2
usb0 at ohci0: USB revision 1.0
uhub0 at usb0 &quot;SiS OHCI root hub&quot; rev 1.00/1.00 addr 1
usb1 at ohci1: USB revision 1.0
uhub1 at usb1 &quot;SiS OHCI root hub&quot; rev 1.00/1.00 addr 1
vscsi0 at root
scsibus1 at vscsi0: 256 targets
softraid0 at root
scsibus2 at softraid0: 256 targets
sd0 at scsibus2 targ 1 lun 0: &lt;OPENBSD, SR RAID 1, 005&gt; SCSI2 0/direct fixed
sd0: 19453MB, 512 bytes/sector, 39840608 sectors
root on wd0a (055d34290f5b670b.a) swap on wd0b dump on wd0b

</pre>



</div><!-- content -->
<br />
<div id="footer">
All comments/news/posts are the property of their individual owner and
is presented without warranty of suitability, and solely as an
informational resource. <br />
This site Copyright &copy; 2004-2020 NYC*BUG.
</div><!-- footer -->

</body>
</html>

