



<!doctype html>
<html lang="en">
<head>
<meta name="keywords"
	content="bsd, freebsd, openbsd, netbsd, dragonflybsd, nycbug, dmesgd" />
<meta name="description" content="New York City BSD User Group dmesgd" />
<meta charset="utf-8" />
<meta name="viewport" content="width=device-width, initial-scale=1" />
<title>NYC*BUG dmesgd</title>
<style>
body {
	text-align: left;
	margin: 15px auto;
	padding: 0px 10px;
}
@media (min-width: 800px) {
	body {
		max-width: 85%;
	}
}
#header {
	border-bottom: 1px solid #dbdbdb;
	font-size: 230%;
	text-align: left;
}
#footer {
	border-top: 1px solid #dbdbdb;
	clear: both;
	text-align: left;
}
.logo_bug {
	color: #cc0033;
}
#menu ul {
	list-style-type: none;
	margin: 0;
	padding: 0;
}
#menu li {
	float: left;
}
#menu li a {
	display: block;
	background-color: #dbdbdb;
	color: #000000;
	font-size: 105%;
	font-weight: bold;
	padding: 0px 6px 0px 6px;
	text-decoration: none;
}
#content {
	clear: both;
	text-align: left;
	padding-top: 10px;
}
#content h1 {
	font-size: 120%;
	font-weight: bold;
}
#content h2 {
	font-size: 110%;
	font-weight: bold;
}
#content a {
	text-decoration: none;
}
#content pre {
	background-color: #dbdbdb;
	padding: 5px 5px 5px 5px;
	white-space: pre-wrap;		/* css-3 */
	white-space: -moz-pre-wrap;	/* Mozilla, since 1999 */
	white-space: -pre-wrap;		/* Opera 4-6 */
	white-space: -o-pre-wrap;	/* Opera 7 */
	word-wrap: break-word;		/* Internet Explorer 5.5+ */
}
#content table {
	border-collapse: collapse;
}
#content table th {
	border: 1px solid #dbdbdb;
	font-size: 85%;
	white-space: nowrap;
}
#content table td {
	border: 1px solid #dbdbdb;
	font-size: 80%;
}
#content input {
	font-size: 1em;
}
#content .full	{ width: 100%; }
#content .left	{ text-align: left; }
#content .right	{ text-align: right; }
#content .center { text-align: center; }
#content .flexbox {
	display: -ms-flex;
	display: -webkit-flex;
	display: flex;
	width: 100%;
}
#content .left_col {
	min-width: 75px;
	max-width: 50%;
	flex-grow: 0;
}
#content .right_col {
	flex-grow: 1;
	margin-left: 10px;
	padding-top: 10px;
	padding-left: 10px;
}
#col {
	-moz-column-count: 3;
	-webkit-column-count: 3;
	column-count: 3;
}
</style>
</head>
<body>

<div id="header">
<strong><em>NYC*</em><span class="logo_bug">BUG</span> dmesgd</strong>
</div><!-- header -->

<div id="menu">
<ul>
<li><a href="https://dmesgd.nycbug.org/index.cgi?do=index">Home</a></li>
<li><a href="https://dmesgd.nycbug.org/index.cgi?do=submit">Submit</a></li>
<li><a href="https://www.nycbug.org/">NYC*BUG</a></li>
</ul>
</div><!-- menu -->

<div id="content">

<p>
Launched in 2004, dmesgd aims to provide a
<strong>user-submitted</strong> repository of searchable *BSD dmesgs.
The dmesg(8) command displays the system message buffer's content, and
during boot a copy is saved to <em>/var/run/dmesg.boot</em>.  This buffer
contains the operating system release, name and version, a list of
devices identified, plus a whole host of other useful information.  We
hope others find this resource useful and further contribute to its
growth. Contact us at [ admin at lists dot nycbug dot org ].
</p>

<hr />


<strong>Date:</strong> <em>2015-03-01 19:29:22</em><br />
<strong>From:</strong> <em>afresh1</em><br />
<strong>Description:</strong> <em>INTEL Corporation ChiefRiver</em><br />

<pre>
OpenBSD 5.7-beta (GENERIC.MP) #869: Sun Mar  1 02:26:37 MST 2015
    xxx@xxx.xxx:/usr/src/sys/arch/amd64/compile/GENERIC.MP
real mem = 8463970304 (8071MB)
avail mem = 8234745856 (7853MB)
mpath0 at root
scsibus0 at mpath0: 256 targets
mainbus0 at root
bios0 at mainbus0: SMBIOS rev. 2.7 @ 0xeb530 (73 entries)
bios0: vendor American Megatrends Inc. version &quot;4.6.5&quot; date 04/29/2014
bios0: INTEL Corporation ChiefRiver
acpi0 at bios0: rev 2
acpi0: sleep states S0 S3 S4 S5
acpi0: tables DSDT FACP APIC FPDT MCFG HPET SSDT SSDT
acpi0: wakeup devices P0P1(S4) USB1(S3) USB2(S3) USB3(S3) USB4(S3) USB5(S3) USB6(S3) USB7(S3) PXSX(S4) RP01(S4) PXSX(S4) RP02(S4) PXSX(S4) RP03(S4) PXSX(S4) RP04(S4) [...]
acpitimer0 at acpi0: 3579545 Hz, 24 bits
acpimadt0 at acpi0 addr 0xfee00000: PC-AT compat
cpu0 at mainbus0: apid 0 (boot processor)
cpu0: Intel(R) Celeron(R) CPU 1037U @ 1.80GHz, 1796.19 MHz
cpu0: FPU,VME,DE,PSE,TSC,MSR,PAE,MCE,CX8,APIC,SEP,MTRR,PGE,MCA,CMOV,PAT,PSE36,CFLUSH,DS,ACPI,MMX,FXSR,SSE,SSE2,SS,HTT,TM,PBE,SSE3,PCLMUL,DTES64,MWAIT,DS-CPL,VMX,EST,TM2,SSSE3,CX16,xTPR,PDCM,PCID,SSE4.1,SSE4.2,x2APIC,POPCNT,DEADLINE,XSAVE,NXE,LONG,LAHF,PERF,ITSC,FSGSBASE,SMEP,ERMS
cpu0: 256KB 64b/line 8-way L2 cache
cpu0: smt 0, core 0, package 0
mtrr: Pentium Pro MTRR support, 10 var ranges, 88 fixed ranges
cpu0: apic clock running at 99MHz
cpu0: mwait min=64, max=64, C-substates=0.2.1.1.2, IBE
cpu1 at mainbus0: apid 2 (application processor)
cpu1: Intel(R) Celeron(R) CPU 1037U @ 1.80GHz, 1795.92 MHz
cpu1: FPU,VME,DE,PSE,TSC,MSR,PAE,MCE,CX8,APIC,SEP,MTRR,PGE,MCA,CMOV,PAT,PSE36,CFLUSH,DS,ACPI,MMX,FXSR,SSE,SSE2,SS,HTT,TM,PBE,SSE3,PCLMUL,DTES64,MWAIT,DS-CPL,VMX,EST,TM2,SSSE3,CX16,xTPR,PDCM,PCID,SSE4.1,SSE4.2,x2APIC,POPCNT,DEADLINE,XSAVE,NXE,LONG,LAHF,PERF,ITSC,FSGSBASE,SMEP,ERMS
cpu1: 256KB 64b/line 8-way L2 cache
cpu1: smt 0, core 1, package 0
ioapic0 at mainbus0: apid 2 pa 0xfec00000, version 20, 24 pins
acpimcfg0 at acpi0 addr 0xf8000000, bus 0-63
acpihpet0 at acpi0: 14318179 Hz
acpiprt0 at acpi0: bus 0 (PCI0)
acpiprt1 at acpi0: bus -1 (P0P1)
acpiprt2 at acpi0: bus 1 (RP01)
acpiprt3 at acpi0: bus -1 (RP02)
acpiprt4 at acpi0: bus -1 (RP03)
acpiprt5 at acpi0: bus -1 (RP04)
acpiprt6 at acpi0: bus -1 (RP05)
acpiprt7 at acpi0: bus -1 (RP06)
acpiprt8 at acpi0: bus -1 (RP07)
acpiprt9 at acpi0: bus -1 (RP08)
acpiprt10 at acpi0: bus -1 (PEG0)
acpiprt11 at acpi0: bus -1 (PEG1)
acpiprt12 at acpi0: bus -1 (PEG2)
acpiprt13 at acpi0: bus -1 (PEG3)
acpiec0 at acpi0: not present
acpicpu0 at acpi0: C1
acpicpu1 at acpi0: C1
acpipwrres0 at acpi0: FN00, resource for FAN0
acpipwrres1 at acpi0: FN01, resource for FAN1
acpipwrres2 at acpi0: FN02, resource for FAN2
acpipwrres3 at acpi0: FN03, resource for FAN3
acpipwrres4 at acpi0: FN04, resource for FAN4
acpitz0 at acpi0: critical temperature is 106 degC
acpitz1 at acpi0: critical temperature is 106 degC
acpibat0 at acpi0: BAT0 not present
acpibat1 at acpi0: BAT1 not present
acpibat2 at acpi0: BAT2 not present
acpibtn0 at acpi0: PWRB
acpibtn1 at acpi0: LID0
acpivideo0 at acpi0: GFX0
acpivout0 at acpivideo0: DD01
acpivout1 at acpivideo0: DD02
acpivout2 at acpivideo0: DD03
acpivout3 at acpivideo0: DD04
acpivout4 at acpivideo0: DD05
acpivout5 at acpivideo0: DD06
acpivout6 at acpivideo0: DD07
acpivout7 at acpivideo0: DD08
pci0 at mainbus0 bus 0
pchb0 at pci0 dev 0 function 0 &quot;Intel Core 3G Host&quot; rev 0x09
vga1 at pci0 dev 2 function 0 &quot;Intel HD Graphics 2500&quot; rev 0x09
intagp at vga1 not configured
inteldrm0 at vga1
drm0 at inteldrm0
inteldrm0: 1920x1080
wsdisplay0 at vga1 mux 1: console (std, vt100 emulation)
wsdisplay0: screen 1-5 added (std, vt100 emulation)
&quot;Intel 6 Series MEI&quot; rev 0x04 at pci0 dev 22 function 0 not configured
ehci0 at pci0 dev 26 function 0 &quot;Intel 6 Series USB&quot; rev 0x05: apic 2 int 16
usb0 at ehci0: USB revision 2.0
uhub0 at usb0 &quot;Intel EHCI root hub&quot; rev 2.00/1.00 addr 1
azalia0 at pci0 dev 27 function 0 &quot;Intel 6 Series HD Audio&quot; rev 0x05: msi
azalia0: codecs: Realtek ALC662, Intel/0x2805, using Realtek ALC662
audio0 at azalia0
ppb0 at pci0 dev 28 function 0 &quot;Intel 6 Series PCIE&quot; rev 0xb5: msi
pci1 at ppb0 bus 1
re0 at pci1 dev 0 function 0 &quot;Realtek 8168&quot; rev 0x06: RTL8168E/8111E-VL (0x2c80), msi, address xx:xx:xx:xx:xx:xx
rgephy0 at re0 phy 7: RTL8169S/8110S PHY, rev. 5
ehci1 at pci0 dev 29 function 0 &quot;Intel 6 Series USB&quot; rev 0x05: apic 2 int 23
usb1 at ehci1: USB revision 2.0
uhub1 at usb1 &quot;Intel EHCI root hub&quot; rev 2.00/1.00 addr 1
pcib0 at pci0 dev 31 function 0 &quot;Intel HM65 LPC&quot; rev 0x05
ahci0 at pci0 dev 31 function 2 &quot;Intel 6 Series AHCI&quot; rev 0x05: msi, AHCI 1.3
scsibus1 at ahci0: 32 targets
sd0 at scsibus1 targ 4 lun 0: &lt;ATA, Samsung SSD 850, EXM0&gt; SCSI3 0/direct fixed naa.50025388a08ef7e3
sd0: 244198MB, 512 bytes/sector, 500118192 sectors, thin
ichiic0 at pci0 dev 31 function 3 &quot;Intel 6 Series SMBus&quot; rev 0x05: apic 2 int 18
iic0 at ichiic0
spdmem0 at iic0 addr 0x50: 8GB DDR3 SDRAM PC3-12800 SO-DIMM
isa0 at pcib0
isadma0 at isa0
pcppi0 at isa0 port 0x61
spkr0 at pcppi0
uhub2 at uhub0 port 1 &quot;Intel Rate Matching Hub&quot; rev 2.00/0.00 addr 2
uhub3 at uhub1 port 1 &quot;Intel Rate Matching Hub&quot; rev 2.00/0.00 addr 2
umass0 at uhub3 port 1 configuration 1 interface 0 &quot;Generic Mass Storage&quot; rev 2.00/1.02 addr 3
umass0: using SCSI over Bulk-Only
scsibus2 at umass0: 2 targets, initiator 0
sd1 at scsibus2 targ 1 lun 0: &lt;Generic, Flash Disk, 8.07&gt; SCSI2 0/direct removable
sd1: 955MB, 512 bytes/sector, 1955840 sectors
uhidev0 at uhub3 port 2 configuration 1 interface 0 &quot;Dell Dell QuietKey Keyboard&quot; rev 1.10/1.77 addr 4
uhidev0: iclass 3/1
ukbd0 at uhidev0: 8 variable keys, 6 key codes
wskbd0 at ukbd0: console keyboard, using wsdisplay0
vscsi0 at root
scsibus3 at vscsi0: 256 targets
softraid0 at root
scsibus4 at softraid0: 256 targets
root on sd0a (5fe0e26c07e6fa75.a) swap on sd0b dump on sd0b

</pre>



</div><!-- content -->
<br />
<div id="footer">
All comments/news/posts are the property of their individual owner and
is presented without warranty of suitability, and solely as an
informational resource. <br />
This site Copyright &copy; 2004-2020 NYC*BUG.
</div><!-- footer -->

</body>
</html>

