



<!doctype html>
<html lang="en">
<head>
<meta name="keywords"
	content="bsd, freebsd, openbsd, netbsd, dragonflybsd, nycbug, dmesgd" />
<meta name="description" content="New York City BSD User Group dmesgd" />
<meta charset="utf-8" />
<meta name="viewport" content="width=device-width, initial-scale=1" />
<title>NYC*BUG dmesgd</title>
<style>
body {
	text-align: left;
	margin: 15px auto;
	padding: 0px 10px;
}
@media (min-width: 800px) {
	body {
		max-width: 85%;
	}
}
#header {
	border-bottom: 1px solid #dbdbdb;
	font-size: 230%;
	text-align: left;
}
#footer {
	border-top: 1px solid #dbdbdb;
	clear: both;
	text-align: left;
}
.logo_bug {
	color: #cc0033;
}
#menu ul {
	list-style-type: none;
	margin: 0;
	padding: 0;
}
#menu li {
	float: left;
}
#menu li a {
	display: block;
	background-color: #dbdbdb;
	color: #000000;
	font-size: 105%;
	font-weight: bold;
	padding: 0px 6px 0px 6px;
	text-decoration: none;
}
#content {
	clear: both;
	text-align: left;
	padding-top: 10px;
}
#content h1 {
	font-size: 120%;
	font-weight: bold;
}
#content h2 {
	font-size: 110%;
	font-weight: bold;
}
#content a {
	text-decoration: none;
}
#content pre {
	background-color: #dbdbdb;
	padding: 5px 5px 5px 5px;
	white-space: pre-wrap;		/* css-3 */
	white-space: -moz-pre-wrap;	/* Mozilla, since 1999 */
	white-space: -pre-wrap;		/* Opera 4-6 */
	white-space: -o-pre-wrap;	/* Opera 7 */
	word-wrap: break-word;		/* Internet Explorer 5.5+ */
}
#content table {
	border-collapse: collapse;
}
#content table th {
	border: 1px solid #dbdbdb;
	font-size: 85%;
	white-space: nowrap;
}
#content table td {
	border: 1px solid #dbdbdb;
	font-size: 80%;
}
#content input {
	font-size: 1em;
}
#content .full	{ width: 100%; }
#content .left	{ text-align: left; }
#content .right	{ text-align: right; }
#content .center { text-align: center; }
#content .flexbox {
	display: -ms-flex;
	display: -webkit-flex;
	display: flex;
	width: 100%;
}
#content .left_col {
	min-width: 75px;
	max-width: 50%;
	flex-grow: 0;
}
#content .right_col {
	flex-grow: 1;
	margin-left: 10px;
	padding-top: 10px;
	padding-left: 10px;
}
#col {
	-moz-column-count: 3;
	-webkit-column-count: 3;
	column-count: 3;
}
</style>
</head>
<body>

<div id="header">
<strong><em>NYC*</em><span class="logo_bug">BUG</span> dmesgd</strong>
</div><!-- header -->

<div id="menu">
<ul>
<li><a href="https://dmesgd.nycbug.org/index.cgi?do=index">Home</a></li>
<li><a href="https://dmesgd.nycbug.org/index.cgi?do=submit">Submit</a></li>
<li><a href="https://www.nycbug.org/">NYC*BUG</a></li>
</ul>
</div><!-- menu -->

<div id="content">

<p>
Launched in 2004, dmesgd aims to provide a
<strong>user-submitted</strong> repository of searchable *BSD dmesgs.
The dmesg(8) command displays the system message buffer's content, and
during boot a copy is saved to <em>/var/run/dmesg.boot</em>.  This buffer
contains the operating system release, name and version, a list of
devices identified, plus a whole host of other useful information.  We
hope others find this resource useful and further contribute to its
growth. Contact us at [ admin at lists dot nycbug dot org ].
</p>

<hr />


<strong>Date:</strong> <em>2015-03-14 13:43:14</em><br />
<strong>From:</strong> <em>mjturner</em><br />
<strong>Description:</strong> <em>Supermicro X10SBA (Celeron J1900) OpenBSD 5.7-current</em><br />

<pre>
OpenBSD 5.7-current (GENERIC.MP) #885: Fri Mar 13 17:10:55 MDT 2015
    xxx@xxx.xxx:/usr/src/sys/arch/amd64/compile/GENERIC.MP
real mem = 8445411328 (8054MB)
avail mem = 8185516032 (7806MB)
mpath0 at root
scsibus0 at mpath0: 256 targets
mainbus0 at root
bios0 at mainbus0: SMBIOS rev. 2.7 @ 0xebe40 (51 entries)
bios0: vendor American Megatrends Inc. version &quot;1.0c&quot; date 08/07/2014
bios0: Supermicro X10SBA
acpi0 at bios0: rev 2
acpi0: sleep states S0 S3 S4 S5
acpi0: tables DSDT FACP APIC FPDT LPIT MCFG HPET SSDT SSDT SSDT UEFI
acpi0: wakeup devices UAR5(S4) UAR8(S4) XHC1(S4) EHC1(S4) PXSX(S4) PXSX(S4) PXSX(S4) PXSX(S4) PWRB(S0)
acpitimer0 at acpi0: 3579545 Hz, 24 bits
acpimadt0 at acpi0 addr 0xfee00000: PC-AT compat
cpu0 at mainbus0: apid 0 (boot processor)
cpu0: Intel(R) Celeron(R) CPU J1900 @ 1.99GHz, 2000.46 MHz
cpu0: FPU,VME,DE,PSE,TSC,MSR,PAE,MCE,CX8,APIC,SEP,MTRR,PGE,MCA,CMOV,PAT,PSE36,CFLUSH,DS,ACPI,MMX,FXSR,SSE,SSE2,SS,HTT,TM,PBE,SSE3,PCLMUL,DTES64,MWAIT,DS-CPL,VMX,EST,TM2,SSSE3,CX16,xTPR,PDCM,SSE4.1,SSE4.2,MOVBE,POPCNT,DEADLINE,RDRAND,NXE,LONG,LAHF,3DNOWP,PERF,ITSC,SMEP,ERMS
cpu0: 1MB 64b/line 16-way L2 cache
cpu0: smt 0, core 0, package 0
mtrr: Pentium Pro MTRR support, 8 var ranges, 88 fixed ranges
cpu0: apic clock running at 83MHz
cpu0: mwait min=64, max=64, C-substates=0.2.0.0.0, IBE
cpu1 at mainbus0: apid 2 (application processor)
cpu1: Intel(R) Celeron(R) CPU J1900 @ 1.99GHz, 2000.01 MHz
cpu1: FPU,VME,DE,PSE,TSC,MSR,PAE,MCE,CX8,APIC,SEP,MTRR,PGE,MCA,CMOV,PAT,PSE36,CFLUSH,DS,ACPI,MMX,FXSR,SSE,SSE2,SS,HTT,TM,PBE,SSE3,PCLMUL,DTES64,MWAIT,DS-CPL,VMX,EST,TM2,SSSE3,CX16,xTPR,PDCM,SSE4.1,SSE4.2,MOVBE,POPCNT,DEADLINE,RDRAND,NXE,LONG,LAHF,3DNOWP,PERF,ITSC,SMEP,ERMS
cpu1: 1MB 64b/line 16-way L2 cache
cpu1: smt 0, core 1, package 0
cpu2 at mainbus0: apid 4 (application processor)
cpu2: Intel(R) Celeron(R) CPU J1900 @ 1.99GHz, 2000.01 MHz
cpu2: FPU,VME,DE,PSE,TSC,MSR,PAE,MCE,CX8,APIC,SEP,MTRR,PGE,MCA,CMOV,PAT,PSE36,CFLUSH,DS,ACPI,MMX,FXSR,SSE,SSE2,SS,HTT,TM,PBE,SSE3,PCLMUL,DTES64,MWAIT,DS-CPL,VMX,EST,TM2,SSSE3,CX16,xTPR,PDCM,SSE4.1,SSE4.2,MOVBE,POPCNT,DEADLINE,RDRAND,NXE,LONG,LAHF,3DNOWP,PERF,ITSC,SMEP,ERMS
cpu2: 1MB 64b/line 16-way L2 cache
cpu2: smt 0, core 2, package 0
cpu3 at mainbus0: apid 6 (application processor)
cpu3: Intel(R) Celeron(R) CPU J1900 @ 1.99GHz, 2000.00 MHz
cpu3: FPU,VME,DE,PSE,TSC,MSR,PAE,MCE,CX8,APIC,SEP,MTRR,PGE,MCA,CMOV,PAT,PSE36,CFLUSH,DS,ACPI,MMX,FXSR,SSE,SSE2,SS,HTT,TM,PBE,SSE3,PCLMUL,DTES64,MWAIT,DS-CPL,VMX,EST,TM2,SSSE3,CX16,xTPR,PDCM,SSE4.1,SSE4.2,MOVBE,POPCNT,DEADLINE,RDRAND,NXE,LONG,LAHF,3DNOWP,PERF,ITSC,SMEP,ERMS
cpu3: 1MB 64b/line 16-way L2 cache
cpu3: smt 0, core 3, package 0
ioapic0 at mainbus0: apid 1 pa 0xfec00000, version 20, 87 pins
acpimcfg0 at acpi0 addr 0xe0000000, bus 0-255
acpihpet0 at acpi0: 14318179 Hz
acpiprt0 at acpi0: bus 0 (PCI0)
acpiprt1 at acpi0: bus 1 (RP01)
acpiprt2 at acpi0: bus 2 (RP03)
acpiprt3 at acpi0: bus 3 (RP04)
acpiprt4 at acpi0: bus 4 (BR14)
acpiprt5 at acpi0: bus 7 (BR16)
acpiprt6 at acpi0: bus 5 (BR18)
acpiec0 at acpi0: not present
acpicpu0 at acpi0: C1, PSS
acpicpu1 at acpi0: C1, PSS
acpicpu2 at acpi0: C1, PSS
acpicpu3 at acpi0: C1, PSS
acpipwrres0 at acpi0: PLPE
acpipwrres1 at acpi0: PLPE
acpipwrres2 at acpi0: USBC, resource for EHC1, OTG1
acpipwrres3 at acpi0: FN00, resource for FAN0
acpitz0 at acpi0: critical temperature is 90 degC
acpibat0 at acpi0: BAT0 not present
acpibat1 at acpi0: BAT1 not present
acpibat2 at acpi0: BAT2 not present
acpibtn0 at acpi0: LID0
acpibtn1 at acpi0: PWRB
acpibtn2 at acpi0: SLPB
acpivideo0 at acpi0: GFX0
acpivout0 at acpivideo0: DD1F
cpu0: Enhanced SpeedStep 2000 MHz: speeds: 1993, 1992, 1909, 1826, 1743, 1660, 1577, 1494, 1411, 1328 MHz
pci0 at mainbus0 bus 0
pchb0 at pci0 dev 0 function 0 &quot;Intel Bay Trail Host&quot; rev 0x0e
vga1 at pci0 dev 2 function 0 &quot;Intel Bay Trail Video&quot; rev 0x0e
intagp at vga1 not configured
wsdisplay0 at vga1 mux 1: console (80x25, vt100 emulation)
wsdisplay0: screen 1-5 added (80x25, vt100 emulation)
ahci0 at pci0 dev 19 function 0 &quot;Intel Bay Trail AHCI&quot; rev 0x0e: msi, AHCI 1.3
ahci0: port 1, at 3Gbps
scsibus1 at ahci0: 32 targets
sd0 at scsibus1 targ 1 lun 0: &lt;ATA, SAMSUNG SSD 830, CXM0&gt; SCSI3 0/direct fixed naa.5002538043584d30
sd0: 244198MB, 512 bytes/sector, 500118192 sectors, thin
xhci0 at pci0 dev 20 function 0 &quot;Intel Bay Trail xHCI&quot; rev 0x0e: msi
usb0 at xhci0: USB revision 3.0
uhub0 at usb0 &quot;Intel xHCI root hub&quot; rev 3.00/1.00 addr 1
&quot;Intel Bay Trail TXE&quot; rev 0x0e at pci0 dev 26 function 0 not configured
ppb0 at pci0 dev 28 function 0 &quot;Intel Bay Trail PCIE&quot; rev 0x0e: msi
pci1 at ppb0 bus 1
ppb1 at pci0 dev 28 function 2 &quot;Intel Bay Trail PCIE&quot; rev 0x0e: msi
pci2 at ppb1 bus 2
em0 at pci2 dev 0 function 0 &quot;Intel I210&quot; rev 0x03: msi, address xx:xx:xx:xx:xx:xx
ppb2 at pci0 dev 28 function 3 &quot;Intel Bay Trail PCIE&quot; rev 0x0e: msi
pci3 at ppb2 bus 3
ppb3 at pci3 dev 0 function 0 vendor &quot;PLX&quot;, unknown product 0x8605 rev 0xab
pci4 at ppb3 bus 4
ppb4 at pci4 dev 1 function 0 vendor &quot;PLX&quot;, unknown product 0x8605 rev 0xab: msi
pci5 at ppb4 bus 5
em1 at pci5 dev 0 function 0 &quot;Intel I210&quot; rev 0x03: msi, address xx:xx:xx:xx:xx:xx
ppb5 at pci4 dev 2 function 0 vendor &quot;PLX&quot;, unknown product 0x8605 rev 0xab: msi
pci6 at ppb5 bus 6
ppb6 at pci4 dev 3 function 0 vendor &quot;PLX&quot;, unknown product 0x8605 rev 0xab: msi
pci7 at ppb6 bus 7
ahci1 at pci7 dev 0 function 0 &quot;Marvell 88SE9230 AHCI&quot; rev 0x10: msi, AHCI 1.2
ahci1: port 7, at 1.5Gbps
scsibus2 at ahci1: 32 targets
uk0 at scsibus2 targ 7 lun 0: &lt;Marvell, Console, 1.01&gt; ATAPI 3/processor removable
pcib0 at pci0 dev 31 function 0 &quot;Intel Bay Trail LPC&quot; rev 0x0e
ichiic0 at pci0 dev 31 function 3 &quot;Intel Bay Trail SMBus&quot; rev 0x0e: apic 1 int 18
iic0 at ichiic0
spdmem0 at iic0 addr 0x50: 4GB DDR3 SDRAM PC3-12800 SO-DIMM
spdmem1 at iic0 addr 0x51: 4GB DDR3 SDRAM PC3-12800 SO-DIMM
isa0 at pcib0
isadma0 at isa0
com0 at isa0 port 0x3f8/8 irq 4: ns16550a, 16 byte fifo
com1 at isa0 port 0x2f8/8 irq 3: ns16550a, 16 byte fifo
pckbc0 at isa0 port 0x60/5
pckbd0 at pckbc0 (kbd slot)
pckbc0: using irq 1 for kbd slot
wskbd0 at pckbd0: console keyboard, using wsdisplay0
pms0 at pckbc0 (aux slot)
pckbc0: using irq 12 for aux slot
wsmouse0 at pms0 mux 0
pcppi0 at isa0 port 0x61
spkr0 at pcppi0
lpt0 at isa0 port 0x378/4 irq 7
wbsio0 at isa0 port 0x2e/2: W83627DHG-P rev 0x73
lm1 at wbsio0 port 0xa30/8: W83627DHG
wbsio1 at isa0 port 0x4e/2: NCT5104D rev 0x52
uhub1 at uhub0 port 4 &quot;NEC hub&quot; rev 2.00/1.00 addr 2
uhidev0 at uhub1 port 2 configuration 1 interface 0 &quot;Holtek USB Keyboard&quot; rev 1.10/1.01 addr 3
uhidev0: iclass 3/1
ukbd0 at uhidev0: 8 variable keys, 6 key codes
wskbd1 at ukbd0 mux 1
wskbd1: connecting to wsdisplay0
uhidev1 at uhub1 port 2 configuration 1 interface 1 &quot;Holtek USB Keyboard&quot; rev 1.10/1.01 addr 3
uhidev1: iclass 3/1, 2 report ids
uhid0 at uhidev1 reportid 1: input=6, output=0, feature=0
uhid1 at uhidev1 reportid 2: input=1, output=0, feature=0
umass0 at uhub1 port 3 configuration 1 interface 0 &quot;ZALMAN ZM-VE400&quot; rev 2.10/0.01 addr 4
umass0: using SCSI over Bulk-Only
scsibus3 at umass0: 2 targets, initiator 0
cd0 at scsibus3 targ 1 lun 0: &lt;ZALMAN, Virtual CD-Rom, &gt; SCSI0 5/cdrom removable serial.04c52028__XX00000001
vscsi0 at root
scsibus4 at vscsi0: 256 targets
softraid0 at root
scsibus5 at softraid0: 256 targets
root on sd0a (5e1d3b2b0e1e1139.a) swap on sd0b dump on sd0b

</pre>



</div><!-- content -->
<br />
<div id="footer">
All comments/news/posts are the property of their individual owner and
is presented without warranty of suitability, and solely as an
informational resource. <br />
This site Copyright &copy; 2004-2020 NYC*BUG.
</div><!-- footer -->

</body>
</html>

