



<!doctype html>
<html lang="en">
<head>
<meta name="keywords"
	content="bsd, freebsd, openbsd, netbsd, dragonflybsd, nycbug, dmesgd" />
<meta name="description" content="New York City BSD User Group dmesgd" />
<meta charset="utf-8" />
<meta name="viewport" content="width=device-width, initial-scale=1" />
<title>NYC*BUG dmesgd</title>
<style>
body {
	text-align: left;
	margin: 15px auto;
	padding: 0px 10px;
}
@media (min-width: 800px) {
	body {
		max-width: 85%;
	}
}
#header {
	border-bottom: 1px solid #dbdbdb;
	font-size: 230%;
	text-align: left;
}
#footer {
	border-top: 1px solid #dbdbdb;
	clear: both;
	text-align: left;
}
.logo_bug {
	color: #cc0033;
}
#menu ul {
	list-style-type: none;
	margin: 0;
	padding: 0;
}
#menu li {
	float: left;
}
#menu li a {
	display: block;
	background-color: #dbdbdb;
	color: #000000;
	font-size: 105%;
	font-weight: bold;
	padding: 0px 6px 0px 6px;
	text-decoration: none;
}
#content {
	clear: both;
	text-align: left;
	padding-top: 10px;
}
#content h1 {
	font-size: 120%;
	font-weight: bold;
}
#content h2 {
	font-size: 110%;
	font-weight: bold;
}
#content a {
	text-decoration: none;
}
#content pre {
	background-color: #dbdbdb;
	padding: 5px 5px 5px 5px;
	white-space: pre-wrap;		/* css-3 */
	white-space: -moz-pre-wrap;	/* Mozilla, since 1999 */
	white-space: -pre-wrap;		/* Opera 4-6 */
	white-space: -o-pre-wrap;	/* Opera 7 */
	word-wrap: break-word;		/* Internet Explorer 5.5+ */
}
#content table {
	border-collapse: collapse;
}
#content table th {
	border: 1px solid #dbdbdb;
	font-size: 85%;
	white-space: nowrap;
}
#content table td {
	border: 1px solid #dbdbdb;
	font-size: 80%;
}
#content input {
	font-size: 1em;
}
#content .full	{ width: 100%; }
#content .left	{ text-align: left; }
#content .right	{ text-align: right; }
#content .center { text-align: center; }
#content .flexbox {
	display: -ms-flex;
	display: -webkit-flex;
	display: flex;
	width: 100%;
}
#content .left_col {
	min-width: 75px;
	max-width: 50%;
	flex-grow: 0;
}
#content .right_col {
	flex-grow: 1;
	margin-left: 10px;
	padding-top: 10px;
	padding-left: 10px;
}
#col {
	-moz-column-count: 3;
	-webkit-column-count: 3;
	column-count: 3;
}
</style>
</head>
<body>

<div id="header">
<strong><em>NYC*</em><span class="logo_bug">BUG</span> dmesgd</strong>
</div><!-- header -->

<div id="menu">
<ul>
<li><a href="https://dmesgd.nycbug.org/index.cgi?do=index">Home</a></li>
<li><a href="https://dmesgd.nycbug.org/index.cgi?do=submit">Submit</a></li>
<li><a href="https://www.nycbug.org/">NYC*BUG</a></li>
</ul>
</div><!-- menu -->

<div id="content">

<p>
Launched in 2004, dmesgd aims to provide a
<strong>user-submitted</strong> repository of searchable *BSD dmesgs.
The dmesg(8) command displays the system message buffer's content, and
during boot a copy is saved to <em>/var/run/dmesg.boot</em>.  This buffer
contains the operating system release, name and version, a list of
devices identified, plus a whole host of other useful information.  We
hope others find this resource useful and further contribute to its
growth. Contact us at [ admin at lists dot nycbug dot org ].
</p>

<hr />


<strong>Date:</strong> <em>2015-03-29 18:32:41</em><br />
<strong>From:</strong> <em>kusuriya</em><br />
<strong>Description:</strong> <em>OpenBSD Snapsots, Thinkpad W540</em><br />

<pre>
OpenBSD 5.7-current (RAMDISK_CD) #819: Thu Mar 26 15:01:02 MDT 2015
    xxx@xxx.xxx:/usr/src/sys/arch/amd64/compile/RAMDISK_CD
real mem = 33898749952 (32328MB)
avail mem = 32869666816 (31346MB)
mainbus0 at root
bios0 at mainbus0: SMBIOS rev. 2.7 @ 0x7cd2d000 (69 entries)
bios0: vendor LENOVO version &quot;GNET70WW (2.18 )&quot; date 01/12/2015
bios0: LENOVO 20BGCTO1WW
acpi0 at bios0: rev 2
acpi0: tables DSDT FACP DBGP ECDT HPET APIC MCFG SSDT SSDT SSDT SSDT SSDT SSDT SSDT PCCT SSDT TCPA UEFI MSDM ASF! BATB FPDT UEFI SSDT
acpiec0 at acpi0
acpimadt0 at acpi0 addr 0xfee00000: PC-AT compat
cpu0 at mainbus0: apid 0 (boot processor)
cpu0: Intel(R) Core(TM) i7-4700MQ CPU @ 2.40GHz, 2394.95 MHz
cpu0: FPU,VME,DE,PSE,TSC,MSR,PAE,MCE,CX8,APIC,SEP,MTRR,PGE,MCA,CMOV,PAT,PSE36,CFLUSH,DS,ACPI,MMX,FXSR,SSE,SSE2,SS,HTT,TM,PBE,SSE3,PCLMUL,DTES64,MWAIT,DS-CPL,VMX,EST,TM2,SSSE3,FMA3,CX16,xTPR,PDCM,PCID,SSE4.1,SSE4.2,MOVBE,POPCNT,DEADLINE,AES,XSAVE,AVX,F16C,RDRAND,NXE,PAGE1GB,LONG,LAHF,ABM,PERF,ITSC,FSGSBASE,BMI1,AVX2,SMEP,BMI2,ERMS,INVPCID
cpu0: 256KB 64b/line 8-way L2 cache
cpu0: apic clock running at 99MHz
cpu at mainbus0: not configured
cpu at mainbus0: not configured
cpu at mainbus0: not configured
cpu at mainbus0: not configured
cpu at mainbus0: not configured
cpu at mainbus0: not configured
cpu at mainbus0: not configured
ioapic0 at mainbus0: apid 2 pa 0xfec00000, version 20, 24 pins
acpiprt0 at acpi0: bus 0 (PCI0)
acpiprt1 at acpi0: bus 1 (PEG_)
acpiprt2 at acpi0: bus 2 (EXP1)
acpiprt3 at acpi0: bus 3 (EXP2)
acpiprt4 at acpi0: bus 4 (EXP3)
acpiprt5 at acpi0: bus 6 (EXP5)
pci0 at mainbus0 bus 0
0:28:4: bridge mem address conflict 0xb8000000/0x16100000
0:28:4: bridge mem address conflict 0xd0000000/0x22000000
pchb0 at pci0 dev 0 function 0 &quot;Intel Core 4G Host&quot; rev 0x06
ppb0 at pci0 dev 1 function 0 &quot;Intel Core 4G PCIE&quot; rev 0x06: msi
pci1 at ppb0 bus 1
1:0:0: mem address conflict 0xfff80000/0x80000
vendor &quot;NVIDIA&quot;, unknown product 0x0ff6 (class display subclass VGA, rev 0xa1) at pci1 dev 0 function 0 not configured
vga1 at pci0 dev 2 function 0 &quot;Intel HD Graphics 4600&quot; rev 0x06
wsdisplay0 at vga1 mux 1: console (80x25, vt100 emulation)
&quot;Intel Core 4G HD Audio&quot; rev 0x06 at pci0 dev 3 function 0 not configured
xhci0 at pci0 dev 20 function 0 &quot;Intel 8 Series xHCI&quot; rev 0x04: msi
usb0 at xhci0: USB revision 3.0
uhub0 at usb0 &quot;Intel xHCI root hub&quot; rev 3.00/1.00 addr 1
&quot;Intel 8 Series MEI&quot; rev 0x04 at pci0 dev 22 function 0 not configured
em0 at pci0 dev 25 function 0 &quot;Intel I217-LM&quot; rev 0x04: msi, address xx:xx:xx:xx:xx:xx
ehci0 at pci0 dev 26 function 0 &quot;Intel 8 Series USB&quot; rev 0x04: apic 2 int 16
usb1 at ehci0: USB revision 2.0
uhub1 at usb1 &quot;Intel EHCI root hub&quot; rev 2.00/1.00 addr 1
&quot;Intel 8 Series HD Audio&quot; rev 0x04 at pci0 dev 27 function 0 not configured
ppb1 at pci0 dev 28 function 0 &quot;Intel 8 Series PCIE&quot; rev 0xd4: msi
pci2 at ppb1 bus 2
sdhc0 at pci2 dev 0 function 0 vendor &quot;O2 Micro&quot;, unknown product 0x8520 rev 0x01: apic 2 int 16
sdmmc0 at sdhc0
ppb2 at pci0 dev 28 function 1 &quot;Intel 8 Series PCIE&quot; rev 0xd4: msi
pci3 at ppb2 bus 3
iwm0 at pci3 dev 0 function 0 &quot;Intel Dual Band Wireless AC 7260&quot; rev 0xbb, msi
ppb3 at pci0 dev 28 function 2 &quot;Intel 8 Series PCIE&quot; rev 0xd4: msi
pci4 at ppb3 bus 4
ppb4 at pci0 dev 28 function 4 &quot;Intel 8 Series PCIE&quot; rev 0xd4: msi
pci5 at ppb4 bus 6
ehci1 at pci0 dev 29 function 0 &quot;Intel 8 Series USB&quot; rev 0x04: apic 2 int 23
usb2 at ehci1: USB revision 2.0
uhub2 at usb2 &quot;Intel EHCI root hub&quot; rev 2.00/1.00 addr 1
&quot;Intel QM87 LPC&quot; rev 0x04 at pci0 dev 31 function 0 not configured
ahci0 at pci0 dev 31 function 2 &quot;Intel 8 Series AHCI&quot; rev 0x04: msi, AHCI 1.3
ahci0: port 0: 6.0Gb/s
ahci0: port 5: 6.0Gb/s
scsibus0 at ahci0: 32 targets
sd0 at scsibus0 targ 0 lun 0: &lt;ATA, HGST HTS725050A7, GH2O&gt; SCSI3 0/direct fixed naa.5000cca81bc71131
sd0: 476940MB, 512 bytes/sector, 976773168 sectors
sd1 at scsibus0 targ 5 lun 0: &lt;ATA, HGST HTS725050A7, GS2Z&gt; SCSI3 0/direct fixed naa.5000cca7a5cf0180
sd1: 476940MB, 512 bytes/sector, 976773168 sectors
&quot;Intel 8 Series SMBus&quot; rev 0x04 at pci0 dev 31 function 3 not configured
isa0 at mainbus0
pckbc0 at isa0 port 0x60/5
pckbd0 at pckbc0 (kbd slot)
pckbc0: using irq 1 for kbd slot
wskbd0 at pckbd0: console keyboard, using wsdisplay0
pckbc0: using irq 12 for aux slot
umass0 at uhub0 port 1 configuration 1 interface 0 &quot;Kingston DataTraveler 2.0&quot; rev 2.00/1.00 addr 2
umass0: using SCSI over Bulk-Only
scsibus1 at umass0: 2 targets, initiator 0
sd2 at scsibus1 targ 1 lun 0: &lt;Kingston, DataTraveler 2.0, 1.00&gt; SCSI2 0/direct removable serial.09306544CE901A203ED7
sd2: 7396MB, 512 bytes/sector, 15148608 sectors
uhidev0 at uhub0 port 3 configuration 1 interface 0 &quot;Logitech USB Receiver&quot; rev 2.00/12.01 addr 3
uhidev0: iclass 3/1
ukbd0 at uhidev0
wskbd1 at ukbd0 mux 1
wskbd1: connecting to wsdisplay0
uhidev1 at uhub0 port 3 configuration 1 interface 1 &quot;Logitech USB Receiver&quot; rev 2.00/12.01 addr 3
uhidev1: iclass 3/1, 8 report ids
uhid at uhidev1 reportid 2 not configured
uhid at uhidev1 reportid 3 not configured
uhid at uhidev1 reportid 4 not configured
uhid at uhidev1 reportid 8 not configured
uhidev2 at uhub0 port 3 configuration 1 interface 2 &quot;Logitech USB Receiver&quot; rev 2.00/12.01 addr 3
uhidev2: iclass 3/0, 33 report ids
uhid at uhidev2 reportid 16 not configured
uhid at uhidev2 reportid 17 not configured
uhid at uhidev2 reportid 32 not configured
uhid at uhidev2 reportid 33 not configured
&quot;vendor 0x058f product 0x9540&quot; rev 2.01/1.20 addr 4 at uhub0 port 5 not configured
&quot;vendor 0x138a product 0x0017&quot; rev 1.10/0.78 addr 5 at uhub0 port 7 not configured
&quot;vendor 0x8087 product 0x07dc&quot; rev 2.00/0.01 addr 6 at uhub0 port 11 not configured
&quot;SunplusIT INC. Integrated Camera&quot; rev 2.00/26.03 addr 7 at uhub0 port 12 not configured
uhub3 at uhub1 port 1 &quot;vendor 0x8087 product 0x8008&quot; rev 2.00/0.04 addr 2
uhub4 at uhub2 port 1 &quot;vendor 0x8087 product 0x8000&quot; rev 2.00/0.04 addr 2
softraid0 at root
scsibus2 at softraid0: 256 targets
root on rd0a swap on rd0b dump on rd0b
iwm0: could not read firmware iwm-7260-9 (error 2)
sd2 detached
scsibus1 detached
umass0 detached
syncing disks... 
OpenBSD 5.7-current (GENERIC.MP) #896: Thu Mar 26 14:56:12 MDT 2015
    xxx@xxx.xxx:/usr/src/sys/arch/amd64/compile/GENERIC.MP
real mem = 33898749952 (32328MB)
avail mem = 32867524608 (31344MB)
mpath0 at root
scsibus0 at mpath0: 256 targets
mainbus0 at root
bios0 at mainbus0: SMBIOS rev. 2.7 @ 0x7cd2d000 (69 entries)
bios0: vendor LENOVO version &quot;GNET70WW (2.18 )&quot; date 01/12/2015
bios0: LENOVO 20BGCTO1WW
acpi0 at bios0: rev 2
acpi0: sleep states S0 S3 S4 S5
acpi0: tables DSDT FACP DBGP ECDT HPET APIC MCFG SSDT SSDT SSDT SSDT SSDT SSDT SSDT PCCT SSDT TCPA UEFI MSDM ASF! BATB FPDT UEFI
acpi0: wakeup devices LID_(S4) SLPB(S3) IGBE(S4) EXP2(S4) EXP3(S4) XHCI(S3) EHC1(S3) EHC2(S3)
acpitimer0 at acpi0: 3579545 Hz, 24 bits
acpiec0 at acpi0
acpihpet0 at acpi0: 14318179 Hz
acpimadt0 at acpi0 addr 0xfee00000: PC-AT compat
cpu0 at mainbus0: apid 0 (boot processor)
cpu0: Intel(R) Core(TM) i7-4700MQ CPU @ 2.40GHz, 2394.90 MHz
cpu0: FPU,VME,DE,PSE,TSC,MSR,PAE,MCE,CX8,APIC,SEP,MTRR,PGE,MCA,CMOV,PAT,PSE36,CFLUSH,DS,ACPI,MMX,FXSR,SSE,SSE2,SS,HTT,TM,PBE,SSE3,PCLMUL,DTES64,MWAIT,DS-CPL,VMX,EST,TM2,SSSE3,FMA3,CX16,xTPR,PDCM,PCID,SSE4.1,SSE4.2,MOVBE,POPCNT,DEADLINE,AES,XSAVE,AVX,F16C,RDRAND,NXE,PAGE1GB,LONG,LAHF,ABM,PERF,ITSC,FSGSBASE,BMI1,AVX2,SMEP,BMI2,ERMS,INVPCID
cpu0: 256KB 64b/line 8-way L2 cache
cpu0: smt 0, core 0, package 0
mtrr: Pentium Pro MTRR support, 10 var ranges, 88 fixed ranges
cpu0: apic clock running at 99MHz
cpu0: mwait min=64, max=64, C-substates=0.2.1.2.4, IBE
cpu1 at mainbus0: apid 1 (application processor)
cpu1: Intel(R) Core(TM) i7-4700MQ CPU @ 2.40GHz, 2394.46 MHz
cpu1: FPU,VME,DE,PSE,TSC,MSR,PAE,MCE,CX8,APIC,SEP,MTRR,PGE,MCA,CMOV,PAT,PSE36,CFLUSH,DS,ACPI,MMX,FXSR,SSE,SSE2,SS,HTT,TM,PBE,SSE3,PCLMUL,DTES64,MWAIT,DS-CPL,VMX,EST,TM2,SSSE3,FMA3,CX16,xTPR,PDCM,PCID,SSE4.1,SSE4.2,MOVBE,POPCNT,DEADLINE,AES,XSAVE,AVX,F16C,RDRAND,NXE,PAGE1GB,LONG,LAHF,ABM,PERF,ITSC,FSGSBASE,BMI1,AVX2,SMEP,BMI2,ERMS,INVPCID
cpu1: 256KB 64b/line 8-way L2 cache
cpu1: smt 1, core 0, package 0
cpu2 at mainbus0: apid 2 (application processor)
cpu2: Intel(R) Core(TM) i7-4700MQ CPU @ 2.40GHz, 2394.46 MHz
cpu2: FPU,VME,DE,PSE,TSC,MSR,PAE,MCE,CX8,APIC,SEP,MTRR,PGE,MCA,CMOV,PAT,PSE36,CFLUSH,DS,ACPI,MMX,FXSR,SSE,SSE2,SS,HTT,TM,PBE,SSE3,PCLMUL,DTES64,MWAIT,DS-CPL,VMX,EST,TM2,SSSE3,FMA3,CX16,xTPR,PDCM,PCID,SSE4.1,SSE4.2,MOVBE,POPCNT,DEADLINE,AES,XSAVE,AVX,F16C,RDRAND,NXE,PAGE1GB,LONG,LAHF,ABM,PERF,ITSC,FSGSBASE,BMI1,AVX2,SMEP,BMI2,ERMS,INVPCID
cpu2: 256KB 64b/line 8-way L2 cache
cpu2: smt 0, core 1, package 0
cpu3 at mainbus0: apid 3 (application processor)
cpu3: Intel(R) Core(TM) i7-4700MQ CPU @ 2.40GHz, 2394.46 MHz
cpu3: FPU,VME,DE,PSE,TSC,MSR,PAE,MCE,CX8,APIC,SEP,MTRR,PGE,MCA,CMOV,PAT,PSE36,CFLUSH,DS,ACPI,MMX,FXSR,SSE,SSE2,SS,HTT,TM,PBE,SSE3,PCLMUL,DTES64,MWAIT,DS-CPL,VMX,EST,TM2,SSSE3,FMA3,CX16,xTPR,PDCM,PCID,SSE4.1,SSE4.2,MOVBE,POPCNT,DEADLINE,AES,XSAVE,AVX,F16C,RDRAND,NXE,PAGE1GB,LONG,LAHF,ABM,PERF,ITSC,FSGSBASE,BMI1,AVX2,SMEP,BMI2,ERMS,INVPCID
cpu3: 256KB 64b/line 8-way L2 cache
cpu3: smt 1, core 1, package 0
cpu4 at mainbus0: apid 4 (application processor)
cpu4: Intel(R) Core(TM) i7-4700MQ CPU @ 2.40GHz, 2394.46 MHz
cpu4: FPU,VME,DE,PSE,TSC,MSR,PAE,MCE,CX8,APIC,SEP,MTRR,PGE,MCA,CMOV,PAT,PSE36,CFLUSH,DS,ACPI,MMX,FXSR,SSE,SSE2,SS,HTT,TM,PBE,SSE3,PCLMUL,DTES64,MWAIT,DS-CPL,VMX,EST,TM2,SSSE3,FMA3,CX16,xTPR,PDCM,PCID,SSE4.1,SSE4.2,MOVBE,POPCNT,DEADLINE,AES,XSAVE,AVX,F16C,RDRAND,NXE,PAGE1GB,LONG,LAHF,ABM,PERF,ITSC,FSGSBASE,BMI1,AVX2,SMEP,BMI2,ERMS,INVPCID
cpu4: 256KB 64b/line 8-way L2 cache
cpu4: smt 0, core 2, package 0
cpu5 at mainbus0: apid 5 (application processor)
cpu5: Intel(R) Core(TM) i7-4700MQ CPU @ 2.40GHz, 2394.46 MHz
cpu5: FPU,VME,DE,PSE,TSC,MSR,PAE,MCE,CX8,APIC,SEP,MTRR,PGE,MCA,CMOV,PAT,PSE36,CFLUSH,DS,ACPI,MMX,FXSR,SSE,SSE2,SS,HTT,TM,PBE,SSE3,PCLMUL,DTES64,MWAIT,DS-CPL,VMX,EST,TM2,SSSE3,FMA3,CX16,xTPR,PDCM,PCID,SSE4.1,SSE4.2,MOVBE,POPCNT,DEADLINE,AES,XSAVE,AVX,F16C,RDRAND,NXE,PAGE1GB,LONG,LAHF,ABM,PERF,ITSC,FSGSBASE,BMI1,AVX2,SMEP,BMI2,ERMS,INVPCID
cpu5: 256KB 64b/line 8-way L2 cache
cpu5: smt 1, core 2, package 0
cpu6 at mainbus0: apid 6 (application processor)
cpu6: Intel(R) Core(TM) i7-4700MQ CPU @ 2.40GHz, 2394.46 MHz
cpu6: FPU,VME,DE,PSE,TSC,MSR,PAE,MCE,CX8,APIC,SEP,MTRR,PGE,MCA,CMOV,PAT,PSE36,CFLUSH,DS,ACPI,MMX,FXSR,SSE,SSE2,SS,HTT,TM,PBE,SSE3,PCLMUL,DTES64,MWAIT,DS-CPL,VMX,EST,TM2,SSSE3,FMA3,CX16,xTPR,PDCM,PCID,SSE4.1,SSE4.2,MOVBE,POPCNT,DEADLINE,AES,XSAVE,AVX,F16C,RDRAND,NXE,PAGE1GB,LONG,LAHF,ABM,PERF,ITSC,FSGSBASE,BMI1,AVX2,SMEP,BMI2,ERMS,INVPCID
cpu6: 256KB 64b/line 8-way L2 cache
cpu6: smt 0, core 3, package 0
cpu7 at mainbus0: apid 7 (application processor)
cpu7: Intel(R) Core(TM) i7-4700MQ CPU @ 2.40GHz, 2394.46 MHz
cpu7: FPU,VME,DE,PSE,TSC,MSR,PAE,MCE,CX8,APIC,SEP,MTRR,PGE,MCA,CMOV,PAT,PSE36,CFLUSH,DS,ACPI,MMX,FXSR,SSE,SSE2,SS,HTT,TM,PBE,SSE3,PCLMUL,DTES64,MWAIT,DS-CPL,VMX,EST,TM2,SSSE3,FMA3,CX16,xTPR,PDCM,PCID,SSE4.1,SSE4.2,MOVBE,POPCNT,DEADLINE,AES,XSAVE,AVX,F16C,RDRAND,NXE,PAGE1GB,LONG,LAHF,ABM,PERF,ITSC,FSGSBASE,BMI1,AVX2,SMEP,BMI2,ERMS,INVPCID
cpu7: 256KB 64b/line 8-way L2 cache
cpu7: smt 1, core 3, package 0
ioapic0 at mainbus0: apid 2 pa 0xfec00000, version 20, 24 pins
acpimcfg0 at acpi0 addr 0xf8000000, bus 0-63
acpiprt0 at acpi0: bus 0 (PCI0)
acpiprt1 at acpi0: bus 1 (PEG_)
acpiprt2 at acpi0: bus 2 (EXP1)
acpiprt3 at acpi0: bus 3 (EXP2)
acpiprt4 at acpi0: bus 4 (EXP3)
acpiprt5 at acpi0: bus 6 (EXP5)
acpicpu0 at acpi0: C1, PSS
acpicpu1 at acpi0: C1, PSS
acpicpu2 at acpi0: C1, PSS
acpicpu3 at acpi0: C1, PSS
acpicpu4 at acpi0: C1, PSS
acpicpu5 at acpi0: C1, PSS
acpicpu6 at acpi0: C1, PSS
acpicpu7 at acpi0: C1, PSS
acpipwrres0 at acpi0: PUBS, resource for XHCI, EHC1, EHC2
acpipwrres1 at acpi0: NVP3, resource for PEG_
acpipwrres2 at acpi0: NVP2, resource for PEG_
acpitz0 at acpi0: critical temperature is 200 degC
acpibtn0 at acpi0: LID_
acpibtn1 at acpi0: SLPB
acpibat0 at acpi0: BAT0 model &quot;45N1153&quot; serial   560 type LION oem &quot;LGC&quot;
acpiac0 at acpi0: AC unit online
acpithinkpad0 at acpi0
cpu0: Enhanced SpeedStep 2394 MHz: speeds: 2401, 2400, 2300, 2200, 2100, 1900, 1800, 1700, 1600, 1500, 1400, 1300, 1100, 1000, 900, 800 MHz
pci0 at mainbus0 bus 0
0:28:4: bridge mem address conflict 0xb8000000/0x16100000
0:28:4: bridge mem address conflict 0xd0000000/0x22000000
pchb0 at pci0 dev 0 function 0 &quot;Intel Core 4G Host&quot; rev 0x06
ppb0 at pci0 dev 1 function 0 &quot;Intel Core 4G PCIE&quot; rev 0x06: msi
pci1 at ppb0 bus 1
1:0:0: mem address conflict 0xfff80000/0x80000
vendor &quot;NVIDIA&quot;, unknown product 0x0ff6 (class display subclass VGA, rev 0xa1) at pci1 dev 0 function 0 not configured
vga1 at pci0 dev 2 function 0 &quot;Intel HD Graphics 4600&quot; rev 0x06
intagp at vga1 not configured
inteldrm0 at vga1
drm0 at inteldrm0
error: [drm:pid0:i915_write32] *ERROR* Unknown unclaimed register before writing to 100000
inteldrm0: 2880x1620
wsdisplay0 at vga1 mux 1: console (std, vt100 emulation)
wsdisplay0: screen 1-5 added (std, vt100 emulation)
azalia0 at pci0 dev 3 function 0 &quot;Intel Core 4G HD Audio&quot; rev 0x06: msi
azalia0: No codecs found
xhci0 at pci0 dev 20 function 0 &quot;Intel 8 Series xHCI&quot; rev 0x04: msi
usb0 at xhci0: USB revision 3.0
uhub0 at usb0 &quot;Intel xHCI root hub&quot; rev 3.00/1.00 addr 1
&quot;Intel 8 Series MEI&quot; rev 0x04 at pci0 dev 22 function 0 not configured
em0 at pci0 dev 25 function 0 &quot;Intel I217-LM&quot; rev 0x04: msi, address xx:xx:xx:xx:xx:xx
ehci0 at pci0 dev 26 function 0 &quot;Intel 8 Series USB&quot; rev 0x04: apic 2 int 16
usb1 at ehci0: USB revision 2.0
uhub1 at usb1 &quot;Intel EHCI root hub&quot; rev 2.00/1.00 addr 1
azalia1 at pci0 dev 27 function 0 &quot;Intel 8 Series HD Audio&quot; rev 0x04: msi
azalia1: codecs: Realtek ALC292
audio0 at azalia1
ppb1 at pci0 dev 28 function 0 &quot;Intel 8 Series PCIE&quot; rev 0xd4: msi
pci2 at ppb1 bus 2
sdhc0 at pci2 dev 0 function 0 vendor &quot;O2 Micro&quot;, unknown product 0x8520 rev 0x01: apic 2 int 16
sdmmc0 at sdhc0
ppb2 at pci0 dev 28 function 1 &quot;Intel 8 Series PCIE&quot; rev 0xd4: msi
pci3 at ppb2 bus 3
iwm0 at pci3 dev 0 function 0 &quot;Intel Dual Band Wireless AC 7260&quot; rev 0xbb, msi
ppb3 at pci0 dev 28 function 2 &quot;Intel 8 Series PCIE&quot; rev 0xd4: msi
pci4 at ppb3 bus 4
ppb4 at pci0 dev 28 function 4 &quot;Intel 8 Series PCIE&quot; rev 0xd4: msi
pci5 at ppb4 bus 6
ehci1 at pci0 dev 29 function 0 &quot;Intel 8 Series USB&quot; rev 0x04: apic 2 int 23
usb2 at ehci1: USB revision 2.0
uhub2 at usb2 &quot;Intel EHCI root hub&quot; rev 2.00/1.00 addr 1
pcib0 at pci0 dev 31 function 0 &quot;Intel QM87 LPC&quot; rev 0x04
ahci0 at pci0 dev 31 function 2 &quot;Intel 8 Series AHCI&quot; rev 0x04: msi, AHCI 1.3
ahci0: port 0: 6.0Gb/s
ahci0: port 5: 6.0Gb/s
scsibus1 at ahci0: 32 targets
sd0 at scsibus1 targ 0 lun 0: &lt;ATA, HGST HTS725050A7, GH2O&gt; SCSI3 0/direct fixed naa.5000cca81bc71131
sd0: 476940MB, 512 bytes/sector, 976773168 sectors
sd1 at scsibus1 targ 5 lun 0: &lt;ATA, HGST HTS725050A7, GS2Z&gt; SCSI3 0/direct fixed naa.5000cca7a5cf0180
sd1: 476940MB, 512 bytes/sector, 976773168 sectors
ichiic0 at pci0 dev 31 function 3 &quot;Intel 8 Series SMBus&quot; rev 0x04: apic 2 int 18
iic0 at ichiic0
isa0 at pcib0
isadma0 at isa0
pckbc0 at isa0 port 0x60/5
pckbd0 at pckbc0 (kbd slot)
pckbc0: using irq 1 for kbd slot
wskbd0 at pckbd0: console keyboard, using wsdisplay0
pms0 at pckbc0 (aux slot)
pckbc0: using irq 12 for aux slot
wsmouse0 at pms0 mux 0
wsmouse1 at pms0 mux 0
pms0: Synaptics clickpad, firmware 8.1
pcppi0 at isa0 port 0x61
spkr0 at pcppi0
uhidev0 at uhub0 port 3 configuration 1 interface 0 &quot;Logitech USB Receiver&quot; rev 2.00/12.01 addr 2
uhidev0: iclass 3/1
ukbd0 at uhidev0: 8 variable keys, 6 key codes
wskbd1 at ukbd0 mux 1
wskbd1: connecting to wsdisplay0
uhidev1 at uhub0 port 3 configuration 1 interface 1 &quot;Logitech USB Receiver&quot; rev 2.00/12.01 addr 2
uhidev1: iclass 3/1, 8 report ids
ums0 at uhidev1 reportid 2: 16 buttons, Z dir
wsmouse2 at ums0 mux 0
uhid0 at uhidev1 reportid 3: input=4, output=0, feature=0
uhid1 at uhidev1 reportid 4: input=1, output=0, feature=0
uhid2 at uhidev1 reportid 8: input=1, output=0, feature=0
uhidev2 at uhub0 port 3 configuration 1 interface 2 &quot;Logitech USB Receiver&quot; rev 2.00/12.01 addr 2
uhidev2: iclass 3/0, 33 report ids
uhid3 at uhidev2 reportid 16: input=6, output=6, feature=0
uhid4 at uhidev2 reportid 17: input=19, output=19, feature=0
uhid5 at uhidev2 reportid 32: input=14, output=14, feature=0
uhid6 at uhidev2 reportid 33: input=31, output=31, feature=0
ugen0 at uhub0 port 5 &quot;Alcor Micro product 0x9540&quot; rev 2.01/1.20 addr 3
ugen0: setting configuration index 0 failed
ugen1 at uhub0 port 7 &quot;Validity Sensors product 0x0017&quot; rev 1.10/0.78 addr 4
ugen2 at uhub0 port 11 &quot;Intel product 0x07dc&quot; rev 2.00/0.01 addr 5
uvideo0 at uhub0 port 12 configuration 1 interface 0 &quot;SunplusIT INC. Integrated Camera&quot; rev 2.00/26.03 addr 6
video0 at uvideo0
uhub3 at uhub1 port 1 &quot;Intel Rate Matching Hub&quot; rev 2.00/0.04 addr 2
uhub4 at uhub2 port 1 &quot;Intel Rate Matching Hub&quot; rev 2.00/0.04 addr 2
vscsi0 at root
scsibus2 at vscsi0: 256 targets
softraid0 at root
scsibus3 at softraid0: 256 targets
root on sd0a (8b488aebe8dc2b4c.a) swap on sd0b dump on sd0b
iwm0: could not read firmware iwm-7260-9 (error 2)

</pre>



</div><!-- content -->
<br />
<div id="footer">
All comments/news/posts are the property of their individual owner and
is presented without warranty of suitability, and solely as an
informational resource. <br />
This site Copyright &copy; 2004-2020 NYC*BUG.
</div><!-- footer -->

</body>
</html>

