



<!doctype html>
<html lang="en">
<head>
<meta name="keywords"
	content="bsd, freebsd, openbsd, netbsd, dragonflybsd, nycbug, dmesgd" />
<meta name="description" content="New York City BSD User Group dmesgd" />
<meta charset="utf-8" />
<meta name="viewport" content="width=device-width, initial-scale=1" />
<title>NYC*BUG dmesgd</title>
<style>
body {
	text-align: left;
	margin: 15px auto;
	padding: 0px 10px;
}
@media (min-width: 800px) {
	body {
		max-width: 85%;
	}
}
#header {
	border-bottom: 1px solid #dbdbdb;
	font-size: 230%;
	text-align: left;
}
#footer {
	border-top: 1px solid #dbdbdb;
	clear: both;
	text-align: left;
}
.logo_bug {
	color: #cc0033;
}
#menu ul {
	list-style-type: none;
	margin: 0;
	padding: 0;
}
#menu li {
	float: left;
}
#menu li a {
	display: block;
	background-color: #dbdbdb;
	color: #000000;
	font-size: 105%;
	font-weight: bold;
	padding: 0px 6px 0px 6px;
	text-decoration: none;
}
#content {
	clear: both;
	text-align: left;
	padding-top: 10px;
}
#content h1 {
	font-size: 120%;
	font-weight: bold;
}
#content h2 {
	font-size: 110%;
	font-weight: bold;
}
#content a {
	text-decoration: none;
}
#content pre {
	background-color: #dbdbdb;
	padding: 5px 5px 5px 5px;
	white-space: pre-wrap;		/* css-3 */
	white-space: -moz-pre-wrap;	/* Mozilla, since 1999 */
	white-space: -pre-wrap;		/* Opera 4-6 */
	white-space: -o-pre-wrap;	/* Opera 7 */
	word-wrap: break-word;		/* Internet Explorer 5.5+ */
}
#content table {
	border-collapse: collapse;
}
#content table th {
	border: 1px solid #dbdbdb;
	font-size: 85%;
	white-space: nowrap;
}
#content table td {
	border: 1px solid #dbdbdb;
	font-size: 80%;
}
#content input {
	font-size: 1em;
}
#content .full	{ width: 100%; }
#content .left	{ text-align: left; }
#content .right	{ text-align: right; }
#content .center { text-align: center; }
#content .flexbox {
	display: -ms-flex;
	display: -webkit-flex;
	display: flex;
	width: 100%;
}
#content .left_col {
	min-width: 75px;
	max-width: 50%;
	flex-grow: 0;
}
#content .right_col {
	flex-grow: 1;
	margin-left: 10px;
	padding-top: 10px;
	padding-left: 10px;
}
#col {
	-moz-column-count: 3;
	-webkit-column-count: 3;
	column-count: 3;
}
</style>
</head>
<body>

<div id="header">
<strong><em>NYC*</em><span class="logo_bug">BUG</span> dmesgd</strong>
</div><!-- header -->

<div id="menu">
<ul>
<li><a href="https://dmesgd.nycbug.org/index.cgi?do=index">Home</a></li>
<li><a href="https://dmesgd.nycbug.org/index.cgi?do=submit">Submit</a></li>
<li><a href="https://www.nycbug.org/">NYC*BUG</a></li>
</ul>
</div><!-- menu -->

<div id="content">

<p>
Launched in 2004, dmesgd aims to provide a
<strong>user-submitted</strong> repository of searchable *BSD dmesgs.
The dmesg(8) command displays the system message buffer's content, and
during boot a copy is saved to <em>/var/run/dmesg.boot</em>.  This buffer
contains the operating system release, name and version, a list of
devices identified, plus a whole host of other useful information.  We
hope others find this resource useful and further contribute to its
growth. Contact us at [ admin at lists dot nycbug dot org ].
</p>

<hr />


<strong>Date:</strong> <em>2015-05-02 10:34:27</em><br />
<strong>From:</strong> <em>balkenbrij</em><br />
<strong>Description:</strong> <em>openbsd sparc64 ultra-10</em><br />

<pre>
console is /pci@1f,0/pci@1,1/ebus@1/se@14,400000:b
Copyright (c) 1982, 1986, 1989, 1991, 1993
        The Regents of the University of California.  All rights reserved.
Copyright (c) 1995-2015 OpenBSD. All rights reserved.  http://www.OpenBSD.org

OpenBSD 5.7 (GENERIC) #466: Sun Mar  8 13:47:17 MDT 2015
    xxx@xxx.xxx:/usr/src/sys/arch/sparc64/compile/GENERIC
real mem = 1073741824 (1024MB)
avail mem = 1042284544 (994MB)
warning: no entropy supplied by boot loader
mpath0 at root
scsibus0 at mpath0: 256 targets
mainbus0 at root: Sun Ultra 5/10 UPA/PCI (UltraSPARC-IIi 440MHz)
cpu0 at mainbus0: SUNW,UltraSPARC-IIi (rev 9.1) @ 440 MHz
cpu0: physical 16K instruction (32 b/l), 16K data (32 b/l), 2048K external (64 b/l)
psycho0 at mainbus0 addr 0xfffc4000: SUNW,sabre, impl 0, version 0, ign 7c0
psycho0: bus range 0-2, PCI bus 0
psycho0: dvma map c0000000-dfffffff
pci0 at psycho0
ppb0 at pci0 dev 1 function 1 &quot;Sun Simba&quot; rev 0x13
pci1 at ppb0 bus 1
ebus0 at pci1 dev 1 function 0 &quot;Sun PCIO EBus2&quot; rev 0x01
auxio0 at ebus0 addr 726000-726003, 728000-728003, 72a000-72a003, 72c000-72c003, 72f000-72f003
power0 at ebus0 addr 724000-724003 ivec 0x25
&quot;SUNW,pll&quot; at ebus0 addr 504000-504002 not configured
sab0 at ebus0 addr 400000-40007f ivec 0x2b: rev 3.2
sabtty0 at sab0 port 0
sabtty1 at sab0 port 1: console
comkbd0 at ebus0 addr 3083f8-3083ff ivec 0x29: no keyboard
comms0 at ebus0 addr 3062f8-3062ff ivec 0x2a
wsmouse0 at comms0 mux 0
lpt0 at ebus0 addr 3043bc-3043cb, 30015c-30015d, 700000-70000f ivec 0x22: polled
&quot;fdthree&quot; at ebus0 addr 3023f0-3023f7, 706000-70600f, 720000-720003 ivec 0x27 not configured
clock1 at ebus0 addr 0-1fff: mk48t59
&quot;flashprom&quot; at ebus0 addr 0-fffff not configured
audioce0 at ebus0 addr 200000-2000ff, 702000-70200f, 704000-70400f, 722000-722003 ivec 0x23 ivec 0x24: nvaddrs 0
audio0 at audioce0
hme0 at pci1 dev 1 function 1 &quot;Sun HME&quot; rev 0x01: ivec 0x7e1, address xx:xx:xx:xx:xx:xx
nsphy0 at hme0 phy 1: DP83840 10/100 PHY, rev. 1
machfb0 at pci1 dev 2 function 0 &quot;ATI Mach64&quot; rev 0x5c
machfb0: ATY,GT-C, 1152x900
wsdisplay0 at machfb0 mux 1
wsdisplay0: screen 0 added (std, sun emulation)
pciide0 at pci1 dev 3 function 0 &quot;CMD Technology PCI0646&quot; rev 0x03: DMA, channel 0 configured to native-PCI, channel 1 configured to native-PCI
pciide0: using ivec 0x7e0 for native-PCI interrupt
wd0 at pciide0 channel 0 drive 0: &lt;Hitachi HDT725032VLAT80&gt;
wd0: 16-sector PIO, LBA48, 305245MB, 625142448 sectors
wd1 at pciide0 channel 0 drive 1: &lt;WDC WD3200JB-00KFA0&gt;
wd1: 16-sector PIO, LBA48, 305245MB, 625142448 sectors
wd0(pciide0:0:0): using PIO mode 4, DMA mode 2
wd1(pciide0:0:1): using PIO mode 4, DMA mode 2
atapiscsi0 at pciide0 channel 1 drive 0
scsibus1 at atapiscsi0: 2 targets
cd0 at scsibus1 targ 0 lun 0: &lt;_NEC, DVD_RW ND-3540A, 1.01&gt; ATAPI 5/cdrom removable
cd0(pciide0:1:0): using PIO mode 4, DMA mode 2
ppb1 at pci0 dev 1 function 0 &quot;Sun Simba&quot; rev 0x13
pci2 at ppb1 bus 2
&quot;Sun PCIO EBus2&quot; rev 0x01 at pci2 dev 1 function 0 not configured
hme1 at pci2 dev 1 function 1 &quot;Sun HME&quot; rev 0x01: ivec 0x7d1, address xx:xx:xx:xx:xx:xx
luphy0 at hme1 phy 1: LU6612 10/100 PHY, rev. 1
vscsi0 at root
scsibus2 at vscsi0: 256 targets
softraid0 at root
scsibus3 at softraid0: 256 targets
sd0 at scsibus3 targ 1 lun 0: &lt;OPENBSD, SR RAID 1, 005&gt; SCSI2 0/direct fixed
sd0: 305141MB, 512 bytes/sector, 624930240 sectors
bootpath: /pci@1f,0/pci@1,1/ide@3,0/disk@0,0
root on sd0a (9d8790005194d852.a) swap on sd0b dump on sd0b

</pre>



</div><!-- content -->
<br />
<div id="footer">
All comments/news/posts are the property of their individual owner and
is presented without warranty of suitability, and solely as an
informational resource. <br />
This site Copyright &copy; 2004-2020 NYC*BUG.
</div><!-- footer -->

</body>
</html>

