



<!doctype html>
<html lang="en">
<head>
<meta name="keywords"
	content="bsd, freebsd, openbsd, netbsd, dragonflybsd, nycbug, dmesgd" />
<meta name="description" content="New York City BSD User Group dmesgd" />
<meta charset="utf-8" />
<meta name="viewport" content="width=device-width, initial-scale=1" />
<title>NYC*BUG dmesgd</title>
<style>
body {
	text-align: left;
	margin: 15px auto;
	padding: 0px 10px;
}
@media (min-width: 800px) {
	body {
		max-width: 85%;
	}
}
#header {
	border-bottom: 1px solid #dbdbdb;
	font-size: 230%;
	text-align: left;
}
#footer {
	border-top: 1px solid #dbdbdb;
	clear: both;
	text-align: left;
}
.logo_bug {
	color: #cc0033;
}
#menu ul {
	list-style-type: none;
	margin: 0;
	padding: 0;
}
#menu li {
	float: left;
}
#menu li a {
	display: block;
	background-color: #dbdbdb;
	color: #000000;
	font-size: 105%;
	font-weight: bold;
	padding: 0px 6px 0px 6px;
	text-decoration: none;
}
#content {
	clear: both;
	text-align: left;
	padding-top: 10px;
}
#content h1 {
	font-size: 120%;
	font-weight: bold;
}
#content h2 {
	font-size: 110%;
	font-weight: bold;
}
#content a {
	text-decoration: none;
}
#content pre {
	background-color: #dbdbdb;
	padding: 5px 5px 5px 5px;
	white-space: pre-wrap;		/* css-3 */
	white-space: -moz-pre-wrap;	/* Mozilla, since 1999 */
	white-space: -pre-wrap;		/* Opera 4-6 */
	white-space: -o-pre-wrap;	/* Opera 7 */
	word-wrap: break-word;		/* Internet Explorer 5.5+ */
}
#content table {
	border-collapse: collapse;
}
#content table th {
	border: 1px solid #dbdbdb;
	font-size: 85%;
	white-space: nowrap;
}
#content table td {
	border: 1px solid #dbdbdb;
	font-size: 80%;
}
#content input {
	font-size: 1em;
}
#content .full	{ width: 100%; }
#content .left	{ text-align: left; }
#content .right	{ text-align: right; }
#content .center { text-align: center; }
#content .flexbox {
	display: -ms-flex;
	display: -webkit-flex;
	display: flex;
	width: 100%;
}
#content .left_col {
	min-width: 75px;
	max-width: 50%;
	flex-grow: 0;
}
#content .right_col {
	flex-grow: 1;
	margin-left: 10px;
	padding-top: 10px;
	padding-left: 10px;
}
#col {
	-moz-column-count: 3;
	-webkit-column-count: 3;
	column-count: 3;
}
</style>
</head>
<body>

<div id="header">
<strong><em>NYC*</em><span class="logo_bug">BUG</span> dmesgd</strong>
</div><!-- header -->

<div id="menu">
<ul>
<li><a href="https://dmesgd.nycbug.org/index.cgi?do=index">Home</a></li>
<li><a href="https://dmesgd.nycbug.org/index.cgi?do=submit">Submit</a></li>
<li><a href="https://www.nycbug.org/">NYC*BUG</a></li>
</ul>
</div><!-- menu -->

<div id="content">

<p>
Launched in 2004, dmesgd aims to provide a
<strong>user-submitted</strong> repository of searchable *BSD dmesgs.
The dmesg(8) command displays the system message buffer's content, and
during boot a copy is saved to <em>/var/run/dmesg.boot</em>.  This buffer
contains the operating system release, name and version, a list of
devices identified, plus a whole host of other useful information.  We
hope others find this resource useful and further contribute to its
growth. Contact us at [ admin at lists dot nycbug dot org ].
</p>

<hr />


<strong>Date:</strong> <em>2015-05-26 12:47:19</em><br />
<strong>From:</strong> <em>Sevan / Venture37</em><br />
<strong>Description:</strong> <em>IBM ThinkPad X60s 1704-5LG flashed with coreboot SeaBIOS</em><br />

<pre>
OpenBSD 5.7-current (GENERIC.MP) #894: Mon May 25 17:48:34 MDT 2015
    xxx@xxx.xxx:/usr/src/sys/arch/i386/compile/GENERIC.MP
cpu0: Genuine Intel(R) CPU 1400 @ 1.66GHz (&quot;GenuineIntel&quot; 686-class) 1.67 GHz
cpu0: FPU,V86,DE,PSE,TSC,MSR,PAE,MCE,CX8,APIC,SEP,MTRR,PGE,MCA,CMOV,CFLUSH,DS,ACPI,MMX,FXSR,SSE,SSE2,SS,HTT,TM,PBE,NXE,SSE3,MWAIT,VMX,EST,TM2,xTPR,PDCM,PERF
real mem  = 2137198592 (2038MB)
avail mem = 2089984000 (1993MB)
mpath0 at root
scsibus0 at mpath0: 256 targets
mainbus0 at root
bios0 at mainbus0: date 06/23/99, BIOS32 rev. 0 @ 0xfd4e7, SMBIOS rev. 2.7 @ 0x7f6b7020 (8 entries)
bios0: vendor coreboot version &quot;CBET4000 7BETD8WW (2.19 )&quot; date 05/25/2015
bios0: LENOVO 17045LG
acpi0 at bios0: rev 2
acpi0: sleep states S0 S3 S4 S5
acpi0: tables DSDT FACP SSDT MCFG APIC HPET
acpi0: wakeup devices HDEF(S4) USB1(S4) USB2(S4) USB3(S4) USB4(S4) EHC1(S4) SLT1(S4) SLT2(S4) SLT3(S4) SLT6(S4) LANC(S3) LANR(S3) MODM(S4) SLPB(S3) LID_(S3)
acpitimer0 at acpi0: 3579545 Hz, 24 bits
acpimcfg0 at acpi0 addr 0xf0000000, bus 0-63
acpimadt0 at acpi0 addr 0xfee00000: PC-AT compat
cpu0 at mainbus0: apid 0 (boot processor)
mtrr: Pentium Pro MTRR support, 8 var ranges, 88 fixed ranges
cpu0: apic clock running at 166MHz
cpu0: mwait min=64, max=64, C-substates=0.2.2.2.2, IBE
cpu1 at mainbus0: apid 1 (application processor)
cpu1: Genuine Intel(R) CPU 1400 @ 1.66GHz (&quot;GenuineIntel&quot; 686-class) 1.67 GHz
cpu1: FPU,V86,DE,PSE,TSC,MSR,PAE,MCE,CX8,APIC,SEP,MTRR,PGE,MCA,CMOV,CFLUSH,DS,ACPI,MMX,FXSR,SSE,SSE2,SS,HTT,TM,PBE,NXE,SSE3,MWAIT,VMX,EST,TM2,xTPR,PDCM,PERF
ioapic0 at mainbus0: apid 2 pa 0xfec00000, version 20, 24 pins
acpihpet0 at acpi0: 14318179 Hz
acpiprt0 at acpi0: bus 0 (PCI0)
acpiprt1 at acpi0: bus -1 (PEGP)
acpiprt2 at acpi0: bus 1 (RP01)
acpiprt3 at acpi0: bus 2 (RP02)
acpiprt4 at acpi0: bus 3 (RP03)
acpiprt5 at acpi0: bus 4 (RP04)
acpiprt6 at acpi0: bus -1 (RP05)
acpiprt7 at acpi0: bus -1 (RP06)
acpiprt8 at acpi0: bus 5 (PCIB)
acpiec0 at acpi0
acpicpu0 at acpi0: C2, C2, C1, PSS
acpicpu1 at acpi0: C2, C2, C1, PSS
acpitz0 at acpi0: critical temperature is 127 degC
acpitz1 at acpi0: critical temperature is 99 degC
acpithinkpad0 at acpi0
acpiac0 at acpi0: AC unit online
acpibat0 at acpi0: BAT0 model &quot;92P1163&quot; serial  1044 type LION oem &quot;SANYO&quot;
acpibat1 at acpi0: BAT1 not present
acpibtn0 at acpi0: SLPB
acpibtn1 at acpi0: LID_
acpiac1 at acpi0: AC unit offline
acpidock0 at acpi0: DOCK docked (1)
bios0: ROM list: 0xc0000/0xea00! 0xee800/0x1800!
cpu0: Enhanced SpeedStep 1663 MHz: speeds: 1666, 1333, 1000 MHz
pci0 at mainbus0 bus 0: configuration mode 1 (bios)
pchb0 at pci0 dev 0 function 0 &quot;Intel 82945GM Host&quot; rev 0x03
vga1 at pci0 dev 2 function 0 &quot;Intel 82945GM Video&quot; rev 0x03
intagp0 at vga1
agp0 at intagp0: aperture at 0xd0000000, size 0x10000000
inteldrm0 at vga1
drm0 at inteldrm0
inteldrm0: 1024x768
wsdisplay0 at vga1 mux 1: console (std, vt100 emulation)
wsdisplay0: screen 1-5 added (std, vt100 emulation)
&quot;Intel 82945GM Video&quot; rev 0x03 at pci0 dev 2 function 1 not configured
azalia0 at pci0 dev 27 function 0 &quot;Intel 82801GB HD Audio&quot; rev 0x02: msi
azalia0: codecs: Analog Devices AD1981HD, Conexant/0x2bfa, using Analog Devices AD1981HD
audio0 at azalia0
ppb0 at pci0 dev 28 function 0 &quot;Intel 82801GB PCIE&quot; rev 0x02: apic 2 int 20
pci1 at ppb0 bus 1
em0 at pci1 dev 0 function 0 &quot;Intel 82573L&quot; rev 0x00: msi, address 00:16:d3:
ppb1 at pci0 dev 28 function 1 &quot;Intel 82801GB PCIE&quot; rev 0x02
pci2 at ppb1 bus 2
ral0 at pci2 dev 0 function 0 &quot;Ralink RT3090&quot; rev 0x00: apic 2 int 17, address 6c:62:6d:
ral0: MAC/BBP RT3090 (rev 0x3213), RF RT3020 (MIMO 1T1R)
ppb2 at pci0 dev 28 function 2 &quot;Intel 82801GB PCIE&quot; rev 0x02
pci3 at ppb2 bus 3
ppb3 at pci0 dev 28 function 3 &quot;Intel 82801GB PCIE&quot; rev 0x02
pci4 at ppb3 bus 4
uhci0 at pci0 dev 29 function 0 &quot;Intel 82801GB USB&quot; rev 0x02: apic 2 int 16
uhci1 at pci0 dev 29 function 1 &quot;Intel 82801GB USB&quot; rev 0x02: apic 2 int 17
uhci2 at pci0 dev 29 function 2 &quot;Intel 82801GB USB&quot; rev 0x02: apic 2 int 18
uhci3 at pci0 dev 29 function 3 &quot;Intel 82801GB USB&quot; rev 0x02: apic 2 int 19
ehci0 at pci0 dev 29 function 7 &quot;Intel 82801GB USB&quot; rev 0x02: apic 2 int 19
usb0 at ehci0: USB revision 2.0
uhub0 at usb0 &quot;Intel EHCI root hub&quot; rev 2.00/1.00 addr 1
ppb4 at pci0 dev 30 function 0 &quot;Intel 82801BAM Hub-to-PCI&quot; rev 0xe2
pci5 at ppb4 bus 5
cbb0 at pci5 dev 0 function 0 &quot;Ricoh 5C476 CardBus&quot; rev 0xb4: apic 2 int 16
&quot;Ricoh 5C552 Firewire&quot; rev 0x09 at pci5 dev 0 function 1 not configured
sdhc0 at pci5 dev 0 function 2 &quot;Ricoh 5C822 SD/MMC&quot; rev 0x18: apic 2 int 18
sdmmc0 at sdhc0
&quot;Ricoh 5C843 MMC&quot; rev 0x00 at pci5 dev 0 function 3 not configured
cardslot0 at cbb0 slot 0 flags 0
cardbus0 at cardslot0: bus 6 device 0 cacheline 0x0, lattimer 0x20
pcmcia0 at cardslot0
ichpcib0 at pci0 dev 31 function 0 &quot;Intel 82801GBM LPC&quot; rev 0x02: PM disabled
pciide0 at pci0 dev 31 function 1 &quot;Intel 82801GB IDE&quot; rev 0x02: DMA, channel 0 configured to compatibility, channel 1 configured to compatibility
pciide0: channel 0 ignored (disabled)
pciide0: channel 1 ignored (disabled)
ahci0 at pci0 dev 31 function 2 &quot;Intel 82801GBM AHCI&quot; rev 0x02: msi, AHCI 1.1
ahci0: port 0: 1.5Gb/s
scsibus1 at ahci0: 32 targets
sd0 at scsibus1 targ 0 lun 0: &lt;ATA, FUJITSU MHV2080B, 0084&gt; SCSI3 0/direct fixed t10.ATA_FUJITSU_MHV2080BH_
sd0: 76319MB, 512 bytes/sector, 156301488 sectors
ichiic0 at pci0 dev 31 function 3 &quot;Intel 82801GB SMBus&quot; rev 0x02: apic 2 int 23
iic0 at ichiic0
spdmem0 at iic0 addr 0x50: 1GB DDR2 SDRAM non-parity PC2-5300CL5 SO-DIMM
spdmem1 at iic0 addr 0x51: 1GB DDR2 SDRAM non-parity PC2-5300CL5 SO-DIMM
usb1 at uhci0: USB revision 1.0
uhub1 at usb1 &quot;Intel UHCI root hub&quot; rev 1.00/1.00 addr 1
usb2 at uhci1: USB revision 1.0
uhub2 at usb2 &quot;Intel UHCI root hub&quot; rev 1.00/1.00 addr 1
usb3 at uhci2: USB revision 1.0
uhub3 at usb3 &quot;Intel UHCI root hub&quot; rev 1.00/1.00 addr 1
usb4 at uhci3: USB revision 1.0
uhub4 at usb4 &quot;Intel UHCI root hub&quot; rev 1.00/1.00 addr 1
isa0 at ichpcib0
isadma0 at isa0
pckbc0 at isa0 port 0x60/5 irq 1 irq 12
pckbd0 at pckbc0 (kbd slot)
wskbd0 at pckbd0: console keyboard, using wsdisplay0
pms0 at pckbc0 (aux slot)
wsmouse0 at pms0 mux 0
pcppi0 at isa0 port 0x61
spkr0 at pcppi0
aps0 at isa0 port 0x1600/31
npx0 at isa0 port 0xf0/16: reported by CPUID; using exception 16
ugen0 at uhub4 port 2 &quot;STMicroelectronics Biometric Coprocessor&quot; rev 1.00/0.01 addr 2
vscsi0 at root
scsibus2 at vscsi0: 256 targets
softraid0 at root
scsibus3 at softraid0: 256 targets
root on sd0a (41610813bb87b21a.a) swap on sd0b dump on sd0b
clock: unknown CMOS layout
hw.sensors.acpitz0.temp0=57.00 degC (zone temperature)
hw.sensors.acpitz1.temp0=47.00 degC (zone temperature)
hw.sensors.acpithinkpad0.temp0=57.00 degC
hw.sensors.acpithinkpad0.temp1=47.00 degC
hw.sensors.acpithinkpad0.temp2=47.00 degC
hw.sensors.acpithinkpad0.temp3=47.00 degC
hw.sensors.acpithinkpad0.temp4=47.00 degC
hw.sensors.acpithinkpad0.temp5=47.00 degC
hw.sensors.acpithinkpad0.temp6=47.00 degC
hw.sensors.acpithinkpad0.temp7=47.00 degC
hw.sensors.acpithinkpad0.fan0=2806 RPM
hw.sensors.acpiac0.indicator0=On (power supply)
hw.sensors.acpibat0.volt0=14.40 VDC (voltage)
hw.sensors.acpibat0.volt1=16.57 VDC (current voltage)
hw.sensors.acpibat0.power0=25.39 W (rate)
hw.sensors.acpibat0.watthour0=13.14 Wh (last full capacity)
hw.sensors.acpibat0.watthour1=0.66 Wh (warning capacity)
hw.sensors.acpibat0.watthour2=0.20 Wh (low capacity)
hw.sensors.acpibat0.watthour3=11.04 Wh (remaining capacity), OK
hw.sensors.acpibat0.watthour4=28.80 Wh (design capacity)
hw.sensors.acpibat0.raw0=2 (battery charging), OK
hw.sensors.acpibtn1.indicator0=On (lid open)
hw.sensors.acpiac1.indicator0=Off (power supply)
hw.sensors.acpidock0.indicator0=On (docked), OK
hw.sensors.cpu0.temp0=51.00 degC
hw.sensors.aps0.temp0=47.00 degC
hw.sensors.aps0.temp1=47.00 degC
hw.sensors.aps0.indicator0=On (Keyboard Active)
hw.sensors.aps0.indicator1=Off (Mouse Active)
hw.sensors.aps0.indicator2=On (Lid Open)
hw.sensors.aps0.raw0=531 (X_ACCEL)
hw.sensors.aps0.raw1=509 (Y_ACCEL)
hw.sensors.aps0.raw2=532 (X_VAR)
hw.sensors.aps0.raw3=509 (Y_VAR)

</pre>



</div><!-- content -->
<br />
<div id="footer">
All comments/news/posts are the property of their individual owner and
is presented without warranty of suitability, and solely as an
informational resource. <br />
This site Copyright &copy; 2004-2020 NYC*BUG.
</div><!-- footer -->

</body>
</html>

