



<!doctype html>
<html lang="en">
<head>
<meta name="keywords"
	content="bsd, freebsd, openbsd, netbsd, dragonflybsd, nycbug, dmesgd" />
<meta name="description" content="New York City BSD User Group dmesgd" />
<meta charset="utf-8" />
<meta name="viewport" content="width=device-width, initial-scale=1" />
<title>NYC*BUG dmesgd</title>
<style>
body {
	text-align: left;
	margin: 15px auto;
	padding: 0px 10px;
}
@media (min-width: 800px) {
	body {
		max-width: 85%;
	}
}
#header {
	border-bottom: 1px solid #dbdbdb;
	font-size: 230%;
	text-align: left;
}
#footer {
	border-top: 1px solid #dbdbdb;
	clear: both;
	text-align: left;
}
.logo_bug {
	color: #cc0033;
}
#menu ul {
	list-style-type: none;
	margin: 0;
	padding: 0;
}
#menu li {
	float: left;
}
#menu li a {
	display: block;
	background-color: #dbdbdb;
	color: #000000;
	font-size: 105%;
	font-weight: bold;
	padding: 0px 6px 0px 6px;
	text-decoration: none;
}
#content {
	clear: both;
	text-align: left;
	padding-top: 10px;
}
#content h1 {
	font-size: 120%;
	font-weight: bold;
}
#content h2 {
	font-size: 110%;
	font-weight: bold;
}
#content a {
	text-decoration: none;
}
#content pre {
	background-color: #dbdbdb;
	padding: 5px 5px 5px 5px;
	white-space: pre-wrap;		/* css-3 */
	white-space: -moz-pre-wrap;	/* Mozilla, since 1999 */
	white-space: -pre-wrap;		/* Opera 4-6 */
	white-space: -o-pre-wrap;	/* Opera 7 */
	word-wrap: break-word;		/* Internet Explorer 5.5+ */
}
#content table {
	border-collapse: collapse;
}
#content table th {
	border: 1px solid #dbdbdb;
	font-size: 85%;
	white-space: nowrap;
}
#content table td {
	border: 1px solid #dbdbdb;
	font-size: 80%;
}
#content input {
	font-size: 1em;
}
#content .full	{ width: 100%; }
#content .left	{ text-align: left; }
#content .right	{ text-align: right; }
#content .center { text-align: center; }
#content .flexbox {
	display: -ms-flex;
	display: -webkit-flex;
	display: flex;
	width: 100%;
}
#content .left_col {
	min-width: 75px;
	max-width: 50%;
	flex-grow: 0;
}
#content .right_col {
	flex-grow: 1;
	margin-left: 10px;
	padding-top: 10px;
	padding-left: 10px;
}
#col {
	-moz-column-count: 3;
	-webkit-column-count: 3;
	column-count: 3;
}
</style>
</head>
<body>

<div id="header">
<strong><em>NYC*</em><span class="logo_bug">BUG</span> dmesgd</strong>
</div><!-- header -->

<div id="menu">
<ul>
<li><a href="https://dmesgd.nycbug.org/index.cgi?do=index">Home</a></li>
<li><a href="https://dmesgd.nycbug.org/index.cgi?do=submit">Submit</a></li>
<li><a href="https://www.nycbug.org/">NYC*BUG</a></li>
</ul>
</div><!-- menu -->

<div id="content">

<p>
Launched in 2004, dmesgd aims to provide a
<strong>user-submitted</strong> repository of searchable *BSD dmesgs.
The dmesg(8) command displays the system message buffer's content, and
during boot a copy is saved to <em>/var/run/dmesg.boot</em>.  This buffer
contains the operating system release, name and version, a list of
devices identified, plus a whole host of other useful information.  We
hope others find this resource useful and further contribute to its
growth. Contact us at [ admin at lists dot nycbug dot org ].
</p>

<hr />


<strong>Date:</strong> <em>2015-05-29 05:49:31</em><br />
<strong>From:</strong> <em>brycec</em><br />
<strong>Description:</strong> <em>Apple G4 Cube (macppc) OpenBSD 5.7, headless</em><br />

<pre>
[ using 551848 bytes of bsd ELF symbol table ]
console out [ATY,Rage128Pd]console in [keyboard] , no keyboard attached, trying usb anyway
: memaddr 94000000 size 4000000, : consaddr 96008000, : ioaddr 90020000, size 20000: width 640 linebytes 768 height 480 depth 8
Copyright (c) 1982, 1986, 1989, 1991, 1993
        The Regents of the University of California.  All rights reserved.
Copyright (c) 1995-2015 OpenBSD. All rights reserved.  http://www.OpenBSD.org

OpenBSD 5.7 (GENERIC) #443: Sun Mar  8 13:36:49 MDT 2015
    xxx@xxx.xxx:/usr/src/sys/arch/macppc/compile/GENERIC
real mem = 536870912 (512MB)
avail mem = 507568128 (484MB)
warning: no entropy supplied by boot loader
mpath0 at root
scsibus0 at mpath0: 256 targets
mainbus0 at root: model PowerMac5,1
cpu0 at mainbus0: 7400 (Revision 0x209): 450 MHz: 1MB backside cache
mem0 at mainbus0
spdmem0 at mem0: 256MB SDRAM non-parity PC100CL2
spdmem1 at mem0: 256MB SDRAM non-parity PC100CL2
memc0 at mainbus0: uni-n rev 0x8
kiic0 at memc0 offset 0xf8001000
iic0 at kiic0
mpcpcibr0 at mainbus0 pci: uni-north
pci0 at mpcpcibr0 bus 0
pchb0 at pci0 dev 11 function 0 &quot;Apple Uni-N AGP&quot; rev 0x00
vgafb0 at pci0 dev 16 function 0 &quot;ATI Rage Fury&quot; rev 0x00, mmio
wsdisplay0 at vgafb0 mux 1: console (std, vt100 emulation)
wsdisplay0: screen 1-5 added (std, vt100 emulation)
mpcpcibr1 at mainbus0 pci: uni-north
pci1 at mpcpcibr1 bus 0
macobio0 at pci1 dev 23 function 0 &quot;Apple Keylargo&quot; rev 0x03
openpic0 at macobio0 offset 0x40000: version 0x4614 feature 3f0302 LE
macgpio0 at macobio0 offset 0x50
macgpio1 at macgpio0: irq 47
pgs0 at macgpio0: irq 55
&quot;i2s&quot; at macobio0 offset 0x10000 not configured
&quot;escc-legacy&quot; at macobio0 offset 0x12000 not configured
zsc0 at macobio0 offset 0x13000: irq 22,50
zstty0 at zsc0 channel 0
zstty1 at zsc0 channel 1
&quot;timer&quot; at macobio0 offset 0x15000 not configured
adb0 at macobio0 offset 0x16000
apm0 at adb0: battery flags 0x9, 0% charged
kiic1 at macobio0 offset 0x18000
iic1 at kiic1
wdc0 at macobio0 offset 0x1f000 irq 19: DMA
wd0 at wdc0 channel 0 drive 0: &lt;Maxtor 6Y080L0&gt;
wd0: 16-sector PIO, LBA, 78167MB, 160086528 sectors
wd0(wdc0:0:0): using PIO mode 4, DMA mode 2, Ultra-DMA mode 4
wdc1 at macobio0 offset 0x20000 irq 20: DMA
wdc2 at macobio0 offset 0x21000 irq 21: DMA
ohci0 at pci1 dev 24 function 0 &quot;Apple USB&quot; rev 0x00: irq 27, version 1.0
ohci1 at pci1 dev 25 function 0 &quot;Apple USB&quot; rev 0x00: irq 28, version 1.0
&quot;TI TSB12LV26 FireWire&quot; rev 0x00 at pci1 dev 26 function 0 not configured
usb0 at ohci0: USB revision 1.0
uhub0 at usb0 &quot;Apple OHCI root hub&quot; rev 1.00/1.00 addr 1
usb1 at ohci1: USB revision 1.0
uhub1 at usb1 &quot;Apple OHCI root hub&quot; rev 1.00/1.00 addr 1
mpcpcibr2 at mainbus0 pci: uni-north
pci2 at mpcpcibr2 bus 0
gem0 at pci2 dev 15 function 0 &quot;Apple Uni-N GMAC&quot; rev 0x01: irq 41, address xx:xx:xx:xx:xx:xx
lxtphy0 at gem0 phy 0: LXT971 10/100 PHY, rev. 1
vscsi0 at root
scsibus1 at vscsi0: 256 targets
softraid0 at root
scsibus2 at softraid0: 256 targets
bootpath: /pci@f2000000/mac-io@17/ata-4@1f000/disk@0:/bsd
root on wd0a (a88b818fa7a93082.a) swap on wd0b dump on wd0b

</pre>



</div><!-- content -->
<br />
<div id="footer">
All comments/news/posts are the property of their individual owner and
is presented without warranty of suitability, and solely as an
informational resource. <br />
This site Copyright &copy; 2004-2020 NYC*BUG.
</div><!-- footer -->

</body>
</html>

