



<!doctype html>
<html lang="en">
<head>
<meta name="keywords"
	content="bsd, freebsd, openbsd, netbsd, dragonflybsd, nycbug, dmesgd" />
<meta name="description" content="New York City BSD User Group dmesgd" />
<meta charset="utf-8" />
<meta name="viewport" content="width=device-width, initial-scale=1" />
<title>NYC*BUG dmesgd</title>
<style>
body {
	text-align: left;
	margin: 15px auto;
	padding: 0px 10px;
}
@media (min-width: 800px) {
	body {
		max-width: 85%;
	}
}
#header {
	border-bottom: 1px solid #dbdbdb;
	font-size: 230%;
	text-align: left;
}
#footer {
	border-top: 1px solid #dbdbdb;
	clear: both;
	text-align: left;
}
.logo_bug {
	color: #cc0033;
}
#menu ul {
	list-style-type: none;
	margin: 0;
	padding: 0;
}
#menu li {
	float: left;
}
#menu li a {
	display: block;
	background-color: #dbdbdb;
	color: #000000;
	font-size: 105%;
	font-weight: bold;
	padding: 0px 6px 0px 6px;
	text-decoration: none;
}
#content {
	clear: both;
	text-align: left;
	padding-top: 10px;
}
#content h1 {
	font-size: 120%;
	font-weight: bold;
}
#content h2 {
	font-size: 110%;
	font-weight: bold;
}
#content a {
	text-decoration: none;
}
#content pre {
	background-color: #dbdbdb;
	padding: 5px 5px 5px 5px;
	white-space: pre-wrap;		/* css-3 */
	white-space: -moz-pre-wrap;	/* Mozilla, since 1999 */
	white-space: -pre-wrap;		/* Opera 4-6 */
	white-space: -o-pre-wrap;	/* Opera 7 */
	word-wrap: break-word;		/* Internet Explorer 5.5+ */
}
#content table {
	border-collapse: collapse;
}
#content table th {
	border: 1px solid #dbdbdb;
	font-size: 85%;
	white-space: nowrap;
}
#content table td {
	border: 1px solid #dbdbdb;
	font-size: 80%;
}
#content input {
	font-size: 1em;
}
#content .full	{ width: 100%; }
#content .left	{ text-align: left; }
#content .right	{ text-align: right; }
#content .center { text-align: center; }
#content .flexbox {
	display: -ms-flex;
	display: -webkit-flex;
	display: flex;
	width: 100%;
}
#content .left_col {
	min-width: 75px;
	max-width: 50%;
	flex-grow: 0;
}
#content .right_col {
	flex-grow: 1;
	margin-left: 10px;
	padding-top: 10px;
	padding-left: 10px;
}
#col {
	-moz-column-count: 3;
	-webkit-column-count: 3;
	column-count: 3;
}
</style>
</head>
<body>

<div id="header">
<strong><em>NYC*</em><span class="logo_bug">BUG</span> dmesgd</strong>
</div><!-- header -->

<div id="menu">
<ul>
<li><a href="https://dmesgd.nycbug.org/index.cgi?do=index">Home</a></li>
<li><a href="https://dmesgd.nycbug.org/index.cgi?do=submit">Submit</a></li>
<li><a href="https://www.nycbug.org/">NYC*BUG</a></li>
</ul>
</div><!-- menu -->

<div id="content">

<p>
Launched in 2004, dmesgd aims to provide a
<strong>user-submitted</strong> repository of searchable *BSD dmesgs.
The dmesg(8) command displays the system message buffer's content, and
during boot a copy is saved to <em>/var/run/dmesg.boot</em>.  This buffer
contains the operating system release, name and version, a list of
devices identified, plus a whole host of other useful information.  We
hope others find this resource useful and further contribute to its
growth. Contact us at [ admin at lists dot nycbug dot org ].
</p>

<hr />


<strong>Date:</strong> <em>2015-07-13 17:22:49</em><br />
<strong>From:</strong> <em>van</em><br />
<strong>Description:</strong> <em>OpenBSD 5.7 on a Lenovo TS140</em><br />

<pre>
OpenBSD 5.7 (GENERIC.MP) #881: Sun Mar  8 11:04:17 MDT 2015
    xxx@xxx.xxx:/usr/src/sys/arch/amd64/compile/GENERIC.MP
real mem = 8355123200 (7968MB)
avail mem = 8128790528 (7752MB)
mpath0 at root
scsibus0 at mpath0: 256 targets
mainbus0 at root
bios0 at mainbus0: SMBIOS rev. 2.8 @ 0xedc10 (88 entries)
bios0: vendor LENOVO version &quot;FBKT99AUS&quot; date 09/19/2014
bios0: LENOVO ThinkServer TS140
acpi0 at bios0: rev 2
acpi0: sleep states S0 S5
acpi0: tables DSDT FACP APIC FPDT FIDT TCPA SSDT SSDT MCFG HPET SSDT SSDT ASF! LUFT EINJ ERST HEST BERT BGRT
acpi0: wakeup devices UAR1(S0) UAR2(S0) PS2K(S0) PS2M(S0) PXSX(S0) RP01(S0) PXSX(S0) RP02(S0) PXSX(S0) RP03(S0) PXSX(S0) RP04(S0) PXSX(S0) RP05(S0) PXSX(S0) RP06(S0) [...]
acpitimer0 at acpi0: 3579545 Hz, 24 bits
acpimadt0 at acpi0 addr 0xfee00000: PC-AT compat
cpu0 at mainbus0: apid 0 (boot processor)
cpu0: Intel(R) Core(TM) i3-4330 CPU @ 3.50GHz, 3492.40 MHz
cpu0: FPU,VME,DE,PSE,TSC,MSR,PAE,MCE,CX8,APIC,SEP,MTRR,PGE,MCA,CMOV,PAT,PSE36,CFLUSH,DS,ACPI,MMX,FXSR,SSE,SSE2,SS,HTT,TM,PBE,SSE3,PCLMUL,DTES64,MWAIT,DS-CPL,VMX,EST,TM2,SSSE3,FMA3,CX16,xTPR,PDCM,PCID,SSE4.1,SSE4.2,MOVBE,POPCNT,DEADLINE,AES,XSAVE,AVX,F16C,RDRAND,NXE,PAGE1GB,LONG,LAHF,ABM,PERF,ITSC,FSGSBASE,BMI1,AVX2,SMEP,BMI2,ERMS,INVPCID
cpu0: 256KB 64b/line 8-way L2 cache
cpu0: smt 0, core 0, package 0
mtrr: Pentium Pro MTRR support, 10 var ranges, 88 fixed ranges
cpu0: apic clock running at 99MHz
cpu0: mwait min=64, max=64, C-substates=0.2.1.2.4, IBE
cpu1 at mainbus0: apid 2 (application processor)
cpu1: Intel(R) Core(TM) i3-4330 CPU @ 3.50GHz, 3491.91 MHz
cpu1: FPU,VME,DE,PSE,TSC,MSR,PAE,MCE,CX8,APIC,SEP,MTRR,PGE,MCA,CMOV,PAT,PSE36,CFLUSH,DS,ACPI,MMX,FXSR,SSE,SSE2,SS,HTT,TM,PBE,SSE3,PCLMUL,DTES64,MWAIT,DS-CPL,VMX,EST,TM2,SSSE3,FMA3,CX16,xTPR,PDCM,PCID,SSE4.1,SSE4.2,MOVBE,POPCNT,DEADLINE,AES,XSAVE,AVX,F16C,RDRAND,NXE,PAGE1GB,LONG,LAHF,ABM,PERF,ITSC,FSGSBASE,BMI1,AVX2,SMEP,BMI2,ERMS,INVPCID
cpu1: 256KB 64b/line 8-way L2 cache
cpu1: smt 0, core 1, package 0
ioapic0 at mainbus0: apid 8 pa 0xfec00000, version 20, 24 pins
acpimcfg0 at acpi0 addr 0xf8000000, bus 0-63
acpihpet0 at acpi0: 14318179 Hz
acpiprt0 at acpi0: bus 0 (PCI0)
acpiprt1 at acpi0: bus 2 (RP01)
acpiprt2 at acpi0: bus 3 (RP04)
acpiprt3 at acpi0: bus 1 (PEG0)
acpiprt4 at acpi0: bus -1 (PEG1)
acpiprt5 at acpi0: bus -1 (PEG2)
acpiec0 at acpi0: not present
acpicpu0 at acpi0: C1, PSS
acpicpu1 at acpi0: C1, PSS
acpipwrres0 at acpi0: FN00, resource for FAN0
acpipwrres1 at acpi0: FN01, resource for FAN1
acpipwrres2 at acpi0: FN02, resource for FAN2
acpipwrres3 at acpi0: FN03, resource for FAN3
acpipwrres4 at acpi0: FN04, resource for FAN4
acpitz0 at acpi0: critical temperature is 105 degC
acpitz1 at acpi0: critical temperature is 105 degC
acpibat0 at acpi0: BAT0 not present
acpibat1 at acpi0: BAT1 not present
acpibat2 at acpi0: BAT2 not present
acpibtn0 at acpi0: PWRB
acpibtn1 at acpi0: LID0
acpivideo0 at acpi0: GFX0
acpivout0 at acpivideo0: DD1F
cpu0: Enhanced SpeedStep 3492 MHz: speeds: 3500, 3300, 3100, 3000, 2800, 2600, 2400, 2200, 2100, 1900, 1700, 1500, 1300, 1200, 1000, 800 MHz
pci0 at mainbus0 bus 0
pchb0 at pci0 dev 0 function 0 &quot;Intel Core 4G Host&quot; rev 0x06
ppb0 at pci0 dev 1 function 0 &quot;Intel Core 4G PCIE&quot; rev 0x06: msi
pci1 at ppb0 bus 1
em0 at pci1 dev 0 function 0 &quot;Intel 82571EB&quot; rev 0x06: apic 8 int 16, address xx:xx:xx:xx:xx:xx
em1 at pci1 dev 0 function 1 &quot;Intel 82571EB&quot; rev 0x06: apic 8 int 17, address xx:xx:xx:xx:xx:xx
vga1 at pci0 dev 2 function 0 &quot;Intel HD Graphics 4600&quot; rev 0x06
intagp at vga1 not configured
inteldrm0 at vga1
drm0 at inteldrm0
error: [drm:pid0:i915_write32] *ERROR* Unknown unclaimed register before writing to 100000
error: [drm:pid0:drm_edid_block_valid] *ERROR* EDID has major version 0, instead of 1
Raw EDID:

00 00 00 00 00 00 00 00  00 00 00 00 00 00 00 00 
00 00 00 00 00 00 00 00  00 00 00 00 00 00 00 00 
00 00 00 00 00 00 00 00  00 00 00 00 00 00 00 00 
00 00 00 00 00 00 00 00  00 00 00 00 00 00 00 00 
00 00 00 00 00 00 00 00  00 00 00 00 00 00 00 00 
00 00 00 00 00 00 00 00  00 00 00 00 00 00 00 00 
00 00 00 00 00 00 00 00  00 00 00 00 00 00 00 00 
00 00 00 00 00 00 00 00  00 00 00 00 00 00 00 00 
error: [drm:pid0:drm_edid_block_valid] *ERROR* EDID has major version 0, instead of 1
Raw EDID:

00 00 00 00 00 00 00 00  00 00 00 00 00 00 00 00 
00 00 00 00 00 00 00 00  00 00 00 00 00 00 00 00 
00 00 00 00 00 00 00 00  00 00 00 00 00 00 00 00 
00 00 00 00 00 00 00 00  00 00 00 00 00 00 00 00 
00 00 00 00 00 00 00 00  00 00 00 00 00 00 00 00 
00 00 00 00 00 00 00 00  00 00 00 00 00 00 00 00 
00 00 00 00 00 00 00 00  00 00 00 00 00 00 00 00 
00 00 00 00 00 00 00 00  00 00 00 00 00 00 00 00 
error: [drm:pid0:drm_edid_block_valid] *ERROR* EDID has major version 0, instead of 1
Raw EDID:

00 00 00 00 00 00 00 00  00 00 00 00 00 00 00 00 
00 00 00 00 00 00 00 00  00 00 00 00 00 00 00 00 
00 00 00 00 00 00 00 00  00 00 00 00 00 00 00 00 
00 00 00 00 00 00 00 00  00 00 00 00 00 00 00 00 
00 00 00 00 00 00 00 00  00 00 00 00 00 00 00 00 
00 00 00 00 00 00 00 00  00 00 00 00 00 00 00 00 
00 00 00 00 00 00 00 00  00 00 00 00 00 00 00 00 
00 00 00 00 00 00 00 00  00 00 00 00 00 00 00 00 
error: [drm:pid0:drm_edid_block_valid] *ERROR* EDID has major version 0, instead of 1
Raw EDID:

00 00 00 00 00 00 00 00  00 00 00 00 00 00 00 00 
00 00 00 00 00 00 00 00  00 00 00 00 00 00 00 00 
00 00 00 00 00 00 00 00  00 00 00 00 00 00 00 00 
00 00 00 00 00 00 00 00  00 00 00 00 00 00 00 00 
00 00 00 00 00 00 00 00  00 00 00 00 00 00 00 00 
00 00 00 00 00 00 00 00  00 00 00 00 00 00 00 00 
00 00 00 00 00 00 00 00  00 00 00 00 00 00 00 00 
00 00 00 00 00 00 00 00  00 00 00 00 00 00 00 00 
drm:pid0:drm_do_get_edid *WARNING* VGA-1: Ignoring invalid EDID block 1.
inteldrm0: 1920x1080
wsdisplay0 at vga1 mux 1: console (std, vt100 emulation)
wsdisplay0: screen 1-5 added (std, vt100 emulation)
azalia0 at pci0 dev 3 function 0 &quot;Intel Core 4G HD Audio&quot; rev 0x06: msi
azalia0: No codecs found
xhci0 at pci0 dev 20 function 0 &quot;Intel 8 Series xHCI&quot; rev 0x04: msi
usb0 at xhci0: USB revision 3.0
uhub0 at usb0 &quot;Intel xHCI root hub&quot; rev 3.00/1.00 addr 1
&quot;Intel 8 Series MEI&quot; rev 0x04 at pci0 dev 22 function 0 not configured
em2 at pci0 dev 25 function 0 &quot;Intel I217-LM&quot; rev 0x04: msi, address xx:xx:xx:xx:xx:xx
ehci0 at pci0 dev 26 function 0 &quot;Intel 8 Series USB&quot; rev 0x04: apic 8 int 17
usb1 at ehci0: USB revision 2.0
uhub1 at usb1 &quot;Intel EHCI root hub&quot; rev 2.00/1.00 addr 1
azalia1 at pci0 dev 27 function 0 &quot;Intel 8 Series HD Audio&quot; rev 0x04: msi
azalia1: codecs: Realtek ALC662
audio0 at azalia1
ppb1 at pci0 dev 28 function 0 &quot;Intel 8 Series PCIE&quot; rev 0xd4
pci2 at ppb1 bus 2
ppb2 at pci0 dev 28 function 3 &quot;Intel 8 Series PCIE&quot; rev 0xd4: msi
pci3 at ppb2 bus 3
ppb3 at pci3 dev 0 function 0 &quot;ITExpress IT8893E PCIE-PCI&quot; rev 0x41
pci4 at ppb3 bus 4
ehci1 at pci0 dev 29 function 0 &quot;Intel 8 Series USB&quot; rev 0x04: apic 8 int 23
usb2 at ehci1: USB revision 2.0
uhub2 at usb2 &quot;Intel EHCI root hub&quot; rev 2.00/1.00 addr 1
pcib0 at pci0 dev 31 function 0 &quot;Intel C226 LPC&quot; rev 0x04
ahci0 at pci0 dev 31 function 2 &quot;Intel 8 Series AHCI&quot; rev 0x04: msi, AHCI 1.3
scsibus1 at ahci0: 32 targets
sd0 at scsibus1 targ 3 lun 0: &lt;ATA, OCZ-VERTEX3, 2.25&gt; SCSI3 0/direct fixed naa.5e83a97b1ea42558
sd0: 57241MB, 512 bytes/sector, 117231408 sectors, thin
cd0 at scsibus1 targ 4 lun 0: &lt;HL-DT-ST, DVDROM DH60N, 1.01&gt; ATAPI 5/cdrom removable
ichiic0 at pci0 dev 31 function 3 &quot;Intel 8 Series SMBus&quot; rev 0x04: apic 8 int 18
iic0 at ichiic0
sdtemp0 at iic0 addr 0x19: stts2002
sdtemp1 at iic0 addr 0x1b: mcp98243
spdmem0 at iic0 addr 0x51: 4GB DDR3 SDRAM ECC PC3-12800 with thermal sensor
spdmem1 at iic0 addr 0x53: 4GB DDR3 SDRAM ECC PC3-12800 with thermal sensor
isa0 at pcib0
isadma0 at isa0
com0 at isa0 port 0x3f8/8 irq 4: ns16550a, 16 byte fifo
pckbc0 at isa0 port 0x60/5
pckbd0 at pckbc0 (kbd slot)
pckbc0: using irq 1 for kbd slot
wskbd0 at pckbd0: console keyboard, using wsdisplay0
pcppi0 at isa0 port 0x61
spkr0 at pcppi0
uhub3 at uhub1 port 1 &quot;Intel Rate Matching Hub&quot; rev 2.00/0.04 addr 2
uhub4 at uhub2 port 1 &quot;Intel Rate Matching Hub&quot; rev 2.00/0.04 addr 2
vscsi0 at root
scsibus2 at vscsi0: 256 targets
softraid0 at root
scsibus3 at softraid0: 256 targets
root on sd0a (79be70302da19aa5.a) swap on sd0b dump on sd0b
arp info overwritten for 192.168.2.13 by xx:xx:xx:xx:xx:xx on em1
arp info overwritten for 192.168.2.13 by xx:xx:xx:xx:xx:xx on em1
syncing disks... done
reboo
OpenBSD 5.7 (GENERIC.MP) #881: Sun Mar  8 11:04:17 MDT 2015
    xxx@xxx.xxx:/usr/src/sys/arch/amd64/compile/GENERIC.MP
real mem = 8355123200 (7968MB)
avail mem = 8128790528 (7752MB)
mpath0 at root
scsibus0 at mpath0: 256 targets
mainbus0 at root
bios0 at mainbus0: SMBIOS rev. 2.8 @ 0xedc10 (88 entries)
bios0: vendor LENOVO version &quot;FBKT99AUS&quot; date 09/19/2014
bios0: LENOVO ThinkServer TS140
acpi0 at bios0: rev 2
acpi0: sleep states S0 S5
acpi0: tables DSDT FACP APIC FPDT FIDT TCPA SSDT SSDT MCFG HPET SSDT SSDT ASF! LUFT EINJ ERST HEST BERT BGRT
acpi0: wakeup devices UAR1(S0) UAR2(S0) PS2K(S0) PS2M(S0) PXSX(S0) RP01(S0) PXSX(S0) RP02(S0) PXSX(S0) RP03(S0) PXSX(S0) RP04(S0) PXSX(S0) RP05(S0) PXSX(S0) RP06(S0) [...]
acpitimer0 at acpi0: 3579545 Hz, 24 bits
acpimadt0 at acpi0 addr 0xfee00000: PC-AT compat
cpu0 at mainbus0: apid 0 (boot processor)
cpu0: Intel(R) Core(TM) i3-4330 CPU @ 3.50GHz, 3492.35 MHz
cpu0: FPU,VME,DE,PSE,TSC,MSR,PAE,MCE,CX8,APIC,SEP,MTRR,PGE,MCA,CMOV,PAT,PSE36,CFLUSH,DS,ACPI,MMX,FXSR,SSE,SSE2,SS,HTT,TM,PBE,SSE3,PCLMUL,DTES64,MWAIT,DS-CPL,VMX,EST,TM2,SSSE3,FMA3,CX16,xTPR,PDCM,PCID,SSE4.1,SSE4.2,MOVBE,POPCNT,DEADLINE,AES,XSAVE,AVX,F16C,RDRAND,NXE,PAGE1GB,LONG,LAHF,ABM,PERF,ITSC,FSGSBASE,BMI1,AVX2,SMEP,BMI2,ERMS,INVPCID
cpu0: 256KB 64b/line 8-way L2 cache
cpu0: smt 0, core 0, package 0
mtrr: Pentium Pro MTRR support, 10 var ranges, 88 fixed ranges
cpu0: apic clock running at 99MHz
cpu0: mwait min=64, max=64, C-substates=0.2.1.2.4, IBE
cpu1 at mainbus0: apid 2 (application processor)
cpu1: Intel(R) Core(TM) i3-4330 CPU @ 3.50GHz, 3491.92 MHz
cpu1: FPU,VME,DE,PSE,TSC,MSR,PAE,MCE,CX8,APIC,SEP,MTRR,PGE,MCA,CMOV,PAT,PSE36,CFLUSH,DS,ACPI,MMX,FXSR,SSE,SSE2,SS,HTT,TM,PBE,SSE3,PCLMUL,DTES64,MWAIT,DS-CPL,VMX,EST,TM2,SSSE3,FMA3,CX16,xTPR,PDCM,PCID,SSE4.1,SSE4.2,MOVBE,POPCNT,DEADLINE,AES,XSAVE,AVX,F16C,RDRAND,NXE,PAGE1GB,LONG,LAHF,ABM,PERF,ITSC,FSGSBASE,BMI1,AVX2,SMEP,BMI2,ERMS,INVPCID
cpu1: 256KB 64b/line 8-way L2 cache
cpu1: smt 0, core 1, package 0
ioapic0 at mainbus0: apid 8 pa 0xfec00000, version 20, 24 pins
acpimcfg0 at acpi0 addr 0xf8000000, bus 0-63
acpihpet0 at acpi0: 14318179 Hz
acpiprt0 at acpi0: bus 0 (PCI0)
acpiprt1 at acpi0: bus 2 (RP01)
acpiprt2 at acpi0: bus 3 (RP04)
acpiprt3 at acpi0: bus 1 (PEG0)
acpiprt4 at acpi0: bus -1 (PEG1)
acpiprt5 at acpi0: bus -1 (PEG2)
acpiec0 at acpi0: not present
acpicpu0 at acpi0: C1, PSS
acpicpu1 at acpi0: C1, PSS
acpipwrres0 at acpi0: FN00, resource for FAN0
acpipwrres1 at acpi0: FN01, resource for FAN1
acpipwrres2 at acpi0: FN02, resource for FAN2
acpipwrres3 at acpi0: FN03, resource for FAN3
acpipwrres4 at acpi0: FN04, resource for FAN4
acpitz0 at acpi0: critical temperature is 105 degC
acpitz1 at acpi0: critical temperature is 105 degC
acpibat0 at acpi0: BAT0 not present
acpibat1 at acpi0: BAT1 not present
acpibat2 at acpi0: BAT2 not present
acpibtn0 at acpi0: PWRB
acpibtn1 at acpi0: LID0
acpivideo0 at acpi0: GFX0
acpivout0 at acpivideo0: DD1F
cpu0: Enhanced SpeedStep 3492 MHz: speeds: 3500, 3300, 3100, 3000, 2800, 2600, 2400, 2200, 2100, 1900, 1700, 1500, 1300, 1200, 1000, 800 MHz
pci0 at mainbus0 bus 0
pchb0 at pci0 dev 0 function 0 &quot;Intel Core 4G Host&quot; rev 0x06
ppb0 at pci0 dev 1 function 0 &quot;Intel Core 4G PCIE&quot; rev 0x06: msi
pci1 at ppb0 bus 1
em0 at pci1 dev 0 function 0 &quot;Intel 82571EB&quot; rev 0x06: apic 8 int 16, address xx:xx:xx:xx:xx:xx
em1 at pci1 dev 0 function 1 &quot;Intel 82571EB&quot; rev 0x06: apic 8 int 17, address xx:xx:xx:xx:xx:xx
vga1 at pci0 dev 2 function 0 &quot;Intel HD Graphics 4600&quot; rev 0x06
intagp at vga1 not configured
inteldrm0 at vga1
drm0 at inteldrm0
error: [drm:pid0:i915_write32] *ERROR* Unknown unclaimed register before writing to 100000
inteldrm0: 1024x768
wsdisplay0 at vga1 mux 1: console (std, vt100 emulation)
wsdisplay0: screen 1-5 added (std, vt100 emulation)
azalia0 at pci0 dev 3 function 0 &quot;Intel Core 4G HD Audio&quot; rev 0x06: msi
azalia0: No codecs found
xhci0 at pci0 dev 20 function 0 &quot;Intel 8 Series xHCI&quot; rev 0x04: msi
usb0 at xhci0: USB revision 3.0
uhub0 at usb0 &quot;Intel xHCI root hub&quot; rev 3.00/1.00 addr 1
&quot;Intel 8 Series MEI&quot; rev 0x04 at pci0 dev 22 function 0 not configured
em2 at pci0 dev 25 function 0 &quot;Intel I217-LM&quot; rev 0x04: msi, address xx:xx:xx:xx:xx:xx
ehci0 at pci0 dev 26 function 0 &quot;Intel 8 Series USB&quot; rev 0x04: apic 8 int 17
usb1 at ehci0: USB revision 2.0
uhub1 at usb1 &quot;Intel EHCI root hub&quot; rev 2.00/1.00 addr 1
azalia1 at pci0 dev 27 function 0 &quot;Intel 8 Series HD Audio&quot; rev 0x04: msi
azalia1: codecs: Realtek ALC662
audio0 at azalia1
ppb1 at pci0 dev 28 function 0 &quot;Intel 8 Series PCIE&quot; rev 0xd4
pci2 at ppb1 bus 2
ppb2 at pci0 dev 28 function 3 &quot;Intel 8 Series PCIE&quot; rev 0xd4: msi
pci3 at ppb2 bus 3
ppb3 at pci3 dev 0 function 0 &quot;ITExpress IT8893E PCIE-PCI&quot; rev 0x41
pci4 at ppb3 bus 4
ehci1 at pci0 dev 29 function 0 &quot;Intel 8 Series USB&quot; rev 0x04: apic 8 int 23
usb2 at ehci1: USB revision 2.0
uhub2 at usb2 &quot;Intel EHCI root hub&quot; rev 2.00/1.00 addr 1
pcib0 at pci0 dev 31 function 0 &quot;Intel C226 LPC&quot; rev 0x04
ahci0 at pci0 dev 31 function 2 &quot;Intel 8 Series AHCI&quot; rev 0x04: msi, AHCI 1.3
scsibus1 at ahci0: 32 targets
sd0 at scsibus1 targ 3 lun 0: &lt;ATA, OCZ-VERTEX3, 2.25&gt; SCSI3 0/direct fixed naa.5e83a97b1ea42558
sd0: 57241MB, 512 bytes/sector, 117231408 sectors, thin
cd0 at scsibus1 targ 4 lun 0: &lt;HL-DT-ST, DVDROM DH60N, 1.01&gt; ATAPI 5/cdrom removable
ichiic0 at pci0 dev 31 function 3 &quot;Intel 8 Series SMBus&quot; rev 0x04: apic 8 int 18
iic0 at ichiic0
sdtemp0 at iic0 addr 0x19: stts2002
sdtemp1 at iic0 addr 0x1b: mcp98243
spdmem0 at iic0 addr 0x51: 4GB DDR3 SDRAM ECC PC3-12800 with thermal sensor
spdmem1 at iic0 addr 0x53: 4GB DDR3 SDRAM ECC PC3-12800 with thermal sensor
isa0 at pcib0
isadma0 at isa0
com0 at isa0 port 0x3f8/8 irq 4: ns16550a, 16 byte fifo
pckbc0 at isa0 port 0x60/5
pckbd0 at pckbc0 (kbd slot)
pckbc0: using irq 1 for kbd slot
wskbd0 at pckbd0: console keyboard, using wsdisplay0
pcppi0 at isa0 port 0x61
spkr0 at pcppi0
uhub3 at uhub1 port 1 &quot;Intel Rate Matching Hub&quot; rev 2.00/0.04 addr 2
uhub4 at uhub2 port 1 &quot;Intel Rate Matching Hub&quot; rev 2.00/0.04 addr 2
vscsi0 at root
scsibus2 at vscsi0: 256 targets
softraid0 at root
scsibus3 at softraid0: 256 targets
root on sd0a (79be70302da19aa5.a) swap on sd0b dump on sd0b

</pre>



</div><!-- content -->
<br />
<div id="footer">
All comments/news/posts are the property of their individual owner and
is presented without warranty of suitability, and solely as an
informational resource. <br />
This site Copyright &copy; 2004-2020 NYC*BUG.
</div><!-- footer -->

</body>
</html>

