



<!doctype html>
<html lang="en">
<head>
<meta name="keywords"
	content="bsd, freebsd, openbsd, netbsd, dragonflybsd, nycbug, dmesgd" />
<meta name="description" content="New York City BSD User Group dmesgd" />
<meta charset="utf-8" />
<meta name="viewport" content="width=device-width, initial-scale=1" />
<title>NYC*BUG dmesgd</title>
<style>
body {
	text-align: left;
	margin: 15px auto;
	padding: 0px 10px;
}
@media (min-width: 800px) {
	body {
		max-width: 85%;
	}
}
#header {
	border-bottom: 1px solid #dbdbdb;
	font-size: 230%;
	text-align: left;
}
#footer {
	border-top: 1px solid #dbdbdb;
	clear: both;
	text-align: left;
}
.logo_bug {
	color: #cc0033;
}
#menu ul {
	list-style-type: none;
	margin: 0;
	padding: 0;
}
#menu li {
	float: left;
}
#menu li a {
	display: block;
	background-color: #dbdbdb;
	color: #000000;
	font-size: 105%;
	font-weight: bold;
	padding: 0px 6px 0px 6px;
	text-decoration: none;
}
#content {
	clear: both;
	text-align: left;
	padding-top: 10px;
}
#content h1 {
	font-size: 120%;
	font-weight: bold;
}
#content h2 {
	font-size: 110%;
	font-weight: bold;
}
#content a {
	text-decoration: none;
}
#content pre {
	background-color: #dbdbdb;
	padding: 5px 5px 5px 5px;
	white-space: pre-wrap;		/* css-3 */
	white-space: -moz-pre-wrap;	/* Mozilla, since 1999 */
	white-space: -pre-wrap;		/* Opera 4-6 */
	white-space: -o-pre-wrap;	/* Opera 7 */
	word-wrap: break-word;		/* Internet Explorer 5.5+ */
}
#content table {
	border-collapse: collapse;
}
#content table th {
	border: 1px solid #dbdbdb;
	font-size: 85%;
	white-space: nowrap;
}
#content table td {
	border: 1px solid #dbdbdb;
	font-size: 80%;
}
#content input {
	font-size: 1em;
}
#content .full	{ width: 100%; }
#content .left	{ text-align: left; }
#content .right	{ text-align: right; }
#content .center { text-align: center; }
#content .flexbox {
	display: -ms-flex;
	display: -webkit-flex;
	display: flex;
	width: 100%;
}
#content .left_col {
	min-width: 75px;
	max-width: 50%;
	flex-grow: 0;
}
#content .right_col {
	flex-grow: 1;
	margin-left: 10px;
	padding-top: 10px;
	padding-left: 10px;
}
#col {
	-moz-column-count: 3;
	-webkit-column-count: 3;
	column-count: 3;
}
</style>
</head>
<body>

<div id="header">
<strong><em>NYC*</em><span class="logo_bug">BUG</span> dmesgd</strong>
</div><!-- header -->

<div id="menu">
<ul>
<li><a href="https://dmesgd.nycbug.org/index.cgi?do=index">Home</a></li>
<li><a href="https://dmesgd.nycbug.org/index.cgi?do=submit">Submit</a></li>
<li><a href="https://www.nycbug.org/">NYC*BUG</a></li>
</ul>
</div><!-- menu -->

<div id="content">

<p>
Launched in 2004, dmesgd aims to provide a
<strong>user-submitted</strong> repository of searchable *BSD dmesgs.
The dmesg(8) command displays the system message buffer's content, and
during boot a copy is saved to <em>/var/run/dmesg.boot</em>.  This buffer
contains the operating system release, name and version, a list of
devices identified, plus a whole host of other useful information.  We
hope others find this resource useful and further contribute to its
growth. Contact us at [ admin at lists dot nycbug dot org ].
</p>

<hr />


<strong>Date:</strong> <em>2015-08-15 23:37:08</em><br />
<strong>From:</strong> <em>brynet</em><br />
<strong>Description:</strong> <em>OpenBSD 5.8 Acer Aspire E5-571-74AP (Intel i7 Broadwell)</em><br />

<pre>
OpenBSD 5.8 (GENERIC.MP) #1235: Mon Aug 10 06:54:34 MDT 2015
    xxx@xxx.xxx:/usr/src/sys/arch/amd64/compile/GENERIC.MP
RTC BIOS diagnostic error 80&lt;clock_battery&gt;
real mem = 8489070592 (8095MB)
avail mem = 8227897344 (7846MB)
mpath0 at root
scsibus0 at mpath0: 256 targets
mainbus0 at root
bios0 at mainbus0: SMBIOS rev. 2.7 @ 0xe6f60 (31 entries)
bios0: vendor Insyde Corp. version &quot;V1.26&quot; date 12/18/2014
bios0: Acer Aspire E5-571
acpi0 at bios0: rev 2
acpi0: sleep states S0 S3 S4 S5
acpi0: tables DSDT FACP UEFI UEFI SSDT MSDM ASF! ASPT BOOT DBGP HPET LPIT APIC MCFG WDAT SSDT SSDT SSDT SSDT SSDT DMAR CSRT FPDT
acpi0: wakeup devices PEGP(S4) PEG0(S4) PEGP(S4) PEG1(S4) PEGP(S4) PEG2(S4) GLAN(S4) EHC1(S3) EHC2(S4) XHC_(S3) TPD4(S4) TPD7(S0) TPD8(S0) HDEF(S4) PXSX(S4) RP01(S4) [...]
acpitimer0 at acpi0: 3579545 Hz, 24 bits
acpihpet0 at acpi0: 14318179 Hz
acpimadt0 at acpi0 addr 0xfee00000: PC-AT compat
cpu0 at mainbus0: apid 0 (boot processor)
cpu0: Intel(R) Core(TM) i7-5500U CPU @ 2.40GHz, 2295.05 MHz
cpu0: FPU,VME,DE,PSE,TSC,MSR,PAE,MCE,CX8,APIC,SEP,MTRR,PGE,MCA,CMOV,PAT,PSE36,CFLUSH,DS,ACPI,MMX,FXSR,SSE,SSE2,SS,HTT,TM,PBE,SSE3,PCLMUL,DTES64,MWAIT,DS-CPL,VMX,EST,TM2,SSSE3,FMA3,CX16,xTPR,PDCM,PCID,SSE4.1,SSE4.2,x2APIC,MOVBE,POPCNT,DEADLINE,AES,XSAVE,AVX,F16C,RDRAND,NXE,PAGE1GB,LONG,LAHF,ABM,3DNOWP,PERF,ITSC,FSGSBASE,BMI1,AVX2,SMEP,BMI2,ERMS,INVPCID,RDSEED,ADX,SMAP,SENSOR,ARAT
cpu0: 256KB 64b/line 8-way L2 cache
cpu0: smt 0, core 0, package 0
mtrr: Pentium Pro MTRR support, 10 var ranges, 88 fixed ranges
cpu0: apic clock running at 99MHz
cpu0: mwait min=64, max=64, C-substates=0.2.1.2.4.1.1.1, IBE
cpu1 at mainbus0: apid 2 (application processor)
cpu1: Intel(R) Core(TM) i7-5500U CPU @ 2.40GHz, 2394.45 MHz
cpu1: FPU,VME,DE,PSE,TSC,MSR,PAE,MCE,CX8,APIC,SEP,MTRR,PGE,MCA,CMOV,PAT,PSE36,CFLUSH,DS,ACPI,MMX,FXSR,SSE,SSE2,SS,HTT,TM,PBE,SSE3,PCLMUL,DTES64,MWAIT,DS-CPL,VMX,EST,TM2,SSSE3,FMA3,CX16,xTPR,PDCM,PCID,SSE4.1,SSE4.2,x2APIC,MOVBE,POPCNT,DEADLINE,AES,XSAVE,AVX,F16C,RDRAND,NXE,PAGE1GB,LONG,LAHF,ABM,3DNOWP,PERF,ITSC,FSGSBASE,BMI1,AVX2,SMEP,BMI2,ERMS,INVPCID,RDSEED,ADX,SMAP,SENSOR,ARAT
cpu1: 256KB 64b/line 8-way L2 cache
cpu1: smt 0, core 1, package 0
cpu2 at mainbus0: apid 1 (application processor)
cpu2: Intel(R) Core(TM) i7-5500U CPU @ 2.40GHz, 2394.45 MHz
cpu2: FPU,VME,DE,PSE,TSC,MSR,PAE,MCE,CX8,APIC,SEP,MTRR,PGE,MCA,CMOV,PAT,PSE36,CFLUSH,DS,ACPI,MMX,FXSR,SSE,SSE2,SS,HTT,TM,PBE,SSE3,PCLMUL,DTES64,MWAIT,DS-CPL,VMX,EST,TM2,SSSE3,FMA3,CX16,xTPR,PDCM,PCID,SSE4.1,SSE4.2,x2APIC,MOVBE,POPCNT,DEADLINE,AES,XSAVE,AVX,F16C,RDRAND,NXE,PAGE1GB,LONG,LAHF,ABM,3DNOWP,PERF,ITSC,FSGSBASE,BMI1,AVX2,SMEP,BMI2,ERMS,INVPCID,RDSEED,ADX,SMAP,SENSOR,ARAT
cpu2: 256KB 64b/line 8-way L2 cache
cpu2: smt 1, core 0, package 0
cpu3 at mainbus0: apid 3 (application processor)
cpu3: Intel(R) Core(TM) i7-5500U CPU @ 2.40GHz, 2394.45 MHz
cpu3: FPU,VME,DE,PSE,TSC,MSR,PAE,MCE,CX8,APIC,SEP,MTRR,PGE,MCA,CMOV,PAT,PSE36,CFLUSH,DS,ACPI,MMX,FXSR,SSE,SSE2,SS,HTT,TM,PBE,SSE3,PCLMUL,DTES64,MWAIT,DS-CPL,VMX,EST,TM2,SSSE3,FMA3,CX16,xTPR,PDCM,PCID,SSE4.1,SSE4.2,x2APIC,MOVBE,POPCNT,DEADLINE,AES,XSAVE,AVX,F16C,RDRAND,NXE,PAGE1GB,LONG,LAHF,ABM,3DNOWP,PERF,ITSC,FSGSBASE,BMI1,AVX2,SMEP,BMI2,ERMS,INVPCID,RDSEED,ADX,SMAP,SENSOR,ARAT
cpu3: 256KB 64b/line 8-way L2 cache
cpu3: smt 1, core 1, package 0
ioapic0 at mainbus0: apid 2 pa 0xfec00000, version 20, 40 pins
acpimcfg0 at acpi0 addr 0xe0000000, bus 0-255
acpiprt0 at acpi0: bus 0 (PCI0)
acpiprt1 at acpi0: bus -1 (PEG0)
acpiprt2 at acpi0: bus -1 (PEG1)
acpiprt3 at acpi0: bus -1 (PEG2)
acpiprt4 at acpi0: bus 1 (RP01)
acpiprt5 at acpi0: bus -1 (RP02)
acpiprt6 at acpi0: bus 2 (RP03)
acpiprt7 at acpi0: bus 3 (RP04)
acpiprt8 at acpi0: bus -1 (RP06)
acpiprt9 at acpi0: bus -1 (RP07)
acpiprt10 at acpi0: bus -1 (RP08)
acpiec0 at acpi0
acpicpu0 at acpi0: !C3(200@506 mwait.1@0x60), C2(200@148 mwait.1@0x33), C1(1000@1 mwait.1), PSS
acpicpu1 at acpi0: !C3(200@506 mwait.1@0x60), C2(200@148 mwait.1@0x33), C1(1000@1 mwait.1), PSS
acpicpu2 at acpi0: !C3(200@506 mwait.1@0x60), C2(200@148 mwait.1@0x33), C1(1000@1 mwait.1), PSS
acpicpu3 at acpi0: !C3(200@506 mwait.1@0x60), C2(200@148 mwait.1@0x33), C1(1000@1 mwait.1), PSS
acpipwrres0 at acpi0: FN00, resource for FAN0
acpipwrres1 at acpi0: FN01, resource for FAN1
acpipwrres2 at acpi0: FN02, resource for FAN2
acpipwrres3 at acpi0: FN03, resource for FAN3
acpipwrres4 at acpi0: FN04, resource for FAN4
acpitz0 at acpi0### AML PARSE ERROR (0x886): Undefined name: \\_SB_.PCI0.LPCB.H_EC.ECRD
error evaluating: \\_TZ_.TZ00._TMP
### AML PARSE ERROR (0x886): Undefined name: \\_SB_.PCI0.LPCB.H_EC.ECRD
error evaluating: \\_TZ_.TZ00._TMP
acpitz1 at acpi0### AML PARSE ERROR (0xa02): Undefined name: \\_SB_.PCI0.LPCB.H_EC.ECRD
error evaluating: \\_TZ_.TZ01._TMP
### AML PARSE ERROR (0xa02): Undefined name: \\_SB_.PCI0.LPCB.H_EC.ECRD
error evaluating: \\_TZ_.TZ01._TMP
acpibat0 at acpi0: BAT1 model &quot;0x32334134314c41&quot; serial 17ea type Lion oem &quot;SANYO &quot;
acpiac0 at acpi0: AC unit offline
acpibtn0 at acpi0: LID0
acpibtn1 at acpi0: SLPB
acpivideo0 at acpi0: GFX0
acpivout0 at acpivideo0: DD1F
cpu0: Enhanced SpeedStep 2295 MHz: speeds: 2401, 2400, 2300, 2100, 2000, 1900, 1700, 1600, 1400, 1300, 1200, 1000, 900, 800, 600, 500 MHz
pci0 at mainbus0 bus 0
pchb0 at pci0 dev 0 function 0 &quot;Intel Core 5G Host&quot; rev 0x09
vga1 at pci0 dev 2 function 0 &quot;Intel HD Graphics 5500&quot; rev 0x09
intagp at vga1 not configured
wsdisplay0 at vga1 mux 1: console (80x25, vt100 emulation)
wsdisplay0: screen 1-5 added (80x25, vt100 emulation)
azalia0 at pci0 dev 3 function 0 &quot;Intel Core 5G HD Audio&quot; rev 0x09: msi
azalia0: No codecs found
xhci0 at pci0 dev 20 function 0 &quot;Intel 9 Series xHCI&quot; rev 0x03: msi
usb0 at xhci0: USB revision 3.0
uhub0 at usb0 &quot;Intel xHCI root hub&quot; rev 3.00/1.00 addr 1
&quot;Intel 9 Series MEI&quot; rev 0x03 at pci0 dev 22 function 0 not configured
azalia1 at pci0 dev 27 function 0 &quot;Intel 9 Series HD Audio&quot; rev 0x03: msi
azalia1: codecs: Realtek/0x0283
audio0 at azalia1
ppb0 at pci0 dev 28 function 0 &quot;Intel 9 Series PCIE&quot; rev 0xe3: msi
pci1 at ppb0 bus 1
ppb1 at pci0 dev 28 function 2 &quot;Intel 9 Series PCIE&quot; rev 0xe3: msi
pci2 at ppb1 bus 2
rtsx0 at pci2 dev 0 function 0 &quot;Realtek RTL8411B Card Reader&quot; rev 0x01: msi
sdmmc0 at rtsx0
re0 at pci2 dev 0 function 1 &quot;Realtek 8168&quot; rev 0x12: RTL8411B (0x5c80), msi, address xx:xx:xx:xx:xx:xx
rgephy0 at re0 phy 7: RTL8251 PHY, rev. 0
ppb2 at pci0 dev 28 function 3 &quot;Intel 9 Series PCIE&quot; rev 0xe3: msi
pci3 at ppb2 bus 3
iwm0 at pci3 dev 0 function 0 &quot;Intel Dual Band Wireless AC 3160&quot; rev 0x83, msi
ehci0 at pci0 dev 29 function 0 &quot;Intel 9 Series USB&quot; rev 0x03: apic 2 int 23
usb1 at ehci0: USB revision 2.0
uhub1 at usb1 &quot;Intel EHCI root hub&quot; rev 2.00/1.00 addr 1
pcib0 at pci0 dev 31 function 0 &quot;Intel 9 Series LPC&quot; rev 0x03
ahci0 at pci0 dev 31 function 2 &quot;Intel 9 Series AHCI&quot; rev 0x03: msi, AHCI 1.3
ahci0: port 0: 6.0Gb/s
scsibus1 at ahci0: 32 targets
sd0 at scsibus1 targ 0 lun 0: &lt;ATA, WDC WD10JPVX-22J, 01.0&gt; SCSI3 0/direct fixed naa.50014ee65a9345de
sd0: 953869MB, 512 bytes/sector, 1953525168 sectors
ichiic0 at pci0 dev 31 function 3 &quot;Intel 9 Series SMBus&quot; rev 0x03: apic 2 int 18
iic0 at ichiic0
spdmem0 at iic0 addr 0x50: 4GB DDR3 SDRAM PC3-12800 SO-DIMM
spdmem1 at iic0 addr 0x52: 4GB DDR3 SDRAM PC3-12800 SO-DIMM
&quot;Intel 9 Series Thermal&quot; rev 0x03 at pci0 dev 31 function 6 not configured
isa0 at pcib0
isadma0 at isa0
pckbc0 at isa0 port 0x60/5 irq 1 irq 12
pckbd0 at pckbc0 (kbd slot)
wskbd0 at pckbd0: console keyboard, using wsdisplay0
pms0 at pckbc0 (aux slot)
wsmouse0 at pms0 mux 0
pms0: Synaptics clickpad, firmware 8.1
pcppi0 at isa0 port 0x61
spkr0 at pcppi0
umass0 at uhub0 port 3 configuration 1 interface 0 &quot;ADATA ADATA USB Flash Drive&quot; rev 2.10/10.75 addr 2
umass0: using SCSI over Bulk-Only
scsibus2 at umass0: 2 targets, initiator 0
sd1 at scsibus2 targ 1 lun 0: &lt;ADATA, USB Flash Drive, 1.00&gt; SCSI4 0/direct removable serial.125f312b9103500603EA
sd1: 15073MB, 512 bytes/sector, 30869504 sectors
ugen0 at uhub0 port 5 &quot;Intel product 0x07dc&quot; rev 2.00/0.01 addr 3
uvideo0 at uhub0 port 7 configuration 1 interface 0 &quot;NC.21411.02W4430D693LM0007 HD WebCam&quot; rev 2.00/0.07 addr 4
video0 at uvideo0
uhub2 at uhub1 port 1 &quot;Intel Rate Matching Hub&quot; rev 2.00/0.03 addr 2
vscsi0 at root
scsibus3 at vscsi0: 256 targets
softraid0 at root
scsibus4 at softraid0: 256 targets
root on sd1a (150f78955b7c85df.a) swap on sd1b dump on sd1b
iwm0: hw rev 0x160, fw ver 25.228 (API ver 9), address xx:xx:xx:xx:xx:xx
</pre>



</div><!-- content -->
<br />
<div id="footer">
All comments/news/posts are the property of their individual owner and
is presented without warranty of suitability, and solely as an
informational resource. <br />
This site Copyright &copy; 2004-2020 NYC*BUG.
</div><!-- footer -->

</body>
</html>

