



<!doctype html>
<html lang="en">
<head>
<meta name="keywords"
	content="bsd, freebsd, openbsd, netbsd, dragonflybsd, nycbug, dmesgd" />
<meta name="description" content="New York City BSD User Group dmesgd" />
<meta charset="utf-8" />
<meta name="viewport" content="width=device-width, initial-scale=1" />
<title>NYC*BUG dmesgd</title>
<style>
body {
	text-align: left;
	margin: 15px auto;
	padding: 0px 10px;
}
@media (min-width: 800px) {
	body {
		max-width: 85%;
	}
}
#header {
	border-bottom: 1px solid #dbdbdb;
	font-size: 230%;
	text-align: left;
}
#footer {
	border-top: 1px solid #dbdbdb;
	clear: both;
	text-align: left;
}
.logo_bug {
	color: #cc0033;
}
#menu ul {
	list-style-type: none;
	margin: 0;
	padding: 0;
}
#menu li {
	float: left;
}
#menu li a {
	display: block;
	background-color: #dbdbdb;
	color: #000000;
	font-size: 105%;
	font-weight: bold;
	padding: 0px 6px 0px 6px;
	text-decoration: none;
}
#content {
	clear: both;
	text-align: left;
	padding-top: 10px;
}
#content h1 {
	font-size: 120%;
	font-weight: bold;
}
#content h2 {
	font-size: 110%;
	font-weight: bold;
}
#content a {
	text-decoration: none;
}
#content pre {
	background-color: #dbdbdb;
	padding: 5px 5px 5px 5px;
	white-space: pre-wrap;		/* css-3 */
	white-space: -moz-pre-wrap;	/* Mozilla, since 1999 */
	white-space: -pre-wrap;		/* Opera 4-6 */
	white-space: -o-pre-wrap;	/* Opera 7 */
	word-wrap: break-word;		/* Internet Explorer 5.5+ */
}
#content table {
	border-collapse: collapse;
}
#content table th {
	border: 1px solid #dbdbdb;
	font-size: 85%;
	white-space: nowrap;
}
#content table td {
	border: 1px solid #dbdbdb;
	font-size: 80%;
}
#content input {
	font-size: 1em;
}
#content .full	{ width: 100%; }
#content .left	{ text-align: left; }
#content .right	{ text-align: right; }
#content .center { text-align: center; }
#content .flexbox {
	display: -ms-flex;
	display: -webkit-flex;
	display: flex;
	width: 100%;
}
#content .left_col {
	min-width: 75px;
	max-width: 50%;
	flex-grow: 0;
}
#content .right_col {
	flex-grow: 1;
	margin-left: 10px;
	padding-top: 10px;
	padding-left: 10px;
}
#col {
	-moz-column-count: 3;
	-webkit-column-count: 3;
	column-count: 3;
}
</style>
</head>
<body>

<div id="header">
<strong><em>NYC*</em><span class="logo_bug">BUG</span> dmesgd</strong>
</div><!-- header -->

<div id="menu">
<ul>
<li><a href="https://dmesgd.nycbug.org/index.cgi?do=index">Home</a></li>
<li><a href="https://dmesgd.nycbug.org/index.cgi?do=submit">Submit</a></li>
<li><a href="https://www.nycbug.org/">NYC*BUG</a></li>
</ul>
</div><!-- menu -->

<div id="content">

<p>
Launched in 2004, dmesgd aims to provide a
<strong>user-submitted</strong> repository of searchable *BSD dmesgs.
The dmesg(8) command displays the system message buffer's content, and
during boot a copy is saved to <em>/var/run/dmesg.boot</em>.  This buffer
contains the operating system release, name and version, a list of
devices identified, plus a whole host of other useful information.  We
hope others find this resource useful and further contribute to its
growth. Contact us at [ admin at lists dot nycbug dot org ].
</p>

<hr />


<strong>Date:</strong> <em>2015-08-20 14:44:59</em><br />
<strong>From:</strong> <em>lophos</em><br />
<strong>Description:</strong> <em>ASUS P5Q Turbo</em><br />

<pre>
OpenBSD 5.7 (GENERIC.MP) #0: Tue Aug  4 14:49:29 CEST 2015
    xxx@xxx.xxx:/usr/src/sys/arch/amd64/compile/GENERIC.MP
real mem = 4277600256 (4079MB)
avail mem = 4159815680 (3967MB)
mpath0 at root
scsibus0 at mpath0: 256 targets
mainbus0 at root
bios0 at mainbus0: SMBIOS rev. 2.5 @ 0xf0750 (71 entries)
bios0: vendor American Megatrends Inc. version &quot;0602&quot; date 08/04/2009
bios0: ASUSTeK Computer INC. P5Q TURBO
acpi0 at bios0: rev 0
acpi0: sleep states S0 S1 S3 S4 S5
acpi0: tables DSDT FACP MCFG OEMB HPET OSFR
acpi0: wakeup devices P0P2(S4) P0P3(S4) P0P1(S4) UAR1(S4) PS2K(S4) PS2M(S4) EUSB(S4) USBE(S4) P0P5(S4) P0P6(S4) P0P7(S4) P0P8(S4) P0P9(S4) GBEC(S4) USB0(S4) USB1(S4) [...]
acpitimer0 at acpi0: 3579545 Hz, 24 bits
acpimcfg0 at acpi0 addr 0xe0000000, bus 0-255
acpihpet0 at acpi0: 14318179 Hz
acpiprt0 at acpi0: bus 0 (PCI0)
acpiprt1 at acpi0: bus 1 (P0P2)
acpiprt2 at acpi0: bus -1 (P0P3)
acpiprt3 at acpi0: bus 5 (P0P1)
acpiprt4 at acpi0: bus -1 (P0P5)
acpiprt5 at acpi0: bus -1 (P0P6)
acpiprt6 at acpi0: bus -1 (P0P7)
acpiprt7 at acpi0: bus 3 (P0P8)
acpiprt8 at acpi0: bus 2 (P0P9)
acpiprt9 at acpi0: bus 4 (P0P4)
aibs0 at acpi0 RTMP RVLT RFAN GGRP GITM SITM
acpibtn0 at acpi0: PWRB
mpbios0 at bios0: Intel MP Specification 1.4
cpu0 at mainbus0: apid 0 (boot processor)
cpu0: Intel(R) Core(TM)2 Quad CPU Q6700 @ 2.66GHz, 2667.17 MHz
cpu0: FPU,VME,DE,PSE,TSC,MSR,PAE,MCE,CX8,APIC,SEP,MTRR,PGE,MCA,CMOV,PAT,PSE36,CFLUSH,DS,ACPI,MMX,FXSR,SSE,SSE2,SS,HTT,TM,PBE,SSE3,DTES64,MWAIT,DS-CPL,VMX,EST,TM2,SSSE3,CX16,xTPR,PDCM,LONG,LAHF,PERF
cpu0: 4MB 64b/line 16-way L2 cache
cpu0: smt 0, core 0, package 0
mtrr: Pentium Pro MTRR support, 8 var ranges, 88 fixed ranges
cpu0: apic clock running at 266MHz
cpu0: mwait min=64, max=64, C-substates=0.2.0.0.0, IBE
cpu1 at mainbus0: apid 1 (application processor)
cpu1: Intel(R) Core(TM)2 Quad CPU Q6700 @ 2.66GHz, 2666.76 MHz
cpu1: FPU,VME,DE,PSE,TSC,MSR,PAE,MCE,CX8,APIC,SEP,MTRR,PGE,MCA,CMOV,PAT,PSE36,CFLUSH,DS,ACPI,MMX,FXSR,SSE,SSE2,SS,HTT,TM,PBE,SSE3,DTES64,MWAIT,DS-CPL,VMX,EST,TM2,SSSE3,CX16,xTPR,PDCM,LONG,LAHF,PERF
cpu1: 4MB 64b/line 16-way L2 cache
cpu1: smt 0, core 1, package 0
cpu2 at mainbus0: apid 2 (application processor)
cpu2: Intel(R) Core(TM)2 Quad CPU Q6700 @ 2.66GHz, 2666.77 MHz
cpu2: FPU,VME,DE,PSE,TSC,MSR,PAE,MCE,CX8,APIC,SEP,MTRR,PGE,MCA,CMOV,PAT,PSE36,CFLUSH,DS,ACPI,MMX,FXSR,SSE,SSE2,SS,HTT,TM,PBE,SSE3,DTES64,MWAIT,DS-CPL,VMX,EST,TM2,SSSE3,CX16,xTPR,PDCM,LONG,LAHF,PERF
cpu2: 4MB 64b/line 16-way L2 cache
cpu2: smt 0, core 2, package 0
cpu3 at mainbus0: apid 3 (application processor)
cpu3: Intel(R) Core(TM)2 Quad CPU Q6700 @ 2.66GHz, 2666.76 MHz
cpu3: FPU,VME,DE,PSE,TSC,MSR,PAE,MCE,CX8,APIC,SEP,MTRR,PGE,MCA,CMOV,PAT,PSE36,CFLUSH,DS,ACPI,MMX,FXSR,SSE,SSE2,SS,HTT,TM,PBE,SSE3,DTES64,MWAIT,DS-CPL,VMX,EST,TM2,SSSE3,CX16,xTPR,PDCM,LONG,LAHF,PERF
cpu3: 4MB 64b/line 16-way L2 cache
cpu3: smt 0, core 3, package 0
mpbios0: bus 0 is type PCI
mpbios0: bus 1 is type PCI
mpbios0: bus 2 is type PCI
mpbios0: bus 3 is type PCI
mpbios0: bus 4 is type PCI
mpbios0: bus 5 is type PCI
mpbios0: bus 6 is type ISA
ioapic0 at mainbus0: apid 4 pa 0xfec00000, version 20, 24 pins
pci0 at mainbus0 bus 0
pchb0 at pci0 dev 0 function 0 &quot;Intel G45 Host&quot; rev 0x03
ppb0 at pci0 dev 1 function 0 &quot;Intel G45 PCIE&quot; rev 0x03: msi
pci1 at ppb0 bus 1
vga1 at pci1 dev 0 function 0 &quot;ATI Radeon HD 8600&quot; rev 0x00
wsdisplay0 at vga1 mux 1: console (80x25, vt100 emulation)
wsdisplay0: screen 1-5 added (80x25, vt100 emulation)
azalia0 at pci1 dev 0 function 1 vendor &quot;ATI&quot;, unknown product 0xaab0 rev 0x00: msi
azalia0: no supported codecs
uhci0 at pci0 dev 26 function 0 &quot;Intel 82801JI USB&quot; rev 0x00: apic 4 int 16
uhci1 at pci0 dev 26 function 1 &quot;Intel 82801JI USB&quot; rev 0x00: apic 4 int 21
uhci2 at pci0 dev 26 function 2 &quot;Intel 82801JI USB&quot; rev 0x00: apic 4 int 18
ehci0 at pci0 dev 26 function 7 &quot;Intel 82801JI USB&quot; rev 0x00: apic 4 int 18
usb0 at ehci0: USB revision 2.0
uhub0 at usb0 &quot;Intel EHCI root hub&quot; rev 2.00/1.00 addr 1
azalia1 at pci0 dev 27 function 0 &quot;Intel 82801JI HD Audio&quot; rev 0x00: msi
azalia1: codecs: VIA/0x0397
audio0 at azalia1
ppb1 at pci0 dev 28 function 0 &quot;Intel 82801JI PCIE&quot; rev 0x00: msi
pci2 at ppb1 bus 4
ppb2 at pci0 dev 28 function 4 &quot;Intel 82801JI PCIE&quot; rev 0x00: msi
pci3 at ppb2 bus 3
jmb0 at pci3 dev 0 function 0 &quot;JMicron JMB361 IDE/SATA&quot; rev 0x02
ahci0 at jmb0: apic 4 int 16, AHCI 1.0
scsibus1 at ahci0: 32 targets
jmb1 at pci3 dev 0 function 1 &quot;JMicron JMB361 IDE/SATA&quot; rev 0x02
pciide0 at jmb1: DMA, channel 0 wired to native-PCI, channel 1 wired to native-PCI
pciide0: using apic 4 int 17 for native-PCI interrupt
pciide0: channel 0 disabled (no drives)
pciide0: channel 1 disabled (no drives)
ppb3 at pci0 dev 28 function 5 &quot;Intel 82801JI PCIE&quot; rev 0x00: msi
pci4 at ppb3 bus 2
ale0 at pci4 dev 0 function 0 &quot;Attansic Technology L1E&quot; rev 0xb0: AR8121, msi, address xx:xx:xx:xx:xx:xx
atphy0 at ale0 phy 0: F1 10/100/1000 PHY, rev. 9
uhci3 at pci0 dev 29 function 0 &quot;Intel 82801JI USB&quot; rev 0x00: apic 4 int 23
uhci4 at pci0 dev 29 function 1 &quot;Intel 82801JI USB&quot; rev 0x00: apic 4 int 19
uhci5 at pci0 dev 29 function 2 &quot;Intel 82801JI USB&quot; rev 0x00: apic 4 int 18
ehci1 at pci0 dev 29 function 7 &quot;Intel 82801JI USB&quot; rev 0x00: apic 4 int 23
ehci1: timed out waiting for BIOS
usb1 at ehci1: USB revision 2.0
uhub1 at usb1 &quot;Intel EHCI root hub&quot; rev 2.00/1.00 addr 1
ppb4 at pci0 dev 30 function 0 &quot;Intel 82801BA Hub-to-PCI&quot; rev 0x90
pci5 at ppb4 bus 5
pcib0 at pci0 dev 31 function 0 &quot;Intel 82801JIR LPC&quot; rev 0x00
ahci1 at pci0 dev 31 function 2 &quot;Intel 82801JI AHCI&quot; rev 0x00: msi, AHCI 1.2
scsibus2 at ahci1: 32 targets
sd0 at scsibus2 targ 1 lun 0:  SCSI3 0/direct fixed naa.50000f001b423457
sd0: 476940MB, 512 bytes/sector, 976773168 sectors
ichiic0 at pci0 dev 31 function 3 &quot;Intel 82801JI SMBus&quot; rev 0x00: apic 4 int 18
iic0 at ichiic0
iic0: addr 0x1e 01=01 02=01 10=19 11=01 12=01 13=19 21=01 22=01 31=01 32=01 words 00=0001 01=0101 02=0100 03=0000 04=0000 05=0000 06=0000 07=0000
iic0: addr 0x20 01=80 02=17 03=7f 10=00 19=b0 20=20 21=00 25=20 26=b2 38=74 39=03 4a=64 6a=2c 78=02 79=08 7a=00 7b=00 7e=82 80=00 8b=39 8c=18 96=ea 99=41 9a=98 9b=01 d0=00 d1=03 d2=72 d3=72 d4=03 d5=02 d6=01 d7=88 d8=6a d9=00 da=00 db=00 dc=00 dd=00 de=00 df=19 e0=00 e1=00 e2=10 e3=10 e4=10 e5=10 e6=10 e7=10 e8=10 e9=10 ea=10 ec=07 ee=00 f1=18 f5=02 f6=02 f9=00 fa=00 fb=50 words 00=ffff 01=8037 02=1766 03=7fff 04=ffff 05=ffff 06=ffff 07=ffff
spdmem0 at iic0 addr 0x50: 2GB DDR2 SDRAM non-parity PC2-6400CL5
spdmem1 at iic0 addr 0x52: 2GB DDR2 SDRAM non-parity PC2-6400CL5
usb2 at uhci0: USB revision 1.0
uhub2 at usb2 &quot;Intel UHCI root hub&quot; rev 1.00/1.00 addr 1
usb3 at uhci1: USB revision 1.0
uhub3 at usb3 &quot;Intel UHCI root hub&quot; rev 1.00/1.00 addr 1
usb4 at uhci2: USB revision 1.0
uhub4 at usb4 &quot;Intel UHCI root hub&quot; rev 1.00/1.00 addr 1
usb5 at uhci3: USB revision 1.0
uhub5 at usb5 &quot;Intel UHCI root hub&quot; rev 1.00/1.00 addr 1
usb6 at uhci4: USB revision 1.0
uhub6 at usb6 &quot;Intel UHCI root hub&quot; rev 1.00/1.00 addr 1
usb7 at uhci5: USB revision 1.0
uhub7 at usb7 &quot;Intel UHCI root hub&quot; rev 1.00/1.00 addr 1
isa0 at pcib0
isadma0 at isa0
pckbc0 at isa0 port 0x60/5
pckbd0 at pckbc0 (kbd slot)
pckbc0: using irq 1 for kbd slot
wskbd0 at pckbd0: console keyboard, using wsdisplay0
pcppi0 at isa0 port 0x61
spkr0 at pcppi0
lm0 at isa0 port 0x290/8: W83627DHG
uhidev0 at uhub6 port 2 configuration 1 interface 0 &quot;Genius USB Optical Mouse&quot; rev 2.00/1.00 addr 2
uhidev0: iclass 3/1
ums0 at uhidev0: 3 buttons, Z dir
wsmouse0 at ums0 mux 0
vscsi0 at root
scsibus3 at vscsi0: 256 targets
softraid0 at root
scsibus4 at softraid0: 256 targets
sd1 at scsibus4 targ 1 lun 0:  SCSI2 0/direct fixed
sd1: 476435MB, 512 bytes/sector, 975739377 sectors
root on sd1a (497160be1ae17572.a) swap on sd1b dump on sd1b
</pre>



</div><!-- content -->
<br />
<div id="footer">
All comments/news/posts are the property of their individual owner and
is presented without warranty of suitability, and solely as an
informational resource. <br />
This site Copyright &copy; 2004-2020 NYC*BUG.
</div><!-- footer -->

</body>
</html>

