



<!doctype html>
<html lang="en">
<head>
<meta name="keywords"
	content="bsd, freebsd, openbsd, netbsd, dragonflybsd, nycbug, dmesgd" />
<meta name="description" content="New York City BSD User Group dmesgd" />
<meta charset="utf-8" />
<meta name="viewport" content="width=device-width, initial-scale=1" />
<title>NYC*BUG dmesgd</title>
<style>
body {
	text-align: left;
	margin: 15px auto;
	padding: 0px 10px;
}
@media (min-width: 800px) {
	body {
		max-width: 85%;
	}
}
#header {
	border-bottom: 1px solid #dbdbdb;
	font-size: 230%;
	text-align: left;
}
#footer {
	border-top: 1px solid #dbdbdb;
	clear: both;
	text-align: left;
}
.logo_bug {
	color: #cc0033;
}
#menu ul {
	list-style-type: none;
	margin: 0;
	padding: 0;
}
#menu li {
	float: left;
}
#menu li a {
	display: block;
	background-color: #dbdbdb;
	color: #000000;
	font-size: 105%;
	font-weight: bold;
	padding: 0px 6px 0px 6px;
	text-decoration: none;
}
#content {
	clear: both;
	text-align: left;
	padding-top: 10px;
}
#content h1 {
	font-size: 120%;
	font-weight: bold;
}
#content h2 {
	font-size: 110%;
	font-weight: bold;
}
#content a {
	text-decoration: none;
}
#content pre {
	background-color: #dbdbdb;
	padding: 5px 5px 5px 5px;
	white-space: pre-wrap;		/* css-3 */
	white-space: -moz-pre-wrap;	/* Mozilla, since 1999 */
	white-space: -pre-wrap;		/* Opera 4-6 */
	white-space: -o-pre-wrap;	/* Opera 7 */
	word-wrap: break-word;		/* Internet Explorer 5.5+ */
}
#content table {
	border-collapse: collapse;
}
#content table th {
	border: 1px solid #dbdbdb;
	font-size: 85%;
	white-space: nowrap;
}
#content table td {
	border: 1px solid #dbdbdb;
	font-size: 80%;
}
#content input {
	font-size: 1em;
}
#content .full	{ width: 100%; }
#content .left	{ text-align: left; }
#content .right	{ text-align: right; }
#content .center { text-align: center; }
#content .flexbox {
	display: -ms-flex;
	display: -webkit-flex;
	display: flex;
	width: 100%;
}
#content .left_col {
	min-width: 75px;
	max-width: 50%;
	flex-grow: 0;
}
#content .right_col {
	flex-grow: 1;
	margin-left: 10px;
	padding-top: 10px;
	padding-left: 10px;
}
#col {
	-moz-column-count: 3;
	-webkit-column-count: 3;
	column-count: 3;
}
</style>
</head>
<body>

<div id="header">
<strong><em>NYC*</em><span class="logo_bug">BUG</span> dmesgd</strong>
</div><!-- header -->

<div id="menu">
<ul>
<li><a href="https://dmesgd.nycbug.org/index.cgi?do=index">Home</a></li>
<li><a href="https://dmesgd.nycbug.org/index.cgi?do=submit">Submit</a></li>
<li><a href="https://www.nycbug.org/">NYC*BUG</a></li>
</ul>
</div><!-- menu -->

<div id="content">

<p>
Launched in 2004, dmesgd aims to provide a
<strong>user-submitted</strong> repository of searchable *BSD dmesgs.
The dmesg(8) command displays the system message buffer's content, and
during boot a copy is saved to <em>/var/run/dmesg.boot</em>.  This buffer
contains the operating system release, name and version, a list of
devices identified, plus a whole host of other useful information.  We
hope others find this resource useful and further contribute to its
growth. Contact us at [ admin at lists dot nycbug dot org ].
</p>

<hr />


<strong>Date:</strong> <em>2015-11-18 10:07:57</em><br />
<strong>From:</strong> <em>fred</em><br />
<strong>Description:</strong> <em>Microsoft Surface Pro 3</em><br />

<pre>
OpenBSD 5.8-current (RAMDISK_CD) #1387: Tue Oct 20 09:49:11 MDT 2015
    xxx@xxx.xxx:/usr/src/sys/arch/amd64/compile/RAMDISK_CD
RTC BIOS diagnostic error 3f&lt;config_unit,memory_size,fixed_disk,invalid_time&gt;
real mem = 4179075072 (3985MB)
avail mem = 4050698240 (3863MB)
mainbus0 at root
bios0 at mainbus0: SMBIOS rev. 2.8 @ 0xabc09000 (19 entries)
bios0: vendor American Megatrends Inc. version &quot;3.11.0760&quot; date 03/16/2015
bios0: Microsoft Corporation Surface Pro 3
acpi0 at bios0: rev 2
acpi0: tables DSDT FACP APIC FPDT SSDT HPET MSDM WDSA LPIT DBGP HPET MCFG SSDT SSDT SSDT SSDT UEFI BGRT DMAR
acpimadt0 at acpi0 addr 0xfee00000: PC-AT compat
cpu0 at mainbus0: apid 0 (boot processor)
cpu0: Intel(R) Core(TM) i5-4300U CPU @ 1.90GHz, 1796.15 MHz
cpu0: FPU,VME,DE,PSE,TSC,MSR,PAE,MCE,CX8,APIC,SEP,MTRR,PGE,MCA,CMOV,PAT,PSE36,CFLUSH,DS,ACPI,MMX,FXSR,SSE,SSE2,SS,HTT,TM,PBE,SSE3,PCLMUL,DTES64,MWAIT,DS-CPL,VMX,SMX,EST,TM2,SSSE3,FMA3,CX16,xTPR,PDCM,PCID,SSE4.1,SSE4.2,x2APIC,MOVBE,POPCNT,DEADLINE,AES,XSAVE,AVX,F16C,RDRAND,NXE,PAGE1GB,LONG,LAHF,ABM,PERF,ITSC,FSGSBASE,BMI1,AVX2,SMEP,BMI2,ERMS,INVPCID,SENSOR,ARAT
cpu0: 256KB 64b/line 8-way L2 cache
cpu0: apic clock running at 99MHz
cpu0: mwait min=64, max=64, C-substates=0.2.1.2.4.1.1.1, IBE
cpu at mainbus0: not configured
cpu at mainbus0: not configured
cpu at mainbus0: not configured
ioapic0 at mainbus0: apid 8 pa 0xfec00000, version 20, 40 pins
acpiprt0 at acpi0: bus 0 (PCI0)
acpiprt1 at acpi0: bus -1 (BR03)
acpiprt2 at acpi0: bus -1 (BR04)
acpiprt3 at acpi0: bus -1 (BR05)
acpiprt4 at acpi0: bus -1 (BR0B)
acpiprt5 at acpi0: bus 1 (RP01)
acpiprt6 at acpi0: bus -1 (PEG0)
acpiprt7 at acpi0: bus -1 (PEG1)
acpiprt8 at acpi0: bus -1 (PEG2)
acpiec0 at acpi0
pci0 at mainbus0 bus 0
pchb0 at pci0 dev 0 function 0 &quot;Intel Core 4G Host&quot; rev 0x0b
&quot;Intel HD Graphics&quot; rev 0x0b at pci0 dev 2 function 0 not configured
&quot;Intel Core 4G HD Audio&quot; rev 0x0b at pci0 dev 3 function 0 not configured
xhci0 at pci0 dev 20 function 0 &quot;Intel 8 Series xHCI&quot; rev 0x04: msi
usb0 at xhci0: USB revision 3.0
uhub0 at usb0 &quot;Intel xHCI root hub&quot; rev 3.00/1.00 addr 1
&quot;Intel 8 Series MEI&quot; rev 0x04 at pci0 dev 22 function 0 not configured
&quot;Intel 8 Series HD Audio&quot; rev 0x04 at pci0 dev 27 function 0 not configured
ppb0 at pci0 dev 28 function 0 &quot;Intel 8 Series PCIE&quot; rev 0xe4: msi
pci1 at ppb0 bus 1
vendor &quot;Marvell&quot;, unknown product 0x2b38 (class network subclass ethernet, rev 0x00) at pci1 dev 0 function 0 not configured
&quot;Intel 8 Series LPC&quot; rev 0x04 at pci0 dev 31 function 0 not configured
ahci0 at pci0 dev 31 function 2 &quot;Intel 8 Series AHCI&quot; rev 0x04: msi, AHCI 1.3
ahci0: port 0: 6.0Gb/s
scsibus0 at ahci0: 32 targets
sd0 at scsibus0 targ 0 lun 0: &lt;ATA, SAMSUNG MZMTE128, EXT4&gt; SCSI3 0/direct fixed naa.50025388002079a8
sd0: 122104MB, 512 bytes/sector, 250069680 sectors, thin
&quot;Intel 8 Series SMBus&quot; rev 0x04 at pci0 dev 31 function 3 not configured
isa0 at mainbus0
pckbc0 at isa0 port 0x60/5 irq 1 irq 12
pckbd0 at pckbc0 (kbd slot)
wskbd0 at pckbd0: console keyboard
efifb0 at mainbus0
wsdisplay0 at efifb0 mux 1: console (std, vt100 emulation), using wskbd0
uhub1 at uhub0 port 1 &quot;vendor 0x0409 product 0x0059&quot; rev 2.00/1.00 addr 2
umass0 at uhub1 port 2 configuration 1 interface 0 &quot;Kingston DataTravelerMini&quot; rev 2.00/1.10 addr 3
umass0: using SCSI over Bulk-Only
scsibus1 at umass0: 2 targets, initiator 0
sd1 at scsibus1 targ 1 lun 0: &lt;Kingston, DataTravelerMini, PMAP&gt; SCSI0 0/direct removable serial.095116025B8114820008
sd1: 1912MB, 512 bytes/sector, 3915776 sectors
umass1 at uhub1 port 4 configuration 1 interface 0 &quot;SanDisk Firebird USB Flash Drive&quot; rev 2.00/1.26 addr 4
umass1: using SCSI over Bulk-Only
scsibus2 at umass1: 2 targets, initiator 0
sd2 at scsibus2 targ 1 lun 0: &lt;SanDisk, Cruzer Blade, 1.26&gt; SCSI3 0/direct removable serial.07815567050820109551
sd2: 7633MB, 512 bytes/sector, 15633408 sectors
&quot;QCM Microsoft LifeCam Front&quot; rev 2.00/21.52 addr 5 at uhub0 port 7 not configured
&quot;QCM Microsoft LifeCam Rear&quot; rev 2.00/21.52 addr 6 at uhub0 port 8 not configured
softraid0 at root
scsibus3 at softraid0: 256 targets
root on rd0a swap on rd0b dump on rd0b
uhidev0 at uhub1 port 1 configuration 1 interface 0 &quot;CHICONY HP Basic USB Keyboard&quot; rev 2.00/1.30 addr 7
uhidev0: iclass 3/1
ukbd0 at uhidev0
wskbd1 at ukbd0 mux 1
wskbd1: connecting to wsdisplay0
uhidev1 at uhub0 port 3 configuration 1 interface 0 &quot;Microsoft Surface Type Cover&quot; rev 2.10/2.07 addr 8
uhidev1: iclass 3/3, 38 report ids
ukbd1 at uhidev1 reportid 1
wskbd2 at ukbd1 mux 1
wskbd2: connecting to wsdisplay0
uhid at uhidev1 reportid 2 not configured
uhid at uhidev1 reportid 3 not configured
uhid at uhidev1 reportid 4 not configured
uhid at uhidev1 reportid 5 not configured
uhid at uhidev1 reportid 6 not configured
uhid at uhidev1 reportid 7 not configured
uhid at uhidev1 reportid 8 not configured
uhid at uhidev1 reportid 9 not configured
uhid at uhidev1 reportid 10 not configured
uhid at uhidev1 reportid 11 not configured
uhid at uhidev1 reportid 12 not configured
uhid at uhidev1 reportid 13 not configured
uhid at uhidev1 reportid 14 not configured
uhid at uhidev1 reportid 32 not configured
uhid at uhidev1 reportid 33 not configured
uhid at uhidev1 reportid 34 not configured
uhid at uhidev1 reportid 35 not configured
uhid at uhidev1 reportid 36 not configured
uhid at uhidev1 reportid 37 not configured
uhid at uhidev1 reportid 38 not configured

</pre>



</div><!-- content -->
<br />
<div id="footer">
All comments/news/posts are the property of their individual owner and
is presented without warranty of suitability, and solely as an
informational resource. <br />
This site Copyright &copy; 2004-2020 NYC*BUG.
</div><!-- footer -->

</body>
</html>

