



<!doctype html>
<html lang="en">
<head>
<meta name="keywords"
	content="bsd, freebsd, openbsd, netbsd, dragonflybsd, nycbug, dmesgd" />
<meta name="description" content="New York City BSD User Group dmesgd" />
<meta charset="utf-8" />
<meta name="viewport" content="width=device-width, initial-scale=1" />
<title>NYC*BUG dmesgd</title>
<style>
body {
	text-align: left;
	margin: 15px auto;
	padding: 0px 10px;
}
@media (min-width: 800px) {
	body {
		max-width: 85%;
	}
}
#header {
	border-bottom: 1px solid #dbdbdb;
	font-size: 230%;
	text-align: left;
}
#footer {
	border-top: 1px solid #dbdbdb;
	clear: both;
	text-align: left;
}
.logo_bug {
	color: #cc0033;
}
#menu ul {
	list-style-type: none;
	margin: 0;
	padding: 0;
}
#menu li {
	float: left;
}
#menu li a {
	display: block;
	background-color: #dbdbdb;
	color: #000000;
	font-size: 105%;
	font-weight: bold;
	padding: 0px 6px 0px 6px;
	text-decoration: none;
}
#content {
	clear: both;
	text-align: left;
	padding-top: 10px;
}
#content h1 {
	font-size: 120%;
	font-weight: bold;
}
#content h2 {
	font-size: 110%;
	font-weight: bold;
}
#content a {
	text-decoration: none;
}
#content pre {
	background-color: #dbdbdb;
	padding: 5px 5px 5px 5px;
	white-space: pre-wrap;		/* css-3 */
	white-space: -moz-pre-wrap;	/* Mozilla, since 1999 */
	white-space: -pre-wrap;		/* Opera 4-6 */
	white-space: -o-pre-wrap;	/* Opera 7 */
	word-wrap: break-word;		/* Internet Explorer 5.5+ */
}
#content table {
	border-collapse: collapse;
}
#content table th {
	border: 1px solid #dbdbdb;
	font-size: 85%;
	white-space: nowrap;
}
#content table td {
	border: 1px solid #dbdbdb;
	font-size: 80%;
}
#content input {
	font-size: 1em;
}
#content .full	{ width: 100%; }
#content .left	{ text-align: left; }
#content .right	{ text-align: right; }
#content .center { text-align: center; }
#content .flexbox {
	display: -ms-flex;
	display: -webkit-flex;
	display: flex;
	width: 100%;
}
#content .left_col {
	min-width: 75px;
	max-width: 50%;
	flex-grow: 0;
}
#content .right_col {
	flex-grow: 1;
	margin-left: 10px;
	padding-top: 10px;
	padding-left: 10px;
}
#col {
	-moz-column-count: 3;
	-webkit-column-count: 3;
	column-count: 3;
}
</style>
</head>
<body>

<div id="header">
<strong><em>NYC*</em><span class="logo_bug">BUG</span> dmesgd</strong>
</div><!-- header -->

<div id="menu">
<ul>
<li><a href="https://dmesgd.nycbug.org/index.cgi?do=index">Home</a></li>
<li><a href="https://dmesgd.nycbug.org/index.cgi?do=submit">Submit</a></li>
<li><a href="https://www.nycbug.org/">NYC*BUG</a></li>
</ul>
</div><!-- menu -->

<div id="content">

<p>
Launched in 2004, dmesgd aims to provide a
<strong>user-submitted</strong> repository of searchable *BSD dmesgs.
The dmesg(8) command displays the system message buffer's content, and
during boot a copy is saved to <em>/var/run/dmesg.boot</em>.  This buffer
contains the operating system release, name and version, a list of
devices identified, plus a whole host of other useful information.  We
hope others find this resource useful and further contribute to its
growth. Contact us at [ admin at lists dot nycbug dot org ].
</p>

<hr />


<strong>Date:</strong> <em>2015-11-18 11:51:39</em><br />
<strong>From:</strong> <em>fred</em><br />
<strong>Description:</strong> <em>Surface Pro 3 - only one core configured</em><br />

<pre>
OpenBSD 5.8-current (RAMDISK_CD) #1387: Tue Oct 20 09:49:11 MDT 2015
    xxx@xxx.xxx:/usr/src/sys/arch/amd64/compile/RAMDISK_CD
RTC BIOS diagnostic error 3f&lt;config_unit,memory_size,fixed_disk,invalid_time&gt;
real mem = 4179075072 (3985MB)
avail mem = 4050698240 (3863MB)
mainbus0 at root
bios0 at mainbus0: SMBIOS rev. 2.8 @ 0xabc09000 (19 entries)
bios0: vendor American Megatrends Inc. version &quot;3.11.0760&quot; date 03/16/2015
bios0: Microsoft Corporation Surface Pro 3
acpi0 at bios0: rev 2
acpi0: tables DSDT FACP APIC FPDT SSDT HPET MSDM WDSA LPIT DBGP HPET MCFG SSDT SSDT SSDT SSDT UEFI DMAR BGRT
acpimadt0 at acpi0 addr 0xfee00000: PC-AT compat
cpu0 at mainbus0: apid 0 (boot processor)
cpu0: Intel(R) Core(TM) i5-4300U CPU @ 1.90GHz, 1796.11 MHz
cpu0: FPU,VME,DE,PSE,TSC,MSR,PAE,MCE,CX8,APIC,SEP,MTRR,PGE,MCA,CMOV,PAT,PSE36,CFLUSH,DS,ACPI,MMX,FXSR,SSE,SSE2,SS,HTT,TM,PBE,SSE3,PCLMUL,DTES64,MWAIT,DS-CPL,VMX,SMX,EST,TM2,SSSE3,FMA3,CX16,xTPR,PDCM,PCID,SSE4.1,SSE4.2,x2APIC,MOVBE,POPCNT,DEADLINE,AES,XSAVE,AVX,F16C,RDRAND,NXE,PAGE1GB,LONG,LAHF,ABM,PERF,ITSC,FSGSBASE,BMI1,AVX2,SMEP,BMI2,ERMS,INVPCID,SENSOR,ARAT
cpu0: 256KB 64b/line 8-way L2 cache
cpu0: apic clock running at 99MHz
cpu0: mwait min=64, max=64, C-substates=0.2.1.2.4.1.1.1, IBE
cpu at mainbus0: not configured
cpu at mainbus0: not configured
cpu at mainbus0: not configured
ioapic0 at mainbus0: apid 8 pa 0xfec00000, version 20, 40 pins
acpiprt0 at acpi0: bus 0 (PCI0)
acpiprt1 at acpi0: bus -1 (BR03)
acpiprt2 at acpi0: bus -1 (BR04)
acpiprt3 at acpi0: bus -1 (BR05)
acpiprt4 at acpi0: bus -1 (BR0B)
acpiprt5 at acpi0: bus 1 (RP01)
acpiprt6 at acpi0: bus -1 (PEG0)
acpiprt7 at acpi0: bus -1 (PEG1)
acpiprt8 at acpi0: bus -1 (PEG2)
acpiec0 at acpi0
pci0 at mainbus0 bus 0
pchb0 at pci0 dev 0 function 0 &quot;Intel Core 4G Host&quot; rev 0x0b
&quot;Intel HD Graphics&quot; rev 0x0b at pci0 dev 2 function 0 not configured
&quot;Intel Core 4G HD Audio&quot; rev 0x0b at pci0 dev 3 function 0 not configured
xhci0 at pci0 dev 20 function 0 &quot;Intel 8 Series xHCI&quot; rev 0x04: msi
usb0 at xhci0: USB revision 3.0
uhub0 at usb0 &quot;Intel xHCI root hub&quot; rev 3.00/1.00 addr 1
&quot;Intel 8 Series MEI&quot; rev 0x04 at pci0 dev 22 function 0 not configured
&quot;Intel 8 Series HD Audio&quot; rev 0x04 at pci0 dev 27 function 0 not configured
ppb0 at pci0 dev 28 function 0 &quot;Intel 8 Series PCIE&quot; rev 0xe4: msi
pci1 at ppb0 bus 1
vendor &quot;Marvell&quot;, unknown product 0x2b38 (class network subclass ethernet, rev 0x00) at pci1 dev 0 function 0 not configured
&quot;Intel 8 Series LPC&quot; rev 0x04 at pci0 dev 31 function 0 not configured
ahci0 at pci0 dev 31 function 2 &quot;Intel 8 Series AHCI&quot; rev 0x04: msi, AHCI 1.3
ahci0: port 0: 6.0Gb/s
scsibus0 at ahci0: 32 targets
sd0 at scsibus0 targ 0 lun 0: &lt;ATA, SAMSUNG MZMTE128, EXT4&gt; SCSI3 0/direct fixed naa.50025388002079a8
sd0: 122104MB, 512 bytes/sector, 250069680 sectors, thin
&quot;Intel 8 Series SMBus&quot; rev 0x04 at pci0 dev 31 function 3 not configured
isa0 at mainbus0
pckbc0 at isa0 port 0x60/5 irq 1 irq 12
pckbd0 at pckbc0 (kbd slot)
wskbd0 at pckbd0: console keyboard
efifb0 at mainbus0
wsdisplay0 at efifb0 mux 1: console (std, vt100 emulation), using wskbd0
uhub1 at uhub0 port 1 &quot;vendor 0x0409 product 0x0059&quot; rev 2.00/1.00 addr 2
url0 at uhub1 port 1 &quot;Linksys Linksys USB LAN Adapter&quot; rev 1.10/1.00 addr 3
url0: address xx:xx:xx:xx:xx:xx
urlphy0 at url0 phy 0: RTL internal phy
umass0 at uhub1 port 4 configuration 1 interface 0 &quot;Kingston DataTravelerMini&quot; rev 2.00/1.10 addr 4
umass0: using SCSI over Bulk-Only
scsibus1 at umass0: 2 targets, initiator 0
sd1 at scsibus1 targ 1 lun 0: &lt;Kingston, DataTravelerMini, PMAP&gt; SCSI0 0/direct removable serial.095116025B8114820008
sd1: 1912MB, 512 bytes/sector, 3915776 sectors
uhidev0 at uhub0 port 3 configuration 1 interface 0 &quot;Microsoft Surface Type Cover&quot; rev 2.10/2.07 addr 5
uhidev0: iclass 3/3, 38 report ids
ukbd0 at uhidev0 reportid 1
wskbd1 at ukbd0 mux 1
wskbd1: connecting to wsdisplay0
uhid at uhidev0 reportid 2 not configured
uhid at uhidev0 reportid 3 not configured
uhid at uhidev0 reportid 4 not configured
uhid at uhidev0 reportid 5 not configured
uhid at uhidev0 reportid 6 not configured
uhid at uhidev0 reportid 7 not configured
uhid at uhidev0 reportid 8 not configured
uhid at uhidev0 reportid 9 not configured
uhid at uhidev0 reportid 10 not configured
uhid at uhidev0 reportid 11 not configured
uhid at uhidev0 reportid 12 not configured
uhid at uhidev0 reportid 13 not configured
uhid at uhidev0 reportid 14 not configured
uhid at uhidev0 reportid 32 not configured
uhid at uhidev0 reportid 33 not configured
uhid at uhidev0 reportid 34 not configured
uhid at uhidev0 reportid 35 not configured
uhid at uhidev0 reportid 36 not configured
uhid at uhidev0 reportid 37 not configured
uhid at uhidev0 reportid 38 not configured
&quot;QCM Microsoft LifeCam Front&quot; rev 2.00/21.52 addr 6 at uhub0 port 7 not configured
&quot;QCM Microsoft LifeCam Rear&quot; rev 2.00/21.52 addr 7 at uhub0 port 8 not configured
softraid0 at root
scsibus2 at softraid0: 256 targets
root on rd0a swap on rd0b dump on rd0b
sd1 detached
scsibus1 detached
umass0 detached
syncing disks... 
OpenBSD 5.8-current (GENERIC.MP) #1629: Wed Nov 18 00:38:48 MST 2015
    xxx@xxx.xxx:/usr/src/sys/arch/amd64/compile/GENERIC.MP
RTC BIOS diagnostic error 3f&lt;config_unit,memory_size,fixed_disk,invalid_time&gt;
real mem = 4179075072 (3985MB)
avail mem = 4048261120 (3860MB)
mpath0 at root
scsibus0 at mpath0: 256 targets
mainbus0 at root
bios0 at mainbus0: SMBIOS rev. 2.8 @ 0xabc09000 (19 entries)
bios0: vendor American Megatrends Inc. version &quot;3.11.0760&quot; date 03/16/2015
bios0: Microsoft Corporation Surface Pro 3
acpi0 at bios0: rev 2
acpi0: sleep states S0 S4 S5
acpi0: tables DSDT FACP APIC FPDT SSDT HPET MSDM WDSA LPIT DBGP HPET MCFG SSDT SSDT SSDT SSDT UEFI BGRT DMAR
acpi0: wakeup devices WIFI(S4) LID0(S3) EC0_(S3) XHC_(S4) HDEF(S4) TPD4(S4) TPD7(S0) TPD8(S0) PEG0(S4) PEGP(S4) PEG1(S4) PEG2(S4)
acpitimer0 at acpi0: 3579545 Hz, 24 bits
acpimadt0 at acpi0 addr 0xfee00000: PC-AT compat
cpu0 at mainbus0: apid 0 (boot processor)
cpu0: Intel(R) Core(TM) i5-4300U CPU @ 1.90GHz, 1796.14 MHz
cpu0: FPU,VME,DE,PSE,TSC,MSR,PAE,MCE,CX8,APIC,SEP,MTRR,PGE,MCA,CMOV,PAT,PSE36,CFLUSH,DS,ACPI,MMX,FXSR,SSE,SSE2,SS,HTT,TM,PBE,SSE3,PCLMUL,DTES64,MWAIT,DS-CPL,VMX,SMX,EST,TM2,SSSE3,FMA3,CX16,xTPR,PDCM,PCID,SSE4.1,SSE4.2,x2APIC,MOVBE,POPCNT,DEADLINE,AES,XSAVE,AVX,F16C,RDRAND,NXE,PAGE1GB,LONG,LAHF,ABM,PERF,ITSC,FSGSBASE,BMI1,AVX2,SMEP,BMI2,ERMS,INVPCID,SENSOR,ARAT
cpu0: 256KB 64b/line 8-way L2 cache
cpu0: smt 0, core 0, package 0
mtrr: Pentium Pro MTRR support, 10 var ranges, 88 fixed ranges
cpu0: apic clock running at 99MHz
cpu0: mwait min=64, max=64, C-substates=0.2.1.2.4.1.1.1, IBE
cpu1 at mainbus0: apid 2 (application processor)
cpu1: Intel(R) Core(TM) i5-4300U CPU @ 1.90GHz, 1795.84 MHz
cpu1: FPU,VME,DE,PSE,TSC,MSR,PAE,MCE,CX8,APIC,SEP,MTRR,PGE,MCA,CMOV,PAT,PSE36,CFLUSH,DS,ACPI,MMX,FXSR,SSE,SSE2,SS,HTT,TM,PBE,SSE3,PCLMUL,DTES64,MWAIT,DS-CPL,VMX,SMX,EST,TM2,SSSE3,FMA3,CX16,xTPR,PDCM,PCID,SSE4.1,SSE4.2,x2APIC,MOVBE,POPCNT,DEADLINE,AES,XSAVE,AVX,F16C,RDRAND,NXE,PAGE1GB,LONG,LAHF,ABM,PERF,ITSC,FSGSBASE,BMI1,AVX2,SMEP,BMI2,ERMS,INVPCID,SENSOR,ARAT
cpu1: 256KB 64b/line 8-way L2 cache
cpu1: smt 0, core 1, package 0
cpu2 at mainbus0: apid 1 (application processor)
cpu2: Intel(R) Core(TM) i5-4300U CPU @ 1.90GHz, 1795.84 MHz
cpu2: FPU,VME,DE,PSE,TSC,MSR,PAE,MCE,CX8,APIC,SEP,MTRR,PGE,MCA,CMOV,PAT,PSE36,CFLUSH,DS,ACPI,MMX,FXSR,SSE,SSE2,SS,HTT,TM,PBE,SSE3,PCLMUL,DTES64,MWAIT,DS-CPL,VMX,SMX,EST,TM2,SSSE3,FMA3,CX16,xTPR,PDCM,PCID,SSE4.1,SSE4.2,x2APIC,MOVBE,POPCNT,DEADLINE,AES,XSAVE,AVX,F16C,RDRAND,NXE,PAGE1GB,LONG,LAHF,ABM,PERF,ITSC,FSGSBASE,BMI1,AVX2,SMEP,BMI2,ERMS,INVPCID,SENSOR,ARAT
cpu2: 256KB 64b/line 8-way L2 cache
cpu2: smt 1, core 0, package 0
cpu3 at mainbus0: apid 3 (application processor)
cpu3: Intel(R) Core(TM) i5-4300U CPU @ 1.90GHz, 1795.84 MHz
cpu3: FPU,VME,DE,PSE,TSC,MSR,PAE,MCE,CX8,APIC,SEP,MTRR,PGE,MCA,CMOV,PAT,PSE36,CFLUSH,DS,ACPI,MMX,FXSR,SSE,SSE2,SS,HTT,TM,PBE,SSE3,PCLMUL,DTES64,MWAIT,DS-CPL,VMX,SMX,EST,TM2,SSSE3,FMA3,CX16,xTPR,PDCM,PCID,SSE4.1,SSE4.2,x2APIC,MOVBE,POPCNT,DEADLINE,AES,XSAVE,AVX,F16C,RDRAND,NXE,PAGE1GB,LONG,LAHF,ABM,PERF,ITSC,FSGSBASE,BMI1,AVX2,SMEP,BMI2,ERMS,INVPCID,SENSOR,ARAT
cpu3: 256KB 64b/line 8-way L2 cache
cpu3: smt 1, core 1, package 0
ioapic0 at mainbus0: apid 8 pa 0xfec00000, version 20, 40 pins
acpihpet0 at acpi0: 14318179 Hz
acpimcfg0 at acpi0 addr 0xe0000000, bus 0-255
acpiprt0 at acpi0: bus 0 (PCI0)
acpiprt1 at acpi0: bus -1 (BR03)
acpiprt2 at acpi0: bus -1 (BR04)
acpiprt3 at acpi0: bus -1 (BR05)
acpiprt4 at acpi0: bus -1 (BR0B)
acpiprt5 at acpi0: bus 1 (RP01)
acpiprt6 at acpi0: bus -1 (PEG0)
acpiprt7 at acpi0: bus -1 (PEG1)
acpiprt8 at acpi0: bus -1 (PEG2)
acpiec0 at acpi0
acpicpu0 at acpi0: C3(200@506 mwait.1@0x60), C2(200@148 mwait.1@0x33), C1(1000@1 mwait.1), PSS
acpicpu1 at acpi0: C3(200@506 mwait.1@0x60), C2(200@148 mwait.1@0x33), C1(1000@1 mwait.1), PSS
acpicpu2 at acpi0: C3(200@506 mwait.1@0x60), C2(200@148 mwait.1@0x33), C1(1000@1 mwait.1), PSS
acpicpu3 at acpi0: C3(200@506 mwait.1@0x60), C2(200@148 mwait.1@0x33), C1(1000@1 mwait.1), PSS
acpipwrres0 at acpi0: CAMP, resource for HS07, HS08
acpipwrres1 at acpi0: TPWR, resource for TCH1
acpipwrres2 at acpi0: PAUD, resource for HDEF
acpipwrres3 at acpi0: PRWF, resource for WIFI
acpitz0 at acpi0acpitz0: TZ0_: failed to read _CRT
acpitz0: TZ0_: failed to read _HOT
acpitz0: TZ0_: failed to read _TMP
acpitz0: TZ0_: failed to read _TMP
acpibtn0 at acpi0: LID0
acpiac0 at acpi0: AC unit offline
acpibat0 at acpi0: BAT0
acpibat1 at acpi0: BAT1 not present
acpibtn1 at acpi0: LID0
acpivideo0 at acpi0: GFX0
acpivout0 at acpivideo0: DD1F
cpu0: Enhanced SpeedStep 1796 MHz: speeds: 2501, 2500, 2400, 2200, 2100, 1900, 1800, 1700, 1600, 1500, 1300, 1200, 1100, 1000, 800, 775 MHz
pci0 at mainbus0 bus 0
pchb0 at pci0 dev 0 function 0 &quot;Intel Core 4G Host&quot; rev 0x0b
inteldrm0 at pci0 dev 2 function 0 &quot;Intel HD Graphics&quot; rev 0x0b
drm0 at inteldrm0
inteldrm0: msi
inteldrm0: 2160x1440
wsdisplay0 at inteldrm0 mux 1: console (std, vt100 emulation)
wsdisplay0: screen 1-5 added (std, vt100 emulation)
azalia0 at pci0 dev 3 function 0 &quot;Intel Core 4G HD Audio&quot; rev 0x0b: msi
xhci0 at pci0 dev 20 function 0 &quot;Intel 8 Series xHCI&quot; rev 0x04: msi
usb0 at xhci0: USB revision 3.0
uhub0 at usb0 &quot;Intel xHCI root hub&quot; rev 3.00/1.00 addr 1
&quot;Intel 8 Series MEI&quot; rev 0x04 at pci0 dev 22 function 0 not configured
azalia1 at pci0 dev 27 function 0 &quot;Intel 8 Series HD Audio&quot; rev 0x04: msi
azalia1: codecs: Realtek/0x0288
audio0 at azalia1
ppb0 at pci0 dev 28 function 0 &quot;Intel 8 Series PCIE&quot; rev 0xe4: msi
pci1 at ppb0 bus 1
vendor &quot;Marvell&quot;, unknown product 0x2b38 (class network subclass ethernet, rev 0x00) at pci1 dev 0 function 0 not configured
pcib0 at pci0 dev 31 function 0 &quot;Intel 8 Series LPC&quot; rev 0x04
ahci0 at pci0 dev 31 function 2 &quot;Intel 8 Series AHCI&quot; rev 0x04: msi, AHCI 1.3
ahci0: port 0: 6.0Gb/s
scsibus1 at ahci0: 32 targets
sd0 at scsibus1 targ 0 lun 0: &lt;ATA, SAMSUNG MZMTE128, EXT4&gt; SCSI3 0/direct fixed naa.50025388002079a8
sd0: 122104MB, 512 bytes/sector, 250069680 sectors, thin
ichiic0 at pci0 dev 31 function 3 &quot;Intel 8 Series SMBus&quot; rev 0x04: apic 8 int 18
iic0 at ichiic0
isa0 at pcib0
isadma0 at isa0
pckbc0 at isa0 port 0x60/5 irq 1 irq 12
pckbd0 at pckbc0 (kbd slot)
wskbd0 at pckbd0: console keyboard, using wsdisplay0
pcppi0 at isa0 port 0x61
spkr0 at pcppi0
vmm0 at mainbus0: initialized
vmm0: 4 VMX capable CPU(s), 4 are EPT capable
efifb at mainbus0 not configured
error: [drm:pid0:intel_uncore_check_errors] *ERROR* Unclaimed register before interrupt
nvram: invalid checksum
uhub1 at uhub0 port 1 &quot;NEC product 0x0059&quot; rev 2.00/1.00 addr 2
url0 at uhub1 port 1 &quot;Linksys Linksys USB LAN Adapter&quot; rev 1.10/1.00 addr 3
url0: address xx:xx:xx:xx:xx:xx
urlphy0 at url0 phy 0: RTL internal phy
uhidev0 at uhub0 port 3 configuration 1 interface 0 &quot;Microsoft Surface Type Cover&quot; rev 2.10/2.07 addr 4
uhidev0: iclass 3/3, 38 report ids
ukbd0 at uhidev0 reportid 1: 8 variable keys, 6 key codes
wskbd1 at ukbd0 mux 1
wskbd1: connecting to wsdisplay0
ums0 at uhidev0 reportid 2: 5 buttons, Z and W dir
wsmouse0 at ums0 mux 0
uhid0 at uhidev0 reportid 3: input=2, output=0, feature=0
uhid1 at uhidev0 reportid 4: input=19, output=0, feature=1
uhid2 at uhidev0 reportid 5: input=0, output=0, feature=33
uhid3 at uhidev0 reportid 6: input=0, output=0, feature=1
uhid4 at uhidev0 reportid 7: input=0, output=0, feature=1
uhid5 at uhidev0 reportid 8: input=0, output=0, feature=1
uhid6 at uhidev0 reportid 9: input=27, output=20, feature=1
uhid7 at uhidev0 reportid 10: input=27, output=20, feature=0
uhid8 at uhidev0 reportid 11: input=0, output=0, feature=1
uhid9 at uhidev0 reportid 12: input=0, output=1, feature=0
uhid10 at uhidev0 reportid 13: input=34, output=34, feature=0
uhid11 at uhidev0 reportid 14: input=59, output=59, feature=0
uhid12 at uhidev0 reportid 32: input=60, output=60, feature=60
uhid13 at uhidev0 reportid 33: input=60, output=60, feature=60
uhid14 at uhidev0 reportid 34: input=16, output=16, feature=16
uhid15 at uhidev0 reportid 35: input=16, output=16, feature=16
uhid16 at uhidev0 reportid 36: input=16, output=16, feature=16
uhid17 at uhidev0 reportid 37: input=16, output=16, feature=16
uhid18 at uhidev0 reportid 38: input=64, output=64, feature=64
uvideo0 at uhub0 port 7 configuration 1 interface 0 &quot;QCM Microsoft LifeCam Front&quot; rev 2.00/21.52 addr 5
video0 at uvideo0
uvideo1 at uhub0 port 8 configuration 1 interface 0 &quot;QCM Microsoft LifeCam Rear&quot; rev 2.00/21.52 addr 6
video1 at uvideo1
vscsi0 at root
scsibus2 at vscsi0: 256 targets
softraid0 at root
scsibus3 at softraid0: 256 targets
root on sd0a (c19c22366d910628.a) swap on sd0b dump on sd0b
clock: unknown CMOS layout
pckbc: command timeout
pckbc: command timeout
pckbc: command timeout
wskbd1: disconnecting from wsdisplay0
wskbd1 detached
ukbd0 detached
wsmouse0 detached
ums0 detached
uhid0 detached
uhid1 detached
uhid2 detached
uhid3 detached
uhid4 detached
uhid5 detached
uhid6 detached
uhid7 detached
uhid8 detached
uhid9 detached
uhid10 detached
uhid11 detached
uhid12 detached
uhid13 detached
uhid14 detached
uhid15 detached
uhid16 detached
uhid17 detached
uhid18 detached
uhidev0 detached
uhidev0 at uhub0 port 3 configuration 1 interface 0 &quot;Microsoft Surface Type Cover&quot; rev 2.10/2.07 addr 4
uhidev0: iclass 3/3, 38 report ids
ukbd0 at uhidev0 reportid 1: 8 variable keys, 6 key codes
wskbd1 at ukbd0 mux 1
wskbd1: connecting to wsdisplay0
ums0 at uhidev0 reportid 2: 5 buttons, Z and W dir
wsmouse0 at ums0 mux 0
uhid0 at uhidev0 reportid 3: input=2, output=0, feature=0
uhid1 at uhidev0 reportid 4: input=19, output=0, feature=1
uhid2 at uhidev0 reportid 5: input=0, output=0, feature=33
uhid3 at uhidev0 reportid 6: input=0, output=0, feature=1
uhid4 at uhidev0 reportid 7: input=0, output=0, feature=1
uhid5 at uhidev0 reportid 8: input=0, output=0, feature=1
uhid6 at uhidev0 reportid 9: input=27, output=20, feature=1
uhid7 at uhidev0 reportid 10: input=27, output=20, feature=0
uhid8 at uhidev0 reportid 11: input=0, output=0, feature=1
uhid9 at uhidev0 reportid 12: input=0, output=1, feature=0
uhid10 at uhidev0 reportid 13: input=34, output=34, feature=0
uhid11 at uhidev0 reportid 14: input=59, output=59, feature=0
uhid12 at uhidev0 reportid 32: input=60, output=60, feature=60
uhid13 at uhidev0 reportid 33: input=60, output=60, feature=60
uhid14 at uhidev0 reportid 34: input=16, output=16, feature=16
uhid15 at uhidev0 reportid 35: input=16, output=16, feature=16
uhid16 at uhidev0 reportid 36: input=16, output=16, feature=16
uhid17 at uhidev0 reportid 37: input=16, output=16, feature=16
uhid18 at uhidev0 reportid 38: input=64, output=64, feature=64
wskbd1: disconnecting from wsdisplay0
wskbd1 detached
ukbd0 detached
wsmouse0 detached
ums0 detached
uhid0 detached
uhid1 detached
uhid2 detached
uhid3 detached
uhid4 detached
uhid5 detached
uhid6 detached
uhid7 detached
uhid8 detached
uhid9 detached
uhid10 detached
uhid11 detached
uhid12 detached
uhid13 detached
uhid14 detached
uhid15 detached
uhid16 detached
uhid17 detached
uhid18 detached
uhidev0 detached
uhidev0 at uhub0 port 3 configuration 1 interface 0 &quot;Microsoft Surface Type Cover&quot; rev 2.10/2.07 addr 4
uhidev0: iclass 3/3, 38 report ids
ukbd0 at uhidev0 reportid 1: 8 variable keys, 6 key codes
wskbd1 at ukbd0 mux 1
wskbd1: connecting to wsdisplay0
ums0 at uhidev0 reportid 2: 5 buttons, Z and W dir
wsmouse0 at ums0 mux 0
uhid0 at uhidev0 reportid 3: input=2, output=0, feature=0
uhid1 at uhidev0 reportid 4: input=19, output=0, feature=1
uhid2 at uhidev0 reportid 5: input=0, output=0, feature=33
uhid3 at uhidev0 reportid 6: input=0, output=0, feature=1
uhid4 at uhidev0 reportid 7: input=0, output=0, feature=1
uhid5 at uhidev0 reportid 8: input=0, output=0, feature=1
uhid6 at uhidev0 reportid 9: input=27, output=20, feature=1
uhid7 at uhidev0 reportid 10: input=27, output=20, feature=0
uhid8 at uhidev0 reportid 11: input=0, output=0, feature=1
uhid9 at uhidev0 reportid 12: input=0, output=1, feature=0
uhid10 at uhidev0 reportid 13: input=34, output=34, feature=0
uhid11 at uhidev0 reportid 14: input=59, output=59, feature=0
uhid12 at uhidev0 reportid 32: input=60, output=60, feature=60
uhid13 at uhidev0 reportid 33: input=60, output=60, feature=60
uhid14 at uhidev0 reportid 34: input=16, output=16, feature=16
uhid15 at uhidev0 reportid 35: input=16, output=16, feature=16
uhid16 at uhidev0 reportid 36: input=16, output=16, feature=16
uhid17 at uhidev0 reportid 37: input=16, output=16, feature=16
uhid18 at uhidev0 reportid 38: input=64, output=64, feature=64
pckbc: command timeout
pckbc: command timeout
pckbc: command timeout
pckbc: command timeout
pckbc: command timeout
pckbc: command timeout
hw.sensors.cpu0.temp0=41.00 degC
hw.sensors.acpibtn0.indicator0=On (lid open)
hw.sensors.acpiac0.indicator0=Off (power supply)
hw.sensors.acpibat0.volt0=0.00 VDC (voltage)
hw.sensors.acpibat0.volt1=7.26 VDC (current voltage)
hw.sensors.acpibat0.power0=1.36 W (rate)
hw.sensors.acpibat0.watthour0=0.00 Wh (last full capacity)
hw.sensors.acpibat0.watthour1=0.00 Wh (warning capacity)
hw.sensors.acpibat0.watthour2=0.00 Wh (low capacity)
hw.sensors.acpibat0.watthour3=0.95 Wh (remaining capacity), OK
hw.sensors.acpibat0.watthour4=0.00 Wh (design capacity)
hw.sensors.acpibat0.raw0=1 (battery full), OK
</pre>



</div><!-- content -->
<br />
<div id="footer">
All comments/news/posts are the property of their individual owner and
is presented without warranty of suitability, and solely as an
informational resource. <br />
This site Copyright &copy; 2004-2020 NYC*BUG.
</div><!-- footer -->

</body>
</html>

