



<!doctype html>
<html lang="en">
<head>
<meta name="keywords"
	content="bsd, freebsd, openbsd, netbsd, dragonflybsd, nycbug, dmesgd" />
<meta name="description" content="New York City BSD User Group dmesgd" />
<meta charset="utf-8" />
<meta name="viewport" content="width=device-width, initial-scale=1" />
<title>NYC*BUG dmesgd</title>
<style>
body {
	text-align: left;
	margin: 15px auto;
	padding: 0px 10px;
}
@media (min-width: 800px) {
	body {
		max-width: 85%;
	}
}
#header {
	border-bottom: 1px solid #dbdbdb;
	font-size: 230%;
	text-align: left;
}
#footer {
	border-top: 1px solid #dbdbdb;
	clear: both;
	text-align: left;
}
.logo_bug {
	color: #cc0033;
}
#menu ul {
	list-style-type: none;
	margin: 0;
	padding: 0;
}
#menu li {
	float: left;
}
#menu li a {
	display: block;
	background-color: #dbdbdb;
	color: #000000;
	font-size: 105%;
	font-weight: bold;
	padding: 0px 6px 0px 6px;
	text-decoration: none;
}
#content {
	clear: both;
	text-align: left;
	padding-top: 10px;
}
#content h1 {
	font-size: 120%;
	font-weight: bold;
}
#content h2 {
	font-size: 110%;
	font-weight: bold;
}
#content a {
	text-decoration: none;
}
#content pre {
	background-color: #dbdbdb;
	padding: 5px 5px 5px 5px;
	white-space: pre-wrap;		/* css-3 */
	white-space: -moz-pre-wrap;	/* Mozilla, since 1999 */
	white-space: -pre-wrap;		/* Opera 4-6 */
	white-space: -o-pre-wrap;	/* Opera 7 */
	word-wrap: break-word;		/* Internet Explorer 5.5+ */
}
#content table {
	border-collapse: collapse;
}
#content table th {
	border: 1px solid #dbdbdb;
	font-size: 85%;
	white-space: nowrap;
}
#content table td {
	border: 1px solid #dbdbdb;
	font-size: 80%;
}
#content input {
	font-size: 1em;
}
#content .full	{ width: 100%; }
#content .left	{ text-align: left; }
#content .right	{ text-align: right; }
#content .center { text-align: center; }
#content .flexbox {
	display: -ms-flex;
	display: -webkit-flex;
	display: flex;
	width: 100%;
}
#content .left_col {
	min-width: 75px;
	max-width: 50%;
	flex-grow: 0;
}
#content .right_col {
	flex-grow: 1;
	margin-left: 10px;
	padding-top: 10px;
	padding-left: 10px;
}
#col {
	-moz-column-count: 3;
	-webkit-column-count: 3;
	column-count: 3;
}
</style>
</head>
<body>

<div id="header">
<strong><em>NYC*</em><span class="logo_bug">BUG</span> dmesgd</strong>
</div><!-- header -->

<div id="menu">
<ul>
<li><a href="https://dmesgd.nycbug.org/index.cgi?do=index">Home</a></li>
<li><a href="https://dmesgd.nycbug.org/index.cgi?do=submit">Submit</a></li>
<li><a href="https://www.nycbug.org/">NYC*BUG</a></li>
</ul>
</div><!-- menu -->

<div id="content">

<p>
Launched in 2004, dmesgd aims to provide a
<strong>user-submitted</strong> repository of searchable *BSD dmesgs.
The dmesg(8) command displays the system message buffer's content, and
during boot a copy is saved to <em>/var/run/dmesg.boot</em>.  This buffer
contains the operating system release, name and version, a list of
devices identified, plus a whole host of other useful information.  We
hope others find this resource useful and further contribute to its
growth. Contact us at [ admin at lists dot nycbug dot org ].
</p>

<hr />


<strong>Date:</strong> <em>2015-11-21 17:16:15</em><br />
<strong>From:</strong> <em>EdaSky</em><br />
<strong>Description:</strong> <em>HP Compaq NC2400</em><br />

<pre>
OpenBSD 5.8-current (GENERIC.MP) #1378: Sat Nov 14 00:10:25 MST 2015
    xxx@xxx.xxx:/usr/src/sys/arch/i386/compile/GENERIC.MP
cpu0: Genuine Intel(R) CPU U2500 @ 1.20GHz (&quot;GenuineIntel&quot; 686-class) 1.20 GHz
cpu0: FPU,V86,DE,PSE,TSC,MSR,PAE,MCE,CX8,APIC,SEP,MTRR,PGE,MCA,CMOV,CFLUSH,DS,ACPI,MMX,FXSR,SSE,SSE2,SS,HTT,TM,PBE,NXE,SSE3,MWAIT,VMX,EST,TM2,xTPR,PDCM,PERF,SENSOR
real mem  = 2138390528 (2039MB)
avail mem = 2084876288 (1988MB)
mpath0 at root
scsibus0 at mpath0: 256 targets
mainbus0 at root
bios0 at mainbus0: date 07/02/08, BIOS32 rev. 0 @ 0xf0000, SMBIOS rev. 2.4 @ 0xf4170 (21 entries)
bios0: vendor Hewlett-Packard version &quot;68YOP Ver. F.0E&quot; date 07/02/2008
bios0: Hewlett-Packard HP Compaq nc2400(#AKB)
acpi0 at bios0: rev 2
acpi0: sleep states S0 S3 S4 S5
acpi0: tables DSDT FACP SLIC HPET APIC MCFG TCPA SSDT SSDT SSDT SSDT SSDT
acpi0: wakeup devices C094(S5) C1DE(S0) C0EF(S3) C0F6(S3) C0F7(S3) C0F8(S3) C0F9(S3) C100(S5) C1EA(S5)
acpitimer0 at acpi0: 3579545 Hz, 24 bits
acpihpet0 at acpi0: 14318179 Hz
acpimadt0 at acpi0 addr 0xfee00000: PC-AT compat
cpu0 at mainbus0: apid 0 (boot processor)
mtrr: Pentium Pro MTRR support, 8 var ranges, 88 fixed ranges
cpu0: apic clock running at 133MHz
cpu0: mwait min=64, max=64, C-substates=0.2.2.2.2, IBE
cpu1 at mainbus0: apid 1 (application processor)
cpu1: Genuine Intel(R) CPU U2500 @ 1.20GHz (&quot;GenuineIntel&quot; 686-class) 1.20 GHz
cpu1: FPU,V86,DE,PSE,TSC,MSR,PAE,MCE,CX8,APIC,SEP,MTRR,PGE,MCA,CMOV,CFLUSH,DS,ACPI,MMX,FXSR,SSE,SSE2,SS,HTT,TM,PBE,NXE,SSE3,MWAIT,VMX,EST,TM2,xTPR,PDCM,PERF,SENSOR
ioapic0 at mainbus0: apid 1 pa 0xfec00000, version 20, 24 pins
ioapic0: misconfigured as apic 0, remapped to apid 1
acpimcfg0 at acpi0 addr 0xf8000000, bus 0-63
acpiprt0 at acpi0: bus 2 (C094)
acpiprt1 at acpi0: bus 8 (C100)
acpiprt2 at acpi0: bus 0 (C002)
acpiec0 at acpi0
acpicpu0 at acpi0: !C2(500@1 io@0x1014), C1(1000@1 halt), PSS
acpicpu1 at acpi0: !C2(500@1 io@0x1014), C1(1000@1 halt), PSS
acpipwrres0 at acpi0: C1D6, resource for C1D4
acpipwrres1 at acpi0: C2C9, resource for C2CD
acpipwrres2 at acpi0: C2CA, resource for C2CE
acpipwrres3 at acpi0: C2CB, resource for C2CF
acpipwrres4 at acpi0: C2CC, resource for C2D0
acpitz0 at acpi0: critical temperature is 105 degC
acpitz1 at acpi0: critical temperature is 105 degC
acpitz2 at acpi0: critical temperature is 105 degC
acpitz3 at acpi0: critical temperature is 105 degC
acpitz4 at acpi0: critical temperature is 110 degC
acpibat0 at acpi0: C1B6 model &quot;Primary&quot; serial 03542 2006/06/23 type LIon oem &quot;Hewlett-Packard&quot;
acpiac0 at acpi0: AC unit online
acpibtn0 at acpi0: C1F1
acpibtn1 at acpi0: C1EE
acpivideo0 at acpi0: C081
bios0: ROM list: 0xc0000/0x10000! 0xd0000/0x1000 0xd1000/0x1800
cpu0: Enhanced SpeedStep 1198 MHz: speeds: 1200, 800 MHz
pci0 at mainbus0 bus 0: configuration mode 1 (bios)
pchb0 at pci0 dev 0 function 0 &quot;Intel 82945GM Host&quot; rev 0x03
inteldrm0 at pci0 dev 2 function 0 &quot;Intel 82945GM Video&quot; rev 0x03
drm0 at inteldrm0
intagp0 at inteldrm0
agp0 at intagp0: aperture at 0xe0000000, size 0x10000000
inteldrm0: apic 1 int 16
inteldrm0: 1280x800
wsdisplay0 at inteldrm0 mux 1: console (std, vt100 emulation)
wsdisplay0: screen 1-5 added (std, vt100 emulation)
&quot;Intel 82945GM Video&quot; rev 0x03 at pci0 dev 2 function 1 not configured
azalia0 at pci0 dev 27 function 0 &quot;Intel 82801GB HD Audio&quot; rev 0x01: msi
azalia0: codecs: Analog Devices AD1981HD, Conexant/0x2bfa, using Analog Devices AD1981HD
audio0 at azalia0
ppb0 at pci0 dev 28 function 0 &quot;Intel 82801GB PCIE&quot; rev 0x01: apic 1 int 22
pci1 at ppb0 bus 8
8:0:0: mem address conflict 0xf0000000/0x1000
wpi0 at pci1 dev 0 function 0 &quot;Intel PRO/Wireless 3945ABG&quot; rev 0x02: msi, MoW2, address xx:xx:xx:xx:xx:xx
uhci0 at pci0 dev 29 function 0 &quot;Intel 82801GB USB&quot; rev 0x01: apic 1 int 21
uhci1 at pci0 dev 29 function 1 &quot;Intel 82801GB USB&quot; rev 0x01: apic 1 int 22
uhci2 at pci0 dev 29 function 2 &quot;Intel 82801GB USB&quot; rev 0x01: apic 1 int 22
uhci3 at pci0 dev 29 function 3 &quot;Intel 82801GB USB&quot; rev 0x01: apic 1 int 22
ehci0 at pci0 dev 29 function 7 &quot;Intel 82801GB USB&quot; rev 0x01: apic 1 int 21
usb0 at ehci0: USB revision 2.0
uhub0 at usb0 &quot;Intel EHCI root hub&quot; rev 2.00/1.00 addr 1
ppb1 at pci0 dev 30 function 0 &quot;Intel 82801BAM Hub-to-PCI&quot; rev 0xe1
pci2 at ppb1 bus 2
bge0 at pci2 dev 0 function 0 &quot;Broadcom BCM5788&quot; rev 0x03, BCM5705 A3 (0x3003): apic 1 int 17, address xx:xx:xx:xx:xx:xx
brgphy0 at bge0 phy 1: BCM5705 10/100/1000baseT PHY, rev. 2
cbb0 at pci2 dev 9 function 0 &quot;TI PCIXX12 CardBus&quot; rev 0x00: apic 1 int 18
&quot;TI PCIXX12 Smart Card&quot; rev 0x00 at pci2 dev 9 function 4 not configured
cardslot0 at cbb0 slot 0 flags 0
cardbus0 at cardslot0: bus 3 device 0 cacheline 0x10, lattimer 0x20
pcmcia0 at cardslot0
ichpcib0 at pci0 dev 31 function 0 &quot;Intel 82801GBM LPC&quot; rev 0x01: PM disabled
pciide0 at pci0 dev 31 function 1 &quot;Intel 82801GB IDE&quot; rev 0x01: DMA, channel 0 configured to compatibility, channel 1 configured to compatibility
wd0 at pciide0 channel 0 drive 0: &lt;ADATA SP310&gt;
wd0: 16-sector PIO, LBA48, 61057MB, 125045424 sectors
atapiscsi0 at pciide0 channel 0 drive 1
scsibus1 at atapiscsi0: 2 targets
cd0 at scsibus1 targ 0 lun 0: &lt;MATSHITA, DVD-RAM UJ-842S, 1.10&gt; ATAPI 5/cdrom removable
wd0(pciide0:0:0): using PIO mode 4, Ultra-DMA mode 5
cd0(pciide0:0:1): using PIO mode 4, DMA mode 2
pciide0: channel 1 ignored (disabled)
usb1 at uhci0: USB revision 1.0
uhub1 at usb1 &quot;Intel UHCI root hub&quot; rev 1.00/1.00 addr 1
usb2 at uhci1: USB revision 1.0
uhub2 at usb2 &quot;Intel UHCI root hub&quot; rev 1.00/1.00 addr 1
usb3 at uhci2: USB revision 1.0
uhub3 at usb3 &quot;Intel UHCI root hub&quot; rev 1.00/1.00 addr 1
usb4 at uhci3: USB revision 1.0
uhub4 at usb4 &quot;Intel UHCI root hub&quot; rev 1.00/1.00 addr 1
isa0 at ichpcib0
isadma0 at isa0
pckbc0 at isa0 port 0x60/5 irq 1 irq 12
pckbd0 at pckbc0 (kbd slot)
wskbd0 at pckbd0: console keyboard, using wsdisplay0
pms0 at pckbc0 (aux slot)
wsmouse0 at pms0 mux 0
pcppi0 at isa0 port 0x61
spkr0 at pcppi0
npx0 at isa0 port 0xf0/16: reported by CPUID; using exception 16
ugen0 at uhub2 port 1 &quot;AuthenTec Fingerprint Sensor&quot; rev 1.10/6.23 addr 2
vscsi0 at root
scsibus2 at vscsi0: 256 targets
softraid0 at root
scsibus3 at softraid0: 256 targets
root on wd0a (c56e121cbc9afa57.a) swap on wd0b dump on wd0b
uhub0 at usb1 &quot;Intel UHCI root hub&quot; rev 1.00/1.00 addr 1
uhub1 at usb2 &quot;Intel UHCI root hub&quot; rev 1.00/1.00 addr 1
uhub2 at usb3 &quot;Intel UHCI root hub&quot; rev 1.00/1.00 addr 1
uhub3 at usb4 &quot;Intel UHCI root hub&quot; rev 1.00/1.00 addr 1
uhub4 at usb0 &quot;Intel EHCI root hub&quot; rev 2.00/1.00 addr 1
ugen0 at uhub1 port 1 &quot;AuthenTec Fingerprint Sensor&quot; rev 1.10/6.23 addr 2
uhub0 at usb1 &quot;Intel UHCI root hub&quot; rev 1.00/1.00 addr 1
uhub1 at usb2 &quot;Intel UHCI root hub&quot; rev 1.00/1.00 addr 1
uhub2 at usb3 &quot;Intel UHCI root hub&quot; rev 1.00/1.00 addr 1
uhub3 at usb4 &quot;Intel UHCI root hub&quot; rev 1.00/1.00 addr 1
uhub4 at usb0 &quot;Intel EHCI root hub&quot; rev 2.00/1.00 addr 1
ugen0 at uhub1 port 1 &quot;AuthenTec Fingerprint Sensor&quot; rev 1.10/6.23 addr 2

</pre>



</div><!-- content -->
<br />
<div id="footer">
All comments/news/posts are the property of their individual owner and
is presented without warranty of suitability, and solely as an
informational resource. <br />
This site Copyright &copy; 2004-2020 NYC*BUG.
</div><!-- footer -->

</body>
</html>

