



<!doctype html>
<html lang="en">
<head>
<meta name="keywords"
	content="bsd, freebsd, openbsd, netbsd, dragonflybsd, nycbug, dmesgd" />
<meta name="description" content="New York City BSD User Group dmesgd" />
<meta charset="utf-8" />
<meta name="viewport" content="width=device-width, initial-scale=1" />
<title>NYC*BUG dmesgd</title>
<style>
body {
	text-align: left;
	margin: 15px auto;
	padding: 0px 10px;
}
@media (min-width: 800px) {
	body {
		max-width: 85%;
	}
}
#header {
	border-bottom: 1px solid #dbdbdb;
	font-size: 230%;
	text-align: left;
}
#footer {
	border-top: 1px solid #dbdbdb;
	clear: both;
	text-align: left;
}
.logo_bug {
	color: #cc0033;
}
#menu ul {
	list-style-type: none;
	margin: 0;
	padding: 0;
}
#menu li {
	float: left;
}
#menu li a {
	display: block;
	background-color: #dbdbdb;
	color: #000000;
	font-size: 105%;
	font-weight: bold;
	padding: 0px 6px 0px 6px;
	text-decoration: none;
}
#content {
	clear: both;
	text-align: left;
	padding-top: 10px;
}
#content h1 {
	font-size: 120%;
	font-weight: bold;
}
#content h2 {
	font-size: 110%;
	font-weight: bold;
}
#content a {
	text-decoration: none;
}
#content pre {
	background-color: #dbdbdb;
	padding: 5px 5px 5px 5px;
	white-space: pre-wrap;		/* css-3 */
	white-space: -moz-pre-wrap;	/* Mozilla, since 1999 */
	white-space: -pre-wrap;		/* Opera 4-6 */
	white-space: -o-pre-wrap;	/* Opera 7 */
	word-wrap: break-word;		/* Internet Explorer 5.5+ */
}
#content table {
	border-collapse: collapse;
}
#content table th {
	border: 1px solid #dbdbdb;
	font-size: 85%;
	white-space: nowrap;
}
#content table td {
	border: 1px solid #dbdbdb;
	font-size: 80%;
}
#content input {
	font-size: 1em;
}
#content .full	{ width: 100%; }
#content .left	{ text-align: left; }
#content .right	{ text-align: right; }
#content .center { text-align: center; }
#content .flexbox {
	display: -ms-flex;
	display: -webkit-flex;
	display: flex;
	width: 100%;
}
#content .left_col {
	min-width: 75px;
	max-width: 50%;
	flex-grow: 0;
}
#content .right_col {
	flex-grow: 1;
	margin-left: 10px;
	padding-top: 10px;
	padding-left: 10px;
}
#col {
	-moz-column-count: 3;
	-webkit-column-count: 3;
	column-count: 3;
}
</style>
</head>
<body>

<div id="header">
<strong><em>NYC*</em><span class="logo_bug">BUG</span> dmesgd</strong>
</div><!-- header -->

<div id="menu">
<ul>
<li><a href="https://dmesgd.nycbug.org/index.cgi?do=index">Home</a></li>
<li><a href="https://dmesgd.nycbug.org/index.cgi?do=submit">Submit</a></li>
<li><a href="https://www.nycbug.org/">NYC*BUG</a></li>
</ul>
</div><!-- menu -->

<div id="content">

<p>
Launched in 2004, dmesgd aims to provide a
<strong>user-submitted</strong> repository of searchable *BSD dmesgs.
The dmesg(8) command displays the system message buffer's content, and
during boot a copy is saved to <em>/var/run/dmesg.boot</em>.  This buffer
contains the operating system release, name and version, a list of
devices identified, plus a whole host of other useful information.  We
hope others find this resource useful and further contribute to its
growth. Contact us at [ admin at lists dot nycbug dot org ].
</p>

<hr />


<strong>Date:</strong> <em>2015-12-08 05:18:39</em><br />
<strong>From:</strong> <em>ajcc</em><br />
<strong>Description:</strong> <em>OpenBSD/sparc 5.8-current on SPARCstation IPX</em><br />

<pre>
OpenBSD 5.8-current (GENERIC) #6: Mon Nov  2 19:59:44 GMT 2015
    xxx@xxx.xxx:/usr/src/sys/arch/sparc/compile/GENERIC
real mem = 67006464 (63MB)
avail mem = 61698048 (58MB)
mainbus0 at root: SUNW,Sun 4/50
cpu0 at mainbus0: W8601/8701 or MB86903 @ 40 MHz, on-chip FPU; cache chip bug - trap page uncached
cpu0: 64K byte write-through, 32 bytes/line, hw flush cache enabled
memreg0 at mainbus0 ioaddr 0xf4000000
clock0 at mainbus0 ioaddr 0xf2000000: mk48t02 (eeprom)
timer0 at mainbus0 ioaddr 0xf3000000: delay constant 17, frequency 1000000 Hz
auxreg0 at mainbus0 ioaddr 0xf7400003
zs0 at mainbus0 ioaddr 0xf1000000 pri 12, softpri 6
zstty0 at zs0 channel 0: console
zstty1 at zs0 channel 1
zs1 at mainbus0 ioaddr 0xf0000000 pri 12, softpri 6
zskbd0 at zs1 channel 0: no keyboard
zsms0 at zs1 channel 1
wsmouse0 at zsms0 mux 0
audioamd0 at mainbus0 ioaddr 0xf7201000 pri 13, softpri 4
audio0 at audioamd0
sbus0 at mainbus0 ioaddr 0xf8000000: 20 MHz
dma0 at sbus0 slot 0 offset 0x400000: rev 1+
esp0 at sbus0 slot 0 offset 0x800000 pri 3: ESP100A, 25MHz
scsibus0 at esp0: 8 targets, initiator 7
sd0 at scsibus0 targ 0 lun 0: &lt;SEAGATE, ST15230N SUN4.2G, 0702&gt; SCSI2 0/direct fixed serial.SEAGATE_ST15230N_SUN4.2G00201635
sd0: 4095MB, 512 bytes/sector, 8386733 sectors
sd1 at scsibus0 targ 1 lun 0: &lt;SEAGATE, ST15230N SUN4.2G, 0702&gt; SCSI2 0/direct fixed serial.SEAGATE_ST15230N_SUN4.2G00208706
sd1: 4095MB, 512 bytes/sector, 8386733 sectors
sd2 at scsibus0 targ 2 lun 0: &lt;SEAGATE, ST15230N SUN4.2G, 0702&gt; SCSI2 0/direct fixed serial.SEAGATE_ST15230N_SUN4.2G00203835
sd2: 4095MB, 512 bytes/sector, 8386733 sectors
sd3 at scsibus0 targ 3 lun 0: &lt;DEC, RZ29B (C) DEC, 0014&gt; SCSI2 0/direct fixed serial.DEC_RZ29B_(C)_DEC00831905
sd3: 4091MB, 512 bytes/sector, 8380080 sectors
probe(esp0:4:0): max sync rate 8.33MB/s
sd4 at scsibus0 targ 4 lun 0: &lt;COMPAQ, ST12550N, 3223&gt; SCSI2 0/direct fixed serial.COMPAQ_ST12550N_00425332
sd4: 2006MB, 512 bytes/sector, 4110000 sectors
le0 at sbus0 slot 0 offset 0xc00000 pri 5: address xx:xx:xx:xx:xx:xx
le0: 16 receive buffers, 4 transmit buffers
cgsix0 at sbus0 slot 3 offset 0x0 pri 7: SUNW,501-1672, 1152x900, rev 5
wsdisplay0 at cgsix0 mux 1
wsdisplay0: screen 0 added (std, sun emulation)
fdc0 at mainbus0 ioaddr 0xf7200000 pri 11, softpri 4: chip 82072
fd0 at fdc0 drive 0: 1.44MB 80 cyl, 2 head, 18 sec
vscsi0 at root
scsibus1 at vscsi0: 256 targets
softraid0 at root
scsibus2 at softraid0: 256 targets
sd5 at scsibus2 targ 1 lun 0: &lt;OPENBSD, SR RAID 5, 005&gt; SCSI2 0/direct fixed
sd5: 12274MB, 512 bytes/sector, 25138560 sectors
bootpath: /sbus@1,f8000000/esp@0,800000/sd@4,0
root on sd4a (36de0a09c61143d3.a) swap on sd4b dump on sd4b
</pre>



</div><!-- content -->
<br />
<div id="footer">
All comments/news/posts are the property of their individual owner and
is presented without warranty of suitability, and solely as an
informational resource. <br />
This site Copyright &copy; 2004-2020 NYC*BUG.
</div><!-- footer -->

</body>
</html>

