



<!doctype html>
<html lang="en">
<head>
<meta name="keywords"
	content="bsd, freebsd, openbsd, netbsd, dragonflybsd, nycbug, dmesgd" />
<meta name="description" content="New York City BSD User Group dmesgd" />
<meta charset="utf-8" />
<meta name="viewport" content="width=device-width, initial-scale=1" />
<title>NYC*BUG dmesgd</title>
<style>
body {
	text-align: left;
	margin: 15px auto;
	padding: 0px 10px;
}
@media (min-width: 800px) {
	body {
		max-width: 85%;
	}
}
#header {
	border-bottom: 1px solid #dbdbdb;
	font-size: 230%;
	text-align: left;
}
#footer {
	border-top: 1px solid #dbdbdb;
	clear: both;
	text-align: left;
}
.logo_bug {
	color: #cc0033;
}
#menu ul {
	list-style-type: none;
	margin: 0;
	padding: 0;
}
#menu li {
	float: left;
}
#menu li a {
	display: block;
	background-color: #dbdbdb;
	color: #000000;
	font-size: 105%;
	font-weight: bold;
	padding: 0px 6px 0px 6px;
	text-decoration: none;
}
#content {
	clear: both;
	text-align: left;
	padding-top: 10px;
}
#content h1 {
	font-size: 120%;
	font-weight: bold;
}
#content h2 {
	font-size: 110%;
	font-weight: bold;
}
#content a {
	text-decoration: none;
}
#content pre {
	background-color: #dbdbdb;
	padding: 5px 5px 5px 5px;
	white-space: pre-wrap;		/* css-3 */
	white-space: -moz-pre-wrap;	/* Mozilla, since 1999 */
	white-space: -pre-wrap;		/* Opera 4-6 */
	white-space: -o-pre-wrap;	/* Opera 7 */
	word-wrap: break-word;		/* Internet Explorer 5.5+ */
}
#content table {
	border-collapse: collapse;
}
#content table th {
	border: 1px solid #dbdbdb;
	font-size: 85%;
	white-space: nowrap;
}
#content table td {
	border: 1px solid #dbdbdb;
	font-size: 80%;
}
#content input {
	font-size: 1em;
}
#content .full	{ width: 100%; }
#content .left	{ text-align: left; }
#content .right	{ text-align: right; }
#content .center { text-align: center; }
#content .flexbox {
	display: -ms-flex;
	display: -webkit-flex;
	display: flex;
	width: 100%;
}
#content .left_col {
	min-width: 75px;
	max-width: 50%;
	flex-grow: 0;
}
#content .right_col {
	flex-grow: 1;
	margin-left: 10px;
	padding-top: 10px;
	padding-left: 10px;
}
#col {
	-moz-column-count: 3;
	-webkit-column-count: 3;
	column-count: 3;
}
</style>
</head>
<body>

<div id="header">
<strong><em>NYC*</em><span class="logo_bug">BUG</span> dmesgd</strong>
</div><!-- header -->

<div id="menu">
<ul>
<li><a href="https://dmesgd.nycbug.org/index.cgi?do=index">Home</a></li>
<li><a href="https://dmesgd.nycbug.org/index.cgi?do=submit">Submit</a></li>
<li><a href="https://www.nycbug.org/">NYC*BUG</a></li>
</ul>
</div><!-- menu -->

<div id="content">

<p>
Launched in 2004, dmesgd aims to provide a
<strong>user-submitted</strong> repository of searchable *BSD dmesgs.
The dmesg(8) command displays the system message buffer's content, and
during boot a copy is saved to <em>/var/run/dmesg.boot</em>.  This buffer
contains the operating system release, name and version, a list of
devices identified, plus a whole host of other useful information.  We
hope others find this resource useful and further contribute to its
growth. Contact us at [ admin at lists dot nycbug dot org ].
</p>

<hr />


<strong>Date:</strong> <em>2015-12-18 21:15:23</em><br />
<strong>From:</strong> <em>william.os4y</em><br />
<strong>Description:</strong> <em>Dell latitude E6530 - wifi and network and screen are ok</em><br />

<pre>
OpenBSD 5.8 (GENERIC.MP) #1236: Sun Aug 16 02:31:04 MDT 2015
    xxx@xxx.xxx:/usr/src/sys/arch/amd64/compile/GENERIC.MP
real mem = 4145885184 (3953MB)
avail mem = 4016340992 (3830MB)
mpath0 at root
scsibus0 at mpath0: 256 targets
mainbus0 at root
bios0 at mainbus0: SMBIOS rev. 2.7 @ 0xec9c0 (100 entries)
bios0: vendor Dell Inc. version &quot;A07&quot; date 10/08/2012
bios0: Dell Inc. Latitude E6530
acpi0 at bios0: rev 2
acpi0: sleep states S0 S3 S4 S5
acpi0: tables DSDT FACP APIC FPDT TCPA MCFG HPET SSDT SSDT SSDT DMAR ASF! SSDT SLIC BGRT
acpi0: wakeup devices UAR1(S3) P0P1(S4) USB1(S3) USB2(S3) USB3(S3) USB5(S3) USB6(S3) USB7(S3) PXSX(S4) RP01(S4) PXSX(S4) RP02(S4) PXSX(S4) RP05(S4) PXSX(S4) RP06(S4) [...]
acpitimer0 at acpi0: 3579545 Hz, 24 bits
acpimadt0 at acpi0 addr 0xfee00000: PC-AT compat
cpu0 at mainbus0: apid 0 (boot processor)
cpu0: Intel(R) Core(TM) i5-3320M CPU @ 2.60GHz, 2592.08 MHz
cpu0: FPU,VME,DE,PSE,TSC,MSR,PAE,MCE,CX8,APIC,SEP,MTRR,PGE,MCA,CMOV,PAT,PSE36,CFLUSH,DS,ACPI,MMX,FXSR,SSE,SSE2,SS,HTT,TM,PBE,SSE3,PCLMUL,DTES64,MWAIT,DS-CPL,VMX,SMX,EST,TM2,SSSE3,CX16,xTPR,PDCM,PCID,SSE4.1,SSE4.2,x2APIC,POPCNT,DEADLINE,AES,XSAVE,AVX,F16C,RDRAND,NXE,LONG,LAHF,PERF,ITSC,FSGSBASE,SMEP,ERMS,SENSOR,ARAT
cpu0: 256KB 64b/line 8-way L2 cache
cpu0: smt 0, core 0, package 0
mtrr: Pentium Pro MTRR support, 10 var ranges, 88 fixed ranges
cpu0: apic clock running at 99MHz
cpu0: mwait min=64, max=64, C-substates=0.2.1.1.2, IBE
cpu1 at mainbus0: apid 2 (application processor)
cpu1: Intel(R) Core(TM) i5-3320M CPU @ 2.60GHz, 2591.59 MHz
cpu1: FPU,VME,DE,PSE,TSC,MSR,PAE,MCE,CX8,APIC,SEP,MTRR,PGE,MCA,CMOV,PAT,PSE36,CFLUSH,DS,ACPI,MMX,FXSR,SSE,SSE2,SS,HTT,TM,PBE,SSE3,PCLMUL,DTES64,MWAIT,DS-CPL,VMX,SMX,EST,TM2,SSSE3,CX16,xTPR,PDCM,PCID,SSE4.1,SSE4.2,x2APIC,POPCNT,DEADLINE,AES,XSAVE,AVX,F16C,RDRAND,NXE,LONG,LAHF,PERF,ITSC,FSGSBASE,SMEP,ERMS,SENSOR,ARAT
cpu1: 256KB 64b/line 8-way L2 cache
cpu1: smt 0, core 1, package 0
cpu2 at mainbus0: apid 1 (application processor)
cpu2: Intel(R) Core(TM) i5-3320M CPU @ 2.60GHz, 2591.60 MHz
cpu2: FPU,VME,DE,PSE,TSC,MSR,PAE,MCE,CX8,APIC,SEP,MTRR,PGE,MCA,CMOV,PAT,PSE36,CFLUSH,DS,ACPI,MMX,FXSR,SSE,SSE2,SS,HTT,TM,PBE,SSE3,PCLMUL,DTES64,MWAIT,DS-CPL,VMX,SMX,EST,TM2,SSSE3,CX16,xTPR,PDCM,PCID,SSE4.1,SSE4.2,x2APIC,POPCNT,DEADLINE,AES,XSAVE,AVX,F16C,RDRAND,NXE,LONG,LAHF,PERF,ITSC,FSGSBASE,SMEP,ERMS,SENSOR,ARAT
cpu2: 256KB 64b/line 8-way L2 cache
cpu2: smt 1, core 0, package 0
cpu3 at mainbus0: apid 3 (application processor)
cpu3: Intel(R) Core(TM) i5-3320M CPU @ 2.60GHz, 2591.60 MHz
cpu3: FPU,VME,DE,PSE,TSC,MSR,PAE,MCE,CX8,APIC,SEP,MTRR,PGE,MCA,CMOV,PAT,PSE36,CFLUSH,DS,ACPI,MMX,FXSR,SSE,SSE2,SS,HTT,TM,PBE,SSE3,PCLMUL,DTES64,MWAIT,DS-CPL,VMX,SMX,EST,TM2,SSSE3,CX16,xTPR,PDCM,PCID,SSE4.1,SSE4.2,x2APIC,POPCNT,DEADLINE,AES,XSAVE,AVX,F16C,RDRAND,NXE,LONG,LAHF,PERF,ITSC,FSGSBASE,SMEP,ERMS,SENSOR,ARAT
cpu3: 256KB 64b/line 8-way L2 cache
cpu3: smt 1, core 1, package 0
ioapic0 at mainbus0: apid 2 pa 0xfec00000, version 20, 24 pins
acpimcfg0 at acpi0 addr 0xf8000000, bus 0-63
acpihpet0 at acpi0: 14318179 Hz
acpiprt0 at acpi0: bus 0 (PCI0)
acpiprt1 at acpi0: bus -1 (P0P1)
acpiprt2 at acpi0: bus 1 (RP01)
acpiprt3 at acpi0: bus 2 (RP02)
acpiprt4 at acpi0: bus -1 (RP05)
acpiprt5 at acpi0: bus 11 (RP06)
acpiprt6 at acpi0: bus -1 (RP07)
acpiprt7 at acpi0: bus -1 (RP08)
acpiprt8 at acpi0: bus -1 (PEG0)
acpiprt9 at acpi0: bus -1 (PEG1)
acpiprt10 at acpi0: bus -1 (PEG2)
acpiprt11 at acpi0: bus -1 (PEG3)
acpiprt12 at acpi0: bus 3 (RP03)
acpiprt13 at acpi0: bus 7 (RP04)
acpiec0 at acpi0
acpicpu0 at acpi0: C3(200@87 mwait.1@0x30), C2(500@59 mwait.1@0x10), C1(1000@1 mwait.1), PSS
acpicpu1 at acpi0: C3(200@87 mwait.1@0x30), C2(500@59 mwait.1@0x10), C1(1000@1 mwait.1), PSS
acpicpu2 at acpi0: C3(200@87 mwait.1@0x30), C2(500@59 mwait.1@0x10), C1(1000@1 mwait.1), PSS
acpicpu3 at acpi0: C3(200@87 mwait.1@0x30), C2(500@59 mwait.1@0x10), C1(1000@1 mwait.1), PSS
acpitz0 at acpi0: critical temperature is 107 degC
acpibtn0 at acpi0: LID0
acpibtn1 at acpi0: PBTN
acpibtn2 at acpi0: SBTN
acpiac0 at acpi0: AC unit offline
acpibat0 at acpi0: BAT0 model &quot;DELL JYPJ12B&quot; serial 6340 type LION oem &quot;Samsung SDI&quot;
acpibat1 at acpi0: BAT1 not present
acpibat2 at acpi0: BAT2 not present
acpivideo0 at acpi0: VID_
acpivout0 at acpivideo0: LCD_
cpu0: Enhanced SpeedStep 2592 MHz: speeds: 2601, 2600, 2500, 2400, 2300, 2200, 2100, 2000, 1900, 1800, 1700, 1600, 1500, 1400, 1300, 1200 MHz
pci0 at mainbus0 bus 0
pchb0 at pci0 dev 0 function 0 &quot;Intel Core 3G Host&quot; rev 0x09
vga1 at pci0 dev 2 function 0 &quot;Intel HD Graphics 4000&quot; rev 0x09
intagp at vga1 not configured
inteldrm0 at vga1
drm0 at inteldrm0
inteldrm0: 1600x900
wsdisplay0 at vga1 mux 1: console (std, vt100 emulation)
wsdisplay0: screen 1-5 added (std, vt100 emulation)
xhci0 at pci0 dev 20 function 0 &quot;Intel 7 Series xHCI&quot; rev 0x04: msi
usb0 at xhci0: USB revision 3.0
uhub0 at usb0 &quot;Intel xHCI root hub&quot; rev 3.00/1.00 addr 1
&quot;Intel 7 Series MEI&quot; rev 0x04 at pci0 dev 22 function 0 not configured
puc0 at pci0 dev 22 function 3 &quot;Intel 7 Series KT&quot; rev 0x04: ports: 1 com
com4 at puc0 port 0 apic 2 int 19: ns16550a, 16 byte fifo
com4: probed fifo depth: 0 bytes
em0 at pci0 dev 25 function 0 &quot;Intel 82579LM&quot; rev 0x04: msi, address xx:xx:xx:xx:xx:xx
ehci0 at pci0 dev 26 function 0 &quot;Intel 7 Series USB&quot; rev 0x04: apic 2 int 16
usb1 at ehci0: USB revision 2.0
uhub1 at usb1 &quot;Intel EHCI root hub&quot; rev 2.00/1.00 addr 1
azalia0 at pci0 dev 27 function 0 &quot;Intel 7 Series HD Audio&quot; rev 0x04: msi
azalia0: codecs: IDT/0x76df, Conexant/0x2c06, Intel/0x2806, using IDT/0x76df
audio0 at azalia0
ppb0 at pci0 dev 28 function 0 &quot;Intel 7 Series PCIE&quot; rev 0xc4: msi
pci1 at ppb0 bus 1
ppb1 at pci0 dev 28 function 1 &quot;Intel 7 Series PCIE&quot; rev 0xc4: msi
pci2 at ppb1 bus 2
iwn0 at pci2 dev 0 function 0 &quot;Intel Centrino Advanced-N 6205&quot; rev 0x34: msi, MIMO 2T2R, MoW, address xx:xx:xx:xx:xx:xx
ppb2 at pci0 dev 28 function 2 &quot;Intel 7 Series PCIE&quot; rev 0xc4: msi
pci3 at ppb2 bus 3
ppb3 at pci0 dev 28 function 3 &quot;Intel 7 Series PCIE&quot; rev 0xc4: msi
pci4 at ppb3 bus 7
ppb4 at pci0 dev 28 function 5 &quot;Intel 7 Series PCIE&quot; rev 0xc4: msi
pci5 at ppb4 bus 11
sdhc0 at pci5 dev 0 function 0 vendor &quot;O2 Micro&quot;, unknown product 0x8221 rev 0x05: apic 2 int 17
sdmmc0 at sdhc0
ehci1 at pci0 dev 29 function 0 &quot;Intel 7 Series USB&quot; rev 0x04: apic 2 int 21
usb2 at ehci1: USB revision 2.0
uhub2 at usb2 &quot;Intel EHCI root hub&quot; rev 2.00/1.00 addr 1
pcib0 at pci0 dev 31 function 0 &quot;Intel QM77 LPC&quot; rev 0x04
ahci0 at pci0 dev 31 function 2 &quot;Intel 7 Series AHCI&quot; rev 0x04: msi, AHCI 1.3
ahci0: port 0: 3.0Gb/s
ahci0: port 1: 1.5Gb/s
scsibus1 at ahci0: 32 targets
sd0 at scsibus1 targ 0 lun 0: &lt;ATA, ST320LT007-9ZV14, 0005&gt; SCSI3 0/direct fixed naa.5000c5005cd04046
sd0: 305245MB, 512 bytes/sector, 625142448 sectors
cd0 at scsibus1 targ 1 lun 0: &lt;TSSTcorp, DVD+-RW SU-208BB, D300&gt; ATAPI 5/cdrom removable
ichiic0 at pci0 dev 31 function 3 &quot;Intel 7 Series SMBus&quot; rev 0x04: apic 2 int 18
iic0 at ichiic0
iic0: addr 0x29 07=ff 0f=33 10=13 11=11 12=11 13=53 14=b1 15=32 16=1d 17=24 18=21 19=a4 1a=60 1b=74 1c=c0 1e=20 20=7f 22=40 25=40 27=ff 29=04 2b=09 2d=bf 2f=20 30=95 31=25 32=0e 33=16 87=ff 8f=33 90=13 91=11 92=11 93=53 94=b1 95=32 96=1d 97=24 98=21 99=a4 9a=60 9b=74 9c=c0 9e=20 a0=7f a2=40 a5=40 a7=ff a9=01 ab=04 ad=c0 af=20 b0=95 b1=25 b2=0e b3=16 words 00=0000 01=0000 02=0000 03=0000 04=0000 05=0000 06=0000 07=ffff
spdmem0 at iic0 addr 0x50: 4GB DDR3 SDRAM PC3-12800 SO-DIMM
isa0 at pcib0
isadma0 at isa0
pckbc0 at isa0 port 0x60/5 irq 1 irq 12
pckbd0 at pckbc0 (kbd slot)
wskbd0 at pckbd0: console keyboard, using wsdisplay0
pms0 at pckbc0 (aux slot)
wsmouse0 at pms0 mux 0
pcppi0 at isa0 port 0x61
spkr0 at pcppi0
uhub3 at uhub1 port 1 &quot;Intel Rate Matching Hub&quot; rev 2.00/0.00 addr 2
umass0 at uhub3 port 2 configuration 1 interface 0 &quot; USB DISK 3.0&quot; rev 2.10/1.10 addr 3
umass0: using SCSI over Bulk-Only
scsibus2 at umass0: 2 targets, initiator 0
sd1 at scsibus2 targ 1 lun 0: &lt;, USB DISK 3.0, PMAP&gt; SCSI4 0/direct removable serial.13fe52005636A00C8300
sd1: 30169MB, 512 bytes/sector, 61787904 sectors
ugen0 at uhub3 port 4 &quot;Broadcom Corp BCM20702A0&quot; rev 2.00/1.12 addr 4
uvideo0 at uhub3 port 5 configuration 1 interface 0 &quot;CN0Y4TWT724872B6A4KNA01 Laptop_Integrated_Webcam_E4HD&quot; rev 2.00/28.06 addr 5
video0 at uvideo0
uhub4 at uhub2 port 1 &quot;Intel Rate Matching Hub&quot; rev 2.00/0.00 addr 2
umodem0 at uhub4 port 6 configuration 1 interface 1 &quot;Dell DW5560&quot; rev 2.00/0.00 addr 3
umodem0: data interface 2, has CM over data, has break
umodem0: status change notification available
ucom0 at umodem0
umodem1 at uhub4 port 6 configuration 1 interface 3 &quot;Dell DW5560&quot; rev 2.00/0.00 addr 3
umodem1: data interface 4, has CM over data, has break
umodem1: status change notification available
ucom1 at umodem1
umodem2 at uhub4 port 6 configuration 1 interface 9 &quot;Dell DW5560&quot; rev 2.00/0.00 addr 3
umodem2: data interface 10, has CM over data, has break
umodem2: status change notification available
ucom2 at umodem2
ugen1 at uhub4 port 6 configuration 1 &quot;Dell DW5560&quot; rev 2.00/0.00 addr 3
vscsi0 at root
scsibus3 at vscsi0: 256 targets
softraid0 at root
scsibus4 at softraid0: 256 targets
root on sd1a (c9cbb68f7eb028ab.a) swap on sd1b dump on sd1b

</pre>



</div><!-- content -->
<br />
<div id="footer">
All comments/news/posts are the property of their individual owner and
is presented without warranty of suitability, and solely as an
informational resource. <br />
This site Copyright &copy; 2004-2020 NYC*BUG.
</div><!-- footer -->

</body>
</html>

