



<!doctype html>
<html lang="en">
<head>
<meta name="keywords"
	content="bsd, freebsd, openbsd, netbsd, dragonflybsd, nycbug, dmesgd" />
<meta name="description" content="New York City BSD User Group dmesgd" />
<meta charset="utf-8" />
<meta name="viewport" content="width=device-width, initial-scale=1" />
<title>NYC*BUG dmesgd</title>
<style>
body {
	text-align: left;
	margin: 15px auto;
	padding: 0px 10px;
}
@media (min-width: 800px) {
	body {
		max-width: 85%;
	}
}
#header {
	border-bottom: 1px solid #dbdbdb;
	font-size: 230%;
	text-align: left;
}
#footer {
	border-top: 1px solid #dbdbdb;
	clear: both;
	text-align: left;
}
.logo_bug {
	color: #cc0033;
}
#menu ul {
	list-style-type: none;
	margin: 0;
	padding: 0;
}
#menu li {
	float: left;
}
#menu li a {
	display: block;
	background-color: #dbdbdb;
	color: #000000;
	font-size: 105%;
	font-weight: bold;
	padding: 0px 6px 0px 6px;
	text-decoration: none;
}
#content {
	clear: both;
	text-align: left;
	padding-top: 10px;
}
#content h1 {
	font-size: 120%;
	font-weight: bold;
}
#content h2 {
	font-size: 110%;
	font-weight: bold;
}
#content a {
	text-decoration: none;
}
#content pre {
	background-color: #dbdbdb;
	padding: 5px 5px 5px 5px;
	white-space: pre-wrap;		/* css-3 */
	white-space: -moz-pre-wrap;	/* Mozilla, since 1999 */
	white-space: -pre-wrap;		/* Opera 4-6 */
	white-space: -o-pre-wrap;	/* Opera 7 */
	word-wrap: break-word;		/* Internet Explorer 5.5+ */
}
#content table {
	border-collapse: collapse;
}
#content table th {
	border: 1px solid #dbdbdb;
	font-size: 85%;
	white-space: nowrap;
}
#content table td {
	border: 1px solid #dbdbdb;
	font-size: 80%;
}
#content input {
	font-size: 1em;
}
#content .full	{ width: 100%; }
#content .left	{ text-align: left; }
#content .right	{ text-align: right; }
#content .center { text-align: center; }
#content .flexbox {
	display: -ms-flex;
	display: -webkit-flex;
	display: flex;
	width: 100%;
}
#content .left_col {
	min-width: 75px;
	max-width: 50%;
	flex-grow: 0;
}
#content .right_col {
	flex-grow: 1;
	margin-left: 10px;
	padding-top: 10px;
	padding-left: 10px;
}
#col {
	-moz-column-count: 3;
	-webkit-column-count: 3;
	column-count: 3;
}
</style>
</head>
<body>

<div id="header">
<strong><em>NYC*</em><span class="logo_bug">BUG</span> dmesgd</strong>
</div><!-- header -->

<div id="menu">
<ul>
<li><a href="https://dmesgd.nycbug.org/index.cgi?do=index">Home</a></li>
<li><a href="https://dmesgd.nycbug.org/index.cgi?do=submit">Submit</a></li>
<li><a href="https://www.nycbug.org/">NYC*BUG</a></li>
</ul>
</div><!-- menu -->

<div id="content">

<p>
Launched in 2004, dmesgd aims to provide a
<strong>user-submitted</strong> repository of searchable *BSD dmesgs.
The dmesg(8) command displays the system message buffer's content, and
during boot a copy is saved to <em>/var/run/dmesg.boot</em>.  This buffer
contains the operating system release, name and version, a list of
devices identified, plus a whole host of other useful information.  We
hope others find this resource useful and further contribute to its
growth. Contact us at [ admin at lists dot nycbug dot org ].
</p>

<hr />


<strong>Date:</strong> <em>2016-01-04 00:17:30</em><br />
<strong>From:</strong> <em>fred</em><br />
<strong>Description:</strong> <em>Apple MacMini</em><br />

<pre>
OpenBSD 5.8 (GENERIC.MP) #1229: Wed Aug  5 08:08:22 MDT 2015
    xxx@xxx.xxx:/usr/src/sys/arch/amd64/compile/GENERIC.MP
real mem = 2097958912 (2000MB)
avail mem = 2030542848 (1936MB)
mpath0 at root
scsibus0 at mpath0: 256 targets
mainbus0 at root
bios0 at mainbus0: SMBIOS rev. 2.4 @ 0xe0000 (38 entries)
bios0: vendor Apple Inc. version &quot;MM21.88Z.009A.B00.0706281359&quot; date 06/28/07
bios0: Apple Inc. Macmini2,1
acpi0 at bios0: rev 2
acpi0: sleep states S0 S3 S4 S5
acpi0: tables DSDT FACP HPET APIC MCFG ASF! SBST ECDT SSDT SSDT SSDT
acpi0: wakeup devices PXS1(S4) PXS2(S4) USB1(S3) USB2(S3) USB3(S3) USB4(S3) USB7(S3)
acpitimer0 at acpi0: 3579545 Hz, 24 bits
acpihpet0 at acpi0: 14318179 Hz
acpimadt0 at acpi0 addr 0xfee00000: PC-AT compat
cpu0 at mainbus0: apid 0 (boot processor)
cpu0: Intel(R) Core(TM)2 CPU T5600 @ 1.83GHz, 1833.61 MHz
cpu0: FPU,VME,DE,PSE,TSC,MSR,PAE,MCE,CX8,APIC,SEP,MTRR,PGE,MCA,CMOV,PAT,PSE36,CFLUSH,DS,ACPI,MMX,FXSR,SSE,SSE2,SS,HTT,TM,PBE,SSE3,DTES64,MWAIT,DS-CPL,VMX,EST,TM2,SSSE3,CX16,xTPR,PDCM,NXE,LONG,LAHF,PERF,SENSOR
cpu0: 2MB 64b/line 8-way L2 cache
cpu0: smt 0, core 0, package 0
mtrr: Pentium Pro MTRR support, 8 var ranges, 88 fixed ranges
cpu0: apic clock running at 166MHz
cpu0: mwait min=64, max=64, C-substates=0.2.2.2.2, IBE
cpu1 at mainbus0: apid 1 (application processor)
cpu1: Intel(R) Core(TM)2 CPU T5600 @ 1.83GHz, 1833.29 MHz
cpu1: FPU,VME,DE,PSE,TSC,MSR,PAE,MCE,CX8,APIC,SEP,MTRR,PGE,MCA,CMOV,PAT,PSE36,CFLUSH,DS,ACPI,MMX,FXSR,SSE,SSE2,SS,HTT,TM,PBE,SSE3,DTES64,MWAIT,DS-CPL,VMX,EST,TM2,SSSE3,CX16,xTPR,PDCM,NXE,LONG,LAHF,PERF,SENSOR
cpu1: 2MB 64b/line 8-way L2 cache
cpu1: smt 0, core 1, package 0
ioapic0 at mainbus0: apid 1 pa 0xfec00000, version 20, 24 pins
ioapic0: misconfigured as apic 0, remapped to apid 1
acpimcfg0 at acpi0 addr 0xe0000000, bus 0-255
acpiec0 at acpi0
acpiprt0 at acpi0: bus 0 (PCI0)
acpiprt1 at acpi0: bus 1 (RP01)
acpiprt2 at acpi0: bus 2 (RP02)
acpiprt3 at acpi0: bus 3 (PCIB)
acpicpu0 at acpi0: !C2(500@1 mwait@0x10), C1(1000@1 mwait), PSS
acpicpu1 at acpi0: !C2(500@1 mwait@0x10), C1(1000@1 mwait), PSS
acpibtn0 at acpi0: PWRB
acpivideo0 at acpi0: GFX0
cpu0: Enhanced SpeedStep 1833 MHz: speeds: 1833, 1667, 1500, 1333, 1000 MHz
memory map conflict 0xe00f8000/0x1000
memory map conflict 0xfed1c000/0x4000
memory map conflict 0xfffb0000/0x30000
pci0 at mainbus0 bus 0
pchb0 at pci0 dev 0 function 0 &quot;Intel 82945GM Host&quot; rev 0x03
vga1 at pci0 dev 2 function 0 &quot;Intel 82945GM Video&quot; rev 0x03
intagp0 at vga1
agp0 at intagp0: aperture at 0x80000000, size 0x10000000
inteldrm0 at vga1
drm0 at inteldrm0
inteldrm0: 1920x1080
wsdisplay0 at vga1 mux 1: console (std, vt100 emulation)
wsdisplay0: screen 1-5 added (std, vt100 emulation)
vendor &quot;Intel&quot;, unknown product 0x27a3 (class DASP subclass Time and Frequency, rev 0x03) at pci0 dev 7 function 0 not configured
azalia0 at pci0 dev 27 function 0 &quot;Intel 82801GB HD Audio&quot; rev 0x02: msi
azalia0: codecs: Sigmatel STAC9220/1
audio0 at azalia0
ppb0 at pci0 dev 28 function 0 &quot;Intel 82801GB PCIE&quot; rev 0x02: msi
pci1 at ppb0 bus 1
mskc0 at pci1 dev 0 function 0 &quot;Marvell Yukon 88E8053&quot; rev 0x22, Yukon-2 EC rev. A3 (0x2): apic 1 int 16
msk0 at mskc0 port A: address xx:xx:xx:xx:xx:xx
eephy0 at msk0 phy 0: 88E1111 Gigabit PHY, rev. 2
ppb1 at pci0 dev 28 function 1 &quot;Intel 82801GB PCIE&quot; rev 0x02: msi
pci2 at ppb1 bus 2
ath0 at pci2 dev 0 function 0 &quot;Atheros AR5424&quot; rev 0x01: apic 1 int 17
ath0: AR5424 10.3 phy 6.1 rf 10.2 eeprom 5.3, WOR5_ETSIC, address xx:xx:xx:xx:xx:xx
uhci0 at pci0 dev 29 function 0 &quot;Intel 82801GB USB&quot; rev 0x02: apic 1 int 21
uhci1 at pci0 dev 29 function 1 &quot;Intel 82801GB USB&quot; rev 0x02: apic 1 int 19
uhci2 at pci0 dev 29 function 2 &quot;Intel 82801GB USB&quot; rev 0x02: apic 1 int 18
uhci3 at pci0 dev 29 function 3 &quot;Intel 82801GB USB&quot; rev 0x02: apic 1 int 16
ehci0 at pci0 dev 29 function 7 &quot;Intel 82801GB USB&quot; rev 0x02: apic 1 int 21
usb0 at ehci0: USB revision 2.0
uhub0 at usb0 &quot;Intel EHCI root hub&quot; rev 2.00/1.00 addr 1
ppb2 at pci0 dev 30 function 0 &quot;Intel 82801BAM Hub-to-PCI&quot; rev 0xe2
pci3 at ppb2 bus 3
&quot;AT&amp;T/Lucent FW322 1394&quot; rev 0x61 at pci3 dev 3 function 0 not configured
pcib0 at pci0 dev 31 function 0 &quot;Intel 82801GBM LPC&quot; rev 0x02
pciide0 at pci0 dev 31 function 1 &quot;Intel 82801GB IDE&quot; rev 0x02: DMA, channel 0 configured to compatibility, channel 1 configured to compatibility
atapiscsi0 at pciide0 channel 0 drive 0
scsibus1 at atapiscsi0: 2 targets
cd0 at scsibus1 targ 0 lun 0: &lt;MATSHITA, CD-RW CW-8124, DACK&gt; ATAPI 5/cdrom removable
cd0(pciide0:0:0): using PIO mode 4, Ultra-DMA mode 2
pciide0: channel 1 disabled (no drives)
pciide1 at pci0 dev 31 function 2 &quot;Intel 82801GBM SATA&quot; rev 0x02: DMA, channel 0 configured to native-PCI, channel 1 configured to native-PCI
pciide1: using apic 1 int 19 for native-PCI interrupt
wd0 at pciide1 channel 0 drive 1: &lt;Hitachi HTS542580K9SA00&gt;
wd0: 16-sector PIO, LBA48, 76319MB, 156301488 sectors
wd0(pciide1:0:1): using PIO mode 4, Ultra-DMA mode 6
ichiic0 at pci0 dev 31 function 3 &quot;Intel 82801GB SMBus&quot; rev 0x02: apic 1 int 19
iic0 at ichiic0
spdmem0 at iic0 addr 0x50: 1GB DDR2 SDRAM non-parity PC2-5300CL5 SO-DIMM
spdmem1 at iic0 addr 0x52: 1GB DDR2 SDRAM non-parity PC2-5300CL5 SO-DIMM
usb1 at uhci0: USB revision 1.0
uhub1 at usb1 &quot;Intel UHCI root hub&quot; rev 1.00/1.00 addr 1
usb2 at uhci1: USB revision 1.0
uhub2 at usb2 &quot;Intel UHCI root hub&quot; rev 1.00/1.00 addr 1
usb3 at uhci2: USB revision 1.0
uhub3 at usb3 &quot;Intel UHCI root hub&quot; rev 1.00/1.00 addr 1
usb4 at uhci3: USB revision 1.0
uhub4 at usb4 &quot;Intel UHCI root hub&quot; rev 1.00/1.00 addr 1
isa0 at pcib0
isadma0 at isa0
pcppi0 at isa0 port 0x61
spkr0 at pcppi0
uhidev0 at uhub1 port 1 configuration 1 interface 0 &quot; USB Keyboard&quot; rev 1.10/4.03 addr 2
uhidev0: iclass 3/1
ukbd0 at uhidev0: 8 variable keys, 6 key codes
wskbd0 at ukbd0: console keyboard, using wsdisplay0
uhidev1 at uhub1 port 1 configuration 1 interface 1 &quot; USB Keyboard&quot; rev 1.10/4.03 addr 2
uhidev1: iclass 3/0, 2 report ids
uhid0 at uhidev1 reportid 1: input=1, output=0, feature=0
uhid1 at uhidev1 reportid 2: input=3, output=0, feature=0
uhidev2 at uhub4 port 1 configuration 1 interface 0 &quot;Apple Computer HID-proxy&quot; rev 2.00/19.65 addr 2
uhidev2: iclass 3/1
ukbd1 at uhidev2: 8 variable keys, 6 key codes
wskbd1 at ukbd1 mux 1
wskbd1: connecting to wsdisplay0
uhidev3 at uhub4 port 1 configuration 1 interface 1 &quot;Apple Computer HID-proxy&quot; rev 2.00/19.65 addr 2
uhidev3: iclass 3/1
ums0 at uhidev3: 5 buttons
wsmouse0 at ums0 mux 0
uhidev4 at uhub4 port 2 configuration 1 interface 0 &quot;Apple Computer, Inc. IR Receiver&quot; rev 2.00/1.10 addr 3
uhidev4: iclass 3/0, 38 report ids
uhid2 at uhidev4 reportid 36: input=4, output=0, feature=0
uhid3 at uhidev4 reportid 37: input=4, output=0, feature=0
uhid4 at uhidev4 reportid 38: input=4, output=0, feature=0
vscsi0 at root
scsibus2 at vscsi0: 256 targets
softraid0 at root
scsibus3 at softraid0: 256 targets
root on wd0a (ac26f467cedf0c1b.a) swap on wd0b dump on wd0b
</pre>



</div><!-- content -->
<br />
<div id="footer">
All comments/news/posts are the property of their individual owner and
is presented without warranty of suitability, and solely as an
informational resource. <br />
This site Copyright &copy; 2004-2020 NYC*BUG.
</div><!-- footer -->

</body>
</html>

