



<!doctype html>
<html lang="en">
<head>
<meta name="keywords"
	content="bsd, freebsd, openbsd, netbsd, dragonflybsd, nycbug, dmesgd" />
<meta name="description" content="New York City BSD User Group dmesgd" />
<meta charset="utf-8" />
<meta name="viewport" content="width=device-width, initial-scale=1" />
<title>NYC*BUG dmesgd</title>
<style>
body {
	text-align: left;
	margin: 15px auto;
	padding: 0px 10px;
}
@media (min-width: 800px) {
	body {
		max-width: 85%;
	}
}
#header {
	border-bottom: 1px solid #dbdbdb;
	font-size: 230%;
	text-align: left;
}
#footer {
	border-top: 1px solid #dbdbdb;
	clear: both;
	text-align: left;
}
.logo_bug {
	color: #cc0033;
}
#menu ul {
	list-style-type: none;
	margin: 0;
	padding: 0;
}
#menu li {
	float: left;
}
#menu li a {
	display: block;
	background-color: #dbdbdb;
	color: #000000;
	font-size: 105%;
	font-weight: bold;
	padding: 0px 6px 0px 6px;
	text-decoration: none;
}
#content {
	clear: both;
	text-align: left;
	padding-top: 10px;
}
#content h1 {
	font-size: 120%;
	font-weight: bold;
}
#content h2 {
	font-size: 110%;
	font-weight: bold;
}
#content a {
	text-decoration: none;
}
#content pre {
	background-color: #dbdbdb;
	padding: 5px 5px 5px 5px;
	white-space: pre-wrap;		/* css-3 */
	white-space: -moz-pre-wrap;	/* Mozilla, since 1999 */
	white-space: -pre-wrap;		/* Opera 4-6 */
	white-space: -o-pre-wrap;	/* Opera 7 */
	word-wrap: break-word;		/* Internet Explorer 5.5+ */
}
#content table {
	border-collapse: collapse;
}
#content table th {
	border: 1px solid #dbdbdb;
	font-size: 85%;
	white-space: nowrap;
}
#content table td {
	border: 1px solid #dbdbdb;
	font-size: 80%;
}
#content input {
	font-size: 1em;
}
#content .full	{ width: 100%; }
#content .left	{ text-align: left; }
#content .right	{ text-align: right; }
#content .center { text-align: center; }
#content .flexbox {
	display: -ms-flex;
	display: -webkit-flex;
	display: flex;
	width: 100%;
}
#content .left_col {
	min-width: 75px;
	max-width: 50%;
	flex-grow: 0;
}
#content .right_col {
	flex-grow: 1;
	margin-left: 10px;
	padding-top: 10px;
	padding-left: 10px;
}
#col {
	-moz-column-count: 3;
	-webkit-column-count: 3;
	column-count: 3;
}
</style>
</head>
<body>

<div id="header">
<strong><em>NYC*</em><span class="logo_bug">BUG</span> dmesgd</strong>
</div><!-- header -->

<div id="menu">
<ul>
<li><a href="https://dmesgd.nycbug.org/index.cgi?do=index">Home</a></li>
<li><a href="https://dmesgd.nycbug.org/index.cgi?do=submit">Submit</a></li>
<li><a href="https://www.nycbug.org/">NYC*BUG</a></li>
</ul>
</div><!-- menu -->

<div id="content">

<p>
Launched in 2004, dmesgd aims to provide a
<strong>user-submitted</strong> repository of searchable *BSD dmesgs.
The dmesg(8) command displays the system message buffer's content, and
during boot a copy is saved to <em>/var/run/dmesg.boot</em>.  This buffer
contains the operating system release, name and version, a list of
devices identified, plus a whole host of other useful information.  We
hope others find this resource useful and further contribute to its
growth. Contact us at [ admin at lists dot nycbug dot org ].
</p>

<hr />


<strong>Date:</strong> <em>2016-01-25 00:24:33</em><br />
<strong>From:</strong> <em>Jonathon</em><br />
<strong>Description:</strong> <em>OpenBSD-CURRENT 24Jan2016 - t2.nano</em><br />

<pre>
booting hd0a:/bsd: 6873908+2172752+267272+0+647168 [72+577416+384431]=0xa6d000
entry point at 0x1001000 [7205c766, 34000004, 24448b12, e060a304]
[ using 962560 bytes of bsd ELF symbol table ]
Copyright (c) 1982, 1986, 1989, 1991, 1993
    The Regents of the University of California.  All rights reserved.
Copyright (c) 1995-2016 OpenBSD. All rights reserved.  http://www.OpenBSD.org

OpenBSD 5.9-beta (GENERIC.MP) #1: Sun Jan 24 21:19:26 UTC 2016
    xxx@xxx.xxx:/usr/src/sys/arch/amd64/compile/GENERIC.MP
real mem = 520093696 (496MB)
avail mem = 500199424 (477MB)
mpath0 at root
scsibus0 at mpath0: 256 targets
mainbus0 at root
bios0 at mainbus0: SMBIOS rev. 2.4 @ 0xeb01f (11 entries)
bios0: vendor Xen version &quot;4.2.amazon&quot; date 12/07/2015
bios0: Xen HVM domU
acpi0 at bios0: rev 2
acpi0: sleep states S3 S4 S5
acpi0: tables DSDT FACP APIC HPET WAET SSDT SSDT
acpi0: wakeup devices
acpitimer0 at acpi0: 3579545 Hz, 32 bits
acpimadt0 at acpi0 addr 0xfee00000: PC-AT compat
ioapic0 at mainbus0: apid 1 pa 0xfec00000, version 11, 48 pins
ioapic0: misconfigured as apic 0, remapped to apid 1
cpu0 at mainbus0: apid 0 (boot processor)
cpu0: Intel(R) Xeon(R) CPU E5-2676 v3 @ 2.40GHz, 2400.32 MHz
cpu0: FPU,VME,DE,PSE,TSC,MSR,PAE,MCE,CX8,APIC,SEP,MTRR,PGE,MCA,CMOV,PAT,PSE36,CFLUSH,MMX,FXSR,SSE,SSE2,HTT,SSE3,PCLMUL,SSSE3,FMA3,CX16,PCID,SSE4.1,SSE4.2,MOVBE,POPCNT,DEADLINE,AES,XSAVE,AVX,F16C,RDRAND,HV,NXE,LONG,LAHF,ABM,FSGSBASE,BMI1,AVX2,SMEP,BMI2,ERMS,INVPCID
cpu0: 256KB 64b/line 8-way L2 cache
cpu0: smt 0, core 0, package 0
mtrr: Pentium Pro MTRR support, 8 var ranges, 88 fixed ranges
cpu0: apic clock running at 100MHz
acpihpet0 at acpi0: 62500000 Hz
acpiprt0 at acpi0: bus 0 (PCI0)
acpicpu0 at acpi0: C1(@1 halt!)
pvbus0 at mainbus0: Xen 4.2
xen0 at pvbus0: features 0x705, 32 grant table frames, event channel 3
&quot;vfb&quot; at xen0: device/vfb/0 not configured
&quot;vbd&quot; at xen0: device/vbd/768 not configured
xnf0 at xen0: event channel 5, address xx:xx:xx:xx:xx:xx
&quot;console&quot; at xen0: device/console/0 not configured
pci0 at mainbus0 bus 0
pchb0 at pci0 dev 0 function 0 &quot;Intel 82441FX&quot; rev 0x02
pcib0 at pci0 dev 1 function 0 &quot;Intel 82371SB ISA&quot; rev 0x00
pciide0 at pci0 dev 1 function 1 &quot;Intel 82371SB IDE&quot; rev 0x00: DMA, channel 0 wired to compatibility, channel 1 wired to compatibility
wd0 at pciide0 channel 0 drive 0: &lt;QEMU HARDDISK&gt;
wd0: 16-sector PIO, LBA48, 10240MB, 20971520 sectors
wd0(pciide0:0:0): using PIO mode 0, DMA mode 2
pciide0: channel 1 disabled (no drives)
piixpm0 at pci0 dev 1 function 3 &quot;Intel 82371AB Power&quot; rev 0x01: SMBus disabled
vga1 at pci0 dev 2 function 0 &quot;Cirrus Logic CL-GD5446&quot; rev 0x00
wsdisplay0 at vga1 mux 1: console (80x25, vt100 emulation)
wsdisplay0: screen 1-5 added (80x25, vt100 emulation)
xspd0 at pci0 dev 3 function 0 &quot;XenSource Platform Device&quot; rev 0x01
isa0 at pcib0
isadma0 at isa0
fdc0 at isa0 port 0x3f0/6 irq 6 drq 2
fd0 at fdc0 drive 0: density unknown
fd1 at fdc0 drive 1: density unknown
com0 at isa0 port 0x3f8/8 irq 4: ns16550a, 16 byte fifo
com0: console
pckbc0 at isa0 port 0x60/5 irq 1 irq 12
pckbd0 at pckbc0 (kbd slot)
wskbd0 at pckbd0: console keyboard, using wsdisplay0
pms0 at pckbc0 (aux slot)
wsmouse0 at pms0 mux 0
pcppi0 at isa0 port 0x61
spkr0 at pcppi0
nvram: invalid checksum
vscsi0 at root
scsibus1 at vscsi0: 256 targets
softraid0 at root
scsibus2 at softraid0: 256 targets
root on wd0a (58b965511bde9f5f.a) swap on wd0b dump on wd0b
</pre>



</div><!-- content -->
<br />
<div id="footer">
All comments/news/posts are the property of their individual owner and
is presented without warranty of suitability, and solely as an
informational resource. <br />
This site Copyright &copy; 2004-2020 NYC*BUG.
</div><!-- footer -->

</body>
</html>

