



<!doctype html>
<html lang="en">
<head>
<meta name="keywords"
	content="bsd, freebsd, openbsd, netbsd, dragonflybsd, nycbug, dmesgd" />
<meta name="description" content="New York City BSD User Group dmesgd" />
<meta charset="utf-8" />
<meta name="viewport" content="width=device-width, initial-scale=1" />
<title>NYC*BUG dmesgd</title>
<style>
body {
	text-align: left;
	margin: 15px auto;
	padding: 0px 10px;
}
@media (min-width: 800px) {
	body {
		max-width: 85%;
	}
}
#header {
	border-bottom: 1px solid #dbdbdb;
	font-size: 230%;
	text-align: left;
}
#footer {
	border-top: 1px solid #dbdbdb;
	clear: both;
	text-align: left;
}
.logo_bug {
	color: #cc0033;
}
#menu ul {
	list-style-type: none;
	margin: 0;
	padding: 0;
}
#menu li {
	float: left;
}
#menu li a {
	display: block;
	background-color: #dbdbdb;
	color: #000000;
	font-size: 105%;
	font-weight: bold;
	padding: 0px 6px 0px 6px;
	text-decoration: none;
}
#content {
	clear: both;
	text-align: left;
	padding-top: 10px;
}
#content h1 {
	font-size: 120%;
	font-weight: bold;
}
#content h2 {
	font-size: 110%;
	font-weight: bold;
}
#content a {
	text-decoration: none;
}
#content pre {
	background-color: #dbdbdb;
	padding: 5px 5px 5px 5px;
	white-space: pre-wrap;		/* css-3 */
	white-space: -moz-pre-wrap;	/* Mozilla, since 1999 */
	white-space: -pre-wrap;		/* Opera 4-6 */
	white-space: -o-pre-wrap;	/* Opera 7 */
	word-wrap: break-word;		/* Internet Explorer 5.5+ */
}
#content table {
	border-collapse: collapse;
}
#content table th {
	border: 1px solid #dbdbdb;
	font-size: 85%;
	white-space: nowrap;
}
#content table td {
	border: 1px solid #dbdbdb;
	font-size: 80%;
}
#content input {
	font-size: 1em;
}
#content .full	{ width: 100%; }
#content .left	{ text-align: left; }
#content .right	{ text-align: right; }
#content .center { text-align: center; }
#content .flexbox {
	display: -ms-flex;
	display: -webkit-flex;
	display: flex;
	width: 100%;
}
#content .left_col {
	min-width: 75px;
	max-width: 50%;
	flex-grow: 0;
}
#content .right_col {
	flex-grow: 1;
	margin-left: 10px;
	padding-top: 10px;
	padding-left: 10px;
}
#col {
	-moz-column-count: 3;
	-webkit-column-count: 3;
	column-count: 3;
}
</style>
</head>
<body>

<div id="header">
<strong><em>NYC*</em><span class="logo_bug">BUG</span> dmesgd</strong>
</div><!-- header -->

<div id="menu">
<ul>
<li><a href="https://dmesgd.nycbug.org/index.cgi?do=index">Home</a></li>
<li><a href="https://dmesgd.nycbug.org/index.cgi?do=submit">Submit</a></li>
<li><a href="https://www.nycbug.org/">NYC*BUG</a></li>
</ul>
</div><!-- menu -->

<div id="content">

<p>
Launched in 2004, dmesgd aims to provide a
<strong>user-submitted</strong> repository of searchable *BSD dmesgs.
The dmesg(8) command displays the system message buffer's content, and
during boot a copy is saved to <em>/var/run/dmesg.boot</em>.  This buffer
contains the operating system release, name and version, a list of
devices identified, plus a whole host of other useful information.  We
hope others find this resource useful and further contribute to its
growth. Contact us at [ admin at lists dot nycbug dot org ].
</p>

<hr />


<strong>Date:</strong> <em>2016-01-25 00:31:06</em><br />
<strong>From:</strong> <em>Jonathon</em><br />
<strong>Description:</strong> <em>OpenBSD-CURRENT 24Jan2016 - c4.8xlarge</em><br />

<pre>
booting hd0a:/bsd: 6873908+2172752+267272+0+647168 [72+577416]=0xa6d000
entry point at 0x1001000 [7205c766, 34000004, 24448b12, e060a304]
[ using 962560 bytes of bsd ELF symbol table ]
Copyright (c) 1982, 1986, 1989, 1991, 1993
    The Regents of the University of California.  All rights reserved.
Copyright (c) 1995-2016 OpenBSD. All rights reserved.  http://www.OpenBSD.org

OpenBSD 5.9-beta (GENERIC.MP) #1: Sun Jan 24 21:19:26 UTC 2016
    xxx@xxx.xxx:/usr/src/sys/arch/amd64/compile/GENERIC.MP
real mem = 64407728128 (61423MB)
avail mem = 62451548160 (59558MB)
mpath0 at root
scsibus0 at mpath0: 256 targets
mainbus0 at root
bios0 at mainbus0: SMBIOS rev. 2.4 @ 0xeb01f (55 entries)
bios0: vendor Xen version &quot;4.2.amazon&quot; date 12/07/2015
bios0: Xen HVM domU
acpi0 at bios0: rev 2
acpi0: sleep states S3 S4 S5
acpi0: tables DSDT FACP APIC SRAT HPET WAET SSDT SSDT SSDT SSDT
acpi0: wakeup devices
acpitimer0 at acpi0: 3579545 Hz, 32 bits
acpimadt0 at acpi0 addr 0xfee00000: PC-AT compat
ioapic0 at mainbus0: apid 1 pa 0xfec00000, version 11, 48 pins
ioapic0: misconfigured as apic 0, remapped to apid 1
cpu0 at mainbus0: apid 0 (boot processor)
cpu0: Intel(R) Xeon(R) CPU E5-2666 v3 @ 2.90GHz, 2900.42 MHz
cpu0: FPU,VME,DE,PSE,TSC,MSR,PAE,MCE,CX8,APIC,SEP,MTRR,PGE,MCA,CMOV,PAT,PSE36,CFLUSH,MMX,FXSR,SSE,SSE2,HTT,SSE3,PCLMUL,MWAIT,EST,SSSE3,FMA3,CX16,PCID,SSE4.1,SSE4.2,MOVBE,POPCNT,DEADLINE,AES,XSAVE,AVX,F16C,RDRAND,HV,NXE,LONG,LAHF,ABM,ITSC,FSGSBASE,BMI1,AVX2,SMEP,BMI2,ERMS,INVPCID
cpu0: 256KB 64b/line 8-way L2 cache
cpu0: smt 0, core 0, package 0
mtrr: Pentium Pro MTRR support, 8 var ranges, 88 fixed ranges
cpu0: apic clock running at 100MHz
cpu0: mwait min=64, max=64, C-substates=0.2.1.2, IBE
cpu1 at mainbus0: apid 2 (application processor)
cpu1: Intel(R) Xeon(R) CPU E5-2666 v3 @ 2.90GHz, 2900.42 MHz
cpu1: FPU,VME,DE,PSE,TSC,MSR,PAE,MCE,CX8,APIC,SEP,MTRR,PGE,MCA,CMOV,PAT,PSE36,CFLUSH,MMX,FXSR,SSE,SSE2,HTT,SSE3,PCLMUL,MWAIT,EST,SSSE3,FMA3,CX16,PCID,SSE4.1,SSE4.2,MOVBE,POPCNT,DEADLINE,AES,XSAVE,AVX,F16C,RDRAND,HV,NXE,LONG,LAHF,ABM,ITSC,FSGSBASE,BMI1,AVX2,SMEP,BMI2,ERMS,INVPCID
cpu1: 256KB 64b/line 8-way L2 cache
cpu1: smt 2, core 0, package 0
cpu2 at mainbus0: apid 4 (application processor)
cpu2: Intel(R) Xeon(R) CPU E5-2666 v3 @ 2.90GHz, 2900.53 MHz
cpu2: FPU,VME,DE,PSE,TSC,MSR,PAE,MCE,CX8,APIC,SEP,MTRR,PGE,MCA,CMOV,PAT,PSE36,CFLUSH,MMX,FXSR,SSE,SSE2,HTT,SSE3,PCLMUL,MWAIT,EST,SSSE3,FMA3,CX16,PCID,SSE4.1,SSE4.2,MOVBE,POPCNT,DEADLINE,AES,XSAVE,AVX,F16C,RDRAND,HV,NXE,LONG,LAHF,ABM,ITSC,FSGSBASE,BMI1,AVX2,SMEP,BMI2,ERMS,INVPCID
cpu2: 256KB 64b/line 8-way L2 cache
cpu2: smt 4, core 0, package 0
cpu3 at mainbus0: apid 6 (application processor)
cpu3: Intel(R) Xeon(R) CPU E5-2666 v3 @ 2.90GHz, 2900.68 MHz
cpu3: FPU,VME,DE,PSE,TSC,MSR,PAE,MCE,CX8,APIC,SEP,MTRR,PGE,MCA,CMOV,PAT,PSE36,CFLUSH,MMX,FXSR,SSE,SSE2,HTT,SSE3,PCLMUL,MWAIT,EST,SSSE3,FMA3,CX16,PCID,SSE4.1,SSE4.2,MOVBE,POPCNT,DEADLINE,AES,XSAVE,AVX,F16C,RDRAND,HV,NXE,LONG,LAHF,ABM,ITSC,FSGSBASE,BMI1,AVX2,SMEP,BMI2,ERMS,INVPCID
cpu3: 256KB 64b/line 8-way L2 cache
cpu3: smt 6, core 0, package 0
cpu4 at mainbus0: apid 8 (application processor)
cpu4: Intel(R) Xeon(R) CPU E5-2666 v3 @ 2.90GHz, 2900.86 MHz
cpu4: FPU,VME,DE,PSE,TSC,MSR,PAE,MCE,CX8,APIC,SEP,MTRR,PGE,MCA,CMOV,PAT,PSE36,CFLUSH,MMX,FXSR,SSE,SSE2,HTT,SSE3,PCLMUL,MWAIT,EST,SSSE3,FMA3,CX16,PCID,SSE4.1,SSE4.2,MOVBE,POPCNT,DEADLINE,AES,XSAVE,AVX,F16C,RDRAND,HV,NXE,LONG,LAHF,ABM,ITSC,FSGSBASE,BMI1,AVX2,SMEP,BMI2,ERMS,INVPCID
cpu4: 256KB 64b/line 8-way L2 cache
cpu4: smt 8, core 0, package 0
cpu5 at mainbus0: apid 10 (application processor)
cpu5: Intel(R) Xeon(R) CPU E5-2666 v3 @ 2.90GHz, 2899.90 MHz
cpu5: FPU,VME,DE,PSE,TSC,MSR,PAE,MCE,CX8,APIC,SEP,MTRR,PGE,MCA,CMOV,PAT,PSE36,CFLUSH,MMX,FXSR,SSE,SSE2,HTT,SSE3,PCLMUL,MWAIT,EST,SSSE3,FMA3,CX16,PCID,SSE4.1,SSE4.2,MOVBE,POPCNT,DEADLINE,AES,XSAVE,AVX,F16C,RDRAND,HV,NXE,LONG,LAHF,ABM,ITSC,FSGSBASE,BMI1,AVX2,SMEP,BMI2,ERMS,INVPCID
cpu5: 256KB 64b/line 8-way L2 cache
cpu5: smt 10, core 0, package 0
cpu6 at mainbus0: apid 12 (application processor)
cpu6: Intel(R) Xeon(R) CPU E5-2666 v3 @ 2.90GHz, 2901.26 MHz
cpu6: FPU,VME,DE,PSE,TSC,MSR,PAE,MCE,CX8,APIC,SEP,MTRR,PGE,MCA,CMOV,PAT,PSE36,CFLUSH,MMX,FXSR,SSE,SSE2,HTT,SSE3,PCLMUL,MWAIT,EST,SSSE3,FMA3,CX16,PCID,SSE4.1,SSE4.2,MOVBE,POPCNT,DEADLINE,AES,XSAVE,AVX,F16C,RDRAND,HV,NXE,LONG,LAHF,ABM,ITSC,FSGSBASE,BMI1,AVX2,SMEP,BMI2,ERMS,INVPCID
cpu6: 256KB 64b/line 8-way L2 cache
cpu6: smt 12, core 0, package 0
cpu7 at mainbus0: apid 14 (application processor)
cpu7: Intel(R) Xeon(R) CPU E5-2666 v3 @ 2.90GHz, 2901.61 MHz
cpu7: FPU,VME,DE,PSE,TSC,MSR,PAE,MCE,CX8,APIC,SEP,MTRR,PGE,MCA,CMOV,PAT,PSE36,CFLUSH,MMX,FXSR,SSE,SSE2,HTT,SSE3,PCLMUL,MWAIT,EST,SSSE3,FMA3,CX16,PCID,SSE4.1,SSE4.2,MOVBE,POPCNT,DEADLINE,AES,XSAVE,AVX,F16C,RDRAND,HV,NXE,LONG,LAHF,ABM,ITSC,FSGSBASE,BMI1,AVX2,SMEP,BMI2,ERMS,INVPCID
cpu7: 256KB 64b/line 8-way L2 cache
cpu7: smt 14, core 0, package 0
cpu8 at mainbus0: apid 16 (application processor)
cpu8: Intel(R) Xeon(R) CPU E5-2666 v3 @ 2.90GHz, 2901.51 MHz
cpu8: FPU,VME,DE,PSE,TSC,MSR,PAE,MCE,CX8,APIC,SEP,MTRR,PGE,MCA,CMOV,PAT,PSE36,CFLUSH,MMX,FXSR,SSE,SSE2,HTT,SSE3,PCLMUL,MWAIT,EST,SSSE3,FMA3,CX16,PCID,SSE4.1,SSE4.2,MOVBE,POPCNT,DEADLINE,AES,XSAVE,AVX,F16C,RDRAND,HV,NXE,LONG,LAHF,ABM,ITSC,FSGSBASE,BMI1,AVX2,SMEP,BMI2,ERMS,INVPCID
cpu8: 256KB 64b/line 8-way L2 cache
cpu8: smt 0, core 1, package 0
cpu9 at mainbus0: apid 32 (application processor)
cpu9: Intel(R) Xeon(R) CPU E5-2666 v3 @ 2.90GHz, 2900.61 MHz
cpu9: FPU,VME,DE,PSE,TSC,MSR,PAE,MCE,CX8,APIC,SEP,MTRR,PGE,MCA,CMOV,PAT,PSE36,CFLUSH,MMX,FXSR,SSE,SSE2,HTT,SSE3,PCLMUL,MWAIT,EST,SSSE3,FMA3,CX16,PCID,SSE4.1,SSE4.2,MOVBE,POPCNT,DEADLINE,AES,XSAVE,AVX,F16C,RDRAND,HV,NXE,LONG,LAHF,ABM,ITSC,FSGSBASE,BMI1,AVX2,SMEP,BMI2,ERMS,INVPCID
cpu9: 256KB 64b/line 8-way L2 cache
cpu9: smt 0, core 2, package 0
cpu10 at mainbus0: apid 34 (application processor)
cpu10: Intel(R) Xeon(R) CPU E5-2666 v3 @ 2.90GHz, 2900.97 MHz
cpu10: FPU,VME,DE,PSE,TSC,MSR,PAE,MCE,CX8,APIC,SEP,MTRR,PGE,MCA,CMOV,PAT,PSE36,CFLUSH,MMX,FXSR,SSE,SSE2,HTT,SSE3,PCLMUL,MWAIT,EST,SSSE3,FMA3,CX16,PCID,SSE4.1,SSE4.2,MOVBE,POPCNT,DEADLINE,AES,XSAVE,AVX,F16C,RDRAND,HV,NXE,LONG,LAHF,ABM,ITSC,FSGSBASE,BMI1,AVX2,SMEP,BMI2,ERMS,INVPCID
cpu10: 256KB 64b/line 8-way L2 cache
cpu10: smt 2, core 2, package 0
cpu11 at mainbus0: apid 36 (application processor)
cpu11: Intel(R) Xeon(R) CPU E5-2666 v3 @ 2.90GHz, 2901.67 MHz
cpu11: FPU,VME,DE,PSE,TSC,MSR,PAE,MCE,CX8,APIC,SEP,MTRR,PGE,MCA,CMOV,PAT,PSE36,CFLUSH,MMX,FXSR,SSE,SSE2,HTT,SSE3,PCLMUL,MWAIT,EST,SSSE3,FMA3,CX16,PCID,SSE4.1,SSE4.2,MOVBE,POPCNT,DEADLINE,AES,XSAVE,AVX,F16C,RDRAND,HV,NXE,LONG,LAHF,ABM,ITSC,FSGSBASE,BMI1,AVX2,SMEP,BMI2,ERMS,INVPCID
cpu11: 256KB 64b/line 8-way L2 cache
cpu11: smt 4, core 2, package 0
cpu12 at mainbus0: apid 38 (application processor)
cpu12: Intel(R) Xeon(R) CPU E5-2666 v3 @ 2.90GHz, 2901.76 MHz
cpu12: FPU,VME,DE,PSE,TSC,MSR,PAE,MCE,CX8,APIC,SEP,MTRR,PGE,MCA,CMOV,PAT,PSE36,CFLUSH,MMX,FXSR,SSE,SSE2,HTT,SSE3,PCLMUL,MWAIT,EST,SSSE3,FMA3,CX16,PCID,SSE4.1,SSE4.2,MOVBE,POPCNT,DEADLINE,AES,XSAVE,AVX,F16C,RDRAND,HV,NXE,LONG,LAHF,ABM,ITSC,FSGSBASE,BMI1,AVX2,SMEP,BMI2,ERMS,INVPCID
cpu12: 256KB 64b/line 8-way L2 cache
cpu12: smt 6, core 2, package 0
cpu13 at mainbus0: apid 40 (application processor)
cpu13: Intel(R) Xeon(R) CPU E5-2666 v3 @ 2.90GHz, 2903.60 MHz
cpu13: FPU,VME,DE,PSE,TSC,MSR,PAE,MCE,CX8,APIC,SEP,MTRR,PGE,MCA,CMOV,PAT,PSE36,CFLUSH,MMX,FXSR,SSE,SSE2,HTT,SSE3,PCLMUL,MWAIT,EST,SSSE3,FMA3,CX16,PCID,SSE4.1,SSE4.2,MOVBE,POPCNT,DEADLINE,AES,XSAVE,AVX,F16C,RDRAND,HV,NXE,LONG,LAHF,ABM,ITSC,FSGSBASE,BMI1,AVX2,SMEP,BMI2,ERMS,INVPCID
cpu13: 256KB 64b/line 8-way L2 cache
cpu13: smt 8, core 2, package 0
cpu14 at mainbus0: apid 42 (application processor)
cpu14: Intel(R) Xeon(R) CPU E5-2666 v3 @ 2.90GHz, 2903.29 MHz
cpu14: FPU,VME,DE,PSE,TSC,MSR,PAE,MCE,CX8,APIC,SEP,MTRR,PGE,MCA,CMOV,PAT,PSE36,CFLUSH,MMX,FXSR,SSE,SSE2,HTT,SSE3,PCLMUL,MWAIT,EST,SSSE3,FMA3,CX16,PCID,SSE4.1,SSE4.2,MOVBE,POPCNT,DEADLINE,AES,XSAVE,AVX,F16C,RDRAND,HV,NXE,LONG,LAHF,ABM,ITSC,FSGSBASE,BMI1,AVX2,SMEP,BMI2,ERMS,INVPCID
cpu14: 256KB 64b/line 8-way L2 cache
cpu14: smt 10, core 2, package 0
cpu15 at mainbus0: apid 44 (application processor)
cpu15: Intel(R) Xeon(R) CPU E5-2666 v3 @ 2.90GHz, 2904.00 MHz
cpu15: FPU,VME,DE,PSE,TSC,MSR,PAE,MCE,CX8,APIC,SEP,MTRR,PGE,MCA,CMOV,PAT,PSE36,CFLUSH,MMX,FXSR,SSE,SSE2,HTT,SSE3,PCLMUL,MWAIT,EST,SSSE3,FMA3,CX16,PCID,SSE4.1,SSE4.2,MOVBE,POPCNT,DEADLINE,AES,XSAVE,AVX,F16C,RDRAND,HV,NXE,LONG,LAHF,ABM,ITSC,FSGSBASE,BMI1,AVX2,SMEP,BMI2,ERMS,INVPCID
cpu15: 256KB 64b/line 8-way L2 cache
cpu15: smt 12, core 2, package 0
cpu16 at mainbus0: apid 46 (application processor)
cpu16: Intel(R) Xeon(R) CPU E5-2666 v3 @ 2.90GHz, 2904.55 MHz
cpu16: FPU,VME,DE,PSE,TSC,MSR,PAE,MCE,CX8,APIC,SEP,MTRR,PGE,MCA,CMOV,PAT,PSE36,CFLUSH,MMX,FXSR,SSE,SSE2,HTT,SSE3,PCLMUL,MWAIT,EST,SSSE3,FMA3,CX16,PCID,SSE4.1,SSE4.2,MOVBE,POPCNT,DEADLINE,AES,XSAVE,AVX,F16C,RDRAND,HV,NXE,LONG,LAHF,ABM,ITSC,FSGSBASE,BMI1,AVX2,SMEP,BMI2,ERMS,INVPCID
cpu16: 256KB 64b/line 8-way L2 cache
cpu16: smt 14, core 2, package 0
cpu17 at mainbus0: apid 48 (application processor)
cpu17: Intel(R) Xeon(R) CPU E5-2666 v3 @ 2.90GHz, 2906.29 MHz
cpu17: FPU,VME,DE,PSE,TSC,MSR,PAE,MCE,CX8,APIC,SEP,MTRR,PGE,MCA,CMOV,PAT,PSE36,CFLUSH,MMX,FXSR,SSE,SSE2,HTT,SSE3,PCLMUL,MWAIT,EST,SSSE3,FMA3,CX16,PCID,SSE4.1,SSE4.2,MOVBE,POPCNT,DEADLINE,AES,XSAVE,AVX,F16C,RDRAND,HV,NXE,LONG,LAHF,ABM,ITSC,FSGSBASE,BMI1,AVX2,SMEP,BMI2,ERMS,INVPCID
cpu17: 256KB 64b/line 8-way L2 cache
cpu17: smt 0, core 3, package 0
cpu18 at mainbus0: apid 1 (application processor)
cpu18: Intel(R) Xeon(R) CPU E5-2666 v3 @ 2.90GHz, 2915.24 MHz
cpu18: FPU,VME,DE,PSE,TSC,MSR,PAE,MCE,CX8,APIC,SEP,MTRR,PGE,MCA,CMOV,PAT,PSE36,CFLUSH,MMX,FXSR,SSE,SSE2,HTT,SSE3,PCLMUL,MWAIT,EST,SSSE3,FMA3,CX16,PCID,SSE4.1,SSE4.2,MOVBE,POPCNT,DEADLINE,AES,XSAVE,AVX,F16C,RDRAND,HV,NXE,LONG,LAHF,ABM,ITSC,FSGSBASE,BMI1,AVX2,SMEP,BMI2,ERMS,INVPCID
cpu18: 256KB 64b/line 8-way L2 cache
cpu18: smt 1, core 0, package 0
cpu19 at mainbus0: apid 3 (application processor)
cpu19: Intel(R) Xeon(R) CPU E5-2666 v3 @ 2.90GHz, 2914.14 MHz
cpu19: FPU,VME,DE,PSE,TSC,MSR,PAE,MCE,CX8,APIC,SEP,MTRR,PGE,MCA,CMOV,PAT,PSE36,CFLUSH,MMX,FXSR,SSE,SSE2,HTT,SSE3,PCLMUL,MWAIT,EST,SSSE3,FMA3,CX16,PCID,SSE4.1,SSE4.2,MOVBE,POPCNT,DEADLINE,AES,XSAVE,AVX,F16C,RDRAND,HV,NXE,LONG,LAHF,ABM,ITSC,FSGSBASE,BMI1,AVX2,SMEP,BMI2,ERMS,INVPCID
cpu19: 256KB 64b/line 8-way L2 cache
cpu19: smt 3, core 0, package 0
cpu20 at mainbus0: apid 5 (application processor)
cpu20: Intel(R) Xeon(R) CPU E5-2666 v3 @ 2.90GHz, 2913.30 MHz
cpu20: FPU,VME,DE,PSE,TSC,MSR,PAE,MCE,CX8,APIC,SEP,MTRR,PGE,MCA,CMOV,PAT,PSE36,CFLUSH,MMX,FXSR,SSE,SSE2,HTT,SSE3,PCLMUL,MWAIT,EST,SSSE3,FMA3,CX16,PCID,SSE4.1,SSE4.2,MOVBE,POPCNT,DEADLINE,AES,XSAVE,AVX,F16C,RDRAND,HV,NXE,LONG,LAHF,ABM,ITSC,FSGSBASE,BMI1,AVX2,SMEP,BMI2,ERMS,INVPCID
cpu20: 256KB 64b/line 8-way L2 cache
cpu20: smt 5, core 0, package 0
cpu21 at mainbus0: apid 7 (application processor)
cpu21: Intel(R) Xeon(R) CPU E5-2666 v3 @ 2.90GHz, 2916.66 MHz
cpu21: FPU,VME,DE,PSE,TSC,MSR,PAE,MCE,CX8,APIC,SEP,MTRR,PGE,MCA,CMOV,PAT,PSE36,CFLUSH,MMX,FXSR,SSE,SSE2,HTT,SSE3,PCLMUL,MWAIT,EST,SSSE3,FMA3,CX16,PCID,SSE4.1,SSE4.2,MOVBE,POPCNT,DEADLINE,AES,XSAVE,AVX,F16C,RDRAND,HV,NXE,LONG,LAHF,ABM,ITSC,FSGSBASE,BMI1,AVX2,SMEP,BMI2,ERMS,INVPCID
cpu21: 256KB 64b/line 8-way L2 cache
cpu21: smt 7, core 0, package 0
cpu22 at mainbus0: apid 9 (application processor)
cpu22: Intel(R) Xeon(R) CPU E5-2666 v3 @ 2.90GHz, 2908.84 MHz
cpu22: FPU,VME,DE,PSE,TSC,MSR,PAE,MCE,CX8,APIC,SEP,MTRR,PGE,MCA,CMOV,PAT,PSE36,CFLUSH,MMX,FXSR,SSE,SSE2,HTT,SSE3,PCLMUL,MWAIT,EST,SSSE3,FMA3,CX16,PCID,SSE4.1,SSE4.2,MOVBE,POPCNT,DEADLINE,AES,XSAVE,AVX,F16C,RDRAND,HV,NXE,LONG,LAHF,ABM,ITSC,FSGSBASE,BMI1,AVX2,SMEP,BMI2,ERMS,INVPCID
cpu22: 256KB 64b/line 8-way L2 cache
cpu22: smt 9, core 0, package 0
cpu23 at mainbus0: apid 11 (application processor)
cpu23: Intel(R) Xeon(R) CPU E5-2666 v3 @ 2.90GHz, 2912.44 MHz
cpu23: FPU,VME,DE,PSE,TSC,MSR,PAE,MCE,CX8,APIC,SEP,MTRR,PGE,MCA,CMOV,PAT,PSE36,CFLUSH,MMX,FXSR,SSE,SSE2,HTT,SSE3,PCLMUL,MWAIT,EST,SSSE3,FMA3,CX16,PCID,SSE4.1,SSE4.2,MOVBE,POPCNT,DEADLINE,AES,XSAVE,AVX,F16C,RDRAND,HV,NXE,LONG,LAHF,ABM,ITSC,FSGSBASE,BMI1,AVX2,SMEP,BMI2,ERMS,INVPCID
cpu23: 256KB 64b/line 8-way L2 cache
cpu23: smt 11, core 0, package 0
cpu24 at mainbus0: apid 13 (application processor)
cpu24: Intel(R) Xeon(R) CPU E5-2666 v3 @ 2.90GHz, 2908.47 MHz
cpu24: FPU,VME,DE,PSE,TSC,MSR,PAE,MCE,CX8,APIC,SEP,MTRR,PGE,MCA,CMOV,PAT,PSE36,CFLUSH,MMX,FXSR,SSE,SSE2,HTT,SSE3,PCLMUL,MWAIT,EST,SSSE3,FMA3,CX16,PCID,SSE4.1,SSE4.2,MOVBE,POPCNT,DEADLINE,AES,XSAVE,AVX,F16C,RDRAND,HV,NXE,LONG,LAHF,ABM,ITSC,FSGSBASE,BMI1,AVX2,SMEP,BMI2,ERMS,INVPCID
cpu24: 256KB 64b/line 8-way L2 cache
cpu24: smt 13, core 0, package 0
cpu25 at mainbus0: apid 15 (application processor)
cpu25: Intel(R) Xeon(R) CPU E5-2666 v3 @ 2.90GHz, 2915.21 MHz
cpu25: FPU,VME,DE,PSE,TSC,MSR,PAE,MCE,CX8,APIC,SEP,MTRR,PGE,MCA,CMOV,PAT,PSE36,CFLUSH,MMX,FXSR,SSE,SSE2,HTT,SSE3,PCLMUL,MWAIT,EST,SSSE3,FMA3,CX16,PCID,SSE4.1,SSE4.2,MOVBE,POPCNT,DEADLINE,AES,XSAVE,AVX,F16C,RDRAND,HV,NXE,LONG,LAHF,ABM,ITSC,FSGSBASE,BMI1,AVX2,SMEP,BMI2,ERMS,INVPCID
cpu25: 256KB 64b/line 8-way L2 cache
cpu25: smt 15, core 0, package 0
cpu26 at mainbus0: apid 17 (application processor)
cpu26: Intel(R) Xeon(R) CPU E5-2666 v3 @ 2.90GHz, 2918.34 MHz
cpu26: FPU,VME,DE,PSE,TSC,MSR,PAE,MCE,CX8,APIC,SEP,MTRR,PGE,MCA,CMOV,PAT,PSE36,CFLUSH,MMX,FXSR,SSE,SSE2,HTT,SSE3,PCLMUL,MWAIT,EST,SSSE3,FMA3,CX16,PCID,SSE4.1,SSE4.2,MOVBE,POPCNT,DEADLINE,AES,XSAVE,AVX,F16C,RDRAND,HV,NXE,LONG,LAHF,ABM,ITSC,FSGSBASE,BMI1,AVX2,SMEP,BMI2,ERMS,INVPCID
cpu26: 256KB 64b/line 8-way L2 cache
cpu26: smt 1, core 1, package 0
cpu27 at mainbus0: apid 33 (application processor)
cpu27: Intel(R) Xeon(R) CPU E5-2666 v3 @ 2.90GHz, 2908.61 MHz
cpu27: FPU,VME,DE,PSE,TSC,MSR,PAE,MCE,CX8,APIC,SEP,MTRR,PGE,MCA,CMOV,PAT,PSE36,CFLUSH,MMX,FXSR,SSE,SSE2,HTT,SSE3,PCLMUL,MWAIT,EST,SSSE3,FMA3,CX16,PCID,SSE4.1,SSE4.2,MOVBE,POPCNT,DEADLINE,AES,XSAVE,AVX,F16C,RDRAND,HV,NXE,LONG,LAHF,ABM,ITSC,FSGSBASE,BMI1,AVX2,SMEP,BMI2,ERMS,INVPCID
cpu27: 256KB 64b/line 8-way L2 cache
cpu27: smt 1, core 2, package 0
cpu28 at mainbus0: apid 35 (application processor)
cpu28: Intel(R) Xeon(R) CPU E5-2666 v3 @ 2.90GHz, 2909.79 MHz
cpu28: FPU,VME,DE,PSE,TSC,MSR,PAE,MCE,CX8,APIC,SEP,MTRR,PGE,MCA,CMOV,PAT,PSE36,CFLUSH,MMX,FXSR,SSE,SSE2,HTT,SSE3,PCLMUL,MWAIT,EST,SSSE3,FMA3,CX16,PCID,SSE4.1,SSE4.2,MOVBE,POPCNT,DEADLINE,AES,XSAVE,AVX,F16C,RDRAND,HV,NXE,LONG,LAHF,ABM,ITSC,FSGSBASE,BMI1,AVX2,SMEP,BMI2,ERMS,INVPCID
cpu28: 256KB 64b/line 8-way L2 cache
cpu28: smt 3, core 2, package 0
cpu29 at mainbus0: apid 37 (application processor)
cpu29: Intel(R) Xeon(R) CPU E5-2666 v3 @ 2.90GHz, 2905.59 MHz
cpu29: FPU,VME,DE,PSE,TSC,MSR,PAE,MCE,CX8,APIC,SEP,MTRR,PGE,MCA,CMOV,PAT,PSE36,CFLUSH,MMX,FXSR,SSE,SSE2,HTT,SSE3,PCLMUL,MWAIT,EST,SSSE3,FMA3,CX16,PCID,SSE4.1,SSE4.2,MOVBE,POPCNT,DEADLINE,AES,XSAVE,AVX,F16C,RDRAND,HV,NXE,LONG,LAHF,ABM,ITSC,FSGSBASE,BMI1,AVX2,SMEP,BMI2,ERMS,INVPCID
cpu29: 256KB 64b/line 8-way L2 cache
cpu29: smt 5, core 2, package 0
cpu30 at mainbus0: apid 39 (application processor)
cpu30: Intel(R) Xeon(R) CPU E5-2666 v3 @ 2.90GHz, 2907.94 MHz
cpu30: FPU,VME,DE,PSE,TSC,MSR,PAE,MCE,CX8,APIC,SEP,MTRR,PGE,MCA,CMOV,PAT,PSE36,CFLUSH,MMX,FXSR,SSE,SSE2,HTT,SSE3,PCLMUL,MWAIT,EST,SSSE3,FMA3,CX16,PCID,SSE4.1,SSE4.2,MOVBE,POPCNT,DEADLINE,AES,XSAVE,AVX,F16C,RDRAND,HV,NXE,LONG,LAHF,ABM,ITSC,FSGSBASE,BMI1,AVX2,SMEP,BMI2,ERMS,INVPCID
cpu30: 256KB 64b/line 8-way L2 cache
cpu30: smt 7, core 2, package 0
cpu31 at mainbus0: apid 41 (application processor)
cpu31: Intel(R) Xeon(R) CPU E5-2666 v3 @ 2.90GHz, 2905.84 MHz
cpu31: FPU,VME,DE,PSE,TSC,MSR,PAE,MCE,CX8,APIC,SEP,MTRR,PGE,MCA,CMOV,PAT,PSE36,CFLUSH,MMX,FXSR,SSE,SSE2,HTT,SSE3,PCLMUL,MWAIT,EST,SSSE3,FMA3,CX16,PCID,SSE4.1,SSE4.2,MOVBE,POPCNT,DEADLINE,AES,XSAVE,AVX,F16C,RDRAND,HV,NXE,LONG,LAHF,ABM,ITSC,FSGSBASE,BMI1,AVX2,SMEP,BMI2,ERMS,INVPCID
cpu31: 256KB 64b/line 8-way L2 cache
cpu31: smt 9, core 2, package 0
cpu32 at mainbus0: apid 43 (application processor)
cpu32: Intel(R) Xeon(R) CPU E5-2666 v3 @ 2.90GHz, 2908.39 MHz
cpu32: FPU,VME,DE,PSE,TSC,MSR,PAE,MCE,CX8,APIC,SEP,MTRR,PGE,MCA,CMOV,PAT,PSE36,CFLUSH,MMX,FXSR,SSE,SSE2,HTT,SSE3,PCLMUL,MWAIT,EST,SSSE3,FMA3,CX16,PCID,SSE4.1,SSE4.2,MOVBE,POPCNT,DEADLINE,AES,XSAVE,AVX,F16C,RDRAND,HV,NXE,LONG,LAHF,ABM,ITSC,FSGSBASE,BMI1,AVX2,SMEP,BMI2,ERMS,INVPCID
cpu32: 256KB 64b/line 8-way L2 cache
cpu32: smt 11, core 2, package 0
cpu33 at mainbus0: apid 45 (application processor)
cpu33: Intel(R) Xeon(R) CPU E5-2666 v3 @ 2.90GHz, 2908.05 MHz
cpu33: FPU,VME,DE,PSE,TSC,MSR,PAE,MCE,CX8,APIC,SEP,MTRR,PGE,MCA,CMOV,PAT,PSE36,CFLUSH,MMX,FXSR,SSE,SSE2,HTT,SSE3,PCLMUL,MWAIT,EST,SSSE3,FMA3,CX16,PCID,SSE4.1,SSE4.2,MOVBE,POPCNT,DEADLINE,AES,XSAVE,AVX,F16C,RDRAND,HV,NXE,LONG,LAHF,ABM,ITSC,FSGSBASE,BMI1,AVX2,SMEP,BMI2,ERMS,INVPCID
cpu33: 256KB 64b/line 8-way L2 cache
cpu33: smt 13, core 2, package 0
cpu34 at mainbus0: apid 47 (application processor)
cpu34: Intel(R) Xeon(R) CPU E5-2666 v3 @ 2.90GHz, 2903.93 MHz
cpu34: FPU,VME,DE,PSE,TSC,MSR,PAE,MCE,CX8,APIC,SEP,MTRR,PGE,MCA,CMOV,PAT,PSE36,CFLUSH,MMX,FXSR,SSE,SSE2,HTT,SSE3,PCLMUL,MWAIT,EST,SSSE3,FMA3,CX16,PCID,SSE4.1,SSE4.2,MOVBE,POPCNT,DEADLINE,AES,XSAVE,AVX,F16C,RDRAND,HV,NXE,LONG,LAHF,ABM,ITSC,FSGSBASE,BMI1,AVX2,SMEP,BMI2,ERMS,INVPCID
cpu34: 256KB 64b/line 8-way L2 cache
cpu34: smt 15, core 2, package 0
cpu35 at mainbus0: apid 49 (application processor)
cpu35: Intel(R) Xeon(R) CPU E5-2666 v3 @ 2.90GHz, 2905.91 MHz
cpu35: FPU,VME,DE,PSE,TSC,MSR,PAE,MCE,CX8,APIC,SEP,MTRR,PGE,MCA,CMOV,PAT,PSE36,CFLUSH,MMX,FXSR,SSE,SSE2,HTT,SSE3,PCLMUL,MWAIT,EST,SSSE3,FMA3,CX16,PCID,SSE4.1,SSE4.2,MOVBE,POPCNT,DEADLINE,AES,XSAVE,AVX,F16C,RDRAND,HV,NXE,LONG,LAHF,ABM,ITSC,FSGSBASE,BMI1,AVX2,SMEP,BMI2,ERMS,INVPCID
cpu35: 256KB 64b/line 8-way L2 cache
cpu35: smt 1, core 3, package 0
acpihpet0 at acpi0: 62500000 Hz
acpiprt0 at acpi0: bus 0 (PCI0)
acpicpu0 at acpi0: !C3(350@41 mwait.3@0x20), !C2(500@15 mwait.3@0x10), C1(1016@10 mwait.1@0x1), C1(1016@1 mwait.1), PSS
acpicpu1 at acpi0: !C3(350@41 mwait.3@0x20), !C2(500@15 mwait.3@0x10), C1(1016@10 mwait.1@0x1), C1(1016@1 mwait.1), PSS
acpicpu2 at acpi0: !C3(350@41 mwait.3@0x20), !C2(500@15 mwait.3@0x10), C1(1016@10 mwait.1@0x1), C1(1016@1 mwait.1), PSS
acpicpu3 at acpi0: !C3(350@41 mwait.3@0x20), !C2(500@15 mwait.3@0x10), C1(1016@10 mwait.1@0x1), C1(1016@1 mwait.1), PSS
acpicpu4 at acpi0: !C3(350@41 mwait.3@0x20), !C2(500@15 mwait.3@0x10), C1(1016@10 mwait.1@0x1), C1(1016@1 mwait.1), PSS
acpicpu5 at acpi0: !C3(350@41 mwait.3@0x20), !C2(500@15 mwait.3@0x10), C1(1016@10 mwait.1@0x1), C1(1016@1 mwait.1), PSS
acpicpu6 at acpi0: !C3(350@41 mwait.3@0x20), !C2(500@15 mwait.3@0x10), C1(1016@10 mwait.1@0x1), C1(1016@1 mwait.1), PSS
acpicpu7 at acpi0: !C3(350@41 mwait.3@0x20), !C2(500@15 mwait.3@0x10), C1(1016@10 mwait.1@0x1), C1(1016@1 mwait.1), PSS
acpicpu8 at acpi0: !C3(350@41 mwait.3@0x20), !C2(500@15 mwait.3@0x10), C1(1016@10 mwait.1@0x1), C1(1016@1 mwait.1), PSS
acpicpu9 at acpi0: !C3(350@41 mwait.3@0x20), !C2(500@15 mwait.3@0x10), C1(1016@10 mwait.1@0x1), C1(1016@1 mwait.1), PSS
acpicpu10 at acpi0: !C3(350@41 mwait.3@0x20), !C2(500@15 mwait.3@0x10), C1(1016@10 mwait.1@0x1), C1(1016@1 mwait.1), PSS
acpicpu11 at acpi0: !C3(350@41 mwait.3@0x20), !C2(500@15 mwait.3@0x10), C1(1016@10 mwait.1@0x1), C1(1016@1 mwait.1), PSS
acpicpu12 at acpi0: !C3(350@41 mwait.3@0x20), !C2(500@15 mwait.3@0x10), C1(1016@10 mwait.1@0x1), C1(1016@1 mwait.1), PSS
acpicpu13 at acpi0: !C3(350@41 mwait.3@0x20), !C2(500@15 mwait.3@0x10), C1(1016@10 mwait.1@0x1), C1(1016@1 mwait.1), PSS
acpicpu14 at acpi0: !C3(350@41 mwait.3@0x20), !C2(500@15 mwait.3@0x10), C1(1016@10 mwait.1@0x1), C1(1016@1 mwait.1), PSS
acpicpu15 at acpi0: !C3(350@41 mwait.3@0x20), !C2(500@15 mwait.3@0x10), C1(1016@10 mwait.1@0x1), C1(1016@1 mwait.1), PSS
acpicpu16 at acpi0: !C3(350@41 mwait.3@0x20), !C2(500@15 mwait.3@0x10), C1(1016@10 mwait.1@0x1), C1(1016@1 mwait.1), PSS
acpicpu17 at acpi0: !C3(350@41 mwait.3@0x20), !C2(500@15 mwait.3@0x10), C1(1016@10 mwait.1@0x1), C1(1016@1 mwait.1), PSS
acpicpu18 at acpi0: !C3(350@41 mwait.3@0x20), !C2(500@15 mwait.3@0x10), C1(1016@10 mwait.1@0x1), C1(1016@1 mwait.1), PSS
acpicpu19 at acpi0: !C3(350@41 mwait.3@0x20), !C2(500@15 mwait.3@0x10), C1(1016@10 mwait.1@0x1), C1(1016@1 mwait.1), PSS
acpicpu20 at acpi0: !C3(350@41 mwait.3@0x20), !C2(500@15 mwait.3@0x10), C1(1016@10 mwait.1@0x1), C1(1016@1 mwait.1), PSS
acpicpu21 at acpi0: !C3(350@41 mwait.3@0x20), !C2(500@15 mwait.3@0x10), C1(1016@10 mwait.1@0x1), C1(1016@1 mwait.1), PSS
acpicpu22 at acpi0: !C3(350@41 mwait.3@0x20), !C2(500@15 mwait.3@0x10), C1(1016@10 mwait.1@0x1), C1(1016@1 mwait.1), PSS
acpicpu23 at acpi0: !C3(350@41 mwait.3@0x20), !C2(500@15 mwait.3@0x10), C1(1016@10 mwait.1@0x1), C1(1016@1 mwait.1), PSS
acpicpu24 at acpi0: !C3(350@41 mwait.3@0x20), !C2(500@15 mwait.3@0x10), C1(1016@10 mwait.1@0x1), C1(1016@1 mwait.1), PSS
acpicpu25 at acpi0: !C3(350@41 mwait.3@0x20), !C2(500@15 mwait.3@0x10), C1(1016@10 mwait.1@0x1), C1(1016@1 mwait.1), PSS
acpicpu26 at acpi0: !C3(350@41 mwait.3@0x20), !C2(500@15 mwait.3@0x10), C1(1016@10 mwait.1@0x1), C1(1016@1 mwait.1), PSS
acpicpu27 at acpi0: !C3(350@41 mwait.3@0x20), !C2(500@15 mwait.3@0x10), C1(1016@10 mwait.1@0x1), C1(1016@1 mwait.1), PSS
acpicpu28 at acpi0: !C3(350@41 mwait.3@0x20), !C2(500@15 mwait.3@0x10), C1(1016@10 mwait.1@0x1), C1(1016@1 mwait.1), PSS
acpicpu29 at acpi0: !C3(350@41 mwait.3@0x20), !C2(500@15 mwait.3@0x10), C1(1016@10 mwait.1@0x1), C1(1016@1 mwait.1), PSS
acpicpu30 at acpi0: !C3(350@41 mwait.3@0x20), !C2(500@15 mwait.3@0x10), C1(1016@10 mwait.1@0x1), C1(1016@1 mwait.1), PSS
acpicpu31 at acpi0: !C3(350@41 mwait.3@0x20), !C2(500@15 mwait.3@0x10), C1(1016@10 mwait.1@0x1), C1(1016@1 mwait.1), PSS
acpicpu32 at acpi0: !C3(350@41 mwait.3@0x20), !C2(500@15 mwait.3@0x10), C1(1016@10 mwait.1@0x1), C1(1016@1 mwait.1), PSS
acpicpu33 at acpi0: !C3(350@41 mwait.3@0x20), !C2(500@15 mwait.3@0x10), C1(1016@10 mwait.1@0x1), C1(1016@1 mwait.1), PSS
acpicpu34 at acpi0: !C3(350@41 mwait.3@0x20), !C2(500@15 mwait.3@0x10), C1(1016@10 mwait.1@0x1), C1(1016@1 mwait.1), PSS
acpicpu35 at acpi0: !C3(350@41 mwait.3@0x20), !C2(500@15 mwait.3@0x10), C1(1016@10 mwait.1@0x1), C1(1016@1 mwait.1), PSS
cpu0: Enhanced SpeedStep 2900 MHz: speeds: 2901, 2900, 2800, 2700, 2500, 2400, 2300, 2200, 2000, 1900, 1800, 1700, 1600, 1400, 1300, 1200 MHz
pvbus0 at mainbus0: Xen 4.2
xen0 at pvbus0: features 0x705, 275 grant table frames, event channel 38
&quot;vfb&quot; at xen0: device/vfb/0 not configured
&quot;vbd&quot; at xen0: device/vbd/768 not configured
xnf0 at xen0: event channel 40, address xx:xx:xx:xx:xx:xx
&quot;console&quot; at xen0: device/console/0 not configured
pci0 at mainbus0 bus 0
pchb0 at pci0 dev 0 function 0 &quot;Intel 82441FX&quot; rev 0x02
pcib0 at pci0 dev 1 function 0 &quot;Intel 82371SB ISA&quot; rev 0x00
pciide0 at pci0 dev 1 function 1 &quot;Intel 82371SB IDE&quot; rev 0x00: DMA, channel 0 wired to compatibility, channel 1 wired to compatibility
wd0 at pciide0 channel 0 drive 0: &lt;QEMU HARDDISK&gt;
wd0: 16-sector PIO, LBA48, 10240MB, 20971520 sectors
wd0(pciide0:0:0): using PIO mode 0, DMA mode 2
pciide0: channel 1 disabled (no drives)
piixpm0 at pci0 dev 1 function 3 &quot;Intel 82371AB Power&quot; rev 0x01: SMBus disabled
vga1 at pci0 dev 2 function 0 &quot;Cirrus Logic CL-GD5446&quot; rev 0x00
wsdisplay0 at vga1 mux 1: console (80x25, vt100 emulation)
wsdisplay0: screen 1-5 added (80x25, vt100 emulation)
xspd0 at pci0 dev 3 function 0 &quot;XenSource Platform Device&quot; rev 0x01
isa0 at pcib0
isadma0 at isa0
fdc0 at isa0 port 0x3f0/6 irq 6 drq 2
fd0 at fdc0 drive 0: density unknown
fd1 at fdc0 drive 1: density unknown
com0 at isa0 port 0x3f8/8 irq 4: ns16550a, 16 byte fifo
com0: console
pckbc0 at isa0 port 0x60/5 irq 1 irq 12
pckbd0 at pckbc0 (kbd slot)
wskbd0 at pckbd0: console keyboard, using wsdisplay0
pms0 at pckbc0 (aux slot)
wsmouse0 at pms0 mux 0
pcppi0 at isa0 port 0x61
spkr0 at pcppi0
nvram: invalid checksum
vscsi0 at root
scsibus1 at vscsi0: 256 targets
softraid0 at root
scsibus2 at softraid0: 256 targets
root on wd0a (58b965511bde9f5f.a) swap on wd0b dump on wd0b
</pre>



</div><!-- content -->
<br />
<div id="footer">
All comments/news/posts are the property of their individual owner and
is presented without warranty of suitability, and solely as an
informational resource. <br />
This site Copyright &copy; 2004-2020 NYC*BUG.
</div><!-- footer -->

</body>
</html>

