



<!doctype html>
<html lang="en">
<head>
<meta name="keywords"
	content="bsd, freebsd, openbsd, netbsd, dragonflybsd, nycbug, dmesgd" />
<meta name="description" content="New York City BSD User Group dmesgd" />
<meta charset="utf-8" />
<meta name="viewport" content="width=device-width, initial-scale=1" />
<title>NYC*BUG dmesgd</title>
<style>
body {
	text-align: left;
	margin: 15px auto;
	padding: 0px 10px;
}
@media (min-width: 800px) {
	body {
		max-width: 85%;
	}
}
#header {
	border-bottom: 1px solid #dbdbdb;
	font-size: 230%;
	text-align: left;
}
#footer {
	border-top: 1px solid #dbdbdb;
	clear: both;
	text-align: left;
}
.logo_bug {
	color: #cc0033;
}
#menu ul {
	list-style-type: none;
	margin: 0;
	padding: 0;
}
#menu li {
	float: left;
}
#menu li a {
	display: block;
	background-color: #dbdbdb;
	color: #000000;
	font-size: 105%;
	font-weight: bold;
	padding: 0px 6px 0px 6px;
	text-decoration: none;
}
#content {
	clear: both;
	text-align: left;
	padding-top: 10px;
}
#content h1 {
	font-size: 120%;
	font-weight: bold;
}
#content h2 {
	font-size: 110%;
	font-weight: bold;
}
#content a {
	text-decoration: none;
}
#content pre {
	background-color: #dbdbdb;
	padding: 5px 5px 5px 5px;
	white-space: pre-wrap;		/* css-3 */
	white-space: -moz-pre-wrap;	/* Mozilla, since 1999 */
	white-space: -pre-wrap;		/* Opera 4-6 */
	white-space: -o-pre-wrap;	/* Opera 7 */
	word-wrap: break-word;		/* Internet Explorer 5.5+ */
}
#content table {
	border-collapse: collapse;
}
#content table th {
	border: 1px solid #dbdbdb;
	font-size: 85%;
	white-space: nowrap;
}
#content table td {
	border: 1px solid #dbdbdb;
	font-size: 80%;
}
#content input {
	font-size: 1em;
}
#content .full	{ width: 100%; }
#content .left	{ text-align: left; }
#content .right	{ text-align: right; }
#content .center { text-align: center; }
#content .flexbox {
	display: -ms-flex;
	display: -webkit-flex;
	display: flex;
	width: 100%;
}
#content .left_col {
	min-width: 75px;
	max-width: 50%;
	flex-grow: 0;
}
#content .right_col {
	flex-grow: 1;
	margin-left: 10px;
	padding-top: 10px;
	padding-left: 10px;
}
#col {
	-moz-column-count: 3;
	-webkit-column-count: 3;
	column-count: 3;
}
</style>
</head>
<body>

<div id="header">
<strong><em>NYC*</em><span class="logo_bug">BUG</span> dmesgd</strong>
</div><!-- header -->

<div id="menu">
<ul>
<li><a href="https://dmesgd.nycbug.org/index.cgi?do=index">Home</a></li>
<li><a href="https://dmesgd.nycbug.org/index.cgi?do=submit">Submit</a></li>
<li><a href="https://www.nycbug.org/">NYC*BUG</a></li>
</ul>
</div><!-- menu -->

<div id="content">

<p>
Launched in 2004, dmesgd aims to provide a
<strong>user-submitted</strong> repository of searchable *BSD dmesgs.
The dmesg(8) command displays the system message buffer's content, and
during boot a copy is saved to <em>/var/run/dmesg.boot</em>.  This buffer
contains the operating system release, name and version, a list of
devices identified, plus a whole host of other useful information.  We
hope others find this resource useful and further contribute to its
growth. Contact us at [ admin at lists dot nycbug dot org ].
</p>

<hr />


<strong>Date:</strong> <em>2016-02-21 01:59:02</em><br />
<strong>From:</strong> <em>ajcc</em><br />
<strong>Description:</strong> <em>OpenBSD/macppc 5.9-snapshot on PowerMac G5</em><br />

<pre>
[ using 560512 bytes of bsd ELF symbol table ]
console out [NVDA,Display-B] console in [keyboard], using USB
using parent NVDA,Parent:: memaddr 98000000, size 8000000 : consaddr 98004000 : ioaddr 91000000, size 1000000: width 1280 linebytes 1536 height 1024 depth 8
Copyright (c) 1982, 1986, 1989, 1991, 1993
	The Regents of the University of California.  All rights reserved.
Copyright (c) 1995-2016 OpenBSD. All rights reserved.  http://www.OpenBSD.org

OpenBSD 5.9 (GENERIC) #906: Sat Feb 20 08:55:40 MST 2016
    xxx@xxx.xxx:/usr/src/sys/arch/macppc/compile/GENERIC
real mem = 1610612736 (1536MB)
avail mem = 1528545280 (1457MB)
mpath0 at root
scsibus0 at mpath0: 256 targets
mainbus0 at root: model PowerMac9,1
cpu0 at mainbus0: 970FX (Revision 0x300): 1800 MHz
mem0 at mainbus0
spdmem0 at mem0: 256MB DDR SDRAM non-parity PC3200CL3.0
spdmem1 at mem0: 256MB DDR SDRAM non-parity PC3200CL3.0
spdmem2 at mem0: 512MB DDR SDRAM non-parity PC3200CL2.5
spdmem3 at mem0: 512MB DDR SDRAM non-parity PC3200CL2.5
memc0 at mainbus0: u3 rev 0x39
kiic0 at memc0 offset 0xf8001000
iic0 at kiic0
&quot;dart&quot; at memc0 offset 0xf8033000 not configured
&quot;mpic&quot; at memc0 offset 0xf8040000 not configured
mpcpcibr0 at mainbus0 pci: u3-agp
pci0 at mpcpcibr0 bus 0
pchb0 at pci0 dev 11 function 0 &quot;Apple U3L AGP&quot; rev 0x00
appleagp0 at pchb0
agp0 at appleagp0: aperture at 0x0, size 0x10000000
vgafb0 at pci0 dev 16 function 0 &quot;NVIDIA GeForce FX 5200 Ultra&quot; rev 0xa1
wsdisplay0 at vgafb0 mux 1: console (std, vt100 emulation)
wsdisplay0: screen 1-5 added (std, vt100 emulation)
ht0 at mainbus0: u3-ht, 4 devices
pci1 at ht0 bus 0
hpb0 at pci1 dev 1 function 0 &quot;Apple Shasta PCI&quot; rev 0x00: 85 sources
pci2 at hpb0 bus 3
gem0 at pci2 dev 15 function 0 &quot;Apple Shasta GMAC&quot; rev 0x00: irq 40, address xx:xx:xx:xx:xx:xx
brgphy0 at gem0 phy 0: BCM5462 10/100/1000baseT PHY, rev. 2
ppb0 at pci1 dev 2 function 0 &quot;Apple Shasta PCI&quot; rev 0x00
pci3 at ppb0 bus 1
macobio0 at pci3 dev 7 function 0 &quot;Apple Shasta&quot; rev 0x00
openpic0 at macobio0 offset 0x40000: version 0x4614 feature 7b0302 LE
macgpio0 at macobio0 offset 0x50
&quot;smu-doorbell&quot; at macgpio0 offset 0x12 not configured
&quot;smu-interrupt&quot; at macgpio0 offset 0xd not configured
&quot;programmer-switch&quot; at macgpio0 offset 0xc not configured
&quot;modem-reset&quot; at macgpio0 offset 0x8 not configured
&quot;modem-power&quot; at macgpio0 offset 0x16 not configured
&quot;slewing-done&quot; at macgpio0 offset 0x38 not configured
&quot;dig-hw-reset-c&quot; at macgpio0 offset 0x9 not configured
&quot;lineout-detect&quot; at macgpio0 offset 0x28 not configured
&quot;linein-detect&quot; at macgpio0 offset 0x2a not configured
&quot;headphone-detect&quot; at macgpio0 offset 0x2c not configured
&quot;lineout-mute&quot; at macgpio0 offset 0x2e not configured
&quot;headphone-mute&quot; at macgpio0 offset 0x2f not configured
&quot;amp-mute&quot; at macgpio0 offset 0x30 not configured
&quot;codec-clock-mux&quot; at macgpio0 offset 0x31 not configured
&quot;codec-error-irq&quot; at macgpio0 offset 0x32 not configured
&quot;dig-hw-reset-a&quot; at macgpio0 offset 0x33 not configured
&quot;hw-reset&quot; at macgpio0 offset 0x34 not configured
&quot;escc-legacy&quot; at macobio0 offset 0x12000 not configured
zs0 at macobio0 offset 0x13000: irq 23,24
zstty0 at zs0 channel 0
zstty1 at zs0 channel 1
kiic1 at macobio0 offset 0x18000
iic1 at kiic1
&quot;i2s&quot; at macobio0 offset 0x0 not configured
&quot;timer&quot; at macobio0 offset 0x15000 not configured
ohci0 at pci3 dev 11 function 0 &quot;NEC USB&quot; rev 0x43: irq 70, version 1.0
ohci1 at pci3 dev 11 function 1 &quot;NEC USB&quot; rev 0x43: irq 70, version 1.0
ehci0 at pci3 dev 11 function 2 &quot;NEC USB&quot; rev 0x04: irq 70
usb0 at ehci0: USB revision 2.0
uhub0 at usb0 &quot;NEC EHCI root hub&quot; rev 2.00/1.00 addr 1
usb1 at ohci0: USB revision 1.0
uhub1 at usb1 &quot;NEC OHCI root hub&quot; rev 1.00/1.00 addr 1
usb2 at ohci1: USB revision 1.0
uhub2 at usb2 &quot;NEC OHCI root hub&quot; rev 1.00/1.00 addr 1
ppb1 at pci1 dev 3 function 0 &quot;Apple Shasta PCI&quot; rev 0x00
pci4 at ppb1 bus 2
pciide0 at pci4 dev 12 function 0 &quot;ServerWorks K2 SATA&quot; rev 0x00: DMA
pciide0: using irq 10 for native-PCI interrupt
pciide0: port 0: PHY offline
pciide0: port 1: PHY offline
kauaiata0 at pci4 dev 13 function 0 &quot;Apple Shasta ATA&quot; rev 0x00
wdc0 at kauaiata0 irq 38: DMA
wd0 at wdc0 channel 0 drive 0: &lt;ST320011A&gt;
wd0: 16-sector PIO, LBA, 19092MB, 39102336 sectors
atapiscsi0 at wdc0 channel 0 drive 1
scsibus1 at atapiscsi0: 2 targets
cd0 at scsibus1 targ 0 lun 0: &lt;PIONEER, DVD-RW DVR-117D, B705&gt; ATAPI 5/cdrom removable
wd0(wdc0:0:0): using PIO mode 4, DMA mode 2, Ultra-DMA mode 4
cd0(wdc0:0:1): using PIO mode 4, DMA mode 2, Ultra-DMA mode 4
&quot;Apple Shasta Firewire&quot; rev 0x00 at pci4 dev 14 function 0 not configured
smu0 at mainbus0
iic2 at smu0
lmtemp0 at iic2 addr 0x4a: ds1775
maxds0 at iic2 addr 0x4b: ds1631
&quot;smu-pulsar&quot; at iic2 addr 0x6a not configured
uhub3 at uhub1 port 2 &quot;Mitsumi Electric Hub in Apple Extended USB Keyboard&quot; rev 1.10/3.95 addr 2
uhidev0 at uhub3 port 3 configuration 1 interface 0 &quot;Mitsumi Electric Apple Extended USB Keyboard&quot; rev 1.10/3.95 addr 3
uhidev0: iclass 3/1
ukbd0 at uhidev0: 8 variable keys, 6 key codes, country code 13
wskbd0 at ukbd0: console keyboard, using wsdisplay0
uhidev1 at uhub3 port 3 configuration 1 interface 1 &quot;Mitsumi Electric Apple Extended USB Keyboard&quot; rev 1.10/3.95 addr 3
uhidev1: iclass 3/0, 3 report ids
uhid0 at uhidev1 reportid 2: input=1, output=0, feature=0
uhid1 at uhidev1 reportid 3: input=3, output=0, feature=0
uhidev2 at uhub1 port 3 configuration 1 interface 0 &quot;Apple Computer HID-proxy&quot; rev 1.10/12.41 addr 4
uhidev2: iclass 3/1
ukbd1 at uhidev2: 8 variable keys, 6 key codes
wskbd1 at ukbd1 mux 1
wskbd1: connecting to wsdisplay0
uhidev3 at uhub1 port 3 configuration 1 interface 1 &quot;Apple Computer HID-proxy&quot; rev 1.10/12.41 addr 4
uhidev3: iclass 3/1
ums0 at uhidev3: 5 buttons
wsmouse0 at ums0 mux 0
vscsi0 at root
scsibus2 at vscsi0: 256 targets
softraid0 at root
scsibus3 at softraid0: 256 targets
bootpath: /ht/pci@3/ata-6/disk@0:/bsd
root on wd0a (d6489761d38e3783.a) swap on wd0b dump on wd0b
</pre>



</div><!-- content -->
<br />
<div id="footer">
All comments/news/posts are the property of their individual owner and
is presented without warranty of suitability, and solely as an
informational resource. <br />
This site Copyright &copy; 2004-2020 NYC*BUG.
</div><!-- footer -->

</body>
</html>

