



<!doctype html>
<html lang="en">
<head>
<meta name="keywords"
	content="bsd, freebsd, openbsd, netbsd, dragonflybsd, nycbug, dmesgd" />
<meta name="description" content="New York City BSD User Group dmesgd" />
<meta charset="utf-8" />
<meta name="viewport" content="width=device-width, initial-scale=1" />
<title>NYC*BUG dmesgd</title>
<style>
body {
	text-align: left;
	margin: 15px auto;
	padding: 0px 10px;
}
@media (min-width: 800px) {
	body {
		max-width: 85%;
	}
}
#header {
	border-bottom: 1px solid #dbdbdb;
	font-size: 230%;
	text-align: left;
}
#footer {
	border-top: 1px solid #dbdbdb;
	clear: both;
	text-align: left;
}
.logo_bug {
	color: #cc0033;
}
#menu ul {
	list-style-type: none;
	margin: 0;
	padding: 0;
}
#menu li {
	float: left;
}
#menu li a {
	display: block;
	background-color: #dbdbdb;
	color: #000000;
	font-size: 105%;
	font-weight: bold;
	padding: 0px 6px 0px 6px;
	text-decoration: none;
}
#content {
	clear: both;
	text-align: left;
	padding-top: 10px;
}
#content h1 {
	font-size: 120%;
	font-weight: bold;
}
#content h2 {
	font-size: 110%;
	font-weight: bold;
}
#content a {
	text-decoration: none;
}
#content pre {
	background-color: #dbdbdb;
	padding: 5px 5px 5px 5px;
	white-space: pre-wrap;		/* css-3 */
	white-space: -moz-pre-wrap;	/* Mozilla, since 1999 */
	white-space: -pre-wrap;		/* Opera 4-6 */
	white-space: -o-pre-wrap;	/* Opera 7 */
	word-wrap: break-word;		/* Internet Explorer 5.5+ */
}
#content table {
	border-collapse: collapse;
}
#content table th {
	border: 1px solid #dbdbdb;
	font-size: 85%;
	white-space: nowrap;
}
#content table td {
	border: 1px solid #dbdbdb;
	font-size: 80%;
}
#content input {
	font-size: 1em;
}
#content .full	{ width: 100%; }
#content .left	{ text-align: left; }
#content .right	{ text-align: right; }
#content .center { text-align: center; }
#content .flexbox {
	display: -ms-flex;
	display: -webkit-flex;
	display: flex;
	width: 100%;
}
#content .left_col {
	min-width: 75px;
	max-width: 50%;
	flex-grow: 0;
}
#content .right_col {
	flex-grow: 1;
	margin-left: 10px;
	padding-top: 10px;
	padding-left: 10px;
}
#col {
	-moz-column-count: 3;
	-webkit-column-count: 3;
	column-count: 3;
}
</style>
</head>
<body>

<div id="header">
<strong><em>NYC*</em><span class="logo_bug">BUG</span> dmesgd</strong>
</div><!-- header -->

<div id="menu">
<ul>
<li><a href="https://dmesgd.nycbug.org/index.cgi?do=index">Home</a></li>
<li><a href="https://dmesgd.nycbug.org/index.cgi?do=submit">Submit</a></li>
<li><a href="https://www.nycbug.org/">NYC*BUG</a></li>
</ul>
</div><!-- menu -->

<div id="content">

<p>
Launched in 2004, dmesgd aims to provide a
<strong>user-submitted</strong> repository of searchable *BSD dmesgs.
The dmesg(8) command displays the system message buffer's content, and
during boot a copy is saved to <em>/var/run/dmesg.boot</em>.  This buffer
contains the operating system release, name and version, a list of
devices identified, plus a whole host of other useful information.  We
hope others find this resource useful and further contribute to its
growth. Contact us at [ admin at lists dot nycbug dot org ].
</p>

<hr />


<strong>Date:</strong> <em>2016-02-23 15:01:31</em><br />
<strong>From:</strong> <em>ajcc</em><br />
<strong>Description:</strong> <em>OpenBSD/macppc 5.9-snapshot on ATi eMac (radeondrm disabled)</em><br />

<pre>
[ using 560540 bytes of bsd ELF symbol table ]
console out [ATY,Moonraker_A] console in [keyboard], using USB
using parent ATY,MoonrakerParent:: memaddr 98000000, size 8000000 : consaddr 9c008000 : ioaddr 90020000, size 20000: width 1024 linebytes 1024 height 768 depth 8
Copyright (c) 1982, 1986, 1989, 1991, 1993
	The Regents of the University of California.  All rights reserved.
Copyright (c) 1995-2016 OpenBSD. All rights reserved.  http://www.OpenBSD.org

OpenBSD 5.9 (GENERIC) #908: Mon Feb 22 22:17:38 MST 2016
    xxx@xxx.xxx:/usr/src/sys/arch/macppc/compile/GENERIC
real mem = 1073741824 (1024MB)
avail mem = 1029021696 (981MB)
mpath0 at root
scsibus0 at mpath0: 256 targets
mainbus0 at root: model PowerMac4,4
cpu0 at mainbus0: 7455 (Revision 0x303): 999 MHz: 256KB L2 cache
mem0 at mainbus0
spdmem0 at mem0: 512MB SDRAM non-parity PC133CL2
spdmem1 at mem0: 512MB SDRAM non-parity PC133CL2
memc0 at mainbus0: uni-n rev 0x11
&quot;hw-clock&quot; at memc0 not configured
kiic0 at memc0 offset 0xf8001000
iic0 at kiic0
mpcpcibr0 at mainbus0 pci: uni-north
pci0 at mpcpcibr0 bus 0
pchb0 at pci0 dev 11 function 0 &quot;Apple Uni-N2 AGP&quot; rev 0x00
agp at pchb0 not configured
vgafb0 at pci0 dev 16 function 0 &quot;ATI Radeon 7500&quot; rev 0x00, mmio
wsdisplay0 at vgafb0 mux 1: console (std, vt100 emulation)
wsdisplay0: screen 1-5 added (std, vt100 emulation)
mpcpcibr1 at mainbus0 pci: uni-north
pci1 at mpcpcibr1 bus 0
macobio0 at pci1 dev 23 function 0 &quot;Apple Keylargo&quot; rev 0x03
openpic0 at macobio0 offset 0x40000: version 0x4614 feature 3f0302 LE
macgpio0 at macobio0 offset 0x50
macgpio1 at macgpio0 offset 0x9: irq 47
&quot;programmer-switch&quot; at macgpio0 offset 0x11 not configured
&quot;fan&quot; at macgpio0 offset 0x0 not configured
&quot;gpio7&quot; at macgpio0 offset 0x71 not configured
&quot;gpio5&quot; at macgpio0 offset 0x6f not configured
&quot;gpio6&quot; at macgpio0 offset 0x70 not configured
&quot;extint-gpio4&quot; at macgpio0 offset 0x5c not configured
&quot;gpio11&quot; at macgpio0 offset 0x75 not configured
&quot;extint-gpio15&quot; at macgpio0 offset 0x67 not configured
&quot;escc-legacy&quot; at macobio0 offset 0x12000 not configured
zs0 at macobio0 offset 0x13000: irq 22,23
zstty0 at zs0 channel 0
zstty1 at zs0 channel 1
snapper0 at macobio0 offset 0x10000: irq 30,1,2
&quot;timer&quot; at macobio0 offset 0x15000 not configured
adb0 at macobio0 offset 0x16000
apm0 at adb0: battery flags 0x9, 0% charged
piic0 at adb0
iic1 at piic0
&quot;imic5002&quot; at iic1 addr 0xe8 not configured
&quot;imic5003&quot; at iic1 addr 0xea not configured
&quot;ivad-2&quot; at iic1 addr 0x146 not configured
&quot;ivad-eeprom&quot; at iic1 addr 0x153 not configured
&quot;ivad-pwm&quot; at iic1 addr 0x14c not configured
kiic1 at macobio0 offset 0x18000
iic2 at kiic1
wdc0 at macobio0 offset 0x1f000 irq 19: DMA
wd0 at wdc0 channel 0 drive 0: &lt;ST340015A&gt;
wd0: 16-sector PIO, LBA, 38166MB, 78165360 sectors
wd0(wdc0:0:0): using PIO mode 4, DMA mode 2, Ultra-DMA mode 4
wdc1 at macobio0 offset 0x20000 irq 20: DMA
atapiscsi0 at wdc1 channel 0 drive 0
scsibus1 at atapiscsi0: 2 targets
cd0 at scsibus1 targ 0 lun 0: &lt;_NEC, DV-5800A, 1.0A&gt; ATAPI 5/cdrom removable
cd0(wdc1:0:0): using BIOS timings, DMA mode 2
audio0 at snapper0
ohci0 at pci1 dev 24 function 0 &quot;Apple USB&quot; rev 0x00: irq 27, version 1.0
ohci1 at pci1 dev 25 function 0 &quot;Apple USB&quot; rev 0x00: irq 28, version 1.0
usb0 at ohci0: USB revision 1.0
uhub0 at usb0 &quot;Apple OHCI root hub&quot; rev 1.00/1.00 addr 1
usb1 at ohci1: USB revision 1.0
uhub1 at usb1 &quot;Apple OHCI root hub&quot; rev 1.00/1.00 addr 1
mpcpcibr2 at mainbus0 pci: uni-north
pci2 at mpcpcibr2 bus 0
&quot;AT&amp;T/Lucent FW322 1394&quot; rev 0x00 at pci2 dev 14 function 0 not configured
gem0 at pci2 dev 15 function 0 &quot;Apple Uni-N GMAC&quot; rev 0x01: irq 41, address xx:xx:xx:xx:xx:xx
bmtphy0 at gem0 phy 0: BCM5221 100baseTX PHY, rev. 4
uhub2 at uhub0 port 2 &quot;Mitsumi Electric Hub in Apple Extended USB Keyboard&quot; rev 1.10/3.95 addr 2
uhidev0 at uhub2 port 3 configuration 1 interface 0 &quot;Mitsumi Electric Apple Extended USB Keyboard&quot; rev 1.10/3.95 addr 3
uhidev0: iclass 3/1
ukbd0 at uhidev0: 8 variable keys, 6 key codes, country code 13
wskbd0 at ukbd0: console keyboard, using wsdisplay0
uhidev1 at uhub2 port 3 configuration 1 interface 1 &quot;Mitsumi Electric Apple Extended USB Keyboard&quot; rev 1.10/3.95 addr 3
uhidev1: iclass 3/0, 3 report ids
uhid0 at uhidev1 reportid 2: input=1, output=0, feature=0
uhid1 at uhidev1 reportid 3: input=3, output=0, feature=0
vscsi0 at root
scsibus2 at vscsi0: 256 targets
softraid0 at root
scsibus3 at softraid0: 256 targets
bootpath: /pci@f2000000/mac-io@17/ata-4@1f000/disk@0:/bsd
root on wd0a (adcc88ce3cab2914.a) swap on wd0b dump on wd0b
</pre>



</div><!-- content -->
<br />
<div id="footer">
All comments/news/posts are the property of their individual owner and
is presented without warranty of suitability, and solely as an
informational resource. <br />
This site Copyright &copy; 2004-2020 NYC*BUG.
</div><!-- footer -->

</body>
</html>

