



<!doctype html>
<html lang="en">
<head>
<meta name="keywords"
	content="bsd, freebsd, openbsd, netbsd, dragonflybsd, nycbug, dmesgd" />
<meta name="description" content="New York City BSD User Group dmesgd" />
<meta charset="utf-8" />
<meta name="viewport" content="width=device-width, initial-scale=1" />
<title>NYC*BUG dmesgd</title>
<style>
body {
	text-align: left;
	margin: 15px auto;
	padding: 0px 10px;
}
@media (min-width: 800px) {
	body {
		max-width: 85%;
	}
}
#header {
	border-bottom: 1px solid #dbdbdb;
	font-size: 230%;
	text-align: left;
}
#footer {
	border-top: 1px solid #dbdbdb;
	clear: both;
	text-align: left;
}
.logo_bug {
	color: #cc0033;
}
#menu ul {
	list-style-type: none;
	margin: 0;
	padding: 0;
}
#menu li {
	float: left;
}
#menu li a {
	display: block;
	background-color: #dbdbdb;
	color: #000000;
	font-size: 105%;
	font-weight: bold;
	padding: 0px 6px 0px 6px;
	text-decoration: none;
}
#content {
	clear: both;
	text-align: left;
	padding-top: 10px;
}
#content h1 {
	font-size: 120%;
	font-weight: bold;
}
#content h2 {
	font-size: 110%;
	font-weight: bold;
}
#content a {
	text-decoration: none;
}
#content pre {
	background-color: #dbdbdb;
	padding: 5px 5px 5px 5px;
	white-space: pre-wrap;		/* css-3 */
	white-space: -moz-pre-wrap;	/* Mozilla, since 1999 */
	white-space: -pre-wrap;		/* Opera 4-6 */
	white-space: -o-pre-wrap;	/* Opera 7 */
	word-wrap: break-word;		/* Internet Explorer 5.5+ */
}
#content table {
	border-collapse: collapse;
}
#content table th {
	border: 1px solid #dbdbdb;
	font-size: 85%;
	white-space: nowrap;
}
#content table td {
	border: 1px solid #dbdbdb;
	font-size: 80%;
}
#content input {
	font-size: 1em;
}
#content .full	{ width: 100%; }
#content .left	{ text-align: left; }
#content .right	{ text-align: right; }
#content .center { text-align: center; }
#content .flexbox {
	display: -ms-flex;
	display: -webkit-flex;
	display: flex;
	width: 100%;
}
#content .left_col {
	min-width: 75px;
	max-width: 50%;
	flex-grow: 0;
}
#content .right_col {
	flex-grow: 1;
	margin-left: 10px;
	padding-top: 10px;
	padding-left: 10px;
}
#col {
	-moz-column-count: 3;
	-webkit-column-count: 3;
	column-count: 3;
}
</style>
</head>
<body>

<div id="header">
<strong><em>NYC*</em><span class="logo_bug">BUG</span> dmesgd</strong>
</div><!-- header -->

<div id="menu">
<ul>
<li><a href="https://dmesgd.nycbug.org/index.cgi?do=index">Home</a></li>
<li><a href="https://dmesgd.nycbug.org/index.cgi?do=submit">Submit</a></li>
<li><a href="https://www.nycbug.org/">NYC*BUG</a></li>
</ul>
</div><!-- menu -->

<div id="content">

<p>
Launched in 2004, dmesgd aims to provide a
<strong>user-submitted</strong> repository of searchable *BSD dmesgs.
The dmesg(8) command displays the system message buffer's content, and
during boot a copy is saved to <em>/var/run/dmesg.boot</em>.  This buffer
contains the operating system release, name and version, a list of
devices identified, plus a whole host of other useful information.  We
hope others find this resource useful and further contribute to its
growth. Contact us at [ admin at lists dot nycbug dot org ].
</p>

<hr />


<strong>Date:</strong> <em>2016-03-09 03:11:37</em><br />
<strong>From:</strong> <em>Luke</em><br />
<strong>Description:</strong> <em>OpenBSD/amd64 soekris net6501-30</em><br />

<pre>
OpenBSD 5.9-current (GENERIC.MP) #1894: Thu Mar  3 15:52:53 MST 2016
    xxx@xxx.xxx:/usr/src/sys/arch/amd64/compile/GENERIC.MP
real mem = 519962624 (495MB)
avail mem = 500068352 (476MB)
mpath0 at root
scsibus0 at mpath0: 256 targets
mainbus0 at root
bios0 at mainbus0
acpi at bios0 not configured
mpbios0 at bios0: Intel MP Specification 1.4
cpu0 at mainbus0: apid 0 (boot processor)
cpu0: Genuine Intel(R) CPU @ 600MHz, 600.08 MHz
cpu0: FPU,VME,DE,PSE,TSC,MSR,PAE,MCE,CX8,APIC,SEP,MTRR,PGE,MCA,CMOV,PAT,CFLUSH,DS,ACPI,MMX,FXSR,SSE,SSE2,SS,HTT,TM,PBE,SSE3,DTES64,MWAIT,DS-CPL,VMX,EST,TM2,SSSE3,CX16,xTPR,PDCM,MOVBE,NXE,LONG,LAHF,PERF,SENSOR
cpu0: 512KB 64b/line 8-way L2 cache
cpu0: smt 0, core 0, package 0
mtrr: Pentium Pro MTRR support, 8 var ranges, 88 fixed ranges
cpu0: apic clock running at 100MHz
cpu0: mwait min=64, max=64, C-substates=0.2.2.0.2.0.3, IBE
cpu1 at mainbus0: apid 1 (application processor)
cpu1: Genuine Intel(R) CPU @ 600MHz, 600.00 MHz
cpu1: FPU,VME,DE,PSE,TSC,MSR,PAE,MCE,CX8,APIC,SEP,MTRR,PGE,MCA,CMOV,PAT,CFLUSH,DS,ACPI,MMX,FXSR,SSE,SSE2,SS,HTT,TM,PBE,SSE3,DTES64,MWAIT,DS-CPL,VMX,EST,TM2,SSSE3,CX16,xTPR,PDCM,MOVBE,NXE,LONG,LAHF,PERF,SENSOR
cpu1: 512KB 64b/line 8-way L2 cache
cpu1: smt 1, core 0, package 0
mpbios0: bus 0 is type PCI
mpbios0: bus 64 is type ISA
ioapic0 at mainbus0: apid 0 pa 0xfec00000, version 20, 24 pins
pci0 at mainbus0 bus 0
pchb0 at pci0 dev 0 function 0 vendor &quot;Intel&quot;, unknown product 0x4115 rev 0x05
pchb1 at pci0 dev 1 function 0 &quot;Intel E600 Config&quot; rev 0x00
ppb0 at pci0 dev 23 function 0 &quot;Intel E600 PCIE&quot; rev 0x00
pci1 at ppb0 bus 1
ppb1 at pci1 dev 0 function 0 &quot;Intel EG20T PCIE&quot; rev 0x01
pci2 at ppb1 bus 2
&quot;Intel EG20T Packet Hub&quot; rev 0x01 at pci2 dev 0 function 0 not configured
&quot;Intel EG20T Ethernet&quot; rev 0x02 at pci2 dev 0 function 1 not configured
&quot;Intel EG20T GPIO&quot; rev 0x01 at pci2 dev 0 function 2 not configured
ohci0 at pci2 dev 2 function 0 &quot;Intel EG20T USB&quot; rev 0x02: apic 0 int
19, version 1.0
ohci1 at pci2 dev 2 function 1 &quot;Intel EG20T USB&quot; rev 0x02: apic 0 int
19, version 1.0
ohci2 at pci2 dev 2 function 2 &quot;Intel EG20T USB&quot; rev 0x02: apic 0 int
19, version 1.0
ehci0 at pci2 dev 2 function 3 &quot;Intel EG20T USB&quot; rev 0x02: apic 0 int 19
usb0 at ehci0: USB revision 2.0
uhub0 at usb0 &quot;Intel EHCI root hub&quot; rev 2.00/1.00 addr 1
&quot;Intel EG20T USB Client&quot; rev 0x02 at pci2 dev 2 function 4 not configured
sdhc0 at pci2 dev 4 function 0 &quot;Intel EG20T SDIO&quot; rev 0x01: apic 0 int 18
sdmmc0 at sdhc0
sdhc1 at pci2 dev 4 function 1 &quot;Intel EG20T SDIO&quot; rev 0x01: apic 0 int 18
sdmmc1 at sdhc1
ahci0 at pci2 dev 6 function 0 &quot;Intel EG20T AHCI&quot; rev 0x02: msi, AHCI 1.1
ahci0: port 0: 3.0Gb/s
scsibus1 at ahci0: 32 targets
sd0 at scsibus1 targ 0 lun 0: &lt;ATA, OCZ-VERTEX, 1.6&gt; SCSI3 0/direct
fixed t10.ATA_OCZ-VERTEX_9T603SWXSS6FMB9I2HXU
sd0: 30533MB, 512 bytes/sector, 62533296 sectors, thin
ohci3 at pci2 dev 8 function 0 &quot;Intel EG20T USB&quot; rev 0x02: apic 0 int
16, version 1.0
ohci4 at pci2 dev 8 function 1 &quot;Intel EG20T USB&quot; rev 0x02: apic 0 int
16, version 1.0
ohci5 at pci2 dev 8 function 2 &quot;Intel EG20T USB&quot; rev 0x02: apic 0 int
16, version 1.0
ehci1 at pci2 dev 8 function 3 &quot;Intel EG20T USB&quot; rev 0x02: apic 0 int 16
usb1 at ehci1: USB revision 2.0
uhub1 at usb1 &quot;Intel EHCI root hub&quot; rev 2.00/1.00 addr 1
&quot;Intel EG20T DMA&quot; rev 0x00 at pci2 dev 10 function 0 not configured
puc0 at pci2 dev 10 function 1 &quot;Intel EG20T Serial&quot; rev 0x01: ports: 1 com
com4 at puc0 port 0 apic 0 int 19: ti16750, 64 byte fifo
puc1 at pci2 dev 10 function 2 &quot;Intel EG20T Serial&quot; rev 0x00: ports: 1 com
com5 at puc1 port 0 apic 0 int 19: ti16750, 64 byte fifo
puc2 at pci2 dev 10 function 3 &quot;Intel EG20T Serial&quot; rev 0x00: ports: 1 com
com6 at puc2 port 0 apic 0 int 19: ti16750, 64 byte fifo
puc3 at pci2 dev 10 function 4 &quot;Intel EG20T Serial&quot; rev 0x00: ports: 1 com
com7 at puc3 port 0 apic 0 int 19: ti16750, 64 byte fifo
&quot;Intel EG20T DMA&quot; rev 0x00 at pci2 dev 12 function 0 not configured
&quot;Intel EG20T SPI&quot; rev 0x00 at pci2 dev 12 function 1 not configured
&quot;Intel EG20T I2C&quot; rev 0x00 at pci2 dev 12 function 2 not configured
&quot;Intel EG20T CAN&quot; rev 0x00 at pci2 dev 12 function 3 not configured
&quot;Intel EG20T 1588&quot; rev 0x01 at pci2 dev 12 function 4 not configured
usb2 at ohci0: USB revision 1.0
uhub2 at usb2 &quot;Intel OHCI root hub&quot; rev 1.00/1.00 addr 1
usb3 at ohci1: USB revision 1.0
uhub3 at usb3 &quot;Intel OHCI root hub&quot; rev 1.00/1.00 addr 1
usb4 at ohci2: USB revision 1.0
uhub4 at usb4 &quot;Intel OHCI root hub&quot; rev 1.00/1.00 addr 1
usb5 at ohci3: USB revision 1.0
uhub5 at usb5 &quot;Intel OHCI root hub&quot; rev 1.00/1.00 addr 1
usb6 at ohci4: USB revision 1.0
uhub6 at usb6 &quot;Intel OHCI root hub&quot; rev 1.00/1.00 addr 1
usb7 at ohci5: USB revision 1.0
uhub7 at usb7 &quot;Intel OHCI root hub&quot; rev 1.00/1.00 addr 1
ppb2 at pci0 dev 24 function 0 &quot;Intel E600 PCIE&quot; rev 0x00
pci3 at ppb2 bus 3
ppb3 at pci3 dev 0 function 0 &quot;IDT 89HPES4T4&quot; rev 0x0e
pci4 at ppb3 bus 4
ppb4 at pci4 dev 2 function 0 &quot;IDT 89HPES4T4&quot; rev 0x0e
pci5 at ppb4 bus 5
em0 at pci5 dev 0 function 0 &quot;Intel 82574L&quot; rev 0x00: msi, address
xx:xx:xx:xx:xx:xx
ppb5 at pci4 dev 3 function 0 &quot;IDT 89HPES4T4&quot; rev 0x0e
pci6 at ppb5 bus 6
em1 at pci6 dev 0 function 0 &quot;Intel 82574L&quot; rev 0x00: msi, address
xx:xx:xx:xx:xx:xx
ppb6 at pci4 dev 4 function 0 &quot;IDT 89HPES4T4&quot; rev 0x0e
pci7 at ppb6 bus 7
ppb7 at pci0 dev 25 function 0 &quot;Intel E600 PCIE&quot; rev 0x00
pci8 at ppb7 bus 8
ppb8 at pci8 dev 0 function 0 &quot;IDT 89HPES4T4&quot; rev 0x0e
pci9 at ppb8 bus 9
ppb9 at pci9 dev 2 function 0 &quot;IDT 89HPES4T4&quot; rev 0x0e
pci10 at ppb9 bus 10
em2 at pci10 dev 0 function 0 &quot;Intel 82574L&quot; rev 0x00: msi, address
xx:xx:xx:xx:xx:xx
ppb10 at pci9 dev 3 function 0 &quot;IDT 89HPES4T4&quot; rev 0x0e
pci11 at ppb10 bus 11
em3 at pci11 dev 0 function 0 &quot;Intel 82574L&quot; rev 0x00: msi, address
xx:xx:xx:xx:xx:xx
ppb11 at pci9 dev 4 function 0 &quot;IDT 89HPES4T4&quot; rev 0x0e
pci12 at ppb11 bus 12
ppb12 at pci0 dev 26 function 0 &quot;Intel E600 PCIE&quot; rev 0x00
pci13 at ppb12 bus 13
tcpcib0 at pci0 dev 31 function 0 &quot;Intel E600 LPC&quot; rev 0x00: 14318179
Hz timer, watchdog
isa0 at tcpcib0
isadma0 at isa0
com0 at isa0 port 0x3f8/8 irq 4: ti16750, 64 byte fifo
com0: console
pcppi0 at isa0 port 0x61
spkr0 at pcppi0
skgpio0 at isa0 port 0x680/32
gpio0 at skgpio0: 16 pins
gpio1 at skgpio0: 2 pins
vscsi0 at root
scsibus2 at vscsi0: 256 targets
softraid0 at root
scsibus3 at softraid0: 256 targets
root on sd0a (56a84be451549ea1.a) swap on sd0b dump on sd0b
hw.sensors.cpu0.temp0=70.00 degC
</pre>



</div><!-- content -->
<br />
<div id="footer">
All comments/news/posts are the property of their individual owner and
is presented without warranty of suitability, and solely as an
informational resource. <br />
This site Copyright &copy; 2004-2020 NYC*BUG.
</div><!-- footer -->

</body>
</html>

