



<!doctype html>
<html lang="en">
<head>
<meta name="keywords"
	content="bsd, freebsd, openbsd, netbsd, dragonflybsd, nycbug, dmesgd" />
<meta name="description" content="New York City BSD User Group dmesgd" />
<meta charset="utf-8" />
<meta name="viewport" content="width=device-width, initial-scale=1" />
<title>NYC*BUG dmesgd</title>
<style>
body {
	text-align: left;
	margin: 15px auto;
	padding: 0px 10px;
}
@media (min-width: 800px) {
	body {
		max-width: 85%;
	}
}
#header {
	border-bottom: 1px solid #dbdbdb;
	font-size: 230%;
	text-align: left;
}
#footer {
	border-top: 1px solid #dbdbdb;
	clear: both;
	text-align: left;
}
.logo_bug {
	color: #cc0033;
}
#menu ul {
	list-style-type: none;
	margin: 0;
	padding: 0;
}
#menu li {
	float: left;
}
#menu li a {
	display: block;
	background-color: #dbdbdb;
	color: #000000;
	font-size: 105%;
	font-weight: bold;
	padding: 0px 6px 0px 6px;
	text-decoration: none;
}
#content {
	clear: both;
	text-align: left;
	padding-top: 10px;
}
#content h1 {
	font-size: 120%;
	font-weight: bold;
}
#content h2 {
	font-size: 110%;
	font-weight: bold;
}
#content a {
	text-decoration: none;
}
#content pre {
	background-color: #dbdbdb;
	padding: 5px 5px 5px 5px;
	white-space: pre-wrap;		/* css-3 */
	white-space: -moz-pre-wrap;	/* Mozilla, since 1999 */
	white-space: -pre-wrap;		/* Opera 4-6 */
	white-space: -o-pre-wrap;	/* Opera 7 */
	word-wrap: break-word;		/* Internet Explorer 5.5+ */
}
#content table {
	border-collapse: collapse;
}
#content table th {
	border: 1px solid #dbdbdb;
	font-size: 85%;
	white-space: nowrap;
}
#content table td {
	border: 1px solid #dbdbdb;
	font-size: 80%;
}
#content input {
	font-size: 1em;
}
#content .full	{ width: 100%; }
#content .left	{ text-align: left; }
#content .right	{ text-align: right; }
#content .center { text-align: center; }
#content .flexbox {
	display: -ms-flex;
	display: -webkit-flex;
	display: flex;
	width: 100%;
}
#content .left_col {
	min-width: 75px;
	max-width: 50%;
	flex-grow: 0;
}
#content .right_col {
	flex-grow: 1;
	margin-left: 10px;
	padding-top: 10px;
	padding-left: 10px;
}
#col {
	-moz-column-count: 3;
	-webkit-column-count: 3;
	column-count: 3;
}
</style>
</head>
<body>

<div id="header">
<strong><em>NYC*</em><span class="logo_bug">BUG</span> dmesgd</strong>
</div><!-- header -->

<div id="menu">
<ul>
<li><a href="https://dmesgd.nycbug.org/index.cgi?do=index">Home</a></li>
<li><a href="https://dmesgd.nycbug.org/index.cgi?do=submit">Submit</a></li>
<li><a href="https://www.nycbug.org/">NYC*BUG</a></li>
</ul>
</div><!-- menu -->

<div id="content">

<p>
Launched in 2004, dmesgd aims to provide a
<strong>user-submitted</strong> repository of searchable *BSD dmesgs.
The dmesg(8) command displays the system message buffer's content, and
during boot a copy is saved to <em>/var/run/dmesg.boot</em>.  This buffer
contains the operating system release, name and version, a list of
devices identified, plus a whole host of other useful information.  We
hope others find this resource useful and further contribute to its
growth. Contact us at [ admin at lists dot nycbug dot org ].
</p>

<hr />


<strong>Date:</strong> <em>2016-04-25 14:00:38</em><br />
<strong>From:</strong> <em>devjr</em><br />
<strong>Description:</strong> <em>HP ProLiant DL380p Gen8</em><br />

<pre>
OpenBSD 5.7 (GENERIC.MP) #0: Thu Apr 30 21:56:27 CEST 2015
    xxx@xxx.xxx:/binpatchng/work-binpatch57-amd64/src/sys/arch/amd64/compile/GENERIC.MP
real mem = 8537354240 (8141MB)
avail mem = 8306171904 (7921MB)
mpath0 at root
scsibus0 at mpath0: 256 targets
mainbus0 at root
bios0 at mainbus0: SMBIOS rev. 2.7 @ 0xbffec000 (188 entries)
bios0: vendor HP version &quot;P70&quot; date 02/25/2012
bios0: HP ProLiant DL380p Gen8
acpi0 at bios0: rev 2
acpi0: sleep states S0 S4 S5
acpi0: tables DSDT FACP SPCR MCFG HPET FFFF SPMI ERST APIC SRAT FFFF BERT HEST DMAR SSDT SSDT SSDT SSDT SSDT
acpi0: wakeup devices PCI0(S5) IPT1(S5) IPT2(S5) IPT3(S5) IPT4(S5) IPT5(S5) IPT6(S5) IPT7(S5) IPT8(S5)
acpitimer0 at acpi0: 3579545 Hz, 24 bits
acpimcfg0 at acpi0 addr 0xc0000000, bus 0-255
acpihpet0 at acpi0: 14318179 Hz
acpimadt0 at acpi0 addr 0xfee00000: PC-AT compat
cpu0 at mainbus0: apid 0 (boot processor)
cpu0: Intel(R) Xeon(R) CPU E5-2643 0 @ 3.30GHz, 3292.57 MHz
cpu0: FPU,VME,DE,PSE,TSC,MSR,PAE,MCE,CX8,APIC,SEP,MTRR,PGE,MCA,CMOV,PAT,PSE36,CFLUSH,DS,ACPI,MMX,FXSR,SSE,SSE2,SS,HTT,TM,PBE,SSE3,PCLMUL,DTES64,MWAIT,DS-CPL,VMX,SMX,EST,TM2,SSSE3,CX16,xTPR,PDCM,PCID,DCA,SSE4.1,SSE4.2,x2APIC,POPCNT,DEADLINE,AES,XSAVE,AVX,NXE,PAGE1GB,LONG,LAHF,PERF,ITSC
cpu0: 256KB 64b/line 8-way L2 cache
cpu0: smt 0, core 0, package 0
mtrr: Pentium Pro MTRR support, 10 var ranges, 88 fixed ranges
cpu0: apic clock running at 99MHz
cpu0: mwait min=64, max=64, C-substates=0.2.1.1.2, IBE
cpu1 at mainbus0: apid 2 (application processor)
cpu1: Intel(R) Xeon(R) CPU E5-2643 0 @ 3.30GHz, 3292.07 MHz
cpu1: FPU,VME,DE,PSE,TSC,MSR,PAE,MCE,CX8,APIC,SEP,MTRR,PGE,MCA,CMOV,PAT,PSE36,CFLUSH,DS,ACPI,MMX,FXSR,SSE,SSE2,SS,HTT,TM,PBE,SSE3,PCLMUL,DTES64,MWAIT,DS-CPL,VMX,SMX,EST,TM2,SSSE3,CX16,xTPR,PDCM,PCID,DCA,SSE4.1,SSE4.2,x2APIC,POPCNT,DEADLINE,AES,XSAVE,AVX,NXE,PAGE1GB,LONG,LAHF,PERF,ITSC
cpu1: 256KB 64b/line 8-way L2 cache
cpu1: smt 0, core 1, package 0
cpu2 at mainbus0: apid 4 (application processor)
cpu2: Intel(R) Xeon(R) CPU E5-2643 0 @ 3.30GHz, 3292.07 MHz
cpu2: FPU,VME,DE,PSE,TSC,MSR,PAE,MCE,CX8,APIC,SEP,MTRR,PGE,MCA,CMOV,PAT,PSE36,CFLUSH,DS,ACPI,MMX,FXSR,SSE,SSE2,SS,HTT,TM,PBE,SSE3,PCLMUL,DTES64,MWAIT,DS-CPL,VMX,SMX,EST,TM2,SSSE3,CX16,xTPR,PDCM,PCID,DCA,SSE4.1,SSE4.2,x2APIC,POPCNT,DEADLINE,AES,XSAVE,AVX,NXE,PAGE1GB,LONG,LAHF,PERF,ITSC
cpu2: 256KB 64b/line 8-way L2 cache
cpu2: smt 0, core 2, package 0
cpu3 at mainbus0: apid 6 (application processor)
cpu3: Intel(R) Xeon(R) CPU E5-2643 0 @ 3.30GHz, 3292.07 MHz
cpu3: FPU,VME,DE,PSE,TSC,MSR,PAE,MCE,CX8,APIC,SEP,MTRR,PGE,MCA,CMOV,PAT,PSE36,CFLUSH,DS,ACPI,MMX,FXSR,SSE,SSE2,SS,HTT,TM,PBE,SSE3,PCLMUL,DTES64,MWAIT,DS-CPL,VMX,SMX,EST,TM2,SSSE3,CX16,xTPR,PDCM,PCID,DCA,SSE4.1,SSE4.2,x2APIC,POPCNT,DEADLINE,AES,XSAVE,AVX,NXE,PAGE1GB,LONG,LAHF,PERF,ITSC
cpu3: 256KB 64b/line 8-way L2 cache
cpu3: smt 0, core 3, package 0
cpu4 at mainbus0: apid 1 (application processor)
cpu4: Intel(R) Xeon(R) CPU E5-2643 0 @ 3.30GHz, 3292.07 MHz
cpu4: FPU,VME,DE,PSE,TSC,MSR,PAE,MCE,CX8,APIC,SEP,MTRR,PGE,MCA,CMOV,PAT,PSE36,CFLUSH,DS,ACPI,MMX,FXSR,SSE,SSE2,SS,HTT,TM,PBE,SSE3,PCLMUL,DTES64,MWAIT,DS-CPL,VMX,SMX,EST,TM2,SSSE3,CX16,xTPR,PDCM,PCID,DCA,SSE4.1,SSE4.2,x2APIC,POPCNT,DEADLINE,AES,XSAVE,AVX,NXE,PAGE1GB,LONG,LAHF,PERF,ITSC
cpu4: 256KB 64b/line 8-way L2 cache
cpu4: smt 1, core 0, package 0
cpu5 at mainbus0: apid 3 (application processor)
cpu5: Intel(R) Xeon(R) CPU E5-2643 0 @ 3.30GHz, 3292.07 MHz
cpu5: FPU,VME,DE,PSE,TSC,MSR,PAE,MCE,CX8,APIC,SEP,MTRR,PGE,MCA,CMOV,PAT,PSE36,CFLUSH,DS,ACPI,MMX,FXSR,SSE,SSE2,SS,HTT,TM,PBE,SSE3,PCLMUL,DTES64,MWAIT,DS-CPL,VMX,SMX,EST,TM2,SSSE3,CX16,xTPR,PDCM,PCID,DCA,SSE4.1,SSE4.2,x2APIC,POPCNT,DEADLINE,AES,XSAVE,AVX,NXE,PAGE1GB,LONG,LAHF,PERF,ITSC
cpu5: 256KB 64b/line 8-way L2 cache
cpu5: smt 1, core 1, package 0
cpu6 at mainbus0: apid 5 (application processor)
cpu6: Intel(R) Xeon(R) CPU E5-2643 0 @ 3.30GHz, 3292.07 MHz
cpu6: FPU,VME,DE,PSE,TSC,MSR,PAE,MCE,CX8,APIC,SEP,MTRR,PGE,MCA,CMOV,PAT,PSE36,CFLUSH,DS,ACPI,MMX,FXSR,SSE,SSE2,SS,HTT,TM,PBE,SSE3,PCLMUL,DTES64,MWAIT,DS-CPL,VMX,SMX,EST,TM2,SSSE3,CX16,xTPR,PDCM,PCID,DCA,SSE4.1,SSE4.2,x2APIC,POPCNT,DEADLINE,AES,XSAVE,AVX,NXE,PAGE1GB,LONG,LAHF,PERF,ITSC
cpu6: 256KB 64b/line 8-way L2 cache
cpu6: smt 1, core 2, package 0
cpu7 at mainbus0: apid 7 (application processor)
cpu7: Intel(R) Xeon(R) CPU E5-2643 0 @ 3.30GHz, 3292.07 MHz
cpu7: FPU,VME,DE,PSE,TSC,MSR,PAE,MCE,CX8,APIC,SEP,MTRR,PGE,MCA,CMOV,PAT,PSE36,CFLUSH,DS,ACPI,MMX,FXSR,SSE,SSE2,SS,HTT,TM,PBE,SSE3,PCLMUL,DTES64,MWAIT,DS-CPL,VMX,SMX,EST,TM2,SSSE3,CX16,xTPR,PDCM,PCID,DCA,SSE4.1,SSE4.2,x2APIC,POPCNT,DEADLINE,AES,XSAVE,AVX,NXE,PAGE1GB,LONG,LAHF,PERF,ITSC
cpu7: 256KB 64b/line 8-way L2 cache
cpu7: smt 1, core 3, package 0
ioapic0 at mainbus0: apid 8 pa 0xfec00000, version 20, 24 pins
ioapic1 at mainbus0: apid 0 pa 0xfec10000, version 20, 24 pins
acpiprt0 at acpi0: bus 11 (IPT1)
acpiprt1 at acpi0: bus -1 (IPT2)
acpiprt2 at acpi0: bus -1 (IPT3)
acpiprt3 at acpi0: bus -1 (IPT4)
acpiprt4 at acpi0: bus -1 (IPT5)
acpiprt5 at acpi0: bus -1 (IPT6)
acpiprt6 at acpi0: bus -1 (IPT7)
acpiprt7 at acpi0: bus 1 (IPT8)
acpiprt8 at acpi0: bus 28 (VRP1)
acpiprt9 at acpi0: bus 7 (PT1A)
acpiprt10 at acpi0: bus 21 (PT1B)
acpiprt11 at acpi0: bus 3 (PT2A)
acpiprt12 at acpi0: bus 22 (PT2B)
acpiprt13 at acpi0: bus 2 (PT2C)
acpiprt14 at acpi0: bus 23 (PT2D)
acpiprt15 at acpi0: bus 4 (PT3A)
acpiprt16 at acpi0: bus 24 (PT3B)
acpiprt17 at acpi0: bus 25 (PT3C)
acpiprt18 at acpi0: bus 26 (PT3D)
acpiprt19 at acpi0: bus 0 (PCI0)
acpicpu0 at acpi0: C2, C1
acpicpu1 at acpi0: C2, C1
acpicpu2 at acpi0: C2, C1
acpicpu3 at acpi0: C2, C1
acpicpu4 at acpi0: C2, C1
acpicpu5 at acpi0: C2, C1
acpicpu6 at acpi0: C2, C1
acpitz0 at acpi0: critical temperature is 31 degC
ipmi at mainbus0 not configured
pci0 at mainbus0 bus 0
pchb0 at pci0 dev 0 function 0 &quot;Intel E5 Host&quot; rev 0x07
ppb0 at pci0 dev 1 function 0 &quot;Intel E5 PCIE&quot; rev 0x07
pci1 at ppb0 bus 7
ppb1 at pci1 dev 0 function 0 &quot;IDT 89HPES12N3A&quot; rev 0x0e
pci2 at ppb1 bus 8
ppb2 at pci2 dev 2 function 0 &quot;IDT 89HPES12N3A&quot; rev 0x0e
pci3 at ppb2 bus 9
em0 at pci3 dev 0 function 0 &quot;Intel 82571EB&quot; rev 0x06: apic 0 int 6, address xx:xx:xx:xx:xx:xx
em1 at pci3 dev 0 function 1 &quot;Intel 82571EB&quot; rev 0x06: apic 0 int 5, address xx:xx:xx:xx:xx:xx
ppb3 at pci2 dev 4 function 0 &quot;IDT 89HPES12N3A&quot; rev 0x0e
pci4 at ppb3 bus 10
em2 at pci4 dev 0 function 0 &quot;Intel 82571EB&quot; rev 0x06: apic 0 int 4, address xx:xx:xx:xx:xx:xx
em3 at pci4 dev 0 function 1 &quot;Intel 82571EB&quot; rev 0x06: apic 0 int 2, address xx:xx:xx:xx:xx:xx
ppb4 at pci0 dev 1 function 1 &quot;Intel E5 PCIE&quot; rev 0x07
pci5 at ppb4 bus 21
ppb5 at pci0 dev 2 function 0 &quot;Intel E5 PCIE&quot; rev 0x07
pci6 at ppb5 bus 3
bge0 at pci6 dev 0 function 0 &quot;Broadcom BCM5719&quot; rev 0x01, unknown BCM5719 (0x5719001), APE firmware NCSI 1.0.80.0: msi, address xx:xx:xx:xx:xx:xx
brgphy0 at bge0 phy 1: BCM5719C 10/100/1000baseT PHY, rev. 0
bge1 at pci6 dev 0 function 1 &quot;Broadcom BCM5719&quot; rev 0x01, unknown BCM5719 (0x5719001), APE firmware NCSI 1.0.80.0: msi, address xx:xx:xx:xx:xx:xx
brgphy1 at bge1 phy 2: BCM5719C 10/100/1000baseT PHY, rev. 0
bge2 at pci6 dev 0 function 2 &quot;Broadcom BCM5719&quot; rev 0x01, unknown BCM5719 (0x5719001), APE firmware NCSI 1.0.80.0: msi, address xx:xx:xx:xx:xx:xx
brgphy2 at bge2 phy 3: BCM5719C 10/100/1000baseT PHY, rev. 0
bge3 at pci6 dev 0 function 3 &quot;Broadcom BCM5719&quot; rev 0x01, unknown BCM5719 (0x5719001), APE firmware NCSI 1.0.80.0: msi, address xx:xx:xx:xx:xx:xx
brgphy3 at bge3 phy 4: BCM5719C 10/100/1000baseT PHY, rev. 0
ppb6 at pci0 dev 2 function 1 &quot;Intel E5 PCIE&quot; rev 0x07
pci7 at ppb6 bus 22
ppb7 at pci0 dev 2 function 2 &quot;Intel E5 PCIE&quot; rev 0x07
pci8 at ppb7 bus 2
ciss0 at pci8 dev 0 function 0 &quot;Hewlett-Packard Smart Array&quot; rev 0x01: apic 0 int 10
ciss0: 1 LD, HW rev 1, FW 2.14/2.14, 64bit fifo rro
scsibus1 at ciss0: 1 targets
sd0 at scsibus1 targ 0 lun 0: &lt;HP, LOGICAL VOLUME, 2.14&gt; SCSI3 0/direct fixed
sd0: 69973MB, 512 bytes/sector, 143305920 sectors
ppb8 at pci0 dev 2 function 3 &quot;Intel E5 PCIE&quot; rev 0x07
pci9 at ppb8 bus 23
ppb9 at pci0 dev 3 function 0 &quot;Intel E5 PCIE&quot; rev 0x07
pci10 at ppb9 bus 4
ppb10 at pci0 dev 3 function 1 &quot;Intel E5 PCIE&quot; rev 0x07
pci11 at ppb10 bus 24
ppb11 at pci0 dev 3 function 2 &quot;Intel E5 PCIE&quot; rev 0x07
pci12 at ppb11 bus 25
ppb12 at pci0 dev 3 function 3 &quot;Intel E5 PCIE&quot; rev 0x07
pci13 at ppb12 bus 26
&quot;Intel E5 DMA&quot; rev 0x07 at pci0 dev 4 function 0 not configured
&quot;Intel E5 DMA&quot; rev 0x07 at pci0 dev 4 function 1 not configured
&quot;Intel E5 DMA&quot; rev 0x07 at pci0 dev 4 function 2 not configured
&quot;Intel E5 DMA&quot; rev 0x07 at pci0 dev 4 function 3 not configured
&quot;Intel E5 DMA&quot; rev 0x07 at pci0 dev 4 function 4 not configured
&quot;Intel E5 DMA&quot; rev 0x07 at pci0 dev 4 function 5 not configured
&quot;Intel E5 DMA&quot; rev 0x07 at pci0 dev 4 function 6 not configured
&quot;Intel E5 DMA&quot; rev 0x07 at pci0 dev 4 function 7 not configured
&quot;Intel E5 Address Map&quot; rev 0x07 at pci0 dev 5 function 0 not configured
&quot;Intel E5 Error Reporting&quot; rev 0x07 at pci0 dev 5 function 2 not configured
&quot;Intel E5 I/O APIC&quot; rev 0x07 at pci0 dev 5 function 4 not configured
ppb13 at pci0 dev 17 function 0 &quot;Intel C600 Virtual PCIE&quot; rev 0x05
pci14 at ppb13 bus 28
ehci0 at pci0 dev 26 function 0 &quot;Intel C600 USB&quot; rev 0x05: apic 8 int 21
usb0 at ehci0: USB revision 2.0
uhub0 at usb0 &quot;Intel EHCI root hub&quot; rev 2.00/1.00 addr 1
ppb14 at pci0 dev 28 function 0 &quot;Intel C600 PCIE&quot; rev 0xb5
pci15 at ppb14 bus 11
ppb15 at pci15 dev 0 function 0 &quot;IDT 89HPES12N3A&quot; rev 0x0e
pci16 at ppb15 bus 12
ppb16 at pci16 dev 2 function 0 &quot;IDT 89HPES12N3A&quot; rev 0x0e
pci17 at ppb16 bus 13
em4 at pci17 dev 0 function 0 &quot;Intel 82571EB&quot; rev 0x06: apic 8 int 19, address xx:xx:xx:xx:xx:xx
em5 at pci17 dev 0 function 1 &quot;Intel 82571EB&quot; rev 0x06: apic 8 int 18, address xx:xx:xx:xx:xx:xx
ppb17 at pci16 dev 4 function 0 &quot;IDT 89HPES12N3A&quot; rev 0x0e
pci18 at ppb17 bus 14
em6 at pci18 dev 0 function 0 &quot;Intel 82571EB&quot; rev 0x06: apic 8 int 17, address xx:xx:xx:xx:xx:xx
em7 at pci18 dev 0 function 1 &quot;Intel 82571EB&quot; rev 0x06: apic 8 int 16, address xx:xx:xx:xx:xx:xx
ppb18 at pci0 dev 28 function 7 &quot;Intel C600 PCIE&quot; rev 0xb5
pci19 at ppb18 bus 1
&quot;Hewlett-Packard iLO3 Slave&quot; rev 0x05 at pci19 dev 0 function 0 not configured
vga1 at pci19 dev 0 function 1 &quot;Matrox MGA G200eH&quot; rev 0x00
wsdisplay0 at vga1 mux 1: console (80x25, vt100 emulation)
wsdisplay0: screen 1-5 added (80x25, vt100 emulation)
&quot;Hewlett-Packard iLO3 Management&quot; rev 0x05 at pci19 dev 0 function 2 not configured
uhci0 at pci19 dev 0 function 4 &quot;Hewlett-Packard USB&quot; rev 0x02: apic 8 int 16
usb1 at uhci0: USB revision 1.0
uhub1 at usb1 &quot;Hewlett-Packard UHCI root hub&quot; rev 1.00/1.00 addr 1
ehci1 at pci0 dev 29 function 0 &quot;Intel C600 USB&quot; rev 0x05: apic 8 int 20
usb2 at ehci1: USB revision 2.0
uhub2 at usb2 &quot;Intel EHCI root hub&quot; rev 2.00/1.00 addr 1
ppb19 at pci0 dev 30 function 0 &quot;Intel 82801BA Hub-to-PCI&quot; rev 0xa5
pci20 at ppb19 bus 27
pcib0 at pci0 dev 31 function 0 &quot;Intel C600 LPC&quot; rev 0x05
pciide0 at pci0 dev 31 function 2 &quot;Intel C600 SATA&quot; rev 0x05: DMA, channel 0 configured to native-PCI, channel 1 configured to native-PCI
pciide0: using apic 8 int 17 for native-PCI interrupt
isa0 at pcib0
isadma0 at isa0
com0 at isa0 port 0x3f8/8 irq 4: ns16550a, 16 byte fifo
com1 at isa0 port 0x2f8/8 irq 3: ns16550a, 16 byte fifo
com1: probed fifo depth: 0 bytes
pckbc0 at isa0 port 0x60/5
pckbd0 at pckbc0 (kbd slot)
pckbc0: using irq 1 for kbd slot
wskbd0 at pckbd0: console keyboard, using wsdisplay0
pcppi0 at isa0 port 0x61
spkr0 at pcppi0
uhub3 at uhub0 port 1 &quot;Intel Rate Matching Hub&quot; rev 2.00/0.00 addr 2
uhidev0 at uhub3 port 3 configuration 1 interface 0 &quot;Avocent HP 336047-B21&quot; rev 1.10/1.00 addr 3
uhidev0: iclass 3/1
ukbd0 at uhidev0: 8 variable keys, 6 key codes, country code 33
wskbd1 at ukbd0 mux 1
wskbd1: connecting to wsdisplay0
uhidev1 at uhub3 port 3 configuration 1 interface 1 &quot;Avocent HP 336047-B21&quot; rev 1.10/1.00 addr 3
uhidev1: iclass 3/1, 3 report ids
ums0 at uhidev1 reportid 1: 5 buttons, Z dir
wsmouse0 at ums0 mux 0
uhid0 at uhidev1 reportid 2: input=2, output=0, feature=0
uhid1 at uhidev1 reportid 3: input=1, output=0, feature=0
uhub4 at uhub2 port 1 &quot;Intel Rate Matching Hub&quot; rev 2.00/0.00 addr 2
uhub5 at uhub4 port 3 &quot;Standard Microsystems product 0x2660&quot; rev 2.00/8.a1 addr 3
vscsi0 at root
scsibus2 at vscsi0: 256 targets
softraid0 at root
scsibus3 at softraid0: 256 targets
root on sd0a (959ed2e5044b7147.a) swap on sd0b dump on sd0b
uhidev2 at uhub1 port 1 configuration 1 interface 0 &quot;HP Virtual Keyboard&quot; rev 1.10/0.02 addr 2
uhidev2: iclass 3/1
ukbd1 at uhidev2: 8 variable keys, 6 key codes, country code 33
wskbd2 at ukbd1 mux 1
wskbd2: connecting to wsdisplay0
uhidev3 at uhub1 port 1 configuration 1 interface 1 &quot;HP Virtual Keyboard&quot; rev 1.10/0.02 addr 2
uhidev3: iclass 3/1
ums1 at uhidev3: 3 buttons
wsmouse1 at ums1 mux 0

</pre>



</div><!-- content -->
<br />
<div id="footer">
All comments/news/posts are the property of their individual owner and
is presented without warranty of suitability, and solely as an
informational resource. <br />
This site Copyright &copy; 2004-2020 NYC*BUG.
</div><!-- footer -->

</body>
</html>

