



<!doctype html>
<html lang="en">
<head>
<meta name="keywords"
	content="bsd, freebsd, openbsd, netbsd, dragonflybsd, nycbug, dmesgd" />
<meta name="description" content="New York City BSD User Group dmesgd" />
<meta charset="utf-8" />
<meta name="viewport" content="width=device-width, initial-scale=1" />
<title>NYC*BUG dmesgd</title>
<style>
body {
	text-align: left;
	margin: 15px auto;
	padding: 0px 10px;
}
@media (min-width: 800px) {
	body {
		max-width: 85%;
	}
}
#header {
	border-bottom: 1px solid #dbdbdb;
	font-size: 230%;
	text-align: left;
}
#footer {
	border-top: 1px solid #dbdbdb;
	clear: both;
	text-align: left;
}
.logo_bug {
	color: #cc0033;
}
#menu ul {
	list-style-type: none;
	margin: 0;
	padding: 0;
}
#menu li {
	float: left;
}
#menu li a {
	display: block;
	background-color: #dbdbdb;
	color: #000000;
	font-size: 105%;
	font-weight: bold;
	padding: 0px 6px 0px 6px;
	text-decoration: none;
}
#content {
	clear: both;
	text-align: left;
	padding-top: 10px;
}
#content h1 {
	font-size: 120%;
	font-weight: bold;
}
#content h2 {
	font-size: 110%;
	font-weight: bold;
}
#content a {
	text-decoration: none;
}
#content pre {
	background-color: #dbdbdb;
	padding: 5px 5px 5px 5px;
	white-space: pre-wrap;		/* css-3 */
	white-space: -moz-pre-wrap;	/* Mozilla, since 1999 */
	white-space: -pre-wrap;		/* Opera 4-6 */
	white-space: -o-pre-wrap;	/* Opera 7 */
	word-wrap: break-word;		/* Internet Explorer 5.5+ */
}
#content table {
	border-collapse: collapse;
}
#content table th {
	border: 1px solid #dbdbdb;
	font-size: 85%;
	white-space: nowrap;
}
#content table td {
	border: 1px solid #dbdbdb;
	font-size: 80%;
}
#content input {
	font-size: 1em;
}
#content .full	{ width: 100%; }
#content .left	{ text-align: left; }
#content .right	{ text-align: right; }
#content .center { text-align: center; }
#content .flexbox {
	display: -ms-flex;
	display: -webkit-flex;
	display: flex;
	width: 100%;
}
#content .left_col {
	min-width: 75px;
	max-width: 50%;
	flex-grow: 0;
}
#content .right_col {
	flex-grow: 1;
	margin-left: 10px;
	padding-top: 10px;
	padding-left: 10px;
}
#col {
	-moz-column-count: 3;
	-webkit-column-count: 3;
	column-count: 3;
}
</style>
</head>
<body>

<div id="header">
<strong><em>NYC*</em><span class="logo_bug">BUG</span> dmesgd</strong>
</div><!-- header -->

<div id="menu">
<ul>
<li><a href="https://dmesgd.nycbug.org/index.cgi?do=index">Home</a></li>
<li><a href="https://dmesgd.nycbug.org/index.cgi?do=submit">Submit</a></li>
<li><a href="https://www.nycbug.org/">NYC*BUG</a></li>
</ul>
</div><!-- menu -->

<div id="content">

<p>
Launched in 2004, dmesgd aims to provide a
<strong>user-submitted</strong> repository of searchable *BSD dmesgs.
The dmesg(8) command displays the system message buffer's content, and
during boot a copy is saved to <em>/var/run/dmesg.boot</em>.  This buffer
contains the operating system release, name and version, a list of
devices identified, plus a whole host of other useful information.  We
hope others find this resource useful and further contribute to its
growth. Contact us at [ admin at lists dot nycbug dot org ].
</p>

<hr />


<strong>Date:</strong> <em>2016-04-25 14:01:45</em><br />
<strong>From:</strong> <em>devjr</em><br />
<strong>Description:</strong> <em>HP ProLiant DL360p Gen4</em><br />

<pre>
OpenBSD 5.5-stable (GENERIC.MP) #1: Thu Aug 21 16:41:09 CEST 2014
    xxx@xxx.xxx:/usr/src/sys/arch/i386/compile/GENERIC.MP
cpu0: Intel(R) Xeon(TM) CPU 3.60GHz (&quot;GenuineIntel&quot; 686-class) 3.61 GHz
cpu0: FPU,V86,DE,PSE,TSC,MSR,PAE,MCE,CX8,APIC,SEP,MTRR,PGE,MCA,CMOV,PAT,PSE36,CFLUSH,DS,ACPI,MMX,FXSR,SSE,SSE2,SS,HTT,TM,PBE,LONG,SSE3,DTES64,MWAIT,DS-CPL,EST,TM2,CNXT-ID,CX16,xTPR,PERF
real mem  = 2146934784 (2047MB)
avail mem = 2099535872 (2002MB)
mainbus0 at root
bios0 at mainbus0: AT/286+ BIOS, date 12/31/99, BIOS32 rev. 0 @ 0xf0000, SMBIOS rev. 2.3 @ 0xec000 (54 entries)
bios0: vendor HP version &quot;P52&quot; date 12/02/2004
bios0: HP ProLiant DL360 G4
acpi0 at bios0: rev 2
acpi0: sleep states S0 S4 S5
acpi0: tables DSDT FACP SPCR MCFG APIC
acpi0: wakeup devices
acpitimer0 at acpi0: 3579545 Hz, 24 bits
acpimcfg0 at acpi0 addr 0xe0000000, bus 0-255
acpimadt0 at acpi0 addr 0xfee00000: PC-AT compat
cpu0 at mainbus0: apid 0 (boot processor)
mtrr: Pentium Pro MTRR support, 8 var ranges, 88 fixed ranges
cpu0: apic clock running at 200MHz
cpu0: mwait min=64, max=64
cpu1 at mainbus0: apid 1 (application processor)
cpu1: Intel(R) Xeon(TM) CPU 3.60GHz (&quot;GenuineIntel&quot; 686-class) 3.61 GHz
cpu1: FPU,V86,DE,PSE,TSC,MSR,PAE,MCE,CX8,APIC,SEP,MTRR,PGE,MCA,CMOV,PAT,PSE36,CFLUSH,DS,ACPI,MMX,FXSR,SSE,SSE2,SS,HTT,TM,PBE,LONG,SSE3,DTES64,MWAIT,DS-CPL,EST,TM2,CNXT-ID,CX16,xTPR,PERF
ioapic0 at mainbus0: apid 8 pa 0xfec00000, version 20, 24 pins
ioapic1 at mainbus0: apid 9 pa 0xfec10000, version 20, 24 pins
ioapic1: misconfigured as apic 0, remapped to apid 9
ioapic2 at mainbus0: apid 10 pa 0xfec82000, version 20, 24 pins
ioapic3 at mainbus0: apid 11 pa 0xfec82100, version 20, 24 pins
acpiprt0 at acpi0: bus 1 (IP2P)
acpiprt1 at acpi0: bus 2 (ICHR)
acpiprt2 at acpi0: bus 7 (PCXA)
acpiprt3 at acpi0: bus 10 (PCXB)
acpiprt4 at acpi0: bus 6 (PTB0)
acpiprt5 at acpi0: bus 13 (PTA0)
acpiprt6 at acpi0: bus 3 (PTC0)
acpiprt7 at acpi0: bus 0 (PCI0)
acpicpu0 at acpi0
acpicpu1 at acpi0
acpitz0 at acpi0: critical temperature is 31 degC
bios0: ROM list: 0xc0000/0x8000 0xc8000/0x4000! 0xcc000/0x1800 0xee000/0x2000!
cpu0: Enhanced SpeedStep disabled by BIOS
pci0 at mainbus0 bus 0: configuration mode 1 (bios)
0:30:0: bridge io address conflict 0x1000/0x3000
pchb0 at pci0 dev 0 function 0 &quot;Intel E7520 Host&quot; rev 0x0c
ppb0 at pci0 dev 2 function 0 &quot;Intel E7520 PCIE&quot; rev 0x0c
pci1 at ppb0 bus 13
ppb1 at pci0 dev 4 function 0 &quot;Intel E7520 PCIE&quot; rev 0x0c
pci2 at ppb1 bus 6
ppb2 at pci2 dev 0 function 0 &quot;Intel 6700PXH PCIE-PCIX&quot; rev 0x09
pci3 at ppb2 bus 7
ppb3 at pci3 dev 1 function 0 &quot;Pericom PI7C21P100 PCIX-PCIX&quot; rev 0x01
pci4 at ppb3 bus 8
em0 at pci4 dev 4 function 0 &quot;Intel 82546GB&quot; rev 0x03: apic 10 int 0, address xx:xx:xx:xx:xx:xx
em1 at pci4 dev 4 function 1 &quot;Intel 82546GB&quot; rev 0x03: apic 10 int 1, address xx:xx:xx:xx:xx:xx
em2 at pci4 dev 6 function 0 &quot;Intel 82546GB&quot; rev 0x03: apic 10 int 2, address xx:xx:xx:xx:xx:xx
em3 at pci4 dev 6 function 1 &quot;Intel 82546GB&quot; rev 0x03: apic 10 int 3, address xx:xx:xx:xx:xx:xx
ppb4 at pci2 dev 0 function 2 &quot;Intel 6700PXH PCIE-PCIX&quot; rev 0x09
pci5 at ppb4 bus 10
ppb5 at pci0 dev 6 function 0 &quot;Intel E7520 PCIE&quot; rev 0x0c
pci6 at ppb5 bus 3
ppb6 at pci0 dev 28 function 0 &quot;Intel 6300ESB PCIX&quot; rev 0x02
pci7 at ppb6 bus 2
ciss0 at pci7 dev 1 function 0 &quot;Compaq Smart Array 64xx&quot; rev 0x01: apic 9 int 0
ciss0: 1 LD, HW rev 1, FW 2.36/2.36, 64bit fifo
scsibus0 at ciss0: 1 targets
sd0 at scsibus0 targ 0 lun 0: &lt;HP, LOGICAL VOLUME, 2.36&gt; SCSI0 0/direct fixed
sd0: 69459MB, 512 bytes/sector, 142253280 sectors
bge0 at pci7 dev 2 function 0 &quot;Broadcom BCM5704C&quot; rev 0x10, BCM5704 B0 (0x2100): apic 9 int 1, address xx:xx:xx:xx:xx:xx
brgphy0 at bge0 phy 1: BCM5704 10/100/1000baseT PHY, rev. 0
bge1 at pci7 dev 2 function 1 &quot;Broadcom BCM5704C&quot; rev 0x10, BCM5704 B0 (0x2100): apic 9 int 2, address xx:xx:xx:xx:xx:xx
brgphy1 at bge1 phy 1: BCM5704 10/100/1000baseT PHY, rev. 0
uhci0 at pci0 dev 29 function 0 &quot;Intel 6300ESB USB&quot; rev 0x02: apic 8 int 16
uhci1 at pci0 dev 29 function 1 &quot;Intel 6300ESB USB&quot; rev 0x02: apic 8 int 19
&quot;Intel 6300ESB WDT&quot; rev 0x02 at pci0 dev 29 function 4 not configured
&quot;Intel 6300ESB APIC&quot; rev 0x02 at pci0 dev 29 function 5 not configured
ehci0 at pci0 dev 29 function 7 &quot;Intel 6300ESB USB&quot; rev 0x02: apic 8 int 23
usb0 at ehci0: USB revision 2.0
uhub0 at usb0 &quot;Intel EHCI root hub&quot; rev 2.00/1.00 addr 1
ppb7 at pci0 dev 30 function 0 &quot;Intel 82801BA Hub-to-PCI&quot; rev 0x0a
pci8 at ppb7 bus 1
vga1 at pci8 dev 3 function 0 &quot;ATI Rage XL&quot; rev 0x27
wsdisplay0 at vga1 mux 1: console (80x25, vt100 emulation)
wsdisplay0: screen 1-5 added (80x25, vt100 emulation)
&quot;Compaq iLO&quot; rev 0x01 at pci8 dev 4 function 0 not configured
&quot;Compaq iLO&quot; rev 0x01 at pci8 dev 4 function 2 not configured
ichpcib0 at pci0 dev 31 function 0 &quot;Intel 6300ESB LPC&quot; rev 0x02
pciide0 at pci0 dev 31 function 1 &quot;Intel 6300ESB IDE&quot; rev 0x02: DMA, channel 0 configured to compatibility, channel 1 configured to compatibility
atapiscsi0 at pciide0 channel 0 drive 0
scsibus1 at atapiscsi0: 2 targets
cd0 at scsibus1 targ 0 lun 0: &lt;COMPAQ, CD-ROM SN-124, N104&gt; ATAPI 5/cdrom removable
cd0(pciide0:0:0): using PIO mode 4
pciide0: channel 1 disabled (no drives)
usb1 at uhci0: USB revision 1.0
uhub1 at usb1 &quot;Intel UHCI root hub&quot; rev 1.00/1.00 addr 1
usb2 at uhci1: USB revision 1.0
uhub2 at usb2 &quot;Intel UHCI root hub&quot; rev 1.00/1.00 addr 1
isa0 at ichpcib0
isadma0 at isa0
com0 at isa0 port 0x3f8/8 irq 4: ns16550a, 16 byte fifo
com1 at isa0 port 0x2f8/8 irq 3: ns16550a, 16 byte fifo
com1: probed fifo depth: 0 bytes
pckbc0 at isa0 port 0x60/5
pckbd0 at pckbc0 (kbd slot)
pckbc0: using irq 1 for kbd slot
wskbd0 at pckbd0: console keyboard, using wsdisplay0
pms0 at pckbc0 (aux slot)
pckbc0: using irq 12 for aux slot
wsmouse0 at pms0 mux 0
pcppi0 at isa0 port 0x61
spkr0 at pcppi0
npx0 at isa0 port 0xf0/16: reported by CPUID; using exception 16
fdc0 at isa0 port 0x3f0/6 irq 6 drq 2
fd0 at fdc0 drive 0: 1.44MB 80 cyl, 2 head, 18 sec
vscsi0 at root
scsibus2 at vscsi0: 256 targets
softraid0 at root
scsibus3 at softraid0: 256 targets
root on sd0a (fab2c5b3fac79be8.a) swap on sd0b dump on sd0b

</pre>



</div><!-- content -->
<br />
<div id="footer">
All comments/news/posts are the property of their individual owner and
is presented without warranty of suitability, and solely as an
informational resource. <br />
This site Copyright &copy; 2004-2020 NYC*BUG.
</div><!-- footer -->

</body>
</html>

