



<!doctype html>
<html lang="en">
<head>
<meta name="keywords"
	content="bsd, freebsd, openbsd, netbsd, dragonflybsd, nycbug, dmesgd" />
<meta name="description" content="New York City BSD User Group dmesgd" />
<meta charset="utf-8" />
<meta name="viewport" content="width=device-width, initial-scale=1" />
<title>NYC*BUG dmesgd</title>
<style>
body {
	text-align: left;
	margin: 15px auto;
	padding: 0px 10px;
}
@media (min-width: 800px) {
	body {
		max-width: 85%;
	}
}
#header {
	border-bottom: 1px solid #dbdbdb;
	font-size: 230%;
	text-align: left;
}
#footer {
	border-top: 1px solid #dbdbdb;
	clear: both;
	text-align: left;
}
.logo_bug {
	color: #cc0033;
}
#menu ul {
	list-style-type: none;
	margin: 0;
	padding: 0;
}
#menu li {
	float: left;
}
#menu li a {
	display: block;
	background-color: #dbdbdb;
	color: #000000;
	font-size: 105%;
	font-weight: bold;
	padding: 0px 6px 0px 6px;
	text-decoration: none;
}
#content {
	clear: both;
	text-align: left;
	padding-top: 10px;
}
#content h1 {
	font-size: 120%;
	font-weight: bold;
}
#content h2 {
	font-size: 110%;
	font-weight: bold;
}
#content a {
	text-decoration: none;
}
#content pre {
	background-color: #dbdbdb;
	padding: 5px 5px 5px 5px;
	white-space: pre-wrap;		/* css-3 */
	white-space: -moz-pre-wrap;	/* Mozilla, since 1999 */
	white-space: -pre-wrap;		/* Opera 4-6 */
	white-space: -o-pre-wrap;	/* Opera 7 */
	word-wrap: break-word;		/* Internet Explorer 5.5+ */
}
#content table {
	border-collapse: collapse;
}
#content table th {
	border: 1px solid #dbdbdb;
	font-size: 85%;
	white-space: nowrap;
}
#content table td {
	border: 1px solid #dbdbdb;
	font-size: 80%;
}
#content input {
	font-size: 1em;
}
#content .full	{ width: 100%; }
#content .left	{ text-align: left; }
#content .right	{ text-align: right; }
#content .center { text-align: center; }
#content .flexbox {
	display: -ms-flex;
	display: -webkit-flex;
	display: flex;
	width: 100%;
}
#content .left_col {
	min-width: 75px;
	max-width: 50%;
	flex-grow: 0;
}
#content .right_col {
	flex-grow: 1;
	margin-left: 10px;
	padding-top: 10px;
	padding-left: 10px;
}
#col {
	-moz-column-count: 3;
	-webkit-column-count: 3;
	column-count: 3;
}
</style>
</head>
<body>

<div id="header">
<strong><em>NYC*</em><span class="logo_bug">BUG</span> dmesgd</strong>
</div><!-- header -->

<div id="menu">
<ul>
<li><a href="https://dmesgd.nycbug.org/index.cgi?do=index">Home</a></li>
<li><a href="https://dmesgd.nycbug.org/index.cgi?do=submit">Submit</a></li>
<li><a href="https://www.nycbug.org/">NYC*BUG</a></li>
</ul>
</div><!-- menu -->

<div id="content">

<p>
Launched in 2004, dmesgd aims to provide a
<strong>user-submitted</strong> repository of searchable *BSD dmesgs.
The dmesg(8) command displays the system message buffer's content, and
during boot a copy is saved to <em>/var/run/dmesg.boot</em>.  This buffer
contains the operating system release, name and version, a list of
devices identified, plus a whole host of other useful information.  We
hope others find this resource useful and further contribute to its
growth. Contact us at [ admin at lists dot nycbug dot org ].
</p>

<hr />


<strong>Date:</strong> <em>2016-04-28 20:02:57</em><br />
<strong>From:</strong> <em>hrvoje</em><br />
<strong>Description:</strong> <em>Dell PowerEdge R730xd </em><br />

<pre>
OpenBSD 5.9-current (GENERIC.MP) #1998: Wed Apr 27 15:44:04 MDT 2016
    xxx@xxx.xxx:/usr/src/sys/arch/amd64/compile/GENERIC.MP
real mem = 68470444032 (65298MB)
avail mem = 66390958080 (63315MB)
mpath0 at root
scsibus0 at mpath0: 256 targets
mainbus0 at root
bios0 at mainbus0: SMBIOS rev. 2.8 @ 0x7af09000 (83 entries)
bios0: vendor Dell Inc. version &quot;2.0.1&quot; date 02/12/2016
bios0: Dell Inc. PowerEdge R730xd
acpi0 at bios0: rev 2
acpi0: sleep states S0 S5
acpi0: tables DSDT FACP MCEJ SSDT WD__ SLIC HPET APIC MCFG MSCT SLIT SRAT SSDT SSDT SSDT PRAD DMAR HEST BERT ERST EINJ
acpi0: wakeup devices PCI0(S4) BR1A(S4) BR2A(S4) BR2C(S4) BR3A(S4) BR3B(S4) BR3C(S4) XHC_(S0) RP02(S4) RP03(S4) RP05(S4) RP08(S4) PCI1(S4) QRP0(S4) QR1A(S4) QR2A(S4) [...]
acpitimer0 at acpi0: 3579545 Hz, 24 bits
acpihpet0 at acpi0: 14318179 Hz
acpimadt0 at acpi0 addr 0xfee00000: PC-AT compat
cpu0 at mainbus0: apid 0 (boot processor)
cpu0: Intel(R) Xeon(R) CPU E5-2620 v4 @ 2.10GHz, 2300.28 MHz
cpu0: FPU,VME,DE,PSE,TSC,MSR,PAE,MCE,CX8,APIC,SEP,MTRR,PGE,MCA,CMOV,PAT,PSE36,CFLUSH,DS,ACPI,MMX,FXSR,SSE,SSE2,SS,HTT,TM,PBE,SSE3,PCLMUL,DTES64,MWAIT,DS-CPL,VMX,SMX,EST,TM2,SSSE3,FMA3,CX16,xTPR,PDCM,PCID,DCA,SSE4.1,SSE4.2,x2APIC,MOVBE,POPCNT,DEADLINE,AES,XSAVE,AVX,F16C,RDRAND,NXE,PAGE1GB,LONG,LAHF,ABM,3DNOWP,PERF,ITSC,FSGSBASE,BMI1,HLE,AVX2,SMEP,BMI2,ERMS,INVPCID,RTM,PQM,RDSEED,ADX,SMAP,PT,SENSOR,ARAT
cpu0: 256KB 64b/line 8-way L2 cache
cpu0: smt 0, core 0, package 0
mtrr: Pentium Pro MTRR support, 10 var ranges, 88 fixed ranges
cpu0: apic clock running at 99MHz
cpu0: mwait min=64, max=64, C-substates=0.2.1.2, IBE
cpu1 at mainbus0: apid 16 (application processor)
cpu1: Intel(R) Xeon(R) CPU E5-2620 v4 @ 2.10GHz, 2300.00 MHz
cpu1: FPU,VME,DE,PSE,TSC,MSR,PAE,MCE,CX8,APIC,SEP,MTRR,PGE,MCA,CMOV,PAT,PSE36,CFLUSH,DS,ACPI,MMX,FXSR,SSE,SSE2,SS,HTT,TM,PBE,SSE3,PCLMUL,DTES64,MWAIT,DS-CPL,VMX,SMX,EST,TM2,SSSE3,FMA3,CX16,xTPR,PDCM,PCID,DCA,SSE4.1,SSE4.2,x2APIC,MOVBE,POPCNT,DEADLINE,AES,XSAVE,AVX,F16C,RDRAND,NXE,PAGE1GB,LONG,LAHF,ABM,3DNOWP,PERF,ITSC,FSGSBASE,BMI1,HLE,AVX2,SMEP,BMI2,ERMS,INVPCID,RTM,PQM,RDSEED,ADX,SMAP,PT,SENSOR,ARAT
cpu1: 256KB 64b/line 8-way L2 cache
cpu1: smt 0, core 0, package 1
cpu2 at mainbus0: apid 2 (application processor)
cpu2: Intel(R) Xeon(R) CPU E5-2620 v4 @ 2.10GHz, 2300.00 MHz
cpu2: FPU,VME,DE,PSE,TSC,MSR,PAE,MCE,CX8,APIC,SEP,MTRR,PGE,MCA,CMOV,PAT,PSE36,CFLUSH,DS,ACPI,MMX,FXSR,SSE,SSE2,SS,HTT,TM,PBE,SSE3,PCLMUL,DTES64,MWAIT,DS-CPL,VMX,SMX,EST,TM2,SSSE3,FMA3,CX16,xTPR,PDCM,PCID,DCA,SSE4.1,SSE4.2,x2APIC,MOVBE,POPCNT,DEADLINE,AES,XSAVE,AVX,F16C,RDRAND,NXE,PAGE1GB,LONG,LAHF,ABM,3DNOWP,PERF,ITSC,FSGSBASE,BMI1,HLE,AVX2,SMEP,BMI2,ERMS,INVPCID,RTM,PQM,RDSEED,ADX,SMAP,PT,SENSOR,ARAT
cpu2: 256KB 64b/line 8-way L2 cache
cpu2: smt 0, core 1, package 0
cpu3 at mainbus0: apid 18 (application processor)
cpu3: Intel(R) Xeon(R) CPU E5-2620 v4 @ 2.10GHz, 2300.00 MHz
cpu3: FPU,VME,DE,PSE,TSC,MSR,PAE,MCE,CX8,APIC,SEP,MTRR,PGE,MCA,CMOV,PAT,PSE36,CFLUSH,DS,ACPI,MMX,FXSR,SSE,SSE2,SS,HTT,TM,PBE,SSE3,PCLMUL,DTES64,MWAIT,DS-CPL,VMX,SMX,EST,TM2,SSSE3,FMA3,CX16,xTPR,PDCM,PCID,DCA,SSE4.1,SSE4.2,x2APIC,MOVBE,POPCNT,DEADLINE,AES,XSAVE,AVX,F16C,RDRAND,NXE,PAGE1GB,LONG,LAHF,ABM,3DNOWP,PERF,ITSC,FSGSBASE,BMI1,HLE,AVX2,SMEP,BMI2,ERMS,INVPCID,RTM,PQM,RDSEED,ADX,SMAP,PT,SENSOR,ARAT
cpu3: 256KB 64b/line 8-way L2 cache
cpu3: smt 0, core 1, package 1
cpu4 at mainbus0: apid 4 (application processor)
cpu4: Intel(R) Xeon(R) CPU E5-2620 v4 @ 2.10GHz, 2300.00 MHz
cpu4: FPU,VME,DE,PSE,TSC,MSR,PAE,MCE,CX8,APIC,SEP,MTRR,PGE,MCA,CMOV,PAT,PSE36,CFLUSH,DS,ACPI,MMX,FXSR,SSE,SSE2,SS,HTT,TM,PBE,SSE3,PCLMUL,DTES64,MWAIT,DS-CPL,VMX,SMX,EST,TM2,SSSE3,FMA3,CX16,xTPR,PDCM,PCID,DCA,SSE4.1,SSE4.2,x2APIC,MOVBE,POPCNT,DEADLINE,AES,XSAVE,AVX,F16C,RDRAND,NXE,PAGE1GB,LONG,LAHF,ABM,3DNOWP,PERF,ITSC,FSGSBASE,BMI1,HLE,AVX2,SMEP,BMI2,ERMS,INVPCID,RTM,PQM,RDSEED,ADX,SMAP,PT,SENSOR,ARAT
cpu4: 256KB 64b/line 8-way L2 cache
cpu4: smt 0, core 2, package 0
cpu5 at mainbus0: apid 20 (application processor)
cpu5: Intel(R) Xeon(R) CPU E5-2620 v4 @ 2.10GHz, 2300.00 MHz
cpu5: FPU,VME,DE,PSE,TSC,MSR,PAE,MCE,CX8,APIC,SEP,MTRR,PGE,MCA,CMOV,PAT,PSE36,CFLUSH,DS,ACPI,MMX,FXSR,SSE,SSE2,SS,HTT,TM,PBE,SSE3,PCLMUL,DTES64,MWAIT,DS-CPL,VMX,SMX,EST,TM2,SSSE3,FMA3,CX16,xTPR,PDCM,PCID,DCA,SSE4.1,SSE4.2,x2APIC,MOVBE,POPCNT,DEADLINE,AES,XSAVE,AVX,F16C,RDRAND,NXE,PAGE1GB,LONG,LAHF,ABM,3DNOWP,PERF,ITSC,FSGSBASE,BMI1,HLE,AVX2,SMEP,BMI2,ERMS,INVPCID,RTM,PQM,RDSEED,ADX,SMAP,PT,SENSOR,ARAT
cpu5: 256KB 64b/line 8-way L2 cache
cpu5: smt 0, core 2, package 1
cpu6 at mainbus0: apid 6 (application processor)
cpu6: Intel(R) Xeon(R) CPU E5-2620 v4 @ 2.10GHz, 2300.00 MHz
cpu6: FPU,VME,DE,PSE,TSC,MSR,PAE,MCE,CX8,APIC,SEP,MTRR,PGE,MCA,CMOV,PAT,PSE36,CFLUSH,DS,ACPI,MMX,FXSR,SSE,SSE2,SS,HTT,TM,PBE,SSE3,PCLMUL,DTES64,MWAIT,DS-CPL,VMX,SMX,EST,TM2,SSSE3,FMA3,CX16,xTPR,PDCM,PCID,DCA,SSE4.1,SSE4.2,x2APIC,MOVBE,POPCNT,DEADLINE,AES,XSAVE,AVX,F16C,RDRAND,NXE,PAGE1GB,LONG,LAHF,ABM,3DNOWP,PERF,ITSC,FSGSBASE,BMI1,HLE,AVX2,SMEP,BMI2,ERMS,INVPCID,RTM,PQM,RDSEED,ADX,SMAP,PT,SENSOR,ARAT
cpu6: 256KB 64b/line 8-way L2 cache
cpu6: smt 0, core 3, package 0
cpu7 at mainbus0: apid 22 (application processor)
cpu7: Intel(R) Xeon(R) CPU E5-2620 v4 @ 2.10GHz, 2300.00 MHz
cpu7: FPU,VME,DE,PSE,TSC,MSR,PAE,MCE,CX8,APIC,SEP,MTRR,PGE,MCA,CMOV,PAT,PSE36,CFLUSH,DS,ACPI,MMX,FXSR,SSE,SSE2,SS,HTT,TM,PBE,SSE3,PCLMUL,DTES64,MWAIT,DS-CPL,VMX,SMX,EST,TM2,SSSE3,FMA3,CX16,xTPR,PDCM,PCID,DCA,SSE4.1,SSE4.2,x2APIC,MOVBE,POPCNT,DEADLINE,AES,XSAVE,AVX,F16C,RDRAND,NXE,PAGE1GB,LONG,LAHF,ABM,3DNOWP,PERF,ITSC,FSGSBASE,BMI1,HLE,AVX2,SMEP,BMI2,ERMS,INVPCID,RTM,PQM,RDSEED,ADX,SMAP,PT,SENSOR,ARAT
cpu7: 256KB 64b/line 8-way L2 cache
cpu7: smt 0, core 3, package 1
cpu8 at mainbus0: apid 8 (application processor)
cpu8: Intel(R) Xeon(R) CPU E5-2620 v4 @ 2.10GHz, 2300.00 MHz
cpu8: FPU,VME,DE,PSE,TSC,MSR,PAE,MCE,CX8,APIC,SEP,MTRR,PGE,MCA,CMOV,PAT,PSE36,CFLUSH,DS,ACPI,MMX,FXSR,SSE,SSE2,SS,HTT,TM,PBE,SSE3,PCLMUL,DTES64,MWAIT,DS-CPL,VMX,SMX,EST,TM2,SSSE3,FMA3,CX16,xTPR,PDCM,PCID,DCA,SSE4.1,SSE4.2,x2APIC,MOVBE,POPCNT,DEADLINE,AES,XSAVE,AVX,F16C,RDRAND,NXE,PAGE1GB,LONG,LAHF,ABM,3DNOWP,PERF,ITSC,FSGSBASE,BMI1,HLE,AVX2,SMEP,BMI2,ERMS,INVPCID,RTM,PQM,RDSEED,ADX,SMAP,PT,SENSOR,ARAT
cpu8: 256KB 64b/line 8-way L2 cache
cpu8: smt 0, core 4, package 0
cpu9 at mainbus0: apid 24 (application processor)
cpu9: Intel(R) Xeon(R) CPU E5-2620 v4 @ 2.10GHz, 2300.00 MHz
cpu9: FPU,VME,DE,PSE,TSC,MSR,PAE,MCE,CX8,APIC,SEP,MTRR,PGE,MCA,CMOV,PAT,PSE36,CFLUSH,DS,ACPI,MMX,FXSR,SSE,SSE2,SS,HTT,TM,PBE,SSE3,PCLMUL,DTES64,MWAIT,DS-CPL,VMX,SMX,EST,TM2,SSSE3,FMA3,CX16,xTPR,PDCM,PCID,DCA,SSE4.1,SSE4.2,x2APIC,MOVBE,POPCNT,DEADLINE,AES,XSAVE,AVX,F16C,RDRAND,NXE,PAGE1GB,LONG,LAHF,ABM,3DNOWP,PERF,ITSC,FSGSBASE,BMI1,HLE,AVX2,SMEP,BMI2,ERMS,INVPCID,RTM,PQM,RDSEED,ADX,SMAP,PT,SENSOR,ARAT
cpu9: 256KB 64b/line 8-way L2 cache
cpu9: smt 0, core 4, package 1
cpu10 at mainbus0: apid 10 (application processor)
cpu10: Intel(R) Xeon(R) CPU E5-2620 v4 @ 2.10GHz, 2300.00 MHz
cpu10: FPU,VME,DE,PSE,TSC,MSR,PAE,MCE,CX8,APIC,SEP,MTRR,PGE,MCA,CMOV,PAT,PSE36,CFLUSH,DS,ACPI,MMX,FXSR,SSE,SSE2,SS,HTT,TM,PBE,SSE3,PCLMUL,DTES64,MWAIT,DS-CPL,VMX,SMX,EST,TM2,SSSE3,FMA3,CX16,xTPR,PDCM,PCID,DCA,SSE4.1,SSE4.2,x2APIC,MOVBE,POPCNT,DEADLINE,AES,XSAVE,AVX,F16C,RDRAND,NXE,PAGE1GB,LONG,LAHF,ABM,3DNOWP,PERF,ITSC,FSGSBASE,BMI1,HLE,AVX2,SMEP,BMI2,ERMS,INVPCID,RTM,PQM,RDSEED,ADX,SMAP,PT,SENSOR,ARAT
cpu10: 256KB 64b/line 8-way L2 cache
cpu10: smt 0, core 5, package 0
cpu11 at mainbus0: apid 26 (application processor)
cpu11: Intel(R) Xeon(R) CPU E5-2620 v4 @ 2.10GHz, 2300.00 MHz
cpu11: FPU,VME,DE,PSE,TSC,MSR,PAE,MCE,CX8,APIC,SEP,MTRR,PGE,MCA,CMOV,PAT,PSE36,CFLUSH,DS,ACPI,MMX,FXSR,SSE,SSE2,SS,HTT,TM,PBE,SSE3,PCLMUL,DTES64,MWAIT,DS-CPL,VMX,SMX,EST,TM2,SSSE3,FMA3,CX16,xTPR,PDCM,PCID,DCA,SSE4.1,SSE4.2,x2APIC,MOVBE,POPCNT,DEADLINE,AES,XSAVE,AVX,F16C,RDRAND,NXE,PAGE1GB,LONG,LAHF,ABM,3DNOWP,PERF,ITSC,FSGSBASE,BMI1,HLE,AVX2,SMEP,BMI2,ERMS,INVPCID,RTM,PQM,RDSEED,ADX,SMAP,PT,SENSOR,ARAT
cpu11: 256KB 64b/line 8-way L2 cache
cpu11: smt 0, core 5, package 1
cpu12 at mainbus0: apid 12 (application processor)
cpu12: Intel(R) Xeon(R) CPU E5-2620 v4 @ 2.10GHz, 2300.00 MHz
cpu12: FPU,VME,DE,PSE,TSC,MSR,PAE,MCE,CX8,APIC,SEP,MTRR,PGE,MCA,CMOV,PAT,PSE36,CFLUSH,DS,ACPI,MMX,FXSR,SSE,SSE2,SS,HTT,TM,PBE,SSE3,PCLMUL,DTES64,MWAIT,DS-CPL,VMX,SMX,EST,TM2,SSSE3,FMA3,CX16,xTPR,PDCM,PCID,DCA,SSE4.1,SSE4.2,x2APIC,MOVBE,POPCNT,DEADLINE,AES,XSAVE,AVX,F16C,RDRAND,NXE,PAGE1GB,LONG,LAHF,ABM,3DNOWP,PERF,ITSC,FSGSBASE,BMI1,HLE,AVX2,SMEP,BMI2,ERMS,INVPCID,RTM,PQM,RDSEED,ADX,SMAP,PT,SENSOR,ARAT
cpu12: 256KB 64b/line 8-way L2 cache
cpu12: smt 0, core 6, package 0
cpu13 at mainbus0: apid 28 (application processor)
cpu13: Intel(R) Xeon(R) CPU E5-2620 v4 @ 2.10GHz, 2300.00 MHz
cpu13: FPU,VME,DE,PSE,TSC,MSR,PAE,MCE,CX8,APIC,SEP,MTRR,PGE,MCA,CMOV,PAT,PSE36,CFLUSH,DS,ACPI,MMX,FXSR,SSE,SSE2,SS,HTT,TM,PBE,SSE3,PCLMUL,DTES64,MWAIT,DS-CPL,VMX,SMX,EST,TM2,SSSE3,FMA3,CX16,xTPR,PDCM,PCID,DCA,SSE4.1,SSE4.2,x2APIC,MOVBE,POPCNT,DEADLINE,AES,XSAVE,AVX,F16C,RDRAND,NXE,PAGE1GB,LONG,LAHF,ABM,3DNOWP,PERF,ITSC,FSGSBASE,BMI1,HLE,AVX2,SMEP,BMI2,ERMS,INVPCID,RTM,PQM,RDSEED,ADX,SMAP,PT,SENSOR,ARAT
cpu13: 256KB 64b/line 8-way L2 cache
cpu13: smt 0, core 6, package 1
cpu14 at mainbus0: apid 14 (application processor)
cpu14: Intel(R) Xeon(R) CPU E5-2620 v4 @ 2.10GHz, 2300.00 MHz
cpu14: FPU,VME,DE,PSE,TSC,MSR,PAE,MCE,CX8,APIC,SEP,MTRR,PGE,MCA,CMOV,PAT,PSE36,CFLUSH,DS,ACPI,MMX,FXSR,SSE,SSE2,SS,HTT,TM,PBE,SSE3,PCLMUL,DTES64,MWAIT,DS-CPL,VMX,SMX,EST,TM2,SSSE3,FMA3,CX16,xTPR,PDCM,PCID,DCA,SSE4.1,SSE4.2,x2APIC,MOVBE,POPCNT,DEADLINE,AES,XSAVE,AVX,F16C,RDRAND,NXE,PAGE1GB,LONG,LAHF,ABM,3DNOWP,PERF,ITSC,FSGSBASE,BMI1,HLE,AVX2,SMEP,BMI2,ERMS,INVPCID,RTM,PQM,RDSEED,ADX,SMAP,PT,SENSOR,ARAT
cpu14: 256KB 64b/line 8-way L2 cache
cpu14: smt 0, core 7, package 0
cpu15 at mainbus0: apid 30 (application processor)
cpu15: Intel(R) Xeon(R) CPU E5-2620 v4 @ 2.10GHz, 2300.00 MHz
cpu15: FPU,VME,DE,PSE,TSC,MSR,PAE,MCE,CX8,APIC,SEP,MTRR,PGE,MCA,CMOV,PAT,PSE36,CFLUSH,DS,ACPI,MMX,FXSR,SSE,SSE2,SS,HTT,TM,PBE,SSE3,PCLMUL,DTES64,MWAIT,DS-CPL,VMX,SMX,EST,TM2,SSSE3,FMA3,CX16,xTPR,PDCM,PCID,DCA,SSE4.1,SSE4.2,x2APIC,MOVBE,POPCNT,DEADLINE,AES,XSAVE,AVX,F16C,RDRAND,NXE,PAGE1GB,LONG,LAHF,ABM,3DNOWP,PERF,ITSC,FSGSBASE,BMI1,HLE,AVX2,SMEP,BMI2,ERMS,INVPCID,RTM,PQM,RDSEED,ADX,SMAP,PT,SENSOR,ARAT
cpu15: 256KB 64b/line 8-way L2 cache
cpu15: smt 0, core 7, package 1
cpu16 at mainbus0: apid 1 (application processor)
cpu16: Intel(R) Xeon(R) CPU E5-2620 v4 @ 2.10GHz, 2300.00 MHz
cpu16: FPU,VME,DE,PSE,TSC,MSR,PAE,MCE,CX8,APIC,SEP,MTRR,PGE,MCA,CMOV,PAT,PSE36,CFLUSH,DS,ACPI,MMX,FXSR,SSE,SSE2,SS,HTT,TM,PBE,SSE3,PCLMUL,DTES64,MWAIT,DS-CPL,VMX,SMX,EST,TM2,SSSE3,FMA3,CX16,xTPR,PDCM,PCID,DCA,SSE4.1,SSE4.2,x2APIC,MOVBE,POPCNT,DEADLINE,AES,XSAVE,AVX,F16C,RDRAND,NXE,PAGE1GB,LONG,LAHF,ABM,3DNOWP,PERF,ITSC,FSGSBASE,BMI1,HLE,AVX2,SMEP,BMI2,ERMS,INVPCID,RTM,PQM,RDSEED,ADX,SMAP,PT,SENSOR,ARAT
cpu16: 256KB 64b/line 8-way L2 cache
cpu16: smt 1, core 0, package 0
cpu17 at mainbus0: apid 17 (application processor)
cpu17: Intel(R) Xeon(R) CPU E5-2620 v4 @ 2.10GHz, 2300.00 MHz
cpu17: FPU,VME,DE,PSE,TSC,MSR,PAE,MCE,CX8,APIC,SEP,MTRR,PGE,MCA,CMOV,PAT,PSE36,CFLUSH,DS,ACPI,MMX,FXSR,SSE,SSE2,SS,HTT,TM,PBE,SSE3,PCLMUL,DTES64,MWAIT,DS-CPL,VMX,SMX,EST,TM2,SSSE3,FMA3,CX16,xTPR,PDCM,PCID,DCA,SSE4.1,SSE4.2,x2APIC,MOVBE,POPCNT,DEADLINE,AES,XSAVE,AVX,F16C,RDRAND,NXE,PAGE1GB,LONG,LAHF,ABM,3DNOWP,PERF,ITSC,FSGSBASE,BMI1,HLE,AVX2,SMEP,BMI2,ERMS,INVPCID,RTM,PQM,RDSEED,ADX,SMAP,PT,SENSOR,ARAT
cpu17: 256KB 64b/line 8-way L2 cache
cpu17: smt 1, core 0, package 1
cpu18 at mainbus0: apid 3 (application processor)
cpu18: Intel(R) Xeon(R) CPU E5-2620 v4 @ 2.10GHz, 2300.00 MHz
cpu18: FPU,VME,DE,PSE,TSC,MSR,PAE,MCE,CX8,APIC,SEP,MTRR,PGE,MCA,CMOV,PAT,PSE36,CFLUSH,DS,ACPI,MMX,FXSR,SSE,SSE2,SS,HTT,TM,PBE,SSE3,PCLMUL,DTES64,MWAIT,DS-CPL,VMX,SMX,EST,TM2,SSSE3,FMA3,CX16,xTPR,PDCM,PCID,DCA,SSE4.1,SSE4.2,x2APIC,MOVBE,POPCNT,DEADLINE,AES,XSAVE,AVX,F16C,RDRAND,NXE,PAGE1GB,LONG,LAHF,ABM,3DNOWP,PERF,ITSC,FSGSBASE,BMI1,HLE,AVX2,SMEP,BMI2,ERMS,INVPCID,RTM,PQM,RDSEED,ADX,SMAP,PT,SENSOR,ARAT
cpu18: 256KB 64b/line 8-way L2 cache
cpu18: smt 1, core 1, package 0
cpu19 at mainbus0: apid 19 (application processor)
cpu19: Intel(R) Xeon(R) CPU E5-2620 v4 @ 2.10GHz, 2300.00 MHz
cpu19: FPU,VME,DE,PSE,TSC,MSR,PAE,MCE,CX8,APIC,SEP,MTRR,PGE,MCA,CMOV,PAT,PSE36,CFLUSH,DS,ACPI,MMX,FXSR,SSE,SSE2,SS,HTT,TM,PBE,SSE3,PCLMUL,DTES64,MWAIT,DS-CPL,VMX,SMX,EST,TM2,SSSE3,FMA3,CX16,xTPR,PDCM,PCID,DCA,SSE4.1,SSE4.2,x2APIC,MOVBE,POPCNT,DEADLINE,AES,XSAVE,AVX,F16C,RDRAND,NXE,PAGE1GB,LONG,LAHF,ABM,3DNOWP,PERF,ITSC,FSGSBASE,BMI1,HLE,AVX2,SMEP,BMI2,ERMS,INVPCID,RTM,PQM,RDSEED,ADX,SMAP,PT,SENSOR,ARAT
cpu19: 256KB 64b/line 8-way L2 cache
cpu19: smt 1, core 1, package 1
cpu20 at mainbus0: apid 5 (application processor)
cpu20: Intel(R) Xeon(R) CPU E5-2620 v4 @ 2.10GHz, 2300.00 MHz
cpu20: FPU,VME,DE,PSE,TSC,MSR,PAE,MCE,CX8,APIC,SEP,MTRR,PGE,MCA,CMOV,PAT,PSE36,CFLUSH,DS,ACPI,MMX,FXSR,SSE,SSE2,SS,HTT,TM,PBE,SSE3,PCLMUL,DTES64,MWAIT,DS-CPL,VMX,SMX,EST,TM2,SSSE3,FMA3,CX16,xTPR,PDCM,PCID,DCA,SSE4.1,SSE4.2,x2APIC,MOVBE,POPCNT,DEADLINE,AES,XSAVE,AVX,F16C,RDRAND,NXE,PAGE1GB,LONG,LAHF,ABM,3DNOWP,PERF,ITSC,FSGSBASE,BMI1,HLE,AVX2,SMEP,BMI2,ERMS,INVPCID,RTM,PQM,RDSEED,ADX,SMAP,PT,SENSOR,ARAT
cpu20: 256KB 64b/line 8-way L2 cache
cpu20: smt 1, core 2, package 0
cpu21 at mainbus0: apid 21 (application processor)
cpu21: Intel(R) Xeon(R) CPU E5-2620 v4 @ 2.10GHz, 2300.00 MHz
cpu21: FPU,VME,DE,PSE,TSC,MSR,PAE,MCE,CX8,APIC,SEP,MTRR,PGE,MCA,CMOV,PAT,PSE36,CFLUSH,DS,ACPI,MMX,FXSR,SSE,SSE2,SS,HTT,TM,PBE,SSE3,PCLMUL,DTES64,MWAIT,DS-CPL,VMX,SMX,EST,TM2,SSSE3,FMA3,CX16,xTPR,PDCM,PCID,DCA,SSE4.1,SSE4.2,x2APIC,MOVBE,POPCNT,DEADLINE,AES,XSAVE,AVX,F16C,RDRAND,NXE,PAGE1GB,LONG,LAHF,ABM,3DNOWP,PERF,ITSC,FSGSBASE,BMI1,HLE,AVX2,SMEP,BMI2,ERMS,INVPCID,RTM,PQM,RDSEED,ADX,SMAP,PT,SENSOR,ARAT
cpu21: 256KB 64b/line 8-way L2 cache
cpu21: smt 1, core 2, package 1
cpu22 at mainbus0: apid 7 (application processor)
cpu22: Intel(R) Xeon(R) CPU E5-2620 v4 @ 2.10GHz, 2300.00 MHz
cpu22: FPU,VME,DE,PSE,TSC,MSR,PAE,MCE,CX8,APIC,SEP,MTRR,PGE,MCA,CMOV,PAT,PSE36,CFLUSH,DS,ACPI,MMX,FXSR,SSE,SSE2,SS,HTT,TM,PBE,SSE3,PCLMUL,DTES64,MWAIT,DS-CPL,VMX,SMX,EST,TM2,SSSE3,FMA3,CX16,xTPR,PDCM,PCID,DCA,SSE4.1,SSE4.2,x2APIC,MOVBE,POPCNT,DEADLINE,AES,XSAVE,AVX,F16C,RDRAND,NXE,PAGE1GB,LONG,LAHF,ABM,3DNOWP,PERF,ITSC,FSGSBASE,BMI1,HLE,AVX2,SMEP,BMI2,ERMS,INVPCID,RTM,PQM,RDSEED,ADX,SMAP,PT,SENSOR,ARAT
cpu22: 256KB 64b/line 8-way L2 cache
cpu22: smt 1, core 3, package 0
cpu23 at mainbus0: apid 23 (application processor)
cpu23: Intel(R) Xeon(R) CPU E5-2620 v4 @ 2.10GHz, 2300.00 MHz
cpu23: FPU,VME,DE,PSE,TSC,MSR,PAE,MCE,CX8,APIC,SEP,MTRR,PGE,MCA,CMOV,PAT,PSE36,CFLUSH,DS,ACPI,MMX,FXSR,SSE,SSE2,SS,HTT,TM,PBE,SSE3,PCLMUL,DTES64,MWAIT,DS-CPL,VMX,SMX,EST,TM2,SSSE3,FMA3,CX16,xTPR,PDCM,PCID,DCA,SSE4.1,SSE4.2,x2APIC,MOVBE,POPCNT,DEADLINE,AES,XSAVE,AVX,F16C,RDRAND,NXE,PAGE1GB,LONG,LAHF,ABM,3DNOWP,PERF,ITSC,FSGSBASE,BMI1,HLE,AVX2,SMEP,BMI2,ERMS,INVPCID,RTM,PQM,RDSEED,ADX,SMAP,PT,SENSOR,ARAT
cpu23: 256KB 64b/line 8-way L2 cache
cpu23: smt 1, core 3, package 1
cpu24 at mainbus0: apid 9 (application processor)
cpu24: Intel(R) Xeon(R) CPU E5-2620 v4 @ 2.10GHz, 2300.00 MHz
cpu24: FPU,VME,DE,PSE,TSC,MSR,PAE,MCE,CX8,APIC,SEP,MTRR,PGE,MCA,CMOV,PAT,PSE36,CFLUSH,DS,ACPI,MMX,FXSR,SSE,SSE2,SS,HTT,TM,PBE,SSE3,PCLMUL,DTES64,MWAIT,DS-CPL,VMX,SMX,EST,TM2,SSSE3,FMA3,CX16,xTPR,PDCM,PCID,DCA,SSE4.1,SSE4.2,x2APIC,MOVBE,POPCNT,DEADLINE,AES,XSAVE,AVX,F16C,RDRAND,NXE,PAGE1GB,LONG,LAHF,ABM,3DNOWP,PERF,ITSC,FSGSBASE,BMI1,HLE,AVX2,SMEP,BMI2,ERMS,INVPCID,RTM,PQM,RDSEED,ADX,SMAP,PT,SENSOR,ARAT
cpu24: 256KB 64b/line 8-way L2 cache
cpu24: smt 1, core 4, package 0
cpu25 at mainbus0: apid 25 (application processor)
cpu25: Intel(R) Xeon(R) CPU E5-2620 v4 @ 2.10GHz, 2300.00 MHz
cpu25: FPU,VME,DE,PSE,TSC,MSR,PAE,MCE,CX8,APIC,SEP,MTRR,PGE,MCA,CMOV,PAT,PSE36,CFLUSH,DS,ACPI,MMX,FXSR,SSE,SSE2,SS,HTT,TM,PBE,SSE3,PCLMUL,DTES64,MWAIT,DS-CPL,VMX,SMX,EST,TM2,SSSE3,FMA3,CX16,xTPR,PDCM,PCID,DCA,SSE4.1,SSE4.2,x2APIC,MOVBE,POPCNT,DEADLINE,AES,XSAVE,AVX,F16C,RDRAND,NXE,PAGE1GB,LONG,LAHF,ABM,3DNOWP,PERF,ITSC,FSGSBASE,BMI1,HLE,AVX2,SMEP,BMI2,ERMS,INVPCID,RTM,PQM,RDSEED,ADX,SMAP,PT,SENSOR,ARAT
cpu25: 256KB 64b/line 8-way L2 cache
cpu25: smt 1, core 4, package 1
cpu26 at mainbus0: apid 11 (application processor)
cpu26: Intel(R) Xeon(R) CPU E5-2620 v4 @ 2.10GHz, 2300.00 MHz
cpu26: FPU,VME,DE,PSE,TSC,MSR,PAE,MCE,CX8,APIC,SEP,MTRR,PGE,MCA,CMOV,PAT,PSE36,CFLUSH,DS,ACPI,MMX,FXSR,SSE,SSE2,SS,HTT,TM,PBE,SSE3,PCLMUL,DTES64,MWAIT,DS-CPL,VMX,SMX,EST,TM2,SSSE3,FMA3,CX16,xTPR,PDCM,PCID,DCA,SSE4.1,SSE4.2,x2APIC,MOVBE,POPCNT,DEADLINE,AES,XSAVE,AVX,F16C,RDRAND,NXE,PAGE1GB,LONG,LAHF,ABM,3DNOWP,PERF,ITSC,FSGSBASE,BMI1,HLE,AVX2,SMEP,BMI2,ERMS,INVPCID,RTM,PQM,RDSEED,ADX,SMAP,PT,SENSOR,ARAT
cpu26: 256KB 64b/line 8-way L2 cache
cpu26: smt 1, core 5, package 0
cpu27 at mainbus0: apid 27 (application processor)
cpu27: Intel(R) Xeon(R) CPU E5-2620 v4 @ 2.10GHz, 2300.00 MHz
cpu27: FPU,VME,DE,PSE,TSC,MSR,PAE,MCE,CX8,APIC,SEP,MTRR,PGE,MCA,CMOV,PAT,PSE36,CFLUSH,DS,ACPI,MMX,FXSR,SSE,SSE2,SS,HTT,TM,PBE,SSE3,PCLMUL,DTES64,MWAIT,DS-CPL,VMX,SMX,EST,TM2,SSSE3,FMA3,CX16,xTPR,PDCM,PCID,DCA,SSE4.1,SSE4.2,x2APIC,MOVBE,POPCNT,DEADLINE,AES,XSAVE,AVX,F16C,RDRAND,NXE,PAGE1GB,LONG,LAHF,ABM,3DNOWP,PERF,ITSC,FSGSBASE,BMI1,HLE,AVX2,SMEP,BMI2,ERMS,INVPCID,RTM,PQM,RDSEED,ADX,SMAP,PT,SENSOR,ARAT
cpu27: 256KB 64b/line 8-way L2 cache
cpu27: smt 1, core 5, package 1
cpu28 at mainbus0: apid 13 (application processor)
cpu28: Intel(R) Xeon(R) CPU E5-2620 v4 @ 2.10GHz, 2300.00 MHz
cpu28: FPU,VME,DE,PSE,TSC,MSR,PAE,MCE,CX8,APIC,SEP,MTRR,PGE,MCA,CMOV,PAT,PSE36,CFLUSH,DS,ACPI,MMX,FXSR,SSE,SSE2,SS,HTT,TM,PBE,SSE3,PCLMUL,DTES64,MWAIT,DS-CPL,VMX,SMX,EST,TM2,SSSE3,FMA3,CX16,xTPR,PDCM,PCID,DCA,SSE4.1,SSE4.2,x2APIC,MOVBE,POPCNT,DEADLINE,AES,XSAVE,AVX,F16C,RDRAND,NXE,PAGE1GB,LONG,LAHF,ABM,3DNOWP,PERF,ITSC,FSGSBASE,BMI1,HLE,AVX2,SMEP,BMI2,ERMS,INVPCID,RTM,PQM,RDSEED,ADX,SMAP,PT,SENSOR,ARAT
cpu28: 256KB 64b/line 8-way L2 cache
cpu28: smt 1, core 6, package 0
cpu29 at mainbus0: apid 29 (application processor)
cpu29: Intel(R) Xeon(R) CPU E5-2620 v4 @ 2.10GHz, 2300.00 MHz
cpu29: FPU,VME,DE,PSE,TSC,MSR,PAE,MCE,CX8,APIC,SEP,MTRR,PGE,MCA,CMOV,PAT,PSE36,CFLUSH,DS,ACPI,MMX,FXSR,SSE,SSE2,SS,HTT,TM,PBE,SSE3,PCLMUL,DTES64,MWAIT,DS-CPL,VMX,SMX,EST,TM2,SSSE3,FMA3,CX16,xTPR,PDCM,PCID,DCA,SSE4.1,SSE4.2,x2APIC,MOVBE,POPCNT,DEADLINE,AES,XSAVE,AVX,F16C,RDRAND,NXE,PAGE1GB,LONG,LAHF,ABM,3DNOWP,PERF,ITSC,FSGSBASE,BMI1,HLE,AVX2,SMEP,BMI2,ERMS,INVPCID,RTM,PQM,RDSEED,ADX,SMAP,PT,SENSOR,ARAT
cpu29: 256KB 64b/line 8-way L2 cache
cpu29: smt 1, core 6, package 1
cpu30 at mainbus0: apid 15 (application processor)
cpu30: Intel(R) Xeon(R) CPU E5-2620 v4 @ 2.10GHz, 2300.00 MHz
cpu30: FPU,VME,DE,PSE,TSC,MSR,PAE,MCE,CX8,APIC,SEP,MTRR,PGE,MCA,CMOV,PAT,PSE36,CFLUSH,DS,ACPI,MMX,FXSR,SSE,SSE2,SS,HTT,TM,PBE,SSE3,PCLMUL,DTES64,MWAIT,DS-CPL,VMX,SMX,EST,TM2,SSSE3,FMA3,CX16,xTPR,PDCM,PCID,DCA,SSE4.1,SSE4.2,x2APIC,MOVBE,POPCNT,DEADLINE,AES,XSAVE,AVX,F16C,RDRAND,NXE,PAGE1GB,LONG,LAHF,ABM,3DNOWP,PERF,ITSC,FSGSBASE,BMI1,HLE,AVX2,SMEP,BMI2,ERMS,INVPCID,RTM,PQM,RDSEED,ADX,SMAP,PT,SENSOR,ARAT
cpu30: 256KB 64b/line 8-way L2 cache
cpu30: smt 1, core 7, package 0
cpu31 at mainbus0: apid 31 (application processor)
cpu31: Intel(R) Xeon(R) CPU E5-2620 v4 @ 2.10GHz, 2300.00 MHz
cpu31: FPU,VME,DE,PSE,TSC,MSR,PAE,MCE,CX8,APIC,SEP,MTRR,PGE,MCA,CMOV,PAT,PSE36,CFLUSH,DS,ACPI,MMX,FXSR,SSE,SSE2,SS,HTT,TM,PBE,SSE3,PCLMUL,DTES64,MWAIT,DS-CPL,VMX,SMX,EST,TM2,SSSE3,FMA3,CX16,xTPR,PDCM,PCID,DCA,SSE4.1,SSE4.2,x2APIC,MOVBE,POPCNT,DEADLINE,AES,XSAVE,AVX,F16C,RDRAND,NXE,PAGE1GB,LONG,LAHF,ABM,3DNOWP,PERF,ITSC,FSGSBASE,BMI1,HLE,AVX2,SMEP,BMI2,ERMS,INVPCID,RTM,PQM,RDSEED,ADX,SMAP,PT,SENSOR,ARAT
cpu31: 256KB 64b/line 8-way L2 cache
cpu31: smt 1, core 7, package 1
ioapic0 at mainbus0: apid 8 pa 0xfec00000, version 20, 24 pins
ioapic1 at mainbus0: apid 9 pa 0xfec01000, version 20, 24 pins
ioapic2 at mainbus0: apid 10 pa 0xfec40000, version 20, 24 pins
acpimadt0: unknown apic structure type 7f
acpimadt0: unknown apic structure type 7f
acpimcfg0 at acpi0 addr 0x80000000, bus 0-255
acpiprt0 at acpi0: bus 255 (UNC1)
acpiprt1 at acpi0: bus 127 (UNC0)
acpiprt2 at acpi0: bus 0 (PCI0)
acpiprt3 at acpi0: bus 2 (BR1A)
acpiprt4 at acpi0: bus 3 (BR2A)
acpiprt5 at acpi0: bus -1 (BR2C)
acpiprt6 at acpi0: bus 1 (BR3A)
acpiprt7 at acpi0: bus -1 (BR3B)
acpiprt8 at acpi0: bus 4 (BR3C)
acpiprt9 at acpi0: bus -1 (RP02)
acpiprt10 at acpi0: bus -1 (RP03)
acpiprt11 at acpi0: bus -1 (RP05)
acpiprt12 at acpi0: bus 11 (RP08)
acpiprt13 at acpi0: bus 128 (PCI1)
acpiprt14 at acpi0: bus 129 (QRP0)
acpiprt15 at acpi0: bus 130 (QR1A)
acpiprt16 at acpi0: bus 131 (QR2A)
acpiprt17 at acpi0: bus -1 (QR2C)
acpiprt18 at acpi0: bus 132 (QR3A)
acpiprt19 at acpi0: bus 133 (QR3C)
acpiprt20 at acpi0: bus -1 (QR3D)
acpicpu0 at acpi0: C1(1000@1 mwait.1)
acpicpu1 at acpi0: C1(1000@1 mwait.1)
acpicpu2 at acpi0: C1(1000@1 mwait.1)
acpicpu3 at acpi0: C1(1000@1 mwait.1)
acpicpu4 at acpi0: C1(1000@1 mwait.1)
acpicpu5 at acpi0: C1(1000@1 mwait.1)
acpicpu6 at acpi0: C1(1000@1 mwait.1)
acpicpu7 at acpi0: C1(1000@1 mwait.1)
acpicpu8 at acpi0: C1(1000@1 mwait.1)
acpicpu9 at acpi0: C1(1000@1 mwait.1)
acpicpu10 at acpi0: C1(1000@1 mwait.1)
acpicpu11 at acpi0: C1(1000@1 mwait.1)
acpicpu12 at acpi0: C1(1000@1 mwait.1)
acpicpu13 at acpi0: C1(1000@1 mwait.1)
acpicpu14 at acpi0: C1(1000@1 mwait.1)
acpicpu15 at acpi0: C1(1000@1 mwait.1)
acpicpu16 at acpi0: C1(1000@1 mwait.1)
acpicpu17 at acpi0: C1(1000@1 mwait.1)
acpicpu18 at acpi0: C1(1000@1 mwait.1)
acpicpu19 at acpi0: C1(1000@1 mwait.1)
acpicpu20 at acpi0: C1(1000@1 mwait.1)
acpicpu21 at acpi0: C1(1000@1 mwait.1)
acpicpu22 at acpi0: C1(1000@1 mwait.1)
acpicpu23 at acpi0: C1(1000@1 mwait.1)
acpicpu24 at acpi0: C1(1000@1 mwait.1)
acpicpu25 at acpi0: C1(1000@1 mwait.1)
acpicpu26 at acpi0: C1(1000@1 mwait.1)
acpicpu27 at acpi0: C1(1000@1 mwait.1)
acpicpu28 at acpi0: C1(1000@1 mwait.1)
acpicpu29 at acpi0: C1(1000@1 mwait.1)
acpicpu30 at acpi0: C1(1000@1 mwait.1)
acpicpu31 at acpi0: C1(1000@1 mwait.1)
&quot;ACPI000D&quot; at acpi0 not configured
&quot;ACPI0004&quot; at acpi0 not configured
&quot;ACPI0004&quot; at acpi0 not configured
&quot;PNP0C33&quot; at acpi0 not configured
&quot;PNP0C14&quot; at acpi0 not configured
&quot;PNP0003&quot; at acpi0 not configured
&quot;PNP0C14&quot; at acpi0 not configured
&quot;PNP0501&quot; at acpi0 not configured
&quot;PNP0501&quot; at acpi0 not configured
&quot;IPI0001&quot; at acpi0 not configured
ipmi at mainbus0 not configured
pci0 at mainbus0 bus 0
pchb0 at pci0 dev 0 function 0 &quot;Intel Xeon-D Host&quot; rev 0x01
ppb0 at pci0 dev 1 function 0 &quot;Intel Xeon-D PCIE&quot; rev 0x01
pci1 at ppb0 bus 2
mfii0 at pci1 dev 0 function 0 &quot;Symbios Logic MegaRAID SAS3008&quot; rev 0x02: msi
mfii0: &quot;PERC H330 Mini&quot;, firmware 25.3.0.0016
scsibus1 at mfii0: 32 targets
scsibus2 at mfii0: 256 targets
sym0 at scsibus2 targ 0 lun 0: &lt;SEAGATE, ST300MM0008, TT31&gt; SCSI4 0/direct fixed naa.5000c5009648c7d7
sd0 at scsibus0 targ 0 lun 0: &lt;SEAGATE, ST300MM0008, TT31&gt; SCSI4 0/direct fixed naa.5000c5009648c7d7
sd0: 286102MB, 512 bytes/sector, 585937500 sectors
ppb1 at pci0 dev 2 function 0 &quot;Intel Xeon-D PCIE&quot; rev 0x01: msi
pci2 at ppb1 bus 3
ppb2 at pci0 dev 3 function 0 &quot;Intel Xeon-D PCIE&quot; rev 0x01
pci3 at ppb2 bus 1
1:0:0: mem address conflict 0xfff80000/0x80000
1:0:1: mem address conflict 0xfff80000/0x80000
1:0:2: mem address conflict 0xfff80000/0x80000
1:0:3: mem address conflict 0xfff80000/0x80000
vendor &quot;Emulex&quot;, unknown product 0x0720 (class network subclass ethernet, rev 0x11) at pci3 dev 0 function 0 not configured
vendor &quot;Emulex&quot;, unknown product 0x0720 (class network subclass ethernet, rev 0x11) at pci3 dev 0 function 1 not configured
vendor &quot;Emulex&quot;, unknown product 0x0720 (class network subclass ethernet, rev 0x11) at pci3 dev 0 function 2 not configured
vendor &quot;Emulex&quot;, unknown product 0x0720 (class network subclass ethernet, rev 0x11) at pci3 dev 0 function 3 not configured
ppb3 at pci0 dev 3 function 2 &quot;Intel Xeon-D PCIE&quot; rev 0x01: msi
pci4 at ppb3 bus 4
ppb4 at pci4 dev 0 function 0 vendor &quot;PLX&quot;, unknown product 0x8734 rev 0xab
pci5 at ppb4 bus 5
ppb5 at pci5 dev 4 function 0 vendor &quot;PLX&quot;, unknown product 0x8734 rev 0xab: msi
pci6 at ppb5 bus 6
ppb6 at pci5 dev 5 function 0 vendor &quot;PLX&quot;, unknown product 0x8734 rev 0xab: msi
pci7 at ppb6 bus 7
ppb7 at pci5 dev 6 function 0 vendor &quot;PLX&quot;, unknown product 0x8734 rev 0xab: msi
pci8 at ppb7 bus 8
ppb8 at pci5 dev 7 function 0 vendor &quot;PLX&quot;, unknown product 0x8734 rev 0xab: msi
pci9 at ppb8 bus 9
&quot;Intel Xeon-D Address Map&quot; rev 0x01 at pci0 dev 5 function 0 not configured
&quot;Intel Xeon-D Hot Plug&quot; rev 0x01 at pci0 dev 5 function 1 not configured
&quot;Intel Xeon-D RAS&quot; rev 0x01 at pci0 dev 5 function 2 not configured
vendor &quot;Intel&quot;, unknown product 0x6f2c (class system subclass interrupt, rev 0x01) at pci0 dev 5 function 4 not configured
&quot;Intel C610 MS SPSR&quot; rev 0x05 at pci0 dev 17 function 0 not configured
ahci0 at pci0 dev 17 function 4 &quot;Intel C610 AHCI&quot; rev 0x05: msi, AHCI 1.3
scsibus3 at ahci0: 32 targets
&quot;Intel C610 MEI&quot; rev 0x05 at pci0 dev 22 function 0 not configured
&quot;Intel C610 MEI&quot; rev 0x05 at pci0 dev 22 function 1 not configured
ehci0 at pci0 dev 26 function 0 &quot;Intel C610 USB&quot; rev 0x05: apic 8 int 18
usb0 at ehci0: USB revision 2.0
uhub0 at usb0 &quot;Intel EHCI root hub&quot; rev 2.00/1.00 addr 1
ppb9 at pci0 dev 28 function 0 &quot;Intel C610 PCIE&quot; rev 0xd5
pci10 at ppb9 bus 10
ppb10 at pci0 dev 28 function 7 &quot;Intel C610 PCIE&quot; rev 0xd5: msi
pci11 at ppb10 bus 11
ppb11 at pci11 dev 0 function 0 &quot;Renesas SH7758 PCIE Switch&quot; rev 0x00
pci12 at ppb11 bus 12
ppb12 at pci12 dev 0 function 0 &quot;Renesas SH7758 PCIE Switch&quot; rev 0x00
pci13 at ppb12 bus 13
ppb13 at pci13 dev 0 function 0 &quot;Renesas SH7758 PCIE-PCI&quot; rev 0x00
pci14 at ppb13 bus 14
vga1 at pci14 dev 0 function 0 &quot;Matrox MGA G200eR&quot; rev 0x01
wsdisplay0 at vga1 mux 1: console (80x25, vt100 emulation)
wsdisplay0: screen 1-5 added (80x25, vt100 emulation)
ehci1 at pci0 dev 29 function 0 &quot;Intel C610 USB&quot; rev 0x05: apic 8 int 18
usb1 at ehci1: USB revision 2.0
uhub1 at usb1 &quot;Intel EHCI root hub&quot; rev 2.00/1.00 addr 1
pcib0 at pci0 dev 31 function 0 &quot;Intel C610 LPC&quot; rev 0x05
ahci1 at pci0 dev 31 function 2 &quot;Intel C610 AHCI&quot; rev 0x05: msi, AHCI 1.3
scsibus4 at ahci1: 32 targets
isa0 at pcib0
isadma0 at isa0
com0 at isa0 port 0x3f8/8 irq 4: ns16550a, 16 byte fifo
com1 at isa0 port 0x2f8/8 irq 3: ns16550a, 16 byte fifo
pckbc0 at isa0 port 0x60/5 irq 1 irq 12
pcppi0 at isa0 port 0x61
spkr0 at pcppi0
pci15 at mainbus0 bus 255
vendor &quot;Intel&quot;, unknown product 0x6f80 (class system subclass miscellaneous, rev 0x01) at pci15 dev 8 function 0 not configured
vendor &quot;Intel&quot;, unknown product 0x6f32 (class DASP subclass Time and Frequency, rev 0x01) at pci15 dev 8 function 2 not configured
vendor &quot;Intel&quot;, unknown product 0x6f83 (class system subclass miscellaneous, rev 0x01) at pci15 dev 8 function 3 not configured
vendor &quot;Intel&quot;, unknown product 0x6f90 (class system subclass miscellaneous, rev 0x01) at pci15 dev 9 function 0 not configured
vendor &quot;Intel&quot;, unknown product 0x6f33 (class DASP subclass Time and Frequency, rev 0x01) at pci15 dev 9 function 2 not configured
vendor &quot;Intel&quot;, unknown product 0x6f93 (class system subclass miscellaneous, rev 0x01) at pci15 dev 9 function 3 not configured
vendor &quot;Intel&quot;, unknown product 0x6f81 (class system subclass miscellaneous, rev 0x01) at pci15 dev 11 function 0 not configured
vendor &quot;Intel&quot;, unknown product 0x6f36 (class DASP subclass Time and Frequency, rev 0x01) at pci15 dev 11 function 1 not configured
vendor &quot;Intel&quot;, unknown product 0x6f37 (class DASP subclass Time and Frequency, rev 0x01) at pci15 dev 11 function 2 not configured
vendor &quot;Intel&quot;, unknown product 0x6f76 (class system subclass miscellaneous, rev 0x01) at pci15 dev 11 function 3 not configured
vendor &quot;Intel&quot;, unknown product 0x6fe0 (class system subclass miscellaneous, rev 0x01) at pci15 dev 12 function 0 not configured
vendor &quot;Intel&quot;, unknown product 0x6fe1 (class system subclass miscellaneous, rev 0x01) at pci15 dev 12 function 1 not configured
vendor &quot;Intel&quot;, unknown product 0x6fe2 (class system subclass miscellaneous, rev 0x01) at pci15 dev 12 function 2 not configured
vendor &quot;Intel&quot;, unknown product 0x6fe3 (class system subclass miscellaneous, rev 0x01) at pci15 dev 12 function 3 not configured
vendor &quot;Intel&quot;, unknown product 0x6fe4 (class system subclass miscellaneous, rev 0x01) at pci15 dev 12 function 4 not configured
vendor &quot;Intel&quot;, unknown product 0x6fe5 (class system subclass miscellaneous, rev 0x01) at pci15 dev 12 function 5 not configured
vendor &quot;Intel&quot;, unknown product 0x6fe6 (class system subclass miscellaneous, rev 0x01) at pci15 dev 12 function 6 not configured
vendor &quot;Intel&quot;, unknown product 0x6fe7 (class system subclass miscellaneous, rev 0x01) at pci15 dev 12 function 7 not configured
vendor &quot;Intel&quot;, unknown product 0x6ff8 (class system subclass miscellaneous, rev 0x01) at pci15 dev 15 function 0 not configured
vendor &quot;Intel&quot;, unknown product 0x6ff9 (class system subclass miscellaneous, rev 0x01) at pci15 dev 15 function 1 not configured
vendor &quot;Intel&quot;, unknown product 0x6ffc (class system subclass miscellaneous, rev 0x01) at pci15 dev 15 function 4 not configured
vendor &quot;Intel&quot;, unknown product 0x6ffd (class system subclass miscellaneous, rev 0x01) at pci15 dev 15 function 5 not configured
vendor &quot;Intel&quot;, unknown product 0x6ffe (class system subclass miscellaneous, rev 0x01) at pci15 dev 15 function 6 not configured
vendor &quot;Intel&quot;, unknown product 0x6f1d (class system subclass miscellaneous, rev 0x01) at pci15 dev 16 function 0 not configured
vendor &quot;Intel&quot;, unknown product 0x6f34 (class DASP subclass Time and Frequency, rev 0x01) at pci15 dev 16 function 1 not configured
vendor &quot;Intel&quot;, unknown product 0x6f1e (class system subclass miscellaneous, rev 0x01) at pci15 dev 16 function 5 not configured
vendor &quot;Intel&quot;, unknown product 0x6f7d (class DASP subclass Time and Frequency, rev 0x01) at pci15 dev 16 function 6 not configured
vendor &quot;Intel&quot;, unknown product 0x6f1f (class system subclass miscellaneous, rev 0x01) at pci15 dev 16 function 7 not configured
vendor &quot;Intel&quot;, unknown product 0x6fa0 (class system subclass miscellaneous, rev 0x01) at pci15 dev 18 function 0 not configured
vendor &quot;Intel&quot;, unknown product 0x6f30 (class DASP subclass Time and Frequency, rev 0x01) at pci15 dev 18 function 1 not configured
vendor &quot;Intel&quot;, unknown product 0x6f70 (class system subclass miscellaneous, rev 0x01) at pci15 dev 18 function 2 not configured
vendor &quot;Intel&quot;, unknown product 0x6fa8 (class system subclass miscellaneous, rev 0x01) at pci15 dev 19 function 0 not configured
vendor &quot;Intel&quot;, unknown product 0x6f71 (class system subclass miscellaneous, rev 0x01) at pci15 dev 19 function 1 not configured
vendor &quot;Intel&quot;, unknown product 0x6faa (class system subclass miscellaneous, rev 0x01) at pci15 dev 19 function 2 not configured
vendor &quot;Intel&quot;, unknown product 0x6fab (class system subclass miscellaneous, rev 0x01) at pci15 dev 19 function 3 not configured
vendor &quot;Intel&quot;, unknown product 0x6fac (class system subclass miscellaneous, rev 0x01) at pci15 dev 19 function 4 not configured
vendor &quot;Intel&quot;, unknown product 0x6fad (class system subclass miscellaneous, rev 0x01) at pci15 dev 19 function 5 not configured
vendor &quot;Intel&quot;, unknown product 0x6fae (class system subclass miscellaneous, rev 0x01) at pci15 dev 19 function 6 not configured
vendor &quot;Intel&quot;, unknown product 0x6faf (class system subclass miscellaneous, rev 0x01) at pci15 dev 19 function 7 not configured
vendor &quot;Intel&quot;, unknown product 0x6fb0 (class system subclass miscellaneous, rev 0x01) at pci15 dev 20 function 0 not configured
vendor &quot;Intel&quot;, unknown product 0x6fb1 (class system subclass miscellaneous, rev 0x01) at pci15 dev 20 function 1 not configured
vendor &quot;Intel&quot;, unknown product 0x6fb2 (class system subclass miscellaneous, rev 0x01) at pci15 dev 20 function 2 not configured
vendor &quot;Intel&quot;, unknown product 0x6fb3 (class system subclass miscellaneous, rev 0x01) at pci15 dev 20 function 3 not configured
vendor &quot;Intel&quot;, unknown product 0x6fbc (class system subclass miscellaneous, rev 0x01) at pci15 dev 20 function 4 not configured
vendor &quot;Intel&quot;, unknown product 0x6fbd (class system subclass miscellaneous, rev 0x01) at pci15 dev 20 function 5 not configured
vendor &quot;Intel&quot;, unknown product 0x6fbe (class system subclass miscellaneous, rev 0x01) at pci15 dev 20 function 6 not configured
vendor &quot;Intel&quot;, unknown product 0x6fbf (class system subclass miscellaneous, rev 0x01) at pci15 dev 20 function 7 not configured
vendor &quot;Intel&quot;, unknown product 0x6fb4 (class system subclass miscellaneous, rev 0x01) at pci15 dev 21 function 0 not configured
vendor &quot;Intel&quot;, unknown product 0x6fb5 (class system subclass miscellaneous, rev 0x01) at pci15 dev 21 function 1 not configured
vendor &quot;Intel&quot;, unknown product 0x6fb6 (class system subclass miscellaneous, rev 0x01) at pci15 dev 21 function 2 not configured
vendor &quot;Intel&quot;, unknown product 0x6fb7 (class system subclass miscellaneous, rev 0x01) at pci15 dev 21 function 3 not configured
vendor &quot;Intel&quot;, unknown product 0x6f68 (class system subclass miscellaneous, rev 0x01) at pci15 dev 22 function 0 not configured
vendor &quot;Intel&quot;, unknown product 0x6f6e (class system subclass miscellaneous, rev 0x01) at pci15 dev 22 function 6 not configured
vendor &quot;Intel&quot;, unknown product 0x6f6f (class system subclass miscellaneous, rev 0x01) at pci15 dev 22 function 7 not configured
vendor &quot;Intel&quot;, unknown product 0x6fd0 (class system subclass miscellaneous, rev 0x01) at pci15 dev 23 function 0 not configured
vendor &quot;Intel&quot;, unknown product 0x6fb8 (class system subclass miscellaneous, rev 0x01) at pci15 dev 23 function 4 not configured
vendor &quot;Intel&quot;, unknown product 0x6fb9 (class system subclass miscellaneous, rev 0x01) at pci15 dev 23 function 5 not configured
vendor &quot;Intel&quot;, unknown product 0x6fba (class system subclass miscellaneous, rev 0x01) at pci15 dev 23 function 6 not configured
vendor &quot;Intel&quot;, unknown product 0x6fbb (class system subclass miscellaneous, rev 0x01) at pci15 dev 23 function 7 not configured
vendor &quot;Intel&quot;, unknown product 0x6f98 (class system subclass miscellaneous, rev 0x01) at pci15 dev 30 function 0 not configured
vendor &quot;Intel&quot;, unknown product 0x6f99 (class system subclass miscellaneous, rev 0x01) at pci15 dev 30 function 1 not configured
vendor &quot;Intel&quot;, unknown product 0x6f9a (class system subclass miscellaneous, rev 0x01) at pci15 dev 30 function 2 not configured
vendor &quot;Intel&quot;, unknown product 0x6fc0 (class system subclass miscellaneous, rev 0x01) at pci15 dev 30 function 3 not configured
vendor &quot;Intel&quot;, unknown product 0x6f9c (class system subclass miscellaneous, rev 0x01) at pci15 dev 30 function 4 not configured
vendor &quot;Intel&quot;, unknown product 0x6f88 (class system subclass miscellaneous, rev 0x01) at pci15 dev 31 function 0 not configured
vendor &quot;Intel&quot;, unknown product 0x6f8a (class system subclass miscellaneous, rev 0x01) at pci15 dev 31 function 2 not configured
pci16 at mainbus0 bus 127
127:30:3: io address conflict 0x14/0x4
vendor &quot;Intel&quot;, unknown product 0x6f80 (class system subclass miscellaneous, rev 0x01) at pci16 dev 8 function 0 not configured
vendor &quot;Intel&quot;, unknown product 0x6f32 (class DASP subclass Time and Frequency, rev 0x01) at pci16 dev 8 function 2 not configured
vendor &quot;Intel&quot;, unknown product 0x6f83 (class system subclass miscellaneous, rev 0x01) at pci16 dev 8 function 3 not configured
vendor &quot;Intel&quot;, unknown product 0x6f90 (class system subclass miscellaneous, rev 0x01) at pci16 dev 9 function 0 not configured
vendor &quot;Intel&quot;, unknown product 0x6f33 (class DASP subclass Time and Frequency, rev 0x01) at pci16 dev 9 function 2 not configured
vendor &quot;Intel&quot;, unknown product 0x6f93 (class system subclass miscellaneous, rev 0x01) at pci16 dev 9 function 3 not configured
vendor &quot;Intel&quot;, unknown product 0x6f81 (class system subclass miscellaneous, rev 0x01) at pci16 dev 11 function 0 not configured
vendor &quot;Intel&quot;, unknown product 0x6f36 (class DASP subclass Time and Frequency, rev 0x01) at pci16 dev 11 function 1 not configured
vendor &quot;Intel&quot;, unknown product 0x6f37 (class DASP subclass Time and Frequency, rev 0x01) at pci16 dev 11 function 2 not configured
vendor &quot;Intel&quot;, unknown product 0x6f76 (class system subclass miscellaneous, rev 0x01) at pci16 dev 11 function 3 not configured
vendor &quot;Intel&quot;, unknown product 0x6fe0 (class system subclass miscellaneous, rev 0x01) at pci16 dev 12 function 0 not configured
vendor &quot;Intel&quot;, unknown product 0x6fe1 (class system subclass miscellaneous, rev 0x01) at pci16 dev 12 function 1 not configured
vendor &quot;Intel&quot;, unknown product 0x6fe2 (class system subclass miscellaneous, rev 0x01) at pci16 dev 12 function 2 not configured
vendor &quot;Intel&quot;, unknown product 0x6fe3 (class system subclass miscellaneous, rev 0x01) at pci16 dev 12 function 3 not configured
vendor &quot;Intel&quot;, unknown product 0x6fe4 (class system subclass miscellaneous, rev 0x01) at pci16 dev 12 function 4 not configured
vendor &quot;Intel&quot;, unknown product 0x6fe5 (class system subclass miscellaneous, rev 0x01) at pci16 dev 12 function 5 not configured
vendor &quot;Intel&quot;, unknown product 0x6fe6 (class system subclass miscellaneous, rev 0x01) at pci16 dev 12 function 6 not configured
vendor &quot;Intel&quot;, unknown product 0x6fe7 (class system subclass miscellaneous, rev 0x01) at pci16 dev 12 function 7 not configured
vendor &quot;Intel&quot;, unknown product 0x6ff8 (class system subclass miscellaneous, rev 0x01) at pci16 dev 15 function 0 not configured
vendor &quot;Intel&quot;, unknown product 0x6ff9 (class system subclass miscellaneous, rev 0x01) at pci16 dev 15 function 1 not configured
vendor &quot;Intel&quot;, unknown product 0x6ffc (class system subclass miscellaneous, rev 0x01) at pci16 dev 15 function 4 not configured
vendor &quot;Intel&quot;, unknown product 0x6ffd (class system subclass miscellaneous, rev 0x01) at pci16 dev 15 function 5 not configured
vendor &quot;Intel&quot;, unknown product 0x6ffe (class system subclass miscellaneous, rev 0x01) at pci16 dev 15 function 6 not configured
vendor &quot;Intel&quot;, unknown product 0x6f1d (class system subclass miscellaneous, rev 0x01) at pci16 dev 16 function 0 not configured
vendor &quot;Intel&quot;, unknown product 0x6f34 (class DASP subclass Time and Frequency, rev 0x01) at pci16 dev 16 function 1 not configured
vendor &quot;Intel&quot;, unknown product 0x6f1e (class system subclass miscellaneous, rev 0x01) at pci16 dev 16 function 5 not configured
vendor &quot;Intel&quot;, unknown product 0x6f7d (class DASP subclass Time and Frequency, rev 0x01) at pci16 dev 16 function 6 not configured
vendor &quot;Intel&quot;, unknown product 0x6f1f (class system subclass miscellaneous, rev 0x01) at pci16 dev 16 function 7 not configured
vendor &quot;Intel&quot;, unknown product 0x6fa0 (class system subclass miscellaneous, rev 0x01) at pci16 dev 18 function 0 not configured
vendor &quot;Intel&quot;, unknown product 0x6f30 (class DASP subclass Time and Frequency, rev 0x01) at pci16 dev 18 function 1 not configured
vendor &quot;Intel&quot;, unknown product 0x6f70 (class system subclass miscellaneous, rev 0x01) at pci16 dev 18 function 2 not configured
vendor &quot;Intel&quot;, unknown product 0x6fa8 (class system subclass miscellaneous, rev 0x01) at pci16 dev 19 function 0 not configured
vendor &quot;Intel&quot;, unknown product 0x6f71 (class system subclass miscellaneous, rev 0x01) at pci16 dev 19 function 1 not configured
vendor &quot;Intel&quot;, unknown product 0x6faa (class system subclass miscellaneous, rev 0x01) at pci16 dev 19 function 2 not configured
vendor &quot;Intel&quot;, unknown product 0x6fab (class system subclass miscellaneous, rev 0x01) at pci16 dev 19 function 3 not configured
vendor &quot;Intel&quot;, unknown product 0x6fac (class system subclass miscellaneous, rev 0x01) at pci16 dev 19 function 4 not configured
vendor &quot;Intel&quot;, unknown product 0x6fad (class system subclass miscellaneous, rev 0x01) at pci16 dev 19 function 5 not configured
vendor &quot;Intel&quot;, unknown product 0x6fae (class system subclass miscellaneous, rev 0x01) at pci16 dev 19 function 6 not configured
vendor &quot;Intel&quot;, unknown product 0x6faf (class system subclass miscellaneous, rev 0x01) at pci16 dev 19 function 7 not configured
vendor &quot;Intel&quot;, unknown product 0x6fb0 (class system subclass miscellaneous, rev 0x01) at pci16 dev 20 function 0 not configured
vendor &quot;Intel&quot;, unknown product 0x6fb1 (class system subclass miscellaneous, rev 0x01) at pci16 dev 20 function 1 not configured
vendor &quot;Intel&quot;, unknown product 0x6fb2 (class system subclass miscellaneous, rev 0x01) at pci16 dev 20 function 2 not configured
vendor &quot;Intel&quot;, unknown product 0x6fb3 (class system subclass miscellaneous, rev 0x01) at pci16 dev 20 function 3 not configured
vendor &quot;Intel&quot;, unknown product 0x6fbc (class system subclass miscellaneous, rev 0x01) at pci16 dev 20 function 4 not configured
vendor &quot;Intel&quot;, unknown product 0x6fbd (class system subclass miscellaneous, rev 0x01) at pci16 dev 20 function 5 not configured
vendor &quot;Intel&quot;, unknown product 0x6fbe (class system subclass miscellaneous, rev 0x01) at pci16 dev 20 function 6 not configured
vendor &quot;Intel&quot;, unknown product 0x6fbf (class system subclass miscellaneous, rev 0x01) at pci16 dev 20 function 7 not configured
vendor &quot;Intel&quot;, unknown product 0x6fb4 (class system subclass miscellaneous, rev 0x01) at pci16 dev 21 function 0 not configured
vendor &quot;Intel&quot;, unknown product 0x6fb5 (class system subclass miscellaneous, rev 0x01) at pci16 dev 21 function 1 not configured
vendor &quot;Intel&quot;, unknown product 0x6fb6 (class system subclass miscellaneous, rev 0x01) at pci16 dev 21 function 2 not configured
vendor &quot;Intel&quot;, unknown product 0x6fb7 (class system subclass miscellaneous, rev 0x01) at pci16 dev 21 function 3 not configured
vendor &quot;Intel&quot;, unknown product 0x6f68 (class system subclass miscellaneous, rev 0x01) at pci16 dev 22 function 0 not configured
vendor &quot;Intel&quot;, unknown product 0x6f6e (class system subclass miscellaneous, rev 0x01) at pci16 dev 22 function 6 not configured
vendor &quot;Intel&quot;, unknown product 0x6f6f (class system subclass miscellaneous, rev 0x01) at pci16 dev 22 function 7 not configured
vendor &quot;Intel&quot;, unknown product 0x6fd0 (class system subclass miscellaneous, rev 0x01) at pci16 dev 23 function 0 not configured
vendor &quot;Intel&quot;, unknown product 0x6fb8 (class system subclass miscellaneous, rev 0x01) at pci16 dev 23 function 4 not configured
vendor &quot;Intel&quot;, unknown product 0x6fb9 (class system subclass miscellaneous, rev 0x01) at pci16 dev 23 function 5 not configured
vendor &quot;Intel&quot;, unknown product 0x6fba (class system subclass miscellaneous, rev 0x01) at pci16 dev 23 function 6 not configured
vendor &quot;Intel&quot;, unknown product 0x6fbb (class system subclass miscellaneous, rev 0x01) at pci16 dev 23 function 7 not configured
vendor &quot;Intel&quot;, unknown product 0x6f98 (class system subclass miscellaneous, rev 0x01) at pci16 dev 30 function 0 not configured
vendor &quot;Intel&quot;, unknown product 0x6f99 (class system subclass miscellaneous, rev 0x01) at pci16 dev 30 function 1 not configured
vendor &quot;Intel&quot;, unknown product 0x6f9a (class system subclass miscellaneous, rev 0x01) at pci16 dev 30 function 2 not configured
vendor &quot;Intel&quot;, unknown product 0x6fc0 (class system subclass miscellaneous, rev 0x01) at pci16 dev 30 function 3 not configured
vendor &quot;Intel&quot;, unknown product 0x6f9c (class system subclass miscellaneous, rev 0x01) at pci16 dev 30 function 4 not configured
vendor &quot;Intel&quot;, unknown product 0x6f88 (class system subclass miscellaneous, rev 0x01) at pci16 dev 31 function 0 not configured
vendor &quot;Intel&quot;, unknown product 0x6f8a (class system subclass miscellaneous, rev 0x01) at pci16 dev 31 function 2 not configured
pci17 at mainbus0 bus 128
ppb14 at pci17 dev 0 function 0 vendor &quot;Intel&quot;, unknown product 0x6f01 rev 0x01
pci18 at ppb14 bus 129
ppb15 at pci17 dev 1 function 0 &quot;Intel Xeon-D PCIE&quot; rev 0x01: msi
pci19 at ppb15 bus 130
ppb16 at pci17 dev 2 function 0 &quot;Intel Xeon-D PCIE&quot; rev 0x01: msi
pci20 at ppb16 bus 131
ppb17 at pci17 dev 3 function 0 &quot;Intel Xeon-D PCIE&quot; rev 0x01: msi
pci21 at ppb17 bus 132
ppb18 at pci17 dev 3 function 2 &quot;Intel Xeon-D PCIE&quot; rev 0x01: msi
pci22 at ppb18 bus 133
&quot;Intel Xeon-D Address Map&quot; rev 0x01 at pci17 dev 5 function 0 not configured
&quot;Intel Xeon-D Hot Plug&quot; rev 0x01 at pci17 dev 5 function 1 not configured
&quot;Intel Xeon-D RAS&quot; rev 0x01 at pci17 dev 5 function 2 not configured
vendor &quot;Intel&quot;, unknown product 0x6f2c (class system subclass interrupt, rev 0x01) at pci17 dev 5 function 4 not configured
uhub2 at uhub0 port 1 &quot;Intel Rate Matching Hub&quot; rev 2.00/0.05 addr 2
uhub3 at uhub2 port 6 &quot;no manufacturer Gadget USB HUB&quot; rev 2.00/0.00 addr 3
uhidev0 at uhub3 port 1 configuration 1 interface 0 &quot;Avocent Keyboard/Mouse Function&quot; rev 2.00/0.00 addr 4
uhidev0: iclass 3/1
ukbd0 at uhidev0: 8 variable keys, 6 key codes
wskbd0 at ukbd0: console keyboard, using wsdisplay0
uhidev1 at uhub3 port 1 configuration 1 interface 1 &quot;Avocent Keyboard/Mouse Function&quot; rev 2.00/0.00 addr 4
uhidev1: iclass 3/1
ums0 at uhidev1: 3 buttons, Z dir
wsmouse0 at ums0 mux 0
uhidev2 at uhub3 port 1 configuration 1 interface 2 &quot;Avocent Keyboard/Mouse Function&quot; rev 2.00/0.00 addr 4
uhidev2: iclass 3/1
ums1 at uhidev2: 3 buttons, Z dir
wsmouse1 at ums1 mux 0
uhub4 at uhub1 port 1 &quot;Intel Rate Matching Hub&quot; rev 2.00/0.05 addr 2
vscsi0 at root
scsibus5 at vscsi0: 256 targets
softraid0 at root
scsibus6 at softraid0: 256 targets
root on sd0a (994a93f9da39fa72.a) swap on sd0b dump on sd0b
</pre>



</div><!-- content -->
<br />
<div id="footer">
All comments/news/posts are the property of their individual owner and
is presented without warranty of suitability, and solely as an
informational resource. <br />
This site Copyright &copy; 2004-2020 NYC*BUG.
</div><!-- footer -->

</body>
</html>

