



<!doctype html>
<html lang="en">
<head>
<meta name="keywords"
	content="bsd, freebsd, openbsd, netbsd, dragonflybsd, nycbug, dmesgd" />
<meta name="description" content="New York City BSD User Group dmesgd" />
<meta charset="utf-8" />
<meta name="viewport" content="width=device-width, initial-scale=1" />
<title>NYC*BUG dmesgd</title>
<style>
body {
	text-align: left;
	margin: 15px auto;
	padding: 0px 10px;
}
@media (min-width: 800px) {
	body {
		max-width: 85%;
	}
}
#header {
	border-bottom: 1px solid #dbdbdb;
	font-size: 230%;
	text-align: left;
}
#footer {
	border-top: 1px solid #dbdbdb;
	clear: both;
	text-align: left;
}
.logo_bug {
	color: #cc0033;
}
#menu ul {
	list-style-type: none;
	margin: 0;
	padding: 0;
}
#menu li {
	float: left;
}
#menu li a {
	display: block;
	background-color: #dbdbdb;
	color: #000000;
	font-size: 105%;
	font-weight: bold;
	padding: 0px 6px 0px 6px;
	text-decoration: none;
}
#content {
	clear: both;
	text-align: left;
	padding-top: 10px;
}
#content h1 {
	font-size: 120%;
	font-weight: bold;
}
#content h2 {
	font-size: 110%;
	font-weight: bold;
}
#content a {
	text-decoration: none;
}
#content pre {
	background-color: #dbdbdb;
	padding: 5px 5px 5px 5px;
	white-space: pre-wrap;		/* css-3 */
	white-space: -moz-pre-wrap;	/* Mozilla, since 1999 */
	white-space: -pre-wrap;		/* Opera 4-6 */
	white-space: -o-pre-wrap;	/* Opera 7 */
	word-wrap: break-word;		/* Internet Explorer 5.5+ */
}
#content table {
	border-collapse: collapse;
}
#content table th {
	border: 1px solid #dbdbdb;
	font-size: 85%;
	white-space: nowrap;
}
#content table td {
	border: 1px solid #dbdbdb;
	font-size: 80%;
}
#content input {
	font-size: 1em;
}
#content .full	{ width: 100%; }
#content .left	{ text-align: left; }
#content .right	{ text-align: right; }
#content .center { text-align: center; }
#content .flexbox {
	display: -ms-flex;
	display: -webkit-flex;
	display: flex;
	width: 100%;
}
#content .left_col {
	min-width: 75px;
	max-width: 50%;
	flex-grow: 0;
}
#content .right_col {
	flex-grow: 1;
	margin-left: 10px;
	padding-top: 10px;
	padding-left: 10px;
}
#col {
	-moz-column-count: 3;
	-webkit-column-count: 3;
	column-count: 3;
}
</style>
</head>
<body>

<div id="header">
<strong><em>NYC*</em><span class="logo_bug">BUG</span> dmesgd</strong>
</div><!-- header -->

<div id="menu">
<ul>
<li><a href="https://dmesgd.nycbug.org/index.cgi?do=index">Home</a></li>
<li><a href="https://dmesgd.nycbug.org/index.cgi?do=submit">Submit</a></li>
<li><a href="https://www.nycbug.org/">NYC*BUG</a></li>
</ul>
</div><!-- menu -->

<div id="content">

<p>
Launched in 2004, dmesgd aims to provide a
<strong>user-submitted</strong> repository of searchable *BSD dmesgs.
The dmesg(8) command displays the system message buffer's content, and
during boot a copy is saved to <em>/var/run/dmesg.boot</em>.  This buffer
contains the operating system release, name and version, a list of
devices identified, plus a whole host of other useful information.  We
hope others find this resource useful and further contribute to its
growth. Contact us at [ admin at lists dot nycbug dot org ].
</p>

<hr />


<strong>Date:</strong> <em>2016-05-04 08:04:28</em><br />
<strong>From:</strong> <em>ptiJo</em><br />
<strong>Description:</strong> <em>OpenBSD 5.9 on QNAP TS-453mini</em><br />

<pre>
OpenBSD 5.9 (GENERIC.MP) #1888: Fri Feb 26 01:20:19 MST 2016
    xxx@xxx.xxx:/usr/src/sys/arch/amd64/compile/GENERIC.MP
real mem = 17054887936 (16264MB)
avail mem = 16533811200 (15767MB)
mpath0 at root
scsibus0 at mpath0: 256 targets
mainbus0 at root
bios0 at mainbus0: SMBIOS rev. 2.8 @ 0xec940 (51 entries)
bios0: vendor American Megatrends Inc. version &quot;SAB8AR11&quot; date 05/05/2015
bios0: AMI Corporation Aptio CRB
acpi0 at bios0: rev 2
acpi0: sleep states S0 S3 S4 S5
acpi0: tables DSDT FACP APIC FPDT LPIT MCFG HPET SSDT SSDT SSDT UEFI CSRT
acpi0: wakeup devices UAR5(S4) UAR8(S4) XHC1(S4) EHC1(S4) PXSX(S4) PXSX(S4) PXSX(S4) PXSX(S4) PWRB(S0) BRCM(S0) BRC3(S0)
acpitimer0 at acpi0: 3579545 Hz, 24 bits
acpimadt0 at acpi0 addr 0xfee00000: PC-AT compat
cpu0 at mainbus0: apid 0 (boot processor)
cpu0: Intel(R) Celeron(R) CPU J1900 @ 1.99GHz, 2000.38 MHz
cpu0: FPU,VME,DE,PSE,TSC,MSR,PAE,MCE,CX8,APIC,SEP,MTRR,PGE,MCA,CMOV,PAT,PSE36,CFLUSH,DS,ACPI,MMX,FXSR,SSE,SSE2,SS,HTT,TM,PBE,SSE3,PCLMUL,DTES64,MWAIT,DS-CPL,VMX,EST,TM2,SSSE3,CX16,xTPR,PDCM,SSE4.1,SSE4.2,MOVBE,POPCNT,DEADLINE,RDRAND,NXE,LONG,LAHF,3DNOWP,PERF,ITSC,SMEP,ERMS,SENSOR,ARAT
cpu0: 1MB 64b/line 16-way L2 cache
cpu0: smt 0, core 0, package 0
mtrr: Pentium Pro MTRR support, 8 var ranges, 88 fixed ranges
cpu0: apic clock running at 83MHz
cpu0: mwait min=64, max=64, C-substates=0.2.0.0.0.0.3.3, IBE
cpu1 at mainbus0: apid 2 (application processor)
cpu1: Intel(R) Celeron(R) CPU J1900 @ 1.99GHz, 1999.99 MHz
cpu1: FPU,VME,DE,PSE,TSC,MSR,PAE,MCE,CX8,APIC,SEP,MTRR,PGE,MCA,CMOV,PAT,PSE36,CFLUSH,DS,ACPI,MMX,FXSR,SSE,SSE2,SS,HTT,TM,PBE,SSE3,PCLMUL,DTES64,MWAIT,DS-CPL,VMX,EST,TM2,SSSE3,CX16,xTPR,PDCM,SSE4.1,SSE4.2,MOVBE,POPCNT,DEADLINE,RDRAND,NXE,LONG,LAHF,3DNOWP,PERF,ITSC,SMEP,ERMS,SENSOR,ARAT
cpu1: 1MB 64b/line 16-way L2 cache
cpu1: smt 0, core 1, package 0
cpu2 at mainbus0: apid 4 (application processor)
cpu2: Intel(R) Celeron(R) CPU J1900 @ 1.99GHz, 1999.99 MHz
cpu2: FPU,VME,DE,PSE,TSC,MSR,PAE,MCE,CX8,APIC,SEP,MTRR,PGE,MCA,CMOV,PAT,PSE36,CFLUSH,DS,ACPI,MMX,FXSR,SSE,SSE2,SS,HTT,TM,PBE,SSE3,PCLMUL,DTES64,MWAIT,DS-CPL,VMX,EST,TM2,SSSE3,CX16,xTPR,PDCM,SSE4.1,SSE4.2,MOVBE,POPCNT,DEADLINE,RDRAND,NXE,LONG,LAHF,3DNOWP,PERF,ITSC,SMEP,ERMS,SENSOR,ARAT
cpu2: 1MB 64b/line 16-way L2 cache
cpu2: smt 0, core 2, package 0
cpu3 at mainbus0: apid 6 (application processor)
cpu3: Intel(R) Celeron(R) CPU J1900 @ 1.99GHz, 1999.99 MHz
cpu3: FPU,VME,DE,PSE,TSC,MSR,PAE,MCE,CX8,APIC,SEP,MTRR,PGE,MCA,CMOV,PAT,PSE36,CFLUSH,DS,ACPI,MMX,FXSR,SSE,SSE2,SS,HTT,TM,PBE,SSE3,PCLMUL,DTES64,MWAIT,DS-CPL,VMX,EST,TM2,SSSE3,CX16,xTPR,PDCM,SSE4.1,SSE4.2,MOVBE,POPCNT,DEADLINE,RDRAND,NXE,LONG,LAHF,3DNOWP,PERF,ITSC,SMEP,ERMS,SENSOR,ARAT
cpu3: 1MB 64b/line 16-way L2 cache
cpu3: smt 0, core 3, package 0
ioapic0 at mainbus0: apid 1 pa 0xfec00000, version 20, 87 pins
acpimcfg0 at acpi0 addr 0xe0000000, bus 0-255
acpihpet0 at acpi0: 14318179 Hz
acpiprt0 at acpi0: bus 0 (PCI0)
acpiprt1 at acpi0: bus 1 (RP01)
acpiprt2 at acpi0: bus 2 (RP02)
acpiprt3 at acpi0: bus 3 (RP03)
acpiprt4 at acpi0: bus 4 (RP04)
acpiec0 at acpi0: not present
acpicpu0 at acpi0: C1(@1 halt!)
acpicpu1 at acpi0: C1(@1 halt!)
acpicpu2 at acpi0: C1(@1 halt!)
acpicpu3 at acpi0: C1(@1 halt!)
acpipwrres0 at acpi0: PLPE
acpipwrres1 at acpi0: PLPE
acpipwrres2 at acpi0: USBC, resource for EHC1, OTG1
acpipwrres3 at acpi0: CLK0, resource for CAM1
acpipwrres4 at acpi0: CLK1, resource for CAM0, CAM2
acpipwrres5 at acpi0: FN00, resource for FAN0
acpitz0 at acpi0: critical temperature is 90 degC
acpibat0 at acpi0: BAT0 not present
acpibat1 at acpi0: BAT1 not present
acpibat2 at acpi0: BAT2 not present
acpibtn0 at acpi0: LID0
acpibtn1 at acpi0: PWRB
acpibtn2 at acpi0: SLPB
sdhc at acpi0 not configured
sdhc at acpi0 not configured
dwiic at acpi0 not configured
dwiic at acpi0 not configured
dwiic at acpi0 not configured
dwiic at acpi0 not configured
dwiic at acpi0 not configured
dwiic at acpi0 not configured
dwiic at acpi0 not configured
acpivideo0 at acpi0: GFX0
acpivout0 at acpivideo0: DD1F
pci0 at mainbus0 bus 0
pchb0 at pci0 dev 0 function 0 &quot;Intel Bay Trail Host&quot; rev 0x0e
inteldrm0 at pci0 dev 2 function 0 &quot;Intel Bay Trail Video&quot; rev 0x0e
drm0 at inteldrm0
inteldrm0: msi
inteldrm0: 1024x768
wsdisplay0 at inteldrm0 mux 1: console (std, vt100 emulation)
wsdisplay0: screen 1-5 added (std, vt100 emulation)
sdhc0 at pci0 dev 17 function 0 vendor &quot;Intel&quot;, unknown product 0x0f15 rev 0x0e: apic 1 int 17
sdmmc0 at sdhc0
sdhc1 at pci0 dev 18 function 0 vendor &quot;Intel&quot;, unknown product 0x0f16 rev 0x0e: apic 1 int 18
sdmmc1 at sdhc1
ahci0 at pci0 dev 19 function 0 &quot;Intel Bay Trail AHCI&quot; rev 0x0e: msi, AHCI 1.3
ahci0: port 0: 3.0Gb/s
ahci0: port 1: 3.0Gb/s
scsibus1 at ahci0: 32 targets
sd0 at scsibus1 targ 0 lun 0: &lt;ATA, WDC WD60EFRX-68L, 82.0&gt; SCSI3 0/direct fixed naa.50014ee2b7786ac7
sd0: 5723166MB, 512 bytes/sector, 11721045168 sectors
sd1 at scsibus1 targ 1 lun 0: &lt;ATA, WDC WD60EFRX-68L, 82.0&gt; SCSI3 0/direct fixed naa.50014ee26222c1b3
sd1: 5723166MB, 512 bytes/sector, 11721045168 sectors
xhci0 at pci0 dev 20 function 0 &quot;Intel Bay Trail xHCI&quot; rev 0x0e: msi
usb0 at xhci0: USB revision 3.0
uhub0 at usb0 &quot;Intel xHCI root hub&quot; rev 3.00/1.00 addr 1
sdhc2 at pci0 dev 23 function 0 vendor &quot;Intel&quot;, unknown product 0x0f50 rev 0x0e: apic 1 int 23
sdmmc2 at sdhc2
&quot;Intel Bay Trail I2C DMA&quot; rev 0x0e at pci0 dev 24 function 0 not configured
&quot;Intel Bay Trail I2C&quot; rev 0x0e at pci0 dev 24 function 1 not configured
&quot;Intel Bay Trail I2C&quot; rev 0x0e at pci0 dev 24 function 2 not configured
&quot;Intel Bay Trail I2C&quot; rev 0x0e at pci0 dev 24 function 3 not configured
&quot;Intel Bay Trail I2C&quot; rev 0x0e at pci0 dev 24 function 4 not configured
&quot;Intel Bay Trail I2C&quot; rev 0x0e at pci0 dev 24 function 5 not configured
&quot;Intel Bay Trail I2C&quot; rev 0x0e at pci0 dev 24 function 6 not configured
&quot;Intel Bay Trail I2C&quot; rev 0x0e at pci0 dev 24 function 7 not configured
&quot;Intel Bay Trail TXE&quot; rev 0x0e at pci0 dev 26 function 0 not configured
azalia0 at pci0 dev 27 function 0 &quot;Intel Bay Trail HD Audio&quot; rev 0x0e: msi
azalia0: no supported codecs
ppb0 at pci0 dev 28 function 0 &quot;Intel Bay Trail I2C&quot; rev 0x0e: msi
pci1 at ppb0 bus 1
ahci1 at pci1 dev 0 function 0 vendor &quot;Marvell&quot;, unknown product 0x9215 rev 0x11: msi, AHCI 1.0
ahci1: failed to start port, cannot probe PMP
ahci1: device on port 0 didn't come ready, TFD: 0x150
ahci1: failed to start port, cannot softreset
ahci1: unable to communicate with device on port 0
scsibus2 at ahci1: 32 targets
ppb1 at pci0 dev 28 function 1 &quot;Intel Bay Trail PCIE&quot; rev 0x0e: msi
pci2 at ppb1 bus 2
ahci2 at pci2 dev 0 function 0 vendor &quot;Marvell&quot;, unknown product 0x9215 rev 0x11: msi, AHCI 1.0
ahci2: failed to start port, cannot probe PMP
ahci2: device on port 0 didn't come ready, TFD: 0x150
ahci2: failed to start port, cannot softreset
ahci2: unable to communicate with device on port 0
scsibus3 at ahci2: 32 targets
ppb2 at pci0 dev 28 function 2 &quot;Intel Bay Trail PCIE&quot; rev 0x0e: msi
pci3 at ppb2 bus 3
em0 at pci3 dev 0 function 0 &quot;Intel I210&quot; rev 0x03: msi, address xx:xx:xx:xx:xx:xx
ppb3 at pci0 dev 28 function 3 &quot;Intel Bay Trail PCIE&quot; rev 0x0e: msi
pci4 at ppb3 bus 4
em1 at pci4 dev 0 function 0 &quot;Intel I210&quot; rev 0x03: msi, address xx:xx:xx:xx:xx:xx
&quot;Intel Bay Trail SIO DMA&quot; rev 0x0e at pci0 dev 30 function 0 not configured
&quot;Intel Bay Trail PWM&quot; rev 0x0e at pci0 dev 30 function 1 not configured
&quot;Intel Bay Trail PWM&quot; rev 0x0e at pci0 dev 30 function 2 not configured
&quot;Intel Bay Trail HSUART&quot; rev 0x0e at pci0 dev 30 function 3 not configured
&quot;Intel Bay Trail HSUART&quot; rev 0x0e at pci0 dev 30 function 4 not configured
&quot;Intel Bay Trail SPI&quot; rev 0x0e at pci0 dev 30 function 5 not configured
pcib0 at pci0 dev 31 function 0 &quot;Intel Bay Trail LPC&quot; rev 0x0e
ichiic0 at pci0 dev 31 function 3 &quot;Intel Bay Trail SMBus&quot; rev 0x0e: apic 1 int 18
iic0 at ichiic0
spdmem0 at iic0 addr 0x50: 8GB DDR3 SDRAM PC3-12800 SO-DIMM
spdmem1 at iic0 addr 0x51: 8GB DDR3 SDRAM PC3-12800 SO-DIMM
isa0 at pcib0
isadma0 at isa0
com0 at isa0 port 0x3f8/8 irq 4: ns16550a, 16 byte fifo
com0: probed fifo depth: 15 bytes
com1 at isa0 port 0x2f8/8 irq 3: ns16550a, 16 byte fifo
com1: probed fifo depth: 15 bytes
pcppi0 at isa0 port 0x61
spkr0 at pcppi0
lpt0 at isa0 port 0x378/4 irq 7
efifb at mainbus0 not configured
sdmmc2: can't enable card
sdmmc0: can't enable card
uhub1 at uhub0 port 1 &quot;QNAP System, Inc. ASM1074&quot; rev 2.10/0.01 addr 2
uhidev0 at uhub1 port 4 configuration 1 interface 0 &quot;vendor 0x0dc6 USB keyboard&quot; rev 1.10/1.03 addr 3
uhidev0: iclass 3/1
ukbd0 at uhidev0: 8 variable keys, 6 key codes
wskbd0 at ukbd0: console keyboard, using wsdisplay0
uhidev1 at uhub1 port 4 configuration 1 interface 1 &quot;vendor 0x0dc6 USB keyboard&quot; rev 1.10/1.03 addr 3
uhidev1: iclass 3/1
ums0 at uhidev1: 3 buttons, Z dir
wsmouse0 at ums0 mux 0
umass0 at uhub0 port 4 configuration 1 interface 0 &quot; USB DISK MODULE&quot; rev 2.00/1.00 addr 4
umass0: using SCSI over Bulk-Only
scsibus4 at umass0: 2 targets, initiator 0
sd2 at scsibus4 targ 1 lun 0: &lt;, USB DISK MODULE, PMAP&gt; SCSI0 0/direct removable serial.1005b15554A2609B0B51
sd2: 492MB, 512 bytes/sector, 1007616 sectors
uhub2 at uhub0 port 7 &quot;QNAP System, Inc. ASM1074&quot; rev 3.00/0.01 addr 5
vscsi0 at root
scsibus5 at vscsi0: 256 targets
softraid0 at root
scsibus6 at softraid0: 256 targets
root on sd2a (5988b0ee38d8b041.a) swap on sd2b dump on sd2b
Process (pid 1) got signal 31
</pre>



</div><!-- content -->
<br />
<div id="footer">
All comments/news/posts are the property of their individual owner and
is presented without warranty of suitability, and solely as an
informational resource. <br />
This site Copyright &copy; 2004-2020 NYC*BUG.
</div><!-- footer -->

</body>
</html>

