



<!doctype html>
<html lang="en">
<head>
<meta name="keywords"
	content="bsd, freebsd, openbsd, netbsd, dragonflybsd, nycbug, dmesgd" />
<meta name="description" content="New York City BSD User Group dmesgd" />
<meta charset="utf-8" />
<meta name="viewport" content="width=device-width, initial-scale=1" />
<title>NYC*BUG dmesgd</title>
<style>
body {
	text-align: left;
	margin: 15px auto;
	padding: 0px 10px;
}
@media (min-width: 800px) {
	body {
		max-width: 85%;
	}
}
#header {
	border-bottom: 1px solid #dbdbdb;
	font-size: 230%;
	text-align: left;
}
#footer {
	border-top: 1px solid #dbdbdb;
	clear: both;
	text-align: left;
}
.logo_bug {
	color: #cc0033;
}
#menu ul {
	list-style-type: none;
	margin: 0;
	padding: 0;
}
#menu li {
	float: left;
}
#menu li a {
	display: block;
	background-color: #dbdbdb;
	color: #000000;
	font-size: 105%;
	font-weight: bold;
	padding: 0px 6px 0px 6px;
	text-decoration: none;
}
#content {
	clear: both;
	text-align: left;
	padding-top: 10px;
}
#content h1 {
	font-size: 120%;
	font-weight: bold;
}
#content h2 {
	font-size: 110%;
	font-weight: bold;
}
#content a {
	text-decoration: none;
}
#content pre {
	background-color: #dbdbdb;
	padding: 5px 5px 5px 5px;
	white-space: pre-wrap;		/* css-3 */
	white-space: -moz-pre-wrap;	/* Mozilla, since 1999 */
	white-space: -pre-wrap;		/* Opera 4-6 */
	white-space: -o-pre-wrap;	/* Opera 7 */
	word-wrap: break-word;		/* Internet Explorer 5.5+ */
}
#content table {
	border-collapse: collapse;
}
#content table th {
	border: 1px solid #dbdbdb;
	font-size: 85%;
	white-space: nowrap;
}
#content table td {
	border: 1px solid #dbdbdb;
	font-size: 80%;
}
#content input {
	font-size: 1em;
}
#content .full	{ width: 100%; }
#content .left	{ text-align: left; }
#content .right	{ text-align: right; }
#content .center { text-align: center; }
#content .flexbox {
	display: -ms-flex;
	display: -webkit-flex;
	display: flex;
	width: 100%;
}
#content .left_col {
	min-width: 75px;
	max-width: 50%;
	flex-grow: 0;
}
#content .right_col {
	flex-grow: 1;
	margin-left: 10px;
	padding-top: 10px;
	padding-left: 10px;
}
#col {
	-moz-column-count: 3;
	-webkit-column-count: 3;
	column-count: 3;
}
</style>
</head>
<body>

<div id="header">
<strong><em>NYC*</em><span class="logo_bug">BUG</span> dmesgd</strong>
</div><!-- header -->

<div id="menu">
<ul>
<li><a href="https://dmesgd.nycbug.org/index.cgi?do=index">Home</a></li>
<li><a href="https://dmesgd.nycbug.org/index.cgi?do=submit">Submit</a></li>
<li><a href="https://www.nycbug.org/">NYC*BUG</a></li>
</ul>
</div><!-- menu -->

<div id="content">

<p>
Launched in 2004, dmesgd aims to provide a
<strong>user-submitted</strong> repository of searchable *BSD dmesgs.
The dmesg(8) command displays the system message buffer's content, and
during boot a copy is saved to <em>/var/run/dmesg.boot</em>.  This buffer
contains the operating system release, name and version, a list of
devices identified, plus a whole host of other useful information.  We
hope others find this resource useful and further contribute to its
growth. Contact us at [ admin at lists dot nycbug dot org ].
</p>

<hr />


<strong>Date:</strong> <em>2016-05-10 19:46:33</em><br />
<strong>From:</strong> <em>karl</em><br />
<strong>Description:</strong> <em>OpenBSD 5.9 @ Toughbook CF-19mk6 CF-191HC51FL</em><br />

<pre>
see also http://toughbooktalk.com/viewtopic.php?f=3&amp;t=2991


OpenBSD 5.9 (GENERIC.MP) #1888: Fri Feb 26 01:20:19 MST 2016
    xxx@xxx.xxx:/usr/src/sys/arch/amd64/compile/GENERIC.MP
real mem = 17019494400 (16231MB)
avail mem = 16499490816 (15735MB)
mpath0 at root
scsibus0 at mpath0: 256 targets
mainbus0 at root
bios0 at mainbus0: SMBIOS rev. 2.7 @ 0xeb550 (30 entries)
bios0: vendor American Megatrends Inc. version &quot;V6.00L10&quot; date 05/18/2012
bios0: Panasonic Corporation CF-191HC51FL
acpi0 at bios0: rev 2
acpi0: sleep states S0 S3 S4 S5
acpi0: tables DSDT FACP APIC FPDT TCPA MCFG SLIC HPET SSDT SSDT SSDT SSDT SSDT DMAR SSDT
acpi0: wakeup devices XHC_(S3) EHC1(S3) EHC2(S3) HDEF(S3) GLAN(S4) PXSX(S4) PEGP(S4) PEG0(S4) PEG1(S4) PEG2(S4) PEG3(S4) PXSX(S4) PXSX(S4) PXSX(S4) PXSX(S4) PXSX(S4) [...]
acpitimer0 at acpi0: 3579545 Hz, 24 bits
acpimadt0 at acpi0 addr 0xfee00000: PC-AT compat
cpu0 at mainbus0: apid 0 (boot processor)
cpu0: Intel(R) Core(TM) i5-3320M CPU @ 2.60GHz, 1197.48 MHz
cpu0: FPU,VME,DE,PSE,TSC,MSR,PAE,MCE,CX8,APIC,SEP,MTRR,PGE,MCA,CMOV,PAT,PSE36,CFLUSH,DS,ACPI,MMX,FXSR,SSE,SSE2,SS,HTT,TM,PBE,SSE3,PCLMUL,DTES64,MWAIT,DS-CPL,VMX,SMX,EST,TM2,SSSE3,CX16,xTPR,PDCM,PCID,SSE4.1,SSE4.2,x2APIC,POPCNT,DEADLINE,AES,XSAVE,AVX,F16C,RDRAND,NXE,LONG,LAHF,PERF,ITSC,FSGSBASE,SMEP,ERMS,SENSOR,ARAT
cpu0: 256KB 64b/line 8-way L2 cache
cpu0: smt 0, core 0, package 0
mtrr: Pentium Pro MTRR support, 10 var ranges, 88 fixed ranges
cpu0: apic clock running at 99MHz
cpu0: mwait min=64, max=64, C-substates=0.2.1.1.2, IBE
cpu1 at mainbus0: apid 2 (application processor)
cpu1: Intel(R) Core(TM) i5-3320M CPU @ 2.60GHz, 2594.11 MHz
cpu1: FPU,VME,DE,PSE,TSC,MSR,PAE,MCE,CX8,APIC,SEP,MTRR,PGE,MCA,CMOV,PAT,PSE36,CFLUSH,DS,ACPI,MMX,FXSR,SSE,SSE2,SS,HTT,TM,PBE,SSE3,PCLMUL,DTES64,MWAIT,DS-CPL,VMX,SMX,EST,TM2,SSSE3,CX16,xTPR,PDCM,PCID,SSE4.1,SSE4.2,x2APIC,POPCNT,DEADLINE,AES,XSAVE,AVX,F16C,RDRAND,NXE,LONG,LAHF,PERF,ITSC,FSGSBASE,SMEP,ERMS,SENSOR,ARAT
cpu1: 256KB 64b/line 8-way L2 cache
cpu1: smt 0, core 1, package 0
cpu2 at mainbus0: apid 1 (application processor)
cpu2: Intel(R) Core(TM) i5-3320M CPU @ 2.60GHz, 2594.11 MHz
cpu2: FPU,VME,DE,PSE,TSC,MSR,PAE,MCE,CX8,APIC,SEP,MTRR,PGE,MCA,CMOV,PAT,PSE36,CFLUSH,DS,ACPI,MMX,FXSR,SSE,SSE2,SS,HTT,TM,PBE,SSE3,PCLMUL,DTES64,MWAIT,DS-CPL,VMX,SMX,EST,TM2,SSSE3,CX16,xTPR,PDCM,PCID,SSE4.1,SSE4.2,x2APIC,POPCNT,DEADLINE,AES,XSAVE,AVX,F16C,RDRAND,NXE,LONG,LAHF,PERF,ITSC,FSGSBASE,SMEP,ERMS,SENSOR,ARAT
cpu2: 256KB 64b/line 8-way L2 cache
cpu2: smt 1, core 0, package 0
cpu3 at mainbus0: apid 3 (application processor)
cpu3: Intel(R) Core(TM) i5-3320M CPU @ 2.60GHz, 2594.12 MHz
cpu3: FPU,VME,DE,PSE,TSC,MSR,PAE,MCE,CX8,APIC,SEP,MTRR,PGE,MCA,CMOV,PAT,PSE36,CFLUSH,DS,ACPI,MMX,FXSR,SSE,SSE2,SS,HTT,TM,PBE,SSE3,PCLMUL,DTES64,MWAIT,DS-CPL,VMX,SMX,EST,TM2,SSSE3,CX16,xTPR,PDCM,PCID,SSE4.1,SSE4.2,x2APIC,POPCNT,DEADLINE,AES,XSAVE,AVX,F16C,RDRAND,NXE,LONG,LAHF,PERF,ITSC,FSGSBASE,SMEP,ERMS,SENSOR,ARAT
cpu3: 256KB 64b/line 8-way L2 cache
cpu3: smt 1, core 1, package 0
ioapic0 at mainbus0: apid 2 pa 0xfec00000, version 20, 24 pins
acpimcfg0 at acpi0 addr 0xf8000000, bus 0-63
acpihpet0 at acpi0: 14318179 Hz
acpiprt0 at acpi0: bus 0 (PCI0)
acpiprt1 at acpi0: bus -1 (RP06)
acpiprt2 at acpi0: bus -1 (PEG0)
acpiprt3 at acpi0: bus -1 (PEG1)
acpiprt4 at acpi0: bus -1 (PEG2)
acpiprt5 at acpi0: bus -1 (PEG3)
acpiprt6 at acpi0: bus -1 (RP02)
acpiprt7 at acpi0: bus -1 (RP05)
acpiprt8 at acpi0: bus -1 (RP07)
acpiprt9 at acpi0: bus -1 (RP08)
acpiprt10 at acpi0: bus 1 (RP01)
acpiprt11 at acpi0: bus 9 (RP03)
acpiprt12 at acpi0: bus 10 (RP04)
acpiec0 at acpi0
acpicpu0 at acpi0: C2(350@80 mwait.1@0x20), C1(1000@1 mwait.1), PSS
acpicpu1 at acpi0: C2(350@80 mwait.1@0x20), C1(1000@1 mwait.1), PSS
acpicpu2 at acpi0: C2(350@80 mwait.1@0x20), C1(1000@1 mwait.1), PSS
acpicpu3 at acpi0: C2(350@80 mwait.1@0x20), C1(1000@1 mwait.1), PSS
acpitz0 at acpi0: critical temperature is 110 degC
acpitz1 at acpi0: critical temperature is 130 degC
acpiac0 at acpi0: AC unit online
acpibat0 at acpi0: BAT1 model &quot;CF-VZSU48&quot; serial 01256 type LION oem &quot;Panasonic&quot;
acpibtn0 at acpi0: LID_
acpibtn1 at acpi0: PWRB
acpivideo0 at acpi0: GFX0
acpivout0 at acpivideo0: DD02
cpu0: Enhanced SpeedStep 1197 MHz: speeds: 2601, 2600, 2500, 2400, 2300, 2200, 2100, 2000, 1900, 1800, 1700, 1600, 1500, 1400, 1300, 1200 MHz
pci0 at mainbus0 bus 0
pchb0 at pci0 dev 0 function 0 &quot;Intel Core 3G Host&quot; rev 0x09
inteldrm0 at pci0 dev 2 function 0 &quot;Intel HD Graphics 4000&quot; rev 0x09
drm0 at inteldrm0
inteldrm0: msi
inteldrm0: 1024x768
wsdisplay0 at inteldrm0 mux 1: console (std, vt100 emulation)
wsdisplay0: screen 1-5 added (std, vt100 emulation)
vendor &quot;Intel&quot;, unknown product 0x0153 (class DASP subclass miscellaneous, rev 0x09) at pci0 dev 4 function 0 not configured
xhci0 at pci0 dev 20 function 0 &quot;Intel 7 Series xHCI&quot; rev 0x04: msi
usb0 at xhci0: USB revision 3.0
uhub0 at usb0 &quot;Intel xHCI root hub&quot; rev 3.00/1.00 addr 1
&quot;Intel 7 Series MEI&quot; rev 0x04 at pci0 dev 22 function 0 not configured
ehci0 at pci0 dev 26 function 0 &quot;Intel 7 Series USB&quot; rev 0x04: apic 2 int 16
usb1 at ehci0: USB revision 2.0
uhub1 at usb1 &quot;Intel EHCI root hub&quot; rev 2.00/1.00 addr 1
azalia0 at pci0 dev 27 function 0 &quot;Intel 7 Series HD Audio&quot; rev 0x04: msi
azalia0: codecs: Realtek ALC269
audio0 at azalia0
ppb0 at pci0 dev 28 function 0 &quot;Intel 7 Series PCIE&quot; rev 0xc4: msi
pci1 at ppb0 bus 1
ppb1 at pci0 dev 28 function 2 &quot;Intel 7 Series PCIE&quot; rev 0xc4: msi
pci2 at ppb1 bus 9
iwn0 at pci2 dev 0 function 0 &quot;Intel Centrino Advanced-N 6235&quot; rev 0x24: msi, MIMO 2T2R, AGN, address xx:xx:xx:xx:xx:xx
ppb2 at pci0 dev 28 function 3 &quot;Intel 82801BAM Hub-to-PCI&quot; rev 0xc4: msi
pci3 at ppb2 bus 10
cbb0 at pci3 dev 0 function 0 vendor &quot;Ricoh&quot;, unknown product 0xe476 rev 0x02: apic 2 int 19
cardslot0 at cbb0 slot 0 flags 0
cardbus0 at cardslot0: bus 11 device 0 cacheline 0x0, lattimer 0x20
pcmcia0 at cardslot0
ehci1 at pci0 dev 29 function 0 &quot;Intel 7 Series USB&quot; rev 0x04: apic 2 int 23
usb2 at ehci1: USB revision 2.0
uhub2 at usb2 &quot;Intel EHCI root hub&quot; rev 2.00/1.00 addr 1
pcib0 at pci0 dev 31 function 0 &quot;Intel QM77 LPC&quot; rev 0x04
ahci0 at pci0 dev 31 function 2 &quot;Intel 7 Series AHCI&quot; rev 0x04: msi, AHCI 1.3
ahci0: port 0: 3.0Gb/s
scsibus1 at ahci0: 32 targets
sd0 at scsibus1 targ 0 lun 0: &lt;ATA, Samsung SSD 850, EXM0&gt; SCSI3 0/direct fixed naa.xxxxxxxxxxxxxxxxxxxx
sd0: 488386MB, 512 bytes/sector, 1000215216 sectors, thin
ichiic0 at pci0 dev 31 function 3 &quot;Intel 7 Series SMBus&quot; rev 0x04: apic 2 int 18
iic0 at ichiic0
spdmem0 at iic0 addr 0x50: 8GB DDR3 SDRAM PC3-12800 SO-DIMM
spdmem1 at iic0 addr 0x52: 8GB DDR3 SDRAM PC3-12800 SO-DIMM
vendor &quot;Intel&quot;, unknown product 0x1e24 (class DASP subclass miscellaneous, rev 0x04) at pci0 dev 31 function 6 not configured
isa0 at pcib0
isadma0 at isa0
com0 at isa0 port 0x3f8/8 irq 4: ns16550a, 16 byte fifo
com1 at isa0 port 0x2f8/8 irq 3: ns16550a, 16 byte fifo
com2 at isa0 port 0x3e8/8 irq 5: ns16550a, 16 byte fifo
pckbc0 at isa0 port 0x60/5 irq 1 irq 12
pckbd0 at pckbc0 (kbd slot)
wskbd0 at pckbd0: console keyboard, using wsdisplay0
pms0 at pckbc0 (aux slot)
wsmouse0 at pms0 mux 0
pcppi0 at isa0 port 0x61
spkr0 at pcppi0
umass0 at uhub0 port 2 configuration 1 interface 0 &quot; USB DISK 3.0&quot; rev 2.10/1.10 addr 2
umass0: using SCSI over Bulk-Only
scsibus2 at umass0: 2 targets, initiator 0
sd1 at scsibus2 targ 1 lun 0: &lt;, USB DISK 3.0, PMAP&gt; SCSI4 0/direct removable serial.xxxxxxxxxxxxxxxxxxxx
sd1: 59082MB, 512 bytes/sector, 120999936 sectors
uhub3 at uhub1 port 1 &quot;Intel Rate Matching Hub&quot; rev 2.00/0.00 addr 2
umodem0 at uhub3 port 2 configuration 1 interface 1 &quot;Ericsson F5521gw&quot; rev 2.00/0.00 addr 3
umodem0: data interface 2, has CM over data, has break
umodem0: status change notification available
ucom0 at umodem0
umodem1 at uhub3 port 2 configuration 1 interface 3 &quot;Ericsson F5521gw&quot; rev 2.00/0.00 addr 3
umodem1: data interface 4, has CM over data, has break
umodem1: status change notification available
ucom1 at umodem1
umodem2 at uhub3 port 2 configuration 1 interface 9 &quot;Ericsson F5521gw&quot; rev 2.00/0.00 addr 3
umodem2: data interface 10, has CM over data, has break
umodem2: status change notification available
ucom2 at umodem2
ugen0 at uhub3 port 2 configuration 1 &quot;Ericsson F5521gw&quot; rev 2.00/0.00 addr 3
uhub4 at uhub3 port 4 &quot;NEC product 0x0050&quot; rev 2.00/1.00 addr 4
uhub5 at uhub4 port 2 &quot;Terminus Technology USB 2.0 Hub&quot; rev 2.00/1.11 addr 5
umass1 at uhub5 port 1 configuration 1 interface 0 &quot;Corsair Survivor 3.0&quot; rev 2.10/11.00 addr 6
umass1: using SCSI over Bulk-Only
scsibus3 at umass1: 2 targets, initiator 0
sd2 at scsibus3 targ 1 lun 0: &lt;Corsair, Survivor 3.0, 1100&gt; SCSI4 0/direct removable serial.xxxxxxxxxxxxxxxxxxxx
sd2: 121888MB, 512 bytes/sector, 249626624 sectors
uhidev0 at uhub5 port 2 configuration 1 interface 0 &quot; USB Keyboard&quot; rev 1.10/3.10 addr 7
uhidev0: iclass 3/1
ukbd0 at uhidev0: 8 variable keys, 6 key codes
wskbd1 at ukbd0 mux 1
wskbd1: connecting to wsdisplay0
uhidev1 at uhub5 port 2 configuration 1 interface 1 &quot; USB Keyboard&quot; rev 1.10/3.10 addr 7
uhidev1: iclass 3/0, 2 report ids
uhid0 at uhidev1 reportid 1: input=1, output=0, feature=0
uhid1 at uhidev1 reportid 2: input=3, output=0, feature=0
uhidev2 at uhub5 port 3 configuration 1 interface 0 &quot;PixArt USB Optical Mouse&quot; rev 2.00/1.00 addr 8
uhidev2: iclass 3/1
ums0 at uhidev2: 3 buttons, Z dir
wsmouse1 at ums0 mux 0
ulpt0 at uhub4 port 4 configuration 1 interface 0 &quot;Brother MFC-J5910DW&quot; rev 2.00/1.00 addr 9
ulpt0: using bi-directional mode
umass2 at uhub4 port 4 configuration 1 interface 3 &quot;Brother MFC-J5910DW&quot; rev 2.00/1.00 addr 9
umass2: using SCSI over Bulk-Only
scsibus4 at umass2: 2 targets, initiator 0
sd3 at scsibus4 targ 1 lun 0: &lt;Brother, MFC-J5910DW, 1.00&gt; SCSI2 0/direct removable serial.xxxxxxxxxxxxxxxxxxxx
ugen1 at uhub4 port 4 configuration 1 &quot;Brother MFC-J5910DW&quot; rev 2.00/1.00 addr 9
mos0 at uhub4 port 5 configuration 1 interface 0 &quot;MosChip MCS7830 Ethernet&quot; rev 2.00/1.00 addr 10
mos0: MCS7830, address xx:xx:xx:xx:xx:xx
ukphy0 at mos0 phy 1: Generic IEEE 802.3u media interface, rev. 0: OUI 0x000000, model 0x0000
uhub6 at uhub2 port 1 &quot;Intel Rate Matching Hub&quot; rev 2.00/0.00 addr 2
uhidev3 at uhub6 port 6 configuration 1 interface 0 &quot;Fujitsu Component USB Touch Panel&quot; rev 1.10/20.02 addr 3
uhidev3: iclass 3/1
ums1 at uhidev3: 3 buttons, tip, barrel, eraser
wsmouse2 at ums1 mux 0
ugen2 at uhub6 port 7 &quot;Intel product 0x07da&quot; rev 2.00/78.69 addr 4
vscsi0 at root
scsibus5 at vscsi0: 256 targets
softraid0 at root
scsibus6 at softraid0: 256 targets
root on sd1a (xxxxxxxxxxxxxxxxxxxx) swap on sd1b dump on sd1b
</pre>



</div><!-- content -->
<br />
<div id="footer">
All comments/news/posts are the property of their individual owner and
is presented without warranty of suitability, and solely as an
informational resource. <br />
This site Copyright &copy; 2004-2020 NYC*BUG.
</div><!-- footer -->

</body>
</html>

