



<!doctype html>
<html lang="en">
<head>
<meta name="keywords"
	content="bsd, freebsd, openbsd, netbsd, dragonflybsd, nycbug, dmesgd" />
<meta name="description" content="New York City BSD User Group dmesgd" />
<meta charset="utf-8" />
<meta name="viewport" content="width=device-width, initial-scale=1" />
<title>NYC*BUG dmesgd</title>
<style>
body {
	text-align: left;
	margin: 15px auto;
	padding: 0px 10px;
}
@media (min-width: 800px) {
	body {
		max-width: 85%;
	}
}
#header {
	border-bottom: 1px solid #dbdbdb;
	font-size: 230%;
	text-align: left;
}
#footer {
	border-top: 1px solid #dbdbdb;
	clear: both;
	text-align: left;
}
.logo_bug {
	color: #cc0033;
}
#menu ul {
	list-style-type: none;
	margin: 0;
	padding: 0;
}
#menu li {
	float: left;
}
#menu li a {
	display: block;
	background-color: #dbdbdb;
	color: #000000;
	font-size: 105%;
	font-weight: bold;
	padding: 0px 6px 0px 6px;
	text-decoration: none;
}
#content {
	clear: both;
	text-align: left;
	padding-top: 10px;
}
#content h1 {
	font-size: 120%;
	font-weight: bold;
}
#content h2 {
	font-size: 110%;
	font-weight: bold;
}
#content a {
	text-decoration: none;
}
#content pre {
	background-color: #dbdbdb;
	padding: 5px 5px 5px 5px;
	white-space: pre-wrap;		/* css-3 */
	white-space: -moz-pre-wrap;	/* Mozilla, since 1999 */
	white-space: -pre-wrap;		/* Opera 4-6 */
	white-space: -o-pre-wrap;	/* Opera 7 */
	word-wrap: break-word;		/* Internet Explorer 5.5+ */
}
#content table {
	border-collapse: collapse;
}
#content table th {
	border: 1px solid #dbdbdb;
	font-size: 85%;
	white-space: nowrap;
}
#content table td {
	border: 1px solid #dbdbdb;
	font-size: 80%;
}
#content input {
	font-size: 1em;
}
#content .full	{ width: 100%; }
#content .left	{ text-align: left; }
#content .right	{ text-align: right; }
#content .center { text-align: center; }
#content .flexbox {
	display: -ms-flex;
	display: -webkit-flex;
	display: flex;
	width: 100%;
}
#content .left_col {
	min-width: 75px;
	max-width: 50%;
	flex-grow: 0;
}
#content .right_col {
	flex-grow: 1;
	margin-left: 10px;
	padding-top: 10px;
	padding-left: 10px;
}
#col {
	-moz-column-count: 3;
	-webkit-column-count: 3;
	column-count: 3;
}
</style>
</head>
<body>

<div id="header">
<strong><em>NYC*</em><span class="logo_bug">BUG</span> dmesgd</strong>
</div><!-- header -->

<div id="menu">
<ul>
<li><a href="https://dmesgd.nycbug.org/index.cgi?do=index">Home</a></li>
<li><a href="https://dmesgd.nycbug.org/index.cgi?do=submit">Submit</a></li>
<li><a href="https://www.nycbug.org/">NYC*BUG</a></li>
</ul>
</div><!-- menu -->

<div id="content">

<p>
Launched in 2004, dmesgd aims to provide a
<strong>user-submitted</strong> repository of searchable *BSD dmesgs.
The dmesg(8) command displays the system message buffer's content, and
during boot a copy is saved to <em>/var/run/dmesg.boot</em>.  This buffer
contains the operating system release, name and version, a list of
devices identified, plus a whole host of other useful information.  We
hope others find this resource useful and further contribute to its
growth. Contact us at [ admin at lists dot nycbug dot org ].
</p>

<hr />


<strong>Date:</strong> <em>2016-05-15 20:15:07</em><br />
<strong>From:</strong> <em>Sevan / Venture37</em><br />
<strong>Description:</strong> <em>Lemote Fuloong 2F 2F6004</em><br />

<pre>
[ using 585408 bytes of bsd ELF symbol table ]
Copyright (c) 1982, 1986, 1989, 1991, 1993
        The Regents of the University of California.  All rights reserved.
Copyright (c) 1995-2016 OpenBSD. All rights reserved.  http://www.OpenBSD.org

OpenBSD 6.0-beta (GENERIC) #566: Sat May 14 10:32:28 MDT 2016
    xxx@xxx.xxx:/usr/src/sys/arch/loongson/compile/GENERIC
real mem = 536870912 (512MB)
avail mem = 525303808 (500MB)
mainbus0 at root: Lemote Fuloong
cpu0 at mainbus0: STC Loongson2F CPU 800 MHz, STC Loongson2F FPU
cpu0: cache L1-I 64KB D 64KB 4 way, L2 512KB 4 way
bonito0 at mainbus0: memory and PCI-X controller, rev 1
pci0 at bonito0 bus 0
re0 at pci0 dev 6 function 0 &quot;Realtek 8169&quot; rev 0x10: RTL8169/8110SCd (0x1800), irq 4, address 00:23:9e:
rgephy0 at re0 phy 7: RTL8169S/8110S/8211 PHY, rev. 2
sisfb0 at pci0 dev 8 function 0 &quot;SiS 315 Pro VGA&quot; rev 0x00: 800x600x16 frame buffer
wsdisplay0 at sisfb0 mux 1
wsdisplay0: screen 0 added (std, vt100 emulation)
glxpcib0 at pci0 dev 14 function 0 &quot;AMD CS5536 ISA&quot; rev 0x03: rev 3, 32-bit 3579545Hz timer, watchdog, gpio, i2c
isa0 at glxpcib0
com0 at isa0 port 0x2f8/8 irq 3: ns16550a, 16 byte fifo
com0: console
com1 at isa0 port 0x3f8/8 irq 4: ns16550a, 16 byte fifo
mcclock0 at isa0 port 0x70/2: mc146818 or compatible
gpio1 at glxpcib0: 32 pins
iic at glxpcib0 not configured
glxclk0 at glxpcib0: clock, prof
pciide0 at pci0 dev 14 function 2 &quot;AMD CS5536 IDE&quot; rev 0x01: DMA, channel 0 wired to compatibility, channel 1 wired to compatibility
wd0 at pciide0 channel 0 drive 0: &lt;Hitachi HTS543232A7A384&gt;
wd0: 16-sector PIO, LBA48, 305245MB, 625142448 sectors
wd0(pciide0:0:0): using PIO mode 4, Ultra-DMA mode 2
pciide0: channel 1 ignored (disabled)
auglx0 at pci0 dev 14 function 3 &quot;AMD CS5536 Audio&quot; rev 0x01: isa irq 9, CS5536 AC97
ac97: codec id 0x414c4760 (Avance Logic ALC655 rev 0)
audio0 at auglx0
ohci0 at pci0 dev 14 function 4 &quot;AMD CS5536 USB&quot; rev 0x02: isa irq 11, version 1.0, legacy support
ehci0 at pci0 dev 14 function 5 &quot;AMD CS5536 USB&quot; rev 0x02: isa irq 11
usb0 at ehci0: USB revision 2.0
uhub0 at usb0 &quot;AMD EHCI root hub&quot; rev 2.00/1.00 addr 1
usb1 at ohci0: USB revision 1.0
uhub1 at usb1 &quot;AMD OHCI root hub&quot; rev 1.00/1.00 addr 1
apm0 at mainbus0
vscsi0 at root
scsibus0 at vscsi0: 256 targets
softraid0 at root
scsibus1 at softraid0: 256 targets
pmon bootpath: /dev/disk/wd0
boot device: wd0
root on wd0a (e1e74a794957e1cb.a) swap on wd0b dump on wd0b
</pre>



</div><!-- content -->
<br />
<div id="footer">
All comments/news/posts are the property of their individual owner and
is presented without warranty of suitability, and solely as an
informational resource. <br />
This site Copyright &copy; 2004-2020 NYC*BUG.
</div><!-- footer -->

</body>
</html>

