



<!doctype html>
<html lang="en">
<head>
<meta name="keywords"
	content="bsd, freebsd, openbsd, netbsd, dragonflybsd, nycbug, dmesgd" />
<meta name="description" content="New York City BSD User Group dmesgd" />
<meta charset="utf-8" />
<meta name="viewport" content="width=device-width, initial-scale=1" />
<title>NYC*BUG dmesgd</title>
<style>
body {
	text-align: left;
	margin: 15px auto;
	padding: 0px 10px;
}
@media (min-width: 800px) {
	body {
		max-width: 85%;
	}
}
#header {
	border-bottom: 1px solid #dbdbdb;
	font-size: 230%;
	text-align: left;
}
#footer {
	border-top: 1px solid #dbdbdb;
	clear: both;
	text-align: left;
}
.logo_bug {
	color: #cc0033;
}
#menu ul {
	list-style-type: none;
	margin: 0;
	padding: 0;
}
#menu li {
	float: left;
}
#menu li a {
	display: block;
	background-color: #dbdbdb;
	color: #000000;
	font-size: 105%;
	font-weight: bold;
	padding: 0px 6px 0px 6px;
	text-decoration: none;
}
#content {
	clear: both;
	text-align: left;
	padding-top: 10px;
}
#content h1 {
	font-size: 120%;
	font-weight: bold;
}
#content h2 {
	font-size: 110%;
	font-weight: bold;
}
#content a {
	text-decoration: none;
}
#content pre {
	background-color: #dbdbdb;
	padding: 5px 5px 5px 5px;
	white-space: pre-wrap;		/* css-3 */
	white-space: -moz-pre-wrap;	/* Mozilla, since 1999 */
	white-space: -pre-wrap;		/* Opera 4-6 */
	white-space: -o-pre-wrap;	/* Opera 7 */
	word-wrap: break-word;		/* Internet Explorer 5.5+ */
}
#content table {
	border-collapse: collapse;
}
#content table th {
	border: 1px solid #dbdbdb;
	font-size: 85%;
	white-space: nowrap;
}
#content table td {
	border: 1px solid #dbdbdb;
	font-size: 80%;
}
#content input {
	font-size: 1em;
}
#content .full	{ width: 100%; }
#content .left	{ text-align: left; }
#content .right	{ text-align: right; }
#content .center { text-align: center; }
#content .flexbox {
	display: -ms-flex;
	display: -webkit-flex;
	display: flex;
	width: 100%;
}
#content .left_col {
	min-width: 75px;
	max-width: 50%;
	flex-grow: 0;
}
#content .right_col {
	flex-grow: 1;
	margin-left: 10px;
	padding-top: 10px;
	padding-left: 10px;
}
#col {
	-moz-column-count: 3;
	-webkit-column-count: 3;
	column-count: 3;
}
</style>
</head>
<body>

<div id="header">
<strong><em>NYC*</em><span class="logo_bug">BUG</span> dmesgd</strong>
</div><!-- header -->

<div id="menu">
<ul>
<li><a href="https://dmesgd.nycbug.org/index.cgi?do=index">Home</a></li>
<li><a href="https://dmesgd.nycbug.org/index.cgi?do=submit">Submit</a></li>
<li><a href="https://www.nycbug.org/">NYC*BUG</a></li>
</ul>
</div><!-- menu -->

<div id="content">

<p>
Launched in 2004, dmesgd aims to provide a
<strong>user-submitted</strong> repository of searchable *BSD dmesgs.
The dmesg(8) command displays the system message buffer's content, and
during boot a copy is saved to <em>/var/run/dmesg.boot</em>.  This buffer
contains the operating system release, name and version, a list of
devices identified, plus a whole host of other useful information.  We
hope others find this resource useful and further contribute to its
growth. Contact us at [ admin at lists dot nycbug dot org ].
</p>

<hr />


<strong>Date:</strong> <em>2016-06-27 09:29:06</em><br />
<strong>From:</strong> <em>Fred</em><br />
<strong>Description:</strong> <em>HP EliteBook 820 G2</em><br />

<pre>
OpenBSD 6.0-beta (RAMDISK_CD) #2008: Sun Jun 26 17:57:04 MDT 2016
    xxx@xxx.xxx:/usr/src/sys/arch/amd64/compile/RAMDISK_CD
real mem = 17032540160 (16243MB)
avail mem = 16514617344 (15749MB)
mainbus0 at root
bios0 at mainbus0: SMBIOS rev. 2.7 @ 0xa9e3f000 (33 entries)
bios0: vendor Hewlett-Packard version &quot;M71 Ver. 01.13&quot; date 01/18/2016
bios0: Hewlett-Packard HP EliteBook 820 G2
acpi0 at bios0: rev 2
acpi0: tables DSDT FACP HPET APIC MCFG TCPA SSDT SSDT MSDM FPDT BGRT SSDT SSDT SSDT SSDT ASF!
acpimadt0 at acpi0 addr 0xfee00000: PC-AT compat
cpu0 at mainbus0: apid 0 (boot processor)
cpu0: Intel(R) Core(TM) i7-5600U CPU @ 2.60GHz, 2494.58 MHz
cpu0: FPU,VME,DE,PSE,TSC,MSR,PAE,MCE,CX8,APIC,SEP,MTRR,PGE,MCA,CMOV,PAT,PSE36,CFLUSH,DS,ACPI,MMX,FXSR,SSE,SSE2,SS,HTT,TM,PBE,SSE3,PCLMUL,DTES64,MWAIT,DS-CPL,VMX,SMX,EST,TM2,SSSE3,FMA3,CX16,xTPR,PDCM,PCID,SSE4.1,SSE4.2,x2APIC,MOVBE,POPCNT,DEADLINE,AES,XSAVE,AVX,F16C,RDRAND,NXE,PAGE1GB,LONG,LAHF,ABM,3DNOWP,PERF,ITSC,FSGSBASE,BMI1,HLE,AVX2,SMEP,BMI2,ERMS,INVPCID,RTM,RDSEED,ADX,SMAP,PT,SENSOR,ARAT
cpu0: 256KB 64b/line 8-way L2 cache
cpu0: apic clock running at 99MHz
cpu0: mwait min=64, max=64, C-substates=0.2.1.2.4.1.1.1, IBE
cpu at mainbus0: not configured
cpu at mainbus0: not configured
cpu at mainbus0: not configured
ioapic0 at mainbus0: apid 0 pa 0xfec00000, version 20, 40 pins
acpiprt0 at acpi0: bus -1 (PEGP)
acpiprt1 at acpi0: bus 1 (RP01)
acpiprt2 at acpi0: bus 2 (RP02)
acpiprt3 at acpi0: bus 3 (RP04)
acpiprt4 at acpi0: bus -1 (RP07)
acpiprt5 at acpi0: bus -1 (RP08)
acpiprt6 at acpi0: bus 0 (PCI0)
acpiec0 at acpi0
acpicpu at acpi0 not configured
acpipwrres at acpi0 not configured
acpipwrres at acpi0 not configured
acpipwrres at acpi0 not configured
acpipwrres at acpi0 not configured
acpipwrres at acpi0 not configured
acpitz at acpi0 not configured
acpitz at acpi0 not configured
acpitz at acpi0 not configured
acpitz at acpi0 not configured
acpitz at acpi0 not configured
acpitz at acpi0 not configured
acpitz at acpi0 not configured
acpitz at acpi0 not configured
&quot;HPQ6001&quot; at acpi0 not configured
&quot;PNP0A06&quot; at acpi0 not configured
&quot;HPQ8002&quot; at acpi0 not configured
&quot;SYN3021&quot; at acpi0 not configured
&quot;HPQ6007&quot; at acpi0 not configured
&quot;PNP0C0A&quot; at acpi0 not configured
&quot;ACPI0003&quot; at acpi0 not configured
&quot;PNP0C0E&quot; at acpi0 not configured
&quot;PNP0C0D&quot; at acpi0 not configured
&quot;PNP0C14&quot; at acpi0 not configured
&quot;IFX0102&quot; at acpi0 not configured
&quot;INT340E&quot; at acpi0 not configured
pci0 at mainbus0 bus 0
pchb0 at pci0 dev 0 function 0 &quot;Intel Core 5G Host&quot; rev 0x09
vga1 at pci0 dev 2 function 0 &quot;Intel HD Graphics 5500&quot; rev 0x09
wsdisplay1 at vga1 mux 1: console (80x25, vt100 emulation)
&quot;Intel Core 5G HD Audio&quot; rev 0x09 at pci0 dev 3 function 0 not configured
xhci0 at pci0 dev 20 function 0 &quot;Intel 9 Series xHCI&quot; rev 0x03: msi
usb0 at xhci0: USB revision 3.0
uhub0 at usb0 &quot;Intel xHCI root hub&quot; rev 3.00/1.00 addr 1
&quot;Intel 9 Series MEI&quot; rev 0x03 at pci0 dev 22 function 0 not configured
em0 at pci0 dev 25 function 0 &quot;Intel I218-LM&quot; rev 0x03: msi, address xx:xx:xx:xx:xx:xx
&quot;Intel 9 Series HD Audio&quot; rev 0x03 at pci0 dev 27 function 0 not configured
ppb0 at pci0 dev 28 function 0 &quot;Intel 9 Series PCIE&quot; rev 0xe3
pci1 at ppb0 bus 1
ppb1 at pci0 dev 28 function 1 &quot;Intel 9 Series PCIE&quot; rev 0xe3: msi
pci2 at ppb1 bus 2
rtsx0 at pci2 dev 0 function 0 &quot;Realtek RTS5227 Card Reader&quot; rev 0x01: msi
sdmmc0 at rtsx0: 4-bit
ppb2 at pci0 dev 28 function 3 &quot;Intel 9 Series PCIE&quot; rev 0xe3: msi
pci3 at ppb2 bus 3
iwm0 at pci3 dev 0 function 0 &quot;Intel Dual Band Wireless AC 7265&quot; rev 0x48, msi
ehci0 at pci0 dev 29 function 0 &quot;Intel 9 Series USB&quot; rev 0x03: apic 0 int 17
usb1 at ehci0: USB revision 2.0
uhub1 at usb1 &quot;Intel EHCI root hub&quot; rev 2.00/1.00 addr 1
&quot;Intel 9 Series LPC&quot; rev 0x03 at pci0 dev 31 function 0 not configured
ahci0 at pci0 dev 31 function 2 &quot;Intel 9 Series AHCI&quot; rev 0x03: msi, AHCI 1.3
ahci0: port 1: 6.0Gb/s
scsibus0 at ahci0: 32 targets
sd0 at scsibus0 targ 1 lun 0: &lt;ATA, INTEL SSDSC2BW24, DC02&gt; SCSI3 0/direct fixed naa.50015178f366232e
sd0: 228936MB, 512 bytes/sector, 468862128 sectors, thin
&quot;Intel 9 Series SMBus&quot; rev 0x03 at pci0 dev 31 function 3 not configured
isa0 at mainbus0
pckbc0 at isa0 port 0x60/5 irq 1 irq 12
pckbd0 at pckbc0 (kbd slot)
wskbd0 at pckbd0: console keyboard, using wsdisplay1
uhub2 at uhub0 port 3 &quot;SMSC USB2134B&quot; rev 2.10/60.80 addr 2
uhidev0 at uhub2 port 1 configuration 1 interface 0 &quot;Atmel Atmel maXTouch Digitizer&quot; rev 2.00/12.33 addr 3
uhidev0: iclass 3/0, 5 report ids
uhid at uhidev0 reportid 1 not configured
uhid at uhidev0 reportid 2 not configured
uhid at uhidev0 reportid 5 not configured
uhidev1 at uhub2 port 1 configuration 1 interface 1 &quot;Atmel Atmel maXTouch Digitizer&quot; rev 2.00/12.33 addr 3
uhidev1: iclass 3/0, 2 report ids
uhid at uhidev1 reportid 1 not configured
uhid at uhidev1 reportid 2 not configured
&quot;vendor 0x8087 product 0x0a2a&quot; rev 2.01/0.01 addr 4 at uhub0 port 4 not configured
&quot;vendor 0x138a product 0x003f&quot; rev 1.10/1.04 addr 5 at uhub0 port 5 not configured
sdmmc0: can't enable card
&quot;SunplusIT INC. HP HD Webcam&quot; rev 2.00/1.01 addr 6 at uhub0 port 7 not configured
uhub3 at uhub0 port 14 &quot;SMSC USB5534B&quot; rev 3.00/60.80 addr 7
uhub4 at uhub1 port 1 &quot;vendor 0x8087 product 0x8001&quot; rev 2.00/0.03 addr 2
softraid0 at root
scsibus1 at softraid0: 256 targets
root on rd0a swap on rd0b dump on rd0b
iwm0: could not read firmware iwm-7265-16 (error 2)
iwm0: failed to load init firmware
syncing disks... 
OpenBSD 6.0-beta (GENERIC.MP) #2224: Sun Jun 26 17:51:55 MDT 2016
    xxx@xxx.xxx:/usr/src/sys/arch/amd64/compile/GENERIC.MP
real mem = 17032540160 (16243MB)
avail mem = 16511811584 (15746MB)
mpath0 at root
scsibus0 at mpath0: 256 targets
mainbus0 at root
bios0 at mainbus0: SMBIOS rev. 2.7 @ 0xa9e3f000 (33 entries)
bios0: vendor Hewlett-Packard version &quot;M71 Ver. 01.13&quot; date 01/18/2016
bios0: Hewlett-Packard HP EliteBook 820 G2
acpi0 at bios0: rev 2
acpi0: sleep states S0 S3 S4 S5
acpi0: tables DSDT FACP HPET APIC MCFG TCPA SSDT SSDT MSDM FPDT BGRT SSDT SSDT SSDT SSDT ASF!
acpi0: wakeup devices LANC(S5) EHC1(S3) XHC_(S3) PCIB(S5) RP03(S5) NIC_(S5) RP04(S5) WNIC(S5) HST1(S5)
acpitimer0 at acpi0: 3579545 Hz, 24 bits
acpihpet0 at acpi0: 14318179 Hz
acpimadt0 at acpi0 addr 0xfee00000: PC-AT compat
cpu0 at mainbus0: apid 0 (boot processor)
cpu0: Intel(R) Core(TM) i7-5600U CPU @ 2.60GHz, 2494.56 MHz
cpu0: FPU,VME,DE,PSE,TSC,MSR,PAE,MCE,CX8,APIC,SEP,MTRR,PGE,MCA,CMOV,PAT,PSE36,CFLUSH,DS,ACPI,MMX,FXSR,SSE,SSE2,SS,HTT,TM,PBE,SSE3,PCLMUL,DTES64,MWAIT,DS-CPL,VMX,SMX,EST,TM2,SSSE3,FMA3,CX16,xTPR,PDCM,PCID,SSE4.1,SSE4.2,x2APIC,MOVBE,POPCNT,DEADLINE,AES,XSAVE,AVX,F16C,RDRAND,NXE,PAGE1GB,LONG,LAHF,ABM,3DNOWP,PERF,ITSC,FSGSBASE,BMI1,HLE,AVX2,SMEP,BMI2,ERMS,INVPCID,RTM,RDSEED,ADX,SMAP,PT,SENSOR,ARAT
cpu0: 256KB 64b/line 8-way L2 cache
cpu0: smt 0, core 0, package 0
mtrr: Pentium Pro MTRR support, 10 var ranges, 88 fixed ranges
cpu0: apic clock running at 99MHz
cpu0: mwait min=64, max=64, C-substates=0.2.1.2.4.1.1.1, IBE
cpu1 at mainbus0: apid 1 (application processor)
cpu1: Intel(R) Core(TM) i7-5600U CPU @ 2.60GHz, 2494.23 MHz
cpu1: FPU,VME,DE,PSE,TSC,MSR,PAE,MCE,CX8,APIC,SEP,MTRR,PGE,MCA,CMOV,PAT,PSE36,CFLUSH,DS,ACPI,MMX,FXSR,SSE,SSE2,SS,HTT,TM,PBE,SSE3,PCLMUL,DTES64,MWAIT,DS-CPL,VMX,SMX,EST,TM2,SSSE3,FMA3,CX16,xTPR,PDCM,PCID,SSE4.1,SSE4.2,x2APIC,MOVBE,POPCNT,DEADLINE,AES,XSAVE,AVX,F16C,RDRAND,NXE,PAGE1GB,LONG,LAHF,ABM,3DNOWP,PERF,ITSC,FSGSBASE,BMI1,HLE,AVX2,SMEP,BMI2,ERMS,INVPCID,RTM,RDSEED,ADX,SMAP,PT,SENSOR,ARAT
cpu1: 256KB 64b/line 8-way L2 cache
cpu1: smt 1, core 0, package 0
cpu2 at mainbus0: apid 2 (application processor)
cpu2: Intel(R) Core(TM) i7-5600U CPU @ 2.60GHz, 2494.23 MHz
cpu2: FPU,VME,DE,PSE,TSC,MSR,PAE,MCE,CX8,APIC,SEP,MTRR,PGE,MCA,CMOV,PAT,PSE36,CFLUSH,DS,ACPI,MMX,FXSR,SSE,SSE2,SS,HTT,TM,PBE,SSE3,PCLMUL,DTES64,MWAIT,DS-CPL,VMX,SMX,EST,TM2,SSSE3,FMA3,CX16,xTPR,PDCM,PCID,SSE4.1,SSE4.2,x2APIC,MOVBE,POPCNT,DEADLINE,AES,XSAVE,AVX,F16C,RDRAND,NXE,PAGE1GB,LONG,LAHF,ABM,3DNOWP,PERF,ITSC,FSGSBASE,BMI1,HLE,AVX2,SMEP,BMI2,ERMS,INVPCID,RTM,RDSEED,ADX,SMAP,PT,SENSOR,ARAT
cpu2: 256KB 64b/line 8-way L2 cache
cpu2: smt 0, core 1, package 0
cpu3 at mainbus0: apid 3 (application processor)
cpu3: Intel(R) Core(TM) i7-5600U CPU @ 2.60GHz, 2494.23 MHz
cpu3: FPU,VME,DE,PSE,TSC,MSR,PAE,MCE,CX8,APIC,SEP,MTRR,PGE,MCA,CMOV,PAT,PSE36,CFLUSH,DS,ACPI,MMX,FXSR,SSE,SSE2,SS,HTT,TM,PBE,SSE3,PCLMUL,DTES64,MWAIT,DS-CPL,VMX,SMX,EST,TM2,SSSE3,FMA3,CX16,xTPR,PDCM,PCID,SSE4.1,SSE4.2,x2APIC,MOVBE,POPCNT,DEADLINE,AES,XSAVE,AVX,F16C,RDRAND,NXE,PAGE1GB,LONG,LAHF,ABM,3DNOWP,PERF,ITSC,FSGSBASE,BMI1,HLE,AVX2,SMEP,BMI2,ERMS,INVPCID,RTM,RDSEED,ADX,SMAP,PT,SENSOR,ARAT
cpu3: 256KB 64b/line 8-way L2 cache
cpu3: smt 1, core 1, package 0
ioapic0 at mainbus0: apid 0 pa 0xfec00000, version 20, 40 pins
acpimcfg0 at acpi0 addr 0xe0000000, bus 0-255
acpiprt0 at acpi0: bus -1 (PEGP)
acpiprt1 at acpi0: bus 1 (RP01)
acpiprt2 at acpi0: bus 2 (RP02)
acpiprt3 at acpi0: bus 3 (RP04)
acpiprt4 at acpi0: bus -1 (RP07)
acpiprt5 at acpi0: bus -1 (RP08)
acpiprt6 at acpi0: bus 0 (PCI0)
acpiec0 at acpi0
acpicpu0 at acpi0: C3(200@506 mwait.1@0x60), C2(200@230 mwait.1@0x33), C1(1000@1 mwait.1), PSS
acpicpu1 at acpi0: C3(200@506 mwait.1@0x60), C2(200@230 mwait.1@0x33), C1(1000@1 mwait.1), PSS
acpicpu2 at acpi0: C3(200@506 mwait.1@0x60), C2(200@230 mwait.1@0x33), C1(1000@1 mwait.1), PSS
acpicpu3 at acpi0: C3(200@506 mwait.1@0x60), C2(200@230 mwait.1@0x33), C1(1000@1 mwait.1), PSS
acpipwrres0 at acpi0: APPR, resource for HDEF
acpipwrres1 at acpi0: COMP, resource for COM1
acpipwrres2 at acpi0: LPP_, resource for LPT0
acpipwrres3 at acpi0: PXP2, resource for RP02
acpipwrres4 at acpi0: WRST
acpitz0 at acpi0: critical temperature is 128 degC
acpitz1 at acpi0: critical temperature is 128 degC
acpitz2 at acpi0: critical temperature is 128 degC
acpitz3 at acpi0: critical temperature is 128 degC
acpitz4 at acpi0: critical temperature is 128 degC
acpitz5 at acpi0: critical temperature is 128 degC
acpitz6 at acpi0: critical temperature is 128 degC
acpitz7 at acpi0: critical temperature is 128 degC
&quot;HPQ6001&quot; at acpi0 not configured
&quot;PNP0A06&quot; at acpi0 not configured
&quot;HPQ8002&quot; at acpi0 not configured
&quot;SYN3021&quot; at acpi0 not configured
&quot;HPQ6007&quot; at acpi0 not configured
acpibat0 at acpi0: BAT0 model &quot;Primary&quot; serial 00424 2016/04/27 type LIon oem &quot;Hewlett-Packard&quot;
acpiac0 at acpi0: AC unit offline
acpibtn0 at acpi0: SLPB
acpibtn1 at acpi0: LID_
&quot;PNP0C14&quot; at acpi0 not configured
&quot;IFX0102&quot; at acpi0 not configured
&quot;INT340E&quot; at acpi0 not configured
acpivideo0 at acpi0: GFX0
acpivout0 at acpivideo0: DD01
cpu0: Enhanced SpeedStep 2494 MHz: speeds: 2601, 2600, 2500, 2300, 2100, 2000, 1800, 1700, 1500, 1400, 1200, 1100, 900, 800, 600, 500 MHz
pci0 at mainbus0 bus 0
pchb0 at pci0 dev 0 function 0 &quot;Intel Core 5G Host&quot; rev 0x09
inteldrm0 at pci0 dev 2 function 0 &quot;Intel HD Graphics 5500&quot; rev 0x09
drm0 at inteldrm0
inteldrm0: msi
inteldrm0: 1920x1080
wsdisplay0 at inteldrm0 mux 1: console (std, vt100 emulation)
wsdisplay0: screen 1-5 added (std, vt100 emulation)
azalia0 at pci0 dev 3 function 0 &quot;Intel Core 5G HD Audio&quot; rev 0x09: msi
xhci0 at pci0 dev 20 function 0 &quot;Intel 9 Series xHCI&quot; rev 0x03: msi
usb0 at xhci0: USB revision 3.0
uhub0 at usb0 &quot;Intel xHCI root hub&quot; rev 3.00/1.00 addr 1
&quot;Intel 9 Series MEI&quot; rev 0x03 at pci0 dev 22 function 0 not configured
em0 at pci0 dev 25 function 0 &quot;Intel I218-LM&quot; rev 0x03: msi, address xx:xx:xx:xx:xx:xx
azalia1 at pci0 dev 27 function 0 &quot;Intel 9 Series HD Audio&quot; rev 0x03: msi
azalia1: codecs: Realtek/0x0280
audio0 at azalia1
ppb0 at pci0 dev 28 function 0 &quot;Intel 9 Series PCIE&quot; rev 0xe3
pci1 at ppb0 bus 1
ppb1 at pci0 dev 28 function 1 &quot;Intel 9 Series PCIE&quot; rev 0xe3: msi
pci2 at ppb1 bus 2
rtsx0 at pci2 dev 0 function 0 &quot;Realtek RTS5227 Card Reader&quot; rev 0x01: msi
sdmmc0 at rtsx0: 4-bit
ppb2 at pci0 dev 28 function 3 &quot;Intel 9 Series PCIE&quot; rev 0xe3: msi
pci3 at ppb2 bus 3
iwm0 at pci3 dev 0 function 0 &quot;Intel Dual Band Wireless AC 7265&quot; rev 0x48, msi
ehci0 at pci0 dev 29 function 0 &quot;Intel 9 Series USB&quot; rev 0x03: apic 0 int 17
usb1 at ehci0: USB revision 2.0
uhub1 at usb1 &quot;Intel EHCI root hub&quot; rev 2.00/1.00 addr 1
pcib0 at pci0 dev 31 function 0 &quot;Intel 9 Series LPC&quot; rev 0x03
ahci0 at pci0 dev 31 function 2 &quot;Intel 9 Series AHCI&quot; rev 0x03: msi, AHCI 1.3
ahci0: port 1: 6.0Gb/s
scsibus1 at ahci0: 32 targets
sd0 at scsibus1 targ 1 lun 0: &lt;ATA, INTEL SSDSC2BW24, DC02&gt; SCSI3 0/direct fixed naa.50015178f366232e
sd0: 228936MB, 512 bytes/sector, 468862128 sectors, thin
ichiic0 at pci0 dev 31 function 3 &quot;Intel 9 Series SMBus&quot; rev 0x03: apic 0 int 18
iic0 at ichiic0
iic0: addr 0x2c 80=04 81=04 82=04 83=04 84=04 85=04 86=04 87=04 fd=01 words 00=ffff 01=ffff 02=ffff 03=ffff 04=ffff 05=ffff 06=ffff 07=ffff
spdmem0 at iic0 addr 0x50: 8GB DDR3 SDRAM PC3-12800 SO-DIMM
spdmem1 at iic0 addr 0x52: 8GB DDR3 SDRAM PC3-12800 SO-DIMM
isa0 at pcib0
isadma0 at isa0
pckbc0 at isa0 port 0x60/5 irq 1 irq 12
pckbd0 at pckbc0 (kbd slot)
wskbd0 at pckbd0: console keyboard, using wsdisplay0
pms0 at pckbc0 (aux slot)
wsmouse0 at pms0 mux 0
pcppi0 at isa0 port 0x61
spkr0 at pcppi0
uhub2 at uhub0 port 3 &quot;SMSC USB2134B&quot; rev 2.10/60.80 addr 2
uhidev0 at uhub2 port 1 configuration 1 interface 0 &quot;Atmel Atmel maXTouch Digitizer&quot; rev 2.00/12.33 addr 3
uhidev0: iclass 3/0, 5 report ids
ums0 at uhidev0 reportid 1: 1 button, tip
wsmouse1 at ums0 mux 0
uhid0 at uhidev0 reportid 2: input=0, output=0, feature=1
ums1 at uhidev0 reportid 5
ums1: mouse has no X report
uhidev1 at uhub2 port 1 configuration 1 interface 1 &quot;Atmel Atmel maXTouch Digitizer&quot; rev 2.00/12.33 addr 3
uhidev1: iclass 3/0, 2 report ids
uhid1 at uhidev1 reportid 1: input=63, output=63, feature=0
uhid2 at uhidev1 reportid 2: input=63, output=63, feature=0
ugen0 at uhub0 port 4 &quot;Intel product 0x0a2a&quot; rev 2.01/0.01 addr 4
ugen1 at uhub0 port 5 &quot;Validity Sensors product 0x003f&quot; rev 1.10/1.04 addr 5
sdmmc0: can't enable card
uvideo0 at uhub0 port 7 configuration 1 interface 0 &quot;SunplusIT INC. HP HD Webcam&quot; rev 2.00/1.01 addr 6
video0 at uvideo0
uhub3 at uhub0 port 14 &quot;SMSC USB5534B&quot; rev 3.00/60.80 addr 7
uhub4 at uhub1 port 1 &quot;Intel Rate Matching Hub&quot; rev 2.00/0.03 addr 2
vscsi0 at root
scsibus2 at vscsi0: 256 targets
softraid0 at root
scsibus3 at softraid0: 256 targets
root on sd0a (ba6ebc42de11aa8d.a) swap on sd0b dump on sd0b
iwm0: hw rev 0x180, fw ver 16.242414.0, address xx:xx:xx:xx:xx:xx
hw.machine=amd64
hw.model=Intel(R) Core(TM) i7-5600U CPU @ 2.60GHz
hw.ncpu=4
hw.byteorder=1234
hw.pagesize=4096
hw.disknames=sd0:ba6ebc42de11aa8d
hw.diskcount=1
hw.sensors.cpu0.temp0=41.00 degC
hw.sensors.acpitz0.temp0=42.00 degC (zone temperature)
hw.sensors.acpitz1.temp0=0.00 degC (zone temperature)
hw.sensors.acpitz2.temp0=34.00 degC (zone temperature)
hw.sensors.acpitz3.temp0=33.00 degC (zone temperature)
hw.sensors.acpitz4.temp0=34.00 degC (zone temperature)
hw.sensors.acpitz5.temp0=84.00 degC (zone temperature)
hw.sensors.acpitz6.temp0=0.00 degC (zone temperature)
hw.sensors.acpitz7.temp0=0.00 degC (zone temperature)
hw.sensors.acpibat0.volt0=11.25 VDC (voltage)
hw.sensors.acpibat0.volt1=11.53 VDC (current voltage)
hw.sensors.acpibat0.current0=0.93 A (rate)
hw.sensors.acpibat0.amphour0=4.15 Ah (last full capacity)
hw.sensors.acpibat0.amphour1=0.20 Ah (warning capacity)
hw.sensors.acpibat0.amphour2=0.10 Ah (low capacity)
hw.sensors.acpibat0.amphour3=2.82 Ah (remaining capacity), OK
hw.sensors.acpibat0.amphour4=4.15 Ah (design capacity)
hw.sensors.acpibat0.raw0=1 (battery discharging), OK
hw.sensors.acpiac0.indicator0=Off (power supply)
hw.sensors.acpibtn1.indicator0=On (lid open)
hw.cpuspeed=2600
hw.setperf=94
hw.vendor=Hewlett-Packard
hw.product=HP EliteBook 820 G2
hw.version=A3008F510B03
hw.serialno=5CG6224ZHT
hw.uuid=7f5e69c1-d211-e411-b603-64cb280180ff
hw.physmem=17032540160
hw.usermem=16951767040
hw.ncpufound=4
hw.allowpowerdown=1
hw.perfpolicy=manual

</pre>



</div><!-- content -->
<br />
<div id="footer">
All comments/news/posts are the property of their individual owner and
is presented without warranty of suitability, and solely as an
informational resource. <br />
This site Copyright &copy; 2004-2020 NYC*BUG.
</div><!-- footer -->

</body>
</html>

