



<!doctype html>
<html lang="en">
<head>
<meta name="keywords"
	content="bsd, freebsd, openbsd, netbsd, dragonflybsd, nycbug, dmesgd" />
<meta name="description" content="New York City BSD User Group dmesgd" />
<meta charset="utf-8" />
<meta name="viewport" content="width=device-width, initial-scale=1" />
<title>NYC*BUG dmesgd</title>
<style>
body {
	text-align: left;
	margin: 15px auto;
	padding: 0px 10px;
}
@media (min-width: 800px) {
	body {
		max-width: 85%;
	}
}
#header {
	border-bottom: 1px solid #dbdbdb;
	font-size: 230%;
	text-align: left;
}
#footer {
	border-top: 1px solid #dbdbdb;
	clear: both;
	text-align: left;
}
.logo_bug {
	color: #cc0033;
}
#menu ul {
	list-style-type: none;
	margin: 0;
	padding: 0;
}
#menu li {
	float: left;
}
#menu li a {
	display: block;
	background-color: #dbdbdb;
	color: #000000;
	font-size: 105%;
	font-weight: bold;
	padding: 0px 6px 0px 6px;
	text-decoration: none;
}
#content {
	clear: both;
	text-align: left;
	padding-top: 10px;
}
#content h1 {
	font-size: 120%;
	font-weight: bold;
}
#content h2 {
	font-size: 110%;
	font-weight: bold;
}
#content a {
	text-decoration: none;
}
#content pre {
	background-color: #dbdbdb;
	padding: 5px 5px 5px 5px;
	white-space: pre-wrap;		/* css-3 */
	white-space: -moz-pre-wrap;	/* Mozilla, since 1999 */
	white-space: -pre-wrap;		/* Opera 4-6 */
	white-space: -o-pre-wrap;	/* Opera 7 */
	word-wrap: break-word;		/* Internet Explorer 5.5+ */
}
#content table {
	border-collapse: collapse;
}
#content table th {
	border: 1px solid #dbdbdb;
	font-size: 85%;
	white-space: nowrap;
}
#content table td {
	border: 1px solid #dbdbdb;
	font-size: 80%;
}
#content input {
	font-size: 1em;
}
#content .full	{ width: 100%; }
#content .left	{ text-align: left; }
#content .right	{ text-align: right; }
#content .center { text-align: center; }
#content .flexbox {
	display: -ms-flex;
	display: -webkit-flex;
	display: flex;
	width: 100%;
}
#content .left_col {
	min-width: 75px;
	max-width: 50%;
	flex-grow: 0;
}
#content .right_col {
	flex-grow: 1;
	margin-left: 10px;
	padding-top: 10px;
	padding-left: 10px;
}
#col {
	-moz-column-count: 3;
	-webkit-column-count: 3;
	column-count: 3;
}
</style>
</head>
<body>

<div id="header">
<strong><em>NYC*</em><span class="logo_bug">BUG</span> dmesgd</strong>
</div><!-- header -->

<div id="menu">
<ul>
<li><a href="https://dmesgd.nycbug.org/index.cgi?do=index">Home</a></li>
<li><a href="https://dmesgd.nycbug.org/index.cgi?do=submit">Submit</a></li>
<li><a href="https://www.nycbug.org/">NYC*BUG</a></li>
</ul>
</div><!-- menu -->

<div id="content">

<p>
Launched in 2004, dmesgd aims to provide a
<strong>user-submitted</strong> repository of searchable *BSD dmesgs.
The dmesg(8) command displays the system message buffer's content, and
during boot a copy is saved to <em>/var/run/dmesg.boot</em>.  This buffer
contains the operating system release, name and version, a list of
devices identified, plus a whole host of other useful information.  We
hope others find this resource useful and further contribute to its
growth. Contact us at [ admin at lists dot nycbug dot org ].
</p>

<hr />


<strong>Date:</strong> <em>2016-08-01 20:27:08</em><br />
<strong>From:</strong> <em>Brian Conway</em><br />
<strong>Description:</strong> <em>resflash 6.0.0 OpenBSD 6.0-release amd64 AMD Athlon 5350 Kabini (AM1)</em><br />

<pre>
OpenBSD 6.0 (GENERIC.MP) #1: Wed Jul 27 16:39:51 UTC 2016
    xxx@xxx.xxx:/usr/src/sys/arch/amd64/compile/GENERIC.MP
real mem = 7979794432 (7610MB)
avail mem = 7733477376 (7375MB)
mpath0 at root
scsibus0 at mpath0: 256 targets
mainbus0 at root
bios0 at mainbus0: SMBIOS rev. 2.8 @ 0xebe50 (48 entries)
bios0: vendor American Megatrends Inc. version &quot;V10.2&quot; date 12/24/2014
bios0: MSI MS-7865
acpi0 at bios0: rev 2
acpi0: sleep states S0 S3 S4 S5
acpi0: tables DSDT FACP APIC FPDT MCFG HPET SSDT SSDT CRAT SSDT
acpi0: wakeup devices SBAZ(S4) PS2K(S3) PS2M(S3) OHC1(S4) EHC1(S4) OHC2(S4) EHC2(S4) OHC3(S4) EHC3(S4) XHC0(S4) BR11(S4) GPP2(S4) PWRB(S3)
acpitimer0 at acpi0: 3579545 Hz, 32 bits
acpimadt0 at acpi0 addr 0xfee00000: PC-AT compat
cpu0 at mainbus0: apid 0 (boot processor)
cpu0: AMD Athlon(tm) 5350 APU with Radeon(tm) R3, 2046.44 MHz
cpu0: FPU,VME,DE,PSE,TSC,MSR,PAE,MCE,CX8,APIC,SEP,MTRR,PGE,MCA,CMOV,PAT,PSE36,CFLUSH,MMX,FXSR,SSE,SSE2,HTT,SSE3,PCLMUL,MWAIT,SSSE3,CX16,SSE4.1,SSE4.2,MOVBE,POPCNT,AES,XSAVE,AVX,F16C,NXE,MMXX,FFXSR,PAGE1GB,LONG,LAHF,CMPLEG,SVM,EAPICSP,AMCR8,ABM,SSE4A,MASSE,3DNOWP,OSVW,IBS,SKINIT,TOPEXT,ITSC,BMI1
cpu0: 32KB 64b/line 2-way I-cache, 32KB 64b/line 8-way D-cache, 2MB 64b/line 16-way L2 cache
cpu0: ITLB 32 4KB entries fully associative, 8 4MB entries fully associative
cpu0: DTLB 40 4KB entries fully associative, 8 4MB entries fully associative
cpu0: smt 0, core 0, package 0
mtrr: Pentium Pro MTRR support, 8 var ranges, 88 fixed ranges
cpu0: apic clock running at 99MHz
cpu0: mwait min=64, max=64, IBE
cpu1 at mainbus0: apid 1 (application processor)
cpu1: AMD Athlon(tm) 5350 APU with Radeon(tm) R3, 2046.17 MHz
cpu1: FPU,VME,DE,PSE,TSC,MSR,PAE,MCE,CX8,APIC,SEP,MTRR,PGE,MCA,CMOV,PAT,PSE36,CFLUSH,MMX,FXSR,SSE,SSE2,HTT,SSE3,PCLMUL,MWAIT,SSSE3,CX16,SSE4.1,SSE4.2,MOVBE,POPCNT,AES,XSAVE,AVX,F16C,NXE,MMXX,FFXSR,PAGE1GB,LONG,LAHF,CMPLEG,SVM,EAPICSP,AMCR8,ABM,SSE4A,MASSE,3DNOWP,OSVW,IBS,SKINIT,TOPEXT,ITSC,BMI1
cpu1: 32KB 64b/line 2-way I-cache, 32KB 64b/line 8-way D-cache, 2MB 64b/line 16-way L2 cache
cpu1: ITLB 32 4KB entries fully associative, 8 4MB entries fully associative
cpu1: DTLB 40 4KB entries fully associative, 8 4MB entries fully associative
cpu1: smt 0, core 1, package 0
cpu2 at mainbus0: apid 2 (application processor)
cpu2: AMD Athlon(tm) 5350 APU with Radeon(tm) R3, 2046.17 MHz
cpu2: FPU,VME,DE,PSE,TSC,MSR,PAE,MCE,CX8,APIC,SEP,MTRR,PGE,MCA,CMOV,PAT,PSE36,CFLUSH,MMX,FXSR,SSE,SSE2,HTT,SSE3,PCLMUL,MWAIT,SSSE3,CX16,SSE4.1,SSE4.2,MOVBE,POPCNT,AES,XSAVE,AVX,F16C,NXE,MMXX,FFXSR,PAGE1GB,LONG,LAHF,CMPLEG,SVM,EAPICSP,AMCR8,ABM,SSE4A,MASSE,3DNOWP,OSVW,IBS,SKINIT,TOPEXT,ITSC,BMI1
cpu2: 32KB 64b/line 2-way I-cache, 32KB 64b/line 8-way D-cache, 2MB 64b/line 16-way L2 cache
cpu2: ITLB 32 4KB entries fully associative, 8 4MB entries fully associative
cpu2: DTLB 40 4KB entries fully associative, 8 4MB entries fully associative
cpu2: smt 0, core 2, package 0
cpu3 at mainbus0: apid 3 (application processor)
cpu3: AMD Athlon(tm) 5350 APU with Radeon(tm) R3, 2046.17 MHz
cpu3: FPU,VME,DE,PSE,TSC,MSR,PAE,MCE,CX8,APIC,SEP,MTRR,PGE,MCA,CMOV,PAT,PSE36,CFLUSH,MMX,FXSR,SSE,SSE2,HTT,SSE3,PCLMUL,MWAIT,SSSE3,CX16,SSE4.1,SSE4.2,MOVBE,POPCNT,AES,XSAVE,AVX,F16C,NXE,MMXX,FFXSR,PAGE1GB,LONG,LAHF,CMPLEG,SVM,EAPICSP,AMCR8,ABM,SSE4A,MASSE,3DNOWP,OSVW,IBS,SKINIT,TOPEXT,ITSC,BMI1
cpu3: 32KB 64b/line 2-way I-cache, 32KB 64b/line 8-way D-cache, 2MB 64b/line 16-way L2 cache
cpu3: ITLB 32 4KB entries fully associative, 8 4MB entries fully associative
cpu3: DTLB 40 4KB entries fully associative, 8 4MB entries fully associative
cpu3: smt 0, core 3, package 0
ioapic0 at mainbus0: apid 5 pa 0xfec00000, version 21, 24 pins
ioapic1 at mainbus0: apid 6 pa 0xfec01000, version 21, 32 pins
acpimcfg0 at acpi0 addr 0xe0000000, bus 0-255
acpihpet0 at acpi0: 14318180 Hz
acpiprt0 at acpi0: bus 0 (PCI0)
acpiprt1 at acpi0: bus -1 (GPP0)
acpiprt2 at acpi0: bus -1 (GPP3)
acpiprt3 at acpi0: bus 1 (BR11)
acpiprt4 at acpi0: bus -1 (GPP2)
acpicpu0 at acpi0: C2(0@400 io@0x414), C1(@1 halt!), PSS
acpicpu1 at acpi0: C2(0@400 io@0x414), C1(@1 halt!), PSS
acpicpu2 at acpi0: C2(0@400 io@0x414), C1(@1 halt!), PSS
acpicpu3 at acpi0: C2(0@400 io@0x414), C1(@1 halt!), PSS
&quot;PNP0501&quot; at acpi0 not configured
acpibtn0 at acpi0: PWRB
&quot;pnp0c14&quot; at acpi0 not configured
cpu0: 2046 MHz: speeds: 2050 1850 1650 1400 1200 1000 800 MHz
pci0 at mainbus0 bus 0
pchb0 at pci0 dev 0 function 0 &quot;AMD AMD64 16h Host&quot; rev 0x00
vga1 at pci0 dev 1 function 0 vendor &quot;ATI&quot;, unknown product 0x9830 rev 0x00
wsdisplay0 at vga1 mux 1: console (80x25, vt100 emulation)
wsdisplay0: screen 1-5 added (80x25, vt100 emulation)
azalia0 at pci0 dev 1 function 1 &quot;ATI Radeon HD Audio&quot; rev 0x00: msi
azalia0: no supported codecs
pchb1 at pci0 dev 2 function 0 vendor &quot;AMD&quot;, unknown product 0x1538 rev 0x00
ppb0 at pci0 dev 2 function 1 &quot;AMD AMD64 16h PCIE&quot; rev 0x00: msi
pci1 at ppb0 bus 1
em0 at pci1 dev 0 function 0 &quot;Intel 82574L&quot; rev 0x00: msi, address xx:xx:xx:xx:xx:xx
xhci0 at pci0 dev 16 function 0 &quot;AMD Bolton xHCI&quot; rev 0x01: msi
usb0 at xhci0: USB revision 3.0
uhub0 at usb0 &quot;AMD xHCI root hub&quot; rev 3.00/1.00 addr 1
ahci0 at pci0 dev 17 function 0 &quot;AMD Hudson-2 SATA&quot; rev 0x40: msi, AHCI 1.3
ahci0: port 0: 3.0Gb/s
ahci0: port 1: 3.0Gb/s
scsibus1 at ahci0: 32 targets
sd0 at scsibus1 targ 0 lun 0: &lt;ATA, Hitachi HDS72202, JKAO&gt; SCSI3 0/direct fixed naa.5000cca221f7a107
sd0: 1907729MB, 512 bytes/sector, 3907029168 sectors
sd1 at scsibus1 targ 1 lun 0: &lt;ATA, Hitachi HDS72202, JKAO&gt; SCSI3 0/direct fixed naa.5000cca221f2c7aa
sd1: 1907729MB, 512 bytes/sector, 3907029168 sectors
ohci0 at pci0 dev 18 function 0 &quot;AMD Hudson-2 USB&quot; rev 0x39: apic 5 int 18, version 1.0, legacy support
ehci0 at pci0 dev 18 function 2 &quot;AMD Hudson-2 USB2&quot; rev 0x39: apic 5 int 17
usb1 at ehci0: USB revision 2.0
uhub1 at usb1 &quot;AMD EHCI root hub&quot; rev 2.00/1.00 addr 1
ohci1 at pci0 dev 19 function 0 &quot;AMD Hudson-2 USB&quot; rev 0x39: apic 5 int 18, version 1.0, legacy support
ehci1 at pci0 dev 19 function 2 &quot;AMD Hudson-2 USB2&quot; rev 0x39: apic 5 int 17
usb2 at ehci1: USB revision 2.0
uhub2 at usb2 &quot;AMD EHCI root hub&quot; rev 2.00/1.00 addr 1
piixpm0 at pci0 dev 20 function 0 &quot;AMD Hudson-2 SMBus&quot; rev 0x3a: polling
iic0 at piixpm0
spdmem0 at iic0 addr 0x50: 4GB DDR3 SDRAM PC3-12800
spdmem1 at iic0 addr 0x51: 4GB DDR3 SDRAM PC3-12800
pcib0 at pci0 dev 20 function 3 &quot;AMD Hudson-2 LPC&quot; rev 0x11
pchb2 at pci0 dev 24 function 0 &quot;AMD AMD64 16h Link Cfg&quot; rev 0x00
pchb3 at pci0 dev 24 function 1 &quot;AMD AMD64 16h Address Map&quot; rev 0x00
pchb4 at pci0 dev 24 function 2 &quot;AMD AMD64 16h DRAM Cfg&quot; rev 0x00
km0 at pci0 dev 24 function 3 &quot;AMD AMD64 16h Misc Cfg&quot; rev 0x00
pchb5 at pci0 dev 24 function 4 &quot;AMD AMD64 16h CPU Power&quot; rev 0x00
pchb6 at pci0 dev 24 function 5 vendor &quot;AMD&quot;, unknown product 0x1535 rev 0x00
usb3 at ohci0: USB revision 1.0
uhub3 at usb3 &quot;AMD OHCI root hub&quot; rev 1.00/1.00 addr 1
usb4 at ohci1: USB revision 1.0
uhub4 at usb4 &quot;AMD OHCI root hub&quot; rev 1.00/1.00 addr 1
isa0 at pcib0
isadma0 at isa0
com0 at isa0 port 0x3f8/8 irq 4: ns16550a, 16 byte fifo
com0: console
pckbc0 at isa0 port 0x60/5 irq 1 irq 12
pckbd0 at pckbc0 (kbd slot)
wskbd0 at pckbd0: console keyboard, using wsdisplay0
pcppi0 at isa0 port 0x61
spkr0 at pcppi0
umass0 at uhub2 port 1 configuration 1 interface 0 &quot;UFD 3.0 Silicon-Power32G&quot; rev 2.10/1.00 addr 2
umass0: using SCSI over Bulk-Only
scsibus2 at umass0: 2 targets, initiator 0
sd2 at scsibus2 targ 1 lun 0: &lt;UFD 3.0, Silicon-Power32G, PMAP&gt; SCSI4 0/direct removable serial.13fe55005AEAA5C6E818
sd2: 29840MB, 512 bytes/sector, 61112320 sectors
vscsi0 at root
scsibus3 at vscsi0: 256 targets
softraid0 at root
scsibus4 at softraid0: 256 targets
sd3 at scsibus4 targ 1 lun 0: &lt;OPENBSD, SR RAID 1, 006&gt; SCSI2 0/direct fixed
sd3: 1907724MB, 512 bytes/sector, 3907020272 sectors
root on sd2e (1577b13c81712964.e) swap on sd2b dump on sd2b

hw.machine=amd64
hw.model=AMD Athlon(tm) 5350 APU with Radeon(tm) R3
hw.ncpu=4
hw.byteorder=1234
hw.pagesize=4096
hw.disknames=sd0:15582013473c3ba0,sd1:0ba5eaeb66b64f1b,sd2:1577b13c81712964,sd3:3a0769a9f5346e72
hw.diskcount=4
hw.sensors.km0.temp0=13.50 degC
hw.sensors.softraid0.drive0=online (sd3), OK
hw.cpuspeed=2046
hw.setperf=100
hw.vendor=MSI
hw.product=MS-7865
hw.version=2.0
hw.uuid=00000000-0000-0000-0000-448a5b8be29f
hw.physmem=7979794432
hw.usermem=7979769856
hw.ncpufound=4
hw.allowpowerdown=1
hw.perfpolicy=manual

</pre>



</div><!-- content -->
<br />
<div id="footer">
All comments/news/posts are the property of their individual owner and
is presented without warranty of suitability, and solely as an
informational resource. <br />
This site Copyright &copy; 2004-2020 NYC*BUG.
</div><!-- footer -->

</body>
</html>

