



<!doctype html>
<html lang="en">
<head>
<meta name="keywords"
	content="bsd, freebsd, openbsd, netbsd, dragonflybsd, nycbug, dmesgd" />
<meta name="description" content="New York City BSD User Group dmesgd" />
<meta charset="utf-8" />
<meta name="viewport" content="width=device-width, initial-scale=1" />
<title>NYC*BUG dmesgd</title>
<style>
body {
	text-align: left;
	margin: 15px auto;
	padding: 0px 10px;
}
@media (min-width: 800px) {
	body {
		max-width: 85%;
	}
}
#header {
	border-bottom: 1px solid #dbdbdb;
	font-size: 230%;
	text-align: left;
}
#footer {
	border-top: 1px solid #dbdbdb;
	clear: both;
	text-align: left;
}
.logo_bug {
	color: #cc0033;
}
#menu ul {
	list-style-type: none;
	margin: 0;
	padding: 0;
}
#menu li {
	float: left;
}
#menu li a {
	display: block;
	background-color: #dbdbdb;
	color: #000000;
	font-size: 105%;
	font-weight: bold;
	padding: 0px 6px 0px 6px;
	text-decoration: none;
}
#content {
	clear: both;
	text-align: left;
	padding-top: 10px;
}
#content h1 {
	font-size: 120%;
	font-weight: bold;
}
#content h2 {
	font-size: 110%;
	font-weight: bold;
}
#content a {
	text-decoration: none;
}
#content pre {
	background-color: #dbdbdb;
	padding: 5px 5px 5px 5px;
	white-space: pre-wrap;		/* css-3 */
	white-space: -moz-pre-wrap;	/* Mozilla, since 1999 */
	white-space: -pre-wrap;		/* Opera 4-6 */
	white-space: -o-pre-wrap;	/* Opera 7 */
	word-wrap: break-word;		/* Internet Explorer 5.5+ */
}
#content table {
	border-collapse: collapse;
}
#content table th {
	border: 1px solid #dbdbdb;
	font-size: 85%;
	white-space: nowrap;
}
#content table td {
	border: 1px solid #dbdbdb;
	font-size: 80%;
}
#content input {
	font-size: 1em;
}
#content .full	{ width: 100%; }
#content .left	{ text-align: left; }
#content .right	{ text-align: right; }
#content .center { text-align: center; }
#content .flexbox {
	display: -ms-flex;
	display: -webkit-flex;
	display: flex;
	width: 100%;
}
#content .left_col {
	min-width: 75px;
	max-width: 50%;
	flex-grow: 0;
}
#content .right_col {
	flex-grow: 1;
	margin-left: 10px;
	padding-top: 10px;
	padding-left: 10px;
}
#col {
	-moz-column-count: 3;
	-webkit-column-count: 3;
	column-count: 3;
}
</style>
</head>
<body>

<div id="header">
<strong><em>NYC*</em><span class="logo_bug">BUG</span> dmesgd</strong>
</div><!-- header -->

<div id="menu">
<ul>
<li><a href="https://dmesgd.nycbug.org/index.cgi?do=index">Home</a></li>
<li><a href="https://dmesgd.nycbug.org/index.cgi?do=submit">Submit</a></li>
<li><a href="https://www.nycbug.org/">NYC*BUG</a></li>
</ul>
</div><!-- menu -->

<div id="content">

<p>
Launched in 2004, dmesgd aims to provide a
<strong>user-submitted</strong> repository of searchable *BSD dmesgs.
The dmesg(8) command displays the system message buffer's content, and
during boot a copy is saved to <em>/var/run/dmesg.boot</em>.  This buffer
contains the operating system release, name and version, a list of
devices identified, plus a whole host of other useful information.  We
hope others find this resource useful and further contribute to its
growth. Contact us at [ admin at lists dot nycbug dot org ].
</p>

<hr />


<strong>Date:</strong> <em>2016-08-14 13:02:30</em><br />
<strong>From:</strong> <em>patrick</em><br />
<strong>Description:</strong> <em>ClearFog Pro</em><br />

<pre>
OpenBSD/armv7 booting ...
arg0 0x10000000 arg1 0x210 arg2 0xff8000
Allocating page tables
freestart = 0x1080a000, free_pages = 194550 (0x0002f7f6)
IRQ stack: p0x10838000 v0xc0838000
ABT stack: p0x10839000 v0xc0839000
UND stack: p0x1083a000 v0xc083a000
SVC stack: p0x1083b000 v0xc083b000
Creating L1 page table at 0x1080c000
Mapping kernel
Constructing L2 page tables
undefined page pmap [ using 766612 bytes of bsd ELF symbol table ]
board type: 528
Copyright (c) 1982, 1986, 1989, 1991, 1993
       	The Regents of the University of California.  All rights reserved.
Copyright (c) 1995-2016 OpenBSD. All rights reserved.  http://www.OpenBSD.org

OpenBSD 6.0-current (GENERIC) #275: Sun Aug 14 14:51:55 CEST 2016
    xxx@xxx.xxx:/home/patrick/openbsd-src/sys/arch/armv7/compile/GENERIC
real mem  = 1073741824 (1024MB)
avail mem = 1044332544 (995MB)
warning: no entropy supplied by boot loader
mainbus0 at root: SolidRun Clearfog A1
cpu0 at mainbus0: ARM Cortex A9 R4 rev 1 (ARMv7 core)
cpu0: DC enabled IC enabled WB disabled EABT branch prediction enabled
cpu0: 32KB(32b/l,4way) I-cache, 32KB(32b/l,4way) wr-back D-cache
cortex0 at mainbus0
amptimer0 at cortex0: tick rate 396000 KHz
armliicc0 at cortex0: rtl 0 waymask: 0x00000007
mvmbus0 at mainbus0: &quot;soc&quot;
simplebus0 at mvmbus0: &quot;internal-regs&quot;
ampintc0 at simplebus0 nirq 192
com0 at simplebus0: ns16550, no working fifo
com0: console
com1 at simplebus0: ns16550, no working fifo
mvpinctrl0 at simplebus0
mvsysctrl0 at simplebus0
mvagc0 at simplebus0
mvacc0 at simplebus0
amptimer0: adjusting clock: new tick rate 800000 KHz
mvacpu0 at simplebus0
mvmpic0 at simplebus0 nirq 116
mvtimer0 at simplebus0: tick rate 25000 KHz
mvawdt0 at simplebus0
mvpmsu0 at simplebus0
mvneta0 at simplebus0
mvneta0: Ethernet address xx:xx:xx:xx:xx:xx
mvneta1 at simplebus0
mvneta1: Ethernet address xx:xx:xx:xx:xx:xx
mvneta2 at simplebus0
mvneta2: cannot find phy in fdt
mvmdio0 at simplebus0
mvatherm0 at simplebus0
mvsdio0 at simplebus0
mvsdio0: SDHC 3.0, 200 MHz base clock
sdmmc0 at mvsdio0: 4-bit, sd high-speed, mmc high-speed
mvxhci0 at simplebus0
usb0 at mvxhci0: USB revision 3.0
uhub0 at usb0 &quot;Marvell xHCI root hub&quot; rev 3.00/1.00 addr 1
mvxhci1 at simplebus0
usb1 at mvxhci1: USB revision 3.0
uhub1 at usb1 &quot;Marvell xHCI root hub&quot; rev 3.00/1.00 addr 1
ukphy0 at mvneta0 phy 0: Generic IEEE 802.3u media interface, rev. 1: OUI 0x005043, model 0x001d
mvdsa0 at mainbus0
sdmmc0: can't supply bus power
sdmmc0: can't enable card
umass0 at uhub1 port 2 configuration 1 interface 0 &quot;JMicron Usb production&quot; rev 2.00/0.00 addr 2
umass0: using SCSI over Bulk-Only
scsibus0 at umass0: 2 targets, initiator 0
sd0 at scsibus0 targ 1 lun 0: &lt;Disk, Name, MU01&gt; SCSI2 0/direct fixed serial.152d2509012345667888
sd0: 122104MB, 512 bytes/sector, 250069680 sectors
vscsi0 at root
scsibus1 at vscsi0: 256 targets
softraid0 at root
scsibus2 at softraid0: 256 targets
boot device: lookup '' failed.
root device: sd0a
swap device (default sd0b):
root on sd0a swap on sd0b dump on sd0b
WARNING: CHECK AND RESET THE DATE!
Automatic boot in progress: starting file system checks.
/dev/sd0a (db87433449dfd739.a): file system is clean; not checking
setting tty flags
pf enabled
starting network
DHCPDISCOVER on mvneta0 - interval 3
DHCPOFFER from xxx.xxx.xxx.xxx (xx:xx:xx:xx:xx:xx)
DHCPREQUEST on mvneta0 to xxx.xxx.xxx.xxx
DHCPACK from xxx.xxx.xxx.xxx (xx:xx:xx:xx:xx:xx)
bound to xxx.xxx.xxx.xxx -- renewal in 432000 seconds.
reordering libraries: done.
openssl: generating isakmpd/iked RSA keys... done.
ssh-keygen: generating new host keys: RSA DSA ECDSA ED25519
starting early daemons: syslogd pflogd ntpd.
starting RPC daemons:.
savecore: no core dump
checking quotas: done.
clearing /tmp
kern.securelevel: 0 -&gt; 1
creating runtime link editor directory cache.
preserving editor files.
starting network daemons: sshd smtpd sndiod.
Path to firmware: http://firmware.openbsd.org/firmware/snapshots/
No devices found which need firmware files to be downloaded.
starting local daemons: cron.
Sun Aug 14 15:00:30 CEST 2016

OpenBSD/armv7 (clearfog.blueri.se) (console)

login:
</pre>



</div><!-- content -->
<br />
<div id="footer">
All comments/news/posts are the property of their individual owner and
is presented without warranty of suitability, and solely as an
informational resource. <br />
This site Copyright &copy; 2004-2020 NYC*BUG.
</div><!-- footer -->

</body>
</html>

