



<!doctype html>
<html lang="en">
<head>
<meta name="keywords"
	content="bsd, freebsd, openbsd, netbsd, dragonflybsd, nycbug, dmesgd" />
<meta name="description" content="New York City BSD User Group dmesgd" />
<meta charset="utf-8" />
<meta name="viewport" content="width=device-width, initial-scale=1" />
<title>NYC*BUG dmesgd</title>
<style>
body {
	text-align: left;
	margin: 15px auto;
	padding: 0px 10px;
}
@media (min-width: 800px) {
	body {
		max-width: 85%;
	}
}
#header {
	border-bottom: 1px solid #dbdbdb;
	font-size: 230%;
	text-align: left;
}
#footer {
	border-top: 1px solid #dbdbdb;
	clear: both;
	text-align: left;
}
.logo_bug {
	color: #cc0033;
}
#menu ul {
	list-style-type: none;
	margin: 0;
	padding: 0;
}
#menu li {
	float: left;
}
#menu li a {
	display: block;
	background-color: #dbdbdb;
	color: #000000;
	font-size: 105%;
	font-weight: bold;
	padding: 0px 6px 0px 6px;
	text-decoration: none;
}
#content {
	clear: both;
	text-align: left;
	padding-top: 10px;
}
#content h1 {
	font-size: 120%;
	font-weight: bold;
}
#content h2 {
	font-size: 110%;
	font-weight: bold;
}
#content a {
	text-decoration: none;
}
#content pre {
	background-color: #dbdbdb;
	padding: 5px 5px 5px 5px;
	white-space: pre-wrap;		/* css-3 */
	white-space: -moz-pre-wrap;	/* Mozilla, since 1999 */
	white-space: -pre-wrap;		/* Opera 4-6 */
	white-space: -o-pre-wrap;	/* Opera 7 */
	word-wrap: break-word;		/* Internet Explorer 5.5+ */
}
#content table {
	border-collapse: collapse;
}
#content table th {
	border: 1px solid #dbdbdb;
	font-size: 85%;
	white-space: nowrap;
}
#content table td {
	border: 1px solid #dbdbdb;
	font-size: 80%;
}
#content input {
	font-size: 1em;
}
#content .full	{ width: 100%; }
#content .left	{ text-align: left; }
#content .right	{ text-align: right; }
#content .center { text-align: center; }
#content .flexbox {
	display: -ms-flex;
	display: -webkit-flex;
	display: flex;
	width: 100%;
}
#content .left_col {
	min-width: 75px;
	max-width: 50%;
	flex-grow: 0;
}
#content .right_col {
	flex-grow: 1;
	margin-left: 10px;
	padding-top: 10px;
	padding-left: 10px;
}
#col {
	-moz-column-count: 3;
	-webkit-column-count: 3;
	column-count: 3;
}
</style>
</head>
<body>

<div id="header">
<strong><em>NYC*</em><span class="logo_bug">BUG</span> dmesgd</strong>
</div><!-- header -->

<div id="menu">
<ul>
<li><a href="https://dmesgd.nycbug.org/index.cgi?do=index">Home</a></li>
<li><a href="https://dmesgd.nycbug.org/index.cgi?do=submit">Submit</a></li>
<li><a href="https://www.nycbug.org/">NYC*BUG</a></li>
</ul>
</div><!-- menu -->

<div id="content">

<p>
Launched in 2004, dmesgd aims to provide a
<strong>user-submitted</strong> repository of searchable *BSD dmesgs.
The dmesg(8) command displays the system message buffer's content, and
during boot a copy is saved to <em>/var/run/dmesg.boot</em>.  This buffer
contains the operating system release, name and version, a list of
devices identified, plus a whole host of other useful information.  We
hope others find this resource useful and further contribute to its
growth. Contact us at [ admin at lists dot nycbug dot org ].
</p>

<hr />


<strong>Date:</strong> <em>2016-09-06 18:38:07</em><br />
<strong>From:</strong> <em>Mischa</em><br />
<strong>Description:</strong> <em>OpenBSD 6.0 on Intel C2570</em><br />

<pre>
OpenBSD 6.0 (GENERIC.MP) #0: Fri Sep  2 13:18:00 CEST 2016
    xxx@xxx.xxx:/binpatchng/work-binpatch60-amd64/src/sys/arch/amd64/compile/GENERIC.MP
real mem = 8544804864 (8148MB)
avail mem = 8281362432 (7897MB)
mpath0 at root
scsibus0 at mpath0: 256 targets
mainbus0 at root
bios0 at mainbus0: SMBIOS rev. 2.8 @ 0x7f4d8000 (50 entries)
bios0: vendor American Megatrends Inc. version &quot;1.1a&quot; date 08/27/2015
bios0: Supermicro A1SAi
acpi0 at bios0: rev 2
acpi0: sleep states S0 S5
acpi0: tables DSDT FACP FPDT FIDT SPMI MCFG WDAT UEFI APIC BDAT HPET SSDT HEST BERT ERST EINJ
acpi0: wakeup devices PEX1(S0) PEX2(S0) PEX3(S0) PEX4(S0) EHC1(S0)
acpitimer0 at acpi0: 3579545 Hz, 24 bits
acpimcfg0 at acpi0 addr 0xe0000000, bus 0-255
acpimadt0 at acpi0 addr 0xfee00000: PC-AT compat
cpu0 at mainbus0: apid 0 (boot processor)
cpu0: Intel(R) Atom(TM) CPU C2750 @ 2.40GHz, 2400.44 MHz
cpu0: FPU,VME,DE,PSE,TSC,MSR,PAE,MCE,CX8,APIC,SEP,MTRR,PGE,MCA,CMOV,PAT,PSE36,CFLUSH,DS,ACPI,MMX,FXSR,SSE,SSE2,SS,HTT,TM,PBE,SSE3,PCLMUL,DTES64,MWAIT,DS-CPL,VMX,EST,TM2,SSSE3,CX16,xTPR,PDCM,SSE4.1,SSE4.2,MOVBE,POPCNT,DEADLINE,AES,RDRAND,NXE,LONG,LAHF,3DNOWP,PERF,ITSC,SMEP,ERMS,SENSOR,ARAT
cpu0: 1MB 64b/line 16-way L2 cache
cpu0: smt 0, core 0, package 0
mtrr: Pentium Pro MTRR support, 8 var ranges, 88 fixed ranges
cpu0: apic clock running at 100MHz
cpu0: mwait min=64, max=64, C-substates=0.2.0.0.0.0.3, IBE
cpu1 at mainbus0: apid 2 (application processor)
cpu1: Intel(R) Atom(TM) CPU C2750 @ 2.40GHz, 2400.01 MHz
cpu1: FPU,VME,DE,PSE,TSC,MSR,PAE,MCE,CX8,APIC,SEP,MTRR,PGE,MCA,CMOV,PAT,PSE36,CFLUSH,DS,ACPI,MMX,FXSR,SSE,SSE2,SS,HTT,TM,PBE,SSE3,PCLMUL,DTES64,MWAIT,DS-CPL,VMX,EST,TM2,SSSE3,CX16,xTPR,PDCM,SSE4.1,SSE4.2,MOVBE,POPCNT,DEADLINE,AES,RDRAND,NXE,LONG,LAHF,3DNOWP,PERF,ITSC,SMEP,ERMS,SENSOR,ARAT
cpu1: 1MB 64b/line 16-way L2 cache
cpu1: smt 0, core 1, package 0
cpu2 at mainbus0: apid 4 (application processor)
cpu2: Intel(R) Atom(TM) CPU C2750 @ 2.40GHz, 2400.01 MHz
cpu2: FPU,VME,DE,PSE,TSC,MSR,PAE,MCE,CX8,APIC,SEP,MTRR,PGE,MCA,CMOV,PAT,PSE36,CFLUSH,DS,ACPI,MMX,FXSR,SSE,SSE2,SS,HTT,TM,PBE,SSE3,PCLMUL,DTES64,MWAIT,DS-CPL,VMX,EST,TM2,SSSE3,CX16,xTPR,PDCM,SSE4.1,SSE4.2,MOVBE,POPCNT,DEADLINE,AES,RDRAND,NXE,LONG,LAHF,3DNOWP,PERF,ITSC,SMEP,ERMS,SENSOR,ARAT
cpu2: 1MB 64b/line 16-way L2 cache
cpu2: smt 0, core 2, package 0
cpu3 at mainbus0: apid 6 (application processor)
cpu3: Intel(R) Atom(TM) CPU C2750 @ 2.40GHz, 2400.01 MHz
cpu3: FPU,VME,DE,PSE,TSC,MSR,PAE,MCE,CX8,APIC,SEP,MTRR,PGE,MCA,CMOV,PAT,PSE36,CFLUSH,DS,ACPI,MMX,FXSR,SSE,SSE2,SS,HTT,TM,PBE,SSE3,PCLMUL,DTES64,MWAIT,DS-CPL,VMX,EST,TM2,SSSE3,CX16,xTPR,PDCM,SSE4.1,SSE4.2,MOVBE,POPCNT,DEADLINE,AES,RDRAND,NXE,LONG,LAHF,3DNOWP,PERF,ITSC,SMEP,ERMS,SENSOR,ARAT
cpu3: 1MB 64b/line 16-way L2 cache
cpu3: smt 0, core 3, package 0
cpu4 at mainbus0: apid 8 (application processor)
cpu4: Intel(R) Atom(TM) CPU C2750 @ 2.40GHz, 2400.01 MHz
cpu4: FPU,VME,DE,PSE,TSC,MSR,PAE,MCE,CX8,APIC,SEP,MTRR,PGE,MCA,CMOV,PAT,PSE36,CFLUSH,DS,ACPI,MMX,FXSR,SSE,SSE2,SS,HTT,TM,PBE,SSE3,PCLMUL,DTES64,MWAIT,DS-CPL,VMX,EST,TM2,SSSE3,CX16,xTPR,PDCM,SSE4.1,SSE4.2,MOVBE,POPCNT,DEADLINE,AES,RDRAND,NXE,LONG,LAHF,3DNOWP,PERF,ITSC,SMEP,ERMS,SENSOR,ARAT
cpu4: 1MB 64b/line 16-way L2 cache
cpu4: smt 0, core 4, package 0
cpu5 at mainbus0: apid 10 (application processor)
cpu5: Intel(R) Atom(TM) CPU C2750 @ 2.40GHz, 2400.01 MHz
cpu5: FPU,VME,DE,PSE,TSC,MSR,PAE,MCE,CX8,APIC,SEP,MTRR,PGE,MCA,CMOV,PAT,PSE36,CFLUSH,DS,ACPI,MMX,FXSR,SSE,SSE2,SS,HTT,TM,PBE,SSE3,PCLMUL,DTES64,MWAIT,DS-CPL,VMX,EST,TM2,SSSE3,CX16,xTPR,PDCM,SSE4.1,SSE4.2,MOVBE,POPCNT,DEADLINE,AES,RDRAND,NXE,LONG,LAHF,3DNOWP,PERF,ITSC,SMEP,ERMS,SENSOR,ARAT
cpu5: 1MB 64b/line 16-way L2 cache
cpu5: smt 0, core 5, package 0
cpu6 at mainbus0: apid 12 (application processor)
cpu6: Intel(R) Atom(TM) CPU C2750 @ 2.40GHz, 2400.01 MHz
cpu6: FPU,VME,DE,PSE,TSC,MSR,PAE,MCE,CX8,APIC,SEP,MTRR,PGE,MCA,CMOV,PAT,PSE36,CFLUSH,DS,ACPI,MMX,FXSR,SSE,SSE2,SS,HTT,TM,PBE,SSE3,PCLMUL,DTES64,MWAIT,DS-CPL,VMX,EST,TM2,SSSE3,CX16,xTPR,PDCM,SSE4.1,SSE4.2,MOVBE,POPCNT,DEADLINE,AES,RDRAND,NXE,LONG,LAHF,3DNOWP,PERF,ITSC,SMEP,ERMS,SENSOR,ARAT
cpu6: 1MB 64b/line 16-way L2 cache
cpu6: smt 0, core 6, package 0
cpu7 at mainbus0: apid 14 (application processor)
cpu7: Intel(R) Atom(TM) CPU C2750 @ 2.40GHz, 2400.01 MHz
cpu7: FPU,VME,DE,PSE,TSC,MSR,PAE,MCE,CX8,APIC,SEP,MTRR,PGE,MCA,CMOV,PAT,PSE36,CFLUSH,DS,ACPI,MMX,FXSR,SSE,SSE2,SS,HTT,TM,PBE,SSE3,PCLMUL,DTES64,MWAIT,DS-CPL,VMX,EST,TM2,SSSE3,CX16,xTPR,PDCM,SSE4.1,SSE4.2,MOVBE,POPCNT,DEADLINE,AES,RDRAND,NXE,LONG,LAHF,3DNOWP,PERF,ITSC,SMEP,ERMS,SENSOR,ARAT
cpu7: 1MB 64b/line 16-way L2 cache
cpu7: smt 0, core 7, package 0
ioapic0 at mainbus0: apid 2 pa 0xfec00000, version 20, 24 pins
acpihpet0 at acpi0: 14318179 Hz
acpiprt0 at acpi0: bus 0 (PCI0)
acpiprt1 at acpi0: bus 1 (PEX1)
acpiprt2 at acpi0: bus 2 (BR04)
acpiprt3 at acpi0: bus 3 (PEX2)
acpiprt4 at acpi0: bus 4 (PEX3)
acpiprt5 at acpi0: bus -1 (PEX4)
acpicpu0 at acpi0: C2(350@41 mwait.3@0x51), C1(1000@1 mwait.1), PSS
acpicpu1 at acpi0: C2(350@41 mwait.3@0x51), C1(1000@1 mwait.1), PSS
acpicpu2 at acpi0: C2(350@41 mwait.3@0x51), C1(1000@1 mwait.1), PSS
acpicpu3 at acpi0: C2(350@41 mwait.3@0x51), C1(1000@1 mwait.1), PSS
acpicpu4 at acpi0: C2(350@41 mwait.3@0x51), C1(1000@1 mwait.1), PSS
acpicpu5 at acpi0: C2(350@41 mwait.3@0x51), C1(1000@1 mwait.1), PSS
acpicpu6 at acpi0: C2(350@41 mwait.3@0x51), C1(1000@1 mwait.1), PSS
acpicpu7 at acpi0: C2(350@41 mwait.3@0x51), C1(1000@1 mwait.1), PSS
&quot;PNP0003&quot; at acpi0 not configured
&quot;PNP0501&quot; at acpi0 not configured
&quot;PNP0501&quot; at acpi0 not configured
&quot;IPI0001&quot; at acpi0 not configured
&quot;PNP0C33&quot; at acpi0 not configured
ipmi at mainbus0 not configured
cpu0: Enhanced SpeedStep 2400 MHz: speeds: 2401, 2400, 2300, 2200, 2100, 2000, 1900, 1800, 1700, 1600, 1500, 1400, 1300, 1200 MHz
pci0 at mainbus0 bus 0
pchb0 at pci0 dev 0 function 0 vendor &quot;Intel&quot;, unknown product 0x1f01 rev 0x02
ppb0 at pci0 dev 1 function 0 &quot;Intel Atom C2000 PCIE&quot; rev 0x02: msi
pci1 at ppb0 bus 1
ppb1 at pci1 dev 0 function 0 &quot;ASPEED Technology AST1150 PCI&quot; rev 0x03
pci2 at ppb1 bus 2
vga1 at pci2 dev 0 function 0 &quot;ASPEED Technology AST2000&quot; rev 0x30
wsdisplay0 at vga1 mux 1: console (80x25, vt100 emulation)
wsdisplay0: screen 1-5 added (80x25, vt100 emulation)
ppb2 at pci0 dev 2 function 0 &quot;Intel Atom C2000 PCIE&quot; rev 0x02: msi
pci3 at ppb2 bus 3
xhci0 at pci3 dev 0 function 0 &quot;Renesas uPD720201 xHCI&quot; rev 0x03: msi
usb0 at xhci0: USB revision 3.0
uhub0 at usb0 &quot;Renesas xHCI root hub&quot; rev 3.00/1.00 addr 1
ppb3 at pci0 dev 3 function 0 &quot;Intel Atom C2000 PCIE&quot; rev 0x02: msi
pci4 at ppb3 bus 4
pchb1 at pci0 dev 14 function 0 &quot;Intel Atom C2000 RAS&quot; rev 0x02
&quot;Intel Atom C2000 RCEC&quot; rev 0x02 at pci0 dev 15 function 0 not configured
&quot;Intel Atom C2000 SMBus&quot; rev 0x02 at pci0 dev 19 function 0 not configured
em0 at pci0 dev 20 function 0 &quot;Intel I354 SGMII&quot; rev 0x03: msi, address xx:xx:xx:xx:xx:xx
em1 at pci0 dev 20 function 1 &quot;Intel I354 SGMII&quot; rev 0x03: msi, address xx:xx:xx:xx:xx:xx
em2 at pci0 dev 20 function 2 &quot;Intel I354 SGMII&quot; rev 0x03: msi, address xx:xx:xx:xx:xx:xx
em3 at pci0 dev 20 function 3 &quot;Intel I354 SGMII&quot; rev 0x03: msi, address xx:xx:xx:xx:xx:xx
ehci0 at pci0 dev 22 function 0 &quot;Intel Atom C2000 USB&quot; rev 0x02: apic 2 int 23
usb1 at ehci0: USB revision 2.0
uhub1 at usb1 &quot;Intel EHCI root hub&quot; rev 2.00/1.00 addr 1
ahci0 at pci0 dev 23 function 0 &quot;Intel Atom C2000 AHCI&quot; rev 0x02: msi, AHCI 1.3
scsibus1 at ahci0: 32 targets
ahci1 at pci0 dev 24 function 0 &quot;Intel Atom C2000 AHCI&quot; rev 0x02: msi, AHCI 1.3
ahci1: port 0: 6.0Gb/s
scsibus2 at ahci1: 32 targets
sd0 at scsibus2 targ 0 lun 0: &lt;ATA, INTEL SSDSC2BB12, G201&gt; SCSI3 0/direct fixed naa.55cd2e404c7e3c09
sd0: 114473MB, 512 bytes/sector, 234441648 sectors, thin
pcib0 at pci0 dev 31 function 0 &quot;Intel Atom C2000 PCU&quot; rev 0x02
ichiic0 at pci0 dev 31 function 3 &quot;Intel Atom C2000 PCU SMBus&quot; rev 0x02: apic 2 int 18
iic0 at ichiic0
sdtemp0 at iic0 addr 0x18: at30ts00
iic0: addr 0x2e 00=40 words 00=4040 01=0000 02=0000 03=0000 04=0000 05=0000 06=0000 07=0000
spdmem0 at iic0 addr 0x50: 8GB DDR3 SDRAM ECC PC3-12800 with thermal sensor
isa0 at pcib0
isadma0 at isa0
com0 at isa0 port 0x3f8/8 irq 4: ns16550a, 16 byte fifo
com1 at isa0 port 0x2f8/8 irq 3: ns16550a, 16 byte fifo
pckbc0 at isa0 port 0x60/5 irq 1 irq 12
pckbd0 at pckbc0 (kbd slot)
wskbd0 at pckbd0: console keyboard, using wsdisplay0
pms0 at pckbc0 (aux slot)
wsmouse0 at pms0 mux 0
pcppi0 at isa0 port 0x61
spkr0 at pcppi0
uhub2 at uhub1 port 1 &quot;Intel product 0x07db&quot; rev 2.00/0.02 addr 2
uhub3 at uhub2 port 3 &quot;ATEN International product 0x7000&quot; rev 2.00/0.00 addr 3
uhidev0 at uhub3 port 1 configuration 1 interface 0 &quot;ATEN International product 0x2419&quot; rev 1.10/1.00 addr 4
uhidev0: iclass 3/1
ukbd0 at uhidev0: 8 variable keys, 6 key codes
wskbd1 at ukbd0 mux 1
wskbd1: connecting to wsdisplay0
uhidev1 at uhub3 port 1 configuration 1 interface 1 &quot;ATEN International product 0x2419&quot; rev 1.10/1.00 addr 4
uhidev1: iclass 3/1
ums0 at uhidev1: 3 buttons, Z dir
wsmouse1 at ums0 mux 0
vscsi0 at root
scsibus3 at vscsi0: 256 targets
softraid0 at root
scsibus4 at softraid0: 256 targets
root on sd0a (723b6567b494a520.a) swap on sd0b dump on sd0b

</pre>



</div><!-- content -->
<br />
<div id="footer">
All comments/news/posts are the property of their individual owner and
is presented without warranty of suitability, and solely as an
informational resource. <br />
This site Copyright &copy; 2004-2020 NYC*BUG.
</div><!-- footer -->

</body>
</html>

