



<!doctype html>
<html lang="en">
<head>
<meta name="keywords"
	content="bsd, freebsd, openbsd, netbsd, dragonflybsd, nycbug, dmesgd" />
<meta name="description" content="New York City BSD User Group dmesgd" />
<meta charset="utf-8" />
<meta name="viewport" content="width=device-width, initial-scale=1" />
<title>NYC*BUG dmesgd</title>
<style>
body {
	text-align: left;
	margin: 15px auto;
	padding: 0px 10px;
}
@media (min-width: 800px) {
	body {
		max-width: 85%;
	}
}
#header {
	border-bottom: 1px solid #dbdbdb;
	font-size: 230%;
	text-align: left;
}
#footer {
	border-top: 1px solid #dbdbdb;
	clear: both;
	text-align: left;
}
.logo_bug {
	color: #cc0033;
}
#menu ul {
	list-style-type: none;
	margin: 0;
	padding: 0;
}
#menu li {
	float: left;
}
#menu li a {
	display: block;
	background-color: #dbdbdb;
	color: #000000;
	font-size: 105%;
	font-weight: bold;
	padding: 0px 6px 0px 6px;
	text-decoration: none;
}
#content {
	clear: both;
	text-align: left;
	padding-top: 10px;
}
#content h1 {
	font-size: 120%;
	font-weight: bold;
}
#content h2 {
	font-size: 110%;
	font-weight: bold;
}
#content a {
	text-decoration: none;
}
#content pre {
	background-color: #dbdbdb;
	padding: 5px 5px 5px 5px;
	white-space: pre-wrap;		/* css-3 */
	white-space: -moz-pre-wrap;	/* Mozilla, since 1999 */
	white-space: -pre-wrap;		/* Opera 4-6 */
	white-space: -o-pre-wrap;	/* Opera 7 */
	word-wrap: break-word;		/* Internet Explorer 5.5+ */
}
#content table {
	border-collapse: collapse;
}
#content table th {
	border: 1px solid #dbdbdb;
	font-size: 85%;
	white-space: nowrap;
}
#content table td {
	border: 1px solid #dbdbdb;
	font-size: 80%;
}
#content input {
	font-size: 1em;
}
#content .full	{ width: 100%; }
#content .left	{ text-align: left; }
#content .right	{ text-align: right; }
#content .center { text-align: center; }
#content .flexbox {
	display: -ms-flex;
	display: -webkit-flex;
	display: flex;
	width: 100%;
}
#content .left_col {
	min-width: 75px;
	max-width: 50%;
	flex-grow: 0;
}
#content .right_col {
	flex-grow: 1;
	margin-left: 10px;
	padding-top: 10px;
	padding-left: 10px;
}
#col {
	-moz-column-count: 3;
	-webkit-column-count: 3;
	column-count: 3;
}
</style>
</head>
<body>

<div id="header">
<strong><em>NYC*</em><span class="logo_bug">BUG</span> dmesgd</strong>
</div><!-- header -->

<div id="menu">
<ul>
<li><a href="https://dmesgd.nycbug.org/index.cgi?do=index">Home</a></li>
<li><a href="https://dmesgd.nycbug.org/index.cgi?do=submit">Submit</a></li>
<li><a href="https://www.nycbug.org/">NYC*BUG</a></li>
</ul>
</div><!-- menu -->

<div id="content">

<p>
Launched in 2004, dmesgd aims to provide a
<strong>user-submitted</strong> repository of searchable *BSD dmesgs.
The dmesg(8) command displays the system message buffer's content, and
during boot a copy is saved to <em>/var/run/dmesg.boot</em>.  This buffer
contains the operating system release, name and version, a list of
devices identified, plus a whole host of other useful information.  We
hope others find this resource useful and further contribute to its
growth. Contact us at [ admin at lists dot nycbug dot org ].
</p>

<hr />


<strong>Date:</strong> <em>2016-09-06 18:38:57</em><br />
<strong>From:</strong> <em>Mischa</em><br />
<strong>Description:</strong> <em>OpenBSD 6.0 on Netgate VE2240</em><br />

<pre>
OpenBSD 6.0 (GENERIC.MP) #0: Fri Sep  2 13:18:00 CEST 2016
    xxx@xxx.xxx:/binpatchng/work-binpatch60-amd64/src/sys/arch/amd64/compile/GENERIC.MP
real mem = 4273856512 (4075MB)
avail mem = 4139851776 (3948MB)
mpath0 at root
scsibus0 at mpath0: 256 targets
mainbus0 at root
bios0 at mainbus0: SMBIOS rev. 2.7 @ 0x7fbf0420 (7 entries)
bios0: vendor coreboot version &quot;ADI_RCCVE-01.00.00.08-nodebug&quot; date 01/22/2016
bios0: ADI Engineering RCC-VE
acpi0 at bios0: rev 2
acpi0: sleep states S0 S4 S5
acpi0: tables DSDT FACP SPCR HPET APIC MCFG SSDT
acpi0: wakeup devices EHC1(S4)
acpitimer0 at acpi0: 3579545 Hz, 24 bits
acpihpet0 at acpi0: 14318179 Hz
acpimadt0 at acpi0 addr 0xfee00000: PC-AT compat
cpu0 at mainbus0: apid 0 (boot processor)
cpu0: Intel(R) Atom(TM) CPU C2358 @ 1.74GHz, 1166.88 MHz
cpu0: FPU,VME,DE,PSE,TSC,MSR,PAE,MCE,CX8,APIC,SEP,MTRR,PGE,MCA,CMOV,PAT,PSE36,CFLUSH,DS,ACPI,MMX,FXSR,SSE,SSE2,SS,HTT,TM,PBE,SSE3,PCLMUL,DTES64,MWAIT,DS-CPL,VMX,EST,TM2,SSSE3,CX16,xTPR,PDCM,SSE4.1,SSE4.2,MOVBE,POPCNT,DEADLINE,AES,RDRAND,NXE,LONG,LAHF,3DNOWP,PERF,ITSC,SMEP,ERMS,SENSOR,ARAT
cpu0: 1MB 64b/line 16-way L2 cache
cpu0: smt 0, core 0, package 0
mtrr: Pentium Pro MTRR support, 8 var ranges, 88 fixed ranges
cpu0: apic clock running at 83MHz
cpu0: mwait min=64, max=64, C-substates=0.2.0.0.0.0.3, IBE
cpu1 at mainbus0: apid 2 (application processor)
cpu1: Intel(R) Atom(TM) CPU C2358 @ 1.74GHz, 1166.66 MHz
cpu1: FPU,VME,DE,PSE,TSC,MSR,PAE,MCE,CX8,APIC,SEP,MTRR,PGE,MCA,CMOV,PAT,PSE36,CFLUSH,DS,ACPI,MMX,FXSR,SSE,SSE2,SS,HTT,TM,PBE,SSE3,PCLMUL,DTES64,MWAIT,DS-CPL,VMX,EST,TM2,SSSE3,CX16,xTPR,PDCM,SSE4.1,SSE4.2,MOVBE,POPCNT,DEADLINE,AES,RDRAND,NXE,LONG,LAHF,3DNOWP,PERF,ITSC,SMEP,ERMS,SENSOR,ARAT
cpu1: 1MB 64b/line 16-way L2 cache
cpu1: smt 0, core 1, package 0
ioapic0 at mainbus0: apid 2 pa 0xfec00000, version 20, 24 pins
acpimcfg0 at acpi0 addr 0xe0000000, bus 0-255
acpiprt0 at acpi0: bus 1 (RP01)
acpiprt1 at acpi0: bus 2 (RP02)
acpiprt2 at acpi0: bus 3 (RP03)
acpiprt3 at acpi0: bus 4 (RP04)
acpiprt4 at acpi0: bus 0 (PCI0)
acpicpu0 at acpi0: C1(@1 halt!), PSS
acpicpu1 at acpi0: C1(@1 halt!), PSS
cpu0: Enhanced SpeedStep 1166 MHz: speeds: 2100, 1800, 1600, 1400 MHz
pci0 at mainbus0 bus 0
pchb0 at pci0 dev 0 function 0 vendor &quot;Intel&quot;, unknown product 0x1f0e rev 0x02
ppb0 at pci0 dev 1 function 0 &quot;Intel Atom C2000 PCIE&quot; rev 0x02: msi
pci1 at ppb0 bus 1
ppb1 at pci0 dev 2 function 0 &quot;Intel Atom C2000 PCIE&quot; rev 0x02: msi
pci2 at ppb1 bus 2
ppb2 at pci0 dev 3 function 0 &quot;Intel Atom C2000 PCIE&quot; rev 0x02: msi
pci3 at ppb2 bus 3
ppb3 at pci0 dev 4 function 0 &quot;Intel Atom C2000 PCIE&quot; rev 0x02: msi
pci4 at ppb3 bus 4
vendor &quot;Intel&quot;, unknown product 0x1f18 (class processor subclass Co-processor, rev 0x02) at pci0 dev 11 function 0 not configured
pchb1 at pci0 dev 14 function 0 &quot;Intel Atom C2000 RAS&quot; rev 0x02
&quot;Intel Atom C2000 RCEC&quot; rev 0x02 at pci0 dev 15 function 0 not configured
&quot;Intel Atom C2000 SMBus&quot; rev 0x02 at pci0 dev 19 function 0 not configured
em0 at pci0 dev 20 function 0 &quot;Intel I354 SGMII&quot; rev 0x03: msi, address xx:xx:xx:xx:xx:xx
em1 at pci0 dev 20 function 1 &quot;Intel I354 SGMII&quot; rev 0x03: msi, address xx:xx:xx:xx:xx:xx
em2 at pci0 dev 20 function 2 &quot;Intel I354 SGMII&quot; rev 0x03: msi, address xx:xx:xx:xx:xx:xx
em3 at pci0 dev 20 function 3 &quot;Intel I354 SGMII&quot; rev 0x03: msi, address xx:xx:xx:xx:xx:xx
ehci0 at pci0 dev 22 function 0 &quot;Intel Atom C2000 USB&quot; rev 0x02: apic 2 int 22
usb0 at ehci0: USB revision 2.0
uhub0 at usb0 &quot;Intel EHCI root hub&quot; rev 2.00/1.00 addr 1
ahci0 at pci0 dev 23 function 0 &quot;Intel Atom C2000 AHCI&quot; rev 0x02: msi, AHCI 1.3
ahci0: port 0: 3.0Gb/s
scsibus1 at ahci0: 32 targets
sd0 at scsibus1 targ 0 lun 0: &lt;ATA, INTEL SSDMCEAC03, LLLi&gt; SCSI3 0/direct fixed naa.55cd2e414ca7e0a9
sd0: 28626MB, 512 bytes/sector, 58626288 sectors, thin
ahci1 at pci0 dev 24 function 0 &quot;Intel Atom C2000 AHCI&quot; rev 0x02: msi, AHCI 1.3
scsibus2 at ahci1: 32 targets
pcib0 at pci0 dev 31 function 0 &quot;Intel Atom C2000 PCU&quot; rev 0x02
ichiic0 at pci0 dev 31 function 3 &quot;Intel Atom C2000 PCU SMBus&quot; rev 0x02: apic 2 int 22
iic0 at ichiic0
iic0: addr 0x2e 00=41 words 00=4141 01=0000 02=0000 03=0000 04=0000 05=0000 06=0000 07=0000
spdmem0 at iic0 addr 0x50: 4GB DDR3 SDRAM PC3-12800 with thermal sensor
isa0 at pcib0
isadma0 at isa0
com0 at isa0 port 0x3f8/8 irq 4: ns16550a, 16 byte fifo
com1 at isa0 port 0x2f8/8 irq 3: ns16550a, 16 byte fifo
com1: console
pcppi0 at isa0 port 0x61
spkr0 at pcppi0
uhub1 at uhub0 port 1 &quot;Intel product 0x07db&quot; rev 2.00/0.02 addr 2
uhidev0 at uhub1 port 2 configuration 1 interface 0 &quot;RDing TEMPerV1.4&quot; rev 2.00/0.01 addr 3
uhidev0: iclass 3/1, 1 report id
ukbd0 at uhidev0 reportid 1: 8 variable keys, 5 key codes
wskbd0 at ukbd0 mux 1
uhidev1 at uhub1 port 2 configuration 1 interface 1 &quot;RDing TEMPerV1.4&quot; rev 2.00/0.01 addr 3
uhidev1: iclass 3/1
ugold0 at uhidev1
umass0 at uhub1 port 4 configuration 1 interface 0 &quot;Generic Ultra Fast Media&quot; rev 2.00/1.98 addr 4
umass0: using SCSI over Bulk-Only
scsibus3 at umass0: 2 targets, initiator 0
sd1 at scsibus3 targ 1 lun 0: &lt;Generic, Ultra HS-COMBO, 1.98&gt; SCSI0 0/direct removable serial.04242240000000225001
sd1: 7456MB, 512 bytes/sector, 15269888 sectors
vscsi0 at root
scsibus4 at vscsi0: 256 targets
softraid0 at root
scsibus5 at softraid0: 256 targets
root on sd0a (9dab5960f6251618.a) swap on sd0b dump on sd0b
ugold0: 1 sensor type ds75/12bit (temperature)

</pre>



</div><!-- content -->
<br />
<div id="footer">
All comments/news/posts are the property of their individual owner and
is presented without warranty of suitability, and solely as an
informational resource. <br />
This site Copyright &copy; 2004-2020 NYC*BUG.
</div><!-- footer -->

</body>
</html>

