



<!doctype html>
<html lang="en">
<head>
<meta name="keywords"
	content="bsd, freebsd, openbsd, netbsd, dragonflybsd, nycbug, dmesgd" />
<meta name="description" content="New York City BSD User Group dmesgd" />
<meta charset="utf-8" />
<meta name="viewport" content="width=device-width, initial-scale=1" />
<title>NYC*BUG dmesgd</title>
<style>
body {
	text-align: left;
	margin: 15px auto;
	padding: 0px 10px;
}
@media (min-width: 800px) {
	body {
		max-width: 85%;
	}
}
#header {
	border-bottom: 1px solid #dbdbdb;
	font-size: 230%;
	text-align: left;
}
#footer {
	border-top: 1px solid #dbdbdb;
	clear: both;
	text-align: left;
}
.logo_bug {
	color: #cc0033;
}
#menu ul {
	list-style-type: none;
	margin: 0;
	padding: 0;
}
#menu li {
	float: left;
}
#menu li a {
	display: block;
	background-color: #dbdbdb;
	color: #000000;
	font-size: 105%;
	font-weight: bold;
	padding: 0px 6px 0px 6px;
	text-decoration: none;
}
#content {
	clear: both;
	text-align: left;
	padding-top: 10px;
}
#content h1 {
	font-size: 120%;
	font-weight: bold;
}
#content h2 {
	font-size: 110%;
	font-weight: bold;
}
#content a {
	text-decoration: none;
}
#content pre {
	background-color: #dbdbdb;
	padding: 5px 5px 5px 5px;
	white-space: pre-wrap;		/* css-3 */
	white-space: -moz-pre-wrap;	/* Mozilla, since 1999 */
	white-space: -pre-wrap;		/* Opera 4-6 */
	white-space: -o-pre-wrap;	/* Opera 7 */
	word-wrap: break-word;		/* Internet Explorer 5.5+ */
}
#content table {
	border-collapse: collapse;
}
#content table th {
	border: 1px solid #dbdbdb;
	font-size: 85%;
	white-space: nowrap;
}
#content table td {
	border: 1px solid #dbdbdb;
	font-size: 80%;
}
#content input {
	font-size: 1em;
}
#content .full	{ width: 100%; }
#content .left	{ text-align: left; }
#content .right	{ text-align: right; }
#content .center { text-align: center; }
#content .flexbox {
	display: -ms-flex;
	display: -webkit-flex;
	display: flex;
	width: 100%;
}
#content .left_col {
	min-width: 75px;
	max-width: 50%;
	flex-grow: 0;
}
#content .right_col {
	flex-grow: 1;
	margin-left: 10px;
	padding-top: 10px;
	padding-left: 10px;
}
#col {
	-moz-column-count: 3;
	-webkit-column-count: 3;
	column-count: 3;
}
</style>
</head>
<body>

<div id="header">
<strong><em>NYC*</em><span class="logo_bug">BUG</span> dmesgd</strong>
</div><!-- header -->

<div id="menu">
<ul>
<li><a href="https://dmesgd.nycbug.org/index.cgi?do=index">Home</a></li>
<li><a href="https://dmesgd.nycbug.org/index.cgi?do=submit">Submit</a></li>
<li><a href="https://www.nycbug.org/">NYC*BUG</a></li>
</ul>
</div><!-- menu -->

<div id="content">

<p>
Launched in 2004, dmesgd aims to provide a
<strong>user-submitted</strong> repository of searchable *BSD dmesgs.
The dmesg(8) command displays the system message buffer's content, and
during boot a copy is saved to <em>/var/run/dmesg.boot</em>.  This buffer
contains the operating system release, name and version, a list of
devices identified, plus a whole host of other useful information.  We
hope others find this resource useful and further contribute to its
growth. Contact us at [ admin at lists dot nycbug dot org ].
</p>

<hr />


<strong>Date:</strong> <em>2016-09-06 18:47:01</em><br />
<strong>From:</strong> <em>Mischa</em><br />
<strong>Description:</strong> <em>OpenBSD 6.0 on Intel Core2 (SM PDSMi)</em><br />

<pre>
OpenBSD 6.0 (GENERIC.MP) #2319: Tue Jul 26 13:00:43 MDT 2016
    xxx@xxx.xxx:/usr/src/sys/arch/amd64/compile/GENERIC.MP
real mem = 4277010432 (4078MB)
avail mem = 4142915584 (3950MB)
mpath0 at root
scsibus0 at mpath0: 256 targets
mainbus0 at root
bios0 at mainbus0: SMBIOS rev. 2.51 @ 0xdfeea000 (31 entries)
bios0: vendor Phoenix Technologies LTD version &quot;6.00&quot; date 08/25/2007
bios0: Supermicro PDSMi
acpi0 at bios0: rev 0
acpi0: sleep states S0 S1 S4 S5
acpi0: tables DSDT FACP MCFG APIC BOOT ASF! SSDT
acpi0: wakeup devices DEV1(S5) EXP1(S5) PXHA(S5) EXP5(S5) EXP6(S5) PCIB(S5) KBC0(S1) MSE0(S1) COM1(S5) COM2(S5) USB1(S4) USB2(S4) USB3(S4) USB4(S4) EUSB(S4)
acpitimer0 at acpi0: 3579545 Hz, 24 bits
acpimcfg0 at acpi0 addr 0xf0000000, bus 0-14
acpimadt0 at acpi0 addr 0xfee00000: PC-AT compat
cpu0 at mainbus0: apid 0 (boot processor)
cpu0: Intel(R) Core(TM)2 CPU 6420 @ 2.13GHz, 2128.31 MHz
cpu0: FPU,VME,DE,PSE,TSC,MSR,PAE,MCE,CX8,APIC,SEP,MTRR,PGE,MCA,CMOV,PAT,PSE36,CFLUSH,DS,ACPI,MMX,FXSR,SSE,SSE2,SS,HTT,TM,PBE,SSE3,DTES64,MWAIT,DS-CPL,VMX,EST,TM2,SSSE3,CX16,xTPR,PDCM,NXE,LONG,LAHF,PERF,SENSOR
cpu0: 4MB 64b/line 16-way L2 cache
cpu0: smt 0, core 0, package 0
mtrr: Pentium Pro MTRR support, 8 var ranges, 88 fixed ranges
cpu0: apic clock running at 266MHz
cpu0: mwait min=64, max=64, C-substates=0.2, IBE
cpu1 at mainbus0: apid 1 (application processor)
cpu1: Intel(R) Core(TM)2 CPU 6420 @ 2.13GHz, 2128.00 MHz
cpu1: FPU,VME,DE,PSE,TSC,MSR,PAE,MCE,CX8,APIC,SEP,MTRR,PGE,MCA,CMOV,PAT,PSE36,CFLUSH,DS,ACPI,MMX,FXSR,SSE,SSE2,SS,HTT,TM,PBE,SSE3,DTES64,MWAIT,DS-CPL,VMX,EST,TM2,SSSE3,CX16,xTPR,PDCM,NXE,LONG,LAHF,PERF,SENSOR
cpu1: 4MB 64b/line 16-way L2 cache
cpu1: smt 0, core 1, package 0
ioapic0 at mainbus0: apid 2 pa 0xfec00000, version 20, 24 pins
ioapic1 at mainbus0: apid 3 pa 0xfec10000, version 20, 24 pins
acpiprt0 at acpi0: bus 0 (PCI0)
acpiprt1 at acpi0: bus 1 (DEV1)
acpiprt2 at acpi0: bus 9 (EXP1)
acpiprt3 at acpi0: bus 10 (PXHA)
acpiprt4 at acpi0: bus 13 (EXP5)
acpiprt5 at acpi0: bus 14 (EXP6)
acpiprt6 at acpi0: bus 15 (PCIB)
acpicpu0 at acpi0: C1(@1 halt!)
acpicpu1 at acpi0: C1(@1 halt!)
&quot;PNP0A05&quot; at acpi0 not configured
&quot;PNP0303&quot; at acpi0 not configured
&quot;PNP0F13&quot; at acpi0 not configured
&quot;PNP0501&quot; at acpi0 not configured
&quot;PNP0501&quot; at acpi0 not configured
&quot;PNP0700&quot; at acpi0 not configured
&quot;PNP0401&quot; at acpi0 not configured
acpibtn0 at acpi0: PWRB
ipmi at mainbus0 not configured
pci0 at mainbus0 bus 0
pchb0 at pci0 dev 0 function 0 &quot;Intel E7230 Host&quot; rev 0xc0
ppb0 at pci0 dev 1 function 0 &quot;Intel E7230 PCIE&quot; rev 0xc0: msi
pci1 at ppb0 bus 1
ppb1 at pci0 dev 28 function 0 &quot;Intel 82801GB PCIE&quot; rev 0x01: msi
pci2 at ppb1 bus 9
ppb2 at pci2 dev 0 function 0 &quot;Intel 6702PXH PCIE-PCIX&quot; rev 0x09
pci3 at ppb2 bus 10
twe0 at pci3 dev 1 function 0 &quot;3ware 7000/8000 series RAID&quot; rev 0x01: apic 3 int 0
twe0: Escalade V1.3
scsibus1 at twe0: 16 targets
sd0 at scsibus1 targ 0 lun 0: &lt;3WARE, Host drive #00, &gt; SCSI2 0/direct fixed
sd0: 238474MB, 512 bytes/sector, 488395120 sectors
&quot;Intel IOxAPIC&quot; rev 0x09 at pci2 dev 0 function 1 not configured
ppb3 at pci0 dev 28 function 4 &quot;Intel 82801G PCIE&quot; rev 0x01: msi
pci4 at ppb3 bus 13
em0 at pci4 dev 0 function 0 &quot;Intel 82573E&quot; rev 0x03: msi, address xx:xx:xx:xx:xx:xx
ppb4 at pci0 dev 28 function 5 &quot;Intel 82801G PCIE&quot; rev 0x01: msi
pci5 at ppb4 bus 14
em1 at pci5 dev 0 function 0 &quot;Intel 82573L&quot; rev 0x00: msi, address xx:xx:xx:xx:xx:xx
uhci0 at pci0 dev 29 function 0 &quot;Intel 82801GB USB&quot; rev 0x01: apic 2 int 23
uhci1 at pci0 dev 29 function 1 &quot;Intel 82801GB USB&quot; rev 0x01: apic 2 int 19
uhci2 at pci0 dev 29 function 2 &quot;Intel 82801GB USB&quot; rev 0x01: apic 2 int 18
uhci3 at pci0 dev 29 function 3 &quot;Intel 82801GB USB&quot; rev 0x01: apic 2 int 16
ehci0 at pci0 dev 29 function 7 &quot;Intel 82801GB USB&quot; rev 0x01: apic 2 int 23
usb0 at ehci0: USB revision 2.0
uhub0 at usb0 &quot;Intel EHCI root hub&quot; rev 2.00/1.00 addr 1
ppb5 at pci0 dev 30 function 0 &quot;Intel 82801BA Hub-to-PCI&quot; rev 0xe1
pci6 at ppb5 bus 15
radeondrm0 at pci6 dev 0 function 0 &quot;ATI ES1000&quot; rev 0x02
drm0 at radeondrm0
radeondrm0: apic 2 int 16
pcib0 at pci0 dev 31 function 0 &quot;Intel 82801GB LPC&quot; rev 0x01
pciide0 at pci0 dev 31 function 1 &quot;Intel 82801GB IDE&quot; rev 0x01: DMA, channel 0 configured to compatibility, channel 1 configured to compatibility
pciide0: channel 0 disabled (no drives)
pciide0: channel 1 disabled (no drives)
ichiic0 at pci0 dev 31 function 3 &quot;Intel 82801GB SMBus&quot; rev 0x01: apic 2 int 19
iic0 at ichiic0
lm1 at iic0 addr 0x2d: W83627HF
wbng0 at iic0 addr 0x2f: w83793g
spdmem0 at iic0 addr 0x50: 1GB DDR2 SDRAM non-parity PC2-5300CL5
spdmem1 at iic0 addr 0x51: 1GB DDR2 SDRAM non-parity PC2-5300CL5
spdmem2 at iic0 addr 0x52: 1GB DDR2 SDRAM non-parity PC2-5300CL5
spdmem3 at iic0 addr 0x53: 1GB DDR2 SDRAM non-parity PC2-5300CL5
usb1 at uhci0: USB revision 1.0
uhub1 at usb1 &quot;Intel UHCI root hub&quot; rev 1.00/1.00 addr 1
usb2 at uhci1: USB revision 1.0
uhub2 at usb2 &quot;Intel UHCI root hub&quot; rev 1.00/1.00 addr 1
usb3 at uhci2: USB revision 1.0
uhub3 at usb3 &quot;Intel UHCI root hub&quot; rev 1.00/1.00 addr 1
usb4 at uhci3: USB revision 1.0
uhub4 at usb4 &quot;Intel UHCI root hub&quot; rev 1.00/1.00 addr 1
isa0 at pcib0
isadma0 at isa0
fdc0 at isa0 port 0x3f0/6 irq 6 drq 2
com0 at isa0 port 0x3f8/8 irq 4: ns16550a, 16 byte fifo
com0: console
com1 at isa0 port 0x2f8/8 irq 3: ns16550a, 16 byte fifo
pckbc0 at isa0 port 0x60/5 irq 1 irq 12
pckbd0 at pckbc0 (kbd slot)
wskbd0 at pckbd0: console keyboard
pcppi0 at isa0 port 0x61
spkr0 at pcppi0
lpt0 at isa0 port 0x378/4 irq 7
wbsio0 at isa0 port 0x2e/2: W83627HF rev 0x41
lm2 at wbsio0 port 0x290/8: W83627HF
lm1: disabling sensors due to alias with lm2
vscsi0 at root
scsibus2 at vscsi0: 256 targets
softraid0 at root
scsibus3 at softraid0: 256 targets
root on sd0a (0e1d8055ecd807b7.a) swap on sd0b dump on sd0b
radeondrm0: 1024x768
wsdisplay0 at radeondrm0 mux 1: console (std, vt100 emulation), using wskbd0
wsdisplay0: screen 1-5 added (std, vt100 emulation)
syncing disks... 
OpenBSD 6.0 (GENERIC.MP) #2319: Tue Jul 26 13:00:43 MDT 2016
    xxx@xxx.xxx:/usr/src/sys/arch/amd64/compile/GENERIC.MP
real mem = 4277010432 (4078MB)
avail mem = 4142915584 (3950MB)
mpath0 at root
scsibus0 at mpath0: 256 targets
mainbus0 at root
bios0 at mainbus0: SMBIOS rev. 2.51 @ 0xdfeea000 (31 entries)
bios0: vendor Phoenix Technologies LTD version &quot;6.00&quot; date 08/25/2007
bios0: Supermicro PDSMi
acpi0 at bios0: rev 0
acpi0: sleep states S0 S1 S4 S5
acpi0: tables DSDT FACP MCFG APIC BOOT ASF! SSDT
acpi0: wakeup devices DEV1(S5) EXP1(S5) PXHA(S5) EXP5(S5) EXP6(S5) PCIB(S5) KBC0(S1) MSE0(S1) COM1(S5) COM2(S5) USB1(S4) USB2(S4) USB3(S4) USB4(S4) EUSB(S4)
acpitimer0 at acpi0: 3579545 Hz, 24 bits
acpimcfg0 at acpi0 addr 0xf0000000, bus 0-14
acpimadt0 at acpi0 addr 0xfee00000: PC-AT compat
cpu0 at mainbus0: apid 0 (boot processor)
cpu0: Intel(R) Core(TM)2 CPU 6420 @ 2.13GHz, 2128.31 MHz
cpu0: FPU,VME,DE,PSE,TSC,MSR,PAE,MCE,CX8,APIC,SEP,MTRR,PGE,MCA,CMOV,PAT,PSE36,CFLUSH,DS,ACPI,MMX,FXSR,SSE,SSE2,SS,HTT,TM,PBE,SSE3,DTES64,MWAIT,DS-CPL,VMX,EST,TM2,SSSE3,CX16,xTPR,PDCM,NXE,LONG,LAHF,PERF,SENSOR
cpu0: 4MB 64b/line 16-way L2 cache
cpu0: smt 0, core 0, package 0
mtrr: Pentium Pro MTRR support, 8 var ranges, 88 fixed ranges
cpu0: apic clock running at 265MHz
cpu0: mwait min=64, max=64, C-substates=0.2, IBE
cpu1 at mainbus0: apid 1 (application processor)
cpu1: Intel(R) Core(TM)2 CPU 6420 @ 2.13GHz, 2128.00 MHz
cpu1: FPU,VME,DE,PSE,TSC,MSR,PAE,MCE,CX8,APIC,SEP,MTRR,PGE,MCA,CMOV,PAT,PSE36,CFLUSH,DS,ACPI,MMX,FXSR,SSE,SSE2,SS,HTT,TM,PBE,SSE3,DTES64,MWAIT,DS-CPL,VMX,EST,TM2,SSSE3,CX16,xTPR,PDCM,NXE,LONG,LAHF,PERF,SENSOR
cpu1: 4MB 64b/line 16-way L2 cache
cpu1: smt 0, core 1, package 0
ioapic0 at mainbus0: apid 2 pa 0xfec00000, version 20, 24 pins
ioapic1 at mainbus0: apid 3 pa 0xfec10000, version 20, 24 pins
acpiprt0 at acpi0: bus 0 (PCI0)
acpiprt1 at acpi0: bus 1 (DEV1)
acpiprt2 at acpi0: bus 9 (EXP1)
acpiprt3 at acpi0: bus 10 (PXHA)
acpiprt4 at acpi0: bus 13 (EXP5)
acpiprt5 at acpi0: bus 14 (EXP6)
acpiprt6 at acpi0: bus 15 (PCIB)
acpicpu0 at acpi0: C1(@1 halt!)
acpicpu1 at acpi0: C1(@1 halt!)
&quot;PNP0A05&quot; at acpi0 not configured
&quot;PNP0303&quot; at acpi0 not configured
&quot;PNP0F13&quot; at acpi0 not configured
&quot;PNP0501&quot; at acpi0 not configured
&quot;PNP0501&quot; at acpi0 not configured
&quot;PNP0700&quot; at acpi0 not configured
&quot;PNP0401&quot; at acpi0 not configured
acpibtn0 at acpi0: PWRB
ipmi at mainbus0 not configured
pci0 at mainbus0 bus 0
pchb0 at pci0 dev 0 function 0 &quot;Intel E7230 Host&quot; rev 0xc0
ppb0 at pci0 dev 1 function 0 &quot;Intel E7230 PCIE&quot; rev 0xc0: msi
pci1 at ppb0 bus 1
ppb1 at pci0 dev 28 function 0 &quot;Intel 82801GB PCIE&quot; rev 0x01: msi
pci2 at ppb1 bus 9
ppb2 at pci2 dev 0 function 0 &quot;Intel 6702PXH PCIE-PCIX&quot; rev 0x09
pci3 at ppb2 bus 10
twe0 at pci3 dev 1 function 0 &quot;3ware 7000/8000 series RAID&quot; rev 0x01: apic 3 int 0
twe0: Escalade V1.3
scsibus1 at twe0: 16 targets
sd0 at scsibus1 targ 0 lun 0: &lt;3WARE, Host drive #00, &gt; SCSI2 0/direct fixed
sd0: 238474MB, 512 bytes/sector, 488395120 sectors
&quot;Intel IOxAPIC&quot; rev 0x09 at pci2 dev 0 function 1 not configured
ppb3 at pci0 dev 28 function 4 &quot;Intel 82801G PCIE&quot; rev 0x01: msi
pci4 at ppb3 bus 13
em0 at pci4 dev 0 function 0 &quot;Intel 82573E&quot; rev 0x03: msi, address xx:xx:xx:xx:xx:xx
ppb4 at pci0 dev 28 function 5 &quot;Intel 82801G PCIE&quot; rev 0x01: msi
pci5 at ppb4 bus 14
em1 at pci5 dev 0 function 0 &quot;Intel 82573L&quot; rev 0x00: msi, address xx:xx:xx:xx:xx:xx
uhci0 at pci0 dev 29 function 0 &quot;Intel 82801GB USB&quot; rev 0x01: apic 2 int 23
uhci1 at pci0 dev 29 function 1 &quot;Intel 82801GB USB&quot; rev 0x01: apic 2 int 19
uhci2 at pci0 dev 29 function 2 &quot;Intel 82801GB USB&quot; rev 0x01: apic 2 int 18
uhci3 at pci0 dev 29 function 3 &quot;Intel 82801GB USB&quot; rev 0x01: apic 2 int 16
ehci0 at pci0 dev 29 function 7 &quot;Intel 82801GB USB&quot; rev 0x01: apic 2 int 23
usb0 at ehci0: USB revision 2.0
uhub0 at usb0 &quot;Intel EHCI root hub&quot; rev 2.00/1.00 addr 1
ppb5 at pci0 dev 30 function 0 &quot;Intel 82801BA Hub-to-PCI&quot; rev 0xe1
pci6 at ppb5 bus 15
radeondrm0 at pci6 dev 0 function 0 &quot;ATI ES1000&quot; rev 0x02
drm0 at radeondrm0
radeondrm0: apic 2 int 16
pcib0 at pci0 dev 31 function 0 &quot;Intel 82801GB LPC&quot; rev 0x01
pciide0 at pci0 dev 31 function 1 &quot;Intel 82801GB IDE&quot; rev 0x01: DMA, channel 0 configured to compatibility, channel 1 configured to compatibility
pciide0: channel 0 disabled (no drives)
pciide0: channel 1 disabled (no drives)
ichiic0 at pci0 dev 31 function 3 &quot;Intel 82801GB SMBus&quot; rev 0x01: apic 2 int 19
iic0 at ichiic0
lm1 at iic0 addr 0x2d: W83627HF
wbng0 at iic0 addr 0x2f: w83793g
spdmem0 at iic0 addr 0x50: 1GB DDR2 SDRAM non-parity PC2-5300CL5
spdmem1 at iic0 addr 0x51: 1GB DDR2 SDRAM non-parity PC2-5300CL5
spdmem2 at iic0 addr 0x52: 1GB DDR2 SDRAM non-parity PC2-5300CL5
spdmem3 at iic0 addr 0x53: 1GB DDR2 SDRAM non-parity PC2-5300CL5
usb1 at uhci0: USB revision 1.0
uhub1 at usb1 &quot;Intel UHCI root hub&quot; rev 1.00/1.00 addr 1
usb2 at uhci1: USB revision 1.0
uhub2 at usb2 &quot;Intel UHCI root hub&quot; rev 1.00/1.00 addr 1
usb3 at uhci2: USB revision 1.0
uhub3 at usb3 &quot;Intel UHCI root hub&quot; rev 1.00/1.00 addr 1
usb4 at uhci3: USB revision 1.0
uhub4 at usb4 &quot;Intel UHCI root hub&quot; rev 1.00/1.00 addr 1
isa0 at pcib0
isadma0 at isa0
fdc0 at isa0 port 0x3f0/6 irq 6 drq 2
com0 at isa0 port 0x3f8/8 irq 4: ns16550a, 16 byte fifo
com0: console
com1 at isa0 port 0x2f8/8 irq 3: ns16550a, 16 byte fifo
pckbc0 at isa0 port 0x60/5 irq 1 irq 12
pckbd0 at pckbc0 (kbd slot)
wskbd0 at pckbd0: console keyboard
pcppi0 at isa0 port 0x61
spkr0 at pcppi0
lpt0 at isa0 port 0x378/4 irq 7
wbsio0 at isa0 port 0x2e/2: W83627HF rev 0x41
lm2 at wbsio0 port 0x290/8: W83627HF
lm1: disabling sensors due to alias with lm2
vscsi0 at root
scsibus2 at vscsi0: 256 targets
softraid0 at root
scsibus3 at softraid0: 256 targets
root on sd0a (0e1d8055ecd807b7.a) swap on sd0b dump on sd0b
radeondrm0: 1024x768
wsdisplay0 at radeondrm0 mux 1: console (std, vt100 emulation), using wskbd0
wsdisplay0: screen 1-5 added (std, vt100 emulation)
syncing disks... 
OpenBSD 6.0 (GENERIC.MP) #0: Fri Sep  2 13:18:00 CEST 2016
    xxx@xxx.xxx:/binpatchng/work-binpatch60-amd64/src/sys/arch/amd64/compile/GENERIC.MP
real mem = 4277010432 (4078MB)
avail mem = 4142915584 (3950MB)
mpath0 at root
scsibus0 at mpath0: 256 targets
mainbus0 at root
bios0 at mainbus0: SMBIOS rev. 2.51 @ 0xdfeea000 (31 entries)
bios0: vendor Phoenix Technologies LTD version &quot;6.00&quot; date 08/25/2007
bios0: Supermicro PDSMi
acpi0 at bios0: rev 0
acpi0: sleep states S0 S1 S4 S5
acpi0: tables DSDT FACP MCFG APIC BOOT ASF! SSDT
acpi0: wakeup devices DEV1(S5) EXP1(S5) PXHA(S5) EXP5(S5) EXP6(S5) PCIB(S5) KBC0(S1) MSE0(S1) COM1(S5) COM2(S5) USB1(S4) USB2(S4) USB3(S4) USB4(S4) EUSB(S4)
acpitimer0 at acpi0: 3579545 Hz, 24 bits
acpimcfg0 at acpi0 addr 0xf0000000, bus 0-14
acpimadt0 at acpi0 addr 0xfee00000: PC-AT compat
cpu0 at mainbus0: apid 0 (boot processor)
cpu0: Intel(R) Core(TM)2 CPU 6420 @ 2.13GHz, 2128.32 MHz
cpu0: FPU,VME,DE,PSE,TSC,MSR,PAE,MCE,CX8,APIC,SEP,MTRR,PGE,MCA,CMOV,PAT,PSE36,CFLUSH,DS,ACPI,MMX,FXSR,SSE,SSE2,SS,HTT,TM,PBE,SSE3,DTES64,MWAIT,DS-CPL,VMX,EST,TM2,SSSE3,CX16,xTPR,PDCM,NXE,LONG,LAHF,PERF,SENSOR
cpu0: 4MB 64b/line 16-way L2 cache
cpu0: smt 0, core 0, package 0
mtrr: Pentium Pro MTRR support, 8 var ranges, 88 fixed ranges
cpu0: apic clock running at 266MHz
cpu0: mwait min=64, max=64, C-substates=0.2, IBE
cpu1 at mainbus0: apid 1 (application processor)
cpu1: Intel(R) Core(TM)2 CPU 6420 @ 2.13GHz, 2128.01 MHz
cpu1: FPU,VME,DE,PSE,TSC,MSR,PAE,MCE,CX8,APIC,SEP,MTRR,PGE,MCA,CMOV,PAT,PSE36,CFLUSH,DS,ACPI,MMX,FXSR,SSE,SSE2,SS,HTT,TM,PBE,SSE3,DTES64,MWAIT,DS-CPL,VMX,EST,TM2,SSSE3,CX16,xTPR,PDCM,NXE,LONG,LAHF,PERF,SENSOR
cpu1: 4MB 64b/line 16-way L2 cache
cpu1: smt 0, core 1, package 0
ioapic0 at mainbus0: apid 2 pa 0xfec00000, version 20, 24 pins
ioapic1 at mainbus0: apid 3 pa 0xfec10000, version 20, 24 pins
acpiprt0 at acpi0: bus 0 (PCI0)
acpiprt1 at acpi0: bus 1 (DEV1)
acpiprt2 at acpi0: bus 9 (EXP1)
acpiprt3 at acpi0: bus 10 (PXHA)
acpiprt4 at acpi0: bus 13 (EXP5)
acpiprt5 at acpi0: bus 14 (EXP6)
acpiprt6 at acpi0: bus 15 (PCIB)
acpicpu0 at acpi0: C1(@1 halt!)
acpicpu1 at acpi0: C1(@1 halt!)
&quot;PNP0A05&quot; at acpi0 not configured
&quot;PNP0303&quot; at acpi0 not configured
&quot;PNP0F13&quot; at acpi0 not configured
&quot;PNP0501&quot; at acpi0 not configured
&quot;PNP0501&quot; at acpi0 not configured
&quot;PNP0700&quot; at acpi0 not configured
&quot;PNP0401&quot; at acpi0 not configured
acpibtn0 at acpi0: PWRB
ipmi at mainbus0 not configured
pci0 at mainbus0 bus 0
pchb0 at pci0 dev 0 function 0 &quot;Intel E7230 Host&quot; rev 0xc0
ppb0 at pci0 dev 1 function 0 &quot;Intel E7230 PCIE&quot; rev 0xc0: msi
pci1 at ppb0 bus 1
ppb1 at pci0 dev 28 function 0 &quot;Intel 82801GB PCIE&quot; rev 0x01: msi
pci2 at ppb1 bus 9
ppb2 at pci2 dev 0 function 0 &quot;Intel 6702PXH PCIE-PCIX&quot; rev 0x09
pci3 at ppb2 bus 10
twe0 at pci3 dev 1 function 0 &quot;3ware 7000/8000 series RAID&quot; rev 0x01: apic 3 int 0
twe0: Escalade V1.3
scsibus1 at twe0: 16 targets
sd0 at scsibus1 targ 0 lun 0: &lt;3WARE, Host drive #00, &gt; SCSI2 0/direct fixed
sd0: 238474MB, 512 bytes/sector, 488395120 sectors
&quot;Intel IOxAPIC&quot; rev 0x09 at pci2 dev 0 function 1 not configured
ppb3 at pci0 dev 28 function 4 &quot;Intel 82801G PCIE&quot; rev 0x01: msi
pci4 at ppb3 bus 13
em0 at pci4 dev 0 function 0 &quot;Intel 82573E&quot; rev 0x03: msi, address xx:xx:xx:xx:xx:xx
ppb4 at pci0 dev 28 function 5 &quot;Intel 82801G PCIE&quot; rev 0x01: msi
pci5 at ppb4 bus 14
em1 at pci5 dev 0 function 0 &quot;Intel 82573L&quot; rev 0x00: msi, address xx:xx:xx:xx:xx:xx
uhci0 at pci0 dev 29 function 0 &quot;Intel 82801GB USB&quot; rev 0x01: apic 2 int 23
uhci1 at pci0 dev 29 function 1 &quot;Intel 82801GB USB&quot; rev 0x01: apic 2 int 19
uhci2 at pci0 dev 29 function 2 &quot;Intel 82801GB USB&quot; rev 0x01: apic 2 int 18
uhci3 at pci0 dev 29 function 3 &quot;Intel 82801GB USB&quot; rev 0x01: apic 2 int 16
ehci0 at pci0 dev 29 function 7 &quot;Intel 82801GB USB&quot; rev 0x01: apic 2 int 23
usb0 at ehci0: USB revision 2.0
uhub0 at usb0 &quot;Intel EHCI root hub&quot; rev 2.00/1.00 addr 1
ppb5 at pci0 dev 30 function 0 &quot;Intel 82801BA Hub-to-PCI&quot; rev 0xe1
pci6 at ppb5 bus 15
radeondrm0 at pci6 dev 0 function 0 &quot;ATI ES1000&quot; rev 0x02
drm0 at radeondrm0
radeondrm0: apic 2 int 16
pcib0 at pci0 dev 31 function 0 &quot;Intel 82801GB LPC&quot; rev 0x01
pciide0 at pci0 dev 31 function 1 &quot;Intel 82801GB IDE&quot; rev 0x01: DMA, channel 0 configured to compatibility, channel 1 configured to compatibility
pciide0: channel 0 disabled (no drives)
pciide0: channel 1 disabled (no drives)
ichiic0 at pci0 dev 31 function 3 &quot;Intel 82801GB SMBus&quot; rev 0x01: apic 2 int 19
iic0 at ichiic0
lm1 at iic0 addr 0x2d: W83627HF
wbng0 at iic0 addr 0x2f: w83793g
spdmem0 at iic0 addr 0x50: 1GB DDR2 SDRAM non-parity PC2-5300CL5
spdmem1 at iic0 addr 0x51: 1GB DDR2 SDRAM non-parity PC2-5300CL5
spdmem2 at iic0 addr 0x52: 1GB DDR2 SDRAM non-parity PC2-5300CL5
spdmem3 at iic0 addr 0x53: 1GB DDR2 SDRAM non-parity PC2-5300CL5
usb1 at uhci0: USB revision 1.0
uhub1 at usb1 &quot;Intel UHCI root hub&quot; rev 1.00/1.00 addr 1
usb2 at uhci1: USB revision 1.0
uhub2 at usb2 &quot;Intel UHCI root hub&quot; rev 1.00/1.00 addr 1
usb3 at uhci2: USB revision 1.0
uhub3 at usb3 &quot;Intel UHCI root hub&quot; rev 1.00/1.00 addr 1
usb4 at uhci3: USB revision 1.0
uhub4 at usb4 &quot;Intel UHCI root hub&quot; rev 1.00/1.00 addr 1
isa0 at pcib0
isadma0 at isa0
fdc0 at isa0 port 0x3f0/6 irq 6 drq 2
com0 at isa0 port 0x3f8/8 irq 4: ns16550a, 16 byte fifo
com0: console
com1 at isa0 port 0x2f8/8 irq 3: ns16550a, 16 byte fifo
pckbc0 at isa0 port 0x60/5 irq 1 irq 12
pckbd0 at pckbc0 (kbd slot)
wskbd0 at pckbd0: console keyboard
pcppi0 at isa0 port 0x61
spkr0 at pcppi0
lpt0 at isa0 port 0x378/4 irq 7
wbsio0 at isa0 port 0x2e/2: W83627HF rev 0x41
lm2 at wbsio0 port 0x290/8: W83627HF
lm1: disabling sensors due to alias with lm2
vscsi0 at root
scsibus2 at vscsi0: 256 targets
softraid0 at root
scsibus3 at softraid0: 256 targets
root on sd0a (0e1d8055ecd807b7.a) swap on sd0b dump on sd0b
radeondrm0: 1024x768
wsdisplay0 at radeondrm0 mux 1: console (std, vt100 emulation), using wskbd0
wsdisplay0: screen 1-5 added (std, vt100 emulation)

</pre>



</div><!-- content -->
<br />
<div id="footer">
All comments/news/posts are the property of their individual owner and
is presented without warranty of suitability, and solely as an
informational resource. <br />
This site Copyright &copy; 2004-2020 NYC*BUG.
</div><!-- footer -->

</body>
</html>

