



<!doctype html>
<html lang="en">
<head>
<meta name="keywords"
	content="bsd, freebsd, openbsd, netbsd, dragonflybsd, nycbug, dmesgd" />
<meta name="description" content="New York City BSD User Group dmesgd" />
<meta charset="utf-8" />
<meta name="viewport" content="width=device-width, initial-scale=1" />
<title>NYC*BUG dmesgd</title>
<style>
body {
	text-align: left;
	margin: 15px auto;
	padding: 0px 10px;
}
@media (min-width: 800px) {
	body {
		max-width: 85%;
	}
}
#header {
	border-bottom: 1px solid #dbdbdb;
	font-size: 230%;
	text-align: left;
}
#footer {
	border-top: 1px solid #dbdbdb;
	clear: both;
	text-align: left;
}
.logo_bug {
	color: #cc0033;
}
#menu ul {
	list-style-type: none;
	margin: 0;
	padding: 0;
}
#menu li {
	float: left;
}
#menu li a {
	display: block;
	background-color: #dbdbdb;
	color: #000000;
	font-size: 105%;
	font-weight: bold;
	padding: 0px 6px 0px 6px;
	text-decoration: none;
}
#content {
	clear: both;
	text-align: left;
	padding-top: 10px;
}
#content h1 {
	font-size: 120%;
	font-weight: bold;
}
#content h2 {
	font-size: 110%;
	font-weight: bold;
}
#content a {
	text-decoration: none;
}
#content pre {
	background-color: #dbdbdb;
	padding: 5px 5px 5px 5px;
	white-space: pre-wrap;		/* css-3 */
	white-space: -moz-pre-wrap;	/* Mozilla, since 1999 */
	white-space: -pre-wrap;		/* Opera 4-6 */
	white-space: -o-pre-wrap;	/* Opera 7 */
	word-wrap: break-word;		/* Internet Explorer 5.5+ */
}
#content table {
	border-collapse: collapse;
}
#content table th {
	border: 1px solid #dbdbdb;
	font-size: 85%;
	white-space: nowrap;
}
#content table td {
	border: 1px solid #dbdbdb;
	font-size: 80%;
}
#content input {
	font-size: 1em;
}
#content .full	{ width: 100%; }
#content .left	{ text-align: left; }
#content .right	{ text-align: right; }
#content .center { text-align: center; }
#content .flexbox {
	display: -ms-flex;
	display: -webkit-flex;
	display: flex;
	width: 100%;
}
#content .left_col {
	min-width: 75px;
	max-width: 50%;
	flex-grow: 0;
}
#content .right_col {
	flex-grow: 1;
	margin-left: 10px;
	padding-top: 10px;
	padding-left: 10px;
}
#col {
	-moz-column-count: 3;
	-webkit-column-count: 3;
	column-count: 3;
}
</style>
</head>
<body>

<div id="header">
<strong><em>NYC*</em><span class="logo_bug">BUG</span> dmesgd</strong>
</div><!-- header -->

<div id="menu">
<ul>
<li><a href="https://dmesgd.nycbug.org/index.cgi?do=index">Home</a></li>
<li><a href="https://dmesgd.nycbug.org/index.cgi?do=submit">Submit</a></li>
<li><a href="https://www.nycbug.org/">NYC*BUG</a></li>
</ul>
</div><!-- menu -->

<div id="content">

<p>
Launched in 2004, dmesgd aims to provide a
<strong>user-submitted</strong> repository of searchable *BSD dmesgs.
The dmesg(8) command displays the system message buffer's content, and
during boot a copy is saved to <em>/var/run/dmesg.boot</em>.  This buffer
contains the operating system release, name and version, a list of
devices identified, plus a whole host of other useful information.  We
hope others find this resource useful and further contribute to its
growth. Contact us at [ admin at lists dot nycbug dot org ].
</p>

<hr />


<strong>Date:</strong> <em>2016-09-27 13:42:19</em><br />
<strong>From:</strong> <em>Mischa</em><br />
<strong>Description:</strong> <em>OpenBSD 6.0 on CuBox-i4Pro</em><br />

<pre>
OpenBSD 6.0 (GENERIC) #286: Thu Jul 28 12:33:51 AEST 2016
    xxx@xxx.xxx:/usr/src/sys/arch/armv7/compile/GENERIC
real mem  = 2147483648 (2048MB)
avail mem = 2097770496 (2000MB)
mainbus0 at root: SolidRun Cubox-i Dual/Quad
cpu0 at mainbus0: ARM Cortex A9 R2 rev 10 (ARMv7 core)
cpu0: DC enabled IC enabled WB disabled EABT branch prediction enabled
cpu0: 32KB(32b/l,4way) I-cache, 32KB(32b/l,4way) wr-back D-cache
cortex0 at mainbus0
ampintc0 at cortex0 nirq 160
amptimer0 at cortex0: tick rate 396000 KHz
armliicc0 at cortex0: rtl 7 waymask: 0x0000000f
imx0 at mainbus0
imxccm0 at imx0: imx6 rev 1.5 CPU freq: 792 MHz
imxiomuxc0 at imx0
imxocotp0 at imx0
simplebus0 at mainbus0: &quot;soc&quot;
simplebus1 at simplebus0: &quot;aips-bus&quot;
simplebus2 at simplebus1: &quot;spba-bus&quot;
imxuart0 at simplebus2: console
imxgpio0 at simplebus1
imxgpio1 at simplebus1
imxgpio2 at simplebus1
imxgpio3 at simplebus1
imxgpio4 at simplebus1
imxgpio5 at simplebus1
imxgpio6 at simplebus1
imxdog0 at simplebus1
simplebus3 at simplebus1: &quot;anatop&quot;
simplebus4 at simplebus0: &quot;aips-bus&quot;
imxehci0 at simplebus4
usb0 at imxehci0: USB revision 2.0
uhub0 at usb0 &quot;i.MX6 EHCI root hub&quot; rev 2.00/1.00 addr 1
imxehci1 at simplebus4
usb1 at imxehci1: USB revision 2.0
uhub1 at usb1 &quot;i.MX6 EHCI root hub&quot; rev 2.00/1.00 addr 1
fec0 at simplebus4
fec0: address xx:xx:xx:xx:xx:xx
atphy0 at fec0 phy 0: AR8035 10/100/1000 PHY, rev. 2
imxesdhc0 at simplebus4
imxesdhc0: 198 MHz base clock
sdmmc0 at imxesdhc0: 4-bit, mmc high-speed, dma
imxesdhc1 at simplebus4
imxesdhc1: 198 MHz base clock
sdmmc1 at imxesdhc1: 4-bit, mmc high-speed, dma
imxiic0 at simplebus4
iic0 at imxiic0
imxiic1 at simplebus4
iic1 at imxiic1
pcfrtc0 at iic1 addr 0x68: battery ok
imxuart1 at simplebus4
imxahci0 at simplebus0: AHCI 1.3
scsibus0 at imxahci0: 32 targets
simplebus5 at mainbus0: &quot;regulators&quot;
sdmmc0: can't enable card
scsibus1 at sdmmc1: 2 targets, initiator 0
sd0 at scsibus1 targ 1 lun 0: &lt;SD/MMC, SL08G, 0080&gt; SCSI2 0/direct fixed
sd0: 7580MB, 512 bytes/sector, 15523840 sectors
athn0 at uhub1 port 1 configuration 1 interface 0 &quot;ATHEROS USB2.0 WLAN&quot; rev 2.00
/1.08 addr 2
vscsi0 at root
scsibus2 at vscsi0: 256 targets
softraid0 at root
scsibus3 at softraid0: 256 targets
boot device: sd0
root on sd0a (b68d7b40f285ec4d.a) swap on sd0b dump on sd0b
athn0: AR9271 rev 1 (1T1R), ROM rev 13, address xx:xx:xx:xx:xx:xx
</pre>



</div><!-- content -->
<br />
<div id="footer">
All comments/news/posts are the property of their individual owner and
is presented without warranty of suitability, and solely as an
informational resource. <br />
This site Copyright &copy; 2004-2020 NYC*BUG.
</div><!-- footer -->

</body>
</html>

