



<!doctype html>
<html lang="en">
<head>
<meta name="keywords"
	content="bsd, freebsd, openbsd, netbsd, dragonflybsd, nycbug, dmesgd" />
<meta name="description" content="New York City BSD User Group dmesgd" />
<meta charset="utf-8" />
<meta name="viewport" content="width=device-width, initial-scale=1" />
<title>NYC*BUG dmesgd</title>
<style>
body {
	text-align: left;
	margin: 15px auto;
	padding: 0px 10px;
}
@media (min-width: 800px) {
	body {
		max-width: 85%;
	}
}
#header {
	border-bottom: 1px solid #dbdbdb;
	font-size: 230%;
	text-align: left;
}
#footer {
	border-top: 1px solid #dbdbdb;
	clear: both;
	text-align: left;
}
.logo_bug {
	color: #cc0033;
}
#menu ul {
	list-style-type: none;
	margin: 0;
	padding: 0;
}
#menu li {
	float: left;
}
#menu li a {
	display: block;
	background-color: #dbdbdb;
	color: #000000;
	font-size: 105%;
	font-weight: bold;
	padding: 0px 6px 0px 6px;
	text-decoration: none;
}
#content {
	clear: both;
	text-align: left;
	padding-top: 10px;
}
#content h1 {
	font-size: 120%;
	font-weight: bold;
}
#content h2 {
	font-size: 110%;
	font-weight: bold;
}
#content a {
	text-decoration: none;
}
#content pre {
	background-color: #dbdbdb;
	padding: 5px 5px 5px 5px;
	white-space: pre-wrap;		/* css-3 */
	white-space: -moz-pre-wrap;	/* Mozilla, since 1999 */
	white-space: -pre-wrap;		/* Opera 4-6 */
	white-space: -o-pre-wrap;	/* Opera 7 */
	word-wrap: break-word;		/* Internet Explorer 5.5+ */
}
#content table {
	border-collapse: collapse;
}
#content table th {
	border: 1px solid #dbdbdb;
	font-size: 85%;
	white-space: nowrap;
}
#content table td {
	border: 1px solid #dbdbdb;
	font-size: 80%;
}
#content input {
	font-size: 1em;
}
#content .full	{ width: 100%; }
#content .left	{ text-align: left; }
#content .right	{ text-align: right; }
#content .center { text-align: center; }
#content .flexbox {
	display: -ms-flex;
	display: -webkit-flex;
	display: flex;
	width: 100%;
}
#content .left_col {
	min-width: 75px;
	max-width: 50%;
	flex-grow: 0;
}
#content .right_col {
	flex-grow: 1;
	margin-left: 10px;
	padding-top: 10px;
	padding-left: 10px;
}
#col {
	-moz-column-count: 3;
	-webkit-column-count: 3;
	column-count: 3;
}
</style>
</head>
<body>

<div id="header">
<strong><em>NYC*</em><span class="logo_bug">BUG</span> dmesgd</strong>
</div><!-- header -->

<div id="menu">
<ul>
<li><a href="https://dmesgd.nycbug.org/index.cgi?do=index">Home</a></li>
<li><a href="https://dmesgd.nycbug.org/index.cgi?do=submit">Submit</a></li>
<li><a href="https://www.nycbug.org/">NYC*BUG</a></li>
</ul>
</div><!-- menu -->

<div id="content">

<p>
Launched in 2004, dmesgd aims to provide a
<strong>user-submitted</strong> repository of searchable *BSD dmesgs.
The dmesg(8) command displays the system message buffer's content, and
during boot a copy is saved to <em>/var/run/dmesg.boot</em>.  This buffer
contains the operating system release, name and version, a list of
devices identified, plus a whole host of other useful information.  We
hope others find this resource useful and further contribute to its
growth. Contact us at [ admin at lists dot nycbug dot org ].
</p>

<hr />


<strong>Date:</strong> <em>2016-09-30 12:50:09</em><br />
<strong>From:</strong> <em>mfm</em><br />
<strong>Description:</strong> <em>OpenBSD 6.0_STABLE - Dell Optiplex 740</em><br />

<pre>
OpenBSD 6.0 (GENERIC.MP) #1: Thu Sep 29 01:35:20 CEST 2016
    xxx@xxx.xxx:/usr/src/sys/arch/amd64/compile/GENERIC.MP
real mem = 1995243520 (1902MB)
avail mem = 1930358784 (1840MB)
mpath0 at root
scsibus0 at mpath0: 256 targets
mainbus0 at root
bios0 at mainbus0: SMBIOS rev. 2.4 @ 0xf0000 (69 entries)
bios0: vendor Dell Inc version &quot;1.2.2&quot; date 10/11/2007
bios0: Dell Inc OptiPlex 740
acpi0 at bios0: rev 0
acpi0: sleep states S0 S1 S3 S4 S5
acpi0: tables DSDT FACP BOOT SSDT ASF! HPET MCFG SLIC APIC
acpi0: wakeup devices HUB0(S5) XVRA(S5) XVRB(S5) XVRC(S5) USB0(S3) USB2(S3) AZAD(S5) MMAC(S5) MMCI(S5) UAR1(S5) PS2M(S4) PS2K(S4)
acpitimer0 at acpi0: 3579545 Hz, 24 bits
acpihpet0 at acpi0: 25000000 Hz
acpimcfg0 at acpi0 addr 0xf0000000, bus 0-63
acpimadt0 at acpi0 addr 0xfee00000: PC-AT compat
cpu0 at mainbus0: apid 0 (boot processor)
cpu0: AMD Athlon(tm) 64 X2 Dual Core Processor 4200+, 8157.41 MHz
cpu0: FPU,VME,DE,PSE,TSC,MSR,PAE,MCE,CX8,APIC,SEP,MTRR,PGE,MCA,CMOV,PAT,PSE36,CFLUSH,MMX,FXSR,SSE,SSE2,HTT,SSE3,CX16,NXE,MMXX,FFXSR,LONG,3DNOW2,3DNOW,LAHF,CMPLEG,SVM,EAPICSP,AMCR8
cpu0: 64KB 64b/line 2-way I-cache, 64KB 64b/line 2-way D-cache, 512KB 64b/line 16-way L2 cache
cpu0: ITLB 32 4KB entries fully associative, 8 4MB entries fully associative
cpu0: DTLB 32 4KB entries fully associative, 8 4MB entries fully associative
mtrr: Pentium Pro MTRR support, 8 var ranges, 88 fixed ranges
cpu0: apic clock running at 200MHz
cpu1 at mainbus0: apid 1 (application processor)
cpu1: AMD Athlon(tm) 64 X2 Dual Core Processor 4200+, 2204.60 MHz
cpu1: FPU,VME,DE,PSE,TSC,MSR,PAE,MCE,CX8,APIC,SEP,MTRR,PGE,MCA,CMOV,PAT,PSE36,CFLUSH,MMX,FXSR,SSE,SSE2,HTT,SSE3,CX16,NXE,MMXX,FFXSR,LONG,3DNOW2,3DNOW,LAHF,CMPLEG,SVM,EAPICSP,AMCR8
cpu1: 64KB 64b/line 2-way I-cache, 64KB 64b/line 2-way D-cache, 512KB 64b/line 16-way L2 cache
cpu1: ITLB 32 4KB entries fully associative, 8 4MB entries fully associative
cpu1: DTLB 32 4KB entries fully associative, 8 4MB entries fully associative
ioapic0 at mainbus0: apid 2 pa 0xfec00000, version 11, 24 pins
acpiprt0 at acpi0: bus 0 (PCI0)
acpiprt1 at acpi0: bus 4 (HUB0)
acpicpu0 at acpi0: C1(@1 halt!), PSS
acpicpu1 at acpi0: C1(@1 halt!), PSS
acpibtn0 at acpi0: PWRB
&quot;PNP0501&quot; at acpi0 not configured
&quot;PNP0400&quot; at acpi0 not configured
cpu0: PowerNow! K8 8157 MHz: speeds: 2200 2000 1800 1000 MHz
memory map conflict 0x100000/0x77dd0000
pci0 at mainbus0 bus 0
&quot;NVIDIA C51 Host&quot; rev 0xa2 at pci0 dev 0 function 0 not configured
&quot;NVIDIA C51 Memory&quot; rev 0xa2 at pci0 dev 0 function 1 not configured
&quot;NVIDIA C51 Memory&quot; rev 0xa2 at pci0 dev 0 function 2 not configured
&quot;NVIDIA C51 Memory&quot; rev 0xa2 at pci0 dev 0 function 3 not configured
&quot;NVIDIA C51 Memory&quot; rev 0xa2 at pci0 dev 0 function 4 not configured
&quot;NVIDIA C51 Memory&quot; rev 0xa2 at pci0 dev 0 function 5 not configured
&quot;NVIDIA C51 Memory&quot; rev 0xa2 at pci0 dev 0 function 6 not configured
&quot;NVIDIA C51 Memory&quot; rev 0xa2 at pci0 dev 0 function 7 not configured
ppb0 at pci0 dev 2 function 0 &quot;NVIDIA C51 PCIE&quot; rev 0xa1
pci1 at ppb0 bus 1
ppb1 at pci0 dev 3 function 0 &quot;NVIDIA C51 PCIE&quot; rev 0xa1
pci2 at ppb1 bus 2
bge0 at pci2 dev 0 function 0 &quot;Broadcom BCM5754&quot; rev 0x02, BCM5754/5787 A2 (0xb002): apic 2 int 14, address xx:xx:xx:xx:xx:xx
brgphy0 at bge0 phy 1: BCM5787 10/100/1000baseT PHY, rev. 0
ppb2 at pci0 dev 4 function 0 &quot;NVIDIA C51 PCIE&quot; rev 0xa1
pci3 at ppb2 bus 3
vga1 at pci0 dev 5 function 0 &quot;NVIDIA GeForce 6150 LE&quot; rev 0xa2
wsdisplay0 at vga1 mux 1: console (80x25, vt100 emulation)
wsdisplay0: screen 1-5 added (80x25, vt100 emulation)
&quot;NVIDIA MCP51 Host&quot; rev 0xa2 at pci0 dev 9 function 0 not configured
pcib0 at pci0 dev 10 function 0 &quot;NVIDIA MCP51 ISA&quot; rev 0xa3
nviic0 at pci0 dev 10 function 1 &quot;NVIDIA MCP51 SMBus&quot; rev 0xa3
iic0 at nviic0
spdmem0 at iic0 addr 0x50: 1GB DDR2 SDRAM non-parity PC2-5300CL5
spdmem1 at iic0 addr 0x53: 1GB DDR2 SDRAM non-parity PC2-5300CL5
iic1 at nviic0
&quot;NVIDIA MCP51 Memory&quot; rev 0xa3 at pci0 dev 10 function 2 not configured
ohci0 at pci0 dev 11 function 0 &quot;NVIDIA MCP51 USB&quot; rev 0xa3: apic 2 int 15, version 1.0, legacy support
ehci0 at pci0 dev 11 function 1 &quot;NVIDIA MCP51 USB&quot; rev 0xa3: apic 2 int 5
usb0 at ehci0: USB revision 2.0
uhub0 at usb0 &quot;NVIDIA EHCI root hub&quot; rev 2.00/1.00 addr 1
pciide0 at pci0 dev 14 function 0 &quot;NVIDIA MCP51 SATA&quot; rev 0xa1: DMA
pciide0: using apic 2 int 10 for native-PCI interrupt
wd0 at pciide0 channel 0 drive 0: &lt;ST3160815AS&gt;
wd0: 16-sector PIO, LBA48, 152627MB, 312581808 sectors
wd0(pciide0:0:0): using PIO mode 4, Ultra-DMA mode 6
atapiscsi0 at pciide0 channel 1 drive 0
scsibus1 at atapiscsi0: 2 targets
cd0 at scsibus1 targ 0 lun 0: &lt;TSSTcorp, DVD+-RW TS-H653B, D200&gt; ATAPI 5/cdrom removable
cd0(pciide0:1:0): using PIO mode 4, Ultra-DMA mode 5
pciide1 at pci0 dev 15 function 0 &quot;NVIDIA MCP51 SATA&quot; rev 0xa1: DMA
pciide1: using apic 2 int 11 for native-PCI interrupt
ppb3 at pci0 dev 16 function 0 &quot;NVIDIA MCP51&quot; rev 0xa2
pci4 at ppb3 bus 4
azalia0 at pci0 dev 16 function 1 &quot;NVIDIA MCP51 HD Audio&quot; rev 0xa2: apic 2 int 11
azalia0: codecs: Sigmatel STAC9200
audio0 at azalia0
pchb0 at pci0 dev 24 function 0 &quot;AMD AMD64 0Fh HyperTransport&quot; rev 0x00
pchb1 at pci0 dev 24 function 1 &quot;AMD AMD64 0Fh Address Map&quot; rev 0x00
pchb2 at pci0 dev 24 function 2 &quot;AMD AMD64 0Fh DRAM Cfg&quot; rev 0x00
kate0 at pci0 dev 24 function 3 &quot;AMD AMD64 0Fh Misc Cfg&quot; rev 0x00: core rev BH-F2
isa0 at pcib0
isadma0 at isa0
com0 at isa0 port 0x3f8/8 irq 4: ns16550a, 16 byte fifo
pckbc0 at isa0 port 0x60/5 irq 1 irq 12
pckbd0 at pckbc0 (kbd slot)
wskbd0 at pckbd0: console keyboard, using wsdisplay0
pcppi0 at isa0 port 0x61
spkr0 at pcppi0
lpt0 at isa0 port 0x378/4 irq 7
usb1 at ohci0: USB revision 1.0
uhub1 at usb1 &quot;NVIDIA OHCI root hub&quot; rev 1.00/1.00 addr 1
athn0 at uhub0 port 5 configuration 1 interface 0 &quot;ATHEROS USB2.0 WLAN&quot; rev 2.00/1.08 addr 2
uhidev0 at uhub1 port 4 configuration 1 interface 0 &quot;Logitech USB Receiver&quot; rev 2.00/23.01 addr 2
uhidev0: iclass 3/1
ukbd0 at uhidev0: 8 variable keys, 6 key codes
wskbd1 at ukbd0 mux 1
wskbd1: connecting to wsdisplay0
uhidev1 at uhub1 port 4 configuration 1 interface 1 &quot;Logitech USB Receiver&quot; rev 2.00/23.01 addr 2
uhidev1: iclass 3/1, 17 report ids
ums0 at uhidev1 reportid 2: 16 buttons, Z and W dir
wsmouse0 at ums0 mux 0
uhid0 at uhidev1 reportid 3: input=4, output=0, feature=0
uhid1 at uhidev1 reportid 4: input=1, output=0, feature=0
uhid2 at uhidev1 reportid 16: input=6, output=6, feature=0
uhid3 at uhidev1 reportid 17: input=19, output=19, feature=0
vscsi0 at root
scsibus2 at vscsi0: 256 targets
softraid0 at root
scsibus3 at softraid0: 256 targets
root on wd0a (7bad1871effe5b8b.a) swap on wd0b dump on wd0b
athn0: AR9271 rev 1 (1T1R), ROM rev 13, address xx:xx:xx:xx:xx:xx
</pre>



</div><!-- content -->
<br />
<div id="footer">
All comments/news/posts are the property of their individual owner and
is presented without warranty of suitability, and solely as an
informational resource. <br />
This site Copyright &copy; 2004-2020 NYC*BUG.
</div><!-- footer -->

</body>
</html>

