



<!doctype html>
<html lang="en">
<head>
<meta name="keywords"
	content="bsd, freebsd, openbsd, netbsd, dragonflybsd, nycbug, dmesgd" />
<meta name="description" content="New York City BSD User Group dmesgd" />
<meta charset="utf-8" />
<meta name="viewport" content="width=device-width, initial-scale=1" />
<title>NYC*BUG dmesgd</title>
<style>
body {
	text-align: left;
	margin: 15px auto;
	padding: 0px 10px;
}
@media (min-width: 800px) {
	body {
		max-width: 85%;
	}
}
#header {
	border-bottom: 1px solid #dbdbdb;
	font-size: 230%;
	text-align: left;
}
#footer {
	border-top: 1px solid #dbdbdb;
	clear: both;
	text-align: left;
}
.logo_bug {
	color: #cc0033;
}
#menu ul {
	list-style-type: none;
	margin: 0;
	padding: 0;
}
#menu li {
	float: left;
}
#menu li a {
	display: block;
	background-color: #dbdbdb;
	color: #000000;
	font-size: 105%;
	font-weight: bold;
	padding: 0px 6px 0px 6px;
	text-decoration: none;
}
#content {
	clear: both;
	text-align: left;
	padding-top: 10px;
}
#content h1 {
	font-size: 120%;
	font-weight: bold;
}
#content h2 {
	font-size: 110%;
	font-weight: bold;
}
#content a {
	text-decoration: none;
}
#content pre {
	background-color: #dbdbdb;
	padding: 5px 5px 5px 5px;
	white-space: pre-wrap;		/* css-3 */
	white-space: -moz-pre-wrap;	/* Mozilla, since 1999 */
	white-space: -pre-wrap;		/* Opera 4-6 */
	white-space: -o-pre-wrap;	/* Opera 7 */
	word-wrap: break-word;		/* Internet Explorer 5.5+ */
}
#content table {
	border-collapse: collapse;
}
#content table th {
	border: 1px solid #dbdbdb;
	font-size: 85%;
	white-space: nowrap;
}
#content table td {
	border: 1px solid #dbdbdb;
	font-size: 80%;
}
#content input {
	font-size: 1em;
}
#content .full	{ width: 100%; }
#content .left	{ text-align: left; }
#content .right	{ text-align: right; }
#content .center { text-align: center; }
#content .flexbox {
	display: -ms-flex;
	display: -webkit-flex;
	display: flex;
	width: 100%;
}
#content .left_col {
	min-width: 75px;
	max-width: 50%;
	flex-grow: 0;
}
#content .right_col {
	flex-grow: 1;
	margin-left: 10px;
	padding-top: 10px;
	padding-left: 10px;
}
#col {
	-moz-column-count: 3;
	-webkit-column-count: 3;
	column-count: 3;
}
</style>
</head>
<body>

<div id="header">
<strong><em>NYC*</em><span class="logo_bug">BUG</span> dmesgd</strong>
</div><!-- header -->

<div id="menu">
<ul>
<li><a href="https://dmesgd.nycbug.org/index.cgi?do=index">Home</a></li>
<li><a href="https://dmesgd.nycbug.org/index.cgi?do=submit">Submit</a></li>
<li><a href="https://www.nycbug.org/">NYC*BUG</a></li>
</ul>
</div><!-- menu -->

<div id="content">

<p>
Launched in 2004, dmesgd aims to provide a
<strong>user-submitted</strong> repository of searchable *BSD dmesgs.
The dmesg(8) command displays the system message buffer's content, and
during boot a copy is saved to <em>/var/run/dmesg.boot</em>.  This buffer
contains the operating system release, name and version, a list of
devices identified, plus a whole host of other useful information.  We
hope others find this resource useful and further contribute to its
growth. Contact us at [ admin at lists dot nycbug dot org ].
</p>

<hr />


<strong>Date:</strong> <em>2016-10-17 14:47:13</em><br />
<strong>From:</strong> <em>Steve</em><br />
<strong>Description:</strong> <em>Cisco Media Convergence Server (MCS7822)</em><br />

<pre>
OpenBSD 6.0 (GENERIC) #1917: Tue Jul 26 12:48:33 MDT 2016
    xxx@xxx.xxx:/usr/src/sys/arch/i386/compile/GENERIC
cpu0: Intel Pentium III (&quot;GenuineIntel&quot; 686-class, 512KB L2 cache) 548 MHz
cpu0: FPU,V86,DE,PSE,TSC,MSR,PAE,MCE,CX8,SEP,MTRR,PGE,MCA,CMOV,PSE36,MMX,FXSR,SSE,PERF
real mem  = 536363008 (511MB)
avail mem = 513433600 (489MB)
mpath0 at root
scsibus0 at mpath0: 256 targets
mainbus0 at root
bios0 at mainbus0: date 12/02/99, BIOS32 rev. 0 @ 0xec700, SMBIOS rev. 2.1 @ 0xfa22a (46 entries)
bios0: vendor Compaq version &quot;D01&quot; date 12/02/99
bios0: Compaq Prosignia 720
acpi0 at bios0: rev 0
acpi0: sleep states S0 S4 S5, can't enable ACPI
bios0: ROM list: 0xc0000/0x8000 0xe0000/0x8000!
cpu0 at mainbus0: (uniprocessor)
mtrr: Pentium Pro MTRR support, 8 var ranges, 88 fixed ranges
pci0 at mainbus0 bus 0: configuration mode 1 (bios)
pchb0 at pci0 dev 0 function 0 &quot;Intel 82443BX AGP&quot; rev 0x03
intelagp0 at pchb0
agp0 at intelagp0: aperture at 0x44000000, size 0x4000000
ppb0 at pci0 dev 1 function 0 &quot;Intel 82443BX AGP&quot; rev 0x03
pci1 at ppb0 bus 1
ppb1 at pci0 dev 13 function 0 &quot;DEC 21152&quot; rev 0x03
pci2 at ppb1 bus 2
siop0 at pci2 dev 4 function 0 &quot;Symbios Logic 53c895&quot; rev 0x02: couldn't map interrupt
fxp0 at pci2 dev 5 function 0 &quot;Intel 8255x&quot; rev 0x05, i82558: irq 10, address xx:xx:xx:xx:xx:xx
inphy0 at fxp0 phy 1: i82555 10/100 PHY, rev. 0
vga1 at pci2 dev 6 function 0 &quot;ATI Mach64&quot; rev 0x7a
wsdisplay0 at vga1 mux 1: console (80x25, vt100 emulation)
wsdisplay0: screen 1-5 added (80x25, vt100 emulation)
&quot;Compaq Netelligent ASMC&quot; rev 0x00 at pci2 dev 7 function 0 not configured
ne3 at pci0 dev 16 function 0 &quot;Realtek 8029&quot; rev 0x00: irq 9, address xx:xx:xx:xx:xx:xx
piixpcib0 at pci0 dev 20 function 0 &quot;Intel 82371AB PIIX4 ISA&quot; rev 0x02
pciide0 at pci0 dev 20 function 1 &quot;Intel 82371AB IDE&quot; rev 0x01: DMA, channel 0 wired to compatibility, channel 1 wired to compatibility
wd0 at pciide0 channel 0 drive 0: &lt;FUJITSU MPD3108AT&gt;
wd0: 16-sector PIO, LBA, 10300MB, 21095424 sectors
wd0(pciide0:0:0): using PIO mode 4, Ultra-DMA mode 2
atapiscsi0 at pciide0 channel 1 drive 0
scsibus1 at atapiscsi0: 2 targets
cd0 at scsibus1 targ 0 lun 0: &lt;COMPAQ, XM-6402B, 1723&gt; ATAPI 5/cdrom removable
cd0(pciide0:1:0): using PIO mode 4, Ultra-DMA mode 2
uhci0 at pci0 dev 20 function 2 &quot;Intel 82371AB USB&quot; rev 0x01: irq 9
piixpm0 at pci0 dev 20 function 3 &quot;Intel 82371AB Power&quot; rev 0x02: SMI
iic0 at piixpm0
spdmem0 at iic0 addr 0x50: 256MB SDRAM ECC PC100CL3
spdmem1 at iic0 addr 0x51: 128MB SDRAM ECC PC100CL2
spdmem2 at iic0 addr 0x52: 128MB SDRAM ECC PC100CL2
isa0 at piixpcib0
isadma0 at isa0
fdc0 at isa0 port 0x3f0/6 irq 6 drq 2
fd0 at fdc0 drive 0: 1.44MB 80 cyl, 2 head, 18 sec
com0 at isa0 port 0x3f8/8 irq 4: ns16550a, 16 byte fifo
com1 at isa0 port 0x2f8/8 irq 3: ns16550a, 16 byte fifo
pckbc0 at isa0 port 0x60/5 irq 1 irq 12
pckbd0 at pckbc0 (kbd slot)
wskbd0 at pckbd0: console keyboard, using wsdisplay0
pms0 at pckbc0 (aux slot)
wsmouse0 at pms0 mux 0
pcppi0 at isa0 port 0x61
spkr0 at pcppi0
lpt0 at isa0 port 0x378/4 irq 7
npx0 at isa0 port 0xf0/16: reported by CPUID; using exception 16
usb0 at uhci0: USB revision 1.0
uhub0 at usb0 &quot;Intel UHCI root hub&quot; rev 1.00/1.00 addr 1
vscsi0 at root
scsibus2 at vscsi0: 256 targets
softraid0 at root
scsibus3 at softraid0: 256 targets
wd0(pciide0:0:0): timeout
        type: ata
        c_bcount: 512
        c_skip: 0
pciide0:0:0: bus-master DMA error: missing interrupt, status=0x21
wd0c: device timeout reading fsbn 0 (wd0 bn 0; cn 0 tn 0 sn 0), retrying
wd0(pciide0:0:0): timeout
        type: ata
        c_bcount: 512
        c_skip: 0
pciide0:0:0: bus-master DMA error: missing interrupt, status=0x21
wd0: transfer error, downgrading to Ultra-DMA mode 1
wd0(pciide0:0:0): using PIO mode 4, Ultra-DMA mode 1
wd0c: device timeout reading fsbn 0 (wd0 bn 0; cn 0 tn 0 sn 0), retrying
wd0(pciide0:0:0): timeout
        type: ata
        c_bcount: 512
        c_skip: 0
pciide0:0:0: bus-master DMA error: missing interrupt, status=0x21
wd0: transfer error, downgrading to Ultra-DMA mode 0
wd0(pciide0:0:0): using PIO mode 4, Ultra-DMA mode 0
wd0c: device timeout reading fsbn 0 (wd0 bn 0; cn 0 tn 0 sn 0), retrying
wd0(pciide0:0:0): timeout
        type: ata
        c_bcount: 512
        c_skip: 0
pciide0:0:0: bus-master DMA error: missing interrupt, status=0x21
wd0: transfer error, downgrading to DMA mode 2
wd0(pciide0:0:0): using PIO mode 4, DMA mode 2
wd0c: device timeout reading fsbn 0 (wd0 bn 0; cn 0 tn 0 sn 0), retrying
wd0: soft error (corrected)
wd0(pciide0:0:0): timeout
        type: ata
        c_bcount: 512
        c_skip: 0
pciide0:0:0: bus-master DMA error: missing interrupt, status=0x21
wd0: transfer error, downgrading to PIO mode 4
wd0(pciide0:0:0): using PIO mode 4
wd0c: device timeout reading fsbn 65 (wd0 bn 65; cn 0 tn 1 sn 2), retrying
wd0: soft error (corrected)
root on wd0a (6b879165e8995720.a) swap on wd0b dump on wd0b
</pre>



</div><!-- content -->
<br />
<div id="footer">
All comments/news/posts are the property of their individual owner and
is presented without warranty of suitability, and solely as an
informational resource. <br />
This site Copyright &copy; 2004-2020 NYC*BUG.
</div><!-- footer -->

</body>
</html>

