



<!doctype html>
<html lang="en">
<head>
<meta name="keywords"
	content="bsd, freebsd, openbsd, netbsd, dragonflybsd, nycbug, dmesgd" />
<meta name="description" content="New York City BSD User Group dmesgd" />
<meta charset="utf-8" />
<meta name="viewport" content="width=device-width, initial-scale=1" />
<title>NYC*BUG dmesgd</title>
<style>
body {
	text-align: left;
	margin: 15px auto;
	padding: 0px 10px;
}
@media (min-width: 800px) {
	body {
		max-width: 85%;
	}
}
#header {
	border-bottom: 1px solid #dbdbdb;
	font-size: 230%;
	text-align: left;
}
#footer {
	border-top: 1px solid #dbdbdb;
	clear: both;
	text-align: left;
}
.logo_bug {
	color: #cc0033;
}
#menu ul {
	list-style-type: none;
	margin: 0;
	padding: 0;
}
#menu li {
	float: left;
}
#menu li a {
	display: block;
	background-color: #dbdbdb;
	color: #000000;
	font-size: 105%;
	font-weight: bold;
	padding: 0px 6px 0px 6px;
	text-decoration: none;
}
#content {
	clear: both;
	text-align: left;
	padding-top: 10px;
}
#content h1 {
	font-size: 120%;
	font-weight: bold;
}
#content h2 {
	font-size: 110%;
	font-weight: bold;
}
#content a {
	text-decoration: none;
}
#content pre {
	background-color: #dbdbdb;
	padding: 5px 5px 5px 5px;
	white-space: pre-wrap;		/* css-3 */
	white-space: -moz-pre-wrap;	/* Mozilla, since 1999 */
	white-space: -pre-wrap;		/* Opera 4-6 */
	white-space: -o-pre-wrap;	/* Opera 7 */
	word-wrap: break-word;		/* Internet Explorer 5.5+ */
}
#content table {
	border-collapse: collapse;
}
#content table th {
	border: 1px solid #dbdbdb;
	font-size: 85%;
	white-space: nowrap;
}
#content table td {
	border: 1px solid #dbdbdb;
	font-size: 80%;
}
#content input {
	font-size: 1em;
}
#content .full	{ width: 100%; }
#content .left	{ text-align: left; }
#content .right	{ text-align: right; }
#content .center { text-align: center; }
#content .flexbox {
	display: -ms-flex;
	display: -webkit-flex;
	display: flex;
	width: 100%;
}
#content .left_col {
	min-width: 75px;
	max-width: 50%;
	flex-grow: 0;
}
#content .right_col {
	flex-grow: 1;
	margin-left: 10px;
	padding-top: 10px;
	padding-left: 10px;
}
#col {
	-moz-column-count: 3;
	-webkit-column-count: 3;
	column-count: 3;
}
</style>
</head>
<body>

<div id="header">
<strong><em>NYC*</em><span class="logo_bug">BUG</span> dmesgd</strong>
</div><!-- header -->

<div id="menu">
<ul>
<li><a href="https://dmesgd.nycbug.org/index.cgi?do=index">Home</a></li>
<li><a href="https://dmesgd.nycbug.org/index.cgi?do=submit">Submit</a></li>
<li><a href="https://www.nycbug.org/">NYC*BUG</a></li>
</ul>
</div><!-- menu -->

<div id="content">

<p>
Launched in 2004, dmesgd aims to provide a
<strong>user-submitted</strong> repository of searchable *BSD dmesgs.
The dmesg(8) command displays the system message buffer's content, and
during boot a copy is saved to <em>/var/run/dmesg.boot</em>.  This buffer
contains the operating system release, name and version, a list of
devices identified, plus a whole host of other useful information.  We
hope others find this resource useful and further contribute to its
growth. Contact us at [ admin at lists dot nycbug dot org ].
</p>

<hr />


<strong>Date:</strong> <em>2016-11-10 13:09:31</em><br />
<strong>From:</strong> <em>janus</em><br />
<strong>Description:</strong> <em>Sun Microsystems W1100z</em><br />

<pre>
OpenBSD 6.0 (GENERIC.MP) #2319: Tue Jul 26 13:00:43 MDT 2016
    xxx@xxx.xxx:/usr/src/sys/arch/amd64/compile/GENERIC.MP
real mem = 2130051072 (2031MB)
avail mem = 2061082624 (1965MB)
mpath0 at root
scsibus0 at mpath0: 256 targets
mainbus0 at root
bios0 at mainbus0: SMBIOS rev. 2.33 @ 0xefeb0 (37 entries)
bios0: vendor Sun Microsystems version &quot;R01-B5 S0&quot; date 03/17/2006
bios0: Sun Microsystems W1100z/2100z
acpi0 at bios0: rev 2
acpi0: sleep states S0 S1 S3 S4 S5
acpi0: tables DSDT FACP SRAT APIC SSDT
acpi0: wakeup devices USB0(S1) USB1(S1) Z009(S1) Z00A(S1) Z00B(S1) G0PA(S4) G0PB(S4) G1PA(S4) G1PB(S4)
acpitimer0 at acpi0: 3579545 Hz, 24 bits
acpimadt0 at acpi0 addr 0xfee00000: PC-AT compat
cpu0 at mainbus0: apid 0 (boot processor)
cpu0: AMD Opteron(tm) Processor 144, 1795.16 MHz
cpu0: FPU,VME,DE,PSE,TSC,MSR,PAE,MCE,CX8,APIC,SEP,MTRR,PGE,MCA,CMOV,PAT,PSE36,CFLUSH,MMX,FXSR,SSE,SSE2,NXE,MMXX,LONG,3DNOW2,3DNOW
cpu0: 64KB 64b/line 2-way I-cache, 64KB 64b/line 2-way D-cache, 1MB 64b/line 16-way L2 cache
cpu0: ITLB 32 4KB entries fully associative, 8 4MB entries fully associative
cpu0: DTLB 32 4KB entries fully associative, 8 4MB entries fully associative
cpu0: AMD errata 89, 97, 101 present, BIOS upgrade may be required
mtrr: Pentium Pro MTRR support, 8 var ranges, 88 fixed ranges
cpu0: apic clock running at 199MHz
ioapic0 at mainbus0: apid 1 pa 0xfec00000, version 11, 24 pins
ioapic1 at mainbus0: apid 2 pa 0xe8000000, version 11, 4 pins
ioapic2 at mainbus0: apid 3 pa 0xe8010000, version 11, 4 pins
ioapic3 at mainbus0: apid 4 pa 0xe8500000, version 11, 4 pins
ioapic4 at mainbus0: apid 5 pa 0xe8510000, version 11, 4 pins
acpiprt0 at acpi0: bus 0 (PCI0)
acpiprt1 at acpi0: bus 1 (TP2P)
acpiprt2 at acpi0: bus 2 (G0PA)
acpiprt3 at acpi0: bus 3 (G0PB)
acpiprt4 at acpi0: bus 9 (Z00D)
acpiprt5 at acpi0: bus 14 (G1PA)
acpiprt6 at acpi0: bus 19 (G1PB)
acpicpu0 at acpi0: C1(@1 halt!), PSS
acpitz0 at acpi0: critical temperature is 65 degC
acpibtn0 at acpi0: PWRB
&quot;PNP0A05&quot; at acpi0 not configured
&quot;PNP0501&quot; at acpi0 not configured
&quot;PNP0501&quot; at acpi0 not configured
cpu0: Cool'n'Quiet K8 1795 MHz: speeds: 1800 1000 MHz
pci0 at mainbus0 bus 0
ppb0 at pci0 dev 6 function 0 &quot;AMD 8111&quot; rev 0x07
pci1 at ppb0 bus 1
pciide0 at pci1 dev 2 function 0 &quot;CMD Technology SiI3512 SATA&quot; rev 0x01: DMA
pciide0: using apic 1 int 17 for native-PCI interrupt
ohci0 at pci1 dev 3 function 0 &quot;NEC USB&quot; rev 0x43: apic 1 int 18, version 1.0, legacy support
ohci1 at pci1 dev 3 function 1 &quot;NEC USB&quot; rev 0x43: apic 1 int 19, version 1.0, legacy support
ehci0 at pci1 dev 3 function 2 &quot;NEC USB&quot; rev 0x04: apic 1 int 16
usb0 at ehci0: USB revision 2.0
uhub0 at usb0 &quot;NEC EHCI root hub&quot; rev 2.00/1.00 addr 1
usb1 at ohci0: USB revision 1.0
uhub1 at usb1 &quot;NEC OHCI root hub&quot; rev 1.00/1.00 addr 1
usb2 at ohci1: USB revision 1.0
uhub2 at usb2 &quot;NEC OHCI root hub&quot; rev 1.00/1.00 addr 1
amdpcib0 at pci0 dev 7 function 0 &quot;AMD 8111 LPC&quot; rev 0x05
pciide1 at pci0 dev 7 function 1 &quot;AMD 8111 IDE&quot; rev 0x03: DMA, channel 0 configured to compatibility, channel 1 configured to compatibility
wd0 at pciide1 channel 0 drive 0: &lt;HDS722580VLAT20&gt;
wd0: 16-sector PIO, LBA48, 78533MB, 160836480 sectors
wd1 at pciide1 channel 0 drive 1: &lt;WDC WD800BB-22JHC0&gt;
wd1: 16-sector PIO, LBA, 76319MB, 156301488 sectors
wd0(pciide1:0:0): using PIO mode 4, Ultra-DMA mode 5
wd1(pciide1:0:1): using PIO mode 4, Ultra-DMA mode 5
wd2 at pciide1 channel 1 drive 0: &lt;IC35L090AVV207-0&gt;
wd2: 16-sector PIO, LBA48, 76293MB, 156250000 sectors
wd2(pciide1:1:0): using PIO mode 4, Ultra-DMA mode 5
amdiic0 at pci0 dev 7 function 2 &quot;AMD 8111 SMBus&quot; rev 0x02: SCI
iic0 at amdiic0
adt0 at iic0 addr 0x2e: adt7467 rev 0x71
amdpm0 at pci0 dev 7 function 3 &quot;AMD 8111 Power&quot; rev 0x05
ppb1 at pci0 dev 10 function 0 &quot;AMD 8131 PCIX&quot; rev 0x12
pci2 at ppb1 bus 2
aapic0 at pci0 dev 10 function 1 &quot;AMD 8131 PCIX IOAPIC&quot; rev 0x01
ppb2 at pci0 dev 11 function 0 &quot;AMD 8131 PCIX&quot; rev 0x12
pci3 at ppb2 bus 3
bge0 at pci3 dev 2 function 0 &quot;Broadcom BCM5703X&quot; rev 0x02, BCM5702/5703 A2 (0x1002): apic 3 int 0, address xx:xx:xx:xx:xx:xx
brgphy0 at bge0 phy 1: BCM5703 10/100/1000baseT PHY, rev. 2
aapic1 at pci0 dev 11 function 1 &quot;AMD 8131 PCIX IOAPIC&quot; rev 0x01
pchb0 at pci0 dev 24 function 0 &quot;AMD AMD64 0Fh HyperTransport&quot; rev 0x00
pci4 at pchb0 bus 8
pchb1 at pci4 dev 0 function 0 &quot;AMD 8151 Sys Control&quot; rev 0x14
agp at pchb1 not configured
ppb3 at pci4 dev 1 function 0 &quot;AMD 8151 AGP&quot; rev 0x14
pci5 at ppb3 bus 9
vga1 at pci5 dev 0 function 0 &quot;NVIDIA Quadro FX 500/600&quot; rev 0xa1
wsdisplay0 at vga1 mux 1: console (80x25, vt100 emulation)
wsdisplay0: screen 1-5 added (80x25, vt100 emulation)
ppb4 at pci4 dev 3 function 0 &quot;AMD 8131 PCIX&quot; rev 0x12
pci6 at ppb4 bus 14
aapic2 at pci4 dev 3 function 1 &quot;AMD 8131 PCIX IOAPIC&quot; rev 0x01
ppb5 at pci4 dev 4 function 0 &quot;AMD 8131 PCIX&quot; rev 0x12
pci7 at ppb5 bus 19
aapic3 at pci4 dev 4 function 1 &quot;AMD 8131 PCIX IOAPIC&quot; rev 0x01
pchb2 at pci0 dev 24 function 1 &quot;AMD AMD64 0Fh Address Map&quot; rev 0x00
pchb3 at pci0 dev 24 function 2 &quot;AMD AMD64 0Fh DRAM Cfg&quot; rev 0x00
kate0 at pci0 dev 24 function 3 &quot;AMD AMD64 0Fh Misc Cfg&quot; rev 0x00
isa0 at amdpcib0
isadma0 at isa0
com0 at isa0 port 0x3f8/8 irq 4: ns16550a, 16 byte fifo
com1 at isa0 port 0x2f8/8 irq 3: ns16550a, 16 byte fifo
pckbc0 at isa0 port 0x60/5 irq 1 irq 12
pckbd0 at pckbc0 (kbd slot)
wskbd0 at pckbd0: console keyboard, using wsdisplay0
pcppi0 at isa0 port 0x61
spkr0 at pcppi0
uhidev0 at uhub1 port 1 configuration 1 interface 0 &quot;Fujitsu Component Type 6 Mouse&quot; rev 1.10/1.05 addr 2
uhidev0: iclass 3/1
ums0 at uhidev0: 3 buttons
wsmouse0 at ums0 mux 0
uhidev1 at uhub2 port 1 configuration 1 interface 0 &quot;Fujitsu Component Type 6 Keyboard&quot; rev 1.10/2.00 addr 2
uhidev1: iclass 3/1
ukbd0 at uhidev1: 8 variable keys, 6 key codes, country code 33
wskbd1 at ukbd0 mux 1
wskbd1: connecting to wsdisplay0
vscsi0 at root
scsibus1 at vscsi0: 256 targets
softraid0 at root
scsibus2 at softraid0: 256 targets
sd0 at scsibus2 targ 1 lun 0: &lt;OPENBSD, SR RAID 1, 006&gt; SCSI2 0/direct fixed
sd0: 12288MB, 512 bytes/sector, 25166144 sectors
sd1 at scsibus2 targ 2 lun 0: &lt;OPENBSD, SR RAID 5, 006&gt; SCSI2 0/direct fixed
sd1: 128009MB, 512 bytes/sector, 262163456 sectors
root on sd0a (fa2990a1df709542.a) swap on sd0b dump on sd0b


</pre>



</div><!-- content -->
<br />
<div id="footer">
All comments/news/posts are the property of their individual owner and
is presented without warranty of suitability, and solely as an
informational resource. <br />
This site Copyright &copy; 2004-2020 NYC*BUG.
</div><!-- footer -->

</body>
</html>

