



<!doctype html>
<html lang="en">
<head>
<meta name="keywords"
	content="bsd, freebsd, openbsd, netbsd, dragonflybsd, nycbug, dmesgd" />
<meta name="description" content="New York City BSD User Group dmesgd" />
<meta charset="utf-8" />
<meta name="viewport" content="width=device-width, initial-scale=1" />
<title>NYC*BUG dmesgd</title>
<style>
body {
	text-align: left;
	margin: 15px auto;
	padding: 0px 10px;
}
@media (min-width: 800px) {
	body {
		max-width: 85%;
	}
}
#header {
	border-bottom: 1px solid #dbdbdb;
	font-size: 230%;
	text-align: left;
}
#footer {
	border-top: 1px solid #dbdbdb;
	clear: both;
	text-align: left;
}
.logo_bug {
	color: #cc0033;
}
#menu ul {
	list-style-type: none;
	margin: 0;
	padding: 0;
}
#menu li {
	float: left;
}
#menu li a {
	display: block;
	background-color: #dbdbdb;
	color: #000000;
	font-size: 105%;
	font-weight: bold;
	padding: 0px 6px 0px 6px;
	text-decoration: none;
}
#content {
	clear: both;
	text-align: left;
	padding-top: 10px;
}
#content h1 {
	font-size: 120%;
	font-weight: bold;
}
#content h2 {
	font-size: 110%;
	font-weight: bold;
}
#content a {
	text-decoration: none;
}
#content pre {
	background-color: #dbdbdb;
	padding: 5px 5px 5px 5px;
	white-space: pre-wrap;		/* css-3 */
	white-space: -moz-pre-wrap;	/* Mozilla, since 1999 */
	white-space: -pre-wrap;		/* Opera 4-6 */
	white-space: -o-pre-wrap;	/* Opera 7 */
	word-wrap: break-word;		/* Internet Explorer 5.5+ */
}
#content table {
	border-collapse: collapse;
}
#content table th {
	border: 1px solid #dbdbdb;
	font-size: 85%;
	white-space: nowrap;
}
#content table td {
	border: 1px solid #dbdbdb;
	font-size: 80%;
}
#content input {
	font-size: 1em;
}
#content .full	{ width: 100%; }
#content .left	{ text-align: left; }
#content .right	{ text-align: right; }
#content .center { text-align: center; }
#content .flexbox {
	display: -ms-flex;
	display: -webkit-flex;
	display: flex;
	width: 100%;
}
#content .left_col {
	min-width: 75px;
	max-width: 50%;
	flex-grow: 0;
}
#content .right_col {
	flex-grow: 1;
	margin-left: 10px;
	padding-top: 10px;
	padding-left: 10px;
}
#col {
	-moz-column-count: 3;
	-webkit-column-count: 3;
	column-count: 3;
}
</style>
</head>
<body>

<div id="header">
<strong><em>NYC*</em><span class="logo_bug">BUG</span> dmesgd</strong>
</div><!-- header -->

<div id="menu">
<ul>
<li><a href="https://dmesgd.nycbug.org/index.cgi?do=index">Home</a></li>
<li><a href="https://dmesgd.nycbug.org/index.cgi?do=submit">Submit</a></li>
<li><a href="https://www.nycbug.org/">NYC*BUG</a></li>
</ul>
</div><!-- menu -->

<div id="content">

<p>
Launched in 2004, dmesgd aims to provide a
<strong>user-submitted</strong> repository of searchable *BSD dmesgs.
The dmesg(8) command displays the system message buffer's content, and
during boot a copy is saved to <em>/var/run/dmesg.boot</em>.  This buffer
contains the operating system release, name and version, a list of
devices identified, plus a whole host of other useful information.  We
hope others find this resource useful and further contribute to its
growth. Contact us at [ admin at lists dot nycbug dot org ].
</p>

<hr />


<strong>Date:</strong> <em>2016-11-10 13:16:14</em><br />
<strong>From:</strong> <em>janus</em><br />
<strong>Description:</strong> <em>Sun Microsystems Sun Fire v245</em><br />

<pre>
OpenBSD 6.0 (GENERIC.MP) #0: Tue Sep  6 17:42:53 CEST 2016
    xxx@xxx.xxx:/usr/src/sys/arch/sparc64/compile/GENERIC.MP
real mem = 4294967296 (4096MB)
avail mem = 4204666880 (4009MB)
mpath0 at root
scsibus0 at mpath0: 256 targets
mainbus0 at root: Sun Fire V245
cpu0 at mainbus0: SUNW,UltraSPARC-IIIi (rev 3.4) @ 1504 MHz
cpu0: physical 32K instruction (32 b/l), 64K data (32 b/l), 1024K external (64 b/l)
cpu1 at mainbus0: SUNW,UltraSPARC-IIIi (rev 3.4) @ 1504 MHz
cpu1: physical 32K instruction (32 b/l), 64K data (32 b/l), 1024K external (64 b/l)
&quot;memory-controller&quot; at mainbus0 not configured
&quot;memory-controller&quot; at mainbus0 not configured
pyro0 at mainbus0: &quot;Fire&quot;, rev 3, ign 780, bus A 2 to 13
pyro0: dvma map c0000000-ffffffff
pci0 at pyro0
ppb0 at pci0 dev 0 function 0 &quot;PLX PEX 8532&quot; rev 0xba
pci1 at ppb0 bus 3
ppb1 at pci1 dev 1 function 0 &quot;PLX PEX 8532&quot; rev 0xba
pci2 at ppb1 bus 4
ppb2 at pci2 dev 0 function 0 &quot;Acer Labs M5249&quot; rev 0x00
pci3 at ppb2 bus 5
ohci0 at pci3 dev 28 function 0 &quot;Acer Labs M5237 USB&quot; rev 0x03: ivec 0x780, version 1.0, legacy support
ohci1 at pci3 dev 28 function 1 &quot;Acer Labs M5237 USB&quot; rev 0x03: ivec 0x780, version 1.0, legacy support
ehci0 at pci3 dev 28 function 3 &quot;Acer Labs M5239 USB2&quot; rev 0x01: ivec 0x781
usb0 at ehci0: USB revision 2.0
uhub0 at usb0 &quot;Acer Labs EHCI root hub&quot; rev 2.00/1.00 addr 1
ebus0 at pci3 dev 30 function 0 &quot;Acer Labs M1575 ISA&quot; rev 0x00
rtc0 at ebus0 addr 70-73: m5823
pciide0 at pci3 dev 31 function 0 &quot;Acer Labs M5229 UDMA IDE&quot; rev 0xc8: DMA, channel 0 configured to native-PCI, channel 1 configured to native-PCI
pciide0: using ivec 0x784 for native-PCI interrupt
atapiscsi0 at pciide0 channel 0 drive 0
scsibus1 at atapiscsi0: 2 targets
cd0 at scsibus1 targ 0 lun 0: &lt;MATSHITA, DVD-RAM UJ-845S, D100&gt; ATAPI 5/cdrom removable
cd0(pciide0:0:0): using PIO mode 4, Ultra-DMA mode 2
pciide0: channel 1 disabled (no drives)
usb1 at ohci0: USB revision 1.0
uhub1 at usb1 &quot;Acer Labs OHCI root hub&quot; rev 1.00/1.00 addr 1
usb2 at ohci1: USB revision 1.0
uhub2 at usb2 &quot;Acer Labs OHCI root hub&quot; rev 1.00/1.00 addr 1
ppb3 at pci1 dev 2 function 0 &quot;PLX PEX 8532&quot; rev 0xba: msi
pci4 at ppb3 bus 6
ppb4 at pci1 dev 8 function 0 &quot;PLX PEX 8532&quot; rev 0xba: msi
pci5 at ppb4 bus 7
ppb5 at pci1 dev 9 function 0 &quot;PLX PEX 8532&quot; rev 0xba
pci6 at ppb5 bus 8
ppb6 at pci6 dev 0 function 0 &quot;ServerWorks PCIE-PCIX&quot; rev 0xb5
pci7 at ppb6 bus 9
bge0 at pci7 dev 4 function 0 &quot;Broadcom BCM5714&quot; rev 0xa3, BCM5715 A3 (0x9003): ivec 0x795, address xx:xx:xx:xx:xx:xx
brgphy0 at bge0 phy 1: BCM5714 10/100/1000baseT/SX PHY, rev. 0
bge1 at pci7 dev 4 function 1 &quot;Broadcom BCM5714&quot; rev 0xa3, BCM5715 A3 (0x9003): ivec 0x796, address xx:xx:xx:xx:xx:xx
brgphy1 at bge1 phy 1: BCM5714 10/100/1000baseT/SX PHY, rev. 0
ppb7 at pci7 dev 8 function 0 &quot;ServerWorks HT-1000 PCIX&quot; rev 0xb4
pci8 at ppb7 bus 10
ppb8 at pci1 dev 10 function 0 &quot;PLX PEX 8532&quot; rev 0xba
pci9 at ppb8 bus 11
ppb9 at pci9 dev 0 function 0 &quot;ServerWorks PCIE-PCIX&quot; rev 0xb5
pci10 at ppb9 bus 12
bge2 at pci10 dev 4 function 0 &quot;Broadcom BCM5714&quot; rev 0xa3, BCM5715 A3 (0x9003): ivec 0x796, address xx:xx:xx:xx:xx:xx
brgphy2 at bge2 phy 1: BCM5714 10/100/1000baseT/SX PHY, rev. 0
bge3 at pci10 dev 4 function 1 &quot;Broadcom BCM5714&quot; rev 0xa3, BCM5715 A3 (0x9003): ivec 0x797, address xx:xx:xx:xx:xx:xx
brgphy3 at bge3 phy 1: BCM5714 10/100/1000baseT/SX PHY, rev. 0
ppb10 at pci10 dev 8 function 0 &quot;ServerWorks HT-1000 PCIX&quot; rev 0xb4
pci11 at ppb10 bus 13
mpi0 at pci11 dev 1 function 0 &quot;Symbios Logic SAS1064&quot; rev 0x02: msi
mpi0: SAS1064, firmware xxx.xxx.xxx.xxx
scsibus2 at mpi0: 63 targets
sd0 at scsibus2 targ 0 lun 0: &lt;LSILOGIC, Logical Volume, 3000&gt; SCSI2 0/direct fixed naa.600508e000000000a55e8bbf59315a08
sd0: 279890MB, 512 bytes/sector, 573214720 sectors
pyro1 at mainbus0: &quot;Fire&quot;, rev 3, ign 7c0, bus B 2 to 4
pyro1: dvma map c0000000-ffffffff
pci12 at pyro1
ppb11 at pci12 dev 0 function 0 &quot;Intel 41210 PCIE-PCIX&quot; rev 0x09
pci13 at ppb11 bus 3
ppb12 at pci12 dev 0 function 2 &quot;Intel 41210 PCIE-PCIX&quot; rev 0x09
pci14 at ppb12 bus 4
radeondrm0 at pci14 dev 1 function 0 &quot;ATI Radeon VE&quot; rev 0x00
drm0 at radeondrm0
radeondrm0: ivec 0x7cb
ebus1 at mainbus0
&quot;flashprom&quot; at ebus1 addr 0-1fffff not configured
com0 at ebus1 addr 80-87 ivec 0x7c8: ns16550a, 16 byte fifo
com0: console
com1 at ebus1 addr 40-47 ivec 0x7c9: ns16550a, 16 byte fifo
&quot;rmc-comm&quot; at ebus1 addr 0-7 ivec 0x7ca not configured
&quot;gpio&quot; at ebus1 addr c0-c0 not configured
led0 at ebus1 addr 0-80: rev 0x5a
power0 at ebus1 addr 40-c1 ivec 0x7c3
&quot;i2c&quot; at mainbus0 not configured
uhidev0 at uhub1 port 1 configuration 1 interface 0 &quot;Avocent Dell 03R874&quot; rev 1.10/1.00 addr 2
uhidev0: iclass 3/1
ukbd0 at uhidev0: 8 variable keys, 6 key codes, country code 33
wskbd0 at ukbd0 mux 1
uhidev1 at uhub1 port 1 configuration 1 interface 1 &quot;Avocent Dell 03R874&quot; rev 1.10/1.00 addr 2
uhidev1: iclass 3/1, 3 report ids
ums0 at uhidev1 reportid 1: 5 buttons, Z dir
wsmouse0 at ums0 mux 0
uhid0 at uhidev1 reportid 2: input=2, output=0, feature=0
uhid1 at uhidev1 reportid 3: input=1, output=0, feature=0
uhub3 at uhub2 port 1 &quot;Atmel UHB124 hub&quot; rev 1.10/3.00 addr 2
vscsi0 at root
scsibus3 at vscsi0: 256 targets
softraid0 at root
scsibus4 at softraid0: 256 targets
bootpath: /pci@1e,600000/pci@0,0/pci@a,0/pci@0,0/pci@8,0/scsi@1,0/disk@0,0
root on sd0a (ae6819de7d3b77fd.a) swap on sd0b dump on sd0b
BIOS signature incorrect 0 0
radeondrm0: 1024x768
wsdisplay0 at radeondrm0 mux 1
wskbd0: connecting to wsdisplay0
wsdisplay0: screen 0 added (std, sun emulation)
</pre>



</div><!-- content -->
<br />
<div id="footer">
All comments/news/posts are the property of their individual owner and
is presented without warranty of suitability, and solely as an
informational resource. <br />
This site Copyright &copy; 2004-2020 NYC*BUG.
</div><!-- footer -->

</body>
</html>

