



<!doctype html>
<html lang="en">
<head>
<meta name="keywords"
	content="bsd, freebsd, openbsd, netbsd, dragonflybsd, nycbug, dmesgd" />
<meta name="description" content="New York City BSD User Group dmesgd" />
<meta charset="utf-8" />
<meta name="viewport" content="width=device-width, initial-scale=1" />
<title>NYC*BUG dmesgd</title>
<style>
body {
	text-align: left;
	margin: 15px auto;
	padding: 0px 10px;
}
@media (min-width: 800px) {
	body {
		max-width: 85%;
	}
}
#header {
	border-bottom: 1px solid #dbdbdb;
	font-size: 230%;
	text-align: left;
}
#footer {
	border-top: 1px solid #dbdbdb;
	clear: both;
	text-align: left;
}
.logo_bug {
	color: #cc0033;
}
#menu ul {
	list-style-type: none;
	margin: 0;
	padding: 0;
}
#menu li {
	float: left;
}
#menu li a {
	display: block;
	background-color: #dbdbdb;
	color: #000000;
	font-size: 105%;
	font-weight: bold;
	padding: 0px 6px 0px 6px;
	text-decoration: none;
}
#content {
	clear: both;
	text-align: left;
	padding-top: 10px;
}
#content h1 {
	font-size: 120%;
	font-weight: bold;
}
#content h2 {
	font-size: 110%;
	font-weight: bold;
}
#content a {
	text-decoration: none;
}
#content pre {
	background-color: #dbdbdb;
	padding: 5px 5px 5px 5px;
	white-space: pre-wrap;		/* css-3 */
	white-space: -moz-pre-wrap;	/* Mozilla, since 1999 */
	white-space: -pre-wrap;		/* Opera 4-6 */
	white-space: -o-pre-wrap;	/* Opera 7 */
	word-wrap: break-word;		/* Internet Explorer 5.5+ */
}
#content table {
	border-collapse: collapse;
}
#content table th {
	border: 1px solid #dbdbdb;
	font-size: 85%;
	white-space: nowrap;
}
#content table td {
	border: 1px solid #dbdbdb;
	font-size: 80%;
}
#content input {
	font-size: 1em;
}
#content .full	{ width: 100%; }
#content .left	{ text-align: left; }
#content .right	{ text-align: right; }
#content .center { text-align: center; }
#content .flexbox {
	display: -ms-flex;
	display: -webkit-flex;
	display: flex;
	width: 100%;
}
#content .left_col {
	min-width: 75px;
	max-width: 50%;
	flex-grow: 0;
}
#content .right_col {
	flex-grow: 1;
	margin-left: 10px;
	padding-top: 10px;
	padding-left: 10px;
}
#col {
	-moz-column-count: 3;
	-webkit-column-count: 3;
	column-count: 3;
}
</style>
</head>
<body>

<div id="header">
<strong><em>NYC*</em><span class="logo_bug">BUG</span> dmesgd</strong>
</div><!-- header -->

<div id="menu">
<ul>
<li><a href="https://dmesgd.nycbug.org/index.cgi?do=index">Home</a></li>
<li><a href="https://dmesgd.nycbug.org/index.cgi?do=submit">Submit</a></li>
<li><a href="https://www.nycbug.org/">NYC*BUG</a></li>
</ul>
</div><!-- menu -->

<div id="content">

<p>
Launched in 2004, dmesgd aims to provide a
<strong>user-submitted</strong> repository of searchable *BSD dmesgs.
The dmesg(8) command displays the system message buffer's content, and
during boot a copy is saved to <em>/var/run/dmesg.boot</em>.  This buffer
contains the operating system release, name and version, a list of
devices identified, plus a whole host of other useful information.  We
hope others find this resource useful and further contribute to its
growth. Contact us at [ admin at lists dot nycbug dot org ].
</p>

<hr />


<strong>Date:</strong> <em>2016-11-12 06:15:26</em><br />
<strong>From:</strong> <em>CiotBSD</em><br />
<strong>Description:</strong> <em>OpenBSD 6.0 on Dell Alienware AW13</em><br />

<pre>
OpenBSD 6.0 (GENERIC.MP) #2: Mon Oct 17 10:22:47 CEST 2016
    xxx@xxx.xxx:/binpatchng/work-binpatch60-amd64/src/sys/arch/amd64/compile/GENERIC.MP
real mem = 8487264256 (8094MB)
avail mem = 8225570816 (7844MB)
mpath0 at root
scsibus0 at mpath0: 256 targets
mainbus0 at root
bios0 at mainbus0: SMBIOS rev. 2.8 @ 0xec580 (74 entries)
bios0: vendor Alienware version &quot;A04&quot; date 03/26/2015
bios0: Alienware Alienware 13
acpi0 at bios0: rev 2
acpi0: sleep states S0 S3 S4 S5
acpi0: tables DSDT FACP APIC FPDT FIDT MCFG HPET SSDT UEFI SSDT ASF! SLIC SSDT SSDT SSDT SSDT SSDT CSRT SSDT
acpi0: wakeup devices PEGP(S4) PEG0(S4) PEGP(S4) PEG1(S4) PEGP(S4) PEG2(S4) PXSX(S4) RP01(S4) PXSX(S4) RP02(S4) PXSX(S4) RP03(S4) PXSX(S4) RP04(S4) RP05(S4) PEGP(S4) [...]
acpitimer0 at acpi0: 3579545 Hz, 24 bits
acpimadt0 at acpi0 addr 0xfee00000: PC-AT compat
cpu0 at mainbus0: apid 0 (boot processor)
cpu0: Intel(R) Core(TM) i5-4210U CPU @ 1.70GHz, 799.46 MHz
cpu0: FPU,VME,DE,PSE,TSC,MSR,PAE,MCE,CX8,APIC,SEP,MTRR,PGE,MCA,CMOV,PAT,PSE36,CFLUSH,DS,ACPI,MMX,FXSR,SSE,SSE2,SS,HTT,TM,PBE,SSE3,PCLMUL,DTES64,MWAIT,DS-CPL,VMX,EST,TM2,SSSE3,FMA3,CX16,xTPR,PDCM,PCID,SSE4.1,SSE4.2,MOVBE,POPCNT,DEADLINE,AES,XSAVE,AVX,F16C,RDRAND,NXE,PAGE1GB,LONG,LAHF,ABM,PERF,ITSC,FSGSBASE,BMI1,AVX2,SMEP,BMI2,ERMS,INVPCID,SENSOR,ARAT
cpu0: 256KB 64b/line 8-way L2 cache
cpu0: smt 0, core 0, package 0
mtrr: Pentium Pro MTRR support, 10 var ranges, 88 fixed ranges
cpu0: apic clock running at 99MHz
cpu0: mwait min=64, max=64, C-substates=0.2.1.2.4.1.1.1, IBE
cpu1 at mainbus0: apid 2 (application processor)
cpu1: Intel(R) Core(TM) i5-4210U CPU @ 1.70GHz, 799.31 MHz
cpu1: FPU,VME,DE,PSE,TSC,MSR,PAE,MCE,CX8,APIC,SEP,MTRR,PGE,MCA,CMOV,PAT,PSE36,CFLUSH,DS,ACPI,MMX,FXSR,SSE,SSE2,SS,HTT,TM,PBE,SSE3,PCLMUL,DTES64,MWAIT,DS-CPL,VMX,EST,TM2,SSSE3,FMA3,CX16,xTPR,PDCM,PCID,SSE4.1,SSE4.2,MOVBE,POPCNT,DEADLINE,AES,XSAVE,AVX,F16C,RDRAND,NXE,PAGE1GB,LONG,LAHF,ABM,PERF,ITSC,FSGSBASE,BMI1,AVX2,SMEP,BMI2,ERMS,INVPCID,SENSOR,ARAT
cpu1: 256KB 64b/line 8-way L2 cache
cpu1: smt 0, core 1, package 0
cpu2 at mainbus0: apid 1 (application processor)
cpu2: Intel(R) Core(TM) i5-4210U CPU @ 1.70GHz, 799.31 MHz
cpu2: FPU,VME,DE,PSE,TSC,MSR,PAE,MCE,CX8,APIC,SEP,MTRR,PGE,MCA,CMOV,PAT,PSE36,CFLUSH,DS,ACPI,MMX,FXSR,SSE,SSE2,SS,HTT,TM,PBE,SSE3,PCLMUL,DTES64,MWAIT,DS-CPL,VMX,EST,TM2,SSSE3,FMA3,CX16,xTPR,PDCM,PCID,SSE4.1,SSE4.2,MOVBE,POPCNT,DEADLINE,AES,XSAVE,AVX,F16C,RDRAND,NXE,PAGE1GB,LONG,LAHF,ABM,PERF,ITSC,FSGSBASE,BMI1,AVX2,SMEP,BMI2,ERMS,INVPCID,SENSOR,ARAT
cpu2: 256KB 64b/line 8-way L2 cache
cpu2: smt 1, core 0, package 0
cpu3 at mainbus0: apid 3 (application processor)
cpu3: Intel(R) Core(TM) i5-4210U CPU @ 1.70GHz, 799.31 MHz
cpu3: FPU,VME,DE,PSE,TSC,MSR,PAE,MCE,CX8,APIC,SEP,MTRR,PGE,MCA,CMOV,PAT,PSE36,CFLUSH,DS,ACPI,MMX,FXSR,SSE,SSE2,SS,HTT,TM,PBE,SSE3,PCLMUL,DTES64,MWAIT,DS-CPL,VMX,EST,TM2,SSSE3,FMA3,CX16,xTPR,PDCM,PCID,SSE4.1,SSE4.2,MOVBE,POPCNT,DEADLINE,AES,XSAVE,AVX,F16C,RDRAND,NXE,PAGE1GB,LONG,LAHF,ABM,PERF,ITSC,FSGSBASE,BMI1,AVX2,SMEP,BMI2,ERMS,INVPCID,SENSOR,ARAT
cpu3: 256KB 64b/line 8-way L2 cache
cpu3: smt 1, core 1, package 0
ioapic0 at mainbus0: apid 2 pa 0xfec00000, version 20, 40 pins
acpimadt0: bogus nmi for apid 0
acpimadt0: bogus nmi for apid 2
acpimadt0: bogus nmi for apid 1
acpimadt0: bogus nmi for apid 3
acpimcfg0 at acpi0 addr 0xf8000000, bus 0-63
acpihpet0 at acpi0: 14318179 Hz
acpiprt0 at acpi0: bus 0 (PCI0)
acpiprt1 at acpi0: bus -1 (PEG0)
acpiprt2 at acpi0: bus -1 (PEG1)
acpiprt3 at acpi0: bus -1 (PEG2)
acpiprt4 at acpi0: bus -1 (RP01)
acpiprt5 at acpi0: bus -1 (RP02)
acpiprt6 at acpi0: bus 1 (RP03)
acpiprt7 at acpi0: bus 2 (RP04)
acpiprt8 at acpi0: bus 3 (RP05)
acpiprt9 at acpi0: bus -1 (RP06)
acpiprt10 at acpi0: bus -1 (RP07)
acpiprt11 at acpi0: bus -1 (RP08)
acpiec0 at acpi0: not present
acpiec1 at acpi0
acpicpu0 at acpi0: C2(200@148 mwait.1@0x33), C1(1000@1 mwait.1), PSS
acpicpu1 at acpi0: C2(200@148 mwait.1@0x33), C1(1000@1 mwait.1), PSS
acpicpu2 at acpi0: C2(200@148 mwait.1@0x33), C1(1000@1 mwait.1), PSS
acpicpu3 at acpi0: C2(200@148 mwait.1@0x33), C1(1000@1 mwait.1), PSS
acpipwrres0 at acpi0: PG00, resource for PEG0
acpipwrres1 at acpi0: PG01, resource for PEG1
acpipwrres2 at acpi0: PG02, resource for PEG2
acpipwrres3 at acpi0: PC05, resource for RP05
acpitz0 at acpi0: critical temperature is 105 degC
acpitz1 at acpi0: critical temperature is 105 degC
&quot;DLLK0683&quot; at acpi0 not configured
&quot;DLL0683&quot; at acpi0 not configured
&quot;INT3F0D&quot; at acpi0 not configured
&quot;INT3403&quot; at acpi0 not configured
acpibat0 at acpi0: BAT1 model &quot;PABAS0241231&quot; serial 0x75d1 type Li-Ion oem &quot;TOSHIBA&quot;
acpiac0 at acpi0: AC unit online
acpibtn0 at acpi0: LID0
&quot;INT33C7&quot; at acpi0 not configured
&quot;INTL9C60&quot; at acpi0 not configured
dwiic0 at acpi0: I2C1 addr 0xfe105000/0x1000 irq 7
iic0 at dwiic0
ihidev0 at iic0 addr 0x2c irq 39dwiic0: timed out reading remaining 29
, failed fetching initial HID descriptor
&quot;PNP0C50&quot; at acpi0 not configured
&quot;SMO8810&quot; at acpi0 not configured
&quot;INT3402&quot; at acpi0 not configured
&quot;PNP0C14&quot; at acpi0 not configured
acpibtn1 at acpi0: PWRB
&quot;PNP0C14&quot; at acpi0 not configured
&quot;DELLABCE&quot; at acpi0 not configured
&quot;PNP0C32&quot; at acpi0 not configured
&quot;PNP0C32&quot; at acpi0 not configured
&quot;PNP0C32&quot; at acpi0 not configured
&quot;CPL0002&quot; at acpi0 not configured
&quot;INT3400&quot; at acpi0 not configured
acpivideo0 at acpi0: GFX0
acpivout0 at acpivideo0: DD1F
cpu0: Enhanced SpeedStep 799 MHz: speeds: 2401, 2400, 2300, 2200, 2000, 1900, 1700, 1600, 1500, 1400, 1300, 1200, 1100, 900, 800, 768 MHz
pci0 at mainbus0 bus 0
pchb0 at pci0 dev 0 function 0 &quot;Intel Core 4G Host&quot; rev 0x0b
inteldrm0 at pci0 dev 2 function 0 &quot;Intel HD Graphics&quot; rev 0x0b
drm0 at inteldrm0
inteldrm0: msi
inteldrm0: 1920x1080
wsdisplay0 at inteldrm0 mux 1: console (std, vt100 emulation)
wsdisplay0: screen 1-5 added (std, vt100 emulation)
azalia0 at pci0 dev 3 function 0 &quot;Intel Core 4G HD Audio&quot; rev 0x0b: msi
vendor &quot;Intel&quot;, unknown product 0x0a03 (class DASP subclass miscellaneous, rev 0x0b) at pci0 dev 4 function 0 not configured
xhci0 at pci0 dev 20 function 0 &quot;Intel 8 Series xHCI&quot; rev 0x04: msi
usb0 at xhci0: USB revision 3.0
uhub0 at usb0 &quot;Intel xHCI root hub&quot; rev 3.00/1.00 addr 1
&quot;Intel 8 Series MEI&quot; rev 0x04 at pci0 dev 22 function 0 not configured
azalia1 at pci0 dev 27 function 0 &quot;Intel 8 Series HD Audio&quot; rev 0x04: msi
azalia1: codecs: Realtek/0x0255
audio0 at azalia1
ppb0 at pci0 dev 28 function 0 &quot;Intel 8 Series PCIE&quot; rev 0xe4: msi
pci1 at ppb0 bus 1
vendor &quot;Atheros&quot;, unknown product 0x003e (class network subclass miscellaneous, rev 0x20) at pci1 dev 0 function 0 not configured
ppb1 at pci0 dev 28 function 3 &quot;Intel 8 Series PCIE&quot; rev 0xe4: msi
pci2 at ppb1 bus 2
&quot;Attansic Technology E2200&quot; rev 0x10 at pci2 dev 0 function 0 not configured
ppb2 at pci0 dev 28 function 4 &quot;Intel 8 Series PCIE&quot; rev 0xe4: msi
pci3 at ppb2 bus 3
vendor &quot;NVIDIA&quot;, unknown product 0x1392 (class display subclass 3D, rev 0xa2) at pci3 dev 0 function 0 not configured
ehci0 at pci0 dev 29 function 0 &quot;Intel 8 Series USB&quot; rev 0x04: apic 2 int 23
usb1 at ehci0: USB revision 2.0
uhub1 at usb1 &quot;Intel EHCI root hub&quot; rev 2.00/1.00 addr 1
pcib0 at pci0 dev 31 function 0 &quot;Intel 8 Series LPC&quot; rev 0x04
ahci0 at pci0 dev 31 function 2 &quot;Intel 8 Series AHCI&quot; rev 0x04: msi, AHCI 1.3
ahci0: port 0: 6.0Gb/s
scsibus1 at ahci0: 32 targets
sd0 at scsibus1 targ 0 lun 0: &lt;ATA, WDC WD5000BPKX-0, 01.0&gt; SCSI3 0/direct fixed naa.50014ee6aefdae07
sd0: 476940MB, 512 bytes/sector, 976773168 sectors
ichiic0 at pci0 dev 31 function 3 &quot;Intel 8 Series SMBus&quot; rev 0x04: apic 2 int 18
iic1 at ichiic0
iic1: addr 0x29 07=ff 0f=33 10=0a 11=82 12=1f 13=53 14=b2 15=31 16=20 17=29 18=22 19=99 1a=70 1b=75 1c=c0 1e=20 20=7f 22=40 27=ff 29=f1 2b=01 2d=48 2f=20 30=95 31=25 32=0e 33=10 87=ff 8f=33 90=0a 91=82 92=1f 93=53 94=b2 95=31 96=20 97=29 98=22 99=99 9a=70 9b=75 9c=c0 9e=20 a0=7f a2=40 a7=ff a9=f3 ab=ff ad=42 af=20 b0=95 b1=25 b2=0e b3=10 words 00=0000 01=0000 02=0000 03=0000 04=0000 05=0000 06=0000 07=ffff
spdmem0 at iic1 addr 0x50: 4GB DDR3 SDRAM PC3-12800 SO-DIMM
spdmem1 at iic1 addr 0x52: 4GB DDR3 SDRAM PC3-12800 SO-DIMM
isa0 at pcib0
isadma0 at isa0
pckbc0 at isa0 port 0x60/5 irq 1 irq 12
pckbd0 at pckbc0 (kbd slot)
wskbd0 at pckbd0: console keyboard, using wsdisplay0
pms0 at pckbc0 (aux slot)
wsmouse0 at pms0 mux 0
pms0: Synaptics clickpad, firmware 8.1
pcppi0 at isa0 port 0x61
spkr0 at pcppi0
error: [drm:pid0:intel_uncore_check_errors] *ERROR* Unclaimed register before interrupt
axe0 at uhub0 port 1 configuration 1 interface 0 &quot;ASIX Electronics AX88772&quot; rev 2.00/0.01 addr 2
axe0: AX88772, address xx:xx:xx:xx:xx:xx
ukphy0 at axe0 phy 16: Generic IEEE 802.3u media interface, rev. 1: OUI 0x000ec6, model 0x0001
uhidev0 at uhub0 port 3 configuration 1 interface 0 &quot;HOLTEK Wireless USB Device&quot; rev 1.10/3.01 addr 3
uhidev0: iclass 3/1
ukbd0 at uhidev0: 8 variable keys, 6 key codes
wskbd1 at ukbd0 mux 1
wskbd1: connecting to wsdisplay0
uhidev1 at uhub0 port 3 configuration 1 interface 1 &quot;HOLTEK Wireless USB Device&quot; rev 1.10/3.01 addr 3
uhidev1: iclass 3/1, 3 report ids
uhid0 at uhidev1 reportid 1: input=1, output=0, feature=0
uhid1 at uhidev1 reportid 2: input=3, output=0, feature=0
ums0 at uhidev1 reportid 3: 5 buttons, Z dir
wsmouse1 at ums0 mux 0
uvideo0 at uhub0 port 6 configuration 1 interface 0 &quot;CN036P597248751HABEMA00 Integrated_Webcam_FHD&quot; rev 2.00/47.18 addr 4
video0 at uvideo0
uhidev2 at uhub0 port 7 configuration 1 interface 0 &quot;Alienware AW13&quot; rev 0.02/0.00 addr 5
uhidev2: iclass 3/0, 2 report ids
uhid2 at uhidev2 reportid 1: input=8, output=0, feature=0
uhid3 at uhidev2 reportid 2: input=0, output=8, feature=0
uhub2 at uhub1 port 1 &quot;Intel Rate Matching Hub&quot; rev 2.00/0.04 addr 2
vscsi0 at root
scsibus2 at vscsi0: 256 targets
softraid0 at root
scsibus3 at softraid0: 256 targets
root on sd0a (638cdaa08bd52d91.a) swap on sd0b dump on sd0b
thunderbird(39599): mmap W^X violation
thunderbird(79230): mmap W^X violation
thunderbird(40687): mmap W^X violation
umass0 at uhub0 port 2 configuration 1 interface 0 &quot;Verbatim Portable USB Drive&quot; rev 2.00/0.00 addr 6
umass0: using SCSI over Bulk-Only
scsibus4 at umass0: 2 targets, initiator 0
sd1 at scsibus4 targ 1 lun 0: &lt;SAMSUNG, HM500JI, &gt; SCSI2 0/direct fixed serial.18a5022b29500X284954
sd1: 476940MB, 512 bytes/sector, 976773168 sectors
error: [drm:pid162:hsw_disable_lcpll] *ERROR* D_COMP RCOMP still in progress

</pre>



</div><!-- content -->
<br />
<div id="footer">
All comments/news/posts are the property of their individual owner and
is presented without warranty of suitability, and solely as an
informational resource. <br />
This site Copyright &copy; 2004-2020 NYC*BUG.
</div><!-- footer -->

</body>
</html>

