



<!doctype html>
<html lang="en">
<head>
<meta name="keywords"
	content="bsd, freebsd, openbsd, netbsd, dragonflybsd, nycbug, dmesgd" />
<meta name="description" content="New York City BSD User Group dmesgd" />
<meta charset="utf-8" />
<meta name="viewport" content="width=device-width, initial-scale=1" />
<title>NYC*BUG dmesgd</title>
<style>
body {
	text-align: left;
	margin: 15px auto;
	padding: 0px 10px;
}
@media (min-width: 800px) {
	body {
		max-width: 85%;
	}
}
#header {
	border-bottom: 1px solid #dbdbdb;
	font-size: 230%;
	text-align: left;
}
#footer {
	border-top: 1px solid #dbdbdb;
	clear: both;
	text-align: left;
}
.logo_bug {
	color: #cc0033;
}
#menu ul {
	list-style-type: none;
	margin: 0;
	padding: 0;
}
#menu li {
	float: left;
}
#menu li a {
	display: block;
	background-color: #dbdbdb;
	color: #000000;
	font-size: 105%;
	font-weight: bold;
	padding: 0px 6px 0px 6px;
	text-decoration: none;
}
#content {
	clear: both;
	text-align: left;
	padding-top: 10px;
}
#content h1 {
	font-size: 120%;
	font-weight: bold;
}
#content h2 {
	font-size: 110%;
	font-weight: bold;
}
#content a {
	text-decoration: none;
}
#content pre {
	background-color: #dbdbdb;
	padding: 5px 5px 5px 5px;
	white-space: pre-wrap;		/* css-3 */
	white-space: -moz-pre-wrap;	/* Mozilla, since 1999 */
	white-space: -pre-wrap;		/* Opera 4-6 */
	white-space: -o-pre-wrap;	/* Opera 7 */
	word-wrap: break-word;		/* Internet Explorer 5.5+ */
}
#content table {
	border-collapse: collapse;
}
#content table th {
	border: 1px solid #dbdbdb;
	font-size: 85%;
	white-space: nowrap;
}
#content table td {
	border: 1px solid #dbdbdb;
	font-size: 80%;
}
#content input {
	font-size: 1em;
}
#content .full	{ width: 100%; }
#content .left	{ text-align: left; }
#content .right	{ text-align: right; }
#content .center { text-align: center; }
#content .flexbox {
	display: -ms-flex;
	display: -webkit-flex;
	display: flex;
	width: 100%;
}
#content .left_col {
	min-width: 75px;
	max-width: 50%;
	flex-grow: 0;
}
#content .right_col {
	flex-grow: 1;
	margin-left: 10px;
	padding-top: 10px;
	padding-left: 10px;
}
#col {
	-moz-column-count: 3;
	-webkit-column-count: 3;
	column-count: 3;
}
</style>
</head>
<body>

<div id="header">
<strong><em>NYC*</em><span class="logo_bug">BUG</span> dmesgd</strong>
</div><!-- header -->

<div id="menu">
<ul>
<li><a href="https://dmesgd.nycbug.org/index.cgi?do=index">Home</a></li>
<li><a href="https://dmesgd.nycbug.org/index.cgi?do=submit">Submit</a></li>
<li><a href="https://www.nycbug.org/">NYC*BUG</a></li>
</ul>
</div><!-- menu -->

<div id="content">

<p>
Launched in 2004, dmesgd aims to provide a
<strong>user-submitted</strong> repository of searchable *BSD dmesgs.
The dmesg(8) command displays the system message buffer's content, and
during boot a copy is saved to <em>/var/run/dmesg.boot</em>.  This buffer
contains the operating system release, name and version, a list of
devices identified, plus a whole host of other useful information.  We
hope others find this resource useful and further contribute to its
growth. Contact us at [ admin at lists dot nycbug dot org ].
</p>

<hr />


<strong>Date:</strong> <em>2016-11-12 19:23:31</em><br />
<strong>From:</strong> <em>kcg</em><br />
<strong>Description:</strong> <em>Fujitsu Primergy TX-1320M1</em><br />

<pre>
OpenBSD 6.0-current (GENERIC.MP) #1: Mon Nov  7 17:32:08 CET 2016
    xxx@xxx.xxx:/usr/src/sys/arch/amd64/compile/GENERIC.MP
real mem = 8522489856 (8127MB)
avail mem = 8259584000 (7876MB)
mpath0 at root
scsibus0 at mpath0: 256 targets
mainbus0 at root
bios0 at mainbus0: SMBIOS rev. 2.8 @ 0xdee83018 (52 entries)
bios0: vendor FUJITSU // American Megatrends Inc. version &quot;V4.6.5.4 R2.10.0 for D3239-A1x&quot; date 10/24/2014
bios0: FUJITSU PRIMERGY TX1320 M1
acpi0 at bios0: rev 2
acpi0: sleep states S0 S4 S5
acpi0: tables DSDT FACP APIC FPDT SSDT SSDT MCFG PRAD HPET SSDT SSDT BDAT SPMI SPCR DMAR EINJ ERST HEST BERT
acpi0: wakeup devices PXSX(S4) RP01(S4) PXSX(S4) PXSX(S4) RP03(S4) PXSX(S4) GLAN(S4) EHC1(S4) EHC2(S4) XHC_(S4) HDEF(S4) PEG0(S4) PEGP(S4) PEG1(S4)
acpitimer0 at acpi0: 3579545 Hz, 24 bits
acpimadt0 at acpi0 addr 0xfee00000: PC-AT compat
cpu0 at mainbus0: apid 0 (boot processor)
cpu0: Intel(R) Xeon(R) CPU E3-1220 v3 @ 3.10GHz, 3093.41 MHz
cpu0: FPU,VME,DE,PSE,TSC,MSR,PAE,MCE,CX8,APIC,SEP,MTRR,PGE,MCA,CMOV,PAT,PSE36,CFLUSH,DS,ACPI,MMX,FXSR,SSE,SSE2,SS,HTT,TM,PBE,SSE3,PCLMUL,DTES64,MWAIT,DS-CPL,VMX,SMX,EST,TM2,SSSE3,SDBG,FMA3,CX16,xTPR,PDCM,PCID,SSE4.1,SSE4.2,x2APIC,MOVBE,POPCNT,DEADLINE,AES,XSAVE,AVX,F16C,RDRAND,NXE,PAGE1GB,LONG,LAHF,ABM,PERF,ITSC,FSGSBASE,BMI1,AVX2,SMEP,BMI2,ERMS,INVPCID,SENSOR,ARAT
cpu0: 256KB 64b/line 8-way L2 cache
cpu0: smt 0, core 0, package 0
mtrr: Pentium Pro MTRR support, 10 var ranges, 88 fixed ranges
cpu0: apic clock running at 99MHz
cpu0: mwait min=64, max=64, C-substates=0.2.1.2.4, IBE
cpu1 at mainbus0: apid 2 (application processor)
cpu1: Intel(R) Xeon(R) CPU E3-1220 v3 @ 3.10GHz, 3092.83 MHz
cpu1: FPU,VME,DE,PSE,TSC,MSR,PAE,MCE,CX8,APIC,SEP,MTRR,PGE,MCA,CMOV,PAT,PSE36,CFLUSH,DS,ACPI,MMX,FXSR,SSE,SSE2,SS,HTT,TM,PBE,SSE3,PCLMUL,DTES64,MWAIT,DS-CPL,VMX,SMX,EST,TM2,SSSE3,SDBG,FMA3,CX16,xTPR,PDCM,PCID,SSE4.1,SSE4.2,x2APIC,MOVBE,POPCNT,DEADLINE,AES,XSAVE,AVX,F16C,RDRAND,NXE,PAGE1GB,LONG,LAHF,ABM,PERF,ITSC,FSGSBASE,BMI1,AVX2,SMEP,BMI2,ERMS,INVPCID,SENSOR,ARAT
cpu1: 256KB 64b/line 8-way L2 cache
cpu1: smt 0, core 1, package 0
cpu2 at mainbus0: apid 4 (application processor)
cpu2: Intel(R) Xeon(R) CPU E3-1220 v3 @ 3.10GHz, 3092.83 MHz
cpu2: FPU,VME,DE,PSE,TSC,MSR,PAE,MCE,CX8,APIC,SEP,MTRR,PGE,MCA,CMOV,PAT,PSE36,CFLUSH,DS,ACPI,MMX,FXSR,SSE,SSE2,SS,HTT,TM,PBE,SSE3,PCLMUL,DTES64,MWAIT,DS-CPL,VMX,SMX,EST,TM2,SSSE3,SDBG,FMA3,CX16,xTPR,PDCM,PCID,SSE4.1,SSE4.2,x2APIC,MOVBE,POPCNT,DEADLINE,AES,XSAVE,AVX,F16C,RDRAND,NXE,PAGE1GB,LONG,LAHF,ABM,PERF,ITSC,FSGSBASE,BMI1,AVX2,SMEP,BMI2,ERMS,INVPCID,SENSOR,ARAT
cpu2: 256KB 64b/line 8-way L2 cache
cpu2: smt 0, core 2, package 0
cpu3 at mainbus0: apid 6 (application processor)
cpu3: Intel(R) Xeon(R) CPU E3-1220 v3 @ 3.10GHz, 3092.83 MHz
cpu3: FPU,VME,DE,PSE,TSC,MSR,PAE,MCE,CX8,APIC,SEP,MTRR,PGE,MCA,CMOV,PAT,PSE36,CFLUSH,DS,ACPI,MMX,FXSR,SSE,SSE2,SS,HTT,TM,PBE,SSE3,PCLMUL,DTES64,MWAIT,DS-CPL,VMX,SMX,EST,TM2,SSSE3,SDBG,FMA3,CX16,xTPR,PDCM,PCID,SSE4.1,SSE4.2,x2APIC,MOVBE,POPCNT,DEADLINE,AES,XSAVE,AVX,F16C,RDRAND,NXE,PAGE1GB,LONG,LAHF,ABM,PERF,ITSC,FSGSBASE,BMI1,AVX2,SMEP,BMI2,ERMS,INVPCID,SENSOR,ARAT
cpu3: 256KB 64b/line 8-way L2 cache
cpu3: smt 0, core 3, package 0
ioapic0 at mainbus0: apid 8 pa 0xfec00000, version 20, 24 pins
acpimcfg0 at acpi0 addr 0xf8000000, bus 0-63
acpihpet0 at acpi0: 14318179 Hz
acpiprt0 at acpi0: bus 0 (PCI0)
acpiprt1 at acpi0: bus -1 (P0P2)
acpiprt2 at acpi0: bus -1 (P0PA)
acpiprt3 at acpi0: bus 1 (RP01)
acpiprt4 at acpi0: bus 2 (RP03)
acpiprt5 at acpi0: bus -1 (PEG0)
acpiprt6 at acpi0: bus -1 (PEG1)
acpiec0 at acpi0: not present
acpicpu0 at acpi0: C2(200@148 mwait.1@0x33), C1(1000@1 mwait.1), PSS
acpicpu1 at acpi0: C2(200@148 mwait.1@0x33), C1(1000@1 mwait.1), PSS
acpicpu2 at acpi0: C2(200@148 mwait.1@0x33), C1(1000@1 mwait.1), PSS
acpicpu3 at acpi0: C2(200@148 mwait.1@0x33), C1(1000@1 mwait.1), PSS
acpipwrres0 at acpi0: FN00, resource for FAN0
acpipwrres1 at acpi0: FN01, resource for FAN1
acpipwrres2 at acpi0: FN02, resource for FAN2
acpipwrres3 at acpi0: FN03, resource for FAN3
acpipwrres4 at acpi0: FN04, resource for FAN4
acpitz0 at acpi0: critical temperature is 105 degC
acpitz1 at acpi0: critical temperature is 105 degC
&quot;INT3F0D&quot; at acpi0 not configured
&quot;PNP0501&quot; at acpi0 not configured
&quot;IPI0001&quot; at acpi0 not configured
&quot;PNP0A05&quot; at acpi0 not configured
acpiac0 at acpi0: AC unit online
&quot;ACPI000D&quot; at acpi0 not configured
acpibtn0 at acpi0: PWRB
&quot;PNP0C0B&quot; at acpi0 not configured
&quot;PNP0C0B&quot; at acpi0 not configured
&quot;PNP0C0B&quot; at acpi0 not configured
&quot;PNP0C0B&quot; at acpi0 not configured
&quot;PNP0C0B&quot; at acpi0 not configured
acpivideo0 at acpi0: GFX0
acpivout0 at acpivideo0: DD1F
ipmi at mainbus0 not configured
cpu0: Enhanced SpeedStep 3093 MHz: speeds: 3101, 3100, 2900, 2800, 2600, 2400, 2300, 2100, 1900, 1800, 1600, 1500, 1300, 1100, 1000, 800 MHz
pci0 at mainbus0 bus 0
pchb0 at pci0 dev 0 function 0 &quot;Intel Xeon E3-1200 v3 Host&quot; rev 0x06
xhci0 at pci0 dev 20 function 0 &quot;Intel 8 Series xHCI&quot; rev 0x05: msi
usb0 at xhci0: USB revision 3.0
uhub0 at usb0 configuration 1 interface 0 &quot;Intel xHCI root hub&quot; rev 3.00/1.00 addr 1
em0 at pci0 dev 25 function 0 &quot;Intel I217-LM&quot; rev 0x05: msi, address xx:xx:xx:xx:xx:xx
ehci0 at pci0 dev 26 function 0 &quot;Intel 8 Series USB&quot; rev 0x05: apic 8 int 16
usb1 at ehci0: USB revision 2.0
uhub1 at usb1 configuration 1 interface 0 &quot;Intel EHCI root hub&quot; rev 2.00/1.00 addr 1
ppb0 at pci0 dev 28 function 0 &quot;Intel 8 Series PCIE&quot; rev 0xd5: msi
pci1 at ppb0 bus 1
vga1 at pci1 dev 0 function 0 &quot;Matrox MGA G200e&quot; rev 0x05
wsdisplay0 at vga1 mux 1: console (80x25, vt100 emulation)
wsdisplay0: screen 1-5 added (80x25, vt100 emulation)
vendor &quot;ServerEngines&quot;, unknown product 0x0800 (class processor subclass Co-processor, rev 0x00) at pci1 dev 0 function 1 not configured
ppb1 at pci0 dev 28 function 2 &quot;Intel 8 Series PCIE&quot; rev 0xd5: msi
pci2 at ppb1 bus 2
em1 at pci2 dev 0 function 0 &quot;Intel I210&quot; rev 0x03: msi, address xx:xx:xx:xx:xx:xx
ehci1 at pci0 dev 29 function 0 &quot;Intel 8 Series USB&quot; rev 0x05: apic 8 int 23
usb2 at ehci1: USB revision 2.0
uhub2 at usb2 configuration 1 interface 0 &quot;Intel EHCI root hub&quot; rev 2.00/1.00 addr 1
pcib0 at pci0 dev 31 function 0 &quot;Intel C224 LPC&quot; rev 0x05
ahci0 at pci0 dev 31 function 2 &quot;Intel 8 Series AHCI&quot; rev 0x05: msi, AHCI 1.3
ahci0: port 0: 1.5Gb/s
ahci0: port 1: 3.0Gb/s
ahci0: port 2: 3.0Gb/s
ahci0: port 3: 3.0Gb/s
ahci0: port 4: 3.0Gb/s
ahci0: port 5: 3.0Gb/s
scsibus1 at ahci0: 32 targets
cd0 at scsibus1 targ 0 lun 0: &lt;HL-DT-ST, DVDRAM GTB0N, QF01&gt; ATAPI 5/cdrom removable
sd0 at scsibus1 targ 1 lun 0: &lt;ATA, Hitachi HTS72505, PC4O&gt; SCSI3 0/direct fixed naa.5000cca5b5dac689
sd0: 476940MB, 512 bytes/sector, 976773168 sectors
sd1 at scsibus1 targ 2 lun 0: &lt;ATA, WDC WD7500BPKT-7, 01.0&gt; SCSI3 0/direct fixed naa.50014ee603669123
sd1: 715404MB, 512 bytes/sector, 1465149168 sectors
sd2 at scsibus1 targ 3 lun 0: &lt;ATA, Hitachi HTS72505, PC4O&gt; SCSI3 0/direct fixed naa.5000cca5b5dac0a4
sd2: 476940MB, 512 bytes/sector, 976773168 sectors
sd3 at scsibus1 targ 4 lun 0: &lt;ATA, TOSHIBA HDWD130, MX6O&gt; SCSI3 0/direct fixed naa.5000039fe6c3eff5
sd3: 2861588MB, 512 bytes/sector, 5860533168 sectors
sd4 at scsibus1 targ 5 lun 0: &lt;ATA, TOSHIBA HDWD130, MX6O&gt; SCSI3 0/direct fixed naa.5000039fe6c3f742
sd4: 2861588MB, 512 bytes/sector, 5860533168 sectors
ichiic0 at pci0 dev 31 function 3 &quot;Intel 8 Series SMBus&quot; rev 0x05: apic 8 int 18
iic0 at ichiic0
sdtemp0 at iic0 addr 0x19: stts2002
spdmem0 at iic0 addr 0x51: 8GB DDR3 SDRAM ECC PC3-12800 with thermal sensor
&quot;Intel 8 Series Thermal&quot; rev 0x05 at pci0 dev 31 function 6 not configured
isa0 at pcib0
isadma0 at isa0
com0 at isa0 port 0x3f8/8 irq 4: ns16550a, 16 byte fifo
com0: console
pckbc0 at isa0 port 0x60/5 irq 1 irq 12
pcppi0 at isa0 port 0x61
spkr0 at pcppi0
vmm0 at mainbus0: VMX/EPT
uhidev0 at uhub0 port 5 configuration 1 interface 0 &quot;American Megatrends Inc. Virtual Keyboard and Mouse&quot; rev 1.10/1.00 addr 2
uhidev0: iclass 3/1
ukbd0 at uhidev0: 8 variable keys, 6 key codes
wskbd0 at ukbd0: console keyboard, using wsdisplay0
uhidev1 at uhub0 port 5 configuration 1 interface 1 &quot;American Megatrends Inc. Virtual Keyboard and Mouse&quot; rev 1.10/1.00 addr 2
uhidev1: iclass 3/1
ums0 at uhidev1: 3 buttons, Z dir
wsmouse0 at ums0 mux 0
uhub3 at uhub1 port 1 configuration 1 interface 0 &quot;Intel Rate Matching Hub&quot; rev 2.00/0.05 addr 2
uhub4 at uhub2 port 1 configuration 1 interface 0 &quot;Intel Rate Matching Hub&quot; rev 2.00/0.05 addr 2
vscsi0 at root
scsibus2 at vscsi0: 256 targets
softraid0 at root
scsibus3 at softraid0: 256 targets
root on sd1a (d922ff184e32e614.a) swap on sd1b dump on sd1b
softraid0: sd5 was not shutdown properly
CRC32 speed (1309172572): 971 MB/s.
CRC32C speed (1244363756): 1773 MB/s.
sd5 at scsibus3 targ 1 lun 0: &lt;OPENBSD, SR RAID 1, 006&gt; SCSI2 0/direct fixed
sd5: 476939MB, 512 bytes/sector, 976772640 sectors

</pre>



</div><!-- content -->
<br />
<div id="footer">
All comments/news/posts are the property of their individual owner and
is presented without warranty of suitability, and solely as an
informational resource. <br />
This site Copyright &copy; 2004-2020 NYC*BUG.
</div><!-- footer -->

</body>
</html>

