



<!doctype html>
<html lang="en">
<head>
<meta name="keywords"
	content="bsd, freebsd, openbsd, netbsd, dragonflybsd, nycbug, dmesgd" />
<meta name="description" content="New York City BSD User Group dmesgd" />
<meta charset="utf-8" />
<meta name="viewport" content="width=device-width, initial-scale=1" />
<title>NYC*BUG dmesgd</title>
<style>
body {
	text-align: left;
	margin: 15px auto;
	padding: 0px 10px;
}
@media (min-width: 800px) {
	body {
		max-width: 85%;
	}
}
#header {
	border-bottom: 1px solid #dbdbdb;
	font-size: 230%;
	text-align: left;
}
#footer {
	border-top: 1px solid #dbdbdb;
	clear: both;
	text-align: left;
}
.logo_bug {
	color: #cc0033;
}
#menu ul {
	list-style-type: none;
	margin: 0;
	padding: 0;
}
#menu li {
	float: left;
}
#menu li a {
	display: block;
	background-color: #dbdbdb;
	color: #000000;
	font-size: 105%;
	font-weight: bold;
	padding: 0px 6px 0px 6px;
	text-decoration: none;
}
#content {
	clear: both;
	text-align: left;
	padding-top: 10px;
}
#content h1 {
	font-size: 120%;
	font-weight: bold;
}
#content h2 {
	font-size: 110%;
	font-weight: bold;
}
#content a {
	text-decoration: none;
}
#content pre {
	background-color: #dbdbdb;
	padding: 5px 5px 5px 5px;
	white-space: pre-wrap;		/* css-3 */
	white-space: -moz-pre-wrap;	/* Mozilla, since 1999 */
	white-space: -pre-wrap;		/* Opera 4-6 */
	white-space: -o-pre-wrap;	/* Opera 7 */
	word-wrap: break-word;		/* Internet Explorer 5.5+ */
}
#content table {
	border-collapse: collapse;
}
#content table th {
	border: 1px solid #dbdbdb;
	font-size: 85%;
	white-space: nowrap;
}
#content table td {
	border: 1px solid #dbdbdb;
	font-size: 80%;
}
#content input {
	font-size: 1em;
}
#content .full	{ width: 100%; }
#content .left	{ text-align: left; }
#content .right	{ text-align: right; }
#content .center { text-align: center; }
#content .flexbox {
	display: -ms-flex;
	display: -webkit-flex;
	display: flex;
	width: 100%;
}
#content .left_col {
	min-width: 75px;
	max-width: 50%;
	flex-grow: 0;
}
#content .right_col {
	flex-grow: 1;
	margin-left: 10px;
	padding-top: 10px;
	padding-left: 10px;
}
#col {
	-moz-column-count: 3;
	-webkit-column-count: 3;
	column-count: 3;
}
</style>
</head>
<body>

<div id="header">
<strong><em>NYC*</em><span class="logo_bug">BUG</span> dmesgd</strong>
</div><!-- header -->

<div id="menu">
<ul>
<li><a href="https://dmesgd.nycbug.org/index.cgi?do=index">Home</a></li>
<li><a href="https://dmesgd.nycbug.org/index.cgi?do=submit">Submit</a></li>
<li><a href="https://www.nycbug.org/">NYC*BUG</a></li>
</ul>
</div><!-- menu -->

<div id="content">

<p>
Launched in 2004, dmesgd aims to provide a
<strong>user-submitted</strong> repository of searchable *BSD dmesgs.
The dmesg(8) command displays the system message buffer's content, and
during boot a copy is saved to <em>/var/run/dmesg.boot</em>.  This buffer
contains the operating system release, name and version, a list of
devices identified, plus a whole host of other useful information.  We
hope others find this resource useful and further contribute to its
growth. Contact us at [ admin at lists dot nycbug dot org ].
</p>

<hr />


<strong>Date:</strong> <em>2016-11-13 18:37:54</em><br />
<strong>From:</strong> <em>kcg</em><br />
<strong>Description:</strong> <em>OpenBSD 6.0-current on Asus P5W64 WS Pro with Q6600</em><br />

<pre>
OpenBSD 6.0-current (GENERIC.MP) #0: Sat Nov  5 21:16:11 MDT 2016
    xxx@xxx.xxx:/usr/src/sys/arch/amd64/compile/GENERIC.MP
real mem = 6424887296 (6127MB)
avail mem = 6225604608 (5937MB)
mpath0 at root
scsibus0 at mpath0: 256 targets
mainbus0 at root
bios0 at mainbus0: SMBIOS rev. 2.4 @ 0xf06a0 (74 entries)
bios0: vendor American Megatrends Inc. version &quot;1005&quot; date 01/28/2008
bios0: ASUSTeK Computer INC. P5W64 WS Pro
acpi0 at bios0: rev 0
acpi0: sleep states S0 S1 S3 S4 S5
acpi0: tables DSDT FACP APIC OEMB HPET MCFG
acpi0: wakeup devices P0P1(S4) P0P2(S4) P0P3(S4) P0P5(S4) P0P6(S4) P0P7(S4) P0P8(S4) P0P9(S4) UAR1(S4) USB2(S4) USB3(S4) USB4(S4) MC97(S4) USB1(S4) EUSB(S4) P0P4(S4)
acpitimer0 at acpi0: 3579545 Hz, 24 bits
acpimadt0 at acpi0 addr 0xfee00000: PC-AT compat
cpu0 at mainbus0: apid 0 (boot processor)
cpu0: Intel(R) Core(TM)2 Quad CPU Q6600 @ 2.40GHz, 2404.46 MHz
cpu0: FPU,VME,DE,PSE,TSC,MSR,PAE,MCE,CX8,APIC,SEP,MTRR,PGE,MCA,CMOV,PAT,PSE36,CFLUSH,DS,ACPI,MMX,FXSR,SSE,SSE2,SS,HTT,TM,PBE,SSE3,DTES64,MWAIT,DS-CPL,VMX,EST,TM2,SSSE3,CX16,xTPR,PDCM,NXE,LONG,LAHF,PERF,SENSOR
cpu0: 4MB 64b/line 16-way L2 cache
cpu0: smt 0, core 0, package 0
mtrr: Pentium Pro MTRR support, 8 var ranges, 88 fixed ranges
cpu0: apic clock running at 272MHz
cpu0: mwait min=64, max=64, C-substates=0.2, IBE
cpu1 at mainbus0: apid 1 (application processor)
cpu1: Intel(R) Core(TM)2 Quad CPU Q6600 @ 2.40GHz, 2452.20 MHz
cpu1: FPU,VME,DE,PSE,TSC,MSR,PAE,MCE,CX8,APIC,SEP,MTRR,PGE,MCA,CMOV,PAT,PSE36,CFLUSH,DS,ACPI,MMX,FXSR,SSE,SSE2,SS,HTT,TM,PBE,SSE3,DTES64,MWAIT,DS-CPL,VMX,EST,TM2,SSSE3,CX16,xTPR,PDCM,NXE,LONG,LAHF,PERF,SENSOR
cpu1: 4MB 64b/line 16-way L2 cache
cpu1: smt 0, core 1, package 0
cpu2 at mainbus0: apid 2 (application processor)
cpu2: Intel(R) Core(TM)2 Quad CPU Q6600 @ 2.40GHz, 2452.20 MHz
cpu2: FPU,VME,DE,PSE,TSC,MSR,PAE,MCE,CX8,APIC,SEP,MTRR,PGE,MCA,CMOV,PAT,PSE36,CFLUSH,DS,ACPI,MMX,FXSR,SSE,SSE2,SS,HTT,TM,PBE,SSE3,DTES64,MWAIT,DS-CPL,VMX,EST,TM2,SSSE3,CX16,xTPR,PDCM,NXE,LONG,LAHF,PERF,SENSOR
cpu2: 4MB 64b/line 16-way L2 cache
cpu2: smt 0, core 2, package 0
cpu3 at mainbus0: apid 3 (application processor)
cpu3: Intel(R) Core(TM)2 Quad CPU Q6600 @ 2.40GHz, 2452.20 MHz
cpu3: FPU,VME,DE,PSE,TSC,MSR,PAE,MCE,CX8,APIC,SEP,MTRR,PGE,MCA,CMOV,PAT,PSE36,CFLUSH,DS,ACPI,MMX,FXSR,SSE,SSE2,SS,HTT,TM,PBE,SSE3,DTES64,MWAIT,DS-CPL,VMX,EST,TM2,SSSE3,CX16,xTPR,PDCM,NXE,LONG,LAHF,PERF,SENSOR
cpu3: 4MB 64b/line 16-way L2 cache
cpu3: smt 0, core 3, package 0
ioapic0 at mainbus0: apid 4 pa 0xfec00000, version 20, 24 pins
acpihpet0 at acpi0: 14318179 Hz
acpimcfg0 at acpi0 addr 0xf0000000, bus 0-63
acpiprt0 at acpi0: bus 0 (PCI0)
acpiprt1 at acpi0: bus 5 (P0P1)
acpiprt2 at acpi0: bus -1 (P0P2)
acpiprt3 at acpi0: bus -1 (P2PA)
acpiprt4 at acpi0: bus 1 (P0P3)
acpiprt5 at acpi0: bus 3 (P0P8)
acpiprt6 at acpi0: bus 2 (P0P9)
acpicpu0 at acpi0: C1(@1 halt!), PSS
acpicpu1 at acpi0: C1(@1 halt!), PSS
acpicpu2 at acpi0: C1(@1 halt!), PSS
acpicpu3 at acpi0: C1(@1 halt!), PSS
&quot;PNP0700&quot; at acpi0 not configured
&quot;PNP0401&quot; at acpi0 not configured
aibs0 at acpi0 RTMP RVLT RFAN
&quot;PNP0501&quot; at acpi0 not configured
acpibtn0 at acpi0: PWRB
cpu0: Enhanced SpeedStep 2404 MHz: speeds: 2394, 1596 MHz
pci0 at mainbus0 bus 0
pchb0 at pci0 dev 0 function 0 &quot;Intel 82975X Host&quot; rev 0xc0
ppb0 at pci0 dev 1 function 0 &quot;Intel 82975X PCIE&quot; rev 0xc0: msi
pci1 at ppb0 bus 5
vga1 at pci1 dev 0 function 0 vendor &quot;NVIDIA&quot;, unknown product 0x0fc1 rev 0xa1
wsdisplay0 at vga1 mux 1: console (80x25, vt100 emulation)
wsdisplay0: screen 1-5 added (80x25, vt100 emulation)
azalia0 at pci1 dev 0 function 1 vendor &quot;NVIDIA&quot;, unknown product 0x0e1b rev 0xa1: msi
azalia0: no supported codecs
azalia1 at pci0 dev 27 function 0 &quot;Intel 82801GB HD Audio&quot; rev 0x01: msi
azalia1: codecs: Analog Devices AD1988B
audio0 at azalia1
ppb1 at pci0 dev 28 function 0 &quot;Intel 82801GB PCIE&quot; rev 0x01
pci2 at ppb1 bus 4
ppb2 at pci0 dev 28 function 4 &quot;Intel 82801G PCIE&quot; rev 0x01
pci3 at ppb2 bus 3
mskc0 at pci3 dev 0 function 0 &quot;Marvell Yukon 88E8052&quot; rev 0x21, Yukon-2 EC rev. A3 (0x2): apic 4 int 16
msk0 at mskc0 port A: address xx:xx:xx:xx:xx:xx
eephy0 at msk0 phy 0: 88E1111 Gigabit PHY, rev. 2
ppb3 at pci0 dev 28 function 5 &quot;Intel 82801G PCIE&quot; rev 0x01
pci4 at ppb3 bus 2
&quot;Marvell 88SE6145 SATA&quot; rev 0xa1 at pci4 dev 0 function 0 not configured
uhci0 at pci0 dev 29 function 0 &quot;Intel 82801GB USB&quot; rev 0x01: apic 4 int 20
uhci1 at pci0 dev 29 function 1 &quot;Intel 82801GB USB&quot; rev 0x01: apic 4 int 17
uhci2 at pci0 dev 29 function 2 &quot;Intel 82801GB USB&quot; rev 0x01: apic 4 int 18
uhci3 at pci0 dev 29 function 3 &quot;Intel 82801GB USB&quot; rev 0x01: apic 4 int 19
ehci0 at pci0 dev 29 function 7 &quot;Intel 82801GB USB&quot; rev 0x01: apic 4 int 20
usb0 at ehci0: USB revision 2.0
uhub0 at usb0 configuration 1 interface 0 &quot;Intel EHCI root hub&quot; rev 2.00/1.00 addr 1
ppb4 at pci0 dev 30 function 0 &quot;Intel 82801BA Hub-to-PCI&quot; rev 0xe1
pci5 at ppb4 bus 1
em0 at pci5 dev 1 function 0 &quot;Intel 82541GI&quot; rev 0x05: apic 4 int 22, address xx:xx:xx:xx:xx:xx
&quot;TI TSB43AB22 FireWire&quot; rev 0x00 at pci5 dev 3 function 0 not configured
skc0 at pci5 dev 5 function 0 &quot;Marvell Yukon 88E8001/8003/8010&quot; rev 0x14, Yukon Lite (0x9): apic 4 int 21
sk0 at skc0 port A: address xx:xx:xx:xx:xx:xx
eephy1 at sk0 phy 0: 88E1011 Gigabit PHY, rev. 5
pcib0 at pci0 dev 31 function 0 &quot;Intel 82801GB LPC&quot; rev 0x01
pciide0 at pci0 dev 31 function 1 &quot;Intel 82801GB IDE&quot; rev 0x01: DMA, channel 0 configured to compatibility, channel 1 configured to compatibility
atapiscsi0 at pciide0 channel 0 drive 1
scsibus1 at atapiscsi0: 2 targets
cd0 at scsibus1 targ 0 lun 0: &lt;Optiarc, DVD RW AD-7220A, 1.01&gt; ATAPI 5/cdrom removable
cd0(pciide0:0:1): using PIO mode 4, Ultra-DMA mode 4
pciide0: channel 1 disabled (no drives)
pciide1 at pci0 dev 31 function 2 &quot;Intel 82801GB SATA&quot; rev 0x01: DMA, channel 0 configured to native-PCI, channel 1 configured to native-PCI
pciide1: using apic 4 int 23 for native-PCI interrupt
wd0 at pciide1 channel 0 drive 0: &lt;WDC WD5003ABYX-50WERA1&gt;
wd0: 16-sector PIO, LBA48, 476940MB, 976773168 sectors
wd1 at pciide1 channel 0 drive 1: &lt;WDC WD10EZEX-60M2NA0&gt;
wd1: 16-sector PIO, LBA48, 953869MB, 1953525168 sectors
wd0(pciide1:0:0): using PIO mode 4, Ultra-DMA mode 6
wd1(pciide1:0:1): using PIO mode 4, Ultra-DMA mode 5
wd2 at pciide1 channel 1 drive 0: &lt;Hitachi HTS722016K9SA00&gt;
wd2: 16-sector PIO, LBA48, 152627MB, 312581808 sectors
wd3 at pciide1 channel 1 drive 1: &lt;WDC WD5003ABYX-50WERA1&gt;
wd3: 16-sector PIO, LBA48, 476940MB, 976773168 sectors
wd2(pciide1:1:0): using PIO mode 4, Ultra-DMA mode 6
wd3(pciide1:1:1): using PIO mode 4, Ultra-DMA mode 6
ichiic0 at pci0 dev 31 function 3 &quot;Intel 82801GB SMBus&quot; rev 0x01: apic 4 int 23
iic0 at ichiic0
spdmem0 at iic0 addr 0x50: 1GB DDR2 SDRAM ECC PC2-4200CL5
spdmem1 at iic0 addr 0x51: 2GB DDR2 SDRAM ECC PC2-4200CL5
spdmem2 at iic0 addr 0x52: 1GB DDR2 SDRAM ECC PC2-4200CL5
spdmem3 at iic0 addr 0x53: 2GB DDR2 SDRAM ECC PC2-4200CL5
usb1 at uhci0: USB revision 1.0
uhub1 at usb1 configuration 1 interface 0 &quot;Intel UHCI root hub&quot; rev 1.00/1.00 addr 1
usb2 at uhci1: USB revision 1.0
uhub2 at usb2 configuration 1 interface 0 &quot;Intel UHCI root hub&quot; rev 1.00/1.00 addr 1
usb3 at uhci2: USB revision 1.0
uhub3 at usb3 configuration 1 interface 0 &quot;Intel UHCI root hub&quot; rev 1.00/1.00 addr 1
usb4 at uhci3: USB revision 1.0
uhub4 at usb4 configuration 1 interface 0 &quot;Intel UHCI root hub&quot; rev 1.00/1.00 addr 1
isa0 at pcib0
isadma0 at isa0
fdc0 at isa0 port 0x3f0/6 irq 6 drq 2
com0 at isa0 port 0x3f8/8 irq 4: ns16550a, 16 byte fifo
pckbc0 at isa0 port 0x60/5 irq 1 irq 12
pckbd0 at pckbc0 (kbd slot)
wskbd0 at pckbd0: console keyboard, using wsdisplay0
pcppi0 at isa0 port 0x61
spkr0 at pcppi0
lpt0 at isa0 port 0x378/4 irq 7
wbsio0 at isa0 port 0x2e/2: W83627DHG rev 0x23
lm1 at wbsio0 port 0x290/8: W83627DHG
vmm0 at mainbus0: VMX
uhub5 at uhub0 port 4 configuration 1 interface 0 &quot;Genesys Logic USB2.0 Hub&quot; rev 2.00/77.63 addr 2
uhidev0 at uhub5 port 1 configuration 1 interface 0 &quot;Manticore Manticore Gaming Keyboard&quot; rev 2.00/0.25 addr 3
uhidev0: iclass 3/1
ukbd0 at uhidev0: 8 variable keys, 6 key codes
wskbd1 at ukbd0 mux 1
wskbd1: connecting to wsdisplay0
uhidev1 at uhub5 port 1 configuration 1 interface 1 &quot;Manticore Manticore Gaming Keyboard&quot; rev 2.00/0.25 addr 3
uhidev1: iclass 3/1, 7 report ids
ums0 at uhidev1 reportid 1: 5 buttons, Z and W dir
wsmouse0 at ums0 mux 0
uhid0 at uhidev1 reportid 2: input=1, output=0, feature=0
uhid1 at uhidev1 reportid 3: input=7, output=0, feature=0
uhid2 at uhidev1 reportid 6: input=3, output=0, feature=0
uhid3 at uhidev1 reportid 7: input=0, output=0, feature=7
uhidev2 at uhub5 port 1 configuration 1 interface 2 &quot;Manticore Manticore Gaming Keyboard&quot; rev 2.00/0.25 addr 3
uhidev2: iclass 3/0
uhid4 at uhidev2: input=8, output=8, feature=0
uaudio0 at uhub1 port 1 configuration 1 interface 0 &quot;ZOOM Corporation H2n&quot; rev 1.10/0.00 addr 2
uaudio0: audio rev 1.00, 0 mixer controls
audio1 at uaudio0
uhidev3 at uhub1 port 2 configuration 1 interface 0 &quot;SunplusIT SmartMouse&quot; rev 2.00/5.22 addr 3
uhidev3: iclass 3/1
ukbd1 at uhidev3: 8 variable keys, 6 key codes
wskbd2 at ukbd1 mux 1
wskbd2: connecting to wsdisplay0
uhidev4 at uhub1 port 2 configuration 1 interface 1 &quot;SunplusIT SmartMouse&quot; rev 2.00/5.22 addr 3
uhidev4: iclass 3/1, 2 report ids
ums1 at uhidev4 reportid 1: 5 buttons, Z and W dir
wsmouse1 at ums1 mux 0
uhid5 at uhidev4 reportid 2: input=2, output=0, feature=0
vscsi0 at root
scsibus2 at vscsi0: 256 targets
softraid0 at root
scsibus3 at softraid0: 256 targets
sd0 at scsibus3 targ 1 lun 0: &lt;OPENBSD, SR RAID 1, 006&gt; SCSI2 0/direct fixed
sd0: 476939MB, 512 bytes/sector, 976772640 sectors
root on wd2a (a532d7f05bd48406.a) swap on wd2b dump on wd2b

</pre>



</div><!-- content -->
<br />
<div id="footer">
All comments/news/posts are the property of their individual owner and
is presented without warranty of suitability, and solely as an
informational resource. <br />
This site Copyright &copy; 2004-2020 NYC*BUG.
</div><!-- footer -->

</body>
</html>

