



<!doctype html>
<html lang="en">
<head>
<meta name="keywords"
	content="bsd, freebsd, openbsd, netbsd, dragonflybsd, nycbug, dmesgd" />
<meta name="description" content="New York City BSD User Group dmesgd" />
<meta charset="utf-8" />
<meta name="viewport" content="width=device-width, initial-scale=1" />
<title>NYC*BUG dmesgd</title>
<style>
body {
	text-align: left;
	margin: 15px auto;
	padding: 0px 10px;
}
@media (min-width: 800px) {
	body {
		max-width: 85%;
	}
}
#header {
	border-bottom: 1px solid #dbdbdb;
	font-size: 230%;
	text-align: left;
}
#footer {
	border-top: 1px solid #dbdbdb;
	clear: both;
	text-align: left;
}
.logo_bug {
	color: #cc0033;
}
#menu ul {
	list-style-type: none;
	margin: 0;
	padding: 0;
}
#menu li {
	float: left;
}
#menu li a {
	display: block;
	background-color: #dbdbdb;
	color: #000000;
	font-size: 105%;
	font-weight: bold;
	padding: 0px 6px 0px 6px;
	text-decoration: none;
}
#content {
	clear: both;
	text-align: left;
	padding-top: 10px;
}
#content h1 {
	font-size: 120%;
	font-weight: bold;
}
#content h2 {
	font-size: 110%;
	font-weight: bold;
}
#content a {
	text-decoration: none;
}
#content pre {
	background-color: #dbdbdb;
	padding: 5px 5px 5px 5px;
	white-space: pre-wrap;		/* css-3 */
	white-space: -moz-pre-wrap;	/* Mozilla, since 1999 */
	white-space: -pre-wrap;		/* Opera 4-6 */
	white-space: -o-pre-wrap;	/* Opera 7 */
	word-wrap: break-word;		/* Internet Explorer 5.5+ */
}
#content table {
	border-collapse: collapse;
}
#content table th {
	border: 1px solid #dbdbdb;
	font-size: 85%;
	white-space: nowrap;
}
#content table td {
	border: 1px solid #dbdbdb;
	font-size: 80%;
}
#content input {
	font-size: 1em;
}
#content .full	{ width: 100%; }
#content .left	{ text-align: left; }
#content .right	{ text-align: right; }
#content .center { text-align: center; }
#content .flexbox {
	display: -ms-flex;
	display: -webkit-flex;
	display: flex;
	width: 100%;
}
#content .left_col {
	min-width: 75px;
	max-width: 50%;
	flex-grow: 0;
}
#content .right_col {
	flex-grow: 1;
	margin-left: 10px;
	padding-top: 10px;
	padding-left: 10px;
}
#col {
	-moz-column-count: 3;
	-webkit-column-count: 3;
	column-count: 3;
}
</style>
</head>
<body>

<div id="header">
<strong><em>NYC*</em><span class="logo_bug">BUG</span> dmesgd</strong>
</div><!-- header -->

<div id="menu">
<ul>
<li><a href="https://dmesgd.nycbug.org/index.cgi?do=index">Home</a></li>
<li><a href="https://dmesgd.nycbug.org/index.cgi?do=submit">Submit</a></li>
<li><a href="https://www.nycbug.org/">NYC*BUG</a></li>
</ul>
</div><!-- menu -->

<div id="content">

<p>
Launched in 2004, dmesgd aims to provide a
<strong>user-submitted</strong> repository of searchable *BSD dmesgs.
The dmesg(8) command displays the system message buffer's content, and
during boot a copy is saved to <em>/var/run/dmesg.boot</em>.  This buffer
contains the operating system release, name and version, a list of
devices identified, plus a whole host of other useful information.  We
hope others find this resource useful and further contribute to its
growth. Contact us at [ admin at lists dot nycbug dot org ].
</p>

<hr />


<strong>Date:</strong> <em>2016-12-20 06:35:55</em><br />
<strong>From:</strong> <em>Me</em><br />
<strong>Description:</strong> <em>Bifrost</em><br />

<pre>
OpenBSD 6.0 (GENERIC.MP) #2319: Tue Jul 26 13:00:43 MDT 2016
    xxx@xxx.xxx:/usr/src/sys/arch/amd64/compile/GENERIC.MP
real mem = 17058811904 (16268MB)
avail mem = 16537341952 (15771MB)
mpath0 at root
scsibus0 at mpath0: 256 targets
mainbus0 at root
bios0 at mainbus0: SMBIOS rev. 2.8 @ 0xeb8a0 (103 entries)
bios0: vendor American Megatrends Inc. version &quot;0401&quot; date 06/23/2015
bios0: ASUS All Series
acpi0 at bios0: rev 2
acpi0: sleep states S0 S3 S4 S5
acpi0: tables DSDT FACP APIC FPDT FIDT MCFG ASF! UEFI BDAT HPET MSCT PMCT SLIT SRAT WDDT SSDT
acpi0: wakeup devices PS2K(S3) PS2M(S3) IP2P(S3) XHCI(S4) EHC1(S4) EHC2(S4) RP01(S4) RP02(S4) RP03(S4) RP04(S4) RP05(S4) RP06(S4) RP07(S4) RP08(S4) BR1A(S4) BR1B(S4) [...]
acpitimer0 at acpi0: 3579545 Hz, 24 bits
acpimadt0 at acpi0 addr 0xfee00000: PC-AT compat
cpu0 at mainbus0: apid 0 (boot processor)
cpu0: Intel(R) Xeon(R) CPU E5-1620 v3 @ 3.50GHz, 3498.39 MHz
cpu0: FPU,VME,DE,PSE,TSC,MSR,PAE,MCE,CX8,APIC,SEP,MTRR,PGE,MCA,CMOV,PAT,PSE36,CFLUSH,DS,ACPI,MMX,FXSR,SSE,SSE2,SS,HTT,TM,PBE,SSE3,PCLMUL,DTES64,MWAIT,DS-CPL,VMX,SMX,EST,TM2,SSSE3,FMA3,CX16,xTPR,PDCM,PCID,DCA,SSE4.1,SSE4.2,x2APIC,MOVBE,POPCNT,DEADLINE,AES,XSAVE,AVX,F16C,RDRAND,NXE,PAGE1GB,LONG,LAHF,ABM,PERF,ITSC,FSGSBASE,BMI1,AVX2,SMEP,BMI2,ERMS,INVPCID,PQM,SENSOR,ARAT
cpu0: 256KB 64b/line 8-way L2 cache
cpu0: smt 0, core 0, package 0
mtrr: Pentium Pro MTRR support, 10 var ranges, 88 fixed ranges
cpu0: apic clock running at 99MHz
cpu0: mwait min=64, max=64, C-substates=0.2.1.2, IBE
cpu1 at mainbus0: apid 2 (application processor)
cpu1: Intel(R) Xeon(R) CPU E5-1620 v3 @ 3.50GHz, 3497.97 MHz
cpu1: FPU,VME,DE,PSE,TSC,MSR,PAE,MCE,CX8,APIC,SEP,MTRR,PGE,MCA,CMOV,PAT,PSE36,CFLUSH,DS,ACPI,MMX,FXSR,SSE,SSE2,SS,HTT,TM,PBE,SSE3,PCLMUL,DTES64,MWAIT,DS-CPL,VMX,SMX,EST,TM2,SSSE3,FMA3,CX16,xTPR,PDCM,PCID,DCA,SSE4.1,SSE4.2,x2APIC,MOVBE,POPCNT,DEADLINE,AES,XSAVE,AVX,F16C,RDRAND,NXE,PAGE1GB,LONG,LAHF,ABM,PERF,ITSC,FSGSBASE,BMI1,AVX2,SMEP,BMI2,ERMS,INVPCID,PQM,SENSOR,ARAT
cpu1: 256KB 64b/line 8-way L2 cache
cpu1: smt 0, core 1, package 0
cpu2 at mainbus0: apid 4 (application processor)
cpu2: Intel(R) Xeon(R) CPU E5-1620 v3 @ 3.50GHz, 3497.97 MHz
cpu2: FPU,VME,DE,PSE,TSC,MSR,PAE,MCE,CX8,APIC,SEP,MTRR,PGE,MCA,CMOV,PAT,PSE36,CFLUSH,DS,ACPI,MMX,FXSR,SSE,SSE2,SS,HTT,TM,PBE,SSE3,PCLMUL,DTES64,MWAIT,DS-CPL,VMX,SMX,EST,TM2,SSSE3,FMA3,CX16,xTPR,PDCM,PCID,DCA,SSE4.1,SSE4.2,x2APIC,MOVBE,POPCNT,DEADLINE,AES,XSAVE,AVX,F16C,RDRAND,NXE,PAGE1GB,LONG,LAHF,ABM,PERF,ITSC,FSGSBASE,BMI1,AVX2,SMEP,BMI2,ERMS,INVPCID,PQM,SENSOR,ARAT
cpu2: 256KB 64b/line 8-way L2 cache
cpu2: smt 0, core 2, package 0
cpu3 at mainbus0: apid 6 (application processor)
cpu3: Intel(R) Xeon(R) CPU E5-1620 v3 @ 3.50GHz, 3497.97 MHz
cpu3: FPU,VME,DE,PSE,TSC,MSR,PAE,MCE,CX8,APIC,SEP,MTRR,PGE,MCA,CMOV,PAT,PSE36,CFLUSH,DS,ACPI,MMX,FXSR,SSE,SSE2,SS,HTT,TM,PBE,SSE3,PCLMUL,DTES64,MWAIT,DS-CPL,VMX,SMX,EST,TM2,SSSE3,FMA3,CX16,xTPR,PDCM,PCID,DCA,SSE4.1,SSE4.2,x2APIC,MOVBE,POPCNT,DEADLINE,AES,XSAVE,AVX,F16C,RDRAND,NXE,PAGE1GB,LONG,LAHF,ABM,PERF,ITSC,FSGSBASE,BMI1,AVX2,SMEP,BMI2,ERMS,INVPCID,PQM,SENSOR,ARAT
cpu3: 256KB 64b/line 8-way L2 cache
cpu3: smt 0, core 3, package 0
cpu4 at mainbus0: apid 1 (application processor)
cpu4: Intel(R) Xeon(R) CPU E5-1620 v3 @ 3.50GHz, 3497.97 MHz
cpu4: FPU,VME,DE,PSE,TSC,MSR,PAE,MCE,CX8,APIC,SEP,MTRR,PGE,MCA,CMOV,PAT,PSE36,CFLUSH,DS,ACPI,MMX,FXSR,SSE,SSE2,SS,HTT,TM,PBE,SSE3,PCLMUL,DTES64,MWAIT,DS-CPL,VMX,SMX,EST,TM2,SSSE3,FMA3,CX16,xTPR,PDCM,PCID,DCA,SSE4.1,SSE4.2,x2APIC,MOVBE,POPCNT,DEADLINE,AES,XSAVE,AVX,F16C,RDRAND,NXE,PAGE1GB,LONG,LAHF,ABM,PERF,ITSC,FSGSBASE,BMI1,AVX2,SMEP,BMI2,ERMS,INVPCID,PQM,SENSOR,ARAT
cpu4: 256KB 64b/line 8-way L2 cache
cpu4: smt 1, core 0, package 0
cpu5 at mainbus0: apid 3 (application processor)
cpu5: Intel(R) Xeon(R) CPU E5-1620 v3 @ 3.50GHz, 3497.97 MHz
cpu5: FPU,VME,DE,PSE,TSC,MSR,PAE,MCE,CX8,APIC,SEP,MTRR,PGE,MCA,CMOV,PAT,PSE36,CFLUSH,DS,ACPI,MMX,FXSR,SSE,SSE2,SS,HTT,TM,PBE,SSE3,PCLMUL,DTES64,MWAIT,DS-CPL,VMX,SMX,EST,TM2,SSSE3,FMA3,CX16,xTPR,PDCM,PCID,DCA,SSE4.1,SSE4.2,x2APIC,MOVBE,POPCNT,DEADLINE,AES,XSAVE,AVX,F16C,RDRAND,NXE,PAGE1GB,LONG,LAHF,ABM,PERF,ITSC,FSGSBASE,BMI1,AVX2,SMEP,BMI2,ERMS,INVPCID,PQM,SENSOR,ARAT
cpu5: 256KB 64b/line 8-way L2 cache
cpu5: smt 1, core 1, package 0
cpu6 at mainbus0: apid 5 (application processor)
cpu6: Intel(R) Xeon(R) CPU E5-1620 v3 @ 3.50GHz, 3497.97 MHz
cpu6: FPU,VME,DE,PSE,TSC,MSR,PAE,MCE,CX8,APIC,SEP,MTRR,PGE,MCA,CMOV,PAT,PSE36,CFLUSH,DS,ACPI,MMX,FXSR,SSE,SSE2,SS,HTT,TM,PBE,SSE3,PCLMUL,DTES64,MWAIT,DS-CPL,VMX,SMX,EST,TM2,SSSE3,FMA3,CX16,xTPR,PDCM,PCID,DCA,SSE4.1,SSE4.2,x2APIC,MOVBE,POPCNT,DEADLINE,AES,XSAVE,AVX,F16C,RDRAND,NXE,PAGE1GB,LONG,LAHF,ABM,PERF,ITSC,FSGSBASE,BMI1,AVX2,SMEP,BMI2,ERMS,INVPCID,PQM,SENSOR,ARAT
cpu6: 256KB 64b/line 8-way L2 cache
cpu6: smt 1, core 2, package 0
cpu7 at mainbus0: apid 7 (application processor)
cpu7: Intel(R) Xeon(R) CPU E5-1620 v3 @ 3.50GHz, 3497.97 MHz
cpu7: FPU,VME,DE,PSE,TSC,MSR,PAE,MCE,CX8,APIC,SEP,MTRR,PGE,MCA,CMOV,PAT,PSE36,CFLUSH,DS,ACPI,MMX,FXSR,SSE,SSE2,SS,HTT,TM,PBE,SSE3,PCLMUL,DTES64,MWAIT,DS-CPL,VMX,SMX,EST,TM2,SSSE3,FMA3,CX16,xTPR,PDCM,PCID,DCA,SSE4.1,SSE4.2,x2APIC,MOVBE,POPCNT,DEADLINE,AES,XSAVE,AVX,F16C,RDRAND,NXE,PAGE1GB,LONG,LAHF,ABM,PERF,ITSC,FSGSBASE,BMI1,AVX2,SMEP,BMI2,ERMS,INVPCID,PQM,SENSOR,ARAT
cpu7: 256KB 64b/line 8-way L2 cache
cpu7: smt 1, core 3, package 0
ioapic0 at mainbus0: apid 8 pa 0xfec00000, version 20, 24 pins
ioapic1 at mainbus0: apid 9 pa 0xfec01000, version 20, 24 pins
acpimcfg0 at acpi0 addr 0xe0000000, bus 0-255
acpihpet0 at acpi0: 14318179 Hz
acpiprt0 at acpi0: bus 255 (UNC0)
acpiprt1 at acpi0: bus 0 (PCI0)
acpiprt2 at acpi0: bus 9 (RP01)
acpiprt3 at acpi0: bus -1 (RP03)
acpiprt4 at acpi0: bus 10 (RP04)
acpiprt5 at acpi0: bus 11 (RP05)
acpiprt6 at acpi0: bus -1 (RP07)
acpiprt7 at acpi0: bus 12 (RP08)
acpiprt8 at acpi0: bus 8 (BR1A)
acpiprt9 at acpi0: bus -1 (BR1B)
acpiprt10 at acpi0: bus 2 (BR2A)
acpiprt11 at acpi0: bus 1 (BR3A)
acpicpu0 at acpi0: C2(350@41 io@0x415), C1(1016@1 halt), PSS
acpicpu1 at acpi0: C2(350@41 io@0x415), C1(1016@1 halt), PSS
acpicpu2 at acpi0: C2(350@41 io@0x415), C1(1016@1 halt), PSS
acpicpu3 at acpi0: C2(350@41 io@0x415), C1(1016@1 halt), PSS
acpicpu4 at acpi0: C2(350@41 io@0x415), C1(1016@1 halt), PSS
acpicpu5 at acpi0: C2(350@41 io@0x415), C1(1016@1 halt), PSS
acpicpu6 at acpi0: C2(350@41 io@0x415), C1(1016@1 halt), PSS
acpicpu7 at acpi0: C2(350@41 io@0x415), C1(1016@1 halt), PSS
&quot;ACPI0004&quot; at acpi0 not configured
&quot;ACPI0004&quot; at acpi0 not configured
&quot;ACPI0004&quot; at acpi0 not configured
&quot;ACPI0004&quot; at acpi0 not configured
&quot;PNP0C14&quot; at acpi0 not configured
&quot;PNP0003&quot; at acpi0 not configured
&quot;PNP0501&quot; at acpi0 not configured
&quot;PNP0C14&quot; at acpi0 not configured
acpibtn0 at acpi0: PWRB
&quot;PNP0A05&quot; at acpi0 not configured
&quot;PNP0C14&quot; at acpi0 not configured
&quot;PNP0A0A&quot; at acpi0 not configured
cpu0: Enhanced SpeedStep 3498 MHz: speeds: 3501, 3500, 3300, 3200, 3000, 2800, 2700, 2500, 2300, 2200, 2000, 1900, 1700, 1500, 1400, 1200 MHz
pci0 at mainbus0 bus 0
pchb0 at pci0 dev 0 function 0 &quot;Intel E5 v3 Host&quot; rev 0x02
ppb0 at pci0 dev 1 function 0 &quot;Intel E5 v3 PCIE&quot; rev 0x02: msi
pci1 at ppb0 bus 8
ppb1 at pci0 dev 2 function 0 &quot;Intel E5 v3 PCIE&quot; rev 0x02: msi
pci2 at ppb1 bus 2
ppb2 at pci2 dev 0 function 0 vendor &quot;PLX&quot;, unknown product 0x8608 rev 0xba
pci3 at ppb2 bus 3
ppb3 at pci3 dev 1 function 0 vendor &quot;PLX&quot;, unknown product 0x8608 rev 0xba: msi
pci4 at ppb3 bus 4
re0 at pci4 dev 0 function 0 &quot;Realtek 8168&quot; rev 0x06: RTL8168E/8111E (0x2c00), msi, address xx:xx:xx:xx:xx:xx
rgephy0 at re0 phy 7: RTL8169S/8110S/8211 PHY, rev. 4
ppb4 at pci3 dev 5 function 0 vendor &quot;PLX&quot;, unknown product 0x8608 rev 0xba: msi
pci5 at ppb4 bus 5
re1 at pci5 dev 0 function 0 &quot;Realtek 8168&quot; rev 0x06: RTL8168E/8111E (0x2c00), msi, address xx:xx:xx:xx:xx:xx
rgephy1 at re1 phy 7: RTL8169S/8110S/8211 PHY, rev. 4
ppb5 at pci3 dev 7 function 0 vendor &quot;PLX&quot;, unknown product 0x8608 rev 0xba: msi
pci6 at ppb5 bus 6
re2 at pci6 dev 0 function 0 &quot;Realtek 8168&quot; rev 0x06: RTL8168E/8111E (0x2c00), msi, address xx:xx:xx:xx:xx:xx
rgephy2 at re2 phy 7: RTL8169S/8110S/8211 PHY, rev. 4
ppb6 at pci3 dev 9 function 0 vendor &quot;PLX&quot;, unknown product 0x8608 rev 0xba: msi
pci7 at ppb6 bus 7
re3 at pci7 dev 0 function 0 &quot;Realtek 8168&quot; rev 0x06: RTL8168E/8111E (0x2c00), msi, address xx:xx:xx:xx:xx:xx
rgephy3 at re3 phy 7: RTL8169S/8110S/8211 PHY, rev. 4
ppb7 at pci0 dev 3 function 0 &quot;Intel E5 v3 PCIE&quot; rev 0x02: msi
pci8 at ppb7 bus 1
vga1 at pci8 dev 0 function 0 vendor &quot;NVIDIA&quot;, unknown product 0x104a rev 0xa1
wsdisplay0 at vga1 mux 1: console (80x25, vt100 emulation)
wsdisplay0: screen 1-5 added (80x25, vt100 emulation)
azalia0 at pci8 dev 0 function 1 vendor &quot;NVIDIA&quot;, unknown product 0x0e08 rev 0xa1: msi
azalia0: no supported codecs
&quot;Intel E5 v3 Address Map&quot; rev 0x02 at pci0 dev 5 function 0 not configured
&quot;Intel E5 v3 Hot Plug&quot; rev 0x02 at pci0 dev 5 function 1 not configured
&quot;Intel E5 v3 Error Reporting&quot; rev 0x02 at pci0 dev 5 function 2 not configured
&quot;Intel E5 v3 I/O APIC&quot; rev 0x02 at pci0 dev 5 function 4 not configured
&quot;Intel C610 MS SPSR&quot; rev 0x05 at pci0 dev 17 function 0 not configured
xhci0 at pci0 dev 20 function 0 &quot;Intel C610 xHCI&quot; rev 0x05: apic 8 int 23
usb0 at xhci0: USB revision 3.0
uhub0 at usb0 &quot;Intel xHCI root hub&quot; rev 3.00/1.00 addr 1
&quot;Intel C610 MEI&quot; rev 0x05 at pci0 dev 22 function 0 not configured
em0 at pci0 dev 25 function 0 &quot;Intel I218-LM&quot; rev 0x05: msi, address xx:xx:xx:xx:xx:xx
ehci0 at pci0 dev 26 function 0 &quot;Intel C610 USB&quot; rev 0x05: apic 8 int 18
usb1 at ehci0: USB revision 2.0
uhub1 at usb1 &quot;Intel EHCI root hub&quot; rev 2.00/1.00 addr 1
azalia1 at pci0 dev 27 function 0 &quot;Intel C610 HD Audio&quot; rev 0x05: msi
azalia1: codecs: Realtek ALC1150
audio0 at azalia1
ppb8 at pci0 dev 28 function 0 &quot;Intel C610 PCIE&quot; rev 0xd5: msi
pci9 at ppb8 bus 9
ppb9 at pci0 dev 28 function 3 &quot;Intel C610 PCIE&quot; rev 0xd5: msi
pci10 at ppb9 bus 10
em1 at pci10 dev 0 function 0 &quot;Intel I210&quot; rev 0x03: msi, address xx:xx:xx:xx:xx:xx
ppb10 at pci0 dev 28 function 4 &quot;Intel C610 PCIE&quot; rev 0xd5: msi
pci11 at ppb10 bus 11
xhci1 at pci11 dev 0 function 0 &quot;ASMedia ASM1042AE xHCI&quot; rev 0x00: msi
usb2 at xhci1: USB revision 3.0
uhub2 at usb2 &quot;ASMedia xHCI root hub&quot; rev 3.00/1.00 addr 1
ppb11 at pci0 dev 28 function 7 &quot;Intel C610 PCIE&quot; rev 0xd5: msi
pci12 at ppb11 bus 12
&quot;Broadcom BCM4360&quot; rev 0x03 at pci12 dev 0 function 0 not configured
ehci1 at pci0 dev 29 function 0 &quot;Intel C610 USB&quot; rev 0x05: apic 8 int 21
usb3 at ehci1: USB revision 2.0
uhub3 at usb3 &quot;Intel EHCI root hub&quot; rev 2.00/1.00 addr 1
pcib0 at pci0 dev 31 function 0 &quot;Intel X99 LPC&quot; rev 0x05
ahci0 at pci0 dev 31 function 2 &quot;Intel C610 AHCI&quot; rev 0x05: msi, AHCI 1.3
ahci0: port 1: 6.0Gb/s
scsibus1 at ahci0: 32 targets
sd0 at scsibus1 targ 1 lun 0: &lt;ATA, Samsung SSD 850, EXM0&gt; SCSI3 0/direct fixed naa.50025388a0a52f78
sd0: 244198MB, 512 bytes/sector, 500118192 sectors, thin
ichiic0 at pci0 dev 31 function 3 &quot;Intel C610 SMBus&quot; rev 0x05: apic 8 int 18
iic0 at ichiic0
isa0 at pcib0
isadma0 at isa0
com0 at isa0 port 0x3f8/8 irq 4: ns16550a, 16 byte fifo
pckbc0 at isa0 port 0x60/5 irq 1 irq 12
pckbd0 at pckbc0 (kbd slot)
wskbd0 at pckbd0: console keyboard, using wsdisplay0
pcppi0 at isa0 port 0x61
spkr0 at pcppi0
pci13 at mainbus0 bus 255
&quot;Intel E5 v3 QPI Monitor&quot; rev 0x02 at pci13 dev 11 function 0 not configured
&quot;Intel E5 v3 QPI Monitor&quot; rev 0x02 at pci13 dev 11 function 1 not configured
&quot;Intel E5 v3 QPI Monitor&quot; rev 0x02 at pci13 dev 11 function 2 not configured
&quot;Intel E5 v3 Unicast&quot; rev 0x02 at pci13 dev 12 function 0 not configured
&quot;Intel E5 v3 Unicast&quot; rev 0x02 at pci13 dev 12 function 1 not configured
&quot;Intel E5 v3 Unicast&quot; rev 0x02 at pci13 dev 12 function 2 not configured
&quot;Intel E5 v3 Unicast&quot; rev 0x02 at pci13 dev 12 function 3 not configured
&quot;Intel E5 v3 Ring Agent&quot; rev 0x02 at pci13 dev 15 function 0 not configured
&quot;Intel E5 v3 Ring Agent&quot; rev 0x02 at pci13 dev 15 function 1 not configured
&quot;Intel E5 v3 SAD&quot; rev 0x02 at pci13 dev 15 function 4 not configured
&quot;Intel E5 v3 SAD&quot; rev 0x02 at pci13 dev 15 function 5 not configured
&quot;Intel E5 v3 SAD&quot; rev 0x02 at pci13 dev 15 function 6 not configured
&quot;Intel E5 v3 PCIE Ring&quot; rev 0x02 at pci13 dev 16 function 0 not configured
&quot;Intel E5 v3 PCIE Monitor&quot; rev 0x02 at pci13 dev 16 function 1 not configured
&quot;Intel E5 v3 Scratch&quot; rev 0x02 at pci13 dev 16 function 5 not configured
&quot;Intel E5 v3 Scratch&quot; rev 0x02 at pci13 dev 16 function 6 not configured
&quot;Intel E5 v3 Scratch&quot; rev 0x02 at pci13 dev 16 function 7 not configured
&quot;Intel E5 v3 Home Agent&quot; rev 0x02 at pci13 dev 18 function 0 not configured
&quot;Intel E5 v3 Home Agent&quot; rev 0x02 at pci13 dev 18 function 1 not configured
&quot;Intel E5 v3 Memory&quot; rev 0x02 at pci13 dev 19 function 0 not configured
&quot;Intel E5 v3 RAS&quot; rev 0x02 at pci13 dev 19 function 1 not configured
&quot;Intel E5 v3 TAD&quot; rev 0x02 at pci13 dev 19 function 2 not configured
&quot;Intel E5 v3 TAD&quot; rev 0x02 at pci13 dev 19 function 3 not configured
&quot;Intel E5 v3 TAD&quot; rev 0x02 at pci13 dev 19 function 4 not configured
&quot;Intel E5 v3 TAD&quot; rev 0x02 at pci13 dev 19 function 5 not configured
&quot;Intel E5 v3 DDR Broadcast&quot; rev 0x02 at pci13 dev 19 function 6 not configured
&quot;Intel E5 v3 DDR Broadcast&quot; rev 0x02 at pci13 dev 19 function 7 not configured
&quot;Intel E5 v3 Thermal&quot; rev 0x02 at pci13 dev 20 function 0 not configured
&quot;Intel E5 v3 Thermal&quot; rev 0x02 at pci13 dev 20 function 1 not configured
&quot;Intel E5 v3 Error&quot; rev 0x02 at pci13 dev 20 function 2 not configured
&quot;Intel E5 v3 Error&quot; rev 0x02 at pci13 dev 20 function 3 not configured
&quot;Intel E5 v3 DDRIO&quot; rev 0x02 at pci13 dev 20 function 6 not configured
&quot;Intel E5 v3 DDRIO&quot; rev 0x02 at pci13 dev 20 function 7 not configured
&quot;Intel E5 v3 Thermal&quot; rev 0x02 at pci13 dev 21 function 0 not configured
&quot;Intel E5 v3 Thermal&quot; rev 0x02 at pci13 dev 21 function 1 not configured
&quot;Intel E5 v3 Error&quot; rev 0x02 at pci13 dev 21 function 2 not configured
&quot;Intel E5 v3 Error&quot; rev 0x02 at pci13 dev 21 function 3 not configured
&quot;Intel E5 v3 TA&quot; rev 0x02 at pci13 dev 22 function 0 not configured
&quot;Intel E5 v3 DDR Broadcast&quot; rev 0x02 at pci13 dev 22 function 6 not configured
&quot;Intel E5 v3 DDR Broadcast&quot; rev 0x02 at pci13 dev 22 function 7 not configured
&quot;Intel E5 v3 Thermal&quot; rev 0x02 at pci13 dev 23 function 0 not configured
&quot;Intel E5 v3 DDRIO&quot; rev 0x02 at pci13 dev 23 function 4 not configured
&quot;Intel E5 v3 DDRIO&quot; rev 0x02 at pci13 dev 23 function 5 not configured
&quot;Intel E5 v3 DDRIO&quot; rev 0x02 at pci13 dev 23 function 6 not configured
&quot;Intel E5 v3 DDRIO&quot; rev 0x02 at pci13 dev 23 function 7 not configured
&quot;Intel E5 v3 PCU&quot; rev 0x02 at pci13 dev 30 function 0 not configured
&quot;Intel E5 v3 PCU&quot; rev 0x02 at pci13 dev 30 function 1 not configured
&quot;Intel E5 v3 PCU&quot; rev 0x02 at pci13 dev 30 function 2 not configured
&quot;Intel E5 v3 PCU&quot; rev 0x02 at pci13 dev 30 function 3 not configured
&quot;Intel E5 v3 PCU&quot; rev 0x02 at pci13 dev 30 function 4 not configured
&quot;Intel E5 v3 VCU&quot; rev 0x02 at pci13 dev 31 function 0 not configured
&quot;Intel E5 v3 VCU&quot; rev 0x02 at pci13 dev 31 function 2 not configured
pci14 at mainbus0 bus 224
ugen0 at uhub0 port 6 &quot;Broadcom Corp BCM20702A0&quot; rev 2.00/1.12 addr 2
uhub4 at uhub1 port 1 &quot;Intel Rate Matching Hub&quot; rev 2.00/0.05 addr 2
uhub5 at uhub3 port 1 &quot;Intel Rate Matching Hub&quot; rev 2.00/0.05 addr 2
vscsi0 at root
scsibus2 at vscsi0: 256 targets
softraid0 at root
scsibus3 at softraid0: 256 targets
root on sd0a (515a3222a19a3a23.a) swap on sd0b dump on sd0b
</pre>



</div><!-- content -->
<br />
<div id="footer">
All comments/news/posts are the property of their individual owner and
is presented without warranty of suitability, and solely as an
informational resource. <br />
This site Copyright &copy; 2004-2020 NYC*BUG.
</div><!-- footer -->

</body>
</html>

