



<!doctype html>
<html lang="en">
<head>
<meta name="keywords"
	content="bsd, freebsd, openbsd, netbsd, dragonflybsd, nycbug, dmesgd" />
<meta name="description" content="New York City BSD User Group dmesgd" />
<meta charset="utf-8" />
<meta name="viewport" content="width=device-width, initial-scale=1" />
<title>NYC*BUG dmesgd</title>
<style>
body {
	text-align: left;
	margin: 15px auto;
	padding: 0px 10px;
}
@media (min-width: 800px) {
	body {
		max-width: 85%;
	}
}
#header {
	border-bottom: 1px solid #dbdbdb;
	font-size: 230%;
	text-align: left;
}
#footer {
	border-top: 1px solid #dbdbdb;
	clear: both;
	text-align: left;
}
.logo_bug {
	color: #cc0033;
}
#menu ul {
	list-style-type: none;
	margin: 0;
	padding: 0;
}
#menu li {
	float: left;
}
#menu li a {
	display: block;
	background-color: #dbdbdb;
	color: #000000;
	font-size: 105%;
	font-weight: bold;
	padding: 0px 6px 0px 6px;
	text-decoration: none;
}
#content {
	clear: both;
	text-align: left;
	padding-top: 10px;
}
#content h1 {
	font-size: 120%;
	font-weight: bold;
}
#content h2 {
	font-size: 110%;
	font-weight: bold;
}
#content a {
	text-decoration: none;
}
#content pre {
	background-color: #dbdbdb;
	padding: 5px 5px 5px 5px;
	white-space: pre-wrap;		/* css-3 */
	white-space: -moz-pre-wrap;	/* Mozilla, since 1999 */
	white-space: -pre-wrap;		/* Opera 4-6 */
	white-space: -o-pre-wrap;	/* Opera 7 */
	word-wrap: break-word;		/* Internet Explorer 5.5+ */
}
#content table {
	border-collapse: collapse;
}
#content table th {
	border: 1px solid #dbdbdb;
	font-size: 85%;
	white-space: nowrap;
}
#content table td {
	border: 1px solid #dbdbdb;
	font-size: 80%;
}
#content input {
	font-size: 1em;
}
#content .full	{ width: 100%; }
#content .left	{ text-align: left; }
#content .right	{ text-align: right; }
#content .center { text-align: center; }
#content .flexbox {
	display: -ms-flex;
	display: -webkit-flex;
	display: flex;
	width: 100%;
}
#content .left_col {
	min-width: 75px;
	max-width: 50%;
	flex-grow: 0;
}
#content .right_col {
	flex-grow: 1;
	margin-left: 10px;
	padding-top: 10px;
	padding-left: 10px;
}
#col {
	-moz-column-count: 3;
	-webkit-column-count: 3;
	column-count: 3;
}
</style>
</head>
<body>

<div id="header">
<strong><em>NYC*</em><span class="logo_bug">BUG</span> dmesgd</strong>
</div><!-- header -->

<div id="menu">
<ul>
<li><a href="https://dmesgd.nycbug.org/index.cgi?do=index">Home</a></li>
<li><a href="https://dmesgd.nycbug.org/index.cgi?do=submit">Submit</a></li>
<li><a href="https://www.nycbug.org/">NYC*BUG</a></li>
</ul>
</div><!-- menu -->

<div id="content">

<p>
Launched in 2004, dmesgd aims to provide a
<strong>user-submitted</strong> repository of searchable *BSD dmesgs.
The dmesg(8) command displays the system message buffer's content, and
during boot a copy is saved to <em>/var/run/dmesg.boot</em>.  This buffer
contains the operating system release, name and version, a list of
devices identified, plus a whole host of other useful information.  We
hope others find this resource useful and further contribute to its
growth. Contact us at [ admin at lists dot nycbug dot org ].
</p>

<hr />


<strong>Date:</strong> <em>2016-12-23 13:00:31</em><br />
<strong>From:</strong> <em>tomten</em><br />
<strong>Description:</strong> <em>OpenBSD 6.0-stable on Dell PowerEdge R220</em><br />

<pre>
OpenBSD 6.0-stable (GENERIC.MP) #0: Fri Dec 23 10:41:09 CET 2016
    xxx@xxx.xxx:/usr/src/sys/arch/amd64/compile/GENERIC.MP
RTC BIOS diagnostic error 80&lt;clock_battery&gt;
real mem = 4101238784 (3911MB)
avail mem = 3972464640 (3788MB)
mpath0 at root
scsibus0 at mpath0: 256 targets
mainbus0 at root
bios0 at mainbus0: SMBIOS rev. 2.7 @ 0xe5370 (51 entries)
bios0: vendor Dell Inc. version &quot;1.7.0&quot; date 10/23/2015
bios0: Dell Inc. PowerEdge R220
acpi0 at bios0: rev 2
acpi0: sleep states S0 S4 S5
acpi0: tables DSDT FACP UEFI UEFI ASF! ASPT BOOT DBGP HPET APIC MCFG SLIC SSDT SPMI SSDT SSDT SSDT SSDT FPDT HEST ERST BERT EINJ
acpi0: wakeup devices P0P1(S4) UAR1(S3) ECIR(S4) GLAN(S4) EHC1(S4) EHC2(S4) XHC_(S4) HDEF(S4) PXSX(S4) RP01(S4) PXSX(S4) RP02(S4) PXSX(S4) RP03(S4) PXSX(S4) RP04(S4) [...]
acpitimer0 at acpi0: 3579545 Hz, 24 bits
acpihpet0 at acpi0: 14318179 Hz
acpimadt0 at acpi0 addr 0xfee00000: PC-AT compat
cpu0 at mainbus0: apid 0 (boot processor)
cpu0: Intel(R) Core(TM) i3-4150 CPU @ 3.50GHz, 3492.45 MHz
cpu0: FPU,VME,DE,PSE,TSC,MSR,PAE,MCE,CX8,APIC,SEP,MTRR,PGE,MCA,CMOV,PAT,PSE36,CFLUSH,DS,ACPI,MMX,FXSR,SSE,SSE2,SS,HTT,TM,PBE,SSE3,PCLMUL,DTES64,MWAIT,DS-CPL,VMX,EST,TM2,SSSE3,FMA3,CX16,xTPR,PDCM,PCID,SSE4.1,SSE4.2,MOVBE,POPCNT,DEADLINE,AES,XSAVE,AVX,F16C,RDRAND,NXE,PAGE1GB,LONG,LAHF,ABM,PERF,ITSC,FSGSBASE,BMI1,AVX2,SMEP,BMI2,ERMS,INVPCID,SENSOR,ARAT
cpu0: 256KB 64b/line 8-way L2 cache
cpu0: smt 0, core 0, package 0
mtrr: Pentium Pro MTRR support, 10 var ranges, 88 fixed ranges
cpu0: apic clock running at 99MHz
cpu0: mwait min=64, max=64, C-substates=0.2.1.2.4, IBE
cpu1 at mainbus0: apid 1 (application processor)
cpu1: Intel(R) Core(TM) i3-4150 CPU @ 3.50GHz, 3491.91 MHz
cpu1: FPU,VME,DE,PSE,TSC,MSR,PAE,MCE,CX8,APIC,SEP,MTRR,PGE,MCA,CMOV,PAT,PSE36,CFLUSH,DS,ACPI,MMX,FXSR,SSE,SSE2,SS,HTT,TM,PBE,SSE3,PCLMUL,DTES64,MWAIT,DS-CPL,VMX,EST,TM2,SSSE3,FMA3,CX16,xTPR,PDCM,PCID,SSE4.1,SSE4.2,MOVBE,POPCNT,DEADLINE,AES,XSAVE,AVX,F16C,RDRAND,NXE,PAGE1GB,LONG,LAHF,ABM,PERF,ITSC,FSGSBASE,BMI1,AVX2,SMEP,BMI2,ERMS,INVPCID,SENSOR,ARAT
cpu1: 256KB 64b/line 8-way L2 cache
cpu1: smt 1, core 0, package 0
cpu2 at mainbus0: apid 2 (application processor)
cpu2: Intel(R) Core(TM) i3-4150 CPU @ 3.50GHz, 3491.91 MHz
cpu2: FPU,VME,DE,PSE,TSC,MSR,PAE,MCE,CX8,APIC,SEP,MTRR,PGE,MCA,CMOV,PAT,PSE36,CFLUSH,DS,ACPI,MMX,FXSR,SSE,SSE2,SS,HTT,TM,PBE,SSE3,PCLMUL,DTES64,MWAIT,DS-CPL,VMX,EST,TM2,SSSE3,FMA3,CX16,xTPR,PDCM,PCID,SSE4.1,SSE4.2,MOVBE,POPCNT,DEADLINE,AES,XSAVE,AVX,F16C,RDRAND,NXE,PAGE1GB,LONG,LAHF,ABM,PERF,ITSC,FSGSBASE,BMI1,AVX2,SMEP,BMI2,ERMS,INVPCID,SENSOR,ARAT
cpu2: 256KB 64b/line 8-way L2 cache
cpu2: smt 0, core 1, package 0
cpu3 at mainbus0: apid 3 (application processor)
cpu3: Intel(R) Core(TM) i3-4150 CPU @ 3.50GHz, 3491.91 MHz
cpu3: FPU,VME,DE,PSE,TSC,MSR,PAE,MCE,CX8,APIC,SEP,MTRR,PGE,MCA,CMOV,PAT,PSE36,CFLUSH,DS,ACPI,MMX,FXSR,SSE,SSE2,SS,HTT,TM,PBE,SSE3,PCLMUL,DTES64,MWAIT,DS-CPL,VMX,EST,TM2,SSSE3,FMA3,CX16,xTPR,PDCM,PCID,SSE4.1,SSE4.2,MOVBE,POPCNT,DEADLINE,AES,XSAVE,AVX,F16C,RDRAND,NXE,PAGE1GB,LONG,LAHF,ABM,PERF,ITSC,FSGSBASE,BMI1,AVX2,SMEP,BMI2,ERMS,INVPCID,SENSOR,ARAT
cpu3: 256KB 64b/line 8-way L2 cache
cpu3: smt 1, core 1, package 0
ioapic0 at mainbus0: apid 2 pa 0xfec00000, version 20, 24 pins
acpimcfg0 at acpi0 addr 0xf0000000, bus 0-127
acpiprt0 at acpi0: bus 0 (PCI0)
acpiprt1 at acpi0: bus -1 (P0P1)
acpiprt2 at acpi0: bus 1 (RP01)
acpiprt3 at acpi0: bus -1 (RP02)
acpiprt4 at acpi0: bus 2 (RP03)
acpiprt5 at acpi0: bus -1 (RP04)
acpiprt6 at acpi0: bus -1 (RP05)
acpiprt7 at acpi0: bus -1 (RP06)
acpiprt8 at acpi0: bus -1 (RP07)
acpiprt9 at acpi0: bus -1 (RP08)
acpiprt10 at acpi0: bus -1 (PEG0)
acpiprt11 at acpi0: bus -1 (PEG1)
acpiprt12 at acpi0: bus -1 (PEG2)
acpiec0 at acpi0: not present
acpicpu0 at acpi0: C2(200@148 mwait.1@0x33), C1(1000@1 mwait.1), PSS
acpicpu1 at acpi0: C2(200@148 mwait.1@0x33), C1(1000@1 mwait.1), PSS
acpicpu2 at acpi0: C2(200@148 mwait.1@0x33), C1(1000@1 mwait.1), PSS
acpicpu3 at acpi0: C2(200@148 mwait.1@0x33), C1(1000@1 mwait.1), PSS
acpipwrres0 at acpi0: FN00, resource for FAN0
acpipwrres1 at acpi0: FN01, resource for FAN1
acpipwrres2 at acpi0: FN02, resource for FAN2
acpipwrres3 at acpi0: FN03, resource for FAN3
acpipwrres4 at acpi0: FN04, resource for FAN4
acpitz0 at acpi0: critical temperature is 105 degC
acpitz1 at acpi0: critical temperature is 105 degC
acpibat0 at acpi0: BAT0 model &quot;CRB Battery 0&quot; serial Battery 0 type Fake oem &quot;-Virtual Battery 0-&quot;
acpibat1 at acpi0: BAT1 not present
acpibat2 at acpi0: BAT2 not present
&quot;INT33D6&quot; at acpi0 not configured
&quot;INT3F0D&quot; at acpi0 not configured
&quot;IPI0001&quot; at acpi0 not configured
&quot;PNP0401&quot; at acpi0 not configured
&quot;PNP0A05&quot; at acpi0 not configured
&quot;PNP0501&quot; at acpi0 not configured
&quot;PNP0501&quot; at acpi0 not configured
&quot;PNP0C33&quot; at acpi0 not configured
&quot;INT340E&quot; at acpi0 not configured
&quot;PNP0C0B&quot; at acpi0 not configured
&quot;PNP0C0B&quot; at acpi0 not configured
&quot;PNP0C0B&quot; at acpi0 not configured
&quot;PNP0C0B&quot; at acpi0 not configured
&quot;PNP0C0B&quot; at acpi0 not configured
acpidock0 at acpi0: DOCK not docked (0)
acpivideo0 at acpi0: GFX0
acpivout0 at acpivideo0: DD1F
ipmi at mainbus0 not configured
cpu0: Enhanced SpeedStep 3492 MHz: speeds: 3500, 3300, 3100, 3000, 2800, 2600, 2400, 2200, 2100, 1900, 1700, 1500, 1300, 1200, 1000, 800 MHz
pci0 at mainbus0 bus 0
pchb0 at pci0 dev 0 function 0 &quot;Intel Core 4G Host&quot; rev 0x06
xhci0 at pci0 dev 20 function 0 &quot;Intel 8 Series xHCI&quot; rev 0x05: msi
usb0 at xhci0: USB revision 3.0
uhub0 at usb0 &quot;Intel xHCI root hub&quot; rev 3.00/1.00 addr 1
ehci0 at pci0 dev 26 function 0 &quot;Intel 8 Series USB&quot; rev 0x05: apic 2 int 16
usb1 at ehci0: USB revision 2.0
uhub1 at usb1 &quot;Intel EHCI root hub&quot; rev 2.00/1.00 addr 1
ppb0 at pci0 dev 28 function 0 &quot;Intel 8 Series PCIE&quot; rev 0xd5: msi
pci1 at ppb0 bus 1
bge0 at pci1 dev 0 function 0 &quot;Broadcom BCM5720&quot; rev 0x00, BCM5720 A0 (0x5720000), APE firmware NCSI 1.3.16.0: msi, address xx:xx:xx:xx:xx:xx
brgphy0 at bge0 phy 1: BCM5720C 10/100/1000baseT PHY, rev. 0
bge1 at pci1 dev 0 function 1 &quot;Broadcom BCM5720&quot; rev 0x00, BCM5720 A0 (0x5720000), APE firmware NCSI 1.3.16.0: msi, address xx:xx:xx:xx:xx:xx
brgphy1 at bge1 phy 2: BCM5720C 10/100/1000baseT PHY, rev. 0
ppb1 at pci0 dev 28 function 2 &quot;Intel 8 Series PCIE&quot; rev 0xd5: msi
pci2 at ppb1 bus 2
ppb2 at pci2 dev 0 function 0 &quot;Renesas SH7757 PCIE Switch&quot; rev 0x00
pci3 at ppb2 bus 3
ppb3 at pci3 dev 0 function 0 &quot;Renesas SH7757 PCIE Switch&quot; rev 0x00
pci4 at ppb3 bus 4
ppb4 at pci4 dev 0 function 0 &quot;Renesas SH7757 PCIE-PCI&quot; rev 0x00
pci5 at ppb4 bus 5
vga1 at pci5 dev 0 function 0 &quot;Matrox MGA G200eR&quot; rev 0x00
wsdisplay0 at vga1 mux 1: console (80x25, vt100 emulation)
wsdisplay0: screen 1-5 added (80x25, vt100 emulation)
ppb5 at pci3 dev 1 function 0 &quot;Renesas SH7757 PCIE Switch&quot; rev 0x00
pci6 at ppb5 bus 6
vendor &quot;Renesas&quot;, unknown product 0x0011 (class memory subclass RAM, rev 0x00) at pci6 dev 0 function 0 not configured
ehci1 at pci0 dev 29 function 0 &quot;Intel 8 Series USB&quot; rev 0x05: apic 2 int 23
usb2 at ehci1: USB revision 2.0
uhub2 at usb2 &quot;Intel EHCI root hub&quot; rev 2.00/1.00 addr 1
pcib0 at pci0 dev 31 function 0 &quot;Intel C222 LPC&quot; rev 0x05
ahci0 at pci0 dev 31 function 2 &quot;Intel 8 Series AHCI&quot; rev 0x05: msi, AHCI 1.3
ahci0: port 0: 3.0Gb/s
ahci0: port 4: 1.5Gb/s
scsibus1 at ahci0: 32 targets
sd0 at scsibus1 targ 0 lun 0: &lt;ATA, ST1000NM0033-9ZM, &gt; SCSI3 0/direct fixed naa.5000c50090d19ff4
sd0: 953869MB, 512 bytes/sector, 1953525168 sectors
cd0 at scsibus1 targ 4 lun 0: &lt;PLDS, DVD+-RW DS-8ABSH, LD51&gt; ATAPI 5/cdrom removable
ichiic0 at pci0 dev 31 function 3 &quot;Intel 8 Series SMBus&quot; rev 0x05: apic 2 int 18
iic0 at ichiic0
sdtemp0 at iic0 addr 0x19: stts2002
spdmem0 at iic0 addr 0x51: 4GB DDR3 SDRAM ECC PC3-12800 with thermal sensor
isa0 at pcib0
isadma0 at isa0
com0 at isa0 port 0x3f8/8 irq 4: ns16550a, 16 byte fifo
com0: console
com1 at isa0 port 0x2f8/8 irq 3: ns16550a, 16 byte fifo
pckbc0 at isa0 port 0x60/5 irq 1 irq 12
pcppi0 at isa0 port 0x61
spkr0 at pcppi0
uhub3 at uhub0 port 9 &quot;no manufacturer Gadget USB HUB&quot; rev 2.00/0.00 addr 2
uhidev0 at uhub3 port 1 configuration 1 interface 0 &quot;Avocent Keyboard/Mouse Function&quot; rev 2.00/0.00 addr 3
uhidev0: iclass 3/1
ukbd0 at uhidev0: 8 variable keys, 6 key codes
wskbd0 at ukbd0: console keyboard, using wsdisplay0
uhidev1 at uhub3 port 1 configuration 1 interface 1 &quot;Avocent Keyboard/Mouse Function&quot; rev 2.00/0.00 addr 3
uhidev1: iclass 3/1
ums0 at uhidev1: 3 buttons, Z dir
wsmouse0 at ums0 mux 0
uhidev2 at uhub3 port 1 configuration 1 interface 2 &quot;Avocent Keyboard/Mouse Function&quot; rev 2.00/0.00 addr 3
uhidev2: iclass 3/1
ums1 at uhidev2: 3 buttons, Z dir
wsmouse1 at ums1 mux 0
uhub4 at uhub1 port 1 &quot;Intel Rate Matching Hub&quot; rev 2.00/0.05 addr 2
uhub5 at uhub2 port 1 &quot;Intel Rate Matching Hub&quot; rev 2.00/0.05 addr 2
vscsi0 at root
scsibus2 at vscsi0: 256 targets
softraid0 at root
scsibus3 at softraid0: 256 targets
root on sd0a (0df480f9c1f9d033.a) swap on sd0b dump on sd0b
ukbd0: was console keyboard
wskbd0 detached
ukbd0 detached
uhidev0 detached
wsmouse0 detached
ums0 detached
uhidev1 detached
wsmouse1 detached
ums1 detached
uhidev2 detached
uhidev0 at uhub3 port 1 configuration 1 interface 0 &quot;Avocent Keyboard/Mouse Function&quot; rev 2.00/0.00 addr 3
uhidev0: iclass 3/1
ukbd0 at uhidev0: 8 variable keys, 6 key codes
wskbd0 at ukbd0: console keyboard, using wsdisplay0
uhidev1 at uhub3 port 1 configuration 1 interface 1 &quot;Avocent Keyboard/Mouse Function&quot; rev 2.00/0.00 addr 3
uhidev1: iclass 3/1
ums0 at uhidev1: 3 buttons, Z dir
wsmouse0 at ums0 mux 0
uhidev2 at uhub3 port 1 configuration 1 interface 2 &quot;Avocent Keyboard/Mouse Function&quot; rev 2.00/0.00 addr 3
uhidev2: iclass 3/1
ums1 at uhidev2: 3 buttons, Z dir
wsmouse1 at ums1 mux 0

</pre>



</div><!-- content -->
<br />
<div id="footer">
All comments/news/posts are the property of their individual owner and
is presented without warranty of suitability, and solely as an
informational resource. <br />
This site Copyright &copy; 2004-2020 NYC*BUG.
</div><!-- footer -->

</body>
</html>

