



<!doctype html>
<html lang="en">
<head>
<meta name="keywords"
	content="bsd, freebsd, openbsd, netbsd, dragonflybsd, nycbug, dmesgd" />
<meta name="description" content="New York City BSD User Group dmesgd" />
<meta charset="utf-8" />
<meta name="viewport" content="width=device-width, initial-scale=1" />
<title>NYC*BUG dmesgd</title>
<style>
body {
	text-align: left;
	margin: 15px auto;
	padding: 0px 10px;
}
@media (min-width: 800px) {
	body {
		max-width: 85%;
	}
}
#header {
	border-bottom: 1px solid #dbdbdb;
	font-size: 230%;
	text-align: left;
}
#footer {
	border-top: 1px solid #dbdbdb;
	clear: both;
	text-align: left;
}
.logo_bug {
	color: #cc0033;
}
#menu ul {
	list-style-type: none;
	margin: 0;
	padding: 0;
}
#menu li {
	float: left;
}
#menu li a {
	display: block;
	background-color: #dbdbdb;
	color: #000000;
	font-size: 105%;
	font-weight: bold;
	padding: 0px 6px 0px 6px;
	text-decoration: none;
}
#content {
	clear: both;
	text-align: left;
	padding-top: 10px;
}
#content h1 {
	font-size: 120%;
	font-weight: bold;
}
#content h2 {
	font-size: 110%;
	font-weight: bold;
}
#content a {
	text-decoration: none;
}
#content pre {
	background-color: #dbdbdb;
	padding: 5px 5px 5px 5px;
	white-space: pre-wrap;		/* css-3 */
	white-space: -moz-pre-wrap;	/* Mozilla, since 1999 */
	white-space: -pre-wrap;		/* Opera 4-6 */
	white-space: -o-pre-wrap;	/* Opera 7 */
	word-wrap: break-word;		/* Internet Explorer 5.5+ */
}
#content table {
	border-collapse: collapse;
}
#content table th {
	border: 1px solid #dbdbdb;
	font-size: 85%;
	white-space: nowrap;
}
#content table td {
	border: 1px solid #dbdbdb;
	font-size: 80%;
}
#content input {
	font-size: 1em;
}
#content .full	{ width: 100%; }
#content .left	{ text-align: left; }
#content .right	{ text-align: right; }
#content .center { text-align: center; }
#content .flexbox {
	display: -ms-flex;
	display: -webkit-flex;
	display: flex;
	width: 100%;
}
#content .left_col {
	min-width: 75px;
	max-width: 50%;
	flex-grow: 0;
}
#content .right_col {
	flex-grow: 1;
	margin-left: 10px;
	padding-top: 10px;
	padding-left: 10px;
}
#col {
	-moz-column-count: 3;
	-webkit-column-count: 3;
	column-count: 3;
}
</style>
</head>
<body>

<div id="header">
<strong><em>NYC*</em><span class="logo_bug">BUG</span> dmesgd</strong>
</div><!-- header -->

<div id="menu">
<ul>
<li><a href="https://dmesgd.nycbug.org/index.cgi?do=index">Home</a></li>
<li><a href="https://dmesgd.nycbug.org/index.cgi?do=submit">Submit</a></li>
<li><a href="https://www.nycbug.org/">NYC*BUG</a></li>
</ul>
</div><!-- menu -->

<div id="content">

<p>
Launched in 2004, dmesgd aims to provide a
<strong>user-submitted</strong> repository of searchable *BSD dmesgs.
The dmesg(8) command displays the system message buffer's content, and
during boot a copy is saved to <em>/var/run/dmesg.boot</em>.  This buffer
contains the operating system release, name and version, a list of
devices identified, plus a whole host of other useful information.  We
hope others find this resource useful and further contribute to its
growth. Contact us at [ admin at lists dot nycbug dot org ].
</p>

<hr />


<strong>Date:</strong> <em>2017-02-10 10:49:00</em><br />
<strong>From:</strong> <em>reyk</em><br />
<strong>Description:</strong> <em>OpenBSD running in Amazon EC2 m4.10xlarge</em><br />

<pre>
[ using 1203352 bytes of bsd ELF symbol table ]
Copyright (c) 1982, 1986, 1989, 1991, 1993
	The Regents of the University of California.  All rights reserved.
Copyright (c) 1995-2017 OpenBSD. All rights reserved.  https://www.OpenBSD.org

OpenBSD 6.0-current (GENERIC.MP) #166: Wed Feb  8 19:15:03 MST 2017
    xxx@xxx.xxx:/usr/src/sys/arch/amd64/compile/GENERIC.MP
real mem = 274861129728 (262128MB)
avail mem = 266526322688 (254179MB)
mpath0 at root
scsibus0 at mpath0: 256 targets
mainbus0 at root
bios0 at mainbus0: SMBIOS rev. 2.4 @ 0xeb01f (119 entries)
bios0: vendor Xen version &quot;4.2.amazon&quot; date 11/11/2016
bios0: Xen HVM domU
acpi0 at bios0: rev 2
acpi0: sleep states S3 S4 S5
acpi0: tables DSDT FACP APIC SRAT HPET WAET SSDT SSDT SSDT SSDT
acpi0: wakeup devices
acpitimer0 at acpi0: 3579545 Hz, 32 bits
acpimadt0 at acpi0 addr 0xfee00000: PC-AT compat
ioapic0 at mainbus0: apid 1 pa 0xfec00000, version 11, 48 pins
cpu0 at mainbus0: apid 0 (boot processor)
cpu0: Intel(R) Xeon(R) CPU E5-2686 v4 @ 2.30GHz, 2300.32 MHz
cpu0: FPU,VME,DE,PSE,TSC,MSR,PAE,MCE,CX8,APIC,SEP,MTRR,PGE,MCA,CMOV,PAT,PSE36,CFLUSH,MMX,FXSR,SSE,SSE2,HTT,SSE3,PCLMUL,MWAIT,EST,SSSE3,FMA3,CX16,PCID,SSE4.1,SSE4.2,MOVBE,POPCNT,DEADLINE,AES,XSAVE,AVX,F16C,RDRAND,HV,NXE,PAGE1GB,LONG,LAHF,ABM,ITSC,FSGSBASE,BMI1,HLE,AVX2,SMEP,BMI2,ERMS,INVPCID,RTM
cpu0: 256KB 64b/line 8-way L2 cache
cpu0: TSC frequency 2300317340 Hz
cpu0: smt 0, core 0, package 0
mtrr: Pentium Pro MTRR support, 8 var ranges, 88 fixed ranges
cpu0: apic clock running at 99MHz
cpu0: mwait min=64, max=64, C-substates=0.2.1.2, IBE
cpu1 at mainbus0: apid 2 (application processor)
cpu1: Intel(R) Xeon(R) CPU E5-2686 v4 @ 2.30GHz, 2300.27 MHz
cpu1: FPU,VME,DE,PSE,TSC,MSR,PAE,MCE,CX8,APIC,SEP,MTRR,PGE,MCA,CMOV,PAT,PSE36,CFLUSH,MMX,FXSR,SSE,SSE2,HTT,SSE3,PCLMUL,MWAIT,EST,SSSE3,FMA3,CX16,PCID,SSE4.1,SSE4.2,MOVBE,POPCNT,DEADLINE,AES,XSAVE,AVX,F16C,RDRAND,HV,NXE,PAGE1GB,LONG,LAHF,ABM,ITSC,FSGSBASE,BMI1,HLE,AVX2,SMEP,BMI2,ERMS,INVPCID,RTM
cpu1: 256KB 64b/line 8-way L2 cache
cpu1: smt 0, core 1, package 0
cpu2 at mainbus0: apid 4 (application processor)
cpu2: Intel(R) Xeon(R) CPU E5-2686 v4 @ 2.30GHz, 2300.59 MHz
cpu2: FPU,VME,DE,PSE,TSC,MSR,PAE,MCE,CX8,APIC,SEP,MTRR,PGE,MCA,CMOV,PAT,PSE36,CFLUSH,MMX,FXSR,SSE,SSE2,HTT,SSE3,PCLMUL,MWAIT,EST,SSSE3,FMA3,CX16,PCID,SSE4.1,SSE4.2,MOVBE,POPCNT,DEADLINE,AES,XSAVE,AVX,F16C,RDRAND,HV,NXE,PAGE1GB,LONG,LAHF,ABM,ITSC,FSGSBASE,BMI1,HLE,AVX2,SMEP,BMI2,ERMS,INVPCID,RTM
cpu2: 256KB 64b/line 8-way L2 cache
cpu2: smt 0, core 2, package 0
cpu3 at mainbus0: apid 6 (application processor)
cpu3: Intel(R) Xeon(R) CPU E5-2686 v4 @ 2.30GHz, 2300.23 MHz
cpu3: FPU,VME,DE,PSE,TSC,MSR,PAE,MCE,CX8,APIC,SEP,MTRR,PGE,MCA,CMOV,PAT,PSE36,CFLUSH,MMX,FXSR,SSE,SSE2,HTT,SSE3,PCLMUL,MWAIT,EST,SSSE3,FMA3,CX16,PCID,SSE4.1,SSE4.2,MOVBE,POPCNT,DEADLINE,AES,XSAVE,AVX,F16C,RDRAND,HV,NXE,PAGE1GB,LONG,LAHF,ABM,ITSC,FSGSBASE,BMI1,HLE,AVX2,SMEP,BMI2,ERMS,INVPCID,RTM
cpu3: 256KB 64b/line 8-way L2 cache
cpu3: smt 0, core 3, package 0
cpu4 at mainbus0: apid 8 (application processor)
cpu4: Intel(R) Xeon(R) CPU E5-2686 v4 @ 2.30GHz, 2300.69 MHz
cpu4: FPU,VME,DE,PSE,TSC,MSR,PAE,MCE,CX8,APIC,SEP,MTRR,PGE,MCA,CMOV,PAT,PSE36,CFLUSH,MMX,FXSR,SSE,SSE2,HTT,SSE3,PCLMUL,MWAIT,EST,SSSE3,FMA3,CX16,PCID,SSE4.1,SSE4.2,MOVBE,POPCNT,DEADLINE,AES,XSAVE,AVX,F16C,RDRAND,HV,NXE,PAGE1GB,LONG,LAHF,ABM,ITSC,FSGSBASE,BMI1,HLE,AVX2,SMEP,BMI2,ERMS,INVPCID,RTM
cpu4: 256KB 64b/line 8-way L2 cache
cpu4: smt 0, core 4, package 0
cpu5 at mainbus0: apid 10 (application processor)
cpu5: Intel(R) Xeon(R) CPU E5-2686 v4 @ 2.30GHz, 2301.17 MHz
cpu5: FPU,VME,DE,PSE,TSC,MSR,PAE,MCE,CX8,APIC,SEP,MTRR,PGE,MCA,CMOV,PAT,PSE36,CFLUSH,MMX,FXSR,SSE,SSE2,HTT,SSE3,PCLMUL,MWAIT,EST,SSSE3,FMA3,CX16,PCID,SSE4.1,SSE4.2,MOVBE,POPCNT,DEADLINE,AES,XSAVE,AVX,F16C,RDRAND,HV,NXE,PAGE1GB,LONG,LAHF,ABM,ITSC,FSGSBASE,BMI1,HLE,AVX2,SMEP,BMI2,ERMS,INVPCID,RTM
cpu5: 256KB 64b/line 8-way L2 cache
cpu5: smt 0, core 5, package 0
cpu6 at mainbus0: apid 12 (application processor)
cpu6: Intel(R) Xeon(R) CPU E5-2686 v4 @ 2.30GHz, 2301.50 MHz
cpu6: FPU,VME,DE,PSE,TSC,MSR,PAE,MCE,CX8,APIC,SEP,MTRR,PGE,MCA,CMOV,PAT,PSE36,CFLUSH,MMX,FXSR,SSE,SSE2,HTT,SSE3,PCLMUL,MWAIT,EST,SSSE3,FMA3,CX16,PCID,SSE4.1,SSE4.2,MOVBE,POPCNT,DEADLINE,AES,XSAVE,AVX,F16C,RDRAND,HV,NXE,PAGE1GB,LONG,LAHF,ABM,ITSC,FSGSBASE,BMI1,HLE,AVX2,SMEP,BMI2,ERMS,INVPCID,RTM
cpu6: 256KB 64b/line 8-way L2 cache
cpu6: smt 0, core 6, package 0
cpu7 at mainbus0: apid 14 (application processor)
cpu7: Intel(R) Xeon(R) CPU E5-2686 v4 @ 2.30GHz, 2301.17 MHz
cpu7: FPU,VME,DE,PSE,TSC,MSR,PAE,MCE,CX8,APIC,SEP,MTRR,PGE,MCA,CMOV,PAT,PSE36,CFLUSH,MMX,FXSR,SSE,SSE2,HTT,SSE3,PCLMUL,MWAIT,EST,SSSE3,FMA3,CX16,PCID,SSE4.1,SSE4.2,MOVBE,POPCNT,DEADLINE,AES,XSAVE,AVX,F16C,RDRAND,HV,NXE,PAGE1GB,LONG,LAHF,ABM,ITSC,FSGSBASE,BMI1,HLE,AVX2,SMEP,BMI2,ERMS,INVPCID,RTM
cpu7: 256KB 64b/line 8-way L2 cache
cpu7: smt 0, core 7, package 0
cpu8 at mainbus0: apid 16 (application processor)
cpu8: Intel(R) Xeon(R) CPU E5-2686 v4 @ 2.30GHz, 2301.05 MHz
cpu8: FPU,VME,DE,PSE,TSC,MSR,PAE,MCE,CX8,APIC,SEP,MTRR,PGE,MCA,CMOV,PAT,PSE36,CFLUSH,MMX,FXSR,SSE,SSE2,HTT,SSE3,PCLMUL,MWAIT,EST,SSSE3,FMA3,CX16,PCID,SSE4.1,SSE4.2,MOVBE,POPCNT,DEADLINE,AES,XSAVE,AVX,F16C,RDRAND,HV,NXE,PAGE1GB,LONG,LAHF,ABM,ITSC,FSGSBASE,BMI1,HLE,AVX2,SMEP,BMI2,ERMS,INVPCID,RTM
cpu8: 256KB 64b/line 8-way L2 cache
cpu8: smt 0, core 8, package 0
cpu9 at mainbus0: apid 18 (application processor)
cpu9: Intel(R) Xeon(R) CPU E5-2686 v4 @ 2.30GHz, 2301.56 MHz
cpu9: FPU,VME,DE,PSE,TSC,MSR,PAE,MCE,CX8,APIC,SEP,MTRR,PGE,MCA,CMOV,PAT,PSE36,CFLUSH,MMX,FXSR,SSE,SSE2,HTT,SSE3,PCLMUL,MWAIT,EST,SSSE3,FMA3,CX16,PCID,SSE4.1,SSE4.2,MOVBE,POPCNT,DEADLINE,AES,XSAVE,AVX,F16C,RDRAND,HV,NXE,PAGE1GB,LONG,LAHF,ABM,ITSC,FSGSBASE,BMI1,HLE,AVX2,SMEP,BMI2,ERMS,INVPCID,RTM
cpu9: 256KB 64b/line 8-way L2 cache
cpu9: smt 0, core 9, package 0
cpu10 at mainbus0: apid 20 (application processor)
cpu10: Intel(R) Xeon(R) CPU E5-2686 v4 @ 2.30GHz, 2301.48 MHz
cpu10: FPU,VME,DE,PSE,TSC,MSR,PAE,MCE,CX8,APIC,SEP,MTRR,PGE,MCA,CMOV,PAT,PSE36,CFLUSH,MMX,FXSR,SSE,SSE2,HTT,SSE3,PCLMUL,MWAIT,EST,SSSE3,FMA3,CX16,PCID,SSE4.1,SSE4.2,MOVBE,POPCNT,DEADLINE,AES,XSAVE,AVX,F16C,RDRAND,HV,NXE,PAGE1GB,LONG,LAHF,ABM,ITSC,FSGSBASE,BMI1,HLE,AVX2,SMEP,BMI2,ERMS,INVPCID,RTM
cpu10: 256KB 64b/line 8-way L2 cache
cpu10: smt 0, core 10, package 0
cpu11 at mainbus0: apid 22 (application processor)
cpu11: Intel(R) Xeon(R) CPU E5-2686 v4 @ 2.30GHz, 2302.44 MHz
cpu11: FPU,VME,DE,PSE,TSC,MSR,PAE,MCE,CX8,APIC,SEP,MTRR,PGE,MCA,CMOV,PAT,PSE36,CFLUSH,MMX,FXSR,SSE,SSE2,HTT,SSE3,PCLMUL,MWAIT,EST,SSSE3,FMA3,CX16,PCID,SSE4.1,SSE4.2,MOVBE,POPCNT,DEADLINE,AES,XSAVE,AVX,F16C,RDRAND,HV,NXE,PAGE1GB,LONG,LAHF,ABM,ITSC,FSGSBASE,BMI1,HLE,AVX2,SMEP,BMI2,ERMS,INVPCID,RTM
cpu11: 256KB 64b/line 8-way L2 cache
cpu11: smt 0, core 11, package 0
cpu12 at mainbus0: apid 24 (application processor)
cpu12: Intel(R) Xeon(R) CPU E5-2686 v4 @ 2.30GHz, 2301.46 MHz
cpu12: FPU,VME,DE,PSE,TSC,MSR,PAE,MCE,CX8,APIC,SEP,MTRR,PGE,MCA,CMOV,PAT,PSE36,CFLUSH,MMX,FXSR,SSE,SSE2,HTT,SSE3,PCLMUL,MWAIT,EST,SSSE3,FMA3,CX16,PCID,SSE4.1,SSE4.2,MOVBE,POPCNT,DEADLINE,AES,XSAVE,AVX,F16C,RDRAND,HV,NXE,PAGE1GB,LONG,LAHF,ABM,ITSC,FSGSBASE,BMI1,HLE,AVX2,SMEP,BMI2,ERMS,INVPCID,RTM
cpu12: 256KB 64b/line 8-way L2 cache
cpu12: smt 0, core 12, package 0
cpu13 at mainbus0: apid 26 (application processor)
cpu13: Intel(R) Xeon(R) CPU E5-2686 v4 @ 2.30GHz, 2301.87 MHz
cpu13: FPU,VME,DE,PSE,TSC,MSR,PAE,MCE,CX8,APIC,SEP,MTRR,PGE,MCA,CMOV,PAT,PSE36,CFLUSH,MMX,FXSR,SSE,SSE2,HTT,SSE3,PCLMUL,MWAIT,EST,SSSE3,FMA3,CX16,PCID,SSE4.1,SSE4.2,MOVBE,POPCNT,DEADLINE,AES,XSAVE,AVX,F16C,RDRAND,HV,NXE,PAGE1GB,LONG,LAHF,ABM,ITSC,FSGSBASE,BMI1,HLE,AVX2,SMEP,BMI2,ERMS,INVPCID,RTM
cpu13: 256KB 64b/line 8-way L2 cache
cpu13: smt 0, core 13, package 0
cpu14 at mainbus0: apid 28 (application processor)
cpu14: Intel(R) Xeon(R) CPU E5-2686 v4 @ 2.30GHz, 2303.30 MHz
cpu14: FPU,VME,DE,PSE,TSC,MSR,PAE,MCE,CX8,APIC,SEP,MTRR,PGE,MCA,CMOV,PAT,PSE36,CFLUSH,MMX,FXSR,SSE,SSE2,HTT,SSE3,PCLMUL,MWAIT,EST,SSSE3,FMA3,CX16,PCID,SSE4.1,SSE4.2,MOVBE,POPCNT,DEADLINE,AES,XSAVE,AVX,F16C,RDRAND,HV,NXE,PAGE1GB,LONG,LAHF,ABM,ITSC,FSGSBASE,BMI1,HLE,AVX2,SMEP,BMI2,ERMS,INVPCID,RTM
cpu14: 256KB 64b/line 8-way L2 cache
cpu14: smt 0, core 14, package 0
cpu15 at mainbus0: apid 30 (application processor)
cpu15: Intel(R) Xeon(R) CPU E5-2686 v4 @ 2.30GHz, 2302.57 MHz
cpu15: FPU,VME,DE,PSE,TSC,MSR,PAE,MCE,CX8,APIC,SEP,MTRR,PGE,MCA,CMOV,PAT,PSE36,CFLUSH,MMX,FXSR,SSE,SSE2,HTT,SSE3,PCLMUL,MWAIT,EST,SSSE3,FMA3,CX16,PCID,SSE4.1,SSE4.2,MOVBE,POPCNT,DEADLINE,AES,XSAVE,AVX,F16C,RDRAND,HV,NXE,PAGE1GB,LONG,LAHF,ABM,ITSC,FSGSBASE,BMI1,HLE,AVX2,SMEP,BMI2,ERMS,INVPCID,RTM
cpu15: 256KB 64b/line 8-way L2 cache
cpu15: smt 0, core 15, package 0
cpu16 at mainbus0: apid 64 (application processor)
cpu16: Intel(R) Xeon(R) CPU E5-2686 v4 @ 2.30GHz, 2301.07 MHz
cpu16: FPU,VME,DE,PSE,TSC,MSR,PAE,MCE,CX8,APIC,SEP,MTRR,PGE,MCA,CMOV,PAT,PSE36,CFLUSH,MMX,FXSR,SSE,SSE2,HTT,SSE3,PCLMUL,MWAIT,EST,SSSE3,FMA3,CX16,PCID,SSE4.1,SSE4.2,MOVBE,POPCNT,DEADLINE,AES,XSAVE,AVX,F16C,RDRAND,HV,NXE,PAGE1GB,LONG,LAHF,ABM,ITSC,FSGSBASE,BMI1,HLE,AVX2,SMEP,BMI2,ERMS,INVPCID,RTM
cpu16: 256KB 64b/line 8-way L2 cache
cpu16: smt 0, core 0, package 2
cpu17 at mainbus0: apid 66 (application processor)
cpu17: Intel(R) Xeon(R) CPU E5-2686 v4 @ 2.30GHz, 2302.24 MHz
cpu17: FPU,VME,DE,PSE,TSC,MSR,PAE,MCE,CX8,APIC,SEP,MTRR,PGE,MCA,CMOV,PAT,PSE36,CFLUSH,MMX,FXSR,SSE,SSE2,HTT,SSE3,PCLMUL,MWAIT,EST,SSSE3,FMA3,CX16,PCID,SSE4.1,SSE4.2,MOVBE,POPCNT,DEADLINE,AES,XSAVE,AVX,F16C,RDRAND,HV,NXE,PAGE1GB,LONG,LAHF,ABM,ITSC,FSGSBASE,BMI1,HLE,AVX2,SMEP,BMI2,ERMS,INVPCID,RTM
cpu17: 256KB 64b/line 8-way L2 cache
cpu17: smt 0, core 1, package 2
cpu18 at mainbus0: apid 68 (application processor)
cpu18: Intel(R) Xeon(R) CPU E5-2686 v4 @ 2.30GHz, 2301.87 MHz
cpu18: FPU,VME,DE,PSE,TSC,MSR,PAE,MCE,CX8,APIC,SEP,MTRR,PGE,MCA,CMOV,PAT,PSE36,CFLUSH,MMX,FXSR,SSE,SSE2,HTT,SSE3,PCLMUL,MWAIT,EST,SSSE3,FMA3,CX16,PCID,SSE4.1,SSE4.2,MOVBE,POPCNT,DEADLINE,AES,XSAVE,AVX,F16C,RDRAND,HV,NXE,PAGE1GB,LONG,LAHF,ABM,ITSC,FSGSBASE,BMI1,HLE,AVX2,SMEP,BMI2,ERMS,INVPCID,RTM
cpu18: 256KB 64b/line 8-way L2 cache
cpu18: smt 0, core 2, package 2
cpu19 at mainbus0: apid 70 (application processor)
cpu19: Intel(R) Xeon(R) CPU E5-2686 v4 @ 2.30GHz, 2303.57 MHz
cpu19: FPU,VME,DE,PSE,TSC,MSR,PAE,MCE,CX8,APIC,SEP,MTRR,PGE,MCA,CMOV,PAT,PSE36,CFLUSH,MMX,FXSR,SSE,SSE2,HTT,SSE3,PCLMUL,MWAIT,EST,SSSE3,FMA3,CX16,PCID,SSE4.1,SSE4.2,MOVBE,POPCNT,DEADLINE,AES,XSAVE,AVX,F16C,RDRAND,HV,NXE,PAGE1GB,LONG,LAHF,ABM,ITSC,FSGSBASE,BMI1,HLE,AVX2,SMEP,BMI2,ERMS,INVPCID,RTM
cpu19: 256KB 64b/line 8-way L2 cache
cpu19: smt 0, core 3, package 2
cpu20 at mainbus0: apid 72 (application processor)
cpu20: Intel(R) Xeon(R) CPU E5-2686 v4 @ 2.30GHz, 2303.16 MHz
cpu20: FPU,VME,DE,PSE,TSC,MSR,PAE,MCE,CX8,APIC,SEP,MTRR,PGE,MCA,CMOV,PAT,PSE36,CFLUSH,MMX,FXSR,SSE,SSE2,HTT,SSE3,PCLMUL,MWAIT,EST,SSSE3,FMA3,CX16,PCID,SSE4.1,SSE4.2,MOVBE,POPCNT,DEADLINE,AES,XSAVE,AVX,F16C,RDRAND,HV,NXE,PAGE1GB,LONG,LAHF,ABM,ITSC,FSGSBASE,BMI1,HLE,AVX2,SMEP,BMI2,ERMS,INVPCID,RTM
cpu20: 256KB 64b/line 8-way L2 cache
cpu20: smt 0, core 4, package 2
cpu21 at mainbus0: apid 74 (application processor)
cpu21: Intel(R) Xeon(R) CPU E5-2686 v4 @ 2.30GHz, 2306.12 MHz
cpu21: FPU,VME,DE,PSE,TSC,MSR,PAE,MCE,CX8,APIC,SEP,MTRR,PGE,MCA,CMOV,PAT,PSE36,CFLUSH,MMX,FXSR,SSE,SSE2,HTT,SSE3,PCLMUL,MWAIT,EST,SSSE3,FMA3,CX16,PCID,SSE4.1,SSE4.2,MOVBE,POPCNT,DEADLINE,AES,XSAVE,AVX,F16C,RDRAND,HV,NXE,PAGE1GB,LONG,LAHF,ABM,ITSC,FSGSBASE,BMI1,HLE,AVX2,SMEP,BMI2,ERMS,INVPCID,RTM
cpu21: 256KB 64b/line 8-way L2 cache
cpu21: smt 0, core 5, package 2
cpu22 at mainbus0: apid 76 (application processor)
cpu22: Intel(R) Xeon(R) CPU E5-2686 v4 @ 2.30GHz, 2305.67 MHz
cpu22: FPU,VME,DE,PSE,TSC,MSR,PAE,MCE,CX8,APIC,SEP,MTRR,PGE,MCA,CMOV,PAT,PSE36,CFLUSH,MMX,FXSR,SSE,SSE2,HTT,SSE3,PCLMUL,MWAIT,EST,SSSE3,FMA3,CX16,PCID,SSE4.1,SSE4.2,MOVBE,POPCNT,DEADLINE,AES,XSAVE,AVX,F16C,RDRAND,HV,NXE,PAGE1GB,LONG,LAHF,ABM,ITSC,FSGSBASE,BMI1,HLE,AVX2,SMEP,BMI2,ERMS,INVPCID,RTM
cpu22: 256KB 64b/line 8-way L2 cache
cpu22: smt 0, core 6, package 2
cpu23 at mainbus0: apid 78 (application processor)
cpu23: Intel(R) Xeon(R) CPU E5-2686 v4 @ 2.30GHz, 2306.95 MHz
cpu23: FPU,VME,DE,PSE,TSC,MSR,PAE,MCE,CX8,APIC,SEP,MTRR,PGE,MCA,CMOV,PAT,PSE36,CFLUSH,MMX,FXSR,SSE,SSE2,HTT,SSE3,PCLMUL,MWAIT,EST,SSSE3,FMA3,CX16,PCID,SSE4.1,SSE4.2,MOVBE,POPCNT,DEADLINE,AES,XSAVE,AVX,F16C,RDRAND,HV,NXE,PAGE1GB,LONG,LAHF,ABM,ITSC,FSGSBASE,BMI1,HLE,AVX2,SMEP,BMI2,ERMS,INVPCID,RTM
cpu23: 256KB 64b/line 8-way L2 cache
cpu23: smt 0, core 7, package 2
cpu24 at mainbus0: apid 80 (application processor)
cpu24: Intel(R) Xeon(R) CPU E5-2686 v4 @ 2.30GHz, 2306.15 MHz
cpu24: FPU,VME,DE,PSE,TSC,MSR,PAE,MCE,CX8,APIC,SEP,MTRR,PGE,MCA,CMOV,PAT,PSE36,CFLUSH,MMX,FXSR,SSE,SSE2,HTT,SSE3,PCLMUL,MWAIT,EST,SSSE3,FMA3,CX16,PCID,SSE4.1,SSE4.2,MOVBE,POPCNT,DEADLINE,AES,XSAVE,AVX,F16C,RDRAND,HV,NXE,PAGE1GB,LONG,LAHF,ABM,ITSC,FSGSBASE,BMI1,HLE,AVX2,SMEP,BMI2,ERMS,INVPCID,RTM
cpu24: 256KB 64b/line 8-way L2 cache
cpu24: smt 0, core 8, package 2
cpu25 at mainbus0: apid 82 (application processor)
cpu25: Intel(R) Xeon(R) CPU E5-2686 v4 @ 2.30GHz, 2306.07 MHz
cpu25: FPU,VME,DE,PSE,TSC,MSR,PAE,MCE,CX8,APIC,SEP,MTRR,PGE,MCA,CMOV,PAT,PSE36,CFLUSH,MMX,FXSR,SSE,SSE2,HTT,SSE3,PCLMUL,MWAIT,EST,SSSE3,FMA3,CX16,PCID,SSE4.1,SSE4.2,MOVBE,POPCNT,DEADLINE,AES,XSAVE,AVX,F16C,RDRAND,HV,NXE,PAGE1GB,LONG,LAHF,ABM,ITSC,FSGSBASE,BMI1,HLE,AVX2,SMEP,BMI2,ERMS,INVPCID,RTM
cpu25: 256KB 64b/line 8-way L2 cache
cpu25: smt 0, core 9, package 2
cpu26 at mainbus0: apid 84 (application processor)
cpu26: Intel(R) Xeon(R) CPU E5-2686 v4 @ 2.30GHz, 2311.76 MHz
cpu26: FPU,VME,DE,PSE,TSC,MSR,PAE,MCE,CX8,APIC,SEP,MTRR,PGE,MCA,CMOV,PAT,PSE36,CFLUSH,MMX,FXSR,SSE,SSE2,HTT,SSE3,PCLMUL,MWAIT,EST,SSSE3,FMA3,CX16,PCID,SSE4.1,SSE4.2,MOVBE,POPCNT,DEADLINE,AES,XSAVE,AVX,F16C,RDRAND,HV,NXE,PAGE1GB,LONG,LAHF,ABM,ITSC,FSGSBASE,BMI1,HLE,AVX2,SMEP,BMI2,ERMS,INVPCID,RTM
cpu26: 256KB 64b/line 8-way L2 cache
cpu26: smt 0, core 10, package 2
cpu27 at mainbus0: apid 86 (application processor)
cpu27: Intel(R) Xeon(R) CPU E5-2686 v4 @ 2.30GHz, 2309.98 MHz
cpu27: FPU,VME,DE,PSE,TSC,MSR,PAE,MCE,CX8,APIC,SEP,MTRR,PGE,MCA,CMOV,PAT,PSE36,CFLUSH,MMX,FXSR,SSE,SSE2,HTT,SSE3,PCLMUL,MWAIT,EST,SSSE3,FMA3,CX16,PCID,SSE4.1,SSE4.2,MOVBE,POPCNT,DEADLINE,AES,XSAVE,AVX,F16C,RDRAND,HV,NXE,PAGE1GB,LONG,LAHF,ABM,ITSC,FSGSBASE,BMI1,HLE,AVX2,SMEP,BMI2,ERMS,INVPCID,RTM
cpu27: 256KB 64b/line 8-way L2 cache
cpu27: smt 0, core 11, package 2
cpu28 at mainbus0: apid 88 (application processor)
cpu28: Intel(R) Xeon(R) CPU E5-2686 v4 @ 2.30GHz, 2310.28 MHz
cpu28: FPU,VME,DE,PSE,TSC,MSR,PAE,MCE,CX8,APIC,SEP,MTRR,PGE,MCA,CMOV,PAT,PSE36,CFLUSH,MMX,FXSR,SSE,SSE2,HTT,SSE3,PCLMUL,MWAIT,EST,SSSE3,FMA3,CX16,PCID,SSE4.1,SSE4.2,MOVBE,POPCNT,DEADLINE,AES,XSAVE,AVX,F16C,RDRAND,HV,NXE,PAGE1GB,LONG,LAHF,ABM,ITSC,FSGSBASE,BMI1,HLE,AVX2,SMEP,BMI2,ERMS,INVPCID,RTM
cpu28: 256KB 64b/line 8-way L2 cache
cpu28: smt 0, core 12, package 2
cpu29 at mainbus0: apid 90 (application processor)
cpu29: Intel(R) Xeon(R) CPU E5-2686 v4 @ 2.30GHz, 2310.41 MHz
cpu29: FPU,VME,DE,PSE,TSC,MSR,PAE,MCE,CX8,APIC,SEP,MTRR,PGE,MCA,CMOV,PAT,PSE36,CFLUSH,MMX,FXSR,SSE,SSE2,HTT,SSE3,PCLMUL,MWAIT,EST,SSSE3,FMA3,CX16,PCID,SSE4.1,SSE4.2,MOVBE,POPCNT,DEADLINE,AES,XSAVE,AVX,F16C,RDRAND,HV,NXE,PAGE1GB,LONG,LAHF,ABM,ITSC,FSGSBASE,BMI1,HLE,AVX2,SMEP,BMI2,ERMS,INVPCID,RTM
cpu29: 256KB 64b/line 8-way L2 cache
cpu29: smt 0, core 13, package 2
cpu30 at mainbus0: apid 92 (application processor)
cpu30: Intel(R) Xeon(R) CPU E5-2686 v4 @ 2.30GHz, 2308.45 MHz
cpu30: FPU,VME,DE,PSE,TSC,MSR,PAE,MCE,CX8,APIC,SEP,MTRR,PGE,MCA,CMOV,PAT,PSE36,CFLUSH,MMX,FXSR,SSE,SSE2,HTT,SSE3,PCLMUL,MWAIT,EST,SSSE3,FMA3,CX16,PCID,SSE4.1,SSE4.2,MOVBE,POPCNT,DEADLINE,AES,XSAVE,AVX,F16C,RDRAND,HV,NXE,PAGE1GB,LONG,LAHF,ABM,ITSC,FSGSBASE,BMI1,HLE,AVX2,SMEP,BMI2,ERMS,INVPCID,RTM
cpu30: 256KB 64b/line 8-way L2 cache
cpu30: smt 0, core 14, package 2
cpu31 at mainbus0: apid 94 (application processor)
cpu31: Intel(R) Xeon(R) CPU E5-2686 v4 @ 2.30GHz, 2312.98 MHz
cpu31: FPU,VME,DE,PSE,TSC,MSR,PAE,MCE,CX8,APIC,SEP,MTRR,PGE,MCA,CMOV,PAT,PSE36,CFLUSH,MMX,FXSR,SSE,SSE2,HTT,SSE3,PCLMUL,MWAIT,EST,SSSE3,FMA3,CX16,PCID,SSE4.1,SSE4.2,MOVBE,POPCNT,DEADLINE,AES,XSAVE,AVX,F16C,RDRAND,HV,NXE,PAGE1GB,LONG,LAHF,ABM,ITSC,FSGSBASE,BMI1,HLE,AVX2,SMEP,BMI2,ERMS,INVPCID,RTM
cpu31: 256KB 64b/line 8-way L2 cache
cpu31: smt 0, core 15, package 2
cpu32 at mainbus0: apid 1 (application processor)
cpu32: Intel(R) Xeon(R) CPU E5-2686 v4 @ 2.30GHz, 2313.64 MHz
cpu32: FPU,VME,DE,PSE,TSC,MSR,PAE,MCE,CX8,APIC,SEP,MTRR,PGE,MCA,CMOV,PAT,PSE36,CFLUSH,MMX,FXSR,SSE,SSE2,HTT,SSE3,PCLMUL,MWAIT,EST,SSSE3,FMA3,CX16,PCID,SSE4.1,SSE4.2,MOVBE,POPCNT,DEADLINE,AES,XSAVE,AVX,F16C,RDRAND,HV,NXE,PAGE1GB,LONG,LAHF,ABM,ITSC,FSGSBASE,BMI1,HLE,AVX2,SMEP,BMI2,ERMS,INVPCID,RTM
cpu32: 256KB 64b/line 8-way L2 cache
cpu32: smt 1, core 0, package 0
cpu33 at mainbus0: apid 3 (application processor)
cpu33: Intel(R) Xeon(R) CPU E5-2686 v4 @ 2.30GHz, 2316.59 MHz
cpu33: FPU,VME,DE,PSE,TSC,MSR,PAE,MCE,CX8,APIC,SEP,MTRR,PGE,MCA,CMOV,PAT,PSE36,CFLUSH,MMX,FXSR,SSE,SSE2,HTT,SSE3,PCLMUL,MWAIT,EST,SSSE3,FMA3,CX16,PCID,SSE4.1,SSE4.2,MOVBE,POPCNT,DEADLINE,AES,XSAVE,AVX,F16C,RDRAND,HV,NXE,PAGE1GB,LONG,LAHF,ABM,ITSC,FSGSBASE,BMI1,HLE,AVX2,SMEP,BMI2,ERMS,INVPCID,RTM
cpu33: 256KB 64b/line 8-way L2 cache
cpu33: smt 1, core 1, package 0
cpu34 at mainbus0: apid 5 (application processor)
cpu34: Intel(R) Xeon(R) CPU E5-2686 v4 @ 2.30GHz, 2310.02 MHz
cpu34: FPU,VME,DE,PSE,TSC,MSR,PAE,MCE,CX8,APIC,SEP,MTRR,PGE,MCA,CMOV,PAT,PSE36,CFLUSH,MMX,FXSR,SSE,SSE2,HTT,SSE3,PCLMUL,MWAIT,EST,SSSE3,FMA3,CX16,PCID,SSE4.1,SSE4.2,MOVBE,POPCNT,DEADLINE,AES,XSAVE,AVX,F16C,RDRAND,HV,NXE,PAGE1GB,LONG,LAHF,ABM,ITSC,FSGSBASE,BMI1,HLE,AVX2,SMEP,BMI2,ERMS,INVPCID,RTM
cpu34: 256KB 64b/line 8-way L2 cache
cpu34: smt 1, core 2, package 0
cpu35 at mainbus0: apid 7 (application processor)
cpu35: Intel(R) Xeon(R) CPU E5-2686 v4 @ 2.30GHz, 2309.58 MHz
cpu35: FPU,VME,DE,PSE,TSC,MSR,PAE,MCE,CX8,APIC,SEP,MTRR,PGE,MCA,CMOV,PAT,PSE36,CFLUSH,MMX,FXSR,SSE,SSE2,HTT,SSE3,PCLMUL,MWAIT,EST,SSSE3,FMA3,CX16,PCID,SSE4.1,SSE4.2,MOVBE,POPCNT,DEADLINE,AES,XSAVE,AVX,F16C,RDRAND,HV,NXE,PAGE1GB,LONG,LAHF,ABM,ITSC,FSGSBASE,BMI1,HLE,AVX2,SMEP,BMI2,ERMS,INVPCID,RTM
cpu35: 256KB 64b/line 8-way L2 cache
cpu35: smt 1, core 3, package 0
cpu36 at mainbus0: apid 9 (application processor)
cpu36: Intel(R) Xeon(R) CPU E5-2686 v4 @ 2.30GHz, 2310.27 MHz
cpu36: FPU,VME,DE,PSE,TSC,MSR,PAE,MCE,CX8,APIC,SEP,MTRR,PGE,MCA,CMOV,PAT,PSE36,CFLUSH,MMX,FXSR,SSE,SSE2,HTT,SSE3,PCLMUL,MWAIT,EST,SSSE3,FMA3,CX16,PCID,SSE4.1,SSE4.2,MOVBE,POPCNT,DEADLINE,AES,XSAVE,AVX,F16C,RDRAND,HV,NXE,PAGE1GB,LONG,LAHF,ABM,ITSC,FSGSBASE,BMI1,HLE,AVX2,SMEP,BMI2,ERMS,INVPCID,RTM
cpu36: 256KB 64b/line 8-way L2 cache
cpu36: smt 1, core 4, package 0
cpu37 at mainbus0: apid 11 (application processor)
cpu37: Intel(R) Xeon(R) CPU E5-2686 v4 @ 2.30GHz, 2312.39 MHz
cpu37: FPU,VME,DE,PSE,TSC,MSR,PAE,MCE,CX8,APIC,SEP,MTRR,PGE,MCA,CMOV,PAT,PSE36,CFLUSH,MMX,FXSR,SSE,SSE2,HTT,SSE3,PCLMUL,MWAIT,EST,SSSE3,FMA3,CX16,PCID,SSE4.1,SSE4.2,MOVBE,POPCNT,DEADLINE,AES,XSAVE,AVX,F16C,RDRAND,HV,NXE,PAGE1GB,LONG,LAHF,ABM,ITSC,FSGSBASE,BMI1,HLE,AVX2,SMEP,BMI2,ERMS,INVPCID,RTM
cpu37: 256KB 64b/line 8-way L2 cache
cpu37: smt 1, core 5, package 0
cpu38 at mainbus0: apid 13 (application processor)
cpu38: Intel(R) Xeon(R) CPU E5-2686 v4 @ 2.30GHz, 2315.33 MHz
cpu38: FPU,VME,DE,PSE,TSC,MSR,PAE,MCE,CX8,APIC,SEP,MTRR,PGE,MCA,CMOV,PAT,PSE36,CFLUSH,MMX,FXSR,SSE,SSE2,HTT,SSE3,PCLMUL,MWAIT,EST,SSSE3,FMA3,CX16,PCID,SSE4.1,SSE4.2,MOVBE,POPCNT,DEADLINE,AES,XSAVE,AVX,F16C,RDRAND,HV,NXE,PAGE1GB,LONG,LAHF,ABM,ITSC,FSGSBASE,BMI1,HLE,AVX2,SMEP,BMI2,ERMS,INVPCID,RTM
cpu38: 256KB 64b/line 8-way L2 cache
cpu38: smt 1, core 6, package 0
cpu39 at mainbus0: apid 15 (application processor)
cpu39: Intel(R) Xeon(R) CPU E5-2686 v4 @ 2.30GHz, 2312.94 MHz
cpu39: FPU,VME,DE,PSE,TSC,MSR,PAE,MCE,CX8,APIC,SEP,MTRR,PGE,MCA,CMOV,PAT,PSE36,CFLUSH,MMX,FXSR,SSE,SSE2,HTT,SSE3,PCLMUL,MWAIT,EST,SSSE3,FMA3,CX16,PCID,SSE4.1,SSE4.2,MOVBE,POPCNT,DEADLINE,AES,XSAVE,AVX,F16C,RDRAND,HV,NXE,PAGE1GB,LONG,LAHF,ABM,ITSC,FSGSBASE,BMI1,HLE,AVX2,SMEP,BMI2,ERMS,INVPCID,RTM
cpu39: 256KB 64b/line 8-way L2 cache
cpu39: smt 1, core 7, package 0
cpu40 at mainbus0: apid 17 (application processor)
cpu40: Intel(R) Xeon(R) CPU E5-2686 v4 @ 2.30GHz, 2310.47 MHz
cpu40: FPU,VME,DE,PSE,TSC,MSR,PAE,MCE,CX8,APIC,SEP,MTRR,PGE,MCA,CMOV,PAT,PSE36,CFLUSH,MMX,FXSR,SSE,SSE2,HTT,SSE3,PCLMUL,MWAIT,EST,SSSE3,FMA3,CX16,PCID,SSE4.1,SSE4.2,MOVBE,POPCNT,DEADLINE,AES,XSAVE,AVX,F16C,RDRAND,HV,NXE,PAGE1GB,LONG,LAHF,ABM,ITSC,FSGSBASE,BMI1,HLE,AVX2,SMEP,BMI2,ERMS,INVPCID,RTM
cpu40: 256KB 64b/line 8-way L2 cache
cpu40: smt 1, core 8, package 0
cpu41 at mainbus0: apid 19 (application processor)
cpu41: Intel(R) Xeon(R) CPU E5-2686 v4 @ 2.30GHz, 2316.21 MHz
cpu41: FPU,VME,DE,PSE,TSC,MSR,PAE,MCE,CX8,APIC,SEP,MTRR,PGE,MCA,CMOV,PAT,PSE36,CFLUSH,MMX,FXSR,SSE,SSE2,HTT,SSE3,PCLMUL,MWAIT,EST,SSSE3,FMA3,CX16,PCID,SSE4.1,SSE4.2,MOVBE,POPCNT,DEADLINE,AES,XSAVE,AVX,F16C,RDRAND,HV,NXE,PAGE1GB,LONG,LAHF,ABM,ITSC,FSGSBASE,BMI1,HLE,AVX2,SMEP,BMI2,ERMS,INVPCID,RTM
cpu41: 256KB 64b/line 8-way L2 cache
cpu41: smt 1, core 9, package 0
cpu42 at mainbus0: apid 21 (application processor)
cpu42: Intel(R) Xeon(R) CPU E5-2686 v4 @ 2.30GHz, 2310.25 MHz
cpu42: FPU,VME,DE,PSE,TSC,MSR,PAE,MCE,CX8,APIC,SEP,MTRR,PGE,MCA,CMOV,PAT,PSE36,CFLUSH,MMX,FXSR,SSE,SSE2,HTT,SSE3,PCLMUL,MWAIT,EST,SSSE3,FMA3,CX16,PCID,SSE4.1,SSE4.2,MOVBE,POPCNT,DEADLINE,AES,XSAVE,AVX,F16C,RDRAND,HV,NXE,PAGE1GB,LONG,LAHF,ABM,ITSC,FSGSBASE,BMI1,HLE,AVX2,SMEP,BMI2,ERMS,INVPCID,RTM
cpu42: 256KB 64b/line 8-way L2 cache
cpu42: smt 1, core 10, package 0
cpu43 at mainbus0: apid 23 (application processor)
cpu43: Intel(R) Xeon(R) CPU E5-2686 v4 @ 2.30GHz, 2316.21 MHz
cpu43: FPU,VME,DE,PSE,TSC,MSR,PAE,MCE,CX8,APIC,SEP,MTRR,PGE,MCA,CMOV,PAT,PSE36,CFLUSH,MMX,FXSR,SSE,SSE2,HTT,SSE3,PCLMUL,MWAIT,EST,SSSE3,FMA3,CX16,PCID,SSE4.1,SSE4.2,MOVBE,POPCNT,DEADLINE,AES,XSAVE,AVX,F16C,RDRAND,HV,NXE,PAGE1GB,LONG,LAHF,ABM,ITSC,FSGSBASE,BMI1,HLE,AVX2,SMEP,BMI2,ERMS,INVPCID,RTM
cpu43: 256KB 64b/line 8-way L2 cache
cpu43: smt 1, core 11, package 0
cpu44 at mainbus0: apid 25 (application processor)
cpu44: Intel(R) Xeon(R) CPU E5-2686 v4 @ 2.30GHz, 2311.58 MHz
cpu44: FPU,VME,DE,PSE,TSC,MSR,PAE,MCE,CX8,APIC,SEP,MTRR,PGE,MCA,CMOV,PAT,PSE36,CFLUSH,MMX,FXSR,SSE,SSE2,HTT,SSE3,PCLMUL,MWAIT,EST,SSSE3,FMA3,CX16,PCID,SSE4.1,SSE4.2,MOVBE,POPCNT,DEADLINE,AES,XSAVE,AVX,F16C,RDRAND,HV,NXE,PAGE1GB,LONG,LAHF,ABM,ITSC,FSGSBASE,BMI1,HLE,AVX2,SMEP,BMI2,ERMS,INVPCID,RTM
cpu44: 256KB 64b/line 8-way L2 cache
cpu44: smt 1, core 12, package 0
cpu45 at mainbus0: apid 27 (application processor)
cpu45: Intel(R) Xeon(R) CPU E5-2686 v4 @ 2.30GHz, 2312.05 MHz
cpu45: FPU,VME,DE,PSE,TSC,MSR,PAE,MCE,CX8,APIC,SEP,MTRR,PGE,MCA,CMOV,PAT,PSE36,CFLUSH,MMX,FXSR,SSE,SSE2,HTT,SSE3,PCLMUL,MWAIT,EST,SSSE3,FMA3,CX16,PCID,SSE4.1,SSE4.2,MOVBE,POPCNT,DEADLINE,AES,XSAVE,AVX,F16C,RDRAND,HV,NXE,PAGE1GB,LONG,LAHF,ABM,ITSC,FSGSBASE,BMI1,HLE,AVX2,SMEP,BMI2,ERMS,INVPCID,RTM
cpu45: 256KB 64b/line 8-way L2 cache
cpu45: smt 1, core 13, package 0
cpu46 at mainbus0: apid 29 (application processor)
cpu46: Intel(R) Xeon(R) CPU E5-2686 v4 @ 2.30GHz, 2318.58 MHz
cpu46: FPU,VME,DE,PSE,TSC,MSR,PAE,MCE,CX8,APIC,SEP,MTRR,PGE,MCA,CMOV,PAT,PSE36,CFLUSH,MMX,FXSR,SSE,SSE2,HTT,SSE3,PCLMUL,MWAIT,EST,SSSE3,FMA3,CX16,PCID,SSE4.1,SSE4.2,MOVBE,POPCNT,DEADLINE,AES,XSAVE,AVX,F16C,RDRAND,HV,NXE,PAGE1GB,LONG,LAHF,ABM,ITSC,FSGSBASE,BMI1,HLE,AVX2,SMEP,BMI2,ERMS,INVPCID,RTM
cpu46: 256KB 64b/line 8-way L2 cache
cpu46: smt 1, core 14, package 0
cpu47 at mainbus0: apid 31 (application processor)
cpu47: Intel(R) Xeon(R) CPU E5-2686 v4 @ 2.30GHz, 2318.90 MHz
cpu47: FPU,VME,DE,PSE,TSC,MSR,PAE,MCE,CX8,APIC,SEP,MTRR,PGE,MCA,CMOV,PAT,PSE36,CFLUSH,MMX,FXSR,SSE,SSE2,HTT,SSE3,PCLMUL,MWAIT,EST,SSSE3,FMA3,CX16,PCID,SSE4.1,SSE4.2,MOVBE,POPCNT,DEADLINE,AES,XSAVE,AVX,F16C,RDRAND,HV,NXE,PAGE1GB,LONG,LAHF,ABM,ITSC,FSGSBASE,BMI1,HLE,AVX2,SMEP,BMI2,ERMS,INVPCID,RTM
cpu47: 256KB 64b/line 8-way L2 cache
cpu47: smt 1, core 15, package 0
cpu48 at mainbus0: apid 65 (application processor)
cpu48: Intel(R) Xeon(R) CPU E5-2686 v4 @ 2.30GHz, 2311.82 MHz
cpu48: FPU,VME,DE,PSE,TSC,MSR,PAE,MCE,CX8,APIC,SEP,MTRR,PGE,MCA,CMOV,PAT,PSE36,CFLUSH,MMX,FXSR,SSE,SSE2,HTT,SSE3,PCLMUL,MWAIT,EST,SSSE3,FMA3,CX16,PCID,SSE4.1,SSE4.2,MOVBE,POPCNT,DEADLINE,AES,XSAVE,AVX,F16C,RDRAND,HV,NXE,PAGE1GB,LONG,LAHF,ABM,ITSC,FSGSBASE,BMI1,HLE,AVX2,SMEP,BMI2,ERMS,INVPCID,RTM
cpu48: 256KB 64b/line 8-way L2 cache
cpu48: smt 1, core 0, package 2
cpu49 at mainbus0: apid 67 (application processor)
cpu49: Intel(R) Xeon(R) CPU E5-2686 v4 @ 2.30GHz, 2320.47 MHz
cpu49: FPU,VME,DE,PSE,TSC,MSR,PAE,MCE,CX8,APIC,SEP,MTRR,PGE,MCA,CMOV,PAT,PSE36,CFLUSH,MMX,FXSR,SSE,SSE2,HTT,SSE3,PCLMUL,MWAIT,EST,SSSE3,FMA3,CX16,PCID,SSE4.1,SSE4.2,MOVBE,POPCNT,DEADLINE,AES,XSAVE,AVX,F16C,RDRAND,HV,NXE,PAGE1GB,LONG,LAHF,ABM,ITSC,FSGSBASE,BMI1,HLE,AVX2,SMEP,BMI2,ERMS,INVPCID,RTM
cpu49: 256KB 64b/line 8-way L2 cache
cpu49: smt 1, core 1, package 2
cpu50 at mainbus0: apid 69 (application processor)
cpu50: Intel(R) Xeon(R) CPU E5-2686 v4 @ 2.30GHz, 2315.48 MHz
cpu50: FPU,VME,DE,PSE,TSC,MSR,PAE,MCE,CX8,APIC,SEP,MTRR,PGE,MCA,CMOV,PAT,PSE36,CFLUSH,MMX,FXSR,SSE,SSE2,HTT,SSE3,PCLMUL,MWAIT,EST,SSSE3,FMA3,CX16,PCID,SSE4.1,SSE4.2,MOVBE,POPCNT,DEADLINE,AES,XSAVE,AVX,F16C,RDRAND,HV,NXE,PAGE1GB,LONG,LAHF,ABM,ITSC,FSGSBASE,BMI1,HLE,AVX2,SMEP,BMI2,ERMS,INVPCID,RTM
cpu50: 256KB 64b/line 8-way L2 cache
cpu50: smt 1, core 2, package 2
cpu51 at mainbus0: apid 71 (application processor)
cpu51: Intel(R) Xeon(R) CPU E5-2686 v4 @ 2.30GHz, 2319.28 MHz
cpu51: FPU,VME,DE,PSE,TSC,MSR,PAE,MCE,CX8,APIC,SEP,MTRR,PGE,MCA,CMOV,PAT,PSE36,CFLUSH,MMX,FXSR,SSE,SSE2,HTT,SSE3,PCLMUL,MWAIT,EST,SSSE3,FMA3,CX16,PCID,SSE4.1,SSE4.2,MOVBE,POPCNT,DEADLINE,AES,XSAVE,AVX,F16C,RDRAND,HV,NXE,PAGE1GB,LONG,LAHF,ABM,ITSC,FSGSBASE,BMI1,HLE,AVX2,SMEP,BMI2,ERMS,INVPCID,RTM
cpu51: 256KB 64b/line 8-way L2 cache
cpu51: smt 1, core 3, package 2
cpu52 at mainbus0: apid 73 (application processor)
cpu52: Intel(R) Xeon(R) CPU E5-2686 v4 @ 2.30GHz, 2314.82 MHz
cpu52: FPU,VME,DE,PSE,TSC,MSR,PAE,MCE,CX8,APIC,SEP,MTRR,PGE,MCA,CMOV,PAT,PSE36,CFLUSH,MMX,FXSR,SSE,SSE2,HTT,SSE3,PCLMUL,MWAIT,EST,SSSE3,FMA3,CX16,PCID,SSE4.1,SSE4.2,MOVBE,POPCNT,DEADLINE,AES,XSAVE,AVX,F16C,RDRAND,HV,NXE,PAGE1GB,LONG,LAHF,ABM,ITSC,FSGSBASE,BMI1,HLE,AVX2,SMEP,BMI2,ERMS,INVPCID,RTM
cpu52: 256KB 64b/line 8-way L2 cache
cpu52: smt 1, core 4, package 2
cpu53 at mainbus0: apid 75 (application processor)
cpu53: Intel(R) Xeon(R) CPU E5-2686 v4 @ 2.30GHz, 2321.67 MHz
cpu53: FPU,VME,DE,PSE,TSC,MSR,PAE,MCE,CX8,APIC,SEP,MTRR,PGE,MCA,CMOV,PAT,PSE36,CFLUSH,MMX,FXSR,SSE,SSE2,HTT,SSE3,PCLMUL,MWAIT,EST,SSSE3,FMA3,CX16,PCID,SSE4.1,SSE4.2,MOVBE,POPCNT,DEADLINE,AES,XSAVE,AVX,F16C,RDRAND,HV,NXE,PAGE1GB,LONG,LAHF,ABM,ITSC,FSGSBASE,BMI1,HLE,AVX2,SMEP,BMI2,ERMS,INVPCID,RTM
cpu53: 256KB 64b/line 8-way L2 cache
cpu53: smt 1, core 5, package 2
cpu54 at mainbus0: apid 77 (application processor)
cpu54: Intel(R) Xeon(R) CPU E5-2686 v4 @ 2.30GHz, 2326.16 MHz
cpu54: FPU,VME,DE,PSE,TSC,MSR,PAE,MCE,CX8,APIC,SEP,MTRR,PGE,MCA,CMOV,PAT,PSE36,CFLUSH,MMX,FXSR,SSE,SSE2,HTT,SSE3,PCLMUL,MWAIT,EST,SSSE3,FMA3,CX16,PCID,SSE4.1,SSE4.2,MOVBE,POPCNT,DEADLINE,AES,XSAVE,AVX,F16C,RDRAND,HV,NXE,PAGE1GB,LONG,LAHF,ABM,ITSC,FSGSBASE,BMI1,HLE,AVX2,SMEP,BMI2,ERMS,INVPCID,RTM
cpu54: 256KB 64b/line 8-way L2 cache
cpu54: smt 1, core 6, package 2
cpu55 at mainbus0: apid 79 (application processor)
cpu55: Intel(R) Xeon(R) CPU E5-2686 v4 @ 2.30GHz, 2314.06 MHz
cpu55: FPU,VME,DE,PSE,TSC,MSR,PAE,MCE,CX8,APIC,SEP,MTRR,PGE,MCA,CMOV,PAT,PSE36,CFLUSH,MMX,FXSR,SSE,SSE2,HTT,SSE3,PCLMUL,MWAIT,EST,SSSE3,FMA3,CX16,PCID,SSE4.1,SSE4.2,MOVBE,POPCNT,DEADLINE,AES,XSAVE,AVX,F16C,RDRAND,HV,NXE,PAGE1GB,LONG,LAHF,ABM,ITSC,FSGSBASE,BMI1,HLE,AVX2,SMEP,BMI2,ERMS,INVPCID,RTM
cpu55: 256KB 64b/line 8-way L2 cache
cpu55: smt 1, core 7, package 2
cpu56 at mainbus0: apid 81 (application processor)
cpu56: Intel(R) Xeon(R) CPU E5-2686 v4 @ 2.30GHz, 2318.47 MHz
cpu56: FPU,VME,DE,PSE,TSC,MSR,PAE,MCE,CX8,APIC,SEP,MTRR,PGE,MCA,CMOV,PAT,PSE36,CFLUSH,MMX,FXSR,SSE,SSE2,HTT,SSE3,PCLMUL,MWAIT,EST,SSSE3,FMA3,CX16,PCID,SSE4.1,SSE4.2,MOVBE,POPCNT,DEADLINE,AES,XSAVE,AVX,F16C,RDRAND,HV,NXE,PAGE1GB,LONG,LAHF,ABM,ITSC,FSGSBASE,BMI1,HLE,AVX2,SMEP,BMI2,ERMS,INVPCID,RTM
cpu56: 256KB 64b/line 8-way L2 cache
cpu56: smt 1, core 8, package 2
cpu57 at mainbus0: apid 83 (application processor)
cpu57: Intel(R) Xeon(R) CPU E5-2686 v4 @ 2.30GHz, 2312.82 MHz
cpu57: FPU,VME,DE,PSE,TSC,MSR,PAE,MCE,CX8,APIC,SEP,MTRR,PGE,MCA,CMOV,PAT,PSE36,CFLUSH,MMX,FXSR,SSE,SSE2,HTT,SSE3,PCLMUL,MWAIT,EST,SSSE3,FMA3,CX16,PCID,SSE4.1,SSE4.2,MOVBE,POPCNT,DEADLINE,AES,XSAVE,AVX,F16C,RDRAND,HV,NXE,PAGE1GB,LONG,LAHF,ABM,ITSC,FSGSBASE,BMI1,HLE,AVX2,SMEP,BMI2,ERMS,INVPCID,RTM
cpu57: 256KB 64b/line 8-way L2 cache
cpu57: smt 1, core 9, package 2
cpu58 at mainbus0: apid 85 (application processor)
cpu58: Intel(R) Xeon(R) CPU E5-2686 v4 @ 2.30GHz, 2322.98 MHz
cpu58: FPU,VME,DE,PSE,TSC,MSR,PAE,MCE,CX8,APIC,SEP,MTRR,PGE,MCA,CMOV,PAT,PSE36,CFLUSH,MMX,FXSR,SSE,SSE2,HTT,SSE3,PCLMUL,MWAIT,EST,SSSE3,FMA3,CX16,PCID,SSE4.1,SSE4.2,MOVBE,POPCNT,DEADLINE,AES,XSAVE,AVX,F16C,RDRAND,HV,NXE,PAGE1GB,LONG,LAHF,ABM,ITSC,FSGSBASE,BMI1,HLE,AVX2,SMEP,BMI2,ERMS,INVPCID,RTM
cpu58: 256KB 64b/line 8-way L2 cache
cpu58: smt 1, core 10, package 2
cpu59 at mainbus0: apid 87 (application processor)
cpu59: Intel(R) Xeon(R) CPU E5-2686 v4 @ 2.30GHz, 2315.58 MHz
cpu59: FPU,VME,DE,PSE,TSC,MSR,PAE,MCE,CX8,APIC,SEP,MTRR,PGE,MCA,CMOV,PAT,PSE36,CFLUSH,MMX,FXSR,SSE,SSE2,HTT,SSE3,PCLMUL,MWAIT,EST,SSSE3,FMA3,CX16,PCID,SSE4.1,SSE4.2,MOVBE,POPCNT,DEADLINE,AES,XSAVE,AVX,F16C,RDRAND,HV,NXE,PAGE1GB,LONG,LAHF,ABM,ITSC,FSGSBASE,BMI1,HLE,AVX2,SMEP,BMI2,ERMS,INVPCID,RTM
cpu59: 256KB 64b/line 8-way L2 cache
cpu59: smt 1, core 11, package 2
cpu60 at mainbus0: apid 89 (application processor)
cpu60: Intel(R) Xeon(R) CPU E5-2686 v4 @ 2.30GHz, 2322.65 MHz
cpu60: FPU,VME,DE,PSE,TSC,MSR,PAE,MCE,CX8,APIC,SEP,MTRR,PGE,MCA,CMOV,PAT,PSE36,CFLUSH,MMX,FXSR,SSE,SSE2,HTT,SSE3,PCLMUL,MWAIT,EST,SSSE3,FMA3,CX16,PCID,SSE4.1,SSE4.2,MOVBE,POPCNT,DEADLINE,AES,XSAVE,AVX,F16C,RDRAND,HV,NXE,PAGE1GB,LONG,LAHF,ABM,ITSC,FSGSBASE,BMI1,HLE,AVX2,SMEP,BMI2,ERMS,INVPCID,RTM
cpu60: 256KB 64b/line 8-way L2 cache
cpu60: smt 1, core 12, package 2
cpu61 at mainbus0: apid 91 (application processor)
cpu61: Intel(R) Xeon(R) CPU E5-2686 v4 @ 2.30GHz, 2317.31 MHz
cpu61: FPU,VME,DE,PSE,TSC,MSR,PAE,MCE,CX8,APIC,SEP,MTRR,PGE,MCA,CMOV,PAT,PSE36,CFLUSH,MMX,FXSR,SSE,SSE2,HTT,SSE3,PCLMUL,MWAIT,EST,SSSE3,FMA3,CX16,PCID,SSE4.1,SSE4.2,MOVBE,POPCNT,DEADLINE,AES,XSAVE,AVX,F16C,RDRAND,HV,NXE,PAGE1GB,LONG,LAHF,ABM,ITSC,FSGSBASE,BMI1,HLE,AVX2,SMEP,BMI2,ERMS,INVPCID,RTM
cpu61: 256KB 64b/line 8-way L2 cache
cpu61: smt 1, core 13, package 2
cpu62 at mainbus0: apid 93 (application processor)
cpu62: Intel(R) Xeon(R) CPU E5-2686 v4 @ 2.30GHz, 2313.87 MHz
cpu62: FPU,VME,DE,PSE,TSC,MSR,PAE,MCE,CX8,APIC,SEP,MTRR,PGE,MCA,CMOV,PAT,PSE36,CFLUSH,MMX,FXSR,SSE,SSE2,HTT,SSE3,PCLMUL,MWAIT,EST,SSSE3,FMA3,CX16,PCID,SSE4.1,SSE4.2,MOVBE,POPCNT,DEADLINE,AES,XSAVE,AVX,F16C,RDRAND,HV,NXE,PAGE1GB,LONG,LAHF,ABM,ITSC,FSGSBASE,BMI1,HLE,AVX2,SMEP,BMI2,ERMS,INVPCID,RTM
cpu62: 256KB 64b/line 8-way L2 cache
cpu62: smt 1, core 14, package 2
cpu63 at mainbus0: apid 95 (application processor)
cpu63: Intel(R) Xeon(R) CPU E5-2686 v4 @ 2.30GHz, 2319.09 MHz
cpu63: FPU,VME,DE,PSE,TSC,MSR,PAE,MCE,CX8,APIC,SEP,MTRR,PGE,MCA,CMOV,PAT,PSE36,CFLUSH,MMX,FXSR,SSE,SSE2,HTT,SSE3,PCLMUL,MWAIT,EST,SSSE3,FMA3,CX16,PCID,SSE4.1,SSE4.2,MOVBE,POPCNT,DEADLINE,AES,XSAVE,AVX,F16C,RDRAND,HV,NXE,PAGE1GB,LONG,LAHF,ABM,ITSC,FSGSBASE,BMI1,HLE,AVX2,SMEP,BMI2,ERMS,INVPCID,RTM
cpu63: 256KB 64b/line 8-way L2 cache
cpu63: smt 1, core 15, package 2
acpihpet0 at acpi0: 62500000 Hz
acpiprt0 at acpi0: bus 0 (PCI0)
acpicpu0 at acpi0: !C3(350@41 mwait.3@0x20), !C2(500@15 mwait.3@0x10), C1(1016@10 mwait.1@0x1), C1(1016@1 mwait.1), PSS
acpicpu1 at acpi0: !C3(350@41 mwait.3@0x20), !C2(500@15 mwait.3@0x10), C1(1016@10 mwait.1@0x1), C1(1016@1 mwait.1), PSS
acpicpu2 at acpi0: !C3(350@41 mwait.3@0x20), !C2(500@15 mwait.3@0x10), C1(1016@10 mwait.1@0x1), C1(1016@1 mwait.1), PSS
acpicpu3 at acpi0: !C3(350@41 mwait.3@0x20), !C2(500@15 mwait.3@0x10), C1(1016@10 mwait.1@0x1), C1(1016@1 mwait.1), PSS
acpicpu4 at acpi0: !C3(350@41 mwait.3@0x20), !C2(500@15 mwait.3@0x10), C1(1016@10 mwait.1@0x1), C1(1016@1 mwait.1), PSS
acpicpu5 at acpi0: !C3(350@41 mwait.3@0x20), !C2(500@15 mwait.3@0x10), C1(1016@10 mwait.1@0x1), C1(1016@1 mwait.1), PSS
acpicpu6 at acpi0: !C3(350@41 mwait.3@0x20), !C2(500@15 mwait.3@0x10), C1(1016@10 mwait.1@0x1), C1(1016@1 mwait.1), PSS
acpicpu7 at acpi0: !C3(350@41 mwait.3@0x20), !C2(500@15 mwait.3@0x10), C1(1016@10 mwait.1@0x1), C1(1016@1 mwait.1), PSS
acpicpu8 at acpi0: !C3(350@41 mwait.3@0x20), !C2(500@15 mwait.3@0x10), C1(1016@10 mwait.1@0x1), C1(1016@1 mwait.1), PSS
acpicpu9 at acpi0: !C3(350@41 mwait.3@0x20), !C2(500@15 mwait.3@0x10), C1(1016@10 mwait.1@0x1), C1(1016@1 mwait.1), PSS
acpicpu10 at acpi0: !C3(350@41 mwait.3@0x20), !C2(500@15 mwait.3@0x10), C1(1016@10 mwait.1@0x1), C1(1016@1 mwait.1), PSS
acpicpu11 at acpi0: !C3(350@41 mwait.3@0x20), !C2(500@15 mwait.3@0x10), C1(1016@10 mwait.1@0x1), C1(1016@1 mwait.1), PSS
acpicpu12 at acpi0: !C3(350@41 mwait.3@0x20), !C2(500@15 mwait.3@0x10), C1(1016@10 mwait.1@0x1), C1(1016@1 mwait.1), PSS
acpicpu13 at acpi0: !C3(350@41 mwait.3@0x20), !C2(500@15 mwait.3@0x10), C1(1016@10 mwait.1@0x1), C1(1016@1 mwait.1), PSS
acpicpu14 at acpi0: !C3(350@41 mwait.3@0x20), !C2(500@15 mwait.3@0x10), C1(1016@10 mwait.1@0x1), C1(1016@1 mwait.1), PSS
acpicpu15 at acpi0: !C3(350@41 mwait.3@0x20), !C2(500@15 mwait.3@0x10), C1(1016@10 mwait.1@0x1), C1(1016@1 mwait.1), PSS
acpicpu16 at acpi0: !C3(350@41 mwait.3@0x20), !C2(500@15 mwait.3@0x10), C1(1016@10 mwait.1@0x1), C1(1016@1 mwait.1), PSS
acpicpu17 at acpi0: !C3(350@41 mwait.3@0x20), !C2(500@15 mwait.3@0x10), C1(1016@10 mwait.1@0x1), C1(1016@1 mwait.1), PSS
acpicpu18 at acpi0: !C3(350@41 mwait.3@0x20), !C2(500@15 mwait.3@0x10), C1(1016@10 mwait.1@0x1), C1(1016@1 mwait.1), PSS
acpicpu19 at acpi0: !C3(350@41 mwait.3@0x20), !C2(500@15 mwait.3@0x10), C1(1016@10 mwait.1@0x1), C1(1016@1 mwait.1), PSS
acpicpu20 at acpi0: !C3(350@41 mwait.3@0x20), !C2(500@15 mwait.3@0x10), C1(1016@10 mwait.1@0x1), C1(1016@1 mwait.1), PSS
acpicpu21 at acpi0: !C3(350@41 mwait.3@0x20), !C2(500@15 mwait.3@0x10), C1(1016@10 mwait.1@0x1), C1(1016@1 mwait.1), PSS
acpicpu22 at acpi0: !C3(350@41 mwait.3@0x20), !C2(500@15 mwait.3@0x10), C1(1016@10 mwait.1@0x1), C1(1016@1 mwait.1), PSS
acpicpu23 at acpi0: !C3(350@41 mwait.3@0x20), !C2(500@15 mwait.3@0x10), C1(1016@10 mwait.1@0x1), C1(1016@1 mwait.1), PSS
acpicpu24 at acpi0: !C3(350@41 mwait.3@0x20), !C2(500@15 mwait.3@0x10), C1(1016@10 mwait.1@0x1), C1(1016@1 mwait.1), PSS
acpicpu25 at acpi0: !C3(350@41 mwait.3@0x20), !C2(500@15 mwait.3@0x10), C1(1016@10 mwait.1@0x1), C1(1016@1 mwait.1), PSS
acpicpu26 at acpi0: !C3(350@41 mwait.3@0x20), !C2(500@15 mwait.3@0x10), C1(1016@10 mwait.1@0x1), C1(1016@1 mwait.1), PSS
acpicpu27 at acpi0: !C3(350@41 mwait.3@0x20), !C2(500@15 mwait.3@0x10), C1(1016@10 mwait.1@0x1), C1(1016@1 mwait.1), PSS
acpicpu28 at acpi0: !C3(350@41 mwait.3@0x20), !C2(500@15 mwait.3@0x10), C1(1016@10 mwait.1@0x1), C1(1016@1 mwait.1), PSS
acpicpu29 at acpi0: !C3(350@41 mwait.3@0x20), !C2(500@15 mwait.3@0x10), C1(1016@10 mwait.1@0x1), C1(1016@1 mwait.1), PSS
acpicpu30 at acpi0: !C3(350@41 mwait.3@0x20), !C2(500@15 mwait.3@0x10), C1(1016@10 mwait.1@0x1), C1(1016@1 mwait.1), PSS
acpicpu31 at acpi0: !C3(350@41 mwait.3@0x20), !C2(500@15 mwait.3@0x10), C1(1016@10 mwait.1@0x1), C1(1016@1 mwait.1), PSS
acpicpu32 at acpi0: !C3(350@41 mwait.3@0x20), !C2(500@15 mwait.3@0x10), C1(1016@10 mwait.1@0x1), C1(1016@1 mwait.1), PSS
acpicpu33 at acpi0: !C3(350@41 mwait.3@0x20), !C2(500@15 mwait.3@0x10), C1(1016@10 mwait.1@0x1), C1(1016@1 mwait.1), PSS
acpicpu34 at acpi0: !C3(350@41 mwait.3@0x20), !C2(500@15 mwait.3@0x10), C1(1016@10 mwait.1@0x1), C1(1016@1 mwait.1), PSS
acpicpu35 at acpi0: !C3(350@41 mwait.3@0x20), !C2(500@15 mwait.3@0x10), C1(1016@10 mwait.1@0x1), C1(1016@1 mwait.1), PSS
acpicpu36 at acpi0: !C3(350@41 mwait.3@0x20), !C2(500@15 mwait.3@0x10), C1(1016@10 mwait.1@0x1), C1(1016@1 mwait.1), PSS
acpicpu37 at acpi0: !C3(350@41 mwait.3@0x20), !C2(500@15 mwait.3@0x10), C1(1016@10 mwait.1@0x1), C1(1016@1 mwait.1), PSS
acpicpu38 at acpi0: !C3(350@41 mwait.3@0x20), !C2(500@15 mwait.3@0x10), C1(1016@10 mwait.1@0x1), C1(1016@1 mwait.1), PSS
acpicpu39 at acpi0: !C3(350@41 mwait.3@0x20), !C2(500@15 mwait.3@0x10), C1(1016@10 mwait.1@0x1), C1(1016@1 mwait.1), PSS
acpicpu40 at acpi0: !C3(350@41 mwait.3@0x20), !C2(500@15 mwait.3@0x10), C1(1016@10 mwait.1@0x1), C1(1016@1 mwait.1), PSS
acpicpu41 at acpi0: !C3(350@41 mwait.3@0x20), !C2(500@15 mwait.3@0x10), C1(1016@10 mwait.1@0x1), C1(1016@1 mwait.1), PSS
acpicpu42 at acpi0: !C3(350@41 mwait.3@0x20), !C2(500@15 mwait.3@0x10), C1(1016@10 mwait.1@0x1), C1(1016@1 mwait.1), PSS
acpicpu43 at acpi0: !C3(350@41 mwait.3@0x20), !C2(500@15 mwait.3@0x10), C1(1016@10 mwait.1@0x1), C1(1016@1 mwait.1), PSS
acpicpu44 at acpi0: !C3(350@41 mwait.3@0x20), !C2(500@15 mwait.3@0x10), C1(1016@10 mwait.1@0x1), C1(1016@1 mwait.1), PSS
acpicpu45 at acpi0: !C3(350@41 mwait.3@0x20), !C2(500@15 mwait.3@0x10), C1(1016@10 mwait.1@0x1), C1(1016@1 mwait.1), PSS
acpicpu46 at acpi0: !C3(350@41 mwait.3@0x20), !C2(500@15 mwait.3@0x10), C1(1016@10 mwait.1@0x1), C1(1016@1 mwait.1), PSS
acpicpu47 at acpi0: !C3(350@41 mwait.3@0x20), !C2(500@15 mwait.3@0x10), C1(1016@10 mwait.1@0x1), C1(1016@1 mwait.1), PSS
acpicpu48 at acpi0: !C3(350@41 mwait.3@0x20), !C2(500@15 mwait.3@0x10), C1(1016@10 mwait.1@0x1), C1(1016@1 mwait.1), PSS
acpicpu49 at acpi0: !C3(350@41 mwait.3@0x20), !C2(500@15 mwait.3@0x10), C1(1016@10 mwait.1@0x1), C1(1016@1 mwait.1), PSS
acpicpu50 at acpi0: !C3(350@41 mwait.3@0x20), !C2(500@15 mwait.3@0x10), C1(1016@10 mwait.1@0x1), C1(1016@1 mwait.1), PSS
acpicpu51 at acpi0: !C3(350@41 mwait.3@0x20), !C2(500@15 mwait.3@0x10), C1(1016@10 mwait.1@0x1), C1(1016@1 mwait.1), PSS
acpicpu52 at acpi0: !C3(350@41 mwait.3@0x20), !C2(500@15 mwait.3@0x10), C1(1016@10 mwait.1@0x1), C1(1016@1 mwait.1), PSS
acpicpu53 at acpi0: !C3(350@41 mwait.3@0x20), !C2(500@15 mwait.3@0x10), C1(1016@10 mwait.1@0x1), C1(1016@1 mwait.1), PSS
acpicpu54 at acpi0: !C3(350@41 mwait.3@0x20), !C2(500@15 mwait.3@0x10), C1(1016@10 mwait.1@0x1), C1(1016@1 mwait.1), PSS
acpicpu55 at acpi0: !C3(350@41 mwait.3@0x20), !C2(500@15 mwait.3@0x10), C1(1016@10 mwait.1@0x1), C1(1016@1 mwait.1), PSS
acpicpu56 at acpi0: !C3(350@41 mwait.3@0x20), !C2(500@15 mwait.3@0x10), C1(1016@10 mwait.1@0x1), C1(1016@1 mwait.1), PSS
acpicpu57 at acpi0: !C3(350@41 mwait.3@0x20), !C2(500@15 mwait.3@0x10), C1(1016@10 mwait.1@0x1), C1(1016@1 mwait.1), PSS
acpicpu58 at acpi0: !C3(350@41 mwait.3@0x20), !C2(500@15 mwait.3@0x10), C1(1016@10 mwait.1@0x1), C1(1016@1 mwait.1), PSS
acpicpu59 at acpi0: !C3(350@41 mwait.3@0x20), !C2(500@15 mwait.3@0x10), C1(1016@10 mwait.1@0x1), C1(1016@1 mwait.1), PSS
acpicpu60 at acpi0: !C3(350@41 mwait.3@0x20), !C2(500@15 mwait.3@0x10), C1(1016@10 mwait.1@0x1), C1(1016@1 mwait.1), PSS
acpicpu61 at acpi0: !C3(350@41 mwait.3@0x20), !C2(500@15 mwait.3@0x10), C1(1016@10 mwait.1@0x1), C1(1016@1 mwait.1), PSS
acpicpu62 at acpi0: !C3(350@41 mwait.3@0x20), !C2(500@15 mwait.3@0x10), C1(1016@10 mwait.1@0x1), C1(1016@1 mwait.1), PSS
acpicpu63 at acpi0: !C3(350@41 mwait.3@0x20), !C2(500@15 mwait.3@0x10), C1(1016@10 mwait.1@0x1), C1(1016@1 mwait.1), PSS
&quot;PNP0F13&quot; at acpi0 not configured
&quot;PNP0303&quot; at acpi0 not configured
&quot;PNP0700&quot; at acpi0 not configured
&quot;PNP0501&quot; at acpi0 not configured
&quot;ACPI0007&quot; at acpi0 not configured
&quot;ACPI0007&quot; at acpi0 not configured
&quot;ACPI0007&quot; at acpi0 not configured
&quot;ACPI0007&quot; at acpi0 not configured
&quot;ACPI0007&quot; at acpi0 not configured
&quot;ACPI0007&quot; at acpi0 not configured
&quot;ACPI0007&quot; at acpi0 not configured
&quot;ACPI0007&quot; at acpi0 not configured
&quot;ACPI0007&quot; at acpi0 not configured
&quot;ACPI0007&quot; at acpi0 not configured
&quot;ACPI0007&quot; at acpi0 not configured
&quot;ACPI0007&quot; at acpi0 not configured
&quot;ACPI0007&quot; at acpi0 not configured
&quot;ACPI0007&quot; at acpi0 not configured
&quot;ACPI0007&quot; at acpi0 not configured
&quot;ACPI0007&quot; at acpi0 not configured
&quot;ACPI0007&quot; at acpi0 not configured
&quot;ACPI0007&quot; at acpi0 not configured
&quot;ACPI0007&quot; at acpi0 not configured
&quot;ACPI0007&quot; at acpi0 not configured
&quot;ACPI0007&quot; at acpi0 not configured
&quot;ACPI0007&quot; at acpi0 not configured
&quot;ACPI0007&quot; at acpi0 not configured
&quot;ACPI0007&quot; at acpi0 not configured
&quot;ACPI0007&quot; at acpi0 not configured
&quot;ACPI0007&quot; at acpi0 not configured
&quot;ACPI0007&quot; at acpi0 not configured
&quot;ACPI0007&quot; at acpi0 not configured
&quot;ACPI0007&quot; at acpi0 not configured
&quot;ACPI0007&quot; at acpi0 not configured
&quot;ACPI0007&quot; at acpi0 not configured
&quot;ACPI0007&quot; at acpi0 not configured
&quot;ACPI0007&quot; at acpi0 not configured
&quot;ACPI0007&quot; at acpi0 not configured
&quot;ACPI0007&quot; at acpi0 not configured
&quot;ACPI0007&quot; at acpi0 not configured
&quot;ACPI0007&quot; at acpi0 not configured
&quot;ACPI0007&quot; at acpi0 not configured
&quot;ACPI0007&quot; at acpi0 not configured
&quot;ACPI0007&quot; at acpi0 not configured
&quot;ACPI0007&quot; at acpi0 not configured
&quot;ACPI0007&quot; at acpi0 not configured
&quot;ACPI0007&quot; at acpi0 not configured
&quot;ACPI0007&quot; at acpi0 not configured
&quot;ACPI0007&quot; at acpi0 not configured
&quot;ACPI0007&quot; at acpi0 not configured
&quot;ACPI0007&quot; at acpi0 not configured
&quot;ACPI0007&quot; at acpi0 not configured
&quot;ACPI0007&quot; at acpi0 not configured
&quot;ACPI0007&quot; at acpi0 not configured
&quot;ACPI0007&quot; at acpi0 not configured
&quot;ACPI0007&quot; at acpi0 not configured
&quot;ACPI0007&quot; at acpi0 not configured
&quot;ACPI0007&quot; at acpi0 not configured
&quot;ACPI0007&quot; at acpi0 not configured
&quot;ACPI0007&quot; at acpi0 not configured
&quot;ACPI0007&quot; at acpi0 not configured
&quot;ACPI0007&quot; at acpi0 not configured
&quot;ACPI0007&quot; at acpi0 not configured
&quot;ACPI0007&quot; at acpi0 not configured
&quot;ACPI0007&quot; at acpi0 not configured
&quot;ACPI0007&quot; at acpi0 not configured
&quot;ACPI0007&quot; at acpi0 not configured
&quot;ACPI0007&quot; at acpi0 not configured
cpu0: Enhanced SpeedStep 2300 MHz: speeds: 2301, 2300, 2200, 2100, 2000, 1900, 1800, 1700, 1600, 1500, 1400, 1300, 1200 MHz
pvbus0 at mainbus0: Xen 4.2
xen0 at pvbus0: features 0x705, 270 grant table frames, event channel 66
&quot;vfb&quot; at xen0: device/vfb/0 not configured
xbf0 at xen0 backend 0 chan 68: disk
scsibus1 at xbf0: 2 targets
sd0 at scsibus1 targ 0 lun 0: &lt;Xen, phy hda 768, 0000&gt; SCSI3 0/direct fixed
sd0: 10240MB, 512 bytes/sector, 20971520 sectors
xnf0 at xen0 backend 0 chan 69: address xx:xx:xx:xx:xx:xx
&quot;console&quot; at xen0: device/console/0 not configured
pci0 at mainbus0 bus 0
pchb0 at pci0 dev 0 function 0 &quot;Intel 82441FX&quot; rev 0x02
pcib0 at pci0 dev 1 function 0 &quot;Intel 82371SB ISA&quot; rev 0x00
pciide0 at pci0 dev 1 function 1 &quot;Intel 82371SB IDE&quot; rev 0x00: DMA, channel 0 wired to compatibility, channel 1 wired to compatibility
pciide0: channel 0 disabled (no drives)
pciide0: channel 1 disabled (no drives)
piixpm0 at pci0 dev 1 function 3 &quot;Intel 82371AB Power&quot; rev 0x01: SMBus disabled
vga1 at pci0 dev 2 function 0 &quot;Cirrus Logic CL-GD5446&quot; rev 0x00
wsdisplay0 at vga1 mux 1: console (80x25, vt100 emulation)
wsdisplay0: screen 1-5 added (80x25, vt100 emulation)
xspd0 at pci0 dev 3 function 0 &quot;XenSource Platform Device&quot; rev 0x01
isa0 at pcib0
isadma0 at isa0
fdc0 at isa0 port 0x3f0/6 irq 6 drq 2
fd0 at fdc0 drive 0: density unknown
fd1 at fdc0 drive 1: density unknown
com0 at isa0 port 0x3f8/8 irq 4: ns16550a, 16 byte fifo
com0: console
pckbc0 at isa0 port 0x60/5 irq 1 irq 12
pckbd0 at pckbc0 (kbd slot)
wskbd0 at pckbd0: console keyboard, using wsdisplay0
pms0 at pckbc0 (aux slot)
wsmouse0 at pms0 mux 0
pcppi0 at isa0 port 0x61
spkr0 at pcppi0
vmm at mainbus0 not configured
vscsi0 at root
scsibus2 at vscsi0: 256 targets
softraid0 at root
scsibus3 at softraid0: 256 targets
root on sd0f (f531a97783492712.f) swap on sd0b dump on sd0b

</pre>



</div><!-- content -->
<br />
<div id="footer">
All comments/news/posts are the property of their individual owner and
is presented without warranty of suitability, and solely as an
informational resource. <br />
This site Copyright &copy; 2004-2020 NYC*BUG.
</div><!-- footer -->

</body>
</html>

