



<!doctype html>
<html lang="en">
<head>
<meta name="keywords"
	content="bsd, freebsd, openbsd, netbsd, dragonflybsd, nycbug, dmesgd" />
<meta name="description" content="New York City BSD User Group dmesgd" />
<meta charset="utf-8" />
<meta name="viewport" content="width=device-width, initial-scale=1" />
<title>NYC*BUG dmesgd</title>
<style>
body {
	text-align: left;
	margin: 15px auto;
	padding: 0px 10px;
}
@media (min-width: 800px) {
	body {
		max-width: 85%;
	}
}
#header {
	border-bottom: 1px solid #dbdbdb;
	font-size: 230%;
	text-align: left;
}
#footer {
	border-top: 1px solid #dbdbdb;
	clear: both;
	text-align: left;
}
.logo_bug {
	color: #cc0033;
}
#menu ul {
	list-style-type: none;
	margin: 0;
	padding: 0;
}
#menu li {
	float: left;
}
#menu li a {
	display: block;
	background-color: #dbdbdb;
	color: #000000;
	font-size: 105%;
	font-weight: bold;
	padding: 0px 6px 0px 6px;
	text-decoration: none;
}
#content {
	clear: both;
	text-align: left;
	padding-top: 10px;
}
#content h1 {
	font-size: 120%;
	font-weight: bold;
}
#content h2 {
	font-size: 110%;
	font-weight: bold;
}
#content a {
	text-decoration: none;
}
#content pre {
	background-color: #dbdbdb;
	padding: 5px 5px 5px 5px;
	white-space: pre-wrap;		/* css-3 */
	white-space: -moz-pre-wrap;	/* Mozilla, since 1999 */
	white-space: -pre-wrap;		/* Opera 4-6 */
	white-space: -o-pre-wrap;	/* Opera 7 */
	word-wrap: break-word;		/* Internet Explorer 5.5+ */
}
#content table {
	border-collapse: collapse;
}
#content table th {
	border: 1px solid #dbdbdb;
	font-size: 85%;
	white-space: nowrap;
}
#content table td {
	border: 1px solid #dbdbdb;
	font-size: 80%;
}
#content input {
	font-size: 1em;
}
#content .full	{ width: 100%; }
#content .left	{ text-align: left; }
#content .right	{ text-align: right; }
#content .center { text-align: center; }
#content .flexbox {
	display: -ms-flex;
	display: -webkit-flex;
	display: flex;
	width: 100%;
}
#content .left_col {
	min-width: 75px;
	max-width: 50%;
	flex-grow: 0;
}
#content .right_col {
	flex-grow: 1;
	margin-left: 10px;
	padding-top: 10px;
	padding-left: 10px;
}
#col {
	-moz-column-count: 3;
	-webkit-column-count: 3;
	column-count: 3;
}
</style>
</head>
<body>

<div id="header">
<strong><em>NYC*</em><span class="logo_bug">BUG</span> dmesgd</strong>
</div><!-- header -->

<div id="menu">
<ul>
<li><a href="https://dmesgd.nycbug.org/index.cgi?do=index">Home</a></li>
<li><a href="https://dmesgd.nycbug.org/index.cgi?do=submit">Submit</a></li>
<li><a href="https://www.nycbug.org/">NYC*BUG</a></li>
</ul>
</div><!-- menu -->

<div id="content">

<p>
Launched in 2004, dmesgd aims to provide a
<strong>user-submitted</strong> repository of searchable *BSD dmesgs.
The dmesg(8) command displays the system message buffer's content, and
during boot a copy is saved to <em>/var/run/dmesg.boot</em>.  This buffer
contains the operating system release, name and version, a list of
devices identified, plus a whole host of other useful information.  We
hope others find this resource useful and further contribute to its
growth. Contact us at [ admin at lists dot nycbug dot org ].
</p>

<hr />


<strong>Date:</strong> <em>2017-02-22 19:04:53</em><br />
<strong>From:</strong> <em>Sevan / Venture37</em><br />
<strong>Description:</strong> <em>Sharp Zaurus SL-C3100</em><br />

<pre>
OpenBSD 6.0 (GENERIC) #222: Sun Jul 31 13:45:46 MDT 2016
    xxx@xxx.xxx:/usr/src/sys/arch/zaurus/compile/GENERIC
real mem  = 67108864 (64MB)
avail mem = 58028032 (55MB)
warning: no entropy supplied by boot loader
mainbus0 at root: no device tree
cpu0 at mainbus0: PXA27x step C-0 (XScale core)
cpu0: DC enabled IC enabled WB enabled LABT branch prediction enabled
cpu0: 32KB(32b/l,32way) I-cache, 32KB(32b/l,32way) wr-back-lock D-cache
pxaip0 at mainbus0: CPU clock = 416.000 MHz
pxaintc0 at pxaip0 addr 0x40d00000: Interrupt Controller
pxagpio0 at pxaip0 addr 0x40e00000: GPIO Controller
pxadmac0 at pxaip0 addr 0x40000000 intr 25: DMA Controller
pxaost0 at pxaip0 addr 0x40a00000
com0 at pxaip0 addr 0x40100000 intr 22: pxa2x0, 32 byte fifo
com1 at pxaip0 addr 0x40200000 intr 21: pxa2x0, 32 byte fifo
com2 at pxaip0 addr 0x40700000 intr 20: pxa2x0, 32 byte fifo (SIR)
ohci0 at pxaip0, version 1.0
usb0 at ohci0: USB revision 1.0
uhub0 at usb0 &quot;PXA27x OHCI root hub&quot; rev 1.00/1.00 addr 1
lcd0 at pxaip0
wsdisplay0 at lcd0 mux 1: console (std, vt100 emulation)
wsdisplay0: screen 1 added (std, vt100 emulation)
zkbd0 at pxaip0
wskbd0 at zkbd0: console keyboard, using wsdisplay0
scoop0 at pxaip0: PCMCIA/GPIO controller
scoop1 at pxaip0: PCMCIA/GPIO controller
pxapcic0 at pxaip0: 2 slots
pcmcia0 at pxapcic0
pcmcia1 at pxapcic0
pxammc0 at pxaip0: MMC/SD/SDIO controller
sdmmc0 at pxammc0: 1-bit
zssp0 at pxaip0
apm0 at pxaip0
zts0 at pxaip0
wsmouse0 at zts0 mux 0
zaudio0 at pxaip0: I2C, I2S, WM8750 Audio
audio0 at zaudio0
zrc0 at pxaip0: CE-RH2 remote control
wskbd1 at zrc0 mux 1
wskbd1: connecting to wsdisplay0
flash0 at pxaip0: Samsung K9F1G08U0A 128Mx8 3.3V
pxaudc0 at pxaip0: USB Device Controller
usbf0 at pxaudc0: USB revision 1.1
cdcef0 at usbf0: address fe:e1:ba:
wdc0 at pcmcia0 function 0 &quot;TRANSCEND, TS32GCF400, &quot; port 0x0/16: irq 138
wd0 at wdc0 channel 0 drive 0: &lt;TS32GCF400&gt;
wd0: 1-sector PIO, LBA, 30535MB, 62537328 sectors
wd0(wdc0:0:0): using BIOS timings
vscsi0 at root
scsibus0 at vscsi0: 256 targets
softraid0 at root
scsibus1 at softraid0: 256 targets
boot device: wd0
root on wd0a (2779c6d932f7e430.a) swap on wd0b dump on wd0b

</pre>



</div><!-- content -->
<br />
<div id="footer">
All comments/news/posts are the property of their individual owner and
is presented without warranty of suitability, and solely as an
informational resource. <br />
This site Copyright &copy; 2004-2020 NYC*BUG.
</div><!-- footer -->

</body>
</html>

