



<!doctype html>
<html lang="en">
<head>
<meta name="keywords"
	content="bsd, freebsd, openbsd, netbsd, dragonflybsd, nycbug, dmesgd" />
<meta name="description" content="New York City BSD User Group dmesgd" />
<meta charset="utf-8" />
<meta name="viewport" content="width=device-width, initial-scale=1" />
<title>NYC*BUG dmesgd</title>
<style>
body {
	text-align: left;
	margin: 15px auto;
	padding: 0px 10px;
}
@media (min-width: 800px) {
	body {
		max-width: 85%;
	}
}
#header {
	border-bottom: 1px solid #dbdbdb;
	font-size: 230%;
	text-align: left;
}
#footer {
	border-top: 1px solid #dbdbdb;
	clear: both;
	text-align: left;
}
.logo_bug {
	color: #cc0033;
}
#menu ul {
	list-style-type: none;
	margin: 0;
	padding: 0;
}
#menu li {
	float: left;
}
#menu li a {
	display: block;
	background-color: #dbdbdb;
	color: #000000;
	font-size: 105%;
	font-weight: bold;
	padding: 0px 6px 0px 6px;
	text-decoration: none;
}
#content {
	clear: both;
	text-align: left;
	padding-top: 10px;
}
#content h1 {
	font-size: 120%;
	font-weight: bold;
}
#content h2 {
	font-size: 110%;
	font-weight: bold;
}
#content a {
	text-decoration: none;
}
#content pre {
	background-color: #dbdbdb;
	padding: 5px 5px 5px 5px;
	white-space: pre-wrap;		/* css-3 */
	white-space: -moz-pre-wrap;	/* Mozilla, since 1999 */
	white-space: -pre-wrap;		/* Opera 4-6 */
	white-space: -o-pre-wrap;	/* Opera 7 */
	word-wrap: break-word;		/* Internet Explorer 5.5+ */
}
#content table {
	border-collapse: collapse;
}
#content table th {
	border: 1px solid #dbdbdb;
	font-size: 85%;
	white-space: nowrap;
}
#content table td {
	border: 1px solid #dbdbdb;
	font-size: 80%;
}
#content input {
	font-size: 1em;
}
#content .full	{ width: 100%; }
#content .left	{ text-align: left; }
#content .right	{ text-align: right; }
#content .center { text-align: center; }
#content .flexbox {
	display: -ms-flex;
	display: -webkit-flex;
	display: flex;
	width: 100%;
}
#content .left_col {
	min-width: 75px;
	max-width: 50%;
	flex-grow: 0;
}
#content .right_col {
	flex-grow: 1;
	margin-left: 10px;
	padding-top: 10px;
	padding-left: 10px;
}
#col {
	-moz-column-count: 3;
	-webkit-column-count: 3;
	column-count: 3;
}
</style>
</head>
<body>

<div id="header">
<strong><em>NYC*</em><span class="logo_bug">BUG</span> dmesgd</strong>
</div><!-- header -->

<div id="menu">
<ul>
<li><a href="https://dmesgd.nycbug.org/index.cgi?do=index">Home</a></li>
<li><a href="https://dmesgd.nycbug.org/index.cgi?do=submit">Submit</a></li>
<li><a href="https://www.nycbug.org/">NYC*BUG</a></li>
</ul>
</div><!-- menu -->

<div id="content">

<p>
Launched in 2004, dmesgd aims to provide a
<strong>user-submitted</strong> repository of searchable *BSD dmesgs.
The dmesg(8) command displays the system message buffer's content, and
during boot a copy is saved to <em>/var/run/dmesg.boot</em>.  This buffer
contains the operating system release, name and version, a list of
devices identified, plus a whole host of other useful information.  We
hope others find this resource useful and further contribute to its
growth. Contact us at [ admin at lists dot nycbug dot org ].
</p>

<hr />


<strong>Date:</strong> <em>2017-03-08 23:32:32</em><br />
<strong>From:</strong> <em>OpenBSDer</em><br />
<strong>Description:</strong> <em>OpenBSD, Lenovo t560 20fh, 4.7 MP screen </em><br />

<pre>
OpenBSD 6.0 (GENERIC.MP) #2319: Tue Jul 26 13:00:43 MDT 2016
    xxx@xxx.xxx:/usr/src/sys/arch/amd64/compile/GENERIC.MP
real mem = 16546271232 (15779MB)
avail mem = 16040333312 (15297MB)
mpath0 at root
scsibus0 at mpath0: 256 targets
mainbus0 at root
bios0 at mainbus0: SMBIOS rev. 2.8 @ 0xd7c05000 (67 entries)
bios0: vendor LENOVO version &quot;N1KET21W (1.08 )&quot; date 04/20/2016
bios0: LENOVO 20FH
acpi0 at bios0: rev 2
acpi0: sleep states S0 S3 S4 S5
acpi0: tables DSDT FACP TCPA SSDT UEFI SSDT SSDT ECDT HPET APIC MCFG SSDT DBGP DBG2 BOOT BATB SLIC SSDT SSDT MSDM ASF! FPDT UEFI
acpi0: wakeup devices LID_(S4) SLPB(S3) IGBE(S4) PXSX(S4) EXP2(S4) PXSX(S4) PXSX(S4) PXSX(S4) XHCI(S3)
acpitimer0 at acpi0: 3579545 Hz, 24 bits
acpiec0 at acpi0
acpihpet0 at acpi0: 23999999 Hz
acpimadt0 at acpi0 addr 0xfee00000: PC-AT compat
cpu0 at mainbus0: apid 0 (boot processor)
cpu0: Intel(R) Core(TM) i7-6600U CPU @ 2.60GHz, 2494.81 MHz
cpu0: FPU,VME,DE,PSE,TSC,MSR,PAE,MCE,CX8,APIC,SEP,MTRR,PGE,MCA,CMOV,PAT,PSE36,CFLUSH,DS,ACPI,MMX,FXSR,SSE,SSE2,SS,HTT,TM,PBE,SSE3,PCLMUL,DTES64,MWAIT,DS-CPL,VMX,SMX,EST,TM2,SSSE3,FMA3,CX16,xTPR,PDCM,PCID,SSE4.1,SSE4.2,x2APIC,MOVBE,POPCNT,DEADLINE,AES,XSAVE,AVX,F16C,RDRAND,NXE,PAGE1GB,LONG,LAHF,ABM,3DNOWP,PERF,ITSC,FSGSBASE,SGX,BMI1,HLE,AVX2,SMEP,BMI2,ERMS,INVPCID,RTM,MPX,RDSEED,ADX,SMAP,CLFLUSHOPT,PT,SENSOR,ARAT
cpu0: 256KB 64b/line 8-way L2 cache
cpu0: smt 0, core 0, package 0
mtrr: Pentium Pro MTRR support, 10 var ranges, 88 fixed ranges
cpu0: apic clock running at 23MHz
cpu0: mwait min=64, max=64, C-substates=0.2.1.2.4.1.1.1, IBE
cpu1 at mainbus0: apid 2 (application processor)
cpu1: Intel(R) Core(TM) i7-6600U CPU @ 2.60GHz, 2494.19 MHz
cpu1: FPU,VME,DE,PSE,TSC,MSR,PAE,MCE,CX8,APIC,SEP,MTRR,PGE,MCA,CMOV,PAT,PSE36,CFLUSH,DS,ACPI,MMX,FXSR,SSE,SSE2,SS,HTT,TM,PBE,SSE3,PCLMUL,DTES64,MWAIT,DS-CPL,VMX,SMX,EST,TM2,SSSE3,FMA3,CX16,xTPR,PDCM,PCID,SSE4.1,SSE4.2,x2APIC,MOVBE,POPCNT,DEADLINE,AES,XSAVE,AVX,F16C,RDRAND,NXE,PAGE1GB,LONG,LAHF,ABM,3DNOWP,PERF,ITSC,FSGSBASE,SGX,BMI1,HLE,AVX2,SMEP,BMI2,ERMS,INVPCID,RTM,MPX,RDSEED,ADX,SMAP,CLFLUSHOPT,PT,SENSOR,ARAT
cpu1: 256KB 64b/line 8-way L2 cache
cpu1: smt 0, core 1, package 0
cpu2 at mainbus0: apid 1 (application processor)
cpu2: Intel(R) Core(TM) i7-6600U CPU @ 2.60GHz, 2494.19 MHz
cpu2: FPU,VME,DE,PSE,TSC,MSR,PAE,MCE,CX8,APIC,SEP,MTRR,PGE,MCA,CMOV,PAT,PSE36,CFLUSH,DS,ACPI,MMX,FXSR,SSE,SSE2,SS,HTT,TM,PBE,SSE3,PCLMUL,DTES64,MWAIT,DS-CPL,VMX,SMX,EST,TM2,SSSE3,FMA3,CX16,xTPR,PDCM,PCID,SSE4.1,SSE4.2,x2APIC,MOVBE,POPCNT,DEADLINE,AES,XSAVE,AVX,F16C,RDRAND,NXE,PAGE1GB,LONG,LAHF,ABM,3DNOWP,PERF,ITSC,FSGSBASE,SGX,BMI1,HLE,AVX2,SMEP,BMI2,ERMS,INVPCID,RTM,MPX,RDSEED,ADX,SMAP,CLFLUSHOPT,PT,SENSOR,ARAT
cpu2: 256KB 64b/line 8-way L2 cache
cpu2: smt 1, core 0, package 0
cpu3 at mainbus0: apid 3 (application processor)
cpu3: Intel(R) Core(TM) i7-6600U CPU @ 2.60GHz, 2494.19 MHz
cpu3: FPU,VME,DE,PSE,TSC,MSR,PAE,MCE,CX8,APIC,SEP,MTRR,PGE,MCA,CMOV,PAT,PSE36,CFLUSH,DS,ACPI,MMX,FXSR,SSE,SSE2,SS,HTT,TM,PBE,SSE3,PCLMUL,DTES64,MWAIT,DS-CPL,VMX,SMX,EST,TM2,SSSE3,FMA3,CX16,xTPR,PDCM,PCID,SSE4.1,SSE4.2,x2APIC,MOVBE,POPCNT,DEADLINE,AES,XSAVE,AVX,F16C,RDRAND,NXE,PAGE1GB,LONG,LAHF,ABM,3DNOWP,PERF,ITSC,FSGSBASE,SGX,BMI1,HLE,AVX2,SMEP,BMI2,ERMS,INVPCID,RTM,MPX,RDSEED,ADX,SMAP,CLFLUSHOPT,PT,SENSOR,ARAT
cpu3: 256KB 64b/line 8-way L2 cache
cpu3: smt 1, core 1, package 0
ioapic0 at mainbus0: apid 2 pa 0xfec00000, version 20, 120 pins
acpimcfg0 at acpi0 addr 0xf8000000, bus 0-63
acpiprt0 at acpi0: bus 0 (PCI0)
acpiprt1 at acpi0: bus -1 (PEG0)
acpiprt2 at acpi0: bus -1 (PEG1)
acpiprt3 at acpi0: bus -1 (PEG2)
acpiprt4 at acpi0: bus 2 (EXP1)
acpiprt5 at acpi0: bus -1 (EXP2)
acpiprt6 at acpi0: bus 4 (EXP3)
acpiprt7 at acpi0: bus -1 (EXP5)
acpiprt8 at acpi0: bus -1 (RP09)
acpicpu0 at acpi0: C3(200@1034 mwait.1@0x60), C2(200@151 mwait.1@0x33), C1(1000@1 mwait.1), PSS
acpicpu1 at acpi0: C3(200@1034 mwait.1@0x60), C2(200@151 mwait.1@0x33), C1(1000@1 mwait.1), PSS
acpicpu2 at acpi0: C3(200@1034 mwait.1@0x60), C2(200@151 mwait.1@0x33), C1(1000@1 mwait.1), PSS
acpicpu3 at acpi0: C3(200@1034 mwait.1@0x60), C2(200@151 mwait.1@0x33), C1(1000@1 mwait.1), PSS
acpipwrres0 at acpi0: PUBS, resource for XHCI
acpipwrres1 at acpi0: PG00, resource for PEG0
acpipwrres2 at acpi0: PG01, resource for PEG1
acpipwrres3 at acpi0: PG02, resource for PEG2
acpipwrres4 at acpi0: WRST
acpipwrres5 at acpi0: WRST
acpitz0 at acpi0: critical temperature is 98 degC
acpibtn0 at acpi0: LID_
acpibtn1 at acpi0: SLPB
&quot;LEN0071&quot; at acpi0 not configured
&quot;LEN005E&quot; at acpi0 not configured
&quot;INT3F0D&quot; at acpi0 not configured
acpibat0 at acpi0: BAT0 model &quot;45N1743&quot; serial   251 type LiP oem &quot;SONY&quot;
acpibat1 at acpi0: BAT1 model &quot;45N1777&quot; serial  3320 type LION oem &quot;SANYO&quot;
acpiac0 at acpi0: AC unit online
acpithinkpad0 at acpi0
&quot;PNP0C14&quot; at acpi0 not configured
&quot;PNP0C14&quot; at acpi0 not configured
&quot;PNP0C14&quot; at acpi0 not configured
&quot;PNP0C31&quot; at acpi0 not configured
&quot;INT3394&quot; at acpi0 not configured
acpivideo0 at acpi0: GFX0
acpivout at acpivideo0 not configured
cpu0: Enhanced SpeedStep 2494 MHz: speeds: 2701, 2700, 2600, 2500, 2300, 2100, 1900, 1800, 1600, 1400, 1300, 1100, 800, 700, 600, 400 MHz
pci0 at mainbus0 bus 0
pchb0 at pci0 dev 0 function 0 &quot;Intel Core 6G Host&quot; rev 0x08
vga1 at pci0 dev 2 function 0 &quot;Intel HD Graphics 520&quot; rev 0x07
wsdisplay0 at vga1 mux 1: console (80x25, vt100 emulation)
wsdisplay0: screen 1-5 added (80x25, vt100 emulation)
&quot;Intel Skylake GMM&quot; rev 0x00 at pci0 dev 8 function 0 not configured
xhci0 at pci0 dev 20 function 0 &quot;Intel 100 Series xHCI&quot; rev 0x21: msi
usb0 at xhci0: USB revision 3.0
uhub0 at usb0 &quot;Intel xHCI root hub&quot; rev 3.00/1.00 addr 1
pchtemp0 at pci0 dev 20 function 2 &quot;Intel 100 Series Thermal&quot; rev 0x21
&quot;Intel 100 Series MEI&quot; rev 0x21 at pci0 dev 22 function 0 not configured
ahci0 at pci0 dev 23 function 0 &quot;Intel 100 Series AHCI&quot; rev 0x21: msi, AHCI 1.3.1
ahci0: port 1: 6.0Gb/s
scsibus1 at ahci0: 32 targets
sd0 at scsibus1 targ 1 lun 0: &lt;ATA, Samsung SSD 850, EXM0&gt; SCSI3 0/direct fixed naa.5002538840212211
sd0: 976762MB, 512 bytes/sector, 2000409264 sectors, thin
ppb0 at pci0 dev 28 function 0 &quot;Intel 100 Series PCIE&quot; rev 0xf1: msi
pci1 at ppb0 bus 2
rtsx0 at pci1 dev 0 function 0 &quot;Realtek RTS522A Card Reader&quot; rev 0x01: msi
sdmmc0 at rtsx0: 4-bit
ppb1 at pci0 dev 28 function 2 &quot;Intel 100 Series PCIE&quot; rev 0xf1: msi
pci2 at ppb1 bus 4
iwm0 at pci2 dev 0 function 0 &quot;Intel Dual Band Wireless AC 8260&quot; rev 0x3a, msi
pcib0 at pci0 dev 31 function 0 &quot;Intel 100 Series LPC&quot; rev 0x21
&quot;Intel 100 Series PMC&quot; rev 0x21 at pci0 dev 31 function 2 not configured
azalia0 at pci0 dev 31 function 3 &quot;Intel 100 Series HD Audio&quot; rev 0x21: msi
azalia0: codecs: Realtek/0x0293, Intel/0x2809, using Realtek/0x0293
audio0 at azalia0
ichiic0 at pci0 dev 31 function 4 &quot;Intel 100 Series SMBus&quot; rev 0x21: apic 2 int 16
iic0 at ichiic0
em0 at pci0 dev 31 function 6 &quot;Intel I219-LM&quot; rev 0x21: msi, address
isa0 at pcib0
isadma0 at isa0
pckbc0 at isa0 port 0x60/5 irq 1 irq 12
pckbdprobe: reset response 0x28
pms0 at pckbc0 (aux slot)
wsmouse0 at pms0 mux 0
wsmouse1 at pms0 mux 0
pms0: Synaptics clickpad, firmware 8.1
pckbd0 at pckbc0 (kbd slot)
wskbd0 at pckbd0: console keyboard, using wsdisplay0
pcppi0 at isa0 port 0x61
spkr0 at pcppi0
ugen0 at uhub0 port 7 &quot;Intel product 0x0a2b&quot; rev 2.00/0.01 addr 2
uvideo0 at uhub0 port 8 configuration 1 interface 0 &quot;8SSC20F26971L1GZ68H0A03 Integrated Camera&quot; rev 2.00/0.13 addr 3
video0 at uvideo0
sdmmc0: can't enable card
vscsi0 at root
scsibus2 at vscsi0: 256 targets
softraid0 at root
scsibus3 at softraid0: 256 targets
root on sd0a (3c514036ab2f8b1b.a) swap on sd0b dump on sd0b
iwm0: could not read firmware iwm-8000C-16 (error 2)
iwm0: failed to load init firmware
iwm0: could not read firmware iwm-8000C-16 (error 2)
iwm0: failed to load init firmware
hw.sensors.cpu0.temp0=36.00 degC
hw.sensors.acpitz0.temp0=37.00 degC (zone temperature)
hw.sensors.acpibtn0.indicator0=On (lid open)
hw.sensors.acpibat0.volt0=11.40 VDC (voltage)
hw.sensors.acpibat0.volt1=12.71 VDC (current voltage)
hw.sensors.acpibat0.power0=0.00 W (rate)
hw.sensors.acpibat0.watthour0=42.76 Wh (last full capacity)
hw.sensors.acpibat0.watthour1=2.14 Wh (warning capacity)
hw.sensors.acpibat0.watthour2=0.20 Wh (low capacity)
hw.sensors.acpibat0.watthour3=42.54 Wh (remaining capacity), OK
hw.sensors.acpibat0.watthour4=44.46 Wh (design capacity)
hw.sensors.acpibat0.raw0=0 (battery idle), OK
hw.sensors.acpibat1.volt0=10.80 VDC (voltage)
hw.sensors.acpibat1.volt1=12.36 VDC (current voltage)
hw.sensors.acpibat1.power0=0.00 W (rate)
hw.sensors.acpibat1.watthour0=71.00 Wh (last full capacity)
hw.sensors.acpibat1.watthour1=3.55 Wh (warning capacity)
hw.sensors.acpibat1.watthour2=0.20 Wh (low capacity)
hw.sensors.acpibat1.watthour3=70.77 Wh (remaining capacity), OK
hw.sensors.acpibat1.watthour4=71.28 Wh (design capacity)
hw.sensors.acpibat1.raw0=0 (battery idle), OK
hw.sensors.acpiac0.indicator0=On (power supply)
hw.sensors.acpithinkpad0.temp0=37.00 degC
hw.sensors.acpithinkpad0.temp1=37.00 degC
hw.sensors.acpithinkpad0.temp2=37.00 degC
hw.sensors.acpithinkpad0.temp3=37.00 degC
hw.sensors.acpithinkpad0.temp4=37.00 degC
hw.sensors.acpithinkpad0.temp5=37.00 degC
hw.sensors.acpithinkpad0.temp6=37.00 degC
hw.sensors.acpithinkpad0.temp7=37.00 degC
hw.sensors.acpithinkpad0.fan0=0 RPM
hw.sensors.pchtemp0.temp0=36.50 degC
</pre>



</div><!-- content -->
<br />
<div id="footer">
All comments/news/posts are the property of their individual owner and
is presented without warranty of suitability, and solely as an
informational resource. <br />
This site Copyright &copy; 2004-2020 NYC*BUG.
</div><!-- footer -->

</body>
</html>

