



<!doctype html>
<html lang="en">
<head>
<meta name="keywords"
	content="bsd, freebsd, openbsd, netbsd, dragonflybsd, nycbug, dmesgd" />
<meta name="description" content="New York City BSD User Group dmesgd" />
<meta charset="utf-8" />
<meta name="viewport" content="width=device-width, initial-scale=1" />
<title>NYC*BUG dmesgd</title>
<style>
body {
	text-align: left;
	margin: 15px auto;
	padding: 0px 10px;
}
@media (min-width: 800px) {
	body {
		max-width: 85%;
	}
}
#header {
	border-bottom: 1px solid #dbdbdb;
	font-size: 230%;
	text-align: left;
}
#footer {
	border-top: 1px solid #dbdbdb;
	clear: both;
	text-align: left;
}
.logo_bug {
	color: #cc0033;
}
#menu ul {
	list-style-type: none;
	margin: 0;
	padding: 0;
}
#menu li {
	float: left;
}
#menu li a {
	display: block;
	background-color: #dbdbdb;
	color: #000000;
	font-size: 105%;
	font-weight: bold;
	padding: 0px 6px 0px 6px;
	text-decoration: none;
}
#content {
	clear: both;
	text-align: left;
	padding-top: 10px;
}
#content h1 {
	font-size: 120%;
	font-weight: bold;
}
#content h2 {
	font-size: 110%;
	font-weight: bold;
}
#content a {
	text-decoration: none;
}
#content pre {
	background-color: #dbdbdb;
	padding: 5px 5px 5px 5px;
	white-space: pre-wrap;		/* css-3 */
	white-space: -moz-pre-wrap;	/* Mozilla, since 1999 */
	white-space: -pre-wrap;		/* Opera 4-6 */
	white-space: -o-pre-wrap;	/* Opera 7 */
	word-wrap: break-word;		/* Internet Explorer 5.5+ */
}
#content table {
	border-collapse: collapse;
}
#content table th {
	border: 1px solid #dbdbdb;
	font-size: 85%;
	white-space: nowrap;
}
#content table td {
	border: 1px solid #dbdbdb;
	font-size: 80%;
}
#content input {
	font-size: 1em;
}
#content .full	{ width: 100%; }
#content .left	{ text-align: left; }
#content .right	{ text-align: right; }
#content .center { text-align: center; }
#content .flexbox {
	display: -ms-flex;
	display: -webkit-flex;
	display: flex;
	width: 100%;
}
#content .left_col {
	min-width: 75px;
	max-width: 50%;
	flex-grow: 0;
}
#content .right_col {
	flex-grow: 1;
	margin-left: 10px;
	padding-top: 10px;
	padding-left: 10px;
}
#col {
	-moz-column-count: 3;
	-webkit-column-count: 3;
	column-count: 3;
}
</style>
</head>
<body>

<div id="header">
<strong><em>NYC*</em><span class="logo_bug">BUG</span> dmesgd</strong>
</div><!-- header -->

<div id="menu">
<ul>
<li><a href="https://dmesgd.nycbug.org/index.cgi?do=index">Home</a></li>
<li><a href="https://dmesgd.nycbug.org/index.cgi?do=submit">Submit</a></li>
<li><a href="https://www.nycbug.org/">NYC*BUG</a></li>
</ul>
</div><!-- menu -->

<div id="content">

<p>
Launched in 2004, dmesgd aims to provide a
<strong>user-submitted</strong> repository of searchable *BSD dmesgs.
The dmesg(8) command displays the system message buffer's content, and
during boot a copy is saved to <em>/var/run/dmesg.boot</em>.  This buffer
contains the operating system release, name and version, a list of
devices identified, plus a whole host of other useful information.  We
hope others find this resource useful and further contribute to its
growth. Contact us at [ admin at lists dot nycbug dot org ].
</p>

<hr />


<strong>Date:</strong> <em>2017-03-17 11:14:54</em><br />
<strong>From:</strong> <em>duclare</em><br />
<strong>Description:</strong> <em>AMD Ryzen on ASUS C6H</em><br />

<pre>
OpenBSD 6.1-beta (GENERIC.MP) #30: Thu Mar 16 16:39:27 MDT 2017
    xxx@xxx.xxx:/usr/src/sys/arch/amd64/compile/GENERIC.MP
real mem = 34268418048 (32680MB)
avail mem = 33225175040 (31685MB)
mpath0 at root
scsibus0 at mpath0: 256 targets
mainbus0 at root
bios0 at mainbus0: SMBIOS rev. 3.0 @ 0xed300 (68 entries)
bios0: vendor American Megatrends Inc. version &quot;0902&quot; date 03/11/2017
bios0: ASUSTeK COMPUTER INC. CROSSHAIR VI HERO
acpi0 at bios0: rev 2
acpi0: sleep states S0 S3 S4 S5
acpi0: tables DSDT FACP APIC FPDT SSDT FIDT SSDT SRAT CRAT CDIT SSDT MCFG SSDT HPET SSDT UEFI BGRT IVRS SSDT
acpi0: wakeup devices GPP0(S4) GPP0(S4) GPP1(S4) GPP2(S4) PTXH(S4) AS43(S4) I211(S4) WIBT(S4) X4_0(S4) X411(S4) X412(S4) X413(S4) GPP3(S4) GPP4(S4) GPP5(S4) GPP6(S4) [...]
acpitimer0 at acpi0: 3579545 Hz, 32 bits
acpimadt0 at acpi0 addr 0xfee00000: PC-AT compat
cpu0 at mainbus0: apid 0 (boot processor)
cpu0: AMD Ryzen 7 1800X Eight-Core Processor, 3593.82 MHz
cpu0: FPU,VME,DE,PSE,TSC,MSR,PAE,MCE,CX8,APIC,SEP,MTRR,PGE,MCA,CMOV,PAT,PSE36,CFLUSH,MMX,FXSR,SSE,SSE2,HTT,SSE3,PCLMUL,MWAIT,SSSE3,FMA3,CX16,SSE4.1,SSE4.2,MOVBE,POPCNT,AES,XSAVE,AVX,F16C,RDRAND,NXE,MMXX,FFXSR,PAGE1GB,LONG,LAHF,CMPLEG,SVM,EAPICSP,AMCR8,ABM,SSE4A,MASSE,3DNOWP,OSVW,SKINIT,TOPEXT,ITSC,FSGSBASE,BMI1,AVX2,SMEP,BMI2,RDSEED,ADX,SMAP,CLFLUSHOPT,SHA
cpu0: 64KB 64b/line 4-way I-cache, 32KB 64b/line 8-way D-cache, 512KB 64b/line 8-way L2 cache, 16MB 64b/line 16-way L3 cache
cpu0: ITLB 64 4KB entries fully associative, 64 4MB entries fully associative
cpu0: DTLB 64 4KB entries fully associative, 64 4MB entries fully associative
cpu0: TSC frequency 3593819520 Hz
cpu0: smt 0, core 0, package 0
mtrr: Pentium Pro MTRR support, 8 var ranges, 88 fixed ranges
cpu0: apic clock running at 99MHz
cpu0: mwait min=64, max=64, IBE
cpu1 at mainbus0: apid 1 (application processor)
cpu1: AMD Ryzen 7 1800X Eight-Core Processor, 3593.25 MHz
cpu1: FPU,VME,DE,PSE,TSC,MSR,PAE,MCE,CX8,APIC,SEP,MTRR,PGE,MCA,CMOV,PAT,PSE36,CFLUSH,MMX,FXSR,SSE,SSE2,HTT,SSE3,PCLMUL,MWAIT,SSSE3,FMA3,CX16,SSE4.1,SSE4.2,MOVBE,POPCNT,AES,XSAVE,AVX,F16C,RDRAND,NXE,MMXX,FFXSR,PAGE1GB,LONG,LAHF,CMPLEG,SVM,EAPICSP,AMCR8,ABM,SSE4A,MASSE,3DNOWP,OSVW,SKINIT,TOPEXT,ITSC,FSGSBASE,BMI1,AVX2,SMEP,BMI2,RDSEED,ADX,SMAP,CLFLUSHOPT,SHA
cpu1: 64KB 64b/line 4-way I-cache, 32KB 64b/line 8-way D-cache, 512KB 64b/line 8-way L2 cache, 16MB 64b/line 16-way L3 cache
cpu1: ITLB 64 4KB entries fully associative, 64 4MB entries fully associative
cpu1: DTLB 64 4KB entries fully associative, 64 4MB entries fully associative
cpu1: smt 0, core 1, package 0
cpu2 at mainbus0: apid 2 (application processor)
cpu2: AMD Ryzen 7 1800X Eight-Core Processor, 3593.25 MHz
cpu2: FPU,VME,DE,PSE,TSC,MSR,PAE,MCE,CX8,APIC,SEP,MTRR,PGE,MCA,CMOV,PAT,PSE36,CFLUSH,MMX,FXSR,SSE,SSE2,HTT,SSE3,PCLMUL,MWAIT,SSSE3,FMA3,CX16,SSE4.1,SSE4.2,MOVBE,POPCNT,AES,XSAVE,AVX,F16C,RDRAND,NXE,MMXX,FFXSR,PAGE1GB,LONG,LAHF,CMPLEG,SVM,EAPICSP,AMCR8,ABM,SSE4A,MASSE,3DNOWP,OSVW,SKINIT,TOPEXT,ITSC,FSGSBASE,BMI1,AVX2,SMEP,BMI2,RDSEED,ADX,SMAP,CLFLUSHOPT,SHA
cpu2: 64KB 64b/line 4-way I-cache, 32KB 64b/line 8-way D-cache, 512KB 64b/line 8-way L2 cache, 16MB 64b/line 16-way L3 cache
cpu2: ITLB 64 4KB entries fully associative, 64 4MB entries fully associative
cpu2: DTLB 64 4KB entries fully associative, 64 4MB entries fully associative
cpu2: smt 0, core 2, package 0
cpu3 at mainbus0: apid 3 (application processor)
cpu3: AMD Ryzen 7 1800X Eight-Core Processor, 3593.25 MHz
cpu3: FPU,VME,DE,PSE,TSC,MSR,PAE,MCE,CX8,APIC,SEP,MTRR,PGE,MCA,CMOV,PAT,PSE36,CFLUSH,MMX,FXSR,SSE,SSE2,HTT,SSE3,PCLMUL,MWAIT,SSSE3,FMA3,CX16,SSE4.1,SSE4.2,MOVBE,POPCNT,AES,XSAVE,AVX,F16C,RDRAND,NXE,MMXX,FFXSR,PAGE1GB,LONG,LAHF,CMPLEG,SVM,EAPICSP,AMCR8,ABM,SSE4A,MASSE,3DNOWP,OSVW,SKINIT,TOPEXT,ITSC,FSGSBASE,BMI1,AVX2,SMEP,BMI2,RDSEED,ADX,SMAP,CLFLUSHOPT,SHA
cpu3: 64KB 64b/line 4-way I-cache, 32KB 64b/line 8-way D-cache, 512KB 64b/line 8-way L2 cache, 16MB 64b/line 16-way L3 cache
cpu3: ITLB 64 4KB entries fully associative, 64 4MB entries fully associative
cpu3: DTLB 64 4KB entries fully associative, 64 4MB entries fully associative
cpu3: smt 0, core 3, package 0
cpu4 at mainbus0: apid 4 (application processor)
cpu4: AMD Ryzen 7 1800X Eight-Core Processor, 3593.25 MHz
cpu4: FPU,VME,DE,PSE,TSC,MSR,PAE,MCE,CX8,APIC,SEP,MTRR,PGE,MCA,CMOV,PAT,PSE36,CFLUSH,MMX,FXSR,SSE,SSE2,HTT,SSE3,PCLMUL,MWAIT,SSSE3,FMA3,CX16,SSE4.1,SSE4.2,MOVBE,POPCNT,AES,XSAVE,AVX,F16C,RDRAND,NXE,MMXX,FFXSR,PAGE1GB,LONG,LAHF,CMPLEG,SVM,EAPICSP,AMCR8,ABM,SSE4A,MASSE,3DNOWP,OSVW,SKINIT,TOPEXT,ITSC,FSGSBASE,BMI1,AVX2,SMEP,BMI2,RDSEED,ADX,SMAP,CLFLUSHOPT,SHA
cpu4: 64KB 64b/line 4-way I-cache, 32KB 64b/line 8-way D-cache, 512KB 64b/line 8-way L2 cache, 16MB 64b/line 16-way L3 cache
cpu4: ITLB 64 4KB entries fully associative, 64 4MB entries fully associative
cpu4: DTLB 64 4KB entries fully associative, 64 4MB entries fully associative
cpu4: smt 0, core 4, package 0
cpu5 at mainbus0: apid 5 (application processor)
cpu5: AMD Ryzen 7 1800X Eight-Core Processor, 3593.25 MHz
cpu5: FPU,VME,DE,PSE,TSC,MSR,PAE,MCE,CX8,APIC,SEP,MTRR,PGE,MCA,CMOV,PAT,PSE36,CFLUSH,MMX,FXSR,SSE,SSE2,HTT,SSE3,PCLMUL,MWAIT,SSSE3,FMA3,CX16,SSE4.1,SSE4.2,MOVBE,POPCNT,AES,XSAVE,AVX,F16C,RDRAND,NXE,MMXX,FFXSR,PAGE1GB,LONG,LAHF,CMPLEG,SVM,EAPICSP,AMCR8,ABM,SSE4A,MASSE,3DNOWP,OSVW,SKINIT,TOPEXT,ITSC,FSGSBASE,BMI1,AVX2,SMEP,BMI2,RDSEED,ADX,SMAP,CLFLUSHOPT,SHA
cpu5: 64KB 64b/line 4-way I-cache, 32KB 64b/line 8-way D-cache, 512KB 64b/line 8-way L2 cache, 16MB 64b/line 16-way L3 cache
cpu5: ITLB 64 4KB entries fully associative, 64 4MB entries fully associative
cpu5: DTLB 64 4KB entries fully associative, 64 4MB entries fully associative
cpu5: smt 0, core 5, package 0
cpu6 at mainbus0: apid 6 (application processor)
cpu6: AMD Ryzen 7 1800X Eight-Core Processor, 3593.25 MHz
cpu6: FPU,VME,DE,PSE,TSC,MSR,PAE,MCE,CX8,APIC,SEP,MTRR,PGE,MCA,CMOV,PAT,PSE36,CFLUSH,MMX,FXSR,SSE,SSE2,HTT,SSE3,PCLMUL,MWAIT,SSSE3,FMA3,CX16,SSE4.1,SSE4.2,MOVBE,POPCNT,AES,XSAVE,AVX,F16C,RDRAND,NXE,MMXX,FFXSR,PAGE1GB,LONG,LAHF,CMPLEG,SVM,EAPICSP,AMCR8,ABM,SSE4A,MASSE,3DNOWP,OSVW,SKINIT,TOPEXT,ITSC,FSGSBASE,BMI1,AVX2,SMEP,BMI2,RDSEED,ADX,SMAP,CLFLUSHOPT,SHA
cpu6: 64KB 64b/line 4-way I-cache, 32KB 64b/line 8-way D-cache, 512KB 64b/line 8-way L2 cache, 16MB 64b/line 16-way L3 cache
cpu6: ITLB 64 4KB entries fully associative, 64 4MB entries fully associative
cpu6: DTLB 64 4KB entries fully associative, 64 4MB entries fully associative
cpu6: smt 0, core 6, package 0
cpu7 at mainbus0: apid 7 (application processor)
cpu7: AMD Ryzen 7 1800X Eight-Core Processor, 3593.25 MHz
cpu7: FPU,VME,DE,PSE,TSC,MSR,PAE,MCE,CX8,APIC,SEP,MTRR,PGE,MCA,CMOV,PAT,PSE36,CFLUSH,MMX,FXSR,SSE,SSE2,HTT,SSE3,PCLMUL,MWAIT,SSSE3,FMA3,CX16,SSE4.1,SSE4.2,MOVBE,POPCNT,AES,XSAVE,AVX,F16C,RDRAND,NXE,MMXX,FFXSR,PAGE1GB,LONG,LAHF,CMPLEG,SVM,EAPICSP,AMCR8,ABM,SSE4A,MASSE,3DNOWP,OSVW,SKINIT,TOPEXT,ITSC,FSGSBASE,BMI1,AVX2,SMEP,BMI2,RDSEED,ADX,SMAP,CLFLUSHOPT,SHA
cpu7: 64KB 64b/line 4-way I-cache, 32KB 64b/line 8-way D-cache, 512KB 64b/line 8-way L2 cache, 16MB 64b/line 16-way L3 cache
cpu7: ITLB 64 4KB entries fully associative, 64 4MB entries fully associative
cpu7: DTLB 64 4KB entries fully associative, 64 4MB entries fully associative
cpu7: smt 0, core 7, package 0
cpu8 at mainbus0: apid 8 (application processor)
cpu8: AMD Ryzen 7 1800X Eight-Core Processor, 3593.25 MHz
cpu8: FPU,VME,DE,PSE,TSC,MSR,PAE,MCE,CX8,APIC,SEP,MTRR,PGE,MCA,CMOV,PAT,PSE36,CFLUSH,MMX,FXSR,SSE,SSE2,HTT,SSE3,PCLMUL,MWAIT,SSSE3,FMA3,CX16,SSE4.1,SSE4.2,MOVBE,POPCNT,AES,XSAVE,AVX,F16C,RDRAND,NXE,MMXX,FFXSR,PAGE1GB,LONG,LAHF,CMPLEG,SVM,EAPICSP,AMCR8,ABM,SSE4A,MASSE,3DNOWP,OSVW,SKINIT,TOPEXT,ITSC,FSGSBASE,BMI1,AVX2,SMEP,BMI2,RDSEED,ADX,SMAP,CLFLUSHOPT,SHA
cpu8: 64KB 64b/line 4-way I-cache, 32KB 64b/line 8-way D-cache, 512KB 64b/line 8-way L2 cache, 16MB 64b/line 16-way L3 cache
cpu8: ITLB 64 4KB entries fully associative, 64 4MB entries fully associative
cpu8: DTLB 64 4KB entries fully associative, 64 4MB entries fully associative
cpu8: smt 0, core 8, package 0
cpu9 at mainbus0: apid 9 (application processor)
cpu9: AMD Ryzen 7 1800X Eight-Core Processor, 3593.25 MHz
cpu9: FPU,VME,DE,PSE,TSC,MSR,PAE,MCE,CX8,APIC,SEP,MTRR,PGE,MCA,CMOV,PAT,PSE36,CFLUSH,MMX,FXSR,SSE,SSE2,HTT,SSE3,PCLMUL,MWAIT,SSSE3,FMA3,CX16,SSE4.1,SSE4.2,MOVBE,POPCNT,AES,XSAVE,AVX,F16C,RDRAND,NXE,MMXX,FFXSR,PAGE1GB,LONG,LAHF,CMPLEG,SVM,EAPICSP,AMCR8,ABM,SSE4A,MASSE,3DNOWP,OSVW,SKINIT,TOPEXT,ITSC,FSGSBASE,BMI1,AVX2,SMEP,BMI2,RDSEED,ADX,SMAP,CLFLUSHOPT,SHA
cpu9: 64KB 64b/line 4-way I-cache, 32KB 64b/line 8-way D-cache, 512KB 64b/line 8-way L2 cache, 16MB 64b/line 16-way L3 cache
cpu9: ITLB 64 4KB entries fully associative, 64 4MB entries fully associative
cpu9: DTLB 64 4KB entries fully associative, 64 4MB entries fully associative
cpu9: smt 0, core 9, package 0
cpu10 at mainbus0: apid 10 (application processor)
cpu10: AMD Ryzen 7 1800X Eight-Core Processor, 3593.25 MHz
cpu10: FPU,VME,DE,PSE,TSC,MSR,PAE,MCE,CX8,APIC,SEP,MTRR,PGE,MCA,CMOV,PAT,PSE36,CFLUSH,MMX,FXSR,SSE,SSE2,HTT,SSE3,PCLMUL,MWAIT,SSSE3,FMA3,CX16,SSE4.1,SSE4.2,MOVBE,POPCNT,AES,XSAVE,AVX,F16C,RDRAND,NXE,MMXX,FFXSR,PAGE1GB,LONG,LAHF,CMPLEG,SVM,EAPICSP,AMCR8,ABM,SSE4A,MASSE,3DNOWP,OSVW,SKINIT,TOPEXT,ITSC,FSGSBASE,BMI1,AVX2,SMEP,BMI2,RDSEED,ADX,SMAP,CLFLUSHOPT,SHA
cpu10: 64KB 64b/line 4-way I-cache, 32KB 64b/line 8-way D-cache, 512KB 64b/line 8-way L2 cache, 16MB 64b/line 16-way L3 cache
cpu10: ITLB 64 4KB entries fully associative, 64 4MB entries fully associative
cpu10: DTLB 64 4KB entries fully associative, 64 4MB entries fully associative
cpu10: smt 0, core 10, package 0
cpu11 at mainbus0: apid 11 (application processor)
cpu11: AMD Ryzen 7 1800X Eight-Core Processor, 3593.25 MHz
cpu11: FPU,VME,DE,PSE,TSC,MSR,PAE,MCE,CX8,APIC,SEP,MTRR,PGE,MCA,CMOV,PAT,PSE36,CFLUSH,MMX,FXSR,SSE,SSE2,HTT,SSE3,PCLMUL,MWAIT,SSSE3,FMA3,CX16,SSE4.1,SSE4.2,MOVBE,POPCNT,AES,XSAVE,AVX,F16C,RDRAND,NXE,MMXX,FFXSR,PAGE1GB,LONG,LAHF,CMPLEG,SVM,EAPICSP,AMCR8,ABM,SSE4A,MASSE,3DNOWP,OSVW,SKINIT,TOPEXT,ITSC,FSGSBASE,BMI1,AVX2,SMEP,BMI2,RDSEED,ADX,SMAP,CLFLUSHOPT,SHA
cpu11: 64KB 64b/line 4-way I-cache, 32KB 64b/line 8-way D-cache, 512KB 64b/line 8-way L2 cache, 16MB 64b/line 16-way L3 cache
cpu11: ITLB 64 4KB entries fully associative, 64 4MB entries fully associative
cpu11: DTLB 64 4KB entries fully associative, 64 4MB entries fully associative
cpu11: smt 0, core 11, package 0
cpu12 at mainbus0: apid 12 (application processor)
cpu12: AMD Ryzen 7 1800X Eight-Core Processor, 3593.25 MHz
cpu12: FPU,VME,DE,PSE,TSC,MSR,PAE,MCE,CX8,APIC,SEP,MTRR,PGE,MCA,CMOV,PAT,PSE36,CFLUSH,MMX,FXSR,SSE,SSE2,HTT,SSE3,PCLMUL,MWAIT,SSSE3,FMA3,CX16,SSE4.1,SSE4.2,MOVBE,POPCNT,AES,XSAVE,AVX,F16C,RDRAND,NXE,MMXX,FFXSR,PAGE1GB,LONG,LAHF,CMPLEG,SVM,EAPICSP,AMCR8,ABM,SSE4A,MASSE,3DNOWP,OSVW,SKINIT,TOPEXT,ITSC,FSGSBASE,BMI1,AVX2,SMEP,BMI2,RDSEED,ADX,SMAP,CLFLUSHOPT,SHA
cpu12: 64KB 64b/line 4-way I-cache, 32KB 64b/line 8-way D-cache, 512KB 64b/line 8-way L2 cache, 16MB 64b/line 16-way L3 cache
cpu12: ITLB 64 4KB entries fully associative, 64 4MB entries fully associative
cpu12: DTLB 64 4KB entries fully associative, 64 4MB entries fully associative
cpu12: smt 0, core 12, package 0
cpu13 at mainbus0: apid 13 (application processor)
cpu13: AMD Ryzen 7 1800X Eight-Core Processor, 3593.25 MHz
cpu13: FPU,VME,DE,PSE,TSC,MSR,PAE,MCE,CX8,APIC,SEP,MTRR,PGE,MCA,CMOV,PAT,PSE36,CFLUSH,MMX,FXSR,SSE,SSE2,HTT,SSE3,PCLMUL,MWAIT,SSSE3,FMA3,CX16,SSE4.1,SSE4.2,MOVBE,POPCNT,AES,XSAVE,AVX,F16C,RDRAND,NXE,MMXX,FFXSR,PAGE1GB,LONG,LAHF,CMPLEG,SVM,EAPICSP,AMCR8,ABM,SSE4A,MASSE,3DNOWP,OSVW,SKINIT,TOPEXT,ITSC,FSGSBASE,BMI1,AVX2,SMEP,BMI2,RDSEED,ADX,SMAP,CLFLUSHOPT,SHA
cpu13: 64KB 64b/line 4-way I-cache, 32KB 64b/line 8-way D-cache, 512KB 64b/line 8-way L2 cache, 16MB 64b/line 16-way L3 cache
cpu13: ITLB 64 4KB entries fully associative, 64 4MB entries fully associative
cpu13: DTLB 64 4KB entries fully associative, 64 4MB entries fully associative
cpu13: smt 0, core 13, package 0
cpu14 at mainbus0: apid 14 (application processor)
cpu14: AMD Ryzen 7 1800X Eight-Core Processor, 3593.25 MHz
cpu14: FPU,VME,DE,PSE,TSC,MSR,PAE,MCE,CX8,APIC,SEP,MTRR,PGE,MCA,CMOV,PAT,PSE36,CFLUSH,MMX,FXSR,SSE,SSE2,HTT,SSE3,PCLMUL,MWAIT,SSSE3,FMA3,CX16,SSE4.1,SSE4.2,MOVBE,POPCNT,AES,XSAVE,AVX,F16C,RDRAND,NXE,MMXX,FFXSR,PAGE1GB,LONG,LAHF,CMPLEG,SVM,EAPICSP,AMCR8,ABM,SSE4A,MASSE,3DNOWP,OSVW,SKINIT,TOPEXT,ITSC,FSGSBASE,BMI1,AVX2,SMEP,BMI2,RDSEED,ADX,SMAP,CLFLUSHOPT,SHA
cpu14: 64KB 64b/line 4-way I-cache, 32KB 64b/line 8-way D-cache, 512KB 64b/line 8-way L2 cache, 16MB 64b/line 16-way L3 cache
cpu14: ITLB 64 4KB entries fully associative, 64 4MB entries fully associative
cpu14: DTLB 64 4KB entries fully associative, 64 4MB entries fully associative
cpu14: smt 0, core 14, package 0
cpu15 at mainbus0: apid 15 (application processor)
cpu15: AMD Ryzen 7 1800X Eight-Core Processor, 3593.26 MHz
cpu15: FPU,VME,DE,PSE,TSC,MSR,PAE,MCE,CX8,APIC,SEP,MTRR,PGE,MCA,CMOV,PAT,PSE36,CFLUSH,MMX,FXSR,SSE,SSE2,HTT,SSE3,PCLMUL,MWAIT,SSSE3,FMA3,CX16,SSE4.1,SSE4.2,MOVBE,POPCNT,AES,XSAVE,AVX,F16C,RDRAND,NXE,MMXX,FFXSR,PAGE1GB,LONG,LAHF,CMPLEG,SVM,EAPICSP,AMCR8,ABM,SSE4A,MASSE,3DNOWP,OSVW,SKINIT,TOPEXT,ITSC,FSGSBASE,BMI1,AVX2,SMEP,BMI2,RDSEED,ADX,SMAP,CLFLUSHOPT,SHA
cpu15: 64KB 64b/line 4-way I-cache, 32KB 64b/line 8-way D-cache, 512KB 64b/line 8-way L2 cache, 16MB 64b/line 16-way L3 cache
cpu15: ITLB 64 4KB entries fully associative, 64 4MB entries fully associative
cpu15: DTLB 64 4KB entries fully associative, 64 4MB entries fully associative
cpu15: smt 0, core 15, package 0
ioapic0 at mainbus0: apid 17 pa 0xfec00000, version 21, 24 pins
ioapic1 at mainbus0: apid 18 pa 0xfec01000, version 21, 32 pins
acpimcfg0 at acpi0 addr 0xf8000000, bus 0-63
acpihpet0 at acpi0: 14318180 Hz
acpiprt0 at acpi0: bus 0 (PCI0)
acpiprt1 at acpi0: bus -1 (GPP0)
acpiprt2 at acpi0: bus -1 (GPP1)
acpiprt3 at acpi0: bus 3 (GPP2)
acpiprt4 at acpi0: bus -1 (GPP3)
acpiprt5 at acpi0: bus -1 (GPP4)
acpiprt6 at acpi0: bus -1 (GPP5)
acpiprt7 at acpi0: bus -1 (GPP6)
acpiprt8 at acpi0: bus -1 (GPP7)
acpiprt9 at acpi0: bus 41 (GPP8)
acpiprt10 at acpi0: bus -1 (GPP9)
acpiprt11 at acpi0: bus -1 (GPPA)
acpiprt12 at acpi0: bus -1 (GPPB)
acpiprt13 at acpi0: bus -1 (GPPC)
acpiprt14 at acpi0: bus -1 (GPPD)
acpiprt15 at acpi0: bus -1 (GPPE)
acpiprt16 at acpi0: bus -1 (GPPF)
acpiprt17 at acpi0: bus 42 (GP17)
acpiprt18 at acpi0: bus 43 (GP18)
acpiec0 at acpi0
acpicpu0 at acpi0: C2(0@400 io@0x1771), C1(@1 halt!), PSS
acpicpu1 at acpi0: C2(0@400 io@0x1771), C1(@1 halt!), PSS
acpicpu2 at acpi0: C2(0@400 io@0x1771), C1(@1 halt!), PSS
acpicpu3 at acpi0: C2(0@400 io@0x1771), C1(@1 halt!), PSS
acpicpu4 at acpi0: C2(0@400 io@0x1771), C1(@1 halt!), PSS
acpicpu5 at acpi0: C2(0@400 io@0x1771), C1(@1 halt!), PSS
acpicpu6 at acpi0: C2(0@400 io@0x1771), C1(@1 halt!), PSS
acpicpu7 at acpi0: C2(0@400 io@0x1771), C1(@1 halt!), PSS
acpicpu8 at acpi0: C2(0@400 io@0x1771), C1(@1 halt!), PSS
acpicpu9 at acpi0: C2(0@400 io@0x1771), C1(@1 halt!), PSS
acpicpu10 at acpi0: C2(0@400 io@0x1771), C1(@1 halt!), PSS
acpicpu11 at acpi0: C2(0@400 io@0x1771), C1(@1 halt!), PSS
acpicpu12 at acpi0: C2(0@400 io@0x1771), C1(@1 halt!), PSS
acpicpu13 at acpi0: C2(0@400 io@0x1771), C1(@1 halt!), PSS
acpicpu14 at acpi0: C2(0@400 io@0x1771), C1(@1 halt!), PSS
acpicpu15 at acpi0: C2(0@400 io@0x1771), C1(@1 halt!), PSS
&quot;PNP0C14&quot; at acpi0 not configured
acpibtn0 at acpi0: PWRB
&quot;AMDI0030&quot; at acpi0 not configured
&quot;AMDIF030&quot; at acpi0 not configured
&quot;PNP0C14&quot; at acpi0 not configured
&quot;PNP0C14&quot; at acpi0 not configured
cpu0: 3593 MHz: speeds: 3600 3200 2200 MHz
pci0 at mainbus0 bus 0
pchb0 at pci0 dev 0 function 0 vendor &quot;AMD&quot;, unknown product 0x1450 rev 0x00
vendor &quot;AMD&quot;, unknown product 0x1451 (class system unknown subclass 0x06, rev 0x00) at pci0 dev 0 function 2 not configured
pchb1 at pci0 dev 1 function 0 vendor &quot;AMD&quot;, unknown product 0x1452 rev 0x00
ppb0 at pci0 dev 1 function 3 vendor &quot;AMD&quot;, unknown product 0x1453 rev 0x00: msi
pci1 at ppb0 bus 3
xhci0 at pci1 dev 0 function 0 vendor &quot;AMD&quot;, unknown product 0x43b9 rev 0x02: msi
usb0 at xhci0: USB revision 3.0
uhub0 at usb0 configuration 1 interface 0 &quot;AMD xHCI root hub&quot; rev 3.00/1.00 addr 1
ahci0 at pci1 dev 0 function 1 vendor &quot;AMD&quot;, unknown product 0x43b5 rev 0x02: msi, AHCI 1.3.1
ahci0: port busy after first PMP probe FIS
ahci0: port busy after first PMP probe FIS
ahci0: port 1: 6.0Gb/s
scsibus1 at ahci0: 32 targets
sd0 at scsibus1 targ 1 lun 0: &lt;ATA, Samsung SSD 850, EMT0&gt; SCSI3 0/direct fixed naa.5002538d4196a773
sd0: 238475MB, 512 bytes/sector, 488397168 sectors, thin
ppb1 at pci1 dev 0 function 2 vendor &quot;AMD&quot;, unknown product 0x43b0 rev 0x02
pci2 at ppb1 bus 29
ppb2 at pci2 dev 0 function 0 vendor &quot;AMD&quot;, unknown product 0x43b4 rev 0x02: msi
pci3 at ppb2 bus 33
xhci1 at pci3 dev 0 function 0 vendor &quot;ASMedia&quot;, unknown product 0x1343 rev 0x00: msi
usb1 at xhci1: USB revision 3.0
uhub1 at usb1 configuration 1 interface 0 &quot;ASMedia xHCI root hub&quot; rev 3.00/1.00 addr 1
ppb3 at pci2 dev 2 function 0 vendor &quot;AMD&quot;, unknown product 0x43b4 rev 0x02: msi
pci4 at ppb3 bus 35
em0 at pci4 dev 0 function 0 &quot;Intel I211&quot; rev 0x03: msi, address xx:xx:xx:xx:xx:xx
ppb4 at pci2 dev 3 function 0 vendor &quot;AMD&quot;, unknown product 0x43b4 rev 0x02: msi
pci5 at ppb4 bus 36
ppb5 at pci2 dev 4 function 0 vendor &quot;AMD&quot;, unknown product 0x43b4 rev 0x02: msi
pci6 at ppb5 bus 37
ppb6 at pci2 dev 5 function 0 vendor &quot;AMD&quot;, unknown product 0x43b4 rev 0x02: msi
pci7 at ppb6 bus 38
ppb7 at pci2 dev 6 function 0 vendor &quot;AMD&quot;, unknown product 0x43b4 rev 0x02: msi
pci8 at ppb7 bus 39
ppb8 at pci2 dev 7 function 0 vendor &quot;AMD&quot;, unknown product 0x43b4 rev 0x02: msi
pci9 at ppb8 bus 40
pchb2 at pci0 dev 2 function 0 vendor &quot;AMD&quot;, unknown product 0x1452 rev 0x00
pchb3 at pci0 dev 3 function 0 vendor &quot;AMD&quot;, unknown product 0x1452 rev 0x00
ppb9 at pci0 dev 3 function 1 vendor &quot;AMD&quot;, unknown product 0x1453 rev 0x00: msi
pci10 at ppb9 bus 41
vendor &quot;ATI&quot;, unknown product 0x67df (class display subclass VGA, rev 0xc7) at pci10 dev 0 function 0 not configured
azalia0 at pci10 dev 0 function 1 vendor &quot;ATI&quot;, unknown product 0xaaf0 rev 0x00: msi
azalia0: no supported codecs
pchb4 at pci0 dev 4 function 0 vendor &quot;AMD&quot;, unknown product 0x1452 rev 0x00
pchb5 at pci0 dev 7 function 0 vendor &quot;AMD&quot;, unknown product 0x1452 rev 0x00
ppb10 at pci0 dev 7 function 1 vendor &quot;AMD&quot;, unknown product 0x1454 rev 0x00
pci11 at ppb10 bus 42
vendor &quot;AMD&quot;, unknown product 0x145a (unknown class 0x13, subclass 0x00, rev 0x00) at pci11 dev 0 function 0 not configured
vendor &quot;AMD&quot;, unknown product 0x1456 (class crypto subclass miscellaneous, rev 0x00) at pci11 dev 0 function 2 not configured
xhci2 at pci11 dev 0 function 3 vendor &quot;AMD&quot;, unknown product 0x145c rev 0x00: msi
usb2 at xhci2: USB revision 3.0
uhub2 at usb2 configuration 1 interface 0 &quot;AMD xHCI root hub&quot; rev 3.00/1.00 addr 1
pchb6 at pci0 dev 8 function 0 vendor &quot;AMD&quot;, unknown product 0x1452 rev 0x00
ppb11 at pci0 dev 8 function 1 vendor &quot;AMD&quot;, unknown product 0x1454 rev 0x00
pci12 at ppb11 bus 43
vendor &quot;AMD&quot;, unknown product 0x1455 (unknown class 0x13, subclass 0x00, rev 0x00) at pci12 dev 0 function 0 not configured
ahci1 at pci12 dev 0 function 2 vendor &quot;AMD&quot;, unknown product 0x7901 rev 0x51: msi, AHCI 1.3.1
scsibus2 at ahci1: 32 targets
azalia1 at pci12 dev 0 function 3 vendor &quot;AMD&quot;, unknown product 0x1457 rev 0x00: msi
azalia1: codecs: Realtek/0x1220
audio0 at azalia1
vendor &quot;AMD&quot;, unknown product 0x790b (class serial bus subclass SMBus, rev 0x59) at pci0 dev 20 function 0 not configured
pcib0 at pci0 dev 20 function 3 vendor &quot;AMD&quot;, unknown product 0x790e rev 0x51
pchb7 at pci0 dev 24 function 0 vendor &quot;AMD&quot;, unknown product 0x1460 rev 0x00
pchb8 at pci0 dev 24 function 1 vendor &quot;AMD&quot;, unknown product 0x1461 rev 0x00
pchb9 at pci0 dev 24 function 2 vendor &quot;AMD&quot;, unknown product 0x1462 rev 0x00
pchb10 at pci0 dev 24 function 3 vendor &quot;AMD&quot;, unknown product 0x1463 rev 0x00
pchb11 at pci0 dev 24 function 4 vendor &quot;AMD&quot;, unknown product 0x1464 rev 0x00
pchb12 at pci0 dev 24 function 5 vendor &quot;AMD&quot;, unknown product 0x1465 rev 0x00
pchb13 at pci0 dev 24 function 6 vendor &quot;AMD&quot;, unknown product 0x1466 rev 0x00
pchb14 at pci0 dev 24 function 7 vendor &quot;AMD&quot;, unknown product 0x1467 rev 0x00
isa0 at pcib0
isadma0 at isa0
com0 at isa0 port 0x3f8/8 irq 4: ns16550a, 16 byte fifo
pckbc0 at isa0 port 0x60/5 irq 1 irq 12
pckbd0 at pckbc0 (kbd slot)
wskbd0 at pckbd0: console keyboard
pcppi0 at isa0 port 0x61
spkr0 at pcppi0
vmm at mainbus0 not configured
efifb0 at mainbus0: 1680x1050, 32bpp
wsdisplay0 at efifb0 mux 1: console (std, vt100 emulation), using wskbd0
wsdisplay0: screen 1-5 added (std, vt100 emulation)
umass0 at uhub0 port 17 configuration 1 interface 0 &quot;Kingston DataTraveler G3&quot; rev 2.00/1.00 addr 2
umass0: using SCSI over Bulk-Only
scsibus3 at umass0: 2 targets, initiator 0
sd1 at scsibus3 targ 1 lun 0: &lt;Kingston, DataTraveler G3, PMAP&gt; SCSI0 0/direct removable serial.09511643BAB17764024C
sd1: 7640MB, 512 bytes/sector, 15646720 sectors
uhidev0 at uhub0 port 19 configuration 1 interface 0 &quot;CHICONY USB NetVista Full Width Keyboard&quot; rev 1.10/1.02 addr 3
uhidev0: iclass 3/1
ukbd0 at uhidev0: 8 variable keys, 6 key codes
wskbd1 at ukbd0 mux 1
wskbd1: connecting to wsdisplay0
uhidev1 at uhub0 port 22 configuration 1 interface 0 &quot;Logitech USB-PS/2 Optical Mouse&quot; rev 2.00/30.00 addr 4
uhidev1: iclass 3/1
ums0 at uhidev1: 8 buttons, Z dir
wsmouse0 at ums0 mux 0
vscsi0 at root
scsibus4 at vscsi0: 256 targets
softraid0 at root
scsibus5 at softraid0: 256 targets
root on sd0a (7346c5c596ce3ff7.a) swap on sd0b dump on sd0b

</pre>



</div><!-- content -->
<br />
<div id="footer">
All comments/news/posts are the property of their individual owner and
is presented without warranty of suitability, and solely as an
informational resource. <br />
This site Copyright &copy; 2004-2020 NYC*BUG.
</div><!-- footer -->

</body>
</html>

