



<!doctype html>
<html lang="en">
<head>
<meta name="keywords"
	content="bsd, freebsd, openbsd, netbsd, dragonflybsd, nycbug, dmesgd" />
<meta name="description" content="New York City BSD User Group dmesgd" />
<meta charset="utf-8" />
<meta name="viewport" content="width=device-width, initial-scale=1" />
<title>NYC*BUG dmesgd</title>
<style>
body {
	text-align: left;
	margin: 15px auto;
	padding: 0px 10px;
}
@media (min-width: 800px) {
	body {
		max-width: 85%;
	}
}
#header {
	border-bottom: 1px solid #dbdbdb;
	font-size: 230%;
	text-align: left;
}
#footer {
	border-top: 1px solid #dbdbdb;
	clear: both;
	text-align: left;
}
.logo_bug {
	color: #cc0033;
}
#menu ul {
	list-style-type: none;
	margin: 0;
	padding: 0;
}
#menu li {
	float: left;
}
#menu li a {
	display: block;
	background-color: #dbdbdb;
	color: #000000;
	font-size: 105%;
	font-weight: bold;
	padding: 0px 6px 0px 6px;
	text-decoration: none;
}
#content {
	clear: both;
	text-align: left;
	padding-top: 10px;
}
#content h1 {
	font-size: 120%;
	font-weight: bold;
}
#content h2 {
	font-size: 110%;
	font-weight: bold;
}
#content a {
	text-decoration: none;
}
#content pre {
	background-color: #dbdbdb;
	padding: 5px 5px 5px 5px;
	white-space: pre-wrap;		/* css-3 */
	white-space: -moz-pre-wrap;	/* Mozilla, since 1999 */
	white-space: -pre-wrap;		/* Opera 4-6 */
	white-space: -o-pre-wrap;	/* Opera 7 */
	word-wrap: break-word;		/* Internet Explorer 5.5+ */
}
#content table {
	border-collapse: collapse;
}
#content table th {
	border: 1px solid #dbdbdb;
	font-size: 85%;
	white-space: nowrap;
}
#content table td {
	border: 1px solid #dbdbdb;
	font-size: 80%;
}
#content input {
	font-size: 1em;
}
#content .full	{ width: 100%; }
#content .left	{ text-align: left; }
#content .right	{ text-align: right; }
#content .center { text-align: center; }
#content .flexbox {
	display: -ms-flex;
	display: -webkit-flex;
	display: flex;
	width: 100%;
}
#content .left_col {
	min-width: 75px;
	max-width: 50%;
	flex-grow: 0;
}
#content .right_col {
	flex-grow: 1;
	margin-left: 10px;
	padding-top: 10px;
	padding-left: 10px;
}
#col {
	-moz-column-count: 3;
	-webkit-column-count: 3;
	column-count: 3;
}
</style>
</head>
<body>

<div id="header">
<strong><em>NYC*</em><span class="logo_bug">BUG</span> dmesgd</strong>
</div><!-- header -->

<div id="menu">
<ul>
<li><a href="https://dmesgd.nycbug.org/index.cgi?do=index">Home</a></li>
<li><a href="https://dmesgd.nycbug.org/index.cgi?do=submit">Submit</a></li>
<li><a href="https://www.nycbug.org/">NYC*BUG</a></li>
</ul>
</div><!-- menu -->

<div id="content">

<p>
Launched in 2004, dmesgd aims to provide a
<strong>user-submitted</strong> repository of searchable *BSD dmesgs.
The dmesg(8) command displays the system message buffer's content, and
during boot a copy is saved to <em>/var/run/dmesg.boot</em>.  This buffer
contains the operating system release, name and version, a list of
devices identified, plus a whole host of other useful information.  We
hope others find this resource useful and further contribute to its
growth. Contact us at [ admin at lists dot nycbug dot org ].
</p>

<hr />


<strong>Date:</strong> <em>2017-03-20 04:59:32</em><br />
<strong>From:</strong> <em>gmf</em><br />
<strong>Description:</strong> <em>OpenBSD Hyper V VM</em><br />

<pre>
OpenBSD 6.1-beta (GENERIC.MP) #39: Sun Mar 19 16:34:23 MDT 2017
    xxx@xxx.xxx:/usr/src/sys/arch/amd64/compile/GENERIC.MP
real mem = 2130640896 (2031MB)
avail mem = 2061451264 (1965MB)
mpath0 at root
scsibus0 at mpath0: 256 targets
mainbus0 at root
bios0 at mainbus0: SMBIOS rev. 2.3 @ 0xf8ec0 (216 entries)
bios0: vendor American Megatrends Inc. version &quot;090006&quot; date 04/28/2016
bios0: Microsoft Corporation Virtual Machine
acpi0 at bios0: rev 0
acpi0: sleep states S0 S5
acpi0: tables DSDT FACP WAET SLIC OEM0 SRAT APIC OEMB
acpi0: wakeup devices
acpitimer0 at acpi0: 3579545 Hz, 32 bits
acpihve0 at acpi0
acpimadt0 at acpi0 addr 0xfee00000: PC-AT compat
cpu0 at mainbus0: apid 0 (boot processor)
cpu0: Intel(R) Core(TM) i7-4800MQ CPU @ 2.70GHz, 1347.71 MHz
cpu0: FPU,VME,DE,PSE,TSC,MSR,PAE,MCE,CX8,APIC,SEP,MTRR,PGE,MCA,CMOV,PAT,PSE36,CFLUSH,MMX,FXSR,SSE,SSE2,SS,HTT,SSE3,PCLMUL,SSSE3,FMA3,CX16,SSE4.1,SSE4.2,MOVBE,POPCNT,AES,XSAVE,AVX,F16C,RDRAND,HV,NXE,PAGE1GB,LONG,LAHF,ABM,FSGSBASE,BMI1,AVX2,SMEP,BMI2,ERMS
cpu0: 256KB 64b/line 8-way L2 cache
cpu0: smt 0, core 0, package 0
mtrr: Pentium Pro MTRR support, 8 var ranges, 88 fixed ranges
cpu0: apic clock running at 113MHz
cpu1 at mainbus0: apid 1 (application processor)
cpu1: Intel(R) Core(TM) i7-4800MQ CPU @ 2.70GHz, 1530.72 MHz
cpu1: FPU,VME,DE,PSE,TSC,MSR,PAE,MCE,CX8,APIC,SEP,MTRR,PGE,MCA,CMOV,PAT,PSE36,CFLUSH,MMX,FXSR,SSE,SSE2,SS,HTT,SSE3,PCLMUL,SSSE3,FMA3,CX16,SSE4.1,SSE4.2,MOVBE,POPCNT,AES,XSAVE,AVX,F16C,RDRAND,HV,NXE,PAGE1GB,LONG,LAHF,ABM,FSGSBASE,BMI1,AVX2,SMEP,BMI2,ERMS
cpu1: 256KB 64b/line 8-way L2 cache
cpu1: smt 0, core 1, package 0
ioapic0 at mainbus0: apid 0 pa 0xfec00000, version 11, 24 pins
acpiprt0 at acpi0: bus 0 (PCI0)
acpicpu0 at acpi0: C1(@1 halt!)
acpicpu1 at acpi0: C1(@1 halt!)
&quot;PNP0303&quot; at acpi0 not configured
&quot;PNP0F03&quot; at acpi0 not configured
&quot;PNP0501&quot; at acpi0 not configured
&quot;PNP0501&quot; at acpi0 not configured
&quot;PNP0700&quot; at acpi0 not configured
&quot;VMBus&quot; at acpi0 not configured
&quot;Hyper_V_Gen_Counter_V1&quot; at acpi0 not configured
pvbus0 at mainbus0: Hyper-V 10.0
hyperv0 at pvbus0: protocol 3.0, features 0x2e7f
hyperv0: heartbeat, kvp, shutdown, timesync
pci0 at mainbus0 bus 0
pchb0 at pci0 dev 0 function 0 &quot;Intel 82443BX&quot; rev 0x03
pcib0 at pci0 dev 7 function 0 &quot;Intel 82371AB PIIX4 ISA&quot; rev 0x01
pciide0 at pci0 dev 7 function 1 &quot;Intel 82371AB IDE&quot; rev 0x01: DMA, channel 0 wired to compatibility, channel 1 wired to compatibility
wd0 at pciide0 channel 0 drive 0: &lt;Virtual HD&gt;
wd0: 128-sector PIO, LBA48, 10240MB, 20971520 sectors
wd0(pciide0:0:0): using PIO mode 4, DMA mode 2
atapiscsi0 at pciide0 channel 1 drive 0
scsibus1 at atapiscsi0: 2 targets
cd0 at scsibus1 targ 0 lun 0: &lt;Msft, Virtual CD/ROM, 1.0&gt; ATAPI 5/cdrom removable
cd0(pciide0:1:0): using PIO mode 4, DMA mode 2
piixpm0 at pci0 dev 7 function 3 &quot;Intel 82371AB Power&quot; rev 0x02: SMBus disabled
vga1 at pci0 dev 8 function 0 &quot;Microsoft VGA&quot; rev 0x00
wsdisplay0 at vga1 mux 1: console (80x25, vt100 emulation)
wsdisplay0: screen 1-5 added (80x25, vt100 emulation)
isa0 at pcib0
isadma0 at isa0
fdc0 at isa0 port 0x3f0/6 irq 6 drq 2
fd0 at fdc0 drive 0: 1.44MB 80 cyl, 2 head, 18 sec
fd1 at fdc0 drive 1: density unknown
com0 at isa0 port 0x3f8/8 irq 4: ns16550a, 16 byte fifo
com1 at isa0 port 0x2f8/8 irq 3: ns16550a, 16 byte fifo
pckbc0 at isa0 port 0x60/5 irq 1 irq 12
pckbd0 at pckbc0 (kbd slot)
wskbd0 at pckbd0: console keyboard, using wsdisplay0
pms0 at pckbc0 (aux slot)
wsmouse0 at pms0 mux 0
pcppi0 at isa0 port 0x61
spkr0 at pcppi0
vmm at mainbus0 not configured
&quot;ide&quot; at hyperv0 not configured
&quot;scsi&quot; at hyperv0 not configured
hvn0 at hyperv0 channel 14: NVS 5.0 NDIS 6.30, address xx:xx:xx:xx:xx:xx
vscsi0 at root
scsibus2 at vscsi0: 256 targets
softraid0 at root
scsibus3 at softraid0: 256 targets
root on wd0a (d9d2c97085198a40.a) swap on wd0b dump on wd0b
$

</pre>



</div><!-- content -->
<br />
<div id="footer">
All comments/news/posts are the property of their individual owner and
is presented without warranty of suitability, and solely as an
informational resource. <br />
This site Copyright &copy; 2004-2020 NYC*BUG.
</div><!-- footer -->

</body>
</html>

