



<!doctype html>
<html lang="en">
<head>
<meta name="keywords"
	content="bsd, freebsd, openbsd, netbsd, dragonflybsd, nycbug, dmesgd" />
<meta name="description" content="New York City BSD User Group dmesgd" />
<meta charset="utf-8" />
<meta name="viewport" content="width=device-width, initial-scale=1" />
<title>NYC*BUG dmesgd</title>
<style>
body {
	text-align: left;
	margin: 15px auto;
	padding: 0px 10px;
}
@media (min-width: 800px) {
	body {
		max-width: 85%;
	}
}
#header {
	border-bottom: 1px solid #dbdbdb;
	font-size: 230%;
	text-align: left;
}
#footer {
	border-top: 1px solid #dbdbdb;
	clear: both;
	text-align: left;
}
.logo_bug {
	color: #cc0033;
}
#menu ul {
	list-style-type: none;
	margin: 0;
	padding: 0;
}
#menu li {
	float: left;
}
#menu li a {
	display: block;
	background-color: #dbdbdb;
	color: #000000;
	font-size: 105%;
	font-weight: bold;
	padding: 0px 6px 0px 6px;
	text-decoration: none;
}
#content {
	clear: both;
	text-align: left;
	padding-top: 10px;
}
#content h1 {
	font-size: 120%;
	font-weight: bold;
}
#content h2 {
	font-size: 110%;
	font-weight: bold;
}
#content a {
	text-decoration: none;
}
#content pre {
	background-color: #dbdbdb;
	padding: 5px 5px 5px 5px;
	white-space: pre-wrap;		/* css-3 */
	white-space: -moz-pre-wrap;	/* Mozilla, since 1999 */
	white-space: -pre-wrap;		/* Opera 4-6 */
	white-space: -o-pre-wrap;	/* Opera 7 */
	word-wrap: break-word;		/* Internet Explorer 5.5+ */
}
#content table {
	border-collapse: collapse;
}
#content table th {
	border: 1px solid #dbdbdb;
	font-size: 85%;
	white-space: nowrap;
}
#content table td {
	border: 1px solid #dbdbdb;
	font-size: 80%;
}
#content input {
	font-size: 1em;
}
#content .full	{ width: 100%; }
#content .left	{ text-align: left; }
#content .right	{ text-align: right; }
#content .center { text-align: center; }
#content .flexbox {
	display: -ms-flex;
	display: -webkit-flex;
	display: flex;
	width: 100%;
}
#content .left_col {
	min-width: 75px;
	max-width: 50%;
	flex-grow: 0;
}
#content .right_col {
	flex-grow: 1;
	margin-left: 10px;
	padding-top: 10px;
	padding-left: 10px;
}
#col {
	-moz-column-count: 3;
	-webkit-column-count: 3;
	column-count: 3;
}
</style>
</head>
<body>

<div id="header">
<strong><em>NYC*</em><span class="logo_bug">BUG</span> dmesgd</strong>
</div><!-- header -->

<div id="menu">
<ul>
<li><a href="https://dmesgd.nycbug.org/index.cgi?do=index">Home</a></li>
<li><a href="https://dmesgd.nycbug.org/index.cgi?do=submit">Submit</a></li>
<li><a href="https://www.nycbug.org/">NYC*BUG</a></li>
</ul>
</div><!-- menu -->

<div id="content">

<p>
Launched in 2004, dmesgd aims to provide a
<strong>user-submitted</strong> repository of searchable *BSD dmesgs.
The dmesg(8) command displays the system message buffer's content, and
during boot a copy is saved to <em>/var/run/dmesg.boot</em>.  This buffer
contains the operating system release, name and version, a list of
devices identified, plus a whole host of other useful information.  We
hope others find this resource useful and further contribute to its
growth. Contact us at [ admin at lists dot nycbug dot org ].
</p>

<hr />


<strong>Date:</strong> <em>2017-03-25 13:10:24</em><br />
<strong>From:</strong> <em>aoyama</em><br />
<strong>Description:</strong> <em>OpenBSD/luna88k 6.1-beta OMRON LUNA-88K2 (3CPU)</em><br />

<pre>
[ using 285920 bytes of bsd ELF symbol table ]
Copyright (c) 1982, 1986, 1989, 1991, 1993
	The Regents of the University of California.  All rights reserved.
Copyright (c) 1995-2017 OpenBSD. All rights reserved.  https://www.OpenBSD.org

OpenBSD 6.1-beta (GENERIC.MP) #14: Sat Mar 25 15:56:22 JST 2017
    xxx@xxx.xxx:/usr/src/sys/arch/luna88k/compile/GENERIC.MP
real mem = 117440512 (112MB)
avail mem = 110608384 (105MB)
mainbus0 at root: OMRON LUNA-88K2, 33MHz
cpu0: M88100 rev 0xb, 2 CMMU
cpu0: M88200 (16K) rev 0x9, full Icache
cpu0: M88200 (16K) rev 0x9, full Dcache
cpu0: cache line 0x0ff disabled
cpu1: M88100 rev 0xb, secondary, 2 CMMU
cpu1: M88200 (16K) rev 0x9, full Icache
cpu1: M88200 (16K) rev 0x9, full Dcache
cpu1: cache line 0x0ff disabled
cpu2: M88100 rev 0xb, secondary, 2 CMMU
cpu2: M88200 (16K) rev 0x9, full Icache
cpu2: cache line 0x0ff disabled
cpu2: M88200 (16K) rev 0x9, full Dcache
cpu2: cache line 0x0ff disabled
clock0 at mainbus0: DS1397
lcd0 at mainbus0
le0 at mainbus0: address xx:xx:xx:xx:xx:xx
le0: 32 receive buffers, 8 transmit buffers
sio0 at mainbus0: 7201a
siotty0 at sio0 channel 0 (console)
ws0 at sio0 channel 1
wskbd0 at ws0 mux 1
wsmouse0 at ws0 mux 0
xp0 at mainbus0: HD647180X I/O processor
fb0 at mainbus0: 1280x1024, 8bpp
wsdisplay0 at fb0 mux 1
wskbd0: connecting to wsdisplay0
wsdisplay0: screen 0 added (std, vt100 emulation)
spc0 at mainbus0
scsibus0 at spc0: 8 targets, initiator 7
sd0 at scsibus0 targ 6 lun 0: &lt;IBM, DORS-32160, WA6A&gt; SCSI2 0/direct fixed serial.IBM_DORS-32160_5U598629_
sd0: 2063MB, 512 bytes/sector, 4226725 sectors
spc1 at mainbus0
scsibus1 at spc1: 8 targets, initiator 7
sd1 at scsibus1 targ 0 lun 0: &lt;MELCO, DSC-UE Series, 1.50&gt; SCSI2 0/direct fixed
sd1: 8063MB, 512 bytes/sector, 16514064 sectors
cbus0 at mainbus0
pcex0 at cbus0
vscsi0 at root
scsibus2 at vscsi0: 256 targets
softraid0 at root
scsibus3 at softraid0: 256 targets
boot device: sd1
root on sd1a (cf1b77900114b015.a) swap on sd1b dump on sd1b

</pre>



</div><!-- content -->
<br />
<div id="footer">
All comments/news/posts are the property of their individual owner and
is presented without warranty of suitability, and solely as an
informational resource. <br />
This site Copyright &copy; 2004-2020 NYC*BUG.
</div><!-- footer -->

</body>
</html>

