



<!doctype html>
<html lang="en">
<head>
<meta name="keywords"
	content="bsd, freebsd, openbsd, netbsd, dragonflybsd, nycbug, dmesgd" />
<meta name="description" content="New York City BSD User Group dmesgd" />
<meta charset="utf-8" />
<meta name="viewport" content="width=device-width, initial-scale=1" />
<title>NYC*BUG dmesgd</title>
<style>
body {
	text-align: left;
	margin: 15px auto;
	padding: 0px 10px;
}
@media (min-width: 800px) {
	body {
		max-width: 85%;
	}
}
#header {
	border-bottom: 1px solid #dbdbdb;
	font-size: 230%;
	text-align: left;
}
#footer {
	border-top: 1px solid #dbdbdb;
	clear: both;
	text-align: left;
}
.logo_bug {
	color: #cc0033;
}
#menu ul {
	list-style-type: none;
	margin: 0;
	padding: 0;
}
#menu li {
	float: left;
}
#menu li a {
	display: block;
	background-color: #dbdbdb;
	color: #000000;
	font-size: 105%;
	font-weight: bold;
	padding: 0px 6px 0px 6px;
	text-decoration: none;
}
#content {
	clear: both;
	text-align: left;
	padding-top: 10px;
}
#content h1 {
	font-size: 120%;
	font-weight: bold;
}
#content h2 {
	font-size: 110%;
	font-weight: bold;
}
#content a {
	text-decoration: none;
}
#content pre {
	background-color: #dbdbdb;
	padding: 5px 5px 5px 5px;
	white-space: pre-wrap;		/* css-3 */
	white-space: -moz-pre-wrap;	/* Mozilla, since 1999 */
	white-space: -pre-wrap;		/* Opera 4-6 */
	white-space: -o-pre-wrap;	/* Opera 7 */
	word-wrap: break-word;		/* Internet Explorer 5.5+ */
}
#content table {
	border-collapse: collapse;
}
#content table th {
	border: 1px solid #dbdbdb;
	font-size: 85%;
	white-space: nowrap;
}
#content table td {
	border: 1px solid #dbdbdb;
	font-size: 80%;
}
#content input {
	font-size: 1em;
}
#content .full	{ width: 100%; }
#content .left	{ text-align: left; }
#content .right	{ text-align: right; }
#content .center { text-align: center; }
#content .flexbox {
	display: -ms-flex;
	display: -webkit-flex;
	display: flex;
	width: 100%;
}
#content .left_col {
	min-width: 75px;
	max-width: 50%;
	flex-grow: 0;
}
#content .right_col {
	flex-grow: 1;
	margin-left: 10px;
	padding-top: 10px;
	padding-left: 10px;
}
#col {
	-moz-column-count: 3;
	-webkit-column-count: 3;
	column-count: 3;
}
</style>
</head>
<body>

<div id="header">
<strong><em>NYC*</em><span class="logo_bug">BUG</span> dmesgd</strong>
</div><!-- header -->

<div id="menu">
<ul>
<li><a href="https://dmesgd.nycbug.org/index.cgi?do=index">Home</a></li>
<li><a href="https://dmesgd.nycbug.org/index.cgi?do=submit">Submit</a></li>
<li><a href="https://www.nycbug.org/">NYC*BUG</a></li>
</ul>
</div><!-- menu -->

<div id="content">

<p>
Launched in 2004, dmesgd aims to provide a
<strong>user-submitted</strong> repository of searchable *BSD dmesgs.
The dmesg(8) command displays the system message buffer's content, and
during boot a copy is saved to <em>/var/run/dmesg.boot</em>.  This buffer
contains the operating system release, name and version, a list of
devices identified, plus a whole host of other useful information.  We
hope others find this resource useful and further contribute to its
growth. Contact us at [ admin at lists dot nycbug dot org ].
</p>

<hr />


<strong>Date:</strong> <em>2017-04-06 15:25:06</em><br />
<strong>From:</strong> <em>Brian Conway</em><br />
<strong>Description:</strong> <em>OpenBSD 6.1-release macppc Mac Mini G4, gutted wifi and bluetooth</em><br />

<pre>
[ using 680384 bytes of bsd ELF symbol table ]
console out [ATY,RockHopper2_A] console in [keyboard], using USB
using parent ATY,RockHopper2Paren:: memaddr 98000000, size 8000000 : consaddr 9c008000 : ioaddr 90020000, size 20000: width 1680 linebytes 1792 height 1050 depth 8
Copyright (c) 1982, 1986, 1989, 1991, 1993
	The Regents of the University of California.  All rights reserved.
Copyright (c) 1995-2017 OpenBSD. All rights reserved.  https://www.OpenBSD.org

OpenBSD 6.1 (GENERIC) #0: Thu Apr  6 00:46:40 UTC 2017
    xxx@xxx.xxx:/usr/src/sys/arch/macppc/compile/GENERIC
real mem = 1073741824 (1024MB)
avail mem = 1028759552 (981MB)
mpath0 at root
scsibus0 at mpath0: 256 targets
mainbus0 at root: model PowerMac10,2
cpu0 at mainbus0: 7447A (Revision 0x105): 1499 MHz: 512KB L2 cache
mem0 at mainbus0
spdmem0 at mem0: 1GB DDR SDRAM non-parity PC3200CL3.0
memc0 at mainbus0: uni-n rev 0xd2
&quot;hw-clock&quot; at memc0 not configured
kiic0 at memc0 offset 0xf8001000
iic0 at kiic0
mpcpcibr0 at mainbus0 pci: uni-north
pci0 at mpcpcibr0 bus 0
pchb0 at pci0 dev 11 function 0 &quot;Apple UniNorth AGP&quot; rev 0x00
agp at pchb0 not configured
radeondrm0 at pci0 dev 16 function 0 &quot;ATI Radeon 9200&quot; rev 0x01
drm0 at radeondrm0
radeondrm0: irq 48
mpcpcibr1 at mainbus0 pci: uni-north
pci1 at mpcpcibr1 bus 0
macobio0 at pci1 dev 23 function 0 &quot;Apple Intrepid&quot; rev 0x00
openpic0 at macobio0 offset 0x40000: version 0x4614 feature 3f0302 LE
macgpio0 at macobio0 offset 0x50
&quot;modem-reset&quot; at macgpio0 offset 0x1d not configured
&quot;modem-power&quot; at macgpio0 offset 0x1c not configured
macgpio1 at macgpio0 offset 0x9: irq 47
&quot;programmer-switch&quot; at macgpio0 offset 0x11 not configured
&quot;gpio5&quot; at macgpio0 offset 0x6f not configured
&quot;gpio6&quot; at macgpio0 offset 0x70 not configured
&quot;extint-gpio15&quot; at macgpio0 offset 0x67 not configured
&quot;escc-legacy&quot; at macobio0 offset 0x12000 not configured
zs0 at macobio0 offset 0x13000: irq 22,23
zstty0 at zs0 channel 0
zstty1 at zs0 channel 1
aoa0 at macobio0 offset 0x10000: irq 30,1,2
&quot;timer&quot; at macobio0 offset 0x15000 not configured
adb0 at macobio0 offset 0x16000
apm0 at adb0: battery flags 0x0, 0% charged
piic0 at adb0
iic1 at piic0
maxtmp0 at iic1 addr 0xc8: max6642
kiic1 at macobio0 offset 0x18000
iic2 at kiic1
wdc0 at macobio0 offset 0x20000 irq 24: DMA
audio0 at aoa0
ohci0 at pci1 dev 26 function 0 &quot;Apple Intrepid USB&quot; rev 0x00: irq 29, version 1.0, legacy support
ohci1 at pci1 dev 27 function 0 &quot;NEC USB&quot; rev 0x43: irq 63, version 1.0
ohci2 at pci1 dev 27 function 1 &quot;NEC USB&quot; rev 0x43: irq 63, version 1.0
ehci0 at pci1 dev 27 function 2 &quot;NEC USB&quot; rev 0x04: irq 63
usb0 at ehci0: USB revision 2.0
uhub0 at usb0 configuration 1 interface 0 &quot;NEC EHCI root hub&quot; rev 2.00/1.00 addr 1
usb1 at ohci0: USB revision 1.0
uhub1 at usb1 configuration 1 interface 0 &quot;Apple OHCI root hub&quot; rev 1.00/1.00 addr 1
usb2 at ohci1: USB revision 1.0
uhub2 at usb2 configuration 1 interface 0 &quot;NEC OHCI root hub&quot; rev 1.00/1.00 addr 1
usb3 at ohci2: USB revision 1.0
uhub3 at usb3 configuration 1 interface 0 &quot;NEC OHCI root hub&quot; rev 1.00/1.00 addr 1
mpcpcibr2 at mainbus0 pci: uni-north
pci2 at mpcpcibr2 bus 0
kauaiata0 at pci2 dev 13 function 0 &quot;Apple Intrepid ATA&quot; rev 0x00
wdc1 at kauaiata0 irq 39: DMA
atapiscsi0 at wdc1 channel 0 drive 1
scsibus1 at atapiscsi0: 2 targets
cd0 at scsibus1 targ 0 lun 0: &lt;MATSHITA, CD-RW CW-8124, DACD&gt; ATAPI 5/cdrom removable
cd0(wdc1:0:1): using PIO mode 4, DMA mode 2, Ultra-DMA mode 2
&quot;Apple UniNorth Firewire&quot; rev 0x81 at pci2 dev 14 function 0 not configured
gem0 at pci2 dev 15 function 0 &quot;Apple Uni-N2 GMAC&quot; rev 0x80: irq 41, address xx:xx:xx:xx:xx:xx
bmtphy0 at gem0 phy 0: BCM5221 100baseTX PHY, rev. 4
umass0 at uhub0 port 1 configuration 1 interface 0 &quot;SanDisk Extreme&quot; rev 2.10/0.10 addr 2
umass0: using SCSI over Bulk-Only
scsibus2 at umass0: 2 targets, initiator 0
sd0 at scsibus2 targ 1 lun 0: &lt;SanDisk, Extreme, 0001&gt; SCSI4 0/direct removable serial.07815580151429010265
sd0: 29923MB, 512 bytes/sector, 61282631 sectors
uhub4 at uhub0 port 2 configuration 1 interface 0 &quot;Alcor Micro product 0x6254&quot; rev 2.00/1.00 addr 3
uhidev0 at uhub4 port 4 configuration 1 interface 0 &quot;Holtek product 0xa088&quot; rev 2.00/1.13 addr 4
uhidev0: iclass 3/1
ukbd0 at uhidev0: 8 variable keys, 6 key codes
wskbd0 at ukbd0: console keyboard
uhidev1 at uhub4 port 4 configuration 1 interface 1 &quot;Holtek product 0xa088&quot; rev 2.00/1.13 addr 4
uhidev1: iclass 3/0, 3 report ids
uhid0 at uhidev1 reportid 1: input=1, output=0, feature=0
uhid1 at uhidev1 reportid 2: input=3, output=0, feature=0
ums0 at uhidev1 reportid 3: 3 buttons
wsmouse0 at ums0 mux 0
vscsi0 at root
scsibus3 at vscsi0: 256 targets
softraid0 at root
scsibus4 at softraid0: 256 targets
bootpath: /pci@f2000000/usb@1b/disk@1:/bsd
root on sd0a (01937628b7a213d1.a) swap on sd0b dump on sd0b
error: [drm:pid0:radeon_get_bios] *ERROR* Unable to locate a BIOS ROM
error: [drm:pid0:radeon_agp_init] *ERROR* Unable to acquire AGP: 22
radeon_i2c_put_byte stub
radeon_i2c_put_byte stub
radeon_i2c_put_byte stub
radeon_i2c_put_byte stub
radeon_i2c_put_byte stub
radeondrm0: 1680x1050, 32bpp
wsdisplay0 at radeondrm0 mux 1: console (std, vt100 emulation), using wskbd0
wsdisplay0: screen 1-5 added (std, vt100 emulation)

hw.machine=macppc
hw.model=7447A (Revision 0x105)
hw.ncpu=1
hw.byteorder=4321
hw.pagesize=4096
hw.disknames=cd0:,sd0:01937628b7a213d1
hw.diskcount=2
hw.sensors.maxtmp0.temp0=53.75 degC (Internal)
hw.sensors.maxtmp0.temp1=46.75 degC (External)
hw.cpuspeed=1499
hw.vendor=Apple Computer, Inc.
hw.product=PowerMac10,2
hw.physmem=1073741824
hw.usermem=1073729536
hw.ncpufound=1
hw.allowpowerdown=1

</pre>



</div><!-- content -->
<br />
<div id="footer">
All comments/news/posts are the property of their individual owner and
is presented without warranty of suitability, and solely as an
informational resource. <br />
This site Copyright &copy; 2004-2020 NYC*BUG.
</div><!-- footer -->

</body>
</html>

