



<!doctype html>
<html lang="en">
<head>
<meta name="keywords"
	content="bsd, freebsd, openbsd, netbsd, dragonflybsd, nycbug, dmesgd" />
<meta name="description" content="New York City BSD User Group dmesgd" />
<meta charset="utf-8" />
<meta name="viewport" content="width=device-width, initial-scale=1" />
<title>NYC*BUG dmesgd</title>
<style>
body {
	text-align: left;
	margin: 15px auto;
	padding: 0px 10px;
}
@media (min-width: 800px) {
	body {
		max-width: 85%;
	}
}
#header {
	border-bottom: 1px solid #dbdbdb;
	font-size: 230%;
	text-align: left;
}
#footer {
	border-top: 1px solid #dbdbdb;
	clear: both;
	text-align: left;
}
.logo_bug {
	color: #cc0033;
}
#menu ul {
	list-style-type: none;
	margin: 0;
	padding: 0;
}
#menu li {
	float: left;
}
#menu li a {
	display: block;
	background-color: #dbdbdb;
	color: #000000;
	font-size: 105%;
	font-weight: bold;
	padding: 0px 6px 0px 6px;
	text-decoration: none;
}
#content {
	clear: both;
	text-align: left;
	padding-top: 10px;
}
#content h1 {
	font-size: 120%;
	font-weight: bold;
}
#content h2 {
	font-size: 110%;
	font-weight: bold;
}
#content a {
	text-decoration: none;
}
#content pre {
	background-color: #dbdbdb;
	padding: 5px 5px 5px 5px;
	white-space: pre-wrap;		/* css-3 */
	white-space: -moz-pre-wrap;	/* Mozilla, since 1999 */
	white-space: -pre-wrap;		/* Opera 4-6 */
	white-space: -o-pre-wrap;	/* Opera 7 */
	word-wrap: break-word;		/* Internet Explorer 5.5+ */
}
#content table {
	border-collapse: collapse;
}
#content table th {
	border: 1px solid #dbdbdb;
	font-size: 85%;
	white-space: nowrap;
}
#content table td {
	border: 1px solid #dbdbdb;
	font-size: 80%;
}
#content input {
	font-size: 1em;
}
#content .full	{ width: 100%; }
#content .left	{ text-align: left; }
#content .right	{ text-align: right; }
#content .center { text-align: center; }
#content .flexbox {
	display: -ms-flex;
	display: -webkit-flex;
	display: flex;
	width: 100%;
}
#content .left_col {
	min-width: 75px;
	max-width: 50%;
	flex-grow: 0;
}
#content .right_col {
	flex-grow: 1;
	margin-left: 10px;
	padding-top: 10px;
	padding-left: 10px;
}
#col {
	-moz-column-count: 3;
	-webkit-column-count: 3;
	column-count: 3;
}
</style>
</head>
<body>

<div id="header">
<strong><em>NYC*</em><span class="logo_bug">BUG</span> dmesgd</strong>
</div><!-- header -->

<div id="menu">
<ul>
<li><a href="https://dmesgd.nycbug.org/index.cgi?do=index">Home</a></li>
<li><a href="https://dmesgd.nycbug.org/index.cgi?do=submit">Submit</a></li>
<li><a href="https://www.nycbug.org/">NYC*BUG</a></li>
</ul>
</div><!-- menu -->

<div id="content">

<p>
Launched in 2004, dmesgd aims to provide a
<strong>user-submitted</strong> repository of searchable *BSD dmesgs.
The dmesg(8) command displays the system message buffer's content, and
during boot a copy is saved to <em>/var/run/dmesg.boot</em>.  This buffer
contains the operating system release, name and version, a list of
devices identified, plus a whole host of other useful information.  We
hope others find this resource useful and further contribute to its
growth. Contact us at [ admin at lists dot nycbug dot org ].
</p>

<hr />


<strong>Date:</strong> <em>2017-05-19 04:33:44</em><br />
<strong>From:</strong> <em>ax0n</em><br />
<strong>Description:</strong> <em>OpenBSD 6.1/Sparc64 on SunFire T2000</em><br />

<pre>
console is /virtual-devices@100/console@1
Copyright (c) 1982, 1986, 1989, 1991, 1993
        The Regents of the University of California.  All rights reserved.
Copyright (c) 1995-2017 OpenBSD. All rights reserved.  https://www.OpenBSD.org

OpenBSD 6.1 (GENERIC.MP) #58: Sat Apr  1 17:10:24 MDT 2017
    xxx@xxx.xxx:/usr/src/sys/arch/sparc64/compile/GENERIC.MP
real mem = 34225520640 (32640MB)
avail mem = 33610334208 (32053MB)
mpath0 at root
scsibus0 at mpath0: 256 targets
mainbus0 at root: Sun Fire T200
cpu0 at mainbus0: SUNW,UltraSPARC-T1 (rev 0.0) @ 1200 MHz
cpu1 at mainbus0: SUNW,UltraSPARC-T1 (rev 0.0) @ 1200 MHz
cpu2 at mainbus0: SUNW,UltraSPARC-T1 (rev 0.0) @ 1200 MHz
cpu3 at mainbus0: SUNW,UltraSPARC-T1 (rev 0.0) @ 1200 MHz
cpu4 at mainbus0: SUNW,UltraSPARC-T1 (rev 0.0) @ 1200 MHz
cpu5 at mainbus0: SUNW,UltraSPARC-T1 (rev 0.0) @ 1200 MHz
cpu6 at mainbus0: SUNW,UltraSPARC-T1 (rev 0.0) @ 1200 MHz
cpu7 at mainbus0: SUNW,UltraSPARC-T1 (rev 0.0) @ 1200 MHz
cpu8 at mainbus0: SUNW,UltraSPARC-T1 (rev 0.0) @ 1200 MHz
cpu9 at mainbus0: SUNW,UltraSPARC-T1 (rev 0.0) @ 1200 MHz
cpu10 at mainbus0: SUNW,UltraSPARC-T1 (rev 0.0) @ 1200 MHz
cpu11 at mainbus0: SUNW,UltraSPARC-T1 (rev 0.0) @ 1200 MHz
cpu12 at mainbus0: SUNW,UltraSPARC-T1 (rev 0.0) @ 1200 MHz
cpu13 at mainbus0: SUNW,UltraSPARC-T1 (rev 0.0) @ 1200 MHz
cpu14 at mainbus0: SUNW,UltraSPARC-T1 (rev 0.0) @ 1200 MHz
cpu15 at mainbus0: SUNW,UltraSPARC-T1 (rev 0.0) @ 1200 MHz
cpu16 at mainbus0: SUNW,UltraSPARC-T1 (rev 0.0) @ 1200 MHz
cpu17 at mainbus0: SUNW,UltraSPARC-T1 (rev 0.0) @ 1200 MHz
cpu18 at mainbus0: SUNW,UltraSPARC-T1 (rev 0.0) @ 1200 MHz
cpu19 at mainbus0: SUNW,UltraSPARC-T1 (rev 0.0) @ 1200 MHz
cpu20 at mainbus0: SUNW,UltraSPARC-T1 (rev 0.0) @ 1200 MHz
cpu21 at mainbus0: SUNW,UltraSPARC-T1 (rev 0.0) @ 1200 MHz
cpu22 at mainbus0: SUNW,UltraSPARC-T1 (rev 0.0) @ 1200 MHz
cpu23 at mainbus0: SUNW,UltraSPARC-T1 (rev 0.0) @ 1200 MHz
cpu24 at mainbus0: SUNW,UltraSPARC-T1 (rev 0.0) @ 1200 MHz
cpu25 at mainbus0: SUNW,UltraSPARC-T1 (rev 0.0) @ 1200 MHz
cpu26 at mainbus0: SUNW,UltraSPARC-T1 (rev 0.0) @ 1200 MHz
cpu27 at mainbus0: SUNW,UltraSPARC-T1 (rev 0.0) @ 1200 MHz
cpu28 at mainbus0: SUNW,UltraSPARC-T1 (rev 0.0) @ 1200 MHz
cpu29 at mainbus0: SUNW,UltraSPARC-T1 (rev 0.0) @ 1200 MHz
cpu30 at mainbus0: SUNW,UltraSPARC-T1 (rev 0.0) @ 1200 MHz
cpu31 at mainbus0: SUNW,UltraSPARC-T1 (rev 0.0) @ 1200 MHz
vbus0 at mainbus0
&quot;flashprom&quot; at vbus0 not configured
cbus0 at vbus0
vldc0 at cbus0
vldcp0 at vldc0 chan 0x0: ivec 0x0, 0x1 channel &quot;hvctl&quot;
&quot;ldom-primary&quot; at vldc0 chan 0x1 not configured
&quot;fmactl&quot; at vldc0 chan 0x3 not configured
vldc1 at cbus0
&quot;ldmfma&quot; at vldc1 chan 0x4 not configured
vldc2 at cbus0
vldcp1 at vldc2 chan 0x14: ivec 0x28, 0x29 channel &quot;spds&quot;
&quot;system-management&quot; at vldc2 chan 0xd not configured
vcons0 at vbus0: ivec 0x111, console
vrtc0 at vbus0
&quot;fma&quot; at vbus0 not configured
&quot;sunvts&quot; at vbus0 not configured
&quot;sunmc&quot; at vbus0 not configured
&quot;explorer&quot; at vbus0 not configured
&quot;led&quot; at vbus0 not configured
&quot;flashupdate&quot; at vbus0 not configured
&quot;ncp&quot; at vbus0 not configured
vpci0 at mainbus0: bus 2 to 7, dvma map 80000000-ffffffff
pci0 at vpci0
ppb0 at pci0 dev 0 function 0 &quot;PLX PEX 8532&quot; rev 0xbc
pci1 at ppb0 bus 3
ppb1 at pci1 dev 1 function 0 &quot;PLX PEX 8532&quot; rev 0xbc
pci2 at ppb1 bus 4
em0 at pci2 dev 0 function 0 &quot;Intel 82571EB&quot; rev 0x06: ivec 0x795, address xx:xx:xx:xx:xx:xx
em1 at pci2 dev 0 function 1 &quot;Intel 82571EB&quot; rev 0x06: ivec 0x796, address xx:xx:xx:xx:xx:xx
ppb2 at pci1 dev 2 function 0 &quot;PLX PEX 8532&quot; rev 0xbc
pci3 at ppb2 bus 5
ppb3 at pci1 dev 8 function 0 &quot;PLX PEX 8532&quot; rev 0xbc: msi
pci4 at ppb3 bus 6
ppb4 at pci1 dev 9 function 0 &quot;PLX PEX 8532&quot; rev 0xbc
pci5 at ppb4 bus 7
mpi0 at pci5 dev 0 function 0 &quot;Symbios Logic SAS1064E&quot; rev 0x02: msi
mpi0: UNUSED, firmware xxx.xxx.xxx.xxx
scsibus1 at mpi0: 63 targets
sym0 at scsibus1 targ 0 lun 0: &lt;SEAGATE, ST914602SSUN146G, 0400&gt; SCSI3 0/direct fixed naa.5000c500061f070b
sd0 at scsibus0 targ 0 lun 0: &lt;SEAGATE, ST914602SSUN146G, 0400&gt; SCSI3 0/direct fixed naa.5000c500061f070b
sd0: 140009MB, 512 bytes/sector, 286739329 sectors
sym1 at scsibus1 targ 1 lun 0: &lt;SEAGATE, ST914602SSUN146G, 0400&gt; SCSI3 0/direct fixed naa.5000c500061f0d3b
sd1 at scsibus0 targ 1 lun 0: &lt;SEAGATE, ST914602SSUN146G, 0400&gt; SCSI3 0/direct fixed naa.5000c500061f0d3b
sd1: 140009MB, 512 bytes/sector, 286739329 sectors
sd2 at scsibus1 targ 2 lun 0: &lt;HITACHI, H101414SCSUN146G, SA23&gt; SCSI3 0/direct fixed naa.5000cca0000c2b34
sd2: 140009MB, 512 bytes/sector, 286739329 sectors
sym2 at scsibus1 targ 3 lun 0: &lt;SEAGATE, ST914602SSUN146G, 0400&gt; SCSI3 0/direct fixed naa.5000c5000546b3ef
sd3 at scsibus0 targ 2 lun 0: &lt;SEAGATE, ST914602SSUN146G, 0400&gt; SCSI3 0/direct fixed naa.5000c5000546b3ef
sd3: 140009MB, 512 bytes/sector, 286739329 sectors
vpci1 at mainbus0: bus 2 to 9, dvma map 80000000-ffffffff
pci6 at vpci1
ppb5 at pci6 dev 0 function 0 &quot;PLX PEX 8532&quot; rev 0xbc
pci7 at ppb5 bus 3
ppb6 at pci7 dev 1 function 0 &quot;PLX PEX 8532&quot; rev 0xbc
pci8 at ppb6 bus 4
ppb7 at pci8 dev 0 function 0 &quot;Intel 41210 PCIE-PCIX&quot; rev 0x09
pci9 at ppb7 bus 5
ebus0 at pci9 dev 2 function 0 &quot;Acer Labs M1533 ISA&quot; rev 0x00
com0 at ebus0 addr 3f8-3ff ivec 0x2: ns16550a, 16 byte fifo
ohci0 at pci9 dev 5 function 0 &quot;Acer Labs M5237 USB&quot; rev 0x03: ivec 0x7c1, version 1.0, legacy support
ohci1 at pci9 dev 6 function 0 &quot;Acer Labs M5237 USB&quot; rev 0x03: ivec 0x7c3, version 1.0, legacy support
pciide0 at pci9 dev 8 function 0 &quot;Acer Labs M5229 UDMA IDE&quot; rev 0xc4: DMA, channel 0 configured to native-PCI, channel 1 configured to native-PCI
pciide0: using ivec 0x7c4 for native-PCI interrupt
atapiscsi0 at pciide0 channel 0 drive 0
scsibus2 at atapiscsi0: 2 targets
cd0 at scsibus2 targ 0 lun 0: &lt;TEAC, DV-28SL, 1.0A&gt; ATAPI 5/cdrom removable
cd0(pciide0:0:0): using PIO mode 4, Ultra-DMA mode 2
pciide0: channel 1 disabled (no drives)
usb0 at ohci0: USB revision 1.0
uhub0 at usb0 configuration 1 interface 0 &quot;Acer Labs OHCI root hub&quot; rev 1.00/1.00 addr 1
usb1 at ohci1: USB revision 1.0
uhub1 at usb1 configuration 1 interface 0 &quot;Acer Labs OHCI root hub&quot; rev 1.00/1.00 addr 1
ppb8 at pci8 dev 0 function 2 &quot;Intel 41210 PCIE-PCIX&quot; rev 0x09
pci10 at ppb8 bus 6
ppb9 at pci7 dev 2 function 0 &quot;PLX PEX 8532&quot; rev 0xbc
pci11 at ppb9 bus 7
em2 at pci11 dev 0 function 0 &quot;Intel 82571EB&quot; rev 0x06: ivec 0x7d6, address xx:xx:xx:xx:xx:xx
em3 at pci11 dev 0 function 1 &quot;Intel 82571EB&quot; rev 0x06: ivec 0x7d7, address xx:xx:xx:xx:xx:xx
ppb10 at pci7 dev 8 function 0 &quot;PLX PEX 8532&quot; rev 0xbc: msi
pci12 at ppb10 bus 8
ppb11 at pci7 dev 9 function 0 &quot;PLX PEX 8532&quot; rev 0xbc: msi
pci13 at ppb11 bus 9
uhub2 at uhub1 port 1 configuration 1 interface 0 &quot;Atmel UHB124 hub&quot; rev 1.10/3.00 addr 2
vscsi0 at root
scsibus3 at vscsi0: 256 targets
softraid0 at root
scsibus4 at softraid0: 256 targets
bootpath: /pci@780,0/pci@0,0/pci@9,0/scsi@0,0/disk@0,0
</pre>



</div><!-- content -->
<br />
<div id="footer">
All comments/news/posts are the property of their individual owner and
is presented without warranty of suitability, and solely as an
informational resource. <br />
This site Copyright &copy; 2004-2020 NYC*BUG.
</div><!-- footer -->

</body>
</html>

