



<!doctype html>
<html lang="en">
<head>
<meta name="keywords"
	content="bsd, freebsd, openbsd, netbsd, dragonflybsd, nycbug, dmesgd" />
<meta name="description" content="New York City BSD User Group dmesgd" />
<meta charset="utf-8" />
<meta name="viewport" content="width=device-width, initial-scale=1" />
<title>NYC*BUG dmesgd</title>
<style>
body {
	text-align: left;
	margin: 15px auto;
	padding: 0px 10px;
}
@media (min-width: 800px) {
	body {
		max-width: 85%;
	}
}
#header {
	border-bottom: 1px solid #dbdbdb;
	font-size: 230%;
	text-align: left;
}
#footer {
	border-top: 1px solid #dbdbdb;
	clear: both;
	text-align: left;
}
.logo_bug {
	color: #cc0033;
}
#menu ul {
	list-style-type: none;
	margin: 0;
	padding: 0;
}
#menu li {
	float: left;
}
#menu li a {
	display: block;
	background-color: #dbdbdb;
	color: #000000;
	font-size: 105%;
	font-weight: bold;
	padding: 0px 6px 0px 6px;
	text-decoration: none;
}
#content {
	clear: both;
	text-align: left;
	padding-top: 10px;
}
#content h1 {
	font-size: 120%;
	font-weight: bold;
}
#content h2 {
	font-size: 110%;
	font-weight: bold;
}
#content a {
	text-decoration: none;
}
#content pre {
	background-color: #dbdbdb;
	padding: 5px 5px 5px 5px;
	white-space: pre-wrap;		/* css-3 */
	white-space: -moz-pre-wrap;	/* Mozilla, since 1999 */
	white-space: -pre-wrap;		/* Opera 4-6 */
	white-space: -o-pre-wrap;	/* Opera 7 */
	word-wrap: break-word;		/* Internet Explorer 5.5+ */
}
#content table {
	border-collapse: collapse;
}
#content table th {
	border: 1px solid #dbdbdb;
	font-size: 85%;
	white-space: nowrap;
}
#content table td {
	border: 1px solid #dbdbdb;
	font-size: 80%;
}
#content input {
	font-size: 1em;
}
#content .full	{ width: 100%; }
#content .left	{ text-align: left; }
#content .right	{ text-align: right; }
#content .center { text-align: center; }
#content .flexbox {
	display: -ms-flex;
	display: -webkit-flex;
	display: flex;
	width: 100%;
}
#content .left_col {
	min-width: 75px;
	max-width: 50%;
	flex-grow: 0;
}
#content .right_col {
	flex-grow: 1;
	margin-left: 10px;
	padding-top: 10px;
	padding-left: 10px;
}
#col {
	-moz-column-count: 3;
	-webkit-column-count: 3;
	column-count: 3;
}
</style>
</head>
<body>

<div id="header">
<strong><em>NYC*</em><span class="logo_bug">BUG</span> dmesgd</strong>
</div><!-- header -->

<div id="menu">
<ul>
<li><a href="https://dmesgd.nycbug.org/index.cgi?do=index">Home</a></li>
<li><a href="https://dmesgd.nycbug.org/index.cgi?do=submit">Submit</a></li>
<li><a href="https://www.nycbug.org/">NYC*BUG</a></li>
</ul>
</div><!-- menu -->

<div id="content">

<p>
Launched in 2004, dmesgd aims to provide a
<strong>user-submitted</strong> repository of searchable *BSD dmesgs.
The dmesg(8) command displays the system message buffer's content, and
during boot a copy is saved to <em>/var/run/dmesg.boot</em>.  This buffer
contains the operating system release, name and version, a list of
devices identified, plus a whole host of other useful information.  We
hope others find this resource useful and further contribute to its
growth. Contact us at [ admin at lists dot nycbug dot org ].
</p>

<hr />


<strong>Date:</strong> <em>2017-05-28 01:05:42</em><br />
<strong>From:</strong> <em>brynet</em><br />
<strong>Description:</strong> <em>MDG aka MSI MS-1613/VR600 OpenBSD/i386 6.1-current</em><br />

<pre>
OpenBSD 6.1-current (GENERIC.MP) #78: Wed May 24 06:44:15 MDT 2017
    xxx@xxx.xxx:/usr/src/sys/arch/i386/compile/GENERIC.MP
cpu0: Genuine Intel(R) CPU T2080 @ 1.73GHz (&quot;GenuineIntel&quot; 686-class) 1.74 GHz
cpu0: FPU,V86,DE,PSE,TSC,MSR,PAE,MCE,CX8,APIC,SEP,MTRR,PGE,MCA,CMOV,CFLUSH,DS,ACPI,MMX,FXSR,SSE,SSE2,SS,HTT,TM,PBE,NXE,SSE3,MWAIT,EST,TM2,xTPR,PDCM,PERF,SENSOR
real mem  = 2138390528 (2039MB)
avail mem = 2084622336 (1988MB)
mpath0 at root
scsibus0 at mpath0: 256 targets
mainbus0 at root
bios0 at mainbus0: date 01/09/07, BIOS32 rev. 0 @ 0xf0010, SMBIOS rev. 2.3 @ 0xfb180 (15 entries)
bios0: vendor American Megatrends Inc. version &quot;A1613IMS V1.03 01/09/07&quot; date 01/09/2007
bios0: MICRO-STAR INT'L CO.,LTD. MS-1613
acpi0 at bios0: rev 0
acpi0: sleep states S0 S3 S4 S5
acpi0: tables DSDT FACP APIC MCFG SLIC OEMB HPET
acpi0: wakeup devices P0PC(S4) P0P4(S4) CBC0(S3) USB0(S3) USB1(S3) USB2(S3) EUSB(S3) AZAL(S4) P0P2(S4)
acpitimer0 at acpi0: 3579545 Hz, 24 bits
acpimadt0 at acpi0 addr 0xfee00000: PC-AT compat
cpu0 at mainbus0: apid 0 (boot processor)
mtrr: Pentium Pro MTRR support, 8 var ranges, 88 fixed ranges
cpu0: apic clock running at 133MHz
cpu0: mwait min=64, max=64, C-substates=0.1.1.1, IBE
cpu1 at mainbus0: apid 1 (application processor)
cpu1: Genuine Intel(R) CPU T2080 @ 1.73GHz (&quot;GenuineIntel&quot; 686-class) 1.74 GHz
cpu1: FPU,V86,DE,PSE,TSC,MSR,PAE,MCE,CX8,APIC,SEP,MTRR,PGE,MCA,CMOV,CFLUSH,DS,ACPI,MMX,FXSR,SSE,SSE2,SS,HTT,TM,PBE,NXE,SSE3,MWAIT,EST,TM2,xTPR,PDCM,PERF,SENSOR
ioapic0 at mainbus0: apid 2 pa 0xfec00000, version 20, 24 pins
acpimcfg0 at acpi0 addr 0xe0000000, bus 0-255
acpihpet0 at acpi0: 14318179 Hz
acpiprt0 at acpi0: bus 0 (PCI0)
acpiprt1 at acpi0: bus 4 (P0P4)
acpiprt2 at acpi0: bus 2 (P0P2)
acpiprt3 at acpi0: bus 3 (P0P3)
acpiprt4 at acpi0: bus -1 (P0P7)
acpiprt5 at acpi0: bus -1 (P0P8)
acpiprt6 at acpi0: bus -1 (P0P9)
acpiec0 at acpi0
acpicpu0 at acpi0: !C3(100@1 io@0x816), !C2(500@1 io@0x814), C1(1000@1 halt), PSS
acpicpu1 at acpi0
acpi0: SSDT checksum error: !C3(100@1 io@0x816), !C2(500@1 io@0x814), C1(1000@1 halt), PSS
acpitz0 at acpi0: critical temperature is 99 degC
&quot;PNP0303&quot; at acpi0 not configured
&quot;PNP0F03&quot; at acpi0 not configured
acpiac0 at acpi0: AC unit offline
acpibat0 at acpi0: BAT1 model &quot;BAT1&quot; serial 1234 type LION oem &quot;MSI Corp.&quot;
acpibtn0 at acpi0: SLPB
acpibtn1 at acpi0: LID0
acpibtn2 at acpi0: PWRB
acpivideo0 at acpi0: IGFX
bios0: ROM list: 0xc0000/0xe600! 0xce800/0x1000
cpu0: Enhanced SpeedStep 1734 MHz: speeds: 1729, 1729, 1729, 1729, 1729, 1729, 1729, 1330, 1064, 798 MHz
pci0 at mainbus0 bus 0: configuration mode 1 (bios)
pchb0 at pci0 dev 0 function 0 &quot;Intel 82945GM Host&quot; rev 0x03
inteldrm0 at pci0 dev 2 function 0 &quot;Intel 82945GM Video&quot; rev 0x03
drm0 at inteldrm0
intagp0 at inteldrm0
agp0 at intagp0: aperture at 0xd0000000, size 0x10000000
inteldrm0: apic 2 int 16
inteldrm0: 1280x800, 32bpp
wsdisplay0 at inteldrm0 mux 1: console (std, vt100 emulation)
wsdisplay0: screen 1-5 added (std, vt100 emulation)
&quot;Intel 82945GM Video&quot; rev 0x03 at pci0 dev 2 function 1 not configured
azalia0 at pci0 dev 27 function 0 &quot;Intel 82801GB HD Audio&quot; rev 0x02: msi
azalia0: codecs: Realtek ALC883, AT&amp;T/Lucent/0x3026, using Realtek ALC883
audio0 at azalia0
ppb0 at pci0 dev 28 function 0 &quot;Intel 82801GB PCIE&quot; rev 0x02
pci1 at ppb0 bus 1
ppb1 at pci0 dev 28 function 1 &quot;Intel 82801GB PCIE&quot; rev 0x02
pci2 at ppb1 bus 2
re0 at pci2 dev 0 function 0 &quot;Realtek 8168&quot; rev 0x01: RTL8168 2 (0x3800), msi, address xx:xx:xx:xx:xx:xx
rgephy0 at re0 phy 7: RTL8169S/8110S/8211 PHY, rev. 2
ppb2 at pci0 dev 28 function 2 &quot;Intel 82801GB PCIE&quot; rev 0x02
pci3 at ppb2 bus 3
wpi0 at pci3 dev 0 function 0 &quot;Intel PRO/Wireless 3945ABG&quot; rev 0x02: msi, MoW1, address xx:xx:xx:xx:xx:xx
uhci0 at pci0 dev 29 function 0 &quot;Intel 82801GB USB&quot; rev 0x02: apic 2 int 23
uhci1 at pci0 dev 29 function 1 &quot;Intel 82801GB USB&quot; rev 0x02: apic 2 int 19
uhci2 at pci0 dev 29 function 2 &quot;Intel 82801GB USB&quot; rev 0x02: apic 2 int 18
uhci3 at pci0 dev 29 function 3 &quot;Intel 82801GB USB&quot; rev 0x02: apic 2 int 16
ehci0 at pci0 dev 29 function 7 &quot;Intel 82801GB USB&quot; rev 0x02: apic 2 int 23
usb0 at ehci0: USB revision 2.0
uhub0 at usb0 configuration 1 interface 0 &quot;Intel EHCI root hub&quot; rev 2.00/1.00 addr 1
ppb3 at pci0 dev 30 function 0 &quot;Intel 82801BAM Hub-to-PCI&quot; rev 0xe2
pci4 at ppb3 bus 4
cbb0 at pci4 dev 4 function 0 &quot;O2 Micro OZ711MP1 CardBus&quot; rev 0x21: apic 2 int 16
sdhc0 at pci4 dev 4 function 2 &quot;O2 Micro OZ711MP1 SDHC&quot; rev 0x01: apic 2 int 16
sdhc0: SDHC 17.0, 33 MHz base clock
sdmmc0 at sdhc0: 4-bit
&quot;O2 Micro OZ711MP1 XDHC&quot; rev 0x01 at pci4 dev 4 function 3 not configured
&quot;O2 Micro Firewire&quot; rev 0x02 at pci4 dev 4 function 4 not configured
cardslot0 at cbb0 slot 0 flags 0
cardbus0 at cardslot0: bus 5 device 0 cacheline 0x0, lattimer 0x40
pcmcia0 at cardslot0
ichpcib0 at pci0 dev 31 function 0 &quot;Intel 82801GBM LPC&quot; rev 0x02: PM disabled
pciide0 at pci0 dev 31 function 2 &quot;Intel 82801GBM SATA&quot; rev 0x02: DMA, channel 0 wired to compatibility, channel 1 wired to compatibility
atapiscsi0 at pciide0 channel 1 drive 1
scsibus1 at atapiscsi0: 2 targets
cd0 at scsibus1 targ 0 lun 0: &lt;HL-DT-ST, DVDRAM GSA-T10N, PA02&gt; ATAPI 5/cdrom removable
cd0(pciide0:1:1): using PIO mode 4, Ultra-DMA mode 2
ichiic0 at pci0 dev 31 function 3 &quot;Intel 82801GB SMBus&quot; rev 0x02: apic 2 int 19
iic0 at ichiic0
spdmem0 at iic0 addr 0x50: 1GB DDR2 SDRAM non-parity PC2-5300CL5 SO-DIMM
spdmem1 at iic0 addr 0x52: 1GB DDR2 SDRAM non-parity PC2-5300CL5 SO-DIMM
usb1 at uhci0: USB revision 1.0
uhub1 at usb1 configuration 1 interface 0 &quot;Intel UHCI root hub&quot; rev 1.00/1.00 addr 1
usb2 at uhci1: USB revision 1.0
uhub2 at usb2 configuration 1 interface 0 &quot;Intel UHCI root hub&quot; rev 1.00/1.00 addr 1
usb3 at uhci2: USB revision 1.0
uhub3 at usb3 configuration 1 interface 0 &quot;Intel UHCI root hub&quot; rev 1.00/1.00 addr 1
usb4 at uhci3: USB revision 1.0
uhub4 at usb4 configuration 1 interface 0 &quot;Intel UHCI root hub&quot; rev 1.00/1.00 addr 1
isa0 at ichpcib0
isadma0 at isa0
pckbc0 at isa0 port 0x60/5 irq 1 irq 12
pckbd0 at pckbc0 (kbd slot)
wskbd0 at pckbd0: console keyboard, using wsdisplay0
pms0 at pckbc0 (aux slot)
wsmouse0 at pms0 mux 0
pms0: Elantech Touchpad, version 1, firmware 0x10021
pcppi0 at isa0 port 0x61
spkr0 at pcppi0
npx0 at isa0 port 0xf0/16: reported by CPUID; using exception 16
umass0 at uhub0 port 3 configuration 1 interface 0 &quot;ADATA ADATA USB Flash Drive&quot; rev 2.10/10.75 addr 2
umass0: using SCSI over Bulk-Only
scsibus2 at umass0: 2 targets, initiator 0
sd0 at scsibus2 targ 1 lun 0: &lt;ADATA, USB Flash Drive, 1.00&gt; SCSI4 0/direct removable serial.125f312b9103500603EA
sd0: 15073MB, 512 bytes/sector, 30869504 sectors
vscsi0 at root
scsibus3 at vscsi0: 256 targets
softraid0 at root
scsibus4 at softraid0: 256 targets
root on sd0a (4f01359aaf80484b.a) swap on sd0b dump on sd0b
</pre>



</div><!-- content -->
<br />
<div id="footer">
All comments/news/posts are the property of their individual owner and
is presented without warranty of suitability, and solely as an
informational resource. <br />
This site Copyright &copy; 2004-2020 NYC*BUG.
</div><!-- footer -->

</body>
</html>

