



<!doctype html>
<html lang="en">
<head>
<meta name="keywords"
	content="bsd, freebsd, openbsd, netbsd, dragonflybsd, nycbug, dmesgd" />
<meta name="description" content="New York City BSD User Group dmesgd" />
<meta charset="utf-8" />
<meta name="viewport" content="width=device-width, initial-scale=1" />
<title>NYC*BUG dmesgd</title>
<style>
body {
	text-align: left;
	margin: 15px auto;
	padding: 0px 10px;
}
@media (min-width: 800px) {
	body {
		max-width: 85%;
	}
}
#header {
	border-bottom: 1px solid #dbdbdb;
	font-size: 230%;
	text-align: left;
}
#footer {
	border-top: 1px solid #dbdbdb;
	clear: both;
	text-align: left;
}
.logo_bug {
	color: #cc0033;
}
#menu ul {
	list-style-type: none;
	margin: 0;
	padding: 0;
}
#menu li {
	float: left;
}
#menu li a {
	display: block;
	background-color: #dbdbdb;
	color: #000000;
	font-size: 105%;
	font-weight: bold;
	padding: 0px 6px 0px 6px;
	text-decoration: none;
}
#content {
	clear: both;
	text-align: left;
	padding-top: 10px;
}
#content h1 {
	font-size: 120%;
	font-weight: bold;
}
#content h2 {
	font-size: 110%;
	font-weight: bold;
}
#content a {
	text-decoration: none;
}
#content pre {
	background-color: #dbdbdb;
	padding: 5px 5px 5px 5px;
	white-space: pre-wrap;		/* css-3 */
	white-space: -moz-pre-wrap;	/* Mozilla, since 1999 */
	white-space: -pre-wrap;		/* Opera 4-6 */
	white-space: -o-pre-wrap;	/* Opera 7 */
	word-wrap: break-word;		/* Internet Explorer 5.5+ */
}
#content table {
	border-collapse: collapse;
}
#content table th {
	border: 1px solid #dbdbdb;
	font-size: 85%;
	white-space: nowrap;
}
#content table td {
	border: 1px solid #dbdbdb;
	font-size: 80%;
}
#content input {
	font-size: 1em;
}
#content .full	{ width: 100%; }
#content .left	{ text-align: left; }
#content .right	{ text-align: right; }
#content .center { text-align: center; }
#content .flexbox {
	display: -ms-flex;
	display: -webkit-flex;
	display: flex;
	width: 100%;
}
#content .left_col {
	min-width: 75px;
	max-width: 50%;
	flex-grow: 0;
}
#content .right_col {
	flex-grow: 1;
	margin-left: 10px;
	padding-top: 10px;
	padding-left: 10px;
}
#col {
	-moz-column-count: 3;
	-webkit-column-count: 3;
	column-count: 3;
}
</style>
</head>
<body>

<div id="header">
<strong><em>NYC*</em><span class="logo_bug">BUG</span> dmesgd</strong>
</div><!-- header -->

<div id="menu">
<ul>
<li><a href="https://dmesgd.nycbug.org/index.cgi?do=index">Home</a></li>
<li><a href="https://dmesgd.nycbug.org/index.cgi?do=submit">Submit</a></li>
<li><a href="https://www.nycbug.org/">NYC*BUG</a></li>
</ul>
</div><!-- menu -->

<div id="content">

<p>
Launched in 2004, dmesgd aims to provide a
<strong>user-submitted</strong> repository of searchable *BSD dmesgs.
The dmesg(8) command displays the system message buffer's content, and
during boot a copy is saved to <em>/var/run/dmesg.boot</em>.  This buffer
contains the operating system release, name and version, a list of
devices identified, plus a whole host of other useful information.  We
hope others find this resource useful and further contribute to its
growth. Contact us at [ admin at lists dot nycbug dot org ].
</p>

<hr />


<strong>Date:</strong> <em>2017-06-18 21:22:14</em><br />
<strong>From:</strong> <em>Scott Walters</em><br />
<strong>Description:</strong> <em>Panasonic CF-C1</em><br />

<pre>
OpenBSD 6.1-current (GENERIC.MP) #23: Thu Apr 27 04:59:17 MDT 2017
    xxx@xxx.xxx:/usr/src/sys/arch/amd64/compile/GENERIC.MP
real mem = 6214848512 (5926MB)
avail mem = 6021808128 (5742MB)
mpath0 at root
scsibus0 at mpath0: 256 targets
mainbus0 at root
bios0 at mainbus0: SMBIOS rev. 2.6 @ 0xeb060 (49 entries)
bios0: vendor American Megatrends Inc. version &quot;V1.00L18&quot; date 12/15/2010
bios0: Panasonic Corporation CF-C1ADAJZ1M
acpi0 at bios0: rev 2
acpi0: sleep states S0 S3 S4 S5
acpi0: tables DSDT FACP APIC MCFG HPET ASF! SLIC SSDT SSDT SSDT TCPA SSDT
acpi0: wakeup devices P0P2(S4) PEGP(S4) P0P1(S4) EHC1(S3) EHC2(S3) HDEF(S3) PXSX(S4) RP01(S4) PXSX(S4) RP05(S4) PXSX(S4) RP07(S4) PXSX(S4) RP08(S4) GLAN(S4) PEG3(S4) [...]
acpitimer0 at acpi0: 3579545 Hz, 24 bits
acpimadt0 at acpi0 addr 0xfee00000: PC-AT compat
cpu0 at mainbus0: apid 0 (boot processor)
cpu0: Intel(R) Core(TM) i5 CPU M 520 @ 2.40GHz, 2394.41 MHz
cpu0: FPU,VME,DE,PSE,TSC,MSR,PAE,MCE,CX8,APIC,SEP,MTRR,PGE,MCA,CMOV,PAT,PSE36,CFLUSH,DS,ACPI,MMX,FXSR,SSE,SSE2,SS,HTT,TM,PBE,SSE3,PCLMUL,DTES64,MWAIT,DS-CPL,VMX,SMX,EST,TM2,SSSE3,CX16,xTPR,PDCM,PCID,SSE4.1,SSE4.2,POPCNT,AES,NXE,RDTSCP,LONG,LAHF,PERF,ITSC,SENSOR,ARAT
cpu0: 256KB 64b/line 8-way L2 cache
cpu0: TSC frequency 2394412410 Hz
cpu0: smt 0, core 0, package 0
mtrr: Pentium Pro MTRR support, 8 var ranges, 88 fixed ranges
cpu0: apic clock running at 132MHz
cpu0: mwait min=64, max=64, C-substates=0.2.1.1, IBE
cpu1 at mainbus0: apid 4 (application processor)
cpu1: Intel(R) Core(TM) i5 CPU M 520 @ 2.40GHz, 2394.00 MHz
cpu1: FPU,VME,DE,PSE,TSC,MSR,PAE,MCE,CX8,APIC,SEP,MTRR,PGE,MCA,CMOV,PAT,PSE36,CFLUSH,DS,ACPI,MMX,FXSR,SSE,SSE2,SS,HTT,TM,PBE,SSE3,PCLMUL,DTES64,MWAIT,DS-CPL,VMX,SMX,EST,TM2,SSSE3,CX16,xTPR,PDCM,PCID,SSE4.1,SSE4.2,POPCNT,AES,NXE,RDTSCP,LONG,LAHF,PERF,ITSC,SENSOR,ARAT
cpu1: 256KB 64b/line 8-way L2 cache
cpu1: smt 0, core 2, package 0
ioapic0 at mainbus0: apid 2 pa 0xfec00000, version 20, 24 pins
acpimcfg0 at acpi0 addr 0xf8000000, bus 0-63
acpihpet0 at acpi0: 14318179 Hz
acpiprt0 at acpi0: bus 0 (PCI0)
acpiprt1 at acpi0: bus -1 (P0P2)
acpiprt2 at acpi0: bus 20 (P0P1)
acpiprt3 at acpi0: bus 1 (RP01)
acpiprt4 at acpi0: bus -1 (RP05)
acpiprt5 at acpi0: bus -1 (RP07)
acpiprt6 at acpi0: bus -1 (RP08)
acpiprt7 at acpi0: bus -1 (PEG3)
acpiprt8 at acpi0: bus -1 (PEG5)
acpiprt9 at acpi0: bus 10 (RP03)
acpiprt10 at acpi0: bus 11 (RP04)
acpiprt11 at acpi0: bus 2 (RP02)
acpiec0 at acpi0
acpicpu0 at acpi0: C2(350@245 mwait.3@0x20), C1(1000@3 mwait.1), PSS
acpicpu1 at acpi0: C2(350@245 mwait.3@0x20), C1(1000@3 mwait.1), PSS
acpitz0 at acpi0: critical temperature is 106 degC
acpitz1 at acpi0: critical temperature is 130 degC
&quot;PNP0303&quot; at acpi0 not configured
&quot;SYN0502&quot; at acpi0 not configured
&quot;INT3404&quot; at acpi0 not configured
&quot;INT3403&quot; at acpi0 not configured
&quot;INT3403&quot; at acpi0 not configured
&quot;INT3403&quot; at acpi0 not configured
&quot;INT3403&quot; at acpi0 not configured
&quot;INT3403&quot; at acpi0 not configured
tpm0 at acpi0: TPM_ addr 0xfed40000/0x5000: Infineon SLB9635 1.2 rev 0x10
&quot;INT3402&quot; at acpi0 not configured
&quot;MAT0021&quot; at acpi0 not configured
&quot;MAT0019&quot; at acpi0 not configured
acpiac0 at acpi0: AC unit online
acpibat0 at acpi0: BAT1 model &quot;CF-VZSU66&quot; serial 00626 type LION oem &quot;Panasonic&quot;
acpibat1 at acpi0: BAT2 model &quot;CF-VZSU66&quot; serial 00626 type LION oem &quot;Panasonic&quot;
&quot;INT3405&quot; at acpi0 not configured
&quot;INT3400&quot; at acpi0 not configured
acpibtn0 at acpi0: LID_
acpibtn1 at acpi0: PWRB
&quot;MAT001F&quot; at acpi0 not configured
acpivideo0 at acpi0: GFX0
acpivout0 at acpivideo0: DD02
cpu0: Enhanced SpeedStep 2394 MHz: speeds: 2400, 2399, 2266, 2133, 1999, 1866, 1733, 1599, 1466, 1333, 1199 MHz
pci0 at mainbus0 bus 0
pchb0 at pci0 dev 0 function 0 &quot;Intel Core Host&quot; rev 0x02
inteldrm0 at pci0 dev 2 function 0 &quot;Intel HD Graphics&quot; rev 0x02
drm0 at inteldrm0
intagp0 at inteldrm0
agp0 at intagp0: aperture at 0xe0000000, size 0x10000000
inteldrm0: msi
inteldrm0: 1280x800, 32bpp
wsdisplay0 at inteldrm0 mux 1: console (std, vt100 emulation)
wsdisplay0: screen 1-5 added (std, vt100 emulation)
em0 at pci0 dev 25 function 0 &quot;Intel 82577LM&quot; rev 0x06: msi, address xx:xx:xx:xx:xx:xx
ehci0 at pci0 dev 26 function 0 &quot;Intel 3400 USB&quot; rev 0x06: apic 2 int 16
usb0 at ehci0: USB revision 2.0
uhub0 at usb0 configuration 1 interface 0 &quot;Intel EHCI root hub&quot; rev 2.00/1.00 addr 1
azalia0 at pci0 dev 27 function 0 &quot;Intel 3400 HD Audio&quot; rev 0x06: msi
azalia0: codecs: Conexant/0x5068, Intel/0x2804, using Conexant/0x5068
audio0 at azalia0
ppb0 at pci0 dev 28 function 0 &quot;Intel 3400 PCIE&quot; rev 0x06: msi
pci1 at ppb0 bus 1
ppb1 at pci0 dev 28 function 1 &quot;Intel 3400 PCIE&quot; rev 0x06: msi
pci2 at ppb1 bus 2
ppb2 at pci0 dev 28 function 2 &quot;Intel 3400 PCIE&quot; rev 0x06: msi
pci3 at ppb2 bus 10
iwn0 at pci3 dev 0 function 0 &quot;Intel Centrino Advanced-N 6200&quot; rev 0x35: msi, MIMO 2T2R, MoW, address xx:xx:xx:xx:xx:xx
ppb3 at pci0 dev 28 function 3 &quot;Intel 3400 PCIE&quot; rev 0x06: msi
pci4 at ppb3 bus 11
cbb0 at pci4 dev 0 function 0 vendor &quot;Ricoh&quot;, unknown product 0xe476 rev 0x00: apic 2 int 19
sdhc0 at pci4 dev 0 function 1 &quot;Ricoh 5U822 SD/MMC&quot; rev 0x02: apic 2 int 16
sdhc0: SDHC 1.0, 50 MHz base clock
sdmmc0 at sdhc0: 4-bit, sd high-speed, mmc high-speed
cardslot0 at cbb0 slot 0 flags 0
cardbus0 at cardslot0: bus 12 device 0 cacheline 0x0, lattimer 0x20
pcmcia0 at cardslot0
ehci1 at pci0 dev 29 function 0 &quot;Intel 3400 USB&quot; rev 0x06: apic 2 int 23
usb1 at ehci1: USB revision 2.0
uhub1 at usb1 configuration 1 interface 0 &quot;Intel EHCI root hub&quot; rev 2.00/1.00 addr 1
ppb4 at pci0 dev 30 function 0 &quot;Intel 82801BAM Hub-to-PCI&quot; rev 0xa6
pci5 at ppb4 bus 20
pcib0 at pci0 dev 31 function 0 &quot;Intel QM57 LPC&quot; rev 0x06
ahci0 at pci0 dev 31 function 2 &quot;Intel 3400 AHCI&quot; rev 0x06: msi, AHCI 1.3
ahci0: port 0: 3.0Gb/s
ahci0: PHY offline on port 1
scsibus1 at ahci0: 32 targets
sd0 at scsibus1 targ 0 lun 0: &lt;ATA, WDC WD10JPVX-22J, 01.0&gt; SCSI3 0/direct fixed naa.50014ee2611e32f9
sd0: 953869MB, 512 bytes/sector, 1953525168 sectors
ichiic0 at pci0 dev 31 function 3 &quot;Intel 3400 SMBus&quot; rev 0x06: apic 2 int 18
iic0 at ichiic0
spdmem0 at iic0 addr 0x50: 2GB DDR3 SDRAM PC3-10600 SO-DIMM
spdmem1 at iic0 addr 0x52: 4GB DDR3 SDRAM PC3-12800 SO-DIMM
itherm0 at pci0 dev 31 function 6 &quot;Intel 3400 Thermal&quot; rev 0x06
isa0 at pcib0
isadma0 at isa0
pckbc0 at isa0 port 0x60/5 irq 1 irq 12
pckbd0 at pckbc0 (kbd slot)
wskbd0 at pckbd0: console keyboard, using wsdisplay0
pms0 at pckbc0 (aux slot)
wsmouse0 at pms0 mux 0
pms0: Synaptics touchpad, firmware 6.2
pcppi0 at isa0 port 0x61
spkr0 at pcppi0
pci6 at mainbus0 bus 63
pchb1 at pci6 dev 0 function 0 &quot;Intel QuickPath&quot; rev 0x02
pchb2 at pci6 dev 0 function 1 &quot;Intel QuickPath&quot; rev 0x02
pchb3 at pci6 dev 2 function 0 &quot;Intel QPI Link&quot; rev 0x02
pchb4 at pci6 dev 2 function 1 &quot;Intel QPI Physical&quot; rev 0x02
pchb5 at pci6 dev 2 function 2 &quot;Intel Reserved&quot; rev 0x02
pchb6 at pci6 dev 2 function 3 &quot;Intel Reserved&quot; rev 0x02
vmm0 at mainbus0: VMX/EPT
uhub2 at uhub0 port 1 configuration 1 interface 0 &quot;Intel Rate Matching Hub&quot; rev 2.00/0.00 addr 2
uhidev0 at uhub2 port 4 configuration 1 interface 0 &quot;Tablet ISD-V4&quot; rev 1.10/0.11 addr 3
uhidev0: iclass 3/0, 17 report ids
ums0 at uhidev0 reportid 2: 3 buttons, tip, barrel, eraser
wsmouse1 at ums0 mux 0
uhid0 at uhidev0 reportid 17: input=7, output=0, feature=3
uhidev1 at uhub2 port 4 configuration 1 interface 1 &quot;Tablet ISD-V4&quot; rev 1.10/0.11 addr 3
uhidev1: iclass 3/0, 16 report ids
uhid1 at uhidev1 reportid 2: input=0, output=0, feature=1
uhid2 at uhidev1 reportid 3: input=0, output=0, feature=3
uhid3 at uhidev1 reportid 5: input=0, output=0, feature=8
uhid4 at uhidev1 reportid 6: input=0, output=0, feature=8
ums1 at uhidev1 reportid 12: 1 button, tip
wsmouse2 at ums1 mux 0
uhid5 at uhidev1 reportid 13: input=13, output=0, feature=0
uhid6 at uhidev1 reportid 14: input=0, output=0, feature=2
ums2 at uhidev1 reportid 15: 2 buttons
wsmouse3 at ums2 mux 0
ums3 at uhidev1 reportid 16: 1 button, tip
wsmouse4 at ums3 mux 0
uvideo0 at uhub2 port 5 configuration 1 interface 0 &quot;AVEO Technology Corp. USB2.0 Camera&quot; rev 2.00/8.24 addr 4
video0 at uvideo0
uhub3 at uhub1 port 1 configuration 1 interface 0 &quot;Intel Rate Matching Hub&quot; rev 2.00/0.00 addr 2
vscsi0 at root
scsibus2 at vscsi0: 256 targets
softraid0 at root
scsibus3 at softraid0: 256 targets
softraid0: sd1 was not shutdown properly
sd1 at scsibus3 targ 1 lun 0: &lt;OPENBSD, SR CRYPTO, 006&gt; SCSI2 0/direct fixed
sd1: 921603MB, 512 bytes/sector, 1887444128 sectors
root on sd1a (6beb8c665f87a835.a) swap on sd1b dump on sd1b
WARNING: / was not properly unmounted

</pre>



</div><!-- content -->
<br />
<div id="footer">
All comments/news/posts are the property of their individual owner and
is presented without warranty of suitability, and solely as an
informational resource. <br />
This site Copyright &copy; 2004-2020 NYC*BUG.
</div><!-- footer -->

</body>
</html>

