



<!doctype html>
<html lang="en">
<head>
<meta name="keywords"
	content="bsd, freebsd, openbsd, netbsd, dragonflybsd, nycbug, dmesgd" />
<meta name="description" content="New York City BSD User Group dmesgd" />
<meta charset="utf-8" />
<meta name="viewport" content="width=device-width, initial-scale=1" />
<title>NYC*BUG dmesgd</title>
<style>
body {
	text-align: left;
	margin: 15px auto;
	padding: 0px 10px;
}
@media (min-width: 800px) {
	body {
		max-width: 85%;
	}
}
#header {
	border-bottom: 1px solid #dbdbdb;
	font-size: 230%;
	text-align: left;
}
#footer {
	border-top: 1px solid #dbdbdb;
	clear: both;
	text-align: left;
}
.logo_bug {
	color: #cc0033;
}
#menu ul {
	list-style-type: none;
	margin: 0;
	padding: 0;
}
#menu li {
	float: left;
}
#menu li a {
	display: block;
	background-color: #dbdbdb;
	color: #000000;
	font-size: 105%;
	font-weight: bold;
	padding: 0px 6px 0px 6px;
	text-decoration: none;
}
#content {
	clear: both;
	text-align: left;
	padding-top: 10px;
}
#content h1 {
	font-size: 120%;
	font-weight: bold;
}
#content h2 {
	font-size: 110%;
	font-weight: bold;
}
#content a {
	text-decoration: none;
}
#content pre {
	background-color: #dbdbdb;
	padding: 5px 5px 5px 5px;
	white-space: pre-wrap;		/* css-3 */
	white-space: -moz-pre-wrap;	/* Mozilla, since 1999 */
	white-space: -pre-wrap;		/* Opera 4-6 */
	white-space: -o-pre-wrap;	/* Opera 7 */
	word-wrap: break-word;		/* Internet Explorer 5.5+ */
}
#content table {
	border-collapse: collapse;
}
#content table th {
	border: 1px solid #dbdbdb;
	font-size: 85%;
	white-space: nowrap;
}
#content table td {
	border: 1px solid #dbdbdb;
	font-size: 80%;
}
#content input {
	font-size: 1em;
}
#content .full	{ width: 100%; }
#content .left	{ text-align: left; }
#content .right	{ text-align: right; }
#content .center { text-align: center; }
#content .flexbox {
	display: -ms-flex;
	display: -webkit-flex;
	display: flex;
	width: 100%;
}
#content .left_col {
	min-width: 75px;
	max-width: 50%;
	flex-grow: 0;
}
#content .right_col {
	flex-grow: 1;
	margin-left: 10px;
	padding-top: 10px;
	padding-left: 10px;
}
#col {
	-moz-column-count: 3;
	-webkit-column-count: 3;
	column-count: 3;
}
</style>
</head>
<body>

<div id="header">
<strong><em>NYC*</em><span class="logo_bug">BUG</span> dmesgd</strong>
</div><!-- header -->

<div id="menu">
<ul>
<li><a href="https://dmesgd.nycbug.org/index.cgi?do=index">Home</a></li>
<li><a href="https://dmesgd.nycbug.org/index.cgi?do=submit">Submit</a></li>
<li><a href="https://www.nycbug.org/">NYC*BUG</a></li>
</ul>
</div><!-- menu -->

<div id="content">

<p>
Launched in 2004, dmesgd aims to provide a
<strong>user-submitted</strong> repository of searchable *BSD dmesgs.
The dmesg(8) command displays the system message buffer's content, and
during boot a copy is saved to <em>/var/run/dmesg.boot</em>.  This buffer
contains the operating system release, name and version, a list of
devices identified, plus a whole host of other useful information.  We
hope others find this resource useful and further contribute to its
growth. Contact us at [ admin at lists dot nycbug dot org ].
</p>

<hr />


<strong>Date:</strong> <em>2017-06-23 14:32:29</em><br />
<strong>From:</strong> <em>Fred</em><br />
<strong>Description:</strong> <em>Toshiba R830-13C </em><br />

<pre>
OpenBSD 6.1-current (GENERIC.MP) #28: Wed Jun 21 00:31:09 MDT 2017
    xxx@xxx.xxx:/usr/src/sys/arch/amd64/compile/GENERIC.MP
real mem = 17037066240 (16247MB)
avail mem = 16514932736 (15749MB)
mpath0 at root
scsibus0 at mpath0: 256 targets
mainbus0 at root
bios0 at mainbus0: SMBIOS rev. 2.5 @ 0xaafd0000 (43 entries)
bios0: vendor TOSHIBA version &quot;Version 3.60&quot; date 01/24/2012
bios0: TOSHIBA TOSHIBA
acpi0 at bios0: rev 0
acpi0: sleep states S0 S3 S4 S5
acpi0: tables DSDT FACP HPET APIC MCFG ASF! TCPA BOOT SLIC SSDT SSDT SSDT SSDT
acpi0: wakeup devices LANC(S4) HDEF(S3) RP02(S4) PXSX(S4) RP04(S4) PXSX(S4) USBB(S4) USBC(S4) EHC1(S4) EHC2(S4) PWRB(S4) LID_(S4)
acpitimer0 at acpi0: 3579545 Hz, 24 bits
acpihpet0 at acpi0: 14318179 Hz
acpimadt0 at acpi0 addr 0xfee00000: PC-AT compat
cpu0 at mainbus0: apid 0 (boot processor)
cpu0: Intel(R) Core(TM) i5-2520M CPU @ 2.50GHz, 2492.31 MHz
cpu0: FPU,VME,DE,PSE,TSC,MSR,PAE,MCE,CX8,APIC,SEP,MTRR,PGE,MCA,CMOV,PAT,PSE36,CFLUSH,DS,ACPI,MMX,FXSR,SSE,SSE2,SS,HTT,TM,PBE,SSE3,PCLMUL,DTES64,MWAIT,DS-CPL,VMX,SMX,EST,TM2,SSSE3,CX16,xTPR,PDCM,PCID,SSE4.1,SSE4.2,x2APIC,POPCNT,DEADLINE,AES,XSAVE,AVX,NXE,RDTSCP,LONG,LAHF,PERF,ITSC,SENSOR,ARAT
cpu0: 256KB 64b/line 8-way L2 cache
cpu0: TSC frequency 2492309160 Hz
cpu0: smt 0, core 0, package 0
mtrr: Pentium Pro MTRR support, 10 var ranges, 88 fixed ranges
cpu0: apic clock running at 99MHz
cpu0: mwait min=64, max=64, C-substates=0.2.1.1.2, IBE
cpu1 at mainbus0: apid 1 (application processor)
cpu1: Intel(R) Core(TM) i5-2520M CPU @ 2.50GHz, 2491.90 MHz
cpu1: FPU,VME,DE,PSE,TSC,MSR,PAE,MCE,CX8,APIC,SEP,MTRR,PGE,MCA,CMOV,PAT,PSE36,CFLUSH,DS,ACPI,MMX,FXSR,SSE,SSE2,SS,HTT,TM,PBE,SSE3,PCLMUL,DTES64,MWAIT,DS-CPL,VMX,SMX,EST,TM2,SSSE3,CX16,xTPR,PDCM,PCID,SSE4.1,SSE4.2,x2APIC,POPCNT,DEADLINE,AES,XSAVE,AVX,NXE,RDTSCP,LONG,LAHF,PERF,ITSC,SENSOR,ARAT
cpu1: 256KB 64b/line 8-way L2 cache
cpu1: smt 1, core 0, package 0
cpu2 at mainbus0: apid 2 (application processor)
cpu2: Intel(R) Core(TM) i5-2520M CPU @ 2.50GHz, 2491.90 MHz
cpu2: FPU,VME,DE,PSE,TSC,MSR,PAE,MCE,CX8,APIC,SEP,MTRR,PGE,MCA,CMOV,PAT,PSE36,CFLUSH,DS,ACPI,MMX,FXSR,SSE,SSE2,SS,HTT,TM,PBE,SSE3,PCLMUL,DTES64,MWAIT,DS-CPL,VMX,SMX,EST,TM2,SSSE3,CX16,xTPR,PDCM,PCID,SSE4.1,SSE4.2,x2APIC,POPCNT,DEADLINE,AES,XSAVE,AVX,NXE,RDTSCP,LONG,LAHF,PERF,ITSC,SENSOR,ARAT
cpu2: 256KB 64b/line 8-way L2 cache
cpu2: smt 0, core 1, package 0
cpu3 at mainbus0: apid 3 (application processor)
cpu3: Intel(R) Core(TM) i5-2520M CPU @ 2.50GHz, 2491.90 MHz
cpu3: FPU,VME,DE,PSE,TSC,MSR,PAE,MCE,CX8,APIC,SEP,MTRR,PGE,MCA,CMOV,PAT,PSE36,CFLUSH,DS,ACPI,MMX,FXSR,SSE,SSE2,SS,HTT,TM,PBE,SSE3,PCLMUL,DTES64,MWAIT,DS-CPL,VMX,SMX,EST,TM2,SSSE3,CX16,xTPR,PDCM,PCID,SSE4.1,SSE4.2,x2APIC,POPCNT,DEADLINE,AES,XSAVE,AVX,NXE,RDTSCP,LONG,LAHF,PERF,ITSC,SENSOR,ARAT
cpu3: 256KB 64b/line 8-way L2 cache
cpu3: smt 1, core 1, package 0
ioapic0 at mainbus0: apid 2 pa 0xfec00000, version 20, 24 pins
acpimcfg0 at acpi0 addr 0xf8000000, bus 0-63
acpiprt0 at acpi0: bus 0 (PCI0)
acpiprt1 at acpi0: bus -1 (PEGP)
acpiprt2 at acpi0: bus 1 (RP01)
acpiprt3 at acpi0: bus 2 (RP02)
acpiprt4 at acpi0: bus 4 (RP03)
acpiprt5 at acpi0: bus -1 (RP04)
acpiprt6 at acpi0: bus 5 (RP05)
acpiprt7 at acpi0: bus 6 (RP06)
acpiprt8 at acpi0: bus 7 (RP07)
acpiprt9 at acpi0: bus -1 (RP08)
acpiprt10 at acpi0: bus -1 (PCIB)
acpicpu0 at acpi0: C2(350@104 mwait.1@0x20), C1(1000@1 mwait.1), PSS
acpicpu1 at acpi0: C2(350@104 mwait.1@0x20), C1(1000@1 mwait.1), PSS
acpicpu2 at acpi0: C2(350@104 mwait.1@0x20), C1(1000@1 mwait.1), PSS
acpicpu3 at acpi0: C2(350@104 mwait.1@0x20), C1(1000@1 mwait.1), PSS
acpipwrres0 at acpi0: PDOC, resource for DOCK
acpitz0 at acpi0: critical temperature is 102 degC
tpm0 at acpi0: GTPM addr 0xfed40000/0x5000: Infineon SLB9635 1.2 rev 0x10
&quot;PNP0303&quot; at acpi0 not configured
&quot;TOS0220&quot; at acpi0 not configured
acpitoshiba0 at acpi0
&quot;TOS6205&quot; at acpi0 not configured
&quot;PNP0C32&quot; at acpi0 not configured
&quot;PNP0C32&quot; at acpi0 not configured
&quot;PNP0C32&quot; at acpi0 not configured
acpiac0 at acpi0: AC unit online
acpibtn0 at acpi0: PWRB
acpibtn1 at acpi0: LID_
acpibat0 at acpi0: BAT1 model &quot;G71C000E4410&quot; serial 0000001888 type Li-ION   oem &quot;0&quot;
&quot;INT340E&quot; at acpi0 not configured
acpidock0 at acpi0: DOCK not docked (0)
acpivideo0 at acpi0: VGA_
acpivideo1 at acpi0: GFX0
acpivout at acpivideo1 not configured
cpu0: Enhanced SpeedStep 2492 MHz: speeds: 2501, 2500, 2000, 1800, 1600, 1400, 1200, 1000, 800 MHz
pci0 at mainbus0 bus 0
pchb0 at pci0 dev 0 function 0 &quot;Intel Core 2G Host&quot; rev 0x09
inteldrm0 at pci0 dev 2 function 0 &quot;Intel HD Graphics 3000&quot; rev 0x09
drm0 at inteldrm0
inteldrm0: msi
inteldrm0: 1366x768, 32bpp
wsdisplay0 at inteldrm0 mux 1: console (std, vt100 emulation)
wsdisplay0: screen 1-5 added (std, vt100 emulation)
&quot;Intel 6 Series MEI&quot; rev 0x04 at pci0 dev 22 function 0 not configured
puc0 at pci0 dev 22 function 3 &quot;Intel 6 Series KT&quot; rev 0x04: ports: 1 com
com4 at puc0 port 0 apic 2 int 19: ns16550a, 16 byte fifo
com4: probed fifo depth: 0 bytes
em0 at pci0 dev 25 function 0 &quot;Intel 82579LM&quot; rev 0x04: msi, address xx:xx:xx:xx:xx:xx
ehci0 at pci0 dev 26 function 0 &quot;Intel 6 Series USB&quot; rev 0x04: apic 2 int 16
usb0 at ehci0: USB revision 2.0
uhub0 at usb0 configuration 1 interface 0 &quot;Intel EHCI root hub&quot; rev 2.00/1.00 addr 1
azalia0 at pci0 dev 27 function 0 &quot;Intel 6 Series HD Audio&quot; rev 0x04: msi
azalia0: codecs: Realtek ALC269, Intel/0x2805, using Realtek ALC269
audio0 at azalia0
ppb0 at pci0 dev 28 function 0 &quot;Intel 6 Series PCIE&quot; rev 0xb4: msi
pci1 at ppb0 bus 1
sdhc0 at pci1 dev 0 function 0 &quot;Ricoh 5U823 SD/MMC&quot; rev 0x04: apic 2 int 16
sdhc0: SDHC 3.0, 50 MHz base clock
sdmmc0 at sdhc0: 4-bit, sd high-speed, mmc high-speed, dma
ppb1 at pci0 dev 28 function 1 &quot;Intel 6 Series PCIE&quot; rev 0xb4: msi
pci2 at ppb1 bus 2
ppb2 at pci0 dev 28 function 2 &quot;Intel 6 Series PCIE&quot; rev 0xb4: msi
pci3 at ppb2 bus 4
iwn0 at pci3 dev 0 function 0 &quot;Intel Centrino Advanced-N 6030&quot; rev 0x34: msi, MIMO 2T2R, MoW, address xx:xx:xx:xx:xx:xx
ppb3 at pci0 dev 28 function 4 &quot;Intel 6 Series PCIE&quot; rev 0xb4: msi
pci4 at ppb3 bus 5
xhci0 at pci4 dev 0 function 0 &quot;NEC xHCI&quot; rev 0x04: msi
usb1 at xhci0: USB revision 3.0
uhub1 at usb1 configuration 1 interface 0 &quot;NEC xHCI root hub&quot; rev 3.00/1.00 addr 1
ppb4 at pci0 dev 28 function 5 &quot;Intel 6 Series PCIE&quot; rev 0xb4: msi
pci5 at ppb4 bus 6
ppb5 at pci0 dev 28 function 6 &quot;Intel 82801BAM Hub-to-PCI&quot; rev 0xb4: msi
pci6 at ppb5 bus 7
ehci1 at pci0 dev 29 function 0 &quot;Intel 6 Series USB&quot; rev 0x04: apic 2 int 23
usb2 at ehci1: USB revision 2.0
uhub2 at usb2 configuration 1 interface 0 &quot;Intel EHCI root hub&quot; rev 2.00/1.00 addr 1
pcib0 at pci0 dev 31 function 0 &quot;Intel QM67 LPC&quot; rev 0x04
ahci0 at pci0 dev 31 function 2 &quot;Intel 6 Series AHCI&quot; rev 0x04: msi, AHCI 1.3
ahci0: port 0: 3.0Gb/s
ahci0: port 2: 1.5Gb/s
scsibus1 at ahci0: 32 targets
sd0 at scsibus1 targ 0 lun 0: &lt;ATA, Samsung SSD 850, EMT0&gt; SCSI3 0/direct fixed naa.5002538d40b50e5c
sd0: 476940MB, 512 bytes/sector, 976773168 sectors, thin
cd0 at scsibus1 targ 2 lun 0: &lt;MATSHITA, DVD-RAM UJ8B2E, 1.20&gt; ATAPI 5/cdrom removable
isa0 at pcib0
isadma0 at isa0
pckbc0 at isa0 port 0x60/5 irq 1 irq 12
pckbd0 at pckbc0 (kbd slot)
wskbd0 at pckbd0: console keyboard, using wsdisplay0
pms0 at pckbc0 (aux slot)
wsmouse0 at pms0 mux 0
pms0: Synaptics touchpad, firmware 7.5
pcppi0 at isa0 port 0x61
spkr0 at pcppi0
vmm0 at mainbus0: VMX/EPT
uhub3 at uhub0 port 1 configuration 1 interface 0 &quot;Intel Rate Matching Hub&quot; rev 2.00/0.00 addr 2
ugen0 at uhub3 port 1 &quot;AuthenTec Fingerprint Sensor&quot; rev 2.00/25.01 addr 3
uvideo0 at uhub3 port 5 configuration 1 interface 0 &quot;YZC864LB TOSHIBA Web Camera&quot; rev 2.00/25.17 addr 4
video0 at uvideo0
uhub4 at uhub1 port 1 configuration 1 interface 0 &quot;VIA Labs, Inc. USB3.0 Hub&quot; rev 3.00/90.11 addr 2
uhub5 at uhub1 port 3 configuration 1 interface 0 &quot;VIA Labs, Inc. USB2.0 Hub&quot; rev 2.10/90.11 addr 3
uhidev0 at uhub5 port 1 configuration 1 interface 0 &quot;Logitech Trackball&quot; rev 1.10/2.20 addr 4
uhidev0: iclass 3/1
ums0 at uhidev0: 3 buttons, Z dir
wsmouse1 at ums0 mux 0
uhidev1 at uhub5 port 2 configuration 1 interface 0 &quot;SEJIN SEJIN USB joint Keyboard&quot; rev 1.10/1.30 addr 5
uhidev1: iclass 3/1
ukbd0 at uhidev1: 8 variable keys, 6 key codes
wskbd1 at ukbd0 mux 1
wskbd1: connecting to wsdisplay0
uhub6 at uhub2 port 1 configuration 1 interface 0 &quot;Intel Rate Matching Hub&quot; rev 2.00/0.00 addr 2
uhub7 at uhub6 port 4 configuration 1 interface 0 &quot;O2 Micro OZ776 Hub&quot; rev 1.10/1.10 addr 3
ugen1 at uhub7 port 2 &quot;O2 O2Micro CCID SC Reader&quot; rev 1.10/1.10 addr 4
vscsi0 at root
scsibus2 at vscsi0: 256 targets
softraid0 at root
scsibus3 at softraid0: 256 targets
root on sd0a (dc3dc0b88aa1e915.a) swap on sd0b dump on sd0b
</pre>



</div><!-- content -->
<br />
<div id="footer">
All comments/news/posts are the property of their individual owner and
is presented without warranty of suitability, and solely as an
informational resource. <br />
This site Copyright &copy; 2004-2020 NYC*BUG.
</div><!-- footer -->

</body>
</html>

