



<!doctype html>
<html lang="en">
<head>
<meta name="keywords"
	content="bsd, freebsd, openbsd, netbsd, dragonflybsd, nycbug, dmesgd" />
<meta name="description" content="New York City BSD User Group dmesgd" />
<meta charset="utf-8" />
<meta name="viewport" content="width=device-width, initial-scale=1" />
<title>NYC*BUG dmesgd</title>
<style>
body {
	text-align: left;
	margin: 15px auto;
	padding: 0px 10px;
}
@media (min-width: 800px) {
	body {
		max-width: 85%;
	}
}
#header {
	border-bottom: 1px solid #dbdbdb;
	font-size: 230%;
	text-align: left;
}
#footer {
	border-top: 1px solid #dbdbdb;
	clear: both;
	text-align: left;
}
.logo_bug {
	color: #cc0033;
}
#menu ul {
	list-style-type: none;
	margin: 0;
	padding: 0;
}
#menu li {
	float: left;
}
#menu li a {
	display: block;
	background-color: #dbdbdb;
	color: #000000;
	font-size: 105%;
	font-weight: bold;
	padding: 0px 6px 0px 6px;
	text-decoration: none;
}
#content {
	clear: both;
	text-align: left;
	padding-top: 10px;
}
#content h1 {
	font-size: 120%;
	font-weight: bold;
}
#content h2 {
	font-size: 110%;
	font-weight: bold;
}
#content a {
	text-decoration: none;
}
#content pre {
	background-color: #dbdbdb;
	padding: 5px 5px 5px 5px;
	white-space: pre-wrap;		/* css-3 */
	white-space: -moz-pre-wrap;	/* Mozilla, since 1999 */
	white-space: -pre-wrap;		/* Opera 4-6 */
	white-space: -o-pre-wrap;	/* Opera 7 */
	word-wrap: break-word;		/* Internet Explorer 5.5+ */
}
#content table {
	border-collapse: collapse;
}
#content table th {
	border: 1px solid #dbdbdb;
	font-size: 85%;
	white-space: nowrap;
}
#content table td {
	border: 1px solid #dbdbdb;
	font-size: 80%;
}
#content input {
	font-size: 1em;
}
#content .full	{ width: 100%; }
#content .left	{ text-align: left; }
#content .right	{ text-align: right; }
#content .center { text-align: center; }
#content .flexbox {
	display: -ms-flex;
	display: -webkit-flex;
	display: flex;
	width: 100%;
}
#content .left_col {
	min-width: 75px;
	max-width: 50%;
	flex-grow: 0;
}
#content .right_col {
	flex-grow: 1;
	margin-left: 10px;
	padding-top: 10px;
	padding-left: 10px;
}
#col {
	-moz-column-count: 3;
	-webkit-column-count: 3;
	column-count: 3;
}
</style>
</head>
<body>

<div id="header">
<strong><em>NYC*</em><span class="logo_bug">BUG</span> dmesgd</strong>
</div><!-- header -->

<div id="menu">
<ul>
<li><a href="https://dmesgd.nycbug.org/index.cgi?do=index">Home</a></li>
<li><a href="https://dmesgd.nycbug.org/index.cgi?do=submit">Submit</a></li>
<li><a href="https://www.nycbug.org/">NYC*BUG</a></li>
</ul>
</div><!-- menu -->

<div id="content">

<p>
Launched in 2004, dmesgd aims to provide a
<strong>user-submitted</strong> repository of searchable *BSD dmesgs.
The dmesg(8) command displays the system message buffer's content, and
during boot a copy is saved to <em>/var/run/dmesg.boot</em>.  This buffer
contains the operating system release, name and version, a list of
devices identified, plus a whole host of other useful information.  We
hope others find this resource useful and further contribute to its
growth. Contact us at [ admin at lists dot nycbug dot org ].
</p>

<hr />


<strong>Date:</strong> <em>2017-07-01 13:31:26</em><br />
<strong>From:</strong> <em>Sergey Bronnikov</em><br />
<strong>Description:</strong> <em>Dell Latitude e6440</em><br />

<pre>
OpenBSD 6.1-current (RAMDISK_CD) #2: Sun Jun 11 22:30:15 MDT 2017
    xxx@xxx.xxx:/usr/src/sys/arch/amd64/compile/RAMDISK_CD
real mem = 17064353792 (16273MB)
avail mem = 16543436800 (15777MB)
mainbus0 at root
bios0 at mainbus0: SMBIOS rev. 2.7 @ 0xecb90 (101 entries)
bios0: vendor Dell Inc. version &quot;A05&quot; date 02/18/2014
bios0: Dell Inc. Latitude E6440
acpi0 at bios0: rev 2
acpi0: tables DSDT FACP APIC FPDT SLIC LPIT SSDT SSDT SSDT SSDT HPET SSDT MCFG SSDT ASF! DMAR SSDT
acpimadt0 at acpi0 addr 0xfee00000: PC-AT compat
cpu0 at mainbus0: apid 0 (boot processor)
cpu0: Intel(R) Core(TM) i7-4600M CPU @ 2.90GHz, 2893.83 MHz
cpu0: FPU,VME,DE,PSE,TSC,MSR,PAE,MCE,CX8,APIC,SEP,MTRR,PGE,MCA,CMOV,PAT,PSE36,CFLUSH,DS,ACPI,MMX,FXSR,SSE,SSE2,SS,HTT,TM,PBE,SSE3,PCLMUL,DTES64,MWAIT,DS-CPL,VMX,SMX,EST,TM2,SSSE3,SDBG,FMA3,CX16,xTPR,PDCM,PCID,SSE4.1,SSE4.2,x2APIC,MOVBE,POPCNT,DEADLINE,AES,XSAVE,AVX,F16C,RDRAND,NXE,PAGE1GB,RDTSCP,LONG,LAHF,ABM,PERF,ITSC,FSGSBASE,BMI1,HLE,AVX2,SMEP,BMI2,ERMS,INVPCID,RTM,SENSOR,ARAT
cpu0: 256KB 64b/line 8-way L2 cache
cpu0: TSC frequency 2893828200 Hz
cpu0: apic clock running at 99MHz
cpu0: mwait min=64, max=64, C-substates=0.2.1.2.4, IBE
cpu at mainbus0: not configured
cpu at mainbus0: not configured
cpu at mainbus0: not configured
ioapic0 at mainbus0: apid 8 pa 0xfec00000, version 20, 24 pins
acpiprt0 at acpi0: bus 0 (PCI0)
acpiprt1 at acpi0: bus 2 (RP01)
acpiprt2 at acpi0: bus 3 (RP03)
acpiprt3 at acpi0: bus 4 (RP05)
acpiprt4 at acpi0: bus 5 (RP06)
acpiprt5 at acpi0: bus 6 (RP07)
acpiprt6 at acpi0: bus 14 (RP08)
acpiprt7 at acpi0: bus 1 (PEG0)
acpiprt8 at acpi0: bus -1 (PEG1)
acpiprt9 at acpi0: bus -1 (PEG2)
acpiec0 at acpi0
acpicpu at acpi0 not configured
acpitz at acpi0 not configured
&quot;INT3F0D&quot; at acpi0 not configured
&quot;DLLK05BD&quot; at acpi0 not configured
&quot;DLL05BD&quot; at acpi0 not configured
&quot;PNP0501&quot; at acpi0 not configured
&quot;PNP0401&quot; at acpi0 not configured
&quot;INT33CA&quot; at acpi0 not configured
&quot;INT33D7&quot; at acpi0 not configured
&quot;SMO8810&quot; at acpi0 not configured
&quot;*pnp0c14&quot; at acpi0 not configured
&quot;PNP0C0D&quot; at acpi0 not configured
&quot;PNP0C0C&quot; at acpi0 not configured
&quot;PNP0C0E&quot; at acpi0 not configured
&quot;ACPI0003&quot; at acpi0 not configured
&quot;PNP0C0A&quot; at acpi0 not configured
&quot;PNP0C0A&quot; at acpi0 not configured
&quot;DELLABCE&quot; at acpi0 not configured
pci0 at mainbus0 bus 0
pchb0 at pci0 dev 0 function 0 &quot;Intel Core 4G Host&quot; rev 0x06
ppb0 at pci0 dev 1 function 0 &quot;Intel Core 4G PCIE&quot; rev 0x06: msi
pci1 at ppb0 bus 1
&quot;ATI Radeon HD 8670M&quot; rev 0x00 at pci1 dev 0 function 0 not configured
&quot;Intel HD Graphics 4600&quot; rev 0x06 at pci0 dev 2 function 0 not configured
&quot;Intel Core 4G HD Audio&quot; rev 0x06 at pci0 dev 3 function 0 not configured
xhci0 at pci0 dev 20 function 0 &quot;Intel 8 Series xHCI&quot; rev 0x04: msi
usb0 at xhci0: USB revision 3.0
uhub0 at usb0 configuration 1 interface 0 &quot;Intel xHCI root hub&quot; rev 3.00/1.00 addr 1
&quot;Intel 8 Series MEI&quot; rev 0x04 at pci0 dev 22 function 0 not configured
em0 at pci0 dev 25 function 0 &quot;Intel I217-LM&quot; rev 0x04: msi, address xx:xx:xx:xx:xx:xx
ehci0 at pci0 dev 26 function 0 &quot;Intel 8 Series USB&quot; rev 0x04: apic 8 int 16
usb1 at ehci0: USB revision 2.0
uhub1 at usb1 configuration 1 interface 0 &quot;Intel EHCI root hub&quot; rev 2.00/1.00 addr 1
&quot;Intel 8 Series HD Audio&quot; rev 0x04 at pci0 dev 27 function 0 not configured
ppb1 at pci0 dev 28 function 0 &quot;Intel 8 Series PCIE&quot; rev 0xd4: msi
pci2 at ppb1 bus 2
ppb2 at pci0 dev 28 function 2 &quot;Intel 8 Series PCIE&quot; rev 0xd4: msi
pci3 at ppb2 bus 3
iwn0 at pci3 dev 0 function 0 &quot;Intel Centrino Ultimate-N 6300&quot; rev 0x35: msi, MIMO 3T3R, MoW, address xx:xx:xx:xx:xx:xx
ppb3 at pci0 dev 28 function 4 &quot;Intel 8 Series PCIE&quot; rev 0xd4: msi
pci4 at ppb3 bus 4
ppb4 at pci0 dev 28 function 5 &quot;Intel 8 Series PCIE&quot; rev 0xd4: msi
pci5 at ppb4 bus 5
ppb5 at pci0 dev 28 function 6 &quot;Intel 8 Series PCIE&quot; rev 0xd4: msi
pci6 at ppb5 bus 6
ppb6 at pci0 dev 28 function 7 &quot;Intel 8 Series PCIE&quot; rev 0xd4: msi
pci7 at ppb6 bus 14
sdhc0 at pci7 dev 0 function 0 vendor &quot;O2 Micro&quot;, unknown product 0x8520 rev 0x01: apic 8 int 19
sdhc0: SDHC 4.0, 50 MHz base clock
sdmmc0 at sdhc0: 8-bit, sd high-speed, mmc high-speed, dma
ehci1 at pci0 dev 29 function 0 &quot;Intel 8 Series USB&quot; rev 0x04: apic 8 int 21
usb2 at ehci1: USB revision 2.0
uhub2 at usb2 configuration 1 interface 0 &quot;Intel EHCI root hub&quot; rev 2.00/1.00 addr 1
&quot;Intel QM87 LPC&quot; rev 0x04 at pci0 dev 31 function 0 not configured
pciide0 at pci0 dev 31 function 2 &quot;Intel 82801HBM RAID&quot; rev 0x04: DMA, channel 0 wired to native-PCI, channel 1 wired to native-PCI
pciide0: using apic 8 int 19 for native-PCI interrupt
&quot;Intel 8 Series SMBus&quot; rev 0x04 at pci0 dev 31 function 3 not configured
isa0 at mainbus0
com0 at isa0 port 0x3f8/8 irq 4: ns16550a, 16 byte fifo
pckbc0 at isa0 port 0x60/5 irq 1 irq 12
pckbd0 at pckbc0 (kbd slot)
wskbd0 at pckbd0: console keyboard
efifb0 at mainbus0: 1366x768, 32bpp
wsdisplay0 at efifb0 mux 1: console (std, vt100 emulation), using wskbd0
umass0 at uhub0 port 3 configuration 1 interface 0 &quot;Kingmax USB2.0 FlashDisk&quot; rev 2.00/11.00 addr 2
umass0: using SCSI over Bulk-Only
scsibus0 at umass0: 2 targets, initiator 0
sd0 at scsibus0 targ 1 lun 0: &lt;Kingmax, USB2.0 FlashDisk, 1100&gt; SCSI0 0/direct removable serial.xx:xx:xx:xx:xx:xx742
sd0: 1896MB, 512 bytes/sector, 3883008 sectors
uhub3 at uhub0 port 4 configuration 1 interface 0 &quot;SMSC USB2134&quot; rev 2.10/41.00 addr 3
&quot;SafeNet Token JC&quot; rev 2.00/0.12 addr 4 at uhub0 port 6 not configured
uhub4 at uhub0 port 13 configuration 1 interface 0 &quot;vendor 0x413c product 0x2513&quot; rev 2.00/0.05 addr 5
uhidev0 at uhub4 port 1 configuration 1 interface 0 &quot;Logitech USB Keyboard&quot; rev 1.10/64.00 addr 6
uhidev0: iclass 3/1
ukbd0 at uhidev0
wskbd1 at ukbd0 mux 1
wskbd1: connecting to wsdisplay0
uhidev1 at uhub4 port 1 configuration 1 interface 1 &quot;Logitech USB Keyboard&quot; rev 1.10/64.00 addr 6
uhidev1: iclass 3/0, 3 report ids
uhid at uhidev1 reportid 1 not configured
uhid at uhidev1 reportid 2 not configured
uhid at uhidev1 reportid 3 not configured
uhidev2 at uhub4 port 3 configuration 1 interface 0 &quot;Logitech USB Optical Mouse&quot; rev 2.00/72.00 addr 7
uhidev2: iclass 3/1
uhid at uhidev2 not configured
uhub5 at uhub0 port 18 configuration 1 interface 0 &quot;SMSC USB5534&quot; rev 3.00/41.00 addr 8
uhub6 at uhub1 port 1 configuration 1 interface 0 &quot;vendor 0x8087 product 0x8008&quot; rev 2.00/0.04 addr 2
&quot;CN0767N97248741JB79WA00 Laptop_Integrated_Webcam_HD&quot; rev 2.00/42.14 addr 3 at uhub6 port 5 not configured
uhub7 at uhub2 port 1 configuration 1 interface 0 &quot;vendor 0x8087 product 0x8000&quot; rev 2.00/0.04 addr 2
&quot;Broadcom Corp 5880&quot; rev 1.10/1.01 addr 3 at uhub7 port 8 not configured
softraid0 at root
scsibus1 at softraid0: 256 targets
root on rd0a swap on rd0b dump on rd0b
uhidev2 detached
uhidev2 at uhub4 port 3 configuration 1 interface 0 &quot;Logitech USB Optical Mouse&quot; rev 2.00/72.00 addr 7
uhidev2: iclass 3/1
uhid at uhidev2 not configured
uhidev2 detached
uhidev2 at uhub4 port 3 configuration 1 interface 0 &quot;Logitech USB Optical Mouse&quot; rev 2.00/72.00 addr 7
uhidev2: iclass 3/1
uhid at uhidev2 not configured
uid 0 on /mnt: file system full
uhidev2 detached
uhidev2 at uhub4 port 3 configuration 1 interface 0 &quot;Logitech USB Optical Mouse&quot; rev 2.00/72.00 addr 7
uhidev2: iclass 3/1
uhid at uhidev2 not configured
uid 0 on /mnt: file system full
uhidev2 detached
</pre>



</div><!-- content -->
<br />
<div id="footer">
All comments/news/posts are the property of their individual owner and
is presented without warranty of suitability, and solely as an
informational resource. <br />
This site Copyright &copy; 2004-2020 NYC*BUG.
</div><!-- footer -->

</body>
</html>

