



<!doctype html>
<html lang="en">
<head>
<meta name="keywords"
	content="bsd, freebsd, openbsd, netbsd, dragonflybsd, nycbug, dmesgd" />
<meta name="description" content="New York City BSD User Group dmesgd" />
<meta charset="utf-8" />
<meta name="viewport" content="width=device-width, initial-scale=1" />
<title>NYC*BUG dmesgd</title>
<style>
body {
	text-align: left;
	margin: 15px auto;
	padding: 0px 10px;
}
@media (min-width: 800px) {
	body {
		max-width: 85%;
	}
}
#header {
	border-bottom: 1px solid #dbdbdb;
	font-size: 230%;
	text-align: left;
}
#footer {
	border-top: 1px solid #dbdbdb;
	clear: both;
	text-align: left;
}
.logo_bug {
	color: #cc0033;
}
#menu ul {
	list-style-type: none;
	margin: 0;
	padding: 0;
}
#menu li {
	float: left;
}
#menu li a {
	display: block;
	background-color: #dbdbdb;
	color: #000000;
	font-size: 105%;
	font-weight: bold;
	padding: 0px 6px 0px 6px;
	text-decoration: none;
}
#content {
	clear: both;
	text-align: left;
	padding-top: 10px;
}
#content h1 {
	font-size: 120%;
	font-weight: bold;
}
#content h2 {
	font-size: 110%;
	font-weight: bold;
}
#content a {
	text-decoration: none;
}
#content pre {
	background-color: #dbdbdb;
	padding: 5px 5px 5px 5px;
	white-space: pre-wrap;		/* css-3 */
	white-space: -moz-pre-wrap;	/* Mozilla, since 1999 */
	white-space: -pre-wrap;		/* Opera 4-6 */
	white-space: -o-pre-wrap;	/* Opera 7 */
	word-wrap: break-word;		/* Internet Explorer 5.5+ */
}
#content table {
	border-collapse: collapse;
}
#content table th {
	border: 1px solid #dbdbdb;
	font-size: 85%;
	white-space: nowrap;
}
#content table td {
	border: 1px solid #dbdbdb;
	font-size: 80%;
}
#content input {
	font-size: 1em;
}
#content .full	{ width: 100%; }
#content .left	{ text-align: left; }
#content .right	{ text-align: right; }
#content .center { text-align: center; }
#content .flexbox {
	display: -ms-flex;
	display: -webkit-flex;
	display: flex;
	width: 100%;
}
#content .left_col {
	min-width: 75px;
	max-width: 50%;
	flex-grow: 0;
}
#content .right_col {
	flex-grow: 1;
	margin-left: 10px;
	padding-top: 10px;
	padding-left: 10px;
}
#col {
	-moz-column-count: 3;
	-webkit-column-count: 3;
	column-count: 3;
}
</style>
</head>
<body>

<div id="header">
<strong><em>NYC*</em><span class="logo_bug">BUG</span> dmesgd</strong>
</div><!-- header -->

<div id="menu">
<ul>
<li><a href="https://dmesgd.nycbug.org/index.cgi?do=index">Home</a></li>
<li><a href="https://dmesgd.nycbug.org/index.cgi?do=submit">Submit</a></li>
<li><a href="https://www.nycbug.org/">NYC*BUG</a></li>
</ul>
</div><!-- menu -->

<div id="content">

<p>
Launched in 2004, dmesgd aims to provide a
<strong>user-submitted</strong> repository of searchable *BSD dmesgs.
The dmesg(8) command displays the system message buffer's content, and
during boot a copy is saved to <em>/var/run/dmesg.boot</em>.  This buffer
contains the operating system release, name and version, a list of
devices identified, plus a whole host of other useful information.  We
hope others find this resource useful and further contribute to its
growth. Contact us at [ admin at lists dot nycbug dot org ].
</p>

<hr />


<strong>Date:</strong> <em>2017-08-05 20:13:34</em><br />
<strong>From:</strong> <em>mat</em><br />
<strong>Description:</strong> <em>OpenBSD on MacBook Core 2 Duo</em><br />

<pre>
OpenBSD 6.1 (GENERIC.MP) #17: Thu Aug  3 17:01:35 CEST 2017
    xxx@xxx.xxx:/usr/src/sys/arch/i386/compile/GENERIC.MP
cpu0: Intel(R) Core(TM)2 CPU T5600 @ 1.83GHz (&quot;GenuineIntel&quot; 686-class) 1.83 GHz
cpu0: FPU,V86,DE,PSE,TSC,MSR,PAE,MCE,CX8,APIC,SEP,MTRR,PGE,MCA,CMOV,PAT,PSE36,CFLUSH,DS,ACPI,MMX,FXSR,SSE,SSE2,SS,HTT,TM,PBE,NXE,LONG,SSE3,DTES64,MWAIT,DS-CPL,VMX,EST,TM2,SSSE3,CX16,xTPR,PDCM,LAHF,PERF,SENSOR
real mem  = 2114428928 (2016MB)
avail mem = 2061156352 (1965MB)
mpath0 at root
scsibus0 at mpath0: 256 targets
mainbus0 at root
bios0 at mainbus0: date 07/29/05, SMBIOS rev. 2.4 @ 0xe0000 (36 entries)
bios0: vendor Apple Inc. version &quot;MB21.88Z.00A5.B07.0706270922&quot; date 06/27/07
bios0: Apple Inc. MacBook2,1
acpi0 at bios0: rev 2
acpi0: sleep states S0 S3 S4 S5
acpi0: tables DSDT FACP HPET APIC MCFG ASF! SBST ECDT SSDT SSDT SSDT
acpi0: wakeup devices ADP1(S3) LID0(S3) PXS1(S4) PXS2(S4) USB1(S3) USB2(S3) USB3(S3) USB4(S3) USB7(S3) EC__(S3)
acpitimer0 at acpi0: 3579545 Hz, 24 bits
acpihpet0 at acpi0: 14318179 Hz
acpimadt0 at acpi0 addr 0xfee00000: PC-AT compat
cpu0 at mainbus0: apid 0 (boot processor)
mtrr: Pentium Pro MTRR support, 8 var ranges, 88 fixed ranges
cpu0: apic clock running at 166MHz
cpu0: mwait min=64, max=64, C-substates=0.2.2.2.2, IBE
cpu1 at mainbus0: apid 1 (application processor)
cpu1: Intel(R) Core(TM)2 CPU T5600 @ 1.83GHz (&quot;GenuineIntel&quot; 686-class) 1.83 GHz
cpu1: FPU,V86,DE,PSE,TSC,MSR,PAE,MCE,CX8,APIC,SEP,MTRR,PGE,MCA,CMOV,PAT,PSE36,CFLUSH,DS,ACPI,MMX,FXSR,SSE,SSE2,SS,HTT,TM,PBE,NXE,LONG,SSE3,DTES64,MWAIT,DS-CPL,VMX,EST,TM2,SSSE3,CX16,xTPR,PDCM,LAHF,PERF,SENSOR
ioapic0 at mainbus0: apid 1 pa 0xfec00000, version 20, 24 pins
acpimcfg0 at acpi0 addr 0xf0000000, bus 0-255
acpiec0 at acpi0
acpiprt0 at acpi0: bus 0 (PCI0)
acpiprt1 at acpi0: bus 1 (RP01)
acpiprt2 at acpi0: bus 2 (RP02)
acpiprt3 at acpi0: bus 3 (PCIB)
acpicpu0 at acpi0: !C3(100@55 mwait@0x31), !C2(500@1 mwait@0x10), C1(1000@1 mwait), PSS
acpicpu1 at acpi0: !C3(100@55 mwait@0x31), !C2(500@1 mwait@0x10), C1(1000@1 mwait), PSS
&quot;ACPI0002&quot; at acpi0 not configured
acpiac0 at acpi0: AC unit offline
acpibtn0 at acpi0: LID0
&quot;APP0002&quot; at acpi0 not configured
acpibtn1 at acpi0: PWRB
acpibtn2 at acpi0: SLPB
&quot;APP0001&quot; at acpi0 not configured
&quot;APP0003&quot; at acpi0 not configured
&quot;ACPI0001&quot; at acpi0 not configured
acpivideo0 at acpi0: GFX0
bios0: ROM list: 0xc0000/0xe600!
cpu0: Enhanced SpeedStep 1829 MHz: speeds: 1833, 1667, 1500, 1333, 1000 MHz
memory map conflict 0x7ef00000/0x100000
memory map conflict 0x7f000000/0x1000000
memory map conflict 0xf00f8000/0x1000
memory map conflict 0xfed1c000/0x4000
memory map conflict 0xfffb0000/0x30000
pci0 at mainbus0 bus 0: configuration mode 1 (bios)
pchb0 at pci0 dev 0 function 0 &quot;Intel 82945GM Host&quot; rev 0x03
inteldrm0 at pci0 dev 2 function 0 &quot;Intel 82945GM Video&quot; rev 0x03
drm0 at inteldrm0
intagp0 at inteldrm0
agp0 at intagp0: aperture at 0x80000000, size 0x10000000
inteldrm0: apic 1 int 16
inteldrm0: 1280x800, 32bpp
wsdisplay0 at inteldrm0 mux 1: console (std, vt100 emulation)
wsdisplay0: screen 1-5 added (std, vt100 emulation)
&quot;Intel 82945GM Video&quot; rev 0x03 at pci0 dev 2 function 1 not configured
vendor &quot;Intel&quot;, unknown product 0x27a3 (class DASP subclass Time and Frequency, rev 0x03) at pci0 dev 7 function 0 not configured
azalia0 at pci0 dev 27 function 0 &quot;Intel 82801GB HD Audio&quot; rev 0x02: msi
azalia0: codecs: Sigmatel STAC9220/1
audio0 at azalia0
ppb0 at pci0 dev 28 function 0 &quot;Intel 82801GB PCIE&quot; rev 0x02: apic 1 int 17
pci1 at ppb0 bus 1
mskc0 at pci1 dev 0 function 0 &quot;Marvell Yukon 88E8053&quot; rev 0x22, Yukon-2 EC rev. A3 (0x2): apic 1 int 16
msk0 at mskc0 port A: address xx:xx:xx:xx:xx:xx
eephy0 at msk0 phy 0: 88E1111 Gigabit PHY, rev. 2
ppb1 at pci0 dev 28 function 1 &quot;Intel 82801GB PCIE&quot; rev 0x02: apic 1 int 16
pci2 at ppb1 bus 2
athn0 at pci2 dev 0 function 0 &quot;Atheros AR5418&quot; rev 0x01: apic 1 int 17
athn0: MAC AR5418 rev 2, RF AR5133 (2T3R), ROM rev 4, address xx:xx:xx:xx:xx:xx
uhci0 at pci0 dev 29 function 0 &quot;Intel 82801GB USB&quot; rev 0x02: apic 1 int 21
uhci1 at pci0 dev 29 function 1 &quot;Intel 82801GB USB&quot; rev 0x02: apic 1 int 19
uhci2 at pci0 dev 29 function 2 &quot;Intel 82801GB USB&quot; rev 0x02: apic 1 int 18
uhci3 at pci0 dev 29 function 3 &quot;Intel 82801GB USB&quot; rev 0x02: apic 1 int 16
ehci0 at pci0 dev 29 function 7 &quot;Intel 82801GB USB&quot; rev 0x02: apic 1 int 21
usb0 at ehci0: USB revision 2.0
uhub0 at usb0 configuration 1 interface 0 &quot;Intel EHCI root hub&quot; rev 2.00/1.00 addr 1
ppb2 at pci0 dev 30 function 0 &quot;Intel 82801BAM Hub-to-PCI&quot; rev 0xe2
pci3 at ppb2 bus 3
&quot;AT&amp;T/Lucent FW322 1394&quot; rev 0x61 at pci3 dev 3 function 0 not configured
ichpcib0 at pci0 dev 31 function 0 &quot;Intel 82801GBM LPC&quot; rev 0x02: PM disabled
pciide0 at pci0 dev 31 function 1 &quot;Intel 82801GB IDE&quot; rev 0x02: DMA, channel 0 configured to compatibility, channel 1 configured to compatibility
atapiscsi0 at pciide0 channel 0 drive 0
scsibus1 at atapiscsi0: 2 targets
cd0 at scsibus1 targ 0 lun 0: &lt;MATSHITA, CD-RW CW-8221, GA0J&gt; ATAPI 5/cdrom removable
cd0(pciide0:0:0): using PIO mode 4, Ultra-DMA mode 2
pciide0: channel 1 disabled (no drives)
pciide1 at pci0 dev 31 function 2 &quot;Intel 82801GBM SATA&quot; rev 0x02: DMA, channel 0 configured to native-PCI, channel 1 configured to native-PCI
pciide1: using apic 1 int 19 for native-PCI interrupt
wd0 at pciide1 channel 0 drive 1: &lt;TOSHIBA MK6034GSX&gt;
wd0: 16-sector PIO, LBA48, 57231MB, 117210240 sectors
wd0(pciide1:0:1): using PIO mode 4, Ultra-DMA mode 5
ichiic0 at pci0 dev 31 function 3 &quot;Intel 82801GB SMBus&quot; rev 0x02: apic 1 int 19
iic0 at ichiic0
iic0: addr 0x48 00=3d 01=00 02=4b 03=50 words 00=3d80 01=00ff 02=4b00 03=5000 04=ffff 05=ffff 06=ffff 07=ffff
spdmem0 at iic0 addr 0x50: 2GB DDR2 SDRAM non-parity PC2-5300CL5 SO-DIMM
usb1 at uhci0: USB revision 1.0
uhub1 at usb1 configuration 1 interface 0 &quot;Intel UHCI root hub&quot; rev 1.00/1.00 addr 1
usb2 at uhci1: USB revision 1.0
uhub2 at usb2 configuration 1 interface 0 &quot;Intel UHCI root hub&quot; rev 1.00/1.00 addr 1
usb3 at uhci2: USB revision 1.0
uhub3 at usb3 configuration 1 interface 0 &quot;Intel UHCI root hub&quot; rev 1.00/1.00 addr 1
usb4 at uhci3: USB revision 1.0
uhub4 at usb4 configuration 1 interface 0 &quot;Intel UHCI root hub&quot; rev 1.00/1.00 addr 1
isa0 at ichpcib0
isadma0 at isa0
pcppi0 at isa0 port 0x61
spkr0 at pcppi0
asmc0 at isa0 port 0x300/32: rev 1.13f513, 225 keys
npx0 at isa0 port 0xf0/16: reported by CPUID; using exception 16
vmm0 at mainbus0: VMX
drm: render error detected, EIR: 0x00000010
drm: page table error
drm:   PGTBL_ER: 0x00000102
error: [drm:pid0:i915_report_and_clear_eir] *ERROR* EIR stuck: 0x00000010, masking
drm: render error detected, EIR: 0x00000010
drm: page table error
drm:   PGTBL_ER: 0x00000102
uvideo0 at uhub0 port 4 configuration 1 interface 0 &quot;Apple Computer Bluetooth&quot; rev 2.00/0.0c addr 2
uhidev0 at uhub1 port 2 configuration 1 interface 0 &quot;Apple Computer Apple Internal Keyboard / Trackpad&quot; rev 2.00/0.13 addr 2
uhidev0: iclass 3/1
ukbd0 at uhidev0: 8 variable keys, 5 key codes, country code 13
wskbd0 at ukbd0: console keyboard, using wsdisplay0
uhidev1 at uhub1 port 2 configuration 1 interface 1 &quot;Apple Computer Apple Internal Keyboard / Trackpad&quot; rev 2.00/0.13 addr 2
uhidev1: iclass 3/1, 5 report ids
ums0 at uhidev1 reportid 2: 3 buttons
wsmouse0 at ums0 mux 0
ums1 at uhidev1 reportid 5
ums1: mouse has no X report
uhidev2 at uhub1 port 2 configuration 1 interface 2 &quot;Apple Computer Apple Internal Keyboard / Trackpad&quot; rev 2.00/0.13 addr 2
uhidev2: iclass 3/0
uhid0 at uhidev2: input=1, output=0, feature=0
uhidev3 at uhub3 port 2 configuration 1 interface 0 &quot;Apple Computer, Inc. IR Receiver&quot; rev 2.00/1.10 addr 2
uhidev3: iclass 3/0, 38 report ids
uhid1 at uhidev3 reportid 36: input=4, output=0, feature=0
uhid2 at uhidev3 reportid 37: input=4, output=0, feature=0
uhid3 at uhidev3 reportid 38: input=4, output=0, feature=0
uhidev4 at uhub4 port 1 configuration 1 interface 0 &quot;Apple Computer HID-proxy&quot; rev 2.00/19.65 addr 2
uhidev4: iclass 3/1
ukbd1 at uhidev4: 8 variable keys, 6 key codes
wskbd1 at ukbd1 mux 1
wskbd1: connecting to wsdisplay0
uhidev5 at uhub4 port 1 configuration 1 interface 1 &quot;Apple Computer HID-proxy&quot; rev 2.00/19.65 addr 2
uhidev5: iclass 3/1
ums2 at uhidev5: 5 buttons
wsmouse1 at ums2 mux 0
vscsi0 at root
scsibus2 at vscsi0: 256 targets
softraid0 at root
scsibus3 at softraid0: 256 targets
root on wd0a (e6563f549c46f03c.a) swap on wd0b dump on wd0b
uvideo0: loadfirmware error=2!

</pre>



</div><!-- content -->
<br />
<div id="footer">
All comments/news/posts are the property of their individual owner and
is presented without warranty of suitability, and solely as an
informational resource. <br />
This site Copyright &copy; 2004-2020 NYC*BUG.
</div><!-- footer -->

</body>
</html>

