



<!doctype html>
<html lang="en">
<head>
<meta name="keywords"
	content="bsd, freebsd, openbsd, netbsd, dragonflybsd, nycbug, dmesgd" />
<meta name="description" content="New York City BSD User Group dmesgd" />
<meta charset="utf-8" />
<meta name="viewport" content="width=device-width, initial-scale=1" />
<title>NYC*BUG dmesgd</title>
<style>
body {
	text-align: left;
	margin: 15px auto;
	padding: 0px 10px;
}
@media (min-width: 800px) {
	body {
		max-width: 85%;
	}
}
#header {
	border-bottom: 1px solid #dbdbdb;
	font-size: 230%;
	text-align: left;
}
#footer {
	border-top: 1px solid #dbdbdb;
	clear: both;
	text-align: left;
}
.logo_bug {
	color: #cc0033;
}
#menu ul {
	list-style-type: none;
	margin: 0;
	padding: 0;
}
#menu li {
	float: left;
}
#menu li a {
	display: block;
	background-color: #dbdbdb;
	color: #000000;
	font-size: 105%;
	font-weight: bold;
	padding: 0px 6px 0px 6px;
	text-decoration: none;
}
#content {
	clear: both;
	text-align: left;
	padding-top: 10px;
}
#content h1 {
	font-size: 120%;
	font-weight: bold;
}
#content h2 {
	font-size: 110%;
	font-weight: bold;
}
#content a {
	text-decoration: none;
}
#content pre {
	background-color: #dbdbdb;
	padding: 5px 5px 5px 5px;
	white-space: pre-wrap;		/* css-3 */
	white-space: -moz-pre-wrap;	/* Mozilla, since 1999 */
	white-space: -pre-wrap;		/* Opera 4-6 */
	white-space: -o-pre-wrap;	/* Opera 7 */
	word-wrap: break-word;		/* Internet Explorer 5.5+ */
}
#content table {
	border-collapse: collapse;
}
#content table th {
	border: 1px solid #dbdbdb;
	font-size: 85%;
	white-space: nowrap;
}
#content table td {
	border: 1px solid #dbdbdb;
	font-size: 80%;
}
#content input {
	font-size: 1em;
}
#content .full	{ width: 100%; }
#content .left	{ text-align: left; }
#content .right	{ text-align: right; }
#content .center { text-align: center; }
#content .flexbox {
	display: -ms-flex;
	display: -webkit-flex;
	display: flex;
	width: 100%;
}
#content .left_col {
	min-width: 75px;
	max-width: 50%;
	flex-grow: 0;
}
#content .right_col {
	flex-grow: 1;
	margin-left: 10px;
	padding-top: 10px;
	padding-left: 10px;
}
#col {
	-moz-column-count: 3;
	-webkit-column-count: 3;
	column-count: 3;
}
</style>
</head>
<body>

<div id="header">
<strong><em>NYC*</em><span class="logo_bug">BUG</span> dmesgd</strong>
</div><!-- header -->

<div id="menu">
<ul>
<li><a href="https://dmesgd.nycbug.org/index.cgi?do=index">Home</a></li>
<li><a href="https://dmesgd.nycbug.org/index.cgi?do=submit">Submit</a></li>
<li><a href="https://www.nycbug.org/">NYC*BUG</a></li>
</ul>
</div><!-- menu -->

<div id="content">

<p>
Launched in 2004, dmesgd aims to provide a
<strong>user-submitted</strong> repository of searchable *BSD dmesgs.
The dmesg(8) command displays the system message buffer's content, and
during boot a copy is saved to <em>/var/run/dmesg.boot</em>.  This buffer
contains the operating system release, name and version, a list of
devices identified, plus a whole host of other useful information.  We
hope others find this resource useful and further contribute to its
growth. Contact us at [ admin at lists dot nycbug dot org ].
</p>

<hr />


<strong>Date:</strong> <em>2017-10-20 12:54:39</em><br />
<strong>From:</strong> <em>danj</em><br />
<strong>Description:</strong> <em>pine64 OpenBSD 6.2-current</em><br />

<pre>
OpenBSD 6.2-current (GENERIC) #0: Thu Oct 19 21:43:35 EDT 2017
    xxx@xxx.xxx:/usr/src/sys/arch/arm64/compile/GENERIC
real mem  = 2021859328 (1928MB)
avail mem = 1935826944 (1846MB)
mainbus0 at root: Pine64+
cpu0 at mainbus0: ARM Cortex-A53 r0p4
psci0 at mainbus0
agtimer0 at mainbus0: tick rate 24000 KHz
simplebus0 at mainbus0: &quot;soc&quot;
sxiccmu0 at simplebus0
sxipio0 at simplebus0: 103 pins
sximmc0 at simplebus0
sdmmc0 at sximmc0: 4-bit, sd high-speed, mmc high-speed, dma
ehci0 at simplebus0
usb0 at ehci0: USB revision 2.0
uhub0 at usb0 configuration 1 interface 0 &quot;Generic EHCI root hub&quot; rev 2.00/1.00 addr 1
com0 at simplebus0: ns16550, no working fifo
com0: console
ampintc0 at simplebus0 nirq 224, ncpu 4: &quot;interrupt-controller&quot;
sxirtc0 at simplebus0
dwxe0 at simplebus0: address xx:xx:xx:xx:xx:xx
rgephy0 at dwxe0 phy 0: RTL8169S/8110S/8211 PHY, rev. 5
rgephy1 at dwxe0 phy 1: RTL8169S/8110S/8211 PHY, rev. 5
gpio0 at sxipio0: 32 pins
gpio1 at sxipio0: 32 pins
gpio2 at sxipio0: 32 pins
gpio3 at sxipio0: 32 pins
gpio4 at sxipio0: 32 pins
gpio5 at sxipio0: 32 pins
gpio6 at sxipio0: 32 pins
gpio7 at sxipio0: 32 pins
scsibus0 at sdmmc0: 2 targets, initiator 0
sd0 at scsibus0 targ 1 lun 0: &lt;SD/MMC, USD00, 0010&gt; SCSI2 0/direct removable
sd0: 15080MB, 512 bytes/sector, 30883840 sectors
umass0 at uhub0 port 1 configuration 1 interface 0 &quot;Norelsys NS1066&quot; rev 2.10/1.00 addr 2
umass0: using SCSI over Bulk-Only
scsibus1 at umass0: 2 targets, initiator 0
sd1 at scsibus1 targ 1 lun 0: &lt;ATA, ST1000VM002-1ET1, SC11&gt; SCSI4 0/direct fixed serial.253710663456789ABCDE
sd1: 953869MB, 512 bytes/sector, 1953525168 sectors
vscsi0 at root
scsibus2 at vscsi0: 256 targets
softraid0 at root
scsibus3 at softraid0: 256 targets
bootfile: sd0a:/bsd
boot device: sd0
root on sd0a (cb9e381cf43ea204.a) swap on sd0b dump on sd0b
WARNING: preposterous clock chip time
WARNING: CHECK AND RESET THE DATE!

</pre>



</div><!-- content -->
<br />
<div id="footer">
All comments/news/posts are the property of their individual owner and
is presented without warranty of suitability, and solely as an
informational resource. <br />
This site Copyright &copy; 2004-2020 NYC*BUG.
</div><!-- footer -->

</body>
</html>

