



<!doctype html>
<html lang="en">
<head>
<meta name="keywords"
	content="bsd, freebsd, openbsd, netbsd, dragonflybsd, nycbug, dmesgd" />
<meta name="description" content="New York City BSD User Group dmesgd" />
<meta charset="utf-8" />
<meta name="viewport" content="width=device-width, initial-scale=1" />
<title>NYC*BUG dmesgd</title>
<style>
body {
	text-align: left;
	margin: 15px auto;
	padding: 0px 10px;
}
@media (min-width: 800px) {
	body {
		max-width: 85%;
	}
}
#header {
	border-bottom: 1px solid #dbdbdb;
	font-size: 230%;
	text-align: left;
}
#footer {
	border-top: 1px solid #dbdbdb;
	clear: both;
	text-align: left;
}
.logo_bug {
	color: #cc0033;
}
#menu ul {
	list-style-type: none;
	margin: 0;
	padding: 0;
}
#menu li {
	float: left;
}
#menu li a {
	display: block;
	background-color: #dbdbdb;
	color: #000000;
	font-size: 105%;
	font-weight: bold;
	padding: 0px 6px 0px 6px;
	text-decoration: none;
}
#content {
	clear: both;
	text-align: left;
	padding-top: 10px;
}
#content h1 {
	font-size: 120%;
	font-weight: bold;
}
#content h2 {
	font-size: 110%;
	font-weight: bold;
}
#content a {
	text-decoration: none;
}
#content pre {
	background-color: #dbdbdb;
	padding: 5px 5px 5px 5px;
	white-space: pre-wrap;		/* css-3 */
	white-space: -moz-pre-wrap;	/* Mozilla, since 1999 */
	white-space: -pre-wrap;		/* Opera 4-6 */
	white-space: -o-pre-wrap;	/* Opera 7 */
	word-wrap: break-word;		/* Internet Explorer 5.5+ */
}
#content table {
	border-collapse: collapse;
}
#content table th {
	border: 1px solid #dbdbdb;
	font-size: 85%;
	white-space: nowrap;
}
#content table td {
	border: 1px solid #dbdbdb;
	font-size: 80%;
}
#content input {
	font-size: 1em;
}
#content .full	{ width: 100%; }
#content .left	{ text-align: left; }
#content .right	{ text-align: right; }
#content .center { text-align: center; }
#content .flexbox {
	display: -ms-flex;
	display: -webkit-flex;
	display: flex;
	width: 100%;
}
#content .left_col {
	min-width: 75px;
	max-width: 50%;
	flex-grow: 0;
}
#content .right_col {
	flex-grow: 1;
	margin-left: 10px;
	padding-top: 10px;
	padding-left: 10px;
}
#col {
	-moz-column-count: 3;
	-webkit-column-count: 3;
	column-count: 3;
}
</style>
</head>
<body>

<div id="header">
<strong><em>NYC*</em><span class="logo_bug">BUG</span> dmesgd</strong>
</div><!-- header -->

<div id="menu">
<ul>
<li><a href="https://dmesgd.nycbug.org/index.cgi?do=index">Home</a></li>
<li><a href="https://dmesgd.nycbug.org/index.cgi?do=submit">Submit</a></li>
<li><a href="https://www.nycbug.org/">NYC*BUG</a></li>
</ul>
</div><!-- menu -->

<div id="content">

<p>
Launched in 2004, dmesgd aims to provide a
<strong>user-submitted</strong> repository of searchable *BSD dmesgs.
The dmesg(8) command displays the system message buffer's content, and
during boot a copy is saved to <em>/var/run/dmesg.boot</em>.  This buffer
contains the operating system release, name and version, a list of
devices identified, plus a whole host of other useful information.  We
hope others find this resource useful and further contribute to its
growth. Contact us at [ admin at lists dot nycbug dot org ].
</p>

<hr />


<strong>Date:</strong> <em>2017-12-01 20:32:32</em><br />
<strong>From:</strong> <em>ofey</em><br />
<strong>Description:</strong> <em>OpenBSD on HPE ProLiant DL360 Gen9 Intel Xeon E5-2620v4 8-Core</em><br />

<pre>
OpenBSD 6.2 (GENERIC.MP) #134: Tue Oct  3 21:22:29 MDT 2017
    xxx@xxx.xxx:/usr/src/sys/arch/amd64/compile/GENERIC.MP
real mem = 34207158272 (32622MB)
avail mem = 33163419648 (31627MB)
mpath0 at root
scsibus0 at mpath0: 256 targets
mainbus0 at root
bios0 at mainbus0: SMBIOS rev. 2.8 @ 0x788cf000 (241 entries)
bios0: vendor HP version &quot;P89&quot; date 04/25/2017
bios0: HP ProLiant DL360 Gen9
acpi0 at bios0: rev 2
acpi0: sleep states S0 S5
acpi0: tables DSDT FACP UEFI MCEJ SSDT HEST BERT ERST EINJ BGRT HPET PMCT WDDT APIC MCFG SLIT SRAT SPMI RASF SPCR MSCT BDAT PCCT DMAR SSDT SSDT SSDT
acpi0: wakeup devices PEX4(S4) BR05(S4) BR03(S4) BR07(S4)
acpitimer0 at acpi0: 3579545 Hz, 24 bits
acpihpet0 at acpi0: 14318179 Hz
acpimadt0 at acpi0 addr 0xfee00000: PC-AT compat
cpu0 at mainbus0: apid 0 (boot processor)
cpu0: Intel(R) Xeon(R) CPU E5-2620 v4 @ 2.10GHz, 2097.86 MHz
cpu0: FPU,VME,DE,PSE,TSC,MSR,PAE,MCE,CX8,APIC,SEP,MTRR,PGE,MCA,CMOV,PAT,PSE36,CFLUSH,DS,ACPI,MMX,FXSR,SSE,SSE2,SS,HTT,TM,PBE,SSE3,PCLMUL,DTES64,MWAIT,DS-CPL,VMX,SMX,EST,TM2,SSSE3,SDBG,FMA3,CX16,xTPR,PDCM,PCID,DCA,SSE4.1,SSE4.2,x2APIC,MOVBE,POPCNT,DEADLINE,AES,XSAVE,AVX,F16C,RDRAND,NXE,PAGE1GB,RDTSCP,LONG,LAHF,ABM,3DNOWP,PERF,ITSC,FSGSBASE,BMI1,HLE,AVX2,SMEP,BMI2,ERMS,INVPCID,RTM,PQM,RDSEED,ADX,SMAP,PT,SENSOR,ARAT
cpu0: 256KB 64b/line 8-way L2 cache
cpu0: TSC frequency 2097856810 Hz
cpu0: smt 0, core 0, package 0
mtrr: Pentium Pro MTRR support, 10 var ranges, 88 fixed ranges
cpu0: apic clock running at 99MHz
cpu0: mwait min=64, max=64, C-substates=0.2.1.2, IBE
cpu1 at mainbus0: apid 2 (application processor)
cpu1: Intel(R) Xeon(R) CPU E5-2620 v4 @ 2.10GHz, 2097.58 MHz
cpu1: FPU,VME,DE,PSE,TSC,MSR,PAE,MCE,CX8,APIC,SEP,MTRR,PGE,MCA,CMOV,PAT,PSE36,CFLUSH,DS,ACPI,MMX,FXSR,SSE,SSE2,SS,HTT,TM,PBE,SSE3,PCLMUL,DTES64,MWAIT,DS-CPL,VMX,SMX,EST,TM2,SSSE3,SDBG,FMA3,CX16,xTPR,PDCM,PCID,DCA,SSE4.1,SSE4.2,x2APIC,MOVBE,POPCNT,DEADLINE,AES,XSAVE,AVX,F16C,RDRAND,NXE,PAGE1GB,RDTSCP,LONG,LAHF,ABM,3DNOWP,PERF,ITSC,FSGSBASE,BMI1,HLE,AVX2,SMEP,BMI2,ERMS,INVPCID,RTM,PQM,RDSEED,ADX,SMAP,PT,SENSOR,ARAT
cpu1: 256KB 64b/line 8-way L2 cache
cpu1: smt 0, core 1, package 0
cpu1: failed to identify
cpu2 at mainbus0: apid 4 (application processor)
cpu2: Intel(R) Xeon(R) CPU E5-2620 v4 @ 2.10GHz, 2097.57 MHz
cpu2: FPU,VME,DE,PSE,TSC,MSR,PAE,MCE,CX8,APIC,SEP,MTRR,PGE,MCA,CMOV,PAT,PSE36,CFLUSH,DS,ACPI,MMX,FXSR,SSE,SSE2,SS,HTT,TM,PBE,SSE3,PCLMUL,DTES64,MWAIT,DS-CPL,VMX,SMX,EST,TM2,SSSE3,SDBG,FMA3,CX16,xTPR,PDCM,PCID,DCA,SSE4.1,SSE4.2,x2APIC,MOVBE,POPCNT,DEADLINE,AES,XSAVE,AVX,F16C,RDRAND,NXE,PAGE1GB,RDTSCP,LONG,LAHF,ABM,3DNOWP,PERF,ITSC,FSGSBASE,BMI1,HLE,AVX2,SMEP,BMI2,ERMS,INVPCID,RTM,PQM,RDSEED,ADX,SMAP,PT,SENSOR,ARAT
cpu2: 256KB 64b/line 8-way L2 cache
cpu2: smt 0, core 2, package 0
cpu2: failed to identify
cpu3 at mainbus0: apid 6 (application processor)
cpu3: Intel(R) Xeon(R) CPU E5-2620 v4 @ 2.10GHz, 2097.57 MHz
cpu3: FPU,VME,DE,PSE,TSC,MSR,PAE,MCE,CX8,APIC,SEP,MTRR,PGE,MCA,CMOV,PAT,PSE36,CFLUSH,DS,ACPI,MMX,FXSR,SSE,SSE2,SS,HTT,TM,PBE,SSE3,PCLMUL,DTES64,MWAIT,DS-CPL,VMX,SMX,EST,TM2,SSSE3,SDBG,FMA3,CX16,xTPR,PDCM,PCID,DCA,SSE4.1,SSE4.2,x2APIC,MOVBE,POPCNT,DEADLINE,AES,XSAVE,AVX,F16C,RDRAND,NXE,PAGE1GB,RDTSCP,LONG,LAHF,ABM,3DNOWP,PERF,ITSC,FSGSBASE,BMI1,HLE,AVX2,SMEP,BMI2,ERMS,INVPCID,RTM,PQM,RDSEED,ADX,SMAP,PT,SENSOR,ARAT
cpu3: 256KB 64b/line 8-way L2 cache
cpu3: smt 0, core 3, package 0
cpu3: failed to identify
cpu4 at mainbus0: apid 8 (application processor)
cpu4: Intel(R) Xeon(R) CPU E5-2620 v4 @ 2.10GHz, 2097.57 MHz
cpu4: FPU,VME,DE,PSE,TSC,MSR,PAE,MCE,CX8,APIC,SEP,MTRR,PGE,MCA,CMOV,PAT,PSE36,CFLUSH,DS,ACPI,MMX,FXSR,SSE,SSE2,SS,HTT,TM,PBE,SSE3,PCLMUL,DTES64,MWAIT,DS-CPL,VMX,SMX,EST,TM2,SSSE3,SDBG,FMA3,CX16,xTPR,PDCM,PCID,DCA,SSE4.1,SSE4.2,x2APIC,MOVBE,POPCNT,DEADLINE,AES,XSAVE,AVX,F16C,RDRAND,NXE,PAGE1GB,RDTSCP,LONG,LAHF,ABM,3DNOWP,PERF,ITSC,FSGSBASE,BMI1,HLE,AVX2,SMEP,BMI2,ERMS,INVPCID,RTM,PQM,RDSEED,ADX,SMAP,PT,SENSOR,ARAT
cpu4: 256KB 64b/line 8-way L2 cache
cpu4: smt 0, core 4, package 0
cpu4: failed to identify
cpu5 at mainbus0: apid 10 (application processor)
cpu5: Intel(R) Xeon(R) CPU E5-2620 v4 @ 2.10GHz, 2097.57 MHz
cpu5: FPU,VME,DE,PSE,TSC,MSR,PAE,MCE,CX8,APIC,SEP,MTRR,PGE,MCA,CMOV,PAT,PSE36,CFLUSH,DS,ACPI,MMX,FXSR,SSE,SSE2,SS,HTT,TM,PBE,SSE3,PCLMUL,DTES64,MWAIT,DS-CPL,VMX,SMX,EST,TM2,SSSE3,SDBG,FMA3,CX16,xTPR,PDCM,PCID,DCA,SSE4.1,SSE4.2,x2APIC,MOVBE,POPCNT,DEADLINE,AES,XSAVE,AVX,F16C,RDRAND,NXE,PAGE1GB,RDTSCP,LONG,LAHF,ABM,3DNOWP,PERF,ITSC,FSGSBASE,BMI1,HLE,AVX2,SMEP,BMI2,ERMS,INVPCID,RTM,PQM,RDSEED,ADX,SMAP,PT,SENSOR,ARAT
cpu5: 256KB 64b/line 8-way L2 cache
cpu5: smt 0, core 5, package 0
cpu6 at mainbus0: apid 12 (application processor)
cpu6: Intel(R) Xeon(R) CPU E5-2620 v4 @ 2.10GHz, 2097.57 MHz
cpu6: FPU,VME,DE,PSE,TSC,MSR,PAE,MCE,CX8,APIC,SEP,MTRR,PGE,MCA,CMOV,PAT,PSE36,CFLUSH,DS,ACPI,MMX,FXSR,SSE,SSE2,SS,HTT,TM,PBE,SSE3,PCLMUL,DTES64,MWAIT,DS-CPL,VMX,SMX,EST,TM2,SSSE3,SDBG,FMA3,CX16,xTPR,PDCM,PCID,DCA,SSE4.1,SSE4.2,x2APIC,MOVBE,POPCNT,DEADLINE,AES,XSAVE,AVX,F16C,RDRAND,NXE,PAGE1GB,RDTSCP,LONG,LAHF,ABM,3DNOWP,PERF,ITSC,FSGSBASE,BMI1,HLE,AVX2,SMEP,BMI2,ERMS,INVPCID,RTM,PQM,RDSEED,ADX,SMAP,PT,SENSOR,ARAT
cpu6: 256KB 64b/line 8-way L2 cache
cpu6: smt 0, core 6, package 0
cpu7 at mainbus0: apid 14 (application processor)
cpu7: Intel(R) Xeon(R) CPU E5-2620 v4 @ 2.10GHz, 2097.57 MHz
cpu7: FPU,VME,DE,PSE,TSC,MSR,PAE,MCE,CX8,APIC,SEP,MTRR,PGE,MCA,CMOV,PAT,PSE36,CFLUSH,DS,ACPI,MMX,FXSR,SSE,SSE2,SS,HTT,TM,PBE,SSE3,PCLMUL,DTES64,MWAIT,DS-CPL,VMX,SMX,EST,TM2,SSSE3,SDBG,FMA3,CX16,xTPR,PDCM,PCID,DCA,SSE4.1,SSE4.2,x2APIC,MOVBE,POPCNT,DEADLINE,AES,XSAVE,AVX,F16C,RDRAND,NXE,PAGE1GB,RDTSCP,LONG,LAHF,ABM,3DNOWP,PERF,ITSC,FSGSBASE,BMI1,HLE,AVX2,SMEP,BMI2,ERMS,INVPCID,RTM,PQM,RDSEED,ADX,SMAP,PT,SENSOR,ARAT
cpu7: 256KB 64b/line 8-way L2 cache
cpu7: smt 0, core 7, package 0
cpu8 at mainbus0: apid 1 (application processor)
cpu8: Intel(R) Xeon(R) CPU E5-2620 v4 @ 2.10GHz, 2097.57 MHz
cpu8: FPU,VME,DE,PSE,TSC,MSR,PAE,MCE,CX8,APIC,SEP,MTRR,PGE,MCA,CMOV,PAT,PSE36,CFLUSH,DS,ACPI,MMX,FXSR,SSE,SSE2,SS,HTT,TM,PBE,SSE3,PCLMUL,DTES64,MWAIT,DS-CPL,VMX,SMX,EST,TM2,SSSE3,SDBG,FMA3,CX16,xTPR,PDCM,PCID,DCA,SSE4.1,SSE4.2,x2APIC,MOVBE,POPCNT,DEADLINE,AES,XSAVE,AVX,F16C,RDRAND,NXE,PAGE1GB,RDTSCP,LONG,LAHF,ABM,3DNOWP,PERF,ITSC,FSGSBASE,BMI1,HLE,AVX2,SMEP,BMI2,ERMS,INVPCID,RTM,PQM,RDSEED,ADX,SMAP,PT,SENSOR,ARAT
cpu8: 256KB 64b/line 8-way L2 cache
cpu8: smt 1, core 0, package 0
cpu9 at mainbus0: apid 3 (application processor)
cpu9: Intel(R) Xeon(R) CPU E5-2620 v4 @ 2.10GHz, 2097.57 MHz
cpu9: FPU,VME,DE,PSE,TSC,MSR,PAE,MCE,CX8,APIC,SEP,MTRR,PGE,MCA,CMOV,PAT,PSE36,CFLUSH,DS,ACPI,MMX,FXSR,SSE,SSE2,SS,HTT,TM,PBE,SSE3,PCLMUL,DTES64,MWAIT,DS-CPL,VMX,SMX,EST,TM2,SSSE3,SDBG,FMA3,CX16,xTPR,PDCM,PCID,DCA,SSE4.1,SSE4.2,x2APIC,MOVBE,POPCNT,DEADLINE,AES,XSAVE,AVX,F16C,RDRAND,NXE,PAGE1GB,RDTSCP,LONG,LAHF,ABM,3DNOWP,PERF,ITSC,FSGSBASE,BMI1,HLE,AVX2,SMEP,BMI2,ERMS,INVPCID,RTM,PQM,RDSEED,ADX,SMAP,PT,SENSOR,ARAT
cpu9: 256KB 64b/line 8-way L2 cache
cpu9: smt 1, core 1, package 0
cpu10 at mainbus0: apid 5 (application processor)
cpu10: Intel(R) Xeon(R) CPU E5-2620 v4 @ 2.10GHz, 2097.57 MHz
cpu10: FPU,VME,DE,PSE,TSC,MSR,PAE,MCE,CX8,APIC,SEP,MTRR,PGE,MCA,CMOV,PAT,PSE36,CFLUSH,DS,ACPI,MMX,FXSR,SSE,SSE2,SS,HTT,TM,PBE,SSE3,PCLMUL,DTES64,MWAIT,DS-CPL,VMX,SMX,EST,TM2,SSSE3,SDBG,FMA3,CX16,xTPR,PDCM,PCID,DCA,SSE4.1,SSE4.2,x2APIC,MOVBE,POPCNT,DEADLINE,AES,XSAVE,AVX,F16C,RDRAND,NXE,PAGE1GB,RDTSCP,LONG,LAHF,ABM,3DNOWP,PERF,ITSC,FSGSBASE,BMI1,HLE,AVX2,SMEP,BMI2,ERMS,INVPCID,RTM,PQM,RDSEED,ADX,SMAP,PT,SENSOR,ARAT
cpu10: 256KB 64b/line 8-way L2 cache
cpu10: smt 1, core 2, package 0
cpu11 at mainbus0: apid 7 (application processor)
cpu11: Intel(R) Xeon(R) CPU E5-2620 v4 @ 2.10GHz, 2097.57 MHz
cpu11: FPU,VME,DE,PSE,TSC,MSR,PAE,MCE,CX8,APIC,SEP,MTRR,PGE,MCA,CMOV,PAT,PSE36,CFLUSH,DS,ACPI,MMX,FXSR,SSE,SSE2,SS,HTT,TM,PBE,SSE3,PCLMUL,DTES64,MWAIT,DS-CPL,VMX,SMX,EST,TM2,SSSE3,SDBG,FMA3,CX16,xTPR,PDCM,PCID,DCA,SSE4.1,SSE4.2,x2APIC,MOVBE,POPCNT,DEADLINE,AES,XSAVE,AVX,F16C,RDRAND,NXE,PAGE1GB,RDTSCP,LONG,LAHF,ABM,3DNOWP,PERF,ITSC,FSGSBASE,BMI1,HLE,AVX2,SMEP,BMI2,ERMS,INVPCID,RTM,PQM,RDSEED,ADX,SMAP,PT,SENSOR,ARAT
cpu11: 256KB 64b/line 8-way L2 cache
cpu11: smt 1, core 3, package 0
cpu12 at mainbus0: apid 9 (application processor)
cpu12: Intel(R) Xeon(R) CPU E5-2620 v4 @ 2.10GHz, 2097.57 MHz
cpu12: FPU,VME,DE,PSE,TSC,MSR,PAE,MCE,CX8,APIC,SEP,MTRR,PGE,MCA,CMOV,PAT,PSE36,CFLUSH,DS,ACPI,MMX,FXSR,SSE,SSE2,SS,HTT,TM,PBE,SSE3,PCLMUL,DTES64,MWAIT,DS-CPL,VMX,SMX,EST,TM2,SSSE3,SDBG,FMA3,CX16,xTPR,PDCM,PCID,DCA,SSE4.1,SSE4.2,x2APIC,MOVBE,POPCNT,DEADLINE,AES,XSAVE,AVX,F16C,RDRAND,NXE,PAGE1GB,RDTSCP,LONG,LAHF,ABM,3DNOWP,PERF,ITSC,FSGSBASE,BMI1,HLE,AVX2,SMEP,BMI2,ERMS,INVPCID,RTM,PQM,RDSEED,ADX,SMAP,PT,SENSOR,ARAT
cpu12: 256KB 64b/line 8-way L2 cache
cpu12: smt 1, core 4, package 0
cpu13 at mainbus0: apid 11 (application processor)
cpu13: Intel(R) Xeon(R) CPU E5-2620 v4 @ 2.10GHz, 2097.57 MHz
cpu13: FPU,VME,DE,PSE,TSC,MSR,PAE,MCE,CX8,APIC,SEP,MTRR,PGE,MCA,CMOV,PAT,PSE36,CFLUSH,DS,ACPI,MMX,FXSR,SSE,SSE2,SS,HTT,TM,PBE,SSE3,PCLMUL,DTES64,MWAIT,DS-CPL,VMX,SMX,EST,TM2,SSSE3,SDBG,FMA3,CX16,xTPR,PDCM,PCID,DCA,SSE4.1,SSE4.2,x2APIC,MOVBE,POPCNT,DEADLINE,AES,XSAVE,AVX,F16C,RDRAND,NXE,PAGE1GB,RDTSCP,LONG,LAHF,ABM,3DNOWP,PERF,ITSC,FSGSBASE,BMI1,HLE,AVX2,SMEP,BMI2,ERMS,INVPCID,RTM,PQM,RDSEED,ADX,SMAP,PT,SENSOR,ARAT
cpu13: 256KB 64b/line 8-way L2 cache
cpu13: smt 1, core 5, package 0
cpu14 at mainbus0: apid 13 (application processor)
cpu14: Intel(R) Xeon(R) CPU E5-2620 v4 @ 2.10GHz, 2097.57 MHz
cpu14: FPU,VME,DE,PSE,TSC,MSR,PAE,MCE,CX8,APIC,SEP,MTRR,PGE,MCA,CMOV,PAT,PSE36,CFLUSH,DS,ACPI,MMX,FXSR,SSE,SSE2,SS,HTT,TM,PBE,SSE3,PCLMUL,DTES64,MWAIT,DS-CPL,VMX,SMX,EST,TM2,SSSE3,SDBG,FMA3,CX16,xTPR,PDCM,PCID,DCA,SSE4.1,SSE4.2,x2APIC,MOVBE,POPCNT,DEADLINE,AES,XSAVE,AVX,F16C,RDRAND,NXE,PAGE1GB,RDTSCP,LONG,LAHF,ABM,3DNOWP,PERF,ITSC,FSGSBASE,BMI1,HLE,AVX2,SMEP,BMI2,ERMS,INVPCID,RTM,PQM,RDSEED,ADX,SMAP,PT,SENSOR,ARAT
cpu14: 256KB 64b/line 8-way L2 cache
cpu14: smt 1, core 6, package 0
cpu14: failed to identify
cpu15 at mainbus0: apid 15 (application processor)
cpu15: Intel(R) Xeon(R) CPU E5-2620 v4 @ 2.10GHz, 2097.57 MHz
cpu15: FPU,VME,DE,PSE,TSC,MSR,PAE,MCE,CX8,APIC,SEP,MTRR,PGE,MCA,CMOV,PAT,PSE36,CFLUSH,DS,ACPI,MMX,FXSR,SSE,SSE2,SS,HTT,TM,PBE,SSE3,PCLMUL,DTES64,MWAIT,DS-CPL,VMX,SMX,EST,TM2,SSSE3,SDBG,FMA3,CX16,xTPR,PDCM,PCID,DCA,SSE4.1,SSE4.2,x2APIC,MOVBE,POPCNT,DEADLINE,AES,XSAVE,AVX,F16C,RDRAND,NXE,PAGE1GB,RDTSCP,LONG,LAHF,ABM,3DNOWP,PERF,ITSC,FSGSBASE,BMI1,HLE,AVX2,SMEP,BMI2,ERMS,INVPCID,RTM,PQM,RDSEED,ADX,SMAP,PT,SENSOR,ARAT
cpu15: 256KB 64b/line 8-way L2 cache
cpu15: smt 1, core 7, package 0
cpu15: failed to identify
ioapic0 at mainbus0: apid 8 pa 0xfec00000, version 20, 24 pins
ioapic1 at mainbus0: apid 9 pa 0xfec01000, version 20, 24 pins
acpimcfg0 at acpi0 addr 0x80000000, bus 0-255
acpiprt0 at acpi0: bus 255 (UNC0)
acpiprt1 at acpi0: bus 0 (PCI0)
acpiprt2 at acpi0: bus 1 (PEX2)
acpiprt3 at acpi0: bus 2 (PEX4)
acpiprt4 at acpi0: bus 3 (BR01)
acpiprt5 at acpi0: bus 4 (BR05)
acpiprt6 at acpi0: bus 5 (BR03)
acpiprt7 at acpi0: bus 8 (BR07)
&quot;PNP0C33&quot; at acpi0 not configured
&quot;PNP0C14&quot; at acpi0 not configured
&quot;ACPI0004&quot; at acpi0 not configured
&quot;ACPI0007&quot; at acpi0 not configured
&quot;ACPI0007&quot; at acpi0 not configured
&quot;ACPI0007&quot; at acpi0 not configured
&quot;ACPI0007&quot; at acpi0 not configured
&quot;ACPI0007&quot; at acpi0 not configured
&quot;ACPI0007&quot; at acpi0 not configured
&quot;ACPI0007&quot; at acpi0 not configured
&quot;ACPI0007&quot; at acpi0 not configured
&quot;ACPI0007&quot; at acpi0 not configured
&quot;ACPI0007&quot; at acpi0 not configured
&quot;ACPI0007&quot; at acpi0 not configured
&quot;ACPI0007&quot; at acpi0 not configured
&quot;ACPI0007&quot; at acpi0 not configured
&quot;ACPI0007&quot; at acpi0 not configured
&quot;ACPI0007&quot; at acpi0 not configured
&quot;ACPI0007&quot; at acpi0 not configured
&quot;PNP0003&quot; at acpi0 not configured
&quot;IPI0001&quot; at acpi0 not configured
&quot;ACPI000E&quot; at acpi0 not configured
&quot;ACPI000D&quot; at acpi0 not configured
ipmi at mainbus0 not configured
pci0 at mainbus0 bus 0
pchb0 at pci0 dev 0 function 0 &quot;Intel Xeon-D Host&quot; rev 0x01
ppb0 at pci0 dev 1 function 0 &quot;Intel Xeon-D PCIE&quot; rev 0x01
pci1 at ppb0 bus 3
ciss0 at pci1 dev 0 function 0 &quot;Hewlett-Packard Smart Array&quot; rev 0x01: apic 8 int 16
ciss0: 1 LD, HW rev 1, FW 5.52/5.52, 64bit fifo rro
scsibus1 at ciss0: 1 targets
sd0 at scsibus1 targ 0 lun 0: &lt;HP, LOGICAL VOLUME, 5.52&gt; SCSI3 0/direct fixed
sd0: 286070MB, 512 bytes/sector, 585871964 sectors
ppb1 at pci0 dev 1 function 1 &quot;Intel Xeon-D PCIE&quot; rev 0x01
pci2 at ppb1 bus 12
ppb2 at pci0 dev 2 function 0 &quot;Intel Xeon-D PCIE&quot; rev 0x01: msi
pci3 at ppb2 bus 5
ppb3 at pci0 dev 2 function 1 &quot;Intel Xeon-D PCIE&quot; rev 0x01
pci4 at ppb3 bus 13
ppb4 at pci0 dev 2 function 2 &quot;Intel Xeon-D PCIE&quot; rev 0x01
pci5 at ppb4 bus 4
ppb5 at pci0 dev 2 function 3 &quot;Intel Xeon-D PCIE&quot; rev 0x01
pci6 at ppb5 bus 14
ppb6 at pci0 dev 3 function 0 &quot;Intel Xeon-D PCIE&quot; rev 0x01: msi
pci7 at ppb6 bus 8
ppb7 at pci0 dev 3 function 1 &quot;Intel Xeon-D PCIE&quot; rev 0x01
pci8 at ppb7 bus 15
ppb8 at pci0 dev 3 function 2 &quot;Intel Xeon-D PCIE&quot; rev 0x01
pci9 at ppb8 bus 11
ppb9 at pci0 dev 3 function 3 &quot;Intel Xeon-D PCIE&quot; rev 0x01
pci10 at ppb9 bus 16
&quot;Intel E5 v4 DMA&quot; rev 0x01 at pci0 dev 4 function 0 not configured
&quot;Intel E5 v4 DMA&quot; rev 0x01 at pci0 dev 4 function 1 not configured
&quot;Intel E5 v4 DMA&quot; rev 0x01 at pci0 dev 4 function 2 not configured
&quot;Intel E5 v4 DMA&quot; rev 0x01 at pci0 dev 4 function 3 not configured
&quot;Intel E5 v4 DMA&quot; rev 0x01 at pci0 dev 4 function 4 not configured
&quot;Intel E5 v4 DMA&quot; rev 0x01 at pci0 dev 4 function 5 not configured
&quot;Intel E5 v4 DMA&quot; rev 0x01 at pci0 dev 4 function 6 not configured
&quot;Intel E5 v4 DMA&quot; rev 0x01 at pci0 dev 4 function 7 not configured
&quot;Intel Xeon-D Address Map&quot; rev 0x01 at pci0 dev 5 function 0 not configured
&quot;Intel Xeon-D Hot Plug&quot; rev 0x01 at pci0 dev 5 function 1 not configured
&quot;Intel Xeon-D RAS&quot; rev 0x01 at pci0 dev 5 function 2 not configured
&quot;Intel Xeon-D I/O APIC&quot; rev 0x01 at pci0 dev 5 function 4 not configured
&quot;Intel C610 MS SPSR&quot; rev 0x05 at pci0 dev 17 function 0 not configured
xhci0 at pci0 dev 20 function 0 &quot;Intel C610 xHCI&quot; rev 0x05: msi
usb0 at xhci0: USB revision 3.0
uhub0 at usb0 configuration 1 interface 0 &quot;Intel xHCI root hub&quot; rev 3.00/1.00 addr 1
ehci0 at pci0 dev 26 function 0 &quot;Intel C610 USB&quot; rev 0x05: apic 8 int 18
usb1 at ehci0: USB revision 2.0
uhub1 at usb1 configuration 1 interface 0 &quot;Intel EHCI root hub&quot; rev 2.00/1.00 addr 1
ppb10 at pci0 dev 28 function 0 &quot;Intel C610 PCIE&quot; rev 0xd5
pci11 at ppb10 bus 17
ppb11 at pci0 dev 28 function 2 &quot;Intel C610 PCIE&quot; rev 0xd5
pci12 at ppb11 bus 1
&quot;Hewlett-Packard iLO3 Slave&quot; rev 0x06 at pci12 dev 0 function 0 not configured
&quot;Matrox MGA G200eH&quot; rev 0x01 at pci12 dev 0 function 1 not configured
&quot;Hewlett-Packard iLO3 Management&quot; rev 0x06 at pci12 dev 0 function 2 not configured
uhci0 at pci12 dev 0 function 4 &quot;Hewlett-Packard USB&quot; rev 0x03: apic 8 int 19
usb2 at uhci0: USB revision 1.0
uhub2 at usb2 configuration 1 interface 0 &quot;Hewlett-Packard UHCI root hub&quot; rev 1.00/1.00 addr 1
ppb12 at pci0 dev 28 function 4 &quot;Intel C610 PCIE&quot; rev 0xd5
pci13 at ppb12 bus 2
bge0 at pci13 dev 0 function 0 &quot;Broadcom BCM5719&quot; rev 0x01, unknown BCM5719 (0x5719001), APE firmware NCSI 1.4.12.0: msi, address xx:xx:xx:xx:xx:xx
brgphy0 at bge0 phy 1: BCM5719C 10/100/1000baseT PHY, rev. 0
bge1 at pci13 dev 0 function 1 &quot;Broadcom BCM5719&quot; rev 0x01, unknown BCM5719 (0x5719001), APE firmware NCSI 1.4.12.0: msi, address xx:xx:xx:xx:xx:xx
brgphy1 at bge1 phy 2: BCM5719C 10/100/1000baseT PHY, rev. 0
bge2 at pci13 dev 0 function 2 &quot;Broadcom BCM5719&quot; rev 0x01, unknown BCM5719 (0x5719001), APE firmware NCSI 1.4.12.0: msi, address xx:xx:xx:xx:xx:xx
brgphy2 at bge2 phy 3: BCM5719C 10/100/1000baseT PHY, rev. 0
bge3 at pci13 dev 0 function 3 &quot;Broadcom BCM5719&quot; rev 0x01, unknown BCM5719 (0x5719001), APE firmware NCSI 1.4.12.0: msi, address xx:xx:xx:xx:xx:xx
brgphy3 at bge3 phy 4: BCM5719C 10/100/1000baseT PHY, rev. 0
ppb13 at pci0 dev 28 function 6 &quot;Intel C610 PCIE&quot; rev 0xd5
pci14 at ppb13 bus 18
ppb14 at pci0 dev 28 function 7 &quot;Intel C610 PCIE&quot; rev 0xd5
pci15 at ppb14 bus 19
ehci1 at pci0 dev 29 function 0 &quot;Intel C610 USB&quot; rev 0x05: apic 8 int 18
usb3 at ehci1: USB revision 2.0
uhub3 at usb3 configuration 1 interface 0 &quot;Intel EHCI root hub&quot; rev 2.00/1.00 addr 1
pcib0 at pci0 dev 31 function 0 &quot;Intel C610 LPC&quot; rev 0x05
ahci0 at pci0 dev 31 function 2 &quot;Intel C610 AHCI&quot; rev 0x05: msi, AHCI 1.3
ahci0: port 5: 1.5Gb/s
scsibus2 at ahci0: 32 targets
cd0 at scsibus2 targ 5 lun 0: &lt;hp, DVDRW GUD0N, UM02&gt; ATAPI 5/cdrom removable
ichiic0 at pci0 dev 31 function 3 &quot;Intel C610 SMBus&quot; rev 0x05: apic 8 int 18
iic0 at ichiic0
isa0 at pcib0
isadma0 at isa0
com0 at isa0 port 0x3f8/8 irq 4: ns16550a, 16 byte fifo
com1 at isa0 port 0x2f8/8 irq 3: ns16550a, 16 byte fifo
com1: probed fifo depth: 0 bytes
pckbc0 at isa0 port 0x60/5 irq 1 irq 12
pckbd0 at pckbc0 (kbd slot)
wskbd0 at pckbd0: console keyboard
pcppi0 at isa0 port 0x61
spkr0 at pcppi0
pci16 at mainbus0 bus 255
&quot;Intel Xeon-D QPI Link&quot; rev 0x01 at pci16 dev 11 function 0 not configured
&quot;Intel Xeon-D QPI Link&quot; rev 0x01 at pci16 dev 11 function 1 not configured
&quot;Intel Xeon-D QPI Link&quot; rev 0x01 at pci16 dev 11 function 2 not configured
&quot;Intel Xeon-D QPI Debug&quot; rev 0x01 at pci16 dev 11 function 3 not configured
&quot;Intel Xeon-D Cache&quot; rev 0x01 at pci16 dev 12 function 0 not configured
&quot;Intel Xeon-D Cache&quot; rev 0x01 at pci16 dev 12 function 1 not configured
&quot;Intel Xeon-D Cache&quot; rev 0x01 at pci16 dev 12 function 2 not configured
&quot;Intel Xeon-D Cache&quot; rev 0x01 at pci16 dev 12 function 3 not configured
&quot;Intel E5 v4 Cache&quot; rev 0x01 at pci16 dev 12 function 4 not configured
&quot;Intel E5 v4 Cache&quot; rev 0x01 at pci16 dev 12 function 5 not configured
vendor &quot;Intel&quot;, unknown product 0x6fe6 (class system subclass miscellaneous, rev 0x01) at pci16 dev 12 function 6 not configured
vendor &quot;Intel&quot;, unknown product 0x6fe7 (class system subclass miscellaneous, rev 0x01) at pci16 dev 12 function 7 not configured
&quot;Intel Xeon-D Cache&quot; rev 0x01 at pci16 dev 15 function 0 not configured
&quot;Intel E5 v4 Cache&quot; rev 0x01 at pci16 dev 15 function 1 not configured
&quot;Intel Xeon-D Cache&quot; rev 0x01 at pci16 dev 15 function 4 not configured
&quot;Intel Xeon-D Cache&quot; rev 0x01 at pci16 dev 15 function 5 not configured
&quot;Intel Xeon-D Cache&quot; rev 0x01 at pci16 dev 15 function 6 not configured
&quot;Intel Xeon-D PCIE&quot; rev 0x01 at pci16 dev 16 function 0 not configured
&quot;Intel E5 v4 R2PCIe Agent&quot; rev 0x01 at pci16 dev 16 function 1 not configured
&quot;Intel Xeon-D Ubox&quot; rev 0x01 at pci16 dev 16 function 5 not configured
&quot;Intel Xeon-D Ubox&quot; rev 0x01 at pci16 dev 16 function 6 not configured
&quot;Intel Xeon-D Ubox&quot; rev 0x01 at pci16 dev 16 function 7 not configured
&quot;Intel Xeon-D Home Agent&quot; rev 0x01 at pci16 dev 18 function 0 not configured
&quot;Intel Xeon-D Home Agent&quot; rev 0x01 at pci16 dev 18 function 1 not configured
vendor &quot;Intel&quot;, unknown product 0x6f70 (class system subclass miscellaneous, rev 0x01) at pci16 dev 18 function 2 not configured
&quot;Intel Xeon-D Memory&quot; rev 0x01 at pci16 dev 19 function 0 not configured
&quot;Intel Xeon-D Memory&quot; rev 0x01 at pci16 dev 19 function 1 not configured
&quot;Intel Xeon-D Memory&quot; rev 0x01 at pci16 dev 19 function 2 not configured
&quot;Intel Xeon-D Memory&quot; rev 0x01 at pci16 dev 19 function 3 not configured
&quot;Intel Xeon-D Memory&quot; rev 0x01 at pci16 dev 19 function 4 not configured
&quot;Intel Xeon-D Memory&quot; rev 0x01 at pci16 dev 19 function 5 not configured
&quot;Intel Xeon-D Memory&quot; rev 0x01 at pci16 dev 19 function 6 not configured
&quot;Intel Xeon-D Memory&quot; rev 0x01 at pci16 dev 19 function 7 not configured
&quot;Intel Xeon-D Memory&quot; rev 0x01 at pci16 dev 20 function 0 not configured
&quot;Intel Xeon-D Memory&quot; rev 0x01 at pci16 dev 20 function 1 not configured
&quot;Intel Xeon-D Memory&quot; rev 0x01 at pci16 dev 20 function 2 not configured
&quot;Intel Xeon-D Memory&quot; rev 0x01 at pci16 dev 20 function 3 not configured
&quot;Intel Xeon-D Memory&quot; rev 0x01 at pci16 dev 20 function 4 not configured
&quot;Intel Xeon-D Memory&quot; rev 0x01 at pci16 dev 20 function 5 not configured
&quot;Intel Xeon-D Memory&quot; rev 0x01 at pci16 dev 20 function 6 not configured
&quot;Intel Xeon-D Memory&quot; rev 0x01 at pci16 dev 20 function 7 not configured
&quot;Intel Xeon-D Memory&quot; rev 0x01 at pci16 dev 21 function 0 not configured
&quot;Intel Xeon-D Memory&quot; rev 0x01 at pci16 dev 21 function 1 not configured
&quot;Intel Xeon-D Memory&quot; rev 0x01 at pci16 dev 21 function 2 not configured
&quot;Intel Xeon-D Memory&quot; rev 0x01 at pci16 dev 21 function 3 not configured
&quot;Intel E5 v4 RAS&quot; rev 0x01 at pci16 dev 22 function 0 not configured
&quot;Intel E5 v4 DDRIO&quot; rev 0x01 at pci16 dev 22 function 6 not configured
&quot;Intel E5 v4 DDRIO&quot; rev 0x01 at pci16 dev 22 function 7 not configured
&quot;Intel E5 v4 Thermal&quot; rev 0x01 at pci16 dev 23 function 0 not configured
&quot;Intel E5 v4 DDRIO&quot; rev 0x01 at pci16 dev 23 function 4 not configured
&quot;Intel E5 v4 DDRIO&quot; rev 0x01 at pci16 dev 23 function 5 not configured
&quot;Intel E5 v4 DDRIO&quot; rev 0x01 at pci16 dev 23 function 6 not configured
&quot;Intel E5 v4 DDRIO&quot; rev 0x01 at pci16 dev 23 function 7 not configured
&quot;Intel Xeon-D PCU&quot; rev 0x01 at pci16 dev 30 function 0 not configured
&quot;Intel Xeon-D PCU&quot; rev 0x01 at pci16 dev 30 function 1 not configured
&quot;Intel Xeon-D PCU&quot; rev 0x01 at pci16 dev 30 function 2 not configured
&quot;Intel Xeon-D PCU&quot; rev 0x01 at pci16 dev 30 function 3 not configured
&quot;Intel Xeon-D PCU&quot; rev 0x01 at pci16 dev 30 function 4 not configured
&quot;Intel Xeon-D PCU&quot; rev 0x01 at pci16 dev 31 function 0 not configured
&quot;Intel Xeon-D PCU&quot; rev 0x01 at pci16 dev 31 function 2 not configured
vmm0 at mainbus0: VMX/EPT
efifb0 at mainbus0: 1280x1024, 32bpp
wsdisplay0 at efifb0 mux 1: console (std, vt100 emulation), using wskbd0
wsdisplay0: screen 1-5 added (std, vt100 emulation)
uhub4 at uhub0 port 3 configuration 1 interface 0 &quot;Standard Microsystems product 0x2660&quot; rev 2.00/8.01 addr 2
uhidev0 at uhub0 port 11 configuration 1 interface 0 &quot;Fujitsu Fujitsu Keyboard&quot; rev 1.10/1.09 addr 3
uhidev0: iclass 3/1
ukbd0 at uhidev0: 8 variable keys, 6 key codes
wskbd1 at ukbd0 mux 1
wskbd1: connecting to wsdisplay0
uhidev1 at uhub0 port 11 configuration 1 interface 1 &quot;Fujitsu Fujitsu Keyboard&quot; rev 1.10/1.09 addr 3
uhidev1: iclass 3/0, 5 report ids
uhid0 at uhidev1 reportid 2: input=1, output=0, feature=0
uhid1 at uhidev1 reportid 3: input=3, output=0, feature=0
uhid2 at uhidev1 reportid 5: input=0, output=0, feature=5
uhub5 at uhub1 port 1 configuration 1 interface 0 &quot;Intel Rate Matching Hub&quot; rev 2.00/0.05 addr 2
uhub6 at uhub3 port 1 configuration 1 interface 0 &quot;Intel Rate Matching Hub&quot; rev 2.00/0.05 addr 2
vscsi0 at root
scsibus3 at vscsi0: 256 targets
softraid0 at root
scsibus4 at softraid0: 256 targets
root on sd0a (f26cf30e6e87fc2c.a) swap on sd0b dump on sd0b

</pre>



</div><!-- content -->
<br />
<div id="footer">
All comments/news/posts are the property of their individual owner and
is presented without warranty of suitability, and solely as an
informational resource. <br />
This site Copyright &copy; 2004-2020 NYC*BUG.
</div><!-- footer -->

</body>
</html>

