



<!doctype html>
<html lang="en">
<head>
<meta name="keywords"
	content="bsd, freebsd, openbsd, netbsd, dragonflybsd, nycbug, dmesgd" />
<meta name="description" content="New York City BSD User Group dmesgd" />
<meta charset="utf-8" />
<meta name="viewport" content="width=device-width, initial-scale=1" />
<title>NYC*BUG dmesgd</title>
<style>
body {
	text-align: left;
	margin: 15px auto;
	padding: 0px 10px;
}
@media (min-width: 800px) {
	body {
		max-width: 85%;
	}
}
#header {
	border-bottom: 1px solid #dbdbdb;
	font-size: 230%;
	text-align: left;
}
#footer {
	border-top: 1px solid #dbdbdb;
	clear: both;
	text-align: left;
}
.logo_bug {
	color: #cc0033;
}
#menu ul {
	list-style-type: none;
	margin: 0;
	padding: 0;
}
#menu li {
	float: left;
}
#menu li a {
	display: block;
	background-color: #dbdbdb;
	color: #000000;
	font-size: 105%;
	font-weight: bold;
	padding: 0px 6px 0px 6px;
	text-decoration: none;
}
#content {
	clear: both;
	text-align: left;
	padding-top: 10px;
}
#content h1 {
	font-size: 120%;
	font-weight: bold;
}
#content h2 {
	font-size: 110%;
	font-weight: bold;
}
#content a {
	text-decoration: none;
}
#content pre {
	background-color: #dbdbdb;
	padding: 5px 5px 5px 5px;
	white-space: pre-wrap;		/* css-3 */
	white-space: -moz-pre-wrap;	/* Mozilla, since 1999 */
	white-space: -pre-wrap;		/* Opera 4-6 */
	white-space: -o-pre-wrap;	/* Opera 7 */
	word-wrap: break-word;		/* Internet Explorer 5.5+ */
}
#content table {
	border-collapse: collapse;
}
#content table th {
	border: 1px solid #dbdbdb;
	font-size: 85%;
	white-space: nowrap;
}
#content table td {
	border: 1px solid #dbdbdb;
	font-size: 80%;
}
#content input {
	font-size: 1em;
}
#content .full	{ width: 100%; }
#content .left	{ text-align: left; }
#content .right	{ text-align: right; }
#content .center { text-align: center; }
#content .flexbox {
	display: -ms-flex;
	display: -webkit-flex;
	display: flex;
	width: 100%;
}
#content .left_col {
	min-width: 75px;
	max-width: 50%;
	flex-grow: 0;
}
#content .right_col {
	flex-grow: 1;
	margin-left: 10px;
	padding-top: 10px;
	padding-left: 10px;
}
#col {
	-moz-column-count: 3;
	-webkit-column-count: 3;
	column-count: 3;
}
</style>
</head>
<body>

<div id="header">
<strong><em>NYC*</em><span class="logo_bug">BUG</span> dmesgd</strong>
</div><!-- header -->

<div id="menu">
<ul>
<li><a href="https://dmesgd.nycbug.org/index.cgi?do=index">Home</a></li>
<li><a href="https://dmesgd.nycbug.org/index.cgi?do=submit">Submit</a></li>
<li><a href="https://www.nycbug.org/">NYC*BUG</a></li>
</ul>
</div><!-- menu -->

<div id="content">

<p>
Launched in 2004, dmesgd aims to provide a
<strong>user-submitted</strong> repository of searchable *BSD dmesgs.
The dmesg(8) command displays the system message buffer's content, and
during boot a copy is saved to <em>/var/run/dmesg.boot</em>.  This buffer
contains the operating system release, name and version, a list of
devices identified, plus a whole host of other useful information.  We
hope others find this resource useful and further contribute to its
growth. Contact us at [ admin at lists dot nycbug dot org ].
</p>

<hr />


<strong>Date:</strong> <em>2017-12-06 12:55:07</em><br />
<strong>From:</strong> <em>brainbomb</em><br />
<strong>Description:</strong> <em>OpenBSD 6.2 on Sophos UTM 220 Rev. 5</em><br />

<pre>
OpenBSD 6.2 (GENERIC.MP) #1: Fri Dec  1 10:34:32 CET 2017
    xxx@xxx.xxx:/usr/src/sys/arch/amd64/compile/GENERIC.MP
real mem = 2093547520 (1996MB)
avail mem = 2023133184 (1929MB)
mpath0 at root
scsibus0 at mpath0: 256 targets
mainbus0 at root
bios0 at mainbus0: SMBIOS rev. 2.5 @ 0xf0000 (46 entries)
bios0: vendor Phoenix Technologies, LTD version &quot;6.00 PG&quot; date 10/18/2011
bios0: Sophos UTM
acpi0 at bios0: rev 0
acpi0: sleep states S0 S1 S5
acpi0: tables DSDT FACP _HPT MCFG APIC
acpi0: wakeup devices PEG1(S3) PEX0(S5) PEX1(S5) PEX2(S5) PEX3(S5) PEX4(S5) PEX5(S5) HUB0(S5) UAR1(S5) UAR2(S5) USB0(S1) USB1(S1) USB2(S1) USB3(S1) USBE(S1) AC97(S5) [...]
acpitimer0 at acpi0: 3579545 Hz, 24 bits
acpimcfg0 at acpi0 addr 0xe0000000, bus 0-255
acpimadt0 at acpi0 addr 0xfee00000: PC-AT compat
cpu0 at mainbus0: apid 0 (boot processor)
cpu0: Intel(R) Celeron(R) CPU E1500 @ 2.20GHz, 2194.79 MHz
cpu0: FPU,VME,DE,PSE,TSC,MSR,PAE,MCE,CX8,APIC,SEP,MTRR,PGE,MCA,CMOV,PAT,PSE36,CFLUSH,DS,ACPI,MMX,FXSR,SSE,SSE2,SS,HTT,TM,PBE,SSE3,DTES64,MWAIT,DS-CPL,EST,TM2,SSSE3,CX16,xTPR,PDCM,NXE,LONG,LAHF,PERF
cpu0: 512KB 64b/line 2-way L2 cache
mtrr: Pentium Pro MTRR support, 8 var ranges, 88 fixed ranges
cpu0: apic clock running at 199MHz
cpu1 at mainbus0: apid 1 (application processor)
cpu1: Intel(R) Celeron(R) CPU E1500 @ 2.20GHz, 2194.50 MHz
cpu1: FPU,VME,DE,PSE,TSC,MSR,PAE,MCE,CX8,APIC,SEP,MTRR,PGE,MCA,CMOV,PAT,PSE36,CFLUSH,DS,ACPI,MMX,FXSR,SSE,SSE2,SS,HTT,TM,PBE,SSE3,DTES64,MWAIT,DS-CPL,EST,TM2,SSSE3,CX16,xTPR,PDCM,NXE,LONG,LAHF,PERF
cpu1: 512KB 64b/line 2-way L2 cache
ioapic0 at mainbus0: apid 4 pa 0xfec00000, version 20, 24 pins
, remapped to apid 4
acpiprt0 at acpi0: bus 0 (PCI0)
acpiprt1 at acpi0: bus -1 (PEG1)
acpiprt2 at acpi0: bus 1 (PEX0)
acpiprt3 at acpi0: bus 2 (PEX1)
acpiprt4 at acpi0: bus 3 (PEX2)
acpiprt5 at acpi0: bus 4 (PEX3)
acpiprt6 at acpi0: bus 5 (PEX4)
acpiprt7 at acpi0: bus 6 (PEX5)
acpiprt8 at acpi0: bus 11 (HUB0)
acpicpu0 at acpi0: C1(@1 halt!)
acpicpu1 at acpi0: C1(@1 halt!)
acpibtn0 at acpi0: PWRB
&quot;PNP0400&quot; at acpi0 not configured
pci0 at mainbus0 bus 0
pchb0 at pci0 dev 0 function 0 &quot;Intel G41 Host&quot; rev 0x03
inteldrm0 at pci0 dev 2 function 0 &quot;Intel G41 Video&quot; rev 0x03
drm0 at inteldrm0
intagp0 at inteldrm0
agp0 at intagp0: aperture at 0xd0000000, size 0x10000000
inteldrm0: msi
inteldrm0: 1920x1200, 32bpp
wsdisplay0 at inteldrm0 mux 1: console (std, vt100 emulation)
wsdisplay0: screen 1-5 added (std, vt100 emulation)
&quot;Intel G41 Video&quot; rev 0x03 at pci0 dev 2 function 1 not configured
ppb0 at pci0 dev 28 function 0 &quot;Intel 82801GB PCIE&quot; rev 0x01: msi
pci1 at ppb0 bus 1
em0 at pci1 dev 0 function 0 &quot;Intel 82574L&quot; rev 0x00: msi, address xx:xx:xx:xx:xx:xx
ppb1 at pci0 dev 28 function 1 &quot;Intel 82801GB PCIE&quot; rev 0x01: msi
pci2 at ppb1 bus 2
em1 at pci2 dev 0 function 0 &quot;Intel 82574L&quot; rev 0x00: msi, address xx:xx:xx:xx:xx:xx
ppb2 at pci0 dev 28 function 2 &quot;Intel 82801GB PCIE&quot; rev 0x01: msi
pci3 at ppb2 bus 3
em2 at pci3 dev 0 function 0 &quot;Intel 82574L&quot; rev 0x00: msi, address xx:xx:xx:xx:xx:xx
ppb3 at pci0 dev 28 function 3 &quot;Intel 82801GB PCIE&quot; rev 0x01: msi
pci4 at ppb3 bus 4
em3 at pci4 dev 0 function 0 &quot;Intel 82574L&quot; rev 0x00: msi, address xx:xx:xx:xx:xx:xx
ppb4 at pci0 dev 28 function 4 &quot;Intel 82801G PCIE&quot; rev 0x01: msi
pci5 at ppb4 bus 5
em4 at pci5 dev 0 function 0 &quot;Intel 82574L&quot; rev 0x00: msi, address xx:xx:xx:xx:xx:xx
ppb5 at pci0 dev 28 function 5 &quot;Intel 82801G PCIE&quot; rev 0x01: msi
pci6 at ppb5 bus 6
ppb6 at pci6 dev 0 function 0 vendor &quot;PLX&quot;, unknown product 0x8604 rev 0xba
pci7 at ppb6 bus 7
ppb7 at pci7 dev 1 function 0 vendor &quot;PLX&quot;, unknown product 0x8604 rev 0xba: msi
pci8 at ppb7 bus 8
em5 at pci8 dev 0 function 0 &quot;Intel 82574L&quot; rev 0x00: msi, address xx:xx:xx:xx:xx:xx
ppb8 at pci7 dev 4 function 0 vendor &quot;PLX&quot;, unknown product 0x8604 rev 0xba: msi
pci9 at ppb8 bus 9
em6 at pci9 dev 0 function 0 &quot;Intel 82574L&quot; rev 0x00: msi, address xx:xx:xx:xx:xx:xx
ppb9 at pci7 dev 5 function 0 vendor &quot;PLX&quot;, unknown product 0x8604 rev 0xba: msi
pci10 at ppb9 bus 10
em7 at pci10 dev 0 function 0 &quot;Intel 82574L&quot; rev 0x00: msi, address xx:xx:xx:xx:xx:xx
uhci0 at pci0 dev 29 function 0 &quot;Intel 82801GB USB&quot; rev 0x01: apic 4 int 23
uhci1 at pci0 dev 29 function 1 &quot;Intel 82801GB USB&quot; rev 0x01: apic 4 int 19
uhci2 at pci0 dev 29 function 2 &quot;Intel 82801GB USB&quot; rev 0x01: apic 4 int 18
uhci3 at pci0 dev 29 function 3 &quot;Intel 82801GB USB&quot; rev 0x01: apic 4 int 16
ehci0 at pci0 dev 29 function 7 &quot;Intel 82801GB USB&quot; rev 0x01: apic 4 int 23
usb0 at ehci0: USB revision 2.0
uhub0 at usb0 configuration 1 interface 0 &quot;Intel EHCI root hub&quot; rev 2.00/1.00 addr 1
ppb10 at pci0 dev 30 function 0 &quot;Intel 82801BA Hub-to-PCI&quot; rev 0xe1
pci11 at ppb10 bus 11
pcib0 at pci0 dev 31 function 0 &quot;Intel 82801GB LPC&quot; rev 0x01
ahci0 at pci0 dev 31 function 2 &quot;Intel 82801GR AHCI&quot; rev 0x01: msi, AHCI 1.1
ahci0: PHY offline on port 0
ahci0: port 1: 1.5Gb/s
ahci0: PHY offline on port 2
scsibus1 at ahci0: 32 targets
sd0 at scsibus1 targ 1 lun 0: &lt;ATA, TOSHIBA MK8037GS, DL23&gt; SCSI3 0/direct fixed t10.ATA_TOSHIBA_MK8037GSX_47GET6CCT
sd0: 76319MB, 512 bytes/sector, 156301488 sectors
ichiic0 at pci0 dev 31 function 3 &quot;Intel 82801GB SMBus&quot; rev 0x01: apic 4 int 19
iic0 at ichiic0
spdmem0 at iic0 addr 0x50: 1GB DDR3 SDRAM PC3-10600
spdmem1 at iic0 addr 0x52: 1GB DDR3 SDRAM PC3-10600
usb1 at uhci0: USB revision 1.0
uhub1 at usb1 configuration 1 interface 0 &quot;Intel UHCI root hub&quot; rev 1.00/1.00 addr 1
usb2 at uhci1: USB revision 1.0
uhub2 at usb2 configuration 1 interface 0 &quot;Intel UHCI root hub&quot; rev 1.00/1.00 addr 1
usb3 at uhci2: USB revision 1.0
uhub3 at usb3 configuration 1 interface 0 &quot;Intel UHCI root hub&quot; rev 1.00/1.00 addr 1
usb4 at uhci3: USB revision 1.0
uhub4 at usb4 configuration 1 interface 0 &quot;Intel UHCI root hub&quot; rev 1.00/1.00 addr 1
isa0 at pcib0
isadma0 at isa0
com0 at isa0 port 0x3f8/8 irq 4: ns16550a, 16 byte fifo
com1 at isa0 port 0x2f8/8 irq 3: ns16550a, 16 byte fifo
pckbc0 at isa0 port 0x60/5 irq 1 irq 12
pckbd0 at pckbc0 (kbd slot)
wskbd0 at pckbd0: console keyboard, using wsdisplay0
pcppi0 at isa0 port 0x61
spkr0 at pcppi0
lpt0 at isa0 port 0x378/4 irq 7
wbsio0 at isa0 port 0x2e/2: W83627HF rev 0x41
lm1 at wbsio0 port 0x290/8: W83627HF
rum0 at uhub0 port 1 configuration 1 interface 0 &quot;Ralink Technology RT2573&quot; rev 2.00/0.01 addr 2
rum0: MAC/BBP RT2573 (rev 0x2573a), RF RT2528, address xx:xx:xx:xx:xx:xx
uhub5 at uhub1 port 2 configuration 1 interface 0 &quot;Fujitsu Component product 0x100e&quot; rev 2.00/1.04 addr 2
uhidev0 at uhub5 port 4 configuration 1 interface 0 &quot;Fujitsu Component Type 7 Keyboard&quot; rev 2.00/1.04 addr 3
uhidev0: iclass 3/1
ukbd0 at uhidev0: 8 variable keys, 6 key codes, country code 33
wskbd1 at ukbd0 mux 1
wskbd1: connecting to wsdisplay0
vscsi0 at root
scsibus2 at vscsi0: 256 targets
softraid0 at root
scsibus3 at softraid0: 256 targets
root on sd0a (6cf41312ceeca2f1.a) swap on sd0b dump on sd0b

</pre>



</div><!-- content -->
<br />
<div id="footer">
All comments/news/posts are the property of their individual owner and
is presented without warranty of suitability, and solely as an
informational resource. <br />
This site Copyright &copy; 2004-2020 NYC*BUG.
</div><!-- footer -->

</body>
</html>

