



<!doctype html>
<html lang="en">
<head>
<meta name="keywords"
	content="bsd, freebsd, openbsd, netbsd, dragonflybsd, nycbug, dmesgd" />
<meta name="description" content="New York City BSD User Group dmesgd" />
<meta charset="utf-8" />
<meta name="viewport" content="width=device-width, initial-scale=1" />
<title>NYC*BUG dmesgd</title>
<style>
body {
	text-align: left;
	margin: 15px auto;
	padding: 0px 10px;
}
@media (min-width: 800px) {
	body {
		max-width: 85%;
	}
}
#header {
	border-bottom: 1px solid #dbdbdb;
	font-size: 230%;
	text-align: left;
}
#footer {
	border-top: 1px solid #dbdbdb;
	clear: both;
	text-align: left;
}
.logo_bug {
	color: #cc0033;
}
#menu ul {
	list-style-type: none;
	margin: 0;
	padding: 0;
}
#menu li {
	float: left;
}
#menu li a {
	display: block;
	background-color: #dbdbdb;
	color: #000000;
	font-size: 105%;
	font-weight: bold;
	padding: 0px 6px 0px 6px;
	text-decoration: none;
}
#content {
	clear: both;
	text-align: left;
	padding-top: 10px;
}
#content h1 {
	font-size: 120%;
	font-weight: bold;
}
#content h2 {
	font-size: 110%;
	font-weight: bold;
}
#content a {
	text-decoration: none;
}
#content pre {
	background-color: #dbdbdb;
	padding: 5px 5px 5px 5px;
	white-space: pre-wrap;		/* css-3 */
	white-space: -moz-pre-wrap;	/* Mozilla, since 1999 */
	white-space: -pre-wrap;		/* Opera 4-6 */
	white-space: -o-pre-wrap;	/* Opera 7 */
	word-wrap: break-word;		/* Internet Explorer 5.5+ */
}
#content table {
	border-collapse: collapse;
}
#content table th {
	border: 1px solid #dbdbdb;
	font-size: 85%;
	white-space: nowrap;
}
#content table td {
	border: 1px solid #dbdbdb;
	font-size: 80%;
}
#content input {
	font-size: 1em;
}
#content .full	{ width: 100%; }
#content .left	{ text-align: left; }
#content .right	{ text-align: right; }
#content .center { text-align: center; }
#content .flexbox {
	display: -ms-flex;
	display: -webkit-flex;
	display: flex;
	width: 100%;
}
#content .left_col {
	min-width: 75px;
	max-width: 50%;
	flex-grow: 0;
}
#content .right_col {
	flex-grow: 1;
	margin-left: 10px;
	padding-top: 10px;
	padding-left: 10px;
}
#col {
	-moz-column-count: 3;
	-webkit-column-count: 3;
	column-count: 3;
}
</style>
</head>
<body>

<div id="header">
<strong><em>NYC*</em><span class="logo_bug">BUG</span> dmesgd</strong>
</div><!-- header -->

<div id="menu">
<ul>
<li><a href="https://dmesgd.nycbug.org/index.cgi?do=index">Home</a></li>
<li><a href="https://dmesgd.nycbug.org/index.cgi?do=submit">Submit</a></li>
<li><a href="https://www.nycbug.org/">NYC*BUG</a></li>
</ul>
</div><!-- menu -->

<div id="content">

<p>
Launched in 2004, dmesgd aims to provide a
<strong>user-submitted</strong> repository of searchable *BSD dmesgs.
The dmesg(8) command displays the system message buffer's content, and
during boot a copy is saved to <em>/var/run/dmesg.boot</em>.  This buffer
contains the operating system release, name and version, a list of
devices identified, plus a whole host of other useful information.  We
hope others find this resource useful and further contribute to its
growth. Contact us at [ admin at lists dot nycbug dot org ].
</p>

<hr />


<strong>Date:</strong> <em>2017-12-18 19:33:58</em><br />
<strong>From:</strong> <em>jage</em><br />
<strong>Description:</strong> <em>OpenBSD 6.2 on Mac Pro (2009)</em><br />

<pre>
OpenBSD 6.2 (GENERIC.MP) #2: Sun Dec 10 21:14:42 CET 2017
    xxx@xxx.xxx:/usr/src/sys/arch/amd64/compile/GENERIC.MP
real mem = 12856193024 (12260MB)
avail mem = 12460175360 (11882MB)
mpath0 at root
scsibus0 at mpath0: 256 targets
mainbus0 at root
bios0 at mainbus0: SMBIOS rev. 2.4 @ 0x7749f000 (149 entries)
bios0: vendor Apple Inc. version &quot;MP41.88Z.0081.B07.0910130729&quot; date 10/13/09
bios0: Apple Inc. MacPro4,1
acpi0 at bios0: rev 2
acpi0: sleep states S0 S1 S3 S4 S5
acpi0: tables DSDT FACP ECDT HPET APIC MCFG SSDT SSDT DMAR
acpi0: wakeup devices IOU2(S4) PPB2(S4) PPB4(S4) IOU0(S4) IOU1(S4) HDEF(S3) ETH0(S3) ETH1(S3) ARPT(S3) UHC1(S3) UHC2(S3) UHC3(S3) UHC4(S3) UHC5(S3) UHC6(S3) EHC1(S3) [...]
acpitimer0 at acpi0: 3579545 Hz, 24 bits
acpiec0 at acpi0
acpihpet0 at acpi0: 14318179 Hz
acpimadt0 at acpi0 addr 0xfee00000: PC-AT compat
cpu0 at mainbus0: apid 0 (boot processor)
cpu0: Intel(R) Xeon(R) CPU E5520 @ 2.27GHz, 2261.29 MHz
cpu0: FPU,VME,DE,PSE,TSC,MSR,PAE,MCE,CX8,APIC,SEP,MTRR,PGE,MCA,CMOV,PAT,PSE36,CFLUSH,DS,ACPI,MMX,FXSR,SSE,SSE2,SS,HTT,TM,PBE,SSE3,DTES64,MWAIT,DS-CPL,VMX,EST,TM2,SSSE3,CX16,xTPR,PDCM,DCA,SSE4.1,SSE4.2,POPCNT,NXE,RDTSCP,LONG,LAHF,PERF,ITSC,SENSOR
cpu0: 256KB 64b/line 8-way L2 cache
cpu0: TSC frequency 2261288560 Hz
cpu0: smt 0, core 0, package 0
mtrr: Pentium Pro MTRR support, 8 var ranges, 88 fixed ranges
cpu0: apic clock running at 132MHz
cpu0: mwait min=64, max=64, C-substates=0.2.1.1, IBE
cpu1 at mainbus0: apid 16 (application processor)
cpu1: Intel(R) Xeon(R) CPU E5520 @ 2.27GHz, 2260.99 MHz
cpu1: FPU,VME,DE,PSE,TSC,MSR,PAE,MCE,CX8,APIC,SEP,MTRR,PGE,MCA,CMOV,PAT,PSE36,CFLUSH,DS,ACPI,MMX,FXSR,SSE,SSE2,SS,HTT,TM,PBE,SSE3,DTES64,MWAIT,DS-CPL,VMX,EST,TM2,SSSE3,CX16,xTPR,PDCM,DCA,SSE4.1,SSE4.2,POPCNT,NXE,RDTSCP,LONG,LAHF,PERF,ITSC,SENSOR
cpu1: 256KB 64b/line 8-way L2 cache
cpu1: smt 0, core 0, package 1
cpu2 at mainbus0: apid 2 (application processor)
cpu2: Intel(R) Xeon(R) CPU E5520 @ 2.27GHz, 2260.99 MHz
cpu2: FPU,VME,DE,PSE,TSC,MSR,PAE,MCE,CX8,APIC,SEP,MTRR,PGE,MCA,CMOV,PAT,PSE36,CFLUSH,DS,ACPI,MMX,FXSR,SSE,SSE2,SS,HTT,TM,PBE,SSE3,DTES64,MWAIT,DS-CPL,VMX,EST,TM2,SSSE3,CX16,xTPR,PDCM,DCA,SSE4.1,SSE4.2,POPCNT,NXE,RDTSCP,LONG,LAHF,PERF,ITSC,SENSOR
cpu2: 256KB 64b/line 8-way L2 cache
cpu2: smt 0, core 1, package 0
cpu3 at mainbus0: apid 18 (application processor)
cpu3: Intel(R) Xeon(R) CPU E5520 @ 2.27GHz, 2260.99 MHz
cpu3: FPU,VME,DE,PSE,TSC,MSR,PAE,MCE,CX8,APIC,SEP,MTRR,PGE,MCA,CMOV,PAT,PSE36,CFLUSH,DS,ACPI,MMX,FXSR,SSE,SSE2,SS,HTT,TM,PBE,SSE3,DTES64,MWAIT,DS-CPL,VMX,EST,TM2,SSSE3,CX16,xTPR,PDCM,DCA,SSE4.1,SSE4.2,POPCNT,NXE,RDTSCP,LONG,LAHF,PERF,ITSC,SENSOR
cpu3: 256KB 64b/line 8-way L2 cache
cpu3: smt 0, core 1, package 1
cpu4 at mainbus0: apid 4 (application processor)
cpu4: Intel(R) Xeon(R) CPU E5520 @ 2.27GHz, 2260.99 MHz
cpu4: FPU,VME,DE,PSE,TSC,MSR,PAE,MCE,CX8,APIC,SEP,MTRR,PGE,MCA,CMOV,PAT,PSE36,CFLUSH,DS,ACPI,MMX,FXSR,SSE,SSE2,SS,HTT,TM,PBE,SSE3,DTES64,MWAIT,DS-CPL,VMX,EST,TM2,SSSE3,CX16,xTPR,PDCM,DCA,SSE4.1,SSE4.2,POPCNT,NXE,RDTSCP,LONG,LAHF,PERF,ITSC,SENSOR
cpu4: 256KB 64b/line 8-way L2 cache
cpu4: smt 0, core 2, package 0
cpu5 at mainbus0: apid 20 (application processor)
cpu5: Intel(R) Xeon(R) CPU E5520 @ 2.27GHz, 2260.99 MHz
cpu5: FPU,VME,DE,PSE,TSC,MSR,PAE,MCE,CX8,APIC,SEP,MTRR,PGE,MCA,CMOV,PAT,PSE36,CFLUSH,DS,ACPI,MMX,FXSR,SSE,SSE2,SS,HTT,TM,PBE,SSE3,DTES64,MWAIT,DS-CPL,VMX,EST,TM2,SSSE3,CX16,xTPR,PDCM,DCA,SSE4.1,SSE4.2,POPCNT,NXE,RDTSCP,LONG,LAHF,PERF,ITSC,SENSOR
cpu5: 256KB 64b/line 8-way L2 cache
cpu5: smt 0, core 2, package 1
cpu6 at mainbus0: apid 6 (application processor)
cpu6: Intel(R) Xeon(R) CPU E5520 @ 2.27GHz, 2260.99 MHz
cpu6: FPU,VME,DE,PSE,TSC,MSR,PAE,MCE,CX8,APIC,SEP,MTRR,PGE,MCA,CMOV,PAT,PSE36,CFLUSH,DS,ACPI,MMX,FXSR,SSE,SSE2,SS,HTT,TM,PBE,SSE3,DTES64,MWAIT,DS-CPL,VMX,EST,TM2,SSSE3,CX16,xTPR,PDCM,DCA,SSE4.1,SSE4.2,POPCNT,NXE,RDTSCP,LONG,LAHF,PERF,ITSC,SENSOR
cpu6: 256KB 64b/line 8-way L2 cache
cpu6: smt 0, core 3, package 0
cpu7 at mainbus0: apid 22 (application processor)
cpu7: Intel(R) Xeon(R) CPU E5520 @ 2.27GHz, 2260.99 MHz
cpu7: FPU,VME,DE,PSE,TSC,MSR,PAE,MCE,CX8,APIC,SEP,MTRR,PGE,MCA,CMOV,PAT,PSE36,CFLUSH,DS,ACPI,MMX,FXSR,SSE,SSE2,SS,HTT,TM,PBE,SSE3,DTES64,MWAIT,DS-CPL,VMX,EST,TM2,SSSE3,CX16,xTPR,PDCM,DCA,SSE4.1,SSE4.2,POPCNT,NXE,RDTSCP,LONG,LAHF,PERF,ITSC,SENSOR
cpu7: 256KB 64b/line 8-way L2 cache
cpu7: smt 0, core 3, package 1
cpu8 at mainbus0: apid 1 (application processor)
cpu8: Intel(R) Xeon(R) CPU E5520 @ 2.27GHz, 2260.99 MHz
cpu8: FPU,VME,DE,PSE,TSC,MSR,PAE,MCE,CX8,APIC,SEP,MTRR,PGE,MCA,CMOV,PAT,PSE36,CFLUSH,DS,ACPI,MMX,FXSR,SSE,SSE2,SS,HTT,TM,PBE,SSE3,DTES64,MWAIT,DS-CPL,VMX,EST,TM2,SSSE3,CX16,xTPR,PDCM,DCA,SSE4.1,SSE4.2,POPCNT,NXE,RDTSCP,LONG,LAHF,PERF,ITSC,SENSOR
cpu8: 256KB 64b/line 8-way L2 cache
cpu8: smt 1, core 0, package 0
cpu9 at mainbus0: apid 17 (application processor)
cpu9: Intel(R) Xeon(R) CPU E5520 @ 2.27GHz, 2260.99 MHz
cpu9: FPU,VME,DE,PSE,TSC,MSR,PAE,MCE,CX8,APIC,SEP,MTRR,PGE,MCA,CMOV,PAT,PSE36,CFLUSH,DS,ACPI,MMX,FXSR,SSE,SSE2,SS,HTT,TM,PBE,SSE3,DTES64,MWAIT,DS-CPL,VMX,EST,TM2,SSSE3,CX16,xTPR,PDCM,DCA,SSE4.1,SSE4.2,POPCNT,NXE,RDTSCP,LONG,LAHF,PERF,ITSC,SENSOR
cpu9: 256KB 64b/line 8-way L2 cache
cpu9: smt 1, core 0, package 1
cpu10 at mainbus0: apid 3 (application processor)
cpu10: Intel(R) Xeon(R) CPU E5520 @ 2.27GHz, 2260.99 MHz
cpu10: FPU,VME,DE,PSE,TSC,MSR,PAE,MCE,CX8,APIC,SEP,MTRR,PGE,MCA,CMOV,PAT,PSE36,CFLUSH,DS,ACPI,MMX,FXSR,SSE,SSE2,SS,HTT,TM,PBE,SSE3,DTES64,MWAIT,DS-CPL,VMX,EST,TM2,SSSE3,CX16,xTPR,PDCM,DCA,SSE4.1,SSE4.2,POPCNT,NXE,RDTSCP,LONG,LAHF,PERF,ITSC,SENSOR
cpu10: 256KB 64b/line 8-way L2 cache
cpu10: smt 1, core 1, package 0
cpu11 at mainbus0: apid 19 (application processor)
cpu11: Intel(R) Xeon(R) CPU E5520 @ 2.27GHz, 2260.99 MHz
cpu11: FPU,VME,DE,PSE,TSC,MSR,PAE,MCE,CX8,APIC,SEP,MTRR,PGE,MCA,CMOV,PAT,PSE36,CFLUSH,DS,ACPI,MMX,FXSR,SSE,SSE2,SS,HTT,TM,PBE,SSE3,DTES64,MWAIT,DS-CPL,VMX,EST,TM2,SSSE3,CX16,xTPR,PDCM,DCA,SSE4.1,SSE4.2,POPCNT,NXE,RDTSCP,LONG,LAHF,PERF,ITSC,SENSOR
cpu11: 256KB 64b/line 8-way L2 cache
cpu11: smt 1, core 1, package 1
cpu12 at mainbus0: apid 5 (application processor)
cpu12: Intel(R) Xeon(R) CPU E5520 @ 2.27GHz, 2260.99 MHz
cpu12: FPU,VME,DE,PSE,TSC,MSR,PAE,MCE,CX8,APIC,SEP,MTRR,PGE,MCA,CMOV,PAT,PSE36,CFLUSH,DS,ACPI,MMX,FXSR,SSE,SSE2,SS,HTT,TM,PBE,SSE3,DTES64,MWAIT,DS-CPL,VMX,EST,TM2,SSSE3,CX16,xTPR,PDCM,DCA,SSE4.1,SSE4.2,POPCNT,NXE,RDTSCP,LONG,LAHF,PERF,ITSC,SENSOR
cpu12: 256KB 64b/line 8-way L2 cache
cpu12: smt 1, core 2, package 0
cpu13 at mainbus0: apid 21 (application processor)
cpu13: Intel(R) Xeon(R) CPU E5520 @ 2.27GHz, 2260.99 MHz
cpu13: FPU,VME,DE,PSE,TSC,MSR,PAE,MCE,CX8,APIC,SEP,MTRR,PGE,MCA,CMOV,PAT,PSE36,CFLUSH,DS,ACPI,MMX,FXSR,SSE,SSE2,SS,HTT,TM,PBE,SSE3,DTES64,MWAIT,DS-CPL,VMX,EST,TM2,SSSE3,CX16,xTPR,PDCM,DCA,SSE4.1,SSE4.2,POPCNT,NXE,RDTSCP,LONG,LAHF,PERF,ITSC,SENSOR
cpu13: 256KB 64b/line 8-way L2 cache
cpu13: smt 1, core 2, package 1
cpu14 at mainbus0: apid 7 (application processor)
cpu14: Intel(R) Xeon(R) CPU E5520 @ 2.27GHz, 2260.99 MHz
cpu14: FPU,VME,DE,PSE,TSC,MSR,PAE,MCE,CX8,APIC,SEP,MTRR,PGE,MCA,CMOV,PAT,PSE36,CFLUSH,DS,ACPI,MMX,FXSR,SSE,SSE2,SS,HTT,TM,PBE,SSE3,DTES64,MWAIT,DS-CPL,VMX,EST,TM2,SSSE3,CX16,xTPR,PDCM,DCA,SSE4.1,SSE4.2,POPCNT,NXE,RDTSCP,LONG,LAHF,PERF,ITSC,SENSOR
cpu14: 256KB 64b/line 8-way L2 cache
cpu14: smt 1, core 3, package 0
cpu15 at mainbus0: apid 23 (application processor)
cpu15: Intel(R) Xeon(R) CPU E5520 @ 2.27GHz, 2260.99 MHz
cpu15: FPU,VME,DE,PSE,TSC,MSR,PAE,MCE,CX8,APIC,SEP,MTRR,PGE,MCA,CMOV,PAT,PSE36,CFLUSH,DS,ACPI,MMX,FXSR,SSE,SSE2,SS,HTT,TM,PBE,SSE3,DTES64,MWAIT,DS-CPL,VMX,EST,TM2,SSSE3,CX16,xTPR,PDCM,DCA,SSE4.1,SSE4.2,POPCNT,NXE,RDTSCP,LONG,LAHF,PERF,ITSC,SENSOR
cpu15: 256KB 64b/line 8-way L2 cache
cpu15: smt 1, core 3, package 1
ioapic0 at mainbus0: apid 8 pa 0xfec00000, version 20, 24 pins
acpimadt0: unknown apic structure type 7f
acpimcfg0 at acpi0 addr 0xe0000000, bus 0-255
acpiprt0 at acpi0: bus 0 (PCI0)
acpiprt1 at acpi0: bus 1 (IOU2)
acpiprt2 at acpi0: bus 2 (I2PS)
acpiprt3 at acpi0: bus 3 (PPB2)
acpiprt4 at acpi0: bus 4 (PPB4)
acpiprt5 at acpi0: bus 5 (IOU0)
acpiprt6 at acpi0: bus 6 (IOU1)
acpiprt7 at acpi0: bus 9 (RP03)
acpiprt8 at acpi0: bus 10 (RP04)
acpiprt9 at acpi0: bus 11 (RP05)
acpiprt10 at acpi0: bus 13 (RP06)
acpicpu0 at acpi0: !C3(500@17 mwait.3@0x10), C1(1000@1 mwait.1), PSS
acpicpu1 at acpi0: !C3(500@17 mwait.3@0x10), C1(1000@1 mwait.1), PSS
acpicpu2 at acpi0: !C3(500@17 mwait.3@0x10), C1(1000@1 mwait.1), PSS
acpicpu3 at acpi0: !C3(500@17 mwait.3@0x10), C1(1000@1 mwait.1), PSS
acpicpu4 at acpi0: !C3(500@17 mwait.3@0x10), C1(1000@1 mwait.1), PSS
acpicpu5 at acpi0: !C3(500@17 mwait.3@0x10), C1(1000@1 mwait.1), PSS
acpicpu6 at acpi0: !C3(500@17 mwait.3@0x10), C1(1000@1 mwait.1), PSS
acpicpu7 at acpi0: !C3(500@17 mwait.3@0x10), C1(1000@1 mwait.1), PSS
acpicpu8 at acpi0: !C3(500@17 mwait.3@0x10), C1(1000@1 mwait.1), PSS
acpicpu9 at acpi0: !C3(500@17 mwait.3@0x10), C1(1000@1 mwait.1), PSS
acpicpu10 at acpi0: !C3(500@17 mwait.3@0x10), C1(1000@1 mwait.1), PSS
acpicpu11 at acpi0: !C3(500@17 mwait.3@0x10), C1(1000@1 mwait.1), PSS
acpicpu12 at acpi0: !C3(500@17 mwait.3@0x10), C1(1000@1 mwait.1), PSS
acpicpu13 at acpi0: !C3(500@17 mwait.3@0x10), C1(1000@1 mwait.1), PSS
acpicpu14 at acpi0: !C3(500@17 mwait.3@0x10), C1(1000@1 mwait.1), PSS
acpicpu15 at acpi0: !C3(500@17 mwait.3@0x10), C1(1000@1 mwait.1), PSS
acpibtn0 at acpi0: PWRB
&quot;PNP0003&quot; at acpi0 not configured
&quot;APP0001&quot; at acpi0 not configured
cpu0: Enhanced SpeedStep 2261 MHz: speeds: 2394, 1596 MHz
pci0 at mainbus0 bus 0
pchb0 at pci0 dev 0 function 0 &quot;Intel 5520 Host&quot; rev 0x13
ppb0 at pci0 dev 1 function 0 &quot;Intel X58 PCIE&quot; rev 0x13: msi
pci1 at ppb0 bus 1
ppb1 at pci1 dev 0 function 0 vendor &quot;IDT&quot;, unknown product 0x8061 rev 0x01
pci2 at ppb1 bus 2
ppb2 at pci2 dev 2 function 0 vendor &quot;IDT&quot;, unknown product 0x8061 rev 0x01
pci3 at ppb2 bus 3
ppb3 at pci2 dev 4 function 0 vendor &quot;IDT&quot;, unknown product 0x8061 rev 0x01
pci4 at ppb3 bus 4
ppb4 at pci0 dev 3 function 0 &quot;Intel X58 PCIE&quot; rev 0x13: msi
pci5 at ppb4 bus 5
radeondrm0 at pci5 dev 0 function 0 &quot;ATI Radeon HD 4870&quot; rev 0x00
drm0 at radeondrm0
radeondrm0: msi
ppb5 at pci0 dev 7 function 0 &quot;Intel X58 PCIE&quot; rev 0x13: msi
pci6 at ppb5 bus 6
pchb1 at pci0 dev 13 function 0 vendor &quot;Intel&quot;, unknown product 0x343a rev 0x13
pchb2 at pci0 dev 13 function 1 vendor &quot;Intel&quot;, unknown product 0x343b rev 0x13
pchb3 at pci0 dev 13 function 2 vendor &quot;Intel&quot;, unknown product 0x343c rev 0x13
pchb4 at pci0 dev 13 function 3 vendor &quot;Intel&quot;, unknown product 0x343d rev 0x13
pchb5 at pci0 dev 13 function 4 &quot;Intel 5520/X58 QuickPath&quot; rev 0x13
pchb6 at pci0 dev 13 function 5 &quot;Intel 5520 QuickPath&quot; rev 0x13
pchb7 at pci0 dev 13 function 6 vendor &quot;Intel&quot;, unknown product 0x341a rev 0x13
pchb8 at pci0 dev 13 function 7 vendor &quot;Intel&quot;, unknown product 0x341b rev 0x13
pchb9 at pci0 dev 14 function 0 vendor &quot;Intel&quot;, unknown product 0x341c rev 0x13
pchb10 at pci0 dev 14 function 1 vendor &quot;Intel&quot;, unknown product 0x341d rev 0x13
pchb11 at pci0 dev 14 function 2 vendor &quot;Intel&quot;, unknown product 0x341e rev 0x13
pchb12 at pci0 dev 14 function 3 vendor &quot;Intel&quot;, unknown product 0x341f rev 0x13
pchb13 at pci0 dev 14 function 4 vendor &quot;Intel&quot;, unknown product 0x3439 rev 0x13
vendor &quot;Intel&quot;, unknown product 0x3424 (class DASP subclass Time and Frequency, rev 0x13) at pci0 dev 15 function 0 not configured
&quot;Intel X58 QuickPath&quot; rev 0x13 at pci0 dev 16 function 0 not configured
&quot;Intel X58 QuickPath&quot; rev 0x13 at pci0 dev 16 function 1 not configured
&quot;Intel X58 QuickPath&quot; rev 0x13 at pci0 dev 17 function 0 not configured
&quot;Intel X58 QuickPath&quot; rev 0x13 at pci0 dev 17 function 1 not configured
&quot;Intel X58 IOxAPIC&quot; rev 0x13 at pci0 dev 19 function 0 not configured
&quot;Intel X58 Misc&quot; rev 0x13 at pci0 dev 20 function 0 not configured
&quot;Intel X58 GPIO&quot; rev 0x13 at pci0 dev 20 function 1 not configured
&quot;Intel X58 RAS&quot; rev 0x13 at pci0 dev 20 function 2 not configured
&quot;Intel X58 Throttle&quot; rev 0x13 at pci0 dev 20 function 3 not configured
vendor &quot;Intel&quot;, unknown product 0x342f (class system subclass interrupt, rev 0x13) at pci0 dev 21 function 0 not configured
&quot;Intel X58 QuickData&quot; rev 0x13 at pci0 dev 22 function 0 not configured
&quot;Intel X58 QuickData&quot; rev 0x13 at pci0 dev 22 function 1 not configured
&quot;Intel X58 QuickData&quot; rev 0x13 at pci0 dev 22 function 2 not configured
&quot;Intel X58 QuickData&quot; rev 0x13 at pci0 dev 22 function 3 not configured
&quot;Intel X58 QuickData&quot; rev 0x13 at pci0 dev 22 function 4 not configured
&quot;Intel X58 QuickData&quot; rev 0x13 at pci0 dev 22 function 5 not configured
&quot;Intel X58 QuickData&quot; rev 0x13 at pci0 dev 22 function 6 not configured
&quot;Intel X58 QuickData&quot; rev 0x13 at pci0 dev 22 function 7 not configured
uhci0 at pci0 dev 26 function 0 &quot;Intel 82801JI USB&quot; rev 0x00: apic 8 int 16
uhci1 at pci0 dev 26 function 1 &quot;Intel 82801JI USB&quot; rev 0x00: apic 8 int 21
uhci2 at pci0 dev 26 function 2 &quot;Intel 82801JI USB&quot; rev 0x00: apic 8 int 19
ehci0 at pci0 dev 26 function 7 &quot;Intel 82801JI USB&quot; rev 0x00: apic 8 int 18
usb0 at ehci0: USB revision 2.0
uhub0 at usb0 configuration 1 interface 0 &quot;Intel EHCI root hub&quot; rev 2.00/1.00 addr 1
azalia0 at pci0 dev 27 function 0 &quot;Intel 82801JI HD Audio&quot; rev 0x00: msi
azalia0: codecs: Realtek ALC885
audio0 at azalia0
ppb6 at pci0 dev 28 function 0 &quot;Intel 82801JI PCIE&quot; rev 0x00
pci7 at ppb6 bus 7
ppb7 at pci0 dev 28 function 1 &quot;Intel 82801JI PCIE&quot; rev 0x00
pci8 at ppb7 bus 8
ppb8 at pci0 dev 28 function 2 &quot;Intel 82801JI PCIE&quot; rev 0x00
pci9 at ppb8 bus 9
em0 at pci9 dev 0 function 0 &quot;Intel 82574L&quot; rev 0x00: msi, address xx:xx:xx:xx:xx:xx
ppb9 at pci0 dev 28 function 3 &quot;Intel 82801JI PCIE&quot; rev 0x00
pci10 at ppb9 bus 10
em1 at pci10 dev 0 function 0 &quot;Intel 82574L&quot; rev 0x00: msi, address xx:xx:xx:xx:xx:xx
ppb10 at pci0 dev 28 function 4 &quot;Intel 82801JI PCIE&quot; rev 0x00
pci11 at ppb10 bus 11
ppb11 at pci11 dev 0 function 0 &quot;TI XIO2221 PCIE-PCI&quot; rev 0x01
pci12 at ppb11 bus 12
&quot;TI XIO2221 FireWire&quot; rev 0x01 at pci12 dev 0 function 0 not configured
ppb12 at pci0 dev 28 function 5 &quot;Intel 82801JI PCIE&quot; rev 0x00
pci13 at ppb12 bus 13
uhci3 at pci0 dev 29 function 0 &quot;Intel 82801JI USB&quot; rev 0x00: apic 8 int 23
uhci4 at pci0 dev 29 function 1 &quot;Intel 82801JI USB&quot; rev 0x00: apic 8 int 19
uhci5 at pci0 dev 29 function 2 &quot;Intel 82801JI USB&quot; rev 0x00: apic 8 int 18
ehci1 at pci0 dev 29 function 7 &quot;Intel 82801JI USB&quot; rev 0x00: apic 8 int 16
usb1 at ehci1: USB revision 2.0
uhub1 at usb1 configuration 1 interface 0 &quot;Intel EHCI root hub&quot; rev 2.00/1.00 addr 1
ppb13 at pci0 dev 30 function 0 &quot;Intel 82801BA Hub-to-PCI&quot; rev 0x90
pci14 at ppb13 bus 14
pcib0 at pci0 dev 31 function 0 &quot;Intel 82801JIB LPC&quot; rev 0x00
ahci0 at pci0 dev 31 function 2 &quot;Intel 82801JI AHCI&quot; rev 0x00: msi, AHCI 1.2
ahci0: port 0: 3.0Gb/s
ahci0: port 2: 3.0Gb/s
ahci0: port 3: 3.0Gb/s
ahci0: port 4: 3.0Gb/s
ahci0: port 5: 3.0Gb/s
scsibus1 at ahci0: 32 targets
sd0 at scsibus1 targ 0 lun 0: &lt;ATA, OCZ-VERTEX3 MI, 2.08&gt; SCSI3 0/direct fixed naa.5e83a97f07308ec9
sd0: 228936MB, 512 bytes/sector, 468862128 sectors, thin
sd1 at scsibus1 targ 2 lun 0: &lt;ATA, WDC WD4003FZEX-0, 01.0&gt; SCSI3 0/direct fixed naa.50014ee25e27964e
sd1: 3815447MB, 512 bytes/sector, 7814037168 sectors
sd2 at scsibus1 targ 3 lun 0: &lt;ATA, WDC WD4003FZEX-0, 01.0&gt; SCSI3 0/direct fixed naa.50014ee2b37877db
sd2: 3815447MB, 512 bytes/sector, 7814037168 sectors
sd3 at scsibus1 targ 4 lun 0: &lt;ATA, WDC WD2002FYPS-0, 04.0&gt; SCSI3 0/direct fixed naa.50014ee2593be7a4
sd3: 1907729MB, 512 bytes/sector, 3907029168 sectors
sd4 at scsibus1 targ 5 lun 0: &lt;ATA, WDC WD2002FYPS-0, 04.0&gt; SCSI3 0/direct fixed naa.50014ee2ae91954d
sd4: 1907729MB, 512 bytes/sector, 3907029168 sectors
ichiic0 at pci0 dev 31 function 3 &quot;Intel 82801JI SMBus&quot; rev 0x00: apic 8 int 18
iic0 at ichiic0
iic0: addr 0x2e 00=40 words 00=4040 01=0000 02=0000 03=0000 04=0000 05=0000 06=0000 07=0000
usb2 at uhci0: USB revision 1.0
uhub2 at usb2 configuration 1 interface 0 &quot;Intel UHCI root hub&quot; rev 1.00/1.00 addr 1
usb3 at uhci1: USB revision 1.0
uhub3 at usb3 configuration 1 interface 0 &quot;Intel UHCI root hub&quot; rev 1.00/1.00 addr 1
usb4 at uhci2: USB revision 1.0
uhub4 at usb4 configuration 1 interface 0 &quot;Intel UHCI root hub&quot; rev 1.00/1.00 addr 1
usb5 at uhci3: USB revision 1.0
uhub5 at usb5 configuration 1 interface 0 &quot;Intel UHCI root hub&quot; rev 1.00/1.00 addr 1
usb6 at uhci4: USB revision 1.0
uhub6 at usb6 configuration 1 interface 0 &quot;Intel UHCI root hub&quot; rev 1.00/1.00 addr 1
usb7 at uhci5: USB revision 1.0
uhub7 at usb7 configuration 1 interface 0 &quot;Intel UHCI root hub&quot; rev 1.00/1.00 addr 1
isa0 at pcib0
isadma0 at isa0
pcppi0 at isa0 port 0x61
spkr0 at pcppi0
asmc0 at isa0 port 0x300/32: rev 1.39f539, 404 keys
vmm0 at mainbus0: VMX/EPT
efifb at mainbus0 not configured
vscsi0 at root
scsibus2 at vscsi0: 256 targets
softraid0 at root
scsibus3 at softraid0: 256 targets
root on sd0a (231b2e3425ced762.a) swap on sd0b dump on sd0b
error: [drm:pid0:radeon_read_platform_bios] *ERROR* bios size zero or checksum mismatch
radeondrm0: 1024x768, 32bpp
wsdisplay0 at radeondrm0 mux 1: console (std, vt100 emulation)
wsdisplay0: screen 1-5 added (std, vt100 emulation)
</pre>



</div><!-- content -->
<br />
<div id="footer">
All comments/news/posts are the property of their individual owner and
is presented without warranty of suitability, and solely as an
informational resource. <br />
This site Copyright &copy; 2004-2020 NYC*BUG.
</div><!-- footer -->

</body>
</html>

