



<!doctype html>
<html lang="en">
<head>
<meta name="keywords"
	content="bsd, freebsd, openbsd, netbsd, dragonflybsd, nycbug, dmesgd" />
<meta name="description" content="New York City BSD User Group dmesgd" />
<meta charset="utf-8" />
<meta name="viewport" content="width=device-width, initial-scale=1" />
<title>NYC*BUG dmesgd</title>
<style>
body {
	text-align: left;
	margin: 15px auto;
	padding: 0px 10px;
}
@media (min-width: 800px) {
	body {
		max-width: 85%;
	}
}
#header {
	border-bottom: 1px solid #dbdbdb;
	font-size: 230%;
	text-align: left;
}
#footer {
	border-top: 1px solid #dbdbdb;
	clear: both;
	text-align: left;
}
.logo_bug {
	color: #cc0033;
}
#menu ul {
	list-style-type: none;
	margin: 0;
	padding: 0;
}
#menu li {
	float: left;
}
#menu li a {
	display: block;
	background-color: #dbdbdb;
	color: #000000;
	font-size: 105%;
	font-weight: bold;
	padding: 0px 6px 0px 6px;
	text-decoration: none;
}
#content {
	clear: both;
	text-align: left;
	padding-top: 10px;
}
#content h1 {
	font-size: 120%;
	font-weight: bold;
}
#content h2 {
	font-size: 110%;
	font-weight: bold;
}
#content a {
	text-decoration: none;
}
#content pre {
	background-color: #dbdbdb;
	padding: 5px 5px 5px 5px;
	white-space: pre-wrap;		/* css-3 */
	white-space: -moz-pre-wrap;	/* Mozilla, since 1999 */
	white-space: -pre-wrap;		/* Opera 4-6 */
	white-space: -o-pre-wrap;	/* Opera 7 */
	word-wrap: break-word;		/* Internet Explorer 5.5+ */
}
#content table {
	border-collapse: collapse;
}
#content table th {
	border: 1px solid #dbdbdb;
	font-size: 85%;
	white-space: nowrap;
}
#content table td {
	border: 1px solid #dbdbdb;
	font-size: 80%;
}
#content input {
	font-size: 1em;
}
#content .full	{ width: 100%; }
#content .left	{ text-align: left; }
#content .right	{ text-align: right; }
#content .center { text-align: center; }
#content .flexbox {
	display: -ms-flex;
	display: -webkit-flex;
	display: flex;
	width: 100%;
}
#content .left_col {
	min-width: 75px;
	max-width: 50%;
	flex-grow: 0;
}
#content .right_col {
	flex-grow: 1;
	margin-left: 10px;
	padding-top: 10px;
	padding-left: 10px;
}
#col {
	-moz-column-count: 3;
	-webkit-column-count: 3;
	column-count: 3;
}
</style>
</head>
<body>

<div id="header">
<strong><em>NYC*</em><span class="logo_bug">BUG</span> dmesgd</strong>
</div><!-- header -->

<div id="menu">
<ul>
<li><a href="https://dmesgd.nycbug.org/index.cgi?do=index">Home</a></li>
<li><a href="https://dmesgd.nycbug.org/index.cgi?do=submit">Submit</a></li>
<li><a href="https://www.nycbug.org/">NYC*BUG</a></li>
</ul>
</div><!-- menu -->

<div id="content">

<p>
Launched in 2004, dmesgd aims to provide a
<strong>user-submitted</strong> repository of searchable *BSD dmesgs.
The dmesg(8) command displays the system message buffer's content, and
during boot a copy is saved to <em>/var/run/dmesg.boot</em>.  This buffer
contains the operating system release, name and version, a list of
devices identified, plus a whole host of other useful information.  We
hope others find this resource useful and further contribute to its
growth. Contact us at [ admin at lists dot nycbug dot org ].
</p>

<hr />


<strong>Date:</strong> <em>2017-12-27 18:35:40</em><br />
<strong>From:</strong> <em>profit</em><br />
<strong>Description:</strong> <em>HP EliteBook 8470p</em><br />

<pre>
OpenBSD 6.2 (GENERIC.MP) #134: Tue Oct  3 21:22:29 MDT 2017
    xxx@xxx.xxx:/usr/src/sys/arch/amd64/compile/GENERIC.MP
real mem = 4135518208 (3943MB)
avail mem = 4003168256 (3817MB)
mpath0 at root
scsibus0 at mpath0: 256 targets
mainbus0 at root
bios0 at mainbus0: SMBIOS rev. 2.7 @ 0xb9c3f000 (33 entries)
bios0: vendor Hewlett-Packard version &quot;68ICF Ver. F.43&quot; date 07/16/2013
bios0: Hewlett-Packard HP EliteBook 8470p
acpi0 at bios0: rev 2
acpi0: sleep states S0 S3 S4 S5
acpi0: tables DSDT FACP HPET APIC MCFG TCPA SSDT SSDT SSDT SLIC FPDT BGRT SSDT SSDT ASF!
acpi0: wakeup devices LANC(S5) EHC1(S3) EHC2(S3) XHC_(S3) PCIB(S5) RP02(S4) ECF0(S4) RP03(S4) RP04(S5) WNIC(S5) NIC_(S5)
acpitimer0 at acpi0: 3579545 Hz, 24 bits
acpihpet0 at acpi0: 14318179 Hz
acpimadt0 at acpi0 addr 0xfee00000: PC-AT compat
cpu0 at mainbus0: apid 0 (boot processor)
cpu0: Intel(R) Core(TM) i5-3320M CPU @ 2.60GHz, 2594.50 MHz
cpu0: FPU,VME,DE,PSE,TSC,MSR,PAE,MCE,CX8,APIC,SEP,MTRR,PGE,MCA,CMOV,PAT,PSE36,CFLUSH,DS,ACPI,MMX,FXSR,SSE,SSE2,SS,HTT,TM,PBE,SSE3,PCLMUL,DTES64,MWAIT,DS-CPL,VMX,SMX,EST,TM2,SSSE3,CX16,xTPR,PDCM,PCID,SSE4.1,SSE4.2,x2APIC,POPCNT,DEADLINE,AES,XSAVE,AVX,F16C,RDRAND,NXE,RDTSCP,LONG,LAHF,PERF,ITSC,FSGSBASE,SMEP,ERMS,SENSOR,ARAT
cpu0: 256KB 64b/line 8-way L2 cache
cpu0: TSC frequency 2594496880 Hz
cpu0: smt 0, core 0, package 0
mtrr: Pentium Pro MTRR support, 10 var ranges, 88 fixed ranges
cpu0: apic clock running at 99MHz
cpu0: mwait min=64, max=64, C-substates=0.2.1.1.2, IBE
cpu1 at mainbus0: apid 1 (application processor)
cpu1: Intel(R) Core(TM) i5-3320M CPU @ 2.60GHz, 2594.11 MHz
cpu1: FPU,VME,DE,PSE,TSC,MSR,PAE,MCE,CX8,APIC,SEP,MTRR,PGE,MCA,CMOV,PAT,PSE36,CFLUSH,DS,ACPI,MMX,FXSR,SSE,SSE2,SS,HTT,TM,PBE,SSE3,PCLMUL,DTES64,MWAIT,DS-CPL,VMX,SMX,EST,TM2,SSSE3,CX16,xTPR,PDCM,PCID,SSE4.1,SSE4.2,x2APIC,POPCNT,DEADLINE,AES,XSAVE,AVX,F16C,RDRAND,NXE,RDTSCP,LONG,LAHF,PERF,ITSC,FSGSBASE,SMEP,ERMS,SENSOR,ARAT
cpu1: 256KB 64b/line 8-way L2 cache
cpu1: smt 1, core 0, package 0
cpu2 at mainbus0: apid 2 (application processor)
cpu2: Intel(R) Core(TM) i5-3320M CPU @ 2.60GHz, 2594.11 MHz
cpu2: FPU,VME,DE,PSE,TSC,MSR,PAE,MCE,CX8,APIC,SEP,MTRR,PGE,MCA,CMOV,PAT,PSE36,CFLUSH,DS,ACPI,MMX,FXSR,SSE,SSE2,SS,HTT,TM,PBE,SSE3,PCLMUL,DTES64,MWAIT,DS-CPL,VMX,SMX,EST,TM2,SSSE3,CX16,xTPR,PDCM,PCID,SSE4.1,SSE4.2,x2APIC,POPCNT,DEADLINE,AES,XSAVE,AVX,F16C,RDRAND,NXE,RDTSCP,LONG,LAHF,PERF,ITSC,FSGSBASE,SMEP,ERMS,SENSOR,ARAT
cpu2: 256KB 64b/line 8-way L2 cache
cpu2: smt 0, core 1, package 0
cpu3 at mainbus0: apid 3 (application processor)
cpu3: Intel(R) Core(TM) i5-3320M CPU @ 2.60GHz, 2594.11 MHz
cpu3: FPU,VME,DE,PSE,TSC,MSR,PAE,MCE,CX8,APIC,SEP,MTRR,PGE,MCA,CMOV,PAT,PSE36,CFLUSH,DS,ACPI,MMX,FXSR,SSE,SSE2,SS,HTT,TM,PBE,SSE3,PCLMUL,DTES64,MWAIT,DS-CPL,VMX,SMX,EST,TM2,SSSE3,CX16,xTPR,PDCM,PCID,SSE4.1,SSE4.2,x2APIC,POPCNT,DEADLINE,AES,XSAVE,AVX,F16C,RDRAND,NXE,RDTSCP,LONG,LAHF,PERF,ITSC,FSGSBASE,SMEP,ERMS,SENSOR,ARAT
cpu3: 256KB 64b/line 8-way L2 cache
cpu3: smt 1, core 1, package 0
ioapic0 at mainbus0: apid 0 pa 0xfec00000, version 20, 24 pins
acpimcfg0 at acpi0 addr 0xe0000000, bus 0-255
acpiprt0 at acpi0: bus -1 (PEGP)
acpiprt1 at acpi0: bus -1 (PCIB)
acpiprt2 at acpi0: bus 1 (RP01)
acpiprt3 at acpi0: bus 2 (RP02)
acpiprt4 at acpi0: bus 35 (RP03)
acpiprt5 at acpi0: bus 36 (RP04)
acpiprt6 at acpi0: bus 0 (PCI0)
acpiec0 at acpi0
acpicpu0 at acpi0: C2(350@80 mwait.1@0x20), C1(1000@1 mwait.1), PSS
acpicpu1 at acpi0: C2(350@80 mwait.1@0x20), C1(1000@1 mwait.1), PSS
acpicpu2 at acpi0: C2(350@80 mwait.1@0x20), C1(1000@1 mwait.1), PSS
acpicpu3 at acpi0: C2(350@80 mwait.1@0x20), C1(1000@1 mwait.1), PSS
acpipwrres0 at acpi0: APPR, resource for HDEF
acpipwrres1 at acpi0: COMP, resource for COM1
acpipwrres2 at acpi0: LPP_, resource for LPT0
acpitz0 at acpi0: critical temperature is 128 degC
acpitz1 at acpi0: critical temperature is 128 degC
acpitz2 at acpi0: critical temperature is 128 degC
acpitz3 at acpi0: critical temperature is 128 degC
acpitz4 at acpi0: critical temperature is 128 degC
acpitz5 at acpi0: critical temperature is 128 degC
acpitz6 at acpi0: critical temperature is 128 degC
acpitz7 at acpi0: critical temperature is 128 degC
&quot;HPQ6001&quot; at acpi0 not configured
tpm0 at acpi0: GTPM addr 0xfed40000/0x5000: Infineon SLB9635 1.2 rev 0x10
&quot;PNP0A06&quot; at acpi0 not configured
&quot;PNP0401&quot; at acpi0 not configured
&quot;HPQ8001&quot; at acpi0 not configured
&quot;SYN018E&quot; at acpi0 not configured
&quot;HPQ6000&quot; at acpi0 not configured
acpibat0 at acpi0: BAT0 model &quot;Primary&quot; serial 56570 2013/02/06 type LIon oem &quot;Hewlett-Packard&quot;
acpibat1 at acpi0: BAT1 not present
acpiac0 at acpi0: AC unit online
acpibtn0 at acpi0: SLPB
acpibtn1 at acpi0: LID_
&quot;PNP0C14&quot; at acpi0 not configured
&quot;INT340E&quot; at acpi0 not configured
acpivideo0 at acpi0: DGFX
acpivideo1 at acpi0: GFX0
acpivout0 at acpivideo1: DD02
cpu0: Enhanced SpeedStep 2594 MHz: speeds: 2601, 2600, 2500, 2400, 2300, 2200, 2100, 2000, 1900, 1800, 1700, 1600, 1500, 1400, 1300, 1200 MHz
pci0 at mainbus0 bus 0
pchb0 at pci0 dev 0 function 0 &quot;Intel Core 3G Host&quot; rev 0x09
inteldrm0 at pci0 dev 2 function 0 &quot;Intel HD Graphics 4000&quot; rev 0x09
drm0 at inteldrm0
inteldrm0: msi
inteldrm0: 1366x768, 32bpp
wsdisplay0 at inteldrm0 mux 1: console (std, vt100 emulation)
wsdisplay0: screen 1-5 added (std, vt100 emulation)
xhci0 at pci0 dev 20 function 0 &quot;Intel 7 Series xHCI&quot; rev 0x04: msi
usb0 at xhci0: USB revision 3.0
uhub0 at usb0 configuration 1 interface 0 &quot;Intel xHCI root hub&quot; rev 3.00/1.00 addr 1
&quot;Intel 7 Series MEI&quot; rev 0x04 at pci0 dev 22 function 0 not configured
puc0 at pci0 dev 22 function 3 &quot;Intel 7 Series KT&quot; rev 0x04: ports: 1 com
com4 at puc0 port 0 apic 0 int 17: ns16550a, 16 byte fifo
com4: probed fifo depth: 0 bytes
em0 at pci0 dev 25 function 0 &quot;Intel 82579LM&quot; rev 0x04: msi, address xx:xx:xx:xx:xx:xx
ehci0 at pci0 dev 26 function 0 &quot;Intel 7 Series USB&quot; rev 0x04: apic 0 int 16
usb1 at ehci0: USB revision 2.0
uhub1 at usb1 configuration 1 interface 0 &quot;Intel EHCI root hub&quot; rev 2.00/1.00 addr 1
azalia0 at pci0 dev 27 function 0 &quot;Intel 7 Series HD Audio&quot; rev 0x04: msi
azalia0: codecs: IDT 92HD81B1X, 0x0000/0x0000, Intel/0x2806, using IDT 92HD81B1X
audio0 at azalia0
ppb0 at pci0 dev 28 function 0 &quot;Intel 7 Series PCIE&quot; rev 0xc4: msi
pci1 at ppb0 bus 1
ppb1 at pci0 dev 28 function 1 &quot;Intel 7 Series PCIE&quot; rev 0xc4: msi
pci2 at ppb1 bus 2
ppb2 at pci0 dev 28 function 2 &quot;Intel 7 Series PCIE&quot; rev 0xc4: msi
pci3 at ppb2 bus 35
&quot;JMicron FireWire&quot; rev 0x30 at pci3 dev 0 function 0 not configured
&quot;JMicron SD/MMC&quot; rev 0x30 at pci3 dev 0 function 1 not configured
sdhc0 at pci3 dev 0 function 2 &quot;JMicron SD Host Controller&quot; rev 0x30: apic 0 int 18
sdhc0: SDHC 2.0, 50 MHz base clock
sdmmc0 at sdhc0: 4-bit
ppb3 at pci0 dev 28 function 3 &quot;Intel 7 Series PCIE&quot; rev 0xc4: msi
pci4 at ppb3 bus 36
iwn0 at pci4 dev 0 function 0 &quot;Intel Centrino Ultimate-N 6300&quot; rev 0x3e: msi, MIMO 3T3R, MoW, address xx:xx:xx:xx:xx:xx
ehci1 at pci0 dev 29 function 0 &quot;Intel 7 Series USB&quot; rev 0x04: apic 0 int 16
usb2 at ehci1: USB revision 2.0
uhub2 at usb2 configuration 1 interface 0 &quot;Intel EHCI root hub&quot; rev 2.00/1.00 addr 1
pcib0 at pci0 dev 31 function 0 &quot;Intel QM77 LPC&quot; rev 0x04
pciide0 at pci0 dev 31 function 2 &quot;Intel 7 Series SATA&quot; rev 0x04: DMA, channel 0 configured to native-PCI, channel 1 configured to native-PCI
pciide0: using apic 0 int 19 for native-PCI interrupt
wd0 at pciide0 channel 0 drive 0: &lt;ST320LT007-9ZV142&gt;
wd0: 16-sector PIO, LBA48, 305245MB, 625142448 sectors
wd0(pciide0:0:0): using PIO mode 4, Ultra-DMA mode 6
pciide1 at pci0 dev 31 function 5 &quot;Intel 7 Series SATA&quot; rev 0x04: DMA, channel 0 wired to native-PCI, channel 1 wired to native-PCI
pciide1: using apic 0 int 19 for native-PCI interrupt
isa0 at pcib0
isadma0 at isa0
pckbc0 at isa0 port 0x60/5 irq 1 irq 12
pckbd0 at pckbc0 (kbd slot)
wskbd0 at pckbd0: console keyboard, using wsdisplay0
pms0 at pckbc0 (aux slot)
wsmouse0 at pms0 mux 0
pcppi0 at isa0 port 0x61
spkr0 at pcppi0
lpt0 at isa0 port 0x378/4 irq 7
error: [drm:pid0:cpt_set_fifo_underrun_reporting] *ERROR* uncleared pch fifo underrun on pch transcoder A
error: [drm:pid0:intel_pch_fifo_underrun_irq_handler] *ERROR* PCH transcoder A FIFO underrun
uhub3 at uhub1 port 1 configuration 1 interface 0 &quot;Intel Rate Matching Hub&quot; rev 2.00/0.00 addr 2
uhub4 at uhub2 port 1 configuration 1 interface 0 &quot;Intel Rate Matching Hub&quot; rev 2.00/0.00 addr 2
ugen0 at uhub4 port 6 &quot;Broadcom Corp BCM20702A0&quot; rev 2.00/1.12 addr 3
vscsi0 at root
scsibus1 at vscsi0: 256 targets
softraid0 at root
scsibus2 at softraid0: 256 targets
softraid0: sd0 was not shutdown properly
sd0 at scsibus2 targ 1 lun 0: &lt;OPENBSD, SR CRYPTO, 006&gt; SCSI2 0/direct fixed
sd0: 305242MB, 512 bytes/sector, 625136753 sectors
root on sd0a (992fe22d5e055b72.a) swap on sd0b dump on sd0b
WARNING: / was not properly unmounted
uhidev0 at uhub3 port 6 configuration 1 interface 0 &quot;Yubico Yubikey NEO OTP+U2F+CCID&quot; rev 2.00/3.40 addr 3
uhidev0: iclass 3/1
ukbd0 at uhidev0: 8 variable keys, 6 key codes
wskbd1 at ukbd0 mux 1
wskbd1: connecting to wsdisplay0
uhidev1 at uhub3 port 6 configuration 1 interface 1 &quot;Yubico Yubikey NEO OTP+U2F+CCID&quot; rev 2.00/3.40 addr 3
uhidev1: iclass 3/0
uhid0 at uhidev1: input=64, output=64, feature=0
ugen1 at uhub3 port 6 configuration 1 &quot;Yubico Yubikey NEO OTP+U2F+CCID&quot; rev 2.00/3.40 addr 3
wskbd1: disconnecting from wsdisplay0
wskbd1 detached
ukbd0 detached
uhidev0 detached
uhid0 detached
uhidev1 detached
ugen1 detached
uhidev0 at uhub3 port 6 configuration 1 interface 0 &quot;Yubico Yubikey NEO OTP+U2F+CCID&quot; rev 2.00/3.40 addr 3
uhidev0: iclass 3/1
ukbd0 at uhidev0: 8 variable keys, 6 key codes
wskbd1 at ukbd0 mux 1
wskbd1: connecting to wsdisplay0
uhidev1 at uhub3 port 6 configuration 1 interface 1 &quot;Yubico Yubikey NEO OTP+U2F+CCID&quot; rev 2.00/3.40 addr 3
uhidev1: iclass 3/0
uhid0 at uhidev1: input=64, output=64, feature=0
ugen1 at uhub3 port 6 configuration 1 &quot;Yubico Yubikey NEO OTP+U2F+CCID&quot; rev 2.00/3.40 addr 3
wskbd1: disconnecting from wsdisplay0
wskbd1 detached
ukbd0 detached
uhidev0 detached
uhid0 detached
uhidev1 detached
ugen1 detached
uhidev0 at uhub3 port 6 configuration 1 interface 0 &quot;Yubico Yubikey NEO OTP+U2F+CCID&quot; rev 2.00/3.40 addr 3
uhidev0: iclass 3/1
ukbd0 at uhidev0: 8 variable keys, 6 key codes
wskbd1 at ukbd0 mux 1
wskbd1: connecting to wsdisplay0
uhidev1 at uhub3 port 6 configuration 1 interface 1 &quot;Yubico Yubikey NEO OTP+U2F+CCID&quot; rev 2.00/3.40 addr 3
uhidev1: iclass 3/0
uhid0 at uhidev1: input=64, output=64, feature=0
ugen1 at uhub3 port 6 configuration 1 &quot;Yubico Yubikey NEO OTP+U2F+CCID&quot; rev 2.00/3.40 addr 3
wskbd1: disconnecting from wsdisplay0
wskbd1 detached
ukbd0 detached
uhidev0 detached
uhid0 detached
uhidev1 detached
ugen1 detached
uhub0 detached
uhub3 detached
uhub1 detached
ugen0 detached
uhub4 detached
uhub2 detached
uhub0 at usb0 configuration 1 interface 0 &quot;Intel xHCI root hub&quot; rev 3.00/1.00 addr 1
uhub1 at usb1 configuration 1 interface 0 &quot;Intel EHCI root hub&quot; rev 2.00/1.00 addr 1
uhub2 at usb2 configuration 1 interface 0 &quot;Intel EHCI root hub&quot; rev 2.00/1.00 addr 1
uhub3 at uhub1 port 1 configuration 1 interface 0 &quot;Intel Rate Matching Hub&quot; rev 2.00/0.00 addr 2
uhub4 at uhub2 port 1 configuration 1 interface 0 &quot;Intel Rate Matching Hub&quot; rev 2.00/0.00 addr 2
ugen0 at uhub4 port 6 &quot;Broadcom Corp BCM20702A0&quot; rev 2.00/1.12 addr 3
</pre>



</div><!-- content -->
<br />
<div id="footer">
All comments/news/posts are the property of their individual owner and
is presented without warranty of suitability, and solely as an
informational resource. <br />
This site Copyright &copy; 2004-2020 NYC*BUG.
</div><!-- footer -->

</body>
</html>

