



<!doctype html>
<html lang="en">
<head>
<meta name="keywords"
	content="bsd, freebsd, openbsd, netbsd, dragonflybsd, nycbug, dmesgd" />
<meta name="description" content="New York City BSD User Group dmesgd" />
<meta charset="utf-8" />
<meta name="viewport" content="width=device-width, initial-scale=1" />
<title>NYC*BUG dmesgd</title>
<style>
body {
	text-align: left;
	margin: 15px auto;
	padding: 0px 10px;
}
@media (min-width: 800px) {
	body {
		max-width: 85%;
	}
}
#header {
	border-bottom: 1px solid #dbdbdb;
	font-size: 230%;
	text-align: left;
}
#footer {
	border-top: 1px solid #dbdbdb;
	clear: both;
	text-align: left;
}
.logo_bug {
	color: #cc0033;
}
#menu ul {
	list-style-type: none;
	margin: 0;
	padding: 0;
}
#menu li {
	float: left;
}
#menu li a {
	display: block;
	background-color: #dbdbdb;
	color: #000000;
	font-size: 105%;
	font-weight: bold;
	padding: 0px 6px 0px 6px;
	text-decoration: none;
}
#content {
	clear: both;
	text-align: left;
	padding-top: 10px;
}
#content h1 {
	font-size: 120%;
	font-weight: bold;
}
#content h2 {
	font-size: 110%;
	font-weight: bold;
}
#content a {
	text-decoration: none;
}
#content pre {
	background-color: #dbdbdb;
	padding: 5px 5px 5px 5px;
	white-space: pre-wrap;		/* css-3 */
	white-space: -moz-pre-wrap;	/* Mozilla, since 1999 */
	white-space: -pre-wrap;		/* Opera 4-6 */
	white-space: -o-pre-wrap;	/* Opera 7 */
	word-wrap: break-word;		/* Internet Explorer 5.5+ */
}
#content table {
	border-collapse: collapse;
}
#content table th {
	border: 1px solid #dbdbdb;
	font-size: 85%;
	white-space: nowrap;
}
#content table td {
	border: 1px solid #dbdbdb;
	font-size: 80%;
}
#content input {
	font-size: 1em;
}
#content .full	{ width: 100%; }
#content .left	{ text-align: left; }
#content .right	{ text-align: right; }
#content .center { text-align: center; }
#content .flexbox {
	display: -ms-flex;
	display: -webkit-flex;
	display: flex;
	width: 100%;
}
#content .left_col {
	min-width: 75px;
	max-width: 50%;
	flex-grow: 0;
}
#content .right_col {
	flex-grow: 1;
	margin-left: 10px;
	padding-top: 10px;
	padding-left: 10px;
}
#col {
	-moz-column-count: 3;
	-webkit-column-count: 3;
	column-count: 3;
}
</style>
</head>
<body>

<div id="header">
<strong><em>NYC*</em><span class="logo_bug">BUG</span> dmesgd</strong>
</div><!-- header -->

<div id="menu">
<ul>
<li><a href="https://dmesgd.nycbug.org/index.cgi?do=index">Home</a></li>
<li><a href="https://dmesgd.nycbug.org/index.cgi?do=submit">Submit</a></li>
<li><a href="https://www.nycbug.org/">NYC*BUG</a></li>
</ul>
</div><!-- menu -->

<div id="content">

<p>
Launched in 2004, dmesgd aims to provide a
<strong>user-submitted</strong> repository of searchable *BSD dmesgs.
The dmesg(8) command displays the system message buffer's content, and
during boot a copy is saved to <em>/var/run/dmesg.boot</em>.  This buffer
contains the operating system release, name and version, a list of
devices identified, plus a whole host of other useful information.  We
hope others find this resource useful and further contribute to its
growth. Contact us at [ admin at lists dot nycbug dot org ].
</p>

<hr />


<strong>Date:</strong> <em>2018-01-04 03:17:19</em><br />
<strong>From:</strong> <em>bsdtester</em><br />
<strong>Description:</strong> <em>Dell Latitude E6320</em><br />

<pre>
OpenBSD 6.2 (GENERIC.MP) #2: Sun Dec 10 21:14:42 CET 2017
    xxx@xxx.xxx:/usr/src/sys/arch/amd64/compile/GENERIC.MP
real mem = 8444243968 (8053MB)
avail mem = 8181301248 (7802MB)
mpath0 at root
scsibus0 at mpath0: 256 targets
mainbus0 at root
bios0 at mainbus0: SMBIOS rev. 2.6 @ 0xf20f0 (106 entries)
bios0: vendor Dell Inc. version &quot;A20&quot; date 05/12/2017
bios0: Dell Inc. Latitude E6320
acpi0 at bios0: rev 2
acpi0: sleep states S0 S3 S4 S5
acpi0: tables DSDT FACP APIC TCPA SSDT MCFG HPET BOOT SSDT SSDT DMAR SLIC
acpi0: wakeup devices HDEF(S4) GLAN(S4) PXSX(S4) RP01(S4) PXSX(S4) RP02(S4) PXSX(S4) RP04(S4) PXSX(S4) RP05(S4) PXSX(S4) RP06(S4) PXSX(S4) RP07(S4) PXSX(S4) RP08(S4) [...]
acpitimer0 at acpi0: 3579545 Hz, 24 bits
acpimadt0 at acpi0 addr 0xfee00000: PC-AT compat
cpu0 at mainbus0: apid 0 (boot processor)
cpu0: Intel(R) Core(TM) i5-2540M CPU @ 2.60GHz, 2594.45 MHz
cpu0: FPU,VME,DE,PSE,TSC,MSR,PAE,MCE,CX8,APIC,SEP,MTRR,PGE,MCA,CMOV,PAT,PSE36,CFLUSH,DS,ACPI,MMX,FXSR,SSE,SSE2,SS,HTT,TM,PBE,SSE3,PCLMUL,DTES64,MWAIT,DS-CPL,VMX,SMX,EST,TM2,SSSE3,CX16,xTPR,PDCM,PCID,SSE4.1,SSE4.2,x2APIC,POPCNT,DEADLINE,AES,XSAVE,AVX,NXE,RDTSCP,LONG,LAHF,PERF,ITSC,SENSOR,ARAT
cpu0: 256KB 64b/line 8-way L2 cache
cpu0: TSC frequency 2594450200 Hz
cpu0: smt 0, core 0, package 0
mtrr: Pentium Pro MTRR support, 10 var ranges, 88 fixed ranges
cpu0: apic clock running at 99MHz
cpu0: mwait min=64, max=64, C-substates=0.2.1.1.2, IBE
cpu1 at mainbus0: apid 2 (application processor)
cpu1: Intel(R) Core(TM) i5-2540M CPU @ 2.60GHz, 2594.11 MHz
cpu1: FPU,VME,DE,PSE,TSC,MSR,PAE,MCE,CX8,APIC,SEP,MTRR,PGE,MCA,CMOV,PAT,PSE36,CFLUSH,DS,ACPI,MMX,FXSR,SSE,SSE2,SS,HTT,TM,PBE,SSE3,PCLMUL,DTES64,MWAIT,DS-CPL,VMX,SMX,EST,TM2,SSSE3,CX16,xTPR,PDCM,PCID,SSE4.1,SSE4.2,x2APIC,POPCNT,DEADLINE,AES,XSAVE,AVX,NXE,RDTSCP,LONG,LAHF,PERF,ITSC,SENSOR,ARAT
cpu1: 256KB 64b/line 8-way L2 cache
cpu1: smt 0, core 1, package 0
cpu2 at mainbus0: apid 1 (application processor)
cpu2: Intel(R) Core(TM) i5-2540M CPU @ 2.60GHz, 2594.11 MHz
cpu2: FPU,VME,DE,PSE,TSC,MSR,PAE,MCE,CX8,APIC,SEP,MTRR,PGE,MCA,CMOV,PAT,PSE36,CFLUSH,DS,ACPI,MMX,FXSR,SSE,SSE2,SS,HTT,TM,PBE,SSE3,PCLMUL,DTES64,MWAIT,DS-CPL,VMX,SMX,EST,TM2,SSSE3,CX16,xTPR,PDCM,PCID,SSE4.1,SSE4.2,x2APIC,POPCNT,DEADLINE,AES,XSAVE,AVX,NXE,RDTSCP,LONG,LAHF,PERF,ITSC,SENSOR,ARAT
cpu2: 256KB 64b/line 8-way L2 cache
cpu2: smt 1, core 0, package 0
cpu3 at mainbus0: apid 3 (application processor)
cpu3: Intel(R) Core(TM) i5-2540M CPU @ 2.60GHz, 2594.11 MHz
cpu3: FPU,VME,DE,PSE,TSC,MSR,PAE,MCE,CX8,APIC,SEP,MTRR,PGE,MCA,CMOV,PAT,PSE36,CFLUSH,DS,ACPI,MMX,FXSR,SSE,SSE2,SS,HTT,TM,PBE,SSE3,PCLMUL,DTES64,MWAIT,DS-CPL,VMX,SMX,EST,TM2,SSSE3,CX16,xTPR,PDCM,PCID,SSE4.1,SSE4.2,x2APIC,POPCNT,DEADLINE,AES,XSAVE,AVX,NXE,RDTSCP,LONG,LAHF,PERF,ITSC,SENSOR,ARAT
cpu3: 256KB 64b/line 8-way L2 cache
cpu3: smt 1, core 1, package 0
ioapic0 at mainbus0: apid 2 pa 0xfec00000, version 20, 24 pins
acpimcfg0 at acpi0 addr 0xf8000000, bus 0-63
acpihpet0 at acpi0: 14318179 Hz
acpiprt0 at acpi0: bus 0 (PCI0)
acpiprt1 at acpi0: bus -1 (P0P1)
acpiprt2 at acpi0: bus 1 (RP01)
acpiprt3 at acpi0: bus 2 (RP02)
acpiprt4 at acpi0: bus 9 (RP04)
acpiprt5 at acpi0: bus -1 (RP05)
acpiprt6 at acpi0: bus 10 (RP06)
acpiprt7 at acpi0: bus -1 (RP07)
acpiprt8 at acpi0: bus -1 (RP08)
acpiprt9 at acpi0: bus -1 (PEG0)
acpiprt10 at acpi0: bus -1 (PEG1)
acpiprt11 at acpi0: bus -1 (PEG2)
acpiprt12 at acpi0: bus -1 (PEG3)
acpiprt13 at acpi0: bus 3 (RP03)
acpiec0 at acpi0
acpicpu0 at acpi0: C3(200@109 mwait.1@0x30), C2(500@80 mwait.1@0x10), C1(1000@1 mwait.1), PSS
acpicpu1 at acpi0: C3(200@109 mwait.1@0x30), C2(500@80 mwait.1@0x10), C1(1000@1 mwait.1), PSS
acpicpu2 at acpi0: C3(200@109 mwait.1@0x30), C2(500@80 mwait.1@0x10), C1(1000@1 mwait.1), PSS
acpicpu3 at acpi0: C3(200@109 mwait.1@0x30), C2(500@80 mwait.1@0x10), C1(1000@1 mwait.1), PSS
acpitz0 at acpi0: critical temperature is 107 degC
&quot;PNP0401&quot; at acpi0 not configured
&quot;DLL0492&quot; at acpi0 not configured
tpm0 at acpi0: TPM_ addr 0xfed40000/0x5000: device 0x200114e4 rev 0x20
&quot;SMO8800&quot; at acpi0 not configured
acpibtn0 at acpi0: LID_
acpibtn1 at acpi0: PBTN
acpibtn2 at acpi0: SBTN
acpiac0 at acpi0: AC unit online
acpibat0 at acpi0: BAT0 model &quot;DELL WRP9M24&quot; serial 1238 type LION oem &quot;Sanyo&quot;
acpibat1 at acpi0: BAT1 not present
acpibat2 at acpi0: BAT2 not present
&quot;*pnp0c14&quot; at acpi0 not configured
acpivideo0 at acpi0: VID_
acpivout0 at acpivideo0: LCD_
cpu0: Enhanced SpeedStep 2594 MHz: speeds: 2601, 2600, 2400, 2200, 2000, 1800, 1600, 1400, 1200, 1000, 800 MHz
pci0 at mainbus0 bus 0
pchb0 at pci0 dev 0 function 0 &quot;Intel Core 2G Host&quot; rev 0x09
inteldrm0 at pci0 dev 2 function 0 &quot;Intel HD Graphics 3000&quot; rev 0x09
drm0 at inteldrm0
inteldrm0: msi
inteldrm0: 1366x768, 32bpp
wsdisplay0 at inteldrm0 mux 1: console (std, vt100 emulation)
wsdisplay0: screen 1-5 added (std, vt100 emulation)
&quot;Intel 6 Series MEI&quot; rev 0x04 at pci0 dev 22 function 0 not configured
puc0 at pci0 dev 22 function 3 &quot;Intel 6 Series KT&quot; rev 0x04: ports: 1 com
com4 at puc0 port 0 apic 2 int 17: ns16550a, 16 byte fifo
com4: probed fifo depth: 0 bytes
em0 at pci0 dev 25 function 0 &quot;Intel 82579LM&quot; rev 0x04: msi, address xx:xx:xx:xx:xx:xx
ehci0 at pci0 dev 26 function 0 &quot;Intel 6 Series USB&quot; rev 0x04: apic 2 int 16
usb0 at ehci0: USB revision 2.0
uhub0 at usb0 configuration 1 interface 0 &quot;Intel EHCI root hub&quot; rev 2.00/1.00 addr 1
azalia0 at pci0 dev 27 function 0 &quot;Intel 6 Series HD Audio&quot; rev 0x04: msi
azalia0: codecs: IDT/0x76e7, Intel/0x2805, using IDT/0x76e7
audio0 at azalia0
ppb0 at pci0 dev 28 function 0 &quot;Intel 6 Series PCIE&quot; rev 0xb4: msi
pci1 at ppb0 bus 1
ppb1 at pci0 dev 28 function 1 &quot;Intel 6 Series PCIE&quot; rev 0xb4: msi
pci2 at ppb1 bus 2
iwn0 at pci2 dev 0 function 0 &quot;Intel Centrino Ultimate-N 6300&quot; rev 0x35: msi, MIMO 3T3R, MoW, address xx:xx:xx:xx:xx:xx
ppb2 at pci0 dev 28 function 2 &quot;Intel 6 Series PCIE&quot; rev 0xb4: msi
pci3 at ppb2 bus 3
ppb3 at pci0 dev 28 function 3 &quot;Intel 6 Series PCIE&quot; rev 0xb4: msi
pci4 at ppb3 bus 9
ppb4 at pci0 dev 28 function 5 &quot;Intel 6 Series PCIE&quot; rev 0xb4: msi
pci5 at ppb4 bus 10
sdhc0 at pci5 dev 0 function 0 vendor &quot;O2 Micro&quot;, unknown product 0x8221 rev 0x05: apic 2 int 17
sdhc0: SDHC 2.0, 50 MHz base clock
sdmmc0 at sdhc0: 4-bit, sd high-speed, mmc high-speed, dma
ehci1 at pci0 dev 29 function 0 &quot;Intel 6 Series USB&quot; rev 0x04: apic 2 int 17
usb1 at ehci1: USB revision 2.0
uhub1 at usb1 configuration 1 interface 0 &quot;Intel EHCI root hub&quot; rev 2.00/1.00 addr 1
pcib0 at pci0 dev 31 function 0 &quot;Intel QM67 LPC&quot; rev 0x04
ahci0 at pci0 dev 31 function 2 &quot;Intel 6 Series AHCI&quot; rev 0x04: msi, AHCI 1.3
ahci0: port 0: 3.0Gb/s
ahci0: port 1: 1.5Gb/s
scsibus1 at ahci0: 32 targets
sd0 at scsibus1 targ 0 lun 0: &lt;ATA, WDC WD5000BPKT-7, 01.0&gt; SCSI3 0/direct fixed naa.50014ee657cd4015
sd0: 476940MB, 512 bytes/sector, 976773168 sectors
cd0 at scsibus1 targ 1 lun 0: &lt;PLDS, DVD+-RW DU-8A4SH, QD12&gt; ATAPI 5/cdrom removable
ichiic0 at pci0 dev 31 function 3 &quot;Intel 6 Series SMBus&quot; rev 0x04: apic 2 int 18
iic0 at ichiic0
lisa0 at iic0 addr 0x1d: lis331dl
spdmem0 at iic0 addr 0x50: 4GB DDR3 SDRAM PC3-10600 SO-DIMM
spdmem1 at iic0 addr 0x52: 4GB DDR3 SDRAM PC3-10600 SO-DIMM
isa0 at pcib0
isadma0 at isa0
pckbc0 at isa0 port 0x60/5 irq 1 irq 12
pckbd0 at pckbc0 (kbd slot)
wskbd0 at pckbd0: console keyboard, using wsdisplay0
pms0 at pckbc0 (aux slot)
wsmouse0 at pms0 mux 0
pcppi0 at isa0 port 0x61
spkr0 at pcppi0
vmm0 at mainbus0: VMX/EPT
efifb at mainbus0 not configured
uhub2 at uhub0 port 1 configuration 1 interface 0 &quot;Intel Rate Matching Hub&quot; rev 2.00/0.00 addr 2
ugen0 at uhub2 port 4 &quot;Dell Computer Corp DW375 Bluetooth Module&quot; rev 2.00/5.17 addr 3
uvideo0 at uhub2 port 5 configuration 1 interface 0 &quot;CN018T967248724FB28ZA01 Laptop_Integrated_Webcam_HD&quot; rev 2.00/13.15 addr 4
video0 at uvideo0
uhub3 at uhub1 port 1 configuration 1 interface 0 &quot;Intel Rate Matching Hub&quot; rev 2.00/0.00 addr 2
umodem0 at uhub3 port 6 configuration 1 interface 1 &quot;Dell DW5550&quot; rev 2.00/0.00 addr 3
umodem0: data interface 2, has CM over data, has break
umodem0: status change notification available
ucom0 at umodem0
umodem1 at uhub3 port 6 configuration 1 interface 3 &quot;Dell DW5550&quot; rev 2.00/0.00 addr 3
umodem1: data interface 4, has CM over data, has break
umodem1: status change notification available
ucom1 at umodem1
umodem2 at uhub3 port 6 configuration 1 interface 9 &quot;Dell DW5550&quot; rev 2.00/0.00 addr 3
umodem2: data interface 10, has CM over data, has break
umodem2: status change notification available
ucom2 at umodem2
ugen1 at uhub3 port 6 configuration 1 &quot;Dell DW5550&quot; rev 2.00/0.00 addr 3
ugen2 at uhub3 port 8 &quot;Broadcom Corp 5880&quot; rev 1.10/1.01 addr 4
vscsi0 at root
scsibus2 at vscsi0: 256 targets
softraid0 at root
scsibus3 at softraid0: 256 targets
root on sd0a (d34f42cd7c7e2c1e.a) swap on sd0b dump on sd0b

</pre>



</div><!-- content -->
<br />
<div id="footer">
All comments/news/posts are the property of their individual owner and
is presented without warranty of suitability, and solely as an
informational resource. <br />
This site Copyright &copy; 2004-2020 NYC*BUG.
</div><!-- footer -->

</body>
</html>

