



<!doctype html>
<html lang="en">
<head>
<meta name="keywords"
	content="bsd, freebsd, openbsd, netbsd, dragonflybsd, nycbug, dmesgd" />
<meta name="description" content="New York City BSD User Group dmesgd" />
<meta charset="utf-8" />
<meta name="viewport" content="width=device-width, initial-scale=1" />
<title>NYC*BUG dmesgd</title>
<style>
body {
	text-align: left;
	margin: 15px auto;
	padding: 0px 10px;
}
@media (min-width: 800px) {
	body {
		max-width: 85%;
	}
}
#header {
	border-bottom: 1px solid #dbdbdb;
	font-size: 230%;
	text-align: left;
}
#footer {
	border-top: 1px solid #dbdbdb;
	clear: both;
	text-align: left;
}
.logo_bug {
	color: #cc0033;
}
#menu ul {
	list-style-type: none;
	margin: 0;
	padding: 0;
}
#menu li {
	float: left;
}
#menu li a {
	display: block;
	background-color: #dbdbdb;
	color: #000000;
	font-size: 105%;
	font-weight: bold;
	padding: 0px 6px 0px 6px;
	text-decoration: none;
}
#content {
	clear: both;
	text-align: left;
	padding-top: 10px;
}
#content h1 {
	font-size: 120%;
	font-weight: bold;
}
#content h2 {
	font-size: 110%;
	font-weight: bold;
}
#content a {
	text-decoration: none;
}
#content pre {
	background-color: #dbdbdb;
	padding: 5px 5px 5px 5px;
	white-space: pre-wrap;		/* css-3 */
	white-space: -moz-pre-wrap;	/* Mozilla, since 1999 */
	white-space: -pre-wrap;		/* Opera 4-6 */
	white-space: -o-pre-wrap;	/* Opera 7 */
	word-wrap: break-word;		/* Internet Explorer 5.5+ */
}
#content table {
	border-collapse: collapse;
}
#content table th {
	border: 1px solid #dbdbdb;
	font-size: 85%;
	white-space: nowrap;
}
#content table td {
	border: 1px solid #dbdbdb;
	font-size: 80%;
}
#content input {
	font-size: 1em;
}
#content .full	{ width: 100%; }
#content .left	{ text-align: left; }
#content .right	{ text-align: right; }
#content .center { text-align: center; }
#content .flexbox {
	display: -ms-flex;
	display: -webkit-flex;
	display: flex;
	width: 100%;
}
#content .left_col {
	min-width: 75px;
	max-width: 50%;
	flex-grow: 0;
}
#content .right_col {
	flex-grow: 1;
	margin-left: 10px;
	padding-top: 10px;
	padding-left: 10px;
}
#col {
	-moz-column-count: 3;
	-webkit-column-count: 3;
	column-count: 3;
}
</style>
</head>
<body>

<div id="header">
<strong><em>NYC*</em><span class="logo_bug">BUG</span> dmesgd</strong>
</div><!-- header -->

<div id="menu">
<ul>
<li><a href="https://dmesgd.nycbug.org/index.cgi?do=index">Home</a></li>
<li><a href="https://dmesgd.nycbug.org/index.cgi?do=submit">Submit</a></li>
<li><a href="https://www.nycbug.org/">NYC*BUG</a></li>
</ul>
</div><!-- menu -->

<div id="content">

<p>
Launched in 2004, dmesgd aims to provide a
<strong>user-submitted</strong> repository of searchable *BSD dmesgs.
The dmesg(8) command displays the system message buffer's content, and
during boot a copy is saved to <em>/var/run/dmesg.boot</em>.  This buffer
contains the operating system release, name and version, a list of
devices identified, plus a whole host of other useful information.  We
hope others find this resource useful and further contribute to its
growth. Contact us at [ admin at lists dot nycbug dot org ].
</p>

<hr />


<strong>Date:</strong> <em>2018-01-22 01:56:56</em><br />
<strong>From:</strong> <em>ED Fochler</em><br />
<strong>Description:</strong> <em>Dell Latitude e7270</em><br />

<pre>
OpenBSD 6.2-current (GENERIC.MP) #312: Fri Dec 29 15:25:50 MST 2017
    xxx@xxx.xxx:/usr/src/sys/arch/amd64/compile/GENERIC.MP
real mem = 8427745280 (8037MB)
avail mem = 8165404672 (7787MB)
mpath0 at root
scsibus0 at mpath0: 256 targets
mainbus0 at root
bios0 at mainbus0: SMBIOS rev. 3.0 @ 0xe0000 (105 entries)
bios0: vendor Dell Inc. version &quot;1.18.5&quot; date 12/11/2017
bios0: Dell Inc. Latitude E7270
acpi0 at bios0: rev 2
acpi0: sleep states S0 S3 S4 S5
acpi0: tables DSDT FACP APIC FPDT MCFG HPET SSDT WSMT LPIT SSDT SSDT SSDT DBGP DBG2 SSDT UEFI SSDT SSDT MSDM SLIC BGRT DMAR TPM2 ASF!
acpi0: wakeup devices PEGP(S4) PEG0(S4) PEGP(S4) PEG1(S4) PEGP(S4) PEG2(S4) PXSX(S4) RP09(S4) PXSX(S4) RP10(S4) PXSX(S4) RP11(S4) PXSX(S4) RP12(S4) PXSX(S4) RP13(S4) [...]
acpitimer0 at acpi0: 3579545 Hz, 24 bits
acpimadt0 at acpi0 addr 0xfee00000: PC-AT compat
cpu0 at mainbus0: apid 0 (boot processor)
cpu0: Intel(R) Core(TM) i5-6300U CPU @ 2.40GHz, 2095.75 MHz
cpu0: FPU,VME,DE,PSE,TSC,MSR,PAE,MCE,CX8,APIC,SEP,MTRR,PGE,MCA,CMOV,PAT,PSE36,CFLUSH,DS,ACPI,MMX,FXSR,SSE,SSE2,SS,HTT,TM,PBE,SSE3,PCLMUL,DTES64,MWAIT,DS-CPL,VMX,SMX,EST,TM2,SSSE3,SDBG,FMA3,CX16,xTPR,PDCM,PCID,SSE4.1,SSE4.2,x2APIC,MOVBE,POPCNT,DEADLINE,AES,XSAVE,AVX,F16C,RDRAND,NXE,PAGE1GB,RDTSCP,LONG,LAHF,ABM,3DNOWP,PERF,ITSC,FSGSBASE,SGX,BMI1,HLE,AVX2,SMEP,BMI2,ERMS,INVPCID,RTM,MPX,RDSEED,ADX,SMAP,CLFLUSHOPT,PT,SENSOR,ARAT
cpu0: 256KB 64b/line 8-way L2 cache
cpu0: smt 0, core 0, package 0
mtrr: Pentium Pro MTRR support, 10 var ranges, 88 fixed ranges
cpu0: apic clock running at 23MHz
cpu0: mwait min=64, max=64, C-substates=0.2.1.2.4.1.1.1, IBE
cpu1 at mainbus0: apid 2 (application processor)
cpu1: Intel(R) Core(TM) i5-6300U CPU @ 2.40GHz, 2095.10 MHz
cpu1: FPU,VME,DE,PSE,TSC,MSR,PAE,MCE,CX8,APIC,SEP,MTRR,PGE,MCA,CMOV,PAT,PSE36,CFLUSH,DS,ACPI,MMX,FXSR,SSE,SSE2,SS,HTT,TM,PBE,SSE3,PCLMUL,DTES64,MWAIT,DS-CPL,VMX,SMX,EST,TM2,SSSE3,SDBG,FMA3,CX16,xTPR,PDCM,PCID,SSE4.1,SSE4.2,x2APIC,MOVBE,POPCNT,DEADLINE,AES,XSAVE,AVX,F16C,RDRAND,NXE,PAGE1GB,RDTSCP,LONG,LAHF,ABM,3DNOWP,PERF,ITSC,FSGSBASE,SGX,BMI1,HLE,AVX2,SMEP,BMI2,ERMS,INVPCID,RTM,MPX,RDSEED,ADX,SMAP,CLFLUSHOPT,PT,SENSOR,ARAT
cpu1: 256KB 64b/line 8-way L2 cache
cpu1: smt 0, core 1, package 0
ioapic0 at mainbus0: apid 2 pa 0xfec00000, version 20, 120 pins
acpimcfg0 at acpi0 addr 0xf0000000, bus 0-127
acpihpet0 at acpi0: 23999999 Hz
acpiprt0 at acpi0: bus 0 (PCI0)
acpiprt1 at acpi0: bus -1 (PEG0)
acpiprt2 at acpi0: bus -1 (PEG1)
acpiprt3 at acpi0: bus -1 (PEG2)
acpiprt4 at acpi0: bus -1 (RP09)
acpiprt5 at acpi0: bus -1 (RP10)
acpiprt6 at acpi0: bus 2 (RP11)
acpiprt7 at acpi0: bus -1 (RP12)
acpiprt8 at acpi0: bus -1 (RP13)
acpiprt9 at acpi0: bus -1 (RP01)
acpiprt10 at acpi0: bus -1 (RP02)
acpiprt11 at acpi0: bus -1 (RP03)
acpiprt12 at acpi0: bus -1 (RP04)
acpiprt13 at acpi0: bus 1 (RP05)
acpiprt14 at acpi0: bus -1 (RP06)
acpiprt15 at acpi0: bus -1 (RP07)
acpiprt16 at acpi0: bus -1 (RP08)
acpiprt17 at acpi0: bus -1 (RP17)
acpiprt18 at acpi0: bus -1 (RP18)
acpiprt19 at acpi0: bus -1 (RP19)
acpiprt20 at acpi0: bus -1 (RP20)
acpiprt21 at acpi0: bus -1 (RP14)
acpiprt22 at acpi0: bus -1 (RP15)
acpiprt23 at acpi0: bus -1 (RP16)
acpiec0 at acpi0
acpiec at acpi0 not configured
acpicpu0 at acpi0: C3(200@1034 mwait.1@0x60), C2(200@151 mwait.1@0x33), C1(1000@1 mwait.1), PSS
acpicpu1 at acpi0: C3(200@1034 mwait.1@0x60), C2(200@151 mwait.1@0x33), C1(1000@1 mwait.1), PSS
acpipwrres0 at acpi0: PG00, resource for PEG0
acpipwrres1 at acpi0: PG01, resource for PEG1
acpipwrres2 at acpi0: PG02, resource for PEG2
acpipwrres3 at acpi0: WRST
acpipwrres4 at acpi0: WRST
acpipwrres5 at acpi0: WRST
acpipwrres6 at acpi0: WRST
acpipwrres7 at acpi0: WRST
acpipwrres8 at acpi0: WRST
acpipwrres9 at acpi0: WRST
acpipwrres10 at acpi0: WRST
acpipwrres11 at acpi0: WRST
acpipwrres12 at acpi0: WRST
acpipwrres13 at acpi0: WRST
acpipwrres14 at acpi0: WRST
acpipwrres15 at acpi0: WRST
acpipwrres16 at acpi0: WRST
acpipwrres17 at acpi0: WRST
acpipwrres18 at acpi0: WRST
acpipwrres19 at acpi0: WRST
acpitz0 at acpi0: critical temperature is 107 degC
&quot;INT3F0D&quot; at acpi0 not configured
&quot;INT3403&quot; at acpi0 not configured
&quot;INT3403&quot; at acpi0 not configured
&quot;DLLK06DB&quot; at acpi0 not configured
&quot;DLL06DB&quot; at acpi0 not configured
&quot;INT3403&quot; at acpi0 not configured
&quot;INT0E0C&quot; at acpi0 not configured
&quot;INT33A1&quot; at acpi0 not configured
&quot;MSFT0101&quot; at acpi0 not configured
&quot;PNP0C14&quot; at acpi0 not configured
acpibtn0 at acpi0: LID0
acpibtn1 at acpi0: PBTN
acpibtn2 at acpi0: SBTN
acpiac0 at acpi0: AC unit offline
acpibat0 at acpi0: BAT0 model &quot;DELL 21X1574&quot; serial 1923 type LION oem &quot;Panasonic&quot;
&quot;DELLABC6&quot; at acpi0 not configured
&quot;DELLABCE&quot; at acpi0 not configured
&quot;INT340E&quot; at acpi0 not configured
&quot;INT3400&quot; at acpi0 not configured
acpivideo0 at acpi0: GFX0
acpivout0 at acpivideo0: LCD_
cpu0: Enhanced SpeedStep 2095 MHz: speeds: 2501, 2500, 2200, 2100, 2000, 1900, 1700, 1600, 1400, 1300, 1100, 1000, 800, 700, 500, 400 MHz
pci0 at mainbus0 bus 0
pchb0 at pci0 dev 0 function 0 &quot;Intel Core 6G Host&quot; rev 0x08
inteldrm0 at pci0 dev 2 function 0 &quot;Intel HD Graphics 520&quot; rev 0x07
drm0 at inteldrm0
inteldrm0: msi
error: [drm:pid0:i915_firmware_load_error_print] *ERROR* failed to load firmware i915/skl_dmc_ver1.bin (-22)
error: [drm:pid0:i915_gem_init_hw] *ERROR* Failed to initialize GuC, error -8 (ignored)
inteldrm0: 1920x1080, 32bpp
wsdisplay0 at inteldrm0 mux 1: console (std, vt100 emulation)
wsdisplay0: screen 1-5 added (std, vt100 emulation)
&quot;Intel Core 6G Thermal&quot; rev 0x08 at pci0 dev 4 function 0 not configured
xhci0 at pci0 dev 20 function 0 &quot;Intel 100 Series xHCI&quot; rev 0x21: msi
usb0 at xhci0: USB revision 3.0
uhub0 at usb0 configuration 1 interface 0 &quot;Intel xHCI root hub&quot; rev 3.00/1.00 addr 1
pchtemp0 at pci0 dev 20 function 2 &quot;Intel 100 Series Thermal&quot; rev 0x21
&quot;Intel 100 Series MEI&quot; rev 0x21 at pci0 dev 22 function 0 not configured
ahci0 at pci0 dev 23 function 0 &quot;Intel 100 Series AHCI&quot; rev 0x21: msi, AHCI 1.3.1
ahci0: PHY offline on port 0
ahci0: port 2: 6.0Gb/s
scsibus1 at ahci0: 32 targets
sd0 at scsibus1 targ 2 lun 0: &lt;ATA, SK hynix SC311 S, 7000&gt; SCSI3 0/direct fixed t10.ATA_SK_hynix_SC311_SATA_128GB_MI7AN09351050AT56_
sd0: 122104MB, 512 bytes/sector, 250069680 sectors, thin
ppb0 at pci0 dev 28 function 0 &quot;Intel 100 Series PCIE&quot; rev 0xf1: msi
pci1 at ppb0 bus 1
iwm0 at pci1 dev 0 function 0 &quot;Intel Dual Band Wireless AC 8260&quot; rev 0x3a, msi
ppb1 at pci0 dev 29 function 0 &quot;Intel 100 Series PCIE&quot; rev 0xf1: msi
pci2 at ppb1 bus 2
rtsx0 at pci2 dev 0 function 0 &quot;Realtek RTS525A Card Reader&quot; rev 0x01: msi
sdmmc0 at rtsx0: 4-bit, dma
pcib0 at pci0 dev 31 function 0 &quot;Intel 100 Series LPC&quot; rev 0x21
&quot;Intel 100 Series PMC&quot; rev 0x21 at pci0 dev 31 function 2 not configured
azalia0 at pci0 dev 31 function 3 &quot;Intel 100 Series HD Audio&quot; rev 0x21: msi
azalia0: codecs: Realtek/0x0293, Intel/0x2809, using Realtek/0x0293
audio0 at azalia0
ichiic0 at pci0 dev 31 function 4 &quot;Intel 100 Series SMBus&quot; rev 0x21: apic 2 int 16
iic0 at ichiic0
em0 at pci0 dev 31 function 6 &quot;Intel I219-LM&quot; rev 0x21: msi, address xx:xx:xx:xx:xx:xx
isa0 at pcib0
isadma0 at isa0
pckbc0 at isa0 port 0x60/5 irq 1 irq 12
pckbd0 at pckbc0 (kbd slot)
wskbd0 at pckbd0: console keyboard, using wsdisplay0
pms0 at pckbc0 (aux slot)
wsmouse0 at pms0 mux 0
pcppi0 at isa0 port 0x61
spkr0 at pcppi0
vmm0 at mainbus0: VMX/EPT
efifb at mainbus0 not configured
uvideo0 at uhub0 port 2 configuration 1 interface 0 &quot;CN0MYWHV7248775LB25ZA00 Integrated_Webcam_FHD&quot; rev 2.00/57.31 addr 2
video0 at uvideo0
ugen0 at uhub0 port 7 &quot;Broadcom Corp 5880&quot; rev 1.10/1.01 addr 3
ugen1 at uhub0 port 8 &quot;Intel Bluetooth&quot; rev 2.00/0.01 addr 4
uhidev0 at uhub0 port 9 configuration 1 interface 0 &quot;Atmel Atmel maXTouch Digitizer&quot; rev 2.00/21.33 addr 5
uhidev0: iclass 3/0, 5 report ids
ums0 at uhidev0 reportid 1: 1 button, tip
wsmouse1 at ums0 mux 0
uhid0 at uhidev0 reportid 2: input=0, output=0, feature=1
uhid1 at uhidev0 reportid 3: input=10, output=0, feature=0
ums1 at uhidev0 reportid 5
ums1: mouse has no X report
uhidev1 at uhub0 port 9 configuration 1 interface 1 &quot;Atmel Atmel maXTouch Digitizer&quot; rev 2.00/21.33 addr 5
uhidev1: iclass 3/0, 2 report ids
uhid2 at uhidev1 reportid 1: input=63, output=63, feature=0
uhid3 at uhidev1 reportid 2: input=63, output=63, feature=0
vscsi0 at root
scsibus2 at vscsi0: 256 targets
softraid0 at root
scsibus3 at softraid0: 256 targets
sd1 at scsibus3 targ 1 lun 0: &lt;OPENBSD, SR CRYPTO, 006&gt; SCSI2 0/direct fixed
sd1: 122103MB, 512 bytes/sector, 250068048 sectors
root on sd1a (919c9d0545814d71.a) swap on sd1b dump on sd1b
iwm0: hw rev 0x200, fw ver 16.242414.0, address xx:xx:xx:xx:xx:xx
iwm0: device timeout
</pre>



</div><!-- content -->
<br />
<div id="footer">
All comments/news/posts are the property of their individual owner and
is presented without warranty of suitability, and solely as an
informational resource. <br />
This site Copyright &copy; 2004-2020 NYC*BUG.
</div><!-- footer -->

</body>
</html>

