



<!doctype html>
<html lang="en">
<head>
<meta name="keywords"
	content="bsd, freebsd, openbsd, netbsd, dragonflybsd, nycbug, dmesgd" />
<meta name="description" content="New York City BSD User Group dmesgd" />
<meta charset="utf-8" />
<meta name="viewport" content="width=device-width, initial-scale=1" />
<title>NYC*BUG dmesgd</title>
<style>
body {
	text-align: left;
	margin: 15px auto;
	padding: 0px 10px;
}
@media (min-width: 800px) {
	body {
		max-width: 85%;
	}
}
#header {
	border-bottom: 1px solid #dbdbdb;
	font-size: 230%;
	text-align: left;
}
#footer {
	border-top: 1px solid #dbdbdb;
	clear: both;
	text-align: left;
}
.logo_bug {
	color: #cc0033;
}
#menu ul {
	list-style-type: none;
	margin: 0;
	padding: 0;
}
#menu li {
	float: left;
}
#menu li a {
	display: block;
	background-color: #dbdbdb;
	color: #000000;
	font-size: 105%;
	font-weight: bold;
	padding: 0px 6px 0px 6px;
	text-decoration: none;
}
#content {
	clear: both;
	text-align: left;
	padding-top: 10px;
}
#content h1 {
	font-size: 120%;
	font-weight: bold;
}
#content h2 {
	font-size: 110%;
	font-weight: bold;
}
#content a {
	text-decoration: none;
}
#content pre {
	background-color: #dbdbdb;
	padding: 5px 5px 5px 5px;
	white-space: pre-wrap;		/* css-3 */
	white-space: -moz-pre-wrap;	/* Mozilla, since 1999 */
	white-space: -pre-wrap;		/* Opera 4-6 */
	white-space: -o-pre-wrap;	/* Opera 7 */
	word-wrap: break-word;		/* Internet Explorer 5.5+ */
}
#content table {
	border-collapse: collapse;
}
#content table th {
	border: 1px solid #dbdbdb;
	font-size: 85%;
	white-space: nowrap;
}
#content table td {
	border: 1px solid #dbdbdb;
	font-size: 80%;
}
#content input {
	font-size: 1em;
}
#content .full	{ width: 100%; }
#content .left	{ text-align: left; }
#content .right	{ text-align: right; }
#content .center { text-align: center; }
#content .flexbox {
	display: -ms-flex;
	display: -webkit-flex;
	display: flex;
	width: 100%;
}
#content .left_col {
	min-width: 75px;
	max-width: 50%;
	flex-grow: 0;
}
#content .right_col {
	flex-grow: 1;
	margin-left: 10px;
	padding-top: 10px;
	padding-left: 10px;
}
#col {
	-moz-column-count: 3;
	-webkit-column-count: 3;
	column-count: 3;
}
</style>
</head>
<body>

<div id="header">
<strong><em>NYC*</em><span class="logo_bug">BUG</span> dmesgd</strong>
</div><!-- header -->

<div id="menu">
<ul>
<li><a href="https://dmesgd.nycbug.org/index.cgi?do=index">Home</a></li>
<li><a href="https://dmesgd.nycbug.org/index.cgi?do=submit">Submit</a></li>
<li><a href="https://www.nycbug.org/">NYC*BUG</a></li>
</ul>
</div><!-- menu -->

<div id="content">

<p>
Launched in 2004, dmesgd aims to provide a
<strong>user-submitted</strong> repository of searchable *BSD dmesgs.
The dmesg(8) command displays the system message buffer's content, and
during boot a copy is saved to <em>/var/run/dmesg.boot</em>.  This buffer
contains the operating system release, name and version, a list of
devices identified, plus a whole host of other useful information.  We
hope others find this resource useful and further contribute to its
growth. Contact us at [ admin at lists dot nycbug dot org ].
</p>

<hr />


<strong>Date:</strong> <em>2018-01-22 15:46:23</em><br />
<strong>From:</strong> <em>Bijan</em><br />
<strong>Description:</strong> <em>Lenovo G50-45 80E3</em><br />

<pre>
OpenBSD 6.2 (GENERIC.MP) #2: Sun Dec 10 21:14:42 CET 2017
    xxx@xxx.xxx:/usr/src/sys/arch/amd64/compile/GENERIC.MP
real mem = 11757416448 (11212MB)
avail mem = 11394068480 (10866MB)
mpath0 at root
scsibus0 at mpath0: 256 targets
mainbus0 at root
bios0 at mainbus0: SMBIOS rev. 2.8 @ 0xe4800 (52 entries)
bios0: vendor LENOVO version &quot;A2CN34WW(V2.02)&quot; date 02/28/2015
bios0: LENOVO 80E3
acpi0 at bios0: rev 2
acpi0: sleep states S0 S3 S4 S5
acpi0: tables DSDT FACP UEFI HPET APIC MCFG ASF! BOOT FPDT SSDT SSDT SSDT SSDT SSDT SSDT SSDT
acpi0: wakeup devices GPP2(S3) EHC1(S3) EHC2(S3) EHC3(S3) XHC0(S3) LID_(S3)
acpitimer0 at acpi0: 3579545 Hz, 32 bits
acpihpet0 at acpi0: 14318180 Hz
acpimadt0 at acpi0 addr 0xfee00000: PC-AT compat
cpu0 at mainbus0: apid 0 (boot processor)
cpu0: AMD A8-6410 APU with AMD Radeon R5 Graphics, 1996.51 MHz
cpu0: FPU,VME,DE,PSE,TSC,MSR,PAE,MCE,CX8,APIC,SEP,MTRR,PGE,MCA,CMOV,PAT,PSE36,CFLUSH,MMX,FXSR,SSE,SSE2,HTT,SSE3,PCLMUL,MWAIT,SSSE3,CX16,SSE4.1,SSE4.2,MOVBE,POPCNT,AES,XSAVE,AVX,F16C,RDRAND,NXE,MMXX,FFXSR,PAGE1GB,RDTSCP,LONG,LAHF,CMPLEG,SVM,EAPICSP,AMCR8,ABM,SSE4A,MASSE,3DNOWP,OSVW,IBS,SKINIT,TOPEXT,ITSC,BMI1
cpu0: 32KB 64b/line 2-way I-cache, 32KB 64b/line 8-way D-cache, 2MB 64b/line 16-way L2 cache
cpu0: ITLB 32 4KB entries fully associative, 8 4MB entries fully associative
cpu0: DTLB 40 4KB entries fully associative, 8 4MB entries fully associative
cpu0: TSC frequency 1996507120 Hz
cpu0: smt 0, core 0, package 0
mtrr: Pentium Pro MTRR support, 8 var ranges, 88 fixed ranges
cpu0: apic clock running at 99MHz
cpu0: mwait min=64, max=64, IBE
cpu1 at mainbus0: apid 1 (application processor)
cpu1: AMD A8-6410 APU with AMD Radeon R5 Graphics, 1996.26 MHz
cpu1: FPU,VME,DE,PSE,TSC,MSR,PAE,MCE,CX8,APIC,SEP,MTRR,PGE,MCA,CMOV,PAT,PSE36,CFLUSH,MMX,FXSR,SSE,SSE2,HTT,SSE3,PCLMUL,MWAIT,SSSE3,CX16,SSE4.1,SSE4.2,MOVBE,POPCNT,AES,XSAVE,AVX,F16C,RDRAND,NXE,MMXX,FFXSR,PAGE1GB,RDTSCP,LONG,LAHF,CMPLEG,SVM,EAPICSP,AMCR8,ABM,SSE4A,MASSE,3DNOWP,OSVW,IBS,SKINIT,TOPEXT,ITSC,BMI1
cpu1: 32KB 64b/line 2-way I-cache, 32KB 64b/line 8-way D-cache, 2MB 64b/line 16-way L2 cache
cpu1: ITLB 32 4KB entries fully associative, 8 4MB entries fully associative
cpu1: DTLB 40 4KB entries fully associative, 8 4MB entries fully associative
cpu1: smt 0, core 1, package 0
cpu2 at mainbus0: apid 2 (application processor)
cpu2: AMD A8-6410 APU with AMD Radeon R5 Graphics, 1996.26 MHz
cpu2: FPU,VME,DE,PSE,TSC,MSR,PAE,MCE,CX8,APIC,SEP,MTRR,PGE,MCA,CMOV,PAT,PSE36,CFLUSH,MMX,FXSR,SSE,SSE2,HTT,SSE3,PCLMUL,MWAIT,SSSE3,CX16,SSE4.1,SSE4.2,MOVBE,POPCNT,AES,XSAVE,AVX,F16C,RDRAND,NXE,MMXX,FFXSR,PAGE1GB,RDTSCP,LONG,LAHF,CMPLEG,SVM,EAPICSP,AMCR8,ABM,SSE4A,MASSE,3DNOWP,OSVW,IBS,SKINIT,TOPEXT,ITSC,BMI1
cpu2: 32KB 64b/line 2-way I-cache, 32KB 64b/line 8-way D-cache, 2MB 64b/line 16-way L2 cache
cpu2: ITLB 32 4KB entries fully associative, 8 4MB entries fully associative
cpu2: DTLB 40 4KB entries fully associative, 8 4MB entries fully associative
cpu2: smt 0, core 2, package 0
cpu3 at mainbus0: apid 3 (application processor)
cpu3: AMD A8-6410 APU with AMD Radeon R5 Graphics, 1996.26 MHz
cpu3: FPU,VME,DE,PSE,TSC,MSR,PAE,MCE,CX8,APIC,SEP,MTRR,PGE,MCA,CMOV,PAT,PSE36,CFLUSH,MMX,FXSR,SSE,SSE2,HTT,SSE3,PCLMUL,MWAIT,SSSE3,CX16,SSE4.1,SSE4.2,MOVBE,POPCNT,AES,XSAVE,AVX,F16C,RDRAND,NXE,MMXX,FFXSR,PAGE1GB,RDTSCP,LONG,LAHF,CMPLEG,SVM,EAPICSP,AMCR8,ABM,SSE4A,MASSE,3DNOWP,OSVW,IBS,SKINIT,TOPEXT,ITSC,BMI1
cpu3: 32KB 64b/line 2-way I-cache, 32KB 64b/line 8-way D-cache, 2MB 64b/line 16-way L2 cache
cpu3: ITLB 32 4KB entries fully associative, 8 4MB entries fully associative
cpu3: DTLB 40 4KB entries fully associative, 8 4MB entries fully associative
cpu3: smt 0, core 3, package 0
ioapic0 at mainbus0: apid 4 pa 0xfec00000, version 21, 24 pins
, remapped to apid 4
ioapic1 at mainbus0: apid 5 pa 0xfec01000, version 21, 32 pins
, remapped to apid 5
acpimcfg0 at acpi0 addr 0xf8000000, bus 0-63
acpiprt0 at acpi0: bus 0 (PCI0)
acpiprt1 at acpi0: bus -1 (GPP0)
acpiprt2 at acpi0: bus 1 (GPP1)
acpiprt3 at acpi0: bus 2 (GPP2)
acpiprt4 at acpi0: bus -1 (GPP3)
acpiprt5 at acpi0: bus -1 (GFX_)
acpiec0 at acpi0
acpicpu0 at acpi0: C2(0@400 io@0x414), C1(@1 halt!), PSS
acpicpu1 at acpi0: C2(0@400 io@0x414), C1(@1 halt!), PSS
acpicpu2 at acpi0: C2(0@400 io@0x414), C1(@1 halt!), PSS
acpicpu3 at acpi0: C2(0@400 io@0x414), C1(@1 halt!), PSS
acpibtn0 at acpi0: PWRB
&quot;MSFT0001&quot; at acpi0 not configured
&quot;SYN2B3E&quot; at acpi0 not configured
&quot;VPC2004&quot; at acpi0 not configured
acpibat0 at acpi0: BAT1 model &quot;PABAS0241231&quot; serial 41167 type Li-Ion oem &quot;LENOVO &quot;
acpiac0 at acpi0: AC unit online
acpibtn1 at acpi0: LID_
acpivideo0 at acpi0: VGA_
acpivideo1 at acpi0: VGA_
cpu0: 1996 MHz: speeds: 2000 1800 1600 1400 1200 1000 MHz
pci0 at mainbus0 bus 0
pchb0 at pci0 dev 0 function 0 &quot;AMD AMD64 16h Root Complex&quot; rev 0x00
vga1 at pci0 dev 1 function 0 vendor &quot;ATI&quot;, unknown product 0x9851 rev 0x05
wsdisplay0 at vga1 mux 1: console (80x25, vt100 emulation)
wsdisplay0: screen 1-5 added (80x25, vt100 emulation)
azalia0 at pci0 dev 1 function 1 &quot;ATI Radeon HD Audio&quot; rev 0x00: msi
azalia0: no supported codecs
pchb1 at pci0 dev 2 function 0 &quot;AMD AMD64 16h Host&quot; rev 0x00
ppb0 at pci0 dev 2 function 3 &quot;AMD AMD64 16h PCIE&quot; rev 0x00: msi
pci1 at ppb0 bus 1
vendor &quot;Broadcom&quot;, unknown product 0x4365 (class network subclass miscellaneous, rev 0x01) at pci1 dev 0 function 0 not configured
ppb1 at pci0 dev 2 function 4 &quot;AMD AMD64 16h PCIE&quot; rev 0x00: msi
pci2 at ppb1 bus 2
re0 at pci2 dev 0 function 0 &quot;Realtek 8168&quot; rev 0x10: RTL8168GU/8111GU (0x5080), msi, address xx:xx:xx:xx:xx:xx
rgephy0 at re0 phy 7: RTL8251 PHY, rev. 0
&quot;AMD CCP&quot; rev 0x00 at pci0 dev 8 function 0 not configured
xhci0 at pci0 dev 16 function 0 &quot;AMD Bolton xHCI&quot; rev 0x11: msi
usb0 at xhci0: USB revision 3.0
uhub0 at usb0 configuration 1 interface 0 &quot;AMD xHCI root hub&quot; rev 3.00/1.00 addr 1
ahci0 at pci0 dev 17 function 0 &quot;AMD Hudson-2 SATA&quot; rev 0x40: apic 4 int 19, AHCI 1.3
ahci0: port 0: 6.0Gb/s
ahci0: port 1: 1.5Gb/s
scsibus1 at ahci0: 32 targets
sd0 at scsibus1 targ 0 lun 0: &lt;ATA, ST500LT012-1DG14, 0002&gt; SCSI3 0/direct fixed naa.5000c50080c6abd1
sd0: 476940MB, 512 bytes/sector, 976773168 sectors
cd0 at scsibus1 targ 1 lun 0: &lt;HL-DT-ST, DVDRAM GUC0N, T.02&gt; ATAPI 5/cdrom removable
ehci0 at pci0 dev 18 function 0 &quot;AMD Hudson-2 USB2&quot; rev 0x39: apic 4 int 18
usb1 at ehci0: USB revision 2.0
uhub1 at usb1 configuration 1 interface 0 &quot;AMD EHCI root hub&quot; rev 2.00/1.00 addr 1
ehci1 at pci0 dev 19 function 0 &quot;AMD Hudson-2 USB2&quot; rev 0x39: apic 4 int 18
usb2 at ehci1: USB revision 2.0
uhub2 at usb2 configuration 1 interface 0 &quot;AMD EHCI root hub&quot; rev 2.00/1.00 addr 1
piixpm0 at pci0 dev 20 function 0 &quot;AMD Hudson-2 SMBus&quot; rev 0x42: SMBus disabled
azalia1 at pci0 dev 20 function 2 &quot;AMD Hudson-2 HD Audio&quot; rev 0x02: msi
azalia1: codecs: Conexant/0x510f
audio0 at azalia1
pcib0 at pci0 dev 20 function 3 &quot;AMD Hudson-2 LPC&quot; rev 0x11
sdhc0 at pci0 dev 20 function 7 &quot;AMD Bolton SD/MMC&quot; rev 0x01: apic 4 int 16
sdhc0: SDHC 2.0, 50 MHz base clock
sdmmc0 at sdhc0: 4-bit, dma
pchb2 at pci0 dev 24 function 0 &quot;AMD AMD64 16h Link Cfg&quot; rev 0x00
pchb3 at pci0 dev 24 function 1 &quot;AMD AMD64 16h Address Map&quot; rev 0x00
pchb4 at pci0 dev 24 function 2 &quot;AMD AMD64 16h DRAM Cfg&quot; rev 0x00
km0 at pci0 dev 24 function 3 &quot;AMD AMD64 16h Misc Cfg&quot; rev 0x00
pchb5 at pci0 dev 24 function 4 &quot;AMD AMD64 16h CPU Power&quot; rev 0x00
pchb6 at pci0 dev 24 function 5 &quot;AMD AMD64 16h Misc Cfg&quot; rev 0x00
isa0 at pcib0
isadma0 at isa0
pckbc0 at isa0 port 0x60/5 irq 1 irq 12
pckbd0 at pckbc0 (kbd slot)
wskbd0 at pckbd0: console keyboard, using wsdisplay0
pms0 at pckbc0 (aux slot)
wsmouse0 at pms0 mux 0
pms0: Synaptics touchpad, firmware 8.1, 0x1e2b1 0x840300
pcppi0 at isa0 port 0x61
spkr0 at pcppi0
vmm0 at mainbus0: SVM/RVI
uhub3 at uhub1 port 1 configuration 1 interface 0 &quot;Advanced Micro Devices product 0x7900&quot; rev 2.00/0.18 addr 2
run0 at uhub3 port 1 configuration 1 interface 0 &quot;Ralink 802.11 n WLAN&quot; rev 2.00/1.01 addr 3
run0: MAC/BBP RT3070 (rev 0x0201), RF RT3020 (MIMO 1T1R), address xx:xx:xx:xx:xx:xx
ugen0 at uhub3 port 3 &quot;Generic USB2.0-CRW&quot; rev 2.00/39.60 addr 4
uhub4 at uhub2 port 1 configuration 1 interface 0 &quot;Advanced Micro Devices product 0x7900&quot; rev 2.00/0.18 addr 2
uvideo0 at uhub4 port 2 configuration 1 interface 0 &quot;Bsion Corp. Lenovo EasyCamera&quot; rev 2.00/36.55 addr 3
video0 at uvideo0
ugen1 at uhub4 port 3 &quot;Broadcom Corp BCM43142A0&quot; rev 2.00/1.12 addr 4
vscsi0 at root
scsibus2 at vscsi0: 256 targets
softraid0 at root
scsibus3 at softraid0: 256 targets
root on sd0a (da0bedc25009303c.a) swap on sd0b dump on sd0b

</pre>



</div><!-- content -->
<br />
<div id="footer">
All comments/news/posts are the property of their individual owner and
is presented without warranty of suitability, and solely as an
informational resource. <br />
This site Copyright &copy; 2004-2020 NYC*BUG.
</div><!-- footer -->

</body>
</html>

