



<!doctype html>
<html lang="en">
<head>
<meta name="keywords"
	content="bsd, freebsd, openbsd, netbsd, dragonflybsd, nycbug, dmesgd" />
<meta name="description" content="New York City BSD User Group dmesgd" />
<meta charset="utf-8" />
<meta name="viewport" content="width=device-width, initial-scale=1" />
<title>NYC*BUG dmesgd</title>
<style>
body {
	text-align: left;
	margin: 15px auto;
	padding: 0px 10px;
}
@media (min-width: 800px) {
	body {
		max-width: 85%;
	}
}
#header {
	border-bottom: 1px solid #dbdbdb;
	font-size: 230%;
	text-align: left;
}
#footer {
	border-top: 1px solid #dbdbdb;
	clear: both;
	text-align: left;
}
.logo_bug {
	color: #cc0033;
}
#menu ul {
	list-style-type: none;
	margin: 0;
	padding: 0;
}
#menu li {
	float: left;
}
#menu li a {
	display: block;
	background-color: #dbdbdb;
	color: #000000;
	font-size: 105%;
	font-weight: bold;
	padding: 0px 6px 0px 6px;
	text-decoration: none;
}
#content {
	clear: both;
	text-align: left;
	padding-top: 10px;
}
#content h1 {
	font-size: 120%;
	font-weight: bold;
}
#content h2 {
	font-size: 110%;
	font-weight: bold;
}
#content a {
	text-decoration: none;
}
#content pre {
	background-color: #dbdbdb;
	padding: 5px 5px 5px 5px;
	white-space: pre-wrap;		/* css-3 */
	white-space: -moz-pre-wrap;	/* Mozilla, since 1999 */
	white-space: -pre-wrap;		/* Opera 4-6 */
	white-space: -o-pre-wrap;	/* Opera 7 */
	word-wrap: break-word;		/* Internet Explorer 5.5+ */
}
#content table {
	border-collapse: collapse;
}
#content table th {
	border: 1px solid #dbdbdb;
	font-size: 85%;
	white-space: nowrap;
}
#content table td {
	border: 1px solid #dbdbdb;
	font-size: 80%;
}
#content input {
	font-size: 1em;
}
#content .full	{ width: 100%; }
#content .left	{ text-align: left; }
#content .right	{ text-align: right; }
#content .center { text-align: center; }
#content .flexbox {
	display: -ms-flex;
	display: -webkit-flex;
	display: flex;
	width: 100%;
}
#content .left_col {
	min-width: 75px;
	max-width: 50%;
	flex-grow: 0;
}
#content .right_col {
	flex-grow: 1;
	margin-left: 10px;
	padding-top: 10px;
	padding-left: 10px;
}
#col {
	-moz-column-count: 3;
	-webkit-column-count: 3;
	column-count: 3;
}
</style>
</head>
<body>

<div id="header">
<strong><em>NYC*</em><span class="logo_bug">BUG</span> dmesgd</strong>
</div><!-- header -->

<div id="menu">
<ul>
<li><a href="https://dmesgd.nycbug.org/index.cgi?do=index">Home</a></li>
<li><a href="https://dmesgd.nycbug.org/index.cgi?do=submit">Submit</a></li>
<li><a href="https://www.nycbug.org/">NYC*BUG</a></li>
</ul>
</div><!-- menu -->

<div id="content">

<p>
Launched in 2004, dmesgd aims to provide a
<strong>user-submitted</strong> repository of searchable *BSD dmesgs.
The dmesg(8) command displays the system message buffer's content, and
during boot a copy is saved to <em>/var/run/dmesg.boot</em>.  This buffer
contains the operating system release, name and version, a list of
devices identified, plus a whole host of other useful information.  We
hope others find this resource useful and further contribute to its
growth. Contact us at [ admin at lists dot nycbug dot org ].
</p>

<hr />


<strong>Date:</strong> <em>2018-02-01 14:51:12</em><br />
<strong>From:</strong> <em>nehmetokio</em><br />
<strong>Description:</strong> <em>TUXEDO Computers InfinityBook 14v1 running -current</em><br />

<pre>
OpenBSD 6.2-current (GENERIC.MP) #387: Wed Jan 24 12:53:55 MST 2018
    xxx@xxx.xxx:/usr/src/sys/arch/amd64/compile/GENERIC.MP
real mem = 8468938752 (8076MB)
avail mem = 8205336576 (7825MB)
mpath0 at root
scsibus0 at mpath0: 256 targets
mainbus0 at root
bios0 at mainbus0: SMBIOS rev. 3.0 @ 0x8c012000 (66 entries)
bios0: vendor INSYDE Corp. version &quot;18.09&quot; date 09/30/2016
bios0: TUXEDO Computers TUXEDO InfinityBook 14v1
acpi0 at bios0: rev 2
acpi0: sleep states S0 S3 S4 S5
acpi0: tables DSDT FACP UEFI UEFI SSDT SSDT TPM2 SSDT SSDT ASF! ASPT BOOT DBGP HPET APIC MCFG SLIC SSDT SSDT LPIT WSMT SSDT SSDT SSDT DBGP DBG2 SSDT SSDT DMAR FPDT BGRT
acpi0: wakeup devices GLAN(S4) XHC_(S4) XDCI(S4) HDAS(S4) PXSX(S4) RP01(S4) PXSX(S4) RP02(S4) PXSX(S4) RP03(S4) PXSX(S4) RP04(S4) PXSX(S4) RP05(S4) PXSX(S4) RP06(S4) [...]
acpitimer0 at acpi0: 3579545 Hz, 24 bits
acpihpet0 at acpi0: 23999999 Hz
acpimadt0 at acpi0 addr 0xfee00000: PC-AT compat
cpu0 at mainbus0: apid 0 (boot processor)
cpu0: Intel(R) Core(TM) i5-7Y54 CPU @ 1.20GHz, 1197.64 MHz
cpu0: FPU,VME,DE,PSE,TSC,MSR,PAE,MCE,CX8,APIC,SEP,MTRR,PGE,MCA,CMOV,PAT,PSE36,CFLUSH,DS,ACPI,MMX,FXSR,SSE,SSE2,SS,HTT,TM,PBE,SSE3,PCLMUL,DTES64,MWAIT,DS-CPL,VMX,EST,TM2,SSSE3,SDBG,FMA3,CX16,xTPR,PDCM,PCID,SSE4.1,SSE4.2,x2APIC,MOVBE,POPCNT,DEADLINE,AES,XSAVE,AVX,F16C,RDRAND,NXE,PAGE1GB,RDTSCP,LONG,LAHF,ABM,3DNOWP,PERF,ITSC,FSGSBASE,SGX,BMI1,AVX2,SMEP,BMI2,ERMS,INVPCID,MPX,RDSEED,ADX,SMAP,CLFLUSHOPT,PT,SENSOR,ARAT
cpu0: 256KB 64b/line 8-way L2 cache
cpu0: smt 0, core 0, package 0
mtrr: Pentium Pro MTRR support, 10 var ranges, 88 fixed ranges
cpu0: apic clock running at 24MHz
cpu0: mwait min=64, max=64, C-substates=0.2.1.2.4.1.1.1, IBE
cpu1 at mainbus0: apid 2 (application processor)
cpu1: Intel(R) Core(TM) i5-7Y54 CPU @ 1.20GHz, 1106.17 MHz
cpu1: FPU,VME,DE,PSE,TSC,MSR,PAE,MCE,CX8,APIC,SEP,MTRR,PGE,MCA,CMOV,PAT,PSE36,CFLUSH,DS,ACPI,MMX,FXSR,SSE,SSE2,SS,HTT,TM,PBE,SSE3,PCLMUL,DTES64,MWAIT,DS-CPL,VMX,EST,TM2,SSSE3,SDBG,FMA3,CX16,xTPR,PDCM,PCID,SSE4.1,SSE4.2,x2APIC,MOVBE,POPCNT,DEADLINE,AES,XSAVE,AVX,F16C,RDRAND,NXE,PAGE1GB,RDTSCP,LONG,LAHF,ABM,3DNOWP,PERF,ITSC,FSGSBASE,SGX,BMI1,AVX2,SMEP,BMI2,ERMS,INVPCID,MPX,RDSEED,ADX,SMAP,CLFLUSHOPT,PT,SENSOR,ARAT
cpu1: 256KB 64b/line 8-way L2 cache
cpu1: smt 0, core 1, package 0
cpu1: failed to identify
cpu2 at mainbus0: apid 1 (application processor)
cpu2: Intel(R) Core(TM) i5-7Y54 CPU @ 1.20GHz, 1097.46 MHz
cpu2: FPU,VME,DE,PSE,TSC,MSR,PAE,MCE,CX8,APIC,SEP,MTRR,PGE,MCA,CMOV,PAT,PSE36,CFLUSH,DS,ACPI,MMX,FXSR,SSE,SSE2,SS,HTT,TM,PBE,SSE3,PCLMUL,DTES64,MWAIT,DS-CPL,VMX,EST,TM2,SSSE3,SDBG,FMA3,CX16,xTPR,PDCM,PCID,SSE4.1,SSE4.2,x2APIC,MOVBE,POPCNT,DEADLINE,AES,XSAVE,AVX,F16C,RDRAND,NXE,PAGE1GB,RDTSCP,LONG,LAHF,ABM,3DNOWP,PERF,ITSC,FSGSBASE,SGX,BMI1,AVX2,SMEP,BMI2,ERMS,INVPCID,MPX,RDSEED,ADX,SMAP,CLFLUSHOPT,PT,SENSOR,ARAT
cpu2: 256KB 64b/line 8-way L2 cache
cpu2: smt 1, core 0, package 0
cpu2: failed to identify
cpu3 at mainbus0: apid 3 (application processor)
cpu3: Intel(R) Core(TM) i5-7Y54 CPU @ 1.20GHz, 1097.46 MHz
cpu3: FPU,VME,DE,PSE,TSC,MSR,PAE,MCE,CX8,APIC,SEP,MTRR,PGE,MCA,CMOV,PAT,PSE36,CFLUSH,DS,ACPI,MMX,FXSR,SSE,SSE2,SS,HTT,TM,PBE,SSE3,PCLMUL,DTES64,MWAIT,DS-CPL,VMX,EST,TM2,SSSE3,SDBG,FMA3,CX16,xTPR,PDCM,PCID,SSE4.1,SSE4.2,x2APIC,MOVBE,POPCNT,DEADLINE,AES,XSAVE,AVX,F16C,RDRAND,NXE,PAGE1GB,RDTSCP,LONG,LAHF,ABM,3DNOWP,PERF,ITSC,FSGSBASE,SGX,BMI1,AVX2,SMEP,BMI2,ERMS,INVPCID,MPX,RDSEED,ADX,SMAP,CLFLUSHOPT,PT,SENSOR,ARAT
cpu3: 256KB 64b/line 8-way L2 cache
cpu3: smt 1, core 1, package 0
cpu3: failed to identify
ioapic0 at mainbus0: apid 2 pa 0xfec00000, version 20, 120 pins
acpimcfg0 at acpi0 addr 0xe0000000, bus 0-255
acpiprt0 at acpi0: bus 0 (PCI0)
acpiprt1 at acpi0: bus -1 (RP01)
acpiprt2 at acpi0: bus -1 (RP02)
acpiprt3 at acpi0: bus -1 (RP03)
acpiprt4 at acpi0: bus -1 (RP04)
acpiprt5 at acpi0: bus -1 (RP05)
acpiprt6 at acpi0: bus -1 (RP06)
acpiprt7 at acpi0: bus -1 (RP07)
acpiprt8 at acpi0: bus -1 (RP08)
acpiprt9 at acpi0: bus 1 (RP09)
acpiprt10 at acpi0: bus -1 (RP10)
acpiprt11 at acpi0: bus -1 (RP11)
acpiprt12 at acpi0: bus -1 (RP12)
acpiprt13 at acpi0: bus -1 (RP13)
acpiprt14 at acpi0: bus -1 (RP14)
acpiprt15 at acpi0: bus -1 (RP15)
acpiprt16 at acpi0: bus -1 (RP16)
acpiprt17 at acpi0: bus -1 (RP17)
acpiprt18 at acpi0: bus -1 (RP18)
acpiprt19 at acpi0: bus -1 (RP19)
acpiprt20 at acpi0: bus -1 (RP20)
acpiprt21 at acpi0: bus -1 (RP21)
acpiprt22 at acpi0: bus -1 (RP22)
acpiprt23 at acpi0: bus -1 (RP23)
acpiprt24 at acpi0: bus -1 (RP24)
acpiec0 at acpi0
acpicpu0 at acpi0: C3(200@1034 mwait.1@0x60), C2(200@151 mwait.1@0x33), C1(1000@1 mwait.1), PSS
acpicpu1 at acpi0: C3(200@1034 mwait.1@0x60), C2(200@151 mwait.1@0x33), C1(1000@1 mwait.1), PSS
acpicpu2 at acpi0: C3(200@1034 mwait.1@0x60), C2(200@151 mwait.1@0x33), C1(1000@1 mwait.1), PSS
acpicpu3 at acpi0: C3(200@1034 mwait.1@0x60), C2(200@151 mwait.1@0x33), C1(1000@1 mwait.1), PSS
acpipwrres0 at acpi0: WRST
acpipwrres1 at acpi0: WRST
acpipwrres2 at acpi0: WRST
acpipwrres3 at acpi0: WRST
acpipwrres4 at acpi0: WRST
acpipwrres5 at acpi0: WRST
acpipwrres6 at acpi0: WRST
acpipwrres7 at acpi0: WRST
acpipwrres8 at acpi0: WRST
acpipwrres9 at acpi0: WRST
acpipwrres10 at acpi0: WRST
acpipwrres11 at acpi0: WRST
acpipwrres12 at acpi0: WRST
acpipwrres13 at acpi0: WRST
acpipwrres14 at acpi0: WRST
acpipwrres15 at acpi0: WRST
acpipwrres16 at acpi0: WRST
acpipwrres17 at acpi0: WRST
acpipwrres18 at acpi0: WRST
acpipwrres19 at acpi0: WRST
acpitz0 at acpi0: critical temperature is 119 degC
acpitz1 at acpi0: critical temperature is 119 degC
acpibat0 at acpi0: BAT1 model &quot;BASE-BAT&quot; serial 123456789 type LiP oem &quot;Render&quot;
acpibtn0 at acpi0: LID0
&quot;INT3403&quot; at acpi0 not configured
&quot;INT3F0D&quot; at acpi0 not configured
&quot;MSFT0001&quot; at acpi0 not configured
&quot;ETD0449&quot; at acpi0 not configured
&quot;INT344B&quot; at acpi0 not configured
acpiac0 at acpi0: AC unit online
acpibtn1 at acpi0: PWRB
&quot;HTR0001&quot; at acpi0 not configured
acpibtn2 at acpi0: SLPB
&quot;PNP0C14&quot; at acpi0 not configured
&quot;INT33A1&quot; at acpi0 not configured
&quot;MSFT0101&quot; at acpi0 not configured
&quot;INT3400&quot; at acpi0 not configured
acpidock0 at acpi0: DOCK not docked (0)
acpivideo0 at acpi0: GFX0
acpivout0 at acpivideo0: DD1F
cpu0: Enhanced SpeedStep 1197 MHz: speeds: 1601, 1600, 1500, 1400, 1300, 1200, 1100, 1000, 900, 800, 700, 600, 500, 400 MHz
pci0 at mainbus0 bus 0
pchb0 at pci0 dev 0 function 0 &quot;Intel Core 7G Host&quot; rev 0x02
inteldrm0 at pci0 dev 2 function 0 &quot;Intel HD Graphics 615&quot; rev 0x02
drm0 at inteldrm0
inteldrm0: msi
error: [drm:pid0:i915_firmware_load_error_print] *ERROR* failed to load firmware i915/kbl_dmc_ver1.bin (-22)
inteldrm0: 1920x1080, 32bpp
wsdisplay0 at inteldrm0 mux 1: console (std, vt100 emulation)
wsdisplay0: screen 1-5 added (std, vt100 emulation)
&quot;Intel Core 6G Thermal&quot; rev 0x02 at pci0 dev 4 function 0 not configured
&quot;Intel Core GMM&quot; rev 0x00 at pci0 dev 8 function 0 not configured
xhci0 at pci0 dev 20 function 0 &quot;Intel 100 Series xHCI&quot; rev 0x21: msi
usb0 at xhci0: USB revision 3.0
uhub0 at usb0 configuration 1 interface 0 &quot;Intel xHCI root hub&quot; rev 3.00/1.00 addr 1
pchtemp0 at pci0 dev 20 function 2 &quot;Intel 100 Series Thermal&quot; rev 0x21
&quot;Intel 100 Series MEI&quot; rev 0x21 at pci0 dev 22 function 0 not configured
ahci0 at pci0 dev 23 function 0 &quot;Intel 100 Series AHCI&quot; rev 0x21: msi, AHCI 1.3.1
ahci0: PHY offline on port 0
ahci0: port 1: 6.0Gb/s
scsibus1 at ahci0: 32 targets
sd0 at scsibus1 targ 1 lun 0: &lt;ATA, Samsung SSD 850, EMT2&gt; SCSI3 0/direct fixed naa.5002538d4215b313
sd0: 238475MB, 512 bytes/sector, 488397168 sectors, thin
ppb0 at pci0 dev 29 function 0 &quot;Intel 100 Series PCIE&quot; rev 0xf1: msi
pci1 at ppb0 bus 1
iwm0 at pci1 dev 0 function 0 &quot;Intel Dual Band Wireless-AC 8265&quot; rev 0x78, msi
vendor &quot;Intel&quot;, unknown product 0x9d27 (class DASP subclass miscellaneous, rev 0x21) at pci0 dev 30 function 0 not configured
sdhc0 at pci0 dev 30 function 4 vendor &quot;Intel&quot;, unknown product 0x9d2b rev 0x21: apic 2 int 21
sdhc0: SDHC 3.0, 200 MHz base clock
sdmmc0 at sdhc0: 8-bit, sd high-speed, mmc high-speed, dma
sdhc1 at pci0 dev 30 function 6 vendor &quot;Intel&quot;, unknown product 0x9d2d rev 0x21: apic 2 int 23
sdhc1: SDHC 3.0, 200 MHz base clock
sdmmc1 at sdhc1: 4-bit, sd high-speed, mmc high-speed, dma
pcib0 at pci0 dev 31 function 0 &quot;Intel 200 Series LPC&quot; rev 0x21
&quot;Intel 100 Series PMC&quot; rev 0x21 at pci0 dev 31 function 2 not configured
azalia0 at pci0 dev 31 function 3 &quot;Intel 200 Series HD Audio&quot; rev 0x21: msi
azalia0: codecs: Realtek ALC269, Intel/0x280b, using Realtek ALC269
audio0 at azalia0
ichiic0 at pci0 dev 31 function 4 &quot;Intel 100 Series SMBus&quot; rev 0x21: apic 2 int 16
iic0 at ichiic0
ichiic0: abort failed, status 0x41&lt;BUSY,INUSE&gt;
isa0 at pcib0
isadma0 at isa0
pckbc0 at isa0 port 0x60/5 irq 1 irq 12
pckbd0 at pckbc0 (kbd slot)
wskbd0 at pckbd0: console keyboard, using wsdisplay0
pms0 at pckbc0 (aux slot)
wsmouse0 at pms0 mux 0
pms0: Elantech Clickpad, version 4, firmware 0x461f15
pcppi0 at isa0 port 0x61
spkr0 at pcppi0
vmm0 at mainbus0: VMX/EPT
efifb at mainbus0 not configured
sdmmc0: can't enable card
uhidev0 at uhub0 port 2 configuration 1 interface 0 &quot;Logitech Gaming Mouse G600&quot; rev 2.00/77.00 addr 2
uhidev0: iclass 3/1
ums0 at uhidev0: 16 buttons, Z and W dir
wsmouse1 at ums0 mux 0
uhidev1 at uhub0 port 2 configuration 1 interface 1 &quot;Logitech Gaming Mouse G600&quot; rev 2.00/77.00 addr 2
uhidev1: iclass 3/0, 247 report ids
ukbd0 at uhidev1 reportid 1: 8 variable keys, 5 key codes
wskbd1 at ukbd0 mux 1
wskbd1: connecting to wsdisplay0
uhid0 at uhidev1 reportid 128: input=5, output=0, feature=0
uhid1 at uhidev1 reportid 240: input=0, output=0, feature=3
uhid2 at uhidev1 reportid 241: input=0, output=0, feature=7
uhid3 at uhidev1 reportid 242: input=0, output=0, feature=4
uhid4 at uhidev1 reportid 243: input=0, output=0, feature=153
uhid5 at uhidev1 reportid 244: input=0, output=0, feature=153
uhid6 at uhidev1 reportid 245: input=0, output=0, feature=153
uhid7 at uhidev1 reportid 246: input=7, output=0, feature=7
uhid8 at uhidev1 reportid 247: input=31, output=0, feature=0
uvideo0 at uhub0 port 3 configuration 1 interface 0 &quot;Alcor Micro HD Webcam&quot; rev 2.00/11.00 addr 3
video0 at uvideo0
ugen0 at uhub0 port 7 &quot;Intel Bluetooth&quot; rev 2.00/0.10 addr 4
uhidev2 at uhub0 port 9 configuration 1 interface 0 &quot;Cherry Mikroschalter My3000 keyboard&quot; rev 1.10/9.09 addr 5
uhidev2: iclass 3/1
ukbd1 at uhidev2: 8 variable keys, 6 key codes
wskbd2 at ukbd1 mux 1
wskbd2: connecting to wsdisplay0
vscsi0 at root
scsibus2 at vscsi0: 256 targets
softraid0 at root
scsibus3 at softraid0: 256 targets
root on sd0a (83b10cc6a788fdcc.a) swap on sd0b dump on sd0b
iwm0: hw rev 0x230, fw ver 22.361476.0, address xx:xx:xx:xx:xx:xx
iwm0: unhandled firmware response 0xff/0xb8000010 rx ring 0[48]
iwm0: unhandled firmware response 0xff/0xb8000010 rx ring 5[165]
error: [drm:pid65996:intel_pipe_update_start] *ERROR* Potential atomic update failure on pipe A
error: [drm:pid65996:intel_pipe_update_start] *ERROR* Potential atomic update failure on pipe A
iwm0: unhandled firmware response 0xff/0xb8000010 rx ring 56[83]
error: [drm:pid65996:intel_pipe_update_start] *ERROR* Potential atomic update failure on pipe A
iwm0: unhandled firmware response 0xff/0xb8000010 rx ring 3[42]
wsmouse1 detached
ums0 detached
uhidev0 detached
wskbd1: disconnecting from wsdisplay0
wskbd1 detached
ukbd0 detached
uhid0 detached
uhid1 detached
uhid2 detached
uhid3 detached
uhid4 detached
uhid5 detached
uhid6 detached
uhid7 detached
uhid8 detached
uhidev1 detached
wskbd2: disconnecting from wsdisplay0
wskbd2 detached
ukbd1 detached
uhidev2 detached
iwm0: unhandled firmware response 0xff/0xb8000010 rx ring 21[205]
error: [drm:pid65996:intel_pipe_update_start] *ERROR* Potential atomic update failure on pipe A
uhidev0 at uhub0 port 2 configuration 1 interface 0 &quot;Cherry Mikroschalter My3000 keyboard&quot; rev 1.10/9.09 addr 2
uhidev0: iclass 3/1
ukbd0 at uhidev0: 8 variable keys, 6 key codes
wskbd1 at ukbd0 mux 1
wskbd1: connecting to wsdisplay0
wskbd1: disconnecting from wsdisplay0
wskbd1 detached
ukbd0 detached
uhidev0 detached
uhidev0 at uhub0 port 2 configuration 1 interface 0 &quot;Cherry Mikroschalter My3000 keyboard&quot; rev 1.10/9.09 addr 2
uhidev0: iclass 3/1
ukbd0 at uhidev0: 8 variable keys, 6 key codes
wskbd1 at ukbd0 mux 1
wskbd1: connecting to wsdisplay0
uhidev1 at uhub0 port 9 configuration 1 interface 0 &quot;Logitech Gaming Mouse G600&quot; rev 2.00/77.00 addr 5
uhidev1: iclass 3/1
ums0 at uhidev1: 16 buttons, Z and W dir
wsmouse1 at ums0 mux 0
uhidev2 at uhub0 port 9 configuration 1 interface 1 &quot;Logitech Gaming Mouse G600&quot; rev 2.00/77.00 addr 5
uhidev2: iclass 3/0, 247 report ids
ukbd1 at uhidev2 reportid 1: 8 variable keys, 5 key codes
wskbd2 at ukbd1 mux 1
wskbd2: connecting to wsdisplay0
uhid0 at uhidev2 reportid 128: input=5, output=0, feature=0
uhid1 at uhidev2 reportid 240: input=0, output=0, feature=3
uhid2 at uhidev2 reportid 241: input=0, output=0, feature=7
uhid3 at uhidev2 reportid 242: input=0, output=0, feature=4
uhid4 at uhidev2 reportid 243: input=0, output=0, feature=153
uhid5 at uhidev2 reportid 244: input=0, output=0, feature=153
uhid6 at uhidev2 reportid 245: input=0, output=0, feature=153
uhid7 at uhidev2 reportid 246: input=7, output=0, feature=7
uhid8 at uhidev2 reportid 247: input=31, output=0, feature=0
error: [drm:pid65996:intel_pipe_update_start] *ERROR* Potential atomic update failure on pipe A
iwm0: unhandled firmware response 0xff/0xb8000010 rx ring 56[82]
error: [drm:pid65996:intel_pipe_update_start] *ERROR* Potential atomic update failure on pipe A
iwm0: unhandled firmware response 0xff/0xb8000010 rx ring 42[132]
iwm0: unhandled firmware response 0xff/0xb8000010 rx ring 9[250]
iwm0: unhandled firmware response 0xff/0xb8000010 rx ring 39[155]
iwm0: unhandled firmware response 0xff/0xb8000010 rx ring 3[117]
error: [drm:pid65996:intel_pipe_update_start] *ERROR* Potential atomic update failure on pipe A
iwm0: unhandled firmware response 0xff/0xb8000010 rx ring 39[235]
iwm0: unhandled firmware response 0xff/0xb8000010 rx ring 40[121]
iwm0: unhandled firmware response 0xff/0xb8000010 rx ring 19[176]
iwm0: unhandled firmware response 0xff/0xb8000010 rx ring 20[95]
iwm0: unhandled firmware response 0xff/0xb8000010 rx ring 0[50]
iwm0: unhandled firmware response 0xff/0xb8000010 rx ring 0[70]
iwm0: unhandled firmware response 0xff/0xb8000010 rx ring 6[163]
error: [drm:pid65996:intel_pipe_update_start] *ERROR* Potential atomic update failure on pipe A
iwm0: unhandled firmware response 0xff/0xb8000010 rx ring 26[77]
error: [drm:pid65996:intel_pipe_update_start] *ERROR* Potential atomic update failure on pipe A
iwm0: unhandled firmware response 0xff/0xb8000010 rx ring 5[71]
iwm0: unhandled firmware response 0xff/0xb8000010 rx ring 32[51]
error: [drm:pid65996:intel_pipe_update_start] *ERROR* Potential atomic update failure on pipe A
iwm0: unhandled firmware response 0xff/0xb8000010 rx ring 24[97]
iwm0: unhandled firmware response 0xff/0xb8000010 rx ring 16[224]
error: [drm:pid65996:intel_pipe_update_start] *ERROR* Potential atomic update failure on pipe A
wskbd1: disconnecting from wsdisplay0
wskbd1 detached
ukbd0 detached
uhidev0 detached
wsmouse1 detached
ums0 detached
uhidev1 detached
wskbd2: disconnecting from wsdisplay0
wskbd2 detached
ukbd1 detached
uhid0 detached
uhid1 detached
uhid2 detached
uhid3 detached
uhid4 detached
uhid5 detached
uhid6 detached
uhid7 detached
uhid8 detached
uhidev2 detached
iwm0: unhandled firmware response 0xff/0xb8000010 rx ring 63[61]
syncing disks... done
reboot
OpenBSD 6.2-current (GENERIC.MP) #391: Tue Jan 30 19:28:28 MST 2018
    xxx@xxx.xxx:/usr/src/sys/arch/amd64/compile/GENERIC.MP
real mem = 8468938752 (8076MB)
avail mem = 8205336576 (7825MB)
mpath0 at root
scsibus0 at mpath0: 256 targets
mainbus0 at root
bios0 at mainbus0: SMBIOS rev. 3.0 @ 0x8c012000 (66 entries)
bios0: vendor INSYDE Corp. version &quot;18.09&quot; date 09/30/2016
bios0: TUXEDO Computers TUXEDO InfinityBook 14v1
acpi0 at bios0: rev 2
acpi0: sleep states S0 S3 S4 S5
acpi0: tables DSDT FACP UEFI UEFI SSDT SSDT TPM2 SSDT SSDT ASF! ASPT BOOT DBGP HPET APIC MCFG SLIC SSDT SSDT LPIT WSMT SSDT SSDT SSDT DBGP DBG2 SSDT SSDT DMAR FPDT BGRT
acpi0: wakeup devices GLAN(S4) XHC_(S4) XDCI(S4) HDAS(S4) PXSX(S4) RP01(S4) PXSX(S4) RP02(S4) PXSX(S4) RP03(S4) PXSX(S4) RP04(S4) PXSX(S4) RP05(S4) PXSX(S4) RP06(S4) [...]
acpitimer0 at acpi0: 3579545 Hz, 24 bits
acpihpet0 at acpi0: 23999999 Hz
acpimadt0 at acpi0 addr 0xfee00000: PC-AT compat
cpu0 at mainbus0: apid 0 (boot processor)
cpu0: Intel(R) Core(TM) i5-7Y54 CPU @ 1.20GHz, 1197.64 MHz
cpu0: FPU,VME,DE,PSE,TSC,MSR,PAE,MCE,CX8,APIC,SEP,MTRR,PGE,MCA,CMOV,PAT,PSE36,CFLUSH,DS,ACPI,MMX,FXSR,SSE,SSE2,SS,HTT,TM,PBE,SSE3,PCLMUL,DTES64,MWAIT,DS-CPL,VMX,EST,TM2,SSSE3,SDBG,FMA3,CX16,xTPR,PDCM,PCID,SSE4.1,SSE4.2,x2APIC,MOVBE,POPCNT,DEADLINE,AES,XSAVE,AVX,F16C,RDRAND,NXE,PAGE1GB,RDTSCP,LONG,LAHF,ABM,3DNOWP,PERF,ITSC,FSGSBASE,SGX,BMI1,AVX2,SMEP,BMI2,ERMS,INVPCID,MPX,RDSEED,ADX,SMAP,CLFLUSHOPT,PT,SENSOR,ARAT
cpu0: 256KB 64b/line 8-way L2 cache
cpu0: smt 0, core 0, package 0
mtrr: Pentium Pro MTRR support, 10 var ranges, 88 fixed ranges
cpu0: apic clock running at 24MHz
cpu0: mwait min=64, max=64, C-substates=0.2.1.2.4.1.1.1, IBE
cpu1 at mainbus0: apid 2 (application processor)
cpu1: Intel(R) Core(TM) i5-7Y54 CPU @ 1.20GHz, 1105.79 MHz
cpu1: FPU,VME,DE,PSE,TSC,MSR,PAE,MCE,CX8,APIC,SEP,MTRR,PGE,MCA,CMOV,PAT,PSE36,CFLUSH,DS,ACPI,MMX,FXSR,SSE,SSE2,SS,HTT,TM,PBE,SSE3,PCLMUL,DTES64,MWAIT,DS-CPL,VMX,EST,TM2,SSSE3,SDBG,FMA3,CX16,xTPR,PDCM,PCID,SSE4.1,SSE4.2,x2APIC,MOVBE,POPCNT,DEADLINE,AES,XSAVE,AVX,F16C,RDRAND,NXE,PAGE1GB,RDTSCP,LONG,LAHF,ABM,3DNOWP,PERF,ITSC,FSGSBASE,SGX,BMI1,AVX2,SMEP,BMI2,ERMS,INVPCID,MPX,RDSEED,ADX,SMAP,CLFLUSHOPT,PT,SENSOR,ARAT
cpu1: 256KB 64b/line 8-way L2 cache
cpu1: smt 0, core 1, package 0
cpu1: failed to identify
cpu2 at mainbus0: apid 1 (application processor)
cpu2: Intel(R) Core(TM) i5-7Y54 CPU @ 1.20GHz, 1097.46 MHz
cpu2: FPU,VME,DE,PSE,TSC,MSR,PAE,MCE,CX8,APIC,SEP,MTRR,PGE,MCA,CMOV,PAT,PSE36,CFLUSH,DS,ACPI,MMX,FXSR,SSE,SSE2,SS,HTT,TM,PBE,SSE3,PCLMUL,DTES64,MWAIT,DS-CPL,VMX,EST,TM2,SSSE3,SDBG,FMA3,CX16,xTPR,PDCM,PCID,SSE4.1,SSE4.2,x2APIC,MOVBE,POPCNT,DEADLINE,AES,XSAVE,AVX,F16C,RDRAND,NXE,PAGE1GB,RDTSCP,LONG,LAHF,ABM,3DNOWP,PERF,ITSC,FSGSBASE,SGX,BMI1,AVX2,SMEP,BMI2,ERMS,INVPCID,MPX,RDSEED,ADX,SMAP,CLFLUSHOPT,PT,SENSOR,ARAT
cpu2: 256KB 64b/line 8-way L2 cache
cpu2: smt 1, core 0, package 0
cpu2: failed to identify
cpu3 at mainbus0: apid 3 (application processor)
cpu3: Intel(R) Core(TM) i5-7Y54 CPU @ 1.20GHz, 1097.46 MHz
cpu3: FPU,VME,DE,PSE,TSC,MSR,PAE,MCE,CX8,APIC,SEP,MTRR,PGE,MCA,CMOV,PAT,PSE36,CFLUSH,DS,ACPI,MMX,FXSR,SSE,SSE2,SS,HTT,TM,PBE,SSE3,PCLMUL,DTES64,MWAIT,DS-CPL,VMX,EST,TM2,SSSE3,SDBG,FMA3,CX16,xTPR,PDCM,PCID,SSE4.1,SSE4.2,x2APIC,MOVBE,POPCNT,DEADLINE,AES,XSAVE,AVX,F16C,RDRAND,NXE,PAGE1GB,RDTSCP,LONG,LAHF,ABM,3DNOWP,PERF,ITSC,FSGSBASE,SGX,BMI1,AVX2,SMEP,BMI2,ERMS,INVPCID,MPX,RDSEED,ADX,SMAP,CLFLUSHOPT,PT,SENSOR,ARAT
cpu3: 256KB 64b/line 8-way L2 cache
cpu3: smt 1, core 1, package 0
cpu3: failed to identify
ioapic0 at mainbus0: apid 2 pa 0xfec00000, version 20, 120 pins
acpimcfg0 at acpi0 addr 0xe0000000, bus 0-255
acpiprt0 at acpi0: bus 0 (PCI0)
acpiprt1 at acpi0: bus -1 (RP01)
acpiprt2 at acpi0: bus -1 (RP02)
acpiprt3 at acpi0: bus -1 (RP03)
acpiprt4 at acpi0: bus -1 (RP04)
acpiprt5 at acpi0: bus -1 (RP05)
acpiprt6 at acpi0: bus -1 (RP06)
acpiprt7 at acpi0: bus -1 (RP07)
acpiprt8 at acpi0: bus -1 (RP08)
acpiprt9 at acpi0: bus 1 (RP09)
acpiprt10 at acpi0: bus -1 (RP10)
acpiprt11 at acpi0: bus -1 (RP11)
acpiprt12 at acpi0: bus -1 (RP12)
acpiprt13 at acpi0: bus -1 (RP13)
acpiprt14 at acpi0: bus -1 (RP14)
acpiprt15 at acpi0: bus -1 (RP15)
acpiprt16 at acpi0: bus -1 (RP16)
acpiprt17 at acpi0: bus -1 (RP17)
acpiprt18 at acpi0: bus -1 (RP18)
acpiprt19 at acpi0: bus -1 (RP19)
acpiprt20 at acpi0: bus -1 (RP20)
acpiprt21 at acpi0: bus -1 (RP21)
acpiprt22 at acpi0: bus -1 (RP22)
acpiprt23 at acpi0: bus -1 (RP23)
acpiprt24 at acpi0: bus -1 (RP24)
acpiec0 at acpi0
acpicpu0 at acpi0: C3(200@1034 mwait.1@0x60), C2(200@151 mwait.1@0x33), C1(1000@1 mwait.1), PSS
acpicpu1 at acpi0: C3(200@1034 mwait.1@0x60), C2(200@151 mwait.1@0x33), C1(1000@1 mwait.1), PSS
acpicpu2 at acpi0: C3(200@1034 mwait.1@0x60), C2(200@151 mwait.1@0x33), C1(1000@1 mwait.1), PSS
acpicpu3 at acpi0: C3(200@1034 mwait.1@0x60), C2(200@151 mwait.1@0x33), C1(1000@1 mwait.1), PSS
acpipwrres0 at acpi0: WRST
acpipwrres1 at acpi0: WRST
acpipwrres2 at acpi0: WRST
acpipwrres3 at acpi0: WRST
acpipwrres4 at acpi0: WRST
acpipwrres5 at acpi0: WRST
acpipwrres6 at acpi0: WRST
acpipwrres7 at acpi0: WRST
acpipwrres8 at acpi0: WRST
acpipwrres9 at acpi0: WRST
acpipwrres10 at acpi0: WRST
acpipwrres11 at acpi0: WRST
acpipwrres12 at acpi0: WRST
acpipwrres13 at acpi0: WRST
acpipwrres14 at acpi0: WRST
acpipwrres15 at acpi0: WRST
acpipwrres16 at acpi0: WRST
acpipwrres17 at acpi0: WRST
acpipwrres18 at acpi0: WRST
acpipwrres19 at acpi0: WRST
acpitz0 at acpi0: critical temperature is 119 degC
acpitz1 at acpi0: critical temperature is 119 degC
acpibat0 at acpi0: BAT1 model &quot;BASE-BAT&quot; serial 123456789 type LiP oem &quot;Render&quot;
acpibtn0 at acpi0: LID0
&quot;INT3403&quot; at acpi0 not configured
&quot;INT3F0D&quot; at acpi0 not configured
&quot;MSFT0001&quot; at acpi0 not configured
&quot;ETD0449&quot; at acpi0 not configured
&quot;INT344B&quot; at acpi0 not configured
acpiac0 at acpi0: AC unit offline
acpibtn1 at acpi0: PWRB
&quot;HTR0001&quot; at acpi0 not configured
acpibtn2 at acpi0: SLPB
&quot;PNP0C14&quot; at acpi0 not configured
&quot;INT33A1&quot; at acpi0 not configured
&quot;MSFT0101&quot; at acpi0 not configured
&quot;INT3400&quot; at acpi0 not configured
acpidock0 at acpi0: DOCK not docked (0)
acpivideo0 at acpi0: GFX0
acpivout0 at acpivideo0: DD1F
cpu0: Enhanced SpeedStep 1197 MHz: speeds: 1601, 1600, 1500, 1400, 1300, 1200, 1100, 1000, 900, 800, 700, 600, 500, 400 MHz
pci0 at mainbus0 bus 0
pchb0 at pci0 dev 0 function 0 &quot;Intel Core 7G Host&quot; rev 0x02
inteldrm0 at pci0 dev 2 function 0 &quot;Intel HD Graphics 615&quot; rev 0x02
drm0 at inteldrm0
inteldrm0: msi
error: [drm:pid0:i915_firmware_load_error_print] *ERROR* failed to load firmware i915/kbl_dmc_ver1.bin (-22)
inteldrm0: 1920x1080, 32bpp
wsdisplay0 at inteldrm0 mux 1: console (std, vt100 emulation)
wsdisplay0: screen 1-5 added (std, vt100 emulation)
&quot;Intel Core 6G Thermal&quot; rev 0x02 at pci0 dev 4 function 0 not configured
&quot;Intel Core GMM&quot; rev 0x00 at pci0 dev 8 function 0 not configured
xhci0 at pci0 dev 20 function 0 &quot;Intel 100 Series xHCI&quot; rev 0x21: msi
usb0 at xhci0: USB revision 3.0
uhub0 at usb0 configuration 1 interface 0 &quot;Intel xHCI root hub&quot; rev 3.00/1.00 addr 1
pchtemp0 at pci0 dev 20 function 2 &quot;Intel 100 Series Thermal&quot; rev 0x21
&quot;Intel 100 Series MEI&quot; rev 0x21 at pci0 dev 22 function 0 not configured
ahci0 at pci0 dev 23 function 0 &quot;Intel 100 Series AHCI&quot; rev 0x21: msi, AHCI 1.3.1
ahci0: PHY offline on port 0
ahci0: port 1: 6.0Gb/s
scsibus1 at ahci0: 32 targets
sd0 at scsibus1 targ 1 lun 0: &lt;ATA, Samsung SSD 850, EMT2&gt; SCSI3 0/direct fixed naa.5002538d4215b313
sd0: 238475MB, 512 bytes/sector, 488397168 sectors, thin
ppb0 at pci0 dev 29 function 0 &quot;Intel 100 Series PCIE&quot; rev 0xf1: msi
pci1 at ppb0 bus 1
iwm0 at pci1 dev 0 function 0 &quot;Intel Dual Band Wireless-AC 8265&quot; rev 0x78, msi
vendor &quot;Intel&quot;, unknown product 0x9d27 (class DASP subclass miscellaneous, rev 0x21) at pci0 dev 30 function 0 not configured
sdhc0 at pci0 dev 30 function 4 vendor &quot;Intel&quot;, unknown product 0x9d2b rev 0x21: apic 2 int 21
sdhc0: SDHC 3.0, 200 MHz base clock
sdmmc0 at sdhc0: 8-bit, sd high-speed, mmc high-speed, dma
sdhc1 at pci0 dev 30 function 6 vendor &quot;Intel&quot;, unknown product 0x9d2d rev 0x21: apic 2 int 23
sdhc1: SDHC 3.0, 200 MHz base clock
sdmmc1 at sdhc1: 4-bit, sd high-speed, mmc high-speed, dma
pcib0 at pci0 dev 31 function 0 &quot;Intel 200 Series LPC&quot; rev 0x21
&quot;Intel 100 Series PMC&quot; rev 0x21 at pci0 dev 31 function 2 not configured
azalia0 at pci0 dev 31 function 3 &quot;Intel 200 Series HD Audio&quot; rev 0x21: msi
azalia0: codecs: Realtek ALC269, Intel/0x280b, using Realtek ALC269
audio0 at azalia0
ichiic0 at pci0 dev 31 function 4 &quot;Intel 100 Series SMBus&quot; rev 0x21: apic 2 int 16
iic0 at ichiic0
ichiic0: abort failed, status 0x41&lt;BUSY,INUSE&gt;
isa0 at pcib0
isadma0 at isa0
pckbc0 at isa0 port 0x60/5 irq 1 irq 12
pckbd0 at pckbc0 (kbd slot)
wskbd0 at pckbd0: console keyboard, using wsdisplay0
pms0 at pckbc0 (aux slot)
wsmouse0 at pms0 mux 0
pms0: Elantech Clickpad, version 4, firmware 0x461f15
pcppi0 at isa0 port 0x61
spkr0 at pcppi0
vmm0 at mainbus0: VMX/EPT
efifb at mainbus0 not configured
sdmmc0: can't enable card
uvideo0 at uhub0 port 3 configuration 1 interface 0 &quot;Alcor Micro HD Webcam&quot; rev 2.00/11.00 addr 2
video0 at uvideo0
ugen0 at uhub0 port 7 &quot;Intel Bluetooth&quot; rev 2.00/0.10 addr 3
vscsi0 at root
scsibus2 at vscsi0: 256 targets
softraid0 at root
scsibus3 at softraid0: 256 targets
root on sd0a (83b10cc6a788fdcc.a) swap on sd0b dump on sd0b
iwm0: hw rev 0x230, fw ver 22.361476.0, address xx:xx:xx:xx:xx:xx
iwm0: unhandled firmware response 0xff/0xb8000010 rx ring 0[116]
iwm0: unhandled firmware response 0xff/0xb8000010 rx ring 12[175]
hw.sensors.cpu0.temp0=34.00 degC
hw.sensors.acpitz0.temp0=27.80 degC (zone temperature)
hw.sensors.acpitz1.temp0=29.80 degC (zone temperature)
hw.sensors.acpibat0.volt0=7.40 VDC (voltage)
hw.sensors.acpibat0.volt1=8.12 VDC (current voltage)
hw.sensors.acpibat0.current0=0.86 A (rate)
hw.sensors.acpibat0.amphour0=5.51 Ah (last full capacity)
hw.sensors.acpibat0.amphour1=0.55 Ah (warning capacity)
hw.sensors.acpibat0.amphour2=0.22 Ah (low capacity)
hw.sensors.acpibat0.amphour3=5.16 Ah (remaining capacity), OK
hw.sensors.acpibat0.amphour4=5.51 Ah (design capacity)
hw.sensors.acpibat0.raw0=1 (battery discharging), OK
hw.sensors.acpibat0.raw1=55 (discharge cycles)
hw.sensors.acpibtn0.indicator0=On (lid open)
hw.sensors.acpiac0.indicator0=Off (power supply)
hw.sensors.acpidock0.indicator0=Off (not docked), UNKNOWN
hw.sensors.pchtemp0.temp0=32.00 degC

</pre>



</div><!-- content -->
<br />
<div id="footer">
All comments/news/posts are the property of their individual owner and
is presented without warranty of suitability, and solely as an
informational resource. <br />
This site Copyright &copy; 2004-2020 NYC*BUG.
</div><!-- footer -->

</body>
</html>

