



<!doctype html>
<html lang="en">
<head>
<meta name="keywords"
	content="bsd, freebsd, openbsd, netbsd, dragonflybsd, nycbug, dmesgd" />
<meta name="description" content="New York City BSD User Group dmesgd" />
<meta charset="utf-8" />
<meta name="viewport" content="width=device-width, initial-scale=1" />
<title>NYC*BUG dmesgd</title>
<style>
body {
	text-align: left;
	margin: 15px auto;
	padding: 0px 10px;
}
@media (min-width: 800px) {
	body {
		max-width: 85%;
	}
}
#header {
	border-bottom: 1px solid #dbdbdb;
	font-size: 230%;
	text-align: left;
}
#footer {
	border-top: 1px solid #dbdbdb;
	clear: both;
	text-align: left;
}
.logo_bug {
	color: #cc0033;
}
#menu ul {
	list-style-type: none;
	margin: 0;
	padding: 0;
}
#menu li {
	float: left;
}
#menu li a {
	display: block;
	background-color: #dbdbdb;
	color: #000000;
	font-size: 105%;
	font-weight: bold;
	padding: 0px 6px 0px 6px;
	text-decoration: none;
}
#content {
	clear: both;
	text-align: left;
	padding-top: 10px;
}
#content h1 {
	font-size: 120%;
	font-weight: bold;
}
#content h2 {
	font-size: 110%;
	font-weight: bold;
}
#content a {
	text-decoration: none;
}
#content pre {
	background-color: #dbdbdb;
	padding: 5px 5px 5px 5px;
	white-space: pre-wrap;		/* css-3 */
	white-space: -moz-pre-wrap;	/* Mozilla, since 1999 */
	white-space: -pre-wrap;		/* Opera 4-6 */
	white-space: -o-pre-wrap;	/* Opera 7 */
	word-wrap: break-word;		/* Internet Explorer 5.5+ */
}
#content table {
	border-collapse: collapse;
}
#content table th {
	border: 1px solid #dbdbdb;
	font-size: 85%;
	white-space: nowrap;
}
#content table td {
	border: 1px solid #dbdbdb;
	font-size: 80%;
}
#content input {
	font-size: 1em;
}
#content .full	{ width: 100%; }
#content .left	{ text-align: left; }
#content .right	{ text-align: right; }
#content .center { text-align: center; }
#content .flexbox {
	display: -ms-flex;
	display: -webkit-flex;
	display: flex;
	width: 100%;
}
#content .left_col {
	min-width: 75px;
	max-width: 50%;
	flex-grow: 0;
}
#content .right_col {
	flex-grow: 1;
	margin-left: 10px;
	padding-top: 10px;
	padding-left: 10px;
}
#col {
	-moz-column-count: 3;
	-webkit-column-count: 3;
	column-count: 3;
}
</style>
</head>
<body>

<div id="header">
<strong><em>NYC*</em><span class="logo_bug">BUG</span> dmesgd</strong>
</div><!-- header -->

<div id="menu">
<ul>
<li><a href="https://dmesgd.nycbug.org/index.cgi?do=index">Home</a></li>
<li><a href="https://dmesgd.nycbug.org/index.cgi?do=submit">Submit</a></li>
<li><a href="https://www.nycbug.org/">NYC*BUG</a></li>
</ul>
</div><!-- menu -->

<div id="content">

<p>
Launched in 2004, dmesgd aims to provide a
<strong>user-submitted</strong> repository of searchable *BSD dmesgs.
The dmesg(8) command displays the system message buffer's content, and
during boot a copy is saved to <em>/var/run/dmesg.boot</em>.  This buffer
contains the operating system release, name and version, a list of
devices identified, plus a whole host of other useful information.  We
hope others find this resource useful and further contribute to its
growth. Contact us at [ admin at lists dot nycbug dot org ].
</p>

<hr />


<strong>Date:</strong> <em>2018-02-03 14:09:58</em><br />
<strong>From:</strong> <em>sigcafe</em><br />
<strong>Description:</strong> <em>FUJITSU D3474-B1</em><br />

<pre>
OpenBSD 6.2-current (GENERIC.MP) #351: Fri Jan 12 13:56:18 MST 2018
    xxx@xxx.xxx:/usr/src/sys/arch/amd64/compile/GENERIC.MP
real mem = 8438759424 (8047MB)
avail mem = 8176697344 (7797MB)
mpath0 at root
scsibus0 at mpath0: 256 targets
mainbus0 at root
bios0 at mainbus0: SMBIOS rev. 3.0 @ 0x9bec9000 (42 entries)
bios0: vendor FUJITSU // American Megatrends Inc. version &quot;V5.0.0.12 R1.4.0 for D3474-B1x&quot; date 10/19/2017
bios0: FUJITSU D3474-B1
acpi0 at bios0: rev 2
acpi0: sleep states S0 S3 S4 S5
acpi0: tables DSDT FACP APIC FPDT MCFG SSDT FIDT SSDT HPET SSDT UEFI SSDT LPIT WSMT SSDT SSDT SSDT SSDT DBGP DBG2 DMAR
acpi0: wakeup devices PXSX(S4) PXSX(S4) PXSX(S4) PXSX(S4) PXSX(S4) PXSX(S4) PXSX(S4) PXSX(S4) PXSX(S4) PXSX(S4) PXSX(S4) PXSX(S4) PXSX(S4) PXSX(S4) PXSX(S4) PXSX(S4) [...]
acpitimer0 at acpi0: 3579545 Hz, 24 bits
acpimadt0 at acpi0 addr 0xfee00000: PC-AT compat
cpu0 at mainbus0: apid 0 (boot processor)
cpu0: Intel(R) Pentium(R) CPU G4560 @ 3.50GHz, 3493.18 MHz
cpu0: FPU,VME,DE,PSE,TSC,MSR,PAE,MCE,CX8,APIC,SEP,MTRR,PGE,MCA,CMOV,PAT,PSE36,CFLUSH,DS,ACPI,MMX,FXSR,SSE,SSE2,SS,HTT,TM,PBE,SSE3,PCLMUL,DTES64,MWAIT,DS-CPL,VMX,EST,TM2,SSSE3,SDBG,CX16,xTPR,PDCM,PCID,SSE4.1,SSE4.2,x2APIC,MOVBE,POPCNT,DEADLINE,AES,XSAVE,RDRAND,NXE,PAGE1GB,RDTSCP,LONG,LAHF,ABM,3DNOWP,PERF,ITSC,FSGSBASE,SGX,SMEP,ERMS,INVPCID,MPX,RDSEED,SMAP,CLFLUSHOPT,PT,SENSOR,ARAT
cpu0: 256KB 64b/line 8-way L2 cache
cpu0: smt 0, core 0, package 0
mtrr: Pentium Pro MTRR support, 10 var ranges, 88 fixed ranges
cpu0: apic clock running at 23MHz
cpu0: mwait min=64, max=64, C-substates=0.2.1.2.4.1, IBE
cpu1 at mainbus0: apid 2 (application processor)
cpu1: Intel(R) Pentium(R) CPU G4560 @ 3.50GHz, 3491.86 MHz
cpu1: FPU,VME,DE,PSE,TSC,MSR,PAE,MCE,CX8,APIC,SEP,MTRR,PGE,MCA,CMOV,PAT,PSE36,CFLUSH,DS,ACPI,MMX,FXSR,SSE,SSE2,SS,HTT,TM,PBE,SSE3,PCLMUL,DTES64,MWAIT,DS-CPL,VMX,EST,TM2,SSSE3,SDBG,CX16,xTPR,PDCM,PCID,SSE4.1,SSE4.2,x2APIC,MOVBE,POPCNT,DEADLINE,AES,XSAVE,RDRAND,NXE,PAGE1GB,RDTSCP,LONG,LAHF,ABM,3DNOWP,PERF,ITSC,FSGSBASE,SGX,SMEP,ERMS,INVPCID,MPX,RDSEED,SMAP,CLFLUSHOPT,PT,SENSOR,ARAT
cpu1: 256KB 64b/line 8-way L2 cache
cpu1: smt 0, core 1, package 0
cpu2 at mainbus0: apid 1 (application processor)
cpu2: Intel(R) Pentium(R) CPU G4560 @ 3.50GHz, 3491.86 MHz
cpu2: FPU,VME,DE,PSE,TSC,MSR,PAE,MCE,CX8,APIC,SEP,MTRR,PGE,MCA,CMOV,PAT,PSE36,CFLUSH,DS,ACPI,MMX,FXSR,SSE,SSE2,SS,HTT,TM,PBE,SSE3,PCLMUL,DTES64,MWAIT,DS-CPL,VMX,EST,TM2,SSSE3,SDBG,CX16,xTPR,PDCM,PCID,SSE4.1,SSE4.2,x2APIC,MOVBE,POPCNT,DEADLINE,AES,XSAVE,RDRAND,NXE,PAGE1GB,RDTSCP,LONG,LAHF,ABM,3DNOWP,PERF,ITSC,FSGSBASE,SGX,SMEP,ERMS,INVPCID,MPX,RDSEED,SMAP,CLFLUSHOPT,PT,SENSOR,ARAT
cpu2: 256KB 64b/line 8-way L2 cache
cpu2: smt 1, core 0, package 0
cpu3 at mainbus0: apid 3 (application processor)
cpu3: Intel(R) Pentium(R) CPU G4560 @ 3.50GHz, 3491.86 MHz
cpu3: FPU,VME,DE,PSE,TSC,MSR,PAE,MCE,CX8,APIC,SEP,MTRR,PGE,MCA,CMOV,PAT,PSE36,CFLUSH,DS,ACPI,MMX,FXSR,SSE,SSE2,SS,HTT,TM,PBE,SSE3,PCLMUL,DTES64,MWAIT,DS-CPL,VMX,EST,TM2,SSSE3,SDBG,CX16,xTPR,PDCM,PCID,SSE4.1,SSE4.2,x2APIC,MOVBE,POPCNT,DEADLINE,AES,XSAVE,RDRAND,NXE,PAGE1GB,RDTSCP,LONG,LAHF,ABM,3DNOWP,PERF,ITSC,FSGSBASE,SGX,SMEP,ERMS,INVPCID,MPX,RDSEED,SMAP,CLFLUSHOPT,PT,SENSOR,ARAT
cpu3: 256KB 64b/line 8-way L2 cache
cpu3: smt 1, core 1, package 0
ioapic0 at mainbus0: apid 2 pa 0xfec00000, version 20, 120 pins
acpimcfg0 at acpi0 addr 0xf0000000, bus 0-127
acpihpet0 at acpi0: 23999999 Hz
acpiprt0 at acpi0: bus 0 (PCI0)
acpiprt1 at acpi0: bus -1 (PEG0)
acpiprt2 at acpi0: bus -1 (PEG1)
acpiprt3 at acpi0: bus -1 (PEG2)
acpiprt4 at acpi0: bus 1 (RP09)
acpiprt5 at acpi0: bus -1 (RP10)
acpiprt6 at acpi0: bus -1 (RP11)
acpiprt7 at acpi0: bus -1 (RP12)
acpiprt8 at acpi0: bus -1 (RP13)
acpiprt9 at acpi0: bus -1 (RP01)
acpiprt10 at acpi0: bus -1 (RP02)
acpiprt11 at acpi0: bus -1 (RP03)
acpiprt12 at acpi0: bus -1 (RP04)
acpiprt13 at acpi0: bus -1 (RP05)
acpiprt14 at acpi0: bus -1 (RP06)
acpiprt15 at acpi0: bus -1 (RP07)
acpiprt16 at acpi0: bus -1 (RP08)
acpiprt17 at acpi0: bus -1 (RP17)
acpiprt18 at acpi0: bus -1 (RP18)
acpiprt19 at acpi0: bus -1 (RP19)
acpiprt20 at acpi0: bus -1 (RP20)
acpiprt21 at acpi0: bus -1 (RP21)
acpiprt22 at acpi0: bus -1 (RP22)
acpiprt23 at acpi0: bus -1 (RP23)
acpiprt24 at acpi0: bus -1 (RP24)
acpiprt25 at acpi0: bus -1 (RP14)
acpiprt26 at acpi0: bus -1 (RP15)
acpiprt27 at acpi0: bus -1 (RP16)
acpicpu0 at acpi0: C3(200@256 mwait.1@0x40), C2(200@261 mwait.1@0x33), C1(1000@1 mwait.1), PSS
acpicpu1 at acpi0: C3(200@256 mwait.1@0x40), C2(200@261 mwait.1@0x33), C1(1000@1 mwait.1), PSS
acpicpu2 at acpi0: C3(200@256 mwait.1@0x40), C2(200@261 mwait.1@0x33), C1(1000@1 mwait.1), PSS
acpicpu3 at acpi0: C3(200@256 mwait.1@0x40), C2(200@261 mwait.1@0x33), C1(1000@1 mwait.1), PSS
&quot;INT3F0D&quot; at acpi0 not configured
acpibtn0 at acpi0: SLPB
acpibtn1 at acpi0: PWRB
&quot;FUJ0420&quot; at acpi0 not configured
&quot;PNP0C14&quot; at acpi0 not configured
&quot;INT340E&quot; at acpi0 not configured
acpivideo0 at acpi0: GFX0
acpivout0 at acpivideo0: DD1F
cpu0: Enhanced SpeedStep 3493 MHz: speeds: 3500, 3300, 3100, 3000, 2800, 2600, 2400, 2200, 2100, 1900, 1700, 1500, 1300, 1200, 1000, 800 MHz
pci0 at mainbus0 bus 0
pchb0 at pci0 dev 0 function 0 vendor &quot;Intel&quot;, unknown product 0x590f rev 0x05
inteldrm0 at pci0 dev 2 function 0 &quot;Intel HD Graphics 610&quot; rev 0x04
drm0 at inteldrm0
inteldrm0: msi
error: [drm:pid0:i915_firmware_load_error_print] *ERROR* failed to load firmware i915/kbl_dmc_ver1.bin (-22)
Raw EDID:
        3c 40 b0 67 ec 34 8e 8c 97 9c 50 cc 60 8d b7 c2
        04 3c d4 2f 80 0f ec ae 2c ef 78 7d 90 e3 93 2c
        c5 97 04 b8 71 2b e2 cb 20 0b 9f 9f 69 52 20 ac
        40 23 42 d3 93 1b 69 25 75 ca 5b 53 30 2e 1b 8b
        42 62 5f 8a 80 ab 21 b2 fb 88 82 79 83 1e 2c 6b
        52 ff 72 f7 e3 68 51 29 9c bd 6f b5 43 e3 44 e9
        34 00 37 ed b3 38 dc cd eb 63 68 18 90 69 dd 1c
        ae 4a 72 49 03 a3 ea 0a 1b 09 a6 6a 63 2c 00 ef
Raw EDID:
        3c 40 b0 67 ec 34 8e 8c 97 9c 50 cc 60 8d b7 c2
        04 3c d4 2f 80 0f ec ae 2c ef 78 7d 90 e3 93 2c
        c5 97 04 b8 71 2b e2 cb 20 0b 9f 9f 69 52 20 ac
        40 23 42 d3 93 1b 69 25 75 ca 5b 53 30 2e 1b 8b
        42 62 5f 8a 80 ab 21 b2 fb 88 82 79 83 1e 2c 6b
        52 ff 72 f7 e3 68 51 29 9c bd 6f b5 43 e3 44 e9
        34 00 37 ed b3 38 dc cd eb 63 68 18 90 69 dd 1c
        ae 4a 72 49 03 a3 ea 0a 1b 09 a6 6a 63 2c 00 ef
Raw EDID:
        3c 40 b0 67 ec 34 8e 8c 97 9c 50 cc 60 8d b7 c2
        04 3c d4 2f 80 0f ec ae 2c ef 78 7d 90 e3 93 2c
        c5 97 04 b8 71 2b e2 cb 20 0b 9f 9f 69 52 20 ac
        40 23 42 d3 93 1b 69 25 75 ca 5b 53 30 2e 1b 8b
        42 62 5f 8a 80 ab 21 b2 fb 88 82 79 83 1e 2c 6b
        52 ff 72 f7 e3 68 51 29 9c bd 6f b5 43 e3 44 e9
        34 00 37 ed b3 38 dc cd eb 63 68 18 90 69 dd 1c
        ae 4a 72 49 03 a3 ea 0a 1b 09 a6 6a 63 2c 00 ef
Raw EDID:
        3c 40 b0 67 ec 34 8e 8c 97 9c 50 cc 60 8d b7 c2
        04 3c d4 2f 80 0f ec ae 2c ef 78 7d 90 e3 93 2c
        c5 97 04 b8 71 2b e2 cb 20 0b 9f 9f 69 52 20 ac
        40 23 42 d3 93 1b 69 25 75 ca 5b 53 30 2e 1b 8b
        42 62 5f 8a 80 ab 21 b2 fb 88 82 79 83 1e 2c 6b
        52 ff 72 f7 e3 68 51 29 9c bd 6f b5 43 e3 44 e9
        34 00 37 ed b3 38 dc cd eb 63 68 18 90 69 dd 1c
        ae 4a 72 49 03 a3 ea 0a 1b 09 a6 6a 63 2c 00 ef
drm:pid0:drm_do_get_edid *WARNING* eDP-: EDID block 0 invalid.
inteldrm0: 1024x768, 32bpp
error: [drm:pid0:intel_dp_link_training_clock_recovery] *ERROR* too many voltage retries, give up
error: [drm:pid0:intel_dp_link_training_clock_recovery] *ERROR* too many voltage retries, give up
error: [drm:pid0:intel_dp_link_training_clock_recovery] *ERROR* too many voltage retries, give up
error: [drm:pid0:intel_dp_link_training_clock_recovery] *ERROR* too many voltage retries, give up
error: [drm:pid0:intel_dp_link_training_clock_recovery] *ERROR* too many voltage retries, give up
error: [drm:pid0:intel_dp_link_training_clock_recovery] *ERROR* too many voltage retries, give up
error: [drm:pid0:intel_dp_link_training_clock_recovery] *ERROR* too many voltage retries, give up
error: [drm:pid0:intel_dp_link_training_channel_equalization] *ERROR* failed to train DP, aborting
wsdisplay0 at inteldrm0 mux 1: console (std, vt100 emulation)
wsdisplay0: screen 1-5 added (std, vt100 emulation)
xhci0 at pci0 dev 20 function 0 &quot;Intel 100 Series xHCI&quot; rev 0x31: msi
usb0 at xhci0: USB revision 3.0
uhub0 at usb0 configuration 1 interface 0 &quot;Intel xHCI root hub&quot; rev 3.00/1.00 addr 1
pchtemp0 at pci0 dev 20 function 2 &quot;Intel 100 Series Thermal&quot; rev 0x31
&quot;Intel 100 Series I2C&quot; rev 0x31 at pci0 dev 21 function 0 not configured
&quot;Intel 100 Series MEI&quot; rev 0x31 at pci0 dev 22 function 0 not configured
ahci0 at pci0 dev 23 function 0 &quot;Intel 100 Series AHCI&quot; rev 0x31: msi, AHCI 1.3.1
ahci0: port 2: 6.0Gb/s
ahci0: port 3: 6.0Gb/s
scsibus1 at ahci0: 32 targets
sd0 at scsibus1 targ 2 lun 0: &lt;ATA, Crucial_CT120M50, MU03&gt; SCSI3 0/direct fixed naa.500a075109608253
sd0: 114473MB, 512 bytes/sector, 234441648 sectors, thin
sd1 at scsibus1 targ 3 lun 0: &lt;ATA, WDC WD40EZRZ-00G, 80.0&gt; SCSI3 0/direct fixed naa.50014ee2b9405f67
sd1: 3815447MB, 512 bytes/sector, 7814037168 sectors
ppb0 at pci0 dev 29 function 0 &quot;Intel 100 Series PCIE&quot; rev 0xf1: msi
pci1 at ppb0 bus 1
re0 at pci1 dev 0 function 0 &quot;Realtek 8168&quot; rev 0x0c: RTL8168G/8111G (0x4c00), msi, address xx:xx:xx:xx:xx:xx
rgephy0 at re0 phy 7: RTL8251 PHY, rev. 0
pcib0 at pci0 dev 31 function 0 &quot;Intel H110 LPC&quot; rev 0x31
&quot;Intel 100 Series PMC&quot; rev 0x31 at pci0 dev 31 function 2 not configured
azalia0 at pci0 dev 31 function 3 &quot;Intel 100 Series HD Audio&quot; rev 0x31: msi
azalia0: codecs: Realtek/0x0255, Intel/0x280b, using Realtek/0x0255
audio0 at azalia0
ichiic0 at pci0 dev 31 function 4 &quot;Intel 100 Series SMBus&quot; rev 0x31: apic 2 int 16
iic0 at ichiic0
isa0 at pcib0
isadma0 at isa0
pckbc0 at isa0 port 0x60/5 irq 1 irq 12
pckbd0 at pckbc0 (kbd slot)
wskbd0 at pckbd0: console keyboard, using wsdisplay0
pcppi0 at isa0 port 0x61
spkr0 at pcppi0
vmm0 at mainbus0: VMX/EPT
uftdi0 at uhub0 port 7 configuration 1 interface 0 &quot;FTDI P1 Converter Cable&quot; rev 2.00/6.00 addr 2
ucom0 at uftdi0 portno 1
vscsi0 at root
scsibus2 at vscsi0: 256 targets
softraid0 at root
scsibus3 at softraid0: 256 targets
root on sd0a (7ba896d6eeef81c6.a) swap on sd0b dump on sd0b
WARNING !wm_changed failed at /usr/src/sys/dev/pci/drm/i915/intel_pm.c:3609
uhidev0 at uhub0 port 8 configuration 1 interface 0 &quot;Novatek Ultra Flat Keyboard&quot; rev 1.10/1.10 addr 3
uhidev0: iclass 3/1
ukbd0 at uhidev0: 8 variable keys, 6 key codes
wskbd1 at ukbd0 mux 1
wskbd1: connecting to wsdisplay0
uhidev1 at uhub0 port 8 configuration 1 interface 1 &quot;Novatek Ultra Flat Keyboard&quot; rev 1.10/1.10 addr 3
uhidev1: iclass 3/0, 2 report ids
uhid0 at uhidev1 reportid 1: input=2, output=0, feature=0
uhid1 at uhidev1 reportid 2: input=1, output=0, feature=0

</pre>



</div><!-- content -->
<br />
<div id="footer">
All comments/news/posts are the property of their individual owner and
is presented without warranty of suitability, and solely as an
informational resource. <br />
This site Copyright &copy; 2004-2020 NYC*BUG.
</div><!-- footer -->

</body>
</html>

