



<!doctype html>
<html lang="en">
<head>
<meta name="keywords"
	content="bsd, freebsd, openbsd, netbsd, dragonflybsd, nycbug, dmesgd" />
<meta name="description" content="New York City BSD User Group dmesgd" />
<meta charset="utf-8" />
<meta name="viewport" content="width=device-width, initial-scale=1" />
<title>NYC*BUG dmesgd</title>
<style>
body {
	text-align: left;
	margin: 15px auto;
	padding: 0px 10px;
}
@media (min-width: 800px) {
	body {
		max-width: 85%;
	}
}
#header {
	border-bottom: 1px solid #dbdbdb;
	font-size: 230%;
	text-align: left;
}
#footer {
	border-top: 1px solid #dbdbdb;
	clear: both;
	text-align: left;
}
.logo_bug {
	color: #cc0033;
}
#menu ul {
	list-style-type: none;
	margin: 0;
	padding: 0;
}
#menu li {
	float: left;
}
#menu li a {
	display: block;
	background-color: #dbdbdb;
	color: #000000;
	font-size: 105%;
	font-weight: bold;
	padding: 0px 6px 0px 6px;
	text-decoration: none;
}
#content {
	clear: both;
	text-align: left;
	padding-top: 10px;
}
#content h1 {
	font-size: 120%;
	font-weight: bold;
}
#content h2 {
	font-size: 110%;
	font-weight: bold;
}
#content a {
	text-decoration: none;
}
#content pre {
	background-color: #dbdbdb;
	padding: 5px 5px 5px 5px;
	white-space: pre-wrap;		/* css-3 */
	white-space: -moz-pre-wrap;	/* Mozilla, since 1999 */
	white-space: -pre-wrap;		/* Opera 4-6 */
	white-space: -o-pre-wrap;	/* Opera 7 */
	word-wrap: break-word;		/* Internet Explorer 5.5+ */
}
#content table {
	border-collapse: collapse;
}
#content table th {
	border: 1px solid #dbdbdb;
	font-size: 85%;
	white-space: nowrap;
}
#content table td {
	border: 1px solid #dbdbdb;
	font-size: 80%;
}
#content input {
	font-size: 1em;
}
#content .full	{ width: 100%; }
#content .left	{ text-align: left; }
#content .right	{ text-align: right; }
#content .center { text-align: center; }
#content .flexbox {
	display: -ms-flex;
	display: -webkit-flex;
	display: flex;
	width: 100%;
}
#content .left_col {
	min-width: 75px;
	max-width: 50%;
	flex-grow: 0;
}
#content .right_col {
	flex-grow: 1;
	margin-left: 10px;
	padding-top: 10px;
	padding-left: 10px;
}
#col {
	-moz-column-count: 3;
	-webkit-column-count: 3;
	column-count: 3;
}
</style>
</head>
<body>

<div id="header">
<strong><em>NYC*</em><span class="logo_bug">BUG</span> dmesgd</strong>
</div><!-- header -->

<div id="menu">
<ul>
<li><a href="https://dmesgd.nycbug.org/index.cgi?do=index">Home</a></li>
<li><a href="https://dmesgd.nycbug.org/index.cgi?do=submit">Submit</a></li>
<li><a href="https://www.nycbug.org/">NYC*BUG</a></li>
</ul>
</div><!-- menu -->

<div id="content">

<p>
Launched in 2004, dmesgd aims to provide a
<strong>user-submitted</strong> repository of searchable *BSD dmesgs.
The dmesg(8) command displays the system message buffer's content, and
during boot a copy is saved to <em>/var/run/dmesg.boot</em>.  This buffer
contains the operating system release, name and version, a list of
devices identified, plus a whole host of other useful information.  We
hope others find this resource useful and further contribute to its
growth. Contact us at [ admin at lists dot nycbug dot org ].
</p>

<hr />


<strong>Date:</strong> <em>2018-02-07 04:30:14</em><br />
<strong>From:</strong> <em>Glenn Faustino</em><br />
<strong>Description:</strong> <em>Thinkpad x62 powered by OpenBSD 6.2-current</em><br />

<pre>
OpenBSD 6.2-current (GENERIC.MP) #399: Fri Feb  2 18:28:58 MST 2018
    xxx@xxx.xxx:/usr/src/sys/arch/amd64/compile/GENERIC.MP
real mem = 8492056576 (8098MB)
avail mem = 8227745792 (7846MB)
mpath0 at root
scsibus0 at mpath0: 256 targets
mainbus0 at root
bios0 at mainbus0: SMBIOS rev. 2.8 @ 0xacefb000 (82 entries)
bios0: vendor 51NB version &quot;5.011&quot; date 12/10/2016
bios0: www.51nb.com X62
acpi0 at bios0: rev 2
acpi0: sleep states S0 S3 S4 S5
acpi0: tables DSDT FACP APIC FPDT FIDT MCFG HPET SSDT UEFI SSDT ASF! SLIC SSDT SSDT SSDT DMAR CSRT
acpi0: wakeup devices PEGP(S4) PEG0(S4) PEGP(S4) PEG1(S4) PEGP(S4) PEG2(S4) PXSX(S4) RP01(S4) PXSX(S4) RP02(S4) PXSX(S4) RP03(S4) PXSX(S4) RP04(S4) PXSX(S4) RP05(S4) [...]
acpitimer0 at acpi0: 3579545 Hz, 24 bits
acpimadt0 at acpi0 addr 0xfee00000: PC-AT compat
cpu0 at mainbus0: apid 0 (boot processor)
cpu0: Intel(R) Core(TM) i5-5###U CPU @ 2.00GHz, 2195.22 MHz
cpu0: FPU,VME,DE,PSE,TSC,MSR,PAE,MCE,CX8,APIC,SEP,MTRR,PGE,MCA,CMOV,PAT,PSE36,CFLUSH,DS,ACPI,MMX,FXSR,SSE,SSE2,SS,HTT,TM,PBE,SSE3,PCLMUL,DTES64,MWAIT,DS-CPL,VMX,EST,TM2,SSSE3,SDBG,FMA3,CX16,xTPR,PDCM,PCID,SSE4.1,SSE4.2,x2APIC,MOVBE,POPCNT,DEADLINE,AES,XSAVE,AVX,F16C,RDRAND,NXE,PAGE1GB,RDTSCP,LONG,LAHF,ABM,3DNOWP,PERF,ITSC,FSGSBASE,BMI1,AVX2,SMEP,BMI2,ERMS,INVPCID,RDSEED,ADX,SMAP,PT,SENSOR,ARAT
cpu0: 256KB 64b/line 8-way L2 cache
acpitimer0: recalibrated TSC frequency 1995384086 Hz
cpu0: smt 0, core 0, package 0
mtrr: Pentium Pro MTRR support, 10 var ranges, 88 fixed ranges
cpu0: apic clock running at 99MHz
cpu0: mwait min=64, max=64, C-substates=0.2.1.2.4.1.1.1, IBE
cpu1 at mainbus0: apid 2 (application processor)
cpu1: Intel(R) Core(TM) i5-5###U CPU @ 2.00GHz, 2194.91 MHz
cpu1: FPU,VME,DE,PSE,TSC,MSR,PAE,MCE,CX8,APIC,SEP,MTRR,PGE,MCA,CMOV,PAT,PSE36,CFLUSH,DS,ACPI,MMX,FXSR,SSE,SSE2,SS,HTT,TM,PBE,SSE3,PCLMUL,DTES64,MWAIT,DS-CPL,VMX,EST,TM2,SSSE3,SDBG,FMA3,CX16,xTPR,PDCM,PCID,SSE4.1,SSE4.2,x2APIC,MOVBE,POPCNT,DEADLINE,AES,XSAVE,AVX,F16C,RDRAND,NXE,PAGE1GB,RDTSCP,LONG,LAHF,ABM,3DNOWP,PERF,ITSC,FSGSBASE,BMI1,AVX2,SMEP,BMI2,ERMS,INVPCID,RDSEED,ADX,SMAP,PT,SENSOR,ARAT
cpu1: 256KB 64b/line 8-way L2 cache
cpu1: smt 0, core 1, package 0
cpu2 at mainbus0: apid 1 (application processor)
cpu2: Intel(R) Core(TM) i5-5###U CPU @ 2.00GHz, 2194.91 MHz
cpu2: FPU,VME,DE,PSE,TSC,MSR,PAE,MCE,CX8,APIC,SEP,MTRR,PGE,MCA,CMOV,PAT,PSE36,CFLUSH,DS,ACPI,MMX,FXSR,SSE,SSE2,SS,HTT,TM,PBE,SSE3,PCLMUL,DTES64,MWAIT,DS-CPL,VMX,EST,TM2,SSSE3,SDBG,FMA3,CX16,xTPR,PDCM,PCID,SSE4.1,SSE4.2,x2APIC,MOVBE,POPCNT,DEADLINE,AES,XSAVE,AVX,F16C,RDRAND,NXE,PAGE1GB,RDTSCP,LONG,LAHF,ABM,3DNOWP,PERF,ITSC,FSGSBASE,BMI1,AVX2,SMEP,BMI2,ERMS,INVPCID,RDSEED,ADX,SMAP,PT,SENSOR,ARAT
cpu2: 256KB 64b/line 8-way L2 cache
cpu2: smt 1, core 0, package 0
cpu3 at mainbus0: apid 3 (application processor)
cpu3: Intel(R) Core(TM) i5-5###U CPU @ 2.00GHz, 2194.91 MHz
cpu3: FPU,VME,DE,PSE,TSC,MSR,PAE,MCE,CX8,APIC,SEP,MTRR,PGE,MCA,CMOV,PAT,PSE36,CFLUSH,DS,ACPI,MMX,FXSR,SSE,SSE2,SS,HTT,TM,PBE,SSE3,PCLMUL,DTES64,MWAIT,DS-CPL,VMX,EST,TM2,SSSE3,SDBG,FMA3,CX16,xTPR,PDCM,PCID,SSE4.1,SSE4.2,x2APIC,MOVBE,POPCNT,DEADLINE,AES,XSAVE,AVX,F16C,RDRAND,NXE,PAGE1GB,RDTSCP,LONG,LAHF,ABM,3DNOWP,PERF,ITSC,FSGSBASE,BMI1,AVX2,SMEP,BMI2,ERMS,INVPCID,RDSEED,ADX,SMAP,PT,SENSOR,ARAT
cpu3: 256KB 64b/line 8-way L2 cache
cpu3: smt 1, core 1, package 0
ioapic0 at mainbus0: apid 2 pa 0xfec00000, version 20, 40 pins
acpimcfg0 at acpi0 addr 0xf8000000, bus 0-63
acpihpet0 at acpi0: 14318179 Hz
acpihpet0: recalibrated TSC frequency 1995385070 Hz
acpiprt0 at acpi0: bus 0 (PCI0)
acpiprt1 at acpi0: bus -1 (PEG0)
acpiprt2 at acpi0: bus -1 (PEG1)
acpiprt3 at acpi0: bus -1 (PEG2)
acpiprt4 at acpi0: bus 1 (RP01)
acpiprt5 at acpi0: bus 2 (RP02)
acpiprt6 at acpi0: bus -1 (RP03)
acpiprt7 at acpi0: bus 3 (RP04)
acpiprt8 at acpi0: bus -1 (RP05)
acpiprt9 at acpi0: bus -1 (RP06)
acpiprt10 at acpi0: bus -1 (RP07)
acpiprt11 at acpi0: bus -1 (RP08)
acpiec0 at acpi0: not present
acpiec1 at acpi0
acpicpu0 at acpi0: C3(200@506 mwait.1@0x60), C2(200@148 mwait.1@0x33), C1(1000@1 mwait.1), PSS
acpicpu1 at acpi0: C3(200@506 mwait.1@0x60), C2(200@148 mwait.1@0x33), C1(1000@1 mwait.1), PSS
acpicpu2 at acpi0: C3(200@506 mwait.1@0x60), C2(200@148 mwait.1@0x33), C1(1000@1 mwait.1), PSS
acpicpu3 at acpi0: C3(200@506 mwait.1@0x60), C2(200@148 mwait.1@0x33), C1(1000@1 mwait.1), PSS
acpipwrres0 at acpi0: PG00, resource for PEG0
acpipwrres1 at acpi0: PG01, resource for PEG1
acpipwrres2 at acpi0: PG02, resource for PEG2
acpipwrres3 at acpi0: FN00
acpitz0 at acpi0: critical temperature is 105 degC
acpitz1 at acpi0: critical temperature is 105 degC
&quot;INT3F0D&quot; at acpi0 not configured
acpibat0 at acpi0: BAT0 model &quot;Y91&quot; serial 123456 type LION oem &quot;CJOYIN&quot;
&quot;INTL9C60&quot; at acpi0 not configured
dwiic0 at acpi0: I2C0 addr 0xfe103000/0x1000 irq 7
iic0 at dwiic0
dwiic1 at acpi0: I2C1 addr 0xfe105000/0x1000 irq 7
iic1 at dwiic1
&quot;INT3435&quot; at acpi0 not configured
&quot;INT3436&quot; at acpi0 not configured
acpibtn0 at acpi0: SLPB
acpibtn1 at acpi0: PWRB
acpibtn2 at acpi0: LID0
acpiac0 at acpi0: AC unit offline
acpivideo0 at acpi0: GFX0
acpivout0 at acpivideo0: DD1F
cpu0: Enhanced SpeedStep 2195 MHz: speeds: 2001, 2000, 1900, 1800, 1700, 1600, 1500, 1400, 1200, 1100, 1000, 900, 800, 700, 600, 500 MHz
pci0 at mainbus0 bus 0
pchb0 at pci0 dev 0 function 0 &quot;Intel Core 5G Host&quot; rev 0x08
inteldrm0 at pci0 dev 2 function 0 &quot;Intel HD Graphics 5500&quot; rev 0x08
drm0 at inteldrm0
inteldrm0: msi
inteldrm0: 1400x1050, 32bpp
wsdisplay0 at inteldrm0 mux 1: console (std, vt100 emulation)
wsdisplay0: screen 1-5 added (std, vt100 emulation)
azalia0 at pci0 dev 3 function 0 &quot;Intel Core 5G HD Audio&quot; rev 0x08: msi
xhci0 at pci0 dev 20 function 0 &quot;Intel 9 Series xHCI&quot; rev 0x03: msi
usb0 at xhci0: USB revision 3.0
uhub0 at usb0 configuration 1 interface 0 &quot;Intel xHCI root hub&quot; rev 3.00/1.00 addr 1
&quot;Intel 9 Series MEI&quot; rev 0x03 at pci0 dev 22 function 0 not configured
azalia1 at pci0 dev 27 function 0 &quot;Intel 9 Series HD Audio&quot; rev 0x03: msi
azalia1: codecs: Realtek ALC662
audio0 at azalia1
ppb0 at pci0 dev 28 function 0 &quot;Intel 9 Series PCIE&quot; rev 0xe3: msi
pci1 at ppb0 bus 1
rtsx0 at pci1 dev 0 function 0 &quot;Realtek RTS5227 Card Reader&quot; rev 0x01: msi
sdmmc0 at rtsx0: 4-bit, dma
ppb1 at pci0 dev 28 function 1 &quot;Intel 9 Series PCIE&quot; rev 0xe3: msi
pci2 at ppb1 bus 2
re0 at pci2 dev 0 function 0 &quot;Realtek 8168&quot; rev 0x07: RTL8168E/8111E-VL (0x2c80), msi, address xx:xx:xx:xx:xx:xx
rgephy0 at re0 phy 7: RTL8169S/8110S/8211 PHY, rev. 5
ppb2 at pci0 dev 28 function 3 &quot;Intel 9 Series PCIE&quot; rev 0xe3: msi
pci3 at ppb2 bus 3
iwm0 at pci3 dev 0 function 0 &quot;Intel Dual Band Wireless AC 7260&quot; rev 0x73, msi
ehci0 at pci0 dev 29 function 0 &quot;Intel 9 Series USB&quot; rev 0x03: apic 2 int 23
usb1 at ehci0: USB revision 2.0
uhub1 at usb1 configuration 1 interface 0 &quot;Intel EHCI root hub&quot; rev 2.00/1.00 addr 1
pcib0 at pci0 dev 31 function 0 &quot;Intel 9 Series LPC&quot; rev 0x03
ahci0 at pci0 dev 31 function 2 &quot;Intel 9 Series AHCI&quot; rev 0x03: msi, AHCI 1.3
ahci0: port 1: 6.0Gb/s
scsibus1 at ahci0: 32 targets
sd0 at scsibus1 targ 1 lun 0: &lt;ATA, PLEXTOR PX-128M6, 1.09&gt; SCSI3 0/direct fixed naa.500230310089f2b7
sd0: 122104MB, 512 bytes/sector, 250069680 sectors, thin
ichiic0 at pci0 dev 31 function 3 &quot;Intel 9 Series SMBus&quot; rev 0x03: apic 2 int 18
iic2 at ichiic0
&quot;eeprom&quot; at iic2 addr 0x50 not configured
spdmem0 at iic2 addr 0x52: 4GB DDR3 SDRAM PC3-10600 SO-DIMM
isa0 at pcib0
isadma0 at isa0
pckbc0 at isa0 port 0x60/5 irq 1 irq 12
pckbd0 at pckbc0 (kbd slot)
wskbd0 at pckbd0: console keyboard, using wsdisplay0
pms0 at pckbc0 (aux slot)
wsmouse0 at pms0 mux 0
pcppi0 at isa0 port 0x61
spkr0 at pcppi0
vmm0 at mainbus0: VMX/EPT
Unclaimed register detected before reading register 0x23a0
ugen0 at uhub0 port 6 &quot;Intel product 0x07dc&quot; rev 2.00/0.01 addr 2
ugen1 at uhub0 port 8 &quot;STMicroelectronics Biometric Coprocessor&quot; rev 1.00/0.01 addr 3
uhub2 at uhub1 port 1 configuration 1 interface 0 &quot;Intel Rate Matching Hub&quot; rev 2.00/0.03 addr 2
vscsi0 at root
scsibus2 at vscsi0: 256 targets
softraid0 at root
scsibus3 at softraid0: 256 targets
sd1 at scsibus3 targ 1 lun 0: &lt;OPENBSD, SR CRYPTO, 006&gt; SCSI2 0/direct fixed
sd1: 122104MB, 512 bytes/sector, 250069088 sectors
softraid0: volume sd1 is roaming, it used to be sd2, updating metadata
root on sd1a (0bb6aab8122fea9c.a) swap on sd1b dump on sd1b
iwm0: hw rev 0x140, fw ver 16.242414.0, address xx:xx:xx:xx:xx:xx
iwm0: SCAN -&gt; INIT
iwm0: begin active scan
iwm0: end active scan
 + xx:xx:xx:xx:xx:xx    6   +50 54M   ess  privacy   rsn  &quot;hackme&quot;
 - xx:xx:xx:xx:xx:xx   11   +15 54M   ess  privacy   rsn  &quot;PLDTHOMEDSLallen&quot;!
iwm0: SCAN -&gt; AUTH
iwm0: sending auth to xx:xx:xx:xx:xx:xx on channel 6 mode 11g
iwm0: AUTH -&gt; ASSOC
iwm0: sending assoc_req to xx:xx:xx:xx:xx:xx on channel 6 mode 11g
iwm0: received msg 1/4 of the 4-way handshake from xx:xx:xx:xx:xx:xx
iwm0: sending msg 2/4 of the 4-way handshake to xx:xx:xx:xx:xx:xx
iwm0: ASSOC -&gt; RUN
iwm0: associated with xx:xx:xx:xx:xx:xx ssid &quot;hackme&quot; channel 6 start MCS 0 short preamble short slot time HT enabled
iwm0: missed beacon threshold set to 7 beacons, beacon interval is 100 TU
iwm0: received msg 3/4 of the 4-way handshake from xx:xx:xx:xx:xx:xx
iwm0: sending msg 4/4 of the 4-way handshake to xx:xx:xx:xx:xx:xx
ugen0 detached
ugen1 detached
uhub0 detached
iwm0: RUN -&gt; INIT
uhub2 detached
uhub1 detached
uhub0 at usb0 configuration 1 interface 0 &quot;Intel xHCI root hub&quot; rev 3.00/1.00 addr 1
uhub1 at usb1 configuration 1 interface 0 &quot;Intel EHCI root hub&quot; rev 2.00/1.00 addr 1
ugen0 at uhub0 port 6 &quot;Intel product 0x07dc&quot; rev 2.00/0.01 addr 2
vblank wait timed out on crtc 0
ugen1 at uhub0 port 8 &quot;STMicroelectronics Biometric Coprocessor&quot; rev 1.00/0.01 addr 3
vblank wait timed out on crtc 0
vblank wait timed out on crtc 0
uhub2 at uhub1 port 1 configuration 1 interface 0 &quot;Intel Rate Matching Hub&quot; rev 2.00/0.03 addr 2
iwm0: begin active scan
iwm0: end active scan
 - xx:xx:xx:xx:xx:xx   13   +18 54M   ess  privacy   rsn! &quot;JADA&quot;!
 + xx:xx:xx:xx:xx:xx    6   +59 54M   ess  privacy   rsn  &quot;hackme&quot;
iwm0: SCAN -&gt; AUTH
iwm0: sending auth to xx:xx:xx:xx:xx:xx on channel 6 mode 11g
iwm0: AUTH -&gt; ASSOC
iwm0: sending assoc_req to xx:xx:xx:xx:xx:xx on channel 6 mode 11g
iwm0: received msg 1/4 of the 4-way handshake from xx:xx:xx:xx:xx:xx
iwm0: sending msg 2/4 of the 4-way handshake to xx:xx:xx:xx:xx:xx
iwm0: ASSOC -&gt; RUN
iwm0: associated with xx:xx:xx:xx:xx:xx ssid &quot;hackme&quot; channel 6 start MCS 0 short preamble short slot time HT enabled
iwm0: missed beacon threshold set to 7 beacons, beacon interval is 100 TU
iwm0: received msg 3/4 of the 4-way handshake from xx:xx:xx:xx:xx:xx
iwm0: sending msg 4/4 of the 4-way handshake to xx:xx:xx:xx:xx:xx
</pre>



</div><!-- content -->
<br />
<div id="footer">
All comments/news/posts are the property of their individual owner and
is presented without warranty of suitability, and solely as an
informational resource. <br />
This site Copyright &copy; 2004-2020 NYC*BUG.
</div><!-- footer -->

</body>
</html>

