



<!doctype html>
<html lang="en">
<head>
<meta name="keywords"
	content="bsd, freebsd, openbsd, netbsd, dragonflybsd, nycbug, dmesgd" />
<meta name="description" content="New York City BSD User Group dmesgd" />
<meta charset="utf-8" />
<meta name="viewport" content="width=device-width, initial-scale=1" />
<title>NYC*BUG dmesgd</title>
<style>
body {
	text-align: left;
	margin: 15px auto;
	padding: 0px 10px;
}
@media (min-width: 800px) {
	body {
		max-width: 85%;
	}
}
#header {
	border-bottom: 1px solid #dbdbdb;
	font-size: 230%;
	text-align: left;
}
#footer {
	border-top: 1px solid #dbdbdb;
	clear: both;
	text-align: left;
}
.logo_bug {
	color: #cc0033;
}
#menu ul {
	list-style-type: none;
	margin: 0;
	padding: 0;
}
#menu li {
	float: left;
}
#menu li a {
	display: block;
	background-color: #dbdbdb;
	color: #000000;
	font-size: 105%;
	font-weight: bold;
	padding: 0px 6px 0px 6px;
	text-decoration: none;
}
#content {
	clear: both;
	text-align: left;
	padding-top: 10px;
}
#content h1 {
	font-size: 120%;
	font-weight: bold;
}
#content h2 {
	font-size: 110%;
	font-weight: bold;
}
#content a {
	text-decoration: none;
}
#content pre {
	background-color: #dbdbdb;
	padding: 5px 5px 5px 5px;
	white-space: pre-wrap;		/* css-3 */
	white-space: -moz-pre-wrap;	/* Mozilla, since 1999 */
	white-space: -pre-wrap;		/* Opera 4-6 */
	white-space: -o-pre-wrap;	/* Opera 7 */
	word-wrap: break-word;		/* Internet Explorer 5.5+ */
}
#content table {
	border-collapse: collapse;
}
#content table th {
	border: 1px solid #dbdbdb;
	font-size: 85%;
	white-space: nowrap;
}
#content table td {
	border: 1px solid #dbdbdb;
	font-size: 80%;
}
#content input {
	font-size: 1em;
}
#content .full	{ width: 100%; }
#content .left	{ text-align: left; }
#content .right	{ text-align: right; }
#content .center { text-align: center; }
#content .flexbox {
	display: -ms-flex;
	display: -webkit-flex;
	display: flex;
	width: 100%;
}
#content .left_col {
	min-width: 75px;
	max-width: 50%;
	flex-grow: 0;
}
#content .right_col {
	flex-grow: 1;
	margin-left: 10px;
	padding-top: 10px;
	padding-left: 10px;
}
#col {
	-moz-column-count: 3;
	-webkit-column-count: 3;
	column-count: 3;
}
</style>
</head>
<body>

<div id="header">
<strong><em>NYC*</em><span class="logo_bug">BUG</span> dmesgd</strong>
</div><!-- header -->

<div id="menu">
<ul>
<li><a href="https://dmesgd.nycbug.org/index.cgi?do=index">Home</a></li>
<li><a href="https://dmesgd.nycbug.org/index.cgi?do=submit">Submit</a></li>
<li><a href="https://www.nycbug.org/">NYC*BUG</a></li>
</ul>
</div><!-- menu -->

<div id="content">

<p>
Launched in 2004, dmesgd aims to provide a
<strong>user-submitted</strong> repository of searchable *BSD dmesgs.
The dmesg(8) command displays the system message buffer's content, and
during boot a copy is saved to <em>/var/run/dmesg.boot</em>.  This buffer
contains the operating system release, name and version, a list of
devices identified, plus a whole host of other useful information.  We
hope others find this resource useful and further contribute to its
growth. Contact us at [ admin at lists dot nycbug dot org ].
</p>

<hr />


<strong>Date:</strong> <em>2018-02-07 04:32:15</em><br />
<strong>From:</strong> <em>Glenn Faustino</em><br />
<strong>Description:</strong> <em>Thinkpad x200s powered by OpenBSD 6.2-current</em><br />

<pre>
OpenBSD 6.2-current (GENERIC.MP) #399: Fri Feb  2 18:28:58 MST 2018
    xxx@xxx.xxx:/usr/src/sys/arch/amd64/compile/GENERIC.MP
real mem = 8461684736 (8069MB)
avail mem = 8198307840 (7818MB)
mpath0 at root
scsibus0 at mpath0: 256 targets
mainbus0 at root
bios0 at mainbus0: SMBIOS rev. 2.4 @ 0xe0010 (68 entries)
bios0: vendor LENOVO version &quot;6DET72WW (3.22 )&quot; date 10/25/2012
bios0: LENOVO 74624JJ
acpi0 at bios0: rev 2
acpi0: sleep states S0 S3 S4 S5
acpi0: tables DSDT FACP SSDT ECDT APIC MCFG HPET SLIC BOOT ASF! SSDT TCPA DMAR SSDT SSDT SSDT
acpi0: wakeup devices LID_(S3) SLPB(S3) IGBE(S4) EXP0(S4) EXP1(S4) EXP2(S4) EXP3(S4) USB0(S3) USB3(S3) USB5(S3) EHC0(S3) EHC1(S3) HDEF(S4)
acpitimer0 at acpi0: 3579545 Hz, 24 bits
acpiec0 at acpi0
acpimadt0 at acpi0 addr 0xfee00000: PC-AT compat
cpu0 at mainbus0: apid 0 (boot processor)
cpu0: Intel(R) Core(TM)2 Duo CPU L9400 @ 1.86GHz, 1862.26 MHz
cpu0: FPU,VME,DE,PSE,TSC,MSR,PAE,MCE,CX8,APIC,SEP,MTRR,PGE,MCA,CMOV,PAT,PSE36,CFLUSH,DS,ACPI,MMX,FXSR,SSE,SSE2,SS,HTT,TM,PBE,SSE3,DTES64,MWAIT,DS-CPL,VMX,SMX,EST,TM2,SSSE3,CX16,xTPR,PDCM,SSE4.1,XSAVE,NXE,LONG,LAHF,PERF,SENSOR
cpu0: 6MB 64b/line 16-way L2 cache
cpu0: smt 0, core 0, package 0
mtrr: Pentium Pro MTRR support, 7 var ranges, 88 fixed ranges
cpu0: apic clock running at 265MHz
cpu0: mwait min=64, max=64, C-substates=0.2.2.2.2.1.3, IBE
cpu1 at mainbus0: apid 1 (application processor)
cpu1: Intel(R) Core(TM)2 Duo CPU L9400 @ 1.86GHz, 1862.00 MHz
cpu1: FPU,VME,DE,PSE,TSC,MSR,PAE,MCE,CX8,APIC,SEP,MTRR,PGE,MCA,CMOV,PAT,PSE36,CFLUSH,DS,ACPI,MMX,FXSR,SSE,SSE2,SS,HTT,TM,PBE,SSE3,DTES64,MWAIT,DS-CPL,VMX,SMX,EST,TM2,SSSE3,CX16,xTPR,PDCM,SSE4.1,XSAVE,NXE,LONG,LAHF,PERF,SENSOR
cpu1: 6MB 64b/line 16-way L2 cache
cpu1: smt 0, core 1, package 0
ioapic0 at mainbus0: apid 1 pa 0xfec00000, version 20, 24 pins
, remapped to apid 1
acpimcfg0 at acpi0 addr 0xe0000000, bus 0-63
acpihpet0 at acpi0: 14318179 Hz
acpiprt0 at acpi0: bus 0 (PCI0)
acpiprt1 at acpi0: bus -1 (AGP_)
acpiprt2 at acpi0: bus 2 (EXP0)
acpiprt3 at acpi0: bus 3 (EXP1)
acpiprt4 at acpi0: bus -1 (EXP2)
acpiprt5 at acpi0: bus 5 (EXP3)
acpicpu0 at acpi0: !C3(100@57 mwait.3@0x30), !C2(500@1 mwait.1@0x10), C1(1000@1 mwait.1), PSS
acpicpu1 at acpi0: !C3(100@57 mwait.3@0x30), !C2(500@1 mwait.1@0x10), C1(1000@1 mwait.1), PSS
acpipwrres0 at acpi0: PUBS, resource for USB0, USB3, USB5, EHC0, EHC1
acpitz0 at acpi0: critical temperature is 127 degC
acpitz1 at acpi0: critical temperature is 104 degC
acpibtn0 at acpi0: LID_
acpibtn1 at acpi0: SLPB
&quot;IBM3780&quot; at acpi0 not configured
&quot;INTC0102&quot; at acpi0 not configured
acpibat0 at acpi0: BAT0 model &quot;42T4647&quot; serial  1296 type LION oem &quot;SANYO&quot;
acpiac0 at acpi0: AC unit online
acpithinkpad0 at acpi0
&quot;PNP0C14&quot; at acpi0 not configured
acpidock0 at acpi0: GDCK not docked (0)
acpivideo0 at acpi0: VID_
acpivout0 at acpivideo0: LCD0
acpivideo1 at acpi0: VID_
cpu0: Enhanced SpeedStep 1862 MHz: speeds: 1867, 1866, 1600, 800 MHz
pci0 at mainbus0 bus 0
pchb0 at pci0 dev 0 function 0 &quot;Intel GM45 Host&quot; rev 0x07
inteldrm0 at pci0 dev 2 function 0 &quot;Intel GM45 Video&quot; rev 0x07
drm0 at inteldrm0
intagp0 at inteldrm0
agp0 at intagp0: aperture at 0xd0000000, size 0x10000000
inteldrm0: msi
inteldrm0: 1440x900, 32bpp
wsdisplay0 at inteldrm0 mux 1: console (std, vt100 emulation)
wsdisplay0: screen 1-5 added (std, vt100 emulation)
&quot;Intel GM45 Video&quot; rev 0x07 at pci0 dev 2 function 1 not configured
&quot;Intel GM45 HECI&quot; rev 0x07 at pci0 dev 3 function 0 not configured
puc0 at pci0 dev 3 function 3 &quot;Intel GM45 KT&quot; rev 0x07: ports: 1 com
com4 at puc0 port 0 apic 1 int 17: ns16550a, 16 byte fifo
com4: probed fifo depth: 0 bytes
em0 at pci0 dev 25 function 0 &quot;Intel ICH9 IGP M AMT&quot; rev 0x03: msi, address xx:xx:xx:xx:xx:xx
uhci0 at pci0 dev 26 function 0 &quot;Intel 82801I USB&quot; rev 0x03: apic 1 int 20
uhci1 at pci0 dev 26 function 1 &quot;Intel 82801I USB&quot; rev 0x03: apic 1 int 21
uhci2 at pci0 dev 26 function 2 &quot;Intel 82801I USB&quot; rev 0x03: apic 1 int 22
ehci0 at pci0 dev 26 function 7 &quot;Intel 82801I USB&quot; rev 0x03: apic 1 int 23
usb0 at ehci0: USB revision 2.0
uhub0 at usb0 configuration 1 interface 0 &quot;Intel EHCI root hub&quot; rev 2.00/1.00 addr 1
azalia0 at pci0 dev 27 function 0 &quot;Intel 82801I HD Audio&quot; rev 0x03: msi
azalia0: codecs: Conexant CX20561
audio0 at azalia0
ppb0 at pci0 dev 28 function 0 &quot;Intel 82801I PCIE&quot; rev 0x03: msi
pci1 at ppb0 bus 2
ppb1 at pci0 dev 28 function 1 &quot;Intel 82801I PCIE&quot; rev 0x03: msi
pci2 at ppb1 bus 3
iwn0 at pci2 dev 0 function 0 &quot;Intel WiFi Link 5300&quot; rev 0x00: msi, MIMO 3T3R, MoW, address xx:xx:xx:xx:xx:xx
ppb2 at pci0 dev 28 function 3 &quot;Intel 82801I PCIE&quot; rev 0x03: msi
pci3 at ppb2 bus 5
uhci3 at pci0 dev 29 function 0 &quot;Intel 82801I USB&quot; rev 0x03: apic 1 int 16
uhci4 at pci0 dev 29 function 1 &quot;Intel 82801I USB&quot; rev 0x03: apic 1 int 17
uhci5 at pci0 dev 29 function 2 &quot;Intel 82801I USB&quot; rev 0x03: apic 1 int 18
ehci1 at pci0 dev 29 function 7 &quot;Intel 82801I USB&quot; rev 0x03: apic 1 int 19
usb1 at ehci1: USB revision 2.0
uhub1 at usb1 configuration 1 interface 0 &quot;Intel EHCI root hub&quot; rev 2.00/1.00 addr 1
ppb3 at pci0 dev 30 function 0 &quot;Intel 82801BAM Hub-to-PCI&quot; rev 0x93
pci4 at ppb3 bus 13
pcib0 at pci0 dev 31 function 0 &quot;Intel 82801IEM LPC&quot; rev 0x03
ahci0 at pci0 dev 31 function 2 &quot;Intel 82801I AHCI&quot; rev 0x03: msi, AHCI 1.2
ahci0: port 0: 3.0Gb/s
scsibus1 at ahci0: 32 targets
sd0 at scsibus1 targ 0 lun 0: &lt;ATA, SAMSUNG MMCRE64G, VAM0&gt; SCSI3 0/direct fixed t10.ATA_SAMSUNG_MMCRE64G8MPP-0VA_SY932A1470_
sd0: 61057MB, 512 bytes/sector, 125045424 sectors
ichiic0 at pci0 dev 31 function 3 &quot;Intel 82801I SMBus&quot; rev 0x03: apic 1 int 23
iic0 at ichiic0
usb2 at uhci0: USB revision 1.0
uhub2 at usb2 configuration 1 interface 0 &quot;Intel UHCI root hub&quot; rev 1.00/1.00 addr 1
usb3 at uhci1: USB revision 1.0
uhub3 at usb3 configuration 1 interface 0 &quot;Intel UHCI root hub&quot; rev 1.00/1.00 addr 1
usb4 at uhci2: USB revision 1.0
uhub4 at usb4 configuration 1 interface 0 &quot;Intel UHCI root hub&quot; rev 1.00/1.00 addr 1
usb5 at uhci3: USB revision 1.0
uhub5 at usb5 configuration 1 interface 0 &quot;Intel UHCI root hub&quot; rev 1.00/1.00 addr 1
usb6 at uhci4: USB revision 1.0
uhub6 at usb6 configuration 1 interface 0 &quot;Intel UHCI root hub&quot; rev 1.00/1.00 addr 1
usb7 at uhci5: USB revision 1.0
uhub7 at usb7 configuration 1 interface 0 &quot;Intel UHCI root hub&quot; rev 1.00/1.00 addr 1
isa0 at pcib0
isadma0 at isa0
pckbc0 at isa0 port 0x60/5 irq 1 irq 12
pckbd0 at pckbc0 (kbd slot)
wskbd0 at pckbd0: console keyboard, using wsdisplay0
pms0 at pckbc0 (aux slot)
wsmouse0 at pms0 mux 0
pcppi0 at isa0 port 0x61
spkr0 at pcppi0
aps0 at isa0 port 0x1600/31
vmm0 at mainbus0: VMX
ugen0 at uhub3 port 1 &quot;AuthenTec Fingerprint Sensor&quot; rev 2.00/17.03 addr 2
vscsi0 at root
scsibus2 at vscsi0: 256 targets
softraid0 at root
scsibus3 at softraid0: 256 targets
sd1 at scsibus3 targ 1 lun 0: &lt;OPENBSD, SR CRYPTO, 006&gt; SCSI2 0/direct fixed
sd1: 61055MB, 512 bytes/sector, 125041808 sectors
softraid0: volume sd1 is roaming, it used to be sd2, updating metadata
root on sd1a (9d8d5326d2ee046e.a) swap on sd1b dump on sd1b
iwn0: SCAN -&gt; INIT
iwn0: begin active scan
iwn0: INIT -&gt; SCAN
iwn0: end active scan
 + xx:xx:xx:xx:xx:xx    6  +204 54M   ess  privacy   rsn  &quot;hackme&quot;
iwn0: SCAN -&gt; AUTH
iwn0: sending auth to xx:xx:xx:xx:xx:xx on channel 6 mode 11g
iwn0: AUTH -&gt; ASSOC
iwn0: sending assoc_req to xx:xx:xx:xx:xx:xx on channel 6 mode 11g
iwn0: ASSOC -&gt; RUN
iwn0: associated with xx:xx:xx:xx:xx:xx ssid &quot;hackme&quot; channel 6 start MCS 0 short preamble short slot time HT enabled
iwn0: missed beacon threshold set to 7 beacons, beacon interval is 100 TU
iwn0: received msg 1/4 of the 4-way handshake from xx:xx:xx:xx:xx:xx
iwn0: sending msg 2/4 of the 4-way handshake to xx:xx:xx:xx:xx:xx
iwn0: received msg 3/4 of the 4-way handshake from xx:xx:xx:xx:xx:xx
iwn0: sending msg 4/4 of the 4-way handshake to xx:xx:xx:xx:xx:xx
iwn0: received msg 1/2 of the group key handshake from xx:xx:xx:xx:xx:xx
iwn0: sending msg 2/2 of the group key handshake to xx:xx:xx:xx:xx:xx
iwn0: received msg 1/2 of the group key handshake from xx:xx:xx:xx:xx:xx
iwn0: sending msg 2/2 of the group key handshake to xx:xx:xx:xx:xx:xx
uhub2 detached
ugen0 detached
uhub3 detached
uhub4 detached
uhub0 detached
uhub5 detached
uhub6 detached
uhub7 detached
uhub1 detached
iwn0: RUN -&gt; INIT
uhub0 at usb2 configuration 1 interface 0 &quot;Intel UHCI root hub&quot; rev 1.00/1.00 addr 1
uhub1 at usb3 configuration 1 interface 0 &quot;Intel UHCI root hub&quot; rev 1.00/1.00 addr 1
uhub2 at usb4 configuration 1 interface 0 &quot;Intel UHCI root hub&quot; rev 1.00/1.00 addr 1
uhub3 at usb0 configuration 1 interface 0 &quot;Intel EHCI root hub&quot; rev 2.00/1.00 addr 1
uhub4 at usb5 configuration 1 interface 0 &quot;Intel UHCI root hub&quot; rev 1.00/1.00 addr 1
uhub5 at usb6 configuration 1 interface 0 &quot;Intel UHCI root hub&quot; rev 1.00/1.00 addr 1
uhub6 at usb7 configuration 1 interface 0 &quot;Intel UHCI root hub&quot; rev 1.00/1.00 addr 1
uhub7 at usb1 configuration 1 interface 0 &quot;Intel EHCI root hub&quot; rev 2.00/1.00 addr 1
vblank not available on crtc 1, ret=-22
inteldrm0: no ifp
iwn0: begin active scan
iwn0: INIT -&gt; SCAN
ugen0 at uhub1 port 1 &quot;AuthenTec Fingerprint Sensor&quot; rev 2.00/17.03 addr 2
iwn0: end active scan
 + xx:xx:xx:xx:xx:xx    6  +201 54M   ess  privacy   rsn  &quot;hackme&quot;
 - xx:xx:xx:xx:xx:xx    5  +169 54M   ess  privacy   rsn  &quot;PLDTHOMEDSLallen&quot;!
iwn0: SCAN -&gt; AUTH
iwn0: sending auth to xx:xx:xx:xx:xx:xx on channel 6 mode 11g
iwn0: AUTH -&gt; ASSOC
iwn0: sending assoc_req to xx:xx:xx:xx:xx:xx on channel 6 mode 11g
iwn0: ASSOC -&gt; RUN
iwn0: associated with xx:xx:xx:xx:xx:xx ssid &quot;hackme&quot; channel 6 start MCS 0 short preamble short slot time HT enabled
iwn0: missed beacon threshold set to 7 beacons, beacon interval is 100 TU
iwn0: received msg 1/4 of the 4-way handshake from xx:xx:xx:xx:xx:xx
iwn0: sending msg 2/4 of the 4-way handshake to xx:xx:xx:xx:xx:xx
iwn0: received msg 3/4 of the 4-way handshake from xx:xx:xx:xx:xx:xx
iwn0: sending msg 4/4 of the 4-way handshake to xx:xx:xx:xx:xx:xx
</pre>



</div><!-- content -->
<br />
<div id="footer">
All comments/news/posts are the property of their individual owner and
is presented without warranty of suitability, and solely as an
informational resource. <br />
This site Copyright &copy; 2004-2020 NYC*BUG.
</div><!-- footer -->

</body>
</html>

