



<!doctype html>
<html lang="en">
<head>
<meta name="keywords"
	content="bsd, freebsd, openbsd, netbsd, dragonflybsd, nycbug, dmesgd" />
<meta name="description" content="New York City BSD User Group dmesgd" />
<meta charset="utf-8" />
<meta name="viewport" content="width=device-width, initial-scale=1" />
<title>NYC*BUG dmesgd</title>
<style>
body {
	text-align: left;
	margin: 15px auto;
	padding: 0px 10px;
}
@media (min-width: 800px) {
	body {
		max-width: 85%;
	}
}
#header {
	border-bottom: 1px solid #dbdbdb;
	font-size: 230%;
	text-align: left;
}
#footer {
	border-top: 1px solid #dbdbdb;
	clear: both;
	text-align: left;
}
.logo_bug {
	color: #cc0033;
}
#menu ul {
	list-style-type: none;
	margin: 0;
	padding: 0;
}
#menu li {
	float: left;
}
#menu li a {
	display: block;
	background-color: #dbdbdb;
	color: #000000;
	font-size: 105%;
	font-weight: bold;
	padding: 0px 6px 0px 6px;
	text-decoration: none;
}
#content {
	clear: both;
	text-align: left;
	padding-top: 10px;
}
#content h1 {
	font-size: 120%;
	font-weight: bold;
}
#content h2 {
	font-size: 110%;
	font-weight: bold;
}
#content a {
	text-decoration: none;
}
#content pre {
	background-color: #dbdbdb;
	padding: 5px 5px 5px 5px;
	white-space: pre-wrap;		/* css-3 */
	white-space: -moz-pre-wrap;	/* Mozilla, since 1999 */
	white-space: -pre-wrap;		/* Opera 4-6 */
	white-space: -o-pre-wrap;	/* Opera 7 */
	word-wrap: break-word;		/* Internet Explorer 5.5+ */
}
#content table {
	border-collapse: collapse;
}
#content table th {
	border: 1px solid #dbdbdb;
	font-size: 85%;
	white-space: nowrap;
}
#content table td {
	border: 1px solid #dbdbdb;
	font-size: 80%;
}
#content input {
	font-size: 1em;
}
#content .full	{ width: 100%; }
#content .left	{ text-align: left; }
#content .right	{ text-align: right; }
#content .center { text-align: center; }
#content .flexbox {
	display: -ms-flex;
	display: -webkit-flex;
	display: flex;
	width: 100%;
}
#content .left_col {
	min-width: 75px;
	max-width: 50%;
	flex-grow: 0;
}
#content .right_col {
	flex-grow: 1;
	margin-left: 10px;
	padding-top: 10px;
	padding-left: 10px;
}
#col {
	-moz-column-count: 3;
	-webkit-column-count: 3;
	column-count: 3;
}
</style>
</head>
<body>

<div id="header">
<strong><em>NYC*</em><span class="logo_bug">BUG</span> dmesgd</strong>
</div><!-- header -->

<div id="menu">
<ul>
<li><a href="https://dmesgd.nycbug.org/index.cgi?do=index">Home</a></li>
<li><a href="https://dmesgd.nycbug.org/index.cgi?do=submit">Submit</a></li>
<li><a href="https://www.nycbug.org/">NYC*BUG</a></li>
</ul>
</div><!-- menu -->

<div id="content">

<p>
Launched in 2004, dmesgd aims to provide a
<strong>user-submitted</strong> repository of searchable *BSD dmesgs.
The dmesg(8) command displays the system message buffer's content, and
during boot a copy is saved to <em>/var/run/dmesg.boot</em>.  This buffer
contains the operating system release, name and version, a list of
devices identified, plus a whole host of other useful information.  We
hope others find this resource useful and further contribute to its
growth. Contact us at [ admin at lists dot nycbug dot org ].
</p>

<hr />


<strong>Date:</strong> <em>2018-02-19 04:19:09</em><br />
<strong>From:</strong> <em>Brian Conway</em><br />
<strong>Description:</strong> <em>OpenBSD 6.2-stable amd64 Intel NUC DN2820FYKH EFI boot</em><br />

<pre>
OpenBSD 6.2-stable (GENERIC.MP) #10: Thu Feb  8 04:58:44 UTC 2018
    xxx@xxx.xxx:/usr/src/sys/arch/amd64/compile/GENERIC.MP
real mem = 4161957888 (3969MB)
avail mem = 4028801024 (3842MB)
mpath0 at root
scsibus0 at mpath0: 256 targets
mainbus0 at root
bios0 at mainbus0: SMBIOS rev. 2.8 @ 0xebf40 (46 entries)
bios0: vendor Intel Corp. version &quot;FYBYT10H.86A.0061.2018.0109.1107&quot; date 01/09/2018
bios0: Intel Corporation DN2820FYK
acpi0 at bios0: rev 2
acpi0: sleep states S0 S3 S4 S5
acpi0: tables DSDT FACP APIC FPDT FIDT MCFG LPIT HPET SSDT SSDT SSDT UEFI BGRT
acpi0: wakeup devices XHC1(S4) PXSX(S4) PXSX(S4) PXSX(S4) PXSX(S4) BRCM(S0)
acpitimer0 at acpi0: 3579545 Hz, 24 bits
acpimadt0 at acpi0 addr 0xfee00000: PC-AT compat
cpu0 at mainbus0: apid 0 (boot processor)
cpu0: Intel(R) Celeron(R) CPU N2820 @ 2.13GHz, 2133.73 MHz
cpu0: FPU,VME,DE,PSE,TSC,MSR,PAE,MCE,CX8,APIC,SEP,MTRR,PGE,MCA,CMOV,PAT,PSE36,CFLUSH,DS,ACPI,MMX,FXSR,SSE,SSE2,SS,HTT,TM,PBE,SSE3,PCLMUL,DTES64,MWAIT,DS-CPL,VMX,EST,TM2,SSSE3,CX16,xTPR,PDCM,SSE4.1,SSE4.2,MOVBE,POPCNT,DEADLINE,RDRAND,NXE,RDTSCP,LONG,LAHF,3DNOWP,PERF,ITSC,SMEP,ERMS,SENSOR,ARAT
cpu0: 1MB 64b/line 16-way L2 cache
cpu0: TSC frequency 2133728960 Hz
cpu0: smt 0, core 0, package 0
mtrr: Pentium Pro MTRR support, 8 var ranges, 88 fixed ranges
cpu0: apic clock running at 133MHz
cpu0: mwait min=64, max=64, C-substates=0.2.0.0.0.0.3.3, IBE
cpu1 at mainbus0: apid 2 (application processor)
cpu1: Intel(R) Celeron(R) CPU N2820 @ 2.13GHz, 2133.32 MHz
cpu1: FPU,VME,DE,PSE,TSC,MSR,PAE,MCE,CX8,APIC,SEP,MTRR,PGE,MCA,CMOV,PAT,PSE36,CFLUSH,DS,ACPI,MMX,FXSR,SSE,SSE2,SS,HTT,TM,PBE,SSE3,PCLMUL,DTES64,MWAIT,DS-CPL,VMX,EST,TM2,SSSE3,CX16,xTPR,PDCM,SSE4.1,SSE4.2,MOVBE,POPCNT,DEADLINE,RDRAND,NXE,RDTSCP,LONG,LAHF,3DNOWP,PERF,ITSC,SMEP,ERMS,SENSOR,ARAT
cpu1: 1MB 64b/line 16-way L2 cache
cpu1: smt 0, core 1, package 0
ioapic0 at mainbus0: apid 1 pa 0xfec00000, version 20, 87 pins
acpimcfg0 at acpi0 addr 0xe0000000, bus 0-255
acpihpet0 at acpi0: 14318179 Hz
acpiprt0 at acpi0: bus 0 (PCI0)
acpiprt1 at acpi0: bus 1 (RP01)
acpiprt2 at acpi0: bus 2 (RP02)
acpiprt3 at acpi0: bus 3 (RP03)
acpiprt4 at acpi0: bus 4 (RP04)
acpiec0 at acpi0: not present
acpicpu0 at acpi0: C1(1000@1 mwait.1), PSS
acpicpu1 at acpi0: C1(1000@1 mwait.1), PSS
acpipwrres0 at acpi0: PLPE
acpipwrres1 at acpi0: PLPE
acpipwrres2 at acpi0: USBC, resource for EHC1, OTG1
acpipwrres3 at acpi0: CLK0, resource for CAM1
acpipwrres4 at acpi0: CLK1, resource for CAM0, CAM2
&quot;INT3396&quot; at acpi0 not configured
&quot;DMA0F28&quot; at acpi0 not configured
acpibtn0 at acpi0: SLPB
acpibtn1 at acpi0: LID0
&quot;BCM2E1A&quot; at acpi0 not configured
&quot;BCM4752&quot; at acpi0 not configured
&quot;INTCF0B&quot; at acpi0 not configured
&quot;INTCF1A&quot; at acpi0 not configured
&quot;INTCF1C&quot; at acpi0 not configured
&quot;SMO91D0&quot; at acpi0 not configured
&quot;ATML1000&quot; at acpi0 not configured
&quot;ATML2000&quot; at acpi0 not configured
&quot;INT33BD&quot; at acpi0 not configured
acpivideo0 at acpi0: GFX0
cpu0: Enhanced SpeedStep 2133 MHz: speeds: 2129, 2128, 1995, 1862, 1729, 1596, 1463, 1330, 1197, 1064, 931, 798, 665, 532 MHz
pci0 at mainbus0 bus 0
pchb0 at pci0 dev 0 function 0 &quot;Intel Bay Trail Host&quot; rev 0x0c
inteldrm0 at pci0 dev 2 function 0 &quot;Intel Bay Trail Video&quot; rev 0x0c
drm0 at inteldrm0
inteldrm0: msi
inteldrm0: 1920x1080, 32bpp
wsdisplay0 at inteldrm0 mux 1: console (std, vt100 emulation)
wsdisplay0: screen 1-5 added (std, vt100 emulation)
ahci0 at pci0 dev 19 function 0 &quot;Intel Bay Trail AHCI&quot; rev 0x0c: msi, AHCI 1.3
ahci0: port 0: 3.0Gb/s
scsibus1 at ahci0: 32 targets
sd0 at scsibus1 targ 0 lun 0: &lt;ATA, Crucial_CT240M50, MU05&gt; SCSI3 0/direct fixed naa.500a07510c06ed9d
sd0: 228936MB, 512 bytes/sector, 468862128 sectors, thin
xhci0 at pci0 dev 20 function 0 &quot;Intel Bay Trail xHCI&quot; rev 0x0c: msi
usb0 at xhci0: USB revision 3.0
uhub0 at usb0 configuration 1 interface 0 &quot;Intel xHCI root hub&quot; rev 3.00/1.00 addr 1
&quot;Intel Bay Trail TXE&quot; rev 0x0c at pci0 dev 26 function 0 not configured
ppb0 at pci0 dev 28 function 0 &quot;Intel Bay Trail PCIE&quot; rev 0x0c: msi
pci1 at ppb0 bus 1
ppb1 at pci0 dev 28 function 1 &quot;Intel Bay Trail PCIE&quot; rev 0x0c: msi
pci2 at ppb1 bus 2
ppb2 at pci0 dev 28 function 2 &quot;Intel Bay Trail PCIE&quot; rev 0x0c: msi
pci3 at ppb2 bus 3
re0 at pci3 dev 0 function 0 &quot;Realtek 8168&quot; rev 0x0c: RTL8168G/8111G (0x4c00), msi, address xx:xx:xx:xx:xx:xx
rgephy0 at re0 phy 7: RTL8251 PHY, rev. 0
ppb3 at pci0 dev 28 function 3 &quot;Intel Bay Trail PCIE&quot; rev 0x0c: msi
pci4 at ppb3 bus 4
pcib0 at pci0 dev 31 function 0 &quot;Intel Bay Trail LPC&quot; rev 0x0c
ichiic0 at pci0 dev 31 function 3 &quot;Intel Bay Trail SMBus&quot; rev 0x0c: apic 1 int 18
iic0 at ichiic0
spdmem0 at iic0 addr 0x50: 4GB DDR3 SDRAM PC3-12800 SO-DIMM
isa0 at pcib0
isadma0 at isa0
com0 at isa0 port 0x3f8/8 irq 4: ns16550a, 16 byte fifo
pckbc0 at isa0 port 0x60/5 irq 1 irq 12
pckbd0 at pckbc0 (kbd slot)
wskbd0 at pckbd0: console keyboard, using wsdisplay0
pcppi0 at isa0 port 0x61
spkr0 at pcppi0
vmm0 at mainbus0: VMX/EPT
efifb at mainbus0 not configured
uhub1 at uhub0 port 1 configuration 1 interface 0 &quot;Alcor Micro product 0x6254&quot; rev 2.00/1.00 addr 2
uhidev0 at uhub1 port 3 configuration 1 interface 0 &quot;Cirque Corporation 9925 AG Touchpad&quot; rev 2.00/4.80 addr 3
uhidev0: iclass 3/1
ums0 at uhidev0: 3 buttons, Z dir
wsmouse0 at ums0 mux 0
uhidev1 at uhub1 port 4 configuration 1 interface 0 &quot;Holtek product 0xa088&quot; rev 2.00/1.13 addr 4
uhidev1: iclass 3/1
ukbd0 at uhidev1: 8 variable keys, 6 key codes
wskbd1 at ukbd0 mux 1
wskbd1: connecting to wsdisplay0
uhidev2 at uhub1 port 4 configuration 1 interface 1 &quot;Holtek product 0xa088&quot; rev 2.00/1.13 addr 4
uhidev2: iclass 3/0, 3 report ids
uhid0 at uhidev2 reportid 1: input=1, output=0, feature=0
uhid1 at uhidev2 reportid 2: input=3, output=0, feature=0
ums1 at uhidev2 reportid 3: 3 buttons
wsmouse1 at ums1 mux 0
vscsi0 at root
scsibus2 at vscsi0: 256 targets
softraid0 at root
scsibus3 at softraid0: 256 targets
root on sd0a (ad026617fa2792f1.a) swap on sd0b dump on sd0b

hw.machine=amd64
hw.model=Intel(R) Celeron(R) CPU N2820 @ 2.13GHz
hw.ncpu=2
hw.byteorder=1234
hw.pagesize=4096
hw.disknames=sd0:ad026617fa2792f1
hw.diskcount=1
hw.sensors.cpu0.temp0=37.00 degC
hw.sensors.acpibtn1.indicator0=On (lid open)
hw.cpuspeed=2133
hw.setperf=100
hw.vendor=Intel Corporation
hw.product=DN2820FYK
hw.uuid=80153750-a653-e211-a9eb-c03fd563f35a
hw.physmem=4161957888
hw.usermem=4161908736
hw.ncpufound=2
hw.allowpowerdown=1
hw.perfpolicy=manual

</pre>



</div><!-- content -->
<br />
<div id="footer">
All comments/news/posts are the property of their individual owner and
is presented without warranty of suitability, and solely as an
informational resource. <br />
This site Copyright &copy; 2004-2020 NYC*BUG.
</div><!-- footer -->

</body>
</html>

