



<!doctype html>
<html lang="en">
<head>
<meta name="keywords"
	content="bsd, freebsd, openbsd, netbsd, dragonflybsd, nycbug, dmesgd" />
<meta name="description" content="New York City BSD User Group dmesgd" />
<meta charset="utf-8" />
<meta name="viewport" content="width=device-width, initial-scale=1" />
<title>NYC*BUG dmesgd</title>
<style>
body {
	text-align: left;
	margin: 15px auto;
	padding: 0px 10px;
}
@media (min-width: 800px) {
	body {
		max-width: 85%;
	}
}
#header {
	border-bottom: 1px solid #dbdbdb;
	font-size: 230%;
	text-align: left;
}
#footer {
	border-top: 1px solid #dbdbdb;
	clear: both;
	text-align: left;
}
.logo_bug {
	color: #cc0033;
}
#menu ul {
	list-style-type: none;
	margin: 0;
	padding: 0;
}
#menu li {
	float: left;
}
#menu li a {
	display: block;
	background-color: #dbdbdb;
	color: #000000;
	font-size: 105%;
	font-weight: bold;
	padding: 0px 6px 0px 6px;
	text-decoration: none;
}
#content {
	clear: both;
	text-align: left;
	padding-top: 10px;
}
#content h1 {
	font-size: 120%;
	font-weight: bold;
}
#content h2 {
	font-size: 110%;
	font-weight: bold;
}
#content a {
	text-decoration: none;
}
#content pre {
	background-color: #dbdbdb;
	padding: 5px 5px 5px 5px;
	white-space: pre-wrap;		/* css-3 */
	white-space: -moz-pre-wrap;	/* Mozilla, since 1999 */
	white-space: -pre-wrap;		/* Opera 4-6 */
	white-space: -o-pre-wrap;	/* Opera 7 */
	word-wrap: break-word;		/* Internet Explorer 5.5+ */
}
#content table {
	border-collapse: collapse;
}
#content table th {
	border: 1px solid #dbdbdb;
	font-size: 85%;
	white-space: nowrap;
}
#content table td {
	border: 1px solid #dbdbdb;
	font-size: 80%;
}
#content input {
	font-size: 1em;
}
#content .full	{ width: 100%; }
#content .left	{ text-align: left; }
#content .right	{ text-align: right; }
#content .center { text-align: center; }
#content .flexbox {
	display: -ms-flex;
	display: -webkit-flex;
	display: flex;
	width: 100%;
}
#content .left_col {
	min-width: 75px;
	max-width: 50%;
	flex-grow: 0;
}
#content .right_col {
	flex-grow: 1;
	margin-left: 10px;
	padding-top: 10px;
	padding-left: 10px;
}
#col {
	-moz-column-count: 3;
	-webkit-column-count: 3;
	column-count: 3;
}
</style>
</head>
<body>

<div id="header">
<strong><em>NYC*</em><span class="logo_bug">BUG</span> dmesgd</strong>
</div><!-- header -->

<div id="menu">
<ul>
<li><a href="https://dmesgd.nycbug.org/index.cgi?do=index">Home</a></li>
<li><a href="https://dmesgd.nycbug.org/index.cgi?do=submit">Submit</a></li>
<li><a href="https://www.nycbug.org/">NYC*BUG</a></li>
</ul>
</div><!-- menu -->

<div id="content">

<p>
Launched in 2004, dmesgd aims to provide a
<strong>user-submitted</strong> repository of searchable *BSD dmesgs.
The dmesg(8) command displays the system message buffer's content, and
during boot a copy is saved to <em>/var/run/dmesg.boot</em>.  This buffer
contains the operating system release, name and version, a list of
devices identified, plus a whole host of other useful information.  We
hope others find this resource useful and further contribute to its
growth. Contact us at [ admin at lists dot nycbug dot org ].
</p>

<hr />


<strong>Date:</strong> <em>2018-03-18 01:32:21</em><br />
<strong>From:</strong> <em>wizardishungry</em><br />
<strong>Description:</strong> <em>Lenovo IdeaBook 120S (Bios boot, not EFI, install kernel)</em><br />

<pre>
OpenBSD 6.2 (RAMDISK_CD) #132: Tue Oct  3 21:26:51 MDT 2017
    xxx@xxx.xxx:/usr/src/sys/arch/amd64/compile/RAMDISK_CD
real mem = 1743450112 (1662MB)
avail mem = 1686917120 (1608MB)
mainbus0 at root
bios0 at mainbus0: SMBIOS rev. 3.0 @ 0xfaf50 (43 entries)
bios0:
bios0: LENOVO 81A4
acpi0 at bios0: rev 2
acpi0: tables DSDT FACP SSDT TPM2 UEFI BDAT DBG2 DBGP HPET LPIT APIC MCFG NPKT PRAM WSMT SSDT SSDT BATB SSDT SSDT SSDT SSDT MSDM SSDT FPDT BGRT WDAT UEFI
acpimadt0 at acpi0 addr 0xfee00000: PC-AT compat
cpu0 at mainbus0: apid 0 (boot processor)
cpu0: Intel(R) Celeron(R) CPU N3350 @ 1.10GHz, 1094.40 MHz
cpu0: FPU,VME,DE,PSE,TSC,MSR,PAE,MCE,CX8,APIC,SEP,MTRR,PGE,MCA,CMOV,PAT,PSE36,CFLUSH,DS,ACPI,MMX,FXSR,SSE,SSE2,SS,HTT,TM,PBE,SSE3,PCLMUL,DTES64,MWAIT,DS-CPL,VMX,EST,TM2,SSSE3,SDBG,CX16,xTPR,PDCM,SSE4.1,SSE4.2,x2APIC,MOVBE,POPCNT,DEADLINE,AES,XSAVE,RDRAND,NXE,PAGE1GB,RDTSCP,LONG,LAHF,3DNOWP,PERF,ITSC,FSGSBASE,SMEP,ERMS,MPX,RDSEED,SMAP,CLFLUSHOPT,PT,SHA,SENSOR,ARAT
cpu0: 1MB 64b/line 16-way L2 cache
cpu0: TSC frequency 1094400000 Hz
cpu0: apic clock running at 19MHz
cpu0: mwait min=64, max=64, C-substates=0.2.0.2.4.2.1.1, IBE
cpu at mainbus0: not configured
ioapic0 at mainbus0: apid 1 pa 0xfec00000, version 20, 120 pins
acpiprt0 at acpi0: bus 0 (PCI0)
acpiprt1 at acpi0: bus 1 (RP01)
acpiprt2 at acpi0: bus 2 (RP02)
acpiprt3 at acpi0: bus -1 (RP03)
acpiprt4 at acpi0: bus -1 (RP04)
acpiprt5 at acpi0: bus -1 (RP05)
acpiprt6 at acpi0: bus -1 (RP06)
acpiec0 at acpi0
acpicpu at acpi0 not configured
acpipwrres at acpi0 not configured
acpitz at acpi0 not configured
&quot;PNP0C0A&quot; at acpi0 not configured
&quot;VPC2004&quot; at acpi0 not configured
&quot;PNP0C0D&quot; at acpi0 not configured
&quot;MSFT0001&quot; at acpi0 not configured
&quot;INT3452&quot; at acpi0 not configured
&quot;SYNA2B38&quot; at acpi0 not configured
&quot;ACPI0003&quot; at acpi0 not configured
&quot;PNP0C0C&quot; at acpi0 not configured
&quot;INT3452&quot; at acpi0 not configured
&quot;INT3452&quot; at acpi0 not configured
&quot;INT3452&quot; at acpi0 not configured
&quot;INT33A1&quot; at acpi0 not configured
&quot;MSFT0101&quot; at acpi0 not configured
&quot;INT3400&quot; at acpi0 not configured
&quot;INT3406&quot; at acpi0 not configured
&quot;INT3403&quot; at acpi0 not configured
&quot;INT3403&quot; at acpi0 not configured
&quot;PNP0C0B&quot; at acpi0 not configured
memory map conflict 0xfe042000/0x2000
pci0 at mainbus0 bus 0
pchb0 at pci0 dev 0 function 0 vendor &quot;Intel&quot;, unknown product 0x5af0 rev 0x0b
vendor &quot;Intel&quot;, unknown product 0x5a8c (class DASP subclass miscellaneous, rev 0x0b) at pci0 dev 0 function 1 not configured
vga1 at pci0 dev 2 function 0 vendor &quot;Intel&quot;, unknown product 0x5a85 rev 0x0b
wsdisplay1 at vga1 mux 1: console (80x25, vt100 emulation)
vendor &quot;Intel&quot;, unknown product 0x5a98 (class multimedia subclass hdaudio, rev 0x0b) at pci0 dev 14 function 0 not configured
vendor &quot;Intel&quot;, unknown product 0x5a9a (class communications subclass miscellaneous, rev 0x0b) at pci0 dev 15 function 0 not configured
ahci0 at pci0 dev 18 function 0 vendor &quot;Intel&quot;, unknown product 0x5ae3 rev 0x0b: msi, AHCI 1.3.1
ahci0: PHY offline on port 0
ahci0: PHY offline on port 1
scsibus0 at ahci0: 32 targets
ppb0 at pci0 dev 20 function 0 vendor &quot;Intel&quot;, unknown product 0x5ad6 rev 0xfb: msi
pci1 at ppb0 bus 1
rtsx0 at pci1 dev 0 function 0 &quot;Realtek RTS5229 Card Reader&quot; rev 0x01: msi
sdmmc0 at rtsx0: 4-bit
ppb1 at pci0 dev 20 function 1 vendor &quot;Intel&quot;, unknown product 0x5ad7 rev 0xfb: msi
pci2 at ppb1 bus 2
vendor &quot;Atheros&quot;, unknown product 0x0042 (class network subclass miscellaneous, rev 0x31) at pci2 dev 0 function 0 not configured
xhci0 at pci0 dev 21 function 0 vendor &quot;Intel&quot;, unknown product 0x5aa8 rev 0x0b: msi
usb0 at xhci0: USB revision 3.0
uhub0 at usb0 configuration 1 interface 0 &quot;Intel xHCI root hub&quot; rev 3.00/1.00 addr 1
vendor &quot;Intel&quot;, unknown product 0x5aac (class DASP subclass miscellaneous, rev 0x0b) at pci0 dev 22 function 0 not configured
vendor &quot;Intel&quot;, unknown product 0x5ab0 (class DASP subclass miscellaneous, rev 0x0b) at pci0 dev 22 function 2 not configured
sdhc0 at pci0 dev 28 function 0 vendor &quot;Intel&quot;, unknown product 0x5acc rev 0x0b: apic 1 int 39
sdhc0: SDHC 3.0, 200 MHz base clock
sdmmc1 at sdhc0: 8-bit, sd high-speed, mmc high-speed, dma
vendor &quot;Intel&quot;, unknown product 0x5ae8 (class bridge subclass ISA, rev 0x0b) at pci0 dev 31 function 0 not configured
vendor &quot;Intel&quot;, unknown product 0x5ad4 (class serial bus subclass SMBus, rev 0x0b) at pci0 dev 31 function 1 not configured
isa0 at mainbus0
pckbc0 at isa0 port 0x60/5 irq 1 irq 12
pckbd0 at pckbc0 (kbd slot)
wskbd0 at pckbd0: console keyboard, using wsdisplay1
sdmmc1: can't enable card
uhub0: device problem, disabling port 5
&quot;vendor 0x0cf3 product 0xe500&quot; rev 2.01/0.01 addr 2 at uhub0 port 7 not configured
&quot;Bison EasyCamera&quot; rev 2.00/53.03 addr 3 at uhub0 port 8 not configured
softraid0 at root
scsibus1 at softraid0: 256 targets
root on rd0a swap on rd0b dump on rd0b
uhub0: device problem, disabling port 5
umass0 at uhub0 port 5 configuration 1 interface 0 &quot;LEXAR UFC&quot; rev 2.00/11.00 addr 4
umass0: using SCSI over Bulk-Only
scsibus2 at umass0: 2 targets, initiator 0
sd0 at scsibus2 targ 1 lun 0: &lt;LEXAR, UFC, 1100&gt; SCSI0 0/direct removable serial.05dca577115925181106
sd0: 123MB, 512 bytes/sector, 252928 sectors
sd0 detached
scsibus2 detached
umass0 detached
umass0 at uhub0 port 5 configuration 1 interface 0 &quot;LEXAR UFC&quot; rev 2.00/11.00 addr 4
umass0: using SCSI over Bulk-Only
scsibus2 at umass0: 2 targets, initiator 0
sd0 at scsibus2 targ 1 lun 0: &lt;LEXAR, UFC, 1100&gt; SCSI0 0/direct removable serial.05dca577115925181106
sd0: 123MB, 512 bytes/sector, 252928 sectors
OpenBSD 6.2 (RAMDISK_CD) #132: Tue Oct  3 21:26:51 MDT 2017
    xxx@xxx.xxx:/usr/src/sys/arch/amd64/compile/RAMDISK_CD
real mem = 1743450112 (1662MB)
avail mem = 1686917120 (1608MB)
mainbus0 at root
bios0 at mainbus0: SMBIOS rev. 3.0 @ 0xfaf50 (43 entries)
bios0:
bios0: LENOVO 81A4
acpi0 at bios0: rev 2
acpi0: tables DSDT FACP SSDT TPM2 UEFI BDAT DBG2 DBGP HPET LPIT APIC MCFG NPKT PRAM WSMT SSDT SSDT BATB SSDT SSDT SSDT SSDT MSDM SSDT FPDT BGRT WDAT UEFI
acpimadt0 at acpi0 addr 0xfee00000: PC-AT compat
cpu0 at mainbus0: apid 0 (boot processor)
cpu0: Intel(R) Celeron(R) CPU N3350 @ 1.10GHz, 1094.40 MHz
cpu0: FPU,VME,DE,PSE,TSC,MSR,PAE,MCE,CX8,APIC,SEP,MTRR,PGE,MCA,CMOV,PAT,PSE36,CFLUSH,DS,ACPI,MMX,FXSR,SSE,SSE2,SS,HTT,TM,PBE,SSE3,PCLMUL,DTES64,MWAIT,DS-CPL,VMX,EST,TM2,SSSE3,SDBG,CX16,xTPR,PDCM,SSE4.1,SSE4.2,x2APIC,MOVBE,POPCNT,DEADLINE,AES,XSAVE,RDRAND,NXE,PAGE1GB,RDTSCP,LONG,LAHF,3DNOWP,PERF,ITSC,FSGSBASE,SMEP,ERMS,MPX,RDSEED,SMAP,CLFLUSHOPT,PT,SHA,SENSOR,ARAT
cpu0: 1MB 64b/line 16-way L2 cache
cpu0: TSC frequency 1094400000 Hz
cpu0: apic clock running at 19MHz
cpu0: mwait min=64, max=64, C-substates=0.2.0.2.4.2.1.1, IBE
cpu at mainbus0: not configured
ioapic0 at mainbus0: apid 1 pa 0xfec00000, version 20, 120 pins
acpiprt0 at acpi0: bus 0 (PCI0)
acpiprt1 at acpi0: bus 1 (RP01)
acpiprt2 at acpi0: bus 2 (RP02)
acpiprt3 at acpi0: bus -1 (RP03)
acpiprt4 at acpi0: bus -1 (RP04)
acpiprt5 at acpi0: bus -1 (RP05)
acpiprt6 at acpi0: bus -1 (RP06)
acpiec0 at acpi0
acpicpu at acpi0 not configured
acpipwrres at acpi0 not configured
acpitz at acpi0 not configured
&quot;PNP0C0A&quot; at acpi0 not configured
&quot;VPC2004&quot; at acpi0 not configured
&quot;PNP0C0D&quot; at acpi0 not configured
&quot;MSFT0001&quot; at acpi0 not configured
&quot;INT3452&quot; at acpi0 not configured
&quot;SYNA2B38&quot; at acpi0 not configured
&quot;ACPI0003&quot; at acpi0 not configured
&quot;PNP0C0C&quot; at acpi0 not configured
&quot;INT3452&quot; at acpi0 not configured
&quot;INT3452&quot; at acpi0 not configured
&quot;INT3452&quot; at acpi0 not configured
&quot;INT33A1&quot; at acpi0 not configured
&quot;MSFT0101&quot; at acpi0 not configured
&quot;INT3400&quot; at acpi0 not configured
&quot;INT3406&quot; at acpi0 not configured
&quot;INT3403&quot; at acpi0 not configured
&quot;INT3403&quot; at acpi0 not configured
&quot;PNP0C0B&quot; at acpi0 not configured
memory map conflict 0xfe042000/0x2000
pci0 at mainbus0 bus 0
pchb0 at pci0 dev 0 function 0 vendor &quot;Intel&quot;, unknown product 0x5af0 rev 0x0b
vendor &quot;Intel&quot;, unknown product 0x5a8c (class DASP subclass miscellaneous, rev 0x0b) at pci0 dev 0 function 1 not configured
vga1 at pci0 dev 2 function 0 vendor &quot;Intel&quot;, unknown product 0x5a85 rev 0x0b
wsdisplay1 at vga1 mux 1: console (80x25, vt100 emulation)
vendor &quot;Intel&quot;, unknown product 0x5a98 (class multimedia subclass hdaudio, rev 0x0b) at pci0 dev 14 function 0 not configured
vendor &quot;Intel&quot;, unknown product 0x5a9a (class communications subclass miscellaneous, rev 0x0b) at pci0 dev 15 function 0 not configured
ahci0 at pci0 dev 18 function 0 vendor &quot;Intel&quot;, unknown product 0x5ae3 rev 0x0b: msi, AHCI 1.3.1
ahci0: PHY offline on port 0
ahci0: PHY offline on port 1
scsibus0 at ahci0: 32 targets
ppb0 at pci0 dev 20 function 0 vendor &quot;Intel&quot;, unknown product 0x5ad6 rev 0xfb: msi
pci1 at ppb0 bus 1
rtsx0 at pci1 dev 0 function 0 &quot;Realtek RTS5229 Card Reader&quot; rev 0x01: msi
sdmmc0 at rtsx0: 4-bit
ppb1 at pci0 dev 20 function 1 vendor &quot;Intel&quot;, unknown product 0x5ad7 rev 0xfb: msi
pci2 at ppb1 bus 2
vendor &quot;Atheros&quot;, unknown product 0x0042 (class network subclass miscellaneous, rev 0x31) at pci2 dev 0 function 0 not configured
xhci0 at pci0 dev 21 function 0 vendor &quot;Intel&quot;, unknown product 0x5aa8 rev 0x0b: msi
usb0 at xhci0: USB revision 3.0
uhub0 at usb0 configuration 1 interface 0 &quot;Intel xHCI root hub&quot; rev 3.00/1.00 addr 1
vendor &quot;Intel&quot;, unknown product 0x5aac (class DASP subclass miscellaneous, rev 0x0b) at pci0 dev 22 function 0 not configured
vendor &quot;Intel&quot;, unknown product 0x5ab0 (class DASP subclass miscellaneous, rev 0x0b) at pci0 dev 22 function 2 not configured
sdhc0 at pci0 dev 28 function 0 vendor &quot;Intel&quot;, unknown product 0x5acc rev 0x0b: apic 1 int 39
sdhc0: SDHC 3.0, 200 MHz base clock
sdmmc1 at sdhc0: 8-bit, sd high-speed, mmc high-speed, dma
vendor &quot;Intel&quot;, unknown product 0x5ae8 (class bridge subclass ISA, rev 0x0b) at pci0 dev 31 function 0 not configured
vendor &quot;Intel&quot;, unknown product 0x5ad4 (class serial bus subclass SMBus, rev 0x0b) at pci0 dev 31 function 1 not configured
isa0 at mainbus0
pckbc0 at isa0 port 0x60/5 irq 1 irq 12
pckbd0 at pckbc0 (kbd slot)
wskbd0 at pckbd0: console keyboard, using wsdisplay1
sdmmc1: can't enable card
uhub0: device problem, disabling port 5
&quot;vendor 0x0cf3 product 0xe500&quot; rev 2.01/0.01 addr 2 at uhub0 port 7 not configured
&quot;Bison EasyCamera&quot; rev 2.00/53.03 addr 3 at uhub0 port 8 not configured
softraid0 at root
scsibus1 at softraid0: 256 targets
root on rd0a swap on rd0b dump on rd0b
</pre>



</div><!-- content -->
<br />
<div id="footer">
All comments/news/posts are the property of their individual owner and
is presented without warranty of suitability, and solely as an
informational resource. <br />
This site Copyright &copy; 2004-2020 NYC*BUG.
</div><!-- footer -->

</body>
</html>

