



<!doctype html>
<html lang="en">
<head>
<meta name="keywords"
	content="bsd, freebsd, openbsd, netbsd, dragonflybsd, nycbug, dmesgd" />
<meta name="description" content="New York City BSD User Group dmesgd" />
<meta charset="utf-8" />
<meta name="viewport" content="width=device-width, initial-scale=1" />
<title>NYC*BUG dmesgd</title>
<style>
body {
	text-align: left;
	margin: 15px auto;
	padding: 0px 10px;
}
@media (min-width: 800px) {
	body {
		max-width: 85%;
	}
}
#header {
	border-bottom: 1px solid #dbdbdb;
	font-size: 230%;
	text-align: left;
}
#footer {
	border-top: 1px solid #dbdbdb;
	clear: both;
	text-align: left;
}
.logo_bug {
	color: #cc0033;
}
#menu ul {
	list-style-type: none;
	margin: 0;
	padding: 0;
}
#menu li {
	float: left;
}
#menu li a {
	display: block;
	background-color: #dbdbdb;
	color: #000000;
	font-size: 105%;
	font-weight: bold;
	padding: 0px 6px 0px 6px;
	text-decoration: none;
}
#content {
	clear: both;
	text-align: left;
	padding-top: 10px;
}
#content h1 {
	font-size: 120%;
	font-weight: bold;
}
#content h2 {
	font-size: 110%;
	font-weight: bold;
}
#content a {
	text-decoration: none;
}
#content pre {
	background-color: #dbdbdb;
	padding: 5px 5px 5px 5px;
	white-space: pre-wrap;		/* css-3 */
	white-space: -moz-pre-wrap;	/* Mozilla, since 1999 */
	white-space: -pre-wrap;		/* Opera 4-6 */
	white-space: -o-pre-wrap;	/* Opera 7 */
	word-wrap: break-word;		/* Internet Explorer 5.5+ */
}
#content table {
	border-collapse: collapse;
}
#content table th {
	border: 1px solid #dbdbdb;
	font-size: 85%;
	white-space: nowrap;
}
#content table td {
	border: 1px solid #dbdbdb;
	font-size: 80%;
}
#content input {
	font-size: 1em;
}
#content .full	{ width: 100%; }
#content .left	{ text-align: left; }
#content .right	{ text-align: right; }
#content .center { text-align: center; }
#content .flexbox {
	display: -ms-flex;
	display: -webkit-flex;
	display: flex;
	width: 100%;
}
#content .left_col {
	min-width: 75px;
	max-width: 50%;
	flex-grow: 0;
}
#content .right_col {
	flex-grow: 1;
	margin-left: 10px;
	padding-top: 10px;
	padding-left: 10px;
}
#col {
	-moz-column-count: 3;
	-webkit-column-count: 3;
	column-count: 3;
}
</style>
</head>
<body>

<div id="header">
<strong><em>NYC*</em><span class="logo_bug">BUG</span> dmesgd</strong>
</div><!-- header -->

<div id="menu">
<ul>
<li><a href="https://dmesgd.nycbug.org/index.cgi?do=index">Home</a></li>
<li><a href="https://dmesgd.nycbug.org/index.cgi?do=submit">Submit</a></li>
<li><a href="https://www.nycbug.org/">NYC*BUG</a></li>
</ul>
</div><!-- menu -->

<div id="content">

<p>
Launched in 2004, dmesgd aims to provide a
<strong>user-submitted</strong> repository of searchable *BSD dmesgs.
The dmesg(8) command displays the system message buffer's content, and
during boot a copy is saved to <em>/var/run/dmesg.boot</em>.  This buffer
contains the operating system release, name and version, a list of
devices identified, plus a whole host of other useful information.  We
hope others find this resource useful and further contribute to its
growth. Contact us at [ admin at lists dot nycbug dot org ].
</p>

<hr />


<strong>Date:</strong> <em>2018-03-20 20:14:59</em><br />
<strong>From:</strong> <em>Luclu7</em><br />
<strong>Description:</strong> <em>HP Pavillon dm1</em><br />

<pre>
OpenBSD 6.2 (GENERIC) #7: Sat Mar 17 20:59:53 CET 2018
    xxx@xxx.xxx:/usr/src/sys/arch/amd64/compile/GENERIC
real mem = 2931027968 (2795MB)
avail mem = 2835279872 (2703MB)
mpath0 at root
scsibus0 at mpath0: 256 targets
mainbus0 at root
bios0 at mainbus0: SMBIOS rev. 2.6 @ 0xe8320 (22 entries)
bios0: vendor Hewlett-Packard version &quot;F.15&quot; date 09/15/2010
bios0: Hewlett-Packard HP Pavilion dm1 Notebook PC
acpi0 at bios0: rev 2
acpi0: sleep states S0 S3 S4 S5
acpi0: tables DSDT FACP HPET APIC MCFG BOOT SLIC SSDT
acpi0: wakeup devices PB2_(S5) PB3_(S4) PB5_(S5) PB6_(S5) SPB0(S4) SPB1(S4) USB0(S3) USB1(S3) USB2(S3) USB3(S3) USB4(S3) USB6(S3) PS2K(S3) PS2M(S3) P2P_(S5)
acpitimer0 at acpi0: 3579545 Hz, 32 bits
acpihpet0 at acpi0: 14318180 Hz
acpimadt0 at acpi0 addr 0xfee00000: PC-AT compat
cpu0 at mainbus0: apid 0 (boot processor)
cpu0: AMD Athlon(tm) II Neo K125 Processor, 1696.57 MHz
cpu0: FPU,VME,DE,PSE,TSC,MSR,PAE,MCE,CX8,APIC,SEP,MTRR,PGE,MCA,CMOV,PAT,PSE36,CFLUSH,MMX,FXSR,SSE,SSE2,SSE3,MWAIT,CX16,POPCNT,NXE,MMXX,FFXSR,PAGE1GB,RDTSCP,LONG,3DNOW2,3DNOW,LAHF,SVM,EAPICSP,AMCR8,ABM,SSE4A,3DNOWP,OSVW,IBS,SKINIT,NODEID,ITSC
cpu0: 64KB 64b/line 2-way I-cache, 64KB 64b/line 2-way D-cache, 1MB 64b/line 16-way L2 cache
cpu0: ITLB 32 4KB entries fully associative, 16 4MB entries fully associative
cpu0: DTLB 48 4KB entries fully associative, 48 4MB entries fully associative
cpu0: AMD erratum 721 detected and fixed
cpu0: TSC frequency 1696567850 Hz
cpu0: smt 0, core 0, package 0
mtrr: Pentium Pro MTRR support, 8 var ranges, 88 fixed ranges
cpu0: apic clock running at 199MHz
cpu0: mwait min=64, max=64, IBE
ioapic0 at mainbus0: apid 4 pa 0xfec00000, version 21, 24 pins
, remapped to apid 4
acpimcfg0 at acpi0 addr 0xf8000000, bus 0-63
acpiprt0 at acpi0: bus 0 (PCI0)
acpiprt1 at acpi0: bus 1 (AGP_)
acpiprt2 at acpi0: bus -1 (PB2_)
acpiprt3 at acpi0: bus -1 (PB3_)
acpiprt4 at acpi0: bus -1 (PB5_)
acpiprt5 at acpi0: bus -1 (PB6_)
acpiprt6 at acpi0: bus 3 (SPB0)
acpiprt7 at acpi0: bus 9 (SPB1)
acpiprt8 at acpi0: bus 2 (P2P_)
acpiec0 at acpi0
acpicpu0 at acpi0: C1(@1 halt!), PSS
acpitz0 at acpi0acpitz0: THRM: failed to read _CRT
acpitz0: THRM: failed to read _CRT
: no critical temperature defined
acpibtn0 at acpi0: PWRB
acpibtn1 at acpi0: SLPB
&quot;*AUI1101&quot; at acpi0 not configured
&quot;HPQ0004&quot; at acpi0 not configured
acpiac0 at acpi0: AC unit online
acpibat0 at acpi0: BAT0 model &quot;Primary&quot; serial   type LION oem &quot;Hewlett-Packard&quot;
acpibtn2 at acpi0: LID_
&quot;PNP0C14&quot; at acpi0 not configured
acpivideo0 at acpi0: VGA_
acpivout0 at acpivideo0: LCD_
acpivideo1 at acpi0: VGA_
acpivideo2 at acpi0: VGA_
cpu0: 1696 MHz: speeds: 1700 1300 800 MHz
pci0 at mainbus0 bus 0
pchb0 at pci0 dev 0 function 0 &quot;AMD RS880 Host&quot; rev 0x00
ppb0 at pci0 dev 1 function 0 &quot;AMD RS780 PCIE&quot; rev 0x00
pci1 at ppb0 bus 1
radeondrm0 at pci1 dev 5 function 0 &quot;ATI Mobility Radeon HD 4200&quot; rev 0x00
drm0 at radeondrm0
radeondrm0: apic 4 int 18
azalia0 at pci1 dev 5 function 1 &quot;ATI Radeon HD 4200 HD Audio&quot; rev 0x00: msi
azalia0: no supported codecs
ahci0 at pci0 dev 17 function 0 &quot;ATI SBx00 SATA&quot; rev 0x00: apic 4 int 19, AHCI 1.2
ahci0: port 0: 3.0Gb/s
scsibus1 at ahci0: 32 targets
sd0 at scsibus1 targ 0 lun 0: &lt;ATA, TOSHIBA MK1656GS, LH01&gt; SCSI3 0/direct fixed naa.5000039261a02d44
sd0: 152627MB, 512 bytes/sector, 312581808 sectors
ohci0 at pci0 dev 18 function 0 &quot;ATI SB700 USB&quot; rev 0x00: apic 4 int 18, version 1.0, legacy support
ehci0 at pci0 dev 18 function 2 &quot;ATI SB700 USB2&quot; rev 0x00: apic 4 int 17
usb0 at ehci0: USB revision 2.0
uhub0 at usb0 configuration 1 interface 0 &quot;ATI EHCI root hub&quot; rev 2.00/1.00 addr 1
ohci1 at pci0 dev 19 function 0 &quot;ATI SB700 USB&quot; rev 0x00: apic 4 int 18, version 1.0, legacy support
ehci1 at pci0 dev 19 function 2 &quot;ATI SB700 USB2&quot; rev 0x00: apic 4 int 17
usb1 at ehci1: USB revision 2.0
uhub1 at usb1 configuration 1 interface 0 &quot;ATI EHCI root hub&quot; rev 2.00/1.00 addr 1
piixpm0 at pci0 dev 20 function 0 &quot;ATI SBx00 SMBus&quot; rev 0x41: polling
iic0 at piixpm0
lisa0 at iic0 addr 0x1c: lis331dl
spdmem0 at iic0 addr 0x51: 2GB DDR3 SDRAM PC3-10600 SO-DIMM
azalia1 at pci0 dev 20 function 2 &quot;ATI SBx00 HD Audio&quot; rev 0x40: apic 4 int 16
azalia1: codecs: IDT 92HD81B1X
audio0 at azalia1
pcib0 at pci0 dev 20 function 3 &quot;ATI SB700 ISA&quot; rev 0x40
ppb1 at pci0 dev 20 function 4 &quot;ATI SB600 PCI&quot; rev 0x40
pci2 at ppb1 bus 2
ohci2 at pci0 dev 20 function 5 &quot;ATI SB700 USB&quot; rev 0x00: apic 4 int 18, version 1.0, legacy support
ppb2 at pci0 dev 21 function 0 &quot;ATI SB800 PCIE&quot; rev 0x00: msi
pci3 at ppb2 bus 3
3:0:0: mem address conflict 0xffff0000/0x10000
re0 at pci3 dev 0 function 0 &quot;Realtek 8101E&quot; rev 0x02: RTL8102EL (0x2480), msi, address xx:xx:xx:xx:xx:xx
rlphy0 at re0 phy 7: RTL8201L 10/100 PHY, rev. 1
ppb3 at pci0 dev 21 function 1 &quot;ATI SB800 PCIE&quot; rev 0x00
pci4 at ppb3 bus 9
athn0 at pci4 dev 0 function 0 &quot;Atheros AR9285&quot; rev 0x01: apic 4 int 17
athn0: AR9285 rev 2 (1T1R), ROM rev 13, address xx:xx:xx:xx:xx:xx
ohci3 at pci0 dev 22 function 0 &quot;ATI SB700 USB&quot; rev 0x00: apic 4 int 18, version 1.0, legacy support
ehci2 at pci0 dev 22 function 2 &quot;ATI SB700 USB2&quot; rev 0x00: apic 4 int 17
usb2 at ehci2: USB revision 2.0
uhub2 at usb2 configuration 1 interface 0 &quot;ATI EHCI root hub&quot; rev 2.00/1.00 addr 1
pchb1 at pci0 dev 24 function 0 &quot;AMD AMD64 10h HyperTransport&quot; rev 0x00
pchb2 at pci0 dev 24 function 1 &quot;AMD AMD64 10h Address Map&quot; rev 0x00
pchb3 at pci0 dev 24 function 2 &quot;AMD AMD64 10h DRAM Cfg&quot; rev 0x00
km0 at pci0 dev 24 function 3 &quot;AMD AMD64 10h Misc Cfg&quot; rev 0x00
pchb4 at pci0 dev 24 function 4 &quot;AMD AMD64 10h Link Cfg&quot; rev 0x00
usb3 at ohci0: USB revision 1.0
uhub3 at usb3 configuration 1 interface 0 &quot;ATI OHCI root hub&quot; rev 1.00/1.00 addr 1
usb4 at ohci1: USB revision 1.0
uhub4 at usb4 configuration 1 interface 0 &quot;ATI OHCI root hub&quot; rev 1.00/1.00 addr 1
isa0 at pcib0
isadma0 at isa0
pckbc0 at isa0 port 0x60/5 irq 1 irq 12
pckbd0 at pckbc0 (kbd slot)
wskbd0 at pckbd0: console keyboard
pms0 at pckbc0 (aux slot)
wsmouse0 at pms0 mux 0
pcppi0 at isa0 port 0x61
spkr0 at pcppi0
usb5 at ohci2: USB revision 1.0
uhub5 at usb5 configuration 1 interface 0 &quot;ATI OHCI root hub&quot; rev 1.00/1.00 addr 1
usb6 at ohci3: USB revision 1.0
uhub6 at usb6 configuration 1 interface 0 &quot;ATI OHCI root hub&quot; rev 1.00/1.00 addr 1
uvideo0 at uhub0 port 4 configuration 1 interface 0 &quot;QCM HP Webcam-50&quot; rev 2.00/1.02 addr 2
video0 at uvideo0
uhidev0 at uhub3 port 1 configuration 1 interface 0 &quot;Razer Razer Naga 2014&quot; rev 2.00/2.00 addr 2
uhidev0: iclass 3/1
ums0 at uhidev0: 5 buttons, Z dir
wsmouse1 at ums0 mux 0
uhidev1 at uhub3 port 1 configuration 1 interface 1 &quot;Razer Razer Naga 2014&quot; rev 2.00/2.00 addr 2
uhidev1: iclass 3/0, 5 report ids
ukbd0 at uhidev1 reportid 1: 8 variable keys, 6 key codes
wskbd1 at ukbd0 mux 1
uhid0 at uhidev1 reportid 2: input=15, output=0, feature=0
uhid1 at uhidev1 reportid 3: input=15, output=0, feature=0
uhid2 at uhidev1 reportid 4: input=15, output=0, feature=0
uhid3 at uhidev1 reportid 5: input=15, output=0, feature=0
uhidev2 at uhub3 port 1 configuration 1 interface 2 &quot;Razer Razer Naga 2014&quot; rev 2.00/2.00 addr 2
uhidev2: iclass 3/0
ukbd1 at uhidev2: 8 variable keys, 6 key codes
wskbd2 at ukbd1 mux 1
vscsi0 at root
scsibus2 at vscsi0: 256 targets
softraid0 at root
scsibus3 at softraid0: 256 targets
root on sd0a (c3e77e9ca5e910d1.a) swap on sd0b dump on sd0b
radeondrm0: 1366x768, 32bpp
wsdisplay0 at radeondrm0 mux 1: console (std, vt100 emulation), using wskbd0
wskbd1: connecting to wsdisplay0
wskbd2: connecting to wsdisplay0
wsdisplay0: screen 1-5 added (std, vt100 emulation)
</pre>



</div><!-- content -->
<br />
<div id="footer">
All comments/news/posts are the property of their individual owner and
is presented without warranty of suitability, and solely as an
informational resource. <br />
This site Copyright &copy; 2004-2020 NYC*BUG.
</div><!-- footer -->

</body>
</html>

