



<!doctype html>
<html lang="en">
<head>
<meta name="keywords"
	content="bsd, freebsd, openbsd, netbsd, dragonflybsd, nycbug, dmesgd" />
<meta name="description" content="New York City BSD User Group dmesgd" />
<meta charset="utf-8" />
<meta name="viewport" content="width=device-width, initial-scale=1" />
<title>NYC*BUG dmesgd</title>
<style>
body {
	text-align: left;
	margin: 15px auto;
	padding: 0px 10px;
}
@media (min-width: 800px) {
	body {
		max-width: 85%;
	}
}
#header {
	border-bottom: 1px solid #dbdbdb;
	font-size: 230%;
	text-align: left;
}
#footer {
	border-top: 1px solid #dbdbdb;
	clear: both;
	text-align: left;
}
.logo_bug {
	color: #cc0033;
}
#menu ul {
	list-style-type: none;
	margin: 0;
	padding: 0;
}
#menu li {
	float: left;
}
#menu li a {
	display: block;
	background-color: #dbdbdb;
	color: #000000;
	font-size: 105%;
	font-weight: bold;
	padding: 0px 6px 0px 6px;
	text-decoration: none;
}
#content {
	clear: both;
	text-align: left;
	padding-top: 10px;
}
#content h1 {
	font-size: 120%;
	font-weight: bold;
}
#content h2 {
	font-size: 110%;
	font-weight: bold;
}
#content a {
	text-decoration: none;
}
#content pre {
	background-color: #dbdbdb;
	padding: 5px 5px 5px 5px;
	white-space: pre-wrap;		/* css-3 */
	white-space: -moz-pre-wrap;	/* Mozilla, since 1999 */
	white-space: -pre-wrap;		/* Opera 4-6 */
	white-space: -o-pre-wrap;	/* Opera 7 */
	word-wrap: break-word;		/* Internet Explorer 5.5+ */
}
#content table {
	border-collapse: collapse;
}
#content table th {
	border: 1px solid #dbdbdb;
	font-size: 85%;
	white-space: nowrap;
}
#content table td {
	border: 1px solid #dbdbdb;
	font-size: 80%;
}
#content input {
	font-size: 1em;
}
#content .full	{ width: 100%; }
#content .left	{ text-align: left; }
#content .right	{ text-align: right; }
#content .center { text-align: center; }
#content .flexbox {
	display: -ms-flex;
	display: -webkit-flex;
	display: flex;
	width: 100%;
}
#content .left_col {
	min-width: 75px;
	max-width: 50%;
	flex-grow: 0;
}
#content .right_col {
	flex-grow: 1;
	margin-left: 10px;
	padding-top: 10px;
	padding-left: 10px;
}
#col {
	-moz-column-count: 3;
	-webkit-column-count: 3;
	column-count: 3;
}
</style>
</head>
<body>

<div id="header">
<strong><em>NYC*</em><span class="logo_bug">BUG</span> dmesgd</strong>
</div><!-- header -->

<div id="menu">
<ul>
<li><a href="https://dmesgd.nycbug.org/index.cgi?do=index">Home</a></li>
<li><a href="https://dmesgd.nycbug.org/index.cgi?do=submit">Submit</a></li>
<li><a href="https://www.nycbug.org/">NYC*BUG</a></li>
</ul>
</div><!-- menu -->

<div id="content">

<p>
Launched in 2004, dmesgd aims to provide a
<strong>user-submitted</strong> repository of searchable *BSD dmesgs.
The dmesg(8) command displays the system message buffer's content, and
during boot a copy is saved to <em>/var/run/dmesg.boot</em>.  This buffer
contains the operating system release, name and version, a list of
devices identified, plus a whole host of other useful information.  We
hope others find this resource useful and further contribute to its
growth. Contact us at [ admin at lists dot nycbug dot org ].
</p>

<hr />


<strong>Date:</strong> <em>2018-03-28 15:56:52</em><br />
<strong>From:</strong> <em>tomten</em><br />
<strong>Description:</strong> <em>HP Elitebook 850 G1</em><br />

<pre>
OpenBSD 6.3 (GENERIC.MP) #107: Sat Mar 24 14:21:59 MDT 2018
    xxx@xxx.xxx:/usr/src/sys/arch/amd64/compile/GENERIC.MP
real mem = 17055608832 (16265MB)
avail mem = 16531636224 (15765MB)
mpath0 at root
scsibus0 at mpath0: 256 targets
mainbus0 at root
bios0 at mainbus0: SMBIOS rev. 2.7 @ 0xabe3f000 (33 entries)
bios0: vendor Hewlett-Packard version &quot;L71 Ver. 01.37&quot; date 05/23/2016
bios0: Hewlett-Packard HP EliteBook 850 G1
acpi0 at bios0: rev 2
acpi0: sleep states S0 S3 S4 S5
acpi0: tables DSDT FACP HPET APIC MCFG TCPA SSDT SSDT SLIC MSDM FPDT BGRT SSDT SSDT SSDT SSDT SSDT SSDT ASF!
acpi0: wakeup devices LANC(S5) EHC1(S3) XHC_(S3) PCIB(S5) NIC_(S5) RP04(S5) WNIC(S5)
acpitimer0 at acpi0: 3579545 Hz, 24 bits
acpihpet0 at acpi0: 14318179 Hz
acpimadt0 at acpi0 addr 0xfee00000: PC-AT compat
cpu0 at mainbus0: apid 0 (boot processor)
cpu0: Intel(R) Core(TM) i7-4600U CPU @ 2.10GHz, 1995.69 MHz
cpu0: FPU,VME,DE,PSE,TSC,MSR,PAE,MCE,CX8,APIC,SEP,MTRR,PGE,MCA,CMOV,PAT,PSE36,CFLUSH,DS,ACPI,MMX,FXSR,SSE,SSE2,SS,HTT,TM,PBE,SSE3,PCLMUL,DTES64,MWAIT,DS-CPL,VMX,SMX,EST,TM2,SSSE3,SDBG,FMA3,CX16,xTPR,PDCM,PCID,SSE4.1,SSE4.2,x2APIC,MOVBE,POPCNT,DEADLINE,AES,XSAVE,AVX,F16C,RDRAND,NXE,PAGE1GB,RDTSCP,LONG,LAHF,ABM,PERF,ITSC,FSGSBASE,BMI1,AVX2,SMEP,BMI2,ERMS,INVPCID,IBRS,IBPB,STIBP,SENSOR,ARAT,MELTDOWN
cpu0: 256KB 64b/line 8-way L2 cache
acpihpet0: recalibrated TSC frequency 2693764902 Hz
cpu0: smt 0, core 0, package 0
mtrr: Pentium Pro MTRR support, 10 var ranges, 88 fixed ranges
cpu0: apic clock running at 99MHz
cpu0: mwait min=64, max=64, C-substates=0.2.1.2.4.1.1.1, IBE
cpu1 at mainbus0: apid 1 (application processor)
cpu1: Intel(R) Core(TM) i7-4600U CPU @ 2.10GHz, 1995.39 MHz
cpu1: FPU,VME,DE,PSE,TSC,MSR,PAE,MCE,CX8,APIC,SEP,MTRR,PGE,MCA,CMOV,PAT,PSE36,CFLUSH,DS,ACPI,MMX,FXSR,SSE,SSE2,SS,HTT,TM,PBE,SSE3,PCLMUL,DTES64,MWAIT,DS-CPL,VMX,SMX,EST,TM2,SSSE3,SDBG,FMA3,CX16,xTPR,PDCM,PCID,SSE4.1,SSE4.2,x2APIC,MOVBE,POPCNT,DEADLINE,AES,XSAVE,AVX,F16C,RDRAND,NXE,PAGE1GB,RDTSCP,LONG,LAHF,ABM,PERF,ITSC,FSGSBASE,BMI1,AVX2,SMEP,BMI2,ERMS,INVPCID,IBRS,IBPB,STIBP,SENSOR,ARAT,MELTDOWN
cpu1: 256KB 64b/line 8-way L2 cache
cpu1: smt 1, core 0, package 0
cpu2 at mainbus0: apid 2 (application processor)
cpu2: Intel(R) Core(TM) i7-4600U CPU @ 2.10GHz, 1995.39 MHz
cpu2: FPU,VME,DE,PSE,TSC,MSR,PAE,MCE,CX8,APIC,SEP,MTRR,PGE,MCA,CMOV,PAT,PSE36,CFLUSH,DS,ACPI,MMX,FXSR,SSE,SSE2,SS,HTT,TM,PBE,SSE3,PCLMUL,DTES64,MWAIT,DS-CPL,VMX,SMX,EST,TM2,SSSE3,SDBG,FMA3,CX16,xTPR,PDCM,PCID,SSE4.1,SSE4.2,x2APIC,MOVBE,POPCNT,DEADLINE,AES,XSAVE,AVX,F16C,RDRAND,NXE,PAGE1GB,RDTSCP,LONG,LAHF,ABM,PERF,ITSC,FSGSBASE,BMI1,AVX2,SMEP,BMI2,ERMS,INVPCID,IBRS,IBPB,STIBP,SENSOR,ARAT,MELTDOWN
cpu2: 256KB 64b/line 8-way L2 cache
cpu2: smt 0, core 1, package 0
cpu3 at mainbus0: apid 3 (application processor)
cpu3: Intel(R) Core(TM) i7-4600U CPU @ 2.10GHz, 1995.39 MHz
cpu3: FPU,VME,DE,PSE,TSC,MSR,PAE,MCE,CX8,APIC,SEP,MTRR,PGE,MCA,CMOV,PAT,PSE36,CFLUSH,DS,ACPI,MMX,FXSR,SSE,SSE2,SS,HTT,TM,PBE,SSE3,PCLMUL,DTES64,MWAIT,DS-CPL,VMX,SMX,EST,TM2,SSSE3,SDBG,FMA3,CX16,xTPR,PDCM,PCID,SSE4.1,SSE4.2,x2APIC,MOVBE,POPCNT,DEADLINE,AES,XSAVE,AVX,F16C,RDRAND,NXE,PAGE1GB,RDTSCP,LONG,LAHF,ABM,PERF,ITSC,FSGSBASE,BMI1,AVX2,SMEP,BMI2,ERMS,INVPCID,IBRS,IBPB,STIBP,SENSOR,ARAT,MELTDOWN
cpu3: 256KB 64b/line 8-way L2 cache
cpu3: smt 1, core 1, package 0
ioapic0 at mainbus0: apid 0 pa 0xfec00000, version 20, 40 pins
acpimcfg0 at acpi0 addr 0xe0000000, bus 0-255
acpiprt0 at acpi0: bus -1 (PEGP)
acpiprt1 at acpi0: bus 1 (RP01)
acpiprt2 at acpi0: bus 2 (RP04)
acpiprt3 at acpi0: bus 3 (RP05)
acpiprt4 at acpi0: bus 4 (RP06)
acpiprt5 at acpi0: bus -1 (RP07)
acpiprt6 at acpi0: bus -1 (RP08)
acpiprt7 at acpi0: bus 0 (PCI0)
acpiec0 at acpi0
acpicpu0 at acpi0: C3(200@506 mwait.1@0x60), C2(200@148 mwait.1@0x33), C1(1000@1 mwait.1), PSS
acpicpu1 at acpi0: C3(200@506 mwait.1@0x60), C2(200@148 mwait.1@0x33), C1(1000@1 mwait.1), PSS
acpicpu2 at acpi0: C3(200@506 mwait.1@0x60), C2(200@148 mwait.1@0x33), C1(1000@1 mwait.1), PSS
acpicpu3 at acpi0: C3(200@506 mwait.1@0x60), C2(200@148 mwait.1@0x33), C1(1000@1 mwait.1), PSS
acpipwrres0 at acpi0: APPR, resource for HDEF
acpipwrres1 at acpi0: COMP, resource for COM1
acpipwrres2 at acpi0: LPP_, resource for LPT0
acpipwrres3 at acpi0: PXP6, resource for RP06
acpitz0 at acpi0: critical temperature is 128 degC
acpitz1 at acpi0: critical temperature is 128 degC
acpitz2 at acpi0: critical temperature is 128 degC
acpitz3 at acpi0: critical temperature is 128 degC
acpitz4 at acpi0: critical temperature is 128 degC
acpitz5 at acpi0: critical temperature is 128 degC
acpitz6 at acpi0: critical temperature is 128 degC
acpitz7 at acpi0: critical temperature is 128 degC
&quot;HPQ6001&quot; at acpi0 not configured
&quot;PNP0A06&quot; at acpi0 not configured
&quot;HPQ8001&quot; at acpi0 not configured
&quot;SYN3003&quot; at acpi0 not configured
&quot;HPQ6007&quot; at acpi0 not configured
acpibat0 at acpi0: BAT0 model &quot;Primary&quot; serial 15429 2014/01/23 type LIon oem &quot;Hewlett-Packard&quot;
acpiac0 at acpi0: AC unit offline
acpibtn0 at acpi0: SLPB
acpibtn1 at acpi0: LID_
&quot;PNP0C14&quot; at acpi0 not configured
tpm0 at acpi0: GTPM, can't find address
&quot;INT33A0&quot; at acpi0 not configured
&quot;INT340E&quot; at acpi0 not configured
acpivideo0 at acpi0: GFX0
acpivout0 at acpivideo0: DD02
cpu0: Enhanced SpeedStep 1995 MHz: speeds: 2701, 2700, 2600, 2400, 2300, 2100, 2000, 1800, 1700, 1600, 1400, 1300, 1100, 1000, 800, 756 MHz
pci0 at mainbus0 bus 0
pchb0 at pci0 dev 0 function 0 &quot;Intel Core 4G Host&quot; rev 0x0b
inteldrm0 at pci0 dev 2 function 0 &quot;Intel HD Graphics&quot; rev 0x0b
drm0 at inteldrm0
inteldrm0: msi
inteldrm0: 1920x1080, 32bpp
wsdisplay0 at inteldrm0 mux 1: console (std, vt100 emulation)
wsdisplay0: screen 1-5 added (std, vt100 emulation)
azalia0 at pci0 dev 3 function 0 &quot;Intel Core 4G HD Audio&quot; rev 0x0b: msi
xhci0 at pci0 dev 20 function 0 &quot;Intel 8 Series xHCI&quot; rev 0x04: msi
usb0 at xhci0: USB revision 3.0
uhub0 at usb0 configuration 1 interface 0 &quot;Intel xHCI root hub&quot; rev 3.00/1.00 addr 1
&quot;Intel 8 Series MEI&quot; rev 0x04 at pci0 dev 22 function 0 not configured
puc0 at pci0 dev 22 function 3 &quot;Intel 8 Series KT&quot; rev 0x04: ports: 1 com
com4 at puc0 port 0 apic 0 int 19: ns16550a, 16 byte fifo
com4: probed fifo depth: 0 bytes
em0 at pci0 dev 25 function 0 &quot;Intel I218-LM&quot; rev 0x04: msi, address xx:xx:xx:xx:xx:xx
azalia1 at pci0 dev 27 function 0 &quot;Intel 8 Series HD Audio&quot; rev 0x04: msi
azalia1: codecs: IDT/0x76e0
audio0 at azalia1
ppb0 at pci0 dev 28 function 0 &quot;Intel 8 Series PCIE&quot; rev 0xe4
pci1 at ppb0 bus 1
ppb1 at pci0 dev 28 function 3 &quot;Intel 8 Series PCIE&quot; rev 0xe4: msi
pci2 at ppb1 bus 2
iwm0 at pci2 dev 0 function 0 &quot;Intel Dual Band Wireless AC 7260&quot; rev 0x73, msi
ppb2 at pci0 dev 28 function 4 &quot;Intel 8 Series PCIE&quot; rev 0xe4: msi
pci3 at ppb2 bus 3
3:0:0: mem address conflict 0xfffe0000/0x20000
&quot;ATI Radeon HD 8730M&quot; rev 0x00 at pci3 dev 0 function 0 not configured
azalia2 at pci3 dev 0 function 1 vendor &quot;ATI&quot;, unknown product 0xaab0 rev 0x00: msi
azalia2: no supported codecs
ppb3 at pci0 dev 28 function 5 &quot;Intel 8 Series PCIE&quot; rev 0xe4: msi
pci4 at ppb3 bus 4
rtsx0 at pci4 dev 0 function 0 &quot;Realtek RTS5227 Card Reader&quot; rev 0x01: msi
sdmmc0 at rtsx0: 4-bit, dma
ehci0 at pci0 dev 29 function 0 &quot;Intel 8 Series USB&quot; rev 0x04: apic 0 int 17
usb1 at ehci0: USB revision 2.0
uhub1 at usb1 configuration 1 interface 0 &quot;Intel EHCI root hub&quot; rev 2.00/1.00 addr 1
pcib0 at pci0 dev 31 function 0 &quot;Intel 8 Series LPC&quot; rev 0x04
ahci0 at pci0 dev 31 function 2 &quot;Intel 8 Series AHCI&quot; rev 0x04: msi, AHCI 1.3
ahci0: port 0: 6.0Gb/s
scsibus1 at ahci0: 32 targets
sd0 at scsibus1 targ 0 lun 0: &lt;ATA, ST2000LX001-1RG1, SDM1&gt; SCSI3 0/direct fixed naa.5000c500ac3d064f
sd0: 1907729MB, 512 bytes/sector, 3907029168 sectors
ichiic0 at pci0 dev 31 function 3 &quot;Intel 8 Series SMBus&quot; rev 0x04: apic 0 int 18
iic0 at ichiic0
iic0: addr 0x2c 80=04 81=04 82=04 83=04 84=04 85=04 86=04 87=04 fd=01 words 00=ffff 01=ffff 02=ffff 03=ffff 04=ffff 05=ffff 06=ffff 07=ffff
spdmem0 at iic0 addr 0x50: 8GB DDR3 SDRAM PC3-12800 SO-DIMM
spdmem1 at iic0 addr 0x52: 8GB DDR3 SDRAM PC3-12800 SO-DIMM
isa0 at pcib0
isadma0 at isa0
pckbc0 at isa0 port 0x60/5 irq 1 irq 12
pckbd0 at pckbc0 (kbd slot)
wskbd0 at pckbd0: console keyboard, using wsdisplay0
pms0 at pckbc0 (aux slot)
wsmouse0 at pms0 mux 0
pcppi0 at isa0 port 0x61
spkr0 at pcppi0
vmm0 at mainbus0: VMX/EPT
uhub2 at uhub0 port 3 configuration 1 interface 0 &quot;SMSC USB2134B&quot; rev 2.10/50.00 addr 2
ugen0 at uhub2 port 2 &quot;Intel product 0x07dc&quot; rev 2.00/0.01 addr 3
ugen1 at uhub0 port 5 &quot;Validity Sensors product 0x003f&quot; rev 1.10/1.04 addr 4
umb0 at uhub0 port 6 configuration 2 interface 0 &quot;Hewlett-Packard HP lt4112 Gobi 4G Module&quot; rev 2.00/2.28 addr 5
ugen2 at uhub0 port 6 configuration 2 &quot;Hewlett-Packard HP lt4112 Gobi 4G Module&quot; rev 2.00/2.28 addr 5
uvideo0 at uhub0 port 7 configuration 1 interface 0 &quot;DDFQA019I5U80W HP HD Webcam&quot; rev 2.00/0.21 addr 6
video0 at uvideo0
sdmmc0: can't enable card
uhub3 at uhub0 port 12 configuration 1 interface 0 &quot;SMSC USB5534B&quot; rev 3.00/50.00 addr 7
uhub4 at uhub1 port 1 configuration 1 interface 0 &quot;Intel Rate Matching Hub&quot; rev 2.00/0.04 addr 2
vscsi0 at root
scsibus2 at vscsi0: 256 targets
softraid0 at root
scsibus3 at softraid0: 256 targets
sd1 at scsibus3 targ 1 lun 0: &lt;OPENBSD, SR CRYPTO, 006&gt; SCSI2 0/direct fixed
sd1: 1907726MB, 512 bytes/sector, 3907023473 sectors
root on sd1a (67b24c5de2e9f13a.a) swap on sd1b dump on sd1b
iwm0: could not read firmware iwm-7260-16 (error 2)
iwm0: failed to load init firmware
umb0 detached
ugen2 detached
umb0 at uhub0 port 6 configuration 2 interface 0 &quot;Hewlett-Packard HP lt4112 Gobi 4G Module&quot; rev 2.00/2.28 addr 5
ugen2 at uhub0 port 6 configuration 2 &quot;Hewlett-Packard HP lt4112 Gobi 4G Module&quot; rev 2.00/2.28 addr 5
umb0 detached
ugen2 detached
umb0 at uhub0 port 6 configuration 2 interface 0 &quot;Hewlett-Packard HP lt4112 Gobi 4G Module&quot; rev 2.00/2.28 addr 5
ugen2 at uhub0 port 6 configuration 2 &quot;Hewlett-Packard HP lt4112 Gobi 4G Module&quot; rev 2.00/2.28 addr 5
iwm0: hw rev 0x140, fw ver 16.242414.0, address xx:xx:xx:xx:xx:xx
ugen0 detached
uhub2 detached
ugen1 detached
umb0 detached
ugen2 detached
video0 detached
uvideo0 detached
uhub3 detached
uhub0 detached
uhub4 detached
uhub1 detached
uhub0 at usb0 configuration 1 interface 0 &quot;Intel xHCI root hub&quot; rev 3.00/1.00 addr 1
uhub1 at usb1 configuration 1 interface 0 &quot;Intel EHCI root hub&quot; rev 2.00/1.00 addr 1
uhub2 at uhub0 port 3 configuration 1 interface 0 &quot;SMSC USB2134B&quot; rev 2.10/50.00 addr 2
ugen0 at uhub2 port 2 &quot;Intel product 0x07dc&quot; rev 2.00/0.01 addr 3
ugen1 at uhub0 port 5 &quot;Validity Sensors product 0x003f&quot; rev 1.10/1.04 addr 4
umb0 at uhub0 port 6 configuration 2 interface 0 &quot;Hewlett-Packard HP lt4112 Gobi 4G Module&quot; rev 2.00/2.28 addr 5
ugen2 at uhub0 port 6 configuration 2 &quot;Hewlett-Packard HP lt4112 Gobi 4G Module&quot; rev 2.00/2.28 addr 5
uvideo0 at uhub0 port 7 configuration 1 interface 0 &quot;DDFQA019I5U80W HP HD Webcam&quot; rev 2.00/0.21 addr 6
video0 at uvideo0
sdmmc0: can't enable card
uhub3 at uhub0 port 12 configuration 1 interface 0 &quot;SMSC USB5534B&quot; rev 3.00/50.00 addr 7
uhub4 at uhub1 port 1 configuration 1 interface 0 &quot;Intel Rate Matching Hub&quot; rev 2.00/0.04 addr 2
umb0: state change timeout
umb0: state change timeout
umb0: state change timeout
umb0: state change timeout
umb0: state change timeout
ugen0 detached
uhub2 detached
ugen1 detached
umb0 detached
ugen2 detached
video0 detached
uvideo0 detached
uhub3 detached
uhub0 detached
uhub4 detached
uhub1 detached
uhub0 at usb0 configuration 1 interface 0 &quot;Intel xHCI root hub&quot; rev 3.00/1.00 addr 1
uhub1 at usb1 configuration 1 interface 0 &quot;Intel EHCI root hub&quot; rev 2.00/1.00 addr 1
uhub2 at uhub0 port 3 configuration 1 interface 0 &quot;SMSC USB2134B&quot; rev 2.10/50.00 addr 2
ugen0 at uhub2 port 2 &quot;Intel product 0x07dc&quot; rev 2.00/0.01 addr 3
ugen1 at uhub0 port 5 &quot;Validity Sensors product 0x003f&quot; rev 1.10/1.04 addr 4
umb0 at uhub0 port 6 configuration 2 interface 0 &quot;Hewlett-Packard HP lt4112 Gobi 4G Module&quot; rev 2.00/2.28 addr 5
ugen2 at uhub0 port 6 configuration 2 &quot;Hewlett-Packard HP lt4112 Gobi 4G Module&quot; rev 2.00/2.28 addr 5
uvideo0 at uhub0 port 7 configuration 1 interface 0 &quot;DDFQA019I5U80W HP HD Webcam&quot; rev 2.00/0.21 addr 6
video0 at uvideo0
sdmmc0: can't enable card
uhub3 at uhub0 port 12 configuration 1 interface 0 &quot;SMSC USB5534B&quot; rev 3.00/50.00 addr 7
uhub4 at uhub1 port 1 configuration 1 interface 0 &quot;Intel Rate Matching Hub&quot; rev 2.00/0.04 addr 2
umb0 detached
ugen2 detached
umb0 at uhub0 port 6 configuration 2 interface 0 &quot;Hewlett-Packard HP lt4112 Gobi 4G Module&quot; rev 2.00/2.28 addr 5
ugen2 at uhub0 port 6 configuration 2 &quot;Hewlett-Packard HP lt4112 Gobi 4G Module&quot; rev 2.00/2.28 addr 5
umb0 detached
ugen2 detached
umb0 at uhub0 port 6 configuration 2 interface 0 &quot;Hewlett-Packard HP lt4112 Gobi 4G Module&quot; rev 2.00/2.28 addr 5
ugen2 at uhub0 port 6 configuration 2 &quot;Hewlett-Packard HP lt4112 Gobi 4G Module&quot; rev 2.00/2.28 addr 5
umb0: state change timeout
umb0: state change timeout
umb0: state change timeout
umb0: state change timeout
umb0: state change timeout
umb0: state change timeout
umb0: state change timeout

</pre>



</div><!-- content -->
<br />
<div id="footer">
All comments/news/posts are the property of their individual owner and
is presented without warranty of suitability, and solely as an
informational resource. <br />
This site Copyright &copy; 2004-2020 NYC*BUG.
</div><!-- footer -->

</body>
</html>

