



<!doctype html>
<html lang="en">
<head>
<meta name="keywords"
	content="bsd, freebsd, openbsd, netbsd, dragonflybsd, nycbug, dmesgd" />
<meta name="description" content="New York City BSD User Group dmesgd" />
<meta charset="utf-8" />
<meta name="viewport" content="width=device-width, initial-scale=1" />
<title>NYC*BUG dmesgd</title>
<style>
body {
	text-align: left;
	margin: 15px auto;
	padding: 0px 10px;
}
@media (min-width: 800px) {
	body {
		max-width: 85%;
	}
}
#header {
	border-bottom: 1px solid #dbdbdb;
	font-size: 230%;
	text-align: left;
}
#footer {
	border-top: 1px solid #dbdbdb;
	clear: both;
	text-align: left;
}
.logo_bug {
	color: #cc0033;
}
#menu ul {
	list-style-type: none;
	margin: 0;
	padding: 0;
}
#menu li {
	float: left;
}
#menu li a {
	display: block;
	background-color: #dbdbdb;
	color: #000000;
	font-size: 105%;
	font-weight: bold;
	padding: 0px 6px 0px 6px;
	text-decoration: none;
}
#content {
	clear: both;
	text-align: left;
	padding-top: 10px;
}
#content h1 {
	font-size: 120%;
	font-weight: bold;
}
#content h2 {
	font-size: 110%;
	font-weight: bold;
}
#content a {
	text-decoration: none;
}
#content pre {
	background-color: #dbdbdb;
	padding: 5px 5px 5px 5px;
	white-space: pre-wrap;		/* css-3 */
	white-space: -moz-pre-wrap;	/* Mozilla, since 1999 */
	white-space: -pre-wrap;		/* Opera 4-6 */
	white-space: -o-pre-wrap;	/* Opera 7 */
	word-wrap: break-word;		/* Internet Explorer 5.5+ */
}
#content table {
	border-collapse: collapse;
}
#content table th {
	border: 1px solid #dbdbdb;
	font-size: 85%;
	white-space: nowrap;
}
#content table td {
	border: 1px solid #dbdbdb;
	font-size: 80%;
}
#content input {
	font-size: 1em;
}
#content .full	{ width: 100%; }
#content .left	{ text-align: left; }
#content .right	{ text-align: right; }
#content .center { text-align: center; }
#content .flexbox {
	display: -ms-flex;
	display: -webkit-flex;
	display: flex;
	width: 100%;
}
#content .left_col {
	min-width: 75px;
	max-width: 50%;
	flex-grow: 0;
}
#content .right_col {
	flex-grow: 1;
	margin-left: 10px;
	padding-top: 10px;
	padding-left: 10px;
}
#col {
	-moz-column-count: 3;
	-webkit-column-count: 3;
	column-count: 3;
}
</style>
</head>
<body>

<div id="header">
<strong><em>NYC*</em><span class="logo_bug">BUG</span> dmesgd</strong>
</div><!-- header -->

<div id="menu">
<ul>
<li><a href="https://dmesgd.nycbug.org/index.cgi?do=index">Home</a></li>
<li><a href="https://dmesgd.nycbug.org/index.cgi?do=submit">Submit</a></li>
<li><a href="https://www.nycbug.org/">NYC*BUG</a></li>
</ul>
</div><!-- menu -->

<div id="content">

<p>
Launched in 2004, dmesgd aims to provide a
<strong>user-submitted</strong> repository of searchable *BSD dmesgs.
The dmesg(8) command displays the system message buffer's content, and
during boot a copy is saved to <em>/var/run/dmesg.boot</em>.  This buffer
contains the operating system release, name and version, a list of
devices identified, plus a whole host of other useful information.  We
hope others find this resource useful and further contribute to its
growth. Contact us at [ admin at lists dot nycbug dot org ].
</p>

<hr />


<strong>Date:</strong> <em>2018-04-14 04:46:28</em><br />
<strong>From:</strong> <em>bijan</em><br />
<strong>Description:</strong> <em>RaspberryPi 3 (-current 2018/04-07)</em><br />

<pre>
OpenBSD 6.3-current (GENERIC.MP) #55: Sat Apr  7 01:09:03 MDT 2018
    xxx@xxx.xxx:/usr/src/sys/arch/arm64/compile/GENERIC.MP
real mem  = 964501504 (919MB)
avail mem = 904945664 (863MB)
mainbus0 at root: Raspberry Pi 3 Model B Rev 1.2
cpu0 at mainbus0 mpidr 0: ARM Cortex-A53 r0p4
efi0 at mainbus0: UEFI 2.7
efi0: Das U-Boot rev 0x0
simplefb0 at mainbus0: 656x416
wsdisplay0 at simplefb0 mux 1
wsdisplay0: screen 0-5 added (std, vt100 emulation)
simplebus0 at mainbus0: &quot;soc&quot;
bcmintc0 at simplebus0
bcmdog0 at simplebus0
bcmrng0 at simplebus0
pluart0 at simplebus0
bcmtemp0 at simplebus0
bcmaux0 at simplebus0
com0 at simplebus0: ns16550, no working fifo
com0: console
dwctwo0 at simplebus0
simplebus1 at mainbus0: &quot;clocks&quot;
agtimer0 at mainbus0: tick rate 19200 KHz
cpu1 at mainbus0 mpidr 1: ARM Cortex-A53 r0p4
cpu2 at mainbus0 mpidr 2: ARM Cortex-A53 r0p4
cpu3 at mainbus0 mpidr 3: ARM Cortex-A53 r0p4
usb0 at dwctwo0: USB revision 2.0
uhub0 at usb0 configuration 1 interface 0 &quot;Broadcom DWC2 root hub&quot; rev 2.00/1.00 addr 1
uhub1 at uhub0 port 1 configuration 1 interface 0 &quot;Standard Microsystems product 0x9514&quot; rev 2.00/2.00 addr 2
smsc0 at uhub1 port 1 configuration 1 interface 0 &quot;Standard Microsystems SMSC9512/14&quot; rev 2.00/2.00 addr 3
smsc0: address xx:xx:xx:xx:xx:xx
ukphy0 at smsc0 phy 1: Generic IEEE 802.3u media interface, rev. 3: OUI 0x0001f0, model 0x000c
umass0 at uhub1 port 5 configuration 1 interface 0 &quot;SanDisk Ultra Fit&quot; rev 2.10/1.00 addr 4
umass0: using SCSI over Bulk-Only
scsibus0 at umass0: 2 targets, initiator 0
sd0 at scsibus0 targ 1 lun 0: &lt;SanDisk, Ultra Fit, 1.00&gt; SCSI4 0/direct removable serial.07815583340111105370
sd0: 14663MB, 512 bytes/sector, 30031250 sectors
vscsi0 at root
scsibus1 at vscsi0: 256 targets
softraid0 at root
scsibus2 at softraid0: 256 targets
bootfile: sd0a:/bsd
boot device: sd0
root on sd0a (b1242f7995eaf49e.a) swap on sd0b dump on sd0b
WARNING: CHECK AND RESET THE DATE!

</pre>



</div><!-- content -->
<br />
<div id="footer">
All comments/news/posts are the property of their individual owner and
is presented without warranty of suitability, and solely as an
informational resource. <br />
This site Copyright &copy; 2004-2020 NYC*BUG.
</div><!-- footer -->

</body>
</html>

