



<!doctype html>
<html lang="en">
<head>
<meta name="keywords"
	content="bsd, freebsd, openbsd, netbsd, dragonflybsd, nycbug, dmesgd" />
<meta name="description" content="New York City BSD User Group dmesgd" />
<meta charset="utf-8" />
<meta name="viewport" content="width=device-width, initial-scale=1" />
<title>NYC*BUG dmesgd</title>
<style>
body {
	text-align: left;
	margin: 15px auto;
	padding: 0px 10px;
}
@media (min-width: 800px) {
	body {
		max-width: 85%;
	}
}
#header {
	border-bottom: 1px solid #dbdbdb;
	font-size: 230%;
	text-align: left;
}
#footer {
	border-top: 1px solid #dbdbdb;
	clear: both;
	text-align: left;
}
.logo_bug {
	color: #cc0033;
}
#menu ul {
	list-style-type: none;
	margin: 0;
	padding: 0;
}
#menu li {
	float: left;
}
#menu li a {
	display: block;
	background-color: #dbdbdb;
	color: #000000;
	font-size: 105%;
	font-weight: bold;
	padding: 0px 6px 0px 6px;
	text-decoration: none;
}
#content {
	clear: both;
	text-align: left;
	padding-top: 10px;
}
#content h1 {
	font-size: 120%;
	font-weight: bold;
}
#content h2 {
	font-size: 110%;
	font-weight: bold;
}
#content a {
	text-decoration: none;
}
#content pre {
	background-color: #dbdbdb;
	padding: 5px 5px 5px 5px;
	white-space: pre-wrap;		/* css-3 */
	white-space: -moz-pre-wrap;	/* Mozilla, since 1999 */
	white-space: -pre-wrap;		/* Opera 4-6 */
	white-space: -o-pre-wrap;	/* Opera 7 */
	word-wrap: break-word;		/* Internet Explorer 5.5+ */
}
#content table {
	border-collapse: collapse;
}
#content table th {
	border: 1px solid #dbdbdb;
	font-size: 85%;
	white-space: nowrap;
}
#content table td {
	border: 1px solid #dbdbdb;
	font-size: 80%;
}
#content input {
	font-size: 1em;
}
#content .full	{ width: 100%; }
#content .left	{ text-align: left; }
#content .right	{ text-align: right; }
#content .center { text-align: center; }
#content .flexbox {
	display: -ms-flex;
	display: -webkit-flex;
	display: flex;
	width: 100%;
}
#content .left_col {
	min-width: 75px;
	max-width: 50%;
	flex-grow: 0;
}
#content .right_col {
	flex-grow: 1;
	margin-left: 10px;
	padding-top: 10px;
	padding-left: 10px;
}
#col {
	-moz-column-count: 3;
	-webkit-column-count: 3;
	column-count: 3;
}
</style>
</head>
<body>

<div id="header">
<strong><em>NYC*</em><span class="logo_bug">BUG</span> dmesgd</strong>
</div><!-- header -->

<div id="menu">
<ul>
<li><a href="https://dmesgd.nycbug.org/index.cgi?do=index">Home</a></li>
<li><a href="https://dmesgd.nycbug.org/index.cgi?do=submit">Submit</a></li>
<li><a href="https://www.nycbug.org/">NYC*BUG</a></li>
</ul>
</div><!-- menu -->

<div id="content">

<p>
Launched in 2004, dmesgd aims to provide a
<strong>user-submitted</strong> repository of searchable *BSD dmesgs.
The dmesg(8) command displays the system message buffer's content, and
during boot a copy is saved to <em>/var/run/dmesg.boot</em>.  This buffer
contains the operating system release, name and version, a list of
devices identified, plus a whole host of other useful information.  We
hope others find this resource useful and further contribute to its
growth. Contact us at [ admin at lists dot nycbug dot org ].
</p>

<hr />


<strong>Date:</strong> <em>2018-04-14 12:14:52</em><br />
<strong>From:</strong> <em>Emir</em><br />
<strong>Description:</strong> <em>Lenovo ideapad 320-15ABR</em><br />

<pre>
OpenBSD 6.3 (RAMDISK_CD) #98: Sat Mar 24 14:26:39 MDT 2018
    xxx@xxx.xxx:/usr/src/sys/arch/amd64/compile/RAMDISK_CD
real mem = 12214185984 (11648MB)
avail mem = 11840225280 (11291MB)
mainbus0 at root
bios0 at mainbus0: SMBIOS rev. 3.0 @ 0xbba92000 (47 entries)
bios0: vendor LENOVO version &quot;5QCN19WW&quot; date 09/29/2017
bios0: LENOVO 80XS
acpi0 at bios0: rev 2
acpi0: tables DSDT FACP UEFI HPET APIC MCFG SBST MSDM BATB SSDT IVRS CRAT VFCT TPM2 SSDT SSDT SSDT SSDT SSDT FPDT SSDT BGRT UEFI
acpimadt0 at acpi0 addr 0xfee00000: PC-AT compat
cpu0 at mainbus0: apid 16 (boot processor)
cpu0: AMD A10-9620P RADEON R5, 10 COMPUTE CORES 4C+6G, 2495.67 MHz
cpu0: FPU,VME,DE,PSE,TSC,MSR,PAE,MCE,CX8,APIC,SEP,MTRR,PGE,MCA,CMOV,PAT,PSE36,CFLUSH,MMX,FXSR,SSE,SSE2,HTT,SSE3,PCLMUL,MWAIT,SSSE3,FMA3,CX16,SSE4.1,SSE4.2,MOVBE,POPCNT,AES,XSAVE,AVX,F16C,RDRAND,NXE,MMXX,FFXSR,PAGE1GB,RDTSCP,LONG,LAHF,CMPLEG,SVM,EAPICSP,AMCR8,ABM,SSE4A,MASSE,3DNOWP,OSVW,IBS,XOP,SKINIT,WDT,FMA4,TCE,NODEID,TBM,CPCTR,DBKP,PERFTSC,MWAITX,ITSC,FSGSBASE,BMI1,AVX2,SMEP,BMI2
cpu0: 96KB 64b/line 3-way I-cache, 32KB 64b/line 8-way D-cache, 1MB 64b/line 16-way L2 cache
cpu0: ITLB 48 4KB entries fully associative, 24 4MB entries fully associative
cpu0: DTLB 64 4KB entries fully associative, 64 4MB entries fully associative
cpu0: apic clock running at 99MHz
cpu0: mwait min=64, max=64, IBE
cpu at mainbus0: not configured
cpu at mainbus0: not configured
cpu at mainbus0: not configured
ioapic0 at mainbus0: apid 4 pa 0xfec00000, version 21, 24 pins
, remapped to apid 4
ioapic1 at mainbus0: apid 5 pa 0xfec01000, version 21, 32 pins
, remapped to apid 5
acpiprt0 at acpi0: bus 0 (PCI0)
acpiprt1 at acpi0: bus -1 (GPP0)
acpiprt2 at acpi0: bus -1 (GPP1)
acpiprt3 at acpi0: bus 1 (GPP2)
acpiprt4 at acpi0: bus 2 (GPP3)
acpiprt5 at acpi0: bus -1 (GPP4)
acpiprt6 at acpi0: bus 3 (GFX0)
acpiprt7 at acpi0: bus -1 (GFX1)
acpiprt8 at acpi0: bus -1 (GFX2)
acpiprt9 at acpi0: bus -1 (GFX3)
acpiprt10 at acpi0: bus -1 (GFX4)
acpiec0 at acpi0
acpicpu at acpi0 not configured
acpipwrres at acpi0 not configured
acpipwrres at acpi0 not configured
acpipwrres at acpi0 not configured
acpipwrres at acpi0 not configured
acpipwrres at acpi0 not configured
acpipwrres at acpi0 not configured
acpipwrres at acpi0 not configured
acpipwrres at acpi0 not configured
&quot;PNP0C0C&quot; at acpi0 not configured
&quot;PTL0001&quot; at acpi0 not configured
&quot;PNP0C0A&quot; at acpi0 not configured
&quot;VPC2004&quot; at acpi0 not configured
&quot;ACPI0003&quot; at acpi0 not configured
&quot;PNP0C0D&quot; at acpi0 not configured
&quot;PNP0C14&quot; at acpi0 not configured
&quot;AMD0030&quot; at acpi0 not configured
&quot;AMD0010&quot; at acpi0 not configured
&quot;SYNA2B36&quot; at acpi0 not configured
&quot;MSFT0101&quot; at acpi0 not configured
pci0 at mainbus0 bus 0
pchb0 at pci0 dev 0 function 0 &quot;AMD AMD64 15h Root Complex&quot; rev 0x00
&quot;AMD AMD64 15h IOMMU&quot; rev 0x00 at pci0 dev 0 function 2 not configured
&quot;ATI Carrizo&quot; rev 0xca at pci0 dev 1 function 0 not configured
&quot;ATI Radeon HD Audio&quot; rev 0x00 at pci0 dev 1 function 1 not configured
pchb1 at pci0 dev 2 function 0 &quot;AMD AMD64 15h Host&quot; rev 0x00
ppb0 at pci0 dev 2 function 3 &quot;AMD AMD64 15h PCIE&quot; rev 0x00: msi
pci1 at ppb0 bus 1
&quot;Realtek 8821AE&quot; rev 0x00 at pci1 dev 0 function 0 not configured
ppb1 at pci0 dev 2 function 4 &quot;AMD AMD64 15h PCIE&quot; rev 0x00: msi
pci2 at ppb1 bus 2
re0 at pci2 dev 0 function 0 &quot;Realtek 8168&quot; rev 0x10: RTL8168GU/8111GU (0x5080), msi, address xx:xx:xx:xx:xx:xx
rgephy0 at re0 phy 7: RTL8251 PHY, rev. 0
pchb2 at pci0 dev 3 function 0 &quot;AMD AMD64 15h Host&quot; rev 0x00
ppb2 at pci0 dev 3 function 1 &quot;AMD AMD64 15h PCIE&quot; rev 0x00: msi
pci3 at ppb2 bus 3
3:0:0: mem address conflict 0xfffe0000/0x20000
vendor &quot;ATI&quot;, unknown product 0x6900 (class display subclass miscellaneous, rev 0xc3) at pci3 dev 0 function 0 not configured
&quot;AMD AMD64 15h PSP 2.0&quot; rev 0x00 at pci0 dev 8 function 0 not configured
pchb3 at pci0 dev 9 function 0 &quot;AMD AMD64 15h Host&quot; rev 0x00
&quot;AMD AMD64 15h HD Audio&quot; rev 0x00 at pci0 dev 9 function 2 not configured
xhci0 at pci0 dev 16 function 0 &quot;AMD Carrizo xHCI&quot; rev 0x20: msi
usb0 at xhci0: USB revision 3.0
uhub0 at usb0 configuration 1 interface 0 &quot;AMD xHCI root hub&quot; rev 3.00/1.00 addr 1
ahci0 at pci0 dev 17 function 0 &quot;AMD Carrizo AHCI&quot; rev 0x49: msi, AHCI 1.3
ahci0: port 0: 6.0Gb/s
ahci0: port 1: 1.5Gb/s
scsibus0 at ahci0: 32 targets
sd0 at scsibus0 targ 0 lun 0: &lt;ATA, ST1000LM035-1RK1, LVM2&gt; SCSI3 0/direct fixed naa.5000c500a364f9b5
sd0: 953869MB, 512 bytes/sector, 1953525168 sectors
cd0 at scsibus0 targ 1 lun 0: &lt;PLDS, DVD-RW DA8AESH, XL6M&gt; ATAPI 5/cdrom removable
ehci0 at pci0 dev 18 function 0 &quot;AMD Carrizo USB2&quot; rev 0x49: apic 4 int 18
usb1 at ehci0: USB revision 2.0
uhub1 at usb1 configuration 1 interface 0 &quot;AMD EHCI root hub&quot; rev 2.00/1.00 addr 1
&quot;AMD Carrizo SMBus&quot; rev 0x4a at pci0 dev 20 function 0 not configured
&quot;AMD Carrizo LPC&quot; rev 0x11 at pci0 dev 20 function 3 not configured
pchb4 at pci0 dev 24 function 0 &quot;AMD AMD64 15h Link Cfg&quot; rev 0x00
pchb5 at pci0 dev 24 function 1 &quot;AMD AMD64 15h Address Map&quot; rev 0x00
pchb6 at pci0 dev 24 function 2 &quot;AMD AMD64 15h DRAM Cfg&quot; rev 0x00
pchb7 at pci0 dev 24 function 3 &quot;AMD AMD64 15h Misc Cfg&quot; rev 0x00
pchb8 at pci0 dev 24 function 4 &quot;AMD AMD64 15h CPU Power&quot; rev 0x00
pchb9 at pci0 dev 24 function 5 &quot;AMD AMD64 15h Misc Cfg&quot; rev 0x00
isa0 at mainbus0
pckbc0 at isa0 port 0x60/5 irq 1 irq 12
pckbd0 at pckbc0 (kbd slot)
wskbd0 at pckbd0: console keyboard
efifb0 at mainbus0: 1366x768, 32bpp
wsdisplay0 at efifb0 mux 1: console (std, vt100 emulation), using wskbd0
umass0 at uhub0 port 6 configuration 1 interface 0 &quot;COBY Corp. MP3 Player&quot; rev 2.00/0.02 addr 2
umass0: using SCSI over Bulk-Only
scsibus1 at umass0: 2 targets, initiator 0
sd1 at scsibus1 targ 1 lun 0: &lt;, MP3 Player, \\001&gt; SCSI0 0/direct removable serial.04025661101410073584
sd1: 1964MB, 512 bytes/sector, 4023296 sectors
uhub2 at uhub1 port 1 configuration 1 interface 0 &quot;vendor 0x0438 product 0x7900&quot; rev 2.00/0.18 addr 2
&quot;Realtek Bluetooth Radio&quot; rev 2.10/2.00 addr 3 at uhub2 port 1 not configured
&quot;Chicony Electronics Co.,Ltd. EasyCamera&quot; rev 2.00/14.07 addr 4 at uhub2 port 2 not configured
softraid0 at root
scsibus2 at softraid0: 256 targets
root on rd0a swap on rd0b dump on rd0b
syncing disks... 
OpenBSD 6.3 (GENERIC.MP) #107: Sat Mar 24 14:21:59 MDT 2018
    xxx@xxx.xxx:/usr/src/sys/arch/amd64/compile/GENERIC.MP
real mem = 12214185984 (11648MB)
avail mem = 11836948480 (11288MB)
mpath0 at root
scsibus0 at mpath0: 256 targets
mainbus0 at root
bios0 at mainbus0: SMBIOS rev. 3.0 @ 0xbba92000 (47 entries)
bios0: vendor LENOVO version &quot;5QCN19WW&quot; date 09/29/2017
bios0: LENOVO 80XS
acpi0 at bios0: rev 2
acpi0: sleep states S0 S3 S4 S5
acpi0: tables DSDT FACP UEFI HPET APIC MCFG SBST MSDM BATB SSDT IVRS CRAT VFCT TPM2 SSDT SSDT SSDT SSDT SSDT FPDT SSDT UEFI BGRT
acpi0: wakeup devices GPP0(S4) GPP1(S4) GPP2(S4) GPP3(S4) GPP4(S4) GFX0(S4) GFX1(S4) GFX2(S4) GFX3(S4) GFX4(S4) XHC0(S3) EHC1(S3) SBAZ(S4)
acpitimer0 at acpi0: 3579545 Hz, 32 bits
acpihpet0 at acpi0: 14318180 Hz
acpimadt0 at acpi0 addr 0xfee00000: PC-AT compat
cpu0 at mainbus0: apid 16 (boot processor)
cpu0: AMD A10-9620P RADEON R5, 10 COMPUTE CORES 4C+6G, 2495.60 MHz
cpu0: FPU,VME,DE,PSE,TSC,MSR,PAE,MCE,CX8,APIC,SEP,MTRR,PGE,MCA,CMOV,PAT,PSE36,CFLUSH,MMX,FXSR,SSE,SSE2,HTT,SSE3,PCLMUL,MWAIT,SSSE3,FMA3,CX16,SSE4.1,SSE4.2,MOVBE,POPCNT,AES,XSAVE,AVX,F16C,RDRAND,NXE,MMXX,FFXSR,PAGE1GB,RDTSCP,LONG,LAHF,CMPLEG,SVM,EAPICSP,AMCR8,ABM,SSE4A,MASSE,3DNOWP,OSVW,IBS,XOP,SKINIT,WDT,FMA4,TCE,NODEID,TBM,CPCTR,DBKP,PERFTSC,MWAITX,ITSC,FSGSBASE,BMI1,AVX2,SMEP,BMI2
cpu0: 96KB 64b/line 3-way I-cache, 32KB 64b/line 8-way D-cache, 1MB 64b/line 16-way L2 cache
cpu0: ITLB 48 4KB entries fully associative, 24 4MB entries fully associative
cpu0: DTLB 64 4KB entries fully associative, 64 4MB entries fully associative
acpihpet0: recalibrated TSC frequency 2495318428 Hz
cpu0: smt 0, core 0, package 0
mtrr: Pentium Pro MTRR support, 8 var ranges, 88 fixed ranges
cpu0: apic clock running at 99MHz
cpu0: mwait min=64, max=64, IBE
cpu1 at mainbus0: apid 17 (application processor)
cpu1: AMD A10-9620P RADEON R5, 10 COMPUTE CORES 4C+6G, 2495.32 MHz
cpu1: FPU,VME,DE,PSE,TSC,MSR,PAE,MCE,CX8,APIC,SEP,MTRR,PGE,MCA,CMOV,PAT,PSE36,CFLUSH,MMX,FXSR,SSE,SSE2,HTT,SSE3,PCLMUL,MWAIT,SSSE3,FMA3,CX16,SSE4.1,SSE4.2,MOVBE,POPCNT,AES,XSAVE,AVX,F16C,RDRAND,NXE,MMXX,FFXSR,PAGE1GB,RDTSCP,LONG,LAHF,CMPLEG,SVM,EAPICSP,AMCR8,ABM,SSE4A,MASSE,3DNOWP,OSVW,IBS,XOP,SKINIT,WDT,FMA4,TCE,NODEID,TBM,CPCTR,DBKP,PERFTSC,MWAITX,ITSC,FSGSBASE,BMI1,AVX2,SMEP,BMI2
cpu1: 96KB 64b/line 3-way I-cache, 32KB 64b/line 8-way D-cache, 1MB 64b/line 16-way L2 cache
cpu1: ITLB 48 4KB entries fully associative, 24 4MB entries fully associative
cpu1: DTLB 64 4KB entries fully associative, 64 4MB entries fully associative
cpu1: smt 0, core 1, package 0
cpu2 at mainbus0: apid 18 (application processor)
cpu2: AMD A10-9620P RADEON R5, 10 COMPUTE CORES 4C+6G, 2495.32 MHz
cpu2: FPU,VME,DE,PSE,TSC,MSR,PAE,MCE,CX8,APIC,SEP,MTRR,PGE,MCA,CMOV,PAT,PSE36,CFLUSH,MMX,FXSR,SSE,SSE2,HTT,SSE3,PCLMUL,MWAIT,SSSE3,FMA3,CX16,SSE4.1,SSE4.2,MOVBE,POPCNT,AES,XSAVE,AVX,F16C,RDRAND,NXE,MMXX,FFXSR,PAGE1GB,RDTSCP,LONG,LAHF,CMPLEG,SVM,EAPICSP,AMCR8,ABM,SSE4A,MASSE,3DNOWP,OSVW,IBS,XOP,SKINIT,WDT,FMA4,TCE,NODEID,TBM,CPCTR,DBKP,PERFTSC,MWAITX,ITSC,FSGSBASE,BMI1,AVX2,SMEP,BMI2
cpu2: 96KB 64b/line 3-way I-cache, 32KB 64b/line 8-way D-cache, 1MB 64b/line 16-way L2 cache
cpu2: ITLB 48 4KB entries fully associative, 24 4MB entries fully associative
cpu2: DTLB 64 4KB entries fully associative, 64 4MB entries fully associative
cpu2: smt 0, core 2, package 0
cpu3 at mainbus0: apid 19 (application processor)
cpu3: AMD A10-9620P RADEON R5, 10 COMPUTE CORES 4C+6G, 2495.32 MHz
cpu3: FPU,VME,DE,PSE,TSC,MSR,PAE,MCE,CX8,APIC,SEP,MTRR,PGE,MCA,CMOV,PAT,PSE36,CFLUSH,MMX,FXSR,SSE,SSE2,HTT,SSE3,PCLMUL,MWAIT,SSSE3,FMA3,CX16,SSE4.1,SSE4.2,MOVBE,POPCNT,AES,XSAVE,AVX,F16C,RDRAND,NXE,MMXX,FFXSR,PAGE1GB,RDTSCP,LONG,LAHF,CMPLEG,SVM,EAPICSP,AMCR8,ABM,SSE4A,MASSE,3DNOWP,OSVW,IBS,XOP,SKINIT,WDT,FMA4,TCE,NODEID,TBM,CPCTR,DBKP,PERFTSC,MWAITX,ITSC,FSGSBASE,BMI1,AVX2,SMEP,BMI2
cpu3: 96KB 64b/line 3-way I-cache, 32KB 64b/line 8-way D-cache, 1MB 64b/line 16-way L2 cache
cpu3: ITLB 48 4KB entries fully associative, 24 4MB entries fully associative
cpu3: DTLB 64 4KB entries fully associative, 64 4MB entries fully associative
cpu3: smt 0, core 3, package 0
ioapic0 at mainbus0: apid 4 pa 0xfec00000, version 21, 24 pins
, remapped to apid 4
ioapic1 at mainbus0: apid 5 pa 0xfec01000, version 21, 32 pins
, remapped to apid 5
acpimcfg0 at acpi0 addr 0xf8000000, bus 0-63
acpiprt0 at acpi0: bus 0 (PCI0)
acpiprt1 at acpi0: bus -1 (GPP0)
acpiprt2 at acpi0: bus -1 (GPP1)
acpiprt3 at acpi0: bus 1 (GPP2)
acpiprt4 at acpi0: bus 2 (GPP3)
acpiprt5 at acpi0: bus -1 (GPP4)
acpiprt6 at acpi0: bus 3 (GFX0)
acpiprt7 at acpi0: bus -1 (GFX1)
acpiprt8 at acpi0: bus -1 (GFX2)
acpiprt9 at acpi0: bus -1 (GFX3)
acpiprt10 at acpi0: bus -1 (GFX4)
acpiec0 at acpi0
acpicpu0 at acpi0: C2(0@400 io@0x814), C1(@1 halt!), PSS
acpicpu1 at acpi0: C2(0@400 io@0x814), C1(@1 halt!), PSS
acpicpu2 at acpi0: C2(0@400 io@0x814), C1(@1 halt!), PSS
acpicpu3 at acpi0: C2(0@400 io@0x814), C1(@1 halt!), PSS
acpipwrres0 at acpi0: P0U3, resource for XHC0
acpipwrres1 at acpi0: P3U3, resource for XHC0
acpipwrres2 at acpi0: P0U2, resource for EHC1
acpipwrres3 at acpi0: P3U2, resource for EHC1
acpipwrres4 at acpi0: P0SD
acpipwrres5 at acpi0: P3SD
acpipwrres6 at acpi0: P0ST, resource for SATA
acpipwrres7 at acpi0: P3ST, resource for SATA
acpibtn0 at acpi0: PWRB
&quot;PTL0001&quot; at acpi0 not configured
acpibat0 at acpi0: BAT0 model &quot;L16L2PB2&quot; serial  3172 type LiP oem &quot;LGC&quot;
&quot;VPC2004&quot; at acpi0 not configured
acpiac0 at acpi0: AC unit online
acpibtn1 at acpi0: LID_
&quot;PNP0C14&quot; at acpi0 not configured
&quot;AMD0030&quot; at acpi0 not configured
&quot;AMD0010&quot; at acpi0 not configured
&quot;SYNA2B36&quot; at acpi0 not configured
&quot;MSFT0101&quot; at acpi0 not configured
acpivideo0 at acpi0: VGA_
acpivideo1 at acpi0: VGA_
cpu0: 2495 MHz: speeds: 2500 2100 1600 1300 MHz
pci0 at mainbus0 bus 0
pchb0 at pci0 dev 0 function 0 &quot;AMD AMD64 15h Root Complex&quot; rev 0x00
&quot;AMD AMD64 15h IOMMU&quot; rev 0x00 at pci0 dev 0 function 2 not configured
&quot;ATI Carrizo&quot; rev 0xca at pci0 dev 1 function 0 not configured
azalia0 at pci0 dev 1 function 1 &quot;ATI Radeon HD Audio&quot; rev 0x00: msi
azalia0: no supported codecs
pchb1 at pci0 dev 2 function 0 &quot;AMD AMD64 15h Host&quot; rev 0x00
ppb0 at pci0 dev 2 function 3 &quot;AMD AMD64 15h PCIE&quot; rev 0x00: msi
pci1 at ppb0 bus 1
&quot;Realtek 8821AE&quot; rev 0x00 at pci1 dev 0 function 0 not configured
ppb1 at pci0 dev 2 function 4 &quot;AMD AMD64 15h PCIE&quot; rev 0x00: msi
pci2 at ppb1 bus 2
re0 at pci2 dev 0 function 0 &quot;Realtek 8168&quot; rev 0x10: RTL8168GU/8111GU (0x5080), msi, address xx:xx:xx:xx:xx:xx
rgephy0 at re0 phy 7: RTL8251 PHY, rev. 0
pchb2 at pci0 dev 3 function 0 &quot;AMD AMD64 15h Host&quot; rev 0x00
ppb2 at pci0 dev 3 function 1 &quot;AMD AMD64 15h PCIE&quot; rev 0x00: msi
pci3 at ppb2 bus 3
3:0:0: mem address conflict 0xfffe0000/0x20000
vendor &quot;ATI&quot;, unknown product 0x6900 (class display subclass miscellaneous, rev 0xc3) at pci3 dev 0 function 0 not configured
&quot;AMD AMD64 15h PSP 2.0&quot; rev 0x00 at pci0 dev 8 function 0 not configured
pchb3 at pci0 dev 9 function 0 &quot;AMD AMD64 15h Host&quot; rev 0x00
azalia1 at pci0 dev 9 function 2 &quot;AMD AMD64 15h HD Audio&quot; rev 0x00: apic 5 int 22
azalia1: codecs: Realtek/0x0230
audio0 at azalia1
xhci0 at pci0 dev 16 function 0 &quot;AMD Carrizo xHCI&quot; rev 0x20: msi
usb0 at xhci0: USB revision 3.0
uhub0 at usb0 configuration 1 interface 0 &quot;AMD xHCI root hub&quot; rev 3.00/1.00 addr 1
ahci0 at pci0 dev 17 function 0 &quot;AMD Carrizo AHCI&quot; rev 0x49: msi, AHCI 1.3
ahci0: port 0: 6.0Gb/s
ahci0: port 1: 1.5Gb/s
scsibus1 at ahci0: 32 targets
sd0 at scsibus1 targ 0 lun 0: &lt;ATA, ST1000LM035-1RK1, LVM2&gt; SCSI3 0/direct fixed naa.5000c500a364f9b5
sd0: 953869MB, 512 bytes/sector, 1953525168 sectors
cd0 at scsibus1 targ 1 lun 0: &lt;PLDS, DVD-RW DA8AESH, XL6M&gt; ATAPI 5/cdrom removable
ehci0 at pci0 dev 18 function 0 &quot;AMD Carrizo USB2&quot; rev 0x49: apic 4 int 18
usb1 at ehci0: USB revision 2.0
uhub1 at usb1 configuration 1 interface 0 &quot;AMD EHCI root hub&quot; rev 2.00/1.00 addr 1
&quot;AMD Carrizo SMBus&quot; rev 0x4a at pci0 dev 20 function 0 not configured
pcib0 at pci0 dev 20 function 3 &quot;AMD Carrizo LPC&quot; rev 0x11
pchb4 at pci0 dev 24 function 0 &quot;AMD AMD64 15h Link Cfg&quot; rev 0x00
pchb5 at pci0 dev 24 function 1 &quot;AMD AMD64 15h Address Map&quot; rev 0x00
pchb6 at pci0 dev 24 function 2 &quot;AMD AMD64 15h DRAM Cfg&quot; rev 0x00
pchb7 at pci0 dev 24 function 3 &quot;AMD AMD64 15h Misc Cfg&quot; rev 0x00
pchb8 at pci0 dev 24 function 4 &quot;AMD AMD64 15h CPU Power&quot; rev 0x00
pchb9 at pci0 dev 24 function 5 &quot;AMD AMD64 15h Misc Cfg&quot; rev 0x00
isa0 at pcib0
isadma0 at isa0
pckbc0 at isa0 port 0x60/5 irq 1 irq 12
pckbd0 at pckbc0 (kbd slot)
wskbd0 at pckbd0: console keyboard
pcppi0 at isa0 port 0x61
spkr0 at pcppi0
vmm0 at mainbus0: SVM/RVI
efifb0 at mainbus0: 1366x768, 32bpp
wsdisplay0 at efifb0 mux 1: console (std, vt100 emulation), using wskbd0
wsdisplay0: screen 1-5 added (std, vt100 emulation)
umass0 at uhub0 port 6 configuration 1 interface 0 &quot;COBY Corp. MP3 Player&quot; rev 2.00/0.02 addr 2
umass0: using SCSI over Bulk-Only
scsibus2 at umass0: 2 targets, initiator 0
sd1 at scsibus2 targ 1 lun 0: &lt;, MP3 Player, \\001&gt; SCSI0 0/direct removable serial.04025661101410073584
sd1: 1964MB, 512 bytes/sector, 4023296 sectors
uhub2 at uhub1 port 1 configuration 1 interface 0 &quot;Advanced Micro Devices product 0x7900&quot; rev 2.00/0.18 addr 2
ugen0 at uhub2 port 1 &quot;Realtek Bluetooth Radio&quot; rev 2.10/2.00 addr 3
uvideo0 at uhub2 port 2 configuration 1 interface 0 &quot;Chicony Electronics Co.,Ltd. EasyCamera&quot; rev 2.00/14.07 addr 4
video0 at uvideo0
vscsi0 at root
scsibus3 at vscsi0: 256 targets
softraid0 at root
scsibus4 at softraid0: 256 targets
root on sd0a (7a66fbfbf098b1fa.a) swap on sd0b dump on sd0b
syncing disks... done
wsdisplay_switch2: not switching
r
OpenBSD 6.3 (GENERIC.MP) #107: Sat Mar 24 14:21:59 MDT 2018
    xxx@xxx.xxx:/usr/src/sys/arch/amd64/compile/GENERIC.MP
real mem = 12214185984 (11648MB)
avail mem = 11836948480 (11288MB)
mpath0 at root
scsibus0 at mpath0: 256 targets
mainbus0 at root
bios0 at mainbus0: SMBIOS rev. 3.0 @ 0xbba92000 (47 entries)
bios0: vendor LENOVO version &quot;5QCN19WW&quot; date 09/29/2017
bios0: LENOVO 80XS
acpi0 at bios0: rev 2
acpi0: sleep states S0 S3 S4 S5
acpi0: tables DSDT FACP UEFI HPET APIC MCFG SBST MSDM BATB SSDT IVRS CRAT VFCT TPM2 SSDT SSDT SSDT SSDT SSDT FPDT SSDT UEFI BGRT
acpi0: wakeup devices GPP0(S4) GPP1(S4) GPP2(S4) GPP3(S4) GPP4(S4) GFX0(S4) GFX1(S4) GFX2(S4) GFX3(S4) GFX4(S4) XHC0(S3) EHC1(S3) SBAZ(S4)
acpitimer0 at acpi0: 3579545 Hz, 32 bits
acpihpet0 at acpi0: 14318180 Hz
acpimadt0 at acpi0 addr 0xfee00000: PC-AT compat
cpu0 at mainbus0: apid 16 (boot processor)
cpu0: AMD A10-9620P RADEON R5, 10 COMPUTE CORES 4C+6G, 2495.64 MHz
cpu0: FPU,VME,DE,PSE,TSC,MSR,PAE,MCE,CX8,APIC,SEP,MTRR,PGE,MCA,CMOV,PAT,PSE36,CFLUSH,MMX,FXSR,SSE,SSE2,HTT,SSE3,PCLMUL,MWAIT,SSSE3,FMA3,CX16,SSE4.1,SSE4.2,MOVBE,POPCNT,AES,XSAVE,AVX,F16C,RDRAND,NXE,MMXX,FFXSR,PAGE1GB,RDTSCP,LONG,LAHF,CMPLEG,SVM,EAPICSP,AMCR8,ABM,SSE4A,MASSE,3DNOWP,OSVW,IBS,XOP,SKINIT,WDT,FMA4,TCE,NODEID,TBM,CPCTR,DBKP,PERFTSC,MWAITX,ITSC,FSGSBASE,BMI1,AVX2,SMEP,BMI2
cpu0: 96KB 64b/line 3-way I-cache, 32KB 64b/line 8-way D-cache, 1MB 64b/line 16-way L2 cache
cpu0: ITLB 48 4KB entries fully associative, 24 4MB entries fully associative
cpu0: DTLB 64 4KB entries fully associative, 64 4MB entries fully associative
acpihpet0: recalibrated TSC frequency 2495321188 Hz
cpu0: smt 0, core 0, package 0
mtrr: Pentium Pro MTRR support, 8 var ranges, 88 fixed ranges
cpu0: apic clock running at 99MHz
cpu0: mwait min=64, max=64, IBE
cpu1 at mainbus0: apid 17 (application processor)
cpu1: AMD A10-9620P RADEON R5, 10 COMPUTE CORES 4C+6G, 2495.31 MHz
cpu1: FPU,VME,DE,PSE,TSC,MSR,PAE,MCE,CX8,APIC,SEP,MTRR,PGE,MCA,CMOV,PAT,PSE36,CFLUSH,MMX,FXSR,SSE,SSE2,HTT,SSE3,PCLMUL,MWAIT,SSSE3,FMA3,CX16,SSE4.1,SSE4.2,MOVBE,POPCNT,AES,XSAVE,AVX,F16C,RDRAND,NXE,MMXX,FFXSR,PAGE1GB,RDTSCP,LONG,LAHF,CMPLEG,SVM,EAPICSP,AMCR8,ABM,SSE4A,MASSE,3DNOWP,OSVW,IBS,XOP,SKINIT,WDT,FMA4,TCE,NODEID,TBM,CPCTR,DBKP,PERFTSC,MWAITX,ITSC,FSGSBASE,BMI1,AVX2,SMEP,BMI2
cpu1: 96KB 64b/line 3-way I-cache, 32KB 64b/line 8-way D-cache, 1MB 64b/line 16-way L2 cache
cpu1: ITLB 48 4KB entries fully associative, 24 4MB entries fully associative
cpu1: DTLB 64 4KB entries fully associative, 64 4MB entries fully associative
cpu1: smt 0, core 1, package 0
cpu2 at mainbus0: apid 18 (application processor)
cpu2: AMD A10-9620P RADEON R5, 10 COMPUTE CORES 4C+6G, 2495.32 MHz
cpu2: FPU,VME,DE,PSE,TSC,MSR,PAE,MCE,CX8,APIC,SEP,MTRR,PGE,MCA,CMOV,PAT,PSE36,CFLUSH,MMX,FXSR,SSE,SSE2,HTT,SSE3,PCLMUL,MWAIT,SSSE3,FMA3,CX16,SSE4.1,SSE4.2,MOVBE,POPCNT,AES,XSAVE,AVX,F16C,RDRAND,NXE,MMXX,FFXSR,PAGE1GB,RDTSCP,LONG,LAHF,CMPLEG,SVM,EAPICSP,AMCR8,ABM,SSE4A,MASSE,3DNOWP,OSVW,IBS,XOP,SKINIT,WDT,FMA4,TCE,NODEID,TBM,CPCTR,DBKP,PERFTSC,MWAITX,ITSC,FSGSBASE,BMI1,AVX2,SMEP,BMI2
cpu2: 96KB 64b/line 3-way I-cache, 32KB 64b/line 8-way D-cache, 1MB 64b/line 16-way L2 cache
cpu2: ITLB 48 4KB entries fully associative, 24 4MB entries fully associative
cpu2: DTLB 64 4KB entries fully associative, 64 4MB entries fully associative
cpu2: smt 0, core 2, package 0
cpu3 at mainbus0: apid 19 (application processor)
cpu3: AMD A10-9620P RADEON R5, 10 COMPUTE CORES 4C+6G, 2495.32 MHz
cpu3: FPU,VME,DE,PSE,TSC,MSR,PAE,MCE,CX8,APIC,SEP,MTRR,PGE,MCA,CMOV,PAT,PSE36,CFLUSH,MMX,FXSR,SSE,SSE2,HTT,SSE3,PCLMUL,MWAIT,SSSE3,FMA3,CX16,SSE4.1,SSE4.2,MOVBE,POPCNT,AES,XSAVE,AVX,F16C,RDRAND,NXE,MMXX,FFXSR,PAGE1GB,RDTSCP,LONG,LAHF,CMPLEG,SVM,EAPICSP,AMCR8,ABM,SSE4A,MASSE,3DNOWP,OSVW,IBS,XOP,SKINIT,WDT,FMA4,TCE,NODEID,TBM,CPCTR,DBKP,PERFTSC,MWAITX,ITSC,FSGSBASE,BMI1,AVX2,SMEP,BMI2
cpu3: 96KB 64b/line 3-way I-cache, 32KB 64b/line 8-way D-cache, 1MB 64b/line 16-way L2 cache
cpu3: ITLB 48 4KB entries fully associative, 24 4MB entries fully associative
cpu3: DTLB 64 4KB entries fully associative, 64 4MB entries fully associative
cpu3: smt 0, core 3, package 0
ioapic0 at mainbus0: apid 4 pa 0xfec00000, version 21, 24 pins
, remapped to apid 4
ioapic1 at mainbus0: apid 5 pa 0xfec01000, version 21, 32 pins
, remapped to apid 5
acpimcfg0 at acpi0 addr 0xf8000000, bus 0-63
acpiprt0 at acpi0: bus 0 (PCI0)
acpiprt1 at acpi0: bus -1 (GPP0)
acpiprt2 at acpi0: bus -1 (GPP1)
acpiprt3 at acpi0: bus 1 (GPP2)
acpiprt4 at acpi0: bus 2 (GPP3)
acpiprt5 at acpi0: bus -1 (GPP4)
acpiprt6 at acpi0: bus 3 (GFX0)
acpiprt7 at acpi0: bus -1 (GFX1)
acpiprt8 at acpi0: bus -1 (GFX2)
acpiprt9 at acpi0: bus -1 (GFX3)
acpiprt10 at acpi0: bus -1 (GFX4)
acpiec0 at acpi0
acpicpu0 at acpi0: C2(0@400 io@0x814), C1(@1 halt!), PSS
acpicpu1 at acpi0: C2(0@400 io@0x814), C1(@1 halt!), PSS
acpicpu2 at acpi0: C2(0@400 io@0x814), C1(@1 halt!), PSS
acpicpu3 at acpi0: C2(0@400 io@0x814), C1(@1 halt!), PSS
acpipwrres0 at acpi0: P0U3, resource for XHC0
acpipwrres1 at acpi0: P3U3, resource for XHC0
acpipwrres2 at acpi0: P0U2, resource for EHC1
acpipwrres3 at acpi0: P3U2, resource for EHC1
acpipwrres4 at acpi0: P0SD
acpipwrres5 at acpi0: P3SD
acpipwrres6 at acpi0: P0ST, resource for SATA
acpipwrres7 at acpi0: P3ST, resource for SATA
acpibtn0 at acpi0: PWRB
&quot;PTL0001&quot; at acpi0 not configured
acpibat0 at acpi0: BAT0 model &quot;L16L2PB2&quot; serial  3172 type LiP oem &quot;LGC&quot;
&quot;VPC2004&quot; at acpi0 not configured
acpiac0 at acpi0: AC unit online
acpibtn1 at acpi0: LID_
&quot;PNP0C14&quot; at acpi0 not configured
&quot;AMD0030&quot; at acpi0 not configured
&quot;AMD0010&quot; at acpi0 not configured
&quot;SYNA2B36&quot; at acpi0 not configured
&quot;MSFT0101&quot; at acpi0 not configured
acpivideo0 at acpi0: VGA_
acpivideo1 at acpi0: VGA_
cpu0: 2495 MHz: speeds: 2500 2100 1600 1300 MHz
pci0 at mainbus0 bus 0
pchb0 at pci0 dev 0 function 0 &quot;AMD AMD64 15h Root Complex&quot; rev 0x00
&quot;AMD AMD64 15h IOMMU&quot; rev 0x00 at pci0 dev 0 function 2 not configured
&quot;ATI Carrizo&quot; rev 0xca at pci0 dev 1 function 0 not configured
azalia0 at pci0 dev 1 function 1 &quot;ATI Radeon HD Audio&quot; rev 0x00: msi
azalia0: no supported codecs
pchb1 at pci0 dev 2 function 0 &quot;AMD AMD64 15h Host&quot; rev 0x00
ppb0 at pci0 dev 2 function 3 &quot;AMD AMD64 15h PCIE&quot; rev 0x00: msi
pci1 at ppb0 bus 1
&quot;Realtek 8821AE&quot; rev 0x00 at pci1 dev 0 function 0 not configured
ppb1 at pci0 dev 2 function 4 &quot;AMD AMD64 15h PCIE&quot; rev 0x00: msi
pci2 at ppb1 bus 2
re0 at pci2 dev 0 function 0 &quot;Realtek 8168&quot; rev 0x10: RTL8168GU/8111GU (0x5080), msi, address xx:xx:xx:xx:xx:xx
rgephy0 at re0 phy 7: RTL8251 PHY, rev. 0
pchb2 at pci0 dev 3 function 0 &quot;AMD AMD64 15h Host&quot; rev 0x00
ppb2 at pci0 dev 3 function 1 &quot;AMD AMD64 15h PCIE&quot; rev 0x00: msi
pci3 at ppb2 bus 3
3:0:0: mem address conflict 0xfffe0000/0x20000
vendor &quot;ATI&quot;, unknown product 0x6900 (class display subclass miscellaneous, rev 0xc3) at pci3 dev 0 function 0 not configured
&quot;AMD AMD64 15h PSP 2.0&quot; rev 0x00 at pci0 dev 8 function 0 not configured
pchb3 at pci0 dev 9 function 0 &quot;AMD AMD64 15h Host&quot; rev 0x00
azalia1 at pci0 dev 9 function 2 &quot;AMD AMD64 15h HD Audio&quot; rev 0x00: apic 5 int 22
azalia1: codecs: Realtek/0x0230
audio0 at azalia1
xhci0 at pci0 dev 16 function 0 &quot;AMD Carrizo xHCI&quot; rev 0x20: msi
usb0 at xhci0: USB revision 3.0
uhub0 at usb0 configuration 1 interface 0 &quot;AMD xHCI root hub&quot; rev 3.00/1.00 addr 1
ahci0 at pci0 dev 17 function 0 &quot;AMD Carrizo AHCI&quot; rev 0x49: msi, AHCI 1.3
ahci0: port 0: 6.0Gb/s
ahci0: port 1: 1.5Gb/s
scsibus1 at ahci0: 32 targets
sd0 at scsibus1 targ 0 lun 0: &lt;ATA, ST1000LM035-1RK1, LVM2&gt; SCSI3 0/direct fixed naa.5000c500a364f9b5
sd0: 953869MB, 512 bytes/sector, 1953525168 sectors
cd0 at scsibus1 targ 1 lun 0: &lt;PLDS, DVD-RW DA8AESH, XL6M&gt; ATAPI 5/cdrom removable
ehci0 at pci0 dev 18 function 0 &quot;AMD Carrizo USB2&quot; rev 0x49: apic 4 int 18
usb1 at ehci0: USB revision 2.0
uhub1 at usb1 configuration 1 interface 0 &quot;AMD EHCI root hub&quot; rev 2.00/1.00 addr 1
&quot;AMD Carrizo SMBus&quot; rev 0x4a at pci0 dev 20 function 0 not configured
pcib0 at pci0 dev 20 function 3 &quot;AMD Carrizo LPC&quot; rev 0x11
pchb4 at pci0 dev 24 function 0 &quot;AMD AMD64 15h Link Cfg&quot; rev 0x00
pchb5 at pci0 dev 24 function 1 &quot;AMD AMD64 15h Address Map&quot; rev 0x00
pchb6 at pci0 dev 24 function 2 &quot;AMD AMD64 15h DRAM Cfg&quot; rev 0x00
pchb7 at pci0 dev 24 function 3 &quot;AMD AMD64 15h Misc Cfg&quot; rev 0x00
pchb8 at pci0 dev 24 function 4 &quot;AMD AMD64 15h CPU Power&quot; rev 0x00
pchb9 at pci0 dev 24 function 5 &quot;AMD AMD64 15h Misc Cfg&quot; rev 0x00
isa0 at pcib0
isadma0 at isa0
pckbc0 at isa0 port 0x60/5 irq 1 irq 12
pckbd0 at pckbc0 (kbd slot)
wskbd0 at pckbd0: console keyboard
pcppi0 at isa0 port 0x61
spkr0 at pcppi0
vmm0 at mainbus0: SVM/RVI
efifb0 at mainbus0: 1366x768, 32bpp
wsdisplay0 at efifb0 mux 1: console (std, vt100 emulation), using wskbd0
wsdisplay0: screen 1-5 added (std, vt100 emulation)
umass0 at uhub0 port 6 configuration 1 interface 0 &quot;COBY Corp. MP3 Player&quot; rev 2.00/0.02 addr 2
umass0: using SCSI over Bulk-Only
scsibus2 at umass0: 2 targets, initiator 0
sd1 at scsibus2 targ 1 lun 0: &lt;, MP3 Player, \\001&gt; SCSI0 0/direct removable serial.04025661101410073584
sd1: 1964MB, 512 bytes/sector, 4023296 sectors
uhub2 at uhub1 port 1 configuration 1 interface 0 &quot;Advanced Micro Devices product 0x7900&quot; rev 2.00/0.18 addr 2
ugen0 at uhub2 port 1 &quot;Realtek Bluetooth Radio&quot; rev 2.10/2.00 addr 3
uvideo0 at uhub2 port 2 configuration 1 interface 0 &quot;Chicony Electronics Co.,Ltd. EasyCamera&quot; rev 2.00/14.07 addr 4
video0 at uvideo0
vscsi0 at root
scsibus3 at vscsi0: 256 targets
softraid0 at root
scsibus4 at softraid0: 256 targets
root on sd0a (7a66fbfbf098b1fa.a) swap on sd0b dump on sd0b
sd1 detached
scsibus2 detached
umass0 detached
uhidev0 at uhub0 port 6 configuration 1 interface 0 &quot;Microsoft Microsoft\M-. Nano Transceiver v2.0&quot; rev 2.00/6.34 addr 2
uhidev0: iclass 3/1
ukbd0 at uhidev0: 8 variable keys, 6 key codes
wskbd1 at ukbd0 mux 1
wskbd1: connecting to wsdisplay0
uhidev1 at uhub0 port 6 configuration 1 interface 1 &quot;Microsoft Microsoft\M-. Nano Transceiver v2.0&quot; rev 2.00/6.34 addr 2
uhidev1: iclass 3/1, 28 report ids
uhid0 at uhidev1 reportid 18: input=0, output=0, feature=1
uhid1 at uhidev1 reportid 22: input=4, output=0, feature=0
uhid2 at uhidev1 reportid 23: input=0, output=0, feature=1
ums0 at uhidev1 reportid 26: 5 buttons, Z and W dir
wsmouse0 at ums0 mux 0
uhid3 at uhidev1 reportid 28: input=3, output=0, feature=0
uhidev2 at uhub0 port 6 configuration 1 interface 2 &quot;Microsoft Microsoft\M-. Nano Transceiver v2.0&quot; rev 2.00/6.34 addr 2
uhidev2: iclass 3/0, 8 report ids
uhid4 at uhidev2 reportid 3: input=1, output=0, feature=0
uhid5 at uhidev2 reportid 4: input=1, output=0, feature=0
uhid6 at uhidev2 reportid 7: input=7, output=0, feature=0
uhid7 at uhidev2 reportid 8: input=1, output=0, feature=0

</pre>



</div><!-- content -->
<br />
<div id="footer">
All comments/news/posts are the property of their individual owner and
is presented without warranty of suitability, and solely as an
informational resource. <br />
This site Copyright &copy; 2004-2020 NYC*BUG.
</div><!-- footer -->

</body>
</html>

