



<!doctype html>
<html lang="en">
<head>
<meta name="keywords"
	content="bsd, freebsd, openbsd, netbsd, dragonflybsd, nycbug, dmesgd" />
<meta name="description" content="New York City BSD User Group dmesgd" />
<meta charset="utf-8" />
<meta name="viewport" content="width=device-width, initial-scale=1" />
<title>NYC*BUG dmesgd</title>
<style>
body {
	text-align: left;
	margin: 15px auto;
	padding: 0px 10px;
}
@media (min-width: 800px) {
	body {
		max-width: 85%;
	}
}
#header {
	border-bottom: 1px solid #dbdbdb;
	font-size: 230%;
	text-align: left;
}
#footer {
	border-top: 1px solid #dbdbdb;
	clear: both;
	text-align: left;
}
.logo_bug {
	color: #cc0033;
}
#menu ul {
	list-style-type: none;
	margin: 0;
	padding: 0;
}
#menu li {
	float: left;
}
#menu li a {
	display: block;
	background-color: #dbdbdb;
	color: #000000;
	font-size: 105%;
	font-weight: bold;
	padding: 0px 6px 0px 6px;
	text-decoration: none;
}
#content {
	clear: both;
	text-align: left;
	padding-top: 10px;
}
#content h1 {
	font-size: 120%;
	font-weight: bold;
}
#content h2 {
	font-size: 110%;
	font-weight: bold;
}
#content a {
	text-decoration: none;
}
#content pre {
	background-color: #dbdbdb;
	padding: 5px 5px 5px 5px;
	white-space: pre-wrap;		/* css-3 */
	white-space: -moz-pre-wrap;	/* Mozilla, since 1999 */
	white-space: -pre-wrap;		/* Opera 4-6 */
	white-space: -o-pre-wrap;	/* Opera 7 */
	word-wrap: break-word;		/* Internet Explorer 5.5+ */
}
#content table {
	border-collapse: collapse;
}
#content table th {
	border: 1px solid #dbdbdb;
	font-size: 85%;
	white-space: nowrap;
}
#content table td {
	border: 1px solid #dbdbdb;
	font-size: 80%;
}
#content input {
	font-size: 1em;
}
#content .full	{ width: 100%; }
#content .left	{ text-align: left; }
#content .right	{ text-align: right; }
#content .center { text-align: center; }
#content .flexbox {
	display: -ms-flex;
	display: -webkit-flex;
	display: flex;
	width: 100%;
}
#content .left_col {
	min-width: 75px;
	max-width: 50%;
	flex-grow: 0;
}
#content .right_col {
	flex-grow: 1;
	margin-left: 10px;
	padding-top: 10px;
	padding-left: 10px;
}
#col {
	-moz-column-count: 3;
	-webkit-column-count: 3;
	column-count: 3;
}
</style>
</head>
<body>

<div id="header">
<strong><em>NYC*</em><span class="logo_bug">BUG</span> dmesgd</strong>
</div><!-- header -->

<div id="menu">
<ul>
<li><a href="https://dmesgd.nycbug.org/index.cgi?do=index">Home</a></li>
<li><a href="https://dmesgd.nycbug.org/index.cgi?do=submit">Submit</a></li>
<li><a href="https://www.nycbug.org/">NYC*BUG</a></li>
</ul>
</div><!-- menu -->

<div id="content">

<p>
Launched in 2004, dmesgd aims to provide a
<strong>user-submitted</strong> repository of searchable *BSD dmesgs.
The dmesg(8) command displays the system message buffer's content, and
during boot a copy is saved to <em>/var/run/dmesg.boot</em>.  This buffer
contains the operating system release, name and version, a list of
devices identified, plus a whole host of other useful information.  We
hope others find this resource useful and further contribute to its
growth. Contact us at [ admin at lists dot nycbug dot org ].
</p>

<hr />


<strong>Date:</strong> <em>2018-05-01 17:56:27</em><br />
<strong>From:</strong> <em>brainbomb</em><br />
<strong>Description:</strong> <em>OpenBSD 6.3-current on Panasonic Toughbook CF-C1 with touchscreen</em><br />

<pre>
OpenBSD 6.3-current (GENERIC.MP) #17: Mon Apr 30 22:10:17 MDT 2018
    xxx@xxx.xxx:/usr/src/sys/arch/amd64/compile/GENERIC.MP
real mem = 4157177856 (3964MB)
avail mem = 4023152640 (3836MB)
mpath0 at root
scsibus0 at mpath0: 256 targets
mainbus0 at root
bios0 at mainbus0: SMBIOS rev. 2.6 @ 0xeb220 (28 entries)
bios0: vendor American Megatrends Inc. version &quot;V2.00L11&quot; date 06/16/2011
bios0: Panasonic Corporation CF-C1BD06EFG
acpi0 at bios0: rev 2
acpi0: sleep states S0 S3 S4 S5
acpi0: tables DSDT FACP APIC HPET SLIC MCFG SSDT SSDT SSDT SSDT DMAR SSDT TCPA ASF! SSDT
acpi0: wakeup devices PEG0(S4) PEGP(S4) PEG1(S4) PEG2(S4) PEG3(S4) TMCP(S4) EHC1(S3) HDEF(S3) PXSX(S4) RP06(S4) GLAN(S4) PXSX(S4) PXSX(S4) PXSX(S4) PXSX(S4) LID_(S4)
acpitimer0 at acpi0: 3579545 Hz, 24 bits
acpimadt0 at acpi0 addr 0xfee00000: PC-AT compat
cpu0 at mainbus0: apid 0 (boot processor)
cpu0: Intel(R) Core(TM) i5-2520M CPU @ 2.50GHz, 2492.26 MHz
cpu0: FPU,VME,DE,PSE,TSC,MSR,PAE,MCE,CX8,APIC,SEP,MTRR,PGE,MCA,CMOV,PAT,PSE36,CFLUSH,DS,ACPI,MMX,FXSR,SSE,SSE2,SS,HTT,TM,PBE,SSE3,PCLMUL,DTES64,MWAIT,DS-CPL,VMX,SMX,EST,TM2,SSSE3,CX16,xTPR,PDCM,PCID,SSE4.1,SSE4.2,x2APIC,POPCNT,DEADLINE,AES,XSAVE,AVX,NXE,RDTSCP,LONG,LAHF,PERF,ITSC,IBRS,IBPB,STIBP,SENSOR,ARAT,MELTDOWN
cpu0: 256KB 64b/line 8-way L2 cache
cpu0: smt 0, core 0, package 0
mtrr: Pentium Pro MTRR support, 10 var ranges, 88 fixed ranges
cpu0: apic clock running at 99MHz
cpu0: mwait min=64, max=64, C-substates=0.2.1.1.2, IBE
cpu1 at mainbus0: apid 2 (application processor)
cpu1: Intel(R) Core(TM) i5-2520M CPU @ 2.50GHz, 2491.90 MHz
cpu1: FPU,VME,DE,PSE,TSC,MSR,PAE,MCE,CX8,APIC,SEP,MTRR,PGE,MCA,CMOV,PAT,PSE36,CFLUSH,DS,ACPI,MMX,FXSR,SSE,SSE2,SS,HTT,TM,PBE,SSE3,PCLMUL,DTES64,MWAIT,DS-CPL,VMX,SMX,EST,TM2,SSSE3,CX16,xTPR,PDCM,PCID,SSE4.1,SSE4.2,x2APIC,POPCNT,DEADLINE,AES,XSAVE,AVX,NXE,RDTSCP,LONG,LAHF,PERF,ITSC,IBRS,IBPB,STIBP,SENSOR,ARAT,MELTDOWN
cpu1: 256KB 64b/line 8-way L2 cache
cpu1: smt 0, core 1, package 0
cpu2 at mainbus0: apid 1 (application processor)
cpu2: Intel(R) Core(TM) i5-2520M CPU @ 2.50GHz, 2491.90 MHz
cpu2: FPU,VME,DE,PSE,TSC,MSR,PAE,MCE,CX8,APIC,SEP,MTRR,PGE,MCA,CMOV,PAT,PSE36,CFLUSH,DS,ACPI,MMX,FXSR,SSE,SSE2,SS,HTT,TM,PBE,SSE3,PCLMUL,DTES64,MWAIT,DS-CPL,VMX,SMX,EST,TM2,SSSE3,CX16,xTPR,PDCM,PCID,SSE4.1,SSE4.2,x2APIC,POPCNT,DEADLINE,AES,XSAVE,AVX,NXE,RDTSCP,LONG,LAHF,PERF,ITSC,IBRS,IBPB,STIBP,SENSOR,ARAT,MELTDOWN
cpu2: 256KB 64b/line 8-way L2 cache
cpu2: smt 1, core 0, package 0
cpu3 at mainbus0: apid 3 (application processor)
cpu3: Intel(R) Core(TM) i5-2520M CPU @ 2.50GHz, 2491.90 MHz
cpu3: FPU,VME,DE,PSE,TSC,MSR,PAE,MCE,CX8,APIC,SEP,MTRR,PGE,MCA,CMOV,PAT,PSE36,CFLUSH,DS,ACPI,MMX,FXSR,SSE,SSE2,SS,HTT,TM,PBE,SSE3,PCLMUL,DTES64,MWAIT,DS-CPL,VMX,SMX,EST,TM2,SSSE3,CX16,xTPR,PDCM,PCID,SSE4.1,SSE4.2,x2APIC,POPCNT,DEADLINE,AES,XSAVE,AVX,NXE,RDTSCP,LONG,LAHF,PERF,ITSC,IBRS,IBPB,STIBP,SENSOR,ARAT,MELTDOWN
cpu3: 256KB 64b/line 8-way L2 cache
cpu3: smt 1, core 1, package 0
ioapic0 at mainbus0: apid 2 pa 0xfec00000, version 20, 24 pins
acpihpet0 at acpi0: 14318179 Hz
acpimcfg0 at acpi0 addr 0xf8000000, bus 0-63
acpi0: unable to load \\LDTB.TBXP
acpi0: unable to load \\LDTB.TBSE
acpiprt0 at acpi0: bus 0 (PCI0)
acpiprt1 at acpi0: bus -1 (PEG0)
acpiprt2 at acpi0: bus -1 (PEG1)
acpiprt3 at acpi0: bus -1 (PEG2)
acpiprt4 at acpi0: bus -1 (PEG3)
acpiprt5 at acpi0: bus -1 (RP06)
acpiprt6 at acpi0: bus 1 (RP01)
acpiprt7 at acpi0: bus 2 (RP02)
acpiprt8 at acpi0: bus 3 (RP03)
acpiprt9 at acpi0: bus 4 (RP04)
acpiprt10 at acpi0: bus -1 (RP07)
acpiprt11 at acpi0: bus -1 (RP08)
acpiprt12 at acpi0: bus -1 (RP05)
acpiec0 at acpi0
acpicpu0 at acpi0: C2(350@104 mwait.1@0x20), C1(1000@1 mwait.1), PSS
acpicpu1 at acpi0: C2(350@104 mwait.1@0x20), C1(1000@1 mwait.1), PSS
acpicpu2 at acpi0: C2(350@104 mwait.1@0x20), C1(1000@1 mwait.1), PSS
acpicpu3 at acpi0: C2(350@104 mwait.1@0x20), C1(1000@1 mwait.1), PSS
acpitz0 at acpi0: critical temperature is 101 degC
acpitz1 at acpi0: critical temperature is 130 degC
acpicmos0 at acpi0
&quot;INT3F0D&quot; at acpi0 not configured
&quot;SYN0502&quot; at acpi0 not configured
tpm0 at acpi0: TPM_ addr 0xfed40000/0x5000: Infineon SLB9635 1.2 rev 0x10
&quot;INT3404&quot; at acpi0 not configured
&quot;INT3403&quot; at acpi0 not configured
&quot;INT3403&quot; at acpi0 not configured
&quot;INT3403&quot; at acpi0 not configured
&quot;INT3403&quot; at acpi0 not configured
&quot;INT3403&quot; at acpi0 not configured
&quot;INT3403&quot; at acpi0 not configured
&quot;INT3403&quot; at acpi0 not configured
&quot;INT3402&quot; at acpi0 not configured
&quot;MAT0021&quot; at acpi0 not configured
&quot;MAT0019&quot; at acpi0 not configured
acpiac0 at acpi0: AC unit online
acpibat0 at acpi0: BAT1 not present
acpibat1 at acpi0: BAT2 not present
acpibtn0 at acpi0: LID_
acpibtn1 at acpi0: PWRB
&quot;MAT001F&quot; at acpi0 not configured
&quot;INT3400&quot; at acpi0 not configured
acpivideo0 at acpi0: GFX0
acpivout0 at acpivideo0: DD02
cpu0: Enhanced SpeedStep 2492 MHz: speeds: 2501, 2500, 2000, 1800, 1600, 1400, 1200, 1000, 800 MHz
pci0 at mainbus0 bus 0
pchb0 at pci0 dev 0 function 0 &quot;Intel Core 2G Host&quot; rev 0x09
inteldrm0 at pci0 dev 2 function 0 &quot;Intel HD Graphics 3000&quot; rev 0x09
drm0 at inteldrm0
inteldrm0: msi
inteldrm0: 1280x800, 32bpp
wsdisplay0 at inteldrm0 mux 1: console (std, vt100 emulation)
wsdisplay0: screen 1-5 added (std, vt100 emulation)
vendor &quot;Intel&quot;, unknown product 0x0103 (class DASP subclass miscellaneous, rev 0x09) at pci0 dev 4 function 0 not configured
&quot;Intel 6 Series MEI&quot; rev 0x04 at pci0 dev 22 function 0 not configured
puc0 at pci0 dev 22 function 3 &quot;Intel 6 Series KT&quot; rev 0x04: ports: 16 com
com4 at puc0 port 0 apic 2 int 19: ns16550a, 16 byte fifo
com4: probed fifo depth: 0 bytes
em0 at pci0 dev 25 function 0 &quot;Intel 82579LM&quot; rev 0x04: msi, address xx:xx:xx:xx:xx:xx
ehci0 at pci0 dev 26 function 0 &quot;Intel 6 Series USB&quot; rev 0x04: apic 2 int 16
usb0 at ehci0: USB revision 2.0
uhub0 at usb0 configuration 1 interface 0 &quot;Intel EHCI root hub&quot; rev 2.00/1.00 addr 1
azalia0 at pci0 dev 27 function 0 &quot;Intel 6 Series HD Audio&quot; rev 0x04: msi
azalia0: codecs: Realtek ALC269, Intel/0x2805, using Realtek ALC269
audio0 at azalia0
ppb0 at pci0 dev 28 function 0 &quot;Intel 6 Series PCIE&quot; rev 0xb4: msi
pci1 at ppb0 bus 1
ppb1 at pci0 dev 28 function 1 &quot;Intel 6 Series PCIE&quot; rev 0xb4: msi
pci2 at ppb1 bus 2
ppb2 at pci0 dev 28 function 2 &quot;Intel 6 Series PCIE&quot; rev 0xb4: msi
pci3 at ppb2 bus 3
iwn0 at pci3 dev 0 function 0 &quot;Intel Centrino Advanced-N 6205&quot; rev 0x34: msi, MIMO 2T2R, MoW, address xx:xx:xx:xx:xx:xx
ppb3 at pci0 dev 28 function 3 &quot;Intel 82801BAM Hub-to-PCI&quot; rev 0xb4: msi
pci4 at ppb3 bus 4
cbb0 at pci4 dev 0 function 0 vendor &quot;Ricoh&quot;, unknown product 0xe476 rev 0x02: apic 2 int 19
sdhc0 at pci4 dev 0 function 1 &quot;Ricoh 5U823 SD/MMC&quot; rev 0x00: apic 2 int 16
sdhc0: SDHC 3.0, 50 MHz base clock
sdmmc0 at sdhc0: 4-bit, sd high-speed, mmc high-speed, dma
cardslot0 at cbb0 slot 0 flags 0
cardbus0 at cardslot0: bus 5 device 0 cacheline 0x0, lattimer 0x20
pcmcia0 at cardslot0
ehci1 at pci0 dev 29 function 0 &quot;Intel 6 Series USB&quot; rev 0x04: apic 2 int 23
usb1 at ehci1: USB revision 2.0
uhub1 at usb1 configuration 1 interface 0 &quot;Intel EHCI root hub&quot; rev 2.00/1.00 addr 1
pcib0 at pci0 dev 31 function 0 &quot;Intel QM67 LPC&quot; rev 0x04
ahci0 at pci0 dev 31 function 2 &quot;Intel 6 Series AHCI&quot; rev 0x04: msi, AHCI 1.3
ahci0: port 0: 3.0Gb/s
ahci0: PHY offline on port 1
scsibus1 at ahci0: 32 targets
sd0 at scsibus1 targ 0 lun 0: &lt;ATA, WDC WD3200BEKT-7, 01.0&gt; SCSI3 0/direct fixed naa.50014ee65685a923
sd0: 305245MB, 512 bytes/sector, 625142448 sectors
ichiic0 at pci0 dev 31 function 3 &quot;Intel 6 Series SMBus&quot; rev 0x04: apic 2 int 18
iic0 at ichiic0
spdmem0 at iic0 addr 0x50: 4GB DDR3 SDRAM PC3-10600 SO-DIMM
&quot;Intel 6 Series Thermal&quot; rev 0x04 at pci0 dev 31 function 6 not configured
isa0 at pcib0
isadma0 at isa0
pckbc0 at isa0 port 0x60/5 irq 1 irq 12
pckbd0 at pckbc0 (kbd slot)
wskbd0 at pckbd0: console keyboard, using wsdisplay0
pms0 at pckbc0 (aux slot)
wsmouse0 at pms0 mux 0
pms0: Synaptics touchpad, firmware 6.2, 0x39a0b2 0x200000
pcppi0 at isa0 port 0x61
spkr0 at pcppi0
vmm0 at mainbus0: VMX/EPT
uhub2 at uhub0 port 1 configuration 1 interface 0 &quot;Intel Rate Matching Hub&quot; rev 2.00/0.00 addr 2
uhub3 at uhub1 port 1 configuration 1 interface 0 &quot;Intel Rate Matching Hub&quot; rev 2.00/0.00 addr 2
uhidev0 at uhub3 port 7 configuration 1 interface 0 &quot;Tablet ISD-V4&quot; rev 1.10/0.11 addr 3
uhidev0: iclass 3/0, 17 report ids
ums0 at uhidev0 reportid 2: 3 buttons, tip, barrel, eraser
wsmouse1 at ums0 mux 0
uhid0 at uhidev0 reportid 17: input=7, output=0, feature=3
uhidev1 at uhub3 port 7 configuration 1 interface 1 &quot;Tablet ISD-V4&quot; rev 1.10/0.11 addr 3
uhidev1: iclass 3/0, 16 report ids
uhid1 at uhidev1 reportid 2: input=0, output=0, feature=1
uhid2 at uhidev1 reportid 3: input=0, output=0, feature=3
uhid3 at uhidev1 reportid 5: input=0, output=0, feature=8
uhid4 at uhidev1 reportid 6: input=0, output=0, feature=8
ums1 at uhidev1 reportid 12: 1 button, tip
wsmouse2 at ums1 mux 0
uhid5 at uhidev1 reportid 13: input=13, output=0, feature=0
uhid6 at uhidev1 reportid 14: input=0, output=0, feature=2
ums2 at uhidev1 reportid 15: 2 buttons
wsmouse3 at ums2 mux 0
ums3 at uhidev1 reportid 16: 1 button, tip
wsmouse4 at ums3 mux 0
vscsi0 at root
scsibus2 at vscsi0: 256 targets
softraid0 at root
scsibus3 at softraid0: 256 targets
root on sd0a (525f96496b4f54e1.a) swap on sd0b dump on sd0b
syncing disks... done
rebooting..
OpenBSD 6.3-current (GENERIC.MP) #17: Mon Apr 30 22:10:17 MDT 2018
    xxx@xxx.xxx:/usr/src/sys/arch/amd64/compile/GENERIC.MP
real mem = 4157177856 (3964MB)
avail mem = 4023156736 (3836MB)
mpath0 at root
scsibus0 at mpath0: 256 targets
mainbus0 at root
bios0 at mainbus0: SMBIOS rev. 2.6 @ 0xeb220 (28 entries)
bios0: vendor American Megatrends Inc. version &quot;V2.00L11&quot; date 06/16/2011
bios0: Panasonic Corporation CF-C1BD06EFG
acpi0 at bios0: rev 2
acpi0: sleep states S0 S3 S4 S5
acpi0: tables DSDT FACP APIC HPET SLIC MCFG SSDT SSDT SSDT SSDT DMAR SSDT TCPA ASF! SSDT
acpi0: wakeup devices PEG0(S4) PEGP(S4) PEG1(S4) PEG2(S4) PEG3(S4) TMCP(S4) EHC1(S3) HDEF(S3) PXSX(S4) RP06(S4) GLAN(S4) PXSX(S4) PXSX(S4) PXSX(S4) PXSX(S4) LID_(S4)
acpitimer0 at acpi0: 3579545 Hz, 24 bits
acpimadt0 at acpi0 addr 0xfee00000: PC-AT compat
cpu0 at mainbus0: apid 0 (boot processor)
cpu0: Intel(R) Core(TM) i5-2520M CPU @ 2.50GHz, 2492.33 MHz
cpu0: FPU,VME,DE,PSE,TSC,MSR,PAE,MCE,CX8,APIC,SEP,MTRR,PGE,MCA,CMOV,PAT,PSE36,CFLUSH,DS,ACPI,MMX,FXSR,SSE,SSE2,SS,HTT,TM,PBE,SSE3,PCLMUL,DTES64,MWAIT,DS-CPL,VMX,SMX,EST,TM2,SSSE3,CX16,xTPR,PDCM,PCID,SSE4.1,SSE4.2,x2APIC,POPCNT,DEADLINE,AES,XSAVE,AVX,NXE,RDTSCP,LONG,LAHF,PERF,ITSC,IBRS,IBPB,STIBP,SENSOR,ARAT,MELTDOWN
cpu0: 256KB 64b/line 8-way L2 cache
cpu0: smt 0, core 0, package 0
mtrr: Pentium Pro MTRR support, 10 var ranges, 88 fixed ranges
cpu0: apic clock running at 99MHz
cpu0: mwait min=64, max=64, C-substates=0.2.1.1.2, IBE
cpu1 at mainbus0: apid 2 (application processor)
cpu1: Intel(R) Core(TM) i5-2520M CPU @ 2.50GHz, 2491.91 MHz
cpu1: FPU,VME,DE,PSE,TSC,MSR,PAE,MCE,CX8,APIC,SEP,MTRR,PGE,MCA,CMOV,PAT,PSE36,CFLUSH,DS,ACPI,MMX,FXSR,SSE,SSE2,SS,HTT,TM,PBE,SSE3,PCLMUL,DTES64,MWAIT,DS-CPL,VMX,SMX,EST,TM2,SSSE3,CX16,xTPR,PDCM,PCID,SSE4.1,SSE4.2,x2APIC,POPCNT,DEADLINE,AES,XSAVE,AVX,NXE,RDTSCP,LONG,LAHF,PERF,ITSC,IBRS,IBPB,STIBP,SENSOR,ARAT,MELTDOWN
cpu1: 256KB 64b/line 8-way L2 cache
cpu1: smt 0, core 1, package 0
cpu2 at mainbus0: apid 1 (application processor)
cpu2: Intel(R) Core(TM) i5-2520M CPU @ 2.50GHz, 2491.91 MHz
cpu2: FPU,VME,DE,PSE,TSC,MSR,PAE,MCE,CX8,APIC,SEP,MTRR,PGE,MCA,CMOV,PAT,PSE36,CFLUSH,DS,ACPI,MMX,FXSR,SSE,SSE2,SS,HTT,TM,PBE,SSE3,PCLMUL,DTES64,MWAIT,DS-CPL,VMX,SMX,EST,TM2,SSSE3,CX16,xTPR,PDCM,PCID,SSE4.1,SSE4.2,x2APIC,POPCNT,DEADLINE,AES,XSAVE,AVX,NXE,RDTSCP,LONG,LAHF,PERF,ITSC,IBRS,IBPB,STIBP,SENSOR,ARAT,MELTDOWN
cpu2: 256KB 64b/line 8-way L2 cache
cpu2: smt 1, core 0, package 0
cpu3 at mainbus0: apid 3 (application processor)
cpu3: Intel(R) Core(TM) i5-2520M CPU @ 2.50GHz, 2491.91 MHz
cpu3: FPU,VME,DE,PSE,TSC,MSR,PAE,MCE,CX8,APIC,SEP,MTRR,PGE,MCA,CMOV,PAT,PSE36,CFLUSH,DS,ACPI,MMX,FXSR,SSE,SSE2,SS,HTT,TM,PBE,SSE3,PCLMUL,DTES64,MWAIT,DS-CPL,VMX,SMX,EST,TM2,SSSE3,CX16,xTPR,PDCM,PCID,SSE4.1,SSE4.2,x2APIC,POPCNT,DEADLINE,AES,XSAVE,AVX,NXE,RDTSCP,LONG,LAHF,PERF,ITSC,IBRS,IBPB,STIBP,SENSOR,ARAT,MELTDOWN
cpu3: 256KB 64b/line 8-way L2 cache
cpu3: smt 1, core 1, package 0
ioapic0 at mainbus0: apid 2 pa 0xfec00000, version 20, 24 pins
acpihpet0 at acpi0: 14318179 Hz
acpimcfg0 at acpi0 addr 0xf8000000, bus 0-63

acpi0: \M^?\^G\^P checksum erroracpi0: unable to load \\LDTB.TBXP

acpi0: \M^?\^G\^P checksum erroracpi0: unable to load \\LDTB.TBSE
acpiprt0 at acpi0: bus 0 (PCI0)
acpiprt1 at acpi0: bus -1 (PEG0)
acpiprt2 at acpi0: bus -1 (PEG1)
acpiprt3 at acpi0: bus -1 (PEG2)
acpiprt4 at acpi0: bus -1 (PEG3)
acpiprt5 at acpi0: bus -1 (RP06)
acpiprt6 at acpi0: bus 1 (RP01)
acpiprt7 at acpi0: bus 2 (RP02)
acpiprt8 at acpi0: bus 3 (RP03)
acpiprt9 at acpi0: bus 4 (RP04)
acpiprt10 at acpi0: bus -1 (RP07)
acpiprt11 at acpi0: bus -1 (RP08)
acpiprt12 at acpi0: bus -1 (RP05)
acpiec0 at acpi0
acpicpu0 at acpi0: C2(350@104 mwait.1@0x20), C1(1000@1 mwait.1), PSS
acpicpu1 at acpi0: C2(350@104 mwait.1@0x20), C1(1000@1 mwait.1), PSS
acpicpu2 at acpi0: C2(350@104 mwait.1@0x20), C1(1000@1 mwait.1), PSS
acpicpu3 at acpi0: C2(350@104 mwait.1@0x20), C1(1000@1 mwait.1), PSS
acpitz0 at acpi0: critical temperature is 101 degC
acpitz1 at acpi0: critical temperature is 130 degC
acpicmos0 at acpi0
&quot;INT3F0D&quot; at acpi0 not configured
&quot;SYN0502&quot; at acpi0 not configured
tpm0 at acpi0: TPM_ addr 0xfed40000/0x5000: Infineon SLB9635 1.2 rev 0x10
&quot;INT3404&quot; at acpi0 not configured
&quot;INT3403&quot; at acpi0 not configured
&quot;INT3403&quot; at acpi0 not configured
&quot;INT3403&quot; at acpi0 not configured
&quot;INT3403&quot; at acpi0 not configured
&quot;INT3403&quot; at acpi0 not configured
&quot;INT3403&quot; at acpi0 not configured
&quot;INT3403&quot; at acpi0 not configured
&quot;INT3402&quot; at acpi0 not configured
&quot;MAT0021&quot; at acpi0 not configured
&quot;MAT0019&quot; at acpi0 not configured
acpiac0 at acpi0: AC unit online
acpibat0 at acpi0: BAT1 not present
acpibat1 at acpi0: BAT2 not present
acpibtn0 at acpi0: LID_
acpibtn1 at acpi0: PWRB
&quot;MAT001F&quot; at acpi0 not configured
&quot;INT3400&quot; at acpi0 not configured
acpivideo0 at acpi0: GFX0
acpivout0 at acpivideo0: DD02
cpu0: Enhanced SpeedStep 2492 MHz: speeds: 2501, 2500, 2000, 1800, 1600, 1400, 1200, 1000, 800 MHz
pci0 at mainbus0 bus 0
pchb0 at pci0 dev 0 function 0 &quot;Intel Core 2G Host&quot; rev 0x09
inteldrm0 at pci0 dev 2 function 0 &quot;Intel HD Graphics 3000&quot; rev 0x09
drm0 at inteldrm0
inteldrm0: msi
inteldrm0: 1280x800, 32bpp
wsdisplay0 at inteldrm0 mux 1: console (std, vt100 emulation)
wsdisplay0: screen 1-5 added (std, vt100 emulation)
vendor &quot;Intel&quot;, unknown product 0x0103 (class DASP subclass miscellaneous, rev 0x09) at pci0 dev 4 function 0 not configured
&quot;Intel 6 Series MEI&quot; rev 0x04 at pci0 dev 22 function 0 not configured
puc0 at pci0 dev 22 function 3 &quot;Intel 6 Series KT&quot; rev 0x04: ports: 16 com
com4 at puc0 port 0 apic 2 int 19: ns16550a, 16 byte fifo
com4: probed fifo depth: 0 bytes
em0 at pci0 dev 25 function 0 &quot;Intel 82579LM&quot; rev 0x04: msi, address xx:xx:xx:xx:xx:xx
ehci0 at pci0 dev 26 function 0 &quot;Intel 6 Series USB&quot; rev 0x04: apic 2 int 16
usb0 at ehci0: USB revision 2.0
uhub0 at usb0 configuration 1 interface 0 &quot;Intel EHCI root hub&quot; rev 2.00/1.00 addr 1
azalia0 at pci0 dev 27 function 0 &quot;Intel 6 Series HD Audio&quot; rev 0x04: msi
azalia0: codecs: Realtek ALC269, Intel/0x2805, using Realtek ALC269
audio0 at azalia0
ppb0 at pci0 dev 28 function 0 &quot;Intel 6 Series PCIE&quot; rev 0xb4: msi
pci1 at ppb0 bus 1
ppb1 at pci0 dev 28 function 1 &quot;Intel 6 Series PCIE&quot; rev 0xb4: msi
pci2 at ppb1 bus 2
ppb2 at pci0 dev 28 function 2 &quot;Intel 6 Series PCIE&quot; rev 0xb4: msi
pci3 at ppb2 bus 3
iwn0 at pci3 dev 0 function 0 &quot;Intel Centrino Advanced-N 6205&quot; rev 0x34: msi, MIMO 2T2R, MoW, address xx:xx:xx:xx:xx:xx
ppb3 at pci0 dev 28 function 3 &quot;Intel 82801BAM Hub-to-PCI&quot; rev 0xb4: msi
pci4 at ppb3 bus 4
cbb0 at pci4 dev 0 function 0 vendor &quot;Ricoh&quot;, unknown product 0xe476 rev 0x02: apic 2 int 19
sdhc0 at pci4 dev 0 function 1 &quot;Ricoh 5U822 SD/MMC&quot; rev 0x03: apic 2 int 16
sdhc0: SDHC 3.0, 50 MHz base clock
sdmmc0 at sdhc0: 4-bit, sd high-speed, mmc high-speed, dma
cardslot0 at cbb0 slot 0 flags 0
cardbus0 at cardslot0: bus 5 device 0 cacheline 0x0, lattimer 0x20
pcmcia0 at cardslot0
ehci1 at pci0 dev 29 function 0 &quot;Intel 6 Series USB&quot; rev 0x04: apic 2 int 23
usb1 at ehci1: USB revision 2.0
uhub1 at usb1 configuration 1 interface 0 &quot;Intel EHCI root hub&quot; rev 2.00/1.00 addr 1
pcib0 at pci0 dev 31 function 0 &quot;Intel QM67 LPC&quot; rev 0x04
ahci0 at pci0 dev 31 function 2 &quot;Intel 6 Series AHCI&quot; rev 0x04: msi, AHCI 1.3
ahci0: port 0: 3.0Gb/s
ahci0: PHY offline on port 1
scsibus1 at ahci0: 32 targets
sd0 at scsibus1 targ 0 lun 0: &lt;ATA, WDC WD3200BEKT-7, 01.0&gt; SCSI3 0/direct fixed naa.50014ee65685a923
sd0: 305245MB, 512 bytes/sector, 625142448 sectors
ichiic0 at pci0 dev 31 function 3 &quot;Intel 6 Series SMBus&quot; rev 0x04: apic 2 int 18
iic0 at ichiic0
spdmem0 at iic0 addr 0x50: 4GB DDR3 SDRAM PC3-10600 SO-DIMM
&quot;Intel 6 Series Thermal&quot; rev 0x04 at pci0 dev 31 function 6 not configured
isa0 at pcib0
isadma0 at isa0
pckbc0 at isa0 port 0x60/5 irq 1 irq 12
pckbd0 at pckbc0 (kbd slot)
wskbd0 at pckbd0: console keyboard, using wsdisplay0
pms0 at pckbc0 (aux slot)
wsmouse0 at pms0 mux 0
pms0: Synaptics touchpad, firmware 6.2, 0x39a0b2 0x200000
pcppi0 at isa0 port 0x61
spkr0 at pcppi0
vmm0 at mainbus0: VMX/EPT
uhub2 at uhub0 port 1 configuration 1 interface 0 &quot;Intel Rate Matching Hub&quot; rev 2.00/0.00 addr 2
uhub3 at uhub1 port 1 configuration 1 interface 0 &quot;Intel Rate Matching Hub&quot; rev 2.00/0.00 addr 2
uhidev0 at uhub3 port 7 configuration 1 interface 0 &quot;Tablet ISD-V4&quot; rev 1.10/0.11 addr 3
uhidev0: iclass 3/0, 17 report ids
ums0 at uhidev0 reportid 2: 3 buttons, tip, barrel, eraser
wsmouse1 at ums0 mux 0
uhid0 at uhidev0 reportid 17: input=7, output=0, feature=3
uhidev1 at uhub3 port 7 configuration 1 interface 1 &quot;Tablet ISD-V4&quot; rev 1.10/0.11 addr 3
uhidev1: iclass 3/0, 16 report ids
uhid1 at uhidev1 reportid 2: input=0, output=0, feature=1
uhid2 at uhidev1 reportid 3: input=0, output=0, feature=3
uhid3 at uhidev1 reportid 5: input=0, output=0, feature=8
uhid4 at uhidev1 reportid 6: input=0, output=0, feature=8
ums1 at uhidev1 reportid 12: 1 button, tip
wsmouse2 at ums1 mux 0
uhid5 at uhidev1 reportid 13: input=13, output=0, feature=0
uhid6 at uhidev1 reportid 14: input=0, output=0, feature=2
ums2 at uhidev1 reportid 15: 2 buttons
wsmouse3 at ums2 mux 0
ums3 at uhidev1 reportid 16: 1 button, tip
wsmouse4 at ums3 mux 0
vscsi0 at root
scsibus2 at vscsi0: 256 targets
softraid0 at root
scsibus3 at softraid0: 256 targets
root on sd0a (525f96496b4f54e1.a) swap on sd0b dump on sd0b
syncing disks... done
rebooting..
OpenBSD 6.3-current (GENERIC.MP) #17: Mon Apr 30 22:10:17 MDT 2018
    xxx@xxx.xxx:/usr/src/sys/arch/amd64/compile/GENERIC.MP
real mem = 4157177856 (3964MB)
avail mem = 4023152640 (3836MB)
mpath0 at root
scsibus0 at mpath0: 256 targets
mainbus0 at root
bios0 at mainbus0: SMBIOS rev. 2.6 @ 0xeb220 (28 entries)
bios0: vendor American Megatrends Inc. version &quot;V2.00L11&quot; date 06/16/2011
bios0: Panasonic Corporation CF-C1BD06EFG
acpi0 at bios0: rev 2
acpi0: sleep states S0 S3 S4 S5
acpi0: tables DSDT FACP APIC HPET SLIC MCFG SSDT SSDT SSDT SSDT DMAR SSDT TCPA ASF! SSDT
acpi0: wakeup devices PEG0(S4) PEGP(S4) PEG1(S4) PEG2(S4) PEG3(S4) TMCP(S4) EHC1(S3) HDEF(S3) PXSX(S4) RP06(S4) GLAN(S4) PXSX(S4) PXSX(S4) PXSX(S4) PXSX(S4) LID_(S4)
acpitimer0 at acpi0: 3579545 Hz, 24 bits
acpimadt0 at acpi0 addr 0xfee00000: PC-AT compat
cpu0 at mainbus0: apid 0 (boot processor)
cpu0: Intel(R) Core(TM) i5-2520M CPU @ 2.50GHz, 2492.25 MHz
cpu0: FPU,VME,DE,PSE,TSC,MSR,PAE,MCE,CX8,APIC,SEP,MTRR,PGE,MCA,CMOV,PAT,PSE36,CFLUSH,DS,ACPI,MMX,FXSR,SSE,SSE2,SS,HTT,TM,PBE,SSE3,PCLMUL,DTES64,MWAIT,DS-CPL,VMX,SMX,EST,TM2,SSSE3,CX16,xTPR,PDCM,PCID,SSE4.1,SSE4.2,x2APIC,POPCNT,DEADLINE,AES,XSAVE,AVX,NXE,RDTSCP,LONG,LAHF,PERF,ITSC,IBRS,IBPB,STIBP,SENSOR,ARAT,MELTDOWN
cpu0: 256KB 64b/line 8-way L2 cache
cpu0: smt 0, core 0, package 0
mtrr: Pentium Pro MTRR support, 10 var ranges, 88 fixed ranges
cpu0: apic clock running at 99MHz
cpu0: mwait min=64, max=64, C-substates=0.2.1.1.2, IBE
cpu1 at mainbus0: apid 2 (application processor)
cpu1: Intel(R) Core(TM) i5-2520M CPU @ 2.50GHz, 2491.92 MHz
cpu1: FPU,VME,DE,PSE,TSC,MSR,PAE,MCE,CX8,APIC,SEP,MTRR,PGE,MCA,CMOV,PAT,PSE36,CFLUSH,DS,ACPI,MMX,FXSR,SSE,SSE2,SS,HTT,TM,PBE,SSE3,PCLMUL,DTES64,MWAIT,DS-CPL,VMX,SMX,EST,TM2,SSSE3,CX16,xTPR,PDCM,PCID,SSE4.1,SSE4.2,x2APIC,POPCNT,DEADLINE,AES,XSAVE,AVX,NXE,RDTSCP,LONG,LAHF,PERF,ITSC,IBRS,IBPB,STIBP,SENSOR,ARAT,MELTDOWN
cpu1: 256KB 64b/line 8-way L2 cache
cpu1: smt 0, core 1, package 0
cpu2 at mainbus0: apid 1 (application processor)
cpu2: Intel(R) Core(TM) i5-2520M CPU @ 2.50GHz, 2491.92 MHz
cpu2: FPU,VME,DE,PSE,TSC,MSR,PAE,MCE,CX8,APIC,SEP,MTRR,PGE,MCA,CMOV,PAT,PSE36,CFLUSH,DS,ACPI,MMX,FXSR,SSE,SSE2,SS,HTT,TM,PBE,SSE3,PCLMUL,DTES64,MWAIT,DS-CPL,VMX,SMX,EST,TM2,SSSE3,CX16,xTPR,PDCM,PCID,SSE4.1,SSE4.2,x2APIC,POPCNT,DEADLINE,AES,XSAVE,AVX,NXE,RDTSCP,LONG,LAHF,PERF,ITSC,IBRS,IBPB,STIBP,SENSOR,ARAT,MELTDOWN
cpu2: 256KB 64b/line 8-way L2 cache
cpu2: smt 1, core 0, package 0
cpu3 at mainbus0: apid 3 (application processor)
cpu3: Intel(R) Core(TM) i5-2520M CPU @ 2.50GHz, 2491.92 MHz
cpu3: FPU,VME,DE,PSE,TSC,MSR,PAE,MCE,CX8,APIC,SEP,MTRR,PGE,MCA,CMOV,PAT,PSE36,CFLUSH,DS,ACPI,MMX,FXSR,SSE,SSE2,SS,HTT,TM,PBE,SSE3,PCLMUL,DTES64,MWAIT,DS-CPL,VMX,SMX,EST,TM2,SSSE3,CX16,xTPR,PDCM,PCID,SSE4.1,SSE4.2,x2APIC,POPCNT,DEADLINE,AES,XSAVE,AVX,NXE,RDTSCP,LONG,LAHF,PERF,ITSC,IBRS,IBPB,STIBP,SENSOR,ARAT,MELTDOWN
cpu3: 256KB 64b/line 8-way L2 cache
cpu3: smt 1, core 1, package 0
ioapic0 at mainbus0: apid 2 pa 0xfec00000, version 20, 24 pins
acpihpet0 at acpi0: 14318179 Hz
acpimcfg0 at acpi0 addr 0xf8000000, bus 0-63
acpi0: unable to load \\LDTB.TBXP
acpi0: unable to load \\LDTB.TBSE
acpiprt0 at acpi0: bus 0 (PCI0)
acpiprt1 at acpi0: bus -1 (PEG0)
acpiprt2 at acpi0: bus -1 (PEG1)
acpiprt3 at acpi0: bus -1 (PEG2)
acpiprt4 at acpi0: bus -1 (PEG3)
acpiprt5 at acpi0: bus -1 (RP06)
acpiprt6 at acpi0: bus 1 (RP01)
acpiprt7 at acpi0: bus 2 (RP02)
acpiprt8 at acpi0: bus 3 (RP03)
acpiprt9 at acpi0: bus 4 (RP04)
acpiprt10 at acpi0: bus -1 (RP07)
acpiprt11 at acpi0: bus -1 (RP08)
acpiprt12 at acpi0: bus -1 (RP05)
acpiec0 at acpi0
acpicpu0 at acpi0: C2(350@104 mwait.1@0x20), C1(1000@1 mwait.1), PSS
acpicpu1 at acpi0: C2(350@104 mwait.1@0x20), C1(1000@1 mwait.1), PSS
acpicpu2 at acpi0: C2(350@104 mwait.1@0x20), C1(1000@1 mwait.1), PSS
acpicpu3 at acpi0: C2(350@104 mwait.1@0x20), C1(1000@1 mwait.1), PSS
acpitz0 at acpi0: critical temperature is 101 degC
acpitz1 at acpi0: critical temperature is 130 degC
acpicmos0 at acpi0
&quot;INT3F0D&quot; at acpi0 not configured
&quot;SYN0502&quot; at acpi0 not configured
tpm0 at acpi0: TPM_ addr 0xfed40000/0x5000: Infineon SLB9635 1.2 rev 0x10
&quot;INT3404&quot; at acpi0 not configured
&quot;INT3403&quot; at acpi0 not configured
&quot;INT3403&quot; at acpi0 not configured
&quot;INT3403&quot; at acpi0 not configured
&quot;INT3403&quot; at acpi0 not configured
&quot;INT3403&quot; at acpi0 not configured
&quot;INT3403&quot; at acpi0 not configured
&quot;INT3403&quot; at acpi0 not configured
&quot;INT3402&quot; at acpi0 not configured
&quot;MAT0021&quot; at acpi0 not configured
&quot;MAT0019&quot; at acpi0 not configured
acpiac0 at acpi0: AC unit online
acpibat0 at acpi0: BAT1 not present
acpibat1 at acpi0: BAT2 not present
acpibtn0 at acpi0: LID_
acpibtn1 at acpi0: PWRB
&quot;MAT001F&quot; at acpi0 not configured
&quot;INT3400&quot; at acpi0 not configured
acpivideo0 at acpi0: GFX0
acpivout0 at acpivideo0: DD02
cpu0: Enhanced SpeedStep 2492 MHz: speeds: 2501, 2500, 2000, 1800, 1600, 1400, 1200, 1000, 800 MHz
pci0 at mainbus0 bus 0
pchb0 at pci0 dev 0 function 0 &quot;Intel Core 2G Host&quot; rev 0x09
inteldrm0 at pci0 dev 2 function 0 &quot;Intel HD Graphics 3000&quot; rev 0x09
drm0 at inteldrm0
inteldrm0: msi
inteldrm0: 1280x800, 32bpp
wsdisplay0 at inteldrm0 mux 1: console (std, vt100 emulation)
wsdisplay0: screen 1-5 added (std, vt100 emulation)
vendor &quot;Intel&quot;, unknown product 0x0103 (class DASP subclass miscellaneous, rev 0x09) at pci0 dev 4 function 0 not configured
&quot;Intel 6 Series MEI&quot; rev 0x04 at pci0 dev 22 function 0 not configured
puc0 at pci0 dev 22 function 3 &quot;Intel 6 Series KT&quot; rev 0x04: ports: 16 com
com4 at puc0 port 0 apic 2 int 19: ns16550a, 16 byte fifo
com4: probed fifo depth: 0 bytes
em0 at pci0 dev 25 function 0 &quot;Intel 82579LM&quot; rev 0x04: msi, address xx:xx:xx:xx:xx:xx
ehci0 at pci0 dev 26 function 0 &quot;Intel 6 Series USB&quot; rev 0x04: apic 2 int 16
usb0 at ehci0: USB revision 2.0
uhub0 at usb0 configuration 1 interface 0 &quot;Intel EHCI root hub&quot; rev 2.00/1.00 addr 1
azalia0 at pci0 dev 27 function 0 &quot;Intel 6 Series HD Audio&quot; rev 0x04: msi
azalia0: codecs: Realtek ALC269, Intel/0x2805, using Realtek ALC269
audio0 at azalia0
ppb0 at pci0 dev 28 function 0 &quot;Intel 6 Series PCIE&quot; rev 0xb4: msi
pci1 at ppb0 bus 1
ppb1 at pci0 dev 28 function 1 &quot;Intel 6 Series PCIE&quot; rev 0xb4: msi
pci2 at ppb1 bus 2
ppb2 at pci0 dev 28 function 2 &quot;Intel 6 Series PCIE&quot; rev 0xb4: msi
pci3 at ppb2 bus 3
iwn0 at pci3 dev 0 function 0 &quot;Intel Centrino Advanced-N 6205&quot; rev 0x34: msi, MIMO 2T2R, MoW, address xx:xx:xx:xx:xx:xx
ppb3 at pci0 dev 28 function 3 &quot;Intel 82801BAM Hub-to-PCI&quot; rev 0xb4: msi
pci4 at ppb3 bus 4
cbb0 at pci4 dev 0 function 0 vendor &quot;Ricoh&quot;, unknown product 0xe476 rev 0x02: apic 2 int 19
sdhc0 at pci4 dev 0 function 1 &quot;Ricoh 5U822 SD/MMC&quot; rev 0x03: apic 2 int 16
sdhc0: SDHC 3.0, 50 MHz base clock
sdmmc0 at sdhc0: 4-bit, sd high-speed, mmc high-speed, dma
cardslot0 at cbb0 slot 0 flags 0
cardbus0 at cardslot0: bus 5 device 0 cacheline 0x0, lattimer 0x20
pcmcia0 at cardslot0
ehci1 at pci0 dev 29 function 0 &quot;Intel 6 Series USB&quot; rev 0x04: apic 2 int 23
usb1 at ehci1: USB revision 2.0
uhub1 at usb1 configuration 1 interface 0 &quot;Intel EHCI root hub&quot; rev 2.00/1.00 addr 1
pcib0 at pci0 dev 31 function 0 &quot;Intel QM67 LPC&quot; rev 0x04
ahci0 at pci0 dev 31 function 2 &quot;Intel 6 Series AHCI&quot; rev 0x04: msi, AHCI 1.3
ahci0: port 0: 3.0Gb/s
ahci0: PHY offline on port 1
scsibus1 at ahci0: 32 targets
sd0 at scsibus1 targ 0 lun 0: &lt;ATA, WDC WD3200BEKT-7, 01.0&gt; SCSI3 0/direct fixed naa.50014ee65685a923
sd0: 305245MB, 512 bytes/sector, 625142448 sectors
ichiic0 at pci0 dev 31 function 3 &quot;Intel 6 Series SMBus&quot; rev 0x04: apic 2 int 18
iic0 at ichiic0
spdmem0 at iic0 addr 0x50: 4GB DDR3 SDRAM PC3-10600 SO-DIMM
&quot;Intel 6 Series Thermal&quot; rev 0x04 at pci0 dev 31 function 6 not configured
isa0 at pcib0
isadma0 at isa0
pckbc0 at isa0 port 0x60/5 irq 1 irq 12
pckbd0 at pckbc0 (kbd slot)
wskbd0 at pckbd0: console keyboard, using wsdisplay0
pms0 at pckbc0 (aux slot)
wsmouse0 at pms0 mux 0
pms0: Synaptics touchpad, firmware 6.2, 0x39a0b2 0x200000
pcppi0 at isa0 port 0x61
spkr0 at pcppi0
vmm0 at mainbus0: VMX/EPT
uhub2 at uhub0 port 1 configuration 1 interface 0 &quot;Intel Rate Matching Hub&quot; rev 2.00/0.00 addr 2
uhub3 at uhub1 port 1 configuration 1 interface 0 &quot;Intel Rate Matching Hub&quot; rev 2.00/0.00 addr 2
uhidev0 at uhub3 port 7 configuration 1 interface 0 &quot;Tablet ISD-V4&quot; rev 1.10/0.11 addr 3
uhidev0: iclass 3/0, 17 report ids
ums0 at uhidev0 reportid 2: 3 buttons, tip, barrel, eraser
wsmouse1 at ums0 mux 0
uhid0 at uhidev0 reportid 17: input=7, output=0, feature=3
uhidev1 at uhub3 port 7 configuration 1 interface 1 &quot;Tablet ISD-V4&quot; rev 1.10/0.11 addr 3
uhidev1: iclass 3/0, 16 report ids
uhid1 at uhidev1 reportid 2: input=0, output=0, feature=1
uhid2 at uhidev1 reportid 3: input=0, output=0, feature=3
uhid3 at uhidev1 reportid 5: input=0, output=0, feature=8
uhid4 at uhidev1 reportid 6: input=0, output=0, feature=8
ums1 at uhidev1 reportid 12: 1 button, tip
wsmouse2 at ums1 mux 0
uhid5 at uhidev1 reportid 13: input=13, output=0, feature=0
uhid6 at uhidev1 reportid 14: input=0, output=0, feature=2
ums2 at uhidev1 reportid 15: 2 buttons
wsmouse3 at ums2 mux 0
ums3 at uhidev1 reportid 16: 1 button, tip
wsmouse4 at ums3 mux 0
vscsi0 at root
scsibus2 at vscsi0: 256 targets
softraid0 at root
scsibus3 at softraid0: 256 targets
root on sd0a (525f96496b4f54e1.a) swap on sd0b dump on sd0b
syncing disks... done
rebooting...
OpenBSD 6.3-current (GENERIC.MP) #17: Mon Apr 30 22:10:17 MDT 2018
    xxx@xxx.xxx:/usr/src/sys/arch/amd64/compile/GENERIC.MP
real mem = 4157177856 (3964MB)
avail mem = 4023160832 (3836MB)
mpath0 at root
scsibus0 at mpath0: 256 targets
mainbus0 at root
bios0 at mainbus0: SMBIOS rev. 2.6 @ 0xeb220 (28 entries)
bios0: vendor American Megatrends Inc. version &quot;V2.00L11&quot; date 06/16/2011
bios0: Panasonic Corporation CF-C1BD06EFG
acpi0 at bios0: rev 2
acpi0: sleep states S0 S3 S4 S5
acpi0: tables DSDT FACP APIC HPET SLIC MCFG SSDT SSDT SSDT SSDT DMAR SSDT TCPA ASF! SSDT
acpi0: wakeup devices PEG0(S4) PEGP(S4) PEG1(S4) PEG2(S4) PEG3(S4) TMCP(S4) EHC1(S3) HDEF(S3) PXSX(S4) RP06(S4) GLAN(S4) PXSX(S4) PXSX(S4) PXSX(S4) PXSX(S4) LID_(S4)
acpitimer0 at acpi0: 3579545 Hz, 24 bits
acpimadt0 at acpi0 addr 0xfee00000: PC-AT compat
cpu0 at mainbus0: apid 0 (boot processor)
cpu0: Intel(R) Core(TM) i5-2520M CPU @ 2.50GHz, 2492.30 MHz
cpu0: FPU,VME,DE,PSE,TSC,MSR,PAE,MCE,CX8,APIC,SEP,MTRR,PGE,MCA,CMOV,PAT,PSE36,CFLUSH,DS,ACPI,MMX,FXSR,SSE,SSE2,SS,HTT,TM,PBE,SSE3,PCLMUL,DTES64,MWAIT,DS-CPL,VMX,SMX,EST,TM2,SSSE3,CX16,xTPR,PDCM,PCID,SSE4.1,SSE4.2,x2APIC,POPCNT,DEADLINE,AES,XSAVE,AVX,NXE,RDTSCP,LONG,LAHF,PERF,ITSC,IBRS,IBPB,STIBP,SENSOR,ARAT,MELTDOWN
cpu0: 256KB 64b/line 8-way L2 cache
cpu0: smt 0, core 0, package 0
mtrr: Pentium Pro MTRR support, 10 var ranges, 88 fixed ranges
cpu0: apic clock running at 99MHz
cpu0: mwait min=64, max=64, C-substates=0.2.1.1.2, IBE
cpu1 at mainbus0: apid 2 (application processor)
cpu1: Intel(R) Core(TM) i5-2520M CPU @ 2.50GHz, 2491.91 MHz
cpu1: FPU,VME,DE,PSE,TSC,MSR,PAE,MCE,CX8,APIC,SEP,MTRR,PGE,MCA,CMOV,PAT,PSE36,CFLUSH,DS,ACPI,MMX,FXSR,SSE,SSE2,SS,HTT,TM,PBE,SSE3,PCLMUL,DTES64,MWAIT,DS-CPL,VMX,SMX,EST,TM2,SSSE3,CX16,xTPR,PDCM,PCID,SSE4.1,SSE4.2,x2APIC,POPCNT,DEADLINE,AES,XSAVE,AVX,NXE,RDTSCP,LONG,LAHF,PERF,ITSC,IBRS,IBPB,STIBP,SENSOR,ARAT,MELTDOWN
cpu1: 256KB 64b/line 8-way L2 cache
cpu1: smt 0, core 1, package 0
cpu2 at mainbus0: apid 1 (application processor)
cpu2: Intel(R) Core(TM) i5-2520M CPU @ 2.50GHz, 2491.91 MHz
cpu2: FPU,VME,DE,PSE,TSC,MSR,PAE,MCE,CX8,APIC,SEP,MTRR,PGE,MCA,CMOV,PAT,PSE36,CFLUSH,DS,ACPI,MMX,FXSR,SSE,SSE2,SS,HTT,TM,PBE,SSE3,PCLMUL,DTES64,MWAIT,DS-CPL,VMX,SMX,EST,TM2,SSSE3,CX16,xTPR,PDCM,PCID,SSE4.1,SSE4.2,x2APIC,POPCNT,DEADLINE,AES,XSAVE,AVX,NXE,RDTSCP,LONG,LAHF,PERF,ITSC,IBRS,IBPB,STIBP,SENSOR,ARAT,MELTDOWN
cpu2: 256KB 64b/line 8-way L2 cache
cpu2: smt 1, core 0, package 0
cpu3 at mainbus0: apid 3 (application processor)
cpu3: Intel(R) Core(TM) i5-2520M CPU @ 2.50GHz, 2491.91 MHz
cpu3: FPU,VME,DE,PSE,TSC,MSR,PAE,MCE,CX8,APIC,SEP,MTRR,PGE,MCA,CMOV,PAT,PSE36,CFLUSH,DS,ACPI,MMX,FXSR,SSE,SSE2,SS,HTT,TM,PBE,SSE3,PCLMUL,DTES64,MWAIT,DS-CPL,VMX,SMX,EST,TM2,SSSE3,CX16,xTPR,PDCM,PCID,SSE4.1,SSE4.2,x2APIC,POPCNT,DEADLINE,AES,XSAVE,AVX,NXE,RDTSCP,LONG,LAHF,PERF,ITSC,IBRS,IBPB,STIBP,SENSOR,ARAT,MELTDOWN
cpu3: 256KB 64b/line 8-way L2 cache
cpu3: smt 1, core 1, package 0
ioapic0 at mainbus0: apid 2 pa 0xfec00000, version 20, 24 pins
acpihpet0 at acpi0: 14318179 Hz
acpimcfg0 at acpi0 addr 0xf8000000, bus 0-63

acpi0: \M^?\^G  checksum erroracpi0: unable to load \\LDTB.TBXP

acpi0: \M^?\^G  checksum erroracpi0: unable to load \\LDTB.TBSE
acpiprt0 at acpi0: bus 0 (PCI0)
acpiprt1 at acpi0: bus -1 (PEG0)
acpiprt2 at acpi0: bus -1 (PEG1)
acpiprt3 at acpi0: bus -1 (PEG2)
acpiprt4 at acpi0: bus -1 (PEG3)
acpiprt5 at acpi0: bus -1 (RP06)
acpiprt6 at acpi0: bus 1 (RP01)
acpiprt7 at acpi0: bus 2 (RP02)
acpiprt8 at acpi0: bus 3 (RP03)
acpiprt9 at acpi0: bus 4 (RP04)
acpiprt10 at acpi0: bus -1 (RP07)
acpiprt11 at acpi0: bus -1 (RP08)
acpiprt12 at acpi0: bus -1 (RP05)
acpiec0 at acpi0
acpicpu0 at acpi0: C2(350@104 mwait.1@0x20), C1(1000@1 mwait.1), PSS
acpicpu1 at acpi0: C2(350@104 mwait.1@0x20), C1(1000@1 mwait.1), PSS
acpicpu2 at acpi0: C2(350@104 mwait.1@0x20), C1(1000@1 mwait.1), PSS
acpicpu3 at acpi0: C2(350@104 mwait.1@0x20), C1(1000@1 mwait.1), PSS
acpitz0 at acpi0: critical temperature is 101 degC
acpitz1 at acpi0: critical temperature is 130 degC
acpicmos0 at acpi0
&quot;INT3F0D&quot; at acpi0 not configured
&quot;SYN0502&quot; at acpi0 not configured
tpm0 at acpi0: TPM_ addr 0xfed40000/0x5000: Infineon SLB9635 1.2 rev 0x10
&quot;INT3404&quot; at acpi0 not configured
&quot;INT3403&quot; at acpi0 not configured
&quot;INT3403&quot; at acpi0 not configured
&quot;INT3403&quot; at acpi0 not configured
&quot;INT3403&quot; at acpi0 not configured
&quot;INT3403&quot; at acpi0 not configured
&quot;INT3403&quot; at acpi0 not configured
&quot;INT3403&quot; at acpi0 not configured
&quot;INT3402&quot; at acpi0 not configured
&quot;MAT0021&quot; at acpi0 not configured
&quot;MAT0019&quot; at acpi0 not configured
acpiac0 at acpi0: AC unit online
acpibat0 at acpi0: BAT1 not present
acpibat1 at acpi0: BAT2 not present
acpibtn0 at acpi0: LID_
acpibtn1 at acpi0: PWRB
&quot;MAT001F&quot; at acpi0 not configured
&quot;INT3400&quot; at acpi0 not configured
acpivideo0 at acpi0: GFX0
acpivout0 at acpivideo0: DD02
cpu0: Enhanced SpeedStep 2492 MHz: speeds: 2501, 2500, 2000, 1800, 1600, 1400, 1200, 1000, 800 MHz
pci0 at mainbus0 bus 0
pchb0 at pci0 dev 0 function 0 &quot;Intel Core 2G Host&quot; rev 0x09
inteldrm0 at pci0 dev 2 function 0 &quot;Intel HD Graphics 3000&quot; rev 0x09
drm0 at inteldrm0
inteldrm0: msi
inteldrm0: 1280x800, 32bpp
wsdisplay0 at inteldrm0 mux 1: console (std, vt100 emulation)
wsdisplay0: screen 1-5 added (std, vt100 emulation)
vendor &quot;Intel&quot;, unknown product 0x0103 (class DASP subclass miscellaneous, rev 0x09) at pci0 dev 4 function 0 not configured
&quot;Intel 6 Series MEI&quot; rev 0x04 at pci0 dev 22 function 0 not configured
puc0 at pci0 dev 22 function 3 &quot;Intel 6 Series KT&quot; rev 0x04: ports: 16 com
com4 at puc0 port 0 apic 2 int 19: ns16550a, 16 byte fifo
com4: probed fifo depth: 0 bytes
em0 at pci0 dev 25 function 0 &quot;Intel 82579LM&quot; rev 0x04: msi, address xx:xx:xx:xx:xx:xx
ehci0 at pci0 dev 26 function 0 &quot;Intel 6 Series USB&quot; rev 0x04: apic 2 int 16
usb0 at ehci0: USB revision 2.0
uhub0 at usb0 configuration 1 interface 0 &quot;Intel EHCI root hub&quot; rev 2.00/1.00 addr 1
azalia0 at pci0 dev 27 function 0 &quot;Intel 6 Series HD Audio&quot; rev 0x04: msi
azalia0: codecs: Realtek ALC269, Intel/0x2805, using Realtek ALC269
audio0 at azalia0
ppb0 at pci0 dev 28 function 0 &quot;Intel 6 Series PCIE&quot; rev 0xb4: msi
pci1 at ppb0 bus 1
ppb1 at pci0 dev 28 function 1 &quot;Intel 6 Series PCIE&quot; rev 0xb4: msi
pci2 at ppb1 bus 2
ppb2 at pci0 dev 28 function 2 &quot;Intel 6 Series PCIE&quot; rev 0xb4: msi
pci3 at ppb2 bus 3
iwn0 at pci3 dev 0 function 0 &quot;Intel Centrino Advanced-N 6205&quot; rev 0x34: msi, MIMO 2T2R, MoW, address xx:xx:xx:xx:xx:xx
ppb3 at pci0 dev 28 function 3 &quot;Intel 82801BAM Hub-to-PCI&quot; rev 0xb4: msi
pci4 at ppb3 bus 4
cbb0 at pci4 dev 0 function 0 vendor &quot;Ricoh&quot;, unknown product 0xe476 rev 0x02: apic 2 int 19
sdhc0 at pci4 dev 0 function 1 &quot;Ricoh 5U822 SD/MMC&quot; rev 0x03: apic 2 int 16
sdhc0: SDHC 3.0, 50 MHz base clock
sdmmc0 at sdhc0: 4-bit, sd high-speed, mmc high-speed, dma
cardslot0 at cbb0 slot 0 flags 0
cardbus0 at cardslot0: bus 5 device 0 cacheline 0x0, lattimer 0x20
pcmcia0 at cardslot0
ehci1 at pci0 dev 29 function 0 &quot;Intel 6 Series USB&quot; rev 0x04: apic 2 int 23
usb1 at ehci1: USB revision 2.0
uhub1 at usb1 configuration 1 interface 0 &quot;Intel EHCI root hub&quot; rev 2.00/1.00 addr 1
pcib0 at pci0 dev 31 function 0 &quot;Intel QM67 LPC&quot; rev 0x04
ahci0 at pci0 dev 31 function 2 &quot;Intel 6 Series AHCI&quot; rev 0x04: msi, AHCI 1.3
ahci0: port 0: 3.0Gb/s
ahci0: PHY offline on port 1
scsibus1 at ahci0: 32 targets
sd0 at scsibus1 targ 0 lun 0: &lt;ATA, WDC WD3200BEKT-7, 01.0&gt; SCSI3 0/direct fixed naa.50014ee65685a923
sd0: 305245MB, 512 bytes/sector, 625142448 sectors
ichiic0 at pci0 dev 31 function 3 &quot;Intel 6 Series SMBus&quot; rev 0x04: apic 2 int 18
iic0 at ichiic0
spdmem0 at iic0 addr 0x50: 4GB DDR3 SDRAM PC3-10600 SO-DIMM
&quot;Intel 6 Series Thermal&quot; rev 0x04 at pci0 dev 31 function 6 not configured
isa0 at pcib0
isadma0 at isa0
pckbc0 at isa0 port 0x60/5 irq 1 irq 12
pckbd0 at pckbc0 (kbd slot)
wskbd0 at pckbd0: console keyboard, using wsdisplay0
pms0 at pckbc0 (aux slot)
wsmouse0 at pms0 mux 0
pms0: Synaptics touchpad, firmware 6.2, 0x39a0b2 0x200000
pcppi0 at isa0 port 0x61
spkr0 at pcppi0
vmm0 at mainbus0: VMX/EPT
uhub2 at uhub0 port 1 configuration 1 interface 0 &quot;Intel Rate Matching Hub&quot; rev 2.00/0.00 addr 2
uhub3 at uhub1 port 1 configuration 1 interface 0 &quot;Intel Rate Matching Hub&quot; rev 2.00/0.00 addr 2
uhidev0 at uhub3 port 7 configuration 1 interface 0 &quot;Tablet ISD-V4&quot; rev 1.10/0.11 addr 3
uhidev0: iclass 3/0, 17 report ids
ums0 at uhidev0 reportid 2: 3 buttons, tip, barrel, eraser
wsmouse1 at ums0 mux 0
uhid0 at uhidev0 reportid 17: input=7, output=0, feature=3
uhidev1 at uhub3 port 7 configuration 1 interface 1 &quot;Tablet ISD-V4&quot; rev 1.10/0.11 addr 3
uhidev1: iclass 3/0, 16 report ids
uhid1 at uhidev1 reportid 2: input=0, output=0, feature=1
uhid2 at uhidev1 reportid 3: input=0, output=0, feature=3
uhid3 at uhidev1 reportid 5: input=0, output=0, feature=8
uhid4 at uhidev1 reportid 6: input=0, output=0, feature=8
ums1 at uhidev1 reportid 12: 1 button, tip
wsmouse2 at ums1 mux 0
uhid5 at uhidev1 reportid 13: input=13, output=0, feature=0
uhid6 at uhidev1 reportid 14: input=0, output=0, feature=2
ums2 at uhidev1 reportid 15: 2 buttons
wsmouse3 at ums2 mux 0
ums3 at uhidev1 reportid 16: 1 button, tip
wsmouse4 at ums3 mux 0
vscsi0 at root
scsibus2 at vscsi0: 256 targets
softraid0 at root
scsibus3 at softraid0: 256 targets
root on sd0a (525f96496b4f54e1.a) swap on sd0b dump on sd0b
syncing disks... done
rebooting..
OpenBSD 6.3-current (GENERIC.MP) #17: Mon Apr 30 22:10:17 MDT 2018
    xxx@xxx.xxx:/usr/src/sys/arch/amd64/compile/GENERIC.MP
real mem = 4157177856 (3964MB)
avail mem = 4023160832 (3836MB)
mpath0 at root
scsibus0 at mpath0: 256 targets
mainbus0 at root
bios0 at mainbus0: SMBIOS rev. 2.6 @ 0xeb220 (28 entries)
bios0: vendor American Megatrends Inc. version &quot;V2.00L11&quot; date 06/16/2011
bios0: Panasonic Corporation CF-C1BD06EFG
acpi0 at bios0: rev 2
acpi0: sleep states S0 S3 S4 S5
acpi0: tables DSDT FACP APIC HPET SLIC MCFG SSDT SSDT SSDT SSDT DMAR SSDT TCPA ASF! SSDT
acpi0: wakeup devices PEG0(S4) PEGP(S4) PEG1(S4) PEG2(S4) PEG3(S4) TMCP(S4) EHC1(S3) HDEF(S3) PXSX(S4) RP06(S4) GLAN(S4) PXSX(S4) PXSX(S4) PXSX(S4) PXSX(S4) LID_(S4)
acpitimer0 at acpi0: 3579545 Hz, 24 bits
acpimadt0 at acpi0 addr 0xfee00000: PC-AT compat
cpu0 at mainbus0: apid 0 (boot processor)
cpu0: Intel(R) Core(TM) i5-2520M CPU @ 2.50GHz, 2492.25 MHz
cpu0: FPU,VME,DE,PSE,TSC,MSR,PAE,MCE,CX8,APIC,SEP,MTRR,PGE,MCA,CMOV,PAT,PSE36,CFLUSH,DS,ACPI,MMX,FXSR,SSE,SSE2,SS,HTT,TM,PBE,SSE3,PCLMUL,DTES64,MWAIT,DS-CPL,VMX,SMX,EST,TM2,SSSE3,CX16,xTPR,PDCM,PCID,SSE4.1,SSE4.2,x2APIC,POPCNT,DEADLINE,AES,XSAVE,AVX,NXE,RDTSCP,LONG,LAHF,PERF,ITSC,IBRS,IBPB,STIBP,SENSOR,ARAT,MELTDOWN
cpu0: 256KB 64b/line 8-way L2 cache
cpu0: smt 0, core 0, package 0
mtrr: Pentium Pro MTRR support, 10 var ranges, 88 fixed ranges
cpu0: apic clock running at 99MHz
cpu0: mwait min=64, max=64, C-substates=0.2.1.1.2, IBE
cpu1 at mainbus0: apid 2 (application processor)
cpu1: Intel(R) Core(TM) i5-2520M CPU @ 2.50GHz, 2491.90 MHz
cpu1: FPU,VME,DE,PSE,TSC,MSR,PAE,MCE,CX8,APIC,SEP,MTRR,PGE,MCA,CMOV,PAT,PSE36,CFLUSH,DS,ACPI,MMX,FXSR,SSE,SSE2,SS,HTT,TM,PBE,SSE3,PCLMUL,DTES64,MWAIT,DS-CPL,VMX,SMX,EST,TM2,SSSE3,CX16,xTPR,PDCM,PCID,SSE4.1,SSE4.2,x2APIC,POPCNT,DEADLINE,AES,XSAVE,AVX,NXE,RDTSCP,LONG,LAHF,PERF,ITSC,IBRS,IBPB,STIBP,SENSOR,ARAT,MELTDOWN
cpu1: 256KB 64b/line 8-way L2 cache
cpu1: smt 0, core 1, package 0
cpu2 at mainbus0: apid 1 (application processor)
cpu2: Intel(R) Core(TM) i5-2520M CPU @ 2.50GHz, 2491.90 MHz
cpu2: FPU,VME,DE,PSE,TSC,MSR,PAE,MCE,CX8,APIC,SEP,MTRR,PGE,MCA,CMOV,PAT,PSE36,CFLUSH,DS,ACPI,MMX,FXSR,SSE,SSE2,SS,HTT,TM,PBE,SSE3,PCLMUL,DTES64,MWAIT,DS-CPL,VMX,SMX,EST,TM2,SSSE3,CX16,xTPR,PDCM,PCID,SSE4.1,SSE4.2,x2APIC,POPCNT,DEADLINE,AES,XSAVE,AVX,NXE,RDTSCP,LONG,LAHF,PERF,ITSC,IBRS,IBPB,STIBP,SENSOR,ARAT,MELTDOWN
cpu2: 256KB 64b/line 8-way L2 cache
cpu2: smt 1, core 0, package 0
cpu3 at mainbus0: apid 3 (application processor)
cpu3: Intel(R) Core(TM) i5-2520M CPU @ 2.50GHz, 2491.91 MHz
cpu3: FPU,VME,DE,PSE,TSC,MSR,PAE,MCE,CX8,APIC,SEP,MTRR,PGE,MCA,CMOV,PAT,PSE36,CFLUSH,DS,ACPI,MMX,FXSR,SSE,SSE2,SS,HTT,TM,PBE,SSE3,PCLMUL,DTES64,MWAIT,DS-CPL,VMX,SMX,EST,TM2,SSSE3,CX16,xTPR,PDCM,PCID,SSE4.1,SSE4.2,x2APIC,POPCNT,DEADLINE,AES,XSAVE,AVX,NXE,RDTSCP,LONG,LAHF,PERF,ITSC,IBRS,IBPB,STIBP,SENSOR,ARAT,MELTDOWN
cpu3: 256KB 64b/line 8-way L2 cache
cpu3: smt 1, core 1, package 0
ioapic0 at mainbus0: apid 2 pa 0xfec00000, version 20, 24 pins
acpihpet0 at acpi0: 14318179 Hz
acpimcfg0 at acpi0 addr 0xf8000000, bus 0-63
acpi0: unable to load \\LDTB.TBXP
acpi0: unable to load \\LDTB.TBSE
acpiprt0 at acpi0: bus 0 (PCI0)
acpiprt1 at acpi0: bus -1 (PEG0)
acpiprt2 at acpi0: bus -1 (PEG1)
acpiprt3 at acpi0: bus -1 (PEG2)
acpiprt4 at acpi0: bus -1 (PEG3)
acpiprt5 at acpi0: bus -1 (RP06)
acpiprt6 at acpi0: bus 1 (RP01)
acpiprt7 at acpi0: bus 2 (RP02)
acpiprt8 at acpi0: bus 3 (RP03)
acpiprt9 at acpi0: bus 4 (RP04)
acpiprt10 at acpi0: bus -1 (RP07)
acpiprt11 at acpi0: bus -1 (RP08)
acpiprt12 at acpi0: bus -1 (RP05)
acpiec0 at acpi0
acpicpu0 at acpi0: C2(350@104 mwait.1@0x20), C1(1000@1 mwait.1), PSS
acpicpu1 at acpi0: C2(350@104 mwait.1@0x20), C1(1000@1 mwait.1), PSS
acpicpu2 at acpi0: C2(350@104 mwait.1@0x20), C1(1000@1 mwait.1), PSS
acpicpu3 at acpi0: C2(350@104 mwait.1@0x20), C1(1000@1 mwait.1), PSS
acpitz0 at acpi0: critical temperature is 101 degC
acpitz1 at acpi0: critical temperature is 130 degC
acpicmos0 at acpi0
&quot;INT3F0D&quot; at acpi0 not configured
&quot;SYN0502&quot; at acpi0 not configured
tpm0 at acpi0: TPM_ addr 0xfed40000/0x5000: Infineon SLB9635 1.2 rev 0x10
&quot;INT3404&quot; at acpi0 not configured
&quot;INT3403&quot; at acpi0 not configured
&quot;INT3403&quot; at acpi0 not configured
&quot;INT3403&quot; at acpi0 not configured
&quot;INT3403&quot; at acpi0 not configured
&quot;INT3403&quot; at acpi0 not configured
&quot;INT3403&quot; at acpi0 not configured
&quot;INT3403&quot; at acpi0 not configured
&quot;INT3402&quot; at acpi0 not configured
&quot;MAT0021&quot; at acpi0 not configured
&quot;MAT0019&quot; at acpi0 not configured
acpiac0 at acpi0: AC unit online
acpibat0 at acpi0: BAT1 not present
acpibat1 at acpi0: BAT2 not present
acpibtn0 at acpi0: LID_
acpibtn1 at acpi0: PWRB
&quot;MAT001F&quot; at acpi0 not configured
&quot;INT3400&quot; at acpi0 not configured
acpivideo0 at acpi0: GFX0
acpivout0 at acpivideo0: DD02
cpu0: Enhanced SpeedStep 2492 MHz: speeds: 2501, 2500, 2000, 1800, 1600, 1400, 1200, 1000, 800 MHz
pci0 at mainbus0 bus 0
pchb0 at pci0 dev 0 function 0 &quot;Intel Core 2G Host&quot; rev 0x09
inteldrm0 at pci0 dev 2 function 0 &quot;Intel HD Graphics 3000&quot; rev 0x09
drm0 at inteldrm0
inteldrm0: msi
inteldrm0: 1280x800, 32bpp
wsdisplay0 at inteldrm0 mux 1: console (std, vt100 emulation)
wsdisplay0: screen 1-5 added (std, vt100 emulation)
vendor &quot;Intel&quot;, unknown product 0x0103 (class DASP subclass miscellaneous, rev 0x09) at pci0 dev 4 function 0 not configured
&quot;Intel 6 Series MEI&quot; rev 0x04 at pci0 dev 22 function 0 not configured
puc0 at pci0 dev 22 function 3 &quot;Intel 6 Series KT&quot; rev 0x04: ports: 16 com
com4 at puc0 port 0 apic 2 int 19: ns16550a, 16 byte fifo
com4: probed fifo depth: 0 bytes
em0 at pci0 dev 25 function 0 &quot;Intel 82579LM&quot; rev 0x04: msi, address xx:xx:xx:xx:xx:xx
ehci0 at pci0 dev 26 function 0 &quot;Intel 6 Series USB&quot; rev 0x04: apic 2 int 16
usb0 at ehci0: USB revision 2.0
uhub0 at usb0 configuration 1 interface 0 &quot;Intel EHCI root hub&quot; rev 2.00/1.00 addr 1
azalia0 at pci0 dev 27 function 0 &quot;Intel 6 Series HD Audio&quot; rev 0x04: msi
azalia0: codecs: Realtek ALC269, Intel/0x2805, using Realtek ALC269
audio0 at azalia0
ppb0 at pci0 dev 28 function 0 &quot;Intel 6 Series PCIE&quot; rev 0xb4: msi
pci1 at ppb0 bus 1
ppb1 at pci0 dev 28 function 1 &quot;Intel 6 Series PCIE&quot; rev 0xb4: msi
pci2 at ppb1 bus 2
ppb2 at pci0 dev 28 function 2 &quot;Intel 6 Series PCIE&quot; rev 0xb4: msi
pci3 at ppb2 bus 3
iwn0 at pci3 dev 0 function 0 &quot;Intel Centrino Advanced-N 6205&quot; rev 0x34: msi, MIMO 2T2R, MoW, address xx:xx:xx:xx:xx:xx
ppb3 at pci0 dev 28 function 3 &quot;Intel 82801BAM Hub-to-PCI&quot; rev 0xb4: msi
pci4 at ppb3 bus 4
cbb0 at pci4 dev 0 function 0 vendor &quot;Ricoh&quot;, unknown product 0xe476 rev 0x02: apic 2 int 19
sdhc0 at pci4 dev 0 function 1 &quot;Ricoh 5U822 SD/MMC&quot; rev 0x03: apic 2 int 16
sdhc0: SDHC 3.0, 50 MHz base clock
sdmmc0 at sdhc0: 4-bit, sd high-speed, mmc high-speed, dma
cardslot0 at cbb0 slot 0 flags 0
cardbus0 at cardslot0: bus 5 device 0 cacheline 0x0, lattimer 0x20
pcmcia0 at cardslot0
ehci1 at pci0 dev 29 function 0 &quot;Intel 6 Series USB&quot; rev 0x04: apic 2 int 23
usb1 at ehci1: USB revision 2.0
uhub1 at usb1 configuration 1 interface 0 &quot;Intel EHCI root hub&quot; rev 2.00/1.00 addr 1
pcib0 at pci0 dev 31 function 0 &quot;Intel QM67 LPC&quot; rev 0x04
ahci0 at pci0 dev 31 function 2 &quot;Intel 6 Series AHCI&quot; rev 0x04: msi, AHCI 1.3
ahci0: port 0: 3.0Gb/s
ahci0: PHY offline on port 1
scsibus1 at ahci0: 32 targets
sd0 at scsibus1 targ 0 lun 0: &lt;ATA, WDC WD3200BEKT-7, 01.0&gt; SCSI3 0/direct fixed naa.50014ee65685a923
sd0: 305245MB, 512 bytes/sector, 625142448 sectors
ichiic0 at pci0 dev 31 function 3 &quot;Intel 6 Series SMBus&quot; rev 0x04: apic 2 int 18
iic0 at ichiic0
spdmem0 at iic0 addr 0x50: 4GB DDR3 SDRAM PC3-10600 SO-DIMM
&quot;Intel 6 Series Thermal&quot; rev 0x04 at pci0 dev 31 function 6 not configured
isa0 at pcib0
isadma0 at isa0
pckbc0 at isa0 port 0x60/5 irq 1 irq 12
pckbd0 at pckbc0 (kbd slot)
wskbd0 at pckbd0: console keyboard, using wsdisplay0
pms0 at pckbc0 (aux slot)
wsmouse0 at pms0 mux 0
pms0: Synaptics touchpad, firmware 6.2, 0x39a0b2 0x200000
pcppi0 at isa0 port 0x61
spkr0 at pcppi0
vmm0 at mainbus0: VMX/EPT
uhub2 at uhub0 port 1 configuration 1 interface 0 &quot;Intel Rate Matching Hub&quot; rev 2.00/0.00 addr 2
uhub3 at uhub1 port 1 configuration 1 interface 0 &quot;Intel Rate Matching Hub&quot; rev 2.00/0.00 addr 2
uhidev0 at uhub3 port 7 configuration 1 interface 0 &quot;Tablet ISD-V4&quot; rev 1.10/0.11 addr 3
uhidev0: iclass 3/0, 17 report ids
ums0 at uhidev0 reportid 2: 3 buttons, tip, barrel, eraser
wsmouse1 at ums0 mux 0
uhid0 at uhidev0 reportid 17: input=7, output=0, feature=3
uhidev1 at uhub3 port 7 configuration 1 interface 1 &quot;Tablet ISD-V4&quot; rev 1.10/0.11 addr 3
uhidev1: iclass 3/0, 16 report ids
uhid1 at uhidev1 reportid 2: input=0, output=0, feature=1
uhid2 at uhidev1 reportid 3: input=0, output=0, feature=3
uhid3 at uhidev1 reportid 5: input=0, output=0, feature=8
uhid4 at uhidev1 reportid 6: input=0, output=0, feature=8
ums1 at uhidev1 reportid 12: 1 button, tip
wsmouse2 at ums1 mux 0
uhid5 at uhidev1 reportid 13: input=13, output=0, feature=0
uhid6 at uhidev1 reportid 14: input=0, output=0, feature=2
ums2 at uhidev1 reportid 15: 2 buttons
wsmouse3 at ums2 mux 0
ums3 at uhidev1 reportid 16: 1 button, tip
wsmouse4 at ums3 mux 0
vscsi0 at root
scsibus2 at vscsi0: 256 targets
softraid0 at root
scsibus3 at softraid0: 256 targets
root on sd0a (525f96496b4f54e1.a) swap on sd0b dump on sd0b
uhub2 detached
uhub0 detached
wsmouse1 detached
ums0 detached
uhid0 detached
uhidev0 detached
uhid1 detached
uhid2 detached
uhid3 detached
uhid4 detached
wsmouse2 detached
ums1 detached
uhid5 detached
uhid6 detached
wsmouse3 detached
ums2 detached
wsmouse4 detached
ums3 detached
uhidev1 detached
uhub3 detached
uhub1 detached
uhub0 at usb0 configuration 1 interface 0 &quot;Intel EHCI root hub&quot; rev 2.00/1.00 addr 1
uhub1 at usb1 configuration 1 interface 0 &quot;Intel EHCI root hub&quot; rev 2.00/1.00 addr 1
uhub2 at uhub0 port 1 configuration 1 interface 0 &quot;Intel Rate Matching Hub&quot; rev 2.00/0.00 addr 2
uhub3 at uhub1 port 1 configuration 1 interface 0 &quot;Intel Rate Matching Hub&quot; rev 2.00/0.00 addr 2
uhidev0 at uhub3 port 7 configuration 1 interface 0 &quot;Tablet ISD-V4&quot; rev 1.10/0.11 addr 3
uhidev0: iclass 3/0, 17 report ids
ums0 at uhidev0 reportid 2: 3 buttons, tip, barrel, eraser
wsmouse1 at ums0 mux 0
uhid0 at uhidev0 reportid 17: input=7, output=0, feature=3
uhidev1 at uhub3 port 7 configuration 1 interface 1 &quot;Tablet ISD-V4&quot; rev 1.10/0.11 addr 3
uhidev1: iclass 3/0, 16 report ids
uhid1 at uhidev1 reportid 2: input=0, output=0, feature=1
uhid2 at uhidev1 reportid 3: input=0, output=0, feature=3
uhid3 at uhidev1 reportid 5: input=0, output=0, feature=8
uhid4 at uhidev1 reportid 6: input=0, output=0, feature=8
ums1 at uhidev1 reportid 12: 1 button, tip
wsmouse2 at ums1 mux 0
uhid5 at uhidev1 reportid 13: input=13, output=0, feature=0
uhid6 at uhidev1 reportid 14: input=0, output=0, feature=2
ums2 at uhidev1 reportid 15: 2 buttons
wsmouse3 at ums2 mux 0
ums3 at uhidev1 reportid 16: 1 button, tip
wsmouse4 at ums3 mux 0
syncing disks... done
rebooting.
OpenBSD 6.3-current (GENERIC.MP) #17: Mon Apr 30 22:10:17 MDT 2018
    xxx@xxx.xxx:/usr/src/sys/arch/amd64/compile/GENERIC.MP
real mem = 4157177856 (3964MB)
avail mem = 4023152640 (3836MB)
mpath0 at root
scsibus0 at mpath0: 256 targets
mainbus0 at root
bios0 at mainbus0: SMBIOS rev. 2.6 @ 0xeb220 (28 entries)
bios0: vendor American Megatrends Inc. version &quot;V2.00L11&quot; date 06/16/2011
bios0: Panasonic Corporation CF-C1BD06EFG
acpi0 at bios0: rev 2
acpi0: sleep states S0 S3 S4 S5
acpi0: tables DSDT FACP APIC HPET SLIC MCFG SSDT SSDT SSDT SSDT DMAR SSDT TCPA ASF! SSDT
acpi0: wakeup devices PEG0(S4) PEGP(S4) PEG1(S4) PEG2(S4) PEG3(S4) TMCP(S4) EHC1(S3) HDEF(S3) PXSX(S4) RP06(S4) GLAN(S4) PXSX(S4) PXSX(S4) PXSX(S4) PXSX(S4) LID_(S4)
acpitimer0 at acpi0: 3579545 Hz, 24 bits
acpimadt0 at acpi0 addr 0xfee00000: PC-AT compat
cpu0 at mainbus0: apid 0 (boot processor)
cpu0: Intel(R) Core(TM) i5-2520M CPU @ 2.50GHz, 2492.32 MHz
cpu0: FPU,VME,DE,PSE,TSC,MSR,PAE,MCE,CX8,APIC,SEP,MTRR,PGE,MCA,CMOV,PAT,PSE36,CFLUSH,DS,ACPI,MMX,FXSR,SSE,SSE2,SS,HTT,TM,PBE,SSE3,PCLMUL,DTES64,MWAIT,DS-CPL,VMX,SMX,EST,TM2,SSSE3,CX16,xTPR,PDCM,PCID,SSE4.1,SSE4.2,x2APIC,POPCNT,DEADLINE,AES,XSAVE,AVX,NXE,RDTSCP,LONG,LAHF,PERF,ITSC,IBRS,IBPB,STIBP,SENSOR,ARAT,MELTDOWN
cpu0: 256KB 64b/line 8-way L2 cache
cpu0: smt 0, core 0, package 0
mtrr: Pentium Pro MTRR support, 10 var ranges, 88 fixed ranges
cpu0: apic clock running at 99MHz
cpu0: mwait min=64, max=64, C-substates=0.2.1.1.2, IBE
cpu1 at mainbus0: apid 2 (application processor)
cpu1: Intel(R) Core(TM) i5-2520M CPU @ 2.50GHz, 2491.91 MHz
cpu1: FPU,VME,DE,PSE,TSC,MSR,PAE,MCE,CX8,APIC,SEP,MTRR,PGE,MCA,CMOV,PAT,PSE36,CFLUSH,DS,ACPI,MMX,FXSR,SSE,SSE2,SS,HTT,TM,PBE,SSE3,PCLMUL,DTES64,MWAIT,DS-CPL,VMX,SMX,EST,TM2,SSSE3,CX16,xTPR,PDCM,PCID,SSE4.1,SSE4.2,x2APIC,POPCNT,DEADLINE,AES,XSAVE,AVX,NXE,RDTSCP,LONG,LAHF,PERF,ITSC,IBRS,IBPB,STIBP,SENSOR,ARAT,MELTDOWN
cpu1: 256KB 64b/line 8-way L2 cache
cpu1: smt 0, core 1, package 0
cpu2 at mainbus0: apid 1 (application processor)
cpu2: Intel(R) Core(TM) i5-2520M CPU @ 2.50GHz, 2491.91 MHz
cpu2: FPU,VME,DE,PSE,TSC,MSR,PAE,MCE,CX8,APIC,SEP,MTRR,PGE,MCA,CMOV,PAT,PSE36,CFLUSH,DS,ACPI,MMX,FXSR,SSE,SSE2,SS,HTT,TM,PBE,SSE3,PCLMUL,DTES64,MWAIT,DS-CPL,VMX,SMX,EST,TM2,SSSE3,CX16,xTPR,PDCM,PCID,SSE4.1,SSE4.2,x2APIC,POPCNT,DEADLINE,AES,XSAVE,AVX,NXE,RDTSCP,LONG,LAHF,PERF,ITSC,IBRS,IBPB,STIBP,SENSOR,ARAT,MELTDOWN
cpu2: 256KB 64b/line 8-way L2 cache
cpu2: smt 1, core 0, package 0
cpu3 at mainbus0: apid 3 (application processor)
cpu3: Intel(R) Core(TM) i5-2520M CPU @ 2.50GHz, 2491.91 MHz
cpu3: FPU,VME,DE,PSE,TSC,MSR,PAE,MCE,CX8,APIC,SEP,MTRR,PGE,MCA,CMOV,PAT,PSE36,CFLUSH,DS,ACPI,MMX,FXSR,SSE,SSE2,SS,HTT,TM,PBE,SSE3,PCLMUL,DTES64,MWAIT,DS-CPL,VMX,SMX,EST,TM2,SSSE3,CX16,xTPR,PDCM,PCID,SSE4.1,SSE4.2,x2APIC,POPCNT,DEADLINE,AES,XSAVE,AVX,NXE,RDTSCP,LONG,LAHF,PERF,ITSC,IBRS,IBPB,STIBP,SENSOR,ARAT,MELTDOWN
cpu3: 256KB 64b/line 8-way L2 cache
cpu3: smt 1, core 1, package 0
ioapic0 at mainbus0: apid 2 pa 0xfec00000, version 20, 24 pins
acpihpet0 at acpi0: 14318179 Hz
acpimcfg0 at acpi0 addr 0xf8000000, bus 0-63

acpi0: \M^?\^G\^P checksum erroracpi0: unable to load \\LDTB.TBXP

acpi0: \M^?\^G\^P checksum erroracpi0: unable to load \\LDTB.TBSE
acpiprt0 at acpi0: bus 0 (PCI0)
acpiprt1 at acpi0: bus -1 (PEG0)
acpiprt2 at acpi0: bus -1 (PEG1)
acpiprt3 at acpi0: bus -1 (PEG2)
acpiprt4 at acpi0: bus -1 (PEG3)
acpiprt5 at acpi0: bus -1 (RP06)
acpiprt6 at acpi0: bus 1 (RP01)
acpiprt7 at acpi0: bus 2 (RP02)
acpiprt8 at acpi0: bus 3 (RP03)
acpiprt9 at acpi0: bus 4 (RP04)
acpiprt10 at acpi0: bus -1 (RP07)
acpiprt11 at acpi0: bus -1 (RP08)
acpiprt12 at acpi0: bus -1 (RP05)
acpiec0 at acpi0
acpicpu0 at acpi0: C2(350@104 mwait.1@0x20), C1(1000@1 mwait.1), PSS
acpicpu1 at acpi0: C2(350@104 mwait.1@0x20), C1(1000@1 mwait.1), PSS
acpicpu2 at acpi0: C2(350@104 mwait.1@0x20), C1(1000@1 mwait.1), PSS
acpicpu3 at acpi0: C2(350@104 mwait.1@0x20), C1(1000@1 mwait.1), PSS
acpitz0 at acpi0: critical temperature is 101 degC
acpitz1 at acpi0: critical temperature is 130 degC
acpicmos0 at acpi0
&quot;INT3F0D&quot; at acpi0 not configured
&quot;SYN0502&quot; at acpi0 not configured
tpm0 at acpi0: TPM_ addr 0xfed40000/0x5000: Infineon SLB9635 1.2 rev 0x10
&quot;INT3404&quot; at acpi0 not configured
&quot;INT3403&quot; at acpi0 not configured
&quot;INT3403&quot; at acpi0 not configured
&quot;INT3403&quot; at acpi0 not configured
&quot;INT3403&quot; at acpi0 not configured
&quot;INT3403&quot; at acpi0 not configured
&quot;INT3403&quot; at acpi0 not configured
&quot;INT3403&quot; at acpi0 not configured
&quot;INT3402&quot; at acpi0 not configured
&quot;MAT0021&quot; at acpi0 not configured
&quot;MAT0019&quot; at acpi0 not configured
acpiac0 at acpi0: AC unit online
acpibat0 at acpi0: BAT1 not present
acpibat1 at acpi0: BAT2 not present
acpibtn0 at acpi0: LID_
acpibtn1 at acpi0: PWRB
&quot;MAT001F&quot; at acpi0 not configured
&quot;INT3400&quot; at acpi0 not configured
acpivideo0 at acpi0: GFX0
acpivout0 at acpivideo0: DD02
cpu0: Enhanced SpeedStep 2492 MHz: speeds: 2501, 2500, 2000, 1800, 1600, 1400, 1200, 1000, 800 MHz
pci0 at mainbus0 bus 0
pchb0 at pci0 dev 0 function 0 &quot;Intel Core 2G Host&quot; rev 0x09
inteldrm0 at pci0 dev 2 function 0 &quot;Intel HD Graphics 3000&quot; rev 0x09
drm0 at inteldrm0
inteldrm0: msi
inteldrm0: 1280x800, 32bpp
wsdisplay0 at inteldrm0 mux 1: console (std, vt100 emulation)
wsdisplay0: screen 1-5 added (std, vt100 emulation)
vendor &quot;Intel&quot;, unknown product 0x0103 (class DASP subclass miscellaneous, rev 0x09) at pci0 dev 4 function 0 not configured
&quot;Intel 6 Series MEI&quot; rev 0x04 at pci0 dev 22 function 0 not configured
puc0 at pci0 dev 22 function 3 &quot;Intel 6 Series KT&quot; rev 0x04: ports: 16 com
com4 at puc0 port 0 apic 2 int 19: ns16550a, 16 byte fifo
com4: probed fifo depth: 0 bytes
em0 at pci0 dev 25 function 0 &quot;Intel 82579LM&quot; rev 0x04: msi, address xx:xx:xx:xx:xx:xx
ehci0 at pci0 dev 26 function 0 &quot;Intel 6 Series USB&quot; rev 0x04: apic 2 int 16
usb0 at ehci0: USB revision 2.0
uhub0 at usb0 configuration 1 interface 0 &quot;Intel EHCI root hub&quot; rev 2.00/1.00 addr 1
azalia0 at pci0 dev 27 function 0 &quot;Intel 6 Series HD Audio&quot; rev 0x04: msi
azalia0: codecs: Realtek ALC269, Intel/0x2805, using Realtek ALC269
audio0 at azalia0
ppb0 at pci0 dev 28 function 0 &quot;Intel 6 Series PCIE&quot; rev 0xb4: msi
pci1 at ppb0 bus 1
ppb1 at pci0 dev 28 function 1 &quot;Intel 6 Series PCIE&quot; rev 0xb4: msi
pci2 at ppb1 bus 2
ppb2 at pci0 dev 28 function 2 &quot;Intel 6 Series PCIE&quot; rev 0xb4: msi
pci3 at ppb2 bus 3
iwn0 at pci3 dev 0 function 0 &quot;Intel Centrino Advanced-N 6205&quot; rev 0x34: msi, MIMO 2T2R, MoW, address xx:xx:xx:xx:xx:xx
ppb3 at pci0 dev 28 function 3 &quot;Intel 82801BAM Hub-to-PCI&quot; rev 0xb4: msi
pci4 at ppb3 bus 4
cbb0 at pci4 dev 0 function 0 vendor &quot;Ricoh&quot;, unknown product 0xe476 rev 0x02: apic 2 int 19
sdhc0 at pci4 dev 0 function 1 &quot;Ricoh 5U822 SD/MMC&quot; rev 0x03: apic 2 int 16
sdhc0: SDHC 3.0, 50 MHz base clock
sdmmc0 at sdhc0: 4-bit, sd high-speed, mmc high-speed, dma
cardslot0 at cbb0 slot 0 flags 0
cardbus0 at cardslot0: bus 5 device 0 cacheline 0x0, lattimer 0x20
pcmcia0 at cardslot0
ehci1 at pci0 dev 29 function 0 &quot;Intel 6 Series USB&quot; rev 0x04: apic 2 int 23
usb1 at ehci1: USB revision 2.0
uhub1 at usb1 configuration 1 interface 0 &quot;Intel EHCI root hub&quot; rev 2.00/1.00 addr 1
pcib0 at pci0 dev 31 function 0 &quot;Intel QM67 LPC&quot; rev 0x04
ahci0 at pci0 dev 31 function 2 &quot;Intel 6 Series AHCI&quot; rev 0x04: msi, AHCI 1.3
ahci0: port 0: 3.0Gb/s
ahci0: PHY offline on port 1
scsibus1 at ahci0: 32 targets
sd0 at scsibus1 targ 0 lun 0: &lt;ATA, WDC WD3200BEKT-7, 01.0&gt; SCSI3 0/direct fixed naa.50014ee65685a923
sd0: 305245MB, 512 bytes/sector, 625142448 sectors
ichiic0 at pci0 dev 31 function 3 &quot;Intel 6 Series SMBus&quot; rev 0x04: apic 2 int 18
iic0 at ichiic0
spdmem0 at iic0 addr 0x50: 4GB DDR3 SDRAM PC3-10600 SO-DIMM
&quot;Intel 6 Series Thermal&quot; rev 0x04 at pci0 dev 31 function 6 not configured
isa0 at pcib0
isadma0 at isa0
pckbc0 at isa0 port 0x60/5 irq 1 irq 12
pckbd0 at pckbc0 (kbd slot)
wskbd0 at pckbd0: console keyboard, using wsdisplay0
pms0 at pckbc0 (aux slot)
wsmouse0 at pms0 mux 0
pms0: Synaptics touchpad, firmware 6.2, 0x39a0b2 0x200000
pcppi0 at isa0 port 0x61
spkr0 at pcppi0
vmm0 at mainbus0: VMX/EPT
uhub2 at uhub0 port 1 configuration 1 interface 0 &quot;Intel Rate Matching Hub&quot; rev 2.00/0.00 addr 2
uhub3 at uhub1 port 1 configuration 1 interface 0 &quot;Intel Rate Matching Hub&quot; rev 2.00/0.00 addr 2
uhidev0 at uhub3 port 7 configuration 1 interface 0 &quot;Tablet ISD-V4&quot; rev 1.10/0.11 addr 3
uhidev0: iclass 3/0, 17 report ids
ums0 at uhidev0 reportid 2: 3 buttons, tip, barrel, eraser
wsmouse1 at ums0 mux 0
uhid0 at uhidev0 reportid 17: input=7, output=0, feature=3
uhidev1 at uhub3 port 7 configuration 1 interface 1 &quot;Tablet ISD-V4&quot; rev 1.10/0.11 addr 3
uhidev1: iclass 3/0, 16 report ids
uhid1 at uhidev1 reportid 2: input=0, output=0, feature=1
uhid2 at uhidev1 reportid 3: input=0, output=0, feature=3
uhid3 at uhidev1 reportid 5: input=0, output=0, feature=8
uhid4 at uhidev1 reportid 6: input=0, output=0, feature=8
ums1 at uhidev1 reportid 12: 1 button, tip
wsmouse2 at ums1 mux 0
uhid5 at uhidev1 reportid 13: input=13, output=0, feature=0
uhid6 at uhidev1 reportid 14: input=0, output=0, feature=2
ums2 at uhidev1 reportid 15: 2 buttons
wsmouse3 at ums2 mux 0
ums3 at uhidev1 reportid 16: 1 button, tip
wsmouse4 at ums3 mux 0
vscsi0 at root
scsibus2 at vscsi0: 256 targets
softraid0 at root
scsibus3 at softraid0: 256 targets
root on sd0a swap on sd0b dump on sd0b

</pre>



</div><!-- content -->
<br />
<div id="footer">
All comments/news/posts are the property of their individual owner and
is presented without warranty of suitability, and solely as an
informational resource. <br />
This site Copyright &copy; 2004-2020 NYC*BUG.
</div><!-- footer -->

</body>
</html>

