



<!doctype html>
<html lang="en">
<head>
<meta name="keywords"
	content="bsd, freebsd, openbsd, netbsd, dragonflybsd, nycbug, dmesgd" />
<meta name="description" content="New York City BSD User Group dmesgd" />
<meta charset="utf-8" />
<meta name="viewport" content="width=device-width, initial-scale=1" />
<title>NYC*BUG dmesgd</title>
<style>
body {
	text-align: left;
	margin: 15px auto;
	padding: 0px 10px;
}
@media (min-width: 800px) {
	body {
		max-width: 85%;
	}
}
#header {
	border-bottom: 1px solid #dbdbdb;
	font-size: 230%;
	text-align: left;
}
#footer {
	border-top: 1px solid #dbdbdb;
	clear: both;
	text-align: left;
}
.logo_bug {
	color: #cc0033;
}
#menu ul {
	list-style-type: none;
	margin: 0;
	padding: 0;
}
#menu li {
	float: left;
}
#menu li a {
	display: block;
	background-color: #dbdbdb;
	color: #000000;
	font-size: 105%;
	font-weight: bold;
	padding: 0px 6px 0px 6px;
	text-decoration: none;
}
#content {
	clear: both;
	text-align: left;
	padding-top: 10px;
}
#content h1 {
	font-size: 120%;
	font-weight: bold;
}
#content h2 {
	font-size: 110%;
	font-weight: bold;
}
#content a {
	text-decoration: none;
}
#content pre {
	background-color: #dbdbdb;
	padding: 5px 5px 5px 5px;
	white-space: pre-wrap;		/* css-3 */
	white-space: -moz-pre-wrap;	/* Mozilla, since 1999 */
	white-space: -pre-wrap;		/* Opera 4-6 */
	white-space: -o-pre-wrap;	/* Opera 7 */
	word-wrap: break-word;		/* Internet Explorer 5.5+ */
}
#content table {
	border-collapse: collapse;
}
#content table th {
	border: 1px solid #dbdbdb;
	font-size: 85%;
	white-space: nowrap;
}
#content table td {
	border: 1px solid #dbdbdb;
	font-size: 80%;
}
#content input {
	font-size: 1em;
}
#content .full	{ width: 100%; }
#content .left	{ text-align: left; }
#content .right	{ text-align: right; }
#content .center { text-align: center; }
#content .flexbox {
	display: -ms-flex;
	display: -webkit-flex;
	display: flex;
	width: 100%;
}
#content .left_col {
	min-width: 75px;
	max-width: 50%;
	flex-grow: 0;
}
#content .right_col {
	flex-grow: 1;
	margin-left: 10px;
	padding-top: 10px;
	padding-left: 10px;
}
#col {
	-moz-column-count: 3;
	-webkit-column-count: 3;
	column-count: 3;
}
</style>
</head>
<body>

<div id="header">
<strong><em>NYC*</em><span class="logo_bug">BUG</span> dmesgd</strong>
</div><!-- header -->

<div id="menu">
<ul>
<li><a href="https://dmesgd.nycbug.org/index.cgi?do=index">Home</a></li>
<li><a href="https://dmesgd.nycbug.org/index.cgi?do=submit">Submit</a></li>
<li><a href="https://www.nycbug.org/">NYC*BUG</a></li>
</ul>
</div><!-- menu -->

<div id="content">

<p>
Launched in 2004, dmesgd aims to provide a
<strong>user-submitted</strong> repository of searchable *BSD dmesgs.
The dmesg(8) command displays the system message buffer's content, and
during boot a copy is saved to <em>/var/run/dmesg.boot</em>.  This buffer
contains the operating system release, name and version, a list of
devices identified, plus a whole host of other useful information.  We
hope others find this resource useful and further contribute to its
growth. Contact us at [ admin at lists dot nycbug dot org ].
</p>

<hr />


<strong>Date:</strong> <em>2018-06-11 03:40:58</em><br />
<strong>From:</strong> <em>cmdrk</em><br />
<strong>Description:</strong> <em>i5-2500k, Radeon HD 6770, happily working dual-monitor desktop.</em><br />

<pre>
OpenBSD 6.3 (RAMDISK_CD) #98: Sat Mar 24 14:26:39 MDT 2018
    xxx@xxx.xxx:/usr/src/sys/arch/amd64/compile/RAMDISK_CD
real mem = 17069989888 (16279MB)
avail mem = 16548864000 (15782MB)
mainbus0 at root
bios0 at mainbus0: SMBIOS rev. 2.7 @ 0xe93d0 (28 entries)
bios0: vendor American Megatrends Inc. version &quot;P1.30&quot; date 11/22/2011
bios0: ASRock Z68 Extreme3 Gen3
acpi0 at bios0: rev 2
acpi0: tables DSDT FACP APIC SSDT MCFG AAFT HPET
acpimadt0 at acpi0 addr 0xfee00000: PC-AT compat
cpu0 at mainbus0: apid 0 (boot processor)
cpu0: Intel(R) Core(TM) i5-2500K CPU @ 3.30GHz, 3292.95 MHz
cpu0: FPU,VME,DE,PSE,TSC,MSR,PAE,MCE,CX8,APIC,SEP,MTRR,PGE,MCA,CMOV,PAT,PSE36,CFLUSH,DS,ACPI,MMX,FXSR,SSE,SSE2,SS,HTT,TM,PBE,SSE3,PCLMUL,DTES64,MWAIT,DS-CPL,VMX,EST,TM2,SSSE3,CX16,xTPR,PDCM,PCID,SSE4.1,SSE4.2,POPCNT,DEADLINE,AES,XSAVE,AVX,RDTSCP,LONG,LAHF,PERF,ITSC,SENSOR,ARAT,MELTDOWN
cpu0: 256KB 64b/line 8-way L2 cache
cpu0: apic clock running at 99MHz
cpu0: mwait min=64, max=64, C-substates=0.2.1.1, IBE
cpu at mainbus0: not configured
cpu at mainbus0: not configured
cpu at mainbus0: not configured
ioapic0 at mainbus0: apid 0 pa 0xfec00000, version 20, 24 pins
acpiprt0 at acpi0: bus 0 (PCI0)
acpiprt1 at acpi0: bus 2 (PEX0)
acpiprt2 at acpi0: bus -1 (PEX1)
acpiprt3 at acpi0: bus -1 (PEX2)
acpiprt4 at acpi0: bus 3 (PEX3)
acpiprt5 at acpi0: bus 4 (BR22)
acpiprt6 at acpi0: bus 5 (PEX4)
acpiprt7 at acpi0: bus 6 (PEX5)
acpiprt8 at acpi0: bus -1 (PEX6)
acpiprt9 at acpi0: bus -1 (PEX7)
acpiprt10 at acpi0: bus 1 (P0P1)
acpiprt11 at acpi0: bus -1 (P0P2)
acpiprt12 at acpi0: bus -1 (P0P3)
acpiprt13 at acpi0: bus -1 (P0P4)
acpicpu at acpi0 not configured
&quot;INT3F0D&quot; at acpi0 not configured
&quot;pnp0c14&quot; at acpi0 not configured
&quot;PNP0C0C&quot; at acpi0 not configured
pci0 at mainbus0 bus 0
pchb0 at pci0 dev 0 function 0 &quot;Intel Core 2G Host&quot; rev 0x09
ppb0 at pci0 dev 1 function 0 &quot;Intel Core 2G PCIE&quot; rev 0x09: msi
pci1 at ppb0 bus 1
&quot;ATI Radeon HD 6770&quot; rev 0x00 at pci1 dev 0 function 0 not configured
&quot;ATI Radeon HD 5700 Audio&quot; rev 0x00 at pci1 dev 0 function 1 not configured
&quot;Intel HD Graphics 3000&quot; rev 0x09 at pci0 dev 2 function 0 not configured
&quot;Intel 6 Series MEI&quot; rev 0x04 at pci0 dev 22 function 0 not configured
ehci0 at pci0 dev 26 function 0 &quot;Intel 6 Series USB&quot; rev 0x05: apic 0 int 16
usb0 at ehci0: USB revision 2.0
uhub0 at usb0 configuration 1 interface 0 &quot;Intel EHCI root hub&quot; rev 2.00/1.00 addr 1
&quot;Intel 6 Series HD Audio&quot; rev 0x05 at pci0 dev 27 function 0 not configured
ppb1 at pci0 dev 28 function 0 &quot;Intel 6 Series PCIE&quot; rev 0xb5: msi
pci2 at ppb1 bus 2
ppb2 at pci0 dev 28 function 3 &quot;Intel 6 Series PCIE&quot; rev 0xb5: msi
pci3 at ppb2 bus 3
ppb3 at pci3 dev 0 function 0 &quot;ASMedia ASM1083/1085 PCIE-PCI&quot; rev 0x01
pci4 at ppb3 bus 4
ppb4 at pci0 dev 28 function 4 &quot;Intel 6 Series PCIE&quot; rev 0xb5: msi
pci5 at ppb4 bus 5
re0 at pci5 dev 0 function 0 &quot;Realtek 8168&quot; rev 0x06: RTL8168E/8111E-VL (0x2c80), msi, address xx:xx:xx:xx:xx:xx
rgephy0 at re0 phy 7: RTL8169S/8110S/8211 PHY, rev. 5
ppb5 at pci0 dev 28 function 5 &quot;Intel 6 Series PCIE&quot; rev 0xb5: msi
pci6 at ppb5 bus 6
xhci0 at pci6 dev 0 function 0 &quot;ASMedia ASM1042 xHCI&quot; rev 0x00: msi
usb1 at xhci0: USB revision 3.0
uhub1 at usb1 configuration 1 interface 0 &quot;ASMedia xHCI root hub&quot; rev 3.00/1.00 addr 1
ehci1 at pci0 dev 29 function 0 &quot;Intel 6 Series USB&quot; rev 0x05: apic 0 int 23
usb2 at ehci1: USB revision 2.0
uhub2 at usb2 configuration 1 interface 0 &quot;Intel EHCI root hub&quot; rev 2.00/1.00 addr 1
&quot;Intel Z68 LPC&quot; rev 0x05 at pci0 dev 31 function 0 not configured
pciide0 at pci0 dev 31 function 2 &quot;Intel 6 Series SATA&quot; rev 0x05: DMA, channel 0 configured to native-PCI, channel 1 configured to native-PCI
pciide0: using apic 0 int 19 for native-PCI interrupt
wd0 at pciide0 channel 1 drive 0: &lt;CT240BX200SSD1&gt;
wd0: 2-sector PIO, LBA48, 228936MB, 468862128 sectors
wd0(pciide0:1:0): using PIO mode 4, Ultra-DMA mode 6
&quot;Intel 6 Series SMBus&quot; rev 0x05 at pci0 dev 31 function 3 not configured
pciide1 at pci0 dev 31 function 5 &quot;Intel 6 Series SATA&quot; rev 0x05: DMA, channel 0 wired to native-PCI, channel 1 wired to native-PCI
pciide1: using apic 0 int 19 for native-PCI interrupt
isa0 at mainbus0
com0 at isa0 port 0x3f8/8 irq 4: ns16550a, 16 byte fifo
pckbc0 at isa0 port 0x60/5 irq 1 irq 12
pckbd0 at pckbc0 (kbd slot)
wskbd0 at pckbd0: console keyboard
efifb0 at mainbus0: 1024x768, 32bpp
wsdisplay0 at efifb0 mux 1: console (std, vt100 emulation), using wskbd0
uhub3 at uhub0 port 1 configuration 1 interface 0 &quot;vendor 0x8087 product 0x0024&quot; rev 2.00/0.00 addr 2
umass0 at uhub3 port 5 configuration 1 interface 0 &quot;vendor 0x13fe product 0x5500&quot; rev 2.10/1.00 addr 3
umass0: using SCSI over Bulk-Only
scsibus0 at umass0: 2 targets, initiator 0
sd0 at scsibus0 targ 1 lun 0: &lt;, , PMAP&gt; SCSI4 0/direct removable serial.13fe550046AEA705D277
sd0: 15120MB, 512 bytes/sector, 30965760 sectors
&quot;Realtek RTL2838UHIDIR&quot; rev 2.00/1.00 addr 4 at uhub3 port 6 not configured
uhub4 at uhub2 port 1 configuration 1 interface 0 &quot;vendor 0x8087 product 0x0024&quot; rev 2.00/0.00 addr 2
uhidev0 at uhub4 port 3 configuration 1 interface 0 &quot;Logitech USB Keyboard&quot; rev 1.10/64.00 addr 3
uhidev0: iclass 3/1
ukbd0 at uhidev0
wskbd1 at ukbd0 mux 1
wskbd1: connecting to wsdisplay0
uhidev1 at uhub4 port 3 configuration 1 interface 1 &quot;Logitech USB Keyboard&quot; rev 1.10/64.00 addr 3
uhidev1: iclass 3/0, 3 report ids
uhid at uhidev1 reportid 1 not configured
uhid at uhidev1 reportid 2 not configured
uhid at uhidev1 reportid 3 not configured
uhidev2 at uhub4 port 4 configuration 1 interface 0 &quot;Microsoft Microsoft 3-Button Mouse with IntelliEye(TM)&quot; rev 1.10/3.00 addr 4
uhidev2: iclass 3/1
uhid at uhidev2 not configured
softraid0 at root
scsibus1 at softraid0: 256 targets
root on rd0a swap on rd0b dump on rd0b
syncing disks... 
OpenBSD 6.3 (GENERIC.MP) #107: Sat Mar 24 14:21:59 MDT 2018
    xxx@xxx.xxx:/usr/src/sys/arch/amd64/compile/GENERIC.MP
real mem = 17070706688 (16279MB)
avail mem = 16546267136 (15779MB)
mpath0 at root
scsibus0 at mpath0: 256 targets
mainbus0 at root
bios0 at mainbus0: SMBIOS rev. 2.7 @ 0xe93d0 (28 entries)
bios0: vendor American Megatrends Inc. version &quot;P1.30&quot; date 11/22/2011
bios0: ASRock Z68 Extreme3 Gen3
acpi0 at bios0: rev 2
acpi0: sleep states S0 S1 S3 S4 S5
acpi0: tables DSDT FACP APIC SSDT MCFG AAFT HPET
acpi0: wakeup devices UAR1(S4) BR20(S4) EUSB(S4) USBE(S4) PEX0(S4) PEX1(S4) PEX2(S4) PEX3(S4) BR22(S4) PEX4(S4) PEX5(S4) PEX6(S4) PEX7(S4) P0P1(S4) P0P2(S4) P0P3(S4) [...]
acpitimer0 at acpi0: 3579545 Hz, 24 bits
acpimadt0 at acpi0 addr 0xfee00000: PC-AT compat
cpu0 at mainbus0: apid 0 (boot processor)
cpu0: Intel(R) Core(TM) i5-2500K CPU @ 3.30GHz, 3293.04 MHz
cpu0: FPU,VME,DE,PSE,TSC,MSR,PAE,MCE,CX8,APIC,SEP,MTRR,PGE,MCA,CMOV,PAT,PSE36,CFLUSH,DS,ACPI,MMX,FXSR,SSE,SSE2,SS,HTT,TM,PBE,SSE3,PCLMUL,DTES64,MWAIT,DS-CPL,VMX,EST,TM2,SSSE3,CX16,xTPR,PDCM,PCID,SSE4.1,SSE4.2,POPCNT,DEADLINE,AES,XSAVE,AVX,RDTSCP,LONG,LAHF,PERF,ITSC,SENSOR,ARAT,MELTDOWN
cpu0: 256KB 64b/line 8-way L2 cache
acpitimer0: recalibrated TSC frequency 3292540758 Hz
cpu0: smt 0, core 0, package 0
mtrr: Pentium Pro MTRR support, 10 var ranges, 88 fixed ranges
cpu0: apic clock running at 99MHz
cpu0: mwait min=64, max=64, C-substates=0.2.1.1, IBE
cpu1 at mainbus0: apid 2 (application processor)
cpu1: Intel(R) Core(TM) i5-2500K CPU @ 3.30GHz, 3292.52 MHz
cpu1: FPU,VME,DE,PSE,TSC,MSR,PAE,MCE,CX8,APIC,SEP,MTRR,PGE,MCA,CMOV,PAT,PSE36,CFLUSH,DS,ACPI,MMX,FXSR,SSE,SSE2,SS,HTT,TM,PBE,SSE3,PCLMUL,DTES64,MWAIT,DS-CPL,VMX,EST,TM2,SSSE3,CX16,xTPR,PDCM,PCID,SSE4.1,SSE4.2,POPCNT,DEADLINE,AES,XSAVE,AVX,RDTSCP,LONG,LAHF,PERF,ITSC,SENSOR,ARAT,MELTDOWN
cpu1: 256KB 64b/line 8-way L2 cache
cpu1: smt 0, core 1, package 0
cpu2 at mainbus0: apid 4 (application processor)
cpu2: Intel(R) Core(TM) i5-2500K CPU @ 3.30GHz, 3292.52 MHz
cpu2: FPU,VME,DE,PSE,TSC,MSR,PAE,MCE,CX8,APIC,SEP,MTRR,PGE,MCA,CMOV,PAT,PSE36,CFLUSH,DS,ACPI,MMX,FXSR,SSE,SSE2,SS,HTT,TM,PBE,SSE3,PCLMUL,DTES64,MWAIT,DS-CPL,VMX,EST,TM2,SSSE3,CX16,xTPR,PDCM,PCID,SSE4.1,SSE4.2,POPCNT,DEADLINE,AES,XSAVE,AVX,RDTSCP,LONG,LAHF,PERF,ITSC,SENSOR,ARAT,MELTDOWN
cpu2: 256KB 64b/line 8-way L2 cache
cpu2: smt 0, core 2, package 0
cpu3 at mainbus0: apid 6 (application processor)
cpu3: Intel(R) Core(TM) i5-2500K CPU @ 3.30GHz, 3292.52 MHz
cpu3: FPU,VME,DE,PSE,TSC,MSR,PAE,MCE,CX8,APIC,SEP,MTRR,PGE,MCA,CMOV,PAT,PSE36,CFLUSH,DS,ACPI,MMX,FXSR,SSE,SSE2,SS,HTT,TM,PBE,SSE3,PCLMUL,DTES64,MWAIT,DS-CPL,VMX,EST,TM2,SSSE3,CX16,xTPR,PDCM,PCID,SSE4.1,SSE4.2,POPCNT,DEADLINE,AES,XSAVE,AVX,RDTSCP,LONG,LAHF,PERF,ITSC,SENSOR,ARAT,MELTDOWN
cpu3: 256KB 64b/line 8-way L2 cache
cpu3: smt 0, core 3, package 0
ioapic0 at mainbus0: apid 0 pa 0xfec00000, version 20, 24 pins
acpimcfg0 at acpi0 addr 0xe0000000, bus 0-255
acpihpet0 at acpi0: 14318179 Hz
acpihpet0: recalibrated TSC frequency 3292533840 Hz
acpiprt0 at acpi0: bus 0 (PCI0)
acpiprt1 at acpi0: bus 2 (PEX0)
acpiprt2 at acpi0: bus -1 (PEX1)
acpiprt3 at acpi0: bus -1 (PEX2)
acpiprt4 at acpi0: bus 3 (PEX3)
acpiprt5 at acpi0: bus 4 (BR22)
acpiprt6 at acpi0: bus 5 (PEX4)
acpiprt7 at acpi0: bus 6 (PEX5)
acpiprt8 at acpi0: bus -1 (PEX6)
acpiprt9 at acpi0: bus -1 (PEX7)
acpiprt10 at acpi0: bus 1 (P0P1)
acpiprt11 at acpi0: bus -1 (P0P2)
acpiprt12 at acpi0: bus -1 (P0P3)
acpiprt13 at acpi0: bus -1 (P0P4)
acpicpu0 at acpi0: C3(350@104 mwait.3@0x20), C3(500@80 mwait.3@0x10), C1(1000@1 halt), PSS
acpicpu1 at acpi0: C3(350@104 mwait.3@0x20), C3(500@80 mwait.3@0x10), C1(1000@1 halt), PSS
acpicpu2 at acpi0: C3(350@104 mwait.3@0x20), C3(500@80 mwait.3@0x10), C1(1000@1 halt), PSS
acpicpu3 at acpi0: C3(350@104 mwait.3@0x20), C3(500@80 mwait.3@0x10), C1(1000@1 halt), PSS
&quot;INT3F0D&quot; at acpi0 not configured
&quot;pnp0c14&quot; at acpi0 not configured
acpibtn0 at acpi0: PWRB
cpu0: Enhanced SpeedStep 3293 MHz: speeds: 3301, 3300, 3100, 2900, 2700, 2500, 2300, 2100, 1900, 1700, 1600 MHz
pci0 at mainbus0 bus 0
pchb0 at pci0 dev 0 function 0 &quot;Intel Core 2G Host&quot; rev 0x09
ppb0 at pci0 dev 1 function 0 &quot;Intel Core 2G PCIE&quot; rev 0x09: msi
pci1 at ppb0 bus 1
radeondrm0 at pci1 dev 0 function 0 &quot;ATI Radeon HD 6770&quot; rev 0x00
drm0 at radeondrm0
radeondrm0: msi
azalia0 at pci1 dev 0 function 1 &quot;ATI Radeon HD 5700 Audio&quot; rev 0x00: msi
azalia0: no supported codecs
inteldrm0 at pci0 dev 2 function 0 &quot;Intel HD Graphics 3000&quot; rev 0x09
drm1 at inteldrm0
inteldrm0: msi
inteldrm0: 1024x768, 32bpp
wsdisplay1 at inteldrm0
wsdisplay1: screen 0-5 added (std, vt100 emulation)
&quot;Intel 6 Series MEI&quot; rev 0x04 at pci0 dev 22 function 0 not configured
ehci0 at pci0 dev 26 function 0 &quot;Intel 6 Series USB&quot; rev 0x05: apic 0 int 16
usb0 at ehci0: USB revision 2.0
uhub0 at usb0 configuration 1 interface 0 &quot;Intel EHCI root hub&quot; rev 2.00/1.00 addr 1
azalia1 at pci0 dev 27 function 0 &quot;Intel 6 Series HD Audio&quot; rev 0x05: msi
azalia1: codecs: Realtek/0x0892
audio0 at azalia1
ppb1 at pci0 dev 28 function 0 &quot;Intel 6 Series PCIE&quot; rev 0xb5: msi
pci2 at ppb1 bus 2
ppb2 at pci0 dev 28 function 3 &quot;Intel 6 Series PCIE&quot; rev 0xb5: msi
pci3 at ppb2 bus 3
ppb3 at pci3 dev 0 function 0 &quot;ASMedia ASM1083/1085 PCIE-PCI&quot; rev 0x01
pci4 at ppb3 bus 4
ppb4 at pci0 dev 28 function 4 &quot;Intel 6 Series PCIE&quot; rev 0xb5: msi
pci5 at ppb4 bus 5
re0 at pci5 dev 0 function 0 &quot;Realtek 8168&quot; rev 0x06: RTL8168E/8111E-VL (0x2c80), msi, address xx:xx:xx:xx:xx:xx
rgephy0 at re0 phy 7: RTL8169S/8110S/8211 PHY, rev. 5
ppb5 at pci0 dev 28 function 5 &quot;Intel 6 Series PCIE&quot; rev 0xb5: msi
pci6 at ppb5 bus 6
xhci0 at pci6 dev 0 function 0 &quot;ASMedia ASM1042 xHCI&quot; rev 0x00: msi
usb1 at xhci0: USB revision 3.0
uhub1 at usb1 configuration 1 interface 0 &quot;ASMedia xHCI root hub&quot; rev 3.00/1.00 addr 1
ehci1 at pci0 dev 29 function 0 &quot;Intel 6 Series USB&quot; rev 0x05: apic 0 int 23
usb2 at ehci1: USB revision 2.0
uhub2 at usb2 configuration 1 interface 0 &quot;Intel EHCI root hub&quot; rev 2.00/1.00 addr 1
pcib0 at pci0 dev 31 function 0 &quot;Intel Z68 LPC&quot; rev 0x05
pciide0 at pci0 dev 31 function 2 &quot;Intel 6 Series SATA&quot; rev 0x05: DMA, channel 0 configured to native-PCI, channel 1 configured to native-PCI
pciide0: using apic 0 int 19 for native-PCI interrupt
wd0 at pciide0 channel 1 drive 0: &lt;CT240BX200SSD1&gt;
wd0: 2-sector PIO, LBA48, 228936MB, 468862128 sectors
wd0(pciide0:1:0): using PIO mode 4, Ultra-DMA mode 6
ichiic0 at pci0 dev 31 function 3 &quot;Intel 6 Series SMBus&quot; rev 0x05: apic 0 int 18
iic0 at ichiic0
spdmem0 at iic0 addr 0x50: 4GB DDR3 SDRAM PC3-10600
spdmem1 at iic0 addr 0x51: 4GB DDR3 SDRAM PC3-10600
spdmem2 at iic0 addr 0x52: 4GB DDR3 SDRAM PC3-10600
spdmem3 at iic0 addr 0x53: 4GB DDR3 SDRAM PC3-10600
pciide1 at pci0 dev 31 function 5 &quot;Intel 6 Series SATA&quot; rev 0x05: DMA, channel 0 wired to native-PCI, channel 1 wired to native-PCI
pciide1: using apic 0 int 19 for native-PCI interrupt
isa0 at pcib0
isadma0 at isa0
fdc0 at isa0 port 0x3f0/6 irq 6 drq 2
com0 at isa0 port 0x3f8/8 irq 4: ns16550a, 16 byte fifo
pckbc0 at isa0 port 0x60/5 irq 1 irq 12
pckbd0 at pckbc0 (kbd slot)
wskbd0 at pckbd0: console keyboard
pcppi0 at isa0 port 0x61
spkr0 at pcppi0
wbsio0 at isa0 port 0x2e/2: NCT6776F rev 0x33
lm1 at wbsio0 port 0x290/8: NCT6776F
vmm0 at mainbus0: VMX/EPT
uhub3 at uhub0 port 1 configuration 1 interface 0 &quot;Intel Rate Matching Hub&quot; rev 2.00/0.00 addr 2
umass0 at uhub3 port 5 configuration 1 interface 0 &quot;vendor 0x13fe product 0x5500&quot; rev 2.10/1.00 addr 3
umass0: using SCSI over Bulk-Only
scsibus1 at umass0: 2 targets, initiator 0
sd0 at scsibus1 targ 1 lun 0: &lt;, , PMAP&gt; SCSI4 0/direct removable serial.13fe550046AEA705D277
sd0: 15120MB, 512 bytes/sector, 30965760 sectors
ugen0 at uhub3 port 6 &quot;Realtek RTL2838UHIDIR&quot; rev 2.00/1.00 addr 4
uhub4 at uhub2 port 1 configuration 1 interface 0 &quot;Intel Rate Matching Hub&quot; rev 2.00/0.00 addr 2
uhidev0 at uhub4 port 3 configuration 1 interface 0 &quot;Logitech USB Keyboard&quot; rev 1.10/64.00 addr 3
uhidev0: iclass 3/1
ukbd0 at uhidev0: 8 variable keys, 6 key codes
wskbd1 at ukbd0 mux 1
uhidev1 at uhub4 port 3 configuration 1 interface 1 &quot;Logitech USB Keyboard&quot; rev 1.10/64.00 addr 3
uhidev1: iclass 3/0, 3 report ids
uhid0 at uhidev1 reportid 1: input=1, output=0, feature=0
uhid1 at uhidev1 reportid 2: input=1, output=0, feature=0
uhid2 at uhidev1 reportid 3: input=3, output=0, feature=0
uhidev2 at uhub4 port 4 configuration 1 interface 0 &quot;Microsoft Microsoft 3-Button Mouse with IntelliEye(TM)&quot; rev 1.10/3.00 addr 4
uhidev2: iclass 3/1
ums0 at uhidev2: 3 buttons, Z dir
wsmouse0 at ums0 mux 0
vscsi0 at root
scsibus2 at vscsi0: 256 targets
softraid0 at root
scsibus3 at softraid0: 256 targets
root on wd0a (5c55e296c9af8f10.a) swap on wd0b dump on wd0b
r600_cp: Failed to load firmware &quot;radeon-juniper_pfp&quot;
error: [drm:pid0:evergreen_startup] *ERROR* Failed to load firmware!
drm:pid0:evergreen_init *ERROR* disabling GPU acceleration
drm:pid0:radeon_bo_unpin *WARNING* 0xffff80000078cab0 unpin not necessary
drm:pid0:radeon_bo_unpin *WARNING* 0xffff80000078cab0 unpin not necessary
radeondrm0: 1920x1080, 32bpp
wsdisplay0 at radeondrm0 mux 1: console (std, vt100 emulation), using wskbd0
wskbd1: connecting to wsdisplay0
wsdisplay0: screen 1-5 added (std, vt100 emulation)
chrome[23622]: pledge &quot;rpath&quot;, syscall 33
chrome[90071]: pledge &quot;rpath&quot;, syscall 33
ugen0 detached
chrome[56537]: pledge &quot;rpath&quot;, syscall 33
chrome[76521]: pledge &quot;rpath&quot;, syscall 33
chrome[642]: pledge &quot;rpath&quot;, syscall 33
chrome[59768]: pledge &quot;rpath&quot;, syscall 33
chrome[16874]: pledge &quot;rpath&quot;, syscall 33
chrome[35608]: pledge &quot;rpath&quot;, syscall 33
chrome[89976]: pledge &quot;rpath&quot;, syscall 33
chrome[87510]: pledge &quot;rpath&quot;, syscall 33
chrome[74861]: pledge &quot;rpath&quot;, syscall 33
chrome[32797]: pledge &quot;rpath&quot;, syscall 33
chrome[43749]: pledge &quot;rpath&quot;, syscall 33
chrome[23249]: pledge &quot;rpath&quot;, syscall 33
chrome[82649]: pledge &quot;rpath&quot;, syscall 33
chrome[81874]: pledge &quot;rpath&quot;, syscall 33
chrome[84902]: pledge &quot;rpath&quot;, syscall 33
chrome[57989]: pledge &quot;rpath&quot;, syscall 33
chrome[95452]: pledge &quot;rpath&quot;, syscall 33
chrome[66169]: pledge &quot;rpath&quot;, syscall 33
</pre>



</div><!-- content -->
<br />
<div id="footer">
All comments/news/posts are the property of their individual owner and
is presented without warranty of suitability, and solely as an
informational resource. <br />
This site Copyright &copy; 2004-2020 NYC*BUG.
</div><!-- footer -->

</body>
</html>

