



<!doctype html>
<html lang="en">
<head>
<meta name="keywords"
	content="bsd, freebsd, openbsd, netbsd, dragonflybsd, nycbug, dmesgd" />
<meta name="description" content="New York City BSD User Group dmesgd" />
<meta charset="utf-8" />
<meta name="viewport" content="width=device-width, initial-scale=1" />
<title>NYC*BUG dmesgd</title>
<style>
body {
	text-align: left;
	margin: 15px auto;
	padding: 0px 10px;
}
@media (min-width: 800px) {
	body {
		max-width: 85%;
	}
}
#header {
	border-bottom: 1px solid #dbdbdb;
	font-size: 230%;
	text-align: left;
}
#footer {
	border-top: 1px solid #dbdbdb;
	clear: both;
	text-align: left;
}
.logo_bug {
	color: #cc0033;
}
#menu ul {
	list-style-type: none;
	margin: 0;
	padding: 0;
}
#menu li {
	float: left;
}
#menu li a {
	display: block;
	background-color: #dbdbdb;
	color: #000000;
	font-size: 105%;
	font-weight: bold;
	padding: 0px 6px 0px 6px;
	text-decoration: none;
}
#content {
	clear: both;
	text-align: left;
	padding-top: 10px;
}
#content h1 {
	font-size: 120%;
	font-weight: bold;
}
#content h2 {
	font-size: 110%;
	font-weight: bold;
}
#content a {
	text-decoration: none;
}
#content pre {
	background-color: #dbdbdb;
	padding: 5px 5px 5px 5px;
	white-space: pre-wrap;		/* css-3 */
	white-space: -moz-pre-wrap;	/* Mozilla, since 1999 */
	white-space: -pre-wrap;		/* Opera 4-6 */
	white-space: -o-pre-wrap;	/* Opera 7 */
	word-wrap: break-word;		/* Internet Explorer 5.5+ */
}
#content table {
	border-collapse: collapse;
}
#content table th {
	border: 1px solid #dbdbdb;
	font-size: 85%;
	white-space: nowrap;
}
#content table td {
	border: 1px solid #dbdbdb;
	font-size: 80%;
}
#content input {
	font-size: 1em;
}
#content .full	{ width: 100%; }
#content .left	{ text-align: left; }
#content .right	{ text-align: right; }
#content .center { text-align: center; }
#content .flexbox {
	display: -ms-flex;
	display: -webkit-flex;
	display: flex;
	width: 100%;
}
#content .left_col {
	min-width: 75px;
	max-width: 50%;
	flex-grow: 0;
}
#content .right_col {
	flex-grow: 1;
	margin-left: 10px;
	padding-top: 10px;
	padding-left: 10px;
}
#col {
	-moz-column-count: 3;
	-webkit-column-count: 3;
	column-count: 3;
}
</style>
</head>
<body>

<div id="header">
<strong><em>NYC*</em><span class="logo_bug">BUG</span> dmesgd</strong>
</div><!-- header -->

<div id="menu">
<ul>
<li><a href="https://dmesgd.nycbug.org/index.cgi?do=index">Home</a></li>
<li><a href="https://dmesgd.nycbug.org/index.cgi?do=submit">Submit</a></li>
<li><a href="https://www.nycbug.org/">NYC*BUG</a></li>
</ul>
</div><!-- menu -->

<div id="content">

<p>
Launched in 2004, dmesgd aims to provide a
<strong>user-submitted</strong> repository of searchable *BSD dmesgs.
The dmesg(8) command displays the system message buffer's content, and
during boot a copy is saved to <em>/var/run/dmesg.boot</em>.  This buffer
contains the operating system release, name and version, a list of
devices identified, plus a whole host of other useful information.  We
hope others find this resource useful and further contribute to its
growth. Contact us at [ admin at lists dot nycbug dot org ].
</p>

<hr />


<strong>Date:</strong> <em>2018-06-24 04:00:26</em><br />
<strong>From:</strong> <em>mytec</em><br />
<strong>Description:</strong> <em>Dell Inspiron 3470</em><br />

<pre>
OpenBSD 6.3 (GENERIC.MP) #107: Sat Mar 24 14:21:59 MDT 2018
    xxx@xxx.xxx:/usr/src/sys/arch/amd64/compile/GENERIC.MP
real mem = 8401395712 (8012MB)
avail mem = 8139698176 (7762MB)
mpath0 at root
scsibus0 at mpath0: 256 targets
mainbus0 at root
bios0 at mainbus0: SMBIOS rev. 3.1 @ 0xecee0 (92 entries)
bios0: vendor Dell Inc. version &quot;1.0.0&quot; date 03/06/2018
bios0: Dell Inc. Inspiron 3470
acpi0 at bios0: rev 2
acpi0: sleep states S0 S3 S4 S5
acpi0: tables DSDT FACP APIC FPDT FIDT MCFG SSDT BOOT SSDT HPET SSDT SSDT SSDT UEFI LPIT SSDT SSDT DBGP DBG2 MSDM SLIC DMAR BGRT
acpi0: wakeup devices PXSX(S4) RP01(S4) PXSX(S4) RP02(S4) PXSX(S4) RP03(S4) PXSX(S4) RP04(S4) PXSX(S4) RP05(S4) PXSX(S4) RP06(S4) PXSX(S4) RP07(S4) PXSX(S4) RP08(S4) [...]
acpitimer0 at acpi0: 3579545 Hz, 24 bits
acpimadt0 at acpi0 addr 0xfee00000: PC-AT compat
cpu0 at mainbus0: apid 0 (boot processor)
cpu0: Intel(R) Core(TM) i3-8100 CPU @ 3.60GHz, 3594.55 MHz
cpu0: FPU,VME,DE,PSE,TSC,MSR,PAE,MCE,CX8,APIC,SEP,MTRR,PGE,MCA,CMOV,PAT,PSE36,CFLUSH,DS,ACPI,MMX,FXSR,SSE,SSE2,SS,HTT,TM,PBE,SSE3,PCLMUL,DTES64,MWAIT,DS-CPL,VMX,EST,TM2,SSSE3,SDBG,FMA3,CX16,xTPR,PDCM,PCID,SSE4.1,SSE4.2,x2APIC,MOVBE,POPCNT,DEADLINE,AES,XSAVE,AVX,F16C,RDRAND,NXE,PAGE1GB,RDTSCP,LONG,LAHF,ABM,3DNOWP,PERF,ITSC,FSGSBASE,SGX,BMI1,AVX2,SMEP,BMI2,ERMS,INVPCID,MPX,RDSEED,ADX,SMAP,CLFLUSHOPT,PT,IBRS,IBPB,STIBP,SENSOR,ARAT,MELTDOWN
cpu0: 256KB 64b/line 8-way L2 cache
cpu0: smt 0, core 0, package 0
mtrr: Pentium Pro MTRR support, 10 var ranges, 88 fixed ranges
cpu0: apic clock running at 24MHz
cpu0: mwait min=64, max=64, C-substates=0.2.1.2.4.1.1.1, IBE
cpu1 at mainbus0: apid 2 (application processor)
cpu1: Intel(R) Core(TM) i3-8100 CPU @ 3.60GHz, 3591.68 MHz
cpu1: FPU,VME,DE,PSE,TSC,MSR,PAE,MCE,CX8,APIC,SEP,MTRR,PGE,MCA,CMOV,PAT,PSE36,CFLUSH,DS,ACPI,MMX,FXSR,SSE,SSE2,SS,HTT,TM,PBE,SSE3,PCLMUL,DTES64,MWAIT,DS-CPL,VMX,EST,TM2,SSSE3,SDBG,FMA3,CX16,xTPR,PDCM,PCID,SSE4.1,SSE4.2,x2APIC,MOVBE,POPCNT,DEADLINE,AES,XSAVE,AVX,F16C,RDRAND,NXE,PAGE1GB,RDTSCP,LONG,LAHF,ABM,3DNOWP,PERF,ITSC,FSGSBASE,SGX,BMI1,AVX2,SMEP,BMI2,ERMS,INVPCID,MPX,RDSEED,ADX,SMAP,CLFLUSHOPT,PT,IBRS,IBPB,STIBP,SENSOR,ARAT,MELTDOWN
cpu1: 256KB 64b/line 8-way L2 cache
cpu1: smt 0, core 1, package 0
cpu2 at mainbus0: apid 4 (application processor)
cpu2: Intel(R) Core(TM) i3-8100 CPU @ 3.60GHz, 3591.68 MHz
cpu2: FPU,VME,DE,PSE,TSC,MSR,PAE,MCE,CX8,APIC,SEP,MTRR,PGE,MCA,CMOV,PAT,PSE36,CFLUSH,DS,ACPI,MMX,FXSR,SSE,SSE2,SS,HTT,TM,PBE,SSE3,PCLMUL,DTES64,MWAIT,DS-CPL,VMX,EST,TM2,SSSE3,SDBG,FMA3,CX16,xTPR,PDCM,PCID,SSE4.1,SSE4.2,x2APIC,MOVBE,POPCNT,DEADLINE,AES,XSAVE,AVX,F16C,RDRAND,NXE,PAGE1GB,RDTSCP,LONG,LAHF,ABM,3DNOWP,PERF,ITSC,FSGSBASE,SGX,BMI1,AVX2,SMEP,BMI2,ERMS,INVPCID,MPX,RDSEED,ADX,SMAP,CLFLUSHOPT,PT,IBRS,IBPB,STIBP,SENSOR,ARAT,MELTDOWN
cpu2: 256KB 64b/line 8-way L2 cache
cpu2: smt 0, core 2, package 0
cpu3 at mainbus0: apid 6 (application processor)
cpu3: Intel(R) Core(TM) i3-8100 CPU @ 3.60GHz, 3591.68 MHz
cpu3: FPU,VME,DE,PSE,TSC,MSR,PAE,MCE,CX8,APIC,SEP,MTRR,PGE,MCA,CMOV,PAT,PSE36,CFLUSH,DS,ACPI,MMX,FXSR,SSE,SSE2,SS,HTT,TM,PBE,SSE3,PCLMUL,DTES64,MWAIT,DS-CPL,VMX,EST,TM2,SSSE3,SDBG,FMA3,CX16,xTPR,PDCM,PCID,SSE4.1,SSE4.2,x2APIC,MOVBE,POPCNT,DEADLINE,AES,XSAVE,AVX,F16C,RDRAND,NXE,PAGE1GB,RDTSCP,LONG,LAHF,ABM,3DNOWP,PERF,ITSC,FSGSBASE,SGX,BMI1,AVX2,SMEP,BMI2,ERMS,INVPCID,MPX,RDSEED,ADX,SMAP,CLFLUSHOPT,PT,IBRS,IBPB,STIBP,SENSOR,ARAT,MELTDOWN
cpu3: 256KB 64b/line 8-way L2 cache
cpu3: smt 0, core 3, package 0
ioapic0 at mainbus0: apid 2 pa 0xfec00000, version 20, 120 pins
acpimcfg0 at acpi0 addr 0xf8000000, bus 0-63
acpihpet0 at acpi0: 23999999 Hz
acpiprt0 at acpi0: bus 0 (PCI0)
acpiprt1 at acpi0: bus -1 (PEG1)
acpiprt2 at acpi0: bus -1 (PEG2)
acpiprt3 at acpi0: bus -1 (RP01)
acpiprt4 at acpi0: bus -1 (RP02)
acpiprt5 at acpi0: bus -1 (RP03)
acpiprt6 at acpi0: bus -1 (RP04)
acpiprt7 at acpi0: bus 1 (RP05)
acpiprt8 at acpi0: bus -1 (RP06)
acpiprt9 at acpi0: bus -1 (RP07)
acpiprt10 at acpi0: bus 2 (RP08)
acpiprt11 at acpi0: bus -1 (RP09)
acpiprt12 at acpi0: bus -1 (RP10)
acpiprt13 at acpi0: bus -1 (RP11)
acpiprt14 at acpi0: bus -1 (RP12)
acpiprt15 at acpi0: bus -1 (RP13)
acpiprt16 at acpi0: bus -1 (RP14)
acpiprt17 at acpi0: bus -1 (RP15)
acpiprt18 at acpi0: bus -1 (RP16)
acpiprt19 at acpi0: bus -1 (RP18)
acpiprt20 at acpi0: bus -1 (RP19)
acpiprt21 at acpi0: bus -1 (RP20)
acpiprt22 at acpi0: bus -1 (RP21)
acpiprt23 at acpi0: bus -1 (RP22)
acpiprt24 at acpi0: bus -1 (RP23)
acpiprt25 at acpi0: bus -1 (RP24)
acpiprt26 at acpi0: bus -1 (RP17)
acpiprt27 at acpi0: bus -1 (PEG0)
acpipwrres0 at acpi0: USBC, resource for XDCI
acpipwrres1 at acpi0: V0PR
acpipwrres2 at acpi0: V1PR
acpipwrres3 at acpi0: V2PR
acpipwrres4 at acpi0: PXTC
acpipwrres5 at acpi0: WRST
acpipwrres6 at acpi0: PAUD, resource for HDAS
acpicpu0 at acpi0: C3(200@1034 mwait.1@0x60), C2(200@151 mwait.1@0x33), C1(1000@1 mwait.1), PSS
acpicpu1 at acpi0: C3(200@1034 mwait.1@0x60), C2(200@151 mwait.1@0x33), C1(1000@1 mwait.1), PSS
acpicpu2 at acpi0: C3(200@1034 mwait.1@0x60), C2(200@151 mwait.1@0x33), C1(1000@1 mwait.1), PSS
acpicpu3 at acpi0: C3(200@1034 mwait.1@0x60), C2(200@151 mwait.1@0x33), C1(1000@1 mwait.1), PSS
acpipwrres7 at acpi0: FN00, resource for FAN0
acpipwrres8 at acpi0: FN01, resource for FAN1
acpipwrres9 at acpi0: FN02, resource for FAN2
acpipwrres10 at acpi0: FN03, resource for FAN3
acpipwrres11 at acpi0: FN04, resource for FAN4
acpitz0 at acpi0: critical temperature is 119 degC
acpipwrres12 at acpi0: PIN_
&quot;INT3F0D&quot; at acpi0 not configured
acpibtn0 at acpi0: SLPB
&quot;PNP0C14&quot; at acpi0 not configured
&quot;PNP0C14&quot; at acpi0 not configured
&quot;INT33A1&quot; at acpi0 not configured
acpibtn1 at acpi0: PWRB
&quot;PNP0C14&quot; at acpi0 not configured
&quot;INT340E&quot; at acpi0 not configured
&quot;PNP0C0B&quot; at acpi0 not configured
&quot;PNP0C0B&quot; at acpi0 not configured
&quot;PNP0C0B&quot; at acpi0 not configured
&quot;PNP0C0B&quot; at acpi0 not configured
&quot;PNP0C0B&quot; at acpi0 not configured
acpivideo0 at acpi0: GFX0
acpivout0 at acpivideo0: DD1F
cpu0: Enhanced SpeedStep 3594 MHz: speeds: 3600, 3400, 3200, 3000, 2900, 2700, 2500, 2300, 2100, 1900, 1700, 1500, 1400, 1200, 1000, 800 MHz
pci0 at mainbus0 bus 0
0:31:5: mem address conflict 0xfe010000/0x1000
pchb0 at pci0 dev 0 function 0 &quot;Intel Core 8G Host&quot; rev 0x08
&quot;Intel Core 8G GMM&quot; rev 0x00 at pci0 dev 2 function 0 not configured
&quot;Intel Core GMM&quot; rev 0x00 at pci0 dev 8 function 0 not configured
vendor &quot;Intel&quot;, unknown product 0xa379 (class DASP subclass miscellaneous, rev 0x10) at pci0 dev 18 function 0 not configured
xhci0 at pci0 dev 20 function 0 vendor &quot;Intel&quot;, unknown product 0xa36d rev 0x10: msi
usb0 at xhci0: USB revision 3.0
uhub0 at usb0 configuration 1 interface 0 &quot;Intel xHCI root hub&quot; rev 3.00/1.00 addr 1
vendor &quot;Intel&quot;, unknown product 0xa36f (class memory subclass RAM, rev 0x10) at pci0 dev 20 function 2 not configured
vendor &quot;Intel&quot;, unknown product 0xa360 (class communications subclass miscellaneous, rev 0x10) at pci0 dev 22 function 0 not configured
ahci0 at pci0 dev 23 function 0 vendor &quot;Intel&quot;, unknown product 0xa352 rev 0x10: msi, AHCI 1.3.1
ahci0: port 0: 6.0Gb/s
ahci0: PHY offline on port 1
ahci0: port 2: 1.5Gb/s
ahci0: PHY offline on port 3
scsibus1 at ahci0: 32 targets
sd0 at scsibus1 targ 0 lun 0: &lt;ATA, ST1000DM010-2EP1, CC43&gt; SCSI3 0/direct fixed naa.5000c500b0f0b003
sd0: 953869MB, 512 bytes/sector, 1953525168 sectors
cd0 at scsibus1 targ 2 lun 0: &lt;PLDS, DVD+-RW DU-8A5LH, 6D1M&gt; ATAPI 5/cdrom removable
ppb0 at pci0 dev 28 function 0 vendor &quot;Intel&quot;, unknown product 0xa33c rev 0xf0: msi
pci1 at ppb0 bus 1
re0 at pci1 dev 0 function 0 &quot;Realtek 8168&quot; rev 0x15: RTL8168H/8111H (0x5400), msi, address xx:xx:xx:xx:xx:xx
rgephy0 at re0 phy 7: RTL8251 PHY, rev. 0
ppb1 at pci0 dev 28 function 7 vendor &quot;Intel&quot;, unknown product 0xa33f rev 0xf0: msi
pci2 at ppb1 bus 2
&quot;Atheros AR9565&quot; rev 0x01 at pci2 dev 0 function 0 not configured
pcib0 at pci0 dev 31 function 0 vendor &quot;Intel&quot;, unknown product 0xa304 rev 0x10
azalia0 at pci0 dev 31 function 3 vendor &quot;Intel&quot;, unknown product 0xa348 rev 0x10: msi
azalia0: codecs: Realtek/0x0867, Intel/0x280b, using Realtek/0x0867
audio0 at azalia0
vendor &quot;Intel&quot;, unknown product 0xa323 (class serial bus subclass SMBus, rev 0x10) at pci0 dev 31 function 4 not configured
vendor &quot;Intel&quot;, unknown product 0xa324 (class serial bus unknown subclass 0x80, rev 0x10) at pci0 dev 31 function 5 not configured
isa0 at pcib0
isadma0 at isa0
pckbc0 at isa0 port 0x60/5 irq 1 irq 12
pckbd0 at pckbc0 (kbd slot)
wskbd0 at pckbd0: console keyboard
pcppi0 at isa0 port 0x61
spkr0 at pcppi0
vmm0 at mainbus0: VMX/EPT
efifb0 at mainbus0: 1920x1080, 32bpp
wsdisplay0 at efifb0 mux 1: console (std, vt100 emulation), using wskbd0
wsdisplay0: screen 1-5 added (std, vt100 emulation)
uhidev0 at uhub0 port 5 configuration 1 interface 0 &quot;Dell Dell KB216 Wired Keyboard&quot; rev 2.00/1.10 addr 2
uhidev0: iclass 3/1
ukbd0 at uhidev0: 8 variable keys, 6 key codes
wskbd1 at ukbd0 mux 1
wskbd1: connecting to wsdisplay0
uhidev1 at uhub0 port 5 configuration 1 interface 1 &quot;Dell Dell KB216 Wired Keyboard&quot; rev 2.00/1.10 addr 2
uhidev1: iclass 3/0, 2 report ids
uhid0 at uhidev1 reportid 1: input=1, output=0, feature=0
uhid1 at uhidev1 reportid 2: input=2, output=0, feature=0
uhidev2 at uhub0 port 6 configuration 1 interface 0 &quot;Logitech USB Receiver&quot; rev 2.00/30.00 addr 3
uhidev2: iclass 3/1
ums0 at uhidev2: 16 buttons, Z and W dir
wsmouse0 at ums0 mux 0
uhidev3 at uhub0 port 6 configuration 1 interface 1 &quot;Logitech USB Receiver&quot; rev 2.00/30.00 addr 3
uhidev3: iclass 3/0, 17 report ids
uhid2 at uhidev3 reportid 3: input=4, output=0, feature=0
uhid3 at uhidev3 reportid 16: input=6, output=6, feature=0
uhid4 at uhidev3 reportid 17: input=19, output=19, feature=0
ugen0 at uhub0 port 8 &quot;Generic USB2.0-CRW&quot; rev 2.00/39.60 addr 4
ugen1 at uhub0 port 14 &quot;Atheros Communications product 0xe005&quot; rev 1.10/0.01 addr 5
vscsi0 at root
scsibus2 at vscsi0: 256 targets
softraid0 at root
scsibus3 at softraid0: 256 targets
root on sd0a (5b127f66c5523c3c.a) swap on sd0b dump on sd0b

</pre>



</div><!-- content -->
<br />
<div id="footer">
All comments/news/posts are the property of their individual owner and
is presented without warranty of suitability, and solely as an
informational resource. <br />
This site Copyright &copy; 2004-2020 NYC*BUG.
</div><!-- footer -->

</body>
</html>

