



<!doctype html>
<html lang="en">
<head>
<meta name="keywords"
	content="bsd, freebsd, openbsd, netbsd, dragonflybsd, nycbug, dmesgd" />
<meta name="description" content="New York City BSD User Group dmesgd" />
<meta charset="utf-8" />
<meta name="viewport" content="width=device-width, initial-scale=1" />
<title>NYC*BUG dmesgd</title>
<style>
body {
	text-align: left;
	margin: 15px auto;
	padding: 0px 10px;
}
@media (min-width: 800px) {
	body {
		max-width: 85%;
	}
}
#header {
	border-bottom: 1px solid #dbdbdb;
	font-size: 230%;
	text-align: left;
}
#footer {
	border-top: 1px solid #dbdbdb;
	clear: both;
	text-align: left;
}
.logo_bug {
	color: #cc0033;
}
#menu ul {
	list-style-type: none;
	margin: 0;
	padding: 0;
}
#menu li {
	float: left;
}
#menu li a {
	display: block;
	background-color: #dbdbdb;
	color: #000000;
	font-size: 105%;
	font-weight: bold;
	padding: 0px 6px 0px 6px;
	text-decoration: none;
}
#content {
	clear: both;
	text-align: left;
	padding-top: 10px;
}
#content h1 {
	font-size: 120%;
	font-weight: bold;
}
#content h2 {
	font-size: 110%;
	font-weight: bold;
}
#content a {
	text-decoration: none;
}
#content pre {
	background-color: #dbdbdb;
	padding: 5px 5px 5px 5px;
	white-space: pre-wrap;		/* css-3 */
	white-space: -moz-pre-wrap;	/* Mozilla, since 1999 */
	white-space: -pre-wrap;		/* Opera 4-6 */
	white-space: -o-pre-wrap;	/* Opera 7 */
	word-wrap: break-word;		/* Internet Explorer 5.5+ */
}
#content table {
	border-collapse: collapse;
}
#content table th {
	border: 1px solid #dbdbdb;
	font-size: 85%;
	white-space: nowrap;
}
#content table td {
	border: 1px solid #dbdbdb;
	font-size: 80%;
}
#content input {
	font-size: 1em;
}
#content .full	{ width: 100%; }
#content .left	{ text-align: left; }
#content .right	{ text-align: right; }
#content .center { text-align: center; }
#content .flexbox {
	display: -ms-flex;
	display: -webkit-flex;
	display: flex;
	width: 100%;
}
#content .left_col {
	min-width: 75px;
	max-width: 50%;
	flex-grow: 0;
}
#content .right_col {
	flex-grow: 1;
	margin-left: 10px;
	padding-top: 10px;
	padding-left: 10px;
}
#col {
	-moz-column-count: 3;
	-webkit-column-count: 3;
	column-count: 3;
}
</style>
</head>
<body>

<div id="header">
<strong><em>NYC*</em><span class="logo_bug">BUG</span> dmesgd</strong>
</div><!-- header -->

<div id="menu">
<ul>
<li><a href="https://dmesgd.nycbug.org/index.cgi?do=index">Home</a></li>
<li><a href="https://dmesgd.nycbug.org/index.cgi?do=submit">Submit</a></li>
<li><a href="https://www.nycbug.org/">NYC*BUG</a></li>
</ul>
</div><!-- menu -->

<div id="content">

<p>
Launched in 2004, dmesgd aims to provide a
<strong>user-submitted</strong> repository of searchable *BSD dmesgs.
The dmesg(8) command displays the system message buffer's content, and
during boot a copy is saved to <em>/var/run/dmesg.boot</em>.  This buffer
contains the operating system release, name and version, a list of
devices identified, plus a whole host of other useful information.  We
hope others find this resource useful and further contribute to its
growth. Contact us at [ admin at lists dot nycbug dot org ].
</p>

<hr />


<strong>Date:</strong> <em>2018-06-26 14:30:11</em><br />
<strong>From:</strong> <em>verpletterend-mooi</em><br />
<strong>Description:</strong> <em>My-dmesg-from-my-old-hp-probook</em><br />

<pre>
OpenBSD 6.3 (GENERIC.MP) #2: Sun May  6 20:07:33 CEST 2018
    xxx@xxx.xxx:/usr/src/sys/arch/amd64/compile/GENERIC.MP
real mem = 4086820864 (3897MB)
avail mem = 3955888128 (3772MB)
mpath0 at root
scsibus0 at mpath0: 256 targets
mainbus0 at root
bios0 at mainbus0: SMBIOS rev. 2.7 @ 0xb5e3f000 (31 entries)
bios0: vendor Hewlett-Packard version &quot;L77 Ver. 01.05&quot; date 04/29/2014
bios0: Hewlett-Packard HP ProBook 650 G1
acpi0 at bios0: rev 2
acpi0: sleep states S0 S3 S4 S5
acpi0: tables DSDT FACP HPET APIC MCFG ASF! TCPA SSDT SSDT SLIC FPDT BGRT SSDT SSDT SSDT SSDT
acpi0: wakeup devices LANC(S5) EHC1(S0) EHC2(S0) XHC_(S0) PCIB(S5) WNIC(S5) NIC_(S5) RP07(S4) RP08(S0)
acpitimer0 at acpi0: 3579545 Hz, 24 bits
acpihpet0 at acpi0: 14318179 Hz
acpimadt0 at acpi0 addr 0xfee00000: PC-AT compat
cpu0 at mainbus0: apid 0 (boot processor)
cpu0: Intel(R) Core(TM) i5-4200M CPU @ 2.50GHz, 2494.55 MHz
cpu0: FPU,VME,DE,PSE,TSC,MSR,PAE,MCE,CX8,APIC,SEP,MTRR,PGE,MCA,CMOV,PAT,PSE36,CFLUSH,DS,ACPI,MMX,FXSR,SSE,SSE2,SS,HTT,TM,PBE,SSE3,PCLMUL,DTES64,MWAIT,DS-CPL,VMX,EST,TM2,SSSE3,SDBG,FMA3,CX16,xTPR,PDCM,PCID,SSE4.1,SSE4.2,MOVBE,POPCNT,DEADLINE,AES,XSAVE,AVX,F16C,RDRAND,NXE,PAGE1GB,RDTSCP,LONG,LAHF,ABM,PERF,ITSC,FSGSBASE,BMI1,AVX2,SMEP,BMI2,ERMS,INVPCID,SENSOR,ARAT,MELTDOWN
cpu0: 256KB 64b/line 8-way L2 cache
acpihpet0: recalibrated TSC frequency 2494225390 Hz
cpu0: smt 0, core 0, package 0
mtrr: Pentium Pro MTRR support, 10 var ranges, 88 fixed ranges
cpu0: apic clock running at 99MHz
cpu0: mwait min=64, max=64, C-substates=0.2.1.2.4, IBE
cpu1 at mainbus0: apid 1 (application processor)
cpu1: Intel(R) Core(TM) i5-4200M CPU @ 2.50GHz, 2494.23 MHz
cpu1: FPU,VME,DE,PSE,TSC,MSR,PAE,MCE,CX8,APIC,SEP,MTRR,PGE,MCA,CMOV,PAT,PSE36,CFLUSH,DS,ACPI,MMX,FXSR,SSE,SSE2,SS,HTT,TM,PBE,SSE3,PCLMUL,DTES64,MWAIT,DS-CPL,VMX,EST,TM2,SSSE3,SDBG,FMA3,CX16,xTPR,PDCM,PCID,SSE4.1,SSE4.2,MOVBE,POPCNT,DEADLINE,AES,XSAVE,AVX,F16C,RDRAND,NXE,PAGE1GB,RDTSCP,LONG,LAHF,ABM,PERF,ITSC,FSGSBASE,BMI1,AVX2,SMEP,BMI2,ERMS,INVPCID,SENSOR,ARAT,MELTDOWN
cpu1: 256KB 64b/line 8-way L2 cache
cpu1: smt 1, core 0, package 0
cpu2 at mainbus0: apid 2 (application processor)
cpu2: Intel(R) Core(TM) i5-4200M CPU @ 2.50GHz, 2494.23 MHz
cpu2: FPU,VME,DE,PSE,TSC,MSR,PAE,MCE,CX8,APIC,SEP,MTRR,PGE,MCA,CMOV,PAT,PSE36,CFLUSH,DS,ACPI,MMX,FXSR,SSE,SSE2,SS,HTT,TM,PBE,SSE3,PCLMUL,DTES64,MWAIT,DS-CPL,VMX,EST,TM2,SSSE3,SDBG,FMA3,CX16,xTPR,PDCM,PCID,SSE4.1,SSE4.2,MOVBE,POPCNT,DEADLINE,AES,XSAVE,AVX,F16C,RDRAND,NXE,PAGE1GB,RDTSCP,LONG,LAHF,ABM,PERF,ITSC,FSGSBASE,BMI1,AVX2,SMEP,BMI2,ERMS,INVPCID,SENSOR,ARAT,MELTDOWN
cpu2: 256KB 64b/line 8-way L2 cache
cpu2: smt 0, core 1, package 0
cpu3 at mainbus0: apid 3 (application processor)
cpu3: Intel(R) Core(TM) i5-4200M CPU @ 2.50GHz, 2494.23 MHz
cpu3: FPU,VME,DE,PSE,TSC,MSR,PAE,MCE,CX8,APIC,SEP,MTRR,PGE,MCA,CMOV,PAT,PSE36,CFLUSH,DS,ACPI,MMX,FXSR,SSE,SSE2,SS,HTT,TM,PBE,SSE3,PCLMUL,DTES64,MWAIT,DS-CPL,VMX,EST,TM2,SSSE3,SDBG,FMA3,CX16,xTPR,PDCM,PCID,SSE4.1,SSE4.2,MOVBE,POPCNT,DEADLINE,AES,XSAVE,AVX,F16C,RDRAND,NXE,PAGE1GB,RDTSCP,LONG,LAHF,ABM,PERF,ITSC,FSGSBASE,BMI1,AVX2,SMEP,BMI2,ERMS,INVPCID,SENSOR,ARAT,MELTDOWN
cpu3: 256KB 64b/line 8-way L2 cache
cpu3: smt 1, core 1, package 0
ioapic0 at mainbus0: apid 0 pa 0xfec00000, version 20, 24 pins
acpimcfg0 at acpi0 addr 0xe0000000, bus 0-255
acpiprt0 at acpi0: bus -1 (PEGP)
acpiprt1 at acpi0: bus 1 (RP01)
acpiprt2 at acpi0: bus 2 (RP07)
acpiprt3 at acpi0: bus 3 (RP08)
acpiprt4 at acpi0: bus 0 (PCI0)
acpiec0 at acpi0
acpicpu0 at acpi0: C2(200@148 mwait.1@0x33), C1(1000@1 mwait.1), PSS
acpicpu1 at acpi0: C2(200@148 mwait.1@0x33), C1(1000@1 mwait.1), PSS
acpicpu2 at acpi0: C2(200@148 mwait.1@0x33), C1(1000@1 mwait.1), PSS
acpicpu3 at acpi0: C2(200@148 mwait.1@0x33), C1(1000@1 mwait.1), PSS
acpipwrres0 at acpi0: APPR, resource for HDEF
acpipwrres1 at acpi0: COMP, resource for COM1
acpipwrres2 at acpi0: LPP_, resource for LPT0
acpitz0 at acpi0: critical temperature is 128 degC
acpitz1 at acpi0: critical temperature is 128 degC
acpitz2 at acpi0: critical temperature is 128 degC
acpitz3 at acpi0: critical temperature is 128 degC
acpitz4 at acpi0: critical temperature is 128 degC
acpitz5 at acpi0: critical temperature is 128 degC
acpitz6 at acpi0: critical temperature is 128 degC
acpitz7 at acpi0: critical temperature is 128 degC
&quot;HPQ6001&quot; at acpi0 not configured
&quot;PNP0A06&quot; at acpi0 not configured
&quot;HPQ8001&quot; at acpi0 not configured
&quot;SYN3002&quot; at acpi0 not configured
&quot;HPQ6007&quot; at acpi0 not configured
acpibat0 at acpi0: BAT0 model &quot;Primary&quot; serial 00479 2014/07/15 type LIon oem &quot;Hewlett-Packard&quot;
acpiac0 at acpi0: AC unit online
acpibtn0 at acpi0: SLPB
acpibtn1 at acpi0: LID_
&quot;PNP0C14&quot; at acpi0 not configured
tpm0 at acpi0: GTPM, can't find address
&quot;INT340E&quot; at acpi0 not configured
acpivideo0 at acpi0: GFX0
acpivout0 at acpivideo0: DD02
cpu0: Enhanced SpeedStep 2494 MHz: speeds: 2501, 2500, 2400, 2300, 2100, 2000, 1900, 1800, 1600, 1500, 1400, 1300, 1200, 1000, 900, 800 MHz
pci0 at mainbus0 bus 0
pchb0 at pci0 dev 0 function 0 &quot;Intel Core 4G Host&quot; rev 0x06
inteldrm0 at pci0 dev 2 function 0 &quot;Intel HD Graphics 4600&quot; rev 0x06
drm0 at inteldrm0
inteldrm0: msi
inteldrm0: 1366x768, 32bpp
wsdisplay0 at inteldrm0 mux 1: console (std, vt100 emulation)
wsdisplay0: screen 1-5 added (std, vt100 emulation)
azalia0 at pci0 dev 3 function 0 &quot;Intel Core 4G HD Audio&quot; rev 0x06: msi
xhci0 at pci0 dev 20 function 0 &quot;Intel 8 Series xHCI&quot; rev 0x04: msi
usb0 at xhci0: USB revision 3.0
uhub0 at usb0 configuration 1 interface 0 &quot;Intel xHCI root hub&quot; rev 3.00/1.00 addr 1
&quot;Intel 8 Series MEI&quot; rev 0x04 at pci0 dev 22 function 0 not configured
em0 at pci0 dev 25 function 0 &quot;Intel I217-V&quot; rev 0x04: msi, address xx:xx:xx:xx:xx:xx
ehci0 at pci0 dev 26 function 0 &quot;Intel 8 Series USB&quot; rev 0x04: apic 0 int 16
usb1 at ehci0: USB revision 2.0
uhub1 at usb1 configuration 1 interface 0 &quot;Intel EHCI root hub&quot; rev 2.00/1.00 addr 1
azalia1 at pci0 dev 27 function 0 &quot;Intel 8 Series HD Audio&quot; rev 0x04: msi
azalia1: codecs: IDT/0x76e0
audio0 at azalia1
ppb0 at pci0 dev 28 function 0 &quot;Intel 8 Series PCIE&quot; rev 0xd4
pci1 at ppb0 bus 1
ppb1 at pci0 dev 28 function 6 &quot;Intel 8 Series PCIE&quot; rev 0xd4: msi
pci2 at ppb1 bus 2
iwn0 at pci2 dev 0 function 0 &quot;Intel Centrino Advanced-N 6235&quot; rev 0x24: msi, MIMO 2T2R, AGN, address xx:xx:xx:xx:xx:xx
ppb2 at pci0 dev 28 function 7 &quot;Intel 8 Series PCIE&quot; rev 0xd4: msi
pci3 at ppb2 bus 3
rtsx0 at pci3 dev 0 function 0 &quot;Realtek RTS5227 Card Reader&quot; rev 0x01: msi
sdmmc0 at rtsx0: 4-bit, dma
ehci1 at pci0 dev 29 function 0 &quot;Intel 8 Series USB&quot; rev 0x04: apic 0 int 17
usb2 at ehci1: USB revision 2.0
uhub2 at usb2 configuration 1 interface 0 &quot;Intel EHCI root hub&quot; rev 2.00/1.00 addr 1
pcib0 at pci0 dev 31 function 0 &quot;Intel HM87 LPC&quot; rev 0x04
ahci0 at pci0 dev 31 function 2 &quot;Intel 8 Series AHCI&quot; rev 0x04: msi, AHCI 1.3
ahci0: port 0: 6.0Gb/s
ahci0: port 1: 1.5Gb/s
scsibus1 at ahci0: 32 targets
sd0 at scsibus1 targ 0 lun 0: &lt;ATA, TOSHIBA MQ01ACF0, AV00&gt; SCSI3 0/direct fixed naa.50000395a4401a70
sd0: 305245MB, 512 bytes/sector, 625142448 sectors
cd0 at scsibus1 targ 1 lun 0: &lt;hp, DVDRW DU8A5SHL, ZH63&gt; ATAPI 5/cdrom removable
ichiic0 at pci0 dev 31 function 3 &quot;Intel 8 Series SMBus&quot; rev 0x04: apic 0 int 18
iic0 at ichiic0
iic0: addr 0x2c 80=04 81=04 82=04 83=04 84=04 85=04 86=04 87=04 fd=01 words 00=ffff 01=ffff 02=ffff 03=ffff 04=ffff 05=ffff 06=ffff 07=ffff
spdmem0 at iic0 addr 0x52: 4GB DDR3 SDRAM PC3-12800 SO-DIMM
isa0 at pcib0
isadma0 at isa0
com0 at isa0 port 0x3f8/8 irq 4: ns16550a, 16 byte fifo
pckbc0 at isa0 port 0x60/5 irq 1 irq 12
pckbd0 at pckbc0 (kbd slot)
wskbd0 at pckbd0: console keyboard, using wsdisplay0
pms0 at pckbc0 (aux slot)
wsmouse0 at pms0 mux 0
pms0: Synaptics touchpad, firmware 8.1, 0x1e2b1 0x840300
pcppi0 at isa0 port 0x61
spkr0 at pcppi0
lpt0 at isa0 port 0x378/4 irq 7
vmm0 at mainbus0: VMX/EPT
uvideo0 at uhub0 port 7 configuration 1 interface 0 &quot;SunplusIT INC. HP HD Webcam&quot; rev 2.00/1.08 addr 2
video0 at uvideo0
ugen0 at uhub0 port 12 &quot;Intel product 0x07da&quot; rev 2.00/78.69 addr 3
umass0 at uhub0 port 17 configuration 1 interface 0 &quot;JetFlash Mass Storage Device&quot; rev 3.00/11.00 addr 4
umass0: using SCSI over Bulk-Only
scsibus2 at umass0: 2 targets, initiator 0
sd1 at scsibus2 targ 1 lun 0: &lt;JetFlash, Transcend 32GB, 1100&gt; SCSI4 0/direct removable serial.85641000DU7OIOS7QRMI
sd1: 30128MB, 512 bytes/sector, 61702144 sectors
uhub3 at uhub1 port 1 configuration 1 interface 0 &quot;Intel Rate Matching Hub&quot; rev 2.00/0.04 addr 2
uhub4 at uhub2 port 1 configuration 1 interface 0 &quot;Intel Rate Matching Hub&quot; rev 2.00/0.04 addr 2
vscsi0 at root
scsibus3 at vscsi0: 256 targets
softraid0 at root
scsibus4 at softraid0: 256 targets
root on sd0a (f331b577b7ca4a66.a) swap on sd0b dump on sd0b
syncing disks... done
rebootin
OpenBSD 6.3 (RAMDISK_CD) #98: Sat Mar 24 14:26:39 MDT 2018
    xxx@xxx.xxx:/usr/src/sys/arch/amd64/compile/RAMDISK_CD
real mem = 4086820864 (3897MB)
avail mem = 3959177216 (3775MB)
mainbus0 at root
bios0 at mainbus0: SMBIOS rev. 2.7 @ 0xb5e3f000 (31 entries)
bios0: vendor Hewlett-Packard version &quot;L77 Ver. 01.05&quot; date 04/29/2014
bios0: Hewlett-Packard HP ProBook 650 G1
acpi0 at bios0: rev 2
acpi0: tables DSDT FACP HPET APIC MCFG ASF! TCPA SSDT SSDT SLIC FPDT BGRT SSDT SSDT SSDT SSDT
acpimadt0 at acpi0 addr 0xfee00000: PC-AT compat
cpu0 at mainbus0: apid 0 (boot processor)
cpu0: Intel(R) Core(TM) i5-4200M CPU @ 2.50GHz, 2494.56 MHz
cpu0: FPU,VME,DE,PSE,TSC,MSR,PAE,MCE,CX8,APIC,SEP,MTRR,PGE,MCA,CMOV,PAT,PSE36,CFLUSH,DS,ACPI,MMX,FXSR,SSE,SSE2,SS,HTT,TM,PBE,SSE3,PCLMUL,DTES64,MWAIT,DS-CPL,VMX,EST,TM2,SSSE3,SDBG,FMA3,CX16,xTPR,PDCM,PCID,SSE4.1,SSE4.2,MOVBE,POPCNT,DEADLINE,AES,XSAVE,AVX,F16C,RDRAND,NXE,PAGE1GB,RDTSCP,LONG,LAHF,ABM,PERF,ITSC,FSGSBASE,BMI1,AVX2,SMEP,BMI2,ERMS,INVPCID,SENSOR,ARAT,MELTDOWN
cpu0: 256KB 64b/line 8-way L2 cache
cpu0: apic clock running at 99MHz
cpu0: mwait min=64, max=64, C-substates=0.2.1.2.4, IBE
cpu at mainbus0: not configured
cpu at mainbus0: not configured
cpu at mainbus0: not configured
ioapic0 at mainbus0: apid 0 pa 0xfec00000, version 20, 24 pins
acpiprt0 at acpi0: bus -1 (PEGP)
acpiprt1 at acpi0: bus 1 (RP01)
acpiprt2 at acpi0: bus 2 (RP07)
acpiprt3 at acpi0: bus 3 (RP08)
acpiprt4 at acpi0: bus 0 (PCI0)
acpiec0 at acpi0
acpicpu at acpi0 not configured
acpipwrres at acpi0 not configured
acpipwrres at acpi0 not configured
acpipwrres at acpi0 not configured
acpitz at acpi0 not configured
acpitz at acpi0 not configured
acpitz at acpi0 not configured
acpitz at acpi0 not configured
acpitz at acpi0 not configured
acpitz at acpi0 not configured
acpitz at acpi0 not configured
acpitz at acpi0 not configured
&quot;HPQ6001&quot; at acpi0 not configured
&quot;PNP0A06&quot; at acpi0 not configured
&quot;HPQ8001&quot; at acpi0 not configured
&quot;SYN3002&quot; at acpi0 not configured
&quot;HPQ6007&quot; at acpi0 not configured
&quot;PNP0C0A&quot; at acpi0 not configured
&quot;ACPI0003&quot; at acpi0 not configured
&quot;PNP0C0E&quot; at acpi0 not configured
&quot;PNP0C0D&quot; at acpi0 not configured
&quot;PNP0C14&quot; at acpi0 not configured
&quot;IFX0102&quot; at acpi0 not configured
&quot;INT340E&quot; at acpi0 not configured
pci0 at mainbus0 bus 0
pchb0 at pci0 dev 0 function 0 &quot;Intel Core 4G Host&quot; rev 0x06
vga1 at pci0 dev 2 function 0 &quot;Intel HD Graphics 4600&quot; rev 0x06
wsdisplay1 at vga1 mux 1: console (80x25, vt100 emulation)
&quot;Intel Core 4G HD Audio&quot; rev 0x06 at pci0 dev 3 function 0 not configured
xhci0 at pci0 dev 20 function 0 &quot;Intel 8 Series xHCI&quot; rev 0x04: msi
usb0 at xhci0: USB revision 3.0
uhub0 at usb0 configuration 1 interface 0 &quot;Intel xHCI root hub&quot; rev 3.00/1.00 addr 1
&quot;Intel 8 Series MEI&quot; rev 0x04 at pci0 dev 22 function 0 not configured
em0 at pci0 dev 25 function 0 &quot;Intel I217-V&quot; rev 0x04: msi, address xx:xx:xx:xx:xx:xx
ehci0 at pci0 dev 26 function 0 &quot;Intel 8 Series USB&quot; rev 0x04: apic 0 int 16
usb1 at ehci0: USB revision 2.0
uhub1 at usb1 configuration 1 interface 0 &quot;Intel EHCI root hub&quot; rev 2.00/1.00 addr 1
&quot;Intel 8 Series HD Audio&quot; rev 0x04 at pci0 dev 27 function 0 not configured
ppb0 at pci0 dev 28 function 0 &quot;Intel 8 Series PCIE&quot; rev 0xd4
pci1 at ppb0 bus 1
ppb1 at pci0 dev 28 function 6 &quot;Intel 8 Series PCIE&quot; rev 0xd4: msi
pci2 at ppb1 bus 2
iwn0 at pci2 dev 0 function 0 &quot;Intel Centrino Advanced-N 6235&quot; rev 0x24: msi, MIMO 2T2R, AGN, address xx:xx:xx:xx:xx:xx
ppb2 at pci0 dev 28 function 7 &quot;Intel 8 Series PCIE&quot; rev 0xd4: msi
pci3 at ppb2 bus 3
rtsx0 at pci3 dev 0 function 0 &quot;Realtek RTS5227 Card Reader&quot; rev 0x01: msi
sdmmc0 at rtsx0: 4-bit, dma
ehci1 at pci0 dev 29 function 0 &quot;Intel 8 Series USB&quot; rev 0x04: apic 0 int 17
usb2 at ehci1: USB revision 2.0
uhub2 at usb2 configuration 1 interface 0 &quot;Intel EHCI root hub&quot; rev 2.00/1.00 addr 1
&quot;Intel HM87 LPC&quot; rev 0x04 at pci0 dev 31 function 0 not configured
ahci0 at pci0 dev 31 function 2 &quot;Intel 8 Series AHCI&quot; rev 0x04: msi, AHCI 1.3
ahci0: port 0: 6.0Gb/s
ahci0: port 1: 1.5Gb/s
scsibus0 at ahci0: 32 targets
sd0 at scsibus0 targ 0 lun 0: &lt;ATA, TOSHIBA MQ01ACF0, AV00&gt; SCSI3 0/direct fixed naa.50000395a4401a70
sd0: 305245MB, 512 bytes/sector, 625142448 sectors
cd0 at scsibus0 targ 1 lun 0: &lt;hp, DVDRW DU8A5SHL, ZH63&gt; ATAPI 5/cdrom removable
&quot;Intel 8 Series SMBus&quot; rev 0x04 at pci0 dev 31 function 3 not configured
isa0 at mainbus0
com0 at isa0 port 0x3f8/8 irq 4: ns16550a, 16 byte fifo
pckbc0 at isa0 port 0x60/5 irq 1 irq 12
pckbd0 at pckbc0 (kbd slot)
wskbd0 at pckbd0: console keyboard, using wsdisplay1
&quot;SunplusIT INC. HP HD Webcam&quot; rev 2.00/1.08 addr 2 at uhub0 port 7 not configured
&quot;vendor 0x8087 product 0x07da&quot; rev 2.00/78.69 addr 3 at uhub0 port 12 not configured
umass0 at uhub0 port 17 configuration 1 interface 0 &quot;JetFlash Mass Storage Device&quot; rev 3.00/11.00 addr 4
umass0: using SCSI over Bulk-Only
scsibus1 at umass0: 2 targets, initiator 0
sd1 at scsibus1 targ 1 lun 0: &lt;JetFlash, Transcend 32GB, 1100&gt; SCSI4 0/direct removable serial.85641000DU7OIOS7QRMI
sd1: 30128MB, 512 bytes/sector, 61702144 sectors
uhub3 at uhub1 port 1 configuration 1 interface 0 &quot;vendor 0x8087 product 0x8008&quot; rev 2.00/0.04 addr 2
uhub4 at uhub2 port 1 configuration 1 interface 0 &quot;vendor 0x8087 product 0x8000&quot; rev 2.00/0.04 addr 2
softraid0 at root
scsibus2 at softraid0: 256 targets
root on rd0a swap on rd0b dump on rd0b
iwn0: could not read firmware iwn-6030 (error 2)
iwn0: could not read firmware
syncing disks... 
OpenBSD 6.3 (GENERIC.MP) #107: Sat Mar 24 14:21:59 MDT 2018
    xxx@xxx.xxx:/usr/src/sys/arch/amd64/compile/GENERIC.MP
real mem = 4086820864 (3897MB)
avail mem = 3955896320 (3772MB)
mpath0 at root
scsibus0 at mpath0: 256 targets
mainbus0 at root
bios0 at mainbus0: SMBIOS rev. 2.7 @ 0xb5e3f000 (31 entries)
bios0: vendor Hewlett-Packard version &quot;L77 Ver. 01.05&quot; date 04/29/2014
bios0: Hewlett-Packard HP ProBook 650 G1
acpi0 at bios0: rev 2
acpi0: sleep states S0 S3 S4 S5
acpi0: tables DSDT FACP HPET APIC MCFG ASF! TCPA SSDT SSDT SLIC FPDT BGRT SSDT SSDT SSDT SSDT
acpi0: wakeup devices LANC(S5) EHC1(S0) EHC2(S0) XHC_(S0) PCIB(S5) WNIC(S5) NIC_(S5) RP07(S4) RP08(S0)
acpitimer0 at acpi0: 3579545 Hz, 24 bits
acpihpet0 at acpi0: 14318179 Hz
acpimadt0 at acpi0 addr 0xfee00000: PC-AT compat
cpu0 at mainbus0: apid 0 (boot processor)
cpu0: Intel(R) Core(TM) i5-4200M CPU @ 2.50GHz, 2494.56 MHz
cpu0: FPU,VME,DE,PSE,TSC,MSR,PAE,MCE,CX8,APIC,SEP,MTRR,PGE,MCA,CMOV,PAT,PSE36,CFLUSH,DS,ACPI,MMX,FXSR,SSE,SSE2,SS,HTT,TM,PBE,SSE3,PCLMUL,DTES64,MWAIT,DS-CPL,VMX,EST,TM2,SSSE3,SDBG,FMA3,CX16,xTPR,PDCM,PCID,SSE4.1,SSE4.2,MOVBE,POPCNT,DEADLINE,AES,XSAVE,AVX,F16C,RDRAND,NXE,PAGE1GB,RDTSCP,LONG,LAHF,ABM,PERF,ITSC,FSGSBASE,BMI1,AVX2,SMEP,BMI2,ERMS,INVPCID,SENSOR,ARAT,MELTDOWN
cpu0: 256KB 64b/line 8-way L2 cache
acpihpet0: recalibrated TSC frequency 2494224266 Hz
cpu0: smt 0, core 0, package 0
mtrr: Pentium Pro MTRR support, 10 var ranges, 88 fixed ranges
cpu0: apic clock running at 99MHz
cpu0: mwait min=64, max=64, C-substates=0.2.1.2.4, IBE
cpu1 at mainbus0: apid 1 (application processor)
cpu1: Intel(R) Core(TM) i5-4200M CPU @ 2.50GHz, 2494.23 MHz
cpu1: FPU,VME,DE,PSE,TSC,MSR,PAE,MCE,CX8,APIC,SEP,MTRR,PGE,MCA,CMOV,PAT,PSE36,CFLUSH,DS,ACPI,MMX,FXSR,SSE,SSE2,SS,HTT,TM,PBE,SSE3,PCLMUL,DTES64,MWAIT,DS-CPL,VMX,EST,TM2,SSSE3,SDBG,FMA3,CX16,xTPR,PDCM,PCID,SSE4.1,SSE4.2,MOVBE,POPCNT,DEADLINE,AES,XSAVE,AVX,F16C,RDRAND,NXE,PAGE1GB,RDTSCP,LONG,LAHF,ABM,PERF,ITSC,FSGSBASE,BMI1,AVX2,SMEP,BMI2,ERMS,INVPCID,SENSOR,ARAT,MELTDOWN
cpu1: 256KB 64b/line 8-way L2 cache
cpu1: smt 1, core 0, package 0
cpu2 at mainbus0: apid 2 (application processor)
cpu2: Intel(R) Core(TM) i5-4200M CPU @ 2.50GHz, 2494.23 MHz
cpu2: FPU,VME,DE,PSE,TSC,MSR,PAE,MCE,CX8,APIC,SEP,MTRR,PGE,MCA,CMOV,PAT,PSE36,CFLUSH,DS,ACPI,MMX,FXSR,SSE,SSE2,SS,HTT,TM,PBE,SSE3,PCLMUL,DTES64,MWAIT,DS-CPL,VMX,EST,TM2,SSSE3,SDBG,FMA3,CX16,xTPR,PDCM,PCID,SSE4.1,SSE4.2,MOVBE,POPCNT,DEADLINE,AES,XSAVE,AVX,F16C,RDRAND,NXE,PAGE1GB,RDTSCP,LONG,LAHF,ABM,PERF,ITSC,FSGSBASE,BMI1,AVX2,SMEP,BMI2,ERMS,INVPCID,SENSOR,ARAT,MELTDOWN
cpu2: 256KB 64b/line 8-way L2 cache
cpu2: smt 0, core 1, package 0
cpu3 at mainbus0: apid 3 (application processor)
cpu3: Intel(R) Core(TM) i5-4200M CPU @ 2.50GHz, 2494.23 MHz
cpu3: FPU,VME,DE,PSE,TSC,MSR,PAE,MCE,CX8,APIC,SEP,MTRR,PGE,MCA,CMOV,PAT,PSE36,CFLUSH,DS,ACPI,MMX,FXSR,SSE,SSE2,SS,HTT,TM,PBE,SSE3,PCLMUL,DTES64,MWAIT,DS-CPL,VMX,EST,TM2,SSSE3,SDBG,FMA3,CX16,xTPR,PDCM,PCID,SSE4.1,SSE4.2,MOVBE,POPCNT,DEADLINE,AES,XSAVE,AVX,F16C,RDRAND,NXE,PAGE1GB,RDTSCP,LONG,LAHF,ABM,PERF,ITSC,FSGSBASE,BMI1,AVX2,SMEP,BMI2,ERMS,INVPCID,SENSOR,ARAT,MELTDOWN
cpu3: 256KB 64b/line 8-way L2 cache
cpu3: smt 1, core 1, package 0
ioapic0 at mainbus0: apid 0 pa 0xfec00000, version 20, 24 pins
acpimcfg0 at acpi0 addr 0xe0000000, bus 0-255
acpiprt0 at acpi0: bus -1 (PEGP)
acpiprt1 at acpi0: bus 1 (RP01)
acpiprt2 at acpi0: bus 2 (RP07)
acpiprt3 at acpi0: bus 3 (RP08)
acpiprt4 at acpi0: bus 0 (PCI0)
acpiec0 at acpi0
acpicpu0 at acpi0: C2(200@148 mwait.1@0x33), C1(1000@1 mwait.1), PSS
acpicpu1 at acpi0: C2(200@148 mwait.1@0x33), C1(1000@1 mwait.1), PSS
acpicpu2 at acpi0: C2(200@148 mwait.1@0x33), C1(1000@1 mwait.1), PSS
acpicpu3 at acpi0: C2(200@148 mwait.1@0x33), C1(1000@1 mwait.1), PSS
acpipwrres0 at acpi0: APPR, resource for HDEF
acpipwrres1 at acpi0: COMP, resource for COM1
acpipwrres2 at acpi0: LPP_, resource for LPT0
acpitz0 at acpi0: critical temperature is 128 degC
acpitz1 at acpi0: critical temperature is 128 degC
acpitz2 at acpi0: critical temperature is 128 degC
acpitz3 at acpi0: critical temperature is 128 degC
acpitz4 at acpi0: critical temperature is 128 degC
acpitz5 at acpi0: critical temperature is 128 degC
acpitz6 at acpi0: critical temperature is 128 degC
acpitz7 at acpi0: critical temperature is 128 degC
&quot;HPQ6001&quot; at acpi0 not configured
&quot;PNP0A06&quot; at acpi0 not configured
&quot;HPQ8001&quot; at acpi0 not configured
&quot;SYN3002&quot; at acpi0 not configured
&quot;HPQ6007&quot; at acpi0 not configured
acpibat0 at acpi0: BAT0 model &quot;Primary&quot; serial 00479 2014/07/15 type LIon oem &quot;Hewlett-Packard&quot;
acpiac0 at acpi0: AC unit online
acpibtn0 at acpi0: SLPB
acpibtn1 at acpi0: LID_
&quot;PNP0C14&quot; at acpi0 not configured
tpm0 at acpi0: GTPM, can't find address
&quot;INT340E&quot; at acpi0 not configured
acpivideo0 at acpi0: GFX0
acpivout0 at acpivideo0: DD02
cpu0: Enhanced SpeedStep 2494 MHz: speeds: 2501, 2500, 2400, 2300, 2100, 2000, 1900, 1800, 1600, 1500, 1400, 1300, 1200, 1000, 900, 800 MHz
pci0 at mainbus0 bus 0
pchb0 at pci0 dev 0 function 0 &quot;Intel Core 4G Host&quot; rev 0x06
inteldrm0 at pci0 dev 2 function 0 &quot;Intel HD Graphics 4600&quot; rev 0x06
drm0 at inteldrm0
inteldrm0: msi
inteldrm0: 1366x768, 32bpp
wsdisplay0 at inteldrm0 mux 1: console (std, vt100 emulation)
wsdisplay0: screen 1-5 added (std, vt100 emulation)
azalia0 at pci0 dev 3 function 0 &quot;Intel Core 4G HD Audio&quot; rev 0x06: msi
xhci0 at pci0 dev 20 function 0 &quot;Intel 8 Series xHCI&quot; rev 0x04: msi
usb0 at xhci0: USB revision 3.0
uhub0 at usb0 configuration 1 interface 0 &quot;Intel xHCI root hub&quot; rev 3.00/1.00 addr 1
&quot;Intel 8 Series MEI&quot; rev 0x04 at pci0 dev 22 function 0 not configured
em0 at pci0 dev 25 function 0 &quot;Intel I217-V&quot; rev 0x04: msi, address xx:xx:xx:xx:xx:xx
ehci0 at pci0 dev 26 function 0 &quot;Intel 8 Series USB&quot; rev 0x04: apic 0 int 16
usb1 at ehci0: USB revision 2.0
uhub1 at usb1 configuration 1 interface 0 &quot;Intel EHCI root hub&quot; rev 2.00/1.00 addr 1
azalia1 at pci0 dev 27 function 0 &quot;Intel 8 Series HD Audio&quot; rev 0x04: msi
azalia1: codecs: IDT/0x76e0
audio0 at azalia1
ppb0 at pci0 dev 28 function 0 &quot;Intel 8 Series PCIE&quot; rev 0xd4
pci1 at ppb0 bus 1
ppb1 at pci0 dev 28 function 6 &quot;Intel 8 Series PCIE&quot; rev 0xd4: msi
pci2 at ppb1 bus 2
iwn0 at pci2 dev 0 function 0 &quot;Intel Centrino Advanced-N 6235&quot; rev 0x24: msi, MIMO 2T2R, AGN, address xx:xx:xx:xx:xx:xx
ppb2 at pci0 dev 28 function 7 &quot;Intel 8 Series PCIE&quot; rev 0xd4: msi
pci3 at ppb2 bus 3
rtsx0 at pci3 dev 0 function 0 &quot;Realtek RTS5227 Card Reader&quot; rev 0x01: msi
sdmmc0 at rtsx0: 4-bit, dma
ehci1 at pci0 dev 29 function 0 &quot;Intel 8 Series USB&quot; rev 0x04: apic 0 int 17
usb2 at ehci1: USB revision 2.0
uhub2 at usb2 configuration 1 interface 0 &quot;Intel EHCI root hub&quot; rev 2.00/1.00 addr 1
pcib0 at pci0 dev 31 function 0 &quot;Intel HM87 LPC&quot; rev 0x04
ahci0 at pci0 dev 31 function 2 &quot;Intel 8 Series AHCI&quot; rev 0x04: msi, AHCI 1.3
ahci0: port 0: 6.0Gb/s
ahci0: port 1: 1.5Gb/s
scsibus1 at ahci0: 32 targets
sd0 at scsibus1 targ 0 lun 0: &lt;ATA, TOSHIBA MQ01ACF0, AV00&gt; SCSI3 0/direct fixed naa.50000395a4401a70
sd0: 305245MB, 512 bytes/sector, 625142448 sectors
cd0 at scsibus1 targ 1 lun 0: &lt;hp, DVDRW DU8A5SHL, ZH63&gt; ATAPI 5/cdrom removable
ichiic0 at pci0 dev 31 function 3 &quot;Intel 8 Series SMBus&quot; rev 0x04: apic 0 int 18
iic0 at ichiic0
iic0: addr 0x2c 80=04 81=04 82=04 83=04 84=04 85=04 86=04 87=04 fd=01 words 00=ffff 01=ffff 02=ffff 03=ffff 04=ffff 05=ffff 06=ffff 07=ffff
spdmem0 at iic0 addr 0x52: 4GB DDR3 SDRAM PC3-12800 SO-DIMM
isa0 at pcib0
isadma0 at isa0
com0 at isa0 port 0x3f8/8 irq 4: ns16550a, 16 byte fifo
pckbc0 at isa0 port 0x60/5 irq 1 irq 12
pckbd0 at pckbc0 (kbd slot)
wskbd0 at pckbd0: console keyboard, using wsdisplay0
pms0 at pckbc0 (aux slot)
wsmouse0 at pms0 mux 0
pms0: Synaptics touchpad, firmware 8.1, 0x1e2b1 0x840300
pcppi0 at isa0 port 0x61
spkr0 at pcppi0
lpt0 at isa0 port 0x378/4 irq 7
vmm0 at mainbus0: VMX/EPT
uvideo0 at uhub0 port 7 configuration 1 interface 0 &quot;SunplusIT INC. HP HD Webcam&quot; rev 2.00/1.08 addr 2
video0 at uvideo0
ugen0 at uhub0 port 12 &quot;Intel product 0x07da&quot; rev 2.00/78.69 addr 3
umass0 at uhub0 port 17 configuration 1 interface 0 &quot;JetFlash Mass Storage Device&quot; rev 3.00/11.00 addr 4
umass0: using SCSI over Bulk-Only
scsibus2 at umass0: 2 targets, initiator 0
sd1 at scsibus2 targ 1 lun 0: &lt;JetFlash, Transcend 32GB, 1100&gt; SCSI4 0/direct removable serial.85641000DU7OIOS7QRMI
sd1: 30128MB, 512 bytes/sector, 61702144 sectors
uhub3 at uhub1 port 1 configuration 1 interface 0 &quot;Intel Rate Matching Hub&quot; rev 2.00/0.04 addr 2
uhub4 at uhub2 port 1 configuration 1 interface 0 &quot;Intel Rate Matching Hub&quot; rev 2.00/0.04 addr 2
vscsi0 at root
scsibus3 at vscsi0: 256 targets
softraid0 at root
scsibus4 at softraid0: 256 targets
root on sd0a (e202350f9b8ce851.a) swap on sd0b dump on sd0b
iwn0: could not read firmware iwn-6030 (error 2)
iwn0: could not read firmware
iwn0: could not read firmware iwn-6030 (error 2)
iwn0: could not read firmware
umass1 at uhub0 port 21 configuration 1 interface 0 &quot;JetFlash Mass Storage Device&quot; rev 3.00/11.00 addr 5
umass1: using SCSI over Bulk-Only
scsibus5 at umass1: 2 targets, initiator 0
sd2 at scsibus5 targ 1 lun 0: &lt;JetFlash, Transcend 32GB, 1100&gt; SCSI4 0/direct removable serial.85641000AEBTYD8S5QVJ
sd2: 30128MB, 512 bytes/sector, 61702144 sectors
sd2 detached
scsibus5 detached
umass1 detached
umass1 at uhub0 port 19 configuration 1 interface 0 &quot;JetFlash Mass Storage Device&quot; rev 3.00/11.00 addr 5
umass1: using SCSI over Bulk-Only
scsibus5 at umass1: 2 targets, initiator 0
sd2 at scsibus5 targ 1 lun 0: &lt;JetFlash, Transcend 32GB, 1100&gt; SCSI4 0/direct removable serial.85641000AEBTYD8S5QVJ
sd2: 30128MB, 512 bytes/sector, 61702144 sectors
sd2 detached
scsibus5 detached
umass1 detached
sd1 detached
scsibus2 detached
umass0 detached
syncing disks... done
rebooting
OpenBSD 6.3 (GENERIC.MP) #4: Sun Jun 17 11:22:20 CEST 2018
    xxx@xxx.xxx:/usr/src/sys/arch/amd64/compile/GENERIC.MP
real mem = 4086820864 (3897MB)
avail mem = 3955884032 (3772MB)
mpath0 at root
scsibus0 at mpath0: 256 targets
mainbus0 at root
bios0 at mainbus0: SMBIOS rev. 2.7 @ 0xb5e3f000 (31 entries)
bios0: vendor Hewlett-Packard version &quot;L77 Ver. 01.05&quot; date 04/29/2014
bios0: Hewlett-Packard HP ProBook 650 G1
acpi0 at bios0: rev 2
acpi0: sleep states S0 S3 S4 S5
acpi0: tables DSDT FACP HPET APIC MCFG ASF! TCPA SSDT SSDT SLIC FPDT BGRT SSDT SSDT SSDT SSDT
acpi0: wakeup devices LANC(S5) EHC1(S0) EHC2(S0) XHC_(S0) PCIB(S5) WNIC(S5) NIC_(S5) RP07(S4) RP08(S0)
acpitimer0 at acpi0: 3579545 Hz, 24 bits
acpihpet0 at acpi0: 14318179 Hz
acpimadt0 at acpi0 addr 0xfee00000: PC-AT compat
cpu0 at mainbus0: apid 0 (boot processor)
cpu0: Intel(R) Core(TM) i5-4200M CPU @ 2.50GHz, 2494.53 MHz
cpu0: FPU,VME,DE,PSE,TSC,MSR,PAE,MCE,CX8,APIC,SEP,MTRR,PGE,MCA,CMOV,PAT,PSE36,CFLUSH,DS,ACPI,MMX,FXSR,SSE,SSE2,SS,HTT,TM,PBE,SSE3,PCLMUL,DTES64,MWAIT,DS-CPL,VMX,EST,TM2,SSSE3,SDBG,FMA3,CX16,xTPR,PDCM,PCID,SSE4.1,SSE4.2,MOVBE,POPCNT,DEADLINE,AES,XSAVE,AVX,F16C,RDRAND,NXE,PAGE1GB,RDTSCP,LONG,LAHF,ABM,PERF,ITSC,FSGSBASE,BMI1,AVX2,SMEP,BMI2,ERMS,INVPCID,SENSOR,ARAT,XSAVEOPT,MELTDOWN
cpu0: 256KB 64b/line 8-way L2 cache
acpihpet0: recalibrated TSC frequency 2494226386 Hz
cpu0: smt 0, core 0, package 0
mtrr: Pentium Pro MTRR support, 10 var ranges, 88 fixed ranges
cpu0: apic clock running at 99MHz
cpu0: mwait min=64, max=64, C-substates=0.2.1.2.4, IBE
cpu1 at mainbus0: apid 1 (application processor)
cpu1: Intel(R) Core(TM) i5-4200M CPU @ 2.50GHz, 2494.23 MHz
cpu1: FPU,VME,DE,PSE,TSC,MSR,PAE,MCE,CX8,APIC,SEP,MTRR,PGE,MCA,CMOV,PAT,PSE36,CFLUSH,DS,ACPI,MMX,FXSR,SSE,SSE2,SS,HTT,TM,PBE,SSE3,PCLMUL,DTES64,MWAIT,DS-CPL,VMX,EST,TM2,SSSE3,SDBG,FMA3,CX16,xTPR,PDCM,PCID,SSE4.1,SSE4.2,MOVBE,POPCNT,DEADLINE,AES,XSAVE,AVX,F16C,RDRAND,NXE,PAGE1GB,RDTSCP,LONG,LAHF,ABM,PERF,ITSC,FSGSBASE,BMI1,AVX2,SMEP,BMI2,ERMS,INVPCID,SENSOR,ARAT,XSAVEOPT,MELTDOWN
cpu1: 256KB 64b/line 8-way L2 cache
cpu1: smt 1, core 0, package 0
cpu2 at mainbus0: apid 2 (application processor)
cpu2: Intel(R) Core(TM) i5-4200M CPU @ 2.50GHz, 2494.23 MHz
cpu2: FPU,VME,DE,PSE,TSC,MSR,PAE,MCE,CX8,APIC,SEP,MTRR,PGE,MCA,CMOV,PAT,PSE36,CFLUSH,DS,ACPI,MMX,FXSR,SSE,SSE2,SS,HTT,TM,PBE,SSE3,PCLMUL,DTES64,MWAIT,DS-CPL,VMX,EST,TM2,SSSE3,SDBG,FMA3,CX16,xTPR,PDCM,PCID,SSE4.1,SSE4.2,MOVBE,POPCNT,DEADLINE,AES,XSAVE,AVX,F16C,RDRAND,NXE,PAGE1GB,RDTSCP,LONG,LAHF,ABM,PERF,ITSC,FSGSBASE,BMI1,AVX2,SMEP,BMI2,ERMS,INVPCID,SENSOR,ARAT,XSAVEOPT,MELTDOWN
cpu2: 256KB 64b/line 8-way L2 cache
cpu2: smt 0, core 1, package 0
cpu3 at mainbus0: apid 3 (application processor)
cpu3: Intel(R) Core(TM) i5-4200M CPU @ 2.50GHz, 2494.23 MHz
cpu3: FPU,VME,DE,PSE,TSC,MSR,PAE,MCE,CX8,APIC,SEP,MTRR,PGE,MCA,CMOV,PAT,PSE36,CFLUSH,DS,ACPI,MMX,FXSR,SSE,SSE2,SS,HTT,TM,PBE,SSE3,PCLMUL,DTES64,MWAIT,DS-CPL,VMX,EST,TM2,SSSE3,SDBG,FMA3,CX16,xTPR,PDCM,PCID,SSE4.1,SSE4.2,MOVBE,POPCNT,DEADLINE,AES,XSAVE,AVX,F16C,RDRAND,NXE,PAGE1GB,RDTSCP,LONG,LAHF,ABM,PERF,ITSC,FSGSBASE,BMI1,AVX2,SMEP,BMI2,ERMS,INVPCID,SENSOR,ARAT,XSAVEOPT,MELTDOWN
cpu3: 256KB 64b/line 8-way L2 cache
cpu3: smt 1, core 1, package 0
ioapic0 at mainbus0: apid 0 pa 0xfec00000, version 20, 24 pins
acpimcfg0 at acpi0 addr 0xe0000000, bus 0-255
acpiprt0 at acpi0: bus -1 (PEGP)
acpiprt1 at acpi0: bus 1 (RP01)
acpiprt2 at acpi0: bus 2 (RP07)
acpiprt3 at acpi0: bus 3 (RP08)
acpiprt4 at acpi0: bus 0 (PCI0)
acpiec0 at acpi0
acpicpu0 at acpi0: C2(200@148 mwait.1@0x33), C1(1000@1 mwait.1), PSS
acpicpu1 at acpi0: C2(200@148 mwait.1@0x33), C1(1000@1 mwait.1), PSS
acpicpu2 at acpi0: C2(200@148 mwait.1@0x33), C1(1000@1 mwait.1), PSS
acpicpu3 at acpi0: C2(200@148 mwait.1@0x33), C1(1000@1 mwait.1), PSS
acpipwrres0 at acpi0: APPR, resource for HDEF
acpipwrres1 at acpi0: COMP, resource for COM1
acpipwrres2 at acpi0: LPP_, resource for LPT0
acpitz0 at acpi0: critical temperature is 128 degC
acpitz1 at acpi0: critical temperature is 128 degC
acpitz2 at acpi0: critical temperature is 128 degC
acpitz3 at acpi0: critical temperature is 128 degC
acpitz4 at acpi0: critical temperature is 128 degC
acpitz5 at acpi0: critical temperature is 128 degC
acpitz6 at acpi0: critical temperature is 128 degC
acpitz7 at acpi0: critical temperature is 128 degC
&quot;HPQ6001&quot; at acpi0 not configured
&quot;PNP0A06&quot; at acpi0 not configured
&quot;HPQ8001&quot; at acpi0 not configured
&quot;SYN3002&quot; at acpi0 not configured
&quot;HPQ6007&quot; at acpi0 not configured
acpibat0 at acpi0: BAT0 model &quot;Primary&quot; serial 00479 2014/07/15 type LIon oem &quot;Hewlett-Packard&quot;
acpiac0 at acpi0: AC unit online
acpibtn0 at acpi0: SLPB
acpibtn1 at acpi0: LID_
&quot;PNP0C14&quot; at acpi0 not configured
tpm0 at acpi0: GTPM, can't find address
&quot;INT340E&quot; at acpi0 not configured
acpivideo0 at acpi0: GFX0
acpivout0 at acpivideo0: DD02
cpu0: Enhanced SpeedStep 2494 MHz: speeds: 2501, 2500, 2400, 2300, 2100, 2000, 1900, 1800, 1600, 1500, 1400, 1300, 1200, 1000, 900, 800 MHz
pci0 at mainbus0 bus 0
pchb0 at pci0 dev 0 function 0 &quot;Intel Core 4G Host&quot; rev 0x06
inteldrm0 at pci0 dev 2 function 0 &quot;Intel HD Graphics 4600&quot; rev 0x06
drm0 at inteldrm0
inteldrm0: msi
inteldrm0: 1366x768, 32bpp
wsdisplay0 at inteldrm0 mux 1: console (std, vt100 emulation)
wsdisplay0: screen 1-5 added (std, vt100 emulation)
azalia0 at pci0 dev 3 function 0 &quot;Intel Core 4G HD Audio&quot; rev 0x06: msi
xhci0 at pci0 dev 20 function 0 &quot;Intel 8 Series xHCI&quot; rev 0x04: msi
usb0 at xhci0: USB revision 3.0
uhub0 at usb0 configuration 1 interface 0 &quot;Intel xHCI root hub&quot; rev 3.00/1.00 addr 1
&quot;Intel 8 Series MEI&quot; rev 0x04 at pci0 dev 22 function 0 not configured
em0 at pci0 dev 25 function 0 &quot;Intel I217-V&quot; rev 0x04: msi, address xx:xx:xx:xx:xx:xx
ehci0 at pci0 dev 26 function 0 &quot;Intel 8 Series USB&quot; rev 0x04: apic 0 int 16
usb1 at ehci0: USB revision 2.0
uhub1 at usb1 configuration 1 interface 0 &quot;Intel EHCI root hub&quot; rev 2.00/1.00 addr 1
azalia1 at pci0 dev 27 function 0 &quot;Intel 8 Series HD Audio&quot; rev 0x04: msi
azalia1: codecs: IDT/0x76e0
audio0 at azalia1
ppb0 at pci0 dev 28 function 0 &quot;Intel 8 Series PCIE&quot; rev 0xd4
pci1 at ppb0 bus 1
ppb1 at pci0 dev 28 function 6 &quot;Intel 8 Series PCIE&quot; rev 0xd4: msi
pci2 at ppb1 bus 2
iwn0 at pci2 dev 0 function 0 &quot;Intel Centrino Advanced-N 6235&quot; rev 0x24: msi, MIMO 2T2R, AGN, address xx:xx:xx:xx:xx:xx
ppb2 at pci0 dev 28 function 7 &quot;Intel 8 Series PCIE&quot; rev 0xd4: msi
pci3 at ppb2 bus 3
rtsx0 at pci3 dev 0 function 0 &quot;Realtek RTS5227 Card Reader&quot; rev 0x01: msi
sdmmc0 at rtsx0: 4-bit, dma
ehci1 at pci0 dev 29 function 0 &quot;Intel 8 Series USB&quot; rev 0x04: apic 0 int 17
usb2 at ehci1: USB revision 2.0
uhub2 at usb2 configuration 1 interface 0 &quot;Intel EHCI root hub&quot; rev 2.00/1.00 addr 1
pcib0 at pci0 dev 31 function 0 &quot;Intel HM87 LPC&quot; rev 0x04
ahci0 at pci0 dev 31 function 2 &quot;Intel 8 Series AHCI&quot; rev 0x04: msi, AHCI 1.3
ahci0: port 0: 6.0Gb/s
ahci0: port 1: 1.5Gb/s
scsibus1 at ahci0: 32 targets
sd0 at scsibus1 targ 0 lun 0: &lt;ATA, TOSHIBA MQ01ACF0, AV00&gt; SCSI3 0/direct fixed naa.50000395a4401a70
sd0: 305245MB, 512 bytes/sector, 625142448 sectors
cd0 at scsibus1 targ 1 lun 0: &lt;hp, DVDRW DU8A5SHL, ZH63&gt; ATAPI 5/cdrom removable
ichiic0 at pci0 dev 31 function 3 &quot;Intel 8 Series SMBus&quot; rev 0x04: apic 0 int 18
iic0 at ichiic0
iic0: addr 0x2c 80=04 81=04 82=04 83=04 84=04 85=04 86=04 87=04 fd=01 words 00=ffff 01=ffff 02=ffff 03=ffff 04=ffff 05=ffff 06=ffff 07=ffff
spdmem0 at iic0 addr 0x52: 4GB DDR3 SDRAM PC3-12800 SO-DIMM
isa0 at pcib0
isadma0 at isa0
com0 at isa0 port 0x3f8/8 irq 4: ns16550a, 16 byte fifo
pckbc0 at isa0 port 0x60/5 irq 1 irq 12
pckbd0 at pckbc0 (kbd slot)
wskbd0 at pckbd0: console keyboard, using wsdisplay0
pms0 at pckbc0 (aux slot)
wsmouse0 at pms0 mux 0
pms0: Synaptics touchpad, firmware 8.1, 0x1e2b1 0x840300
pcppi0 at isa0 port 0x61
spkr0 at pcppi0
lpt0 at isa0 port 0x378/4 irq 7
vmm0 at mainbus0: VMX/EPT
uvideo0 at uhub0 port 7 configuration 1 interface 0 &quot;SunplusIT INC. HP HD Webcam&quot; rev 2.00/1.08 addr 2
video0 at uvideo0
ugen0 at uhub0 port 12 &quot;Intel product 0x07da&quot; rev 2.00/78.69 addr 3
uhub3 at uhub1 port 1 configuration 1 interface 0 &quot;Intel Rate Matching Hub&quot; rev 2.00/0.04 addr 2
uhub4 at uhub2 port 1 configuration 1 interface 0 &quot;Intel Rate Matching Hub&quot; rev 2.00/0.04 addr 2
vscsi0 at root
scsibus2 at vscsi0: 256 targets
softraid0 at root
scsibus3 at softraid0: 256 targets
root on sd0a (e202350f9b8ce851.a) swap on sd0b dump on sd0b
syncing disks... done
rebootin
OpenBSD 6.3 (GENERIC.MP) #4: Sun Jun 17 11:22:20 CEST 2018
    xxx@xxx.xxx:/usr/src/sys/arch/amd64/compile/GENERIC.MP
real mem = 4086820864 (3897MB)
avail mem = 3955884032 (3772MB)
mpath0 at root
scsibus0 at mpath0: 256 targets
mainbus0 at root
bios0 at mainbus0: SMBIOS rev. 2.7 @ 0xb5e3f000 (31 entries)
bios0: vendor Hewlett-Packard version &quot;L77 Ver. 01.05&quot; date 04/29/2014
bios0: Hewlett-Packard HP ProBook 650 G1
acpi0 at bios0: rev 2
acpi0: sleep states S0 S3 S4 S5
acpi0: tables DSDT FACP HPET APIC MCFG ASF! TCPA SSDT SSDT SLIC FPDT BGRT SSDT SSDT SSDT SSDT
acpi0: wakeup devices LANC(S5) EHC1(S0) EHC2(S0) XHC_(S0) PCIB(S5) WNIC(S5) NIC_(S5) RP07(S4) RP08(S0)
acpitimer0 at acpi0: 3579545 Hz, 24 bits
acpihpet0 at acpi0: 14318179 Hz
acpimadt0 at acpi0 addr 0xfee00000: PC-AT compat
cpu0 at mainbus0: apid 0 (boot processor)
cpu0: Intel(R) Core(TM) i5-4200M CPU @ 2.50GHz, 2494.55 MHz
cpu0: FPU,VME,DE,PSE,TSC,MSR,PAE,MCE,CX8,APIC,SEP,MTRR,PGE,MCA,CMOV,PAT,PSE36,CFLUSH,DS,ACPI,MMX,FXSR,SSE,SSE2,SS,HTT,TM,PBE,SSE3,PCLMUL,DTES64,MWAIT,DS-CPL,VMX,EST,TM2,SSSE3,SDBG,FMA3,CX16,xTPR,PDCM,PCID,SSE4.1,SSE4.2,MOVBE,POPCNT,DEADLINE,AES,XSAVE,AVX,F16C,RDRAND,NXE,PAGE1GB,RDTSCP,LONG,LAHF,ABM,PERF,ITSC,FSGSBASE,BMI1,AVX2,SMEP,BMI2,ERMS,INVPCID,SENSOR,ARAT,XSAVEOPT,MELTDOWN
cpu0: 256KB 64b/line 8-way L2 cache
acpihpet0: recalibrated TSC frequency 2494225470 Hz
cpu0: smt 0, core 0, package 0
mtrr: Pentium Pro MTRR support, 10 var ranges, 88 fixed ranges
cpu0: apic clock running at 99MHz
cpu0: mwait min=64, max=64, C-substates=0.2.1.2.4, IBE
cpu1 at mainbus0: apid 1 (application processor)
cpu1: Intel(R) Core(TM) i5-4200M CPU @ 2.50GHz, 2494.23 MHz
cpu1: FPU,VME,DE,PSE,TSC,MSR,PAE,MCE,CX8,APIC,SEP,MTRR,PGE,MCA,CMOV,PAT,PSE36,CFLUSH,DS,ACPI,MMX,FXSR,SSE,SSE2,SS,HTT,TM,PBE,SSE3,PCLMUL,DTES64,MWAIT,DS-CPL,VMX,EST,TM2,SSSE3,SDBG,FMA3,CX16,xTPR,PDCM,PCID,SSE4.1,SSE4.2,MOVBE,POPCNT,DEADLINE,AES,XSAVE,AVX,F16C,RDRAND,NXE,PAGE1GB,RDTSCP,LONG,LAHF,ABM,PERF,ITSC,FSGSBASE,BMI1,AVX2,SMEP,BMI2,ERMS,INVPCID,SENSOR,ARAT,XSAVEOPT,MELTDOWN
cpu1: 256KB 64b/line 8-way L2 cache
cpu1: smt 1, core 0, package 0
cpu2 at mainbus0: apid 2 (application processor)
cpu2: Intel(R) Core(TM) i5-4200M CPU @ 2.50GHz, 2494.23 MHz
cpu2: FPU,VME,DE,PSE,TSC,MSR,PAE,MCE,CX8,APIC,SEP,MTRR,PGE,MCA,CMOV,PAT,PSE36,CFLUSH,DS,ACPI,MMX,FXSR,SSE,SSE2,SS,HTT,TM,PBE,SSE3,PCLMUL,DTES64,MWAIT,DS-CPL,VMX,EST,TM2,SSSE3,SDBG,FMA3,CX16,xTPR,PDCM,PCID,SSE4.1,SSE4.2,MOVBE,POPCNT,DEADLINE,AES,XSAVE,AVX,F16C,RDRAND,NXE,PAGE1GB,RDTSCP,LONG,LAHF,ABM,PERF,ITSC,FSGSBASE,BMI1,AVX2,SMEP,BMI2,ERMS,INVPCID,SENSOR,ARAT,XSAVEOPT,MELTDOWN
cpu2: 256KB 64b/line 8-way L2 cache
cpu2: smt 0, core 1, package 0
cpu3 at mainbus0: apid 3 (application processor)
cpu3: Intel(R) Core(TM) i5-4200M CPU @ 2.50GHz, 2494.23 MHz
cpu3: FPU,VME,DE,PSE,TSC,MSR,PAE,MCE,CX8,APIC,SEP,MTRR,PGE,MCA,CMOV,PAT,PSE36,CFLUSH,DS,ACPI,MMX,FXSR,SSE,SSE2,SS,HTT,TM,PBE,SSE3,PCLMUL,DTES64,MWAIT,DS-CPL,VMX,EST,TM2,SSSE3,SDBG,FMA3,CX16,xTPR,PDCM,PCID,SSE4.1,SSE4.2,MOVBE,POPCNT,DEADLINE,AES,XSAVE,AVX,F16C,RDRAND,NXE,PAGE1GB,RDTSCP,LONG,LAHF,ABM,PERF,ITSC,FSGSBASE,BMI1,AVX2,SMEP,BMI2,ERMS,INVPCID,SENSOR,ARAT,XSAVEOPT,MELTDOWN
cpu3: 256KB 64b/line 8-way L2 cache
cpu3: smt 1, core 1, package 0
ioapic0 at mainbus0: apid 0 pa 0xfec00000, version 20, 24 pins
acpimcfg0 at acpi0 addr 0xe0000000, bus 0-255
acpiprt0 at acpi0: bus -1 (PEGP)
acpiprt1 at acpi0: bus 1 (RP01)
acpiprt2 at acpi0: bus 2 (RP07)
acpiprt3 at acpi0: bus 3 (RP08)
acpiprt4 at acpi0: bus 0 (PCI0)
acpiec0 at acpi0
acpicpu0 at acpi0: C2(200@148 mwait.1@0x33), C1(1000@1 mwait.1), PSS
acpicpu1 at acpi0: C2(200@148 mwait.1@0x33), C1(1000@1 mwait.1), PSS
acpicpu2 at acpi0: C2(200@148 mwait.1@0x33), C1(1000@1 mwait.1), PSS
acpicpu3 at acpi0: C2(200@148 mwait.1@0x33), C1(1000@1 mwait.1), PSS
acpipwrres0 at acpi0: APPR, resource for HDEF
acpipwrres1 at acpi0: COMP, resource for COM1
acpipwrres2 at acpi0: LPP_, resource for LPT0
acpitz0 at acpi0: critical temperature is 128 degC
acpitz1 at acpi0: critical temperature is 128 degC
acpitz2 at acpi0: critical temperature is 128 degC
acpitz3 at acpi0: critical temperature is 128 degC
acpitz4 at acpi0: critical temperature is 128 degC
acpitz5 at acpi0: critical temperature is 128 degC
acpitz6 at acpi0: critical temperature is 128 degC
acpitz7 at acpi0: critical temperature is 128 degC
&quot;HPQ6001&quot; at acpi0 not configured
&quot;PNP0A06&quot; at acpi0 not configured
&quot;HPQ8001&quot; at acpi0 not configured
&quot;SYN3002&quot; at acpi0 not configured
&quot;HPQ6007&quot; at acpi0 not configured
acpibat0 at acpi0: BAT0 model &quot;Primary&quot; serial 00479 2014/07/15 type LIon oem &quot;Hewlett-Packard&quot;
acpiac0 at acpi0: AC unit online
acpibtn0 at acpi0: SLPB
acpibtn1 at acpi0: LID_
&quot;PNP0C14&quot; at acpi0 not configured
tpm0 at acpi0: GTPM, can't find address
&quot;INT340E&quot; at acpi0 not configured
acpivideo0 at acpi0: GFX0
acpivout0 at acpivideo0: DD02
cpu0: Enhanced SpeedStep 2494 MHz: speeds: 2501, 2500, 2400, 2300, 2100, 2000, 1900, 1800, 1600, 1500, 1400, 1300, 1200, 1000, 900, 800 MHz
pci0 at mainbus0 bus 0
pchb0 at pci0 dev 0 function 0 &quot;Intel Core 4G Host&quot; rev 0x06
inteldrm0 at pci0 dev 2 function 0 &quot;Intel HD Graphics 4600&quot; rev 0x06
drm0 at inteldrm0
inteldrm0: msi
inteldrm0: 1366x768, 32bpp
wsdisplay0 at inteldrm0 mux 1: console (std, vt100 emulation)
wsdisplay0: screen 1-5 added (std, vt100 emulation)
azalia0 at pci0 dev 3 function 0 &quot;Intel Core 4G HD Audio&quot; rev 0x06: msi
xhci0 at pci0 dev 20 function 0 &quot;Intel 8 Series xHCI&quot; rev 0x04: msi
usb0 at xhci0: USB revision 3.0
uhub0 at usb0 configuration 1 interface 0 &quot;Intel xHCI root hub&quot; rev 3.00/1.00 addr 1
&quot;Intel 8 Series MEI&quot; rev 0x04 at pci0 dev 22 function 0 not configured
em0 at pci0 dev 25 function 0 &quot;Intel I217-V&quot; rev 0x04: msi, address xx:xx:xx:xx:xx:xx
ehci0 at pci0 dev 26 function 0 &quot;Intel 8 Series USB&quot; rev 0x04: apic 0 int 16
usb1 at ehci0: USB revision 2.0
uhub1 at usb1 configuration 1 interface 0 &quot;Intel EHCI root hub&quot; rev 2.00/1.00 addr 1
azalia1 at pci0 dev 27 function 0 &quot;Intel 8 Series HD Audio&quot; rev 0x04: msi
azalia1: codecs: IDT/0x76e0
audio0 at azalia1
ppb0 at pci0 dev 28 function 0 &quot;Intel 8 Series PCIE&quot; rev 0xd4
pci1 at ppb0 bus 1
ppb1 at pci0 dev 28 function 6 &quot;Intel 8 Series PCIE&quot; rev 0xd4: msi
pci2 at ppb1 bus 2
iwn0 at pci2 dev 0 function 0 &quot;Intel Centrino Advanced-N 6235&quot; rev 0x24: msi, MIMO 2T2R, AGN, address xx:xx:xx:xx:xx:xx
ppb2 at pci0 dev 28 function 7 &quot;Intel 8 Series PCIE&quot; rev 0xd4: msi
pci3 at ppb2 bus 3
rtsx0 at pci3 dev 0 function 0 &quot;Realtek RTS5227 Card Reader&quot; rev 0x01: msi
sdmmc0 at rtsx0: 4-bit, dma
ehci1 at pci0 dev 29 function 0 &quot;Intel 8 Series USB&quot; rev 0x04: apic 0 int 17
usb2 at ehci1: USB revision 2.0
uhub2 at usb2 configuration 1 interface 0 &quot;Intel EHCI root hub&quot; rev 2.00/1.00 addr 1
pcib0 at pci0 dev 31 function 0 &quot;Intel HM87 LPC&quot; rev 0x04
ahci0 at pci0 dev 31 function 2 &quot;Intel 8 Series AHCI&quot; rev 0x04: msi, AHCI 1.3
ahci0: port 0: 6.0Gb/s
ahci0: port 1: 1.5Gb/s
scsibus1 at ahci0: 32 targets
sd0 at scsibus1 targ 0 lun 0: &lt;ATA, TOSHIBA MQ01ACF0, AV00&gt; SCSI3 0/direct fixed naa.50000395a4401a70
sd0: 305245MB, 512 bytes/sector, 625142448 sectors
cd0 at scsibus1 targ 1 lun 0: &lt;hp, DVDRW DU8A5SHL, ZH63&gt; ATAPI 5/cdrom removable
ichiic0 at pci0 dev 31 function 3 &quot;Intel 8 Series SMBus&quot; rev 0x04: apic 0 int 18
iic0 at ichiic0
iic0: addr 0x2c 80=04 81=04 82=04 83=04 84=04 85=04 86=04 87=04 fd=01 words 00=ffff 01=ffff 02=ffff 03=ffff 04=ffff 05=ffff 06=ffff 07=ffff
spdmem0 at iic0 addr 0x52: 4GB DDR3 SDRAM PC3-12800 SO-DIMM
isa0 at pcib0
isadma0 at isa0
com0 at isa0 port 0x3f8/8 irq 4: ns16550a, 16 byte fifo
pckbc0 at isa0 port 0x60/5 irq 1 irq 12
pckbd0 at pckbc0 (kbd slot)
wskbd0 at pckbd0: console keyboard, using wsdisplay0
pms0 at pckbc0 (aux slot)
wsmouse0 at pms0 mux 0
pms0: Synaptics touchpad, firmware 8.1, 0x1e2b1 0x840300
pcppi0 at isa0 port 0x61
spkr0 at pcppi0
lpt0 at isa0 port 0x378/4 irq 7
vmm0 at mainbus0: VMX/EPT
uvideo0 at uhub0 port 7 configuration 1 interface 0 &quot;SunplusIT INC. HP HD Webcam&quot; rev 2.00/1.08 addr 2
video0 at uvideo0
ugen0 at uhub0 port 12 &quot;Intel product 0x07da&quot; rev 2.00/78.69 addr 3
uhub3 at uhub1 port 1 configuration 1 interface 0 &quot;Intel Rate Matching Hub&quot; rev 2.00/0.04 addr 2
uhub4 at uhub2 port 1 configuration 1 interface 0 &quot;Intel Rate Matching Hub&quot; rev 2.00/0.04 addr 2
vscsi0 at root
scsibus2 at vscsi0: 256 targets
softraid0 at root
scsibus3 at softraid0: 256 targets
root on sd0a (e202350f9b8ce851.a) swap on sd0b dump on sd0b
syncing disks... done
rebooting
OpenBSD 6.3 (GENERIC.MP) #4: Sun Jun 17 11:22:20 CEST 2018
    xxx@xxx.xxx:/usr/src/sys/arch/amd64/compile/GENERIC.MP
real mem = 4086820864 (3897MB)
avail mem = 3955879936 (3772MB)
mpath0 at root
scsibus0 at mpath0: 256 targets
mainbus0 at root
bios0 at mainbus0: SMBIOS rev. 2.7 @ 0xb5e3f000 (31 entries)
bios0: vendor Hewlett-Packard version &quot;L77 Ver. 01.05&quot; date 04/29/2014
bios0: Hewlett-Packard HP ProBook 650 G1
acpi0 at bios0: rev 2
acpi0: sleep states S0 S3 S4 S5
acpi0: tables DSDT FACP HPET APIC MCFG ASF! TCPA SSDT SSDT SLIC FPDT BGRT SSDT SSDT SSDT SSDT
acpi0: wakeup devices LANC(S5) EHC1(S0) EHC2(S0) XHC_(S0) PCIB(S5) WNIC(S5) NIC_(S5) RP07(S4) RP08(S0)
acpitimer0 at acpi0: 3579545 Hz, 24 bits
acpihpet0 at acpi0: 14318179 Hz
acpimadt0 at acpi0 addr 0xfee00000: PC-AT compat
cpu0 at mainbus0: apid 0 (boot processor)
cpu0: Intel(R) Core(TM) i5-4200M CPU @ 2.50GHz, 2494.59 MHz
cpu0: FPU,VME,DE,PSE,TSC,MSR,PAE,MCE,CX8,APIC,SEP,MTRR,PGE,MCA,CMOV,PAT,PSE36,CFLUSH,DS,ACPI,MMX,FXSR,SSE,SSE2,SS,HTT,TM,PBE,SSE3,PCLMUL,DTES64,MWAIT,DS-CPL,VMX,EST,TM2,SSSE3,SDBG,FMA3,CX16,xTPR,PDCM,PCID,SSE4.1,SSE4.2,MOVBE,POPCNT,DEADLINE,AES,XSAVE,AVX,F16C,RDRAND,NXE,PAGE1GB,RDTSCP,LONG,LAHF,ABM,PERF,ITSC,FSGSBASE,BMI1,AVX2,SMEP,BMI2,ERMS,INVPCID,SENSOR,ARAT,XSAVEOPT,MELTDOWN
cpu0: 256KB 64b/line 8-way L2 cache
acpihpet0: recalibrated TSC frequency 2494227150 Hz
cpu0: smt 0, core 0, package 0
mtrr: Pentium Pro MTRR support, 10 var ranges, 88 fixed ranges
cpu0: apic clock running at 99MHz
cpu0: mwait min=64, max=64, C-substates=0.2.1.2.4, IBE
cpu1 at mainbus0: apid 1 (application processor)
cpu1: Intel(R) Core(TM) i5-4200M CPU @ 2.50GHz, 2494.23 MHz
cpu1: FPU,VME,DE,PSE,TSC,MSR,PAE,MCE,CX8,APIC,SEP,MTRR,PGE,MCA,CMOV,PAT,PSE36,CFLUSH,DS,ACPI,MMX,FXSR,SSE,SSE2,SS,HTT,TM,PBE,SSE3,PCLMUL,DTES64,MWAIT,DS-CPL,VMX,EST,TM2,SSSE3,SDBG,FMA3,CX16,xTPR,PDCM,PCID,SSE4.1,SSE4.2,MOVBE,POPCNT,DEADLINE,AES,XSAVE,AVX,F16C,RDRAND,NXE,PAGE1GB,RDTSCP,LONG,LAHF,ABM,PERF,ITSC,FSGSBASE,BMI1,AVX2,SMEP,BMI2,ERMS,INVPCID,SENSOR,ARAT,XSAVEOPT,MELTDOWN
cpu1: 256KB 64b/line 8-way L2 cache
cpu1: smt 1, core 0, package 0
cpu2 at mainbus0: apid 2 (application processor)
cpu2: Intel(R) Core(TM) i5-4200M CPU @ 2.50GHz, 2494.22 MHz
cpu2: FPU,VME,DE,PSE,TSC,MSR,PAE,MCE,CX8,APIC,SEP,MTRR,PGE,MCA,CMOV,PAT,PSE36,CFLUSH,DS,ACPI,MMX,FXSR,SSE,SSE2,SS,HTT,TM,PBE,SSE3,PCLMUL,DTES64,MWAIT,DS-CPL,VMX,EST,TM2,SSSE3,SDBG,FMA3,CX16,xTPR,PDCM,PCID,SSE4.1,SSE4.2,MOVBE,POPCNT,DEADLINE,AES,XSAVE,AVX,F16C,RDRAND,NXE,PAGE1GB,RDTSCP,LONG,LAHF,ABM,PERF,ITSC,FSGSBASE,BMI1,AVX2,SMEP,BMI2,ERMS,INVPCID,SENSOR,ARAT,XSAVEOPT,MELTDOWN
cpu2: 256KB 64b/line 8-way L2 cache
cpu2: smt 0, core 1, package 0
cpu3 at mainbus0: apid 3 (application processor)
cpu3: Intel(R) Core(TM) i5-4200M CPU @ 2.50GHz, 2494.22 MHz
cpu3: FPU,VME,DE,PSE,TSC,MSR,PAE,MCE,CX8,APIC,SEP,MTRR,PGE,MCA,CMOV,PAT,PSE36,CFLUSH,DS,ACPI,MMX,FXSR,SSE,SSE2,SS,HTT,TM,PBE,SSE3,PCLMUL,DTES64,MWAIT,DS-CPL,VMX,EST,TM2,SSSE3,SDBG,FMA3,CX16,xTPR,PDCM,PCID,SSE4.1,SSE4.2,MOVBE,POPCNT,DEADLINE,AES,XSAVE,AVX,F16C,RDRAND,NXE,PAGE1GB,RDTSCP,LONG,LAHF,ABM,PERF,ITSC,FSGSBASE,BMI1,AVX2,SMEP,BMI2,ERMS,INVPCID,SENSOR,ARAT,XSAVEOPT,MELTDOWN
cpu3: 256KB 64b/line 8-way L2 cache
cpu3: smt 1, core 1, package 0
ioapic0 at mainbus0: apid 0 pa 0xfec00000, version 20, 24 pins
acpimcfg0 at acpi0 addr 0xe0000000, bus 0-255
acpiprt0 at acpi0: bus -1 (PEGP)
acpiprt1 at acpi0: bus 1 (RP01)
acpiprt2 at acpi0: bus 2 (RP07)
acpiprt3 at acpi0: bus 3 (RP08)
acpiprt4 at acpi0: bus 0 (PCI0)
acpiec0 at acpi0
acpicpu0 at acpi0: C2(200@148 mwait.1@0x33), C1(1000@1 mwait.1), PSS
acpicpu1 at acpi0: C2(200@148 mwait.1@0x33), C1(1000@1 mwait.1), PSS
acpicpu2 at acpi0: C2(200@148 mwait.1@0x33), C1(1000@1 mwait.1), PSS
acpicpu3 at acpi0: C2(200@148 mwait.1@0x33), C1(1000@1 mwait.1), PSS
acpipwrres0 at acpi0: APPR, resource for HDEF
acpipwrres1 at acpi0: COMP, resource for COM1
acpipwrres2 at acpi0: LPP_, resource for LPT0
acpitz0 at acpi0: critical temperature is 128 degC
acpitz1 at acpi0: critical temperature is 128 degC
acpitz2 at acpi0: critical temperature is 128 degC
acpitz3 at acpi0: critical temperature is 128 degC
acpitz4 at acpi0: critical temperature is 128 degC
acpitz5 at acpi0: critical temperature is 128 degC
acpitz6 at acpi0: critical temperature is 128 degC
acpitz7 at acpi0: critical temperature is 128 degC
&quot;HPQ6001&quot; at acpi0 not configured
&quot;PNP0A06&quot; at acpi0 not configured
&quot;HPQ8001&quot; at acpi0 not configured
&quot;SYN3002&quot; at acpi0 not configured
&quot;HPQ6007&quot; at acpi0 not configured
acpibat0 at acpi0: BAT0 model &quot;Primary&quot; serial 00479 2014/07/15 type LIon oem &quot;Hewlett-Packard&quot;
acpiac0 at acpi0: AC unit online
acpibtn0 at acpi0: SLPB
acpibtn1 at acpi0: LID_
&quot;PNP0C14&quot; at acpi0 not configured
tpm0 at acpi0: GTPM, can't find address
&quot;INT340E&quot; at acpi0 not configured
acpivideo0 at acpi0: GFX0
acpivout0 at acpivideo0: DD02
cpu0: Enhanced SpeedStep 2494 MHz: speeds: 2501, 2500, 2400, 2300, 2100, 2000, 1900, 1800, 1600, 1500, 1400, 1300, 1200, 1000, 900, 800 MHz
pci0 at mainbus0 bus 0
pchb0 at pci0 dev 0 function 0 &quot;Intel Core 4G Host&quot; rev 0x06
inteldrm0 at pci0 dev 2 function 0 &quot;Intel HD Graphics 4600&quot; rev 0x06
drm0 at inteldrm0
inteldrm0: msi
inteldrm0: 1366x768, 32bpp
wsdisplay0 at inteldrm0 mux 1: console (std, vt100 emulation)
wsdisplay0: screen 1-5 added (std, vt100 emulation)
azalia0 at pci0 dev 3 function 0 &quot;Intel Core 4G HD Audio&quot; rev 0x06: msi
xhci0 at pci0 dev 20 function 0 &quot;Intel 8 Series xHCI&quot; rev 0x04: msi
usb0 at xhci0: USB revision 3.0
uhub0 at usb0 configuration 1 interface 0 &quot;Intel xHCI root hub&quot; rev 3.00/1.00 addr 1
&quot;Intel 8 Series MEI&quot; rev 0x04 at pci0 dev 22 function 0 not configured
em0 at pci0 dev 25 function 0 &quot;Intel I217-V&quot; rev 0x04: msi, address xx:xx:xx:xx:xx:xx
ehci0 at pci0 dev 26 function 0 &quot;Intel 8 Series USB&quot; rev 0x04: apic 0 int 16
usb1 at ehci0: USB revision 2.0
uhub1 at usb1 configuration 1 interface 0 &quot;Intel EHCI root hub&quot; rev 2.00/1.00 addr 1
azalia1 at pci0 dev 27 function 0 &quot;Intel 8 Series HD Audio&quot; rev 0x04: msi
azalia1: codecs: IDT/0x76e0
audio0 at azalia1
ppb0 at pci0 dev 28 function 0 &quot;Intel 8 Series PCIE&quot; rev 0xd4
pci1 at ppb0 bus 1
ppb1 at pci0 dev 28 function 6 &quot;Intel 8 Series PCIE&quot; rev 0xd4: msi
pci2 at ppb1 bus 2
iwn0 at pci2 dev 0 function 0 &quot;Intel Centrino Advanced-N 6235&quot; rev 0x24: msi, MIMO 2T2R, AGN, address xx:xx:xx:xx:xx:xx
ppb2 at pci0 dev 28 function 7 &quot;Intel 8 Series PCIE&quot; rev 0xd4: msi
pci3 at ppb2 bus 3
rtsx0 at pci3 dev 0 function 0 &quot;Realtek RTS5227 Card Reader&quot; rev 0x01: msi
sdmmc0 at rtsx0: 4-bit, dma
ehci1 at pci0 dev 29 function 0 &quot;Intel 8 Series USB&quot; rev 0x04: apic 0 int 17
usb2 at ehci1: USB revision 2.0
uhub2 at usb2 configuration 1 interface 0 &quot;Intel EHCI root hub&quot; rev 2.00/1.00 addr 1
pcib0 at pci0 dev 31 function 0 &quot;Intel HM87 LPC&quot; rev 0x04
ahci0 at pci0 dev 31 function 2 &quot;Intel 8 Series AHCI&quot; rev 0x04: msi, AHCI 1.3
ahci0: port 0: 6.0Gb/s
ahci0: port 1: 1.5Gb/s
scsibus1 at ahci0: 32 targets
sd0 at scsibus1 targ 0 lun 0: &lt;ATA, TOSHIBA MQ01ACF0, AV00&gt; SCSI3 0/direct fixed naa.50000395a4401a70
sd0: 305245MB, 512 bytes/sector, 625142448 sectors
cd0 at scsibus1 targ 1 lun 0: &lt;hp, DVDRW DU8A5SHL, ZH63&gt; ATAPI 5/cdrom removable
ichiic0 at pci0 dev 31 function 3 &quot;Intel 8 Series SMBus&quot; rev 0x04: apic 0 int 18
iic0 at ichiic0
iic0: addr 0x2c 80=04 81=04 82=04 83=04 84=04 85=04 86=04 87=04 fd=01 words 00=ffff 01=ffff 02=ffff 03=ffff 04=ffff 05=ffff 06=ffff 07=ffff
spdmem0 at iic0 addr 0x52: 4GB DDR3 SDRAM PC3-12800 SO-DIMM
isa0 at pcib0
isadma0 at isa0
com0 at isa0 port 0x3f8/8 irq 4: ns16550a, 16 byte fifo
pckbc0 at isa0 port 0x60/5 irq 1 irq 12
pckbd0 at pckbc0 (kbd slot)
wskbd0 at pckbd0: console keyboard, using wsdisplay0
pms0 at pckbc0 (aux slot)
wsmouse0 at pms0 mux 0
pms0: Synaptics touchpad, firmware 8.1, 0x1e2b1 0x840300
pcppi0 at isa0 port 0x61
spkr0 at pcppi0
lpt0 at isa0 port 0x378/4 irq 7
vmm0 at mainbus0: VMX/EPT
uvideo0 at uhub0 port 7 configuration 1 interface 0 &quot;SunplusIT INC. HP HD Webcam&quot; rev 2.00/1.08 addr 2
video0 at uvideo0
ugen0 at uhub0 port 12 &quot;Intel product 0x07da&quot; rev 2.00/78.69 addr 3
uhub3 at uhub1 port 1 configuration 1 interface 0 &quot;Intel Rate Matching Hub&quot; rev 2.00/0.04 addr 2
uhub4 at uhub2 port 1 configuration 1 interface 0 &quot;Intel Rate Matching Hub&quot; rev 2.00/0.04 addr 2
vscsi0 at root
scsibus2 at vscsi0: 256 targets
softraid0 at root
scsibus3 at softraid0: 256 targets
root on sd0a (e202350f9b8ce851.a) swap on sd0b dump on sd0b
syncing disks... done
rebooting
OpenBSD 6.3 (GENERIC.MP) #4: Sun Jun 17 11:22:20 CEST 2018
    xxx@xxx.xxx:/usr/src/sys/arch/amd64/compile/GENERIC.MP
real mem = 4086820864 (3897MB)
avail mem = 3955896320 (3772MB)
mpath0 at root
scsibus0 at mpath0: 256 targets
mainbus0 at root
bios0 at mainbus0: SMBIOS rev. 2.7 @ 0xb5e3f000 (31 entries)
bios0: vendor Hewlett-Packard version &quot;L77 Ver. 01.05&quot; date 04/29/2014
bios0: Hewlett-Packard HP ProBook 650 G1
acpi0 at bios0: rev 2
acpi0: sleep states S0 S3 S4 S5
acpi0: tables DSDT FACP HPET APIC MCFG ASF! TCPA SSDT SSDT SLIC FPDT BGRT SSDT SSDT SSDT SSDT
acpi0: wakeup devices LANC(S5) EHC1(S0) EHC2(S0) XHC_(S0) PCIB(S5) WNIC(S5) NIC_(S5) RP07(S4) RP08(S0)
acpitimer0 at acpi0: 3579545 Hz, 24 bits
acpihpet0 at acpi0: 14318179 Hz
acpimadt0 at acpi0 addr 0xfee00000: PC-AT compat
cpu0 at mainbus0: apid 0 (boot processor)
cpu0: Intel(R) Core(TM) i5-4200M CPU @ 2.50GHz, 2494.55 MHz
cpu0: FPU,VME,DE,PSE,TSC,MSR,PAE,MCE,CX8,APIC,SEP,MTRR,PGE,MCA,CMOV,PAT,PSE36,CFLUSH,DS,ACPI,MMX,FXSR,SSE,SSE2,SS,HTT,TM,PBE,SSE3,PCLMUL,DTES64,MWAIT,DS-CPL,VMX,EST,TM2,SSSE3,SDBG,FMA3,CX16,xTPR,PDCM,PCID,SSE4.1,SSE4.2,MOVBE,POPCNT,DEADLINE,AES,XSAVE,AVX,F16C,RDRAND,NXE,PAGE1GB,RDTSCP,LONG,LAHF,ABM,PERF,ITSC,FSGSBASE,BMI1,AVX2,SMEP,BMI2,ERMS,INVPCID,SENSOR,ARAT,XSAVEOPT,MELTDOWN
cpu0: 256KB 64b/line 8-way L2 cache
acpihpet0: recalibrated TSC frequency 2494227470 Hz
cpu0: smt 0, core 0, package 0
mtrr: Pentium Pro MTRR support, 10 var ranges, 88 fixed ranges
cpu0: apic clock running at 99MHz
cpu0: mwait min=64, max=64, C-substates=0.2.1.2.4, IBE
cpu1 at mainbus0: apid 1 (application processor)
cpu1: Intel(R) Core(TM) i5-4200M CPU @ 2.50GHz, 2494.23 MHz
cpu1: FPU,VME,DE,PSE,TSC,MSR,PAE,MCE,CX8,APIC,SEP,MTRR,PGE,MCA,CMOV,PAT,PSE36,CFLUSH,DS,ACPI,MMX,FXSR,SSE,SSE2,SS,HTT,TM,PBE,SSE3,PCLMUL,DTES64,MWAIT,DS-CPL,VMX,EST,TM2,SSSE3,SDBG,FMA3,CX16,xTPR,PDCM,PCID,SSE4.1,SSE4.2,MOVBE,POPCNT,DEADLINE,AES,XSAVE,AVX,F16C,RDRAND,NXE,PAGE1GB,RDTSCP,LONG,LAHF,ABM,PERF,ITSC,FSGSBASE,BMI1,AVX2,SMEP,BMI2,ERMS,INVPCID,SENSOR,ARAT,XSAVEOPT,MELTDOWN
cpu1: 256KB 64b/line 8-way L2 cache
cpu1: smt 1, core 0, package 0
cpu2 at mainbus0: apid 2 (application processor)
cpu2: Intel(R) Core(TM) i5-4200M CPU @ 2.50GHz, 2494.23 MHz
cpu2: FPU,VME,DE,PSE,TSC,MSR,PAE,MCE,CX8,APIC,SEP,MTRR,PGE,MCA,CMOV,PAT,PSE36,CFLUSH,DS,ACPI,MMX,FXSR,SSE,SSE2,SS,HTT,TM,PBE,SSE3,PCLMUL,DTES64,MWAIT,DS-CPL,VMX,EST,TM2,SSSE3,SDBG,FMA3,CX16,xTPR,PDCM,PCID,SSE4.1,SSE4.2,MOVBE,POPCNT,DEADLINE,AES,XSAVE,AVX,F16C,RDRAND,NXE,PAGE1GB,RDTSCP,LONG,LAHF,ABM,PERF,ITSC,FSGSBASE,BMI1,AVX2,SMEP,BMI2,ERMS,INVPCID,SENSOR,ARAT,XSAVEOPT,MELTDOWN
cpu2: 256KB 64b/line 8-way L2 cache
cpu2: smt 0, core 1, package 0
cpu3 at mainbus0: apid 3 (application processor)
cpu3: Intel(R) Core(TM) i5-4200M CPU @ 2.50GHz, 2494.23 MHz
cpu3: FPU,VME,DE,PSE,TSC,MSR,PAE,MCE,CX8,APIC,SEP,MTRR,PGE,MCA,CMOV,PAT,PSE36,CFLUSH,DS,ACPI,MMX,FXSR,SSE,SSE2,SS,HTT,TM,PBE,SSE3,PCLMUL,DTES64,MWAIT,DS-CPL,VMX,EST,TM2,SSSE3,SDBG,FMA3,CX16,xTPR,PDCM,PCID,SSE4.1,SSE4.2,MOVBE,POPCNT,DEADLINE,AES,XSAVE,AVX,F16C,RDRAND,NXE,PAGE1GB,RDTSCP,LONG,LAHF,ABM,PERF,ITSC,FSGSBASE,BMI1,AVX2,SMEP,BMI2,ERMS,INVPCID,SENSOR,ARAT,XSAVEOPT,MELTDOWN
cpu3: 256KB 64b/line 8-way L2 cache
cpu3: smt 1, core 1, package 0
ioapic0 at mainbus0: apid 0 pa 0xfec00000, version 20, 24 pins
acpimcfg0 at acpi0 addr 0xe0000000, bus 0-255
acpiprt0 at acpi0: bus -1 (PEGP)
acpiprt1 at acpi0: bus 1 (RP01)
acpiprt2 at acpi0: bus 2 (RP07)
acpiprt3 at acpi0: bus 3 (RP08)
acpiprt4 at acpi0: bus 0 (PCI0)
acpiec0 at acpi0
acpicpu0 at acpi0: C2(200@148 mwait.1@0x33), C1(1000@1 mwait.1), PSS
acpicpu1 at acpi0: C2(200@148 mwait.1@0x33), C1(1000@1 mwait.1), PSS
acpicpu2 at acpi0: C2(200@148 mwait.1@0x33), C1(1000@1 mwait.1), PSS
acpicpu3 at acpi0: C2(200@148 mwait.1@0x33), C1(1000@1 mwait.1), PSS
acpipwrres0 at acpi0: APPR, resource for HDEF
acpipwrres1 at acpi0: COMP, resource for COM1
acpipwrres2 at acpi0: LPP_, resource for LPT0
acpitz0 at acpi0: critical temperature is 128 degC
acpitz1 at acpi0: critical temperature is 128 degC
acpitz2 at acpi0: critical temperature is 128 degC
acpitz3 at acpi0: critical temperature is 128 degC
acpitz4 at acpi0: critical temperature is 128 degC
acpitz5 at acpi0: critical temperature is 128 degC
acpitz6 at acpi0: critical temperature is 128 degC
acpitz7 at acpi0: critical temperature is 128 degC
&quot;HPQ6001&quot; at acpi0 not configured
&quot;PNP0A06&quot; at acpi0 not configured
&quot;HPQ8001&quot; at acpi0 not configured
&quot;SYN3002&quot; at acpi0 not configured
&quot;HPQ6007&quot; at acpi0 not configured
acpibat0 at acpi0: BAT0 model &quot;Primary&quot; serial 00479 2014/07/15 type LIon oem &quot;Hewlett-Packard&quot;
acpiac0 at acpi0: AC unit online
acpibtn0 at acpi0: SLPB
acpibtn1 at acpi0: LID_
&quot;PNP0C14&quot; at acpi0 not configured
tpm0 at acpi0: GTPM, can't find address
&quot;INT340E&quot; at acpi0 not configured
acpivideo0 at acpi0: GFX0
acpivout0 at acpivideo0: DD02
cpu0: Enhanced SpeedStep 2494 MHz: speeds: 2501, 2500, 2400, 2300, 2100, 2000, 1900, 1800, 1600, 1500, 1400, 1300, 1200, 1000, 900, 800 MHz
pci0 at mainbus0 bus 0
pchb0 at pci0 dev 0 function 0 &quot;Intel Core 4G Host&quot; rev 0x06
inteldrm0 at pci0 dev 2 function 0 &quot;Intel HD Graphics 4600&quot; rev 0x06
drm0 at inteldrm0
inteldrm0: msi
inteldrm0: 1366x768, 32bpp
wsdisplay0 at inteldrm0 mux 1: console (std, vt100 emulation)
wsdisplay0: screen 1-5 added (std, vt100 emulation)
azalia0 at pci0 dev 3 function 0 &quot;Intel Core 4G HD Audio&quot; rev 0x06: msi
xhci0 at pci0 dev 20 function 0 &quot;Intel 8 Series xHCI&quot; rev 0x04: msi
usb0 at xhci0: USB revision 3.0
uhub0 at usb0 configuration 1 interface 0 &quot;Intel xHCI root hub&quot; rev 3.00/1.00 addr 1
&quot;Intel 8 Series MEI&quot; rev 0x04 at pci0 dev 22 function 0 not configured
em0 at pci0 dev 25 function 0 &quot;Intel I217-V&quot; rev 0x04: msi, address xx:xx:xx:xx:xx:xx
ehci0 at pci0 dev 26 function 0 &quot;Intel 8 Series USB&quot; rev 0x04: apic 0 int 16
usb1 at ehci0: USB revision 2.0
uhub1 at usb1 configuration 1 interface 0 &quot;Intel EHCI root hub&quot; rev 2.00/1.00 addr 1
azalia1 at pci0 dev 27 function 0 &quot;Intel 8 Series HD Audio&quot; rev 0x04: msi
azalia1: codecs: IDT/0x76e0
audio0 at azalia1
ppb0 at pci0 dev 28 function 0 &quot;Intel 8 Series PCIE&quot; rev 0xd4
pci1 at ppb0 bus 1
ppb1 at pci0 dev 28 function 6 &quot;Intel 8 Series PCIE&quot; rev 0xd4: msi
pci2 at ppb1 bus 2
iwn0 at pci2 dev 0 function 0 &quot;Intel Centrino Advanced-N 6235&quot; rev 0x24: msi, MIMO 2T2R, AGN, address xx:xx:xx:xx:xx:xx
ppb2 at pci0 dev 28 function 7 &quot;Intel 8 Series PCIE&quot; rev 0xd4: msi
pci3 at ppb2 bus 3
rtsx0 at pci3 dev 0 function 0 &quot;Realtek RTS5227 Card Reader&quot; rev 0x01: msi
sdmmc0 at rtsx0: 4-bit, dma
ehci1 at pci0 dev 29 function 0 &quot;Intel 8 Series USB&quot; rev 0x04: apic 0 int 17
usb2 at ehci1: USB revision 2.0
uhub2 at usb2 configuration 1 interface 0 &quot;Intel EHCI root hub&quot; rev 2.00/1.00 addr 1
pcib0 at pci0 dev 31 function 0 &quot;Intel HM87 LPC&quot; rev 0x04
ahci0 at pci0 dev 31 function 2 &quot;Intel 8 Series AHCI&quot; rev 0x04: msi, AHCI 1.3
ahci0: port 0: 6.0Gb/s
ahci0: port 1: 1.5Gb/s
scsibus1 at ahci0: 32 targets
sd0 at scsibus1 targ 0 lun 0: &lt;ATA, TOSHIBA MQ01ACF0, AV00&gt; SCSI3 0/direct fixed naa.50000395a4401a70
sd0: 305245MB, 512 bytes/sector, 625142448 sectors
cd0 at scsibus1 targ 1 lun 0: &lt;hp, DVDRW DU8A5SHL, ZH63&gt; ATAPI 5/cdrom removable
ichiic0 at pci0 dev 31 function 3 &quot;Intel 8 Series SMBus&quot; rev 0x04: apic 0 int 18
iic0 at ichiic0
iic0: addr 0x2c 80=04 81=04 82=04 83=04 84=04 85=04 86=04 87=04 fd=01 words 00=ffff 01=ffff 02=ffff 03=ffff 04=ffff 05=ffff 06=ffff 07=ffff
spdmem0 at iic0 addr 0x52: 4GB DDR3 SDRAM PC3-12800 SO-DIMM
isa0 at pcib0
isadma0 at isa0
com0 at isa0 port 0x3f8/8 irq 4: ns16550a, 16 byte fifo
pckbc0 at isa0 port 0x60/5 irq 1 irq 12
pckbd0 at pckbc0 (kbd slot)
wskbd0 at pckbd0: console keyboard, using wsdisplay0
pms0 at pckbc0 (aux slot)
wsmouse0 at pms0 mux 0
pms0: Synaptics touchpad, firmware 8.1, 0x1e2b1 0x840300
pcppi0 at isa0 port 0x61
spkr0 at pcppi0
lpt0 at isa0 port 0x378/4 irq 7
vmm0 at mainbus0: VMX/EPT
uvideo0 at uhub0 port 7 configuration 1 interface 0 &quot;SunplusIT INC. HP HD Webcam&quot; rev 2.00/1.08 addr 2
video0 at uvideo0
ugen0 at uhub0 port 12 &quot;Intel product 0x07da&quot; rev 2.00/78.69 addr 3
uhub3 at uhub1 port 1 configuration 1 interface 0 &quot;Intel Rate Matching Hub&quot; rev 2.00/0.04 addr 2
uhub4 at uhub2 port 1 configuration 1 interface 0 &quot;Intel Rate Matching Hub&quot; rev 2.00/0.04 addr 2
vscsi0 at root
scsibus2 at vscsi0: 256 targets
softraid0 at root
scsibus3 at softraid0: 256 targets
root on sd0a (e202350f9b8ce851.a) swap on sd0b dump on sd0b
syncing disks... done
rebooting
OpenBSD 6.3 (GENERIC.MP) #4: Sun Jun 17 11:22:20 CEST 2018
    xxx@xxx.xxx:/usr/src/sys/arch/amd64/compile/GENERIC.MP
real mem = 4086820864 (3897MB)
avail mem = 3955896320 (3772MB)
mpath0 at root
scsibus0 at mpath0: 256 targets
mainbus0 at root
bios0 at mainbus0: SMBIOS rev. 2.7 @ 0xb5e3f000 (31 entries)
bios0: vendor Hewlett-Packard version &quot;L77 Ver. 01.05&quot; date 04/29/2014
bios0: Hewlett-Packard HP ProBook 650 G1
acpi0 at bios0: rev 2
acpi0: sleep states S0 S3 S4 S5
acpi0: tables DSDT FACP HPET APIC MCFG ASF! TCPA SSDT SSDT SLIC FPDT BGRT SSDT SSDT SSDT SSDT
acpi0: wakeup devices LANC(S5) EHC1(S0) EHC2(S0) XHC_(S0) PCIB(S5) WNIC(S5) NIC_(S5) RP07(S4) RP08(S0)
acpitimer0 at acpi0: 3579545 Hz, 24 bits
acpihpet0 at acpi0: 14318179 Hz
acpimadt0 at acpi0 addr 0xfee00000: PC-AT compat
cpu0 at mainbus0: apid 0 (boot processor)
cpu0: Intel(R) Core(TM) i5-4200M CPU @ 2.50GHz, 2494.55 MHz
cpu0: FPU,VME,DE,PSE,TSC,MSR,PAE,MCE,CX8,APIC,SEP,MTRR,PGE,MCA,CMOV,PAT,PSE36,CFLUSH,DS,ACPI,MMX,FXSR,SSE,SSE2,SS,HTT,TM,PBE,SSE3,PCLMUL,DTES64,MWAIT,DS-CPL,VMX,EST,TM2,SSSE3,SDBG,FMA3,CX16,xTPR,PDCM,PCID,SSE4.1,SSE4.2,MOVBE,POPCNT,DEADLINE,AES,XSAVE,AVX,F16C,RDRAND,NXE,PAGE1GB,RDTSCP,LONG,LAHF,ABM,PERF,ITSC,FSGSBASE,BMI1,AVX2,SMEP,BMI2,ERMS,INVPCID,SENSOR,ARAT,XSAVEOPT,MELTDOWN
cpu0: 256KB 64b/line 8-way L2 cache
acpihpet0: recalibrated TSC frequency 2494227190 Hz
cpu0: smt 0, core 0, package 0
mtrr: Pentium Pro MTRR support, 10 var ranges, 88 fixed ranges
cpu0: apic clock running at 99MHz
cpu0: mwait min=64, max=64, C-substates=0.2.1.2.4, IBE
cpu1 at mainbus0: apid 1 (application processor)
cpu1: Intel(R) Core(TM) i5-4200M CPU @ 2.50GHz, 2494.22 MHz
cpu1: FPU,VME,DE,PSE,TSC,MSR,PAE,MCE,CX8,APIC,SEP,MTRR,PGE,MCA,CMOV,PAT,PSE36,CFLUSH,DS,ACPI,MMX,FXSR,SSE,SSE2,SS,HTT,TM,PBE,SSE3,PCLMUL,DTES64,MWAIT,DS-CPL,VMX,EST,TM2,SSSE3,SDBG,FMA3,CX16,xTPR,PDCM,PCID,SSE4.1,SSE4.2,MOVBE,POPCNT,DEADLINE,AES,XSAVE,AVX,F16C,RDRAND,NXE,PAGE1GB,RDTSCP,LONG,LAHF,ABM,PERF,ITSC,FSGSBASE,BMI1,AVX2,SMEP,BMI2,ERMS,INVPCID,SENSOR,ARAT,XSAVEOPT,MELTDOWN
cpu1: 256KB 64b/line 8-way L2 cache
cpu1: smt 1, core 0, package 0
cpu2 at mainbus0: apid 2 (application processor)
cpu2: Intel(R) Core(TM) i5-4200M CPU @ 2.50GHz, 2494.22 MHz
cpu2: FPU,VME,DE,PSE,TSC,MSR,PAE,MCE,CX8,APIC,SEP,MTRR,PGE,MCA,CMOV,PAT,PSE36,CFLUSH,DS,ACPI,MMX,FXSR,SSE,SSE2,SS,HTT,TM,PBE,SSE3,PCLMUL,DTES64,MWAIT,DS-CPL,VMX,EST,TM2,SSSE3,SDBG,FMA3,CX16,xTPR,PDCM,PCID,SSE4.1,SSE4.2,MOVBE,POPCNT,DEADLINE,AES,XSAVE,AVX,F16C,RDRAND,NXE,PAGE1GB,RDTSCP,LONG,LAHF,ABM,PERF,ITSC,FSGSBASE,BMI1,AVX2,SMEP,BMI2,ERMS,INVPCID,SENSOR,ARAT,XSAVEOPT,MELTDOWN
cpu2: 256KB 64b/line 8-way L2 cache
cpu2: smt 0, core 1, package 0
cpu3 at mainbus0: apid 3 (application processor)
cpu3: Intel(R) Core(TM) i5-4200M CPU @ 2.50GHz, 2494.22 MHz
cpu3: FPU,VME,DE,PSE,TSC,MSR,PAE,MCE,CX8,APIC,SEP,MTRR,PGE,MCA,CMOV,PAT,PSE36,CFLUSH,DS,ACPI,MMX,FXSR,SSE,SSE2,SS,HTT,TM,PBE,SSE3,PCLMUL,DTES64,MWAIT,DS-CPL,VMX,EST,TM2,SSSE3,SDBG,FMA3,CX16,xTPR,PDCM,PCID,SSE4.1,SSE4.2,MOVBE,POPCNT,DEADLINE,AES,XSAVE,AVX,F16C,RDRAND,NXE,PAGE1GB,RDTSCP,LONG,LAHF,ABM,PERF,ITSC,FSGSBASE,BMI1,AVX2,SMEP,BMI2,ERMS,INVPCID,SENSOR,ARAT,XSAVEOPT,MELTDOWN
cpu3: 256KB 64b/line 8-way L2 cache
cpu3: smt 1, core 1, package 0
ioapic0 at mainbus0: apid 0 pa 0xfec00000, version 20, 24 pins
acpimcfg0 at acpi0 addr 0xe0000000, bus 0-255
acpiprt0 at acpi0: bus -1 (PEGP)
acpiprt1 at acpi0: bus 1 (RP01)
acpiprt2 at acpi0: bus 2 (RP07)
acpiprt3 at acpi0: bus 3 (RP08)
acpiprt4 at acpi0: bus 0 (PCI0)
acpiec0 at acpi0
acpicpu0 at acpi0: C2(200@148 mwait.1@0x33), C1(1000@1 mwait.1), PSS
acpicpu1 at acpi0: C2(200@148 mwait.1@0x33), C1(1000@1 mwait.1), PSS
acpicpu2 at acpi0: C2(200@148 mwait.1@0x33), C1(1000@1 mwait.1), PSS
acpicpu3 at acpi0: C2(200@148 mwait.1@0x33), C1(1000@1 mwait.1), PSS
acpipwrres0 at acpi0: APPR, resource for HDEF
acpipwrres1 at acpi0: COMP, resource for COM1
acpipwrres2 at acpi0: LPP_, resource for LPT0
acpitz0 at acpi0: critical temperature is 128 degC
acpitz1 at acpi0: critical temperature is 128 degC
acpitz2 at acpi0: critical temperature is 128 degC
acpitz3 at acpi0: critical temperature is 128 degC
acpitz4 at acpi0: critical temperature is 128 degC
acpitz5 at acpi0: critical temperature is 128 degC
acpitz6 at acpi0: critical temperature is 128 degC
acpitz7 at acpi0: critical temperature is 128 degC
&quot;HPQ6001&quot; at acpi0 not configured
&quot;PNP0A06&quot; at acpi0 not configured
&quot;HPQ8001&quot; at acpi0 not configured
&quot;SYN3002&quot; at acpi0 not configured
&quot;HPQ6007&quot; at acpi0 not configured
acpibat0 at acpi0: BAT0 model &quot;Primary&quot; serial 00479 2014/07/15 type LIon oem &quot;Hewlett-Packard&quot;
acpiac0 at acpi0: AC unit online
acpibtn0 at acpi0: SLPB
acpibtn1 at acpi0: LID_
&quot;PNP0C14&quot; at acpi0 not configured
tpm0 at acpi0: GTPM, can't find address
&quot;INT340E&quot; at acpi0 not configured
acpivideo0 at acpi0: GFX0
acpivout0 at acpivideo0: DD02
cpu0: Enhanced SpeedStep 2494 MHz: speeds: 2501, 2500, 2400, 2300, 2100, 2000, 1900, 1800, 1600, 1500, 1400, 1300, 1200, 1000, 900, 800 MHz
pci0 at mainbus0 bus 0
pchb0 at pci0 dev 0 function 0 &quot;Intel Core 4G Host&quot; rev 0x06
inteldrm0 at pci0 dev 2 function 0 &quot;Intel HD Graphics 4600&quot; rev 0x06
drm0 at inteldrm0
inteldrm0: msi
inteldrm0: 1366x768, 32bpp
wsdisplay0 at inteldrm0 mux 1: console (std, vt100 emulation)
wsdisplay0: screen 1-5 added (std, vt100 emulation)
azalia0 at pci0 dev 3 function 0 &quot;Intel Core 4G HD Audio&quot; rev 0x06: msi
xhci0 at pci0 dev 20 function 0 &quot;Intel 8 Series xHCI&quot; rev 0x04: msi
usb0 at xhci0: USB revision 3.0
uhub0 at usb0 configuration 1 interface 0 &quot;Intel xHCI root hub&quot; rev 3.00/1.00 addr 1
&quot;Intel 8 Series MEI&quot; rev 0x04 at pci0 dev 22 function 0 not configured
em0 at pci0 dev 25 function 0 &quot;Intel I217-V&quot; rev 0x04: msi, address xx:xx:xx:xx:xx:xx
ehci0 at pci0 dev 26 function 0 &quot;Intel 8 Series USB&quot; rev 0x04: apic 0 int 16
usb1 at ehci0: USB revision 2.0
uhub1 at usb1 configuration 1 interface 0 &quot;Intel EHCI root hub&quot; rev 2.00/1.00 addr 1
azalia1 at pci0 dev 27 function 0 &quot;Intel 8 Series HD Audio&quot; rev 0x04: msi
azalia1: codecs: IDT/0x76e0
audio0 at azalia1
ppb0 at pci0 dev 28 function 0 &quot;Intel 8 Series PCIE&quot; rev 0xd4
pci1 at ppb0 bus 1
ppb1 at pci0 dev 28 function 6 &quot;Intel 8 Series PCIE&quot; rev 0xd4: msi
pci2 at ppb1 bus 2
iwn0 at pci2 dev 0 function 0 &quot;Intel Centrino Advanced-N 6235&quot; rev 0x24: msi, MIMO 2T2R, AGN, address xx:xx:xx:xx:xx:xx
ppb2 at pci0 dev 28 function 7 &quot;Intel 8 Series PCIE&quot; rev 0xd4: msi
pci3 at ppb2 bus 3
rtsx0 at pci3 dev 0 function 0 &quot;Realtek RTS5227 Card Reader&quot; rev 0x01: msi
sdmmc0 at rtsx0: 4-bit, dma
ehci1 at pci0 dev 29 function 0 &quot;Intel 8 Series USB&quot; rev 0x04: apic 0 int 17
usb2 at ehci1: USB revision 2.0
uhub2 at usb2 configuration 1 interface 0 &quot;Intel EHCI root hub&quot; rev 2.00/1.00 addr 1
pcib0 at pci0 dev 31 function 0 &quot;Intel HM87 LPC&quot; rev 0x04
ahci0 at pci0 dev 31 function 2 &quot;Intel 8 Series AHCI&quot; rev 0x04: msi, AHCI 1.3
ahci0: port 0: 6.0Gb/s
ahci0: port 1: 1.5Gb/s
scsibus1 at ahci0: 32 targets
sd0 at scsibus1 targ 0 lun 0: &lt;ATA, TOSHIBA MQ01ACF0, AV00&gt; SCSI3 0/direct fixed naa.50000395a4401a70
sd0: 305245MB, 512 bytes/sector, 625142448 sectors
cd0 at scsibus1 targ 1 lun 0: &lt;hp, DVDRW DU8A5SHL, ZH63&gt; ATAPI 5/cdrom removable
ichiic0 at pci0 dev 31 function 3 &quot;Intel 8 Series SMBus&quot; rev 0x04: apic 0 int 18
iic0 at ichiic0
iic0: addr 0x2c 80=04 81=04 82=04 83=04 84=04 85=04 86=04 87=04 fd=01 words 00=ffff 01=ffff 02=ffff 03=ffff 04=ffff 05=ffff 06=ffff 07=ffff
spdmem0 at iic0 addr 0x52: 4GB DDR3 SDRAM PC3-12800 SO-DIMM
isa0 at pcib0
isadma0 at isa0
com0 at isa0 port 0x3f8/8 irq 4: ns16550a, 16 byte fifo
pckbc0 at isa0 port 0x60/5 irq 1 irq 12
pckbd0 at pckbc0 (kbd slot)
wskbd0 at pckbd0: console keyboard, using wsdisplay0
pms0 at pckbc0 (aux slot)
wsmouse0 at pms0 mux 0
pms0: Synaptics touchpad, firmware 8.1, 0x1e2b1 0x840300
pcppi0 at isa0 port 0x61
spkr0 at pcppi0
lpt0 at isa0 port 0x378/4 irq 7
vmm0 at mainbus0: VMX/EPT
uvideo0 at uhub0 port 7 configuration 1 interface 0 &quot;SunplusIT INC. HP HD Webcam&quot; rev 2.00/1.08 addr 2
video0 at uvideo0
ugen0 at uhub0 port 12 &quot;Intel product 0x07da&quot; rev 2.00/78.69 addr 3
uhub3 at uhub1 port 1 configuration 1 interface 0 &quot;Intel Rate Matching Hub&quot; rev 2.00/0.04 addr 2
uhub4 at uhub2 port 1 configuration 1 interface 0 &quot;Intel Rate Matching Hub&quot; rev 2.00/0.04 addr 2
vscsi0 at root
scsibus2 at vscsi0: 256 targets
softraid0 at root
scsibus3 at softraid0: 256 targets
root on sd0a (e202350f9b8ce851.a) swap on sd0b dump on sd0b

</pre>



</div><!-- content -->
<br />
<div id="footer">
All comments/news/posts are the property of their individual owner and
is presented without warranty of suitability, and solely as an
informational resource. <br />
This site Copyright &copy; 2004-2020 NYC*BUG.
</div><!-- footer -->

</body>
</html>

