



<!doctype html>
<html lang="en">
<head>
<meta name="keywords"
	content="bsd, freebsd, openbsd, netbsd, dragonflybsd, nycbug, dmesgd" />
<meta name="description" content="New York City BSD User Group dmesgd" />
<meta charset="utf-8" />
<meta name="viewport" content="width=device-width, initial-scale=1" />
<title>NYC*BUG dmesgd</title>
<style>
body {
	text-align: left;
	margin: 15px auto;
	padding: 0px 10px;
}
@media (min-width: 800px) {
	body {
		max-width: 85%;
	}
}
#header {
	border-bottom: 1px solid #dbdbdb;
	font-size: 230%;
	text-align: left;
}
#footer {
	border-top: 1px solid #dbdbdb;
	clear: both;
	text-align: left;
}
.logo_bug {
	color: #cc0033;
}
#menu ul {
	list-style-type: none;
	margin: 0;
	padding: 0;
}
#menu li {
	float: left;
}
#menu li a {
	display: block;
	background-color: #dbdbdb;
	color: #000000;
	font-size: 105%;
	font-weight: bold;
	padding: 0px 6px 0px 6px;
	text-decoration: none;
}
#content {
	clear: both;
	text-align: left;
	padding-top: 10px;
}
#content h1 {
	font-size: 120%;
	font-weight: bold;
}
#content h2 {
	font-size: 110%;
	font-weight: bold;
}
#content a {
	text-decoration: none;
}
#content pre {
	background-color: #dbdbdb;
	padding: 5px 5px 5px 5px;
	white-space: pre-wrap;		/* css-3 */
	white-space: -moz-pre-wrap;	/* Mozilla, since 1999 */
	white-space: -pre-wrap;		/* Opera 4-6 */
	white-space: -o-pre-wrap;	/* Opera 7 */
	word-wrap: break-word;		/* Internet Explorer 5.5+ */
}
#content table {
	border-collapse: collapse;
}
#content table th {
	border: 1px solid #dbdbdb;
	font-size: 85%;
	white-space: nowrap;
}
#content table td {
	border: 1px solid #dbdbdb;
	font-size: 80%;
}
#content input {
	font-size: 1em;
}
#content .full	{ width: 100%; }
#content .left	{ text-align: left; }
#content .right	{ text-align: right; }
#content .center { text-align: center; }
#content .flexbox {
	display: -ms-flex;
	display: -webkit-flex;
	display: flex;
	width: 100%;
}
#content .left_col {
	min-width: 75px;
	max-width: 50%;
	flex-grow: 0;
}
#content .right_col {
	flex-grow: 1;
	margin-left: 10px;
	padding-top: 10px;
	padding-left: 10px;
}
#col {
	-moz-column-count: 3;
	-webkit-column-count: 3;
	column-count: 3;
}
</style>
</head>
<body>

<div id="header">
<strong><em>NYC*</em><span class="logo_bug">BUG</span> dmesgd</strong>
</div><!-- header -->

<div id="menu">
<ul>
<li><a href="https://dmesgd.nycbug.org/index.cgi?do=index">Home</a></li>
<li><a href="https://dmesgd.nycbug.org/index.cgi?do=submit">Submit</a></li>
<li><a href="https://www.nycbug.org/">NYC*BUG</a></li>
</ul>
</div><!-- menu -->

<div id="content">

<p>
Launched in 2004, dmesgd aims to provide a
<strong>user-submitted</strong> repository of searchable *BSD dmesgs.
The dmesg(8) command displays the system message buffer's content, and
during boot a copy is saved to <em>/var/run/dmesg.boot</em>.  This buffer
contains the operating system release, name and version, a list of
devices identified, plus a whole host of other useful information.  We
hope others find this resource useful and further contribute to its
growth. Contact us at [ admin at lists dot nycbug dot org ].
</p>

<hr />


<strong>Date:</strong> <em>2018-06-27 12:08:51</em><br />
<strong>From:</strong> <em>ddpbsd</em><br />
<strong>Description:</strong> <em>PowerEdge T110</em><br />

<pre>
OpenBSD 6.3-current (GENERIC.MP) #28: Mon Jun 18 00:26:46 MDT 2018
    xxx@xxx.xxx:/usr/src/sys/arch/amd64/compile/GENERIC.MP
real mem = 2120847360 (2022MB)
avail mem = 2025074688 (1931MB)
mpath0 at root
scsibus0 at mpath0: 256 targets
mainbus0 at root
bios0 at mainbus0: SMBIOS rev. 2.6 @ 0x7f79c000 (63 entries)
bios0: vendor Dell Inc. version &quot;1.11.1&quot; date 03/29/2018
bios0: Dell Inc. PowerEdge T110
acpi0 at bios0: rev 2
acpi0: sleep states S0 S4 S5
acpi0: tables DSDT FACP APIC SPCR HPET DM__ MCFG WD__ SLIC ERST HEST BERT EINJ TCPA SSDT
acpi0: wakeup devices PCI0(S5) USBA(S0) USBB(S0)
acpitimer0 at acpi0: 3579545 Hz, 24 bits
acpimadt0 at acpi0 addr 0xfee00000: PC-AT compat
cpu0 at mainbus0: apid 0 (boot processor)
cpu0: Intel(R) Celeron(R) CPU G1101 @ 2.27GHz, 2261.34 MHz
cpu0: FPU,VME,DE,PSE,TSC,MSR,PAE,MCE,CX8,APIC,SEP,MTRR,PGE,MCA,CMOV,PAT,PSE36,CFLUSH,DS,ACPI,MMX,FXSR,SSE,SSE2,SS,HTT,TM,PBE,SSE3,DTES64,MWAIT,DS-CPL,VMX,EST,TM2,SSSE3,CX16,xTPR,PDCM,POPCNT,NXE,RDTSCP,LONG,LAHF,PERF,ITSC,IBRS,IBPB,STIBP,SENSOR,ARAT,MELTDOWN
cpu0: 256KB 64b/line 8-way L2 cache
cpu0: smt 0, core 0, package 0
mtrr: Pentium Pro MTRR support, 8 var ranges, 88 fixed ranges
cpu0: apic clock running at 132MHz
cpu0: mwait min=64, max=64, C-substates=0.2.1.1, IBE
cpu1 at mainbus0: apid 4 (application processor)
cpu1: Intel(R) Celeron(R) CPU G1101 @ 2.27GHz, 2260.99 MHz
cpu1: FPU,VME,DE,PSE,TSC,MSR,PAE,MCE,CX8,APIC,SEP,MTRR,PGE,MCA,CMOV,PAT,PSE36,CFLUSH,DS,ACPI,MMX,FXSR,SSE,SSE2,SS,HTT,TM,PBE,SSE3,DTES64,MWAIT,DS-CPL,VMX,EST,TM2,SSSE3,CX16,xTPR,PDCM,POPCNT,NXE,RDTSCP,LONG,LAHF,PERF,ITSC,IBRS,IBPB,STIBP,SENSOR,ARAT,MELTDOWN
cpu1: 256KB 64b/line 8-way L2 cache
cpu1: smt 0, core 2, package 0
ioapic0 at mainbus0: apid 0 pa 0xfec00000, version 20, 24 pins
acpihpet0 at acpi0: 14318179 Hz
acpimcfg0 at acpi0 addr 0xe0000000, bus 0-255
acpiprt0 at acpi0: bus 0 (PCI0)
acpiprt1 at acpi0: bus -1 (LYD0)
acpiprt2 at acpi0: bus -1 (LYD2)
acpiprt3 at acpi0: bus -1 (HVD0)
acpiprt4 at acpi0: bus -1 (HVD2)
acpiprt5 at acpi0: bus 2 (PEX0)
acpiprt6 at acpi0: bus 3 (PEX4)
acpiprt7 at acpi0: bus 4 (PEX5)
acpiprt8 at acpi0: bus 5 (COMP)
acpicpu0 at acpi0: C3(350@96 mwait.1@0x20), C1(1000@1 mwait.1)
acpicpu1 at acpi0: C3(350@96 mwait.1@0x20), C1(1000@1 mwait.1)
&quot;PNP0C33&quot; at acpi0 not configured
&quot;ACPI000D&quot; at acpi0 not configured
acpicmos0 at acpi0
&quot;IPI0001&quot; at acpi0 not configured
&quot;PNP0C14&quot; at acpi0 not configured
ipmi at mainbus0 not configured
pci0 at mainbus0 bus 0
pchb0 at pci0 dev 0 function 0 &quot;Intel Core Host&quot; rev 0x12
ehci0 at pci0 dev 26 function 0 &quot;Intel 3400 USB&quot; rev 0x05: apic 0 int 22
usb0 at ehci0: USB revision 2.0
uhub0 at usb0 configuration 1 interface 0 &quot;Intel EHCI root hub&quot; rev 2.00/1.00 addr 1
ppb0 at pci0 dev 28 function 0 &quot;Intel 3400 PCIE&quot; rev 0x05: msi
pci1 at ppb0 bus 2
ppb1 at pci0 dev 28 function 4 &quot;Intel 3400 PCIE&quot; rev 0x05
pci2 at ppb1 bus 3
bge0 at pci2 dev 0 function 0 &quot;Broadcom BCM5722&quot; rev 0x00, BCM5755 C0 (0xa200): msi, address xx:xx:xx:xx:xx:xx
brgphy0 at bge0 phy 1: BCM5722 10/100/1000baseT PHY, rev. 0
ppb2 at pci0 dev 28 function 5 &quot;Intel 3400 PCIE&quot; rev 0x05: msi
pci3 at ppb2 bus 4
ehci1 at pci0 dev 29 function 0 &quot;Intel 3400 USB&quot; rev 0x05: apic 0 int 22
usb1 at ehci1: USB revision 2.0
uhub1 at usb1 configuration 1 interface 0 &quot;Intel EHCI root hub&quot; rev 2.00/1.00 addr 1
ppb3 at pci0 dev 30 function 0 &quot;Intel 82801BA Hub-to-PCI&quot; rev 0xa5
pci4 at ppb3 bus 5
vga1 at pci4 dev 3 function 0 &quot;Matrox MGA G200eW&quot; rev 0x0a
wsdisplay0 at vga1 mux 1: console (80x25, vt100 emulation)
wsdisplay0: screen 1-5 added (80x25, vt100 emulation)
pcib0 at pci0 dev 31 function 0 &quot;Intel 3420 LPC&quot; rev 0x05
ahci0 at pci0 dev 31 function 2 &quot;Intel 3400 AHCI&quot; rev 0x05: msi, AHCI 1.3
ahci0: port 0: 3.0Gb/s
ahci0: port 1: 3.0Gb/s
ahci0: port 2: 3.0Gb/s
ahci0: port 4: 1.5Gb/s
scsibus1 at ahci0: 32 targets
sd0 at scsibus1 targ 0 lun 0: &lt;ATA, INTEL SSDSC2KW25, LHF&gt; SCSI3 0/direct fixed naa.55cd2e414eeccc28
sd0: 244198MB, 512 bytes/sector, 500118192 sectors, thin
sd1 at scsibus1 targ 1 lun 0: &lt;ATA, WDC WD10EADS-00L, 01.0&gt; SCSI3 0/direct fixed naa.50014ee1ac95dac9
sd1: 953869MB, 512 bytes/sector, 1953525168 sectors
sd2 at scsibus1 targ 2 lun 0: &lt;ATA, SAMSUNG HD103SJ, 1AJ1&gt; SCSI3 0/direct fixed naa.50024e900404611c
sd2: 953869MB, 512 bytes/sector, 1953525168 sectors
cd0 at scsibus1 targ 4 lun 0: &lt;PLDS, DVD-ROM DH-16D5S, VD15&gt; ATAPI 5/cdrom removable
isa0 at pcib0
isadma0 at isa0
com0 at isa0 port 0x3f8/8 irq 4: ns16550a, 16 byte fifo
com1 at isa0 port 0x2f8/8 irq 3: ns16550a, 16 byte fifo
pckbc0 at isa0 port 0x60/5 irq 1 irq 12
pcppi0 at isa0 port 0x61
spkr0 at pcppi0
vmm0 at mainbus0: VMX/EPT
uhub2 at uhub0 port 1 configuration 1 interface 0 &quot;Intel Rate Matching Hub&quot; rev 2.00/0.00 addr 2
uhub3 at uhub1 port 1 configuration 1 interface 0 &quot;Intel Rate Matching Hub&quot; rev 2.00/0.00 addr 2
uhidev0 at uhub3 port 1 configuration 1 interface 0 &quot;Ten X Technology, Inc. PCsensor Temper&quot; rev 1.10/1.50 addr 3
uhidev0: iclass 3/1
uthum0 at uhidev0
uhidev1 at uhub3 port 1 configuration 1 interface 1 &quot;Ten X Technology, Inc. PCsensor Temper&quot; rev 1.10/1.50 addr 3
uhidev1: iclass 3/0
uthum1 at uhidev1
uthum1: type sht1x (temperature)
uthum1: type sht1x (humidity)
ure0 at uhub3 port 5 configuration 1 interface 0 &quot;Realtek USB 10/100/1000 LAN&quot; rev 2.10/30.00 addr 4
ure0: ver 5c20, address xx:xx:xx:xx:xx:xx
rgephy0 at ure0 phy 0: RTL8251 PHY, rev. 0
uplcom0 at uhub3 port 6 configuration 1 interface 0 &quot;Prolific Technology Inc. USB-Serial Controller D&quot; rev 1.10/4.00 addr 5
ucom0 at uplcom0
vscsi0 at root
scsibus2 at vscsi0: 256 targets
softraid0 at root
scsibus3 at softraid0: 256 targets
root on sd0a (98bb51e72297c22c.a) swap on sd0b dump on sd0b

</pre>



</div><!-- content -->
<br />
<div id="footer">
All comments/news/posts are the property of their individual owner and
is presented without warranty of suitability, and solely as an
informational resource. <br />
This site Copyright &copy; 2004-2020 NYC*BUG.
</div><!-- footer -->

</body>
</html>

