



<!doctype html>
<html lang="en">
<head>
<meta name="keywords"
	content="bsd, freebsd, openbsd, netbsd, dragonflybsd, nycbug, dmesgd" />
<meta name="description" content="New York City BSD User Group dmesgd" />
<meta charset="utf-8" />
<meta name="viewport" content="width=device-width, initial-scale=1" />
<title>NYC*BUG dmesgd</title>
<style>
body {
	text-align: left;
	margin: 15px auto;
	padding: 0px 10px;
}
@media (min-width: 800px) {
	body {
		max-width: 85%;
	}
}
#header {
	border-bottom: 1px solid #dbdbdb;
	font-size: 230%;
	text-align: left;
}
#footer {
	border-top: 1px solid #dbdbdb;
	clear: both;
	text-align: left;
}
.logo_bug {
	color: #cc0033;
}
#menu ul {
	list-style-type: none;
	margin: 0;
	padding: 0;
}
#menu li {
	float: left;
}
#menu li a {
	display: block;
	background-color: #dbdbdb;
	color: #000000;
	font-size: 105%;
	font-weight: bold;
	padding: 0px 6px 0px 6px;
	text-decoration: none;
}
#content {
	clear: both;
	text-align: left;
	padding-top: 10px;
}
#content h1 {
	font-size: 120%;
	font-weight: bold;
}
#content h2 {
	font-size: 110%;
	font-weight: bold;
}
#content a {
	text-decoration: none;
}
#content pre {
	background-color: #dbdbdb;
	padding: 5px 5px 5px 5px;
	white-space: pre-wrap;		/* css-3 */
	white-space: -moz-pre-wrap;	/* Mozilla, since 1999 */
	white-space: -pre-wrap;		/* Opera 4-6 */
	white-space: -o-pre-wrap;	/* Opera 7 */
	word-wrap: break-word;		/* Internet Explorer 5.5+ */
}
#content table {
	border-collapse: collapse;
}
#content table th {
	border: 1px solid #dbdbdb;
	font-size: 85%;
	white-space: nowrap;
}
#content table td {
	border: 1px solid #dbdbdb;
	font-size: 80%;
}
#content input {
	font-size: 1em;
}
#content .full	{ width: 100%; }
#content .left	{ text-align: left; }
#content .right	{ text-align: right; }
#content .center { text-align: center; }
#content .flexbox {
	display: -ms-flex;
	display: -webkit-flex;
	display: flex;
	width: 100%;
}
#content .left_col {
	min-width: 75px;
	max-width: 50%;
	flex-grow: 0;
}
#content .right_col {
	flex-grow: 1;
	margin-left: 10px;
	padding-top: 10px;
	padding-left: 10px;
}
#col {
	-moz-column-count: 3;
	-webkit-column-count: 3;
	column-count: 3;
}
</style>
</head>
<body>

<div id="header">
<strong><em>NYC*</em><span class="logo_bug">BUG</span> dmesgd</strong>
</div><!-- header -->

<div id="menu">
<ul>
<li><a href="https://dmesgd.nycbug.org/index.cgi?do=index">Home</a></li>
<li><a href="https://dmesgd.nycbug.org/index.cgi?do=submit">Submit</a></li>
<li><a href="https://www.nycbug.org/">NYC*BUG</a></li>
</ul>
</div><!-- menu -->

<div id="content">

<p>
Launched in 2004, dmesgd aims to provide a
<strong>user-submitted</strong> repository of searchable *BSD dmesgs.
The dmesg(8) command displays the system message buffer's content, and
during boot a copy is saved to <em>/var/run/dmesg.boot</em>.  This buffer
contains the operating system release, name and version, a list of
devices identified, plus a whole host of other useful information.  We
hope others find this resource useful and further contribute to its
growth. Contact us at [ admin at lists dot nycbug dot org ].
</p>

<hr />


<strong>Date:</strong> <em>2018-06-29 03:18:02</em><br />
<strong>From:</strong> <em>thfr</em><br />
<strong>Description:</strong> <em>OpenBSD Ryzen 3 2200G audio stops accepting IRQs after a while</em><br />

<pre>
OpenBSD 6.3-current (GENERIC.MP) #61: Wed Jun 27 11:40:54 MDT 2018
    xxx@xxx.xxx:/usr/src/sys/arch/amd64/compile/GENERIC.MP
real mem = 8517914624 (8123MB)
avail mem = 8250626048 (7868MB)
mpath0 at root
scsibus0 at mpath0: 256 targets
mainbus0 at root
bios0 at mainbus0: SMBIOS rev. 2.8 @ 0xe8980 (57 entries)
bios0: vendor American Megatrends Inc. version &quot;F23d&quot; date 04/17/2018
bios0: Gigabyte Technology Co., Ltd. AB350-Gaming 3
acpi0 at bios0: rev 2
acpi0: sleep states S0 S3 S4 S5
acpi0: tables DSDT FACP APIC FPDT FIDT SSDT SSDT CRAT CDIT SSDT MCFG HPET UEFI IVRS SSDT SSDT SSDT SSDT SSDT WSMT
acpi0: wakeup devices GPP0(S4) GPP2(S4) GPP3(S4) GPP4(S4) GPP5(S4) GPP6(S4) GP17(S4) XHC0(S4) XHC1(S4) GP18(S4) GPP1(S4) PTXH(S4)
acpitimer0 at acpi0: 3579545 Hz, 32 bits
acpimadt0 at acpi0 addr 0xfee00000: PC-AT compat
cpu0 at mainbus0: apid 0 (boot processor)
cpu0: AMD Ryzen 3 2200G with Radeon Vega Graphics, 3494.21 MHz
cpu0: FPU,VME,DE,PSE,TSC,MSR,PAE,MCE,CX8,APIC,SEP,MTRR,PGE,MCA,CMOV,PAT,PSE36,CFLUSH,MMX,FXSR,SSE,SSE2,HTT,SSE3,PCLMUL,MWAIT,SSSE3,FMA3,CX16,SSE4.1,SSE4.2,MOVBE,POPCNT,AES,XSAVE,AVX,F16C,RDRAND,NXE,MMXX,FFXSR,PAGE1GB,RDTSCP,LONG,LAHF,CMPLEG,SVM,EAPICSP,AMCR8,ABM,SSE4A,MASSE,3DNOWP,OSVW,SKINIT,TCE,TOPEXT,CPCTR,DBKP,PCTRL3,MWAITX,ITSC,FSGSBASE,BMI1,AVX2,SMEP,BMI2,RDSEED,ADX,SMAP,CLFLUSHOPT,SHA,IBPB,XSAVEOPT,XSAVEC,XGETBV1,XSAVES
cpu0: 64KB 64b/line 4-way I-cache, 32KB 64b/line 8-way D-cache, 512KB 64b/line 8-way L2 cache, 4MB 64b/line 16-way L3 cache
cpu0: ITLB 64 4KB entries fully associative, 64 4MB entries fully associative
cpu0: DTLB 64 4KB entries fully associative, 64 4MB entries fully associative
cpu0: smt 0, core 0, package 0
mtrr: Pentium Pro MTRR support, 8 var ranges, 88 fixed ranges
cpu0: apic clock running at 24MHz
cpu0: mwait min=64, max=64, C-substates=1.1, IBE
cpu1 at mainbus0: apid 1 (application processor)
cpu1: AMD Ryzen 3 2200G with Radeon Vega Graphics, 3493.40 MHz
cpu1: FPU,VME,DE,PSE,TSC,MSR,PAE,MCE,CX8,APIC,SEP,MTRR,PGE,MCA,CMOV,PAT,PSE36,CFLUSH,MMX,FXSR,SSE,SSE2,HTT,SSE3,PCLMUL,MWAIT,SSSE3,FMA3,CX16,SSE4.1,SSE4.2,MOVBE,POPCNT,AES,XSAVE,AVX,F16C,RDRAND,NXE,MMXX,FFXSR,PAGE1GB,RDTSCP,LONG,LAHF,CMPLEG,SVM,EAPICSP,AMCR8,ABM,SSE4A,MASSE,3DNOWP,OSVW,SKINIT,TCE,TOPEXT,CPCTR,DBKP,PCTRL3,MWAITX,ITSC,FSGSBASE,BMI1,AVX2,SMEP,BMI2,RDSEED,ADX,SMAP,CLFLUSHOPT,SHA,IBPB,XSAVEOPT,XSAVEC,XGETBV1,XSAVES
cpu1: 64KB 64b/line 4-way I-cache, 32KB 64b/line 8-way D-cache, 512KB 64b/line 8-way L2 cache, 4MB 64b/line 16-way L3 cache
cpu1: ITLB 64 4KB entries fully associative, 64 4MB entries fully associative
cpu1: DTLB 64 4KB entries fully associative, 64 4MB entries fully associative
cpu1: smt 0, core 1, package 0
cpu2 at mainbus0: apid 2 (application processor)
cpu2: AMD Ryzen 3 2200G with Radeon Vega Graphics, 3493.40 MHz
cpu2: FPU,VME,DE,PSE,TSC,MSR,PAE,MCE,CX8,APIC,SEP,MTRR,PGE,MCA,CMOV,PAT,PSE36,CFLUSH,MMX,FXSR,SSE,SSE2,HTT,SSE3,PCLMUL,MWAIT,SSSE3,FMA3,CX16,SSE4.1,SSE4.2,MOVBE,POPCNT,AES,XSAVE,AVX,F16C,RDRAND,NXE,MMXX,FFXSR,PAGE1GB,RDTSCP,LONG,LAHF,CMPLEG,SVM,EAPICSP,AMCR8,ABM,SSE4A,MASSE,3DNOWP,OSVW,SKINIT,TCE,TOPEXT,CPCTR,DBKP,PCTRL3,MWAITX,ITSC,FSGSBASE,BMI1,AVX2,SMEP,BMI2,RDSEED,ADX,SMAP,CLFLUSHOPT,SHA,IBPB,XSAVEOPT,XSAVEC,XGETBV1,XSAVES
cpu2: 64KB 64b/line 4-way I-cache, 32KB 64b/line 8-way D-cache, 512KB 64b/line 8-way L2 cache, 4MB 64b/line 16-way L3 cache
cpu2: ITLB 64 4KB entries fully associative, 64 4MB entries fully associative
cpu2: DTLB 64 4KB entries fully associative, 64 4MB entries fully associative
cpu2: smt 0, core 2, package 0
cpu3 at mainbus0: apid 3 (application processor)
cpu3: AMD Ryzen 3 2200G with Radeon Vega Graphics, 3493.40 MHz
cpu3: FPU,VME,DE,PSE,TSC,MSR,PAE,MCE,CX8,APIC,SEP,MTRR,PGE,MCA,CMOV,PAT,PSE36,CFLUSH,MMX,FXSR,SSE,SSE2,HTT,SSE3,PCLMUL,MWAIT,SSSE3,FMA3,CX16,SSE4.1,SSE4.2,MOVBE,POPCNT,AES,XSAVE,AVX,F16C,RDRAND,NXE,MMXX,FFXSR,PAGE1GB,RDTSCP,LONG,LAHF,CMPLEG,SVM,EAPICSP,AMCR8,ABM,SSE4A,MASSE,3DNOWP,OSVW,SKINIT,TCE,TOPEXT,CPCTR,DBKP,PCTRL3,MWAITX,ITSC,FSGSBASE,BMI1,AVX2,SMEP,BMI2,RDSEED,ADX,SMAP,CLFLUSHOPT,SHA,IBPB,XSAVEOPT,XSAVEC,XGETBV1,XSAVES
cpu3: 64KB 64b/line 4-way I-cache, 32KB 64b/line 8-way D-cache, 512KB 64b/line 8-way L2 cache, 4MB 64b/line 16-way L3 cache
cpu3: ITLB 64 4KB entries fully associative, 64 4MB entries fully associative
cpu3: DTLB 64 4KB entries fully associative, 64 4MB entries fully associative
cpu3: smt 0, core 3, package 0
ioapic0 at mainbus0: apid 5 pa 0xfec00000, version 21, 24 pins
ioapic1 at mainbus0: apid 6 pa 0xfec01000, version 21, 32 pins
acpimcfg0 at acpi0 addr 0xf8000000, bus 0-63
acpihpet0 at acpi0: 14318180 Hz
acpiprt0 at acpi0: bus 0 (PCI0)
acpiprt1 at acpi0: bus 1 (GPP0)
acpiprt2 at acpi0: bus -1 (GPP2)
acpiprt3 at acpi0: bus -1 (GPP3)
acpiprt4 at acpi0: bus -1 (GPP4)
acpiprt5 at acpi0: bus -1 (GPP5)
acpiprt6 at acpi0: bus -1 (GPP6)
acpiprt7 at acpi0: bus 7 (GP17)
acpiprt8 at acpi0: bus 8 (GP18)
acpiprt9 at acpi0: bus 2 (GPP1)
acpicpu0 at acpi0: C1 (unknown FFH vendor 2): C2(0@400 io@0x414), C1(@1 halt!), PSS
acpicpu1 at acpi0: C1 (unknown FFH vendor 2): C2(0@400 io@0x414), C1(@1 halt!), PSS
acpicpu2 at acpi0: C1 (unknown FFH vendor 2): C2(0@400 io@0x414), C1(@1 halt!), PSS
acpicpu3 at acpi0: C1 (unknown FFH vendor 2): C2(0@400 io@0x414), C1(@1 halt!), PSS
acpipwrres0 at acpi0: P0ST, resource for SATA
acpipwrres1 at acpi0: P3ST, resource for SATA
acpicmos0 at acpi0
acpibtn0 at acpi0: PWRB
&quot;AMDI0030&quot; at acpi0 not configured
&quot;AMDIF030&quot; at acpi0 not configured
&quot;PNP0C14&quot; at acpi0 not configured
acpivideo0 at acpi0: VGA_
cpu0: 3494 MHz: speeds: 3500 2300 1600 MHz
pci0 at mainbus0 bus 0
pchb0 at pci0 dev 0 function 0 vendor &quot;AMD&quot;, unknown product 0x15d0 rev 0x00
vendor &quot;AMD&quot;, unknown product 0x15d1 (class system subclass IOMMU, rev 0x00) at pci0 dev 0 function 2 not configured
pchb1 at pci0 dev 1 function 0 vendor &quot;AMD&quot;, unknown product 0x1452 rev 0x00
ppb0 at pci0 dev 1 function 1 vendor &quot;AMD&quot;, unknown product 0x15d3 rev 0x00: msi
pci1 at ppb0 bus 1
radeondrm0 at pci1 dev 0 function 0 &quot;ATI Radeon HD 7570&quot; rev 0x00
drm0 at radeondrm0
radeondrm0: msi
azalia0 at pci1 dev 0 function 1 &quot;ATI Radeon HD 6670 Audio&quot; rev 0x00: msi
azalia0: no supported codecs
ppb1 at pci0 dev 1 function 2 vendor &quot;AMD&quot;, unknown product 0x15d3 rev 0x00: msi
pci2 at ppb1 bus 2
xhci0 at pci2 dev 0 function 0 vendor &quot;AMD&quot;, unknown product 0x43bb rev 0x02: msi, xHCI 1.16
usb0 at xhci0: USB revision 3.0
uhub0 at usb0 configuration 1 interface 0 &quot;AMD xHCI root hub&quot; rev 3.00/1.00 addr 1
ahci0 at pci2 dev 0 function 1 vendor &quot;AMD&quot;, unknown product 0x43b7 rev 0x02: msi, AHCI 1.3.1
ahci0: port busy after first PMP probe FIS
ahci0: port busy after first PMP probe FIS
ahci0: port 5: 6.0Gb/s
scsibus1 at ahci0: 32 targets
sd0 at scsibus1 targ 5 lun 0: &lt;ATA, WDC WDS500G2B0B-, X611&gt; SCSI3 0/direct fixed naa.5001b448b6be5535
sd0: 476940MB, 512 bytes/sector, 976773168 sectors, thin
ppb2 at pci2 dev 0 function 2 vendor &quot;AMD&quot;, unknown product 0x43b2 rev 0x02
pci3 at ppb2 bus 3
ppb3 at pci3 dev 0 function 0 vendor &quot;AMD&quot;, unknown product 0x43b4 rev 0x02: msi
pci4 at ppb3 bus 4
re0 at pci4 dev 0 function 0 &quot;Realtek 8168&quot; rev 0x0c: RTL8168G/8111G (0x4c00), msi, address xx:xx:xx:xx:xx:xx
rgephy0 at re0 phy 7: RTL8251 PHY, rev. 0
ppb4 at pci3 dev 1 function 0 vendor &quot;AMD&quot;, unknown product 0x43b4 rev 0x02: msi
pci5 at ppb4 bus 5
ppb5 at pci3 dev 4 function 0 vendor &quot;AMD&quot;, unknown product 0x43b4 rev 0x02: msi
pci6 at ppb5 bus 6
pchb2 at pci0 dev 8 function 0 vendor &quot;AMD&quot;, unknown product 0x1452 rev 0x00
ppb6 at pci0 dev 8 function 1 vendor &quot;AMD&quot;, unknown product 0x15db rev 0x00
pci7 at ppb6 bus 7
vendor &quot;AMD&quot;, unknown product 0x145a (class instrumentation unknown subclass 0x00, rev 0xc8) at pci7 dev 0 function 0 not configured
vendor &quot;AMD&quot;, unknown product 0x15df (class crypto subclass miscellaneous, rev 0x00) at pci7 dev 0 function 2 not configured
xhci1 at pci7 dev 0 function 3 vendor &quot;AMD&quot;, unknown product 0x15e0 rev 0x00: msi, xHCI 1.16
usb1 at xhci1: USB revision 3.0
uhub1 at usb1 configuration 1 interface 0 &quot;AMD xHCI root hub&quot; rev 3.00/1.00 addr 1
xhci2 at pci7 dev 0 function 4 vendor &quot;AMD&quot;, unknown product 0x15e1 rev 0x00: msi, xHCI 1.16
usb2 at xhci2: USB revision 3.0
uhub2 at usb2 configuration 1 interface 0 &quot;AMD xHCI root hub&quot; rev 3.00/1.00 addr 1
azalia1 at pci7 dev 0 function 6 vendor &quot;AMD&quot;, unknown product 0x15e3 rev 0x00: msi
azalia1: codecs: Realtek/0x1220
audio0 at azalia1
ppb7 at pci0 dev 8 function 2 vendor &quot;AMD&quot;, unknown product 0x15dc rev 0x00
pci8 at ppb7 bus 8
ahci1 at pci8 dev 0 function 0 &quot;AMD Carrizo AHCI&quot; rev 0x61: msi, AHCI 1.3.1
ahci1: port 0: 3.0Gb/s
ahci1: port 1: 3.0Gb/s
scsibus2 at ahci1: 32 targets
sd1 at scsibus2 targ 0 lun 0: &lt;ATA, Hitachi HUA72202, JKAO&gt; SCSI3 0/direct fixed naa.5000cca222d7946d
sd1: 1907729MB, 512 bytes/sector, 3907029168 sectors
sd2 at scsibus2 targ 1 lun 0: &lt;ATA, HITACHI HTS72321, EC1Z&gt; SCSI3 0/direct fixed naa.5000cca61ac0734c
sd2: 152627MB, 512 bytes/sector, 312581808 sectors
&quot;AMD Carrizo SMBus&quot; rev 0x61 at pci0 dev 20 function 0 not configured
pcib0 at pci0 dev 20 function 3 &quot;AMD Carrizo LPC&quot; rev 0x51
pchb3 at pci0 dev 24 function 0 vendor &quot;AMD&quot;, unknown product 0x15e8 rev 0x00
pchb4 at pci0 dev 24 function 1 vendor &quot;AMD&quot;, unknown product 0x15e9 rev 0x00
pchb5 at pci0 dev 24 function 2 vendor &quot;AMD&quot;, unknown product 0x15ea rev 0x00
pchb6 at pci0 dev 24 function 3 vendor &quot;AMD&quot;, unknown product 0x15eb rev 0x00
pchb7 at pci0 dev 24 function 4 vendor &quot;AMD&quot;, unknown product 0x15ec rev 0x00
pchb8 at pci0 dev 24 function 5 vendor &quot;AMD&quot;, unknown product 0x15ed rev 0x00
pchb9 at pci0 dev 24 function 6 vendor &quot;AMD&quot;, unknown product 0x15ee rev 0x00
pchb10 at pci0 dev 24 function 7 vendor &quot;AMD&quot;, unknown product 0x15ef rev 0x00
isa0 at pcib0
isadma0 at isa0
pckbc0 at isa0 port 0x60/5 irq 1 irq 12
pckbd0 at pckbc0 (kbd slot)
wskbd0 at pckbd0: console keyboard
pcppi0 at isa0 port 0x61
spkr0 at pcppi0
uhidev0 at uhub1 port 2 configuration 1 interface 0 &quot;Holtek USB Keyboard&quot; rev 2.00/1.05 addr 2
uhidev0: iclass 3/1
ukbd0 at uhidev0: 8 variable keys, 6 key codes
wskbd1 at ukbd0 mux 1
uhidev1 at uhub1 port 2 configuration 1 interface 1 &quot;Holtek USB Keyboard&quot; rev 2.00/1.05 addr 2
uhidev1: iclass 3/0, 7 report ids
uhid0 at uhidev1 reportid 2: input=1, output=0, feature=0
uhid1 at uhidev1 reportid 3: input=2, output=0, feature=0
ukbd1 at uhidev1 reportid 5: 112 variable keys, 0 key codes
wskbd2 at ukbd1 mux 1
uhid2 at uhidev1 reportid 6: input=2, output=0, feature=0
uhid3 at uhidev1 reportid 7: input=0, output=0, feature=7
uhidev2 at uhub1 port 2 configuration 1 interface 2 &quot;Holtek USB Keyboard&quot; rev 2.00/1.05 addr 2
uhidev2: iclass 3/0
uhid4 at uhidev2: input=8, output=8, feature=0
uhidev3 at uhub1 port 3 configuration 1 interface 0 &quot;Logitech USB Laser Mouse&quot; rev 2.00/31.00 addr 3
uhidev3: iclass 3/1
ums0 at uhidev3: 8 buttons, Z and W dir
wsmouse0 at ums0 mux 0
vscsi0 at root
scsibus3 at vscsi0: 256 targets
softraid0 at root
scsibus4 at softraid0: 256 targets
sd3 at scsibus4 targ 1 lun 0: &lt;OPENBSD, SR CRYPTO, 006&gt; SCSI2 0/direct fixed
sd3: 254538MB, 512 bytes/sector, 521295344 sectors
root on sd3a (48181a026c4a6623.a) swap on sd3b dump on sd3b
initializing kernel modesetting (TURKS 0x1002:0x675D 0x1028:0x2B20).
radeondrm0: 1920x1080, 32bpp
wsdisplay0 at radeondrm0 mux 1: console (std, vt100 emulation), using wskbd0
wskbd1: connecting to wsdisplay0
wskbd2: connecting to wsdisplay0
wsdisplay0: screen 1-5 added (std, vt100 emulation)
syncing disks... 
OpenBSD 6.3-current (GENERIC) #57: Wed Jun 27 11:34:55 MDT 2018
    xxx@xxx.xxx:/usr/src/sys/arch/amd64/compile/GENERIC
real mem = 8517914624 (8123MB)
avail mem = 8250748928 (7868MB)
mpath0 at root
scsibus0 at mpath0: 256 targets
mainbus0 at root
bios0 at mainbus0: SMBIOS rev. 2.8 @ 0xe8980 (57 entries)
bios0: vendor American Megatrends Inc. version &quot;F23d&quot; date 04/17/2018
bios0: Gigabyte Technology Co., Ltd. AB350-Gaming 3
acpi0 at bios0: rev 2
acpi0: sleep states S0 S3 S4 S5
acpi0: tables DSDT FACP APIC FPDT FIDT SSDT SSDT CRAT CDIT SSDT MCFG HPET UEFI IVRS SSDT SSDT SSDT SSDT SSDT WSMT
acpi0: wakeup devices GPP0(S4) GPP2(S4) GPP3(S4) GPP4(S4) GPP5(S4) GPP6(S4) GP17(S4) XHC0(S4) XHC1(S4) GP18(S4) GPP1(S4) PTXH(S4)
acpitimer0 at acpi0: 3579545 Hz, 32 bits
acpimadt0 at acpi0 addr 0xfee00000: PC-AT compat
cpu0 at mainbus0: apid 0 (boot processor)
cpu0: AMD Ryzen 3 2200G with Radeon Vega Graphics, 3494.27 MHz
cpu0: FPU,VME,DE,PSE,TSC,MSR,PAE,MCE,CX8,APIC,SEP,MTRR,PGE,MCA,CMOV,PAT,PSE36,CFLUSH,MMX,FXSR,SSE,SSE2,HTT,SSE3,PCLMUL,MWAIT,SSSE3,FMA3,CX16,SSE4.1,SSE4.2,MOVBE,POPCNT,AES,XSAVE,AVX,F16C,RDRAND,NXE,MMXX,FFXSR,PAGE1GB,RDTSCP,LONG,LAHF,CMPLEG,SVM,EAPICSP,AMCR8,ABM,SSE4A,MASSE,3DNOWP,OSVW,SKINIT,TCE,TOPEXT,CPCTR,DBKP,PCTRL3,MWAITX,ITSC,FSGSBASE,BMI1,AVX2,SMEP,BMI2,RDSEED,ADX,SMAP,CLFLUSHOPT,SHA,IBPB,XSAVEOPT,XSAVEC,XGETBV1,XSAVES
cpu0: 64KB 64b/line 4-way I-cache, 32KB 64b/line 8-way D-cache, 512KB 64b/line 8-way L2 cache, 4MB 64b/line 16-way L3 cache
cpu0: ITLB 64 4KB entries fully associative, 64 4MB entries fully associative
cpu0: DTLB 64 4KB entries fully associative, 64 4MB entries fully associative
cpu0: smt 0, core 0, package 0
mtrr: Pentium Pro MTRR support, 8 var ranges, 88 fixed ranges
cpu0: apic clock running at 24MHz
cpu0: mwait min=64, max=64, C-substates=1.1, IBE
cpu at mainbus0: not configured
cpu at mainbus0: not configured
cpu at mainbus0: not configured
ioapic0 at mainbus0: apid 5 pa 0xfec00000, version 21, 24 pins
ioapic1 at mainbus0: apid 6 pa 0xfec01000, version 21, 32 pins
acpimcfg0 at acpi0 addr 0xf8000000, bus 0-63
acpihpet0 at acpi0: 14318180 Hz
acpiprt0 at acpi0: bus 0 (PCI0)
acpiprt1 at acpi0: bus 1 (GPP0)
acpiprt2 at acpi0: bus -1 (GPP2)
acpiprt3 at acpi0: bus -1 (GPP3)
acpiprt4 at acpi0: bus -1 (GPP4)
acpiprt5 at acpi0: bus -1 (GPP5)
acpiprt6 at acpi0: bus -1 (GPP6)
acpiprt7 at acpi0: bus 7 (GP17)
acpiprt8 at acpi0: bus 8 (GP18)
acpiprt9 at acpi0: bus 2 (GPP1)
acpicpu0 at acpi0: C1 (unknown FFH vendor 2): C2(0@400 io@0x414), C1(@1 halt!), PSS
acpipwrres0 at acpi0: P0ST, resource for SATA
acpipwrres1 at acpi0: P3ST, resource for SATA
acpicmos0 at acpi0
acpibtn0 at acpi0: PWRB
&quot;AMDI0030&quot; at acpi0 not configured
&quot;AMDIF030&quot; at acpi0 not configured
&quot;PNP0C14&quot; at acpi0 not configured
acpivideo0 at acpi0: VGA_
cpu0: 3494 MHz: speeds: 3500 2300 1600 MHz
pci0 at mainbus0 bus 0
pchb0 at pci0 dev 0 function 0 vendor &quot;AMD&quot;, unknown product 0x15d0 rev 0x00
vendor &quot;AMD&quot;, unknown product 0x15d1 (class system subclass IOMMU, rev 0x00) at pci0 dev 0 function 2 not configured
pchb1 at pci0 dev 1 function 0 vendor &quot;AMD&quot;, unknown product 0x1452 rev 0x00
ppb0 at pci0 dev 1 function 1 vendor &quot;AMD&quot;, unknown product 0x15d3 rev 0x00: msi
pci1 at ppb0 bus 1
radeondrm0 at pci1 dev 0 function 0 &quot;ATI Radeon HD 7570&quot; rev 0x00
drm0 at radeondrm0
radeondrm0: msi
azalia0 at pci1 dev 0 function 1 &quot;ATI Radeon HD 6670 Audio&quot; rev 0x00: msi
azalia0: no supported codecs
ppb1 at pci0 dev 1 function 2 vendor &quot;AMD&quot;, unknown product 0x15d3 rev 0x00: msi
pci2 at ppb1 bus 2
xhci0 at pci2 dev 0 function 0 vendor &quot;AMD&quot;, unknown product 0x43bb rev 0x02: msi, xHCI 1.16
usb0 at xhci0: USB revision 3.0
uhub0 at usb0 configuration 1 interface 0 &quot;AMD xHCI root hub&quot; rev 3.00/1.00 addr 1
ahci0 at pci2 dev 0 function 1 vendor &quot;AMD&quot;, unknown product 0x43b7 rev 0x02: msi, AHCI 1.3.1
ahci0: port busy after first PMP probe FIS
ahci0: port busy after first PMP probe FIS
ahci0: port 5: 6.0Gb/s
scsibus1 at ahci0: 32 targets
sd0 at scsibus1 targ 5 lun 0: &lt;ATA, WDC WDS500G2B0B-, X611&gt; SCSI3 0/direct fixed naa.5001b448b6be5535
sd0: 476940MB, 512 bytes/sector, 976773168 sectors, thin
ppb2 at pci2 dev 0 function 2 vendor &quot;AMD&quot;, unknown product 0x43b2 rev 0x02
pci3 at ppb2 bus 3
ppb3 at pci3 dev 0 function 0 vendor &quot;AMD&quot;, unknown product 0x43b4 rev 0x02: msi
pci4 at ppb3 bus 4
re0 at pci4 dev 0 function 0 &quot;Realtek 8168&quot; rev 0x0c: RTL8168G/8111G (0x4c00), msi, address xx:xx:xx:xx:xx:xx
rgephy0 at re0 phy 7: RTL8251 PHY, rev. 0
ppb4 at pci3 dev 1 function 0 vendor &quot;AMD&quot;, unknown product 0x43b4 rev 0x02: msi
pci5 at ppb4 bus 5
ppb5 at pci3 dev 4 function 0 vendor &quot;AMD&quot;, unknown product 0x43b4 rev 0x02: msi
pci6 at ppb5 bus 6
pchb2 at pci0 dev 8 function 0 vendor &quot;AMD&quot;, unknown product 0x1452 rev 0x00
ppb6 at pci0 dev 8 function 1 vendor &quot;AMD&quot;, unknown product 0x15db rev 0x00
pci7 at ppb6 bus 7
vendor &quot;AMD&quot;, unknown product 0x145a (class instrumentation unknown subclass 0x00, rev 0xc8) at pci7 dev 0 function 0 not configured
vendor &quot;AMD&quot;, unknown product 0x15df (class crypto subclass miscellaneous, rev 0x00) at pci7 dev 0 function 2 not configured
xhci1 at pci7 dev 0 function 3 vendor &quot;AMD&quot;, unknown product 0x15e0 rev 0x00: msi, xHCI 1.16
usb1 at xhci1: USB revision 3.0
uhub1 at usb1 configuration 1 interface 0 &quot;AMD xHCI root hub&quot; rev 3.00/1.00 addr 1
xhci2 at pci7 dev 0 function 4 vendor &quot;AMD&quot;, unknown product 0x15e1 rev 0x00: msi, xHCI 1.16
usb2 at xhci2: USB revision 3.0
uhub2 at usb2 configuration 1 interface 0 &quot;AMD xHCI root hub&quot; rev 3.00/1.00 addr 1
azalia1 at pci7 dev 0 function 6 vendor &quot;AMD&quot;, unknown product 0x15e3 rev 0x00: msi
azalia1: codecs: Realtek/0x1220
audio0 at azalia1
ppb7 at pci0 dev 8 function 2 vendor &quot;AMD&quot;, unknown product 0x15dc rev 0x00
pci8 at ppb7 bus 8
ahci1 at pci8 dev 0 function 0 &quot;AMD Carrizo AHCI&quot; rev 0x61: msi, AHCI 1.3.1
ahci1: port 0: 3.0Gb/s
ahci1: port 1: 3.0Gb/s
scsibus2 at ahci1: 32 targets
sd1 at scsibus2 targ 0 lun 0: &lt;ATA, Hitachi HUA72202, JKAO&gt; SCSI3 0/direct fixed naa.5000cca222d7946d
sd1: 1907729MB, 512 bytes/sector, 3907029168 sectors
sd2 at scsibus2 targ 1 lun 0: &lt;ATA, HITACHI HTS72321, EC1Z&gt; SCSI3 0/direct fixed naa.5000cca61ac0734c
sd2: 152627MB, 512 bytes/sector, 312581808 sectors
&quot;AMD Carrizo SMBus&quot; rev 0x61 at pci0 dev 20 function 0 not configured
pcib0 at pci0 dev 20 function 3 &quot;AMD Carrizo LPC&quot; rev 0x51
pchb3 at pci0 dev 24 function 0 vendor &quot;AMD&quot;, unknown product 0x15e8 rev 0x00
pchb4 at pci0 dev 24 function 1 vendor &quot;AMD&quot;, unknown product 0x15e9 rev 0x00
pchb5 at pci0 dev 24 function 2 vendor &quot;AMD&quot;, unknown product 0x15ea rev 0x00
pchb6 at pci0 dev 24 function 3 vendor &quot;AMD&quot;, unknown product 0x15eb rev 0x00
pchb7 at pci0 dev 24 function 4 vendor &quot;AMD&quot;, unknown product 0x15ec rev 0x00
pchb8 at pci0 dev 24 function 5 vendor &quot;AMD&quot;, unknown product 0x15ed rev 0x00
pchb9 at pci0 dev 24 function 6 vendor &quot;AMD&quot;, unknown product 0x15ee rev 0x00
pchb10 at pci0 dev 24 function 7 vendor &quot;AMD&quot;, unknown product 0x15ef rev 0x00
isa0 at pcib0
isadma0 at isa0
pckbc0 at isa0 port 0x60/5 irq 1 irq 12
pckbd0 at pckbc0 (kbd slot)
wskbd0 at pckbd0: console keyboard
pcppi0 at isa0 port 0x61
spkr0 at pcppi0
uhidev0 at uhub1 port 2 configuration 1 interface 0 &quot;Holtek USB Keyboard&quot; rev 2.00/1.05 addr 2
uhidev0: iclass 3/1
ukbd0 at uhidev0: 8 variable keys, 6 key codes
wskbd1 at ukbd0 mux 1
uhidev1 at uhub1 port 2 configuration 1 interface 1 &quot;Holtek USB Keyboard&quot; rev 2.00/1.05 addr 2
uhidev1: iclass 3/0, 7 report ids
uhid0 at uhidev1 reportid 2: input=1, output=0, feature=0
uhid1 at uhidev1 reportid 3: input=2, output=0, feature=0
ukbd1 at uhidev1 reportid 5: 112 variable keys, 0 key codes
wskbd2 at ukbd1 mux 1
uhid2 at uhidev1 reportid 6: input=2, output=0, feature=0
uhid3 at uhidev1 reportid 7: input=0, output=0, feature=7
uhidev2 at uhub1 port 2 configuration 1 interface 2 &quot;Holtek USB Keyboard&quot; rev 2.00/1.05 addr 2
uhidev2: iclass 3/0
uhid4 at uhidev2: input=8, output=8, feature=0
uhidev3 at uhub1 port 3 configuration 1 interface 0 &quot;Logitech USB Laser Mouse&quot; rev 2.00/31.00 addr 3
uhidev3: iclass 3/1
ums0 at uhidev3: 8 buttons, Z and W dir
wsmouse0 at ums0 mux 0
vscsi0 at root
scsibus3 at vscsi0: 256 targets
softraid0 at root
scsibus4 at softraid0: 256 targets
sd3 at scsibus4 targ 1 lun 0: &lt;OPENBSD, SR CRYPTO, 006&gt; SCSI2 0/direct fixed
sd3: 254538MB, 512 bytes/sector, 521295344 sectors
root on sd3a (48181a026c4a6623.a) swap on sd3b dump on sd3b
initializing kernel modesetting (TURKS 0x1002:0x675D 0x1028:0x2B20).
radeondrm0: 1920x1080, 32bpp
wsdisplay0 at radeondrm0 mux 1: console (std, vt100 emulation), using wskbd0
wskbd1: connecting to wsdisplay0
wskbd2: connecting to wsdisplay0
wsdisplay0: screen 1-5 added (std, vt100 emulation)

</pre>



</div><!-- content -->
<br />
<div id="footer">
All comments/news/posts are the property of their individual owner and
is presented without warranty of suitability, and solely as an
informational resource. <br />
This site Copyright &copy; 2004-2020 NYC*BUG.
</div><!-- footer -->

</body>
</html>

