



<!doctype html>
<html lang="en">
<head>
<meta name="keywords"
	content="bsd, freebsd, openbsd, netbsd, dragonflybsd, nycbug, dmesgd" />
<meta name="description" content="New York City BSD User Group dmesgd" />
<meta charset="utf-8" />
<meta name="viewport" content="width=device-width, initial-scale=1" />
<title>NYC*BUG dmesgd</title>
<style>
body {
	text-align: left;
	margin: 15px auto;
	padding: 0px 10px;
}
@media (min-width: 800px) {
	body {
		max-width: 85%;
	}
}
#header {
	border-bottom: 1px solid #dbdbdb;
	font-size: 230%;
	text-align: left;
}
#footer {
	border-top: 1px solid #dbdbdb;
	clear: both;
	text-align: left;
}
.logo_bug {
	color: #cc0033;
}
#menu ul {
	list-style-type: none;
	margin: 0;
	padding: 0;
}
#menu li {
	float: left;
}
#menu li a {
	display: block;
	background-color: #dbdbdb;
	color: #000000;
	font-size: 105%;
	font-weight: bold;
	padding: 0px 6px 0px 6px;
	text-decoration: none;
}
#content {
	clear: both;
	text-align: left;
	padding-top: 10px;
}
#content h1 {
	font-size: 120%;
	font-weight: bold;
}
#content h2 {
	font-size: 110%;
	font-weight: bold;
}
#content a {
	text-decoration: none;
}
#content pre {
	background-color: #dbdbdb;
	padding: 5px 5px 5px 5px;
	white-space: pre-wrap;		/* css-3 */
	white-space: -moz-pre-wrap;	/* Mozilla, since 1999 */
	white-space: -pre-wrap;		/* Opera 4-6 */
	white-space: -o-pre-wrap;	/* Opera 7 */
	word-wrap: break-word;		/* Internet Explorer 5.5+ */
}
#content table {
	border-collapse: collapse;
}
#content table th {
	border: 1px solid #dbdbdb;
	font-size: 85%;
	white-space: nowrap;
}
#content table td {
	border: 1px solid #dbdbdb;
	font-size: 80%;
}
#content input {
	font-size: 1em;
}
#content .full	{ width: 100%; }
#content .left	{ text-align: left; }
#content .right	{ text-align: right; }
#content .center { text-align: center; }
#content .flexbox {
	display: -ms-flex;
	display: -webkit-flex;
	display: flex;
	width: 100%;
}
#content .left_col {
	min-width: 75px;
	max-width: 50%;
	flex-grow: 0;
}
#content .right_col {
	flex-grow: 1;
	margin-left: 10px;
	padding-top: 10px;
	padding-left: 10px;
}
#col {
	-moz-column-count: 3;
	-webkit-column-count: 3;
	column-count: 3;
}
</style>
</head>
<body>

<div id="header">
<strong><em>NYC*</em><span class="logo_bug">BUG</span> dmesgd</strong>
</div><!-- header -->

<div id="menu">
<ul>
<li><a href="https://dmesgd.nycbug.org/index.cgi?do=index">Home</a></li>
<li><a href="https://dmesgd.nycbug.org/index.cgi?do=submit">Submit</a></li>
<li><a href="https://www.nycbug.org/">NYC*BUG</a></li>
</ul>
</div><!-- menu -->

<div id="content">

<p>
Launched in 2004, dmesgd aims to provide a
<strong>user-submitted</strong> repository of searchable *BSD dmesgs.
The dmesg(8) command displays the system message buffer's content, and
during boot a copy is saved to <em>/var/run/dmesg.boot</em>.  This buffer
contains the operating system release, name and version, a list of
devices identified, plus a whole host of other useful information.  We
hope others find this resource useful and further contribute to its
growth. Contact us at [ admin at lists dot nycbug dot org ].
</p>

<hr />


<strong>Date:</strong> <em>2018-07-09 17:37:37</em><br />
<strong>From:</strong> <em>Kjotere</em><br />
<strong>Description:</strong> <em>OpenBSD on a Lenovo V310 15ISK</em><br />

<pre>
OpenBSD 6.3 (RAMDISK_CD) #98: Sat Mar 24 14:26:39 MDT 2018
    xxx@xxx.xxx:/usr/src/sys/arch/amd64/compile/RAMDISK_CD
real mem = 12117487616 (11556MB)
avail mem = 11746455552 (11202MB)
mainbus0 at root
bios0 at mainbus0: SMBIOS rev. 2.8 @ 0xe0880 (86 entries)
bios0: vendor LENOVO version &quot;0ZCN30WW&quot; date 12/08/2016
bios0: LENOVO 80SY
acpi0 at bios0: rev 2
acpi0: tables DSDT FACP UEFI SSDT SSDT HPET LPIT APIC MCFG SSDT SSDT SSDT SSDT SSDT SSDT DBGP DBG2 SSDT BOOT BATB SSDT MSDM SLIC ASF! FPDT BGRT UEFI
acpimadt0 at acpi0 addr 0xfee00000: PC-AT compat
cpu0 at mainbus0: apid 0 (boot processor)
cpu0: Intel(R) Core(TM) i3-6100U CPU @ 2.30GHz, 2195.57 MHz
cpu0: FPU,VME,DE,PSE,TSC,MSR,PAE,MCE,CX8,APIC,SEP,MTRR,PGE,MCA,CMOV,PAT,PSE36,CFLUSH,DS,ACPI,MMX,FXSR,SSE,SSE2,SS,HTT,TM,PBE,SSE3,PCLMUL,DTES64,MWAIT,DS-CPL,VMX,EST,TM2,SSSE3,SDBG,FMA3,CX16,xTPR,PDCM,PCID,SSE4.1,SSE4.2,x2APIC,MOVBE,POPCNT,DEADLINE,AES,XSAVE,AVX,F16C,RDRAND,NXE,PAGE1GB,RDTSCP,LONG,LAHF,ABM,3DNOWP,PERF,ITSC,FSGSBASE,SGX,BMI1,HLE,AVX2,SMEP,BMI2,ERMS,INVPCID,RTM,MPX,RDSEED,ADX,SMAP,CLFLUSHOPT,PT,SENSOR,ARAT,MELTDOWN
cpu0: 256KB 64b/line 8-way L2 cache
cpu0: apic clock running at 24MHz
cpu0: mwait min=64, max=64, C-substates=0.2.1.2.4.1.1.1, IBE
cpu at mainbus0: not configured
cpu at mainbus0: not configured
cpu at mainbus0: not configured
ioapic0 at mainbus0: apid 2 pa 0xfec00000, version 20, 120 pins
acpiprt0 at acpi0: bus 0 (PCI0)
acpiprt1 at acpi0: bus -1 (PEG0)
acpiprt2 at acpi0: bus -1 (PEG1)
acpiprt3 at acpi0: bus -1 (PEG2)
acpiprt4 at acpi0: bus 1 (RP01)
acpiprt5 at acpi0: bus -1 (RP02)
acpiprt6 at acpi0: bus -1 (RP03)
acpiprt7 at acpi0: bus -1 (RP04)
acpiprt8 at acpi0: bus 2 (RP05)
acpiprt9 at acpi0: bus 3 (RP06)
acpiprt10 at acpi0: bus -1 (RP07)
acpiprt11 at acpi0: bus -1 (RP08)
acpiprt12 at acpi0: bus -1 (RP09)
acpiprt13 at acpi0: bus -1 (RP10)
acpiprt14 at acpi0: bus -1 (RP11)
acpiprt15 at acpi0: bus -1 (RP12)
acpiprt16 at acpi0: bus -1 (RP13)
acpiprt17 at acpi0: bus -1 (RP14)
acpiprt18 at acpi0: bus -1 (RP15)
acpiprt19 at acpi0: bus -1 (RP16)
acpiprt20 at acpi0: bus -1 (RP17)
acpiprt21 at acpi0: bus -1 (RP18)
acpiprt22 at acpi0: bus -1 (RP19)
acpiprt23 at acpi0: bus -1 (RP20)
acpiec0 at acpi0
acpicpu at acpi0 not configured
acpipwrres at acpi0 not configured
acpipwrres at acpi0 not configured
acpipwrres at acpi0 not configured
acpipwrres at acpi0 not configured
acpipwrres at acpi0 not configured
acpipwrres at acpi0 not configured
acpipwrres at acpi0 not configured
acpipwrres at acpi0 not configured
acpipwrres at acpi0 not configured
acpipwrres at acpi0 not configured
acpipwrres at acpi0 not configured
acpipwrres at acpi0 not configured
acpipwrres at acpi0 not configured
acpipwrres at acpi0 not configured
acpipwrres at acpi0 not configured
acpipwrres at acpi0 not configured
acpipwrres at acpi0 not configured
acpipwrres at acpi0 not configured
acpipwrres at acpi0 not configured
acpipwrres at acpi0 not configured
acpipwrres at acpi0 not configured
acpipwrres at acpi0 not configured
acpipwrres at acpi0 not configured
&quot;INT3F0D&quot; at acpi0 not configured
&quot;MSFT0001&quot; at acpi0 not configured
&quot;ETD0656&quot; at acpi0 not configured
&quot;VPC2004&quot; at acpi0 not configured
&quot;PNP0C0E&quot; at acpi0 not configured
&quot;PNP0C14&quot; at acpi0 not configured
&quot;INT33A1&quot; at acpi0 not configured
&quot;PNP0C0D&quot; at acpi0 not configured
&quot;PNP0C0C&quot; at acpi0 not configured
&quot;ACPI0003&quot; at acpi0 not configured
&quot;PNP0C0A&quot; at acpi0 not configured
&quot;PNP0C14&quot; at acpi0 not configured
&quot;INT3394&quot; at acpi0 not configured
&quot;INT340E&quot; at acpi0 not configured
pci0 at mainbus0 bus 0
0:31:4: io address conflict 0xefa0/0x20
pchb0 at pci0 dev 0 function 0 &quot;Intel Core 6G Host&quot; rev 0x08
vga1 at pci0 dev 2 function 0 &quot;Intel HD Graphics 520&quot; rev 0x07
wsdisplay1 at vga1 mux 1: console (80x25, vt100 emulation)
xhci0 at pci0 dev 20 function 0 &quot;Intel 100 Series xHCI&quot; rev 0x21: msi
usb0 at xhci0: USB revision 3.0
uhub0 at usb0 configuration 1 interface 0 &quot;Intel xHCI root hub&quot; rev 3.00/1.00 addr 1
&quot;Intel 100 Series Thermal&quot; rev 0x21 at pci0 dev 20 function 2 not configured
&quot;Intel 100 Series MEI&quot; rev 0x21 at pci0 dev 22 function 0 not configured
ahci0 at pci0 dev 23 function 0 &quot;Intel 100 Series AHCI&quot; rev 0x21: msi, AHCI 1.3.1
ahci0: port 0: 1.5Gb/s
ahci0: port 1: 6.0Gb/s
ahci0: PHY offline on port 2
scsibus0 at ahci0: 32 targets
cd0 at scsibus0 targ 0 lun 0: &lt;HL-DT-ST, DVDRAM GUE0N, T.02&gt; ATAPI 5/cdrom removable
sd0 at scsibus0 targ 1 lun 0: &lt;ATA, WDC WD5000LPCX-2, 02.0&gt; SCSI3 0/direct fixed naa.50014ee65c6a4e1d
sd0: 476940MB, 512 bytes/sector, 976773168 sectors
ppb0 at pci0 dev 28 function 0 &quot;Intel 100 Series PCIE&quot; rev 0xf1: msi
pci1 at ppb0 bus 1
ppb1 at pci0 dev 28 function 4 &quot;Intel 100 Series PCIE&quot; rev 0xf1: msi
pci2 at ppb1 bus 2
re0 at pci2 dev 0 function 0 &quot;Realtek 8168&quot; rev 0x15: RTL8168H/8111H (0x5400), msi, address xx:xx:xx:xx:xx:xx
rgephy0 at re0 phy 7: RTL8251 PHY, rev. 0
ppb2 at pci0 dev 28 function 5 &quot;Intel 100 Series PCIE&quot; rev 0xf1: msi
pci3 at ppb2 bus 3
vendor &quot;Atheros&quot;, unknown product 0x0042 (class network subclass miscellaneous, rev 0x30) at pci3 dev 0 function 0 not configured
&quot;Intel 100 Series LPC&quot; rev 0x21 at pci0 dev 31 function 0 not configured
&quot;Intel 100 Series PMC&quot; rev 0x21 at pci0 dev 31 function 2 not configured
&quot;Intel 100 Series HD Audio&quot; rev 0x21 at pci0 dev 31 function 3 not configured
&quot;Intel 100 Series SMBus&quot; rev 0x21 at pci0 dev 31 function 4 not configured
isa0 at mainbus0
pckbc0 at isa0 port 0x60/5 irq 1 irq 12
pckbd0 at pckbc0 (kbd slot)
wskbd0 at pckbd0: console keyboard, using wsdisplay1
&quot;vendor 0x138a product 0x0011&quot; rev 1.10/0.78 addr 2 at uhub0 port 6 not configured
&quot;Generic USB2.0-CRW&quot; rev 2.00/39.60 addr 3 at uhub0 port 7 not configured
&quot;vendor 0x0cf3 product 0xe360&quot; rev 2.01/0.01 addr 4 at uhub0 port 8 not configured
&quot;Chicony Electronics Co.,Ltd. EasyCamera&quot; rev 2.00/87.35 addr 5 at uhub0 port 9 not configured
softraid0 at root
scsibus1 at softraid0: 256 targets
root on rd0a swap on rd0b dump on rd0b
syncing disks... 
OpenBSD 6.3 (GENERIC.MP) #107: Sat Mar 24 14:21:59 MDT 2018
    xxx@xxx.xxx:/usr/src/sys/arch/amd64/compile/GENERIC.MP
real mem = 12117487616 (11556MB)
avail mem = 11743178752 (11199MB)
mpath0 at root
scsibus0 at mpath0: 256 targets
mainbus0 at root
bios0 at mainbus0: SMBIOS rev. 2.8 @ 0xe0880 (86 entries)
bios0: vendor LENOVO version &quot;0ZCN30WW&quot; date 12/08/2016
bios0: LENOVO 80SY
acpi0 at bios0: rev 2
acpi0: sleep states S0 S3 S4 S5
acpi0: tables DSDT FACP UEFI SSDT SSDT HPET LPIT APIC MCFG SSDT SSDT SSDT SSDT SSDT SSDT DBGP DBG2 SSDT BOOT BATB SSDT MSDM SLIC ASF! FPDT BGRT UEFI
acpi0: wakeup devices PEGP(S4) PEG0(S4) PEGP(S4) PEG1(S4) PEGP(S4) PEG2(S4) GLAN(S3) XHC_(S3) XDCI(S3) HDAS(S3) PXSX(S3) RP01(S3) PXSX(S3) RP02(S3) PXSX(S3) RP03(S3) [...]
acpitimer0 at acpi0: 3579545 Hz, 24 bits
acpihpet0 at acpi0: 23999999 Hz
acpimadt0 at acpi0 addr 0xfee00000: PC-AT compat
cpu0 at mainbus0: apid 0 (boot processor)
cpu0: Intel(R) Core(TM) i3-6100U CPU @ 2.30GHz, 2195.54 MHz
cpu0: FPU,VME,DE,PSE,TSC,MSR,PAE,MCE,CX8,APIC,SEP,MTRR,PGE,MCA,CMOV,PAT,PSE36,CFLUSH,DS,ACPI,MMX,FXSR,SSE,SSE2,SS,HTT,TM,PBE,SSE3,PCLMUL,DTES64,MWAIT,DS-CPL,VMX,EST,TM2,SSSE3,SDBG,FMA3,CX16,xTPR,PDCM,PCID,SSE4.1,SSE4.2,x2APIC,MOVBE,POPCNT,DEADLINE,AES,XSAVE,AVX,F16C,RDRAND,NXE,PAGE1GB,RDTSCP,LONG,LAHF,ABM,3DNOWP,PERF,ITSC,FSGSBASE,SGX,BMI1,HLE,AVX2,SMEP,BMI2,ERMS,INVPCID,RTM,MPX,RDSEED,ADX,SMAP,CLFLUSHOPT,PT,SENSOR,ARAT,MELTDOWN
cpu0: 256KB 64b/line 8-way L2 cache
cpu0: smt 0, core 0, package 0
mtrr: Pentium Pro MTRR support, 10 var ranges, 88 fixed ranges
cpu0: apic clock running at 24MHz
cpu0: mwait min=64, max=64, C-substates=0.2.1.2.4.1.1.1, IBE
cpu1 at mainbus0: apid 2 (application processor)
cpu1: Intel(R) Core(TM) i3-6100U CPU @ 2.30GHz, 2194.90 MHz
cpu1: FPU,VME,DE,PSE,TSC,MSR,PAE,MCE,CX8,APIC,SEP,MTRR,PGE,MCA,CMOV,PAT,PSE36,CFLUSH,DS,ACPI,MMX,FXSR,SSE,SSE2,SS,HTT,TM,PBE,SSE3,PCLMUL,DTES64,MWAIT,DS-CPL,VMX,EST,TM2,SSSE3,SDBG,FMA3,CX16,xTPR,PDCM,PCID,SSE4.1,SSE4.2,x2APIC,MOVBE,POPCNT,DEADLINE,AES,XSAVE,AVX,F16C,RDRAND,NXE,PAGE1GB,RDTSCP,LONG,LAHF,ABM,3DNOWP,PERF,ITSC,FSGSBASE,SGX,BMI1,HLE,AVX2,SMEP,BMI2,ERMS,INVPCID,RTM,MPX,RDSEED,ADX,SMAP,CLFLUSHOPT,PT,SENSOR,ARAT,MELTDOWN
cpu1: 256KB 64b/line 8-way L2 cache
cpu1: smt 0, core 1, package 0
cpu2 at mainbus0: apid 1 (application processor)
cpu2: Intel(R) Core(TM) i3-6100U CPU @ 2.30GHz, 2194.90 MHz
cpu2: FPU,VME,DE,PSE,TSC,MSR,PAE,MCE,CX8,APIC,SEP,MTRR,PGE,MCA,CMOV,PAT,PSE36,CFLUSH,DS,ACPI,MMX,FXSR,SSE,SSE2,SS,HTT,TM,PBE,SSE3,PCLMUL,DTES64,MWAIT,DS-CPL,VMX,EST,TM2,SSSE3,SDBG,FMA3,CX16,xTPR,PDCM,PCID,SSE4.1,SSE4.2,x2APIC,MOVBE,POPCNT,DEADLINE,AES,XSAVE,AVX,F16C,RDRAND,NXE,PAGE1GB,RDTSCP,LONG,LAHF,ABM,3DNOWP,PERF,ITSC,FSGSBASE,SGX,BMI1,HLE,AVX2,SMEP,BMI2,ERMS,INVPCID,RTM,MPX,RDSEED,ADX,SMAP,CLFLUSHOPT,PT,SENSOR,ARAT,MELTDOWN
cpu2: 256KB 64b/line 8-way L2 cache
cpu2: smt 1, core 0, package 0
cpu3 at mainbus0: apid 3 (application processor)
cpu3: Intel(R) Core(TM) i3-6100U CPU @ 2.30GHz, 2194.90 MHz
cpu3: FPU,VME,DE,PSE,TSC,MSR,PAE,MCE,CX8,APIC,SEP,MTRR,PGE,MCA,CMOV,PAT,PSE36,CFLUSH,DS,ACPI,MMX,FXSR,SSE,SSE2,SS,HTT,TM,PBE,SSE3,PCLMUL,DTES64,MWAIT,DS-CPL,VMX,EST,TM2,SSSE3,SDBG,FMA3,CX16,xTPR,PDCM,PCID,SSE4.1,SSE4.2,x2APIC,MOVBE,POPCNT,DEADLINE,AES,XSAVE,AVX,F16C,RDRAND,NXE,PAGE1GB,RDTSCP,LONG,LAHF,ABM,3DNOWP,PERF,ITSC,FSGSBASE,SGX,BMI1,HLE,AVX2,SMEP,BMI2,ERMS,INVPCID,RTM,MPX,RDSEED,ADX,SMAP,CLFLUSHOPT,PT,SENSOR,ARAT,MELTDOWN
cpu3: 256KB 64b/line 8-way L2 cache
cpu3: smt 1, core 1, package 0
ioapic0 at mainbus0: apid 2 pa 0xfec00000, version 20, 120 pins
acpimcfg0 at acpi0 addr 0xe0000000, bus 0-255
acpiprt0 at acpi0: bus 0 (PCI0)
acpiprt1 at acpi0: bus -1 (PEG0)
acpiprt2 at acpi0: bus -1 (PEG1)
acpiprt3 at acpi0: bus -1 (PEG2)
acpiprt4 at acpi0: bus 1 (RP01)
acpiprt5 at acpi0: bus -1 (RP02)
acpiprt6 at acpi0: bus -1 (RP03)
acpiprt7 at acpi0: bus -1 (RP04)
acpiprt8 at acpi0: bus 2 (RP05)
acpiprt9 at acpi0: bus 3 (RP06)
acpiprt10 at acpi0: bus -1 (RP07)
acpiprt11 at acpi0: bus -1 (RP08)
acpiprt12 at acpi0: bus -1 (RP09)
acpiprt13 at acpi0: bus -1 (RP10)
acpiprt14 at acpi0: bus -1 (RP11)
acpiprt15 at acpi0: bus -1 (RP12)
acpiprt16 at acpi0: bus -1 (RP13)
acpiprt17 at acpi0: bus -1 (RP14)
acpiprt18 at acpi0: bus -1 (RP15)
acpiprt19 at acpi0: bus -1 (RP16)
acpiprt20 at acpi0: bus -1 (RP17)
acpiprt21 at acpi0: bus -1 (RP18)
acpiprt22 at acpi0: bus -1 (RP19)
acpiprt23 at acpi0: bus -1 (RP20)
acpiec0 at acpi0
acpicpu0 at acpi0: C3(200@1034 mwait.1@0x60), C2(200@151 mwait.1@0x33), C1(1000@1 mwait.1), PSS
acpicpu1 at acpi0: C3(200@1034 mwait.1@0x60), C2(200@151 mwait.1@0x33), C1(1000@1 mwait.1), PSS
acpicpu2 at acpi0: C3(200@1034 mwait.1@0x60), C2(200@151 mwait.1@0x33), C1(1000@1 mwait.1), PSS
acpicpu3 at acpi0: C3(200@1034 mwait.1@0x60), C2(200@151 mwait.1@0x33), C1(1000@1 mwait.1), PSS
acpipwrres0 at acpi0: PG00, resource for PEG0
acpipwrres1 at acpi0: PG01, resource for PEG1
acpipwrres2 at acpi0: PG02, resource for PEG2
acpipwrres3 at acpi0: WRST
acpipwrres4 at acpi0: WRST
acpipwrres5 at acpi0: WRST
acpipwrres6 at acpi0: WRST
acpipwrres7 at acpi0: WRST
acpipwrres8 at acpi0: WRST
acpipwrres9 at acpi0: WRST
acpipwrres10 at acpi0: WRST
acpipwrres11 at acpi0: WRST
acpipwrres12 at acpi0: WRST
acpipwrres13 at acpi0: WRST
acpipwrres14 at acpi0: WRST
acpipwrres15 at acpi0: WRST
acpipwrres16 at acpi0: WRST
acpipwrres17 at acpi0: WRST
acpipwrres18 at acpi0: WRST
acpipwrres19 at acpi0: WRST
acpipwrres20 at acpi0: WRST
acpipwrres21 at acpi0: WRST
acpipwrres22 at acpi0: WRST
&quot;INT3F0D&quot; at acpi0 not configured
&quot;MSFT0001&quot; at acpi0 not configured
&quot;ETD0656&quot; at acpi0 not configured
&quot;VPC2004&quot; at acpi0 not configured
acpibtn0 at acpi0: SLPB
&quot;PNP0C14&quot; at acpi0 not configured
&quot;INT33A1&quot; at acpi0 not configured
acpibtn1 at acpi0: LID0
acpibtn2 at acpi0: PWRB
acpiac0 at acpi0: AC unit online
acpibat0 at acpi0: BAT1 model &quot;L15L4A02&quot; serial   type LION oem &quot;LGC&quot;
&quot;PNP0C14&quot; at acpi0 not configured
&quot;INT3394&quot; at acpi0 not configured
&quot;INT340E&quot; at acpi0 not configured
acpivideo0 at acpi0: GFX0
acpivout0 at acpivideo0: DD1F
cpu0: Enhanced SpeedStep 2195 MHz: speeds: 2301, 2300, 2200, 2000, 1900, 1800, 1600, 1500, 1300, 1200, 1100, 900, 800, 700, 500, 400 MHz
pci0 at mainbus0 bus 0
0:31:4: io address conflict 0xefa0/0x20
pchb0 at pci0 dev 0 function 0 &quot;Intel Core 6G Host&quot; rev 0x08
inteldrm0 at pci0 dev 2 function 0 &quot;Intel HD Graphics 520&quot; rev 0x07
drm0 at inteldrm0
inteldrm0: msi
error: [drm:pid0:i915_firmware_load_error_print] *ERROR* failed to load firmware i915/skl_dmc_ver1.bin (-22)
error: [drm:pid0:i915_gem_init_hw] *ERROR* Failed to initialize GuC, error -8 (ignored)
inteldrm0: 1360x768, 32bpp
WARNING !wm_changed failed at /usr/src/sys/dev/pci/drm/i915/intel_pm.c:3609
### AML PARSE ERROR (0x2c24): Undefined name: \\_SB_.CUNM
error evaluating: \\_SB_.PCI0.GFX0.DD1F._BQC
wsdisplay0 at inteldrm0 mux 1: console (std, vt100 emulation)
wsdisplay0: screen 1-5 added (std, vt100 emulation)
xhci0 at pci0 dev 20 function 0 &quot;Intel 100 Series xHCI&quot; rev 0x21: msi
usb0 at xhci0: USB revision 3.0
uhub0 at usb0 configuration 1 interface 0 &quot;Intel xHCI root hub&quot; rev 3.00/1.00 addr 1
pchtemp0 at pci0 dev 20 function 2 &quot;Intel 100 Series Thermal&quot; rev 0x21
&quot;Intel 100 Series MEI&quot; rev 0x21 at pci0 dev 22 function 0 not configured
ahci0 at pci0 dev 23 function 0 &quot;Intel 100 Series AHCI&quot; rev 0x21: msi, AHCI 1.3.1
ahci0: port 0: 1.5Gb/s
ahci0: port 1: 6.0Gb/s
ahci0: PHY offline on port 2
scsibus1 at ahci0: 32 targets
cd0 at scsibus1 targ 0 lun 0: &lt;HL-DT-ST, DVDRAM GUE0N, T.02&gt; ATAPI 5/cdrom removable
sd0 at scsibus1 targ 1 lun 0: &lt;ATA, WDC WD5000LPCX-2, 02.0&gt; SCSI3 0/direct fixed naa.50014ee65c6a4e1d
sd0: 476940MB, 512 bytes/sector, 976773168 sectors
ppb0 at pci0 dev 28 function 0 &quot;Intel 100 Series PCIE&quot; rev 0xf1: msi
pci1 at ppb0 bus 1
ppb1 at pci0 dev 28 function 4 &quot;Intel 100 Series PCIE&quot; rev 0xf1: msi
pci2 at ppb1 bus 2
re0 at pci2 dev 0 function 0 &quot;Realtek 8168&quot; rev 0x15: RTL8168H/8111H (0x5400), msi, address xx:xx:xx:xx:xx:xx
rgephy0 at re0 phy 7: RTL8251 PHY, rev. 0
ppb2 at pci0 dev 28 function 5 &quot;Intel 100 Series PCIE&quot; rev 0xf1: msi
pci3 at ppb2 bus 3
vendor &quot;Atheros&quot;, unknown product 0x0042 (class network subclass miscellaneous, rev 0x30) at pci3 dev 0 function 0 not configured
pcib0 at pci0 dev 31 function 0 &quot;Intel 100 Series LPC&quot; rev 0x21
&quot;Intel 100 Series PMC&quot; rev 0x21 at pci0 dev 31 function 2 not configured
azalia0 at pci0 dev 31 function 3 &quot;Intel 100 Series HD Audio&quot; rev 0x21: msi
azalia0: codecs: Realtek/0x0236, Intel/0x2809, using Realtek/0x0236
audio0 at azalia0
ichiic0 at pci0 dev 31 function 4 &quot;Intel 100 Series SMBus&quot; rev 0x21: apic 2 int 16
iic0 at ichiic0
isa0 at pcib0
isadma0 at isa0
pckbc0 at isa0 port 0x60/5 irq 1 irq 12
pckbd0 at pckbc0 (kbd slot)
wskbd0 at pckbd0: console keyboard, using wsdisplay0
pms0 at pckbc0 (aux slot)
wsmouse0 at pms0 mux 0
pcppi0 at isa0 port 0x61
spkr0 at pcppi0
wbsio0 at isa0 port 0x2e/2: W83627EHF rev 0x86
vmm0 at mainbus0: VMX/EPT
ugen0 at uhub0 port 6 &quot;Validity Sensors VFS5011 Fingerprint Reader&quot; rev 1.10/0.78 addr 2
ugen1 at uhub0 port 7 &quot;Generic USB2.0-CRW&quot; rev 2.00/39.60 addr 3
ugen2 at uhub0 port 8 &quot;Atheros Communications product 0xe360&quot; rev 2.01/0.01 addr 4
uvideo0 at uhub0 port 9 configuration 1 interface 0 &quot;Chicony Electronics Co.,Ltd. EasyCamera&quot; rev 2.00/87.35 addr 5
video0 at uvideo0
vscsi0 at root
scsibus2 at vscsi0: 256 targets
softraid0 at root
scsibus3 at softraid0: 256 targets
root on sd0a (01279fac8b78ca12.a) swap on sd0b dump on sd0b
### AML PARSE ERROR (0x2c24): Undefined name: \\_SB_.CUNM
error evaluating: \\_SB_.PCI0.GFX0.DD1F._BQC
### AML PARSE ERROR (0x2c24): Undefined name: \\_SB_.CUNM
error evaluating: \\_SB_.PCI0.GFX0.DD1F._BQC
syncing disks... done
rebooting.
OpenBSD 6.3 (GENERIC.MP) #107: Sat Mar 24 14:21:59 MDT 2018
    xxx@xxx.xxx:/usr/src/sys/arch/amd64/compile/GENERIC.MP
real mem = 12117487616 (11556MB)
avail mem = 11743170560 (11199MB)
mpath0 at root
scsibus0 at mpath0: 256 targets
mainbus0 at root
bios0 at mainbus0: SMBIOS rev. 2.8 @ 0xe0880 (86 entries)
bios0: vendor LENOVO version &quot;0ZCN30WW&quot; date 12/08/2016
bios0: LENOVO 80SY
acpi0 at bios0: rev 2
acpi0: sleep states S0 S3 S4 S5
acpi0: tables DSDT FACP UEFI SSDT SSDT HPET LPIT APIC MCFG SSDT SSDT SSDT SSDT SSDT SSDT DBGP DBG2 SSDT BOOT BATB SSDT MSDM SLIC ASF! FPDT BGRT UEFI
acpi0: wakeup devices PEGP(S4) PEG0(S4) PEGP(S4) PEG1(S4) PEGP(S4) PEG2(S4) GLAN(S3) XHC_(S3) XDCI(S3) HDAS(S3) PXSX(S3) RP01(S3) PXSX(S3) RP02(S3) PXSX(S3) RP03(S3) [...]
acpitimer0 at acpi0: 3579545 Hz, 24 bits
acpihpet0 at acpi0: 23999999 Hz
acpimadt0 at acpi0 addr 0xfee00000: PC-AT compat
cpu0 at mainbus0: apid 0 (boot processor)
cpu0: Intel(R) Core(TM) i3-6100U CPU @ 2.30GHz, 2195.48 MHz
cpu0: FPU,VME,DE,PSE,TSC,MSR,PAE,MCE,CX8,APIC,SEP,MTRR,PGE,MCA,CMOV,PAT,PSE36,CFLUSH,DS,ACPI,MMX,FXSR,SSE,SSE2,SS,HTT,TM,PBE,SSE3,PCLMUL,DTES64,MWAIT,DS-CPL,VMX,EST,TM2,SSSE3,SDBG,FMA3,CX16,xTPR,PDCM,PCID,SSE4.1,SSE4.2,x2APIC,MOVBE,POPCNT,DEADLINE,AES,XSAVE,AVX,F16C,RDRAND,NXE,PAGE1GB,RDTSCP,LONG,LAHF,ABM,3DNOWP,PERF,ITSC,FSGSBASE,SGX,BMI1,HLE,AVX2,SMEP,BMI2,ERMS,INVPCID,RTM,MPX,RDSEED,ADX,SMAP,CLFLUSHOPT,PT,IBRS,IBPB,STIBP,SENSOR,ARAT,MELTDOWN
cpu0: 256KB 64b/line 8-way L2 cache
cpu0: smt 0, core 0, package 0
mtrr: Pentium Pro MTRR support, 10 var ranges, 88 fixed ranges
cpu0: apic clock running at 23MHz
cpu0: mwait min=64, max=64, C-substates=0.2.1.2.4.1.1.1, IBE
cpu1 at mainbus0: apid 2 (application processor)
cpu1: Intel(R) Core(TM) i3-6100U CPU @ 2.30GHz, 2194.88 MHz
cpu1: FPU,VME,DE,PSE,TSC,MSR,PAE,MCE,CX8,APIC,SEP,MTRR,PGE,MCA,CMOV,PAT,PSE36,CFLUSH,DS,ACPI,MMX,FXSR,SSE,SSE2,SS,HTT,TM,PBE,SSE3,PCLMUL,DTES64,MWAIT,DS-CPL,VMX,EST,TM2,SSSE3,SDBG,FMA3,CX16,xTPR,PDCM,PCID,SSE4.1,SSE4.2,x2APIC,MOVBE,POPCNT,DEADLINE,AES,XSAVE,AVX,F16C,RDRAND,NXE,PAGE1GB,RDTSCP,LONG,LAHF,ABM,3DNOWP,PERF,ITSC,FSGSBASE,SGX,BMI1,HLE,AVX2,SMEP,BMI2,ERMS,INVPCID,RTM,MPX,RDSEED,ADX,SMAP,CLFLUSHOPT,PT,IBRS,IBPB,STIBP,SENSOR,ARAT,MELTDOWN
cpu1: 256KB 64b/line 8-way L2 cache
cpu1: smt 0, core 1, package 0
cpu2 at mainbus0: apid 1 (application processor)
cpu2: Intel(R) Core(TM) i3-6100U CPU @ 2.30GHz, 2194.88 MHz
cpu2: FPU,VME,DE,PSE,TSC,MSR,PAE,MCE,CX8,APIC,SEP,MTRR,PGE,MCA,CMOV,PAT,PSE36,CFLUSH,DS,ACPI,MMX,FXSR,SSE,SSE2,SS,HTT,TM,PBE,SSE3,PCLMUL,DTES64,MWAIT,DS-CPL,VMX,EST,TM2,SSSE3,SDBG,FMA3,CX16,xTPR,PDCM,PCID,SSE4.1,SSE4.2,x2APIC,MOVBE,POPCNT,DEADLINE,AES,XSAVE,AVX,F16C,RDRAND,NXE,PAGE1GB,RDTSCP,LONG,LAHF,ABM,3DNOWP,PERF,ITSC,FSGSBASE,SGX,BMI1,HLE,AVX2,SMEP,BMI2,ERMS,INVPCID,RTM,MPX,RDSEED,ADX,SMAP,CLFLUSHOPT,PT,IBRS,IBPB,STIBP,SENSOR,ARAT,MELTDOWN
cpu2: 256KB 64b/line 8-way L2 cache
cpu2: smt 1, core 0, package 0
cpu3 at mainbus0: apid 3 (application processor)
cpu3: Intel(R) Core(TM) i3-6100U CPU @ 2.30GHz, 2194.88 MHz
cpu3: FPU,VME,DE,PSE,TSC,MSR,PAE,MCE,CX8,APIC,SEP,MTRR,PGE,MCA,CMOV,PAT,PSE36,CFLUSH,DS,ACPI,MMX,FXSR,SSE,SSE2,SS,HTT,TM,PBE,SSE3,PCLMUL,DTES64,MWAIT,DS-CPL,VMX,EST,TM2,SSSE3,SDBG,FMA3,CX16,xTPR,PDCM,PCID,SSE4.1,SSE4.2,x2APIC,MOVBE,POPCNT,DEADLINE,AES,XSAVE,AVX,F16C,RDRAND,NXE,PAGE1GB,RDTSCP,LONG,LAHF,ABM,3DNOWP,PERF,ITSC,FSGSBASE,SGX,BMI1,HLE,AVX2,SMEP,BMI2,ERMS,INVPCID,RTM,MPX,RDSEED,ADX,SMAP,CLFLUSHOPT,PT,IBRS,IBPB,STIBP,SENSOR,ARAT,MELTDOWN
cpu3: 256KB 64b/line 8-way L2 cache
cpu3: smt 1, core 1, package 0
ioapic0 at mainbus0: apid 2 pa 0xfec00000, version 20, 120 pins
acpimcfg0 at acpi0 addr 0xe0000000, bus 0-255
acpiprt0 at acpi0: bus 0 (PCI0)
acpiprt1 at acpi0: bus -1 (PEG0)
acpiprt2 at acpi0: bus -1 (PEG1)
acpiprt3 at acpi0: bus -1 (PEG2)
acpiprt4 at acpi0: bus 1 (RP01)
acpiprt5 at acpi0: bus -1 (RP02)
acpiprt6 at acpi0: bus -1 (RP03)
acpiprt7 at acpi0: bus -1 (RP04)
acpiprt8 at acpi0: bus 2 (RP05)
acpiprt9 at acpi0: bus 3 (RP06)
acpiprt10 at acpi0: bus -1 (RP07)
acpiprt11 at acpi0: bus -1 (RP08)
acpiprt12 at acpi0: bus -1 (RP09)
acpiprt13 at acpi0: bus -1 (RP10)
acpiprt14 at acpi0: bus -1 (RP11)
acpiprt15 at acpi0: bus -1 (RP12)
acpiprt16 at acpi0: bus -1 (RP13)
acpiprt17 at acpi0: bus -1 (RP14)
acpiprt18 at acpi0: bus -1 (RP15)
acpiprt19 at acpi0: bus -1 (RP16)
acpiprt20 at acpi0: bus -1 (RP17)
acpiprt21 at acpi0: bus -1 (RP18)
acpiprt22 at acpi0: bus -1 (RP19)
acpiprt23 at acpi0: bus -1 (RP20)
acpiec0 at acpi0
acpicpu0 at acpi0: C3(200@1034 mwait.1@0x60), C2(200@151 mwait.1@0x33), C1(1000@1 mwait.1), PSS
acpicpu1 at acpi0: C3(200@1034 mwait.1@0x60), C2(200@151 mwait.1@0x33), C1(1000@1 mwait.1), PSS
acpicpu2 at acpi0: C3(200@1034 mwait.1@0x60), C2(200@151 mwait.1@0x33), C1(1000@1 mwait.1), PSS
acpicpu3 at acpi0: C3(200@1034 mwait.1@0x60), C2(200@151 mwait.1@0x33), C1(1000@1 mwait.1), PSS
acpipwrres0 at acpi0: PG00, resource for PEG0
acpipwrres1 at acpi0: PG01, resource for PEG1
acpipwrres2 at acpi0: PG02, resource for PEG2
acpipwrres3 at acpi0: WRST
acpipwrres4 at acpi0: WRST
acpipwrres5 at acpi0: WRST
acpipwrres6 at acpi0: WRST
acpipwrres7 at acpi0: WRST
acpipwrres8 at acpi0: WRST
acpipwrres9 at acpi0: WRST
acpipwrres10 at acpi0: WRST
acpipwrres11 at acpi0: WRST
acpipwrres12 at acpi0: WRST
acpipwrres13 at acpi0: WRST
acpipwrres14 at acpi0: WRST
acpipwrres15 at acpi0: WRST
acpipwrres16 at acpi0: WRST
acpipwrres17 at acpi0: WRST
acpipwrres18 at acpi0: WRST
acpipwrres19 at acpi0: WRST
acpipwrres20 at acpi0: WRST
acpipwrres21 at acpi0: WRST
acpipwrres22 at acpi0: WRST
&quot;INT3F0D&quot; at acpi0 not configured
&quot;MSFT0001&quot; at acpi0 not configured
&quot;ETD0656&quot; at acpi0 not configured
&quot;VPC2004&quot; at acpi0 not configured
acpibtn0 at acpi0: SLPB
&quot;PNP0C14&quot; at acpi0 not configured
&quot;INT33A1&quot; at acpi0 not configured
acpibtn1 at acpi0: LID0
acpibtn2 at acpi0: PWRB
acpiac0 at acpi0: AC unit online
acpibat0 at acpi0: BAT1 model &quot;L15L4A02&quot; serial   type LION oem &quot;LGC&quot;
&quot;PNP0C14&quot; at acpi0 not configured
&quot;INT3394&quot; at acpi0 not configured
&quot;INT340E&quot; at acpi0 not configured
acpivideo0 at acpi0: GFX0
acpivout0 at acpivideo0: DD1F
cpu0: Enhanced SpeedStep 2195 MHz: speeds: 2301, 2300, 2200, 2000, 1900, 1800, 1600, 1500, 1300, 1200, 1100, 900, 800, 700, 500, 400 MHz
pci0 at mainbus0 bus 0
0:31:4: io address conflict 0xefa0/0x20
pchb0 at pci0 dev 0 function 0 &quot;Intel Core 6G Host&quot; rev 0x08
inteldrm0 at pci0 dev 2 function 0 &quot;Intel HD Graphics 520&quot; rev 0x07
drm0 at inteldrm0
inteldrm0: msi
error: [drm:pid0:i915_firmware_load_error_print] *ERROR* failed to load firmware i915/skl_dmc_ver1.bin (-22)
error: [drm:pid0:i915_gem_init_hw] *ERROR* Failed to initialize GuC, error -8 (ignored)
inteldrm0: 1360x768, 32bpp
WARNING !wm_changed failed at /usr/src/sys/dev/pci/drm/i915/intel_pm.c:3609
### AML PARSE ERROR (0x2c24): Undefined name: \\_SB_.CUNM
error evaluating: \\_SB_.PCI0.GFX0.DD1F._BQC
wsdisplay0 at inteldrm0 mux 1: console (std, vt100 emulation)
wsdisplay0: screen 1-5 added (std, vt100 emulation)
xhci0 at pci0 dev 20 function 0 &quot;Intel 100 Series xHCI&quot; rev 0x21: msi
usb0 at xhci0: USB revision 3.0
uhub0 at usb0 configuration 1 interface 0 &quot;Intel xHCI root hub&quot; rev 3.00/1.00 addr 1
pchtemp0 at pci0 dev 20 function 2 &quot;Intel 100 Series Thermal&quot; rev 0x21
&quot;Intel 100 Series MEI&quot; rev 0x21 at pci0 dev 22 function 0 not configured
ahci0 at pci0 dev 23 function 0 &quot;Intel 100 Series AHCI&quot; rev 0x21: msi, AHCI 1.3.1
ahci0: port 0: 1.5Gb/s
ahci0: port 1: 6.0Gb/s
ahci0: PHY offline on port 2
scsibus1 at ahci0: 32 targets
cd0 at scsibus1 targ 0 lun 0: &lt;HL-DT-ST, DVDRAM GUE0N, T.02&gt; ATAPI 5/cdrom removable
sd0 at scsibus1 targ 1 lun 0: &lt;ATA, WDC WD5000LPCX-2, 02.0&gt; SCSI3 0/direct fixed naa.50014ee65c6a4e1d
sd0: 476940MB, 512 bytes/sector, 976773168 sectors
ppb0 at pci0 dev 28 function 0 &quot;Intel 100 Series PCIE&quot; rev 0xf1: msi
pci1 at ppb0 bus 1
ppb1 at pci0 dev 28 function 4 &quot;Intel 100 Series PCIE&quot; rev 0xf1: msi
pci2 at ppb1 bus 2
re0 at pci2 dev 0 function 0 &quot;Realtek 8168&quot; rev 0x15: RTL8168H/8111H (0x5400), msi, address xx:xx:xx:xx:xx:xx
rgephy0 at re0 phy 7: RTL8251 PHY, rev. 0
ppb2 at pci0 dev 28 function 5 &quot;Intel 100 Series PCIE&quot; rev 0xf1: msi
pci3 at ppb2 bus 3
vendor &quot;Atheros&quot;, unknown product 0x0042 (class network subclass miscellaneous, rev 0x30) at pci3 dev 0 function 0 not configured
pcib0 at pci0 dev 31 function 0 &quot;Intel 100 Series LPC&quot; rev 0x21
&quot;Intel 100 Series PMC&quot; rev 0x21 at pci0 dev 31 function 2 not configured
azalia0 at pci0 dev 31 function 3 &quot;Intel 100 Series HD Audio&quot; rev 0x21: msi
azalia0: codecs: Realtek/0x0236, Intel/0x2809, using Realtek/0x0236
audio0 at azalia0
ichiic0 at pci0 dev 31 function 4 &quot;Intel 100 Series SMBus&quot; rev 0x21: apic 2 int 16
iic0 at ichiic0
isa0 at pcib0
isadma0 at isa0
pckbc0 at isa0 port 0x60/5 irq 1 irq 12
pckbd0 at pckbc0 (kbd slot)
wskbd0 at pckbd0: console keyboard, using wsdisplay0
pms0 at pckbc0 (aux slot)
wsmouse0 at pms0 mux 0
pcppi0 at isa0 port 0x61
spkr0 at pcppi0
wbsio0 at isa0 port 0x2e/2: W83627EHF rev 0x86
vmm0 at mainbus0: VMX/EPT
ugen0 at uhub0 port 6 &quot;Validity Sensors VFS5011 Fingerprint Reader&quot; rev 1.10/0.78 addr 2
ugen1 at uhub0 port 7 &quot;Generic USB2.0-CRW&quot; rev 2.00/39.60 addr 3
ugen2 at uhub0 port 8 &quot;Atheros Communications product 0xe360&quot; rev 2.01/0.01 addr 4
uvideo0 at uhub0 port 9 configuration 1 interface 0 &quot;Chicony Electronics Co.,Ltd. EasyCamera&quot; rev 2.00/87.35 addr 5
video0 at uvideo0
vscsi0 at root
scsibus2 at vscsi0: 256 targets
softraid0 at root
scsibus3 at softraid0: 256 targets
root on sd0a (01279fac8b78ca12.a) swap on sd0b dump on sd0b
### AML PARSE ERROR (0x2c24): Undefined name: \\_SB_.CUNM
error evaluating: \\_SB_.PCI0.GFX0.DD1F._BQC
### AML PARSE ERROR (0x2c24): Undefined name: \\_SB_.CUNM
error evaluating: \\_SB_.PCI0.GFX0.DD1F._BQC
syncing disks... done
OpenBSD 6.3 (GENERIC.MP) #107: Sat Mar 24 14:21:59 MDT 2018
    xxx@xxx.xxx:/usr/src/sys/arch/amd64/compile/GENERIC.MP
real mem = 12117487616 (11556MB)
avail mem = 11743170560 (11199MB)
mpath0 at root
scsibus0 at mpath0: 256 targets
mainbus0 at root
bios0 at mainbus0: SMBIOS rev. 2.8 @ 0xe0880 (86 entries)
bios0: vendor LENOVO version &quot;0ZCN30WW&quot; date 12/08/2016
bios0: LENOVO 80SY
acpi0 at bios0: rev 2
acpi0: sleep states S0 S3 S4 S5
acpi0: tables DSDT FACP UEFI SSDT SSDT HPET LPIT APIC MCFG SSDT SSDT SSDT SSDT SSDT SSDT DBGP DBG2 SSDT BOOT BATB SSDT MSDM SLIC ASF! FPDT BGRT UEFI
acpi0: wakeup devices PEGP(S4) PEG0(S4) PEGP(S4) PEG1(S4) PEGP(S4) PEG2(S4) GLAN(S3) XHC_(S3) XDCI(S3) HDAS(S3) PXSX(S3) RP01(S3) PXSX(S3) RP02(S3) PXSX(S3) RP03(S3) [...]
acpitimer0 at acpi0: 3579545 Hz, 24 bits
acpihpet0 at acpi0: 23999999 Hz
acpimadt0 at acpi0 addr 0xfee00000: PC-AT compat
cpu0 at mainbus0: apid 0 (boot processor)
cpu0: Intel(R) Core(TM) i3-6100U CPU @ 2.30GHz, 2195.52 MHz
cpu0: FPU,VME,DE,PSE,TSC,MSR,PAE,MCE,CX8,APIC,SEP,MTRR,PGE,MCA,CMOV,PAT,PSE36,CFLUSH,DS,ACPI,MMX,FXSR,SSE,SSE2,SS,HTT,TM,PBE,SSE3,PCLMUL,DTES64,MWAIT,DS-CPL,VMX,EST,TM2,SSSE3,SDBG,FMA3,CX16,xTPR,PDCM,PCID,SSE4.1,SSE4.2,x2APIC,MOVBE,POPCNT,DEADLINE,AES,XSAVE,AVX,F16C,RDRAND,NXE,PAGE1GB,RDTSCP,LONG,LAHF,ABM,3DNOWP,PERF,ITSC,FSGSBASE,SGX,BMI1,HLE,AVX2,SMEP,BMI2,ERMS,INVPCID,RTM,MPX,RDSEED,ADX,SMAP,CLFLUSHOPT,PT,IBRS,IBPB,STIBP,SENSOR,ARAT,MELTDOWN
cpu0: 256KB 64b/line 8-way L2 cache
cpu0: smt 0, core 0, package 0
mtrr: Pentium Pro MTRR support, 10 var ranges, 88 fixed ranges
cpu0: apic clock running at 23MHz
cpu0: mwait min=64, max=64, C-substates=0.2.1.2.4.1.1.1, IBE
cpu1 at mainbus0: apid 2 (application processor)
cpu1: Intel(R) Core(TM) i3-6100U CPU @ 2.30GHz, 2194.88 MHz
cpu1: FPU,VME,DE,PSE,TSC,MSR,PAE,MCE,CX8,APIC,SEP,MTRR,PGE,MCA,CMOV,PAT,PSE36,CFLUSH,DS,ACPI,MMX,FXSR,SSE,SSE2,SS,HTT,TM,PBE,SSE3,PCLMUL,DTES64,MWAIT,DS-CPL,VMX,EST,TM2,SSSE3,SDBG,FMA3,CX16,xTPR,PDCM,PCID,SSE4.1,SSE4.2,x2APIC,MOVBE,POPCNT,DEADLINE,AES,XSAVE,AVX,F16C,RDRAND,NXE,PAGE1GB,RDTSCP,LONG,LAHF,ABM,3DNOWP,PERF,ITSC,FSGSBASE,SGX,BMI1,HLE,AVX2,SMEP,BMI2,ERMS,INVPCID,RTM,MPX,RDSEED,ADX,SMAP,CLFLUSHOPT,PT,IBRS,IBPB,STIBP,SENSOR,ARAT,MELTDOWN
cpu1: 256KB 64b/line 8-way L2 cache
cpu1: smt 0, core 1, package 0
cpu2 at mainbus0: apid 1 (application processor)
cpu2: Intel(R) Core(TM) i3-6100U CPU @ 2.30GHz, 2194.88 MHz
cpu2: FPU,VME,DE,PSE,TSC,MSR,PAE,MCE,CX8,APIC,SEP,MTRR,PGE,MCA,CMOV,PAT,PSE36,CFLUSH,DS,ACPI,MMX,FXSR,SSE,SSE2,SS,HTT,TM,PBE,SSE3,PCLMUL,DTES64,MWAIT,DS-CPL,VMX,EST,TM2,SSSE3,SDBG,FMA3,CX16,xTPR,PDCM,PCID,SSE4.1,SSE4.2,x2APIC,MOVBE,POPCNT,DEADLINE,AES,XSAVE,AVX,F16C,RDRAND,NXE,PAGE1GB,RDTSCP,LONG,LAHF,ABM,3DNOWP,PERF,ITSC,FSGSBASE,SGX,BMI1,HLE,AVX2,SMEP,BMI2,ERMS,INVPCID,RTM,MPX,RDSEED,ADX,SMAP,CLFLUSHOPT,PT,IBRS,IBPB,STIBP,SENSOR,ARAT,MELTDOWN
cpu2: 256KB 64b/line 8-way L2 cache
cpu2: smt 1, core 0, package 0
cpu3 at mainbus0: apid 3 (application processor)
cpu3: Intel(R) Core(TM) i3-6100U CPU @ 2.30GHz, 2194.88 MHz
cpu3: FPU,VME,DE,PSE,TSC,MSR,PAE,MCE,CX8,APIC,SEP,MTRR,PGE,MCA,CMOV,PAT,PSE36,CFLUSH,DS,ACPI,MMX,FXSR,SSE,SSE2,SS,HTT,TM,PBE,SSE3,PCLMUL,DTES64,MWAIT,DS-CPL,VMX,EST,TM2,SSSE3,SDBG,FMA3,CX16,xTPR,PDCM,PCID,SSE4.1,SSE4.2,x2APIC,MOVBE,POPCNT,DEADLINE,AES,XSAVE,AVX,F16C,RDRAND,NXE,PAGE1GB,RDTSCP,LONG,LAHF,ABM,3DNOWP,PERF,ITSC,FSGSBASE,SGX,BMI1,HLE,AVX2,SMEP,BMI2,ERMS,INVPCID,RTM,MPX,RDSEED,ADX,SMAP,CLFLUSHOPT,PT,IBRS,IBPB,STIBP,SENSOR,ARAT,MELTDOWN
cpu3: 256KB 64b/line 8-way L2 cache
cpu3: smt 1, core 1, package 0
ioapic0 at mainbus0: apid 2 pa 0xfec00000, version 20, 120 pins
acpimcfg0 at acpi0 addr 0xe0000000, bus 0-255
acpiprt0 at acpi0: bus 0 (PCI0)
acpiprt1 at acpi0: bus -1 (PEG0)
acpiprt2 at acpi0: bus -1 (PEG1)
acpiprt3 at acpi0: bus -1 (PEG2)
acpiprt4 at acpi0: bus 1 (RP01)
acpiprt5 at acpi0: bus -1 (RP02)
acpiprt6 at acpi0: bus -1 (RP03)
acpiprt7 at acpi0: bus -1 (RP04)
acpiprt8 at acpi0: bus 2 (RP05)
acpiprt9 at acpi0: bus 3 (RP06)
acpiprt10 at acpi0: bus -1 (RP07)
acpiprt11 at acpi0: bus -1 (RP08)
acpiprt12 at acpi0: bus -1 (RP09)
acpiprt13 at acpi0: bus -1 (RP10)
acpiprt14 at acpi0: bus -1 (RP11)
acpiprt15 at acpi0: bus -1 (RP12)
acpiprt16 at acpi0: bus -1 (RP13)
acpiprt17 at acpi0: bus -1 (RP14)
acpiprt18 at acpi0: bus -1 (RP15)
acpiprt19 at acpi0: bus -1 (RP16)
acpiprt20 at acpi0: bus -1 (RP17)
acpiprt21 at acpi0: bus -1 (RP18)
acpiprt22 at acpi0: bus -1 (RP19)
acpiprt23 at acpi0: bus -1 (RP20)
acpiec0 at acpi0
acpicpu0 at acpi0: C3(200@1034 mwait.1@0x60), C2(200@151 mwait.1@0x33), C1(1000@1 mwait.1), PSS
acpicpu1 at acpi0: C3(200@1034 mwait.1@0x60), C2(200@151 mwait.1@0x33), C1(1000@1 mwait.1), PSS
acpicpu2 at acpi0: C3(200@1034 mwait.1@0x60), C2(200@151 mwait.1@0x33), C1(1000@1 mwait.1), PSS
acpicpu3 at acpi0: C3(200@1034 mwait.1@0x60), C2(200@151 mwait.1@0x33), C1(1000@1 mwait.1), PSS
acpipwrres0 at acpi0: PG00, resource for PEG0
acpipwrres1 at acpi0: PG01, resource for PEG1
acpipwrres2 at acpi0: PG02, resource for PEG2
acpipwrres3 at acpi0: WRST
acpipwrres4 at acpi0: WRST
acpipwrres5 at acpi0: WRST
acpipwrres6 at acpi0: WRST
acpipwrres7 at acpi0: WRST
acpipwrres8 at acpi0: WRST
acpipwrres9 at acpi0: WRST
acpipwrres10 at acpi0: WRST
acpipwrres11 at acpi0: WRST
acpipwrres12 at acpi0: WRST
acpipwrres13 at acpi0: WRST
acpipwrres14 at acpi0: WRST
acpipwrres15 at acpi0: WRST
acpipwrres16 at acpi0: WRST
acpipwrres17 at acpi0: WRST
acpipwrres18 at acpi0: WRST
acpipwrres19 at acpi0: WRST
acpipwrres20 at acpi0: WRST
acpipwrres21 at acpi0: WRST
acpipwrres22 at acpi0: WRST
&quot;INT3F0D&quot; at acpi0 not configured
&quot;MSFT0001&quot; at acpi0 not configured
&quot;ETD0656&quot; at acpi0 not configured
&quot;VPC2004&quot; at acpi0 not configured
acpibtn0 at acpi0: SLPB
&quot;PNP0C14&quot; at acpi0 not configured
&quot;INT33A1&quot; at acpi0 not configured
acpibtn1 at acpi0: LID0
acpibtn2 at acpi0: PWRB
acpiac0 at acpi0: AC unit online
acpibat0 at acpi0: BAT1 model &quot;L15L4A02&quot; serial   type LION oem &quot;LGC&quot;
&quot;PNP0C14&quot; at acpi0 not configured
&quot;INT3394&quot; at acpi0 not configured
&quot;INT340E&quot; at acpi0 not configured
acpivideo0 at acpi0: GFX0
acpivout0 at acpivideo0: DD1F
cpu0: Enhanced SpeedStep 2195 MHz: speeds: 2301, 2300, 2200, 2000, 1900, 1800, 1600, 1500, 1300, 1200, 1100, 900, 800, 700, 500, 400 MHz
pci0 at mainbus0 bus 0
0:31:4: io address conflict 0xefa0/0x20
pchb0 at pci0 dev 0 function 0 &quot;Intel Core 6G Host&quot; rev 0x08
inteldrm0 at pci0 dev 2 function 0 &quot;Intel HD Graphics 520&quot; rev 0x07
drm0 at inteldrm0
inteldrm0: msi
error: [drm:pid0:i915_firmware_load_error_print] *ERROR* failed to load firmware i915/skl_dmc_ver1.bin (-22)
error: [drm:pid0:i915_gem_init_hw] *ERROR* Failed to initialize GuC, error -8 (ignored)
inteldrm0: 1360x768, 32bpp
WARNING !wm_changed failed at /usr/src/sys/dev/pci/drm/i915/intel_pm.c:3609
### AML PARSE ERROR (0x2c24): Undefined name: \\_SB_.CUNM
error evaluating: \\_SB_.PCI0.GFX0.DD1F._BQC
wsdisplay0 at inteldrm0 mux 1: console (std, vt100 emulation)
wsdisplay0: screen 1-5 added (std, vt100 emulation)
xhci0 at pci0 dev 20 function 0 &quot;Intel 100 Series xHCI&quot; rev 0x21: msi
usb0 at xhci0: USB revision 3.0
uhub0 at usb0 configuration 1 interface 0 &quot;Intel xHCI root hub&quot; rev 3.00/1.00 addr 1
pchtemp0 at pci0 dev 20 function 2 &quot;Intel 100 Series Thermal&quot; rev 0x21
&quot;Intel 100 Series MEI&quot; rev 0x21 at pci0 dev 22 function 0 not configured
ahci0 at pci0 dev 23 function 0 &quot;Intel 100 Series AHCI&quot; rev 0x21: msi, AHCI 1.3.1
ahci0: port 0: 1.5Gb/s
ahci0: port 1: 6.0Gb/s
ahci0: PHY offline on port 2
scsibus1 at ahci0: 32 targets
cd0 at scsibus1 targ 0 lun 0: &lt;HL-DT-ST, DVDRAM GUE0N, T.02&gt; ATAPI 5/cdrom removable
sd0 at scsibus1 targ 1 lun 0: &lt;ATA, WDC WD5000LPCX-2, 02.0&gt; SCSI3 0/direct fixed naa.50014ee65c6a4e1d
sd0: 476940MB, 512 bytes/sector, 976773168 sectors
ppb0 at pci0 dev 28 function 0 &quot;Intel 100 Series PCIE&quot; rev 0xf1: msi
pci1 at ppb0 bus 1
ppb1 at pci0 dev 28 function 4 &quot;Intel 100 Series PCIE&quot; rev 0xf1: msi
pci2 at ppb1 bus 2
re0 at pci2 dev 0 function 0 &quot;Realtek 8168&quot; rev 0x15: RTL8168H/8111H (0x5400), msi, address xx:xx:xx:xx:xx:xx
rgephy0 at re0 phy 7: RTL8251 PHY, rev. 0
ppb2 at pci0 dev 28 function 5 &quot;Intel 100 Series PCIE&quot; rev 0xf1: msi
pci3 at ppb2 bus 3
vendor &quot;Atheros&quot;, unknown product 0x0042 (class network subclass miscellaneous, rev 0x30) at pci3 dev 0 function 0 not configured
pcib0 at pci0 dev 31 function 0 &quot;Intel 100 Series LPC&quot; rev 0x21
&quot;Intel 100 Series PMC&quot; rev 0x21 at pci0 dev 31 function 2 not configured
azalia0 at pci0 dev 31 function 3 &quot;Intel 100 Series HD Audio&quot; rev 0x21: msi
azalia0: codecs: Realtek/0x0236, Intel/0x2809, using Realtek/0x0236
audio0 at azalia0
ichiic0 at pci0 dev 31 function 4 &quot;Intel 100 Series SMBus&quot; rev 0x21: apic 2 int 16
iic0 at ichiic0
isa0 at pcib0
isadma0 at isa0
pckbc0 at isa0 port 0x60/5 irq 1 irq 12
pckbd0 at pckbc0 (kbd slot)
wskbd0 at pckbd0: console keyboard, using wsdisplay0
pms0 at pckbc0 (aux slot)
wsmouse0 at pms0 mux 0
pcppi0 at isa0 port 0x61
spkr0 at pcppi0
wbsio0 at isa0 port 0x2e/2: W83627EHF rev 0x86
vmm0 at mainbus0: VMX/EPT
ugen0 at uhub0 port 6 &quot;Validity Sensors VFS5011 Fingerprint Reader&quot; rev 1.10/0.78 addr 2
ugen1 at uhub0 port 7 &quot;Generic USB2.0-CRW&quot; rev 2.00/39.60 addr 3
ugen2 at uhub0 port 8 &quot;Atheros Communications product 0xe360&quot; rev 2.01/0.01 addr 4
uvideo0 at uhub0 port 9 configuration 1 interface 0 &quot;Chicony Electronics Co.,Ltd. EasyCamera&quot; rev 2.00/87.35 addr 5
video0 at uvideo0
vscsi0 at root
scsibus2 at vscsi0: 256 targets
softraid0 at root
scsibus3 at softraid0: 256 targets
root on sd0a (01279fac8b78ca12.a) swap on sd0b dump on sd0b
</pre>



</div><!-- content -->
<br />
<div id="footer">
All comments/news/posts are the property of their individual owner and
is presented without warranty of suitability, and solely as an
informational resource. <br />
This site Copyright &copy; 2004-2020 NYC*BUG.
</div><!-- footer -->

</body>
</html>

