



<!doctype html>
<html lang="en">
<head>
<meta name="keywords"
	content="bsd, freebsd, openbsd, netbsd, dragonflybsd, nycbug, dmesgd" />
<meta name="description" content="New York City BSD User Group dmesgd" />
<meta charset="utf-8" />
<meta name="viewport" content="width=device-width, initial-scale=1" />
<title>NYC*BUG dmesgd</title>
<style>
body {
	text-align: left;
	margin: 15px auto;
	padding: 0px 10px;
}
@media (min-width: 800px) {
	body {
		max-width: 85%;
	}
}
#header {
	border-bottom: 1px solid #dbdbdb;
	font-size: 230%;
	text-align: left;
}
#footer {
	border-top: 1px solid #dbdbdb;
	clear: both;
	text-align: left;
}
.logo_bug {
	color: #cc0033;
}
#menu ul {
	list-style-type: none;
	margin: 0;
	padding: 0;
}
#menu li {
	float: left;
}
#menu li a {
	display: block;
	background-color: #dbdbdb;
	color: #000000;
	font-size: 105%;
	font-weight: bold;
	padding: 0px 6px 0px 6px;
	text-decoration: none;
}
#content {
	clear: both;
	text-align: left;
	padding-top: 10px;
}
#content h1 {
	font-size: 120%;
	font-weight: bold;
}
#content h2 {
	font-size: 110%;
	font-weight: bold;
}
#content a {
	text-decoration: none;
}
#content pre {
	background-color: #dbdbdb;
	padding: 5px 5px 5px 5px;
	white-space: pre-wrap;		/* css-3 */
	white-space: -moz-pre-wrap;	/* Mozilla, since 1999 */
	white-space: -pre-wrap;		/* Opera 4-6 */
	white-space: -o-pre-wrap;	/* Opera 7 */
	word-wrap: break-word;		/* Internet Explorer 5.5+ */
}
#content table {
	border-collapse: collapse;
}
#content table th {
	border: 1px solid #dbdbdb;
	font-size: 85%;
	white-space: nowrap;
}
#content table td {
	border: 1px solid #dbdbdb;
	font-size: 80%;
}
#content input {
	font-size: 1em;
}
#content .full	{ width: 100%; }
#content .left	{ text-align: left; }
#content .right	{ text-align: right; }
#content .center { text-align: center; }
#content .flexbox {
	display: -ms-flex;
	display: -webkit-flex;
	display: flex;
	width: 100%;
}
#content .left_col {
	min-width: 75px;
	max-width: 50%;
	flex-grow: 0;
}
#content .right_col {
	flex-grow: 1;
	margin-left: 10px;
	padding-top: 10px;
	padding-left: 10px;
}
#col {
	-moz-column-count: 3;
	-webkit-column-count: 3;
	column-count: 3;
}
</style>
</head>
<body>

<div id="header">
<strong><em>NYC*</em><span class="logo_bug">BUG</span> dmesgd</strong>
</div><!-- header -->

<div id="menu">
<ul>
<li><a href="https://dmesgd.nycbug.org/index.cgi?do=index">Home</a></li>
<li><a href="https://dmesgd.nycbug.org/index.cgi?do=submit">Submit</a></li>
<li><a href="https://www.nycbug.org/">NYC*BUG</a></li>
</ul>
</div><!-- menu -->

<div id="content">

<p>
Launched in 2004, dmesgd aims to provide a
<strong>user-submitted</strong> repository of searchable *BSD dmesgs.
The dmesg(8) command displays the system message buffer's content, and
during boot a copy is saved to <em>/var/run/dmesg.boot</em>.  This buffer
contains the operating system release, name and version, a list of
devices identified, plus a whole host of other useful information.  We
hope others find this resource useful and further contribute to its
growth. Contact us at [ admin at lists dot nycbug dot org ].
</p>

<hr />


<strong>Date:</strong> <em>2018-08-04 19:36:45</em><br />
<strong>From:</strong> <em>sy</em><br />
<strong>Description:</strong> <em>OpenBSD 6.3 FDE UEFI</em><br />

<pre>
OpenBSD 6.3 (GENERIC.MP) #107: Sat Mar 24 14:21:59 MDT 2018
    xxx@xxx.xxx:/usr/src/sys/arch/amd64/compile/GENERIC.MP
real mem = 8527613952 (8132MB)
avail mem = 8262094848 (7879MB)
mpath0 at root
scsibus0 at mpath0: 256 targets
mainbus0 at root
bios0 at mainbus0: SMBIOS rev. 2.7 @ 0xdf6df018 (76 entries)
bios0: vendor LENOVO version &quot;ESKT23A&quot; date 02/18/2013
bios0: LENOVO 10094
acpi0 at bios0: rev 2
acpi0: sleep states S0 S3 S4 S5
acpi0: tables DSDT FACP APIC FPDT MCFG MSDM HPET SSDT SSDT SSDT DMAR BGRT
acpi0: wakeup devices P0P1(S4) USB1(S3) USB2(S3) USB3(S3) USB4(S3) USB5(S3) USB6(S3) USB7(S3) PXSX(S4) RP01(S4) PXSX(S4) RP02(S4) PXSX(S4) RP03(S4) PXSX(S4) RP04(S4) [...]
acpitimer0 at acpi0: 3579545 Hz, 24 bits
acpimadt0 at acpi0 addr 0xfee00000: PC-AT compat
cpu0 at mainbus0: apid 0 (boot processor)
cpu0: Intel(R) Core(TM) i5-3330 CPU @ 3.00GHz, 2993.67 MHz
cpu0: FPU,VME,DE,PSE,TSC,MSR,PAE,MCE,CX8,APIC,SEP,MTRR,PGE,MCA,CMOV,PAT,PSE36,CFLUSH,DS,ACPI,MMX,FXSR,SSE,SSE2,SS,HTT,TM,PBE,SSE3,PCLMUL,DTES64,MWAIT,DS-CPL,VMX,EST,TM2,SSSE3,CX16,xTPR,PDCM,PCID,SSE4.1,SSE4.2,x2APIC,POPCNT,DEADLINE,AES,XSAVE,AVX,F16C,RDRAND,NXE,RDTSCP,LONG,LAHF,PERF,ITSC,FSGSBASE,SMEP,ERMS,SENSOR,ARAT,MELTDOWN
cpu0: 256KB 64b/line 8-way L2 cache
acpitimer0: recalibrated TSC frequency 2993207166 Hz
cpu0: smt 0, core 0, package 0
mtrr: Pentium Pro MTRR support, 10 var ranges, 88 fixed ranges
cpu0: apic clock running at 99MHz
cpu0: mwait min=64, max=64, C-substates=0.2.1.1, IBE
cpu1 at mainbus0: apid 2 (application processor)
cpu1: Intel(R) Core(TM) i5-3330 CPU @ 3.00GHz, 2993.20 MHz
cpu1: FPU,VME,DE,PSE,TSC,MSR,PAE,MCE,CX8,APIC,SEP,MTRR,PGE,MCA,CMOV,PAT,PSE36,CFLUSH,DS,ACPI,MMX,FXSR,SSE,SSE2,SS,HTT,TM,PBE,SSE3,PCLMUL,DTES64,MWAIT,DS-CPL,VMX,EST,TM2,SSSE3,CX16,xTPR,PDCM,PCID,SSE4.1,SSE4.2,x2APIC,POPCNT,DEADLINE,AES,XSAVE,AVX,F16C,RDRAND,NXE,RDTSCP,LONG,LAHF,PERF,ITSC,FSGSBASE,SMEP,ERMS,SENSOR,ARAT,MELTDOWN
cpu1: 256KB 64b/line 8-way L2 cache
cpu1: smt 0, core 1, package 0
cpu2 at mainbus0: apid 4 (application processor)
cpu2: Intel(R) Core(TM) i5-3330 CPU @ 3.00GHz, 2993.20 MHz
cpu2: FPU,VME,DE,PSE,TSC,MSR,PAE,MCE,CX8,APIC,SEP,MTRR,PGE,MCA,CMOV,PAT,PSE36,CFLUSH,DS,ACPI,MMX,FXSR,SSE,SSE2,SS,HTT,TM,PBE,SSE3,PCLMUL,DTES64,MWAIT,DS-CPL,VMX,EST,TM2,SSSE3,CX16,xTPR,PDCM,PCID,SSE4.1,SSE4.2,x2APIC,POPCNT,DEADLINE,AES,XSAVE,AVX,F16C,RDRAND,NXE,RDTSCP,LONG,LAHF,PERF,ITSC,FSGSBASE,SMEP,ERMS,SENSOR,ARAT,MELTDOWN
cpu2: 256KB 64b/line 8-way L2 cache
cpu2: smt 0, core 2, package 0
cpu3 at mainbus0: apid 6 (application processor)
cpu3: Intel(R) Core(TM) i5-3330 CPU @ 3.00GHz, 2993.20 MHz
cpu3: FPU,VME,DE,PSE,TSC,MSR,PAE,MCE,CX8,APIC,SEP,MTRR,PGE,MCA,CMOV,PAT,PSE36,CFLUSH,DS,ACPI,MMX,FXSR,SSE,SSE2,SS,HTT,TM,PBE,SSE3,PCLMUL,DTES64,MWAIT,DS-CPL,VMX,EST,TM2,SSSE3,CX16,xTPR,PDCM,PCID,SSE4.1,SSE4.2,x2APIC,POPCNT,DEADLINE,AES,XSAVE,AVX,F16C,RDRAND,NXE,RDTSCP,LONG,LAHF,PERF,ITSC,FSGSBASE,SMEP,ERMS,SENSOR,ARAT,MELTDOWN
cpu3: 256KB 64b/line 8-way L2 cache
cpu3: smt 0, core 3, package 0
ioapic0 at mainbus0: apid 2 pa 0xfec00000, version 20, 24 pins
acpimcfg0 at acpi0 addr 0xf8000000, bus 0-63
acpihpet0 at acpi0: 14318179 Hz
acpihpet0: recalibrated TSC frequency 2993187068 Hz
acpiprt0 at acpi0: bus 0 (PCI0)
acpiprt1 at acpi0: bus -1 (P0P1)
acpiprt2 at acpi0: bus 2 (RP01)
acpiprt3 at acpi0: bus 3 (RP02)
acpiprt4 at acpi0: bus 4 (RP03)
acpiprt5 at acpi0: bus -1 (RP04)
acpiprt6 at acpi0: bus 5 (RP05)
acpiprt7 at acpi0: bus -1 (RP06)
acpiprt8 at acpi0: bus -1 (RP07)
acpiprt9 at acpi0: bus -1 (RP08)
acpiprt10 at acpi0: bus 1 (PEG0)
acpiprt11 at acpi0: bus -1 (PEG1)
acpiprt12 at acpi0: bus -1 (PEG2)
acpiprt13 at acpi0: bus -1 (PEG3)
acpiec0 at acpi0: not present
acpicpu0 at acpi0: C3(350@80 mwait.1@0x20), C2(500@59 mwait.1@0x10), C1(1000@1 mwait.1), PSS
acpicpu1 at acpi0: C3(350@80 mwait.1@0x20), C2(500@59 mwait.1@0x10), C1(1000@1 mwait.1), PSS
acpicpu2 at acpi0: C3(350@80 mwait.1@0x20), C2(500@59 mwait.1@0x10), C1(1000@1 mwait.1), PSS
acpicpu3 at acpi0: C3(350@80 mwait.1@0x20), C2(500@59 mwait.1@0x10), C1(1000@1 mwait.1), PSS
acpipwrres0 at acpi0: FN00, resource for FAN0
acpipwrres1 at acpi0: FN01, resource for FAN1
acpipwrres2 at acpi0: FN02, resource for FAN2
acpipwrres3 at acpi0: FN03, resource for FAN3
acpipwrres4 at acpi0: FN04, resource for FAN4
acpitz0 at acpi0: critical temperature is 106 degC
acpitz1 at acpi0: critical temperature is 106 degC
&quot;INT3F0D&quot; at acpi0 not configured
acpibtn0 at acpi0: PWRB
&quot;PNP0C0B&quot; at acpi0 not configured
&quot;PNP0C0B&quot; at acpi0 not configured
&quot;PNP0C0B&quot; at acpi0 not configured
&quot;PNP0C0B&quot; at acpi0 not configured
&quot;PNP0C0B&quot; at acpi0 not configured
acpivideo0 at acpi0: GFX0
acpivout0 at acpivideo0: DD01
acpivout at acpivideo0 not configured
acpivout at acpivideo0 not configured
acpivout at acpivideo0 not configured
acpivout at acpivideo0 not configured
acpivout at acpivideo0 not configured
acpivout at acpivideo0 not configured
acpivout at acpivideo0 not configured
cpu0: Enhanced SpeedStep 2993 MHz: speeds: 3001, 3000, 2900, 2800, 2700, 2600, 2500, 2400, 2300, 2200, 2100, 2000, 1900, 1800, 1700, 1600 MHz
pci0 at mainbus0 bus 0
pchb0 at pci0 dev 0 function 0 &quot;Intel Core 3G Host&quot; rev 0x09
ppb0 at pci0 dev 1 function 0 &quot;Intel Core 3G PCIE&quot; rev 0x09: msi
pci1 at ppb0 bus 1
vendor &quot;NVIDIA&quot;, unknown product 0x1287 (class display subclass VGA, rev 0xa1) at pci1 dev 0 function 0 not configured
azalia0 at pci1 dev 0 function 1 vendor &quot;NVIDIA&quot;, unknown product 0x0e0f rev 0xa1: msi
azalia0: no supported codecs
&quot;Intel 6 Series MEI&quot; rev 0x04 at pci0 dev 22 function 0 not configured
ehci0 at pci0 dev 26 function 0 &quot;Intel 6 Series USB&quot; rev 0x05: apic 2 int 16
usb0 at ehci0: USB revision 2.0
uhub0 at usb0 configuration 1 interface 0 &quot;Intel EHCI root hub&quot; rev 2.00/1.00 addr 1
azalia1 at pci0 dev 27 function 0 &quot;Intel 6 Series HD Audio&quot; rev 0x05: msi
azalia1: codecs: Realtek ALC662
audio0 at azalia1
ppb1 at pci0 dev 28 function 0 &quot;Intel 6 Series PCIE&quot; rev 0xb5: msi
pci2 at ppb1 bus 2
ppb2 at pci0 dev 28 function 1 &quot;Intel 6 Series PCIE&quot; rev 0xb5: msi
pci3 at ppb2 bus 3
xhci0 at pci3 dev 0 function 0 &quot;Renesas uPD720202 xHCI&quot; rev 0x02: msi
usb1 at xhci0: USB revision 3.0
uhub1 at usb1 configuration 1 interface 0 &quot;Renesas xHCI root hub&quot; rev 3.00/1.00 addr 1
ppb3 at pci0 dev 28 function 2 &quot;Intel 6 Series PCIE&quot; rev 0xb5: msi
pci4 at ppb3 bus 4
&quot;Realtek 8188EE&quot; rev 0x01 at pci4 dev 0 function 0 not configured
ppb4 at pci0 dev 28 function 4 &quot;Intel 6 Series PCIE&quot; rev 0xb5: msi
pci5 at ppb4 bus 5
re0 at pci5 dev 0 function 0 &quot;Realtek 8168&quot; rev 0x09: RTL8168F/8111F (0x4800), msi, address xx:xx:xx:xx:xx:xx
rgephy0 at re0 phy 7: RTL8169S/8110S/8211 PHY, rev. 5
ehci1 at pci0 dev 29 function 0 &quot;Intel 6 Series USB&quot; rev 0x05: apic 2 int 16
usb2 at ehci1: USB revision 2.0
uhub2 at usb2 configuration 1 interface 0 &quot;Intel EHCI root hub&quot; rev 2.00/1.00 addr 1
pcib0 at pci0 dev 31 function 0 &quot;Intel H61 LPC&quot; rev 0x05
ahci0 at pci0 dev 31 function 2 &quot;Intel 6 Series AHCI&quot; rev 0x05: msi, AHCI 1.3
ahci0: port 0: 3.0Gb/s
ahci0: port 1: 1.5Gb/s
ahci0: port 4: 3.0Gb/s
scsibus1 at ahci0: 32 targets
sd0 at scsibus1 targ 0 lun 0: &lt;ATA, KINGSTON SA400S3, SBFK&gt; SCSI3 0/direct fixed naa.50026b768224f8e5
sd0: 114473MB, 512 bytes/sector, 234441648 sectors, thin
cd0 at scsibus1 targ 1 lun 0: &lt;TSSTcorp, DVD-RW SH-216BB, LW02&gt; ATAPI 5/cdrom removable
sd1 at scsibus1 targ 4 lun 0: &lt;ATA, ST2000DM001-1CH1, CC76&gt; SCSI3 0/direct fixed naa.5000c500606de4a7
sd1: 1907729MB, 512 bytes/sector, 3907029168 sectors
ichiic0 at pci0 dev 31 function 3 &quot;Intel 6 Series SMBus&quot; rev 0x05: apic 2 int 18
iic0 at ichiic0
spdmem0 at iic0 addr 0x50: 4GB DDR3 SDRAM PC3-12800
spdmem1 at iic0 addr 0x52: 4GB DDR3 SDRAM PC3-12800
isa0 at pcib0
isadma0 at isa0
pckbc0 at isa0 port 0x60/5 irq 1 irq 12
pckbd0 at pckbc0 (kbd slot)
wskbd0 at pckbd0: console keyboard
pcppi0 at isa0 port 0x61
spkr0 at pcppi0
it0 at isa0 port 0x2e/2: IT8728F rev 1, EC port 0xa30
vmm0 at mainbus0: VMX/EPT
efifb0 at mainbus0: 1920x1080, 32bpp
wsdisplay0 at efifb0 mux 1: console (std, vt100 emulation), using wskbd0
wsdisplay0: screen 1-5 added (std, vt100 emulation)
uhub3 at uhub0 port 1 configuration 1 interface 0 &quot;Intel Rate Matching Hub&quot; rev 2.00/0.00 addr 2
run0 at uhub3 port 2 configuration 1 interface 0 &quot;Ralink 802.11 n WLAN&quot; rev 2.00/1.01 addr 3
run0: MAC/BBP RT5592 (rev 0x0222), RF RT5592 (MIMO 2T2R), address xx:xx:xx:xx:xx:xx
uhidev0 at uhub3 port 3 configuration 1 interface 0 &quot;Holtek USB Gaming Mouse&quot; rev 2.00/3.00 addr 4
uhidev0: iclass 3/1
ums0 at uhidev0: 16 buttons, Z and W dir
wsmouse0 at ums0 mux 0
uhidev1 at uhub3 port 3 configuration 1 interface 1 &quot;Holtek USB Gaming Mouse&quot; rev 2.00/3.00 addr 4
uhidev1: iclass 3/1
ukbd0 at uhidev1: 8 variable keys, 6 key codes
wskbd1 at ukbd0 mux 1
wskbd1: connecting to wsdisplay0
uhidev2 at uhub3 port 3 configuration 1 interface 2 &quot;Holtek USB Gaming Mouse&quot; rev 2.00/3.00 addr 4
uhidev2: iclass 3/0, 8 report ids
uhid0 at uhidev2 reportid 1: input=7, output=0, feature=0
uhid1 at uhidev2 reportid 2: input=0, output=0, feature=15
uhid2 at uhidev2 reportid 3: input=0, output=0, feature=63
uhid3 at uhidev2 reportid 4: input=0, output=0, feature=255
uhid4 at uhidev2 reportid 5: input=0, output=0, feature=255
uhid5 at uhidev2 reportid 6: input=0, output=0, feature=255
uhid6 at uhidev2 reportid 7: input=7, output=0, feature=0
uhid7 at uhidev2 reportid 8: input=7, output=0, feature=0
uhidev3 at uhub3 port 4 configuration 1 interface 0 &quot;Holtek product 0x1829&quot; rev 1.10/0.01 addr 5
uhidev3: iclass 3/1
ukbd1 at uhidev3: 8 variable keys, 6 key codes
wskbd2 at ukbd1 mux 1
wskbd2: connecting to wsdisplay0
uhidev4 at uhub3 port 4 configuration 1 interface 1 &quot;Holtek product 0x1829&quot; rev 1.10/0.01 addr 5
uhidev4: iclass 3/1, 3 report ids
uhid8 at uhidev4 reportid 1: input=2, output=0, feature=0
uhid9 at uhidev4 reportid 2: input=1, output=0, feature=0
ukbd2 at uhidev4 reportid 3: 0 variable keys, 6 key codes
wskbd3 at ukbd2 mux 1
wskbd3: connecting to wsdisplay0
uhub4 at uhub2 port 1 configuration 1 interface 0 &quot;Intel Rate Matching Hub&quot; rev 2.00/0.00 addr 2
umass0 at uhub4 port 4 configuration 1 interface 0 &quot;Generic USB Storage&quot; rev 2.00/98.43 addr 3
umass0: using SCSI over Bulk-Only
scsibus2 at umass0: 2 targets, initiator 0
sd2 at scsibus2 targ 1 lun 0: &lt;Generic, STORAGE DEVICE, 9843&gt; SCSI3 0/direct removable serial.05e30722000000009843
vscsi0 at root
scsibus3 at vscsi0: 256 targets
softraid0 at root
scsibus4 at softraid0: 256 targets
sd3 at scsibus4 targ 1 lun 0: &lt;OPENBSD, SR CRYPTO, 006&gt; SCSI2 0/direct fixed
sd3: 114472MB, 512 bytes/sector, 234440033 sectors
softraid0: volume sd3 is roaming, it used to be sd4, updating metadata
root on sd3a (cf98c94e5c60fac3.a) swap on sd3b dump on sd3b
uhub4: port 2, set config 0 at addr 4 failed
uhub4: device problem, disabling port 2
uhidev5 at uhub4 port 1 configuration 1 interface 0 &quot;Yubico Yubikey 4 OTP+U2F+CCID&quot; rev 2.00/4.37 addr 4
uhidev5: iclass 3/1
ukbd3 at uhidev5: 8 variable keys, 6 key codes
wskbd4 at ukbd3 mux 1
wskbd4: connecting to wsdisplay0
uhidev6 at uhub4 port 1 configuration 1 interface 1 &quot;Yubico Yubikey 4 OTP+U2F+CCID&quot; rev 2.00/4.37 addr 4
uhidev6: iclass 3/0

</pre>



</div><!-- content -->
<br />
<div id="footer">
All comments/news/posts are the property of their individual owner and
is presented without warranty of suitability, and solely as an
informational resource. <br />
This site Copyright &copy; 2004-2020 NYC*BUG.
</div><!-- footer -->

</body>
</html>

