



<!doctype html>
<html lang="en">
<head>
<meta name="keywords"
	content="bsd, freebsd, openbsd, netbsd, dragonflybsd, nycbug, dmesgd" />
<meta name="description" content="New York City BSD User Group dmesgd" />
<meta charset="utf-8" />
<meta name="viewport" content="width=device-width, initial-scale=1" />
<title>NYC*BUG dmesgd</title>
<style>
body {
	text-align: left;
	margin: 15px auto;
	padding: 0px 10px;
}
@media (min-width: 800px) {
	body {
		max-width: 85%;
	}
}
#header {
	border-bottom: 1px solid #dbdbdb;
	font-size: 230%;
	text-align: left;
}
#footer {
	border-top: 1px solid #dbdbdb;
	clear: both;
	text-align: left;
}
.logo_bug {
	color: #cc0033;
}
#menu ul {
	list-style-type: none;
	margin: 0;
	padding: 0;
}
#menu li {
	float: left;
}
#menu li a {
	display: block;
	background-color: #dbdbdb;
	color: #000000;
	font-size: 105%;
	font-weight: bold;
	padding: 0px 6px 0px 6px;
	text-decoration: none;
}
#content {
	clear: both;
	text-align: left;
	padding-top: 10px;
}
#content h1 {
	font-size: 120%;
	font-weight: bold;
}
#content h2 {
	font-size: 110%;
	font-weight: bold;
}
#content a {
	text-decoration: none;
}
#content pre {
	background-color: #dbdbdb;
	padding: 5px 5px 5px 5px;
	white-space: pre-wrap;		/* css-3 */
	white-space: -moz-pre-wrap;	/* Mozilla, since 1999 */
	white-space: -pre-wrap;		/* Opera 4-6 */
	white-space: -o-pre-wrap;	/* Opera 7 */
	word-wrap: break-word;		/* Internet Explorer 5.5+ */
}
#content table {
	border-collapse: collapse;
}
#content table th {
	border: 1px solid #dbdbdb;
	font-size: 85%;
	white-space: nowrap;
}
#content table td {
	border: 1px solid #dbdbdb;
	font-size: 80%;
}
#content input {
	font-size: 1em;
}
#content .full	{ width: 100%; }
#content .left	{ text-align: left; }
#content .right	{ text-align: right; }
#content .center { text-align: center; }
#content .flexbox {
	display: -ms-flex;
	display: -webkit-flex;
	display: flex;
	width: 100%;
}
#content .left_col {
	min-width: 75px;
	max-width: 50%;
	flex-grow: 0;
}
#content .right_col {
	flex-grow: 1;
	margin-left: 10px;
	padding-top: 10px;
	padding-left: 10px;
}
#col {
	-moz-column-count: 3;
	-webkit-column-count: 3;
	column-count: 3;
}
</style>
</head>
<body>

<div id="header">
<strong><em>NYC*</em><span class="logo_bug">BUG</span> dmesgd</strong>
</div><!-- header -->

<div id="menu">
<ul>
<li><a href="https://dmesgd.nycbug.org/index.cgi?do=index">Home</a></li>
<li><a href="https://dmesgd.nycbug.org/index.cgi?do=submit">Submit</a></li>
<li><a href="https://www.nycbug.org/">NYC*BUG</a></li>
</ul>
</div><!-- menu -->

<div id="content">

<p>
Launched in 2004, dmesgd aims to provide a
<strong>user-submitted</strong> repository of searchable *BSD dmesgs.
The dmesg(8) command displays the system message buffer's content, and
during boot a copy is saved to <em>/var/run/dmesg.boot</em>.  This buffer
contains the operating system release, name and version, a list of
devices identified, plus a whole host of other useful information.  We
hope others find this resource useful and further contribute to its
growth. Contact us at [ admin at lists dot nycbug dot org ].
</p>

<hr />


<strong>Date:</strong> <em>2018-08-09 13:35:40</em><br />
<strong>From:</strong> <em>nixfloyd</em><br />
<strong>Description:</strong> <em>OpenBSD 6.3 on Dell Wyse Z90</em><br />

<pre>
OpenBSD 6.3 (GENERIC.MP) #107: Sat Mar 24 14:21:59 MDT 2018
    xxx@xxx.xxx:/usr/src/sys/arch/amd64/compile/GENERIC.MP
real mem = 4182831104 (3989MB)
avail mem = 4048994304 (3861MB)
mpath0 at root
scsibus0 at mpath0: 256 targets
mainbus0 at root
bios0 at mainbus0: SMBIOS rev. 2.6 @ 0xea830 (48 entries)
bios0: vendor Phoenix Technologies Ltd. version &quot;2.0C&quot; date 01/13/2012
bios0: WYSE Z CLASS
acpi0 at bios0: rev 2
acpi0: sleep states S0 S3 S4 S5
acpi0: tables DSDT FACP HPET APIC MCFG SBST UEFI UEFI SSDT SSDT UEFI
acpi0: wakeup devices PB4_(S4) PB5_(S4) PB6_(S4) PB7_(S4) OHC1(S4) EHC1(S4) OHC2(S4) EHC2(S4) OHC3(S4) EHC3(S4) OHC4(S4) SBAZ(S4) KBC0(S3) MSE0(S3) P2P_(S5) SPB0(S4) [...]
acpitimer0 at acpi0: 3579545 Hz, 32 bits
acpihpet0 at acpi0: 14318180 Hz
acpimadt0 at acpi0 addr 0xfee00000: PC-AT compat
cpu0 at mainbus0: apid 0 (boot processor)
cpu0: AMD G-T52R Processor, 1497.04 MHz
cpu0: FPU,VME,DE,PSE,TSC,MSR,PAE,MCE,CX8,APIC,SEP,MTRR,PGE,MCA,CMOV,PAT,PSE36,CFLUSH,MMX,FXSR,SSE,SSE2,SSE3,MWAIT,SSSE3,CX16,POPCNT,NXE,MMXX,FFXSR,PAGE1GB,RDTSCP,LONG,LAHF,SVM,EAPICSP,AMCR8,ABM,SSE4A,MASSE,3DNOWP,IBS,SKINIT,ITSC
cpu0: 32KB 64b/line 2-way I-cache, 32KB 64b/line 8-way D-cache, 512KB 64b/line 16-way L2 cache
cpu0: 8 4MB entries fully associative
cpu0: DTLB 40 4KB entries fully associative, 8 4MB entries fully associative
acpihpet0: recalibrated TSC frequency 1496816901 Hz
cpu0: smt 0, core 0, package 0
mtrr: Pentium Pro MTRR support, 8 var ranges, 88 fixed ranges
cpu0: apic clock running at 199MHz
cpu0: mwait min=64, max=64, IBE
ioapic0 at mainbus0: apid 2 pa 0xfec00000, version 21, 24 pins
, remapped to apid 2
acpimcfg0 at acpi0 addr 0xe0000000, bus 0-255
acpiprt0 at acpi0: bus 0 (PCI0)
acpiprt1 at acpi0: bus -1 (PB4_)
acpiprt2 at acpi0: bus -1 (PB5_)
acpiprt3 at acpi0: bus -1 (PB6_)
acpiprt4 at acpi0: bus -1 (PB7_)
acpiprt5 at acpi0: bus 1 (P2P_)
acpiprt6 at acpi0: bus 2 (SPB0)
acpiprt7 at acpi0: bus 4 (SPB1)
acpiprt8 at acpi0: bus 5 (SPB2)
acpiprt9 at acpi0: bus -1 (SPB3)
acpicpu0 at acpi0: C1(@1 halt!)
acpipwrres0 at acpi0: P0L0, resource for Z0F0
acpipwrres1 at acpi0: P0L1, resource for Z0F1
acpipwrres2 at acpi0: P0L2, resource for Z0F2
acpipwrres3 at acpi0: P0L3, resource for Z0F3
acpitz0 at acpi0: critical temperature is 115 degC
acpibtn0 at acpi0: PWRB
&quot;PNP0A05&quot; at acpi0 not configured
acpiac0 at acpi0: AC unit online
&quot;PNP0C0B&quot; at acpi0 not configured
&quot;PNP0C0B&quot; at acpi0 not configured
&quot;PNP0C0B&quot; at acpi0 not configured
&quot;PNP0C0B&quot; at acpi0 not configured
acpivideo0 at acpi0: VGA_
acpivideo1 at acpi0: VGA_
pci0 at mainbus0 bus 0
pchb0 at pci0 dev 0 function 0 &quot;AMD AMD64 14h Host&quot; rev 0x00
radeondrm0 at pci0 dev 1 function 0 &quot;ATI Radeon HD 6310&quot; rev 0x00
drm0 at radeondrm0
radeondrm0: msi
azalia0 at pci0 dev 1 function 1 &quot;ATI Radeon HD 6310 HD Audio&quot; rev 0x00: msi
azalia0: no supported codecs
ahci0 at pci0 dev 17 function 0 &quot;ATI SBx00 SATA&quot; rev 0x00: apic 2 int 19, AHCI 1.2
ahci0: port 0: 3.0Gb/s
scsibus1 at ahci0: 32 targets
sd0 at scsibus1 targ 0 lun 0: &lt;ATA, ST9320423AS, 0003&gt; SCSI3 0/direct fixed naa.5000c5002ab55d88
sd0: 305245MB, 512 bytes/sector, 625142448 sectors
ohci0 at pci0 dev 18 function 0 &quot;ATI SB700 USB&quot; rev 0x00: apic 2 int 18, version 1.0, legacy support
ehci0 at pci0 dev 18 function 2 &quot;ATI SB700 USB2&quot; rev 0x00: apic 2 int 17
usb0 at ehci0: USB revision 2.0
uhub0 at usb0 configuration 1 interface 0 &quot;ATI EHCI root hub&quot; rev 2.00/1.00 addr 1
ohci1 at pci0 dev 19 function 0 &quot;ATI SB700 USB&quot; rev 0x00: apic 2 int 18, version 1.0, legacy support
ehci1 at pci0 dev 19 function 2 &quot;ATI SB700 USB2&quot; rev 0x00: apic 2 int 17
usb1 at ehci1: USB revision 2.0
uhub1 at usb1 configuration 1 interface 0 &quot;ATI EHCI root hub&quot; rev 2.00/1.00 addr 1
piixpm0 at pci0 dev 20 function 0 &quot;ATI SBx00 SMBus&quot; rev 0x42: polling
iic0 at piixpm0
spdmem0 at iic0 addr 0x50: 2GB DDR3 SDRAM PC3-10600
spdmem1 at iic0 addr 0x51: 2GB DDR3 SDRAM PC3-10600
azalia1 at pci0 dev 20 function 2 &quot;ATI SBx00 HD Audio&quot; rev 0x40: apic 2 int 16
azalia1: codecs: Realtek ALC269
audio0 at azalia1
pcib0 at pci0 dev 20 function 3 &quot;ATI SB700 ISA&quot; rev 0x40
ppb0 at pci0 dev 20 function 4 &quot;ATI SB600 PCI&quot; rev 0x40
pci1 at ppb0 bus 1
ohci2 at pci0 dev 20 function 5 &quot;ATI SB700 USB&quot; rev 0x00: apic 2 int 18, version 1.0, legacy support
ppb1 at pci0 dev 21 function 0 &quot;ATI SB800 PCIE&quot; rev 0x00
pci2 at ppb1 bus 2
ppb2 at pci0 dev 21 function 1 &quot;ATI SB800 PCIE&quot; rev 0x00
pci3 at ppb2 bus 4
re0 at pci3 dev 0 function 0 &quot;Realtek 8168&quot; rev 0x06: RTL8168E/8111E-VL (0x2c80), msi, address xx:xx:xx:xx:xx:xx
rgephy0 at re0 phy 7: RTL8169S/8110S/8211 PHY, rev. 5
ppb3 at pci0 dev 21 function 2 &quot;ATI SB800 PCIE&quot; rev 0x00
pci4 at ppb3 bus 5
xhci0 at pci4 dev 0 function 0 &quot;NEC xHCI&quot; rev 0x04: msi
usb2 at xhci0: USB revision 3.0
uhub2 at usb2 configuration 1 interface 0 &quot;NEC xHCI root hub&quot; rev 3.00/1.00 addr 1
ohci3 at pci0 dev 22 function 0 &quot;ATI SB700 USB&quot; rev 0x00: apic 2 int 18, version 1.0, legacy support
ehci2 at pci0 dev 22 function 2 &quot;ATI SB700 USB2&quot; rev 0x00: apic 2 int 17
usb3 at ehci2: USB revision 2.0
uhub3 at usb3 configuration 1 interface 0 &quot;ATI EHCI root hub&quot; rev 2.00/1.00 addr 1
pchb1 at pci0 dev 24 function 0 &quot;AMD AMD64 14h Link Cfg&quot; rev 0x43
pchb2 at pci0 dev 24 function 1 &quot;AMD AMD64 14h Address Map&quot; rev 0x00
pchb3 at pci0 dev 24 function 2 &quot;AMD AMD64 14h DRAM Cfg&quot; rev 0x00
km0 at pci0 dev 24 function 3 &quot;AMD AMD64 14h Misc Cfg&quot; rev 0x00
pchb4 at pci0 dev 24 function 4 &quot;AMD AMD64 14h CPU Power&quot; rev 0x00
pchb5 at pci0 dev 24 function 5 &quot;AMD AMD64 14h Reserved&quot; rev 0x00
pchb6 at pci0 dev 24 function 6 &quot;AMD AMD64 14h NB Power&quot; rev 0x00
pchb7 at pci0 dev 24 function 7 &quot;AMD AMD64 14h Reserved&quot; rev 0x00
usb4 at ohci0: USB revision 1.0
uhub4 at usb4 configuration 1 interface 0 &quot;ATI OHCI root hub&quot; rev 1.00/1.00 addr 1
usb5 at ohci1: USB revision 1.0
uhub5 at usb5 configuration 1 interface 0 &quot;ATI OHCI root hub&quot; rev 1.00/1.00 addr 1
isa0 at pcib0
isadma0 at isa0
pckbc0 at isa0 port 0x60/5 irq 1 irq 12
pckbd0 at pckbc0 (kbd slot)
wskbd0 at pckbd0: console keyboard
pcppi0 at isa0 port 0x61
spkr0 at pcppi0
it0 at isa0 port 0x2e/2: IT8721F rev 3, EC port 0x290
usb6 at ohci2: USB revision 1.0
uhub6 at usb6 configuration 1 interface 0 &quot;ATI OHCI root hub&quot; rev 1.00/1.00 addr 1
usb7 at ohci3: USB revision 1.0
uhub7 at usb7 configuration 1 interface 0 &quot;ATI OHCI root hub&quot; rev 1.00/1.00 addr 1
vmm0 at mainbus0: SVM/RVI
vscsi0 at root
scsibus2 at vscsi0: 256 targets
softraid0 at root
scsibus3 at softraid0: 256 targets
root on sd0a (484da0d880bf326b.a) swap on sd0b dump on sd0b
radeondrm0: 1024x768, 32bpp
wsdisplay0 at radeondrm0 mux 1: console (std, vt100 emulation), using wskbd0
wsdisplay0: screen 1-5 added (std, vt100 emulation)
</pre>



</div><!-- content -->
<br />
<div id="footer">
All comments/news/posts are the property of their individual owner and
is presented without warranty of suitability, and solely as an
informational resource. <br />
This site Copyright &copy; 2004-2020 NYC*BUG.
</div><!-- footer -->

</body>
</html>

