



<!doctype html>
<html lang="en">
<head>
<meta name="keywords"
	content="bsd, freebsd, openbsd, netbsd, dragonflybsd, nycbug, dmesgd" />
<meta name="description" content="New York City BSD User Group dmesgd" />
<meta charset="utf-8" />
<meta name="viewport" content="width=device-width, initial-scale=1" />
<title>NYC*BUG dmesgd</title>
<style>
body {
	text-align: left;
	margin: 15px auto;
	padding: 0px 10px;
}
@media (min-width: 800px) {
	body {
		max-width: 85%;
	}
}
#header {
	border-bottom: 1px solid #dbdbdb;
	font-size: 230%;
	text-align: left;
}
#footer {
	border-top: 1px solid #dbdbdb;
	clear: both;
	text-align: left;
}
.logo_bug {
	color: #cc0033;
}
#menu ul {
	list-style-type: none;
	margin: 0;
	padding: 0;
}
#menu li {
	float: left;
}
#menu li a {
	display: block;
	background-color: #dbdbdb;
	color: #000000;
	font-size: 105%;
	font-weight: bold;
	padding: 0px 6px 0px 6px;
	text-decoration: none;
}
#content {
	clear: both;
	text-align: left;
	padding-top: 10px;
}
#content h1 {
	font-size: 120%;
	font-weight: bold;
}
#content h2 {
	font-size: 110%;
	font-weight: bold;
}
#content a {
	text-decoration: none;
}
#content pre {
	background-color: #dbdbdb;
	padding: 5px 5px 5px 5px;
	white-space: pre-wrap;		/* css-3 */
	white-space: -moz-pre-wrap;	/* Mozilla, since 1999 */
	white-space: -pre-wrap;		/* Opera 4-6 */
	white-space: -o-pre-wrap;	/* Opera 7 */
	word-wrap: break-word;		/* Internet Explorer 5.5+ */
}
#content table {
	border-collapse: collapse;
}
#content table th {
	border: 1px solid #dbdbdb;
	font-size: 85%;
	white-space: nowrap;
}
#content table td {
	border: 1px solid #dbdbdb;
	font-size: 80%;
}
#content input {
	font-size: 1em;
}
#content .full	{ width: 100%; }
#content .left	{ text-align: left; }
#content .right	{ text-align: right; }
#content .center { text-align: center; }
#content .flexbox {
	display: -ms-flex;
	display: -webkit-flex;
	display: flex;
	width: 100%;
}
#content .left_col {
	min-width: 75px;
	max-width: 50%;
	flex-grow: 0;
}
#content .right_col {
	flex-grow: 1;
	margin-left: 10px;
	padding-top: 10px;
	padding-left: 10px;
}
#col {
	-moz-column-count: 3;
	-webkit-column-count: 3;
	column-count: 3;
}
</style>
</head>
<body>

<div id="header">
<strong><em>NYC*</em><span class="logo_bug">BUG</span> dmesgd</strong>
</div><!-- header -->

<div id="menu">
<ul>
<li><a href="https://dmesgd.nycbug.org/index.cgi?do=index">Home</a></li>
<li><a href="https://dmesgd.nycbug.org/index.cgi?do=submit">Submit</a></li>
<li><a href="https://www.nycbug.org/">NYC*BUG</a></li>
</ul>
</div><!-- menu -->

<div id="content">

<p>
Launched in 2004, dmesgd aims to provide a
<strong>user-submitted</strong> repository of searchable *BSD dmesgs.
The dmesg(8) command displays the system message buffer's content, and
during boot a copy is saved to <em>/var/run/dmesg.boot</em>.  This buffer
contains the operating system release, name and version, a list of
devices identified, plus a whole host of other useful information.  We
hope others find this resource useful and further contribute to its
growth. Contact us at [ admin at lists dot nycbug dot org ].
</p>

<hr />


<strong>Date:</strong> <em>2018-08-17 02:09:02</em><br />
<strong>From:</strong> <em>d4rk_0men</em><br />
<strong>Description:</strong> <em>macbook air 2011 13 inch base</em><br />

<pre>
OpenBSD 6.3 (GENERIC.MP) #107: Sat Mar 24 14:21:59 MDT 2018
    xxx@xxx.xxx:/usr/src/sys/arch/amd64/compile/GENERIC.MP
real mem = 4185079808 (3991MB)
avail mem = 4051169280 (3863MB)
mpath0 at root
scsibus0 at mpath0: 256 targets
mainbus0 at root
bios0 at mainbus0: SMBIOS rev. 2.4 @ 0xe0000 (53 entries)
bios0: vendor Apple Inc. version &quot;MBA41.88Z.0077.B14.1510261805&quot; date 10/26/2015
bios0: Apple Inc. MacBookAir4,2
acpi0 at bios0: rev 2
acpi0: sleep states S0 S3 S4 S5
acpi0: tables DSDT FACP HPET APIC SBST ECDT SSDT SSDT SSDT SSDT SSDT SSDT SSDT SSDT MCFG SSDT SSDT SSDT
acpi0: wakeup devices P0P2(S4) EC__(S4) HDEF(S4) ARPT(S4) RP02(S4) EHC1(S3) EHC2(S3) ADP1(S4) LID0(S4)
acpitimer0 at acpi0: 3579545 Hz, 24 bits
acpihpet0 at acpi0: 14318179 Hz
acpimadt0 at acpi0 addr 0xfee00000: PC-AT compat
cpu0 at mainbus0: apid 0 (boot processor)
cpu0: Intel(R) Core(TM) i5-2557M CPU @ 1.70GHz, 1700.26 MHz
cpu0: FPU,VME,DE,PSE,TSC,MSR,PAE,MCE,CX8,APIC,SEP,MTRR,PGE,MCA,CMOV,PAT,PSE36,CFLUSH,DS,ACPI,MMX,FXSR,SSE,SSE2,SS,HTT,TM,PBE,SSE3,PCLMUL,DTES64,MWAIT,DS-CPL,VMX,SMX,EST,TM2,SSSE3,CX16,xTPR,PDCM,PCID,SSE4.1,SSE4.2,x2APIC,POPCNT,DEADLINE,AES,XSAVE,AVX,NXE,RDTSCP,LONG,LAHF,PERF,ITSC,SENSOR,ARAT,MELTDOWN
cpu0: 256KB 64b/line 8-way L2 cache
acpihpet0: recalibrated TSC frequency 1700019516 Hz
cpu0: smt 0, core 0, package 0
mtrr: Pentium Pro MTRR support, 10 var ranges, 88 fixed ranges
cpu0: apic clock running at 100MHz
cpu0: mwait min=64, max=64, C-substates=0.2.1.1.2, IBE
cpu1 at mainbus0: apid 2 (application processor)
cpu1: Intel(R) Core(TM) i5-2557M CPU @ 1.70GHz, 1700.01 MHz
cpu1: FPU,VME,DE,PSE,TSC,MSR,PAE,MCE,CX8,APIC,SEP,MTRR,PGE,MCA,CMOV,PAT,PSE36,CFLUSH,DS,ACPI,MMX,FXSR,SSE,SSE2,SS,HTT,TM,PBE,SSE3,PCLMUL,DTES64,MWAIT,DS-CPL,VMX,SMX,EST,TM2,SSSE3,CX16,xTPR,PDCM,PCID,SSE4.1,SSE4.2,x2APIC,POPCNT,DEADLINE,AES,XSAVE,AVX,NXE,RDTSCP,LONG,LAHF,PERF,ITSC,SENSOR,ARAT,MELTDOWN
cpu1: 256KB 64b/line 8-way L2 cache
cpu1: smt 0, core 1, package 0
cpu2 at mainbus0: apid 1 (application processor)
cpu2: Intel(R) Core(TM) i5-2557M CPU @ 1.70GHz, 1700.01 MHz
cpu2: FPU,VME,DE,PSE,TSC,MSR,PAE,MCE,CX8,APIC,SEP,MTRR,PGE,MCA,CMOV,PAT,PSE36,CFLUSH,DS,ACPI,MMX,FXSR,SSE,SSE2,SS,HTT,TM,PBE,SSE3,PCLMUL,DTES64,MWAIT,DS-CPL,VMX,SMX,EST,TM2,SSSE3,CX16,xTPR,PDCM,PCID,SSE4.1,SSE4.2,x2APIC,POPCNT,DEADLINE,AES,XSAVE,AVX,NXE,RDTSCP,LONG,LAHF,PERF,ITSC,SENSOR,ARAT,MELTDOWN
cpu2: 256KB 64b/line 8-way L2 cache
cpu2: smt 1, core 0, package 0
cpu3 at mainbus0: apid 3 (application processor)
cpu3: Intel(R) Core(TM) i5-2557M CPU @ 1.70GHz, 1700.01 MHz
cpu3: FPU,VME,DE,PSE,TSC,MSR,PAE,MCE,CX8,APIC,SEP,MTRR,PGE,MCA,CMOV,PAT,PSE36,CFLUSH,DS,ACPI,MMX,FXSR,SSE,SSE2,SS,HTT,TM,PBE,SSE3,PCLMUL,DTES64,MWAIT,DS-CPL,VMX,SMX,EST,TM2,SSSE3,CX16,xTPR,PDCM,PCID,SSE4.1,SSE4.2,x2APIC,POPCNT,DEADLINE,AES,XSAVE,AVX,NXE,RDTSCP,LONG,LAHF,PERF,ITSC,SENSOR,ARAT,MELTDOWN
cpu3: 256KB 64b/line 8-way L2 cache
cpu3: smt 1, core 1, package 0
ioapic0 at mainbus0: apid 2 pa 0xfec00000, version 20, 24 pins
, remapped to apid 2
acpiec0 at acpi0
acpimcfg0 at acpi0 addr 0xe0000000, bus 0-151
acpiprt0 at acpi0: bus 0 (PCI0)
acpiprt1 at acpi0: bus 3 (P0P2)
acpiprt2 at acpi0: bus 2 (RP02)
acpicpu0 at acpi0: C3(200@84 mwait.1@0x30), C2(500@64 mwait.1@0x10), C1(1000@1 mwait.1), PSS
acpicpu1 at acpi0: C3(200@84 mwait.1@0x30), C2(500@64 mwait.1@0x10), C1(1000@1 mwait.1), PSS
acpicpu2 at acpi0: C3(200@84 mwait.1@0x30), C2(500@64 mwait.1@0x10), C1(1000@1 mwait.1), PSS
acpicpu3 at acpi0: C3(200@84 mwait.1@0x30), C2(500@64 mwait.1@0x10), C1(1000@1 mwait.1), PSS
acpisbs0 at acpi0: SBS0 model &quot;bq20z451&quot; serial 1 type LION oem &quot;SMP&quot;
&quot;APP0001&quot; at acpi0 not configured
&quot;ACPI0008&quot; at acpi0 not configured
&quot;ACPI0001&quot; at acpi0 not configured
acpiac0 at acpi0: AC unit offline
acpibtn0 at acpi0: LID0
acpibtn1 at acpi0: PWRB
&quot;APP0002&quot; at acpi0 not configured
acpibtn2 at acpi0: SLPB
acpivideo0 at acpi0: IGPU
acpivout0 at acpivideo0: DD02
cpu0: Enhanced SpeedStep 1700 MHz: speeds: 1701, 1700, 1600, 1500, 1400, 1300, 1200, 1100, 1000, 900, 800 MHz
memory map conflict 0xe00f8000/0x1000
memory map conflict 0xfed1c000/0x4000
memory map conflict 0xffed0000/0x30000
pci0 at mainbus0 bus 0
pchb0 at pci0 dev 0 function 0 &quot;Intel Core 2G Host&quot; rev 0x09
ppb0 at pci0 dev 1 function 0 &quot;Intel Core 2G PCIE&quot; rev 0x09: msi
pci1 at ppb0 bus 3
ppb1 at pci1 dev 0 function 0 vendor &quot;Intel&quot;, unknown product 0x151a rev 0x01
pci2 at ppb1 bus 4
ppb2 at pci2 dev 0 function 0 vendor &quot;Intel&quot;, unknown product 0x151a rev 0x01
pci3 at ppb2 bus 5
vendor &quot;Intel&quot;, unknown product 0x151a (class system subclass miscellaneous, rev 0x01) at pci3 dev 0 function 0 not configured
ppb3 at pci2 dev 3 function 0 vendor &quot;Intel&quot;, unknown product 0x151a rev 0x01
pci4 at ppb3 bus 6
ppb4 at pci2 dev 4 function 0 vendor &quot;Intel&quot;, unknown product 0x151a rev 0x01
pci5 at ppb4 bus 55
inteldrm0 at pci0 dev 2 function 0 &quot;Intel HD Graphics 3000&quot; rev 0x09
drm0 at inteldrm0
inteldrm0: msi
inteldrm0: 1440x900, 32bpp
wsdisplay0 at inteldrm0 mux 1: console (std, vt100 emulation)
wsdisplay0: screen 1-5 added (std, vt100 emulation)
&quot;Intel 6 Series MEI&quot; rev 0x04 at pci0 dev 22 function 0 not configured
uhci0 at pci0 dev 26 function 0 &quot;Intel 6 Series USB&quot; rev 0x05: apic 2 int 21
ehci0 at pci0 dev 26 function 7 &quot;Intel 6 Series USB&quot; rev 0x05: apic 2 int 23
usb0 at ehci0: USB revision 2.0
uhub0 at usb0 configuration 1 interface 0 &quot;Intel EHCI root hub&quot; rev 2.00/1.00 addr 1
azalia0 at pci0 dev 27 function 0 &quot;Intel 6 Series HD Audio&quot; rev 0x05: msi
azalia0: codecs: Cirrus Logic CS4206, Intel/0x2805, using Cirrus Logic CS4206
audio0 at azalia0
ppb5 at pci0 dev 28 function 0 &quot;Intel 6 Series PCIE&quot; rev 0xb5: msi
pci6 at ppb5 bus 1
ppb6 at pci0 dev 28 function 1 &quot;Intel 6 Series PCIE&quot; rev 0xb5: msi
pci7 at ppb6 bus 2
&quot;Broadcom BCM43224&quot; rev 0x01 at pci7 dev 0 function 0 not configured
uhci1 at pci0 dev 29 function 0 &quot;Intel 6 Series USB&quot; rev 0x05: apic 2 int 19
ehci1 at pci0 dev 29 function 7 &quot;Intel 6 Series USB&quot; rev 0x05: apic 2 int 22
usb1 at ehci1: USB revision 2.0
uhub1 at usb1 configuration 1 interface 0 &quot;Intel EHCI root hub&quot; rev 2.00/1.00 addr 1
pcib0 at pci0 dev 31 function 0 &quot;Intel QS67 LPC&quot; rev 0x05
pciide0 at pci0 dev 31 function 2 &quot;Intel 6 Series SATA&quot; rev 0x05: DMA, channel 0 configured to native-PCI, channel 1 configured to native-PCI
pciide0: using apic 2 int 19 for native-PCI interrupt
wd0 at pciide0 channel 0 drive 0: &lt;APPLE SSD SM128C&gt;
wd0: 16-sector PIO, LBA48, 115712MB, 236978176 sectors
wd0(pciide0:0:0): using PIO mode 4, Ultra-DMA mode 6
ichiic0 at pci0 dev 31 function 3 &quot;Intel 6 Series SMBus&quot; rev 0x05: apic 2 int 18
iic0 at ichiic0
iic0: addr 0x2c 03=fc 05=68 06=e0 71=06 72=80 86=88 90=35 91=21 92=24 93=3b 94=62 95=8c 96=64 97=85 98=3f 99=1d 9a=9f 9f=7c a0=7f a1=b5 a2=bf a3=7b a4=28 a5=cf a6=64 a7=2d words 00=0000 01=0000 02=00fc 03=fc00 04=0068 05=68e0 06=e000 07=0000
usb2 at uhci0: USB revision 1.0
uhub2 at usb2 configuration 1 interface 0 &quot;Intel UHCI root hub&quot; rev 1.00/1.00 addr 1
usb3 at uhci1: USB revision 1.0
uhub3 at usb3 configuration 1 interface 0 &quot;Intel UHCI root hub&quot; rev 1.00/1.00 addr 1
isa0 at pcib0
isadma0 at isa0
pcppi0 at isa0 port 0x61
spkr0 at pcppi0
asmc0 at isa0 port 0x300/32: rev 1.73f573, 362 keys
vmm0 at mainbus0: VMX/EPT
uhub4 at uhub0 port 1 configuration 1 interface 0 &quot;Standard Microsystems Hub&quot; rev 2.00/b.b3 addr 2
uhub5 at uhub4 port 1 configuration 1 interface 0 &quot;Apple Inc. BRCM20702 Hub&quot; rev 2.00/1.00 addr 3
uhidev0 at uhub5 port 1 configuration 1 interface 0 &quot;Apple Computer product 0x820a&quot; rev 2.00/1.00 addr 4
uhidev0: iclass 3/1, 1 report id
ukbd0 at uhidev0 reportid 1: 8 variable keys, 6 key codes
wskbd0 at ukbd0: console keyboard, using wsdisplay0
uhidev1 at uhub5 port 2 configuration 1 interface 0 &quot;Apple Computer product 0x820b&quot; rev 2.00/1.00 addr 5
uhidev1: iclass 3/1, 2 report ids
ums0 at uhidev1 reportid 2: 3 buttons
wsmouse0 at ums0 mux 0
ugen0 at uhub5 port 3 &quot;Apple Inc. Bluetooth USB Host Controller&quot; rev 2.00/1.51 addr 6
uhidev2 at uhub4 port 2 configuration 1 interface 0 &quot;Apple Inc. Apple Internal Keyboard / Trackpad&quot; rev 2.00/2.09 addr 7
uhidev2: iclass 3/1, 9 report ids
ukbd1 at uhidev2 reportid 1: 8 variable keys, 6 key codes, country code 33
wskbd1 at ukbd1 mux 1
wskbd1: connecting to wsdisplay0
uhid0 at uhidev2 reportid 9: input=0, output=0, feature=3
uhidev3 at uhub4 port 2 configuration 1 interface 1 &quot;Apple Inc. Apple Internal Keyboard / Trackpad&quot; rev 2.00/2.09 addr 7
uhidev3: iclass 3/0, 68 report ids
uhid1 at uhidev3 reportid 68: input=511, output=0, feature=0
ubcmtp0 at uhub4 port 2 configuration 1 interface 2 &quot;Apple Inc. Apple Internal Keyboard / Trackpad&quot; rev 2.00/2.09 addr 7
wsmouse1 at ubcmtp0 mux 0
uvideo0 at uhub0 port 2 configuration 1 interface 0 &quot;Apple Inc. FaceTime Camera (Built-in)&quot; rev 2.00/6.46 addr 8
video0 at uvideo0
ugen1 at uhub0 port 2 configuration 1 &quot;Apple Inc. FaceTime Camera (Built-in)&quot; rev 2.00/6.46 addr 8
uhub6 at uhub1 port 1 configuration 1 interface 0 &quot;Standard Microsystems Hub&quot; rev 2.00/b.b3 addr 2
umass0 at uhub6 port 1 configuration 1 interface 0 &quot;Apple Card Reader&quot; rev 2.00/3.10 addr 3
umass0: using SCSI over Bulk-Only
scsibus1 at umass0: 2 targets, initiator 0
sd0 at scsibus1 targ 1 lun 0: &lt;APPLE, SD Card Reader, 2.00&gt; SCSI0 0/direct removable serial.05ac8404000000000310
vscsi0 at root
scsibus2 at vscsi0: 256 targets
softraid0 at root
scsibus3 at softraid0: 256 targets
root on wd0a (072c750a436e2289.a) swap on wd0b dump on wd0b
umass1 at uhub4 port 3 configuration 1 interface 0 &quot;SanDisk Corporation U3 Cruzer Micro&quot; rev 2.00/0.10 addr 9
umass1: using SCSI over Bulk-Only
scsibus4 at umass1: 2 targets, initiator 0
sd1 at scsibus4 targ 1 lun 0: &lt;SanDisk, U3 Cruzer Micro, 3.21&gt; SCSI2 0/direct removable serial.07815406186F6A60664E
sd1: 3919MB, 512 bytes/sector, 8027793 sectors

</pre>



</div><!-- content -->
<br />
<div id="footer">
All comments/news/posts are the property of their individual owner and
is presented without warranty of suitability, and solely as an
informational resource. <br />
This site Copyright &copy; 2004-2020 NYC*BUG.
</div><!-- footer -->

</body>
</html>

