



<!doctype html>
<html lang="en">
<head>
<meta name="keywords"
	content="bsd, freebsd, openbsd, netbsd, dragonflybsd, nycbug, dmesgd" />
<meta name="description" content="New York City BSD User Group dmesgd" />
<meta charset="utf-8" />
<meta name="viewport" content="width=device-width, initial-scale=1" />
<title>NYC*BUG dmesgd</title>
<style>
body {
	text-align: left;
	margin: 15px auto;
	padding: 0px 10px;
}
@media (min-width: 800px) {
	body {
		max-width: 85%;
	}
}
#header {
	border-bottom: 1px solid #dbdbdb;
	font-size: 230%;
	text-align: left;
}
#footer {
	border-top: 1px solid #dbdbdb;
	clear: both;
	text-align: left;
}
.logo_bug {
	color: #cc0033;
}
#menu ul {
	list-style-type: none;
	margin: 0;
	padding: 0;
}
#menu li {
	float: left;
}
#menu li a {
	display: block;
	background-color: #dbdbdb;
	color: #000000;
	font-size: 105%;
	font-weight: bold;
	padding: 0px 6px 0px 6px;
	text-decoration: none;
}
#content {
	clear: both;
	text-align: left;
	padding-top: 10px;
}
#content h1 {
	font-size: 120%;
	font-weight: bold;
}
#content h2 {
	font-size: 110%;
	font-weight: bold;
}
#content a {
	text-decoration: none;
}
#content pre {
	background-color: #dbdbdb;
	padding: 5px 5px 5px 5px;
	white-space: pre-wrap;		/* css-3 */
	white-space: -moz-pre-wrap;	/* Mozilla, since 1999 */
	white-space: -pre-wrap;		/* Opera 4-6 */
	white-space: -o-pre-wrap;	/* Opera 7 */
	word-wrap: break-word;		/* Internet Explorer 5.5+ */
}
#content table {
	border-collapse: collapse;
}
#content table th {
	border: 1px solid #dbdbdb;
	font-size: 85%;
	white-space: nowrap;
}
#content table td {
	border: 1px solid #dbdbdb;
	font-size: 80%;
}
#content input {
	font-size: 1em;
}
#content .full	{ width: 100%; }
#content .left	{ text-align: left; }
#content .right	{ text-align: right; }
#content .center { text-align: center; }
#content .flexbox {
	display: -ms-flex;
	display: -webkit-flex;
	display: flex;
	width: 100%;
}
#content .left_col {
	min-width: 75px;
	max-width: 50%;
	flex-grow: 0;
}
#content .right_col {
	flex-grow: 1;
	margin-left: 10px;
	padding-top: 10px;
	padding-left: 10px;
}
#col {
	-moz-column-count: 3;
	-webkit-column-count: 3;
	column-count: 3;
}
</style>
</head>
<body>

<div id="header">
<strong><em>NYC*</em><span class="logo_bug">BUG</span> dmesgd</strong>
</div><!-- header -->

<div id="menu">
<ul>
<li><a href="https://dmesgd.nycbug.org/index.cgi?do=index">Home</a></li>
<li><a href="https://dmesgd.nycbug.org/index.cgi?do=submit">Submit</a></li>
<li><a href="https://www.nycbug.org/">NYC*BUG</a></li>
</ul>
</div><!-- menu -->

<div id="content">

<p>
Launched in 2004, dmesgd aims to provide a
<strong>user-submitted</strong> repository of searchable *BSD dmesgs.
The dmesg(8) command displays the system message buffer's content, and
during boot a copy is saved to <em>/var/run/dmesg.boot</em>.  This buffer
contains the operating system release, name and version, a list of
devices identified, plus a whole host of other useful information.  We
hope others find this resource useful and further contribute to its
growth. Contact us at [ admin at lists dot nycbug dot org ].
</p>

<hr />


<strong>Date:</strong> <em>2018-08-29 20:27:34</em><br />
<strong>From:</strong> <em>SierraX</em><br />
<strong>Description:</strong> <em>OpenBSD 6.4-beta - GPD Win 2</em><br />

<pre>
OpenBSD 6.4-beta (GENERIC.MP) #277: Tue Aug 28 14:36:27 MDT 2018
    xxx@xxx.xxx:/usr/src/sys/arch/amd64/compile/GENERIC.MP
real mem = 8487411712 (8094MB)
avail mem = 8220983296 (7840MB)
mpath0 at root
scsibus0 at mpath0: 256 targets
mainbus0 at root
bios0 at mainbus0: SMBIOS rev. 3.0 @ 0x8cebc000 (84 entries)
bios0: vendor American Megatrends Inc. version &quot;5.12&quot; date 06/29/2018
bios0: Default string Default string
acpi0 at bios0: rev 2
acpi0: sleep states S0 S3 S4 S5
acpi0: tables DSDT FACP APIC FPDT FIDT MCFG SSDT SSDT SSDT HPET SSDT SSDT UEFI SSDT LPIT SSDT SSDT SSDT SSDT DBGP DBG2 SSDT DMAR NHLT BGRT TPM2 ASF! WSMT
acpi0: wakeup devices LID0(S3) PXSX(S4) PXSX(S4) PXSX(S4) PXSX(S4) PXSX(S4) PXSX(S4) PXSX(S4) PXSX(S4) PXSX(S4) PXSX(S4) PXSX(S4) PXSX(S4) PXSX(S4) PXSX(S4) PXSX(S4) [...]
acpitimer0 at acpi0: 3579545 Hz, 24 bits
acpimadt0 at acpi0 addr 0xfee00000: PC-AT compat
cpu0 at mainbus0: apid 0 (boot processor)
cpu0: Intel(R) Core(TM) m3-7Y30 CPU @ 1.00GHz, 1497.18 MHz, 06-8e-09
cpu0: FPU,VME,DE,PSE,TSC,MSR,PAE,MCE,CX8,APIC,SEP,MTRR,PGE,MCA,CMOV,PAT,PSE36,CFLUSH,DS,ACPI,MMX,FXSR,SSE,SSE2,SS,HTT,TM,PBE,SSE3,PCLMUL,DTES64,MWAIT,DS-CPL,VMX,EST,TM2,SSSE3,SDBG,FMA3,CX16,xTPR,PDCM,PCID,SSE4.1,SSE4.2,x2APIC,MOVBE,POPCNT,DEADLINE,AES,XSAVE,AVX,F16C,RDRAND,NXE,PAGE1GB,RDTSCP,LONG,LAHF,ABM,3DNOWP,PERF,ITSC,FSGSBASE,SGX,BMI1,AVX2,SMEP,BMI2,ERMS,INVPCID,MPX,RDSEED,ADX,SMAP,CLFLUSHOPT,PT,IBRS,IBPB,STIBP,L1DF,SSBD,SENSOR,ARAT,XSAVEOPT,XSAVEC,XGETBV1,XSAVES,MELTDOWN
cpu0: 256KB 64b/line 8-way L2 cache
cpu0: smt 0, core 0, package 0
mtrr: Pentium Pro MTRR support, 10 var ranges, 88 fixed ranges
cpu0: apic clock running at 23MHz
cpu0: mwait min=64, max=64, C-substates=0.2.1.2.4.1.1.1, IBE
cpu1 at mainbus0: apid 2 (application processor)
cpu1: Intel(R) Core(TM) m3-7Y30 CPU @ 1.00GHz, 1496.52 MHz, 06-8e-09
cpu1: FPU,VME,DE,PSE,TSC,MSR,PAE,MCE,CX8,APIC,SEP,MTRR,PGE,MCA,CMOV,PAT,PSE36,CFLUSH,DS,ACPI,MMX,FXSR,SSE,SSE2,SS,HTT,TM,PBE,SSE3,PCLMUL,DTES64,MWAIT,DS-CPL,VMX,EST,TM2,SSSE3,SDBG,FMA3,CX16,xTPR,PDCM,PCID,SSE4.1,SSE4.2,x2APIC,MOVBE,POPCNT,DEADLINE,AES,XSAVE,AVX,F16C,RDRAND,NXE,PAGE1GB,RDTSCP,LONG,LAHF,ABM,3DNOWP,PERF,ITSC,FSGSBASE,SGX,BMI1,AVX2,SMEP,BMI2,ERMS,INVPCID,MPX,RDSEED,ADX,SMAP,CLFLUSHOPT,PT,IBRS,IBPB,STIBP,L1DF,SSBD,SENSOR,ARAT,XSAVEOPT,XSAVEC,XGETBV1,XSAVES,MELTDOWN
cpu1: 256KB 64b/line 8-way L2 cache
cpu1: smt 0, core 1, package 0
cpu2 at mainbus0: apid 1 (application processor)
cpu2: Intel(R) Core(TM) m3-7Y30 CPU @ 1.00GHz, 1496.52 MHz, 06-8e-09
cpu2: FPU,VME,DE,PSE,TSC,MSR,PAE,MCE,CX8,APIC,SEP,MTRR,PGE,MCA,CMOV,PAT,PSE36,CFLUSH,DS,ACPI,MMX,FXSR,SSE,SSE2,SS,HTT,TM,PBE,SSE3,PCLMUL,DTES64,MWAIT,DS-CPL,VMX,EST,TM2,SSSE3,SDBG,FMA3,CX16,xTPR,PDCM,PCID,SSE4.1,SSE4.2,x2APIC,MOVBE,POPCNT,DEADLINE,AES,XSAVE,AVX,F16C,RDRAND,NXE,PAGE1GB,RDTSCP,LONG,LAHF,ABM,3DNOWP,PERF,ITSC,FSGSBASE,SGX,BMI1,AVX2,SMEP,BMI2,ERMS,INVPCID,MPX,RDSEED,ADX,SMAP,CLFLUSHOPT,PT,IBRS,IBPB,STIBP,L1DF,SSBD,SENSOR,ARAT,XSAVEOPT,XSAVEC,XGETBV1,XSAVES,MELTDOWN
cpu2: 256KB 64b/line 8-way L2 cache
cpu2: smt 1, core 0, package 0
cpu3 at mainbus0: apid 3 (application processor)
cpu3: Intel(R) Core(TM) m3-7Y30 CPU @ 1.00GHz, 1496.52 MHz, 06-8e-09
cpu3: FPU,VME,DE,PSE,TSC,MSR,PAE,MCE,CX8,APIC,SEP,MTRR,PGE,MCA,CMOV,PAT,PSE36,CFLUSH,DS,ACPI,MMX,FXSR,SSE,SSE2,SS,HTT,TM,PBE,SSE3,PCLMUL,DTES64,MWAIT,DS-CPL,VMX,EST,TM2,SSSE3,SDBG,FMA3,CX16,xTPR,PDCM,PCID,SSE4.1,SSE4.2,x2APIC,MOVBE,POPCNT,DEADLINE,AES,XSAVE,AVX,F16C,RDRAND,NXE,PAGE1GB,RDTSCP,LONG,LAHF,ABM,3DNOWP,PERF,ITSC,FSGSBASE,SGX,BMI1,AVX2,SMEP,BMI2,ERMS,INVPCID,MPX,RDSEED,ADX,SMAP,CLFLUSHOPT,PT,IBRS,IBPB,STIBP,L1DF,SSBD,SENSOR,ARAT,XSAVEOPT,XSAVEC,XGETBV1,XSAVES,MELTDOWN
cpu3: 256KB 64b/line 8-way L2 cache
cpu3: smt 1, core 1, package 0
ioapic0 at mainbus0: apid 2 pa 0xfec00000, version 20, 120 pins
acpimcfg0 at acpi0
acpimcfg0: addr 0xe0000000, bus 0-255
acpihpet0 at acpi0: 23999999 Hz
acpiprt0 at acpi0: bus 0 (PCI0)
acpiprt1 at acpi0: bus -1 (PEG0)
acpiprt2 at acpi0: bus -1 (PEG1)
acpiprt3 at acpi0: bus -1 (PEG2)
acpiprt4 at acpi0: bus 1 (RP09)
acpiprt5 at acpi0: bus -1 (RP10)
acpiprt6 at acpi0: bus -1 (RP11)
acpiprt7 at acpi0: bus -1 (RP12)
acpiprt8 at acpi0: bus -1 (RP13)
acpiprt9 at acpi0: bus -1 (RP01)
acpiprt10 at acpi0: bus -1 (RP02)
acpiprt11 at acpi0: bus -1 (RP03)
acpiprt12 at acpi0: bus -1 (RP04)
acpiprt13 at acpi0: bus -1 (RP05)
acpiprt14 at acpi0: bus -1 (RP06)
acpiprt15 at acpi0: bus -1 (RP07)
acpiprt16 at acpi0: bus -1 (RP08)
acpiprt17 at acpi0: bus -1 (RP17)
acpiprt18 at acpi0: bus -1 (RP18)
acpiprt19 at acpi0: bus -1 (RP19)
acpiprt20 at acpi0: bus -1 (RP20)
acpiprt21 at acpi0: bus -1 (RP21)
acpiprt22 at acpi0: bus -1 (RP22)
acpiprt23 at acpi0: bus -1 (RP23)
acpiprt24 at acpi0: bus -1 (RP24)
acpiprt25 at acpi0: bus -1 (RP14)
acpiprt26 at acpi0: bus -1 (RP15)
acpiprt27 at acpi0: bus -1 (RP16)
acpiec0 at acpi0
acpicpu0 at acpi0: C3(200@1034 mwait.1@0x60), C2(200@151 mwait.1@0x33), C1(1000@1 mwait.1), PSS
acpicpu1 at acpi0: C3(200@1034 mwait.1@0x60), C2(200@151 mwait.1@0x33), C1(1000@1 mwait.1), PSS
acpicpu2 at acpi0: C3(200@1034 mwait.1@0x60), C2(200@151 mwait.1@0x33), C1(1000@1 mwait.1), PSS
acpicpu3 at acpi0: C3(200@1034 mwait.1@0x60), C2(200@151 mwait.1@0x33), C1(1000@1 mwait.1), PSS
acpitz0 at acpi0: no critical temperature defined
acpitz1 at acpi0: no critical temperature defined
&quot;INT344B&quot; at acpi0 not configured
acpicmos0 at acpi0
acpiac0 at acpi0: AC unit offline
acpibat0 at acpi0: BAT0 model &quot;SR Real Battery&quot; serial 123456789 type Real oem &quot;Intel SR 1&quot;
acpibtn0 at acpi0: LID0
&quot;INT33D3&quot; at acpi0 not configured
&quot;INT33D4&quot; at acpi0 not configured
&quot;INT33D6&quot; at acpi0 not configured
&quot;INT3403&quot; at acpi0 not configured
&quot;GDIX1002&quot; at acpi0 not configured
&quot;INT3472&quot; at acpi0 not configured
&quot;INT3472&quot; at acpi0 not configured
acpibtn1 at acpi0: SLPB
&quot;PNP0C14&quot; at acpi0 not configured
&quot;INT33A1&quot; at acpi0 not configured
acpibtn2 at acpi0: PWRB
&quot;MSFT0101&quot; at acpi0 not configured
&quot;INT3400&quot; at acpi0 not configured
acpivideo0 at acpi0: GFX0
acpivout0 at acpivideo0: DD1F
cpu0: Enhanced SpeedStep 1497 MHz: speeds: 1601, 1600, 1500, 1400, 1300, 1200, 1100, 1000, 900, 800, 700, 600, 500, 400 MHz
pci0 at mainbus0 bus 0
pchb0 at pci0 dev 0 function 0 &quot;Intel Core 7G Host&quot; rev 0x02
inteldrm0 at pci0 dev 2 function 0 &quot;Intel HD Graphics 615&quot; rev 0x02
drm0 at inteldrm0
inteldrm0: msi
error: [drm:pid0:i915_firmware_load_error_print] *ERROR* failed to load firmware i915/kbl_dmc_ver1.bin (-22)
inteldrm0: 720x1280, 32bpp
wsdisplay0 at inteldrm0 mux 1: console (std, vt100 emulation)
wsdisplay0: screen 1-5 added (std, vt100 emulation)
&quot;Intel Core 6G Thermal&quot; rev 0x02 at pci0 dev 4 function 0 not configured
vendor &quot;Intel&quot;, unknown product 0x1919 (class multimedia subclass miscellaneous, rev 0x01) at pci0 dev 5 function 0 not configured
&quot;Intel Core GMM&quot; rev 0x00 at pci0 dev 8 function 0 not configured
xhci0 at pci0 dev 20 function 0 &quot;Intel 100 Series xHCI&quot; rev 0x21: msi, xHCI 1.0
usb0 at xhci0: USB revision 3.0
uhub0 at usb0 configuration 1 interface 0 &quot;Intel xHCI root hub&quot; rev 3.00/1.00 addr 1
pchtemp0 at pci0 dev 20 function 2 &quot;Intel 100 Series Thermal&quot; rev 0x21
vendor &quot;Intel&quot;, unknown product 0x9d32 (class multimedia subclass miscellaneous, rev 0x01) at pci0 dev 20 function 3 not configured
dwiic0 at pci0 dev 21 function 0 &quot;Intel 100 Series I2C&quot; rev 0x21: apic 2 int 16
iic0 at dwiic0
dwiic1 at pci0 dev 21 function 1 &quot;Intel 100 Series I2C&quot; rev 0x21: apic 2 int 17
iic1 at dwiic1
&quot;GDIX1002&quot; at iic1 addr 0x14 not configured
&quot;Intel 100 Series I2C&quot; rev 0x21 at pci0 dev 21 function 2 not configured
&quot;Intel 100 Series MEI&quot; rev 0x21 at pci0 dev 22 function 0 not configured
ahci0 at pci0 dev 23 function 0 &quot;Intel 100 Series AHCI&quot; rev 0x21: msi, AHCI 1.3.1
ahci0: PHY offline on port 0
ahci0: port 1: 6.0Gb/s
scsibus1 at ahci0: 32 targets
sd0 at scsibus1 targ 1 lun 0: &lt;ATA, TS128GMTS400S, Q092&gt; SCSI3 0/direct fixed t10.ATA_TS128GMTS400S_54214232E52679200190
sd0: 122104MB, 512 bytes/sector, 250069680 sectors, thin
ppb0 at pci0 dev 29 function 0 &quot;Intel 100 Series PCIE&quot; rev 0xf1: msi
pci1 at ppb0 bus 1
iwm0 at pci1 dev 0 function 0 &quot;Intel Dual Band Wireless AC 7265&quot; rev 0x59, msi
vendor &quot;Intel&quot;, unknown product 0x9d27 (class DASP subclass miscellaneous, rev 0x21) at pci0 dev 30 function 0 not configured
sdhc0 at pci0 dev 30 function 6 vendor &quot;Intel&quot;, unknown product 0x9d2d rev 0x21: apic 2 int 23
sdhc0: SDHC 3.0, 200 MHz base clock
sdmmc0 at sdhc0: 4-bit, sd high-speed, mmc high-speed, dma
pcib0 at pci0 dev 31 function 0 &quot;Intel 200 Series LPC&quot; rev 0x21
&quot;Intel 100 Series PMC&quot; rev 0x21 at pci0 dev 31 function 2 not configured
azalia0 at pci0 dev 31 function 3 &quot;Intel 200 Series HD Audio&quot; rev 0x21: msi
azalia0: codecs: Realtek ALC282, Intel/0x280b, using Realtek ALC282
audio0 at azalia0
ichiic0 at pci0 dev 31 function 4 &quot;Intel 100 Series SMBus&quot; rev 0x21: apic 2 int 16
iic2 at ichiic0
isa0 at pcib0
isadma0 at isa0
pckbc0 at isa0 port 0x60/5 irq 1 irq 12
pckbd0 at pckbc0 (kbd slot)
wskbd0 at pckbd0: console keyboard, using wsdisplay0
pcppi0 at isa0 port 0x61
spkr0 at pcppi0
vmm0 at mainbus0: VMX/EPT
efifb at mainbus0 not configured
uhub1 at uhub0 port 1 configuration 1 interface 0 &quot;GenesysLogic USB2.0 Hub&quot; rev 2.10/92.23 addr 2
uhidev0 at uhub0 port 3 configuration 1 interface 0 &quot; Mouse for Windows&quot; rev 2.00/1.00 addr 3
uhidev0: iclass 3/0
ums0 at uhidev0: 5 buttons, Z dir
wsmouse0 at ums0 mux 0
uhidev1 at uhub0 port 3 configuration 1 interface 1 &quot; Mouse for Windows&quot; rev 2.00/1.00 addr 3
uhidev1: iclass 3/0
ukbd0 at uhidev1: 8 variable keys, 6 key codes
wskbd1 at ukbd0 mux 1
wskbd1: connecting to wsdisplay0
ugen0 at uhub0 port 7 &quot;Intel Bluetooth&quot; rev 2.01/0.01 addr 4
uhidev2 at uhub0 port 9 configuration 1 interface 0 &quot;HK-ZYYK-US-A1-02-00 USB KEYBOARD&quot; rev 1.10/1.00 addr 5
uhidev2: iclass 3/1
ukbd1 at uhidev2: 8 variable keys, 6 key codes
wskbd2 at ukbd1 mux 1
wskbd2: connecting to wsdisplay0
uhidev3 at uhub0 port 9 configuration 1 interface 1 &quot;HK-ZYYK-US-A1-02-00 USB KEYBOARD&quot; rev 1.10/1.00 addr 5
uhidev3: iclass 3/0, 9 report ids
ums1 at uhidev3 reportid 1: 5 buttons, Z and W dir
wsmouse1 at ums1 mux 0
uhid0 at uhidev3 reportid 2: input=1, output=0, feature=0
uhid1 at uhidev3 reportid 3: input=3, output=0, feature=0
uhid2 at uhidev3 reportid 5: input=0, output=0, feature=5
uhid3 at uhidev3 reportid 9: input=1, output=0, feature=0
uhub2 at uhub0 port 13 configuration 1 interface 0 &quot;GenesysLogic USB3.0 Hub&quot; rev 3.00/92.23 addr 6
ure0 at uhub2 port 2 configuration 1 interface 0 &quot;Realtek USB 10/100/1000 LAN&quot; rev 3.00/30.00 addr 7
ure0: ver 5c30, address xx:xx:xx:xx:xx:xx
rgephy0 at ure0 phy 0: RTL8251 PHY, rev. 0
vscsi0 at root
scsibus2 at vscsi0: 256 targets
softraid0 at root
scsibus3 at softraid0: 256 targets
root on sd0a (b2b7df0f3d039a46.a) swap on sd0b dump on sd0b
iwm0: hw rev 0x210, fw ver 16.242414.0, address xx:xx:xx:xx:xx:xx
</pre>



</div><!-- content -->
<br />
<div id="footer">
All comments/news/posts are the property of their individual owner and
is presented without warranty of suitability, and solely as an
informational resource. <br />
This site Copyright &copy; 2004-2020 NYC*BUG.
</div><!-- footer -->

</body>
</html>

