



<!doctype html>
<html lang="en">
<head>
<meta name="keywords"
	content="bsd, freebsd, openbsd, netbsd, dragonflybsd, nycbug, dmesgd" />
<meta name="description" content="New York City BSD User Group dmesgd" />
<meta charset="utf-8" />
<meta name="viewport" content="width=device-width, initial-scale=1" />
<title>NYC*BUG dmesgd</title>
<style>
body {
	text-align: left;
	margin: 15px auto;
	padding: 0px 10px;
}
@media (min-width: 800px) {
	body {
		max-width: 85%;
	}
}
#header {
	border-bottom: 1px solid #dbdbdb;
	font-size: 230%;
	text-align: left;
}
#footer {
	border-top: 1px solid #dbdbdb;
	clear: both;
	text-align: left;
}
.logo_bug {
	color: #cc0033;
}
#menu ul {
	list-style-type: none;
	margin: 0;
	padding: 0;
}
#menu li {
	float: left;
}
#menu li a {
	display: block;
	background-color: #dbdbdb;
	color: #000000;
	font-size: 105%;
	font-weight: bold;
	padding: 0px 6px 0px 6px;
	text-decoration: none;
}
#content {
	clear: both;
	text-align: left;
	padding-top: 10px;
}
#content h1 {
	font-size: 120%;
	font-weight: bold;
}
#content h2 {
	font-size: 110%;
	font-weight: bold;
}
#content a {
	text-decoration: none;
}
#content pre {
	background-color: #dbdbdb;
	padding: 5px 5px 5px 5px;
	white-space: pre-wrap;		/* css-3 */
	white-space: -moz-pre-wrap;	/* Mozilla, since 1999 */
	white-space: -pre-wrap;		/* Opera 4-6 */
	white-space: -o-pre-wrap;	/* Opera 7 */
	word-wrap: break-word;		/* Internet Explorer 5.5+ */
}
#content table {
	border-collapse: collapse;
}
#content table th {
	border: 1px solid #dbdbdb;
	font-size: 85%;
	white-space: nowrap;
}
#content table td {
	border: 1px solid #dbdbdb;
	font-size: 80%;
}
#content input {
	font-size: 1em;
}
#content .full	{ width: 100%; }
#content .left	{ text-align: left; }
#content .right	{ text-align: right; }
#content .center { text-align: center; }
#content .flexbox {
	display: -ms-flex;
	display: -webkit-flex;
	display: flex;
	width: 100%;
}
#content .left_col {
	min-width: 75px;
	max-width: 50%;
	flex-grow: 0;
}
#content .right_col {
	flex-grow: 1;
	margin-left: 10px;
	padding-top: 10px;
	padding-left: 10px;
}
#col {
	-moz-column-count: 3;
	-webkit-column-count: 3;
	column-count: 3;
}
</style>
</head>
<body>

<div id="header">
<strong><em>NYC*</em><span class="logo_bug">BUG</span> dmesgd</strong>
</div><!-- header -->

<div id="menu">
<ul>
<li><a href="https://dmesgd.nycbug.org/index.cgi?do=index">Home</a></li>
<li><a href="https://dmesgd.nycbug.org/index.cgi?do=submit">Submit</a></li>
<li><a href="https://www.nycbug.org/">NYC*BUG</a></li>
</ul>
</div><!-- menu -->

<div id="content">

<p>
Launched in 2004, dmesgd aims to provide a
<strong>user-submitted</strong> repository of searchable *BSD dmesgs.
The dmesg(8) command displays the system message buffer's content, and
during boot a copy is saved to <em>/var/run/dmesg.boot</em>.  This buffer
contains the operating system release, name and version, a list of
devices identified, plus a whole host of other useful information.  We
hope others find this resource useful and further contribute to its
growth. Contact us at [ admin at lists dot nycbug dot org ].
</p>

<hr />


<strong>Date:</strong> <em>2018-09-01 20:44:22</em><br />
<strong>From:</strong> <em>Thiery SAMPY</em><br />
<strong>Description:</strong> <em>OpenBSD 6.3 on Lenovo ThinkStation P700 dual-CPU</em><br />

<pre>
OpenBSD 6.3 (GENERIC.MP) #107: Sat Mar 24 14:21:59 MDT 2018
    xxx@xxx.xxx:/usr/src/sys/arch/amd64/compile/GENERIC.MP
real mem = 34236014592 (32650MB)
avail mem = 33191354368 (31653MB)
mpath0 at root
scsibus0 at mpath0: 256 targets
mainbus0 at root
bios0 at mainbus0: SMBIOS rev. 2.8 @ 0xec9e0 (122 entries)
bios0: vendor LENOVO version &quot;A5KTA0AUS&quot; date 06/22/2018
bios0: LENOVO 30A8S0BU0M
acpi0 at bios0: rev 2
acpi0: sleep states S0 S3 S4 S5
acpi0: tables DSDT FACP APIC FPDT FIDT TCPA MCFG SLIC MSDM UEFI BDAT HPET MSCT PMCT SLIT SRAT WDDT SSDT HEST BERT ERST EINJ ASF! BGRT
acpi0: wakeup devices XHCI(S4) EHC1(S4) EHC2(S4) RP01(S4) RP02(S4) RP03(S4) RP04(S4) RP05(S4) RP06(S4) RP07(S4) RP08(S4) BR1A(S4) BR1B(S4) BR2A(S4) BR2B(S4) BR2C(S4) [...]
acpitimer0 at acpi0: 3579545 Hz, 24 bits
acpimadt0 at acpi0 addr 0xfee00000: PC-AT compat
cpu0 at mainbus0: apid 0 (boot processor)
cpu0: Intel(R) Xeon(R) CPU E5-2620 v3 @ 2.40GHz, 2394.81 MHz
cpu0: FPU,VME,DE,PSE,TSC,MSR,PAE,MCE,CX8,APIC,SEP,MTRR,PGE,MCA,CMOV,PAT,PSE36,CFLUSH,DS,ACPI,MMX,FXSR,SSE,SSE2,SS,HTT,TM,PBE,SSE3,PCLMUL,DTES64,MWAIT,DS-CPL,VMX,SMX,EST,TM2,SSSE3,SDBG,FMA3,CX16,xTPR,PDCM,PCID,DCA,SSE4.1,SSE4.2,x2APIC,MOVBE,POPCNT,DEADLINE,AES,XSAVE,AVX,F16C,RDRAND,NXE,PAGE1GB,RDTSCP,LONG,LAHF,ABM,PERF,ITSC,FSGSBASE,BMI1,AVX2,SMEP,BMI2,ERMS,INVPCID,PQM,IBRS,IBPB,STIBP,SENSOR,ARAT,MELTDOWN
cpu0: 256KB 64b/line 8-way L2 cache
acpitimer0: recalibrated TSC frequency 2394463925 Hz
cpu0: smt 0, core 0, package 0
mtrr: Pentium Pro MTRR support, 10 var ranges, 88 fixed ranges
cpu0: apic clock running at 99MHz
cpu0: mwait min=64, max=64, C-substates=0.2.1.2, IBE
cpu1 at mainbus0: apid 2 (application processor)
cpu1: Intel(R) Xeon(R) CPU E5-2620 v3 @ 2.40GHz, 2394.46 MHz
cpu1: FPU,VME,DE,PSE,TSC,MSR,PAE,MCE,CX8,APIC,SEP,MTRR,PGE,MCA,CMOV,PAT,PSE36,CFLUSH,DS,ACPI,MMX,FXSR,SSE,SSE2,SS,HTT,TM,PBE,SSE3,PCLMUL,DTES64,MWAIT,DS-CPL,VMX,SMX,EST,TM2,SSSE3,SDBG,FMA3,CX16,xTPR,PDCM,PCID,DCA,SSE4.1,SSE4.2,x2APIC,MOVBE,POPCNT,DEADLINE,AES,XSAVE,AVX,F16C,RDRAND,NXE,PAGE1GB,RDTSCP,LONG,LAHF,ABM,PERF,ITSC,FSGSBASE,BMI1,AVX2,SMEP,BMI2,ERMS,INVPCID,PQM,IBRS,IBPB,STIBP,SENSOR,ARAT,MELTDOWN
cpu1: 256KB 64b/line 8-way L2 cache
cpu1: smt 0, core 1, package 0
cpu2 at mainbus0: apid 4 (application processor)
cpu2: Intel(R) Xeon(R) CPU E5-2620 v3 @ 2.40GHz, 2394.46 MHz
cpu2: FPU,VME,DE,PSE,TSC,MSR,PAE,MCE,CX8,APIC,SEP,MTRR,PGE,MCA,CMOV,PAT,PSE36,CFLUSH,DS,ACPI,MMX,FXSR,SSE,SSE2,SS,HTT,TM,PBE,SSE3,PCLMUL,DTES64,MWAIT,DS-CPL,VMX,SMX,EST,TM2,SSSE3,SDBG,FMA3,CX16,xTPR,PDCM,PCID,DCA,SSE4.1,SSE4.2,x2APIC,MOVBE,POPCNT,DEADLINE,AES,XSAVE,AVX,F16C,RDRAND,NXE,PAGE1GB,RDTSCP,LONG,LAHF,ABM,PERF,ITSC,FSGSBASE,BMI1,AVX2,SMEP,BMI2,ERMS,INVPCID,PQM,IBRS,IBPB,STIBP,SENSOR,ARAT,MELTDOWN
cpu2: 256KB 64b/line 8-way L2 cache
cpu2: smt 0, core 2, package 0
cpu3 at mainbus0: apid 6 (application processor)
cpu3: Intel(R) Xeon(R) CPU E5-2620 v3 @ 2.40GHz, 2394.46 MHz
cpu3: FPU,VME,DE,PSE,TSC,MSR,PAE,MCE,CX8,APIC,SEP,MTRR,PGE,MCA,CMOV,PAT,PSE36,CFLUSH,DS,ACPI,MMX,FXSR,SSE,SSE2,SS,HTT,TM,PBE,SSE3,PCLMUL,DTES64,MWAIT,DS-CPL,VMX,SMX,EST,TM2,SSSE3,SDBG,FMA3,CX16,xTPR,PDCM,PCID,DCA,SSE4.1,SSE4.2,x2APIC,MOVBE,POPCNT,DEADLINE,AES,XSAVE,AVX,F16C,RDRAND,NXE,PAGE1GB,RDTSCP,LONG,LAHF,ABM,PERF,ITSC,FSGSBASE,BMI1,AVX2,SMEP,BMI2,ERMS,INVPCID,PQM,IBRS,IBPB,STIBP,SENSOR,ARAT,MELTDOWN
cpu3: 256KB 64b/line 8-way L2 cache
cpu3: smt 0, core 3, package 0
cpu4 at mainbus0: apid 8 (application processor)
cpu4: Intel(R) Xeon(R) CPU E5-2620 v3 @ 2.40GHz, 2394.46 MHz
cpu4: FPU,VME,DE,PSE,TSC,MSR,PAE,MCE,CX8,APIC,SEP,MTRR,PGE,MCA,CMOV,PAT,PSE36,CFLUSH,DS,ACPI,MMX,FXSR,SSE,SSE2,SS,HTT,TM,PBE,SSE3,PCLMUL,DTES64,MWAIT,DS-CPL,VMX,SMX,EST,TM2,SSSE3,SDBG,FMA3,CX16,xTPR,PDCM,PCID,DCA,SSE4.1,SSE4.2,x2APIC,MOVBE,POPCNT,DEADLINE,AES,XSAVE,AVX,F16C,RDRAND,NXE,PAGE1GB,RDTSCP,LONG,LAHF,ABM,PERF,ITSC,FSGSBASE,BMI1,AVX2,SMEP,BMI2,ERMS,INVPCID,PQM,IBRS,IBPB,STIBP,SENSOR,ARAT,MELTDOWN
cpu4: 256KB 64b/line 8-way L2 cache
cpu4: smt 0, core 4, package 0
cpu5 at mainbus0: apid 10 (application processor)
cpu5: Intel(R) Xeon(R) CPU E5-2620 v3 @ 2.40GHz, 2394.46 MHz
cpu5: FPU,VME,DE,PSE,TSC,MSR,PAE,MCE,CX8,APIC,SEP,MTRR,PGE,MCA,CMOV,PAT,PSE36,CFLUSH,DS,ACPI,MMX,FXSR,SSE,SSE2,SS,HTT,TM,PBE,SSE3,PCLMUL,DTES64,MWAIT,DS-CPL,VMX,SMX,EST,TM2,SSSE3,SDBG,FMA3,CX16,xTPR,PDCM,PCID,DCA,SSE4.1,SSE4.2,x2APIC,MOVBE,POPCNT,DEADLINE,AES,XSAVE,AVX,F16C,RDRAND,NXE,PAGE1GB,RDTSCP,LONG,LAHF,ABM,PERF,ITSC,FSGSBASE,BMI1,AVX2,SMEP,BMI2,ERMS,INVPCID,PQM,IBRS,IBPB,STIBP,SENSOR,ARAT,MELTDOWN
cpu5: 256KB 64b/line 8-way L2 cache
cpu5: smt 0, core 5, package 0
cpu6 at mainbus0: apid 16 (application processor)
cpu6: Intel(R) Xeon(R) CPU E5-2620 v3 @ 2.40GHz, 2394.12 MHz
cpu6: FPU,VME,DE,PSE,TSC,MSR,PAE,MCE,CX8,APIC,SEP,MTRR,PGE,MCA,CMOV,PAT,PSE36,CFLUSH,DS,ACPI,MMX,FXSR,SSE,SSE2,SS,HTT,TM,PBE,SSE3,PCLMUL,DTES64,MWAIT,DS-CPL,VMX,SMX,EST,TM2,SSSE3,SDBG,FMA3,CX16,xTPR,PDCM,PCID,DCA,SSE4.1,SSE4.2,x2APIC,MOVBE,POPCNT,DEADLINE,AES,XSAVE,AVX,F16C,RDRAND,NXE,PAGE1GB,RDTSCP,LONG,LAHF,ABM,PERF,ITSC,FSGSBASE,BMI1,AVX2,SMEP,BMI2,ERMS,INVPCID,PQM,IBRS,IBPB,STIBP,SENSOR,ARAT,MELTDOWN
cpu6: 256KB 64b/line 8-way L2 cache
cpu6: smt 0, core 0, package 1
cpu7 at mainbus0: apid 18 (application processor)
cpu7: Intel(R) Xeon(R) CPU E5-2620 v3 @ 2.40GHz, 2394.46 MHz
cpu7: FPU,VME,DE,PSE,TSC,MSR,PAE,MCE,CX8,APIC,SEP,MTRR,PGE,MCA,CMOV,PAT,PSE36,CFLUSH,DS,ACPI,MMX,FXSR,SSE,SSE2,SS,HTT,TM,PBE,SSE3,PCLMUL,DTES64,MWAIT,DS-CPL,VMX,SMX,EST,TM2,SSSE3,SDBG,FMA3,CX16,xTPR,PDCM,PCID,DCA,SSE4.1,SSE4.2,x2APIC,MOVBE,POPCNT,DEADLINE,AES,XSAVE,AVX,F16C,RDRAND,NXE,PAGE1GB,RDTSCP,LONG,LAHF,ABM,PERF,ITSC,FSGSBASE,BMI1,AVX2,SMEP,BMI2,ERMS,INVPCID,PQM,IBRS,IBPB,STIBP,SENSOR,ARAT,MELTDOWN
cpu7: 256KB 64b/line 8-way L2 cache
cpu7: smt 0, core 1, package 1
cpu8 at mainbus0: apid 20 (application processor)
cpu8: Intel(R) Xeon(R) CPU E5-2620 v3 @ 2.40GHz, 2394.46 MHz
cpu8: FPU,VME,DE,PSE,TSC,MSR,PAE,MCE,CX8,APIC,SEP,MTRR,PGE,MCA,CMOV,PAT,PSE36,CFLUSH,DS,ACPI,MMX,FXSR,SSE,SSE2,SS,HTT,TM,PBE,SSE3,PCLMUL,DTES64,MWAIT,DS-CPL,VMX,SMX,EST,TM2,SSSE3,SDBG,FMA3,CX16,xTPR,PDCM,PCID,DCA,SSE4.1,SSE4.2,x2APIC,MOVBE,POPCNT,DEADLINE,AES,XSAVE,AVX,F16C,RDRAND,NXE,PAGE1GB,RDTSCP,LONG,LAHF,ABM,PERF,ITSC,FSGSBASE,BMI1,AVX2,SMEP,BMI2,ERMS,INVPCID,PQM,IBRS,IBPB,STIBP,SENSOR,ARAT,MELTDOWN
cpu8: 256KB 64b/line 8-way L2 cache
cpu8: smt 0, core 2, package 1
cpu9 at mainbus0: apid 22 (application processor)
cpu9: Intel(R) Xeon(R) CPU E5-2620 v3 @ 2.40GHz, 2394.46 MHz
cpu9: FPU,VME,DE,PSE,TSC,MSR,PAE,MCE,CX8,APIC,SEP,MTRR,PGE,MCA,CMOV,PAT,PSE36,CFLUSH,DS,ACPI,MMX,FXSR,SSE,SSE2,SS,HTT,TM,PBE,SSE3,PCLMUL,DTES64,MWAIT,DS-CPL,VMX,SMX,EST,TM2,SSSE3,SDBG,FMA3,CX16,xTPR,PDCM,PCID,DCA,SSE4.1,SSE4.2,x2APIC,MOVBE,POPCNT,DEADLINE,AES,XSAVE,AVX,F16C,RDRAND,NXE,PAGE1GB,RDTSCP,LONG,LAHF,ABM,PERF,ITSC,FSGSBASE,BMI1,AVX2,SMEP,BMI2,ERMS,INVPCID,PQM,IBRS,IBPB,STIBP,SENSOR,ARAT,MELTDOWN
cpu9: 256KB 64b/line 8-way L2 cache
cpu9: smt 0, core 3, package 1
cpu10 at mainbus0: apid 24 (application processor)
cpu10: Intel(R) Xeon(R) CPU E5-2620 v3 @ 2.40GHz, 2394.46 MHz
cpu10: FPU,VME,DE,PSE,TSC,MSR,PAE,MCE,CX8,APIC,SEP,MTRR,PGE,MCA,CMOV,PAT,PSE36,CFLUSH,DS,ACPI,MMX,FXSR,SSE,SSE2,SS,HTT,TM,PBE,SSE3,PCLMUL,DTES64,MWAIT,DS-CPL,VMX,SMX,EST,TM2,SSSE3,SDBG,FMA3,CX16,xTPR,PDCM,PCID,DCA,SSE4.1,SSE4.2,x2APIC,MOVBE,POPCNT,DEADLINE,AES,XSAVE,AVX,F16C,RDRAND,NXE,PAGE1GB,RDTSCP,LONG,LAHF,ABM,PERF,ITSC,FSGSBASE,BMI1,AVX2,SMEP,BMI2,ERMS,INVPCID,PQM,IBRS,IBPB,STIBP,SENSOR,ARAT,MELTDOWN
cpu10: 256KB 64b/line 8-way L2 cache
cpu10: smt 0, core 4, package 1
cpu11 at mainbus0: apid 26 (application processor)
cpu11: Intel(R) Xeon(R) CPU E5-2620 v3 @ 2.40GHz, 2394.46 MHz
cpu11: FPU,VME,DE,PSE,TSC,MSR,PAE,MCE,CX8,APIC,SEP,MTRR,PGE,MCA,CMOV,PAT,PSE36,CFLUSH,DS,ACPI,MMX,FXSR,SSE,SSE2,SS,HTT,TM,PBE,SSE3,PCLMUL,DTES64,MWAIT,DS-CPL,VMX,SMX,EST,TM2,SSSE3,SDBG,FMA3,CX16,xTPR,PDCM,PCID,DCA,SSE4.1,SSE4.2,x2APIC,MOVBE,POPCNT,DEADLINE,AES,XSAVE,AVX,F16C,RDRAND,NXE,PAGE1GB,RDTSCP,LONG,LAHF,ABM,PERF,ITSC,FSGSBASE,BMI1,AVX2,SMEP,BMI2,ERMS,INVPCID,PQM,IBRS,IBPB,STIBP,SENSOR,ARAT,MELTDOWN
cpu11: 256KB 64b/line 8-way L2 cache
cpu11: smt 0, core 5, package 1
cpu12 at mainbus0: apid 1 (application processor)
cpu12: Intel(R) Xeon(R) CPU E5-2620 v3 @ 2.40GHz, 2394.46 MHz
cpu12: FPU,VME,DE,PSE,TSC,MSR,PAE,MCE,CX8,APIC,SEP,MTRR,PGE,MCA,CMOV,PAT,PSE36,CFLUSH,DS,ACPI,MMX,FXSR,SSE,SSE2,SS,HTT,TM,PBE,SSE3,PCLMUL,DTES64,MWAIT,DS-CPL,VMX,SMX,EST,TM2,SSSE3,SDBG,FMA3,CX16,xTPR,PDCM,PCID,DCA,SSE4.1,SSE4.2,x2APIC,MOVBE,POPCNT,DEADLINE,AES,XSAVE,AVX,F16C,RDRAND,NXE,PAGE1GB,RDTSCP,LONG,LAHF,ABM,PERF,ITSC,FSGSBASE,BMI1,AVX2,SMEP,BMI2,ERMS,INVPCID,PQM,IBRS,IBPB,STIBP,SENSOR,ARAT,MELTDOWN
cpu12: 256KB 64b/line 8-way L2 cache
cpu12: smt 1, core 0, package 0
cpu13 at mainbus0: apid 3 (application processor)
cpu13: Intel(R) Xeon(R) CPU E5-2620 v3 @ 2.40GHz, 2394.46 MHz
cpu13: FPU,VME,DE,PSE,TSC,MSR,PAE,MCE,CX8,APIC,SEP,MTRR,PGE,MCA,CMOV,PAT,PSE36,CFLUSH,DS,ACPI,MMX,FXSR,SSE,SSE2,SS,HTT,TM,PBE,SSE3,PCLMUL,DTES64,MWAIT,DS-CPL,VMX,SMX,EST,TM2,SSSE3,SDBG,FMA3,CX16,xTPR,PDCM,PCID,DCA,SSE4.1,SSE4.2,x2APIC,MOVBE,POPCNT,DEADLINE,AES,XSAVE,AVX,F16C,RDRAND,NXE,PAGE1GB,RDTSCP,LONG,LAHF,ABM,PERF,ITSC,FSGSBASE,BMI1,AVX2,SMEP,BMI2,ERMS,INVPCID,PQM,IBRS,IBPB,STIBP,SENSOR,ARAT,MELTDOWN
cpu13: 256KB 64b/line 8-way L2 cache
cpu13: smt 1, core 1, package 0
cpu14 at mainbus0: apid 5 (application processor)
cpu14: Intel(R) Xeon(R) CPU E5-2620 v3 @ 2.40GHz, 2394.46 MHz
cpu14: FPU,VME,DE,PSE,TSC,MSR,PAE,MCE,CX8,APIC,SEP,MTRR,PGE,MCA,CMOV,PAT,PSE36,CFLUSH,DS,ACPI,MMX,FXSR,SSE,SSE2,SS,HTT,TM,PBE,SSE3,PCLMUL,DTES64,MWAIT,DS-CPL,VMX,SMX,EST,TM2,SSSE3,SDBG,FMA3,CX16,xTPR,PDCM,PCID,DCA,SSE4.1,SSE4.2,x2APIC,MOVBE,POPCNT,DEADLINE,AES,XSAVE,AVX,F16C,RDRAND,NXE,PAGE1GB,RDTSCP,LONG,LAHF,ABM,PERF,ITSC,FSGSBASE,BMI1,AVX2,SMEP,BMI2,ERMS,INVPCID,PQM,IBRS,IBPB,STIBP,SENSOR,ARAT,MELTDOWN
cpu14: 256KB 64b/line 8-way L2 cache
cpu14: smt 1, core 2, package 0
cpu15 at mainbus0: apid 7 (application processor)
cpu15: Intel(R) Xeon(R) CPU E5-2620 v3 @ 2.40GHz, 2394.46 MHz
cpu15: FPU,VME,DE,PSE,TSC,MSR,PAE,MCE,CX8,APIC,SEP,MTRR,PGE,MCA,CMOV,PAT,PSE36,CFLUSH,DS,ACPI,MMX,FXSR,SSE,SSE2,SS,HTT,TM,PBE,SSE3,PCLMUL,DTES64,MWAIT,DS-CPL,VMX,SMX,EST,TM2,SSSE3,SDBG,FMA3,CX16,xTPR,PDCM,PCID,DCA,SSE4.1,SSE4.2,x2APIC,MOVBE,POPCNT,DEADLINE,AES,XSAVE,AVX,F16C,RDRAND,NXE,PAGE1GB,RDTSCP,LONG,LAHF,ABM,PERF,ITSC,FSGSBASE,BMI1,AVX2,SMEP,BMI2,ERMS,INVPCID,PQM,IBRS,IBPB,STIBP,SENSOR,ARAT,MELTDOWN
cpu15: 256KB 64b/line 8-way L2 cache
cpu15: smt 1, core 3, package 0
cpu16 at mainbus0: apid 9 (application processor)
cpu16: Intel(R) Xeon(R) CPU E5-2620 v3 @ 2.40GHz, 2394.46 MHz
cpu16: FPU,VME,DE,PSE,TSC,MSR,PAE,MCE,CX8,APIC,SEP,MTRR,PGE,MCA,CMOV,PAT,PSE36,CFLUSH,DS,ACPI,MMX,FXSR,SSE,SSE2,SS,HTT,TM,PBE,SSE3,PCLMUL,DTES64,MWAIT,DS-CPL,VMX,SMX,EST,TM2,SSSE3,SDBG,FMA3,CX16,xTPR,PDCM,PCID,DCA,SSE4.1,SSE4.2,x2APIC,MOVBE,POPCNT,DEADLINE,AES,XSAVE,AVX,F16C,RDRAND,NXE,PAGE1GB,RDTSCP,LONG,LAHF,ABM,PERF,ITSC,FSGSBASE,BMI1,AVX2,SMEP,BMI2,ERMS,INVPCID,PQM,IBRS,IBPB,STIBP,SENSOR,ARAT,MELTDOWN
cpu16: 256KB 64b/line 8-way L2 cache
cpu16: smt 1, core 4, package 0
cpu17 at mainbus0: apid 11 (application processor)
cpu17: Intel(R) Xeon(R) CPU E5-2620 v3 @ 2.40GHz, 2394.46 MHz
cpu17: FPU,VME,DE,PSE,TSC,MSR,PAE,MCE,CX8,APIC,SEP,MTRR,PGE,MCA,CMOV,PAT,PSE36,CFLUSH,DS,ACPI,MMX,FXSR,SSE,SSE2,SS,HTT,TM,PBE,SSE3,PCLMUL,DTES64,MWAIT,DS-CPL,VMX,SMX,EST,TM2,SSSE3,SDBG,FMA3,CX16,xTPR,PDCM,PCID,DCA,SSE4.1,SSE4.2,x2APIC,MOVBE,POPCNT,DEADLINE,AES,XSAVE,AVX,F16C,RDRAND,NXE,PAGE1GB,RDTSCP,LONG,LAHF,ABM,PERF,ITSC,FSGSBASE,BMI1,AVX2,SMEP,BMI2,ERMS,INVPCID,PQM,IBRS,IBPB,STIBP,SENSOR,ARAT,MELTDOWN
cpu17: 256KB 64b/line 8-way L2 cache
cpu17: smt 1, core 5, package 0
cpu18 at mainbus0: apid 17 (application processor)
cpu18: Intel(R) Xeon(R) CPU E5-2620 v3 @ 2.40GHz, 2394.46 MHz
cpu18: FPU,VME,DE,PSE,TSC,MSR,PAE,MCE,CX8,APIC,SEP,MTRR,PGE,MCA,CMOV,PAT,PSE36,CFLUSH,DS,ACPI,MMX,FXSR,SSE,SSE2,SS,HTT,TM,PBE,SSE3,PCLMUL,DTES64,MWAIT,DS-CPL,VMX,SMX,EST,TM2,SSSE3,SDBG,FMA3,CX16,xTPR,PDCM,PCID,DCA,SSE4.1,SSE4.2,x2APIC,MOVBE,POPCNT,DEADLINE,AES,XSAVE,AVX,F16C,RDRAND,NXE,PAGE1GB,RDTSCP,LONG,LAHF,ABM,PERF,ITSC,FSGSBASE,BMI1,AVX2,SMEP,BMI2,ERMS,INVPCID,PQM,IBRS,IBPB,STIBP,SENSOR,ARAT,MELTDOWN
cpu18: 256KB 64b/line 8-way L2 cache
cpu18: smt 1, core 0, package 1
cpu19 at mainbus0: apid 19 (application processor)
cpu19: Intel(R) Xeon(R) CPU E5-2620 v3 @ 2.40GHz, 2394.46 MHz
cpu19: FPU,VME,DE,PSE,TSC,MSR,PAE,MCE,CX8,APIC,SEP,MTRR,PGE,MCA,CMOV,PAT,PSE36,CFLUSH,DS,ACPI,MMX,FXSR,SSE,SSE2,SS,HTT,TM,PBE,SSE3,PCLMUL,DTES64,MWAIT,DS-CPL,VMX,SMX,EST,TM2,SSSE3,SDBG,FMA3,CX16,xTPR,PDCM,PCID,DCA,SSE4.1,SSE4.2,x2APIC,MOVBE,POPCNT,DEADLINE,AES,XSAVE,AVX,F16C,RDRAND,NXE,PAGE1GB,RDTSCP,LONG,LAHF,ABM,PERF,ITSC,FSGSBASE,BMI1,AVX2,SMEP,BMI2,ERMS,INVPCID,PQM,IBRS,IBPB,STIBP,SENSOR,ARAT,MELTDOWN
cpu19: 256KB 64b/line 8-way L2 cache
cpu19: smt 1, core 1, package 1
cpu20 at mainbus0: apid 21 (application processor)
cpu20: Intel(R) Xeon(R) CPU E5-2620 v3 @ 2.40GHz, 2394.46 MHz
cpu20: FPU,VME,DE,PSE,TSC,MSR,PAE,MCE,CX8,APIC,SEP,MTRR,PGE,MCA,CMOV,PAT,PSE36,CFLUSH,DS,ACPI,MMX,FXSR,SSE,SSE2,SS,HTT,TM,PBE,SSE3,PCLMUL,DTES64,MWAIT,DS-CPL,VMX,SMX,EST,TM2,SSSE3,SDBG,FMA3,CX16,xTPR,PDCM,PCID,DCA,SSE4.1,SSE4.2,x2APIC,MOVBE,POPCNT,DEADLINE,AES,XSAVE,AVX,F16C,RDRAND,NXE,PAGE1GB,RDTSCP,LONG,LAHF,ABM,PERF,ITSC,FSGSBASE,BMI1,AVX2,SMEP,BMI2,ERMS,INVPCID,PQM,IBRS,IBPB,STIBP,SENSOR,ARAT,MELTDOWN
cpu20: 256KB 64b/line 8-way L2 cache
cpu20: smt 1, core 2, package 1
cpu21 at mainbus0: apid 23 (application processor)
cpu21: Intel(R) Xeon(R) CPU E5-2620 v3 @ 2.40GHz, 2394.46 MHz
cpu21: FPU,VME,DE,PSE,TSC,MSR,PAE,MCE,CX8,APIC,SEP,MTRR,PGE,MCA,CMOV,PAT,PSE36,CFLUSH,DS,ACPI,MMX,FXSR,SSE,SSE2,SS,HTT,TM,PBE,SSE3,PCLMUL,DTES64,MWAIT,DS-CPL,VMX,SMX,EST,TM2,SSSE3,SDBG,FMA3,CX16,xTPR,PDCM,PCID,DCA,SSE4.1,SSE4.2,x2APIC,MOVBE,POPCNT,DEADLINE,AES,XSAVE,AVX,F16C,RDRAND,NXE,PAGE1GB,RDTSCP,LONG,LAHF,ABM,PERF,ITSC,FSGSBASE,BMI1,AVX2,SMEP,BMI2,ERMS,INVPCID,PQM,IBRS,IBPB,STIBP,SENSOR,ARAT,MELTDOWN
cpu21: 256KB 64b/line 8-way L2 cache
cpu21: smt 1, core 3, package 1
cpu22 at mainbus0: apid 25 (application processor)
cpu22: Intel(R) Xeon(R) CPU E5-2620 v3 @ 2.40GHz, 2394.46 MHz
cpu22: FPU,VME,DE,PSE,TSC,MSR,PAE,MCE,CX8,APIC,SEP,MTRR,PGE,MCA,CMOV,PAT,PSE36,CFLUSH,DS,ACPI,MMX,FXSR,SSE,SSE2,SS,HTT,TM,PBE,SSE3,PCLMUL,DTES64,MWAIT,DS-CPL,VMX,SMX,EST,TM2,SSSE3,SDBG,FMA3,CX16,xTPR,PDCM,PCID,DCA,SSE4.1,SSE4.2,x2APIC,MOVBE,POPCNT,DEADLINE,AES,XSAVE,AVX,F16C,RDRAND,NXE,PAGE1GB,RDTSCP,LONG,LAHF,ABM,PERF,ITSC,FSGSBASE,BMI1,AVX2,SMEP,BMI2,ERMS,INVPCID,PQM,IBRS,IBPB,STIBP,SENSOR,ARAT,MELTDOWN
cpu22: 256KB 64b/line 8-way L2 cache
cpu22: smt 1, core 4, package 1
cpu23 at mainbus0: apid 27 (application processor)
cpu23: Intel(R) Xeon(R) CPU E5-2620 v3 @ 2.40GHz, 2394.46 MHz
cpu23: FPU,VME,DE,PSE,TSC,MSR,PAE,MCE,CX8,APIC,SEP,MTRR,PGE,MCA,CMOV,PAT,PSE36,CFLUSH,DS,ACPI,MMX,FXSR,SSE,SSE2,SS,HTT,TM,PBE,SSE3,PCLMUL,DTES64,MWAIT,DS-CPL,VMX,SMX,EST,TM2,SSSE3,SDBG,FMA3,CX16,xTPR,PDCM,PCID,DCA,SSE4.1,SSE4.2,x2APIC,MOVBE,POPCNT,DEADLINE,AES,XSAVE,AVX,F16C,RDRAND,NXE,PAGE1GB,RDTSCP,LONG,LAHF,ABM,PERF,ITSC,FSGSBASE,BMI1,AVX2,SMEP,BMI2,ERMS,INVPCID,PQM,IBRS,IBPB,STIBP,SENSOR,ARAT,MELTDOWN
cpu23: 256KB 64b/line 8-way L2 cache
cpu23: smt 1, core 5, package 1
ioapic0 at mainbus0: apid 1 pa 0xfec00000, version 20, 24 pins
ioapic1 at mainbus0: apid 2 pa 0xfec01000, version 20, 24 pins
ioapic2 at mainbus0: apid 3 pa 0xfec40000, version 20, 24 pins
acpimcfg0 at acpi0 addr 0x80000000, bus 0-255
acpihpet0 at acpi0: 14318179 Hz
acpihpet0: recalibrated TSC frequency 2394470080 Hz
acpiprt0 at acpi0: bus 255 (UNC1)
acpiprt1 at acpi0: bus 127 (UNC0)
acpiprt2 at acpi0: bus 0 (PCI0)
acpiprt3 at acpi0: bus 5 (RP01)
acpiprt4 at acpi0: bus 6 (RP02)
acpiprt5 at acpi0: bus 7 (BR77)
acpiprt6 at acpi0: bus 8 (RP03)
acpiprt7 at acpi0: bus -1 (RP05)
acpiprt8 at acpi0: bus 1 (BR1A)
acpiprt9 at acpi0: bus 2 (BR1B)
acpiprt10 at acpi0: bus 3 (BR2A)
acpiprt11 at acpi0: bus 4 (BR3A)
acpiprt12 at acpi0: bus 128 (PCI1)
acpiprt13 at acpi0: bus -1 (QR1A)
acpiprt14 at acpi0: bus 129 (QR2A)
acpicpu0 at acpi0: C2(350@41 io@0x415), C1(1016@1 halt), PSS
acpicpu1 at acpi0: C2(350@41 io@0x415), C1(1016@1 halt), PSS
acpicpu2 at acpi0: C2(350@41 io@0x415), C1(1016@1 halt), PSS
acpicpu3 at acpi0: C2(350@41 io@0x415), C1(1016@1 halt), PSS
acpicpu4 at acpi0: C2(350@41 io@0x415), C1(1016@1 halt), PSS
acpicpu5 at acpi0: C2(350@41 io@0x415), C1(1016@1 halt), PSS
acpicpu6 at acpi0: C2(350@41 io@0x415), C1(1016@1 halt), PSS
acpicpu7 at acpi0: C2(350@41 io@0x415), C1(1016@1 halt), PSS
acpicpu8 at acpi0: C2(350@41 io@0x415), C1(1016@1 halt), PSS
acpicpu9 at acpi0: C2(350@41 io@0x415), C1(1016@1 halt), PSS
acpicpu10 at acpi0: C2(350@41 io@0x415), C1(1016@1 halt), PSS
acpicpu11 at acpi0: C2(350@41 io@0x415), C1(1016@1 halt), PSS
acpicpu12 at acpi0: C2(350@41 io@0x415), C1(1016@1 halt), PSS
acpicpu13 at acpi0: C2(350@41 io@0x415), C1(1016@1 halt), PSS
acpicpu14 at acpi0: C2(350@41 io@0x415), C1(1016@1 halt), PSS
acpicpu15 at acpi0: C2(350@41 io@0x415), C1(1016@1 halt), PSS
acpicpu16 at acpi0: C2(350@41 io@0x415), C1(1016@1 halt), PSS
acpicpu17 at acpi0: C2(350@41 io@0x415), C1(1016@1 halt), PSS
acpicpu18 at acpi0: C2(350@41 io@0x415), C1(1016@1 halt), PSS
acpicpu19 at acpi0: C2(350@41 io@0x415), C1(1016@1 halt), PSS
acpicpu20 at acpi0: C2(350@41 io@0x415), C1(1016@1 halt), PSS
acpicpu21 at acpi0: C2(350@41 io@0x415), C1(1016@1 halt), PSS
acpicpu22 at acpi0: C2(350@41 io@0x415), C1(1016@1 halt), PSS
acpicpu23 at acpi0: C2(350@41 io@0x415), C1(1016@1 halt), PSS
&quot;ACPI0004&quot; at acpi0 not configured
&quot;ACPI0004&quot; at acpi0 not configured
&quot;ACPI0004&quot; at acpi0 not configured
&quot;ACPI0004&quot; at acpi0 not configured
&quot;PNP0C33&quot; at acpi0 not configured
&quot;PNP0C14&quot; at acpi0 not configured
&quot;PNP0003&quot; at acpi0 not configured
&quot;PNP0C14&quot; at acpi0 not configured
acpibtn0 at acpi0: PWRB
tpm0 at acpi0: TPM_, can't find address
&quot;PNP0C14&quot; at acpi0 not configured
&quot;PNP0C14&quot; at acpi0 not configured
cpu0: Enhanced SpeedStep 2394 MHz: speeds: 2401, 2400, 2300, 2200, 2100, 2000, 1900, 1800, 1700, 1600, 1500, 1400, 1300, 1200 MHz
pci0 at mainbus0 bus 0
pchb0 at pci0 dev 0 function 0 &quot;Intel E5 v3 Host&quot; rev 0x02
ppb0 at pci0 dev 1 function 0 &quot;Intel E5 v3 PCIE&quot; rev 0x02: msi
pci1 at ppb0 bus 1
ppb1 at pci0 dev 1 function 1 &quot;Intel E5 v3 PCIE&quot; rev 0x02
pci2 at ppb1 bus 2
ppb2 at pci0 dev 2 function 0 &quot;Intel E5 v3 PCIE&quot; rev 0x02: msi
pci3 at ppb2 bus 3
ppb3 at pci0 dev 3 function 0 &quot;Intel E5 v3 PCIE&quot; rev 0x02: msi
pci4 at ppb3 bus 4
&quot;Intel E5 v3 Address Map&quot; rev 0x02 at pci0 dev 5 function 0 not configured
&quot;Intel E5 v3 Hot Plug&quot; rev 0x02 at pci0 dev 5 function 1 not configured
&quot;Intel E5 v3 Error Reporting&quot; rev 0x02 at pci0 dev 5 function 2 not configured
&quot;Intel E5 v3 I/O APIC&quot; rev 0x02 at pci0 dev 5 function 4 not configured
&quot;Intel C610 MS SPSR&quot; rev 0x05 at pci0 dev 17 function 0 not configured
ahci0 at pci0 dev 17 function 4 &quot;Intel C610 AHCI&quot; rev 0x05: msi, AHCI 1.3
ahci0: port 0: 6.0Gb/s
ahci0: port 1: 6.0Gb/s
ahci0: port 2: 6.0Gb/s
scsibus1 at ahci0: 32 targets
sd0 at scsibus1 targ 0 lun 0: &lt;ATA, Samsung SSD 840, DXM0&gt; SCSI3 0/direct fixed naa.50025385a0147356
sd0: 244198MB, 512 bytes/sector, 500118192 sectors, thin
sd1 at scsibus1 targ 1 lun 0: &lt;ATA, Samsung SSD 750, MAT0&gt; SCSI3 0/direct fixed naa.5002538d40df99bb
sd1: 114473MB, 512 bytes/sector, 234441648 sectors, thin
sd2 at scsibus1 targ 2 lun 0: &lt;ATA, TOSHIBA HDWD120, MX4O&gt; SCSI3 0/direct fixed naa.5000039fd4d4083b
sd2: 1907729MB, 512 bytes/sector, 3907029168 sectors
xhci0 at pci0 dev 20 function 0 &quot;Intel C610 xHCI&quot; rev 0x05: apic 1 int 19
usb0 at xhci0: USB revision 3.0
uhub0 at usb0 configuration 1 interface 0 &quot;Intel xHCI root hub&quot; rev 3.00/1.00 addr 1
&quot;Intel C610 MEI&quot; rev 0x05 at pci0 dev 22 function 0 not configured
pciide0 at pci0 dev 22 function 2 vendor &quot;Intel&quot;, unknown product 0x8d3c rev 0x05: DMA (unsupported), channel 0 wired to native-PCI, channel 1 wired to native-PCI
pciide0: using apic 1 int 16 for native-PCI interrupt
pciide0: channel 0 ignored (not responding; disabled or no drives?)
pciide0: channel 1 ignored (not responding; disabled or no drives?)
vendor &quot;Intel&quot;, unknown product 0x8d3d (class communications subclass serial, rev 0x05) at pci0 dev 22 function 3 not configured
em0 at pci0 dev 25 function 0 &quot;Intel I218-LM&quot; rev 0x05: msi, address xx:xx:xx:xx:xx:xx
ehci0 at pci0 dev 26 function 0 &quot;Intel C610 USB&quot; rev 0x05: apic 1 int 18
usb1 at ehci0: USB revision 2.0
uhub1 at usb1 configuration 1 interface 0 &quot;Intel EHCI root hub&quot; rev 2.00/1.00 addr 1
azalia0 at pci0 dev 27 function 0 &quot;Intel C610 HD Audio&quot; rev 0x05: msi
azalia0: codecs: Realtek ALC662
audio0 at azalia0
ppb4 at pci0 dev 28 function 0 &quot;Intel C610 PCIE&quot; rev 0xd5
pci5 at ppb4 bus 5
ppb5 at pci0 dev 28 function 1 &quot;Intel C610 PCIE&quot; rev 0xd5: msi
pci6 at ppb5 bus 6
ppb6 at pci6 dev 0 function 0 &quot;ITExpress IT8893E PCIE-PCI&quot; rev 0x41
pci7 at ppb6 bus 7
ppb7 at pci0 dev 28 function 2 &quot;Intel C610 PCIE&quot; rev 0xd5: msi
pci8 at ppb7 bus 8
em1 at pci8 dev 0 function 0 &quot;Intel I210&quot; rev 0x03: msi, address xx:xx:xx:xx:xx:xx
ehci1 at pci0 dev 29 function 0 &quot;Intel C610 USB&quot; rev 0x05: apic 1 int 18
usb2 at ehci1: USB revision 2.0
uhub2 at usb2 configuration 1 interface 0 &quot;Intel EHCI root hub&quot; rev 2.00/1.00 addr 1
pcib0 at pci0 dev 31 function 0 &quot;Intel C610 LPC&quot; rev 0x05
ahci1 at pci0 dev 31 function 2 &quot;Intel C610 AHCI&quot; rev 0x05: msi, AHCI 1.3
ahci1: port 0: 1.5Gb/s
scsibus2 at ahci1: 32 targets
cd0 at scsibus2 targ 0 lun 0: &lt;hp, DVD A DH16ABLH, 3HD9&gt; ATAPI 5/cdrom removable
ichiic0 at pci0 dev 31 function 3 &quot;Intel C610 SMBus&quot; rev 0x05: apic 1 int 18
iic0 at ichiic0
pchtemp0 at pci0 dev 31 function 6 &quot;Intel C610 Thermal&quot; rev 0x05
isa0 at pcib0
isadma0 at isa0
com0 at isa0 port 0x3f8/8 irq 4: ns16550a, 16 byte fifo
pckbc0 at isa0 port 0x60/5 irq 1 irq 12
pckbd0 at pckbc0 (kbd slot)
wskbd0 at pckbd0: console keyboard
vga0 at isa0 port 0x3b0/48 iomem 0xa0000/131072
wsdisplay0 at vga0 mux 1: console (80x25, vt100 emulation), using wskbd0
wsdisplay0: screen 1-5 added (80x25, vt100 emulation)
pcppi0 at isa0 port 0x61
spkr0 at pcppi0
pci9 at mainbus0 bus 255
255:30:3: mem address conflict 0x10/0x10
&quot;Intel E5 v3 QPI&quot; rev 0x02 at pci9 dev 8 function 0 not configured
&quot;Intel E5 v3 QPI&quot; rev 0x02 at pci9 dev 8 function 2 not configured
&quot;Intel E5 v3 QPI&quot; rev 0x02 at pci9 dev 8 function 3 not configured
&quot;Intel E5 v3 QPI Monitor&quot; rev 0x02 at pci9 dev 11 function 0 not configured
&quot;Intel E5 v3 QPI Monitor&quot; rev 0x02 at pci9 dev 11 function 1 not configured
&quot;Intel E5 v3 QPI Monitor&quot; rev 0x02 at pci9 dev 11 function 2 not configured
&quot;Intel E5 v3 Unicast&quot; rev 0x02 at pci9 dev 12 function 0 not configured
&quot;Intel E5 v3 Unicast&quot; rev 0x02 at pci9 dev 12 function 1 not configured
&quot;Intel E5 v3 Unicast&quot; rev 0x02 at pci9 dev 12 function 2 not configured
&quot;Intel E5 v3 Unicast&quot; rev 0x02 at pci9 dev 12 function 3 not configured
&quot;Intel E5 v3 Unicast&quot; rev 0x02 at pci9 dev 12 function 4 not configured
&quot;Intel E5 v3 Unicast&quot; rev 0x02 at pci9 dev 12 function 5 not configured
&quot;Intel E5 v3 Ring Agent&quot; rev 0x02 at pci9 dev 15 function 0 not configured
&quot;Intel E5 v3 Ring Agent&quot; rev 0x02 at pci9 dev 15 function 1 not configured
&quot;Intel E5 v3 SAD&quot; rev 0x02 at pci9 dev 15 function 4 not configured
&quot;Intel E5 v3 SAD&quot; rev 0x02 at pci9 dev 15 function 5 not configured
&quot;Intel E5 v3 SAD&quot; rev 0x02 at pci9 dev 15 function 6 not configured
&quot;Intel E5 v3 PCIE Ring&quot; rev 0x02 at pci9 dev 16 function 0 not configured
&quot;Intel E5 v3 PCIE Monitor&quot; rev 0x02 at pci9 dev 16 function 1 not configured
&quot;Intel E5 v3 Scratch&quot; rev 0x02 at pci9 dev 16 function 5 not configured
&quot;Intel E5 v3 Scratch&quot; rev 0x02 at pci9 dev 16 function 6 not configured
&quot;Intel E5 v3 Scratch&quot; rev 0x02 at pci9 dev 16 function 7 not configured
&quot;Intel E5 v3 Home Agent&quot; rev 0x02 at pci9 dev 18 function 0 not configured
&quot;Intel E5 v3 Home Agent&quot; rev 0x02 at pci9 dev 18 function 1 not configured
&quot;Intel E5 v3 Memory&quot; rev 0x02 at pci9 dev 19 function 0 not configured
&quot;Intel E5 v3 RAS&quot; rev 0x02 at pci9 dev 19 function 1 not configured
&quot;Intel E5 v3 TAD&quot; rev 0x02 at pci9 dev 19 function 2 not configured
&quot;Intel E5 v3 TAD&quot; rev 0x02 at pci9 dev 19 function 3 not configured
&quot;Intel E5 v3 TAD&quot; rev 0x02 at pci9 dev 19 function 4 not configured
&quot;Intel E5 v3 TAD&quot; rev 0x02 at pci9 dev 19 function 5 not configured
&quot;Intel E5 v3 DDR Broadcast&quot; rev 0x02 at pci9 dev 19 function 6 not configured
&quot;Intel E5 v3 DDR Broadcast&quot; rev 0x02 at pci9 dev 19 function 7 not configured
&quot;Intel E5 v3 Thermal&quot; rev 0x02 at pci9 dev 20 function 0 not configured
&quot;Intel E5 v3 Thermal&quot; rev 0x02 at pci9 dev 20 function 1 not configured
&quot;Intel E5 v3 Error&quot; rev 0x02 at pci9 dev 20 function 2 not configured
&quot;Intel E5 v3 Error&quot; rev 0x02 at pci9 dev 20 function 3 not configured
&quot;Intel E5 v3 DDRIO&quot; rev 0x02 at pci9 dev 20 function 6 not configured
&quot;Intel E5 v3 DDRIO&quot; rev 0x02 at pci9 dev 20 function 7 not configured
&quot;Intel E5 v3 Thermal&quot; rev 0x02 at pci9 dev 21 function 0 not configured
&quot;Intel E5 v3 Thermal&quot; rev 0x02 at pci9 dev 21 function 1 not configured
&quot;Intel E5 v3 Error&quot; rev 0x02 at pci9 dev 21 function 2 not configured
&quot;Intel E5 v3 Error&quot; rev 0x02 at pci9 dev 21 function 3 not configured
&quot;Intel E5 v3 TA&quot; rev 0x02 at pci9 dev 22 function 0 not configured
&quot;Intel E5 v3 DDR Broadcast&quot; rev 0x02 at pci9 dev 22 function 6 not configured
&quot;Intel E5 v3 DDR Broadcast&quot; rev 0x02 at pci9 dev 22 function 7 not configured
&quot;Intel E5 v3 Thermal&quot; rev 0x02 at pci9 dev 23 function 0 not configured
&quot;Intel E5 v3 DDRIO&quot; rev 0x02 at pci9 dev 23 function 4 not configured
&quot;Intel E5 v3 DDRIO&quot; rev 0x02 at pci9 dev 23 function 5 not configured
&quot;Intel E5 v3 DDRIO&quot; rev 0x02 at pci9 dev 23 function 6 not configured
&quot;Intel E5 v3 DDRIO&quot; rev 0x02 at pci9 dev 23 function 7 not configured
&quot;Intel E5 v3 PCU&quot; rev 0x02 at pci9 dev 30 function 0 not configured
&quot;Intel E5 v3 PCU&quot; rev 0x02 at pci9 dev 30 function 1 not configured
&quot;Intel E5 v3 PCU&quot; rev 0x02 at pci9 dev 30 function 2 not configured
&quot;Intel E5 v3 PCU&quot; rev 0x02 at pci9 dev 30 function 3 not configured
&quot;Intel E5 v3 PCU&quot; rev 0x02 at pci9 dev 30 function 4 not configured
&quot;Intel E5 v3 VCU&quot; rev 0x02 at pci9 dev 31 function 0 not configured
&quot;Intel E5 v3 VCU&quot; rev 0x02 at pci9 dev 31 function 2 not configured
pci10 at mainbus0 bus 127
127:30:3: mem address conflict 0x10/0x10
&quot;Intel E5 v3 QPI&quot; rev 0x02 at pci10 dev 8 function 0 not configured
&quot;Intel E5 v3 QPI&quot; rev 0x02 at pci10 dev 8 function 2 not configured
&quot;Intel E5 v3 QPI&quot; rev 0x02 at pci10 dev 8 function 3 not configured
&quot;Intel E5 v3 QPI Monitor&quot; rev 0x02 at pci10 dev 11 function 0 not configured
&quot;Intel E5 v3 QPI Monitor&quot; rev 0x02 at pci10 dev 11 function 1 not configured
&quot;Intel E5 v3 QPI Monitor&quot; rev 0x02 at pci10 dev 11 function 2 not configured
&quot;Intel E5 v3 Unicast&quot; rev 0x02 at pci10 dev 12 function 0 not configured
&quot;Intel E5 v3 Unicast&quot; rev 0x02 at pci10 dev 12 function 1 not configured
&quot;Intel E5 v3 Unicast&quot; rev 0x02 at pci10 dev 12 function 2 not configured
&quot;Intel E5 v3 Unicast&quot; rev 0x02 at pci10 dev 12 function 3 not configured
&quot;Intel E5 v3 Unicast&quot; rev 0x02 at pci10 dev 12 function 4 not configured
&quot;Intel E5 v3 Unicast&quot; rev 0x02 at pci10 dev 12 function 5 not configured
&quot;Intel E5 v3 Ring Agent&quot; rev 0x02 at pci10 dev 15 function 0 not configured
&quot;Intel E5 v3 Ring Agent&quot; rev 0x02 at pci10 dev 15 function 1 not configured
&quot;Intel E5 v3 SAD&quot; rev 0x02 at pci10 dev 15 function 4 not configured
&quot;Intel E5 v3 SAD&quot; rev 0x02 at pci10 dev 15 function 5 not configured
&quot;Intel E5 v3 SAD&quot; rev 0x02 at pci10 dev 15 function 6 not configured
&quot;Intel E5 v3 PCIE Ring&quot; rev 0x02 at pci10 dev 16 function 0 not configured
&quot;Intel E5 v3 PCIE Monitor&quot; rev 0x02 at pci10 dev 16 function 1 not configured
&quot;Intel E5 v3 Scratch&quot; rev 0x02 at pci10 dev 16 function 5 not configured
&quot;Intel E5 v3 Scratch&quot; rev 0x02 at pci10 dev 16 function 6 not configured
&quot;Intel E5 v3 Scratch&quot; rev 0x02 at pci10 dev 16 function 7 not configured
&quot;Intel E5 v3 Home Agent&quot; rev 0x02 at pci10 dev 18 function 0 not configured
&quot;Intel E5 v3 Home Agent&quot; rev 0x02 at pci10 dev 18 function 1 not configured
&quot;Intel E5 v3 Memory&quot; rev 0x02 at pci10 dev 19 function 0 not configured
&quot;Intel E5 v3 RAS&quot; rev 0x02 at pci10 dev 19 function 1 not configured
&quot;Intel E5 v3 TAD&quot; rev 0x02 at pci10 dev 19 function 2 not configured
&quot;Intel E5 v3 TAD&quot; rev 0x02 at pci10 dev 19 function 3 not configured
&quot;Intel E5 v3 TAD&quot; rev 0x02 at pci10 dev 19 function 4 not configured
&quot;Intel E5 v3 TAD&quot; rev 0x02 at pci10 dev 19 function 5 not configured
&quot;Intel E5 v3 DDR Broadcast&quot; rev 0x02 at pci10 dev 19 function 6 not configured
&quot;Intel E5 v3 DDR Broadcast&quot; rev 0x02 at pci10 dev 19 function 7 not configured
&quot;Intel E5 v3 Thermal&quot; rev 0x02 at pci10 dev 20 function 0 not configured
&quot;Intel E5 v3 Thermal&quot; rev 0x02 at pci10 dev 20 function 1 not configured
&quot;Intel E5 v3 Error&quot; rev 0x02 at pci10 dev 20 function 2 not configured
&quot;Intel E5 v3 Error&quot; rev 0x02 at pci10 dev 20 function 3 not configured
&quot;Intel E5 v3 DDRIO&quot; rev 0x02 at pci10 dev 20 function 6 not configured
&quot;Intel E5 v3 DDRIO&quot; rev 0x02 at pci10 dev 20 function 7 not configured
&quot;Intel E5 v3 Thermal&quot; rev 0x02 at pci10 dev 21 function 0 not configured
&quot;Intel E5 v3 Thermal&quot; rev 0x02 at pci10 dev 21 function 1 not configured
&quot;Intel E5 v3 Error&quot; rev 0x02 at pci10 dev 21 function 2 not configured
&quot;Intel E5 v3 Error&quot; rev 0x02 at pci10 dev 21 function 3 not configured
&quot;Intel E5 v3 TA&quot; rev 0x02 at pci10 dev 22 function 0 not configured
&quot;Intel E5 v3 DDR Broadcast&quot; rev 0x02 at pci10 dev 22 function 6 not configured
&quot;Intel E5 v3 DDR Broadcast&quot; rev 0x02 at pci10 dev 22 function 7 not configured
&quot;Intel E5 v3 Thermal&quot; rev 0x02 at pci10 dev 23 function 0 not configured
&quot;Intel E5 v3 DDRIO&quot; rev 0x02 at pci10 dev 23 function 4 not configured
&quot;Intel E5 v3 DDRIO&quot; rev 0x02 at pci10 dev 23 function 5 not configured
&quot;Intel E5 v3 DDRIO&quot; rev 0x02 at pci10 dev 23 function 6 not configured
&quot;Intel E5 v3 DDRIO&quot; rev 0x02 at pci10 dev 23 function 7 not configured
&quot;Intel E5 v3 PCU&quot; rev 0x02 at pci10 dev 30 function 0 not configured
&quot;Intel E5 v3 PCU&quot; rev 0x02 at pci10 dev 30 function 1 not configured
&quot;Intel E5 v3 PCU&quot; rev 0x02 at pci10 dev 30 function 2 not configured
&quot;Intel E5 v3 PCU&quot; rev 0x02 at pci10 dev 30 function 3 not configured
&quot;Intel E5 v3 PCU&quot; rev 0x02 at pci10 dev 30 function 4 not configured
&quot;Intel E5 v3 VCU&quot; rev 0x02 at pci10 dev 31 function 0 not configured
&quot;Intel E5 v3 VCU&quot; rev 0x02 at pci10 dev 31 function 2 not configured
pci11 at mainbus0 bus 128
ppb8 at pci11 dev 2 function 0 &quot;Intel E5 v3 PCIE&quot; rev 0x02: msi
pci12 at ppb8 bus 129
vendor &quot;NVIDIA&quot;, unknown product 0x128b (class display subclass VGA, rev 0xa1) at pci12 dev 0 function 0 not configured
azalia1 at pci12 dev 0 function 1 vendor &quot;NVIDIA&quot;, unknown product 0x0e0f rev 0xa1: msi
azalia1: no supported codecs
&quot;Intel E5 v3 Address Map&quot; rev 0x02 at pci11 dev 5 function 0 not configured
&quot;Intel E5 v3 Hot Plug&quot; rev 0x02 at pci11 dev 5 function 1 not configured
&quot;Intel E5 v3 Error Reporting&quot; rev 0x02 at pci11 dev 5 function 2 not configured
&quot;Intel E5 v3 I/O APIC&quot; rev 0x02 at pci11 dev 5 function 4 not configured
pci13 at mainbus0 bus 224
vmm0 at mainbus0: VMX/EPT
uhub3 at uhub0 port 5 configuration 1 interface 0 &quot;VIA Labs, Inc. USB Hub&quot; rev 2.10/53.80 addr 2
uhidev0 at uhub3 port 1 configuration 1 interface 0 &quot;Microsoft Microsoft\M-. 2.4GHz Transceiver v8.0&quot; rev 2.00/6.56 addr 3
uhidev0: iclass 3/1
ukbd0 at uhidev0: 8 variable keys, 6 key codes
wskbd1 at ukbd0 mux 1
wskbd1: connecting to wsdisplay0
uhidev1 at uhub3 port 1 configuration 1 interface 1 &quot;Microsoft Microsoft\M-. 2.4GHz Transceiver v8.0&quot; rev 2.00/6.56 addr 3
uhidev1: iclass 3/1, 28 report ids
uhid0 at uhidev1 reportid 18: input=0, output=0, feature=1
uhid1 at uhidev1 reportid 22: input=4, output=0, feature=0
uhid2 at uhidev1 reportid 23: input=0, output=0, feature=1
ums0 at uhidev1 reportid 26: 5 buttons, Z and W dir
wsmouse0 at ums0 mux 0
uhid3 at uhidev1 reportid 28: input=3, output=0, feature=0
uhidev2 at uhub3 port 1 configuration 1 interface 2 &quot;Microsoft Microsoft\M-. 2.4GHz Transceiver v8.0&quot; rev 2.00/6.56 addr 3
uhidev2: iclass 3/0, 8 report ids
uhid4 at uhidev2 reportid 3: input=1, output=0, feature=0
uhid5 at uhidev2 reportid 4: input=1, output=0, feature=0
uhid6 at uhidev2 reportid 7: input=7, output=0, feature=0
uhid7 at uhidev2 reportid 8: input=1, output=0, feature=0
ugen0 at uhub0 port 6 &quot;Generic USB2.0-CRW&quot; rev 2.00/39.60 addr 4
urtwn0 at uhub0 port 13 configuration 1 interface 0 &quot;Realtek NETGEAR WNA3100M&quot; rev 2.00/2.00 addr 5
urtwn0: MAC/BB RTL8192CU, RF 6052 2T2R, address xx:xx:xx:xx:xx:xx
uhub4 at uhub0 port 20 configuration 1 interface 0 &quot;VIA Labs, Inc. USB Hub&quot; rev 3.00/53.85 addr 6
uhub5 at uhub1 port 1 configuration 1 interface 0 &quot;Intel Rate Matching Hub&quot; rev 2.00/0.05 addr 2
uhub6 at uhub2 port 1 configuration 1 interface 0 &quot;Intel Rate Matching Hub&quot; rev 2.00/0.05 addr 2
vscsi0 at root
scsibus3 at vscsi0: 256 targets
softraid0 at root
scsibus4 at softraid0: 256 targets
root on sd1a (e71d59242dd0e74e.a) swap on sd1b dump on sd1b
chrome[73821]: pledge &quot;rpath&quot;, syscall 33
chrome[25614]: pledge &quot;rpath&quot;, syscall 33
chrome[51083]: pledge &quot;rpath&quot;, syscall 33
chrome[72702]: pledge &quot;rpath&quot;, syscall 33
chrome[15849]: pledge &quot;rpath&quot;, syscall 33
chrome[70137]: pledge &quot;rpath&quot;, syscall 33
</pre>



</div><!-- content -->
<br />
<div id="footer">
All comments/news/posts are the property of their individual owner and
is presented without warranty of suitability, and solely as an
informational resource. <br />
This site Copyright &copy; 2004-2020 NYC*BUG.
</div><!-- footer -->

</body>
</html>

