



<!doctype html>
<html lang="en">
<head>
<meta name="keywords"
	content="bsd, freebsd, openbsd, netbsd, dragonflybsd, nycbug, dmesgd" />
<meta name="description" content="New York City BSD User Group dmesgd" />
<meta charset="utf-8" />
<meta name="viewport" content="width=device-width, initial-scale=1" />
<title>NYC*BUG dmesgd</title>
<style>
body {
	text-align: left;
	margin: 15px auto;
	padding: 0px 10px;
}
@media (min-width: 800px) {
	body {
		max-width: 85%;
	}
}
#header {
	border-bottom: 1px solid #dbdbdb;
	font-size: 230%;
	text-align: left;
}
#footer {
	border-top: 1px solid #dbdbdb;
	clear: both;
	text-align: left;
}
.logo_bug {
	color: #cc0033;
}
#menu ul {
	list-style-type: none;
	margin: 0;
	padding: 0;
}
#menu li {
	float: left;
}
#menu li a {
	display: block;
	background-color: #dbdbdb;
	color: #000000;
	font-size: 105%;
	font-weight: bold;
	padding: 0px 6px 0px 6px;
	text-decoration: none;
}
#content {
	clear: both;
	text-align: left;
	padding-top: 10px;
}
#content h1 {
	font-size: 120%;
	font-weight: bold;
}
#content h2 {
	font-size: 110%;
	font-weight: bold;
}
#content a {
	text-decoration: none;
}
#content pre {
	background-color: #dbdbdb;
	padding: 5px 5px 5px 5px;
	white-space: pre-wrap;		/* css-3 */
	white-space: -moz-pre-wrap;	/* Mozilla, since 1999 */
	white-space: -pre-wrap;		/* Opera 4-6 */
	white-space: -o-pre-wrap;	/* Opera 7 */
	word-wrap: break-word;		/* Internet Explorer 5.5+ */
}
#content table {
	border-collapse: collapse;
}
#content table th {
	border: 1px solid #dbdbdb;
	font-size: 85%;
	white-space: nowrap;
}
#content table td {
	border: 1px solid #dbdbdb;
	font-size: 80%;
}
#content input {
	font-size: 1em;
}
#content .full	{ width: 100%; }
#content .left	{ text-align: left; }
#content .right	{ text-align: right; }
#content .center { text-align: center; }
#content .flexbox {
	display: -ms-flex;
	display: -webkit-flex;
	display: flex;
	width: 100%;
}
#content .left_col {
	min-width: 75px;
	max-width: 50%;
	flex-grow: 0;
}
#content .right_col {
	flex-grow: 1;
	margin-left: 10px;
	padding-top: 10px;
	padding-left: 10px;
}
#col {
	-moz-column-count: 3;
	-webkit-column-count: 3;
	column-count: 3;
}
</style>
</head>
<body>

<div id="header">
<strong><em>NYC*</em><span class="logo_bug">BUG</span> dmesgd</strong>
</div><!-- header -->

<div id="menu">
<ul>
<li><a href="https://dmesgd.nycbug.org/index.cgi?do=index">Home</a></li>
<li><a href="https://dmesgd.nycbug.org/index.cgi?do=submit">Submit</a></li>
<li><a href="https://www.nycbug.org/">NYC*BUG</a></li>
</ul>
</div><!-- menu -->

<div id="content">

<p>
Launched in 2004, dmesgd aims to provide a
<strong>user-submitted</strong> repository of searchable *BSD dmesgs.
The dmesg(8) command displays the system message buffer's content, and
during boot a copy is saved to <em>/var/run/dmesg.boot</em>.  This buffer
contains the operating system release, name and version, a list of
devices identified, plus a whole host of other useful information.  We
hope others find this resource useful and further contribute to its
growth. Contact us at [ admin at lists dot nycbug dot org ].
</p>

<hr />


<strong>Date:</strong> <em>2018-09-05 23:16:42</em><br />
<strong>From:</strong> <em>brynet</em><br />
<strong>Description:</strong> <em>OpenBSD/amd64 6.4-beta AMD Ryzen 2700X / ASUS RIME X470-PRO </em><br />

<pre>
OpenBSD 6.4-beta (GENERIC.MP) #287: Tue Sep  4 20:38:56 MDT 2018
    xxx@xxx.xxx:/usr/src/sys/arch/amd64/compile/GENERIC.MP
real mem = 8490487808 (8097MB)
avail mem = 8223920128 (7842MB)
mpath0 at root
scsibus0 at mpath0: 256 targets
mainbus0 at root
bios0 at mainbus0: SMBIOS rev. 2.8 @ 0xe6b60 (70 entries)
bios0: vendor American Megatrends Inc. version &quot;0222&quot; date 02/09/2018
bios0: ASUSTeK COMPUTER INC. PRIME X470-PRO
acpi0 at bios0: rev 2
acpi0: sleep states S0 S3 S4 S5
acpi0: tables DSDT FACP APIC FPDT FIDT SSDT SSDT SSDT CRAT CDIT SSDT MCFG HPET SSDT UEFI BGRT IVRS SSDT
acpi0: wakeup devices GPP0(S4) GPP0(S4) GPP1(S4) GPP3(S4) GPP4(S4) GPP5(S4) GPP6(S4) GPP7(S4) GPP8(S4) X161(S4) GPP9(S4) X162(S4) GPPA(S4) GPPB(S4) GPPC(S4) GPPD(S4) [...]
acpitimer0 at acpi0: 3579545 Hz, 32 bits
acpimadt0 at acpi0 addr 0xfee00000: PC-AT compat
cpu0 at mainbus0: apid 0 (boot processor)
cpu0: AMD Ryzen 7 2700X Eight-Core Processor, 3693.66 MHz, 17-08-02
cpu0: FPU,VME,DE,PSE,TSC,MSR,PAE,MCE,CX8,APIC,SEP,MTRR,PGE,MCA,CMOV,PAT,PSE36,CFLUSH,MMX,FXSR,SSE,SSE2,HTT,SSE3,PCLMUL,MWAIT,SSSE3,FMA3,CX16,SSE4.1,SSE4.2,MOVBE,POPCNT,AES,XSAVE,AVX,F16C,RDRAND,NXE,MMXX,FFXSR,PAGE1GB,RDTSCP,LONG,LAHF,CMPLEG,SVM,EAPICSP,AMCR8,ABM,SSE4A,MASSE,3DNOWP,OSVW,SKINIT,TCE,TOPEXT,CPCTR,DBKP,PCTRL3,MWAITX,ITSC,FSGSBASE,BMI1,AVX2,SMEP,BMI2,RDSEED,ADX,SMAP,CLFLUSHOPT,SHA,XSAVEOPT,XSAVEC,XGETBV1,XSAVES
cpu0: 64KB 64b/line 4-way I-cache, 32KB 64b/line 8-way D-cache, 512KB 64b/line 8-way L2 cache, 16MB 64b/line 16-way L3 cache
cpu0: ITLB 64 4KB entries fully associative, 64 4MB entries fully associative
cpu0: DTLB 64 4KB entries fully associative, 64 4MB entries fully associative
cpu0: smt 0, core 0, package 0
mtrr: Pentium Pro MTRR support, 8 var ranges, 88 fixed ranges
cpu0: apic clock running at 99MHz
cpu0: mwait min=64, max=64, C-substates=1.1, IBE
cpu1 at mainbus0: apid 1 (application processor)
cpu1: AMD Ryzen 7 2700X Eight-Core Processor, 3693.06 MHz, 17-08-02
cpu1: FPU,VME,DE,PSE,TSC,MSR,PAE,MCE,CX8,APIC,SEP,MTRR,PGE,MCA,CMOV,PAT,PSE36,CFLUSH,MMX,FXSR,SSE,SSE2,HTT,SSE3,PCLMUL,MWAIT,SSSE3,FMA3,CX16,SSE4.1,SSE4.2,MOVBE,POPCNT,AES,XSAVE,AVX,F16C,RDRAND,NXE,MMXX,FFXSR,PAGE1GB,RDTSCP,LONG,LAHF,CMPLEG,SVM,EAPICSP,AMCR8,ABM,SSE4A,MASSE,3DNOWP,OSVW,SKINIT,TCE,TOPEXT,CPCTR,DBKP,PCTRL3,MWAITX,ITSC,FSGSBASE,BMI1,AVX2,SMEP,BMI2,RDSEED,ADX,SMAP,CLFLUSHOPT,SHA,XSAVEOPT,XSAVEC,XGETBV1,XSAVES
cpu1: 64KB 64b/line 4-way I-cache, 32KB 64b/line 8-way D-cache, 512KB 64b/line 8-way L2 cache, 16MB 64b/line 16-way L3 cache
cpu1: ITLB 64 4KB entries fully associative, 64 4MB entries fully associative
cpu1: DTLB 64 4KB entries fully associative, 64 4MB entries fully associative
cpu1: smt 1, core 0, package 0
cpu2 at mainbus0: apid 2 (application processor)
cpu2: AMD Ryzen 7 2700X Eight-Core Processor, 3693.06 MHz, 17-08-02
cpu2: FPU,VME,DE,PSE,TSC,MSR,PAE,MCE,CX8,APIC,SEP,MTRR,PGE,MCA,CMOV,PAT,PSE36,CFLUSH,MMX,FXSR,SSE,SSE2,HTT,SSE3,PCLMUL,MWAIT,SSSE3,FMA3,CX16,SSE4.1,SSE4.2,MOVBE,POPCNT,AES,XSAVE,AVX,F16C,RDRAND,NXE,MMXX,FFXSR,PAGE1GB,RDTSCP,LONG,LAHF,CMPLEG,SVM,EAPICSP,AMCR8,ABM,SSE4A,MASSE,3DNOWP,OSVW,SKINIT,TCE,TOPEXT,CPCTR,DBKP,PCTRL3,MWAITX,ITSC,FSGSBASE,BMI1,AVX2,SMEP,BMI2,RDSEED,ADX,SMAP,CLFLUSHOPT,SHA,XSAVEOPT,XSAVEC,XGETBV1,XSAVES
cpu2: 64KB 64b/line 4-way I-cache, 32KB 64b/line 8-way D-cache, 512KB 64b/line 8-way L2 cache, 16MB 64b/line 16-way L3 cache
cpu2: ITLB 64 4KB entries fully associative, 64 4MB entries fully associative
cpu2: DTLB 64 4KB entries fully associative, 64 4MB entries fully associative
cpu2: smt 0, core 1, package 0
cpu3 at mainbus0: apid 3 (application processor)
cpu3: AMD Ryzen 7 2700X Eight-Core Processor, 3693.07 MHz, 17-08-02
cpu3: FPU,VME,DE,PSE,TSC,MSR,PAE,MCE,CX8,APIC,SEP,MTRR,PGE,MCA,CMOV,PAT,PSE36,CFLUSH,MMX,FXSR,SSE,SSE2,HTT,SSE3,PCLMUL,MWAIT,SSSE3,FMA3,CX16,SSE4.1,SSE4.2,MOVBE,POPCNT,AES,XSAVE,AVX,F16C,RDRAND,NXE,MMXX,FFXSR,PAGE1GB,RDTSCP,LONG,LAHF,CMPLEG,SVM,EAPICSP,AMCR8,ABM,SSE4A,MASSE,3DNOWP,OSVW,SKINIT,TCE,TOPEXT,CPCTR,DBKP,PCTRL3,MWAITX,ITSC,FSGSBASE,BMI1,AVX2,SMEP,BMI2,RDSEED,ADX,SMAP,CLFLUSHOPT,SHA,XSAVEOPT,XSAVEC,XGETBV1,XSAVES
cpu3: 64KB 64b/line 4-way I-cache, 32KB 64b/line 8-way D-cache, 512KB 64b/line 8-way L2 cache, 16MB 64b/line 16-way L3 cache
cpu3: ITLB 64 4KB entries fully associative, 64 4MB entries fully associative
cpu3: DTLB 64 4KB entries fully associative, 64 4MB entries fully associative
cpu3: smt 1, core 1, package 0
cpu4 at mainbus0: apid 4 (application processor)
cpu4: AMD Ryzen 7 2700X Eight-Core Processor, 3693.06 MHz, 17-08-02
cpu4: FPU,VME,DE,PSE,TSC,MSR,PAE,MCE,CX8,APIC,SEP,MTRR,PGE,MCA,CMOV,PAT,PSE36,CFLUSH,MMX,FXSR,SSE,SSE2,HTT,SSE3,PCLMUL,MWAIT,SSSE3,FMA3,CX16,SSE4.1,SSE4.2,MOVBE,POPCNT,AES,XSAVE,AVX,F16C,RDRAND,NXE,MMXX,FFXSR,PAGE1GB,RDTSCP,LONG,LAHF,CMPLEG,SVM,EAPICSP,AMCR8,ABM,SSE4A,MASSE,3DNOWP,OSVW,SKINIT,TCE,TOPEXT,CPCTR,DBKP,PCTRL3,MWAITX,ITSC,FSGSBASE,BMI1,AVX2,SMEP,BMI2,RDSEED,ADX,SMAP,CLFLUSHOPT,SHA,XSAVEOPT,XSAVEC,XGETBV1,XSAVES
cpu4: 64KB 64b/line 4-way I-cache, 32KB 64b/line 8-way D-cache, 512KB 64b/line 8-way L2 cache, 16MB 64b/line 16-way L3 cache
cpu4: ITLB 64 4KB entries fully associative, 64 4MB entries fully associative
cpu4: DTLB 64 4KB entries fully associative, 64 4MB entries fully associative
cpu4: smt 0, core 2, package 0
cpu5 at mainbus0: apid 5 (application processor)
cpu5: AMD Ryzen 7 2700X Eight-Core Processor, 3693.06 MHz, 17-08-02
cpu5: FPU,VME,DE,PSE,TSC,MSR,PAE,MCE,CX8,APIC,SEP,MTRR,PGE,MCA,CMOV,PAT,PSE36,CFLUSH,MMX,FXSR,SSE,SSE2,HTT,SSE3,PCLMUL,MWAIT,SSSE3,FMA3,CX16,SSE4.1,SSE4.2,MOVBE,POPCNT,AES,XSAVE,AVX,F16C,RDRAND,NXE,MMXX,FFXSR,PAGE1GB,RDTSCP,LONG,LAHF,CMPLEG,SVM,EAPICSP,AMCR8,ABM,SSE4A,MASSE,3DNOWP,OSVW,SKINIT,TCE,TOPEXT,CPCTR,DBKP,PCTRL3,MWAITX,ITSC,FSGSBASE,BMI1,AVX2,SMEP,BMI2,RDSEED,ADX,SMAP,CLFLUSHOPT,SHA,XSAVEOPT,XSAVEC,XGETBV1,XSAVES
cpu5: 64KB 64b/line 4-way I-cache, 32KB 64b/line 8-way D-cache, 512KB 64b/line 8-way L2 cache, 16MB 64b/line 16-way L3 cache
cpu5: ITLB 64 4KB entries fully associative, 64 4MB entries fully associative
cpu5: DTLB 64 4KB entries fully associative, 64 4MB entries fully associative
cpu5: smt 1, core 2, package 0
cpu6 at mainbus0: apid 6 (application processor)
cpu6: AMD Ryzen 7 2700X Eight-Core Processor, 3693.07 MHz, 17-08-02
cpu6: FPU,VME,DE,PSE,TSC,MSR,PAE,MCE,CX8,APIC,SEP,MTRR,PGE,MCA,CMOV,PAT,PSE36,CFLUSH,MMX,FXSR,SSE,SSE2,HTT,SSE3,PCLMUL,MWAIT,SSSE3,FMA3,CX16,SSE4.1,SSE4.2,MOVBE,POPCNT,AES,XSAVE,AVX,F16C,RDRAND,NXE,MMXX,FFXSR,PAGE1GB,RDTSCP,LONG,LAHF,CMPLEG,SVM,EAPICSP,AMCR8,ABM,SSE4A,MASSE,3DNOWP,OSVW,SKINIT,TCE,TOPEXT,CPCTR,DBKP,PCTRL3,MWAITX,ITSC,FSGSBASE,BMI1,AVX2,SMEP,BMI2,RDSEED,ADX,SMAP,CLFLUSHOPT,SHA,XSAVEOPT,XSAVEC,XGETBV1,XSAVES
cpu6: 64KB 64b/line 4-way I-cache, 32KB 64b/line 8-way D-cache, 512KB 64b/line 8-way L2 cache, 16MB 64b/line 16-way L3 cache
cpu6: ITLB 64 4KB entries fully associative, 64 4MB entries fully associative
cpu6: DTLB 64 4KB entries fully associative, 64 4MB entries fully associative
cpu6: smt 0, core 3, package 0
cpu7 at mainbus0: apid 7 (application processor)
cpu7: AMD Ryzen 7 2700X Eight-Core Processor, 3693.07 MHz, 17-08-02
cpu7: FPU,VME,DE,PSE,TSC,MSR,PAE,MCE,CX8,APIC,SEP,MTRR,PGE,MCA,CMOV,PAT,PSE36,CFLUSH,MMX,FXSR,SSE,SSE2,HTT,SSE3,PCLMUL,MWAIT,SSSE3,FMA3,CX16,SSE4.1,SSE4.2,MOVBE,POPCNT,AES,XSAVE,AVX,F16C,RDRAND,NXE,MMXX,FFXSR,PAGE1GB,RDTSCP,LONG,LAHF,CMPLEG,SVM,EAPICSP,AMCR8,ABM,SSE4A,MASSE,3DNOWP,OSVW,SKINIT,TCE,TOPEXT,CPCTR,DBKP,PCTRL3,MWAITX,ITSC,FSGSBASE,BMI1,AVX2,SMEP,BMI2,RDSEED,ADX,SMAP,CLFLUSHOPT,SHA,XSAVEOPT,XSAVEC,XGETBV1,XSAVES
cpu7: 64KB 64b/line 4-way I-cache, 32KB 64b/line 8-way D-cache, 512KB 64b/line 8-way L2 cache, 16MB 64b/line 16-way L3 cache
cpu7: ITLB 64 4KB entries fully associative, 64 4MB entries fully associative
cpu7: DTLB 64 4KB entries fully associative, 64 4MB entries fully associative
cpu7: smt 1, core 3, package 0
cpu8 at mainbus0: apid 8 (application processor)
cpu8: AMD Ryzen 7 2700X Eight-Core Processor, 3693.06 MHz, 17-08-02
cpu8: FPU,VME,DE,PSE,TSC,MSR,PAE,MCE,CX8,APIC,SEP,MTRR,PGE,MCA,CMOV,PAT,PSE36,CFLUSH,MMX,FXSR,SSE,SSE2,HTT,SSE3,PCLMUL,MWAIT,SSSE3,FMA3,CX16,SSE4.1,SSE4.2,MOVBE,POPCNT,AES,XSAVE,AVX,F16C,RDRAND,NXE,MMXX,FFXSR,PAGE1GB,RDTSCP,LONG,LAHF,CMPLEG,SVM,EAPICSP,AMCR8,ABM,SSE4A,MASSE,3DNOWP,OSVW,SKINIT,TCE,TOPEXT,CPCTR,DBKP,PCTRL3,MWAITX,ITSC,FSGSBASE,BMI1,AVX2,SMEP,BMI2,RDSEED,ADX,SMAP,CLFLUSHOPT,SHA,XSAVEOPT,XSAVEC,XGETBV1,XSAVES
cpu8: 64KB 64b/line 4-way I-cache, 32KB 64b/line 8-way D-cache, 512KB 64b/line 8-way L2 cache, 16MB 64b/line 16-way L3 cache
cpu8: ITLB 64 4KB entries fully associative, 64 4MB entries fully associative
cpu8: DTLB 64 4KB entries fully associative, 64 4MB entries fully associative
cpu8: smt 0, core 4, package 0
cpu9 at mainbus0: apid 9 (application processor)
cpu9: AMD Ryzen 7 2700X Eight-Core Processor, 3693.07 MHz, 17-08-02
cpu9: FPU,VME,DE,PSE,TSC,MSR,PAE,MCE,CX8,APIC,SEP,MTRR,PGE,MCA,CMOV,PAT,PSE36,CFLUSH,MMX,FXSR,SSE,SSE2,HTT,SSE3,PCLMUL,MWAIT,SSSE3,FMA3,CX16,SSE4.1,SSE4.2,MOVBE,POPCNT,AES,XSAVE,AVX,F16C,RDRAND,NXE,MMXX,FFXSR,PAGE1GB,RDTSCP,LONG,LAHF,CMPLEG,SVM,EAPICSP,AMCR8,ABM,SSE4A,MASSE,3DNOWP,OSVW,SKINIT,TCE,TOPEXT,CPCTR,DBKP,PCTRL3,MWAITX,ITSC,FSGSBASE,BMI1,AVX2,SMEP,BMI2,RDSEED,ADX,SMAP,CLFLUSHOPT,SHA,XSAVEOPT,XSAVEC,XGETBV1,XSAVES
cpu9: 64KB 64b/line 4-way I-cache, 32KB 64b/line 8-way D-cache, 512KB 64b/line 8-way L2 cache, 16MB 64b/line 16-way L3 cache
cpu9: ITLB 64 4KB entries fully associative, 64 4MB entries fully associative
cpu9: DTLB 64 4KB entries fully associative, 64 4MB entries fully associative
cpu9: smt 1, core 4, package 0
cpu10 at mainbus0: apid 10 (application processor)
cpu10: AMD Ryzen 7 2700X Eight-Core Processor, 3693.06 MHz, 17-08-02
cpu10: FPU,VME,DE,PSE,TSC,MSR,PAE,MCE,CX8,APIC,SEP,MTRR,PGE,MCA,CMOV,PAT,PSE36,CFLUSH,MMX,FXSR,SSE,SSE2,HTT,SSE3,PCLMUL,MWAIT,SSSE3,FMA3,CX16,SSE4.1,SSE4.2,MOVBE,POPCNT,AES,XSAVE,AVX,F16C,RDRAND,NXE,MMXX,FFXSR,PAGE1GB,RDTSCP,LONG,LAHF,CMPLEG,SVM,EAPICSP,AMCR8,ABM,SSE4A,MASSE,3DNOWP,OSVW,SKINIT,TCE,TOPEXT,CPCTR,DBKP,PCTRL3,MWAITX,ITSC,FSGSBASE,BMI1,AVX2,SMEP,BMI2,RDSEED,ADX,SMAP,CLFLUSHOPT,SHA,XSAVEOPT,XSAVEC,XGETBV1,XSAVES
cpu10: 64KB 64b/line 4-way I-cache, 32KB 64b/line 8-way D-cache, 512KB 64b/line 8-way L2 cache, 16MB 64b/line 16-way L3 cache
cpu10: ITLB 64 4KB entries fully associative, 64 4MB entries fully associative
cpu10: DTLB 64 4KB entries fully associative, 64 4MB entries fully associative
cpu10: smt 0, core 5, package 0
cpu11 at mainbus0: apid 11 (application processor)
cpu11: AMD Ryzen 7 2700X Eight-Core Processor, 3693.06 MHz, 17-08-02
cpu11: FPU,VME,DE,PSE,TSC,MSR,PAE,MCE,CX8,APIC,SEP,MTRR,PGE,MCA,CMOV,PAT,PSE36,CFLUSH,MMX,FXSR,SSE,SSE2,HTT,SSE3,PCLMUL,MWAIT,SSSE3,FMA3,CX16,SSE4.1,SSE4.2,MOVBE,POPCNT,AES,XSAVE,AVX,F16C,RDRAND,NXE,MMXX,FFXSR,PAGE1GB,RDTSCP,LONG,LAHF,CMPLEG,SVM,EAPICSP,AMCR8,ABM,SSE4A,MASSE,3DNOWP,OSVW,SKINIT,TCE,TOPEXT,CPCTR,DBKP,PCTRL3,MWAITX,ITSC,FSGSBASE,BMI1,AVX2,SMEP,BMI2,RDSEED,ADX,SMAP,CLFLUSHOPT,SHA,XSAVEOPT,XSAVEC,XGETBV1,XSAVES
cpu11: 64KB 64b/line 4-way I-cache, 32KB 64b/line 8-way D-cache, 512KB 64b/line 8-way L2 cache, 16MB 64b/line 16-way L3 cache
cpu11: ITLB 64 4KB entries fully associative, 64 4MB entries fully associative
cpu11: DTLB 64 4KB entries fully associative, 64 4MB entries fully associative
cpu11: smt 1, core 5, package 0
cpu12 at mainbus0: apid 12 (application processor)
cpu12: AMD Ryzen 7 2700X Eight-Core Processor, 3693.06 MHz, 17-08-02
cpu12: FPU,VME,DE,PSE,TSC,MSR,PAE,MCE,CX8,APIC,SEP,MTRR,PGE,MCA,CMOV,PAT,PSE36,CFLUSH,MMX,FXSR,SSE,SSE2,HTT,SSE3,PCLMUL,MWAIT,SSSE3,FMA3,CX16,SSE4.1,SSE4.2,MOVBE,POPCNT,AES,XSAVE,AVX,F16C,RDRAND,NXE,MMXX,FFXSR,PAGE1GB,RDTSCP,LONG,LAHF,CMPLEG,SVM,EAPICSP,AMCR8,ABM,SSE4A,MASSE,3DNOWP,OSVW,SKINIT,TCE,TOPEXT,CPCTR,DBKP,PCTRL3,MWAITX,ITSC,FSGSBASE,BMI1,AVX2,SMEP,BMI2,RDSEED,ADX,SMAP,CLFLUSHOPT,SHA,XSAVEOPT,XSAVEC,XGETBV1,XSAVES
cpu12: 64KB 64b/line 4-way I-cache, 32KB 64b/line 8-way D-cache, 512KB 64b/line 8-way L2 cache, 16MB 64b/line 16-way L3 cache
cpu12: ITLB 64 4KB entries fully associative, 64 4MB entries fully associative
cpu12: DTLB 64 4KB entries fully associative, 64 4MB entries fully associative
cpu12: smt 0, core 6, package 0
cpu13 at mainbus0: apid 13 (application processor)
cpu13: AMD Ryzen 7 2700X Eight-Core Processor, 3693.07 MHz, 17-08-02
cpu13: FPU,VME,DE,PSE,TSC,MSR,PAE,MCE,CX8,APIC,SEP,MTRR,PGE,MCA,CMOV,PAT,PSE36,CFLUSH,MMX,FXSR,SSE,SSE2,HTT,SSE3,PCLMUL,MWAIT,SSSE3,FMA3,CX16,SSE4.1,SSE4.2,MOVBE,POPCNT,AES,XSAVE,AVX,F16C,RDRAND,NXE,MMXX,FFXSR,PAGE1GB,RDTSCP,LONG,LAHF,CMPLEG,SVM,EAPICSP,AMCR8,ABM,SSE4A,MASSE,3DNOWP,OSVW,SKINIT,TCE,TOPEXT,CPCTR,DBKP,PCTRL3,MWAITX,ITSC,FSGSBASE,BMI1,AVX2,SMEP,BMI2,RDSEED,ADX,SMAP,CLFLUSHOPT,SHA,XSAVEOPT,XSAVEC,XGETBV1,XSAVES
cpu13: 64KB 64b/line 4-way I-cache, 32KB 64b/line 8-way D-cache, 512KB 64b/line 8-way L2 cache, 16MB 64b/line 16-way L3 cache
cpu13: ITLB 64 4KB entries fully associative, 64 4MB entries fully associative
cpu13: DTLB 64 4KB entries fully associative, 64 4MB entries fully associative
cpu13: smt 1, core 6, package 0
cpu14 at mainbus0: apid 14 (application processor)
cpu14: AMD Ryzen 7 2700X Eight-Core Processor, 3693.07 MHz, 17-08-02
cpu14: FPU,VME,DE,PSE,TSC,MSR,PAE,MCE,CX8,APIC,SEP,MTRR,PGE,MCA,CMOV,PAT,PSE36,CFLUSH,MMX,FXSR,SSE,SSE2,HTT,SSE3,PCLMUL,MWAIT,SSSE3,FMA3,CX16,SSE4.1,SSE4.2,MOVBE,POPCNT,AES,XSAVE,AVX,F16C,RDRAND,NXE,MMXX,FFXSR,PAGE1GB,RDTSCP,LONG,LAHF,CMPLEG,SVM,EAPICSP,AMCR8,ABM,SSE4A,MASSE,3DNOWP,OSVW,SKINIT,TCE,TOPEXT,CPCTR,DBKP,PCTRL3,MWAITX,ITSC,FSGSBASE,BMI1,AVX2,SMEP,BMI2,RDSEED,ADX,SMAP,CLFLUSHOPT,SHA,XSAVEOPT,XSAVEC,XGETBV1,XSAVES
cpu14: 64KB 64b/line 4-way I-cache, 32KB 64b/line 8-way D-cache, 512KB 64b/line 8-way L2 cache, 16MB 64b/line 16-way L3 cache
cpu14: ITLB 64 4KB entries fully associative, 64 4MB entries fully associative
cpu14: DTLB 64 4KB entries fully associative, 64 4MB entries fully associative
cpu14: smt 0, core 7, package 0
cpu15 at mainbus0: apid 15 (application processor)
cpu15: AMD Ryzen 7 2700X Eight-Core Processor, 3693.07 MHz, 17-08-02
cpu15: FPU,VME,DE,PSE,TSC,MSR,PAE,MCE,CX8,APIC,SEP,MTRR,PGE,MCA,CMOV,PAT,PSE36,CFLUSH,MMX,FXSR,SSE,SSE2,HTT,SSE3,PCLMUL,MWAIT,SSSE3,FMA3,CX16,SSE4.1,SSE4.2,MOVBE,POPCNT,AES,XSAVE,AVX,F16C,RDRAND,NXE,MMXX,FFXSR,PAGE1GB,RDTSCP,LONG,LAHF,CMPLEG,SVM,EAPICSP,AMCR8,ABM,SSE4A,MASSE,3DNOWP,OSVW,SKINIT,TCE,TOPEXT,CPCTR,DBKP,PCTRL3,MWAITX,ITSC,FSGSBASE,BMI1,AVX2,SMEP,BMI2,RDSEED,ADX,SMAP,CLFLUSHOPT,SHA,XSAVEOPT,XSAVEC,XGETBV1,XSAVES
cpu15: 64KB 64b/line 4-way I-cache, 32KB 64b/line 8-way D-cache, 512KB 64b/line 8-way L2 cache, 16MB 64b/line 16-way L3 cache
cpu15: ITLB 64 4KB entries fully associative, 64 4MB entries fully associative
cpu15: DTLB 64 4KB entries fully associative, 64 4MB entries fully associative
cpu15: smt 1, core 7, package 0
ioapic0 at mainbus0: apid 17 pa 0xfec00000, version 21, 24 pins, can't remap
ioapic1 at mainbus0: apid 18 pa 0xfec01000, version 21, 32 pins, can't remap
acpimcfg0 at acpi0
acpimcfg0: addr 0xf8000000, bus 0-63
acpihpet0 at acpi0: 14318180 Hz
acpiprt0 at acpi0: bus 0 (PCI0)
acpiprt1 at acpi0: bus -1 (GPP0)
acpiprt2 at acpi0: bus -1 (GPP1)
acpiprt3 at acpi0: bus -1 (GPP3)
acpiprt4 at acpi0: bus -1 (GPP4)
acpiprt5 at acpi0: bus -1 (GPP5)
acpiprt6 at acpi0: bus -1 (GPP6)
acpiprt7 at acpi0: bus -1 (GPP7)
acpiprt8 at acpi0: bus 8 (GPP8)
acpiprt9 at acpi0: bus 9 (GPP9)
acpiprt10 at acpi0: bus -1 (GPPA)
acpiprt11 at acpi0: bus -1 (GPPB)
acpiprt12 at acpi0: bus -1 (GPPC)
acpiprt13 at acpi0: bus -1 (GPPD)
acpiprt14 at acpi0: bus -1 (GPPE)
acpiprt15 at acpi0: bus -1 (GPPF)
acpiprt16 at acpi0: bus 10 (GP17)
acpiprt17 at acpi0: bus 11 (GP18)
acpiprt18 at acpi0: bus 1 (GPP2)
acpiec0 at acpi0
acpicpu0 at acpi0: C2(0@400 io@0x414), C1(0@1 mwait), PSS
acpicpu1 at acpi0: C2(0@400 io@0x414), C1(0@1 mwait), PSS
acpicpu2 at acpi0: C2(0@400 io@0x414), C1(0@1 mwait), PSS
acpicpu3 at acpi0: C2(0@400 io@0x414), C1(0@1 mwait), PSS
acpicpu4 at acpi0: C2(0@400 io@0x414), C1(0@1 mwait), PSS
acpicpu5 at acpi0: C2(0@400 io@0x414), C1(0@1 mwait), PSS
acpicpu6 at acpi0: C2(0@400 io@0x414), C1(0@1 mwait), PSS
acpicpu7 at acpi0: C2(0@400 io@0x414), C1(0@1 mwait), PSS
acpicpu8 at acpi0: C2(0@400 io@0x414), C1(0@1 mwait), PSS
acpicpu9 at acpi0: C2(0@400 io@0x414), C1(0@1 mwait), PSS
acpicpu10 at acpi0: C2(0@400 io@0x414), C1(0@1 mwait), PSS
acpicpu11 at acpi0: C2(0@400 io@0x414), C1(0@1 mwait), PSS
acpicpu12 at acpi0: C2(0@400 io@0x414), C1(0@1 mwait), PSS
acpicpu13 at acpi0: C2(0@400 io@0x414), C1(0@1 mwait), PSS
acpicpu14 at acpi0: C2(0@400 io@0x414), C1(0@1 mwait), PSS
acpicpu15 at acpi0: C2(0@400 io@0x414), C1(0@1 mwait), PSS
acpicmos0 at acpi0
&quot;PNP0C14&quot; at acpi0 not configured
acpibtn0 at acpi0: PWRB
&quot;AMDI0030&quot; at acpi0 not configured
&quot;AMDIF030&quot; at acpi0 not configured
&quot;PNP0C14&quot; at acpi0 not configured
&quot;PNP0C14&quot; at acpi0 not configured
cpu0: 3693 MHz: speeds: 3700 3200 2200 MHz
pci0 at mainbus0 bus 0
pchb0 at pci0 dev 0 function 0 &quot;AMD AMD64 17h Root Complex&quot; rev 0x00
&quot;AMD AMD64 17h IOMMU&quot; rev 0x00 at pci0 dev 0 function 2 not configured
pchb1 at pci0 dev 1 function 0 &quot;AMD AMD64 17h PCIE&quot; rev 0x00
ppb0 at pci0 dev 1 function 3 &quot;AMD AMD64 17h PCIE&quot; rev 0x00: msi
pci1 at ppb0 bus 1
xhci0 at pci1 dev 0 function 0 vendor &quot;AMD&quot;, unknown product 0x43d0 rev 0x01: msi, xHCI 1.16
usb0 at xhci0: USB revision 3.0
uhub0 at usb0 configuration 1 interface 0 &quot;AMD xHCI root hub&quot; rev 3.00/1.00 addr 1
ahci0 at pci1 dev 0 function 1 vendor &quot;AMD&quot;, unknown product 0x43c8 rev 0x01: msi, AHCI 1.3.1
ahci0: port busy after first PMP probe FIS
ahci0: port busy after first PMP probe FIS
ahci0: port 2: 6.0Gb/s
scsibus1 at ahci0: 32 targets
sd0 at scsibus1 targ 2 lun 0: &lt;ATA, Samsung SSD 860, RVT0&gt; SCSI3 0/direct fixed naa.5002538e4058fecf
sd0: 476940MB, 512 bytes/sector, 976773168 sectors, thin
ppb1 at pci1 dev 0 function 2 vendor &quot;AMD&quot;, unknown product 0x43c6 rev 0x01
pci2 at ppb1 bus 2
ppb2 at pci2 dev 0 function 0 vendor &quot;AMD&quot;, unknown product 0x43c7 rev 0x01: msi
pci3 at ppb2 bus 3
ppb3 at pci2 dev 4 function 0 vendor &quot;AMD&quot;, unknown product 0x43c7 rev 0x01: msi
pci4 at ppb3 bus 4
xhci1 at pci4 dev 0 function 0 &quot;ASMedia ASM1042AE xHCI&quot; rev 0x00: msi, xHCI 1.16
usb1 at xhci1: USB revision 3.0
uhub1 at usb1 configuration 1 interface 0 &quot;ASMedia xHCI root hub&quot; rev 3.00/1.00 addr 1
ppb4 at pci2 dev 6 function 0 vendor &quot;AMD&quot;, unknown product 0x43c7 rev 0x01: msi
pci5 at ppb4 bus 5
ppb5 at pci2 dev 7 function 0 vendor &quot;AMD&quot;, unknown product 0x43c7 rev 0x01: msi
pci6 at ppb5 bus 6
em0 at pci6 dev 0 function 0 &quot;Intel I211&quot; rev 0x03: msi, address xx:xx:xx:xx:xx:xx
ppb6 at pci2 dev 9 function 0 vendor &quot;AMD&quot;, unknown product 0x43c7 rev 0x01: msi
pci7 at ppb6 bus 7
pchb2 at pci0 dev 2 function 0 &quot;AMD AMD64 17h PCIE&quot; rev 0x00
pchb3 at pci0 dev 3 function 0 &quot;AMD AMD64 17h PCIE&quot; rev 0x00
ppb7 at pci0 dev 3 function 1 &quot;AMD AMD64 17h PCIE&quot; rev 0x00: msi
pci8 at ppb7 bus 8
radeondrm0 at pci8 dev 0 function 0 &quot;ATI Radeon HD 7450&quot; rev 0x00
drm0 at radeondrm0
radeondrm0: msi
azalia0 at pci8 dev 0 function 1 &quot;ATI Radeon HD 6400 Audio&quot; rev 0x00: msi
azalia0: no supported codecs
ppb8 at pci0 dev 3 function 2 &quot;AMD AMD64 17h PCIE&quot; rev 0x00: msi
pci9 at ppb8 bus 9
em1 at pci9 dev 0 function 0 &quot;Intel 82576&quot; rev 0x01: msi, address xx:xx:xx:xx:xx:xx
em2 at pci9 dev 0 function 1 &quot;Intel 82576&quot; rev 0x01: msi, address xx:xx:xx:xx:xx:xx
pchb4 at pci0 dev 4 function 0 &quot;AMD AMD64 17h PCIE&quot; rev 0x00
pchb5 at pci0 dev 7 function 0 &quot;AMD AMD64 17h PCIE&quot; rev 0x00
ppb9 at pci0 dev 7 function 1 &quot;AMD AMD64 17h PCIE&quot; rev 0x00
pci10 at ppb9 bus 10
vendor &quot;AMD&quot;, unknown product 0x145a (class instrumentation unknown subclass 0x00, rev 0x00) at pci10 dev 0 function 0 not configured
ccp0 at pci10 dev 0 function 2 &quot;AMD Cryptographic Co-processor v5a&quot; rev 0x00
xhci2 at pci10 dev 0 function 3 vendor &quot;AMD&quot;, unknown product 0x145f rev 0x00: msi, xHCI 1.0
usb2 at xhci2: USB revision 3.0
uhub2 at usb2 configuration 1 interface 0 &quot;AMD xHCI root hub&quot; rev 3.00/1.00 addr 1
pchb6 at pci0 dev 8 function 0 &quot;AMD AMD64 17h PCIE&quot; rev 0x00
ppb10 at pci0 dev 8 function 1 &quot;AMD AMD64 17h PCIE&quot; rev 0x00
pci11 at ppb10 bus 11
vendor &quot;AMD&quot;, unknown product 0x1455 (class instrumentation unknown subclass 0x00, rev 0x00) at pci11 dev 0 function 0 not configured
ahci1 at pci11 dev 0 function 2 &quot;AMD Carrizo AHCI&quot; rev 0x51: msi, AHCI 1.3.1
scsibus2 at ahci1: 32 targets
azalia1 at pci11 dev 0 function 3 &quot;AMD AMD64 17h HD Audio&quot; rev 0x00: msi
azalia1: codecs: Realtek/0x1168
audio0 at azalia1
&quot;AMD Carrizo SMBus&quot; rev 0x59 at pci0 dev 20 function 0 not configured
pcib0 at pci0 dev 20 function 3 &quot;AMD Carrizo LPC&quot; rev 0x51
pchb7 at pci0 dev 24 function 0 &quot;AMD AMD64 17h Data Fabric&quot; rev 0x00
pchb8 at pci0 dev 24 function 1 &quot;AMD AMD64 17h Data Fabric&quot; rev 0x00
pchb9 at pci0 dev 24 function 2 &quot;AMD AMD64 17h Data Fabric&quot; rev 0x00
pchb10 at pci0 dev 24 function 3 &quot;AMD AMD64 17h Data Fabric&quot; rev 0x00
pchb11 at pci0 dev 24 function 4 &quot;AMD AMD64 17h Data Fabric&quot; rev 0x00
pchb12 at pci0 dev 24 function 5 &quot;AMD AMD64 17h Data Fabric&quot; rev 0x00
pchb13 at pci0 dev 24 function 6 &quot;AMD AMD64 17h Data Fabric&quot; rev 0x00
pchb14 at pci0 dev 24 function 7 &quot;AMD AMD64 17h Data Fabric&quot; rev 0x00
isa0 at pcib0
isadma0 at isa0
com0 at isa0 port 0x3f8/8 irq 4: ns16550a, 16 byte fifo
pckbc0 at isa0 port 0x60/5 irq 1 irq 12
pckbd0 at pckbc0 (kbd slot)
wskbd0 at pckbd0: console keyboard
pcppi0 at isa0 port 0x61
spkr0 at pcppi0
vmm0 at mainbus0: SVM/RVI
efifb at mainbus0 not configured
uhidev0 at uhub2 port 3 configuration 1 interface 0 &quot;PixArt USB Optical Mouse&quot; rev 2.00/1.00 addr 2
uhidev0: iclass 3/1
ums0 at uhidev0: 3 buttons, Z dir
wsmouse0 at ums0 mux 0
uhidev1 at uhub2 port 4 configuration 1 interface 0 &quot;Logitech USB Receiver&quot; rev 2.00/24.01 addr 3
uhidev1: iclass 3/1
ukbd0 at uhidev1: 8 variable keys, 6 key codes
wskbd1 at ukbd0 mux 1
uhidev2 at uhub2 port 4 configuration 1 interface 1 &quot;Logitech USB Receiver&quot; rev 2.00/24.01 addr 3
uhidev2: iclass 3/1, 8 report ids
ums1 at uhidev2 reportid 2: 16 buttons, Z and W dir
wsmouse1 at ums1 mux 0
uhid0 at uhidev2 reportid 3: input=4, output=0, feature=0
uhid1 at uhidev2 reportid 4: input=1, output=0, feature=0
uhid2 at uhidev2 reportid 8: input=1, output=0, feature=0
uhidev3 at uhub2 port 4 configuration 1 interface 2 &quot;Logitech USB Receiver&quot; rev 2.00/24.01 addr 3
uhidev3: iclass 3/0, 33 report ids
uhid3 at uhidev3 reportid 16: input=6, output=6, feature=0
uhid4 at uhidev3 reportid 17: input=19, output=19, feature=0
uhid5 at uhidev3 reportid 32: input=14, output=14, feature=0
uhid6 at uhidev3 reportid 33: input=31, output=31, feature=0
vscsi0 at root
scsibus3 at vscsi0: 256 targets
softraid0 at root
scsibus4 at softraid0: 256 targets
root on sd0a (9650dda4d1cd524d.a) swap on sd0b dump on sd0b
initializing kernel modesetting (CAICOS 0x1002:0x677B 0x1043:0x3021).
radeondrm0: 1440x900, 32bpp
wsdisplay0 at radeondrm0 mux 1: console (std, vt100 emulation), using wskbd0
wskbd1: connecting to wsdisplay0
wsdisplay0: screen 1-5 added (std, vt100 emulation)
</pre>



</div><!-- content -->
<br />
<div id="footer">
All comments/news/posts are the property of their individual owner and
is presented without warranty of suitability, and solely as an
informational resource. <br />
This site Copyright &copy; 2004-2020 NYC*BUG.
</div><!-- footer -->

</body>
</html>

