



<!doctype html>
<html lang="en">
<head>
<meta name="keywords"
	content="bsd, freebsd, openbsd, netbsd, dragonflybsd, nycbug, dmesgd" />
<meta name="description" content="New York City BSD User Group dmesgd" />
<meta charset="utf-8" />
<meta name="viewport" content="width=device-width, initial-scale=1" />
<title>NYC*BUG dmesgd</title>
<style>
body {
	text-align: left;
	margin: 15px auto;
	padding: 0px 10px;
}
@media (min-width: 800px) {
	body {
		max-width: 85%;
	}
}
#header {
	border-bottom: 1px solid #dbdbdb;
	font-size: 230%;
	text-align: left;
}
#footer {
	border-top: 1px solid #dbdbdb;
	clear: both;
	text-align: left;
}
.logo_bug {
	color: #cc0033;
}
#menu ul {
	list-style-type: none;
	margin: 0;
	padding: 0;
}
#menu li {
	float: left;
}
#menu li a {
	display: block;
	background-color: #dbdbdb;
	color: #000000;
	font-size: 105%;
	font-weight: bold;
	padding: 0px 6px 0px 6px;
	text-decoration: none;
}
#content {
	clear: both;
	text-align: left;
	padding-top: 10px;
}
#content h1 {
	font-size: 120%;
	font-weight: bold;
}
#content h2 {
	font-size: 110%;
	font-weight: bold;
}
#content a {
	text-decoration: none;
}
#content pre {
	background-color: #dbdbdb;
	padding: 5px 5px 5px 5px;
	white-space: pre-wrap;		/* css-3 */
	white-space: -moz-pre-wrap;	/* Mozilla, since 1999 */
	white-space: -pre-wrap;		/* Opera 4-6 */
	white-space: -o-pre-wrap;	/* Opera 7 */
	word-wrap: break-word;		/* Internet Explorer 5.5+ */
}
#content table {
	border-collapse: collapse;
}
#content table th {
	border: 1px solid #dbdbdb;
	font-size: 85%;
	white-space: nowrap;
}
#content table td {
	border: 1px solid #dbdbdb;
	font-size: 80%;
}
#content input {
	font-size: 1em;
}
#content .full	{ width: 100%; }
#content .left	{ text-align: left; }
#content .right	{ text-align: right; }
#content .center { text-align: center; }
#content .flexbox {
	display: -ms-flex;
	display: -webkit-flex;
	display: flex;
	width: 100%;
}
#content .left_col {
	min-width: 75px;
	max-width: 50%;
	flex-grow: 0;
}
#content .right_col {
	flex-grow: 1;
	margin-left: 10px;
	padding-top: 10px;
	padding-left: 10px;
}
#col {
	-moz-column-count: 3;
	-webkit-column-count: 3;
	column-count: 3;
}
</style>
</head>
<body>

<div id="header">
<strong><em>NYC*</em><span class="logo_bug">BUG</span> dmesgd</strong>
</div><!-- header -->

<div id="menu">
<ul>
<li><a href="https://dmesgd.nycbug.org/index.cgi?do=index">Home</a></li>
<li><a href="https://dmesgd.nycbug.org/index.cgi?do=submit">Submit</a></li>
<li><a href="https://www.nycbug.org/">NYC*BUG</a></li>
</ul>
</div><!-- menu -->

<div id="content">

<p>
Launched in 2004, dmesgd aims to provide a
<strong>user-submitted</strong> repository of searchable *BSD dmesgs.
The dmesg(8) command displays the system message buffer's content, and
during boot a copy is saved to <em>/var/run/dmesg.boot</em>.  This buffer
contains the operating system release, name and version, a list of
devices identified, plus a whole host of other useful information.  We
hope others find this resource useful and further contribute to its
growth. Contact us at [ admin at lists dot nycbug dot org ].
</p>

<hr />


<strong>Date:</strong> <em>2018-10-21 13:20:55</em><br />
<strong>From:</strong> <em>dentarg</em><br />
<strong>Description:</strong> <em>HP ProLiant DL160 G5</em><br />

<pre>
OpenBSD 6.3 (GENERIC.MP) #11: Thu Sep 20 16:05:37 CEST 2018
    xxx@xxx.xxx:/usr/src/sys/arch/amd64/compile/GENERIC.MP
real mem = 17162764288 (16367MB)
avail mem = 16635539456 (15864MB)
mpath0 at root
scsibus0 at mpath0: 256 targets
mainbus0 at root
bios0 at mainbus0: SMBIOS rev. 2.5 @ 0xfd230 (59 entries)
bios0: vendor HP version &quot;O12&quot; date 04/09/2008
bios0: HP ProLiant DL160 G5
acpi0 at bios0: rev 2
acpi0: sleep states S0 S4 S5
acpi0: tables DSDT FACP APIC MCFG SPMI OEMB HPET EINJ BERT ERST HEST
acpi0: wakeup devices NPE1(S4) NPE3(S4) NPE5(S4) SPE4(S4) SPE1(S4) SPE2(S4) P0P1(S4) USB0(S4) USB1(S4) USB2(S4) USB3(S4) EUSB(S4) P0P4(S4) P0P5(S4) P0P6(S4) P0P7(S4)
acpitimer0 at acpi0: 3579545 Hz, 24 bits
acpimadt0 at acpi0 addr 0xfee00000: PC-AT compat
cpu0 at mainbus0: apid 0 (boot processor)
cpu0: Intel(R) Xeon(R) CPU E5462 @ 2.80GHz, 2793.42 MHz
cpu0: FPU,VME,DE,PSE,TSC,MSR,PAE,MCE,CX8,APIC,SEP,MTRR,PGE,MCA,CMOV,PAT,PSE36,CFLUSH,DS,ACPI,MMX,FXSR,SSE,SSE2,SS,HTT,TM,PBE,SSE3,DTES64,MWAIT,DS-CPL,VMX,EST,TM2,SSSE3,CX16,xTPR,PDCM,DCA,SSE4.1,NXE,LONG,LAHF,PERF,SENSOR,MELTDOWN
cpu0: 6MB 64b/line 16-way L2 cache
cpu0: smt 0, core 0, package 0
mtrr: Pentium Pro MTRR support, 8 var ranges, 88 fixed ranges
cpu0: apic clock running at 399MHz
cpu0: mwait min=64, max=64, C-substates=0.2.2.2, IBE
cpu1 at mainbus0: apid 4 (application processor)
cpu1: Intel(R) Xeon(R) CPU E5462 @ 2.80GHz, 2793.02 MHz
cpu1: FPU,VME,DE,PSE,TSC,MSR,PAE,MCE,CX8,APIC,SEP,MTRR,PGE,MCA,CMOV,PAT,PSE36,CFLUSH,DS,ACPI,MMX,FXSR,SSE,SSE2,SS,HTT,TM,PBE,SSE3,DTES64,MWAIT,DS-CPL,VMX,EST,TM2,SSSE3,CX16,xTPR,PDCM,DCA,SSE4.1,NXE,LONG,LAHF,PERF,SENSOR,MELTDOWN
cpu1: 6MB 64b/line 16-way L2 cache
cpu1: smt 0, core 0, package 1
cpu2 at mainbus0: apid 1 (application processor)
cpu2: Intel(R) Xeon(R) CPU E5462 @ 2.80GHz, 2793.01 MHz
cpu2: FPU,VME,DE,PSE,TSC,MSR,PAE,MCE,CX8,APIC,SEP,MTRR,PGE,MCA,CMOV,PAT,PSE36,CFLUSH,DS,ACPI,MMX,FXSR,SSE,SSE2,SS,HTT,TM,PBE,SSE3,DTES64,MWAIT,DS-CPL,VMX,EST,TM2,SSSE3,CX16,xTPR,PDCM,DCA,SSE4.1,NXE,LONG,LAHF,PERF,SENSOR,MELTDOWN
cpu2: 6MB 64b/line 16-way L2 cache
cpu2: smt 0, core 1, package 0
cpu3 at mainbus0: apid 2 (application processor)
cpu3: Intel(R) Xeon(R) CPU E5462 @ 2.80GHz, 2793.03 MHz
cpu3: FPU,VME,DE,PSE,TSC,MSR,PAE,MCE,CX8,APIC,SEP,MTRR,PGE,MCA,CMOV,PAT,PSE36,CFLUSH,DS,ACPI,MMX,FXSR,SSE,SSE2,SS,HTT,TM,PBE,SSE3,DTES64,MWAIT,DS-CPL,VMX,EST,TM2,SSSE3,CX16,xTPR,PDCM,DCA,SSE4.1,NXE,LONG,LAHF,PERF,SENSOR,MELTDOWN
cpu3: 6MB 64b/line 16-way L2 cache
cpu3: smt 0, core 2, package 0
cpu4 at mainbus0: apid 3 (application processor)
cpu4: Intel(R) Xeon(R) CPU E5462 @ 2.80GHz, 2793.01 MHz
cpu4: FPU,VME,DE,PSE,TSC,MSR,PAE,MCE,CX8,APIC,SEP,MTRR,PGE,MCA,CMOV,PAT,PSE36,CFLUSH,DS,ACPI,MMX,FXSR,SSE,SSE2,SS,HTT,TM,PBE,SSE3,DTES64,MWAIT,DS-CPL,VMX,EST,TM2,SSSE3,CX16,xTPR,PDCM,DCA,SSE4.1,NXE,LONG,LAHF,PERF,SENSOR,MELTDOWN
cpu4: 6MB 64b/line 16-way L2 cache
cpu4: smt 0, core 3, package 0
cpu5 at mainbus0: apid 5 (application processor)
cpu5: Intel(R) Xeon(R) CPU E5462 @ 2.80GHz, 2795.97 MHz
cpu5: FPU,VME,DE,PSE,TSC,MSR,PAE,MCE,CX8,APIC,SEP,MTRR,PGE,MCA,CMOV,PAT,PSE36,CFLUSH,DS,ACPI,MMX,FXSR,SSE,SSE2,SS,HTT,TM,PBE,SSE3,DTES64,MWAIT,DS-CPL,VMX,EST,TM2,SSSE3,CX16,xTPR,PDCM,DCA,SSE4.1,NXE,LONG,LAHF,PERF,SENSOR,MELTDOWN
cpu5: 6MB 64b/line 16-way L2 cache
cpu5: smt 0, core 1, package 1
cpu6 at mainbus0: apid 6 (application processor)
cpu6: Intel(R) Xeon(R) CPU E5462 @ 2.80GHz, 2793.03 MHz
cpu6: FPU,VME,DE,PSE,TSC,MSR,PAE,MCE,CX8,APIC,SEP,MTRR,PGE,MCA,CMOV,PAT,PSE36,CFLUSH,DS,ACPI,MMX,FXSR,SSE,SSE2,SS,HTT,TM,PBE,SSE3,DTES64,MWAIT,DS-CPL,VMX,EST,TM2,SSSE3,CX16,xTPR,PDCM,DCA,SSE4.1,NXE,LONG,LAHF,PERF,SENSOR,MELTDOWN
cpu6: 6MB 64b/line 16-way L2 cache
cpu6: smt 0, core 2, package 1
cpu7 at mainbus0: apid 7 (application processor)
cpu7: Intel(R) Xeon(R) CPU E5462 @ 2.80GHz, 2793.01 MHz
cpu7: FPU,VME,DE,PSE,TSC,MSR,PAE,MCE,CX8,APIC,SEP,MTRR,PGE,MCA,CMOV,PAT,PSE36,CFLUSH,DS,ACPI,MMX,FXSR,SSE,SSE2,SS,HTT,TM,PBE,SSE3,DTES64,MWAIT,DS-CPL,VMX,EST,TM2,SSSE3,CX16,xTPR,PDCM,DCA,SSE4.1,NXE,LONG,LAHF,PERF,SENSOR,MELTDOWN
cpu7: 6MB 64b/line 16-way L2 cache
cpu7: smt 0, core 3, package 1
ioapic0 at mainbus0: apid 8 pa 0xfec00000, version 20, 24 pins
ioapic1 at mainbus0: apid 10 pa 0xfec89000, version 20, 24 pins
, remapped to apid 10
acpimcfg0 at acpi0 addr 0xe0000000, bus 0-255
acpihpet0 at acpi0: 14318179 Hz
acpiprt0 at acpi0: bus 0 (PCI0)
acpiprt1 at acpi0: bus 10 (NPE1)
acpiprt2 at acpi0: bus -1 (NPE3)
acpiprt3 at acpi0: bus 9 (NPE5)
acpiprt4 at acpi0: bus 5 (NPES)
acpiprt5 at acpi0: bus 6 (SPE4)
acpiprt6 at acpi0: bus -1 (P8PC)
acpiprt7 at acpi0: bus 2 (P0P4)
acpiprt8 at acpi0: bus 3 (P0P5)
acpiprt9 at acpi0: bus 4 (P0P6)
acpicpu0 at acpi0: C1(@1 halt!)
acpicpu1 at acpi0: C1(@1 halt!)
acpicpu2 at acpi0: C1(@1 halt!)
acpicpu3 at acpi0: C1(@1 halt!)
acpicpu4 at acpi0: C1(@1 halt!)
acpicpu5 at acpi0: C1(@1 halt!)
acpicpu6 at acpi0: C1(@1 halt!)
acpicpu7 at acpi0: C1(@1 halt!)
&quot;IPI0001&quot; at acpi0 not configured
acpibtn0 at acpi0: PWRB
ipmi at mainbus0 not configured
cpu0: unknown Core FSB_FREQ value 6pci0 at mainbus0 bus 0
pchb0 at pci0 dev 0 function 0 &quot;Intel 5400B Host&quot; rev 0x20
ppb0 at pci0 dev 1 function 0 &quot;Intel 5400 PCIE&quot; rev 0x20
pci1 at ppb0 bus 10
ppb1 at pci0 dev 5 function 0 &quot;Intel 5400 PCIE&quot; rev 0x20
pci2 at ppb1 bus 9
ppb2 at pci0 dev 9 function 0 &quot;Intel 5400 PCIE&quot; rev 0x20
pci3 at ppb2 bus 5
ppb3 at pci3 dev 0 function 0 &quot;Intel 6321ESB PCIE&quot; rev 0x01
pci4 at ppb3 bus 6
ppb4 at pci4 dev 0 function 0 &quot;Intel 6321ESB PCIE&quot; rev 0x01
pci5 at ppb4 bus 7
ppb5 at pci3 dev 0 function 3 &quot;Intel 6321ESB PCIE-PCIX&quot; rev 0x01
pci6 at ppb5 bus 8
pchb1 at pci0 dev 16 function 0 &quot;Intel 5400 FSB/Boot/Interrupt&quot; rev 0x20
pchb2 at pci0 dev 16 function 1 &quot;Intel 5400 FSB/Boot/Interrupt&quot; rev 0x20
pchb3 at pci0 dev 16 function 2 &quot;Intel 5400 FSB/Boot/Interrupt&quot; rev 0x20
pchb4 at pci0 dev 16 function 3 &quot;Intel 5400 FSB/Boot/Interrupt&quot; rev 0x20
pchb5 at pci0 dev 16 function 4 &quot;Intel 5400 FSB/Boot/Interrupt&quot; rev 0x20
pchb6 at pci0 dev 17 function 0 &quot;Intel 5400 Coherency Engine&quot; rev 0x20
pchb7 at pci0 dev 21 function 0 &quot;Intel 5400 RAS&quot; rev 0x20
pchb8 at pci0 dev 21 function 1 &quot;Intel 5400 RAS&quot; rev 0x20
pchb9 at pci0 dev 22 function 0 &quot;Intel 5400 RAS&quot; rev 0x20
pchb10 at pci0 dev 22 function 1 &quot;Intel 5400 RAS&quot; rev 0x20
ppb6 at pci0 dev 28 function 0 &quot;Intel 6321ESB PCIE&quot; rev 0x09: msi
pci7 at ppb6 bus 2
vga1 at pci7 dev 0 function 0 &quot;Matrox MGA G200e&quot; rev 0x02
wsdisplay0 at vga1 mux 1: console (80x25, vt100 emulation)
wsdisplay0: screen 1-5 added (80x25, vt100 emulation)
ppb7 at pci0 dev 28 function 1 &quot;Intel 6321ESB PCIE&quot; rev 0x09: msi
pci8 at ppb7 bus 3
bge0 at pci8 dev 0 function 0 &quot;Broadcom BCM5722&quot; rev 0x00, BCM5755 C0 (0xa200): msi, address xx:xx:xx:xx:xx:xx
brgphy0 at bge0 phy 1: BCM5722 10/100/1000baseT PHY, rev. 0
ppb8 at pci0 dev 28 function 2 &quot;Intel 6321ESB PCIE&quot; rev 0x09: msi
pci9 at ppb8 bus 4
bge1 at pci9 dev 0 function 0 &quot;Broadcom BCM5722&quot; rev 0x00, BCM5755 C0 (0xa200): msi, address xx:xx:xx:xx:xx:xx
brgphy1 at bge1 phy 1: BCM5722 10/100/1000baseT PHY, rev. 0
uhci0 at pci0 dev 29 function 0 &quot;Intel 6321ESB USB&quot; rev 0x09: apic 8 int 23
uhci1 at pci0 dev 29 function 1 &quot;Intel 6321ESB USB&quot; rev 0x09: apic 8 int 19
uhci2 at pci0 dev 29 function 2 &quot;Intel 6321ESB USB&quot; rev 0x09: apic 8 int 18
uhci3 at pci0 dev 29 function 3 &quot;Intel 6321ESB USB&quot; rev 0x09: apic 8 int 16
ehci0 at pci0 dev 29 function 7 &quot;Intel 6321ESB USB&quot; rev 0x09: apic 8 int 23
usb0 at ehci0: USB revision 2.0
uhub0 at usb0 configuration 1 interface 0 &quot;Intel EHCI root hub&quot; rev 2.00/1.00 addr 1
ppb9 at pci0 dev 30 function 0 &quot;Intel 82801BA Hub-to-PCI&quot; rev 0xd9
pci10 at ppb9 bus 1
pcib0 at pci0 dev 31 function 0 &quot;Intel 6321ESB LPC&quot; rev 0x09
pciide0 at pci0 dev 31 function 1 &quot;Intel 6321ESB IDE&quot; rev 0x09: DMA, channel 0 configured to compatibility, channel 1 configured to compatibility
pciide0: channel 0 disabled (no drives)
pciide0: channel 1 disabled (no drives)
pciide1 at pci0 dev 31 function 2 &quot;Intel 6321ESB SATA&quot; rev 0x09: DMA, channel 0 configured to native-PCI, channel 1 configured to native-PCI
pciide1: using apic 8 int 19 for native-PCI interrupt
wd0 at pciide1 channel 0 drive 0: &lt;Crucial_CT512MX100SSD1&gt;
wd0: 16-sector PIO, LBA48, 488386MB, 1000215216 sectors
wd1 at pciide1 channel 0 drive 1: &lt;ST10000VX0004-1ZE101&gt;
wd1: 16-sector PIO, LBA48, 9537536MB, 19532873728 sectors
wd0(pciide1:0:0): using PIO mode 4, Ultra-DMA mode 6
wd1(pciide1:0:1): using PIO mode 4, Ultra-DMA mode 6
wd2 at pciide1 channel 1 drive 0: &lt;ST10000VX0004-1ZE101&gt;
wd2: 16-sector PIO, LBA48, 9537536MB, 19532873728 sectors
wd3 at pciide1 channel 1 drive 1: &lt;Crucial_CT512MX100SSD1&gt;
wd3: 16-sector PIO, LBA48, 488386MB, 1000215216 sectors
wd2(pciide1:1:0): using PIO mode 4, Ultra-DMA mode 6
wd3(pciide1:1:1): using PIO mode 4, Ultra-DMA mode 6
usb1 at uhci0: USB revision 1.0
uhub1 at usb1 configuration 1 interface 0 &quot;Intel UHCI root hub&quot; rev 1.00/1.00 addr 1
usb2 at uhci1: USB revision 1.0
uhub2 at usb2 configuration 1 interface 0 &quot;Intel UHCI root hub&quot; rev 1.00/1.00 addr 1
usb3 at uhci2: USB revision 1.0
uhub3 at usb3 configuration 1 interface 0 &quot;Intel UHCI root hub&quot; rev 1.00/1.00 addr 1
usb4 at uhci3: USB revision 1.0
uhub4 at usb4 configuration 1 interface 0 &quot;Intel UHCI root hub&quot; rev 1.00/1.00 addr 1
isa0 at pcib0
isadma0 at isa0
com0 at isa0 port 0x3f8/8 irq 4: ns16550a, 16 byte fifo
pckbc0 at isa0 port 0x60/5 irq 1 irq 12
pcppi0 at isa0 port 0x61
spkr0 at pcppi0
vmm0 at mainbus0: VMX (using slow L1TF mitigation)
uhidev0 at uhub1 port 1 configuration 1 interface 0 &quot;ServerEngines SE USB Device&quot; rev 1.10/0.01 addr 2
uhidev0: iclass 3/1
ukbd0 at uhidev0: 8 variable keys, 6 key codes
wskbd0 at ukbd0: console keyboard, using wsdisplay0
uhidev1 at uhub1 port 1 configuration 1 interface 1 &quot;ServerEngines SE USB Device&quot; rev 1.10/0.01 addr 2
uhidev1: iclass 3/1
ums0 at uhidev1: 8 buttons, Z dir
wsmouse0 at ums0 mux 0
vscsi0 at root
scsibus1 at vscsi0: 256 targets
softraid0 at root
scsibus2 at softraid0: 256 targets
root on wd0a (daa1b4e59ca0ffe4.a) swap on wd0b dump on wd0b
</pre>



</div><!-- content -->
<br />
<div id="footer">
All comments/news/posts are the property of their individual owner and
is presented without warranty of suitability, and solely as an
informational resource. <br />
This site Copyright &copy; 2004-2020 NYC*BUG.
</div><!-- footer -->

</body>
</html>

