



<!doctype html>
<html lang="en">
<head>
<meta name="keywords"
	content="bsd, freebsd, openbsd, netbsd, dragonflybsd, nycbug, dmesgd" />
<meta name="description" content="New York City BSD User Group dmesgd" />
<meta charset="utf-8" />
<meta name="viewport" content="width=device-width, initial-scale=1" />
<title>NYC*BUG dmesgd</title>
<style>
body {
	text-align: left;
	margin: 15px auto;
	padding: 0px 10px;
}
@media (min-width: 800px) {
	body {
		max-width: 85%;
	}
}
#header {
	border-bottom: 1px solid #dbdbdb;
	font-size: 230%;
	text-align: left;
}
#footer {
	border-top: 1px solid #dbdbdb;
	clear: both;
	text-align: left;
}
.logo_bug {
	color: #cc0033;
}
#menu ul {
	list-style-type: none;
	margin: 0;
	padding: 0;
}
#menu li {
	float: left;
}
#menu li a {
	display: block;
	background-color: #dbdbdb;
	color: #000000;
	font-size: 105%;
	font-weight: bold;
	padding: 0px 6px 0px 6px;
	text-decoration: none;
}
#content {
	clear: both;
	text-align: left;
	padding-top: 10px;
}
#content h1 {
	font-size: 120%;
	font-weight: bold;
}
#content h2 {
	font-size: 110%;
	font-weight: bold;
}
#content a {
	text-decoration: none;
}
#content pre {
	background-color: #dbdbdb;
	padding: 5px 5px 5px 5px;
	white-space: pre-wrap;		/* css-3 */
	white-space: -moz-pre-wrap;	/* Mozilla, since 1999 */
	white-space: -pre-wrap;		/* Opera 4-6 */
	white-space: -o-pre-wrap;	/* Opera 7 */
	word-wrap: break-word;		/* Internet Explorer 5.5+ */
}
#content table {
	border-collapse: collapse;
}
#content table th {
	border: 1px solid #dbdbdb;
	font-size: 85%;
	white-space: nowrap;
}
#content table td {
	border: 1px solid #dbdbdb;
	font-size: 80%;
}
#content input {
	font-size: 1em;
}
#content .full	{ width: 100%; }
#content .left	{ text-align: left; }
#content .right	{ text-align: right; }
#content .center { text-align: center; }
#content .flexbox {
	display: -ms-flex;
	display: -webkit-flex;
	display: flex;
	width: 100%;
}
#content .left_col {
	min-width: 75px;
	max-width: 50%;
	flex-grow: 0;
}
#content .right_col {
	flex-grow: 1;
	margin-left: 10px;
	padding-top: 10px;
	padding-left: 10px;
}
#col {
	-moz-column-count: 3;
	-webkit-column-count: 3;
	column-count: 3;
}
</style>
</head>
<body>

<div id="header">
<strong><em>NYC*</em><span class="logo_bug">BUG</span> dmesgd</strong>
</div><!-- header -->

<div id="menu">
<ul>
<li><a href="https://dmesgd.nycbug.org/index.cgi?do=index">Home</a></li>
<li><a href="https://dmesgd.nycbug.org/index.cgi?do=submit">Submit</a></li>
<li><a href="https://www.nycbug.org/">NYC*BUG</a></li>
</ul>
</div><!-- menu -->

<div id="content">

<p>
Launched in 2004, dmesgd aims to provide a
<strong>user-submitted</strong> repository of searchable *BSD dmesgs.
The dmesg(8) command displays the system message buffer's content, and
during boot a copy is saved to <em>/var/run/dmesg.boot</em>.  This buffer
contains the operating system release, name and version, a list of
devices identified, plus a whole host of other useful information.  We
hope others find this resource useful and further contribute to its
growth. Contact us at [ admin at lists dot nycbug dot org ].
</p>

<hr />


<strong>Date:</strong> <em>2018-10-21 13:24:05</em><br />
<strong>From:</strong> <em>dentarg</em><br />
<strong>Description:</strong> <em>Dell Inc. PowerEdge R310</em><br />

<pre>
OpenBSD 6.3 (GENERIC.MP) #11: Thu Sep 20 16:05:37 CEST 2018
    xxx@xxx.xxx:/usr/src/sys/arch/amd64/compile/GENERIC.MP
real mem = 4201222144 (4006MB)
avail mem = 4066824192 (3878MB)
mpath0 at root
scsibus0 at mpath0: 256 targets
mainbus0 at root
bios0 at mainbus0: SMBIOS rev. 2.6 @ 0xbf79c000 (66 entries)
bios0: vendor Dell Inc. version &quot;1.8.2&quot; date 08/17/2011
bios0: Dell Inc. PowerEdge R310
acpi0 at bios0: rev 2
acpi0: sleep states S0 S4 S5
acpi0: tables DSDT FACP APIC SPCR HPET DM__ MCFG WD__ SLIC ERST HEST BERT EINJ TCPA SSDT
acpi0: wakeup devices PCI0(S5) USBA(S0) USBB(S0)
acpitimer0 at acpi0: 3579545 Hz, 24 bits
acpimadt0 at acpi0 addr 0xfee00000: PC-AT compat
cpu0 at mainbus0: apid 0 (boot processor)
cpu0: Intel(R) Core(TM) i3 CPU 540 @ 3.07GHz, 3060.70 MHz
cpu0: FPU,VME,DE,PSE,TSC,MSR,PAE,MCE,CX8,APIC,SEP,MTRR,PGE,MCA,CMOV,PAT,PSE36,CFLUSH,DS,ACPI,MMX,FXSR,SSE,SSE2,SS,HTT,TM,PBE,SSE3,DTES64,MWAIT,DS-CPL,VMX,EST,TM2,SSSE3,CX16,xTPR,PDCM,PCID,SSE4.1,SSE4.2,POPCNT,NXE,RDTSCP,LONG,LAHF,PERF,ITSC,IBRS,IBPB,STIBP,L1DF,SENSOR,ARAT,MELTDOWN
cpu0: 256KB 64b/line 8-way L2 cache
acpitimer0: recalibrated TSC frequency 3060279643 Hz
cpu0: smt 0, core 0, package 0
mtrr: Pentium Pro MTRR support, 8 var ranges, 88 fixed ranges
cpu0: apic clock running at 133MHz
cpu0: mwait min=64, max=64, C-substates=0.2.1.1, IBE
cpu1 at mainbus0: apid 4 (application processor)
cpu1: Intel(R) Core(TM) i3 CPU 540 @ 3.07GHz, 3060.28 MHz
cpu1: FPU,VME,DE,PSE,TSC,MSR,PAE,MCE,CX8,APIC,SEP,MTRR,PGE,MCA,CMOV,PAT,PSE36,CFLUSH,DS,ACPI,MMX,FXSR,SSE,SSE2,SS,HTT,TM,PBE,SSE3,DTES64,MWAIT,DS-CPL,VMX,EST,TM2,SSSE3,CX16,xTPR,PDCM,PCID,SSE4.1,SSE4.2,POPCNT,NXE,RDTSCP,LONG,LAHF,PERF,ITSC,IBRS,IBPB,STIBP,L1DF,SENSOR,ARAT,MELTDOWN
cpu1: 256KB 64b/line 8-way L2 cache
cpu1: smt 0, core 2, package 0
cpu2 at mainbus0: apid 1 (application processor)
cpu2: Intel(R) Core(TM) i3 CPU 540 @ 3.07GHz, 3060.28 MHz
cpu2: FPU,VME,DE,PSE,TSC,MSR,PAE,MCE,CX8,APIC,SEP,MTRR,PGE,MCA,CMOV,PAT,PSE36,CFLUSH,DS,ACPI,MMX,FXSR,SSE,SSE2,SS,HTT,TM,PBE,SSE3,DTES64,MWAIT,DS-CPL,VMX,EST,TM2,SSSE3,CX16,xTPR,PDCM,PCID,SSE4.1,SSE4.2,POPCNT,NXE,RDTSCP,LONG,LAHF,PERF,ITSC,IBRS,IBPB,STIBP,L1DF,SENSOR,ARAT,MELTDOWN
cpu2: 256KB 64b/line 8-way L2 cache
cpu2: smt 1, core 0, package 0
cpu3 at mainbus0: apid 5 (application processor)
cpu3: Intel(R) Core(TM) i3 CPU 540 @ 3.07GHz, 3060.28 MHz
cpu3: FPU,VME,DE,PSE,TSC,MSR,PAE,MCE,CX8,APIC,SEP,MTRR,PGE,MCA,CMOV,PAT,PSE36,CFLUSH,DS,ACPI,MMX,FXSR,SSE,SSE2,SS,HTT,TM,PBE,SSE3,DTES64,MWAIT,DS-CPL,VMX,EST,TM2,SSSE3,CX16,xTPR,PDCM,PCID,SSE4.1,SSE4.2,POPCNT,NXE,RDTSCP,LONG,LAHF,PERF,ITSC,IBRS,IBPB,STIBP,L1DF,SENSOR,ARAT,MELTDOWN
cpu3: 256KB 64b/line 8-way L2 cache
cpu3: smt 1, core 2, package 0
ioapic0 at mainbus0: apid 0 pa 0xfec00000, version 20, 24 pins
acpihpet0 at acpi0: 14318179 Hz
acpihpet0: recalibrated TSC frequency 3060287880 Hz
acpimcfg0 at acpi0 addr 0xe0000000, bus 0-255
acpiprt0 at acpi0: bus 0 (PCI0)
acpiprt1 at acpi0: bus -1 (LYD0)
acpiprt2 at acpi0: bus -1 (LYD2)
acpiprt3 at acpi0: bus -1 (HVD0)
acpiprt4 at acpi0: bus -1 (HVD2)
acpiprt5 at acpi0: bus 3 (PEX0)
acpiprt6 at acpi0: bus -1 (PEX2)
acpiprt7 at acpi0: bus -1 (PEX3)
acpiprt8 at acpi0: bus 2 (PEX4)
acpiprt9 at acpi0: bus 1 (COMP)
acpicpu0 at acpi0: C3(350@96 mwait.1@0x20), C1(1000@1 mwait.1)
acpicpu1 at acpi0: C3(350@96 mwait.1@0x20), C1(1000@1 mwait.1)
acpicpu2 at acpi0: C3(350@96 mwait.1@0x20), C1(1000@1 mwait.1)
acpicpu3 at acpi0: C3(350@96 mwait.1@0x20), C1(1000@1 mwait.1)
&quot;PNP0C33&quot; at acpi0 not configured
&quot;ACPI000D&quot; at acpi0 not configured
&quot;IPI0001&quot; at acpi0 not configured
ipmi at mainbus0 not configured
pci0 at mainbus0 bus 0
pchb0 at pci0 dev 0 function 0 &quot;Intel Core Host&quot; rev 0x18
ehci0 at pci0 dev 26 function 0 &quot;Intel 3400 USB&quot; rev 0x05: apic 0 int 22
usb0 at ehci0: USB revision 2.0
uhub0 at usb0 configuration 1 interface 0 &quot;Intel EHCI root hub&quot; rev 2.00/1.00 addr 1
ppb0 at pci0 dev 28 function 0 &quot;Intel 3400 PCIE&quot; rev 0x05
pci1 at ppb0 bus 3
ppb1 at pci0 dev 28 function 4 &quot;Intel 3400 PCIE&quot; rev 0x05
pci2 at ppb1 bus 2
bnx0 at pci2 dev 0 function 0 &quot;Broadcom BCM5716&quot; rev 0x20: apic 0 int 16
bnx1 at pci2 dev 0 function 1 &quot;Broadcom BCM5716&quot; rev 0x20: apic 0 int 17
ehci1 at pci0 dev 29 function 0 &quot;Intel 3400 USB&quot; rev 0x05: apic 0 int 22
usb1 at ehci1: USB revision 2.0
uhub1 at usb1 configuration 1 interface 0 &quot;Intel EHCI root hub&quot; rev 2.00/1.00 addr 1
ppb2 at pci0 dev 30 function 0 &quot;Intel 82801BA Hub-to-PCI&quot; rev 0xa5
pci3 at ppb2 bus 1
vga1 at pci3 dev 3 function 0 &quot;Matrox MGA G200eW&quot; rev 0x0a
wsdisplay0 at vga1 mux 1: console (80x25, vt100 emulation)
wsdisplay0: screen 1-5 added (80x25, vt100 emulation)
pcib0 at pci0 dev 31 function 0 &quot;Intel 3420 LPC&quot; rev 0x05
pciide0 at pci0 dev 31 function 2 &quot;Intel 3400 SATA&quot; rev 0x05: DMA, channel 0 configured to native-PCI, channel 1 configured to native-PCI
pciide0: using apic 0 int 20 for native-PCI interrupt
wd0 at pciide0 channel 0 drive 0: &lt;WDC WD2502ABYS-18B7A0&gt;
wd0: 16-sector PIO, LBA48, 238418MB, 488281250 sectors
wd0(pciide0:0:0): using PIO mode 4, Ultra-DMA mode 6
wd1 at pciide0 channel 1 drive 0: &lt;WDC WD2502ABYS-18B7A0&gt;
wd1: 16-sector PIO, LBA48, 238418MB, 488281250 sectors
wd1(pciide0:1:0): using PIO mode 4, Ultra-DMA mode 6
pciide1 at pci0 dev 31 function 5 &quot;Intel 3400 SATA&quot; rev 0x05: DMA, channel 0 wired to native-PCI, channel 1 wired to native-PCI
pciide1: using apic 0 int 21 for native-PCI interrupt
atapiscsi0 at pciide1 channel 0 drive 0
scsibus1 at atapiscsi0: 2 targets
cd0 at scsibus1 targ 0 lun 0: &lt;TEAC, DVD-ROM DV-28SW, R.2B&gt; ATAPI 5/cdrom removable
cd0(pciide1:0:0): using PIO mode 4, Ultra-DMA mode 5
isa0 at pcib0
isadma0 at isa0
com0 at isa0 port 0x3f8/8 irq 4: ns16550a, 16 byte fifo
com1 at isa0 port 0x2f8/8 irq 3: ns16550a, 16 byte fifo
pckbc0 at isa0 port 0x60/5 irq 1 irq 12
pcppi0 at isa0 port 0x61
spkr0 at pcppi0
uhub2 at uhub0 port 1 configuration 1 interface 0 &quot;Intel Rate Matching Hub&quot; rev 2.00/0.00 addr 2
uhub3 at uhub2 port 1 configuration 1 interface 0 &quot;Standard Microsystems product 0x2514&quot; rev 2.00/0.00 addr 3
uhub4 at uhub1 port 1 configuration 1 interface 0 &quot;Intel Rate Matching Hub&quot; rev 2.00/0.00 addr 2
uhidev0 at uhub4 port 5 configuration 1 interface 0 &quot;Avocent USB Composite Device-0&quot; rev 1.10/0.00 addr 3
uhidev0: iclass 3/1
ukbd0 at uhidev0: 8 variable keys, 6 key codes
wskbd0 at ukbd0: console keyboard, using wsdisplay0
uhidev1 at uhub4 port 5 configuration 1 interface 1 &quot;Avocent USB Composite Device-0&quot; rev 1.10/0.00 addr 3
uhidev1: iclass 3/1
ums0 at uhidev1: 3 buttons, Z dir
wsmouse0 at ums0 mux 0
vscsi0 at root
scsibus2 at vscsi0: 256 targets
softraid0 at root
scsibus3 at softraid0: 256 targets
sd0 at scsibus3 targ 1 lun 0: &lt;OPENBSD, SR RAID 1, 006&gt; SCSI2 0/direct fixed
sd0: 238417MB, 512 bytes/sector, 488279018 sectors
root on sd0a (28856045654eb0a4.a) swap on sd0b dump on sd0b
bnx0: address xx:xx:xx:xx:xx:xx
brgphy0 at bnx0 phy 1: BCM5709 10/100/1000baseT PHY, rev. 8
bnx1: address xx:xx:xx:xx:xx:xx
brgphy1 at bnx1 phy 1: BCM5709 10/100/1000baseT PHY, rev. 8
</pre>



</div><!-- content -->
<br />
<div id="footer">
All comments/news/posts are the property of their individual owner and
is presented without warranty of suitability, and solely as an
informational resource. <br />
This site Copyright &copy; 2004-2020 NYC*BUG.
</div><!-- footer -->

</body>
</html>

