



<!doctype html>
<html lang="en">
<head>
<meta name="keywords"
	content="bsd, freebsd, openbsd, netbsd, dragonflybsd, nycbug, dmesgd" />
<meta name="description" content="New York City BSD User Group dmesgd" />
<meta charset="utf-8" />
<meta name="viewport" content="width=device-width, initial-scale=1" />
<title>NYC*BUG dmesgd</title>
<style>
body {
	text-align: left;
	margin: 15px auto;
	padding: 0px 10px;
}
@media (min-width: 800px) {
	body {
		max-width: 85%;
	}
}
#header {
	border-bottom: 1px solid #dbdbdb;
	font-size: 230%;
	text-align: left;
}
#footer {
	border-top: 1px solid #dbdbdb;
	clear: both;
	text-align: left;
}
.logo_bug {
	color: #cc0033;
}
#menu ul {
	list-style-type: none;
	margin: 0;
	padding: 0;
}
#menu li {
	float: left;
}
#menu li a {
	display: block;
	background-color: #dbdbdb;
	color: #000000;
	font-size: 105%;
	font-weight: bold;
	padding: 0px 6px 0px 6px;
	text-decoration: none;
}
#content {
	clear: both;
	text-align: left;
	padding-top: 10px;
}
#content h1 {
	font-size: 120%;
	font-weight: bold;
}
#content h2 {
	font-size: 110%;
	font-weight: bold;
}
#content a {
	text-decoration: none;
}
#content pre {
	background-color: #dbdbdb;
	padding: 5px 5px 5px 5px;
	white-space: pre-wrap;		/* css-3 */
	white-space: -moz-pre-wrap;	/* Mozilla, since 1999 */
	white-space: -pre-wrap;		/* Opera 4-6 */
	white-space: -o-pre-wrap;	/* Opera 7 */
	word-wrap: break-word;		/* Internet Explorer 5.5+ */
}
#content table {
	border-collapse: collapse;
}
#content table th {
	border: 1px solid #dbdbdb;
	font-size: 85%;
	white-space: nowrap;
}
#content table td {
	border: 1px solid #dbdbdb;
	font-size: 80%;
}
#content input {
	font-size: 1em;
}
#content .full	{ width: 100%; }
#content .left	{ text-align: left; }
#content .right	{ text-align: right; }
#content .center { text-align: center; }
#content .flexbox {
	display: -ms-flex;
	display: -webkit-flex;
	display: flex;
	width: 100%;
}
#content .left_col {
	min-width: 75px;
	max-width: 50%;
	flex-grow: 0;
}
#content .right_col {
	flex-grow: 1;
	margin-left: 10px;
	padding-top: 10px;
	padding-left: 10px;
}
#col {
	-moz-column-count: 3;
	-webkit-column-count: 3;
	column-count: 3;
}
</style>
</head>
<body>

<div id="header">
<strong><em>NYC*</em><span class="logo_bug">BUG</span> dmesgd</strong>
</div><!-- header -->

<div id="menu">
<ul>
<li><a href="https://dmesgd.nycbug.org/index.cgi?do=index">Home</a></li>
<li><a href="https://dmesgd.nycbug.org/index.cgi?do=submit">Submit</a></li>
<li><a href="https://www.nycbug.org/">NYC*BUG</a></li>
</ul>
</div><!-- menu -->

<div id="content">

<p>
Launched in 2004, dmesgd aims to provide a
<strong>user-submitted</strong> repository of searchable *BSD dmesgs.
The dmesg(8) command displays the system message buffer's content, and
during boot a copy is saved to <em>/var/run/dmesg.boot</em>.  This buffer
contains the operating system release, name and version, a list of
devices identified, plus a whole host of other useful information.  We
hope others find this resource useful and further contribute to its
growth. Contact us at [ admin at lists dot nycbug dot org ].
</p>

<hr />


<strong>Date:</strong> <em>2018-10-23 21:55:17</em><br />
<strong>From:</strong> <em>int16h</em><br />
<strong>Description:</strong> <em>OpenBSD 6.4/amd64 - PC Engines apu2c4</em><br />

<pre>
OpenBSD 6.4 (GENERIC.MP) #364: Thu Oct 11 13:30:23 MDT 2018
    xxx@xxx.xxx:/usr/src/sys/arch/amd64/compile/GENERIC.MP
real mem = 4261015552 (4063MB)
avail mem = 4122615808 (3931MB)
mpath0 at root
scsibus0 at mpath0: 256 targets
mainbus0 at root
bios0 at mainbus0: SMBIOS rev. 2.7 @ 0xcff9f020 (7 entries)
bios0: vendor coreboot version &quot;v4.6.1&quot; date 08/30/2017
bios0: PC Engines PC Engines apu2
acpi0 at bios0: rev 2
acpi0: sleep states S0 S1 S2 S4 S5
acpi0: tables DSDT FACP SSDT TCPA APIC HEST SSDT SSDT HPET
acpi0: wakeup devices PWRB(S4) PBR4(S4) PBR5(S4) PBR6(S4) PBR7(S4) PBR8(S4) UOH1(S3) UOH2(S3) UOH3(S3) UOH4(S3) UOH5(S3) UOH6(S3) XHC0(S4)
acpitimer0 at acpi0: 3579545 Hz, 32 bits
acpimadt0 at acpi0 addr 0xfee00000: PC-AT compat
cpu0 at mainbus0: apid 0 (boot processor)
cpu0: AMD GX-412TC SOC, 998.29 MHz, 16-30-01
cpu0: FPU,VME,DE,PSE,TSC,MSR,PAE,MCE,CX8,APIC,SEP,MTRR,PGE,MCA,CMOV,PAT,PSE36,CFLUSH,MMX,FXSR,SSE,SSE2,HTT,SSE3,PCLMUL,MWAIT,SSSE3,CX16,SSE4.1,SSE4.2,MOVBE,POPCNT,AES,XSAVE,AVX,F16C,NXE,MMXX,FFXSR,PAGE1GB,RDTSCP,LONG,LAHF,CMPLEG,SVM,EAPICSP,AMCR8,ABM,SSE4A,MASSE,3DNOWP,OSVW,IBS,SKINIT,TOPEXT,DBKP,PERFTSC,PCTRL3,ITSC,BMI1,XSAVEOPT
cpu0: 32KB 64b/line 2-way I-cache, 32KB 64b/line 8-way D-cache, 2MB 64b/line 16-way L2 cache
cpu0: ITLB 32 4KB entries fully associative, 8 4MB entries fully associative
cpu0: DTLB 40 4KB entries fully associative, 8 4MB entries fully associative
cpu0: smt 0, core 0, package 0
mtrr: Pentium Pro MTRR support, 8 var ranges, 88 fixed ranges
cpu0: apic clock running at 99MHz
cpu0: mwait min=64, max=64, IBE
cpu1 at mainbus0: apid 1 (application processor)
cpu1: AMD GX-412TC SOC, 998.14 MHz, 16-30-01
cpu1: FPU,VME,DE,PSE,TSC,MSR,PAE,MCE,CX8,APIC,SEP,MTRR,PGE,MCA,CMOV,PAT,PSE36,CFLUSH,MMX,FXSR,SSE,SSE2,HTT,SSE3,PCLMUL,MWAIT,SSSE3,CX16,SSE4.1,SSE4.2,MOVBE,POPCNT,AES,XSAVE,AVX,F16C,NXE,MMXX,FFXSR,PAGE1GB,RDTSCP,LONG,LAHF,CMPLEG,SVM,EAPICSP,AMCR8,ABM,SSE4A,MASSE,3DNOWP,OSVW,IBS,SKINIT,TOPEXT,DBKP,PERFTSC,PCTRL3,ITSC,BMI1,XSAVEOPT
cpu1: 32KB 64b/line 2-way I-cache, 32KB 64b/line 8-way D-cache, 2MB 64b/line 16-way L2 cache
cpu1: ITLB 32 4KB entries fully associative, 8 4MB entries fully associative
cpu1: DTLB 40 4KB entries fully associative, 8 4MB entries fully associative
cpu1: smt 0, core 1, package 0
cpu2 at mainbus0: apid 2 (application processor)
cpu2: AMD GX-412TC SOC, 998.14 MHz, 16-30-01
cpu2: FPU,VME,DE,PSE,TSC,MSR,PAE,MCE,CX8,APIC,SEP,MTRR,PGE,MCA,CMOV,PAT,PSE36,CFLUSH,MMX,FXSR,SSE,SSE2,HTT,SSE3,PCLMUL,MWAIT,SSSE3,CX16,SSE4.1,SSE4.2,MOVBE,POPCNT,AES,XSAVE,AVX,F16C,NXE,MMXX,FFXSR,PAGE1GB,RDTSCP,LONG,LAHF,CMPLEG,SVM,EAPICSP,AMCR8,ABM,SSE4A,MASSE,3DNOWP,OSVW,IBS,SKINIT,TOPEXT,DBKP,PERFTSC,PCTRL3,ITSC,BMI1,XSAVEOPT
cpu2: 32KB 64b/line 2-way I-cache, 32KB 64b/line 8-way D-cache, 2MB 64b/line 16-way L2 cache
cpu2: ITLB 32 4KB entries fully associative, 8 4MB entries fully associative
cpu2: DTLB 40 4KB entries fully associative, 8 4MB entries fully associative
cpu2: smt 0, core 2, package 0
cpu3 at mainbus0: apid 3 (application processor)
cpu3: AMD GX-412TC SOC, 998.14 MHz, 16-30-01
cpu3: FPU,VME,DE,PSE,TSC,MSR,PAE,MCE,CX8,APIC,SEP,MTRR,PGE,MCA,CMOV,PAT,PSE36,CFLUSH,MMX,FXSR,SSE,SSE2,HTT,SSE3,PCLMUL,MWAIT,SSSE3,CX16,SSE4.1,SSE4.2,MOVBE,POPCNT,AES,XSAVE,AVX,F16C,NXE,MMXX,FFXSR,PAGE1GB,RDTSCP,LONG,LAHF,CMPLEG,SVM,EAPICSP,AMCR8,ABM,SSE4A,MASSE,3DNOWP,OSVW,IBS,SKINIT,TOPEXT,DBKP,PERFTSC,PCTRL3,ITSC,BMI1,XSAVEOPT
cpu3: 32KB 64b/line 2-way I-cache, 32KB 64b/line 8-way D-cache, 2MB 64b/line 16-way L2 cache
cpu3: ITLB 32 4KB entries fully associative, 8 4MB entries fully associative
cpu3: DTLB 40 4KB entries fully associative, 8 4MB entries fully associative
cpu3: smt 0, core 3, package 0
ioapic0 at mainbus0: apid 4 pa 0xfec00000, version 21, 24 pins
ioapic1 at mainbus0: apid 5 pa 0xfec20000, version 21, 32 pins, remapped
acpihpet0 at acpi0: 14318180 Hz
acpiprt0 at acpi0: bus 0 (PCI0)
acpiprt1 at acpi0: bus -1 (PBR4)
acpiprt2 at acpi0: bus 1 (PBR5)
acpiprt3 at acpi0: bus 2 (PBR6)
acpiprt4 at acpi0: bus 3 (PBR7)
acpiprt5 at acpi0: bus -1 (PBR8)
acpicpu0 at acpi0: C2(0@400 io@0x1771), C1(@1 halt!), PSS
acpicpu1 at acpi0: C2(0@400 io@0x1771), C1(@1 halt!), PSS
acpicpu2 at acpi0: C2(0@400 io@0x1771), C1(@1 halt!), PSS
acpicpu3 at acpi0: C2(0@400 io@0x1771), C1(@1 halt!), PSS
acpibtn0 at acpi0: PWRB
acpicmos0 at acpi0
&quot;BOOT0000&quot; at acpi0 not configured
cpu0: 998 MHz: speeds: 1000 800 600 MHz
pci0 at mainbus0 bus 0
pchb0 at pci0 dev 0 function 0 &quot;AMD AMD64 16h Root Complex&quot; rev 0x00
pchb1 at pci0 dev 2 function 0 &quot;AMD AMD64 16h Host&quot; rev 0x00
ppb0 at pci0 dev 2 function 2 &quot;AMD AMD64 16h PCIE&quot; rev 0x00: msi
pci1 at ppb0 bus 1
em0 at pci1 dev 0 function 0 &quot;Intel I210&quot; rev 0x03: msi, address xx:xx:xx:xx:xx:xx
ppb1 at pci0 dev 2 function 3 &quot;AMD AMD64 16h PCIE&quot; rev 0x00: msi
pci2 at ppb1 bus 2
em1 at pci2 dev 0 function 0 &quot;Intel I210&quot; rev 0x03: msi, address xx:xx:xx:xx:xx:xx
ppb2 at pci0 dev 2 function 4 &quot;AMD AMD64 16h PCIE&quot; rev 0x00: msi
pci3 at ppb2 bus 3
em2 at pci3 dev 0 function 0 &quot;Intel I210&quot; rev 0x03: msi, address xx:xx:xx:xx:xx:xx
ccp0 at pci0 dev 8 function 0 &quot;AMD Cryptographic Co-processor v3&quot; rev 0x00
xhci0 at pci0 dev 16 function 0 &quot;AMD Bolton xHCI&quot; rev 0x11: msi, xHCI 1.0
usb0 at xhci0: USB revision 3.0
uhub0 at usb0 configuration 1 interface 0 &quot;AMD xHCI root hub&quot; rev 3.00/1.00 addr 1
ahci0 at pci0 dev 17 function 0 &quot;AMD Hudson-2 SATA&quot; rev 0x39: msi, AHCI 1.3
ahci0: port 0: 6.0Gb/s
scsibus1 at ahci0: 32 targets
sd0 at scsibus1 targ 0 lun 0: &lt;ATA, SATA SSD, SBFM&gt; SCSI3 0/direct fixed naa.5000000000000000
sd0: 15272MB, 512 bytes/sector, 31277232 sectors, thin
ehci0 at pci0 dev 19 function 0 &quot;AMD Hudson-2 USB2&quot; rev 0x39: apic 4 int 18
usb1 at ehci0: USB revision 2.0
uhub1 at usb1 configuration 1 interface 0 &quot;AMD EHCI root hub&quot; rev 2.00/1.00 addr 1
piixpm0 at pci0 dev 20 function 0 &quot;AMD Hudson-2 SMBus&quot; rev 0x42: SMBus disabled
pcib0 at pci0 dev 20 function 3 &quot;AMD Hudson-2 LPC&quot; rev 0x11
sdhc0 at pci0 dev 20 function 7 &quot;AMD Bolton SD/MMC&quot; rev 0x01: apic 4 int 16
sdhc0: SDHC 2.0, 63 MHz base clock
sdmmc0 at sdhc0: 4-bit, sd high-speed, mmc high-speed, dma
pchb2 at pci0 dev 24 function 0 &quot;AMD AMD64 16h Link Cfg&quot; rev 0x00
pchb3 at pci0 dev 24 function 1 &quot;AMD AMD64 16h Address Map&quot; rev 0x00
pchb4 at pci0 dev 24 function 2 &quot;AMD AMD64 16h DRAM Cfg&quot; rev 0x00
km0 at pci0 dev 24 function 3 &quot;AMD AMD64 16h Misc Cfg&quot; rev 0x00
pchb5 at pci0 dev 24 function 4 &quot;AMD AMD64 16h CPU Power&quot; rev 0x00
pchb6 at pci0 dev 24 function 5 &quot;AMD AMD64 16h Misc Cfg&quot; rev 0x00
isa0 at pcib0
isadma0 at isa0
com0 at isa0 port 0x3f8/8 irq 4: ns16550a, 16 byte fifo
com0: console
com1 at isa0 port 0x2f8/8 irq 3: ns16550a, 16 byte fifo
com2 at isa0 port 0x3e8/8 irq 5: ns16550a, 16 byte fifo
pcppi0 at isa0 port 0x61
spkr0 at pcppi0
lpt0 at isa0 port 0x378/4 irq 7
wbsio0 at isa0 port 0x2e/2: NCT5104D rev 0x53
vmm0 at mainbus0: SVM/RVI
uhub2 at uhub1 port 1 configuration 1 interface 0 &quot;Advanced Micro Devices product 0x7900&quot; rev 2.00/0.18 addr 2
vscsi0 at root
scsibus2 at vscsi0: 256 targets
softraid0 at root
scsibus3 at softraid0: 256 targets
root on sd0a (2e86d20abf75bd80.a) swap on sd0b dump on sd0b
hw.sensors.km0.temp0=51.75 degC
</pre>



</div><!-- content -->
<br />
<div id="footer">
All comments/news/posts are the property of their individual owner and
is presented without warranty of suitability, and solely as an
informational resource. <br />
This site Copyright &copy; 2004-2020 NYC*BUG.
</div><!-- footer -->

</body>
</html>

