



<!doctype html>
<html lang="en">
<head>
<meta name="keywords"
	content="bsd, freebsd, openbsd, netbsd, dragonflybsd, nycbug, dmesgd" />
<meta name="description" content="New York City BSD User Group dmesgd" />
<meta charset="utf-8" />
<meta name="viewport" content="width=device-width, initial-scale=1" />
<title>NYC*BUG dmesgd</title>
<style>
body {
	text-align: left;
	margin: 15px auto;
	padding: 0px 10px;
}
@media (min-width: 800px) {
	body {
		max-width: 85%;
	}
}
#header {
	border-bottom: 1px solid #dbdbdb;
	font-size: 230%;
	text-align: left;
}
#footer {
	border-top: 1px solid #dbdbdb;
	clear: both;
	text-align: left;
}
.logo_bug {
	color: #cc0033;
}
#menu ul {
	list-style-type: none;
	margin: 0;
	padding: 0;
}
#menu li {
	float: left;
}
#menu li a {
	display: block;
	background-color: #dbdbdb;
	color: #000000;
	font-size: 105%;
	font-weight: bold;
	padding: 0px 6px 0px 6px;
	text-decoration: none;
}
#content {
	clear: both;
	text-align: left;
	padding-top: 10px;
}
#content h1 {
	font-size: 120%;
	font-weight: bold;
}
#content h2 {
	font-size: 110%;
	font-weight: bold;
}
#content a {
	text-decoration: none;
}
#content pre {
	background-color: #dbdbdb;
	padding: 5px 5px 5px 5px;
	white-space: pre-wrap;		/* css-3 */
	white-space: -moz-pre-wrap;	/* Mozilla, since 1999 */
	white-space: -pre-wrap;		/* Opera 4-6 */
	white-space: -o-pre-wrap;	/* Opera 7 */
	word-wrap: break-word;		/* Internet Explorer 5.5+ */
}
#content table {
	border-collapse: collapse;
}
#content table th {
	border: 1px solid #dbdbdb;
	font-size: 85%;
	white-space: nowrap;
}
#content table td {
	border: 1px solid #dbdbdb;
	font-size: 80%;
}
#content input {
	font-size: 1em;
}
#content .full	{ width: 100%; }
#content .left	{ text-align: left; }
#content .right	{ text-align: right; }
#content .center { text-align: center; }
#content .flexbox {
	display: -ms-flex;
	display: -webkit-flex;
	display: flex;
	width: 100%;
}
#content .left_col {
	min-width: 75px;
	max-width: 50%;
	flex-grow: 0;
}
#content .right_col {
	flex-grow: 1;
	margin-left: 10px;
	padding-top: 10px;
	padding-left: 10px;
}
#col {
	-moz-column-count: 3;
	-webkit-column-count: 3;
	column-count: 3;
}
</style>
</head>
<body>

<div id="header">
<strong><em>NYC*</em><span class="logo_bug">BUG</span> dmesgd</strong>
</div><!-- header -->

<div id="menu">
<ul>
<li><a href="https://dmesgd.nycbug.org/index.cgi?do=index">Home</a></li>
<li><a href="https://dmesgd.nycbug.org/index.cgi?do=submit">Submit</a></li>
<li><a href="https://www.nycbug.org/">NYC*BUG</a></li>
</ul>
</div><!-- menu -->

<div id="content">

<p>
Launched in 2004, dmesgd aims to provide a
<strong>user-submitted</strong> repository of searchable *BSD dmesgs.
The dmesg(8) command displays the system message buffer's content, and
during boot a copy is saved to <em>/var/run/dmesg.boot</em>.  This buffer
contains the operating system release, name and version, a list of
devices identified, plus a whole host of other useful information.  We
hope others find this resource useful and further contribute to its
growth. Contact us at [ admin at lists dot nycbug dot org ].
</p>

<hr />


<strong>Date:</strong> <em>2018-11-04 17:51:12</em><br />
<strong>From:</strong> <em>Lincoln</em><br />
<strong>Description:</strong> <em>Sun Blade 2500 (red)</em><br />

<pre>
console is keyboard/display
Copyright (c) 1982, 1986, 1989, 1991, 1993
        The Regents of the University of California.  All rights reserved.
Copyright (c) 1995-2018 OpenBSD. All rights reserved.  https://www.OpenBSD.org

OpenBSD 6.4 (RAMDISK) #6: Fri Oct 12 10:32:59 MDT 2018
    xxx@xxx.xxx:/usr/src/sys/arch/sparc64/compile/RAMDISK
real mem = 2147483648 (2048MB)
avail mem = 2098528256 (2001MB)
mainbus0 at root: Sun Blade 2500
cpu0 at mainbus0: SUNW,UltraSPARC-IIIi (rev 2.4) @ 1280 MHz
cpu0: physical 32K instruction (32 b/l), 64K data (32 b/l), 1024K external (64 b/l)
&quot;SUNW,UltraSPARC-IIIi&quot; at mainbus0 not configured
&quot;memory-controller&quot; at mainbus0 not configured
&quot;memory-controller&quot; at mainbus0 not configured
schizo0 at mainbus0: &quot;Tomatillo&quot;, version 4, ign 700, bus A 0 to 0
schizo0: dvma map c0000000-dfffffff
pci0 at schizo0
bge0 at pci0 dev 3 function 0 &quot;Broadcom BCM5703&quot; rev 0x00, BCM5702/5703 A2 (0x1002)bge0: nvram lock timed out
: ivec 0x71c, address xx:xx:xx:xx:xx:xx
brgphy0 at bge0 phy 1: BCM5703 10/100/1000baseT PHY, rev. 2
&quot;ppm&quot; at mainbus0 not configured
schizo1 at mainbus0: &quot;Tomatillo&quot;, version 4, ign 740, bus B 0 to 0
schizo1: dvma map c0000000-dfffffff
pci1 at schizo1
siop0 at pci1 dev 4 function 0 &quot;Symbios Logic 53c1010-66&quot; rev 0x01: ivec 0x769, using 8K of on-board RAM
scsibus0 at siop0: 16 targets, initiator 7
sd0 at scsibus0 targ 0 lun 0: &lt;SEAGATE, ST336607LC, DS09&gt; SCSI3 0/direct fixed serial.SEAGATE_ST336607LC_3JA9MZDD
sd0: 34732MB, 512 bytes/sector, 71132959 sectors
siop1 at pci1 dev 4 function 1 &quot;Symbios Logic 53c1010-66&quot; rev 0x01: ivec 0x768, using 8K of on-board RAM
scsibus1 at siop1: 16 targets, initiator 7
schizo2 at mainbus0: &quot;Tomatillo&quot;, version 4, ign 780, bus A 0 to 1
schizo2: dvma map c0000000-dfffffff
pci2 at schizo2
ebus0 at pci2 dev 7 function 0 &quot;Acer Labs M1533 ISA&quot; rev 0x00
&quot;flashprom&quot; at ebus0 addr 0-fffff not configured
rtc0 at ebus0 addr 70-71: m5819p
&quot;i2c&quot; at ebus0 addr 320-321 ivec 0x2e not configured
&quot;power&quot; at ebus0 addr 800-82f ivec 0x20 not configured
com0 at ebus0 addr 3f8-3ff ivec 0x2c: ns16550a, 16 byte fifo
com1 at ebus0 addr 2e8-2ef ivec 0x2c: ns16550a, 16 byte fifo
&quot;dma&quot; at ebus0 addr 0-ffff not configured
&quot;Acer Labs M7101 Power&quot; rev 0x00 at pci2 dev 6 function 0 not configured
&quot;Acer Labs M5451 Audio&quot; rev 0x02 at pci2 dev 8 function 0 not configured
ohci0 at pci2 dev 10 function 0 &quot;Acer Labs M5237 USB&quot; rev 0x03: ivec 0x7a7, version 1.0, legacy support
ohci1 at pci2 dev 11 function 0 &quot;Acer Labs M5237 USB&quot; rev 0x03: ivec 0x7a6, version 1.0, legacy support
pciide0 at pci2 dev 13 function 0 &quot;Acer Labs M5229 UDMA IDE&quot; rev 0xc4: DMA, channel 0 configured to native-PCI, channel 1 configured to native-PCI
pciide0: using ivec 0x798 for native-PCI interrupt
pciide0: channel 0 disabled (no drives)
atapiscsi0 at pciide0 channel 1 drive 0
scsibus2 at atapiscsi0: 2 targets
cd0 at scsibus2 targ 0 lun 0: &lt;JLMS, XJ-HD166S, D3S4&gt; ATAPI 5/cdrom removable
cd0(pciide0:1:0): using PIO mode 4, Ultra-DMA mode 2
ppb0 at pci2 dev 4 function 0 &quot;TI PCI2250&quot; rev 0x02
pci3 at ppb0 bus 1
ohci2 at pci3 dev 8 function 0 &quot;NEC USB&quot; rev 0x43: ivec 0x794, version 1.0
ohci3 at pci3 dev 8 function 1 &quot;NEC USB&quot; rev 0x43: ivec 0x795, version 1.0
ehci0 at pci3 dev 8 function 2 &quot;NEC USB&quot; rev 0x04: ivec 0x796
usb0 at ehci0: USB revision 2.0
uhub0 at usb0 configuration 1 interface 0 &quot;NEC EHCI root hub&quot; rev 2.00/1.00 addr 1
&quot;TI TSB43AB23 FireWire&quot; rev 0x00 at pci3 dev 11 function 0 not configured
usb1 at ohci2: USB revision 1.0
uhub1 at usb1 configuration 1 interface 0 &quot;NEC OHCI root hub&quot; rev 1.00/1.00 addr 1
usb2 at ohci3: USB revision 1.0
uhub2 at usb2 configuration 1 interface 0 &quot;NEC OHCI root hub&quot; rev 1.00/1.00 addr 1
usb3 at ohci0: USB revision 1.0
uhub3 at usb3 configuration 1 interface 0 &quot;Acer Labs OHCI root hub&quot; rev 1.00/1.00 addr 1
usb4 at ohci1: USB revision 1.0
uhub4 at usb4 configuration 1 interface 0 &quot;Acer Labs OHCI root hub&quot; rev 1.00/1.00 addr 1
&quot;ppm&quot; at mainbus0 not configured
schizo3 at mainbus0: &quot;Tomatillo&quot;, version 4, ign 7c0, bus B 0 to 0
schizo3: dvma map c0000000-dfffffff
pci4 at schizo3
ifb0 at pci4 dev 2 function 0 &quot;3D Labs Wildcat 5110&quot; rev 0x01
ifb0: XVR-600 (SUNW,375-3153), 1280x1024
wsdisplay0 at ifb0: console (std, sun emulation)
&quot;i2c&quot; at mainbus0 not configured
siop0: target 0 now using tagged DT 16 bit 80.0 MHz 62 REQ/ACK offset xfers
uhidev0 at uhub4 port 2 configuration 1 interface 0 &quot;Logitech USB Keyboard&quot; rev 1.10/64.00 addr 2
uhidev0: iclass 3/1
ukbd0 at uhidev0
wskbd0 at ukbd0: console keyboard, using wsdisplay0
uhidev1 at uhub4 port 2 configuration 1 interface 1 &quot;Logitech USB Keyboard&quot; rev 1.10/64.00 addr 2
uhidev1: iclass 3/0, 3 report ids
uhid at uhidev1 reportid 1 not configured
uhid at uhidev1 reportid 2 not configured
uhid at uhidev1 reportid 3 not configured
softraid0 at root
scsibus3 at softraid0: 256 targets
bootpath: /pci@1c,600000/network@3,0
root on rd0a swap on rd0b dump on rd0b
syncing disks...
console is keyboard/display
Copyright (c) 1982, 1986, 1989, 1991, 1993
        The Regents of the University of California.  All rights reserved.
Copyright (c) 1995-2018 OpenBSD. All rights reserved.  https://www.OpenBSD.org

OpenBSD 6.4 (GENERIC.MP) #6: Fri Oct 12 09:57:36 MDT 2018
    xxx@xxx.xxx:/usr/src/sys/arch/sparc64/compile/GENERIC.MP
real mem = 2147483648 (2048MB)
avail mem = 2092072960 (1995MB)
mpath0 at root
scsibus0 at mpath0: 256 targets
mainbus0 at root: Sun Blade 2500
cpu0 at mainbus0: SUNW,UltraSPARC-IIIi (rev 2.4) @ 1280 MHz
cpu0: physical 32K instruction (32 b/l), 64K data (32 b/l), 1024K external (64 b/l)
cpu1 at mainbus0: SUNW,UltraSPARC-IIIi (rev 2.4) @ 1280 MHz
cpu1: physical 32K instruction (32 b/l), 64K data (32 b/l), 1024K external (64 b/l)
&quot;memory-controller&quot; at mainbus0 not configured
&quot;memory-controller&quot; at mainbus0 not configured
schizo0 at mainbus0: &quot;Tomatillo&quot;, version 4, ign 700, bus A 0 to 0
schizo0: dvma map c0000000-dfffffff
pci0 at schizo0
bge0 at pci0 dev 3 function 0 &quot;Broadcom BCM5703&quot; rev 0x00, BCM5702/5703 A2 (0x1002): ivec 0x71c, address xx:xx:xx:xx:xx:xx
brgphy0 at bge0 phy 1: BCM5703 10/100/1000baseT PHY, rev. 2
&quot;ppm&quot; at mainbus0 not configured
schizo1 at mainbus0: &quot;Tomatillo&quot;, version 4, ign 740, bus B 0 to 0
schizo1: dvma map c0000000-dfffffff
pci1 at schizo1
siop0 at pci1 dev 4 function 0 &quot;Symbios Logic 53c1010-66&quot; rev 0x01: ivec 0x769, using 8K of on-board RAM
scsibus1 at siop0: 16 targets, initiator 7
sym0 at scsibus1 targ 0 lun 0: &lt;SEAGATE, ST336607LC, DS09&gt; SCSI3 0/direct fixed serial.SEAGATE_ST336607LC_3JA9MZDD
sd0 at scsibus0 targ 0 lun 0: &lt;SEAGATE, ST336607LC, DS09&gt; SCSI3 0/direct fixed serial.SEAGATE_ST336607LC_3JA9MZDD
sd0: 34732MB, 512 bytes/sector, 71132959 sectors
siop1 at pci1 dev 4 function 1 &quot;Symbios Logic 53c1010-66&quot; rev 0x01: ivec 0x768, using 8K of on-board RAM
scsibus2 at siop1: 16 targets, initiator 7
schizo2 at mainbus0: &quot;Tomatillo&quot;, version 4, ign 780, bus A 0 to 1
schizo2: dvma map c0000000-dfffffff
pci2 at schizo2
ebus0 at pci2 dev 7 function 0 &quot;Acer Labs M1533 ISA&quot; rev 0x00
&quot;flashprom&quot; at ebus0 addr 0-fffff not configured
rtc0 at ebus0 addr 70-71: m5819p
pcfiic0 at ebus0 addr 320-321 ivec 0x2e
iic0 at pcfiic0
&quot;SUNW,i2c-imax&quot; at iic0 addr 0x9 not configured
&quot;pca9556&quot; at iic0 addr 0x18 not configured
admtt0 at iic0 addr 0x2c
admtt1 at iic0 addr 0x2e
&quot;fm3560&quot; at iic0 addr 0x37 not configured
&quot;fm3560&quot; at iic0 addr 0x4e not configured
spdmem0 at iic0 addr 0x5d: 1GB DDR SDRAM registered ECC PC2300CL2.5
spdmem1 at iic0 addr 0x5e: 1GB DDR SDRAM registered ECC PC2300CL2.5
&quot;ics951601&quot; at iic0 addr 0x69 not configured
power0 at ebus0 addr 800-82f ivec 0x20
com0 at ebus0 addr 3f8-3ff ivec 0x2c: ns16550a, 16 byte fifo
com1 at ebus0 addr 2e8-2ef ivec 0x2c: ns16550a, 16 byte fifo
&quot;dma&quot; at ebus0 addr 0-ffff not configured
alipm0 at pci2 dev 6 function 0 &quot;Acer Labs M7101 Power&quot; rev 0x00: 223KHz clock
iic1 at alipm0
&quot;scm001&quot; at alipm0 addr 0x20 skipped due to alipm0 bugs
autri0 at pci2 dev 8 function 0 &quot;Acer Labs M5451 Audio&quot; rev 0x02: ivec 0x7a4
ac97: codec id 0x41445348 (Analog Devices AD1881A)
ac97: codec features headphone, Analog Devices Phat Stereo
audio0 at autri0
midi0 at autri0: &lt;4DWAVE MIDI UART&gt;
ohci0 at pci2 dev 10 function 0 &quot;Acer Labs M5237 USB&quot; rev 0x03: ivec 0x7a7, version 1.0, legacy support
ohci1 at pci2 dev 11 function 0 &quot;Acer Labs M5237 USB&quot; rev 0x03: ivec 0x7a6, version 1.0, legacy support
pciide0 at pci2 dev 13 function 0 &quot;Acer Labs M5229 UDMA IDE&quot; rev 0xc4: DMA, channel 0 configured to native-PCI, channel 1 configured to native-PCI
pciide0: using ivec 0x798 for native-PCI interrupt
pciide0: channel 0 disabled (no drives)
atapiscsi0 at pciide0 channel 1 drive 0
scsibus3 at atapiscsi0: 2 targets
cd0 at scsibus3 targ 0 lun 0: &lt;JLMS, XJ-HD166S, D3S4&gt; ATAPI 5/cdrom removable
cd0(pciide0:1:0): using PIO mode 4, Ultra-DMA mode 2
ppb0 at pci2 dev 4 function 0 &quot;TI PCI2250&quot; rev 0x02
pci3 at ppb0 bus 1
ohci2 at pci3 dev 8 function 0 &quot;NEC USB&quot; rev 0x43: ivec 0x794, version 1.0
ohci3 at pci3 dev 8 function 1 &quot;NEC USB&quot; rev 0x43: ivec 0x795, version 1.0
ehci0 at pci3 dev 8 function 2 &quot;NEC USB&quot; rev 0x04: ivec 0x796
usb0 at ehci0: USB revision 2.0
uhub0 at usb0 configuration 1 interface 0 &quot;NEC EHCI root hub&quot; rev 2.00/1.00 addr 1
&quot;TI TSB43AB23 FireWire&quot; rev 0x00 at pci3 dev 11 function 0 not configured
usb1 at ohci2: USB revision 1.0
uhub1 at usb1 configuration 1 interface 0 &quot;NEC OHCI root hub&quot; rev 1.00/1.00 addr 1
usb2 at ohci3: USB revision 1.0
uhub2 at usb2 configuration 1 interface 0 &quot;NEC OHCI root hub&quot; rev 1.00/1.00 addr 1
usb3 at ohci0: USB revision 1.0
uhub3 at usb3 configuration 1 interface 0 &quot;Acer Labs OHCI root hub&quot; rev 1.00/1.00 addr 1
usb4 at ohci1: USB revision 1.0
uhub4 at usb4 configuration 1 interface 0 &quot;Acer Labs OHCI root hub&quot; rev 1.00/1.00 addr 1
&quot;ppm&quot; at mainbus0 not configured
schizo3 at mainbus0: &quot;Tomatillo&quot;, version 4, ign 7c0, bus B 0 to 0
schizo3: dvma map c0000000-dfffffff
pci4 at schizo3
ifb0 at pci4 dev 2 function 0 &quot;3D Labs Wildcat 5110&quot; rev 0x01
ifb0: XVR-600 (SUNW,375-3153), 1280x1024
wsdisplay0 at ifb0 mux 1: console (std, sun emulation)
&quot;i2c&quot; at mainbus0 not configured
siop0: target 0 now using tagged DT 16 bit 80.0 MHz 62 REQ/ACK offset xfers
uhidev0 at uhub4 port 2 configuration 1 interface 0 &quot;Logitech USB Keyboard&quot; rev 1.10/64.00 addr 2
uhidev0: iclass 3/1
ukbd0 at uhidev0: 8 variable keys, 6 key codes
wskbd0 at ukbd0: console keyboard, using wsdisplay0
uhidev1 at uhub4 port 2 configuration 1 interface 1 &quot;Logitech USB Keyboard&quot; rev 1.10/64.00 addr 2
uhidev1: iclass 3/0, 3 report ids
uhid0 at uhidev1 reportid 1: input=1, output=0, feature=0
uhid1 at uhidev1 reportid 2: input=1, output=0, feature=0
uhid2 at uhidev1 reportid 3: input=3, output=0, feature=0
vscsi0 at root
scsibus4 at vscsi0: 256 targets
softraid0 at root
scsibus5 at softraid0: 256 targets
bootpath: /pci@1d,700000/scsi@4,0/disk@0,0
root on sd0a (6b85fdeca4e54558.a) swap on sd0b dump on sd0b
uhidev2 at uhub4 port 1 configuration 1 interface 0 &quot;Microsoft Microsoft 3-Button Mouse with IntelliEye(TM)&quot; rev 1.10/3.00 addr 3
uhidev2: iclass 3/1
ums0 at uhidev2: 3 buttons, Z dir
wsmouse0 at ums0 mux 0
wsmouse0 detached
ums0 detached
uhidev2 detached
uhidev2 at uhub4 port 1 configuration 1 interface 0 &quot;Microsoft Microsoft 3-Button Mouse with IntelliEye(TM)&quot; rev 1.10/3.00 addr 3
uhidev2: iclass 3/1
ums0 at uhidev2: 3 buttons, Z dir
wsmouse0 at ums0 mux 0
</pre>



</div><!-- content -->
<br />
<div id="footer">
All comments/news/posts are the property of their individual owner and
is presented without warranty of suitability, and solely as an
informational resource. <br />
This site Copyright &copy; 2004-2020 NYC*BUG.
</div><!-- footer -->

</body>
</html>

