



<!doctype html>
<html lang="en">
<head>
<meta name="keywords"
	content="bsd, freebsd, openbsd, netbsd, dragonflybsd, nycbug, dmesgd" />
<meta name="description" content="New York City BSD User Group dmesgd" />
<meta charset="utf-8" />
<meta name="viewport" content="width=device-width, initial-scale=1" />
<title>NYC*BUG dmesgd</title>
<style>
body {
	text-align: left;
	margin: 15px auto;
	padding: 0px 10px;
}
@media (min-width: 800px) {
	body {
		max-width: 85%;
	}
}
#header {
	border-bottom: 1px solid #dbdbdb;
	font-size: 230%;
	text-align: left;
}
#footer {
	border-top: 1px solid #dbdbdb;
	clear: both;
	text-align: left;
}
.logo_bug {
	color: #cc0033;
}
#menu ul {
	list-style-type: none;
	margin: 0;
	padding: 0;
}
#menu li {
	float: left;
}
#menu li a {
	display: block;
	background-color: #dbdbdb;
	color: #000000;
	font-size: 105%;
	font-weight: bold;
	padding: 0px 6px 0px 6px;
	text-decoration: none;
}
#content {
	clear: both;
	text-align: left;
	padding-top: 10px;
}
#content h1 {
	font-size: 120%;
	font-weight: bold;
}
#content h2 {
	font-size: 110%;
	font-weight: bold;
}
#content a {
	text-decoration: none;
}
#content pre {
	background-color: #dbdbdb;
	padding: 5px 5px 5px 5px;
	white-space: pre-wrap;		/* css-3 */
	white-space: -moz-pre-wrap;	/* Mozilla, since 1999 */
	white-space: -pre-wrap;		/* Opera 4-6 */
	white-space: -o-pre-wrap;	/* Opera 7 */
	word-wrap: break-word;		/* Internet Explorer 5.5+ */
}
#content table {
	border-collapse: collapse;
}
#content table th {
	border: 1px solid #dbdbdb;
	font-size: 85%;
	white-space: nowrap;
}
#content table td {
	border: 1px solid #dbdbdb;
	font-size: 80%;
}
#content input {
	font-size: 1em;
}
#content .full	{ width: 100%; }
#content .left	{ text-align: left; }
#content .right	{ text-align: right; }
#content .center { text-align: center; }
#content .flexbox {
	display: -ms-flex;
	display: -webkit-flex;
	display: flex;
	width: 100%;
}
#content .left_col {
	min-width: 75px;
	max-width: 50%;
	flex-grow: 0;
}
#content .right_col {
	flex-grow: 1;
	margin-left: 10px;
	padding-top: 10px;
	padding-left: 10px;
}
#col {
	-moz-column-count: 3;
	-webkit-column-count: 3;
	column-count: 3;
}
</style>
</head>
<body>

<div id="header">
<strong><em>NYC*</em><span class="logo_bug">BUG</span> dmesgd</strong>
</div><!-- header -->

<div id="menu">
<ul>
<li><a href="https://dmesgd.nycbug.org/index.cgi?do=index">Home</a></li>
<li><a href="https://dmesgd.nycbug.org/index.cgi?do=submit">Submit</a></li>
<li><a href="https://www.nycbug.org/">NYC*BUG</a></li>
</ul>
</div><!-- menu -->

<div id="content">

<p>
Launched in 2004, dmesgd aims to provide a
<strong>user-submitted</strong> repository of searchable *BSD dmesgs.
The dmesg(8) command displays the system message buffer's content, and
during boot a copy is saved to <em>/var/run/dmesg.boot</em>.  This buffer
contains the operating system release, name and version, a list of
devices identified, plus a whole host of other useful information.  We
hope others find this resource useful and further contribute to its
growth. Contact us at [ admin at lists dot nycbug dot org ].
</p>

<hr />


<strong>Date:</strong> <em>2018-11-19 19:28:37</em><br />
<strong>From:</strong> <em>V6shell Jeff</em><br />
<strong>Description:</strong> <em>guest vmm/vmd VM on VM at openbsd.amsterdam</em><br />

<pre>
OpenBSD 6.4-current (GENERIC) #418: Tue Nov 13 09:46:24 MST 2018
    xxx@xxx.xxx:/usr/src/sys/arch/amd64/compile/GENERIC
real mem = 654295040 (623MB)
avail mem = 625348608 (596MB)
mpath0 at root
scsibus0 at mpath0: 256 targets
mainbus0 at root
bios0 at mainbus0: SMBIOS rev. 2.4 @ 0xf1950 (10 entries)
bios0: vendor SeaBIOS version &quot;1.11.0p0-OpenBSD-vmm&quot; date 01/01/2011
bios0: OpenBSD VMM
acpi at bios0 not configured
cpu0 at mainbus0: (uniprocessor)
cpu0: Intel(R) Xeon(R) CPU E3-1220 V2 @ 3.10GHz, 3101.35 MHz, 06-3a-09
cpu0: FPU,VME,DE,PSE,TSC,MSR,PAE,MCE,CX8,SEP,PGE,MCA,CMOV,PAT,PSE36,CFLUSH,MMX,FXSR,SSE,SSE2,SSE3,PCLMUL,SSSE3,CX16,SSE4.1,SSE4.2,POPCNT,AES,XSAVE,AVX,F16C,RDRAND,HV,NXE,LONG,LAHF,ITSC,FSGSBASE,SMEP,ERMS,MELTDOWN
cpu0: 256KB 64b/line 8-way L2 cache
cpu0: smt 0, core 0, package 0
pvbus0 at mainbus0: OpenBSD
pci0 at mainbus0 bus 0
pchb0 at pci0 dev 0 function 0 &quot;OpenBSD VMM Host&quot; rev 0x00
virtio0 at pci0 dev 1 function 0 &quot;Qumranet Virtio RNG&quot; rev 0x00
viornd0 at virtio0
virtio0: irq 3
virtio1 at pci0 dev 2 function 0 &quot;Qumranet Virtio Storage&quot; rev 0x00
vioblk0 at virtio1
scsibus1 at vioblk0: 2 targets
sd0 at scsibus1 targ 0 lun 0: &lt;VirtIO, Block Device, &gt; SCSI3 0/direct fixed
sd0: 51200MB, 512 bytes/sector, 104857600 sectors
virtio1: irq 5
virtio2 at pci0 dev 3 function 0 &quot;Qumranet Virtio Storage&quot; rev 0x00
vioblk1 at virtio2
scsibus2 at vioblk1: 2 targets
sd1 at scsibus2 targ 0 lun 0: &lt;VirtIO, Block Device, &gt; SCSI3 0/direct fixed
sd1: 51200MB, 512 bytes/sector, 104857600 sectors
virtio2: irq 6
virtio3 at pci0 dev 4 function 0 &quot;Qumranet Virtio Network&quot; rev 0x00
vio0 at virtio3: address xx:xx:xx:xx:xx:xx
virtio3: irq 7
virtio4 at pci0 dev 5 function 0 &quot;OpenBSD VMM Control&quot; rev 0x00
vmmci0 at virtio4
virtio4: irq 9
isa0 at mainbus0
isadma0 at isa0
com0 at isa0 port 0x3f8/8 irq 4: ns16450, no fifo
com0: console
vscsi0 at root
scsibus3 at vscsi0: 256 targets
softraid0 at root
scsibus4 at softraid0: 256 targets
root on sd0a (390f6f8df509f563.a) swap on sd0b dump on sd0b
hw.sensors.vmmci0.timedelta0=0.000114 secs, OK, Thu Nov 15 17:42:55.297
</pre>



</div><!-- content -->
<br />
<div id="footer">
All comments/news/posts are the property of their individual owner and
is presented without warranty of suitability, and solely as an
informational resource. <br />
This site Copyright &copy; 2004-2020 NYC*BUG.
</div><!-- footer -->

</body>
</html>

