



<!doctype html>
<html lang="en">
<head>
<meta name="keywords"
	content="bsd, freebsd, openbsd, netbsd, dragonflybsd, nycbug, dmesgd" />
<meta name="description" content="New York City BSD User Group dmesgd" />
<meta charset="utf-8" />
<meta name="viewport" content="width=device-width, initial-scale=1" />
<title>NYC*BUG dmesgd</title>
<style>
body {
	text-align: left;
	margin: 15px auto;
	padding: 0px 10px;
}
@media (min-width: 800px) {
	body {
		max-width: 85%;
	}
}
#header {
	border-bottom: 1px solid #dbdbdb;
	font-size: 230%;
	text-align: left;
}
#footer {
	border-top: 1px solid #dbdbdb;
	clear: both;
	text-align: left;
}
.logo_bug {
	color: #cc0033;
}
#menu ul {
	list-style-type: none;
	margin: 0;
	padding: 0;
}
#menu li {
	float: left;
}
#menu li a {
	display: block;
	background-color: #dbdbdb;
	color: #000000;
	font-size: 105%;
	font-weight: bold;
	padding: 0px 6px 0px 6px;
	text-decoration: none;
}
#content {
	clear: both;
	text-align: left;
	padding-top: 10px;
}
#content h1 {
	font-size: 120%;
	font-weight: bold;
}
#content h2 {
	font-size: 110%;
	font-weight: bold;
}
#content a {
	text-decoration: none;
}
#content pre {
	background-color: #dbdbdb;
	padding: 5px 5px 5px 5px;
	white-space: pre-wrap;		/* css-3 */
	white-space: -moz-pre-wrap;	/* Mozilla, since 1999 */
	white-space: -pre-wrap;		/* Opera 4-6 */
	white-space: -o-pre-wrap;	/* Opera 7 */
	word-wrap: break-word;		/* Internet Explorer 5.5+ */
}
#content table {
	border-collapse: collapse;
}
#content table th {
	border: 1px solid #dbdbdb;
	font-size: 85%;
	white-space: nowrap;
}
#content table td {
	border: 1px solid #dbdbdb;
	font-size: 80%;
}
#content input {
	font-size: 1em;
}
#content .full	{ width: 100%; }
#content .left	{ text-align: left; }
#content .right	{ text-align: right; }
#content .center { text-align: center; }
#content .flexbox {
	display: -ms-flex;
	display: -webkit-flex;
	display: flex;
	width: 100%;
}
#content .left_col {
	min-width: 75px;
	max-width: 50%;
	flex-grow: 0;
}
#content .right_col {
	flex-grow: 1;
	margin-left: 10px;
	padding-top: 10px;
	padding-left: 10px;
}
#col {
	-moz-column-count: 3;
	-webkit-column-count: 3;
	column-count: 3;
}
</style>
</head>
<body>

<div id="header">
<strong><em>NYC*</em><span class="logo_bug">BUG</span> dmesgd</strong>
</div><!-- header -->

<div id="menu">
<ul>
<li><a href="https://dmesgd.nycbug.org/index.cgi?do=index">Home</a></li>
<li><a href="https://dmesgd.nycbug.org/index.cgi?do=submit">Submit</a></li>
<li><a href="https://www.nycbug.org/">NYC*BUG</a></li>
</ul>
</div><!-- menu -->

<div id="content">

<p>
Launched in 2004, dmesgd aims to provide a
<strong>user-submitted</strong> repository of searchable *BSD dmesgs.
The dmesg(8) command displays the system message buffer's content, and
during boot a copy is saved to <em>/var/run/dmesg.boot</em>.  This buffer
contains the operating system release, name and version, a list of
devices identified, plus a whole host of other useful information.  We
hope others find this resource useful and further contribute to its
growth. Contact us at [ admin at lists dot nycbug dot org ].
</p>

<hr />


<strong>Date:</strong> <em>2018-12-16 23:46:16</em><br />
<strong>From:</strong> <em>afresh1</em><br />
<strong>Description:</strong> <em>OpenBSD 6.4-current (GENERIC) armv7 on TI AM335x BeagleBone Black</em><br />

<pre>
OpenBSD 6.4-current (GENERIC) #100: Sat Dec 15 09:31:04 MST 2018
    xxx@xxx.xxx:/usr/src/sys/arch/armv7/compile/GENERIC
real mem  = 477777920 (455MB)
avail mem = 458137600 (436MB)
mainbus0 at root: TI AM335x BeagleBone Black
cpu0 at mainbus0: ARM Cortex-A8 r3p2 (ARMv7)
cpu0: DC enabled IC enabled WB disabled EABT branch prediction enabled
cpu0: 32KB(64b/l,4way) I-cache, 32KB(64b/l,4way) wr-back D-cache
omap0 at mainbus0
prcm0 at omap0 rev 0.2
dmtimer0 at omap0 rev 3.1
dmtimer1 at omap0 rev 3.1
simplebus0 at mainbus0: &quot;ocp&quot;
simplebus1 at simplebus0: &quot;l4_wkup&quot;
simplebus2 at simplebus1: &quot;prcm&quot;
simplebus3 at simplebus1: &quot;scm&quot;
syscon0 at simplebus3: &quot;scm_conf&quot;
pinctrl0 at simplebus3
simplebus4 at simplebus3: &quot;scm_conf&quot;
intc0 at simplebus0 rev 5.0
omgpio0 at simplebus0: rev 0.1
gpio0 at omgpio0: 32 pins
omgpio1 at simplebus0: rev 0.1
gpio1 at omgpio1: 32 pins
omgpio2 at simplebus0: rev 0.1
gpio2 at omgpio2: 32 pins
omgpio3 at simplebus0: rev 0.1
gpio3 at omgpio3: 32 pins
com0 at simplebus0: ti16750, 64 byte fifo
com0: console
tiiic0 at simplebus0 rev 0.11
iic0 at tiiic0
&quot;ti,tps65217&quot; at iic0 addr 0x24 not configured
&quot;atmel,24c256&quot; at iic0 addr 0x50 not configured
nxphdmi0 at iic0 addr 0x70: rev 0x0301
nxphdmi0: no display detected
tiiic1 at simplebus0 rev 0.11
iic1 at tiiic1
&quot;atmel,24c256&quot; at iic1 addr 0x54 not configured
&quot;atmel,24c256&quot; at iic1 addr 0x55 not configured
&quot;atmel,24c256&quot; at iic1 addr 0x56 not configured
&quot;atmel,24c256&quot; at iic1 addr 0x57 not configured
ommmc0 at simplebus0
sdmmc0 at ommmc0: 4-bit, sd high-speed, mmc high-speed
ommmc1 at simplebus0
sdmmc1 at ommmc1: 1-bit
omdog0 at simplebus0 rev 0.1
cpsw0 at simplebus0: version 1.12 (0), address xx:xx:xx:xx:xx:xx
ukphy0 at cpsw0 phy 0: Generic IEEE 802.3u media interface, rev. 1: OUI 0x0001f0, model 0x000f
amdisplay0 at simplebus0
amdisplay0: no display attached.
scsibus0 at sdmmc1: 2 targets, initiator 0
sd0 at scsibus0 targ 1 lun 0: &lt;SD/MMC, MMC02G, 0000&gt; SCSI2 0/direct removable
sd0: 1832MB, 512 bytes/sector, 3751936 sectors
scsibus1 at sdmmc0: 2 targets, initiator 0
sd1 at scsibus1 targ 1 lun 0: &lt;SD/MMC, , 0002&gt; SCSI2 0/direct removable
sd1: 30223MB, 512 bytes/sector, 61896704 sectors
vscsi0 at root
scsibus2 at vscsi0: 256 targets
softraid0 at root
scsibus3 at softraid0: 256 targets
bootfile: sd0a:/bsd
boot device: sd0
root on sd1a (083fd9a27e4f0e62.a) swap on sd1b dump on sd1b
WARNING: CHECK AND RESET THE DATE!

</pre>



</div><!-- content -->
<br />
<div id="footer">
All comments/news/posts are the property of their individual owner and
is presented without warranty of suitability, and solely as an
informational resource. <br />
This site Copyright &copy; 2004-2020 NYC*BUG.
</div><!-- footer -->

</body>
</html>

