



<!doctype html>
<html lang="en">
<head>
<meta name="keywords"
	content="bsd, freebsd, openbsd, netbsd, dragonflybsd, nycbug, dmesgd" />
<meta name="description" content="New York City BSD User Group dmesgd" />
<meta charset="utf-8" />
<meta name="viewport" content="width=device-width, initial-scale=1" />
<title>NYC*BUG dmesgd</title>
<style>
body {
	text-align: left;
	margin: 15px auto;
	padding: 0px 10px;
}
@media (min-width: 800px) {
	body {
		max-width: 85%;
	}
}
#header {
	border-bottom: 1px solid #dbdbdb;
	font-size: 230%;
	text-align: left;
}
#footer {
	border-top: 1px solid #dbdbdb;
	clear: both;
	text-align: left;
}
.logo_bug {
	color: #cc0033;
}
#menu ul {
	list-style-type: none;
	margin: 0;
	padding: 0;
}
#menu li {
	float: left;
}
#menu li a {
	display: block;
	background-color: #dbdbdb;
	color: #000000;
	font-size: 105%;
	font-weight: bold;
	padding: 0px 6px 0px 6px;
	text-decoration: none;
}
#content {
	clear: both;
	text-align: left;
	padding-top: 10px;
}
#content h1 {
	font-size: 120%;
	font-weight: bold;
}
#content h2 {
	font-size: 110%;
	font-weight: bold;
}
#content a {
	text-decoration: none;
}
#content pre {
	background-color: #dbdbdb;
	padding: 5px 5px 5px 5px;
	white-space: pre-wrap;		/* css-3 */
	white-space: -moz-pre-wrap;	/* Mozilla, since 1999 */
	white-space: -pre-wrap;		/* Opera 4-6 */
	white-space: -o-pre-wrap;	/* Opera 7 */
	word-wrap: break-word;		/* Internet Explorer 5.5+ */
}
#content table {
	border-collapse: collapse;
}
#content table th {
	border: 1px solid #dbdbdb;
	font-size: 85%;
	white-space: nowrap;
}
#content table td {
	border: 1px solid #dbdbdb;
	font-size: 80%;
}
#content input {
	font-size: 1em;
}
#content .full	{ width: 100%; }
#content .left	{ text-align: left; }
#content .right	{ text-align: right; }
#content .center { text-align: center; }
#content .flexbox {
	display: -ms-flex;
	display: -webkit-flex;
	display: flex;
	width: 100%;
}
#content .left_col {
	min-width: 75px;
	max-width: 50%;
	flex-grow: 0;
}
#content .right_col {
	flex-grow: 1;
	margin-left: 10px;
	padding-top: 10px;
	padding-left: 10px;
}
#col {
	-moz-column-count: 3;
	-webkit-column-count: 3;
	column-count: 3;
}
</style>
</head>
<body>

<div id="header">
<strong><em>NYC*</em><span class="logo_bug">BUG</span> dmesgd</strong>
</div><!-- header -->

<div id="menu">
<ul>
<li><a href="https://dmesgd.nycbug.org/index.cgi?do=index">Home</a></li>
<li><a href="https://dmesgd.nycbug.org/index.cgi?do=submit">Submit</a></li>
<li><a href="https://www.nycbug.org/">NYC*BUG</a></li>
</ul>
</div><!-- menu -->

<div id="content">

<p>
Launched in 2004, dmesgd aims to provide a
<strong>user-submitted</strong> repository of searchable *BSD dmesgs.
The dmesg(8) command displays the system message buffer's content, and
during boot a copy is saved to <em>/var/run/dmesg.boot</em>.  This buffer
contains the operating system release, name and version, a list of
devices identified, plus a whole host of other useful information.  We
hope others find this resource useful and further contribute to its
growth. Contact us at [ admin at lists dot nycbug dot org ].
</p>

<hr />


<strong>Date:</strong> <em>2018-12-16 23:53:04</em><br />
<strong>From:</strong> <em>afresh1</em><br />
<strong>Description:</strong> <em>OpenBSD 6.4-current (GENERIC) alpha on AlphaStation 200 4/166</em><br />

<pre>
OpenBSD 6.4-current (GENERIC) #338: Sun Dec 16 11:38:27 MST 2018
    xxx@xxx.xxx:/usr/src/sys/arch/alpha/compile/GENERIC
AlphaStation 200 4/166, 166MHz
8192 byte page size, 1 processor.
real mem = 167772160 (160MB)
rsvd mem = 2048000 (1MB)
avail mem = 152854528 (145MB)
mainbus0 at root
cpu0 at mainbus0: ID 0 (primary), 21064-0 (pass 2 or 2.1)
apecs0 at mainbus0: DECchip 21071 Core Logic chipset
apecs0: DC21071-CA pass 2, 64-bit memory bus
apecs0: DC21071-DA pass 2
pci0 at apecs0 bus 0
siop0 at pci0 dev 6 function 0 &quot;Symbios Logic 53c810&quot; rev 0x02: isa irq 11
scsibus0 at siop0: 8 targets, initiator 7
sd0 at scsibus0 targ 0 lun 0: &lt;SEAGATE, SX373405LC, C206&gt; SCSI3 0/direct fixed serial.SEAGATE_SX373405LC_3EK154CA_22326FU8
sd0: 70007MB, 512 bytes/sector, 143374738 sectors
probe(siop0:6:0): timeout on SCSI command 0x0
siop0: scsi bus reset
probe(siop0:6:0): cmd 0xfffffe00000162d8 (tag 0) added to reset list
probe(siop0:6:0): cmd 0xfffffe00000162d8 (status 2) reset with status 6, xs-&gt;error 4
cd0 at scsibus0 targ 6 lun 0: &lt;SONY, CD-ROM CDU-8012, 3.1e&gt; SCSI2 5/cdrom removable
sio0 at pci0 dev 7 function 0 &quot;Intel 82378IB ISA&quot; rev 0x03
de0 at pci0 dev 11 function 0 &quot;DEC 21040&quot; rev 0x23, DEC 21040 pass 2.3: isa irq 5, address xx:xx:xx:xx:xx:xx
tga0 at pci0 dev 13 function 0 &quot;DEC 21030&quot; rev 0x02: DC21030 step B, board type T8-02
tga0: 1024 x 768, 8bpp, Bt485 RAMDAC
tga0: interrupting at isa irq 10
wsdisplay0 at tga0 mux 1
wsdisplay0: screen 0 added (std, vt100 emulation)
isa0 at sio0
isadma0 at isa0
fdc0 at isa0 port 0x3f0/6 irq 6 drq 2
com0 at isa0 port 0x3f8/8 irq 4: ns16550a, 16 byte fifo
com0: console
com1 at isa0 port 0x2f8/8 irq 3: ns16550a, 16 byte fifo
pckbc0 at isa0 port 0x60/5 irq 1 irq 12
pcppi0 at isa0 port 0x61
spkr0 at pcppi0
lpt0 at isa0 port 0x3bc/4 irq 7
mcclock0 at isa0 port 0x70/2: mc146818 or compatible
vscsi0 at root
scsibus1 at vscsi0: 256 targets
softraid0 at root
scsibus2 at softraid0: 256 targets
siop0: target 0 now using tagged 8 bit 10.0 MHz 8 REQ/ACK offset xfers
root on sd0a (04cf1bf5034deffd.a) swap on sd0b dump on sd0b
fd0 at fdc0 drive 0: 1.44MB 80 cyl, 2 head, 18 sec
stray isa irq 3

</pre>



</div><!-- content -->
<br />
<div id="footer">
All comments/news/posts are the property of their individual owner and
is presented without warranty of suitability, and solely as an
informational resource. <br />
This site Copyright &copy; 2004-2020 NYC*BUG.
</div><!-- footer -->

</body>
</html>

