



<!doctype html>
<html lang="en">
<head>
<meta name="keywords"
	content="bsd, freebsd, openbsd, netbsd, dragonflybsd, nycbug, dmesgd" />
<meta name="description" content="New York City BSD User Group dmesgd" />
<meta charset="utf-8" />
<meta name="viewport" content="width=device-width, initial-scale=1" />
<title>NYC*BUG dmesgd</title>
<style>
body {
	text-align: left;
	margin: 15px auto;
	padding: 0px 10px;
}
@media (min-width: 800px) {
	body {
		max-width: 85%;
	}
}
#header {
	border-bottom: 1px solid #dbdbdb;
	font-size: 230%;
	text-align: left;
}
#footer {
	border-top: 1px solid #dbdbdb;
	clear: both;
	text-align: left;
}
.logo_bug {
	color: #cc0033;
}
#menu ul {
	list-style-type: none;
	margin: 0;
	padding: 0;
}
#menu li {
	float: left;
}
#menu li a {
	display: block;
	background-color: #dbdbdb;
	color: #000000;
	font-size: 105%;
	font-weight: bold;
	padding: 0px 6px 0px 6px;
	text-decoration: none;
}
#content {
	clear: both;
	text-align: left;
	padding-top: 10px;
}
#content h1 {
	font-size: 120%;
	font-weight: bold;
}
#content h2 {
	font-size: 110%;
	font-weight: bold;
}
#content a {
	text-decoration: none;
}
#content pre {
	background-color: #dbdbdb;
	padding: 5px 5px 5px 5px;
	white-space: pre-wrap;		/* css-3 */
	white-space: -moz-pre-wrap;	/* Mozilla, since 1999 */
	white-space: -pre-wrap;		/* Opera 4-6 */
	white-space: -o-pre-wrap;	/* Opera 7 */
	word-wrap: break-word;		/* Internet Explorer 5.5+ */
}
#content table {
	border-collapse: collapse;
}
#content table th {
	border: 1px solid #dbdbdb;
	font-size: 85%;
	white-space: nowrap;
}
#content table td {
	border: 1px solid #dbdbdb;
	font-size: 80%;
}
#content input {
	font-size: 1em;
}
#content .full	{ width: 100%; }
#content .left	{ text-align: left; }
#content .right	{ text-align: right; }
#content .center { text-align: center; }
#content .flexbox {
	display: -ms-flex;
	display: -webkit-flex;
	display: flex;
	width: 100%;
}
#content .left_col {
	min-width: 75px;
	max-width: 50%;
	flex-grow: 0;
}
#content .right_col {
	flex-grow: 1;
	margin-left: 10px;
	padding-top: 10px;
	padding-left: 10px;
}
#col {
	-moz-column-count: 3;
	-webkit-column-count: 3;
	column-count: 3;
}
</style>
</head>
<body>

<div id="header">
<strong><em>NYC*</em><span class="logo_bug">BUG</span> dmesgd</strong>
</div><!-- header -->

<div id="menu">
<ul>
<li><a href="https://dmesgd.nycbug.org/index.cgi?do=index">Home</a></li>
<li><a href="https://dmesgd.nycbug.org/index.cgi?do=submit">Submit</a></li>
<li><a href="https://www.nycbug.org/">NYC*BUG</a></li>
</ul>
</div><!-- menu -->

<div id="content">

<p>
Launched in 2004, dmesgd aims to provide a
<strong>user-submitted</strong> repository of searchable *BSD dmesgs.
The dmesg(8) command displays the system message buffer's content, and
during boot a copy is saved to <em>/var/run/dmesg.boot</em>.  This buffer
contains the operating system release, name and version, a list of
devices identified, plus a whole host of other useful information.  We
hope others find this resource useful and further contribute to its
growth. Contact us at [ admin at lists dot nycbug dot org ].
</p>

<hr />


<strong>Date:</strong> <em>2018-12-21 08:24:45</em><br />
<strong>From:</strong> <em>jj</em><br />
<strong>Description:</strong> <em>OpenBSD 6.4-current (GENERIC.MP) amd64 on Supermicro BASE_BOARD_PRODUCT_NAME 123456789</em><br />

<pre>
OpenBSD 6.4-current (GENERIC.MP) #511: Thu Dec 13 17:48:09 MST 2018
    xxx@xxx.xxx:/usr/src/sys/arch/amd64/compile/GENERIC.MP
real mem = 274730147840 (262003MB)
avail mem = 266394681344 (254053MB)
mpath0 at root
scsibus0 at mpath0: 256 targets
mainbus0 at root
bios0 at mainbus0: SMBIOS rev. 2.8 @ 0x7bcb0000 (239 entries)
bios0: vendor American Megatrends Inc. version &quot;2.2&quot; date 05/31/2018
bios0: Supermicro BASE_BOARD_PRODUCT_NAME
acpi0 at bios0: rev 2
acpi0: sleep states S0 S4 S5
acpi0: tables DSDT FACP APIC FPDT FIDT SPMI TCPA MCFG UEFI MCEJ BDAT HPET MSCT PCCT PMCT RASF SLIT SRAT WDDT SSDT SSDT SSDT PRAD SPCR DMAR HEST BERT ERST EINJ
acpi0: wakeup devices IP2P(S4) EHC1(S4) EHC2(S4) RP01(S4) RP02(S4) RP03(S4) RP04(S4) RP05(S4) RP06(S4) RP07(S4) RP08(S4) BR2A(S4) BR2B(S4) BR2C(S4) BR2D(S4) BR3A(S4) [...]
acpitimer0 at acpi0: 3579545 Hz, 24 bits
acpimadt0 at acpi0 addr 0xfee00000: PC-AT compat
cpu0 at mainbus0: apid 0 (boot processor)
cpu0: Intel(R) Xeon(R) CPU E7-8857 v2 @ 3.00GHz, 3000.38 MHz, 06-3e-07
cpu0: FPU,VME,DE,PSE,TSC,MSR,PAE,MCE,CX8,APIC,SEP,MTRR,PGE,MCA,CMOV,PAT,PSE36,CFLUSH,DS,ACPI,MMX,FXSR,SSE,SSE2,SS,HTT,TM,PBE,SSE3,PCLMUL,DTES64,MWAIT,DS-CPL,VMX,SMX,EST,TM2,SSSE3,CX16,xTPR,PDCM,PCID,DCA,SSE4.1,SSE4.2,x2APIC,POPCNT,DEADLINE,AES,XSAVE,AVX,F16C,RDRAND,NXE,PAGE1GB,RDTSCP,LONG,LAHF,PERF,ITSC,FSGSBASE,SMEP,ERMS,IBRS,IBPB,STIBP,L1DF,SSBD,SENSOR,ARAT,XSAVEOPT,MELTDOWN
cpu0: 256KB 64b/line 8-way L2 cache
cpu0: smt 0, core 0, package 0
mtrr: Pentium Pro MTRR support, 10 var ranges, 88 fixed ranges
cpu0: apic clock running at 99MHz
cpu0: mwait min=64, max=64, C-substates=0.2.1.1, IBE
cpu1 at mainbus0: apid 2 (application processor)
cpu1: Intel(R) Xeon(R) CPU E7-8857 v2 @ 3.00GHz, 3000.00 MHz, 06-3e-07
cpu1: FPU,VME,DE,PSE,TSC,MSR,PAE,MCE,CX8,APIC,SEP,MTRR,PGE,MCA,CMOV,PAT,PSE36,CFLUSH,DS,ACPI,MMX,FXSR,SSE,SSE2,SS,HTT,TM,PBE,SSE3,PCLMUL,DTES64,MWAIT,DS-CPL,VMX,SMX,EST,TM2,SSSE3,CX16,xTPR,PDCM,PCID,DCA,SSE4.1,SSE4.2,x2APIC,POPCNT,DEADLINE,AES,XSAVE,AVX,F16C,RDRAND,NXE,PAGE1GB,RDTSCP,LONG,LAHF,PERF,ITSC,FSGSBASE,SMEP,ERMS,IBRS,IBPB,STIBP,L1DF,SSBD,SENSOR,ARAT,XSAVEOPT,MELTDOWN
cpu1: 256KB 64b/line 8-way L2 cache
cpu1: smt 0, core 1, package 0
cpu2 at mainbus0: apid 4 (application processor)
cpu2: Intel(R) Xeon(R) CPU E7-8857 v2 @ 3.00GHz, 3000.00 MHz, 06-3e-07
cpu2: FPU,VME,DE,PSE,TSC,MSR,PAE,MCE,CX8,APIC,SEP,MTRR,PGE,MCA,CMOV,PAT,PSE36,CFLUSH,DS,ACPI,MMX,FXSR,SSE,SSE2,SS,HTT,TM,PBE,SSE3,PCLMUL,DTES64,MWAIT,DS-CPL,VMX,SMX,EST,TM2,SSSE3,CX16,xTPR,PDCM,PCID,DCA,SSE4.1,SSE4.2,x2APIC,POPCNT,DEADLINE,AES,XSAVE,AVX,F16C,RDRAND,NXE,PAGE1GB,RDTSCP,LONG,LAHF,PERF,ITSC,FSGSBASE,SMEP,ERMS,IBRS,IBPB,STIBP,L1DF,SSBD,SENSOR,ARAT,XSAVEOPT,MELTDOWN
cpu2: 256KB 64b/line 8-way L2 cache
cpu2: smt 0, core 2, package 0
cpu3 at mainbus0: apid 6 (application processor)
cpu3: Intel(R) Xeon(R) CPU E7-8857 v2 @ 3.00GHz, 3000.00 MHz, 06-3e-07
cpu3: FPU,VME,DE,PSE,TSC,MSR,PAE,MCE,CX8,APIC,SEP,MTRR,PGE,MCA,CMOV,PAT,PSE36,CFLUSH,DS,ACPI,MMX,FXSR,SSE,SSE2,SS,HTT,TM,PBE,SSE3,PCLMUL,DTES64,MWAIT,DS-CPL,VMX,SMX,EST,TM2,SSSE3,CX16,xTPR,PDCM,PCID,DCA,SSE4.1,SSE4.2,x2APIC,POPCNT,DEADLINE,AES,XSAVE,AVX,F16C,RDRAND,NXE,PAGE1GB,RDTSCP,LONG,LAHF,PERF,ITSC,FSGSBASE,SMEP,ERMS,IBRS,IBPB,STIBP,L1DF,SSBD,SENSOR,ARAT,XSAVEOPT,MELTDOWN
cpu3: 256KB 64b/line 8-way L2 cache
cpu3: smt 0, core 3, package 0
cpu4 at mainbus0: apid 8 (application processor)
cpu4: Intel(R) Xeon(R) CPU E7-8857 v2 @ 3.00GHz, 3000.00 MHz, 06-3e-07
cpu4: FPU,VME,DE,PSE,TSC,MSR,PAE,MCE,CX8,APIC,SEP,MTRR,PGE,MCA,CMOV,PAT,PSE36,CFLUSH,DS,ACPI,MMX,FXSR,SSE,SSE2,SS,HTT,TM,PBE,SSE3,PCLMUL,DTES64,MWAIT,DS-CPL,VMX,SMX,EST,TM2,SSSE3,CX16,xTPR,PDCM,PCID,DCA,SSE4.1,SSE4.2,x2APIC,POPCNT,DEADLINE,AES,XSAVE,AVX,F16C,RDRAND,NXE,PAGE1GB,RDTSCP,LONG,LAHF,PERF,ITSC,FSGSBASE,SMEP,ERMS,IBRS,IBPB,STIBP,L1DF,SSBD,SENSOR,ARAT,XSAVEOPT,MELTDOWN
cpu4: 256KB 64b/line 8-way L2 cache
cpu4: smt 0, core 4, package 0
cpu5 at mainbus0: apid 10 (application processor)
cpu5: Intel(R) Xeon(R) CPU E7-8857 v2 @ 3.00GHz, 3000.00 MHz, 06-3e-07
cpu5: FPU,VME,DE,PSE,TSC,MSR,PAE,MCE,CX8,APIC,SEP,MTRR,PGE,MCA,CMOV,PAT,PSE36,CFLUSH,DS,ACPI,MMX,FXSR,SSE,SSE2,SS,HTT,TM,PBE,SSE3,PCLMUL,DTES64,MWAIT,DS-CPL,VMX,SMX,EST,TM2,SSSE3,CX16,xTPR,PDCM,PCID,DCA,SSE4.1,SSE4.2,x2APIC,POPCNT,DEADLINE,AES,XSAVE,AVX,F16C,RDRAND,NXE,PAGE1GB,RDTSCP,LONG,LAHF,PERF,ITSC,FSGSBASE,SMEP,ERMS,IBRS,IBPB,STIBP,L1DF,SSBD,SENSOR,ARAT,XSAVEOPT,MELTDOWN
cpu5: 256KB 64b/line 8-way L2 cache
cpu5: smt 0, core 5, package 0
cpu6 at mainbus0: apid 16 (application processor)
cpu6: Intel(R) Xeon(R) CPU E7-8857 v2 @ 3.00GHz, 3000.00 MHz, 06-3e-07
cpu6: FPU,VME,DE,PSE,TSC,MSR,PAE,MCE,CX8,APIC,SEP,MTRR,PGE,MCA,CMOV,PAT,PSE36,CFLUSH,DS,ACPI,MMX,FXSR,SSE,SSE2,SS,HTT,TM,PBE,SSE3,PCLMUL,DTES64,MWAIT,DS-CPL,VMX,SMX,EST,TM2,SSSE3,CX16,xTPR,PDCM,PCID,DCA,SSE4.1,SSE4.2,x2APIC,POPCNT,DEADLINE,AES,XSAVE,AVX,F16C,RDRAND,NXE,PAGE1GB,RDTSCP,LONG,LAHF,PERF,ITSC,FSGSBASE,SMEP,ERMS,IBRS,IBPB,STIBP,L1DF,SSBD,SENSOR,ARAT,XSAVEOPT,MELTDOWN
cpu6: 256KB 64b/line 8-way L2 cache
cpu6: smt 0, core 8, package 0
cpu7 at mainbus0: apid 18 (application processor)
cpu7: Intel(R) Xeon(R) CPU E7-8857 v2 @ 3.00GHz, 3000.00 MHz, 06-3e-07
cpu7: FPU,VME,DE,PSE,TSC,MSR,PAE,MCE,CX8,APIC,SEP,MTRR,PGE,MCA,CMOV,PAT,PSE36,CFLUSH,DS,ACPI,MMX,FXSR,SSE,SSE2,SS,HTT,TM,PBE,SSE3,PCLMUL,DTES64,MWAIT,DS-CPL,VMX,SMX,EST,TM2,SSSE3,CX16,xTPR,PDCM,PCID,DCA,SSE4.1,SSE4.2,x2APIC,POPCNT,DEADLINE,AES,XSAVE,AVX,F16C,RDRAND,NXE,PAGE1GB,RDTSCP,LONG,LAHF,PERF,ITSC,FSGSBASE,SMEP,ERMS,IBRS,IBPB,STIBP,L1DF,SSBD,SENSOR,ARAT,XSAVEOPT,MELTDOWN
cpu7: 256KB 64b/line 8-way L2 cache
cpu7: smt 0, core 9, package 0
cpu8 at mainbus0: apid 20 (application processor)
cpu8: Intel(R) Xeon(R) CPU E7-8857 v2 @ 3.00GHz, 3000.00 MHz, 06-3e-07
cpu8: FPU,VME,DE,PSE,TSC,MSR,PAE,MCE,CX8,APIC,SEP,MTRR,PGE,MCA,CMOV,PAT,PSE36,CFLUSH,DS,ACPI,MMX,FXSR,SSE,SSE2,SS,HTT,TM,PBE,SSE3,PCLMUL,DTES64,MWAIT,DS-CPL,VMX,SMX,EST,TM2,SSSE3,CX16,xTPR,PDCM,PCID,DCA,SSE4.1,SSE4.2,x2APIC,POPCNT,DEADLINE,AES,XSAVE,AVX,F16C,RDRAND,NXE,PAGE1GB,RDTSCP,LONG,LAHF,PERF,ITSC,FSGSBASE,SMEP,ERMS,IBRS,IBPB,STIBP,L1DF,SSBD,SENSOR,ARAT,XSAVEOPT,MELTDOWN
cpu8: 256KB 64b/line 8-way L2 cache
cpu8: smt 0, core 10, package 0
cpu9 at mainbus0: apid 22 (application processor)
cpu9: Intel(R) Xeon(R) CPU E7-8857 v2 @ 3.00GHz, 3000.00 MHz, 06-3e-07
cpu9: FPU,VME,DE,PSE,TSC,MSR,PAE,MCE,CX8,APIC,SEP,MTRR,PGE,MCA,CMOV,PAT,PSE36,CFLUSH,DS,ACPI,MMX,FXSR,SSE,SSE2,SS,HTT,TM,PBE,SSE3,PCLMUL,DTES64,MWAIT,DS-CPL,VMX,SMX,EST,TM2,SSSE3,CX16,xTPR,PDCM,PCID,DCA,SSE4.1,SSE4.2,x2APIC,POPCNT,DEADLINE,AES,XSAVE,AVX,F16C,RDRAND,NXE,PAGE1GB,RDTSCP,LONG,LAHF,PERF,ITSC,FSGSBASE,SMEP,ERMS,IBRS,IBPB,STIBP,L1DF,SSBD,SENSOR,ARAT,XSAVEOPT,MELTDOWN
cpu9: 256KB 64b/line 8-way L2 cache
cpu9: smt 0, core 11, package 0
cpu10 at mainbus0: apid 24 (application processor)
cpu10: Intel(R) Xeon(R) CPU E7-8857 v2 @ 3.00GHz, 3000.00 MHz, 06-3e-07
cpu10: FPU,VME,DE,PSE,TSC,MSR,PAE,MCE,CX8,APIC,SEP,MTRR,PGE,MCA,CMOV,PAT,PSE36,CFLUSH,DS,ACPI,MMX,FXSR,SSE,SSE2,SS,HTT,TM,PBE,SSE3,PCLMUL,DTES64,MWAIT,DS-CPL,VMX,SMX,EST,TM2,SSSE3,CX16,xTPR,PDCM,PCID,DCA,SSE4.1,SSE4.2,x2APIC,POPCNT,DEADLINE,AES,XSAVE,AVX,F16C,RDRAND,NXE,PAGE1GB,RDTSCP,LONG,LAHF,PERF,ITSC,FSGSBASE,SMEP,ERMS,IBRS,IBPB,STIBP,L1DF,SSBD,SENSOR,ARAT,XSAVEOPT,MELTDOWN
cpu10: 256KB 64b/line 8-way L2 cache
cpu10: smt 0, core 12, package 0
cpu11 at mainbus0: apid 26 (application processor)
cpu11: Intel(R) Xeon(R) CPU E7-8857 v2 @ 3.00GHz, 3000.00 MHz, 06-3e-07
cpu11: FPU,VME,DE,PSE,TSC,MSR,PAE,MCE,CX8,APIC,SEP,MTRR,PGE,MCA,CMOV,PAT,PSE36,CFLUSH,DS,ACPI,MMX,FXSR,SSE,SSE2,SS,HTT,TM,PBE,SSE3,PCLMUL,DTES64,MWAIT,DS-CPL,VMX,SMX,EST,TM2,SSSE3,CX16,xTPR,PDCM,PCID,DCA,SSE4.1,SSE4.2,x2APIC,POPCNT,DEADLINE,AES,XSAVE,AVX,F16C,RDRAND,NXE,PAGE1GB,RDTSCP,LONG,LAHF,PERF,ITSC,FSGSBASE,SMEP,ERMS,IBRS,IBPB,STIBP,L1DF,SSBD,SENSOR,ARAT,XSAVEOPT,MELTDOWN
cpu11: 256KB 64b/line 8-way L2 cache
cpu11: smt 0, core 13, package 0
cpu12 at mainbus0: apid 32 (application processor)
cpu12: Intel(R) Xeon(R) CPU E7-8857 v2 @ 3.00GHz, 3000.00 MHz, 06-3e-07
cpu12: FPU,VME,DE,PSE,TSC,MSR,PAE,MCE,CX8,APIC,SEP,MTRR,PGE,MCA,CMOV,PAT,PSE36,CFLUSH,DS,ACPI,MMX,FXSR,SSE,SSE2,SS,HTT,TM,PBE,SSE3,PCLMUL,DTES64,MWAIT,DS-CPL,VMX,SMX,EST,TM2,SSSE3,CX16,xTPR,PDCM,PCID,DCA,SSE4.1,SSE4.2,x2APIC,POPCNT,DEADLINE,AES,XSAVE,AVX,F16C,RDRAND,NXE,PAGE1GB,RDTSCP,LONG,LAHF,PERF,ITSC,FSGSBASE,SMEP,ERMS,IBRS,IBPB,STIBP,L1DF,SSBD,SENSOR,ARAT,XSAVEOPT,MELTDOWN
cpu12: 256KB 64b/line 8-way L2 cache
cpu12: smt 0, core 0, package 1
cpu13 at mainbus0: apid 34 (application processor)
cpu13: Intel(R) Xeon(R) CPU E7-8857 v2 @ 3.00GHz, 3000.00 MHz, 06-3e-07
cpu13: FPU,VME,DE,PSE,TSC,MSR,PAE,MCE,CX8,APIC,SEP,MTRR,PGE,MCA,CMOV,PAT,PSE36,CFLUSH,DS,ACPI,MMX,FXSR,SSE,SSE2,SS,HTT,TM,PBE,SSE3,PCLMUL,DTES64,MWAIT,DS-CPL,VMX,SMX,EST,TM2,SSSE3,CX16,xTPR,PDCM,PCID,DCA,SSE4.1,SSE4.2,x2APIC,POPCNT,DEADLINE,AES,XSAVE,AVX,F16C,RDRAND,NXE,PAGE1GB,RDTSCP,LONG,LAHF,PERF,ITSC,FSGSBASE,SMEP,ERMS,IBRS,IBPB,STIBP,L1DF,SSBD,SENSOR,ARAT,XSAVEOPT,MELTDOWN
cpu13: 256KB 64b/line 8-way L2 cache
cpu13: smt 0, core 1, package 1
cpu14 at mainbus0: apid 36 (application processor)
cpu14: Intel(R) Xeon(R) CPU E7-8857 v2 @ 3.00GHz, 3000.00 MHz, 06-3e-07
cpu14: FPU,VME,DE,PSE,TSC,MSR,PAE,MCE,CX8,APIC,SEP,MTRR,PGE,MCA,CMOV,PAT,PSE36,CFLUSH,DS,ACPI,MMX,FXSR,SSE,SSE2,SS,HTT,TM,PBE,SSE3,PCLMUL,DTES64,MWAIT,DS-CPL,VMX,SMX,EST,TM2,SSSE3,CX16,xTPR,PDCM,PCID,DCA,SSE4.1,SSE4.2,x2APIC,POPCNT,DEADLINE,AES,XSAVE,AVX,F16C,RDRAND,NXE,PAGE1GB,RDTSCP,LONG,LAHF,PERF,ITSC,FSGSBASE,SMEP,ERMS,IBRS,IBPB,STIBP,L1DF,SSBD,SENSOR,ARAT,XSAVEOPT,MELTDOWN
cpu14: 256KB 64b/line 8-way L2 cache
cpu14: smt 0, core 2, package 1
cpu15 at mainbus0: apid 38 (application processor)
cpu15: Intel(R) Xeon(R) CPU E7-8857 v2 @ 3.00GHz, 3000.00 MHz, 06-3e-07
cpu15: FPU,VME,DE,PSE,TSC,MSR,PAE,MCE,CX8,APIC,SEP,MTRR,PGE,MCA,CMOV,PAT,PSE36,CFLUSH,DS,ACPI,MMX,FXSR,SSE,SSE2,SS,HTT,TM,PBE,SSE3,PCLMUL,DTES64,MWAIT,DS-CPL,VMX,SMX,EST,TM2,SSSE3,CX16,xTPR,PDCM,PCID,DCA,SSE4.1,SSE4.2,x2APIC,POPCNT,DEADLINE,AES,XSAVE,AVX,F16C,RDRAND,NXE,PAGE1GB,RDTSCP,LONG,LAHF,PERF,ITSC,FSGSBASE,SMEP,ERMS,IBRS,IBPB,STIBP,L1DF,SSBD,SENSOR,ARAT,XSAVEOPT,MELTDOWN
cpu15: 256KB 64b/line 8-way L2 cache
cpu15: smt 0, core 3, package 1
cpu16 at mainbus0: apid 40 (application processor)
cpu16: Intel(R) Xeon(R) CPU E7-8857 v2 @ 3.00GHz, 3000.00 MHz, 06-3e-07
cpu16: FPU,VME,DE,PSE,TSC,MSR,PAE,MCE,CX8,APIC,SEP,MTRR,PGE,MCA,CMOV,PAT,PSE36,CFLUSH,DS,ACPI,MMX,FXSR,SSE,SSE2,SS,HTT,TM,PBE,SSE3,PCLMUL,DTES64,MWAIT,DS-CPL,VMX,SMX,EST,TM2,SSSE3,CX16,xTPR,PDCM,PCID,DCA,SSE4.1,SSE4.2,x2APIC,POPCNT,DEADLINE,AES,XSAVE,AVX,F16C,RDRAND,NXE,PAGE1GB,RDTSCP,LONG,LAHF,PERF,ITSC,FSGSBASE,SMEP,ERMS,IBRS,IBPB,STIBP,L1DF,SSBD,SENSOR,ARAT,XSAVEOPT,MELTDOWN
cpu16: 256KB 64b/line 8-way L2 cache
cpu16: smt 0, core 4, package 1
cpu17 at mainbus0: apid 42 (application processor)
cpu17: Intel(R) Xeon(R) CPU E7-8857 v2 @ 3.00GHz, 3000.00 MHz, 06-3e-07
cpu17: FPU,VME,DE,PSE,TSC,MSR,PAE,MCE,CX8,APIC,SEP,MTRR,PGE,MCA,CMOV,PAT,PSE36,CFLUSH,DS,ACPI,MMX,FXSR,SSE,SSE2,SS,HTT,TM,PBE,SSE3,PCLMUL,DTES64,MWAIT,DS-CPL,VMX,SMX,EST,TM2,SSSE3,CX16,xTPR,PDCM,PCID,DCA,SSE4.1,SSE4.2,x2APIC,POPCNT,DEADLINE,AES,XSAVE,AVX,F16C,RDRAND,NXE,PAGE1GB,RDTSCP,LONG,LAHF,PERF,ITSC,FSGSBASE,SMEP,ERMS,IBRS,IBPB,STIBP,L1DF,SSBD,SENSOR,ARAT,XSAVEOPT,MELTDOWN
cpu17: 256KB 64b/line 8-way L2 cache
cpu17: smt 0, core 5, package 1
cpu18 at mainbus0: apid 48 (application processor)
cpu18: Intel(R) Xeon(R) CPU E7-8857 v2 @ 3.00GHz, 3000.00 MHz, 06-3e-07
cpu18: FPU,VME,DE,PSE,TSC,MSR,PAE,MCE,CX8,APIC,SEP,MTRR,PGE,MCA,CMOV,PAT,PSE36,CFLUSH,DS,ACPI,MMX,FXSR,SSE,SSE2,SS,HTT,TM,PBE,SSE3,PCLMUL,DTES64,MWAIT,DS-CPL,VMX,SMX,EST,TM2,SSSE3,CX16,xTPR,PDCM,PCID,DCA,SSE4.1,SSE4.2,x2APIC,POPCNT,DEADLINE,AES,XSAVE,AVX,F16C,RDRAND,NXE,PAGE1GB,RDTSCP,LONG,LAHF,PERF,ITSC,FSGSBASE,SMEP,ERMS,IBRS,IBPB,STIBP,L1DF,SSBD,SENSOR,ARAT,XSAVEOPT,MELTDOWN
cpu18: 256KB 64b/line 8-way L2 cache
cpu18: smt 0, core 8, package 1
cpu19 at mainbus0: apid 50 (application processor)
cpu19: Intel(R) Xeon(R) CPU E7-8857 v2 @ 3.00GHz, 3000.00 MHz, 06-3e-07
cpu19: FPU,VME,DE,PSE,TSC,MSR,PAE,MCE,CX8,APIC,SEP,MTRR,PGE,MCA,CMOV,PAT,PSE36,CFLUSH,DS,ACPI,MMX,FXSR,SSE,SSE2,SS,HTT,TM,PBE,SSE3,PCLMUL,DTES64,MWAIT,DS-CPL,VMX,SMX,EST,TM2,SSSE3,CX16,xTPR,PDCM,PCID,DCA,SSE4.1,SSE4.2,x2APIC,POPCNT,DEADLINE,AES,XSAVE,AVX,F16C,RDRAND,NXE,PAGE1GB,RDTSCP,LONG,LAHF,PERF,ITSC,FSGSBASE,SMEP,ERMS,IBRS,IBPB,STIBP,L1DF,SSBD,SENSOR,ARAT,XSAVEOPT,MELTDOWN
cpu19: 256KB 64b/line 8-way L2 cache
cpu19: smt 0, core 9, package 1
cpu20 at mainbus0: apid 52 (application processor)
cpu20: Intel(R) Xeon(R) CPU E7-8857 v2 @ 3.00GHz, 3000.00 MHz, 06-3e-07
cpu20: FPU,VME,DE,PSE,TSC,MSR,PAE,MCE,CX8,APIC,SEP,MTRR,PGE,MCA,CMOV,PAT,PSE36,CFLUSH,DS,ACPI,MMX,FXSR,SSE,SSE2,SS,HTT,TM,PBE,SSE3,PCLMUL,DTES64,MWAIT,DS-CPL,VMX,SMX,EST,TM2,SSSE3,CX16,xTPR,PDCM,PCID,DCA,SSE4.1,SSE4.2,x2APIC,POPCNT,DEADLINE,AES,XSAVE,AVX,F16C,RDRAND,NXE,PAGE1GB,RDTSCP,LONG,LAHF,PERF,ITSC,FSGSBASE,SMEP,ERMS,IBRS,IBPB,STIBP,L1DF,SSBD,SENSOR,ARAT,XSAVEOPT,MELTDOWN
cpu20: 256KB 64b/line 8-way L2 cache
cpu20: smt 0, core 10, package 1
cpu21 at mainbus0: apid 54 (application processor)
cpu21: Intel(R) Xeon(R) CPU E7-8857 v2 @ 3.00GHz, 3000.00 MHz, 06-3e-07
cpu21: FPU,VME,DE,PSE,TSC,MSR,PAE,MCE,CX8,APIC,SEP,MTRR,PGE,MCA,CMOV,PAT,PSE36,CFLUSH,DS,ACPI,MMX,FXSR,SSE,SSE2,SS,HTT,TM,PBE,SSE3,PCLMUL,DTES64,MWAIT,DS-CPL,VMX,SMX,EST,TM2,SSSE3,CX16,xTPR,PDCM,PCID,DCA,SSE4.1,SSE4.2,x2APIC,POPCNT,DEADLINE,AES,XSAVE,AVX,F16C,RDRAND,NXE,PAGE1GB,RDTSCP,LONG,LAHF,PERF,ITSC,FSGSBASE,SMEP,ERMS,IBRS,IBPB,STIBP,L1DF,SSBD,SENSOR,ARAT,XSAVEOPT,MELTDOWN
cpu21: 256KB 64b/line 8-way L2 cache
cpu21: smt 0, core 11, package 1
cpu22 at mainbus0: apid 56 (application processor)
cpu22: Intel(R) Xeon(R) CPU E7-8857 v2 @ 3.00GHz, 3000.00 MHz, 06-3e-07
cpu22: FPU,VME,DE,PSE,TSC,MSR,PAE,MCE,CX8,APIC,SEP,MTRR,PGE,MCA,CMOV,PAT,PSE36,CFLUSH,DS,ACPI,MMX,FXSR,SSE,SSE2,SS,HTT,TM,PBE,SSE3,PCLMUL,DTES64,MWAIT,DS-CPL,VMX,SMX,EST,TM2,SSSE3,CX16,xTPR,PDCM,PCID,DCA,SSE4.1,SSE4.2,x2APIC,POPCNT,DEADLINE,AES,XSAVE,AVX,F16C,RDRAND,NXE,PAGE1GB,RDTSCP,LONG,LAHF,PERF,ITSC,FSGSBASE,SMEP,ERMS,IBRS,IBPB,STIBP,L1DF,SSBD,SENSOR,ARAT,XSAVEOPT,MELTDOWN
cpu22: 256KB 64b/line 8-way L2 cache
cpu22: smt 0, core 12, package 1
cpu23 at mainbus0: apid 58 (application processor)
cpu23: Intel(R) Xeon(R) CPU E7-8857 v2 @ 3.00GHz, 3000.00 MHz, 06-3e-07
cpu23: FPU,VME,DE,PSE,TSC,MSR,PAE,MCE,CX8,APIC,SEP,MTRR,PGE,MCA,CMOV,PAT,PSE36,CFLUSH,DS,ACPI,MMX,FXSR,SSE,SSE2,SS,HTT,TM,PBE,SSE3,PCLMUL,DTES64,MWAIT,DS-CPL,VMX,SMX,EST,TM2,SSSE3,CX16,xTPR,PDCM,PCID,DCA,SSE4.1,SSE4.2,x2APIC,POPCNT,DEADLINE,AES,XSAVE,AVX,F16C,RDRAND,NXE,PAGE1GB,RDTSCP,LONG,LAHF,PERF,ITSC,FSGSBASE,SMEP,ERMS,IBRS,IBPB,STIBP,L1DF,SSBD,SENSOR,ARAT,XSAVEOPT,MELTDOWN
cpu23: 256KB 64b/line 8-way L2 cache
cpu23: smt 0, core 13, package 1
cpu24 at mainbus0: apid 64 (application processor)
cpu24: Intel(R) Xeon(R) CPU E7-8857 v2 @ 3.00GHz, 3000.00 MHz, 06-3e-07
cpu24: FPU,VME,DE,PSE,TSC,MSR,PAE,MCE,CX8,APIC,SEP,MTRR,PGE,MCA,CMOV,PAT,PSE36,CFLUSH,DS,ACPI,MMX,FXSR,SSE,SSE2,SS,HTT,TM,PBE,SSE3,PCLMUL,DTES64,MWAIT,DS-CPL,VMX,SMX,EST,TM2,SSSE3,CX16,xTPR,PDCM,PCID,DCA,SSE4.1,SSE4.2,x2APIC,POPCNT,DEADLINE,AES,XSAVE,AVX,F16C,RDRAND,NXE,PAGE1GB,RDTSCP,LONG,LAHF,PERF,ITSC,FSGSBASE,SMEP,ERMS,IBRS,IBPB,STIBP,L1DF,SSBD,SENSOR,ARAT,XSAVEOPT,MELTDOWN
cpu24: 256KB 64b/line 8-way L2 cache
cpu24: smt 0, core 0, package 2
cpu25 at mainbus0: apid 66 (application processor)
cpu25: Intel(R) Xeon(R) CPU E7-8857 v2 @ 3.00GHz, 3000.00 MHz, 06-3e-07
cpu25: FPU,VME,DE,PSE,TSC,MSR,PAE,MCE,CX8,APIC,SEP,MTRR,PGE,MCA,CMOV,PAT,PSE36,CFLUSH,DS,ACPI,MMX,FXSR,SSE,SSE2,SS,HTT,TM,PBE,SSE3,PCLMUL,DTES64,MWAIT,DS-CPL,VMX,SMX,EST,TM2,SSSE3,CX16,xTPR,PDCM,PCID,DCA,SSE4.1,SSE4.2,x2APIC,POPCNT,DEADLINE,AES,XSAVE,AVX,F16C,RDRAND,NXE,PAGE1GB,RDTSCP,LONG,LAHF,PERF,ITSC,FSGSBASE,SMEP,ERMS,IBRS,IBPB,STIBP,L1DF,SSBD,SENSOR,ARAT,XSAVEOPT,MELTDOWN
cpu25: 256KB 64b/line 8-way L2 cache
cpu25: smt 0, core 1, package 2
cpu26 at mainbus0: apid 68 (application processor)
cpu26: Intel(R) Xeon(R) CPU E7-8857 v2 @ 3.00GHz, 3000.00 MHz, 06-3e-07
cpu26: FPU,VME,DE,PSE,TSC,MSR,PAE,MCE,CX8,APIC,SEP,MTRR,PGE,MCA,CMOV,PAT,PSE36,CFLUSH,DS,ACPI,MMX,FXSR,SSE,SSE2,SS,HTT,TM,PBE,SSE3,PCLMUL,DTES64,MWAIT,DS-CPL,VMX,SMX,EST,TM2,SSSE3,CX16,xTPR,PDCM,PCID,DCA,SSE4.1,SSE4.2,x2APIC,POPCNT,DEADLINE,AES,XSAVE,AVX,F16C,RDRAND,NXE,PAGE1GB,RDTSCP,LONG,LAHF,PERF,ITSC,FSGSBASE,SMEP,ERMS,IBRS,IBPB,STIBP,L1DF,SSBD,SENSOR,ARAT,XSAVEOPT,MELTDOWN
cpu26: 256KB 64b/line 8-way L2 cache
cpu26: smt 0, core 2, package 2
cpu27 at mainbus0: apid 70 (application processor)
cpu27: Intel(R) Xeon(R) CPU E7-8857 v2 @ 3.00GHz, 3000.00 MHz, 06-3e-07
cpu27: FPU,VME,DE,PSE,TSC,MSR,PAE,MCE,CX8,APIC,SEP,MTRR,PGE,MCA,CMOV,PAT,PSE36,CFLUSH,DS,ACPI,MMX,FXSR,SSE,SSE2,SS,HTT,TM,PBE,SSE3,PCLMUL,DTES64,MWAIT,DS-CPL,VMX,SMX,EST,TM2,SSSE3,CX16,xTPR,PDCM,PCID,DCA,SSE4.1,SSE4.2,x2APIC,POPCNT,DEADLINE,AES,XSAVE,AVX,F16C,RDRAND,NXE,PAGE1GB,RDTSCP,LONG,LAHF,PERF,ITSC,FSGSBASE,SMEP,ERMS,IBRS,IBPB,STIBP,L1DF,SSBD,SENSOR,ARAT,XSAVEOPT,MELTDOWN
cpu27: 256KB 64b/line 8-way L2 cache
cpu27: smt 0, core 3, package 2
cpu28 at mainbus0: apid 72 (application processor)
cpu28: Intel(R) Xeon(R) CPU E7-8857 v2 @ 3.00GHz, 3000.00 MHz, 06-3e-07
cpu28: FPU,VME,DE,PSE,TSC,MSR,PAE,MCE,CX8,APIC,SEP,MTRR,PGE,MCA,CMOV,PAT,PSE36,CFLUSH,DS,ACPI,MMX,FXSR,SSE,SSE2,SS,HTT,TM,PBE,SSE3,PCLMUL,DTES64,MWAIT,DS-CPL,VMX,SMX,EST,TM2,SSSE3,CX16,xTPR,PDCM,PCID,DCA,SSE4.1,SSE4.2,x2APIC,POPCNT,DEADLINE,AES,XSAVE,AVX,F16C,RDRAND,NXE,PAGE1GB,RDTSCP,LONG,LAHF,PERF,ITSC,FSGSBASE,SMEP,ERMS,IBRS,IBPB,STIBP,L1DF,SSBD,SENSOR,ARAT,XSAVEOPT,MELTDOWN
cpu28: 256KB 64b/line 8-way L2 cache
cpu28: smt 0, core 4, package 2
cpu29 at mainbus0: apid 74 (application processor)
cpu29: Intel(R) Xeon(R) CPU E7-8857 v2 @ 3.00GHz, 3000.00 MHz, 06-3e-07
cpu29: FPU,VME,DE,PSE,TSC,MSR,PAE,MCE,CX8,APIC,SEP,MTRR,PGE,MCA,CMOV,PAT,PSE36,CFLUSH,DS,ACPI,MMX,FXSR,SSE,SSE2,SS,HTT,TM,PBE,SSE3,PCLMUL,DTES64,MWAIT,DS-CPL,VMX,SMX,EST,TM2,SSSE3,CX16,xTPR,PDCM,PCID,DCA,SSE4.1,SSE4.2,x2APIC,POPCNT,DEADLINE,AES,XSAVE,AVX,F16C,RDRAND,NXE,PAGE1GB,RDTSCP,LONG,LAHF,PERF,ITSC,FSGSBASE,SMEP,ERMS,IBRS,IBPB,STIBP,L1DF,SSBD,SENSOR,ARAT,XSAVEOPT,MELTDOWN
cpu29: 256KB 64b/line 8-way L2 cache
cpu29: smt 0, core 5, package 2
cpu30 at mainbus0: apid 80 (application processor)
cpu30: Intel(R) Xeon(R) CPU E7-8857 v2 @ 3.00GHz, 3000.00 MHz, 06-3e-07
cpu30: FPU,VME,DE,PSE,TSC,MSR,PAE,MCE,CX8,APIC,SEP,MTRR,PGE,MCA,CMOV,PAT,PSE36,CFLUSH,DS,ACPI,MMX,FXSR,SSE,SSE2,SS,HTT,TM,PBE,SSE3,PCLMUL,DTES64,MWAIT,DS-CPL,VMX,SMX,EST,TM2,SSSE3,CX16,xTPR,PDCM,PCID,DCA,SSE4.1,SSE4.2,x2APIC,POPCNT,DEADLINE,AES,XSAVE,AVX,F16C,RDRAND,NXE,PAGE1GB,RDTSCP,LONG,LAHF,PERF,ITSC,FSGSBASE,SMEP,ERMS,IBRS,IBPB,STIBP,L1DF,SSBD,SENSOR,ARAT,XSAVEOPT,MELTDOWN
cpu30: 256KB 64b/line 8-way L2 cache
cpu30: smt 0, core 8, package 2
cpu31 at mainbus0: apid 82 (application processor)
cpu31: Intel(R) Xeon(R) CPU E7-8857 v2 @ 3.00GHz, 3000.00 MHz, 06-3e-07
cpu31: FPU,VME,DE,PSE,TSC,MSR,PAE,MCE,CX8,APIC,SEP,MTRR,PGE,MCA,CMOV,PAT,PSE36,CFLUSH,DS,ACPI,MMX,FXSR,SSE,SSE2,SS,HTT,TM,PBE,SSE3,PCLMUL,DTES64,MWAIT,DS-CPL,VMX,SMX,EST,TM2,SSSE3,CX16,xTPR,PDCM,PCID,DCA,SSE4.1,SSE4.2,x2APIC,POPCNT,DEADLINE,AES,XSAVE,AVX,F16C,RDRAND,NXE,PAGE1GB,RDTSCP,LONG,LAHF,PERF,ITSC,FSGSBASE,SMEP,ERMS,IBRS,IBPB,STIBP,L1DF,SSBD,SENSOR,ARAT,XSAVEOPT,MELTDOWN
cpu31: 256KB 64b/line 8-way L2 cache
cpu31: smt 0, core 9, package 2
cpu32 at mainbus0: apid 84 (application processor)
cpu32: Intel(R) Xeon(R) CPU E7-8857 v2 @ 3.00GHz, 3000.00 MHz, 06-3e-07
cpu32: FPU,VME,DE,PSE,TSC,MSR,PAE,MCE,CX8,APIC,SEP,MTRR,PGE,MCA,CMOV,PAT,PSE36,CFLUSH,DS,ACPI,MMX,FXSR,SSE,SSE2,SS,HTT,TM,PBE,SSE3,PCLMUL,DTES64,MWAIT,DS-CPL,VMX,SMX,EST,TM2,SSSE3,CX16,xTPR,PDCM,PCID,DCA,SSE4.1,SSE4.2,x2APIC,POPCNT,DEADLINE,AES,XSAVE,AVX,F16C,RDRAND,NXE,PAGE1GB,RDTSCP,LONG,LAHF,PERF,ITSC,FSGSBASE,SMEP,ERMS,IBRS,IBPB,STIBP,L1DF,SSBD,SENSOR,ARAT,XSAVEOPT,MELTDOWN
cpu32: 256KB 64b/line 8-way L2 cache
cpu32: smt 0, core 10, package 2
cpu33 at mainbus0: apid 86 (application processor)
cpu33: Intel(R) Xeon(R) CPU E7-8857 v2 @ 3.00GHz, 3000.00 MHz, 06-3e-07
cpu33: FPU,VME,DE,PSE,TSC,MSR,PAE,MCE,CX8,APIC,SEP,MTRR,PGE,MCA,CMOV,PAT,PSE36,CFLUSH,DS,ACPI,MMX,FXSR,SSE,SSE2,SS,HTT,TM,PBE,SSE3,PCLMUL,DTES64,MWAIT,DS-CPL,VMX,SMX,EST,TM2,SSSE3,CX16,xTPR,PDCM,PCID,DCA,SSE4.1,SSE4.2,x2APIC,POPCNT,DEADLINE,AES,XSAVE,AVX,F16C,RDRAND,NXE,PAGE1GB,RDTSCP,LONG,LAHF,PERF,ITSC,FSGSBASE,SMEP,ERMS,IBRS,IBPB,STIBP,L1DF,SSBD,SENSOR,ARAT,XSAVEOPT,MELTDOWN
cpu33: 256KB 64b/line 8-way L2 cache
cpu33: smt 0, core 11, package 2
cpu34 at mainbus0: apid 88 (application processor)
cpu34: Intel(R) Xeon(R) CPU E7-8857 v2 @ 3.00GHz, 3000.00 MHz, 06-3e-07
cpu34: FPU,VME,DE,PSE,TSC,MSR,PAE,MCE,CX8,APIC,SEP,MTRR,PGE,MCA,CMOV,PAT,PSE36,CFLUSH,DS,ACPI,MMX,FXSR,SSE,SSE2,SS,HTT,TM,PBE,SSE3,PCLMUL,DTES64,MWAIT,DS-CPL,VMX,SMX,EST,TM2,SSSE3,CX16,xTPR,PDCM,PCID,DCA,SSE4.1,SSE4.2,x2APIC,POPCNT,DEADLINE,AES,XSAVE,AVX,F16C,RDRAND,NXE,PAGE1GB,RDTSCP,LONG,LAHF,PERF,ITSC,FSGSBASE,SMEP,ERMS,IBRS,IBPB,STIBP,L1DF,SSBD,SENSOR,ARAT,XSAVEOPT,MELTDOWN
cpu34: 256KB 64b/line 8-way L2 cache
cpu34: smt 0, core 12, package 2
cpu35 at mainbus0: apid 90 (application processor)
cpu35: Intel(R) Xeon(R) CPU E7-8857 v2 @ 3.00GHz, 3000.00 MHz, 06-3e-07
cpu35: FPU,VME,DE,PSE,TSC,MSR,PAE,MCE,CX8,APIC,SEP,MTRR,PGE,MCA,CMOV,PAT,PSE36,CFLUSH,DS,ACPI,MMX,FXSR,SSE,SSE2,SS,HTT,TM,PBE,SSE3,PCLMUL,DTES64,MWAIT,DS-CPL,VMX,SMX,EST,TM2,SSSE3,CX16,xTPR,PDCM,PCID,DCA,SSE4.1,SSE4.2,x2APIC,POPCNT,DEADLINE,AES,XSAVE,AVX,F16C,RDRAND,NXE,PAGE1GB,RDTSCP,LONG,LAHF,PERF,ITSC,FSGSBASE,SMEP,ERMS,IBRS,IBPB,STIBP,L1DF,SSBD,SENSOR,ARAT,XSAVEOPT,MELTDOWN
cpu35: 256KB 64b/line 8-way L2 cache
cpu35: smt 0, core 13, package 2
cpu36 at mainbus0: apid 96 (application processor)
cpu36: Intel(R) Xeon(R) CPU E7-8857 v2 @ 3.00GHz, 3000.00 MHz, 06-3e-07
cpu36: FPU,VME,DE,PSE,TSC,MSR,PAE,MCE,CX8,APIC,SEP,MTRR,PGE,MCA,CMOV,PAT,PSE36,CFLUSH,DS,ACPI,MMX,FXSR,SSE,SSE2,SS,HTT,TM,PBE,SSE3,PCLMUL,DTES64,MWAIT,DS-CPL,VMX,SMX,EST,TM2,SSSE3,CX16,xTPR,PDCM,PCID,DCA,SSE4.1,SSE4.2,x2APIC,POPCNT,DEADLINE,AES,XSAVE,AVX,F16C,RDRAND,NXE,PAGE1GB,RDTSCP,LONG,LAHF,PERF,ITSC,FSGSBASE,SMEP,ERMS,IBRS,IBPB,STIBP,L1DF,SSBD,SENSOR,ARAT,XSAVEOPT,MELTDOWN
cpu36: 256KB 64b/line 8-way L2 cache
cpu36: smt 0, core 0, package 3
cpu37 at mainbus0: apid 98 (application processor)
cpu37: Intel(R) Xeon(R) CPU E7-8857 v2 @ 3.00GHz, 3000.00 MHz, 06-3e-07
cpu37: FPU,VME,DE,PSE,TSC,MSR,PAE,MCE,CX8,APIC,SEP,MTRR,PGE,MCA,CMOV,PAT,PSE36,CFLUSH,DS,ACPI,MMX,FXSR,SSE,SSE2,SS,HTT,TM,PBE,SSE3,PCLMUL,DTES64,MWAIT,DS-CPL,VMX,SMX,EST,TM2,SSSE3,CX16,xTPR,PDCM,PCID,DCA,SSE4.1,SSE4.2,x2APIC,POPCNT,DEADLINE,AES,XSAVE,AVX,F16C,RDRAND,NXE,PAGE1GB,RDTSCP,LONG,LAHF,PERF,ITSC,FSGSBASE,SMEP,ERMS,IBRS,IBPB,STIBP,L1DF,SSBD,SENSOR,ARAT,XSAVEOPT,MELTDOWN
cpu37: 256KB 64b/line 8-way L2 cache
cpu37: smt 0, core 1, package 3
cpu38 at mainbus0: apid 100 (application processor)
cpu38: Intel(R) Xeon(R) CPU E7-8857 v2 @ 3.00GHz, 3000.00 MHz, 06-3e-07
cpu38: FPU,VME,DE,PSE,TSC,MSR,PAE,MCE,CX8,APIC,SEP,MTRR,PGE,MCA,CMOV,PAT,PSE36,CFLUSH,DS,ACPI,MMX,FXSR,SSE,SSE2,SS,HTT,TM,PBE,SSE3,PCLMUL,DTES64,MWAIT,DS-CPL,VMX,SMX,EST,TM2,SSSE3,CX16,xTPR,PDCM,PCID,DCA,SSE4.1,SSE4.2,x2APIC,POPCNT,DEADLINE,AES,XSAVE,AVX,F16C,RDRAND,NXE,PAGE1GB,RDTSCP,LONG,LAHF,PERF,ITSC,FSGSBASE,SMEP,ERMS,IBRS,IBPB,STIBP,L1DF,SSBD,SENSOR,ARAT,XSAVEOPT,MELTDOWN
cpu38: 256KB 64b/line 8-way L2 cache
cpu38: smt 0, core 2, package 3
cpu39 at mainbus0: apid 102 (application processor)
cpu39: Intel(R) Xeon(R) CPU E7-8857 v2 @ 3.00GHz, 3000.00 MHz, 06-3e-07
cpu39: FPU,VME,DE,PSE,TSC,MSR,PAE,MCE,CX8,APIC,SEP,MTRR,PGE,MCA,CMOV,PAT,PSE36,CFLUSH,DS,ACPI,MMX,FXSR,SSE,SSE2,SS,HTT,TM,PBE,SSE3,PCLMUL,DTES64,MWAIT,DS-CPL,VMX,SMX,EST,TM2,SSSE3,CX16,xTPR,PDCM,PCID,DCA,SSE4.1,SSE4.2,x2APIC,POPCNT,DEADLINE,AES,XSAVE,AVX,F16C,RDRAND,NXE,PAGE1GB,RDTSCP,LONG,LAHF,PERF,ITSC,FSGSBASE,SMEP,ERMS,IBRS,IBPB,STIBP,L1DF,SSBD,SENSOR,ARAT,XSAVEOPT,MELTDOWN
cpu39: 256KB 64b/line 8-way L2 cache
cpu39: smt 0, core 3, package 3
cpu40 at mainbus0: apid 104 (application processor)
cpu40: Intel(R) Xeon(R) CPU E7-8857 v2 @ 3.00GHz, 3000.00 MHz, 06-3e-07
cpu40: FPU,VME,DE,PSE,TSC,MSR,PAE,MCE,CX8,APIC,SEP,MTRR,PGE,MCA,CMOV,PAT,PSE36,CFLUSH,DS,ACPI,MMX,FXSR,SSE,SSE2,SS,HTT,TM,PBE,SSE3,PCLMUL,DTES64,MWAIT,DS-CPL,VMX,SMX,EST,TM2,SSSE3,CX16,xTPR,PDCM,PCID,DCA,SSE4.1,SSE4.2,x2APIC,POPCNT,DEADLINE,AES,XSAVE,AVX,F16C,RDRAND,NXE,PAGE1GB,RDTSCP,LONG,LAHF,PERF,ITSC,FSGSBASE,SMEP,ERMS,IBRS,IBPB,STIBP,L1DF,SSBD,SENSOR,ARAT,XSAVEOPT,MELTDOWN
cpu40: 256KB 64b/line 8-way L2 cache
cpu40: smt 0, core 4, package 3
cpu41 at mainbus0: apid 106 (application processor)
cpu41: Intel(R) Xeon(R) CPU E7-8857 v2 @ 3.00GHz, 3000.00 MHz, 06-3e-07
cpu41: FPU,VME,DE,PSE,TSC,MSR,PAE,MCE,CX8,APIC,SEP,MTRR,PGE,MCA,CMOV,PAT,PSE36,CFLUSH,DS,ACPI,MMX,FXSR,SSE,SSE2,SS,HTT,TM,PBE,SSE3,PCLMUL,DTES64,MWAIT,DS-CPL,VMX,SMX,EST,TM2,SSSE3,CX16,xTPR,PDCM,PCID,DCA,SSE4.1,SSE4.2,x2APIC,POPCNT,DEADLINE,AES,XSAVE,AVX,F16C,RDRAND,NXE,PAGE1GB,RDTSCP,LONG,LAHF,PERF,ITSC,FSGSBASE,SMEP,ERMS,IBRS,IBPB,STIBP,L1DF,SSBD,SENSOR,ARAT,XSAVEOPT,MELTDOWN
cpu41: 256KB 64b/line 8-way L2 cache
cpu41: smt 0, core 5, package 3
cpu42 at mainbus0: apid 112 (application processor)
cpu42: Intel(R) Xeon(R) CPU E7-8857 v2 @ 3.00GHz, 3000.00 MHz, 06-3e-07
cpu42: FPU,VME,DE,PSE,TSC,MSR,PAE,MCE,CX8,APIC,SEP,MTRR,PGE,MCA,CMOV,PAT,PSE36,CFLUSH,DS,ACPI,MMX,FXSR,SSE,SSE2,SS,HTT,TM,PBE,SSE3,PCLMUL,DTES64,MWAIT,DS-CPL,VMX,SMX,EST,TM2,SSSE3,CX16,xTPR,PDCM,PCID,DCA,SSE4.1,SSE4.2,x2APIC,POPCNT,DEADLINE,AES,XSAVE,AVX,F16C,RDRAND,NXE,PAGE1GB,RDTSCP,LONG,LAHF,PERF,ITSC,FSGSBASE,SMEP,ERMS,IBRS,IBPB,STIBP,L1DF,SSBD,SENSOR,ARAT,XSAVEOPT,MELTDOWN
cpu42: 256KB 64b/line 8-way L2 cache
cpu42: smt 0, core 8, package 3
cpu43 at mainbus0: apid 114 (application processor)
cpu43: Intel(R) Xeon(R) CPU E7-8857 v2 @ 3.00GHz, 3000.00 MHz, 06-3e-07
cpu43: FPU,VME,DE,PSE,TSC,MSR,PAE,MCE,CX8,APIC,SEP,MTRR,PGE,MCA,CMOV,PAT,PSE36,CFLUSH,DS,ACPI,MMX,FXSR,SSE,SSE2,SS,HTT,TM,PBE,SSE3,PCLMUL,DTES64,MWAIT,DS-CPL,VMX,SMX,EST,TM2,SSSE3,CX16,xTPR,PDCM,PCID,DCA,SSE4.1,SSE4.2,x2APIC,POPCNT,DEADLINE,AES,XSAVE,AVX,F16C,RDRAND,NXE,PAGE1GB,RDTSCP,LONG,LAHF,PERF,ITSC,FSGSBASE,SMEP,ERMS,IBRS,IBPB,STIBP,L1DF,SSBD,SENSOR,ARAT,XSAVEOPT,MELTDOWN
cpu43: 256KB 64b/line 8-way L2 cache
cpu43: smt 0, core 9, package 3
cpu44 at mainbus0: apid 116 (application processor)
cpu44: Intel(R) Xeon(R) CPU E7-8857 v2 @ 3.00GHz, 3000.00 MHz, 06-3e-07
cpu44: FPU,VME,DE,PSE,TSC,MSR,PAE,MCE,CX8,APIC,SEP,MTRR,PGE,MCA,CMOV,PAT,PSE36,CFLUSH,DS,ACPI,MMX,FXSR,SSE,SSE2,SS,HTT,TM,PBE,SSE3,PCLMUL,DTES64,MWAIT,DS-CPL,VMX,SMX,EST,TM2,SSSE3,CX16,xTPR,PDCM,PCID,DCA,SSE4.1,SSE4.2,x2APIC,POPCNT,DEADLINE,AES,XSAVE,AVX,F16C,RDRAND,NXE,PAGE1GB,RDTSCP,LONG,LAHF,PERF,ITSC,FSGSBASE,SMEP,ERMS,IBRS,IBPB,STIBP,L1DF,SSBD,SENSOR,ARAT,XSAVEOPT,MELTDOWN
cpu44: 256KB 64b/line 8-way L2 cache
cpu44: smt 0, core 10, package 3
cpu45 at mainbus0: apid 118 (application processor)
cpu45: Intel(R) Xeon(R) CPU E7-8857 v2 @ 3.00GHz, 3000.00 MHz, 06-3e-07
cpu45: FPU,VME,DE,PSE,TSC,MSR,PAE,MCE,CX8,APIC,SEP,MTRR,PGE,MCA,CMOV,PAT,PSE36,CFLUSH,DS,ACPI,MMX,FXSR,SSE,SSE2,SS,HTT,TM,PBE,SSE3,PCLMUL,DTES64,MWAIT,DS-CPL,VMX,SMX,EST,TM2,SSSE3,CX16,xTPR,PDCM,PCID,DCA,SSE4.1,SSE4.2,x2APIC,POPCNT,DEADLINE,AES,XSAVE,AVX,F16C,RDRAND,NXE,PAGE1GB,RDTSCP,LONG,LAHF,PERF,ITSC,FSGSBASE,SMEP,ERMS,IBRS,IBPB,STIBP,L1DF,SSBD,SENSOR,ARAT,XSAVEOPT,MELTDOWN
cpu45: 256KB 64b/line 8-way L2 cache
cpu45: smt 0, core 11, package 3
cpu46 at mainbus0: apid 120 (application processor)
cpu46: Intel(R) Xeon(R) CPU E7-8857 v2 @ 3.00GHz, 3000.00 MHz, 06-3e-07
cpu46: FPU,VME,DE,PSE,TSC,MSR,PAE,MCE,CX8,APIC,SEP,MTRR,PGE,MCA,CMOV,PAT,PSE36,CFLUSH,DS,ACPI,MMX,FXSR,SSE,SSE2,SS,HTT,TM,PBE,SSE3,PCLMUL,DTES64,MWAIT,DS-CPL,VMX,SMX,EST,TM2,SSSE3,CX16,xTPR,PDCM,PCID,DCA,SSE4.1,SSE4.2,x2APIC,POPCNT,DEADLINE,AES,XSAVE,AVX,F16C,RDRAND,NXE,PAGE1GB,RDTSCP,LONG,LAHF,PERF,ITSC,FSGSBASE,SMEP,ERMS,IBRS,IBPB,STIBP,L1DF,SSBD,SENSOR,ARAT,XSAVEOPT,MELTDOWN
cpu46: 256KB 64b/line 8-way L2 cache
cpu46: smt 0, core 12, package 3
cpu47 at mainbus0: apid 122 (application processor)
cpu47: Intel(R) Xeon(R) CPU E7-8857 v2 @ 3.00GHz, 3000.00 MHz, 06-3e-07
cpu47: FPU,VME,DE,PSE,TSC,MSR,PAE,MCE,CX8,APIC,SEP,MTRR,PGE,MCA,CMOV,PAT,PSE36,CFLUSH,DS,ACPI,MMX,FXSR,SSE,SSE2,SS,HTT,TM,PBE,SSE3,PCLMUL,DTES64,MWAIT,DS-CPL,VMX,SMX,EST,TM2,SSSE3,CX16,xTPR,PDCM,PCID,DCA,SSE4.1,SSE4.2,x2APIC,POPCNT,DEADLINE,AES,XSAVE,AVX,F16C,RDRAND,NXE,PAGE1GB,RDTSCP,LONG,LAHF,PERF,ITSC,FSGSBASE,SMEP,ERMS,IBRS,IBPB,STIBP,L1DF,SSBD,SENSOR,ARAT,XSAVEOPT,MELTDOWN
cpu47: 256KB 64b/line 8-way L2 cache
cpu47: smt 0, core 13, package 3
ioapic0 at mainbus0: apid 1 pa 0xfec00000, version 20, 24 pins
ioapic1 at mainbus0: apid 2 pa 0xfec01000, version 20, 24 pins
ioapic2 at mainbus0: apid 3 pa 0xfec40000, version 20, 24 pins
ioapic3 at mainbus0: apid 4 pa 0xfec80000, version 20, 24 pins
ioapic4 at mainbus0: apid 5 pa 0xfecc0000, version 20, 24 pins
acpimcfg0 at acpi0
acpimcfg0: addr 0x80000000, bus 0-255
acpihpet0 at acpi0: 14318179 Hz
acpiprt0 at acpi0: bus 255 (UNC3)
acpiprt1 at acpi0: bus 191 (UNC2)
acpiprt2 at acpi0: bus 127 (UNC1)
acpiprt3 at acpi0: bus 63 (UNC0)
acpiprt4 at acpi0: bus 0 (IIO0)
acpiprt5 at acpi0: bus 7 (RP08)
acpiprt6 at acpi0: bus 8 (VGAB)
acpiprt7 at acpi0: bus 1 (BR2A)
acpiprt8 at acpi0: bus 3 (BR2C)
acpiprt9 at acpi0: bus 4 (BR3A)
acpiprt10 at acpi0: bus 64 (IIO1)
acpiprt11 at acpi0: bus 65 (QR2A)
acpiprt12 at acpi0: bus 66 (QR3A)
acpiprt13 at acpi0: bus 67 (QR3C)
acpiprt14 at acpi0: bus 128 (IIO2)
acpiprt15 at acpi0: bus 129 (RR2A)
acpiprt16 at acpi0: bus 130 (RR2C)
acpiprt17 at acpi0: bus 131 (RR3A)
acpiprt18 at acpi0: bus 192 (IIO3)
acpiprt19 at acpi0: bus 193 (SR2A)
acpiprt20 at acpi0: bus 194 (SR2C)
acpiprt21 at acpi0: bus 195 (SR3A)
acpicpu0 at acpi0: C2(350@41 mwait.3@0x20), C1(1016@1 mwait.1), PSS
acpicpu1 at acpi0: C2(350@41 mwait.3@0x20), C1(1016@1 mwait.1), PSS
acpicpu2 at acpi0: C2(350@41 mwait.3@0x20), C1(1016@1 mwait.1), PSS
acpicpu3 at acpi0: C2(350@41 mwait.3@0x20), C1(1016@1 mwait.1), PSS
acpicpu4 at acpi0: C2(350@41 mwait.3@0x20), C1(1016@1 mwait.1), PSS
acpicpu5 at acpi0: C2(350@41 mwait.3@0x20), C1(1016@1 mwait.1), PSS
acpicpu6 at acpi0: C2(350@41 mwait.3@0x20), C1(1016@1 mwait.1), PSS
acpicpu7 at acpi0: C2(350@41 mwait.3@0x20), C1(1016@1 mwait.1), PSS
acpicpu8 at acpi0: C2(350@41 mwait.3@0x20), C1(1016@1 mwait.1), PSS
acpicpu9 at acpi0: C2(350@41 mwait.3@0x20), C1(1016@1 mwait.1), PSS
acpicpu10 at acpi0: C2(350@41 mwait.3@0x20), C1(1016@1 mwait.1), PSS
acpicpu11 at acpi0: C2(350@41 mwait.3@0x20), C1(1016@1 mwait.1), PSS
acpicpu12 at acpi0: C2(350@41 mwait.3@0x20), C1(1016@1 mwait.1), PSS
acpicpu13 at acpi0: C2(350@41 mwait.3@0x20), C1(1016@1 mwait.1), PSS
acpicpu14 at acpi0: C2(350@41 mwait.3@0x20), C1(1016@1 mwait.1), PSS
acpicpu15 at acpi0: C2(350@41 mwait.3@0x20), C1(1016@1 mwait.1), PSS
acpicpu16 at acpi0: C2(350@41 mwait.3@0x20), C1(1016@1 mwait.1), PSS
acpicpu17 at acpi0: C2(350@41 mwait.3@0x20), C1(1016@1 mwait.1), PSS
acpicpu18 at acpi0: C2(350@41 mwait.3@0x20), C1(1016@1 mwait.1), PSS
acpicpu19 at acpi0: C2(350@41 mwait.3@0x20), C1(1016@1 mwait.1), PSS
acpicpu20 at acpi0: C2(350@41 mwait.3@0x20), C1(1016@1 mwait.1), PSS
acpicpu21 at acpi0: C2(350@41 mwait.3@0x20), C1(1016@1 mwait.1), PSS
acpicpu22 at acpi0: C2(350@41 mwait.3@0x20), C1(1016@1 mwait.1), PSS
acpicpu23 at acpi0: C2(350@41 mwait.3@0x20), C1(1016@1 mwait.1), PSS
acpicpu24 at acpi0: C2(350@41 mwait.3@0x20), C1(1016@1 mwait.1), PSS
acpicpu25 at acpi0: C2(350@41 mwait.3@0x20), C1(1016@1 mwait.1), PSS
acpicpu26 at acpi0: C2(350@41 mwait.3@0x20), C1(1016@1 mwait.1), PSS
acpicpu27 at acpi0: C2(350@41 mwait.3@0x20), C1(1016@1 mwait.1), PSS
acpicpu28 at acpi0: C2(350@41 mwait.3@0x20), C1(1016@1 mwait.1), PSS
acpicpu29 at acpi0: C2(350@41 mwait.3@0x20), C1(1016@1 mwait.1), PSS
acpicpu30 at acpi0: C2(350@41 mwait.3@0x20), C1(1016@1 mwait.1), PSS
acpicpu31 at acpi0: C2(350@41 mwait.3@0x20), C1(1016@1 mwait.1), PSS
acpicpu32 at acpi0: C2(350@41 mwait.3@0x20), C1(1016@1 mwait.1), PSS
acpicpu33 at acpi0: C2(350@41 mwait.3@0x20), C1(1016@1 mwait.1), PSS
acpicpu34 at acpi0: C2(350@41 mwait.3@0x20), C1(1016@1 mwait.1), PSS
acpicpu35 at acpi0: C2(350@41 mwait.3@0x20), C1(1016@1 mwait.1), PSS
acpicpu36 at acpi0: C2(350@41 mwait.3@0x20), C1(1016@1 mwait.1), PSS
acpicpu37 at acpi0: C2(350@41 mwait.3@0x20), C1(1016@1 mwait.1), PSS
acpicpu38 at acpi0: C2(350@41 mwait.3@0x20), C1(1016@1 mwait.1), PSS
acpicpu39 at acpi0: C2(350@41 mwait.3@0x20), C1(1016@1 mwait.1), PSS
acpicpu40 at acpi0: C2(350@41 mwait.3@0x20), C1(1016@1 mwait.1), PSS
acpicpu41 at acpi0: C2(350@41 mwait.3@0x20), C1(1016@1 mwait.1), PSS
acpicpu42 at acpi0: C2(350@41 mwait.3@0x20), C1(1016@1 mwait.1), PSS
acpicpu43 at acpi0: C2(350@41 mwait.3@0x20), C1(1016@1 mwait.1), PSS
acpicpu44 at acpi0: C2(350@41 mwait.3@0x20), C1(1016@1 mwait.1), PSS
acpicpu45 at acpi0: C2(350@41 mwait.3@0x20), C1(1016@1 mwait.1), PSS
acpicpu46 at acpi0: C2(350@41 mwait.3@0x20), C1(1016@1 mwait.1), PSS
acpicpu47 at acpi0: C2(350@41 mwait.3@0x20), C1(1016@1 mwait.1), PSS
acpipci0 at acpi0 UNC3: 0x00000000 0x00000011 0x00000001
acpipci1 at acpi0 UNC2: 0x00000000 0x00000011 0x00000001
acpipci2 at acpi0 UNC1: 0x00000000 0x00000011 0x00000001
acpipci3 at acpi0 UNC0: 0x00000000 0x00000011 0x00000001
&quot;ACPI0004&quot; at acpi0 not configured
&quot;ACPI0007&quot; at acpi0 not configured
&quot;ACPI0007&quot; at acpi0 not configured
&quot;ACPI0007&quot; at acpi0 not configured
&quot;ACPI0007&quot; at acpi0 not configured
&quot;ACPI0007&quot; at acpi0 not configured
&quot;ACPI0007&quot; at acpi0 not configured
&quot;ACPI0007&quot; at acpi0 not configured
&quot;ACPI0007&quot; at acpi0 not configured
&quot;ACPI0007&quot; at acpi0 not configured
&quot;ACPI0007&quot; at acpi0 not configured
&quot;ACPI0007&quot; at acpi0 not configured
&quot;ACPI0007&quot; at acpi0 not configured
&quot;ACPI0004&quot; at acpi0 not configured
&quot;ACPI0007&quot; at acpi0 not configured
&quot;ACPI0007&quot; at acpi0 not configured
&quot;ACPI0007&quot; at acpi0 not configured
&quot;ACPI0007&quot; at acpi0 not configured
&quot;ACPI0007&quot; at acpi0 not configured
&quot;ACPI0007&quot; at acpi0 not configured
&quot;ACPI0007&quot; at acpi0 not configured
&quot;ACPI0007&quot; at acpi0 not configured
&quot;ACPI0007&quot; at acpi0 not configured
&quot;ACPI0007&quot; at acpi0 not configured
&quot;ACPI0007&quot; at acpi0 not configured
&quot;ACPI0007&quot; at acpi0 not configured
&quot;ACPI0004&quot; at acpi0 not configured
&quot;ACPI0007&quot; at acpi0 not configured
&quot;ACPI0007&quot; at acpi0 not configured
&quot;ACPI0007&quot; at acpi0 not configured
&quot;ACPI0007&quot; at acpi0 not configured
&quot;ACPI0007&quot; at acpi0 not configured
&quot;ACPI0007&quot; at acpi0 not configured
&quot;ACPI0007&quot; at acpi0 not configured
&quot;ACPI0007&quot; at acpi0 not configured
&quot;ACPI0007&quot; at acpi0 not configured
&quot;ACPI0007&quot; at acpi0 not configured
&quot;ACPI0007&quot; at acpi0 not configured
&quot;ACPI0007&quot; at acpi0 not configured
&quot;ACPI0004&quot; at acpi0 not configured
&quot;ACPI0007&quot; at acpi0 not configured
&quot;ACPI0007&quot; at acpi0 not configured
&quot;ACPI0007&quot; at acpi0 not configured
&quot;ACPI0007&quot; at acpi0 not configured
&quot;ACPI0007&quot; at acpi0 not configured
&quot;ACPI0007&quot; at acpi0 not configured
&quot;ACPI0007&quot; at acpi0 not configured
&quot;ACPI0007&quot; at acpi0 not configured
&quot;ACPI0007&quot; at acpi0 not configured
&quot;ACPI0007&quot; at acpi0 not configured
&quot;ACPI0007&quot; at acpi0 not configured
&quot;ACPI0007&quot; at acpi0 not configured
acpipci4 at acpi0 IIO0: 0x00000010 0x00000011 0x00000000
&quot;PNP0003&quot; at acpi0 not configured
acpicmos0 at acpi0
&quot;IPI0001&quot; at acpi0 not configured
tpm0 at acpi0: TPM_, can't find address
acpipci5 at acpi0 IIO1: 0x00000010 0x00000011 0x00000000
acpipci6 at acpi0 IIO2: 0x00000010 0x00000011 0x00000000
acpipci7 at acpi0 IIO3: 0x00000010 0x00000011 0x00000000
acpibtn0 at acpi0: PWRB
&quot;PNP0C14&quot; at acpi0 not configured
ipmi at mainbus0 not configured
cpu0: Enhanced SpeedStep 3000 MHz: speeds: 3001, 3000, 2800, 2600, 2400, 2200, 2000, 1800, 1600, 1400, 1200 MHz
pci0 at mainbus0 bus 0
pchb0 at pci0 dev 0 function 0 &quot;Intel E5 v2 Host&quot; rev 0x07
ppb0 at pci0 dev 2 function 0 &quot;Intel E5 v2 PCIE&quot; rev 0x07: msi
pci1 at ppb0 bus 1
ix0 at pci1 dev 0 function 0 &quot;Intel X540T&quot; rev 0x01: msi, address xx:xx:xx:xx:xx:xx
ix1 at pci1 dev 0 function 1 &quot;Intel X540T&quot; rev 0x01: msi, address xx:xx:xx:xx:xx:xx
ppb1 at pci0 dev 2 function 2 &quot;Intel E5 v2 PCIE&quot; rev 0x07: msi
pci2 at ppb1 bus 3
ppb2 at pci0 dev 3 function 0 &quot;Intel E5 v2 PCIE&quot; rev 0x07: msi
pci3 at ppb2 bus 4
&quot;Intel E5 v2 I/OAT&quot; rev 0x07 at pci0 dev 4 function 0 not configured
&quot;Intel E5 v2 I/OAT&quot; rev 0x07 at pci0 dev 4 function 1 not configured
&quot;Intel E5 v2 I/OAT&quot; rev 0x07 at pci0 dev 4 function 2 not configured
&quot;Intel E5 v2 I/OAT&quot; rev 0x07 at pci0 dev 4 function 3 not configured
&quot;Intel E5 v2 I/OAT&quot; rev 0x07 at pci0 dev 4 function 4 not configured
&quot;Intel E5 v2 I/OAT&quot; rev 0x07 at pci0 dev 4 function 5 not configured
&quot;Intel E5 v2 I/OAT&quot; rev 0x07 at pci0 dev 4 function 6 not configured
&quot;Intel E5 v2 I/OAT&quot; rev 0x07 at pci0 dev 4 function 7 not configured
&quot;Intel E5 v2 Address Map&quot; rev 0x07 at pci0 dev 5 function 0 not configured
vendor &quot;Intel&quot;, unknown product 0x0e29 (class system subclass miscellaneous, rev 0x07) at pci0 dev 5 function 1 not configured
&quot;Intel E5 v2 IIO RAS&quot; rev 0x07 at pci0 dev 5 function 2 not configured
&quot;Intel E5 v2 I/O APIC&quot; rev 0x07 at pci0 dev 5 function 4 not configured
ppb3 at pci0 dev 17 function 0 &quot;Intel C600 Virtual PCIE&quot; rev 0x06
pci4 at ppb3 bus 5
&quot;Intel C600 MEI&quot; rev 0x05 at pci0 dev 22 function 0 not configured
&quot;Intel C600 MEI&quot; rev 0x05 at pci0 dev 22 function 1 not configured
ehci0 at pci0 dev 26 function 0 &quot;Intel C600 USB&quot; rev 0x06: apic 1 int 16
usb0 at ehci0: USB revision 2.0
uhub0 at usb0 configuration 1 interface 0 &quot;Intel EHCI root hub&quot; rev 2.00/1.00 addr 1
ppb4 at pci0 dev 28 function 0 &quot;Intel C600 PCIE&quot; rev 0xb6: msi
pci5 at ppb4 bus 6
ppb5 at pci0 dev 28 function 7 &quot;Intel C600 PCIE&quot; rev 0xb6: msi
pci6 at ppb5 bus 7
ppb6 at pci6 dev 0 function 0 &quot;ASPEED Technology AST1150 PCI&quot; rev 0x03
pci7 at ppb6 bus 8
vga1 at pci7 dev 0 function 0 &quot;ASPEED Technology AST2000&quot; rev 0x30
wsdisplay0 at vga1 mux 1: console (80x25, vt100 emulation)
wsdisplay0: screen 1-5 added (80x25, vt100 emulation)
ehci1 at pci0 dev 29 function 0 &quot;Intel C600 USB&quot; rev 0x06: apic 1 int 23
usb1 at ehci1: USB revision 2.0
uhub1 at usb1 configuration 1 interface 0 &quot;Intel EHCI root hub&quot; rev 2.00/1.00 addr 1
ppb7 at pci0 dev 30 function 0 &quot;Intel 82801BA Hub-to-PCI&quot; rev 0xa6
pci8 at ppb7 bus 9
pcib0 at pci0 dev 31 function 0 &quot;Intel C600 LPC&quot; rev 0x06
ahci0 at pci0 dev 31 function 2 &quot;Intel C600 AHCI&quot; rev 0x06: msi, AHCI 1.3
ahci0: port 0: 6.0Gb/s
ahci0: port 1: 6.0Gb/s
ahci0: port 2: 3.0Gb/s
ahci0: port 3: 3.0Gb/s
scsibus1 at ahci0: 32 targets
sd0 at scsibus1 targ 0 lun 0: &lt;ATA, ST91000640NS, SN03&gt; SCSI3 0/direct fixed naa.5000c5007a32cc2a
sd0: 953869MB, 512 bytes/sector, 1953525168 sectors
sd1 at scsibus1 targ 1 lun 0: &lt;ATA, ST91000640NS, SN03&gt; SCSI3 0/direct fixed naa.5000c5007a3d1346
sd1: 953869MB, 512 bytes/sector, 1953525168 sectors
sd2 at scsibus1 targ 2 lun 0: &lt;ATA, ST91000640NS, SN03&gt; SCSI3 0/direct fixed naa.5000c5007a32cfff
sd2: 953869MB, 512 bytes/sector, 1953525168 sectors
sd3 at scsibus1 targ 3 lun 0: &lt;ATA, ST91000640NS, SN03&gt; SCSI3 0/direct fixed naa.5000c5007a32deff
sd3: 953869MB, 512 bytes/sector, 1953525168 sectors
ichiic0 at pci0 dev 31 function 3 &quot;Intel C600 SMBus&quot; rev 0x06: apic 1 int 18
iic0 at ichiic0
isa0 at pcib0
isadma0 at isa0
com0 at isa0 port 0x3f8/8 irq 4: ns16550a, 16 byte fifo
com1 at isa0 port 0x2f8/8 irq 3: ns16550a, 16 byte fifo
pckbc0 at isa0 port 0x60/5 irq 1 irq 12
pcppi0 at isa0 port 0x61
spkr0 at pcppi0
pci9 at mainbus0 bus 255
&quot;Intel E5 v2 QPI Link&quot; rev 0x07 at pci9 dev 8 function 0 not configured
vendor &quot;Intel&quot;, unknown product 0x0e32 (class DASP subclass Time and Frequency, rev 0x07) at pci9 dev 8 function 2 not configured
&quot;Intel E5 v2 QPI Link&quot; rev 0x07 at pci9 dev 9 function 0 not configured
vendor &quot;Intel&quot;, unknown product 0x0e33 (class DASP subclass Time and Frequency, rev 0x07) at pci9 dev 9 function 2 not configured
&quot;Intel E5 v2 PCU&quot; rev 0x07 at pci9 dev 10 function 0 not configured
&quot;Intel E5 v2 PCU&quot; rev 0x07 at pci9 dev 10 function 1 not configured
&quot;Intel E5 v2 PCU&quot; rev 0x07 at pci9 dev 10 function 2 not configured
&quot;Intel E5 v2 PCU&quot; rev 0x07 at pci9 dev 10 function 3 not configured
&quot;Intel E5 v2 UBOX&quot; rev 0x07 at pci9 dev 11 function 0 not configured
&quot;Intel E5 v2 UBOX&quot; rev 0x07 at pci9 dev 11 function 3 not configured
&quot;Intel E5 v2 Unicast&quot; rev 0x07 at pci9 dev 12 function 0 not configured
&quot;Intel E5 v2 Unicast&quot; rev 0x07 at pci9 dev 12 function 1 not configured
&quot;Intel E5 v2 Unicast&quot; rev 0x07 at pci9 dev 12 function 2 not configured
&quot;Intel E5 v2 Unicast&quot; rev 0x07 at pci9 dev 12 function 3 not configured
&quot;Intel E5 v2 Unicast&quot; rev 0x07 at pci9 dev 12 function 4 not configured
&quot;Intel E5 v2 Unicast&quot; rev 0x07 at pci9 dev 12 function 5 not configured
&quot;Intel E5 v2 Unicast&quot; rev 0x07 at pci9 dev 13 function 0 not configured
&quot;Intel E5 v2 Unicast&quot; rev 0x07 at pci9 dev 13 function 1 not configured
&quot;Intel E5 v2 Unicast&quot; rev 0x07 at pci9 dev 13 function 2 not configured
&quot;Intel E5 v2 Unicast&quot; rev 0x07 at pci9 dev 13 function 3 not configured
&quot;Intel E5 v2 Unicast&quot; rev 0x07 at pci9 dev 13 function 4 not configured
&quot;Intel E5 v2 Unicast&quot; rev 0x07 at pci9 dev 13 function 5 not configured
&quot;Intel E5 v2 Home Agent&quot; rev 0x07 at pci9 dev 14 function 0 not configured
&quot;Intel E5 v2 Home Agent&quot; rev 0x07 at pci9 dev 14 function 1 not configured
&quot;Intel E5 v2 TA&quot; rev 0x07 at pci9 dev 15 function 0 not configured
&quot;Intel E5 v2 RAS&quot; rev 0x07 at pci9 dev 15 function 1 not configured
&quot;Intel E5 v2 TAD&quot; rev 0x07 at pci9 dev 15 function 2 not configured
&quot;Intel E5 v2 TAD&quot; rev 0x07 at pci9 dev 15 function 3 not configured
&quot;Intel E5 v2 TAD&quot; rev 0x07 at pci9 dev 15 function 4 not configured
&quot;Intel E5 v2 TAD&quot; rev 0x07 at pci9 dev 15 function 5 not configured
&quot;Intel E5 v2 Thermal&quot; rev 0x07 at pci9 dev 16 function 0 not configured
&quot;Intel E5 v2 Thermal&quot; rev 0x07 at pci9 dev 16 function 1 not configured
&quot;Intel E5 v2 Error&quot; rev 0x07 at pci9 dev 16 function 2 not configured
&quot;Intel E5 v2 Error&quot; rev 0x07 at pci9 dev 16 function 3 not configured
&quot;Intel E5 v2 Thermal&quot; rev 0x07 at pci9 dev 16 function 4 not configured
&quot;Intel E5 v2 Thermal&quot; rev 0x07 at pci9 dev 16 function 5 not configured
&quot;Intel E5 v2 Error&quot; rev 0x07 at pci9 dev 16 function 6 not configured
&quot;Intel E5 v2 Error&quot; rev 0x07 at pci9 dev 16 function 7 not configured
vendor &quot;Intel&quot;, unknown product 0x0ef8 (class system subclass miscellaneous, rev 0x07) at pci9 dev 17 function 0 not configured
vendor &quot;Intel&quot;, unknown product 0x0ef9 (class system subclass miscellaneous, rev 0x07) at pci9 dev 17 function 1 not configured
vendor &quot;Intel&quot;, unknown product 0x0efa (class system subclass miscellaneous, rev 0x07) at pci9 dev 17 function 2 not configured
vendor &quot;Intel&quot;, unknown product 0x0efc (class system subclass miscellaneous, rev 0x07) at pci9 dev 17 function 4 not configured
vendor &quot;Intel&quot;, unknown product 0x0efd (class system subclass miscellaneous, rev 0x07) at pci9 dev 17 function 5 not configured
&quot;Intel E5 v2 R2PCIE&quot; rev 0x07 at pci9 dev 19 function 0 not configured
&quot;Intel E5 v2 QPI Link Monitor&quot; rev 0x07 at pci9 dev 19 function 1 not configured
&quot;Intel E5 v2 QPI&quot; rev 0x07 at pci9 dev 19 function 4 not configured
&quot;Intel E5 v2 QPI Link Monitor&quot; rev 0x07 at pci9 dev 19 function 5 not configured
vendor &quot;Intel&quot;, unknown product 0x0e37 (class DASP subclass Time and Frequency, rev 0x07) at pci9 dev 19 function 6 not configured
&quot;Intel E5 v2 SAD&quot; rev 0x07 at pci9 dev 22 function 0 not configured
&quot;Intel E5 v2 Broadcast&quot; rev 0x07 at pci9 dev 22 function 1 not configured
&quot;Intel E5 v2 Broadcast&quot; rev 0x07 at pci9 dev 22 function 2 not configured
vendor &quot;Intel&quot;, unknown product 0x0e40 (class system subclass miscellaneous, rev 0x07) at pci9 dev 24 function 0 not configured
vendor &quot;Intel&quot;, unknown product 0x0e3a (class DASP subclass Time and Frequency, rev 0x07) at pci9 dev 24 function 2 not configured
vendor &quot;Intel&quot;, unknown product 0x0e60 (class system subclass miscellaneous, rev 0x07) at pci9 dev 28 function 0 not configured
vendor &quot;Intel&quot;, unknown product 0x0e38 (class DASP subclass Time and Frequency, rev 0x07) at pci9 dev 28 function 1 not configured
vendor &quot;Intel&quot;, unknown product 0x0e68 (class system subclass miscellaneous, rev 0x07) at pci9 dev 29 function 0 not configured
vendor &quot;Intel&quot;, unknown product 0x0e79 (class system subclass miscellaneous, rev 0x07) at pci9 dev 29 function 1 not configured
vendor &quot;Intel&quot;, unknown product 0x0e6a (class system subclass miscellaneous, rev 0x07) at pci9 dev 29 function 2 not configured
vendor &quot;Intel&quot;, unknown product 0x0e6b (class system subclass miscellaneous, rev 0x07) at pci9 dev 29 function 3 not configured
vendor &quot;Intel&quot;, unknown product 0x0e6c (class system subclass miscellaneous, rev 0x07) at pci9 dev 29 function 4 not configured
vendor &quot;Intel&quot;, unknown product 0x0e6d (class system subclass miscellaneous, rev 0x07) at pci9 dev 29 function 5 not configured
vendor &quot;Intel&quot;, unknown product 0x0ef0 (class system subclass miscellaneous, rev 0x07) at pci9 dev 30 function 0 not configured
vendor &quot;Intel&quot;, unknown product 0x0ef1 (class system subclass miscellaneous, rev 0x07) at pci9 dev 30 function 1 not configured
vendor &quot;Intel&quot;, unknown product 0x0ef2 (class system subclass miscellaneous, rev 0x07) at pci9 dev 30 function 2 not configured
vendor &quot;Intel&quot;, unknown product 0x0ef3 (class system subclass miscellaneous, rev 0x07) at pci9 dev 30 function 3 not configured
vendor &quot;Intel&quot;, unknown product 0x0ef4 (class system subclass miscellaneous, rev 0x07) at pci9 dev 30 function 4 not configured
vendor &quot;Intel&quot;, unknown product 0x0ef5 (class system subclass miscellaneous, rev 0x07) at pci9 dev 30 function 5 not configured
vendor &quot;Intel&quot;, unknown product 0x0ef6 (class system subclass miscellaneous, rev 0x07) at pci9 dev 30 function 6 not configured
vendor &quot;Intel&quot;, unknown product 0x0ef7 (class system subclass miscellaneous, rev 0x07) at pci9 dev 30 function 7 not configured
vendor &quot;Intel&quot;, unknown product 0x0ed8 (class system subclass miscellaneous, rev 0x07) at pci9 dev 31 function 0 not configured
vendor &quot;Intel&quot;, unknown product 0x0ed9 (class system subclass miscellaneous, rev 0x07) at pci9 dev 31 function 1 not configured
vendor &quot;Intel&quot;, unknown product 0x0edc (class system subclass miscellaneous, rev 0x07) at pci9 dev 31 function 4 not configured
vendor &quot;Intel&quot;, unknown product 0x0edd (class system subclass miscellaneous, rev 0x07) at pci9 dev 31 function 5 not configured
vendor &quot;Intel&quot;, unknown product 0x0ede (class system subclass miscellaneous, rev 0x07) at pci9 dev 31 function 6 not configured
vendor &quot;Intel&quot;, unknown product 0x0edf (class system subclass miscellaneous, rev 0x07) at pci9 dev 31 function 7 not configured
pci10 at mainbus0 bus 191
&quot;Intel E5 v2 QPI Link&quot; rev 0x07 at pci10 dev 8 function 0 not configured
vendor &quot;Intel&quot;, unknown product 0x0e32 (class DASP subclass Time and Frequency, rev 0x07) at pci10 dev 8 function 2 not configured
&quot;Intel E5 v2 QPI Link&quot; rev 0x07 at pci10 dev 9 function 0 not configured
vendor &quot;Intel&quot;, unknown product 0x0e33 (class DASP subclass Time and Frequency, rev 0x07) at pci10 dev 9 function 2 not configured
&quot;Intel E5 v2 PCU&quot; rev 0x07 at pci10 dev 10 function 0 not configured
&quot;Intel E5 v2 PCU&quot; rev 0x07 at pci10 dev 10 function 1 not configured
&quot;Intel E5 v2 PCU&quot; rev 0x07 at pci10 dev 10 function 2 not configured
&quot;Intel E5 v2 PCU&quot; rev 0x07 at pci10 dev 10 function 3 not configured
&quot;Intel E5 v2 UBOX&quot; rev 0x07 at pci10 dev 11 function 0 not configured
&quot;Intel E5 v2 UBOX&quot; rev 0x07 at pci10 dev 11 function 3 not configured
&quot;Intel E5 v2 Unicast&quot; rev 0x07 at pci10 dev 12 function 0 not configured
&quot;Intel E5 v2 Unicast&quot; rev 0x07 at pci10 dev 12 function 1 not configured
&quot;Intel E5 v2 Unicast&quot; rev 0x07 at pci10 dev 12 function 2 not configured
&quot;Intel E5 v2 Unicast&quot; rev 0x07 at pci10 dev 12 function 3 not configured
&quot;Intel E5 v2 Unicast&quot; rev 0x07 at pci10 dev 12 function 4 not configured
&quot;Intel E5 v2 Unicast&quot; rev 0x07 at pci10 dev 12 function 5 not configured
&quot;Intel E5 v2 Unicast&quot; rev 0x07 at pci10 dev 13 function 0 not configured
&quot;Intel E5 v2 Unicast&quot; rev 0x07 at pci10 dev 13 function 1 not configured
&quot;Intel E5 v2 Unicast&quot; rev 0x07 at pci10 dev 13 function 2 not configured
&quot;Intel E5 v2 Unicast&quot; rev 0x07 at pci10 dev 13 function 3 not configured
&quot;Intel E5 v2 Unicast&quot; rev 0x07 at pci10 dev 13 function 4 not configured
&quot;Intel E5 v2 Unicast&quot; rev 0x07 at pci10 dev 13 function 5 not configured
&quot;Intel E5 v2 Home Agent&quot; rev 0x07 at pci10 dev 14 function 0 not configured
&quot;Intel E5 v2 Home Agent&quot; rev 0x07 at pci10 dev 14 function 1 not configured
&quot;Intel E5 v2 TA&quot; rev 0x07 at pci10 dev 15 function 0 not configured
&quot;Intel E5 v2 RAS&quot; rev 0x07 at pci10 dev 15 function 1 not configured
&quot;Intel E5 v2 TAD&quot; rev 0x07 at pci10 dev 15 function 2 not configured
&quot;Intel E5 v2 TAD&quot; rev 0x07 at pci10 dev 15 function 3 not configured
&quot;Intel E5 v2 TAD&quot; rev 0x07 at pci10 dev 15 function 4 not configured
&quot;Intel E5 v2 TAD&quot; rev 0x07 at pci10 dev 15 function 5 not configured
&quot;Intel E5 v2 Thermal&quot; rev 0x07 at pci10 dev 16 function 0 not configured
&quot;Intel E5 v2 Thermal&quot; rev 0x07 at pci10 dev 16 function 1 not configured
&quot;Intel E5 v2 Error&quot; rev 0x07 at pci10 dev 16 function 2 not configured
&quot;Intel E5 v2 Error&quot; rev 0x07 at pci10 dev 16 function 3 not configured
&quot;Intel E5 v2 Thermal&quot; rev 0x07 at pci10 dev 16 function 4 not configured
&quot;Intel E5 v2 Thermal&quot; rev 0x07 at pci10 dev 16 function 5 not configured
&quot;Intel E5 v2 Error&quot; rev 0x07 at pci10 dev 16 function 6 not configured
&quot;Intel E5 v2 Error&quot; rev 0x07 at pci10 dev 16 function 7 not configured
vendor &quot;Intel&quot;, unknown product 0x0ef8 (class system subclass miscellaneous, rev 0x07) at pci10 dev 17 function 0 not configured
vendor &quot;Intel&quot;, unknown product 0x0ef9 (class system subclass miscellaneous, rev 0x07) at pci10 dev 17 function 1 not configured
vendor &quot;Intel&quot;, unknown product 0x0efa (class system subclass miscellaneous, rev 0x07) at pci10 dev 17 function 2 not configured
vendor &quot;Intel&quot;, unknown product 0x0efc (class system subclass miscellaneous, rev 0x07) at pci10 dev 17 function 4 not configured
vendor &quot;Intel&quot;, unknown product 0x0efd (class system subclass miscellaneous, rev 0x07) at pci10 dev 17 function 5 not configured
&quot;Intel E5 v2 R2PCIE&quot; rev 0x07 at pci10 dev 19 function 0 not configured
&quot;Intel E5 v2 QPI Link Monitor&quot; rev 0x07 at pci10 dev 19 function 1 not configured
&quot;Intel E5 v2 QPI&quot; rev 0x07 at pci10 dev 19 function 4 not configured
&quot;Intel E5 v2 QPI Link Monitor&quot; rev 0x07 at pci10 dev 19 function 5 not configured
vendor &quot;Intel&quot;, unknown product 0x0e37 (class DASP subclass Time and Frequency, rev 0x07) at pci10 dev 19 function 6 not configured
&quot;Intel E5 v2 SAD&quot; rev 0x07 at pci10 dev 22 function 0 not configured
&quot;Intel E5 v2 Broadcast&quot; rev 0x07 at pci10 dev 22 function 1 not configured
&quot;Intel E5 v2 Broadcast&quot; rev 0x07 at pci10 dev 22 function 2 not configured
vendor &quot;Intel&quot;, unknown product 0x0e40 (class system subclass miscellaneous, rev 0x07) at pci10 dev 24 function 0 not configured
vendor &quot;Intel&quot;, unknown product 0x0e3a (class DASP subclass Time and Frequency, rev 0x07) at pci10 dev 24 function 2 not configured
vendor &quot;Intel&quot;, unknown product 0x0e60 (class system subclass miscellaneous, rev 0x07) at pci10 dev 28 function 0 not configured
vendor &quot;Intel&quot;, unknown product 0x0e38 (class DASP subclass Time and Frequency, rev 0x07) at pci10 dev 28 function 1 not configured
vendor &quot;Intel&quot;, unknown product 0x0e68 (class system subclass miscellaneous, rev 0x07) at pci10 dev 29 function 0 not configured
vendor &quot;Intel&quot;, unknown product 0x0e79 (class system subclass miscellaneous, rev 0x07) at pci10 dev 29 function 1 not configured
vendor &quot;Intel&quot;, unknown product 0x0e6a (class system subclass miscellaneous, rev 0x07) at pci10 dev 29 function 2 not configured
vendor &quot;Intel&quot;, unknown product 0x0e6b (class system subclass miscellaneous, rev 0x07) at pci10 dev 29 function 3 not configured
vendor &quot;Intel&quot;, unknown product 0x0e6c (class system subclass miscellaneous, rev 0x07) at pci10 dev 29 function 4 not configured
vendor &quot;Intel&quot;, unknown product 0x0e6d (class system subclass miscellaneous, rev 0x07) at pci10 dev 29 function 5 not configured
vendor &quot;Intel&quot;, unknown product 0x0ef0 (class system subclass miscellaneous, rev 0x07) at pci10 dev 30 function 0 not configured
vendor &quot;Intel&quot;, unknown product 0x0ef1 (class system subclass miscellaneous, rev 0x07) at pci10 dev 30 function 1 not configured
vendor &quot;Intel&quot;, unknown product 0x0ef2 (class system subclass miscellaneous, rev 0x07) at pci10 dev 30 function 2 not configured
vendor &quot;Intel&quot;, unknown product 0x0ef3 (class system subclass miscellaneous, rev 0x07) at pci10 dev 30 function 3 not configured
vendor &quot;Intel&quot;, unknown product 0x0ef4 (class system subclass miscellaneous, rev 0x07) at pci10 dev 30 function 4 not configured
vendor &quot;Intel&quot;, unknown product 0x0ef5 (class system subclass miscellaneous, rev 0x07) at pci10 dev 30 function 5 not configured
vendor &quot;Intel&quot;, unknown product 0x0ef6 (class system subclass miscellaneous, rev 0x07) at pci10 dev 30 function 6 not configured
vendor &quot;Intel&quot;, unknown product 0x0ef7 (class system subclass miscellaneous, rev 0x07) at pci10 dev 30 function 7 not configured
vendor &quot;Intel&quot;, unknown product 0x0ed8 (class system subclass miscellaneous, rev 0x07) at pci10 dev 31 function 0 not configured
vendor &quot;Intel&quot;, unknown product 0x0ed9 (class system subclass miscellaneous, rev 0x07) at pci10 dev 31 function 1 not configured
vendor &quot;Intel&quot;, unknown product 0x0edc (class system subclass miscellaneous, rev 0x07) at pci10 dev 31 function 4 not configured
vendor &quot;Intel&quot;, unknown product 0x0edd (class system subclass miscellaneous, rev 0x07) at pci10 dev 31 function 5 not configured
vendor &quot;Intel&quot;, unknown product 0x0ede (class system subclass miscellaneous, rev 0x07) at pci10 dev 31 function 6 not configured
vendor &quot;Intel&quot;, unknown product 0x0edf (class system subclass miscellaneous, rev 0x07) at pci10 dev 31 function 7 not configured
pci11 at mainbus0 bus 127
&quot;Intel E5 v2 QPI Link&quot; rev 0x07 at pci11 dev 8 function 0 not configured
vendor &quot;Intel&quot;, unknown product 0x0e32 (class DASP subclass Time and Frequency, rev 0x07) at pci11 dev 8 function 2 not configured
&quot;Intel E5 v2 QPI Link&quot; rev 0x07 at pci11 dev 9 function 0 not configured
vendor &quot;Intel&quot;, unknown product 0x0e33 (class DASP subclass Time and Frequency, rev 0x07) at pci11 dev 9 function 2 not configured
&quot;Intel E5 v2 PCU&quot; rev 0x07 at pci11 dev 10 function 0 not configured
&quot;Intel E5 v2 PCU&quot; rev 0x07 at pci11 dev 10 function 1 not configured
&quot;Intel E5 v2 PCU&quot; rev 0x07 at pci11 dev 10 function 2 not configured
&quot;Intel E5 v2 PCU&quot; rev 0x07 at pci11 dev 10 function 3 not configured
&quot;Intel E5 v2 UBOX&quot; rev 0x07 at pci11 dev 11 function 0 not configured
&quot;Intel E5 v2 UBOX&quot; rev 0x07 at pci11 dev 11 function 3 not configured
&quot;Intel E5 v2 Unicast&quot; rev 0x07 at pci11 dev 12 function 0 not configured
&quot;Intel E5 v2 Unicast&quot; rev 0x07 at pci11 dev 12 function 1 not configured
&quot;Intel E5 v2 Unicast&quot; rev 0x07 at pci11 dev 12 function 2 not configured
&quot;Intel E5 v2 Unicast&quot; rev 0x07 at pci11 dev 12 function 3 not configured
&quot;Intel E5 v2 Unicast&quot; rev 0x07 at pci11 dev 12 function 4 not configured
&quot;Intel E5 v2 Unicast&quot; rev 0x07 at pci11 dev 12 function 5 not configured
&quot;Intel E5 v2 Unicast&quot; rev 0x07 at pci11 dev 13 function 0 not configured
&quot;Intel E5 v2 Unicast&quot; rev 0x07 at pci11 dev 13 function 1 not configured
&quot;Intel E5 v2 Unicast&quot; rev 0x07 at pci11 dev 13 function 2 not configured
&quot;Intel E5 v2 Unicast&quot; rev 0x07 at pci11 dev 13 function 3 not configured
&quot;Intel E5 v2 Unicast&quot; rev 0x07 at pci11 dev 13 function 4 not configured
&quot;Intel E5 v2 Unicast&quot; rev 0x07 at pci11 dev 13 function 5 not configured
&quot;Intel E5 v2 Home Agent&quot; rev 0x07 at pci11 dev 14 function 0 not configured
&quot;Intel E5 v2 Home Agent&quot; rev 0x07 at pci11 dev 14 function 1 not configured
&quot;Intel E5 v2 TA&quot; rev 0x07 at pci11 dev 15 function 0 not configured
&quot;Intel E5 v2 RAS&quot; rev 0x07 at pci11 dev 15 function 1 not configured
&quot;Intel E5 v2 TAD&quot; rev 0x07 at pci11 dev 15 function 2 not configured
&quot;Intel E5 v2 TAD&quot; rev 0x07 at pci11 dev 15 function 3 not configured
&quot;Intel E5 v2 TAD&quot; rev 0x07 at pci11 dev 15 function 4 not configured
&quot;Intel E5 v2 TAD&quot; rev 0x07 at pci11 dev 15 function 5 not configured
&quot;Intel E5 v2 Thermal&quot; rev 0x07 at pci11 dev 16 function 0 not configured
&quot;Intel E5 v2 Thermal&quot; rev 0x07 at pci11 dev 16 function 1 not configured
&quot;Intel E5 v2 Error&quot; rev 0x07 at pci11 dev 16 function 2 not configured
&quot;Intel E5 v2 Error&quot; rev 0x07 at pci11 dev 16 function 3 not configured
&quot;Intel E5 v2 Thermal&quot; rev 0x07 at pci11 dev 16 function 4 not configured
&quot;Intel E5 v2 Thermal&quot; rev 0x07 at pci11 dev 16 function 5 not configured
&quot;Intel E5 v2 Error&quot; rev 0x07 at pci11 dev 16 function 6 not configured
&quot;Intel E5 v2 Error&quot; rev 0x07 at pci11 dev 16 function 7 not configured
vendor &quot;Intel&quot;, unknown product 0x0ef8 (class system subclass miscellaneous, rev 0x07) at pci11 dev 17 function 0 not configured
vendor &quot;Intel&quot;, unknown product 0x0ef9 (class system subclass miscellaneous, rev 0x07) at pci11 dev 17 function 1 not configured
vendor &quot;Intel&quot;, unknown product 0x0efa (class system subclass miscellaneous, rev 0x07) at pci11 dev 17 function 2 not configured
vendor &quot;Intel&quot;, unknown product 0x0efc (class system subclass miscellaneous, rev 0x07) at pci11 dev 17 function 4 not configured
vendor &quot;Intel&quot;, unknown product 0x0efd (class system subclass miscellaneous, rev 0x07) at pci11 dev 17 function 5 not configured
&quot;Intel E5 v2 R2PCIE&quot; rev 0x07 at pci11 dev 19 function 0 not configured
&quot;Intel E5 v2 QPI Link Monitor&quot; rev 0x07 at pci11 dev 19 function 1 not configured
&quot;Intel E5 v2 QPI&quot; rev 0x07 at pci11 dev 19 function 4 not configured
&quot;Intel E5 v2 QPI Link Monitor&quot; rev 0x07 at pci11 dev 19 function 5 not configured
vendor &quot;Intel&quot;, unknown product 0x0e37 (class DASP subclass Time and Frequency, rev 0x07) at pci11 dev 19 function 6 not configured
&quot;Intel E5 v2 SAD&quot; rev 0x07 at pci11 dev 22 function 0 not configured
&quot;Intel E5 v2 Broadcast&quot; rev 0x07 at pci11 dev 22 function 1 not configured
&quot;Intel E5 v2 Broadcast&quot; rev 0x07 at pci11 dev 22 function 2 not configured
vendor &quot;Intel&quot;, unknown product 0x0e40 (class system subclass miscellaneous, rev 0x07) at pci11 dev 24 function 0 not configured
vendor &quot;Intel&quot;, unknown product 0x0e3a (class DASP subclass Time and Frequency, rev 0x07) at pci11 dev 24 function 2 not configured
vendor &quot;Intel&quot;, unknown product 0x0e60 (class system subclass miscellaneous, rev 0x07) at pci11 dev 28 function 0 not configured
vendor &quot;Intel&quot;, unknown product 0x0e38 (class DASP subclass Time and Frequency, rev 0x07) at pci11 dev 28 function 1 not configured
vendor &quot;Intel&quot;, unknown product 0x0e68 (class system subclass miscellaneous, rev 0x07) at pci11 dev 29 function 0 not configured
vendor &quot;Intel&quot;, unknown product 0x0e79 (class system subclass miscellaneous, rev 0x07) at pci11 dev 29 function 1 not configured
vendor &quot;Intel&quot;, unknown product 0x0e6a (class system subclass miscellaneous, rev 0x07) at pci11 dev 29 function 2 not configured
vendor &quot;Intel&quot;, unknown product 0x0e6b (class system subclass miscellaneous, rev 0x07) at pci11 dev 29 function 3 not configured
vendor &quot;Intel&quot;, unknown product 0x0e6c (class system subclass miscellaneous, rev 0x07) at pci11 dev 29 function 4 not configured
vendor &quot;Intel&quot;, unknown product 0x0e6d (class system subclass miscellaneous, rev 0x07) at pci11 dev 29 function 5 not configured
vendor &quot;Intel&quot;, unknown product 0x0ef0 (class system subclass miscellaneous, rev 0x07) at pci11 dev 30 function 0 not configured
vendor &quot;Intel&quot;, unknown product 0x0ef1 (class system subclass miscellaneous, rev 0x07) at pci11 dev 30 function 1 not configured
vendor &quot;Intel&quot;, unknown product 0x0ef2 (class system subclass miscellaneous, rev 0x07) at pci11 dev 30 function 2 not configured
vendor &quot;Intel&quot;, unknown product 0x0ef3 (class system subclass miscellaneous, rev 0x07) at pci11 dev 30 function 3 not configured
vendor &quot;Intel&quot;, unknown product 0x0ef4 (class system subclass miscellaneous, rev 0x07) at pci11 dev 30 function 4 not configured
vendor &quot;Intel&quot;, unknown product 0x0ef5 (class system subclass miscellaneous, rev 0x07) at pci11 dev 30 function 5 not configured
vendor &quot;Intel&quot;, unknown product 0x0ef6 (class system subclass miscellaneous, rev 0x07) at pci11 dev 30 function 6 not configured
vendor &quot;Intel&quot;, unknown product 0x0ef7 (class system subclass miscellaneous, rev 0x07) at pci11 dev 30 function 7 not configured
vendor &quot;Intel&quot;, unknown product 0x0ed8 (class system subclass miscellaneous, rev 0x07) at pci11 dev 31 function 0 not configured
vendor &quot;Intel&quot;, unknown product 0x0ed9 (class system subclass miscellaneous, rev 0x07) at pci11 dev 31 function 1 not configured
vendor &quot;Intel&quot;, unknown product 0x0edc (class system subclass miscellaneous, rev 0x07) at pci11 dev 31 function 4 not configured
vendor &quot;Intel&quot;, unknown product 0x0edd (class system subclass miscellaneous, rev 0x07) at pci11 dev 31 function 5 not configured
vendor &quot;Intel&quot;, unknown product 0x0ede (class system subclass miscellaneous, rev 0x07) at pci11 dev 31 function 6 not configured
vendor &quot;Intel&quot;, unknown product 0x0edf (class system subclass miscellaneous, rev 0x07) at pci11 dev 31 function 7 not configured
pci12 at mainbus0 bus 63
&quot;Intel E5 v2 QPI Link&quot; rev 0x07 at pci12 dev 8 function 0 not configured
vendor &quot;Intel&quot;, unknown product 0x0e32 (class DASP subclass Time and Frequency, rev 0x07) at pci12 dev 8 function 2 not configured
&quot;Intel E5 v2 QPI Link&quot; rev 0x07 at pci12 dev 9 function 0 not configured
vendor &quot;Intel&quot;, unknown product 0x0e33 (class DASP subclass Time and Frequency, rev 0x07) at pci12 dev 9 function 2 not configured
&quot;Intel E5 v2 PCU&quot; rev 0x07 at pci12 dev 10 function 0 not configured
&quot;Intel E5 v2 PCU&quot; rev 0x07 at pci12 dev 10 function 1 not configured
&quot;Intel E5 v2 PCU&quot; rev 0x07 at pci12 dev 10 function 2 not configured
&quot;Intel E5 v2 PCU&quot; rev 0x07 at pci12 dev 10 function 3 not configured
&quot;Intel E5 v2 UBOX&quot; rev 0x07 at pci12 dev 11 function 0 not configured
&quot;Intel E5 v2 UBOX&quot; rev 0x07 at pci12 dev 11 function 3 not configured
&quot;Intel E5 v2 Unicast&quot; rev 0x07 at pci12 dev 12 function 0 not configured
&quot;Intel E5 v2 Unicast&quot; rev 0x07 at pci12 dev 12 function 1 not configured
&quot;Intel E5 v2 Unicast&quot; rev 0x07 at pci12 dev 12 function 2 not configured
&quot;Intel E5 v2 Unicast&quot; rev 0x07 at pci12 dev 12 function 3 not configured
&quot;Intel E5 v2 Unicast&quot; rev 0x07 at pci12 dev 12 function 4 not configured
&quot;Intel E5 v2 Unicast&quot; rev 0x07 at pci12 dev 12 function 5 not configured
&quot;Intel E5 v2 Unicast&quot; rev 0x07 at pci12 dev 13 function 0 not configured
&quot;Intel E5 v2 Unicast&quot; rev 0x07 at pci12 dev 13 function 1 not configured
&quot;Intel E5 v2 Unicast&quot; rev 0x07 at pci12 dev 13 function 2 not configured
&quot;Intel E5 v2 Unicast&quot; rev 0x07 at pci12 dev 13 function 3 not configured
&quot;Intel E5 v2 Unicast&quot; rev 0x07 at pci12 dev 13 function 4 not configured
&quot;Intel E5 v2 Unicast&quot; rev 0x07 at pci12 dev 13 function 5 not configured
&quot;Intel E5 v2 Home Agent&quot; rev 0x07 at pci12 dev 14 function 0 not configured
&quot;Intel E5 v2 Home Agent&quot; rev 0x07 at pci12 dev 14 function 1 not configured
&quot;Intel E5 v2 TA&quot; rev 0x07 at pci12 dev 15 function 0 not configured
&quot;Intel E5 v2 RAS&quot; rev 0x07 at pci12 dev 15 function 1 not configured
&quot;Intel E5 v2 TAD&quot; rev 0x07 at pci12 dev 15 function 2 not configured
&quot;Intel E5 v2 TAD&quot; rev 0x07 at pci12 dev 15 function 3 not configured
&quot;Intel E5 v2 TAD&quot; rev 0x07 at pci12 dev 15 function 4 not configured
&quot;Intel E5 v2 TAD&quot; rev 0x07 at pci12 dev 15 function 5 not configured
&quot;Intel E5 v2 Thermal&quot; rev 0x07 at pci12 dev 16 function 0 not configured
&quot;Intel E5 v2 Thermal&quot; rev 0x07 at pci12 dev 16 function 1 not configured
&quot;Intel E5 v2 Error&quot; rev 0x07 at pci12 dev 16 function 2 not configured
&quot;Intel E5 v2 Error&quot; rev 0x07 at pci12 dev 16 function 3 not configured
&quot;Intel E5 v2 Thermal&quot; rev 0x07 at pci12 dev 16 function 4 not configured
&quot;Intel E5 v2 Thermal&quot; rev 0x07 at pci12 dev 16 function 5 not configured
&quot;Intel E5 v2 Error&quot; rev 0x07 at pci12 dev 16 function 6 not configured
&quot;Intel E5 v2 Error&quot; rev 0x07 at pci12 dev 16 function 7 not configured
vendor &quot;Intel&quot;, unknown product 0x0ef8 (class system subclass miscellaneous, rev 0x07) at pci12 dev 17 function 0 not configured
vendor &quot;Intel&quot;, unknown product 0x0ef9 (class system subclass miscellaneous, rev 0x07) at pci12 dev 17 function 1 not configured
vendor &quot;Intel&quot;, unknown product 0x0efa (class system subclass miscellaneous, rev 0x07) at pci12 dev 17 function 2 not configured
vendor &quot;Intel&quot;, unknown product 0x0efc (class system subclass miscellaneous, rev 0x07) at pci12 dev 17 function 4 not configured
vendor &quot;Intel&quot;, unknown product 0x0efd (class system subclass miscellaneous, rev 0x07) at pci12 dev 17 function 5 not configured
&quot;Intel E5 v2 R2PCIE&quot; rev 0x07 at pci12 dev 19 function 0 not configured
&quot;Intel E5 v2 QPI Link Monitor&quot; rev 0x07 at pci12 dev 19 function 1 not configured
&quot;Intel E5 v2 QPI&quot; rev 0x07 at pci12 dev 19 function 4 not configured
&quot;Intel E5 v2 QPI Link Monitor&quot; rev 0x07 at pci12 dev 19 function 5 not configured
vendor &quot;Intel&quot;, unknown product 0x0e37 (class DASP subclass Time and Frequency, rev 0x07) at pci12 dev 19 function 6 not configured
&quot;Intel E5 v2 SAD&quot; rev 0x07 at pci12 dev 22 function 0 not configured
&quot;Intel E5 v2 Broadcast&quot; rev 0x07 at pci12 dev 22 function 1 not configured
&quot;Intel E5 v2 Broadcast&quot; rev 0x07 at pci12 dev 22 function 2 not configured
vendor &quot;Intel&quot;, unknown product 0x0e40 (class system subclass miscellaneous, rev 0x07) at pci12 dev 24 function 0 not configured
vendor &quot;Intel&quot;, unknown product 0x0e3a (class DASP subclass Time and Frequency, rev 0x07) at pci12 dev 24 function 2 not configured
vendor &quot;Intel&quot;, unknown product 0x0e60 (class system subclass miscellaneous, rev 0x07) at pci12 dev 28 function 0 not configured
vendor &quot;Intel&quot;, unknown product 0x0e38 (class DASP subclass Time and Frequency, rev 0x07) at pci12 dev 28 function 1 not configured
vendor &quot;Intel&quot;, unknown product 0x0e68 (class system subclass miscellaneous, rev 0x07) at pci12 dev 29 function 0 not configured
vendor &quot;Intel&quot;, unknown product 0x0e79 (class system subclass miscellaneous, rev 0x07) at pci12 dev 29 function 1 not configured
vendor &quot;Intel&quot;, unknown product 0x0e6a (class system subclass miscellaneous, rev 0x07) at pci12 dev 29 function 2 not configured
vendor &quot;Intel&quot;, unknown product 0x0e6b (class system subclass miscellaneous, rev 0x07) at pci12 dev 29 function 3 not configured
vendor &quot;Intel&quot;, unknown product 0x0e6c (class system subclass miscellaneous, rev 0x07) at pci12 dev 29 function 4 not configured
vendor &quot;Intel&quot;, unknown product 0x0e6d (class system subclass miscellaneous, rev 0x07) at pci12 dev 29 function 5 not configured
vendor &quot;Intel&quot;, unknown product 0x0ef0 (class system subclass miscellaneous, rev 0x07) at pci12 dev 30 function 0 not configured
vendor &quot;Intel&quot;, unknown product 0x0ef1 (class system subclass miscellaneous, rev 0x07) at pci12 dev 30 function 1 not configured
vendor &quot;Intel&quot;, unknown product 0x0ef2 (class system subclass miscellaneous, rev 0x07) at pci12 dev 30 function 2 not configured
vendor &quot;Intel&quot;, unknown product 0x0ef3 (class system subclass miscellaneous, rev 0x07) at pci12 dev 30 function 3 not configured
vendor &quot;Intel&quot;, unknown product 0x0ef4 (class system subclass miscellaneous, rev 0x07) at pci12 dev 30 function 4 not configured
vendor &quot;Intel&quot;, unknown product 0x0ef5 (class system subclass miscellaneous, rev 0x07) at pci12 dev 30 function 5 not configured
vendor &quot;Intel&quot;, unknown product 0x0ef6 (class system subclass miscellaneous, rev 0x07) at pci12 dev 30 function 6 not configured
vendor &quot;Intel&quot;, unknown product 0x0ef7 (class system subclass miscellaneous, rev 0x07) at pci12 dev 30 function 7 not configured
vendor &quot;Intel&quot;, unknown product 0x0ed8 (class system subclass miscellaneous, rev 0x07) at pci12 dev 31 function 0 not configured
vendor &quot;Intel&quot;, unknown product 0x0ed9 (class system subclass miscellaneous, rev 0x07) at pci12 dev 31 function 1 not configured
vendor &quot;Intel&quot;, unknown product 0x0edc (class system subclass miscellaneous, rev 0x07) at pci12 dev 31 function 4 not configured
vendor &quot;Intel&quot;, unknown product 0x0edd (class system subclass miscellaneous, rev 0x07) at pci12 dev 31 function 5 not configured
vendor &quot;Intel&quot;, unknown product 0x0ede (class system subclass miscellaneous, rev 0x07) at pci12 dev 31 function 6 not configured
vendor &quot;Intel&quot;, unknown product 0x0edf (class system subclass miscellaneous, rev 0x07) at pci12 dev 31 function 7 not configured
pci13 at mainbus0 bus 64
ppb8 at pci13 dev 2 function 0 &quot;Intel E5 v2 PCIE&quot; rev 0x07: msi
pci14 at ppb8 bus 65
ppb9 at pci13 dev 3 function 0 &quot;Intel E5 v2 PCIE&quot; rev 0x07: msi
pci15 at ppb9 bus 66
ppb10 at pci13 dev 3 function 2 &quot;Intel E5 v2 PCIE&quot; rev 0x07: msi
pci16 at ppb10 bus 67
mpii0 at pci16 dev 0 function 0 &quot;Symbios Logic SAS3008&quot; rev 0x02: msi
mpii0: LSI3008-IT, firmware 2.0.2.0, MPI 2.5
scsibus2 at mpii0: 256 targets
&quot;Intel E5 v2 I/OAT&quot; rev 0x07 at pci13 dev 4 function 0 not configured
&quot;Intel E5 v2 I/OAT&quot; rev 0x07 at pci13 dev 4 function 1 not configured
&quot;Intel E5 v2 I/OAT&quot; rev 0x07 at pci13 dev 4 function 2 not configured
&quot;Intel E5 v2 I/OAT&quot; rev 0x07 at pci13 dev 4 function 3 not configured
&quot;Intel E5 v2 I/OAT&quot; rev 0x07 at pci13 dev 4 function 4 not configured
&quot;Intel E5 v2 I/OAT&quot; rev 0x07 at pci13 dev 4 function 5 not configured
&quot;Intel E5 v2 I/OAT&quot; rev 0x07 at pci13 dev 4 function 6 not configured
&quot;Intel E5 v2 I/OAT&quot; rev 0x07 at pci13 dev 4 function 7 not configured
&quot;Intel E5 v2 Address Map&quot; rev 0x07 at pci13 dev 5 function 0 not configured
vendor &quot;Intel&quot;, unknown product 0x0e29 (class system subclass miscellaneous, rev 0x07) at pci13 dev 5 function 1 not configured
&quot;Intel E5 v2 IIO RAS&quot; rev 0x07 at pci13 dev 5 function 2 not configured
&quot;Intel E5 v2 I/O APIC&quot; rev 0x07 at pci13 dev 5 function 4 not configured
pci17 at mainbus0 bus 128
ppb11 at pci17 dev 2 function 0 &quot;Intel E5 v2 PCIE&quot; rev 0x07: msi
pci18 at ppb11 bus 129
ppb12 at pci17 dev 2 function 2 &quot;Intel E5 v2 PCIE&quot; rev 0x07: msi
pci19 at ppb12 bus 130
ppb13 at pci17 dev 3 function 0 &quot;Intel E5 v2 PCIE&quot; rev 0x07: msi
pci20 at ppb13 bus 131
nvme0 at pci20 dev 0 function 0 &quot;Intel NVMe&quot; rev 0x01: apic 4 int 16, NVMe 1.0
nvme0: INTEL SSDPEDMD020T4, firmware 8DV10110, serial CVFT438200452P0EGN
scsibus3 at nvme0: 1 targets
sd4 at scsibus3 targ 0 lun 0: &lt;NVMe, INTEL SSDPEDMD02, 8DV1&gt; SCSI4 0/direct fixed
sd4: 1907729MB, 512 bytes/sector, 3907029168 sectors
&quot;Intel E5 v2 I/OAT&quot; rev 0x07 at pci17 dev 4 function 0 not configured
&quot;Intel E5 v2 I/OAT&quot; rev 0x07 at pci17 dev 4 function 1 not configured
&quot;Intel E5 v2 I/OAT&quot; rev 0x07 at pci17 dev 4 function 2 not configured
&quot;Intel E5 v2 I/OAT&quot; rev 0x07 at pci17 dev 4 function 3 not configured
&quot;Intel E5 v2 I/OAT&quot; rev 0x07 at pci17 dev 4 function 4 not configured
&quot;Intel E5 v2 I/OAT&quot; rev 0x07 at pci17 dev 4 function 5 not configured
&quot;Intel E5 v2 I/OAT&quot; rev 0x07 at pci17 dev 4 function 6 not configured
&quot;Intel E5 v2 I/OAT&quot; rev 0x07 at pci17 dev 4 function 7 not configured
&quot;Intel E5 v2 Address Map&quot; rev 0x07 at pci17 dev 5 function 0 not configured
vendor &quot;Intel&quot;, unknown product 0x0e29 (class system subclass miscellaneous, rev 0x07) at pci17 dev 5 function 1 not configured
&quot;Intel E5 v2 IIO RAS&quot; rev 0x07 at pci17 dev 5 function 2 not configured
&quot;Intel E5 v2 I/O APIC&quot; rev 0x07 at pci17 dev 5 function 4 not configured
pci21 at mainbus0 bus 192
ppb14 at pci21 dev 2 function 0 &quot;Intel E5 v2 PCIE&quot; rev 0x07: msi
pci22 at ppb14 bus 193
ppb15 at pci21 dev 2 function 2 &quot;Intel E5 v2 PCIE&quot; rev 0x07: msi
pci23 at ppb15 bus 194
ppb16 at pci21 dev 3 function 0 &quot;Intel E5 v2 PCIE&quot; rev 0x07: msi
pci24 at ppb16 bus 195
&quot;Intel E5 v2 I/OAT&quot; rev 0x07 at pci21 dev 4 function 0 not configured
&quot;Intel E5 v2 I/OAT&quot; rev 0x07 at pci21 dev 4 function 1 not configured
&quot;Intel E5 v2 I/OAT&quot; rev 0x07 at pci21 dev 4 function 2 not configured
&quot;Intel E5 v2 I/OAT&quot; rev 0x07 at pci21 dev 4 function 3 not configured
&quot;Intel E5 v2 I/OAT&quot; rev 0x07 at pci21 dev 4 function 4 not configured
&quot;Intel E5 v2 I/OAT&quot; rev 0x07 at pci21 dev 4 function 5 not configured
&quot;Intel E5 v2 I/OAT&quot; rev 0x07 at pci21 dev 4 function 6 not configured
&quot;Intel E5 v2 I/OAT&quot; rev 0x07 at pci21 dev 4 function 7 not configured
&quot;Intel E5 v2 Address Map&quot; rev 0x07 at pci21 dev 5 function 0 not configured
vendor &quot;Intel&quot;, unknown product 0x0e29 (class system subclass miscellaneous, rev 0x07) at pci21 dev 5 function 1 not configured
&quot;Intel E5 v2 IIO RAS&quot; rev 0x07 at pci21 dev 5 function 2 not configured
&quot;Intel E5 v2 I/O APIC&quot; rev 0x07 at pci21 dev 5 function 4 not configured
vmm0 at mainbus0: VMX/EPT
sd5 at scsibus2 targ 0 lun 0: &lt;ATA, ST91000640NS, SN03&gt; SCSI4 0/direct fixed naa.5000c5007a32fe2f
sd5: 953869MB, 512 bytes/sector, 1953525168 sectors
sd6 at scsibus2 targ 2 lun 0: &lt;ATA, INTEL SSDSC2BA20, 0270&gt; SCSI4 0/direct fixed naa.55cd2e404b6421d3
sd6: 190782MB, 512 bytes/sector, 390721968 sectors, thin
sd7 at scsibus2 targ 1 lun 0: &lt;ATA, INTEL SSDSC2BA20, 0270&gt; SCSI4 0/direct fixed naa.55cd2e404b6f4b4f
sd7: 190782MB, 512 bytes/sector, 390721968 sectors, thin
sd8 at scsibus2 targ 3 lun 0: &lt;ATA, ST91000640NS, SN03&gt; SCSI4 0/direct fixed naa.5000c5007a274dec
sd8: 953869MB, 512 bytes/sector, 1953525168 sectors
uhub2 at uhub0 port 1 configuration 1 interface 0 &quot;Intel Rate Matching Hub&quot; rev 2.00/0.00 addr 2
uhub3 at uhub1 port 1 configuration 1 interface 0 &quot;Intel Rate Matching Hub&quot; rev 2.00/0.00 addr 2
uhub4 at uhub3 port 4 configuration 1 interface 0 &quot;vendor 0x0000 product 0x0001&quot; rev 2.00/0.00 addr 3
uhidev0 at uhub4 port 1 configuration 1 interface 0 &quot;ATEN International product 0x2419&quot; rev 1.10/1.00 addr 4
uhidev0: iclass 3/1
ukbd0 at uhidev0: 8 variable keys, 6 key codes
wskbd0 at ukbd0: console keyboard, using wsdisplay0
uhidev1 at uhub4 port 1 configuration 1 interface 1 &quot;ATEN International product 0x2419&quot; rev 1.10/1.00 addr 4
uhidev1: iclass 3/1
ums0 at uhidev1: 3 buttons, Z dir
wsmouse0 at ums0 mux 0
vscsi0 at root
scsibus4 at vscsi0: 256 targets
softraid0 at root
scsibus5 at softraid0: 256 targets
root on sd0a (b5f74816274e8a93.a) swap on sd0b dump on sd0b

</pre>



</div><!-- content -->
<br />
<div id="footer">
All comments/news/posts are the property of their individual owner and
is presented without warranty of suitability, and solely as an
informational resource. <br />
This site Copyright &copy; 2004-2020 NYC*BUG.
</div><!-- footer -->

</body>
</html>

