



<!doctype html>
<html lang="en">
<head>
<meta name="keywords"
	content="bsd, freebsd, openbsd, netbsd, dragonflybsd, nycbug, dmesgd" />
<meta name="description" content="New York City BSD User Group dmesgd" />
<meta charset="utf-8" />
<meta name="viewport" content="width=device-width, initial-scale=1" />
<title>NYC*BUG dmesgd</title>
<style>
body {
	text-align: left;
	margin: 15px auto;
	padding: 0px 10px;
}
@media (min-width: 800px) {
	body {
		max-width: 85%;
	}
}
#header {
	border-bottom: 1px solid #dbdbdb;
	font-size: 230%;
	text-align: left;
}
#footer {
	border-top: 1px solid #dbdbdb;
	clear: both;
	text-align: left;
}
.logo_bug {
	color: #cc0033;
}
#menu ul {
	list-style-type: none;
	margin: 0;
	padding: 0;
}
#menu li {
	float: left;
}
#menu li a {
	display: block;
	background-color: #dbdbdb;
	color: #000000;
	font-size: 105%;
	font-weight: bold;
	padding: 0px 6px 0px 6px;
	text-decoration: none;
}
#content {
	clear: both;
	text-align: left;
	padding-top: 10px;
}
#content h1 {
	font-size: 120%;
	font-weight: bold;
}
#content h2 {
	font-size: 110%;
	font-weight: bold;
}
#content a {
	text-decoration: none;
}
#content pre {
	background-color: #dbdbdb;
	padding: 5px 5px 5px 5px;
	white-space: pre-wrap;		/* css-3 */
	white-space: -moz-pre-wrap;	/* Mozilla, since 1999 */
	white-space: -pre-wrap;		/* Opera 4-6 */
	white-space: -o-pre-wrap;	/* Opera 7 */
	word-wrap: break-word;		/* Internet Explorer 5.5+ */
}
#content table {
	border-collapse: collapse;
}
#content table th {
	border: 1px solid #dbdbdb;
	font-size: 85%;
	white-space: nowrap;
}
#content table td {
	border: 1px solid #dbdbdb;
	font-size: 80%;
}
#content input {
	font-size: 1em;
}
#content .full	{ width: 100%; }
#content .left	{ text-align: left; }
#content .right	{ text-align: right; }
#content .center { text-align: center; }
#content .flexbox {
	display: -ms-flex;
	display: -webkit-flex;
	display: flex;
	width: 100%;
}
#content .left_col {
	min-width: 75px;
	max-width: 50%;
	flex-grow: 0;
}
#content .right_col {
	flex-grow: 1;
	margin-left: 10px;
	padding-top: 10px;
	padding-left: 10px;
}
#col {
	-moz-column-count: 3;
	-webkit-column-count: 3;
	column-count: 3;
}
</style>
</head>
<body>

<div id="header">
<strong><em>NYC*</em><span class="logo_bug">BUG</span> dmesgd</strong>
</div><!-- header -->

<div id="menu">
<ul>
<li><a href="https://dmesgd.nycbug.org/index.cgi?do=index">Home</a></li>
<li><a href="https://dmesgd.nycbug.org/index.cgi?do=submit">Submit</a></li>
<li><a href="https://www.nycbug.org/">NYC*BUG</a></li>
</ul>
</div><!-- menu -->

<div id="content">

<p>
Launched in 2004, dmesgd aims to provide a
<strong>user-submitted</strong> repository of searchable *BSD dmesgs.
The dmesg(8) command displays the system message buffer's content, and
during boot a copy is saved to <em>/var/run/dmesg.boot</em>.  This buffer
contains the operating system release, name and version, a list of
devices identified, plus a whole host of other useful information.  We
hope others find this resource useful and further contribute to its
growth. Contact us at [ admin at lists dot nycbug dot org ].
</p>

<hr />


<strong>Date:</strong> <em>2019-01-05 16:27:53</em><br />
<strong>From:</strong> <em>z</em><br />
<strong>Description:</strong> <em>Dell Optiplex 760</em><br />

<pre>
OpenBSD 6.4 (GENERIC.MP) #3: Thu Dec 20 19:19:32 CET 2018
    xxx@xxx.xxx:/usr/src/sys/arch/amd64/compile/GENERIC.MP
real mem = 7327444992 (6987MB)
avail mem = 7096094720 (6767MB)
mpath0 at root
scsibus0 at mpath0: 256 targets
mainbus0 at root
bios0 at mainbus0: SMBIOS rev. 2.5 @ 0xf0450 (82 entries)
bios0: vendor Dell Inc. version &quot;A16&quot; date 08/06/2013
bios0: Dell Inc. OptiPlex 760
acpi0 at bios0: rev 2
acpi0: TCPA checksum error
acpi0: sleep states S0 S1 S3 S4 S5
acpi0: tables DSDT FACP SSDT APIC BOOT ASF! MCFG HPET TCPA SLIC
acpi0: wakeup devices VBTN(S4) PCI0(S5) PCI4(S5) PCI3(S5) PCI1(S5) PCI5(S5) PCI6(S5) USB0(S3) USB1(S3) USB2(S3) USB3(S3) USB4(S3) USB5(S3)
acpitimer0 at acpi0: 3579545 Hz, 24 bits
acpimadt0 at acpi0 addr 0xfee00000: PC-AT compat
cpu0 at mainbus0: apid 0 (boot processor)
cpu0: Intel(R) Core(TM)2 Duo CPU E7400 @ 2.80GHz, 2793.42 MHz, 06-17-0a
cpu0: FPU,VME,DE,PSE,TSC,MSR,PAE,MCE,CX8,APIC,SEP,MTRR,PGE,MCA,CMOV,PAT,PSE36,CFLUSH,DS,ACPI,MMX,FXSR,SSE,SSE2,SS,HTT,TM,PBE,SSE3,DTES64,MWAIT,DS-CPL,EST,TM2,SSSE3,CX16,xTPR,PDCM,SSE4.1,XSAVE,NXE,LONG,LAHF,PERF,SENSOR,MELTDOWN
cpu0: 3MB 64b/line 8-way L2 cache
cpu0: smt 0, core 0, package 0
mtrr: Pentium Pro MTRR support, 7 var ranges, 88 fixed ranges
cpu0: apic clock running at 265MHz
cpu0: mwait min=64, max=64, C-substates=0.2.2.2.2, IBE
cpu1 at mainbus0: apid 1 (application processor)
cpu1: Intel(R) Core(TM)2 Duo CPU E7400 @ 2.80GHz, 2792.99 MHz, 06-17-0a
cpu1: FPU,VME,DE,PSE,TSC,MSR,PAE,MCE,CX8,APIC,SEP,MTRR,PGE,MCA,CMOV,PAT,PSE36,CFLUSH,DS,ACPI,MMX,FXSR,SSE,SSE2,SS,HTT,TM,PBE,SSE3,DTES64,MWAIT,DS-CPL,EST,TM2,SSSE3,CX16,xTPR,PDCM,SSE4.1,XSAVE,NXE,LONG,LAHF,PERF,SENSOR,MELTDOWN
cpu1: 3MB 64b/line 8-way L2 cache
cpu1: smt 0, core 1, package 0
ioapic0 at mainbus0: apid 8 pa 0xfec00000, version 20, 24 pins, remapped
acpimcfg0 at acpi0
acpimcfg0: addr 0xf8000000, bus 0-63
acpihpet0 at acpi0: 14318179 Hz
acpiprt0 at acpi0: bus 4 (PCI4)
acpiprt1 at acpi0: bus 2 (PCI2)
acpiprt2 at acpi0: bus 3 (PCI3)
acpiprt3 at acpi0: bus 1 (PCI1)
acpiprt4 at acpi0: bus -1 (PCI5)
acpiprt5 at acpi0: bus -1 (PCI6)
acpiprt6 at acpi0: bus 0 (PCI0)
acpicpu0 at acpi0: C1(1000@1 mwait.1)
acpicpu1 at acpi0: C1(1000@1 mwait.1)
acpibtn0 at acpi0: VBTN
acpicmos0 at acpi0
&quot;*pnp0c14&quot; at acpi0 not configured
cpu0: unknown Enhanced SpeedStep CPU, msr 0x06164a2506004a25
cpu0: using only highest and lowest power states
cpu0: Enhanced SpeedStep 2793 MHz: speeds: 19734, 1600 MHz
pci0 at mainbus0 bus 0
pchb0 at pci0 dev 0 function 0 &quot;Intel Q45 Host&quot; rev 0x03
ppb0 at pci0 dev 1 function 0 &quot;Intel Q45 PCIE&quot; rev 0x03: msi
pci1 at ppb0 bus 1
inteldrm0 at pci0 dev 2 function 0 &quot;Intel Q45 Video&quot; rev 0x03
drm0 at inteldrm0
intagp0 at inteldrm0
agp0 at intagp0: aperture at 0xe0000000, size 0x10000000
inteldrm0: msi
inteldrm0: 1920x1080, 32bpp
wsdisplay0 at inteldrm0 mux 1: console (std, vt100 emulation)
wsdisplay0: screen 1-5 added (std, vt100 emulation)
&quot;Intel Q45 Video&quot; rev 0x03 at pci0 dev 2 function 1 not configured
&quot;Intel Q45 HECI&quot; rev 0x03 at pci0 dev 3 function 0 not configured
pciide0 at pci0 dev 3 function 2 &quot;Intel Q45 PT IDER&quot; rev 0x03: DMA (unsupported), channel 0 wired to native-PCI, channel 1 wired to native-PCI
pciide0: using apic 8 int 18 for native-PCI interrupt
pciide0: channel 0 ignored (not responding; disabled or no drives?)
pciide0: channel 1 ignored (not responding; disabled or no drives?)
puc0 at pci0 dev 3 function 3 &quot;Intel Q45 KT&quot; rev 0x03: ports: 16 com
com4 at puc0 port 0 apic 8 int 17: ns16550a, 16 byte fifo
com4: probed fifo depth: 0 bytes
em0 at pci0 dev 25 function 0 &quot;Intel ICH10 D BM LM&quot; rev 0x02: msi, address xx:xx:xx:xx:xx:xx
uhci0 at pci0 dev 26 function 0 &quot;Intel 82801JD USB&quot; rev 0x02: apic 8 int 16
uhci1 at pci0 dev 26 function 1 &quot;Intel 82801JD USB&quot; rev 0x02: apic 8 int 17
uhci2 at pci0 dev 26 function 2 &quot;Intel 82801JD USB&quot; rev 0x02: apic 8 int 22
ehci0 at pci0 dev 26 function 7 &quot;Intel 82801JD USB&quot; rev 0x02: apic 8 int 22
usb0 at ehci0: USB revision 2.0
uhub0 at usb0 configuration 1 interface 0 &quot;Intel EHCI root hub&quot; rev 2.00/1.00 addr 1
azalia0 at pci0 dev 27 function 0 &quot;Intel 82801JD HD Audio&quot; rev 0x02: msi
azalia0: codecs: Analog Devices AD1984A
audio0 at azalia0
ppb1 at pci0 dev 28 function 0 &quot;Intel 82801JD PCIE&quot; rev 0x02: msi
pci2 at ppb1 bus 2
ppb2 at pci0 dev 28 function 1 &quot;Intel 82801JD PCIE&quot; rev 0x02: msi
pci3 at ppb2 bus 3
uhci3 at pci0 dev 29 function 0 &quot;Intel 82801JD USB&quot; rev 0x02: apic 8 int 23
uhci4 at pci0 dev 29 function 1 &quot;Intel 82801JD USB&quot; rev 0x02: apic 8 int 17
uhci5 at pci0 dev 29 function 2 &quot;Intel 82801JD USB&quot; rev 0x02: apic 8 int 18
ehci1 at pci0 dev 29 function 7 &quot;Intel 82801JD USB&quot; rev 0x02: apic 8 int 23
usb1 at ehci1: USB revision 2.0
uhub1 at usb1 configuration 1 interface 0 &quot;Intel EHCI root hub&quot; rev 2.00/1.00 addr 1
ppb3 at pci0 dev 30 function 0 &quot;Intel 82801BA Hub-to-PCI&quot; rev 0xa2
pci4 at ppb3 bus 4
pcib0 at pci0 dev 31 function 0 &quot;Intel 82801JD LPC&quot; rev 0x02
ahci0 at pci0 dev 31 function 2 &quot;Intel 82801JD AHCI&quot; rev 0x02: msi, AHCI 1.2
ahci0: port 0: 3.0Gb/s
ahci0: port 1: 3.0Gb/s
scsibus1 at ahci0: 32 targets
sd0 at scsibus1 targ 0 lun 0: &lt;ATA, KINGSTON SV300S3, 608A&gt; SCSI3 0/direct fixed naa.50026b776200df25
sd0: 114473MB, 512 bytes/sector, 234441648 sectors, thin
sd1 at scsibus1 targ 1 lun 0: &lt;ATA, Samsung SSD 860, RVT0&gt; SCSI3 0/direct fixed naa.5002538e4089c0e8
sd1: 238475MB, 512 bytes/sector, 488397168 sectors, thin
ichiic0 at pci0 dev 31 function 3 &quot;Intel 82801JD SMBus&quot; rev 0x02: apic 8 int 18
iic0 at ichiic0
spdmem0 at iic0 addr 0x50: 2GB DDR2 SDRAM non-parity PC2-6400CL6
spdmem1 at iic0 addr 0x51: 2GB DDR2 SDRAM non-parity PC2-5300CL5
spdmem2 at iic0 addr 0x52: 2GB DDR2 SDRAM non-parity PC2-6400CL6
spdmem3 at iic0 addr 0x53: 1GB DDR2 SDRAM non-parity PC2-6400CL6
usb2 at uhci0: USB revision 1.0
uhub2 at usb2 configuration 1 interface 0 &quot;Intel UHCI root hub&quot; rev 1.00/1.00 addr 1
usb3 at uhci1: USB revision 1.0
uhub3 at usb3 configuration 1 interface 0 &quot;Intel UHCI root hub&quot; rev 1.00/1.00 addr 1
usb4 at uhci2: USB revision 1.0
uhub4 at usb4 configuration 1 interface 0 &quot;Intel UHCI root hub&quot; rev 1.00/1.00 addr 1
usb5 at uhci3: USB revision 1.0
uhub5 at usb5 configuration 1 interface 0 &quot;Intel UHCI root hub&quot; rev 1.00/1.00 addr 1
usb6 at uhci4: USB revision 1.0
uhub6 at usb6 configuration 1 interface 0 &quot;Intel UHCI root hub&quot; rev 1.00/1.00 addr 1
usb7 at uhci5: USB revision 1.0
uhub7 at usb7 configuration 1 interface 0 &quot;Intel UHCI root hub&quot; rev 1.00/1.00 addr 1
isa0 at pcib0
isadma0 at isa0
com0 at isa0 port 0x3f8/8 irq 4: ns16550a, 16 byte fifo
pckbc0 at isa0 port 0x60/5 irq 1 irq 12
pckbd0 at pckbc0 (kbd slot)
wskbd0 at pckbd0: console keyboard, using wsdisplay0
pcppi0 at isa0 port 0x61
spkr0 at pcppi0
lpt0 at isa0 port 0x378/4 irq 7
uvideo0 at uhub0 port 3 configuration 1 interface 0 &quot;Microsoft Microsoft\M-. LifeCam HD-3000&quot; rev 2.00/1.08 addr 2
video0 at uvideo0
uaudio0 at uhub0 port 3 configuration 1 interface 2 &quot;Microsoft Microsoft\M-. LifeCam HD-3000&quot; rev 2.00/1.08 addr 2
uaudio0: audio rev 1.00, 2 mixer controls
audio1 at uaudio0
uhidev0 at uhub7 port 1 configuration 1 interface 0 &quot;Logitech USB Receiver&quot; rev 2.00/30.00 addr 2
uhidev0: iclass 3/1
ums0 at uhidev0: 16 buttons, Z and W dir
wsmouse0 at ums0 mux 0
uhidev1 at uhub7 port 1 configuration 1 interface 1 &quot;Logitech USB Receiver&quot; rev 2.00/30.00 addr 2
uhidev1: iclass 3/0, 17 report ids
uhid0 at uhidev1 reportid 3: input=4, output=0, feature=0
uhid1 at uhidev1 reportid 16: input=6, output=6, feature=0
uhid2 at uhidev1 reportid 17: input=19, output=19, feature=0
uhidev2 at uhub7 port 2 configuration 1 interface 0 &quot;DaKai 2.4G RX&quot; rev 1.10/3.11 addr 3
uhidev2: iclass 3/1
ukbd0 at uhidev2: 8 variable keys, 6 key codes
wskbd1 at ukbd0 mux 1
wskbd1: connecting to wsdisplay0
uhidev3 at uhub7 port 2 configuration 1 interface 1 &quot;DaKai 2.4G RX&quot; rev 1.10/3.11 addr 3
uhidev3: iclass 3/1, 4 report ids
ums1 at uhidev3 reportid 1: 5 buttons, Z and W dir
wsmouse1 at ums1 mux 0
uhid3 at uhidev3 reportid 2: input=2, output=0, feature=0
uhid4 at uhidev3 reportid 3: input=1, output=0, feature=0
uhid5 at uhidev3 reportid 4: input=7, output=7, feature=0
vscsi0 at root
scsibus2 at vscsi0: 256 targets
softraid0 at root
scsibus3 at softraid0: 256 targets
root on sd0a (44f973f6e75f959b.a) swap on sd0b dump on sd0b

</pre>



</div><!-- content -->
<br />
<div id="footer">
All comments/news/posts are the property of their individual owner and
is presented without warranty of suitability, and solely as an
informational resource. <br />
This site Copyright &copy; 2004-2020 NYC*BUG.
</div><!-- footer -->

</body>
</html>

