



<!doctype html>
<html lang="en">
<head>
<meta name="keywords"
	content="bsd, freebsd, openbsd, netbsd, dragonflybsd, nycbug, dmesgd" />
<meta name="description" content="New York City BSD User Group dmesgd" />
<meta charset="utf-8" />
<meta name="viewport" content="width=device-width, initial-scale=1" />
<title>NYC*BUG dmesgd</title>
<style>
body {
	text-align: left;
	margin: 15px auto;
	padding: 0px 10px;
}
@media (min-width: 800px) {
	body {
		max-width: 85%;
	}
}
#header {
	border-bottom: 1px solid #dbdbdb;
	font-size: 230%;
	text-align: left;
}
#footer {
	border-top: 1px solid #dbdbdb;
	clear: both;
	text-align: left;
}
.logo_bug {
	color: #cc0033;
}
#menu ul {
	list-style-type: none;
	margin: 0;
	padding: 0;
}
#menu li {
	float: left;
}
#menu li a {
	display: block;
	background-color: #dbdbdb;
	color: #000000;
	font-size: 105%;
	font-weight: bold;
	padding: 0px 6px 0px 6px;
	text-decoration: none;
}
#content {
	clear: both;
	text-align: left;
	padding-top: 10px;
}
#content h1 {
	font-size: 120%;
	font-weight: bold;
}
#content h2 {
	font-size: 110%;
	font-weight: bold;
}
#content a {
	text-decoration: none;
}
#content pre {
	background-color: #dbdbdb;
	padding: 5px 5px 5px 5px;
	white-space: pre-wrap;		/* css-3 */
	white-space: -moz-pre-wrap;	/* Mozilla, since 1999 */
	white-space: -pre-wrap;		/* Opera 4-6 */
	white-space: -o-pre-wrap;	/* Opera 7 */
	word-wrap: break-word;		/* Internet Explorer 5.5+ */
}
#content table {
	border-collapse: collapse;
}
#content table th {
	border: 1px solid #dbdbdb;
	font-size: 85%;
	white-space: nowrap;
}
#content table td {
	border: 1px solid #dbdbdb;
	font-size: 80%;
}
#content input {
	font-size: 1em;
}
#content .full	{ width: 100%; }
#content .left	{ text-align: left; }
#content .right	{ text-align: right; }
#content .center { text-align: center; }
#content .flexbox {
	display: -ms-flex;
	display: -webkit-flex;
	display: flex;
	width: 100%;
}
#content .left_col {
	min-width: 75px;
	max-width: 50%;
	flex-grow: 0;
}
#content .right_col {
	flex-grow: 1;
	margin-left: 10px;
	padding-top: 10px;
	padding-left: 10px;
}
#col {
	-moz-column-count: 3;
	-webkit-column-count: 3;
	column-count: 3;
}
</style>
</head>
<body>

<div id="header">
<strong><em>NYC*</em><span class="logo_bug">BUG</span> dmesgd</strong>
</div><!-- header -->

<div id="menu">
<ul>
<li><a href="https://dmesgd.nycbug.org/index.cgi?do=index">Home</a></li>
<li><a href="https://dmesgd.nycbug.org/index.cgi?do=submit">Submit</a></li>
<li><a href="https://www.nycbug.org/">NYC*BUG</a></li>
</ul>
</div><!-- menu -->

<div id="content">

<p>
Launched in 2004, dmesgd aims to provide a
<strong>user-submitted</strong> repository of searchable *BSD dmesgs.
The dmesg(8) command displays the system message buffer's content, and
during boot a copy is saved to <em>/var/run/dmesg.boot</em>.  This buffer
contains the operating system release, name and version, a list of
devices identified, plus a whole host of other useful information.  We
hope others find this resource useful and further contribute to its
growth. Contact us at [ admin at lists dot nycbug dot org ].
</p>

<hr />


<strong>Date:</strong> <em>2019-01-12 00:21:33</em><br />
<strong>From:</strong> <em>hrvoje</em><br />
<strong>Description:</strong> <em>Dell PowerEdge R6415</em><br />

<pre>
OpenBSD 6.4-current (GENERIC.MP) #602: Fri Jan 11 13:00:39 MST 2019
    xxx@xxx.xxx:/usr/src/sys/arch/amd64/compile/GENERIC.MP
real mem = 547256332288 (521904MB)
avail mem = 530661203968 (506077MB)
mpath0 at root
scsibus0 at mpath0: 256 targets
mainbus0 at root
bios0 at mainbus0: SMBIOS rev. 3.0 @ 0x6eab3000 (67 entries)
bios0: vendor Dell Inc. version &quot;1.6.7&quot; date 10/29/2018
bios0: Dell Inc. PowerEdge R6415
acpi0 at bios0: rev 2
acpi0: sleep states S0 S5
acpi0: tables DSDT FACP SSDT BERT HEST SSDT SRAT MSCT SLIT CRAT CDIT EINJ SLIC HPET APIC MCFG SSDT IVRS SSDT
acpi0: wakeup devices PC00(S5) PC01(S5) PC02(S5) PC03(S5)
acpitimer0 at acpi0: 3579545 Hz, 32 bits
acpihpet0 at acpi0: 14318180 Hz
acpimadt0 at acpi0 addr 0xfee00000: PC-AT compat
cpu0 at mainbus0: apid 0 (boot processor)
cpu0: AMD EPYC 7551P 32-Core Processor, 1996.64 MHz, 17-01-02
cpu0: FPU,VME,DE,PSE,TSC,MSR,PAE,MCE,CX8,APIC,SEP,MTRR,PGE,MCA,CMOV,PAT,PSE36,CFLUSH,MMX,FXSR,SSE,SSE2,HTT,SSE3,PCLMUL,MWAIT,SSSE3,FMA3,CX16,SSE4.1,SSE4.2,MOVBE,POPCNT,AES,XSAVE,AVX,F16C,RDRAND,NXE,MMXX,FFXSR,PAGE1GB,RDTSCP,LONG,LAHF,CMPLEG,SVM,EAPICSP,AMCR8,ABM,SSE4A,MASSE,3DNOWP,OSVW,SKINIT,TCE,TOPEXT,CPCTR,DBKP,PCTRL3,MWAITX,ITSC,FSGSBASE,BMI1,AVX2,SMEP,BMI2,RDSEED,ADX,SMAP,CLFLUSHOPT,SHA,IBPB,XSAVEOPT,XSAVEC,XGETBV1,XSAVES
cpu0: 64KB 64b/line 4-way I-cache, 32KB 64b/line 8-way D-cache, 512KB 64b/line 8-way L2 cache, 64MB 64b/line 64-way L3 cache
cpu0: ITLB 64 4KB entries fully associative, 64 4MB entries fully associative
cpu0: DTLB 64 4KB entries fully associative, 64 4MB entries fully associative
cpu0: smt 0, core 0, package 0
mtrr: Pentium Pro MTRR support, 8 var ranges, 88 fixed ranges
cpu0: apic clock running at 99MHz
cpu0: mwait min=64, max=64, C-substates=1.1, IBE
cpu1 at mainbus0: apid 16 (application processor)
cpu1: AMD EPYC 7551P 32-Core Processor, 1996.25 MHz, 17-01-02
cpu1: FPU,VME,DE,PSE,TSC,MSR,PAE,MCE,CX8,APIC,SEP,MTRR,PGE,MCA,CMOV,PAT,PSE36,CFLUSH,MMX,FXSR,SSE,SSE2,HTT,SSE3,PCLMUL,MWAIT,SSSE3,FMA3,CX16,SSE4.1,SSE4.2,MOVBE,POPCNT,AES,XSAVE,AVX,F16C,RDRAND,NXE,MMXX,FFXSR,PAGE1GB,RDTSCP,LONG,LAHF,CMPLEG,SVM,EAPICSP,AMCR8,ABM,SSE4A,MASSE,3DNOWP,OSVW,SKINIT,TCE,TOPEXT,CPCTR,DBKP,PCTRL3,MWAITX,ITSC,FSGSBASE,BMI1,AVX2,SMEP,BMI2,RDSEED,ADX,SMAP,CLFLUSHOPT,SHA,IBPB,XSAVEOPT,XSAVEC,XGETBV1,XSAVES
cpu1: 64KB 64b/line 4-way I-cache, 32KB 64b/line 8-way D-cache, 512KB 64b/line 8-way L2 cache, 64MB 64b/line 64-way L3 cache
cpu1: ITLB 64 4KB entries fully associative, 64 4MB entries fully associative
cpu1: DTLB 64 4KB entries fully associative, 64 4MB entries fully associative
cpu1: smt 0, core 8, package 1
cpu2 at mainbus0: apid 32 (application processor)
cpu2: AMD EPYC 7551P 32-Core Processor, 1996.25 MHz, 17-01-02
cpu2: FPU,VME,DE,PSE,TSC,MSR,PAE,MCE,CX8,APIC,SEP,MTRR,PGE,MCA,CMOV,PAT,PSE36,CFLUSH,MMX,FXSR,SSE,SSE2,HTT,SSE3,PCLMUL,MWAIT,SSSE3,FMA3,CX16,SSE4.1,SSE4.2,MOVBE,POPCNT,AES,XSAVE,AVX,F16C,RDRAND,NXE,MMXX,FFXSR,PAGE1GB,RDTSCP,LONG,LAHF,CMPLEG,SVM,EAPICSP,AMCR8,ABM,SSE4A,MASSE,3DNOWP,OSVW,SKINIT,TCE,TOPEXT,CPCTR,DBKP,PCTRL3,MWAITX,ITSC,FSGSBASE,BMI1,AVX2,SMEP,BMI2,RDSEED,ADX,SMAP,CLFLUSHOPT,SHA,IBPB,XSAVEOPT,XSAVEC,XGETBV1,XSAVES
cpu2: 64KB 64b/line 4-way I-cache, 32KB 64b/line 8-way D-cache, 512KB 64b/line 8-way L2 cache, 64MB 64b/line 64-way L3 cache
cpu2: ITLB 64 4KB entries fully associative, 64 4MB entries fully associative
cpu2: DTLB 64 4KB entries fully associative, 64 4MB entries fully associative
cpu2: smt 0, core 16, package 2
cpu3 at mainbus0: apid 48 (application processor)
cpu3: AMD EPYC 7551P 32-Core Processor, 1996.25 MHz, 17-01-02
cpu3: FPU,VME,DE,PSE,TSC,MSR,PAE,MCE,CX8,APIC,SEP,MTRR,PGE,MCA,CMOV,PAT,PSE36,CFLUSH,MMX,FXSR,SSE,SSE2,HTT,SSE3,PCLMUL,MWAIT,SSSE3,FMA3,CX16,SSE4.1,SSE4.2,MOVBE,POPCNT,AES,XSAVE,AVX,F16C,RDRAND,NXE,MMXX,FFXSR,PAGE1GB,RDTSCP,LONG,LAHF,CMPLEG,SVM,EAPICSP,AMCR8,ABM,SSE4A,MASSE,3DNOWP,OSVW,SKINIT,TCE,TOPEXT,CPCTR,DBKP,PCTRL3,MWAITX,ITSC,FSGSBASE,BMI1,AVX2,SMEP,BMI2,RDSEED,ADX,SMAP,CLFLUSHOPT,SHA,IBPB,XSAVEOPT,XSAVEC,XGETBV1,XSAVES
cpu3: 64KB 64b/line 4-way I-cache, 32KB 64b/line 8-way D-cache, 512KB 64b/line 8-way L2 cache, 64MB 64b/line 64-way L3 cache
cpu3: ITLB 64 4KB entries fully associative, 64 4MB entries fully associative
cpu3: DTLB 64 4KB entries fully associative, 64 4MB entries fully associative
cpu3: smt 0, core 24, package 3
cpu4 at mainbus0: apid 8 (application processor)
cpu4: AMD EPYC 7551P 32-Core Processor, 1996.26 MHz, 17-01-02
cpu4: FPU,VME,DE,PSE,TSC,MSR,PAE,MCE,CX8,APIC,SEP,MTRR,PGE,MCA,CMOV,PAT,PSE36,CFLUSH,MMX,FXSR,SSE,SSE2,HTT,SSE3,PCLMUL,MWAIT,SSSE3,FMA3,CX16,SSE4.1,SSE4.2,MOVBE,POPCNT,AES,XSAVE,AVX,F16C,RDRAND,NXE,MMXX,FFXSR,PAGE1GB,RDTSCP,LONG,LAHF,CMPLEG,SVM,EAPICSP,AMCR8,ABM,SSE4A,MASSE,3DNOWP,OSVW,SKINIT,TCE,TOPEXT,CPCTR,DBKP,PCTRL3,MWAITX,ITSC,FSGSBASE,BMI1,AVX2,SMEP,BMI2,RDSEED,ADX,SMAP,CLFLUSHOPT,SHA,IBPB,XSAVEOPT,XSAVEC,XGETBV1,XSAVES
cpu4: 64KB 64b/line 4-way I-cache, 32KB 64b/line 8-way D-cache, 512KB 64b/line 8-way L2 cache, 64MB 64b/line 64-way L3 cache
cpu4: ITLB 64 4KB entries fully associative, 64 4MB entries fully associative
cpu4: DTLB 64 4KB entries fully associative, 64 4MB entries fully associative
cpu4: smt 0, core 4, package 0
cpu5 at mainbus0: apid 24 (application processor)
cpu5: AMD EPYC 7551P 32-Core Processor, 1996.25 MHz, 17-01-02
cpu5: FPU,VME,DE,PSE,TSC,MSR,PAE,MCE,CX8,APIC,SEP,MTRR,PGE,MCA,CMOV,PAT,PSE36,CFLUSH,MMX,FXSR,SSE,SSE2,HTT,SSE3,PCLMUL,MWAIT,SSSE3,FMA3,CX16,SSE4.1,SSE4.2,MOVBE,POPCNT,AES,XSAVE,AVX,F16C,RDRAND,NXE,MMXX,FFXSR,PAGE1GB,RDTSCP,LONG,LAHF,CMPLEG,SVM,EAPICSP,AMCR8,ABM,SSE4A,MASSE,3DNOWP,OSVW,SKINIT,TCE,TOPEXT,CPCTR,DBKP,PCTRL3,MWAITX,ITSC,FSGSBASE,BMI1,AVX2,SMEP,BMI2,RDSEED,ADX,SMAP,CLFLUSHOPT,SHA,IBPB,XSAVEOPT,XSAVEC,XGETBV1,XSAVES
cpu5: 64KB 64b/line 4-way I-cache, 32KB 64b/line 8-way D-cache, 512KB 64b/line 8-way L2 cache, 64MB 64b/line 64-way L3 cache
cpu5: ITLB 64 4KB entries fully associative, 64 4MB entries fully associative
cpu5: DTLB 64 4KB entries fully associative, 64 4MB entries fully associative
cpu5: smt 0, core 12, package 1
cpu6 at mainbus0: apid 40 (application processor)
cpu6: AMD EPYC 7551P 32-Core Processor, 1996.25 MHz, 17-01-02
cpu6: FPU,VME,DE,PSE,TSC,MSR,PAE,MCE,CX8,APIC,SEP,MTRR,PGE,MCA,CMOV,PAT,PSE36,CFLUSH,MMX,FXSR,SSE,SSE2,HTT,SSE3,PCLMUL,MWAIT,SSSE3,FMA3,CX16,SSE4.1,SSE4.2,MOVBE,POPCNT,AES,XSAVE,AVX,F16C,RDRAND,NXE,MMXX,FFXSR,PAGE1GB,RDTSCP,LONG,LAHF,CMPLEG,SVM,EAPICSP,AMCR8,ABM,SSE4A,MASSE,3DNOWP,OSVW,SKINIT,TCE,TOPEXT,CPCTR,DBKP,PCTRL3,MWAITX,ITSC,FSGSBASE,BMI1,AVX2,SMEP,BMI2,RDSEED,ADX,SMAP,CLFLUSHOPT,SHA,IBPB,XSAVEOPT,XSAVEC,XGETBV1,XSAVES
cpu6: 64KB 64b/line 4-way I-cache, 32KB 64b/line 8-way D-cache, 512KB 64b/line 8-way L2 cache, 64MB 64b/line 64-way L3 cache
cpu6: ITLB 64 4KB entries fully associative, 64 4MB entries fully associative
cpu6: DTLB 64 4KB entries fully associative, 64 4MB entries fully associative
cpu6: smt 0, core 20, package 2
cpu7 at mainbus0: apid 56 (application processor)
cpu7: AMD EPYC 7551P 32-Core Processor, 1996.25 MHz, 17-01-02
cpu7: FPU,VME,DE,PSE,TSC,MSR,PAE,MCE,CX8,APIC,SEP,MTRR,PGE,MCA,CMOV,PAT,PSE36,CFLUSH,MMX,FXSR,SSE,SSE2,HTT,SSE3,PCLMUL,MWAIT,SSSE3,FMA3,CX16,SSE4.1,SSE4.2,MOVBE,POPCNT,AES,XSAVE,AVX,F16C,RDRAND,NXE,MMXX,FFXSR,PAGE1GB,RDTSCP,LONG,LAHF,CMPLEG,SVM,EAPICSP,AMCR8,ABM,SSE4A,MASSE,3DNOWP,OSVW,SKINIT,TCE,TOPEXT,CPCTR,DBKP,PCTRL3,MWAITX,ITSC,FSGSBASE,BMI1,AVX2,SMEP,BMI2,RDSEED,ADX,SMAP,CLFLUSHOPT,SHA,IBPB,XSAVEOPT,XSAVEC,XGETBV1,XSAVES
cpu7: 64KB 64b/line 4-way I-cache, 32KB 64b/line 8-way D-cache, 512KB 64b/line 8-way L2 cache, 64MB 64b/line 64-way L3 cache
cpu7: ITLB 64 4KB entries fully associative, 64 4MB entries fully associative
cpu7: DTLB 64 4KB entries fully associative, 64 4MB entries fully associative
cpu7: smt 0, core 28, package 3
cpu8 at mainbus0: apid 2 (application processor)
cpu8: AMD EPYC 7551P 32-Core Processor, 1996.25 MHz, 17-01-02
cpu8: FPU,VME,DE,PSE,TSC,MSR,PAE,MCE,CX8,APIC,SEP,MTRR,PGE,MCA,CMOV,PAT,PSE36,CFLUSH,MMX,FXSR,SSE,SSE2,HTT,SSE3,PCLMUL,MWAIT,SSSE3,FMA3,CX16,SSE4.1,SSE4.2,MOVBE,POPCNT,AES,XSAVE,AVX,F16C,RDRAND,NXE,MMXX,FFXSR,PAGE1GB,RDTSCP,LONG,LAHF,CMPLEG,SVM,EAPICSP,AMCR8,ABM,SSE4A,MASSE,3DNOWP,OSVW,SKINIT,TCE,TOPEXT,CPCTR,DBKP,PCTRL3,MWAITX,ITSC,FSGSBASE,BMI1,AVX2,SMEP,BMI2,RDSEED,ADX,SMAP,CLFLUSHOPT,SHA,IBPB,XSAVEOPT,XSAVEC,XGETBV1,XSAVES
cpu8: 64KB 64b/line 4-way I-cache, 32KB 64b/line 8-way D-cache, 512KB 64b/line 8-way L2 cache, 64MB 64b/line 64-way L3 cache
cpu8: ITLB 64 4KB entries fully associative, 64 4MB entries fully associative
cpu8: DTLB 64 4KB entries fully associative, 64 4MB entries fully associative
cpu8: smt 0, core 1, package 0
cpu9 at mainbus0: apid 18 (application processor)
cpu9: AMD EPYC 7551P 32-Core Processor, 1996.25 MHz, 17-01-02
cpu9: FPU,VME,DE,PSE,TSC,MSR,PAE,MCE,CX8,APIC,SEP,MTRR,PGE,MCA,CMOV,PAT,PSE36,CFLUSH,MMX,FXSR,SSE,SSE2,HTT,SSE3,PCLMUL,MWAIT,SSSE3,FMA3,CX16,SSE4.1,SSE4.2,MOVBE,POPCNT,AES,XSAVE,AVX,F16C,RDRAND,NXE,MMXX,FFXSR,PAGE1GB,RDTSCP,LONG,LAHF,CMPLEG,SVM,EAPICSP,AMCR8,ABM,SSE4A,MASSE,3DNOWP,OSVW,SKINIT,TCE,TOPEXT,CPCTR,DBKP,PCTRL3,MWAITX,ITSC,FSGSBASE,BMI1,AVX2,SMEP,BMI2,RDSEED,ADX,SMAP,CLFLUSHOPT,SHA,IBPB,XSAVEOPT,XSAVEC,XGETBV1,XSAVES
cpu9: 64KB 64b/line 4-way I-cache, 32KB 64b/line 8-way D-cache, 512KB 64b/line 8-way L2 cache, 64MB 64b/line 64-way L3 cache
cpu9: ITLB 64 4KB entries fully associative, 64 4MB entries fully associative
cpu9: DTLB 64 4KB entries fully associative, 64 4MB entries fully associative
cpu9: smt 0, core 9, package 1
cpu10 at mainbus0: apid 34 (application processor)
cpu10: AMD EPYC 7551P 32-Core Processor, 1996.25 MHz, 17-01-02
cpu10: FPU,VME,DE,PSE,TSC,MSR,PAE,MCE,CX8,APIC,SEP,MTRR,PGE,MCA,CMOV,PAT,PSE36,CFLUSH,MMX,FXSR,SSE,SSE2,HTT,SSE3,PCLMUL,MWAIT,SSSE3,FMA3,CX16,SSE4.1,SSE4.2,MOVBE,POPCNT,AES,XSAVE,AVX,F16C,RDRAND,NXE,MMXX,FFXSR,PAGE1GB,RDTSCP,LONG,LAHF,CMPLEG,SVM,EAPICSP,AMCR8,ABM,SSE4A,MASSE,3DNOWP,OSVW,SKINIT,TCE,TOPEXT,CPCTR,DBKP,PCTRL3,MWAITX,ITSC,FSGSBASE,BMI1,AVX2,SMEP,BMI2,RDSEED,ADX,SMAP,CLFLUSHOPT,SHA,IBPB,XSAVEOPT,XSAVEC,XGETBV1,XSAVES
cpu10: 64KB 64b/line 4-way I-cache, 32KB 64b/line 8-way D-cache, 512KB 64b/line 8-way L2 cache, 64MB 64b/line 64-way L3 cache
cpu10: ITLB 64 4KB entries fully associative, 64 4MB entries fully associative
cpu10: DTLB 64 4KB entries fully associative, 64 4MB entries fully associative
cpu10: smt 0, core 17, package 2
cpu11 at mainbus0: apid 50 (application processor)
cpu11: AMD EPYC 7551P 32-Core Processor, 1996.25 MHz, 17-01-02
cpu11: FPU,VME,DE,PSE,TSC,MSR,PAE,MCE,CX8,APIC,SEP,MTRR,PGE,MCA,CMOV,PAT,PSE36,CFLUSH,MMX,FXSR,SSE,SSE2,HTT,SSE3,PCLMUL,MWAIT,SSSE3,FMA3,CX16,SSE4.1,SSE4.2,MOVBE,POPCNT,AES,XSAVE,AVX,F16C,RDRAND,NXE,MMXX,FFXSR,PAGE1GB,RDTSCP,LONG,LAHF,CMPLEG,SVM,EAPICSP,AMCR8,ABM,SSE4A,MASSE,3DNOWP,OSVW,SKINIT,TCE,TOPEXT,CPCTR,DBKP,PCTRL3,MWAITX,ITSC,FSGSBASE,BMI1,AVX2,SMEP,BMI2,RDSEED,ADX,SMAP,CLFLUSHOPT,SHA,IBPB,XSAVEOPT,XSAVEC,XGETBV1,XSAVES
cpu11: 64KB 64b/line 4-way I-cache, 32KB 64b/line 8-way D-cache, 512KB 64b/line 8-way L2 cache, 64MB 64b/line 64-way L3 cache
cpu11: ITLB 64 4KB entries fully associative, 64 4MB entries fully associative
cpu11: DTLB 64 4KB entries fully associative, 64 4MB entries fully associative
cpu11: smt 0, core 25, package 3
cpu12 at mainbus0: apid 10 (application processor)
cpu12: AMD EPYC 7551P 32-Core Processor, 1996.25 MHz, 17-01-02
cpu12: FPU,VME,DE,PSE,TSC,MSR,PAE,MCE,CX8,APIC,SEP,MTRR,PGE,MCA,CMOV,PAT,PSE36,CFLUSH,MMX,FXSR,SSE,SSE2,HTT,SSE3,PCLMUL,MWAIT,SSSE3,FMA3,CX16,SSE4.1,SSE4.2,MOVBE,POPCNT,AES,XSAVE,AVX,F16C,RDRAND,NXE,MMXX,FFXSR,PAGE1GB,RDTSCP,LONG,LAHF,CMPLEG,SVM,EAPICSP,AMCR8,ABM,SSE4A,MASSE,3DNOWP,OSVW,SKINIT,TCE,TOPEXT,CPCTR,DBKP,PCTRL3,MWAITX,ITSC,FSGSBASE,BMI1,AVX2,SMEP,BMI2,RDSEED,ADX,SMAP,CLFLUSHOPT,SHA,IBPB,XSAVEOPT,XSAVEC,XGETBV1,XSAVES
cpu12: 64KB 64b/line 4-way I-cache, 32KB 64b/line 8-way D-cache, 512KB 64b/line 8-way L2 cache, 64MB 64b/line 64-way L3 cache
cpu12: ITLB 64 4KB entries fully associative, 64 4MB entries fully associative
cpu12: DTLB 64 4KB entries fully associative, 64 4MB entries fully associative
cpu12: smt 0, core 5, package 0
cpu13 at mainbus0: apid 26 (application processor)
cpu13: AMD EPYC 7551P 32-Core Processor, 1996.25 MHz, 17-01-02
cpu13: FPU,VME,DE,PSE,TSC,MSR,PAE,MCE,CX8,APIC,SEP,MTRR,PGE,MCA,CMOV,PAT,PSE36,CFLUSH,MMX,FXSR,SSE,SSE2,HTT,SSE3,PCLMUL,MWAIT,SSSE3,FMA3,CX16,SSE4.1,SSE4.2,MOVBE,POPCNT,AES,XSAVE,AVX,F16C,RDRAND,NXE,MMXX,FFXSR,PAGE1GB,RDTSCP,LONG,LAHF,CMPLEG,SVM,EAPICSP,AMCR8,ABM,SSE4A,MASSE,3DNOWP,OSVW,SKINIT,TCE,TOPEXT,CPCTR,DBKP,PCTRL3,MWAITX,ITSC,FSGSBASE,BMI1,AVX2,SMEP,BMI2,RDSEED,ADX,SMAP,CLFLUSHOPT,SHA,IBPB,XSAVEOPT,XSAVEC,XGETBV1,XSAVES
cpu13: 64KB 64b/line 4-way I-cache, 32KB 64b/line 8-way D-cache, 512KB 64b/line 8-way L2 cache, 64MB 64b/line 64-way L3 cache
cpu13: ITLB 64 4KB entries fully associative, 64 4MB entries fully associative
cpu13: DTLB 64 4KB entries fully associative, 64 4MB entries fully associative
cpu13: smt 0, core 13, package 1
cpu14 at mainbus0: apid 42 (application processor)
cpu14: AMD EPYC 7551P 32-Core Processor, 1996.25 MHz, 17-01-02
cpu14: FPU,VME,DE,PSE,TSC,MSR,PAE,MCE,CX8,APIC,SEP,MTRR,PGE,MCA,CMOV,PAT,PSE36,CFLUSH,MMX,FXSR,SSE,SSE2,HTT,SSE3,PCLMUL,MWAIT,SSSE3,FMA3,CX16,SSE4.1,SSE4.2,MOVBE,POPCNT,AES,XSAVE,AVX,F16C,RDRAND,NXE,MMXX,FFXSR,PAGE1GB,RDTSCP,LONG,LAHF,CMPLEG,SVM,EAPICSP,AMCR8,ABM,SSE4A,MASSE,3DNOWP,OSVW,SKINIT,TCE,TOPEXT,CPCTR,DBKP,PCTRL3,MWAITX,ITSC,FSGSBASE,BMI1,AVX2,SMEP,BMI2,RDSEED,ADX,SMAP,CLFLUSHOPT,SHA,IBPB,XSAVEOPT,XSAVEC,XGETBV1,XSAVES
cpu14: 64KB 64b/line 4-way I-cache, 32KB 64b/line 8-way D-cache, 512KB 64b/line 8-way L2 cache, 64MB 64b/line 64-way L3 cache
cpu14: ITLB 64 4KB entries fully associative, 64 4MB entries fully associative
cpu14: DTLB 64 4KB entries fully associative, 64 4MB entries fully associative
cpu14: smt 0, core 21, package 2
cpu15 at mainbus0: apid 58 (application processor)
cpu15: AMD EPYC 7551P 32-Core Processor, 1996.25 MHz, 17-01-02
cpu15: FPU,VME,DE,PSE,TSC,MSR,PAE,MCE,CX8,APIC,SEP,MTRR,PGE,MCA,CMOV,PAT,PSE36,CFLUSH,MMX,FXSR,SSE,SSE2,HTT,SSE3,PCLMUL,MWAIT,SSSE3,FMA3,CX16,SSE4.1,SSE4.2,MOVBE,POPCNT,AES,XSAVE,AVX,F16C,RDRAND,NXE,MMXX,FFXSR,PAGE1GB,RDTSCP,LONG,LAHF,CMPLEG,SVM,EAPICSP,AMCR8,ABM,SSE4A,MASSE,3DNOWP,OSVW,SKINIT,TCE,TOPEXT,CPCTR,DBKP,PCTRL3,MWAITX,ITSC,FSGSBASE,BMI1,AVX2,SMEP,BMI2,RDSEED,ADX,SMAP,CLFLUSHOPT,SHA,IBPB,XSAVEOPT,XSAVEC,XGETBV1,XSAVES
cpu15: 64KB 64b/line 4-way I-cache, 32KB 64b/line 8-way D-cache, 512KB 64b/line 8-way L2 cache, 64MB 64b/line 64-way L3 cache
cpu15: ITLB 64 4KB entries fully associative, 64 4MB entries fully associative
cpu15: DTLB 64 4KB entries fully associative, 64 4MB entries fully associative
cpu15: smt 0, core 29, package 3
cpu16 at mainbus0: apid 4 (application processor)
cpu16: AMD EPYC 7551P 32-Core Processor, 1996.25 MHz, 17-01-02
cpu16: FPU,VME,DE,PSE,TSC,MSR,PAE,MCE,CX8,APIC,SEP,MTRR,PGE,MCA,CMOV,PAT,PSE36,CFLUSH,MMX,FXSR,SSE,SSE2,HTT,SSE3,PCLMUL,MWAIT,SSSE3,FMA3,CX16,SSE4.1,SSE4.2,MOVBE,POPCNT,AES,XSAVE,AVX,F16C,RDRAND,NXE,MMXX,FFXSR,PAGE1GB,RDTSCP,LONG,LAHF,CMPLEG,SVM,EAPICSP,AMCR8,ABM,SSE4A,MASSE,3DNOWP,OSVW,SKINIT,TCE,TOPEXT,CPCTR,DBKP,PCTRL3,MWAITX,ITSC,FSGSBASE,BMI1,AVX2,SMEP,BMI2,RDSEED,ADX,SMAP,CLFLUSHOPT,SHA,IBPB,XSAVEOPT,XSAVEC,XGETBV1,XSAVES
cpu16: 64KB 64b/line 4-way I-cache, 32KB 64b/line 8-way D-cache, 512KB 64b/line 8-way L2 cache, 64MB 64b/line 64-way L3 cache
cpu16: ITLB 64 4KB entries fully associative, 64 4MB entries fully associative
cpu16: DTLB 64 4KB entries fully associative, 64 4MB entries fully associative
cpu16: smt 0, core 2, package 0
cpu17 at mainbus0: apid 20 (application processor)
cpu17: AMD EPYC 7551P 32-Core Processor, 1996.25 MHz, 17-01-02
cpu17: FPU,VME,DE,PSE,TSC,MSR,PAE,MCE,CX8,APIC,SEP,MTRR,PGE,MCA,CMOV,PAT,PSE36,CFLUSH,MMX,FXSR,SSE,SSE2,HTT,SSE3,PCLMUL,MWAIT,SSSE3,FMA3,CX16,SSE4.1,SSE4.2,MOVBE,POPCNT,AES,XSAVE,AVX,F16C,RDRAND,NXE,MMXX,FFXSR,PAGE1GB,RDTSCP,LONG,LAHF,CMPLEG,SVM,EAPICSP,AMCR8,ABM,SSE4A,MASSE,3DNOWP,OSVW,SKINIT,TCE,TOPEXT,CPCTR,DBKP,PCTRL3,MWAITX,ITSC,FSGSBASE,BMI1,AVX2,SMEP,BMI2,RDSEED,ADX,SMAP,CLFLUSHOPT,SHA,IBPB,XSAVEOPT,XSAVEC,XGETBV1,XSAVES
cpu17: 64KB 64b/line 4-way I-cache, 32KB 64b/line 8-way D-cache, 512KB 64b/line 8-way L2 cache, 64MB 64b/line 64-way L3 cache
cpu17: ITLB 64 4KB entries fully associative, 64 4MB entries fully associative
cpu17: DTLB 64 4KB entries fully associative, 64 4MB entries fully associative
cpu17: smt 0, core 10, package 1
cpu18 at mainbus0: apid 36 (application processor)
cpu18: AMD EPYC 7551P 32-Core Processor, 1996.25 MHz, 17-01-02
cpu18: FPU,VME,DE,PSE,TSC,MSR,PAE,MCE,CX8,APIC,SEP,MTRR,PGE,MCA,CMOV,PAT,PSE36,CFLUSH,MMX,FXSR,SSE,SSE2,HTT,SSE3,PCLMUL,MWAIT,SSSE3,FMA3,CX16,SSE4.1,SSE4.2,MOVBE,POPCNT,AES,XSAVE,AVX,F16C,RDRAND,NXE,MMXX,FFXSR,PAGE1GB,RDTSCP,LONG,LAHF,CMPLEG,SVM,EAPICSP,AMCR8,ABM,SSE4A,MASSE,3DNOWP,OSVW,SKINIT,TCE,TOPEXT,CPCTR,DBKP,PCTRL3,MWAITX,ITSC,FSGSBASE,BMI1,AVX2,SMEP,BMI2,RDSEED,ADX,SMAP,CLFLUSHOPT,SHA,IBPB,XSAVEOPT,XSAVEC,XGETBV1,XSAVES
cpu18: 64KB 64b/line 4-way I-cache, 32KB 64b/line 8-way D-cache, 512KB 64b/line 8-way L2 cache, 64MB 64b/line 64-way L3 cache
cpu18: ITLB 64 4KB entries fully associative, 64 4MB entries fully associative
cpu18: DTLB 64 4KB entries fully associative, 64 4MB entries fully associative
cpu18: smt 0, core 18, package 2
cpu19 at mainbus0: apid 52 (application processor)
cpu19: AMD EPYC 7551P 32-Core Processor, 1996.25 MHz, 17-01-02
cpu19: FPU,VME,DE,PSE,TSC,MSR,PAE,MCE,CX8,APIC,SEP,MTRR,PGE,MCA,CMOV,PAT,PSE36,CFLUSH,MMX,FXSR,SSE,SSE2,HTT,SSE3,PCLMUL,MWAIT,SSSE3,FMA3,CX16,SSE4.1,SSE4.2,MOVBE,POPCNT,AES,XSAVE,AVX,F16C,RDRAND,NXE,MMXX,FFXSR,PAGE1GB,RDTSCP,LONG,LAHF,CMPLEG,SVM,EAPICSP,AMCR8,ABM,SSE4A,MASSE,3DNOWP,OSVW,SKINIT,TCE,TOPEXT,CPCTR,DBKP,PCTRL3,MWAITX,ITSC,FSGSBASE,BMI1,AVX2,SMEP,BMI2,RDSEED,ADX,SMAP,CLFLUSHOPT,SHA,IBPB,XSAVEOPT,XSAVEC,XGETBV1,XSAVES
cpu19: 64KB 64b/line 4-way I-cache, 32KB 64b/line 8-way D-cache, 512KB 64b/line 8-way L2 cache, 64MB 64b/line 64-way L3 cache
cpu19: ITLB 64 4KB entries fully associative, 64 4MB entries fully associative
cpu19: DTLB 64 4KB entries fully associative, 64 4MB entries fully associative
cpu19: smt 0, core 26, package 3
cpu20 at mainbus0: apid 12 (application processor)
cpu20: AMD EPYC 7551P 32-Core Processor, 1996.25 MHz, 17-01-02
cpu20: FPU,VME,DE,PSE,TSC,MSR,PAE,MCE,CX8,APIC,SEP,MTRR,PGE,MCA,CMOV,PAT,PSE36,CFLUSH,MMX,FXSR,SSE,SSE2,HTT,SSE3,PCLMUL,MWAIT,SSSE3,FMA3,CX16,SSE4.1,SSE4.2,MOVBE,POPCNT,AES,XSAVE,AVX,F16C,RDRAND,NXE,MMXX,FFXSR,PAGE1GB,RDTSCP,LONG,LAHF,CMPLEG,SVM,EAPICSP,AMCR8,ABM,SSE4A,MASSE,3DNOWP,OSVW,SKINIT,TCE,TOPEXT,CPCTR,DBKP,PCTRL3,MWAITX,ITSC,FSGSBASE,BMI1,AVX2,SMEP,BMI2,RDSEED,ADX,SMAP,CLFLUSHOPT,SHA,IBPB,XSAVEOPT,XSAVEC,XGETBV1,XSAVES
cpu20: 64KB 64b/line 4-way I-cache, 32KB 64b/line 8-way D-cache, 512KB 64b/line 8-way L2 cache, 64MB 64b/line 64-way L3 cache
cpu20: ITLB 64 4KB entries fully associative, 64 4MB entries fully associative
cpu20: DTLB 64 4KB entries fully associative, 64 4MB entries fully associative
cpu20: smt 0, core 6, package 0
cpu21 at mainbus0: apid 28 (application processor)
cpu21: AMD EPYC 7551P 32-Core Processor, 1996.25 MHz, 17-01-02
cpu21: FPU,VME,DE,PSE,TSC,MSR,PAE,MCE,CX8,APIC,SEP,MTRR,PGE,MCA,CMOV,PAT,PSE36,CFLUSH,MMX,FXSR,SSE,SSE2,HTT,SSE3,PCLMUL,MWAIT,SSSE3,FMA3,CX16,SSE4.1,SSE4.2,MOVBE,POPCNT,AES,XSAVE,AVX,F16C,RDRAND,NXE,MMXX,FFXSR,PAGE1GB,RDTSCP,LONG,LAHF,CMPLEG,SVM,EAPICSP,AMCR8,ABM,SSE4A,MASSE,3DNOWP,OSVW,SKINIT,TCE,TOPEXT,CPCTR,DBKP,PCTRL3,MWAITX,ITSC,FSGSBASE,BMI1,AVX2,SMEP,BMI2,RDSEED,ADX,SMAP,CLFLUSHOPT,SHA,IBPB,XSAVEOPT,XSAVEC,XGETBV1,XSAVES
cpu21: 64KB 64b/line 4-way I-cache, 32KB 64b/line 8-way D-cache, 512KB 64b/line 8-way L2 cache, 64MB 64b/line 64-way L3 cache
cpu21: ITLB 64 4KB entries fully associative, 64 4MB entries fully associative
cpu21: DTLB 64 4KB entries fully associative, 64 4MB entries fully associative
cpu21: smt 0, core 14, package 1
cpu22 at mainbus0: apid 44 (application processor)
cpu22: AMD EPYC 7551P 32-Core Processor, 1996.25 MHz, 17-01-02
cpu22: FPU,VME,DE,PSE,TSC,MSR,PAE,MCE,CX8,APIC,SEP,MTRR,PGE,MCA,CMOV,PAT,PSE36,CFLUSH,MMX,FXSR,SSE,SSE2,HTT,SSE3,PCLMUL,MWAIT,SSSE3,FMA3,CX16,SSE4.1,SSE4.2,MOVBE,POPCNT,AES,XSAVE,AVX,F16C,RDRAND,NXE,MMXX,FFXSR,PAGE1GB,RDTSCP,LONG,LAHF,CMPLEG,SVM,EAPICSP,AMCR8,ABM,SSE4A,MASSE,3DNOWP,OSVW,SKINIT,TCE,TOPEXT,CPCTR,DBKP,PCTRL3,MWAITX,ITSC,FSGSBASE,BMI1,AVX2,SMEP,BMI2,RDSEED,ADX,SMAP,CLFLUSHOPT,SHA,IBPB,XSAVEOPT,XSAVEC,XGETBV1,XSAVES
cpu22: 64KB 64b/line 4-way I-cache, 32KB 64b/line 8-way D-cache, 512KB 64b/line 8-way L2 cache, 64MB 64b/line 64-way L3 cache
cpu22: ITLB 64 4KB entries fully associative, 64 4MB entries fully associative
cpu22: DTLB 64 4KB entries fully associative, 64 4MB entries fully associative
cpu22: smt 0, core 22, package 2
cpu23 at mainbus0: apid 60 (application processor)
cpu23: AMD EPYC 7551P 32-Core Processor, 1996.25 MHz, 17-01-02
cpu23: FPU,VME,DE,PSE,TSC,MSR,PAE,MCE,CX8,APIC,SEP,MTRR,PGE,MCA,CMOV,PAT,PSE36,CFLUSH,MMX,FXSR,SSE,SSE2,HTT,SSE3,PCLMUL,MWAIT,SSSE3,FMA3,CX16,SSE4.1,SSE4.2,MOVBE,POPCNT,AES,XSAVE,AVX,F16C,RDRAND,NXE,MMXX,FFXSR,PAGE1GB,RDTSCP,LONG,LAHF,CMPLEG,SVM,EAPICSP,AMCR8,ABM,SSE4A,MASSE,3DNOWP,OSVW,SKINIT,TCE,TOPEXT,CPCTR,DBKP,PCTRL3,MWAITX,ITSC,FSGSBASE,BMI1,AVX2,SMEP,BMI2,RDSEED,ADX,SMAP,CLFLUSHOPT,SHA,IBPB,XSAVEOPT,XSAVEC,XGETBV1,XSAVES
cpu23: 64KB 64b/line 4-way I-cache, 32KB 64b/line 8-way D-cache, 512KB 64b/line 8-way L2 cache, 64MB 64b/line 64-way L3 cache
cpu23: ITLB 64 4KB entries fully associative, 64 4MB entries fully associative
cpu23: DTLB 64 4KB entries fully associative, 64 4MB entries fully associative
cpu23: smt 0, core 30, package 3
cpu24 at mainbus0: apid 6 (application processor)
cpu24: AMD EPYC 7551P 32-Core Processor, 1996.25 MHz, 17-01-02
cpu24: FPU,VME,DE,PSE,TSC,MSR,PAE,MCE,CX8,APIC,SEP,MTRR,PGE,MCA,CMOV,PAT,PSE36,CFLUSH,MMX,FXSR,SSE,SSE2,HTT,SSE3,PCLMUL,MWAIT,SSSE3,FMA3,CX16,SSE4.1,SSE4.2,MOVBE,POPCNT,AES,XSAVE,AVX,F16C,RDRAND,NXE,MMXX,FFXSR,PAGE1GB,RDTSCP,LONG,LAHF,CMPLEG,SVM,EAPICSP,AMCR8,ABM,SSE4A,MASSE,3DNOWP,OSVW,SKINIT,TCE,TOPEXT,CPCTR,DBKP,PCTRL3,MWAITX,ITSC,FSGSBASE,BMI1,AVX2,SMEP,BMI2,RDSEED,ADX,SMAP,CLFLUSHOPT,SHA,IBPB,XSAVEOPT,XSAVEC,XGETBV1,XSAVES
cpu24: 64KB 64b/line 4-way I-cache, 32KB 64b/line 8-way D-cache, 512KB 64b/line 8-way L2 cache, 64MB 64b/line 64-way L3 cache
cpu24: ITLB 64 4KB entries fully associative, 64 4MB entries fully associative
cpu24: DTLB 64 4KB entries fully associative, 64 4MB entries fully associative
cpu24: smt 0, core 3, package 0
cpu25 at mainbus0: apid 22 (application processor)
cpu25: AMD EPYC 7551P 32-Core Processor, 1996.25 MHz, 17-01-02
cpu25: FPU,VME,DE,PSE,TSC,MSR,PAE,MCE,CX8,APIC,SEP,MTRR,PGE,MCA,CMOV,PAT,PSE36,CFLUSH,MMX,FXSR,SSE,SSE2,HTT,SSE3,PCLMUL,MWAIT,SSSE3,FMA3,CX16,SSE4.1,SSE4.2,MOVBE,POPCNT,AES,XSAVE,AVX,F16C,RDRAND,NXE,MMXX,FFXSR,PAGE1GB,RDTSCP,LONG,LAHF,CMPLEG,SVM,EAPICSP,AMCR8,ABM,SSE4A,MASSE,3DNOWP,OSVW,SKINIT,TCE,TOPEXT,CPCTR,DBKP,PCTRL3,MWAITX,ITSC,FSGSBASE,BMI1,AVX2,SMEP,BMI2,RDSEED,ADX,SMAP,CLFLUSHOPT,SHA,IBPB,XSAVEOPT,XSAVEC,XGETBV1,XSAVES
cpu25: 64KB 64b/line 4-way I-cache, 32KB 64b/line 8-way D-cache, 512KB 64b/line 8-way L2 cache, 64MB 64b/line 64-way L3 cache
cpu25: ITLB 64 4KB entries fully associative, 64 4MB entries fully associative
cpu25: DTLB 64 4KB entries fully associative, 64 4MB entries fully associative
cpu25: smt 0, core 11, package 1
cpu26 at mainbus0: apid 38 (application processor)
cpu26: AMD EPYC 7551P 32-Core Processor, 1996.25 MHz, 17-01-02
cpu26: FPU,VME,DE,PSE,TSC,MSR,PAE,MCE,CX8,APIC,SEP,MTRR,PGE,MCA,CMOV,PAT,PSE36,CFLUSH,MMX,FXSR,SSE,SSE2,HTT,SSE3,PCLMUL,MWAIT,SSSE3,FMA3,CX16,SSE4.1,SSE4.2,MOVBE,POPCNT,AES,XSAVE,AVX,F16C,RDRAND,NXE,MMXX,FFXSR,PAGE1GB,RDTSCP,LONG,LAHF,CMPLEG,SVM,EAPICSP,AMCR8,ABM,SSE4A,MASSE,3DNOWP,OSVW,SKINIT,TCE,TOPEXT,CPCTR,DBKP,PCTRL3,MWAITX,ITSC,FSGSBASE,BMI1,AVX2,SMEP,BMI2,RDSEED,ADX,SMAP,CLFLUSHOPT,SHA,IBPB,XSAVEOPT,XSAVEC,XGETBV1,XSAVES
cpu26: 64KB 64b/line 4-way I-cache, 32KB 64b/line 8-way D-cache, 512KB 64b/line 8-way L2 cache, 64MB 64b/line 64-way L3 cache
cpu26: ITLB 64 4KB entries fully associative, 64 4MB entries fully associative
cpu26: DTLB 64 4KB entries fully associative, 64 4MB entries fully associative
cpu26: smt 0, core 19, package 2
cpu27 at mainbus0: apid 54 (application processor)
cpu27: AMD EPYC 7551P 32-Core Processor, 1996.25 MHz, 17-01-02
cpu27: FPU,VME,DE,PSE,TSC,MSR,PAE,MCE,CX8,APIC,SEP,MTRR,PGE,MCA,CMOV,PAT,PSE36,CFLUSH,MMX,FXSR,SSE,SSE2,HTT,SSE3,PCLMUL,MWAIT,SSSE3,FMA3,CX16,SSE4.1,SSE4.2,MOVBE,POPCNT,AES,XSAVE,AVX,F16C,RDRAND,NXE,MMXX,FFXSR,PAGE1GB,RDTSCP,LONG,LAHF,CMPLEG,SVM,EAPICSP,AMCR8,ABM,SSE4A,MASSE,3DNOWP,OSVW,SKINIT,TCE,TOPEXT,CPCTR,DBKP,PCTRL3,MWAITX,ITSC,FSGSBASE,BMI1,AVX2,SMEP,BMI2,RDSEED,ADX,SMAP,CLFLUSHOPT,SHA,IBPB,XSAVEOPT,XSAVEC,XGETBV1,XSAVES
cpu27: 64KB 64b/line 4-way I-cache, 32KB 64b/line 8-way D-cache, 512KB 64b/line 8-way L2 cache, 64MB 64b/line 64-way L3 cache
cpu27: ITLB 64 4KB entries fully associative, 64 4MB entries fully associative
cpu27: DTLB 64 4KB entries fully associative, 64 4MB entries fully associative
cpu27: smt 0, core 27, package 3
cpu28 at mainbus0: apid 14 (application processor)
cpu28: AMD EPYC 7551P 32-Core Processor, 1996.25 MHz, 17-01-02
cpu28: FPU,VME,DE,PSE,TSC,MSR,PAE,MCE,CX8,APIC,SEP,MTRR,PGE,MCA,CMOV,PAT,PSE36,CFLUSH,MMX,FXSR,SSE,SSE2,HTT,SSE3,PCLMUL,MWAIT,SSSE3,FMA3,CX16,SSE4.1,SSE4.2,MOVBE,POPCNT,AES,XSAVE,AVX,F16C,RDRAND,NXE,MMXX,FFXSR,PAGE1GB,RDTSCP,LONG,LAHF,CMPLEG,SVM,EAPICSP,AMCR8,ABM,SSE4A,MASSE,3DNOWP,OSVW,SKINIT,TCE,TOPEXT,CPCTR,DBKP,PCTRL3,MWAITX,ITSC,FSGSBASE,BMI1,AVX2,SMEP,BMI2,RDSEED,ADX,SMAP,CLFLUSHOPT,SHA,IBPB,XSAVEOPT,XSAVEC,XGETBV1,XSAVES
cpu28: 64KB 64b/line 4-way I-cache, 32KB 64b/line 8-way D-cache, 512KB 64b/line 8-way L2 cache, 64MB 64b/line 64-way L3 cache
cpu28: ITLB 64 4KB entries fully associative, 64 4MB entries fully associative
cpu28: DTLB 64 4KB entries fully associative, 64 4MB entries fully associative
cpu28: smt 0, core 7, package 0
cpu29 at mainbus0: apid 30 (application processor)
cpu29: AMD EPYC 7551P 32-Core Processor, 1996.25 MHz, 17-01-02
cpu29: FPU,VME,DE,PSE,TSC,MSR,PAE,MCE,CX8,APIC,SEP,MTRR,PGE,MCA,CMOV,PAT,PSE36,CFLUSH,MMX,FXSR,SSE,SSE2,HTT,SSE3,PCLMUL,MWAIT,SSSE3,FMA3,CX16,SSE4.1,SSE4.2,MOVBE,POPCNT,AES,XSAVE,AVX,F16C,RDRAND,NXE,MMXX,FFXSR,PAGE1GB,RDTSCP,LONG,LAHF,CMPLEG,SVM,EAPICSP,AMCR8,ABM,SSE4A,MASSE,3DNOWP,OSVW,SKINIT,TCE,TOPEXT,CPCTR,DBKP,PCTRL3,MWAITX,ITSC,FSGSBASE,BMI1,AVX2,SMEP,BMI2,RDSEED,ADX,SMAP,CLFLUSHOPT,SHA,IBPB,XSAVEOPT,XSAVEC,XGETBV1,XSAVES
cpu29: 64KB 64b/line 4-way I-cache, 32KB 64b/line 8-way D-cache, 512KB 64b/line 8-way L2 cache, 64MB 64b/line 64-way L3 cache
cpu29: ITLB 64 4KB entries fully associative, 64 4MB entries fully associative
cpu29: DTLB 64 4KB entries fully associative, 64 4MB entries fully associative
cpu29: smt 0, core 15, package 1
cpu30 at mainbus0: apid 46 (application processor)
cpu30: AMD EPYC 7551P 32-Core Processor, 1996.25 MHz, 17-01-02
cpu30: FPU,VME,DE,PSE,TSC,MSR,PAE,MCE,CX8,APIC,SEP,MTRR,PGE,MCA,CMOV,PAT,PSE36,CFLUSH,MMX,FXSR,SSE,SSE2,HTT,SSE3,PCLMUL,MWAIT,SSSE3,FMA3,CX16,SSE4.1,SSE4.2,MOVBE,POPCNT,AES,XSAVE,AVX,F16C,RDRAND,NXE,MMXX,FFXSR,PAGE1GB,RDTSCP,LONG,LAHF,CMPLEG,SVM,EAPICSP,AMCR8,ABM,SSE4A,MASSE,3DNOWP,OSVW,SKINIT,TCE,TOPEXT,CPCTR,DBKP,PCTRL3,MWAITX,ITSC,FSGSBASE,BMI1,AVX2,SMEP,BMI2,RDSEED,ADX,SMAP,CLFLUSHOPT,SHA,IBPB,XSAVEOPT,XSAVEC,XGETBV1,XSAVES
cpu30: 64KB 64b/line 4-way I-cache, 32KB 64b/line 8-way D-cache, 512KB 64b/line 8-way L2 cache, 64MB 64b/line 64-way L3 cache
cpu30: ITLB 64 4KB entries fully associative, 64 4MB entries fully associative
cpu30: DTLB 64 4KB entries fully associative, 64 4MB entries fully associative
cpu30: smt 0, core 23, package 2
cpu31 at mainbus0: apid 62 (application processor)
cpu31: AMD EPYC 7551P 32-Core Processor, 1996.25 MHz, 17-01-02
cpu31: FPU,VME,DE,PSE,TSC,MSR,PAE,MCE,CX8,APIC,SEP,MTRR,PGE,MCA,CMOV,PAT,PSE36,CFLUSH,MMX,FXSR,SSE,SSE2,HTT,SSE3,PCLMUL,MWAIT,SSSE3,FMA3,CX16,SSE4.1,SSE4.2,MOVBE,POPCNT,AES,XSAVE,AVX,F16C,RDRAND,NXE,MMXX,FFXSR,PAGE1GB,RDTSCP,LONG,LAHF,CMPLEG,SVM,EAPICSP,AMCR8,ABM,SSE4A,MASSE,3DNOWP,OSVW,SKINIT,TCE,TOPEXT,CPCTR,DBKP,PCTRL3,MWAITX,ITSC,FSGSBASE,BMI1,AVX2,SMEP,BMI2,RDSEED,ADX,SMAP,CLFLUSHOPT,SHA,IBPB,XSAVEOPT,XSAVEC,XGETBV1,XSAVES
cpu31: 64KB 64b/line 4-way I-cache, 32KB 64b/line 8-way D-cache, 512KB 64b/line 8-way L2 cache, 64MB 64b/line 64-way L3 cache
cpu31: ITLB 64 4KB entries fully associative, 64 4MB entries fully associative
cpu31: DTLB 64 4KB entries fully associative, 64 4MB entries fully associative
cpu31: smt 0, core 31, package 3
cpu32 at mainbus0: apid 1 (application processor)
cpu32: AMD EPYC 7551P 32-Core Processor, 1996.25 MHz, 17-01-02
cpu32: FPU,VME,DE,PSE,TSC,MSR,PAE,MCE,CX8,APIC,SEP,MTRR,PGE,MCA,CMOV,PAT,PSE36,CFLUSH,MMX,FXSR,SSE,SSE2,HTT,SSE3,PCLMUL,MWAIT,SSSE3,FMA3,CX16,SSE4.1,SSE4.2,MOVBE,POPCNT,AES,XSAVE,AVX,F16C,RDRAND,NXE,MMXX,FFXSR,PAGE1GB,RDTSCP,LONG,LAHF,CMPLEG,SVM,EAPICSP,AMCR8,ABM,SSE4A,MASSE,3DNOWP,OSVW,SKINIT,TCE,TOPEXT,CPCTR,DBKP,PCTRL3,MWAITX,ITSC,FSGSBASE,BMI1,AVX2,SMEP,BMI2,RDSEED,ADX,SMAP,CLFLUSHOPT,SHA,IBPB,XSAVEOPT,XSAVEC,XGETBV1,XSAVES
cpu32: 64KB 64b/line 4-way I-cache, 32KB 64b/line 8-way D-cache, 512KB 64b/line 8-way L2 cache, 64MB 64b/line 64-way L3 cache
cpu32: ITLB 64 4KB entries fully associative, 64 4MB entries fully associative
cpu32: DTLB 64 4KB entries fully associative, 64 4MB entries fully associative
cpu32: smt 1, core 0, package 0
cpu33 at mainbus0: apid 17 (application processor)
cpu33: AMD EPYC 7551P 32-Core Processor, 1996.25 MHz, 17-01-02
cpu33: FPU,VME,DE,PSE,TSC,MSR,PAE,MCE,CX8,APIC,SEP,MTRR,PGE,MCA,CMOV,PAT,PSE36,CFLUSH,MMX,FXSR,SSE,SSE2,HTT,SSE3,PCLMUL,MWAIT,SSSE3,FMA3,CX16,SSE4.1,SSE4.2,MOVBE,POPCNT,AES,XSAVE,AVX,F16C,RDRAND,NXE,MMXX,FFXSR,PAGE1GB,RDTSCP,LONG,LAHF,CMPLEG,SVM,EAPICSP,AMCR8,ABM,SSE4A,MASSE,3DNOWP,OSVW,SKINIT,TCE,TOPEXT,CPCTR,DBKP,PCTRL3,MWAITX,ITSC,FSGSBASE,BMI1,AVX2,SMEP,BMI2,RDSEED,ADX,SMAP,CLFLUSHOPT,SHA,IBPB,XSAVEOPT,XSAVEC,XGETBV1,XSAVES
cpu33: 64KB 64b/line 4-way I-cache, 32KB 64b/line 8-way D-cache, 512KB 64b/line 8-way L2 cache, 64MB 64b/line 64-way L3 cache
cpu33: ITLB 64 4KB entries fully associative, 64 4MB entries fully associative
cpu33: DTLB 64 4KB entries fully associative, 64 4MB entries fully associative
cpu33: smt 1, core 8, package 1
cpu34 at mainbus0: apid 33 (application processor)
cpu34: AMD EPYC 7551P 32-Core Processor, 1996.25 MHz, 17-01-02
cpu34: FPU,VME,DE,PSE,TSC,MSR,PAE,MCE,CX8,APIC,SEP,MTRR,PGE,MCA,CMOV,PAT,PSE36,CFLUSH,MMX,FXSR,SSE,SSE2,HTT,SSE3,PCLMUL,MWAIT,SSSE3,FMA3,CX16,SSE4.1,SSE4.2,MOVBE,POPCNT,AES,XSAVE,AVX,F16C,RDRAND,NXE,MMXX,FFXSR,PAGE1GB,RDTSCP,LONG,LAHF,CMPLEG,SVM,EAPICSP,AMCR8,ABM,SSE4A,MASSE,3DNOWP,OSVW,SKINIT,TCE,TOPEXT,CPCTR,DBKP,PCTRL3,MWAITX,ITSC,FSGSBASE,BMI1,AVX2,SMEP,BMI2,RDSEED,ADX,SMAP,CLFLUSHOPT,SHA,IBPB,XSAVEOPT,XSAVEC,XGETBV1,XSAVES
cpu34: 64KB 64b/line 4-way I-cache, 32KB 64b/line 8-way D-cache, 512KB 64b/line 8-way L2 cache, 64MB 64b/line 64-way L3 cache
cpu34: ITLB 64 4KB entries fully associative, 64 4MB entries fully associative
cpu34: DTLB 64 4KB entries fully associative, 64 4MB entries fully associative
cpu34: smt 1, core 16, package 2
cpu35 at mainbus0: apid 49 (application processor)
cpu35: AMD EPYC 7551P 32-Core Processor, 1996.25 MHz, 17-01-02
cpu35: FPU,VME,DE,PSE,TSC,MSR,PAE,MCE,CX8,APIC,SEP,MTRR,PGE,MCA,CMOV,PAT,PSE36,CFLUSH,MMX,FXSR,SSE,SSE2,HTT,SSE3,PCLMUL,MWAIT,SSSE3,FMA3,CX16,SSE4.1,SSE4.2,MOVBE,POPCNT,AES,XSAVE,AVX,F16C,RDRAND,NXE,MMXX,FFXSR,PAGE1GB,RDTSCP,LONG,LAHF,CMPLEG,SVM,EAPICSP,AMCR8,ABM,SSE4A,MASSE,3DNOWP,OSVW,SKINIT,TCE,TOPEXT,CPCTR,DBKP,PCTRL3,MWAITX,ITSC,FSGSBASE,BMI1,AVX2,SMEP,BMI2,RDSEED,ADX,SMAP,CLFLUSHOPT,SHA,IBPB,XSAVEOPT,XSAVEC,XGETBV1,XSAVES
cpu35: 64KB 64b/line 4-way I-cache, 32KB 64b/line 8-way D-cache, 512KB 64b/line 8-way L2 cache, 64MB 64b/line 64-way L3 cache
cpu35: ITLB 64 4KB entries fully associative, 64 4MB entries fully associative
cpu35: DTLB 64 4KB entries fully associative, 64 4MB entries fully associative
cpu35: smt 1, core 24, package 3
cpu36 at mainbus0: apid 9 (application processor)
cpu36: AMD EPYC 7551P 32-Core Processor, 1996.25 MHz, 17-01-02
cpu36: FPU,VME,DE,PSE,TSC,MSR,PAE,MCE,CX8,APIC,SEP,MTRR,PGE,MCA,CMOV,PAT,PSE36,CFLUSH,MMX,FXSR,SSE,SSE2,HTT,SSE3,PCLMUL,MWAIT,SSSE3,FMA3,CX16,SSE4.1,SSE4.2,MOVBE,POPCNT,AES,XSAVE,AVX,F16C,RDRAND,NXE,MMXX,FFXSR,PAGE1GB,RDTSCP,LONG,LAHF,CMPLEG,SVM,EAPICSP,AMCR8,ABM,SSE4A,MASSE,3DNOWP,OSVW,SKINIT,TCE,TOPEXT,CPCTR,DBKP,PCTRL3,MWAITX,ITSC,FSGSBASE,BMI1,AVX2,SMEP,BMI2,RDSEED,ADX,SMAP,CLFLUSHOPT,SHA,IBPB,XSAVEOPT,XSAVEC,XGETBV1,XSAVES
cpu36: 64KB 64b/line 4-way I-cache, 32KB 64b/line 8-way D-cache, 512KB 64b/line 8-way L2 cache, 64MB 64b/line 64-way L3 cache
cpu36: ITLB 64 4KB entries fully associative, 64 4MB entries fully associative
cpu36: DTLB 64 4KB entries fully associative, 64 4MB entries fully associative
cpu36: smt 1, core 4, package 0
cpu37 at mainbus0: apid 25 (application processor)
cpu37: AMD EPYC 7551P 32-Core Processor, 1996.25 MHz, 17-01-02
cpu37: FPU,VME,DE,PSE,TSC,MSR,PAE,MCE,CX8,APIC,SEP,MTRR,PGE,MCA,CMOV,PAT,PSE36,CFLUSH,MMX,FXSR,SSE,SSE2,HTT,SSE3,PCLMUL,MWAIT,SSSE3,FMA3,CX16,SSE4.1,SSE4.2,MOVBE,POPCNT,AES,XSAVE,AVX,F16C,RDRAND,NXE,MMXX,FFXSR,PAGE1GB,RDTSCP,LONG,LAHF,CMPLEG,SVM,EAPICSP,AMCR8,ABM,SSE4A,MASSE,3DNOWP,OSVW,SKINIT,TCE,TOPEXT,CPCTR,DBKP,PCTRL3,MWAITX,ITSC,FSGSBASE,BMI1,AVX2,SMEP,BMI2,RDSEED,ADX,SMAP,CLFLUSHOPT,SHA,IBPB,XSAVEOPT,XSAVEC,XGETBV1,XSAVES
cpu37: 64KB 64b/line 4-way I-cache, 32KB 64b/line 8-way D-cache, 512KB 64b/line 8-way L2 cache, 64MB 64b/line 64-way L3 cache
cpu37: ITLB 64 4KB entries fully associative, 64 4MB entries fully associative
cpu37: DTLB 64 4KB entries fully associative, 64 4MB entries fully associative
cpu37: smt 1, core 12, package 1
cpu38 at mainbus0: apid 41 (application processor)
cpu38: AMD EPYC 7551P 32-Core Processor, 1996.25 MHz, 17-01-02
cpu38: FPU,VME,DE,PSE,TSC,MSR,PAE,MCE,CX8,APIC,SEP,MTRR,PGE,MCA,CMOV,PAT,PSE36,CFLUSH,MMX,FXSR,SSE,SSE2,HTT,SSE3,PCLMUL,MWAIT,SSSE3,FMA3,CX16,SSE4.1,SSE4.2,MOVBE,POPCNT,AES,XSAVE,AVX,F16C,RDRAND,NXE,MMXX,FFXSR,PAGE1GB,RDTSCP,LONG,LAHF,CMPLEG,SVM,EAPICSP,AMCR8,ABM,SSE4A,MASSE,3DNOWP,OSVW,SKINIT,TCE,TOPEXT,CPCTR,DBKP,PCTRL3,MWAITX,ITSC,FSGSBASE,BMI1,AVX2,SMEP,BMI2,RDSEED,ADX,SMAP,CLFLUSHOPT,SHA,IBPB,XSAVEOPT,XSAVEC,XGETBV1,XSAVES
cpu38: 64KB 64b/line 4-way I-cache, 32KB 64b/line 8-way D-cache, 512KB 64b/line 8-way L2 cache, 64MB 64b/line 64-way L3 cache
cpu38: ITLB 64 4KB entries fully associative, 64 4MB entries fully associative
cpu38: DTLB 64 4KB entries fully associative, 64 4MB entries fully associative
cpu38: smt 1, core 20, package 2
cpu39 at mainbus0: apid 57 (application processor)
cpu39: AMD EPYC 7551P 32-Core Processor, 1996.25 MHz, 17-01-02
cpu39: FPU,VME,DE,PSE,TSC,MSR,PAE,MCE,CX8,APIC,SEP,MTRR,PGE,MCA,CMOV,PAT,PSE36,CFLUSH,MMX,FXSR,SSE,SSE2,HTT,SSE3,PCLMUL,MWAIT,SSSE3,FMA3,CX16,SSE4.1,SSE4.2,MOVBE,POPCNT,AES,XSAVE,AVX,F16C,RDRAND,NXE,MMXX,FFXSR,PAGE1GB,RDTSCP,LONG,LAHF,CMPLEG,SVM,EAPICSP,AMCR8,ABM,SSE4A,MASSE,3DNOWP,OSVW,SKINIT,TCE,TOPEXT,CPCTR,DBKP,PCTRL3,MWAITX,ITSC,FSGSBASE,BMI1,AVX2,SMEP,BMI2,RDSEED,ADX,SMAP,CLFLUSHOPT,SHA,IBPB,XSAVEOPT,XSAVEC,XGETBV1,XSAVES
cpu39: 64KB 64b/line 4-way I-cache, 32KB 64b/line 8-way D-cache, 512KB 64b/line 8-way L2 cache, 64MB 64b/line 64-way L3 cache
cpu39: ITLB 64 4KB entries fully associative, 64 4MB entries fully associative
cpu39: DTLB 64 4KB entries fully associative, 64 4MB entries fully associative
cpu39: smt 1, core 28, package 3
cpu40 at mainbus0: apid 3 (application processor)
cpu40: AMD EPYC 7551P 32-Core Processor, 1996.25 MHz, 17-01-02
cpu40: FPU,VME,DE,PSE,TSC,MSR,PAE,MCE,CX8,APIC,SEP,MTRR,PGE,MCA,CMOV,PAT,PSE36,CFLUSH,MMX,FXSR,SSE,SSE2,HTT,SSE3,PCLMUL,MWAIT,SSSE3,FMA3,CX16,SSE4.1,SSE4.2,MOVBE,POPCNT,AES,XSAVE,AVX,F16C,RDRAND,NXE,MMXX,FFXSR,PAGE1GB,RDTSCP,LONG,LAHF,CMPLEG,SVM,EAPICSP,AMCR8,ABM,SSE4A,MASSE,3DNOWP,OSVW,SKINIT,TCE,TOPEXT,CPCTR,DBKP,PCTRL3,MWAITX,ITSC,FSGSBASE,BMI1,AVX2,SMEP,BMI2,RDSEED,ADX,SMAP,CLFLUSHOPT,SHA,IBPB,XSAVEOPT,XSAVEC,XGETBV1,XSAVES
cpu40: 64KB 64b/line 4-way I-cache, 32KB 64b/line 8-way D-cache, 512KB 64b/line 8-way L2 cache, 64MB 64b/line 64-way L3 cache
cpu40: ITLB 64 4KB entries fully associative, 64 4MB entries fully associative
cpu40: DTLB 64 4KB entries fully associative, 64 4MB entries fully associative
cpu40: smt 1, core 1, package 0
cpu41 at mainbus0: apid 19 (application processor)
cpu41: AMD EPYC 7551P 32-Core Processor, 1996.25 MHz, 17-01-02
cpu41: FPU,VME,DE,PSE,TSC,MSR,PAE,MCE,CX8,APIC,SEP,MTRR,PGE,MCA,CMOV,PAT,PSE36,CFLUSH,MMX,FXSR,SSE,SSE2,HTT,SSE3,PCLMUL,MWAIT,SSSE3,FMA3,CX16,SSE4.1,SSE4.2,MOVBE,POPCNT,AES,XSAVE,AVX,F16C,RDRAND,NXE,MMXX,FFXSR,PAGE1GB,RDTSCP,LONG,LAHF,CMPLEG,SVM,EAPICSP,AMCR8,ABM,SSE4A,MASSE,3DNOWP,OSVW,SKINIT,TCE,TOPEXT,CPCTR,DBKP,PCTRL3,MWAITX,ITSC,FSGSBASE,BMI1,AVX2,SMEP,BMI2,RDSEED,ADX,SMAP,CLFLUSHOPT,SHA,IBPB,XSAVEOPT,XSAVEC,XGETBV1,XSAVES
cpu41: 64KB 64b/line 4-way I-cache, 32KB 64b/line 8-way D-cache, 512KB 64b/line 8-way L2 cache, 64MB 64b/line 64-way L3 cache
cpu41: ITLB 64 4KB entries fully associative, 64 4MB entries fully associative
cpu41: DTLB 64 4KB entries fully associative, 64 4MB entries fully associative
cpu41: smt 1, core 9, package 1
cpu42 at mainbus0: apid 35 (application processor)
cpu42: AMD EPYC 7551P 32-Core Processor, 1996.25 MHz, 17-01-02
cpu42: FPU,VME,DE,PSE,TSC,MSR,PAE,MCE,CX8,APIC,SEP,MTRR,PGE,MCA,CMOV,PAT,PSE36,CFLUSH,MMX,FXSR,SSE,SSE2,HTT,SSE3,PCLMUL,MWAIT,SSSE3,FMA3,CX16,SSE4.1,SSE4.2,MOVBE,POPCNT,AES,XSAVE,AVX,F16C,RDRAND,NXE,MMXX,FFXSR,PAGE1GB,RDTSCP,LONG,LAHF,CMPLEG,SVM,EAPICSP,AMCR8,ABM,SSE4A,MASSE,3DNOWP,OSVW,SKINIT,TCE,TOPEXT,CPCTR,DBKP,PCTRL3,MWAITX,ITSC,FSGSBASE,BMI1,AVX2,SMEP,BMI2,RDSEED,ADX,SMAP,CLFLUSHOPT,SHA,IBPB,XSAVEOPT,XSAVEC,XGETBV1,XSAVES
cpu42: 64KB 64b/line 4-way I-cache, 32KB 64b/line 8-way D-cache, 512KB 64b/line 8-way L2 cache, 64MB 64b/line 64-way L3 cache
cpu42: ITLB 64 4KB entries fully associative, 64 4MB entries fully associative
cpu42: DTLB 64 4KB entries fully associative, 64 4MB entries fully associative
cpu42: smt 1, core 17, package 2
cpu43 at mainbus0: apid 51 (application processor)
cpu43: AMD EPYC 7551P 32-Core Processor, 1996.25 MHz, 17-01-02
cpu43: FPU,VME,DE,PSE,TSC,MSR,PAE,MCE,CX8,APIC,SEP,MTRR,PGE,MCA,CMOV,PAT,PSE36,CFLUSH,MMX,FXSR,SSE,SSE2,HTT,SSE3,PCLMUL,MWAIT,SSSE3,FMA3,CX16,SSE4.1,SSE4.2,MOVBE,POPCNT,AES,XSAVE,AVX,F16C,RDRAND,NXE,MMXX,FFXSR,PAGE1GB,RDTSCP,LONG,LAHF,CMPLEG,SVM,EAPICSP,AMCR8,ABM,SSE4A,MASSE,3DNOWP,OSVW,SKINIT,TCE,TOPEXT,CPCTR,DBKP,PCTRL3,MWAITX,ITSC,FSGSBASE,BMI1,AVX2,SMEP,BMI2,RDSEED,ADX,SMAP,CLFLUSHOPT,SHA,IBPB,XSAVEOPT,XSAVEC,XGETBV1,XSAVES
cpu43: 64KB 64b/line 4-way I-cache, 32KB 64b/line 8-way D-cache, 512KB 64b/line 8-way L2 cache, 64MB 64b/line 64-way L3 cache
cpu43: ITLB 64 4KB entries fully associative, 64 4MB entries fully associative
cpu43: DTLB 64 4KB entries fully associative, 64 4MB entries fully associative
cpu43: smt 1, core 25, package 3
cpu44 at mainbus0: apid 11 (application processor)
cpu44: AMD EPYC 7551P 32-Core Processor, 1996.25 MHz, 17-01-02
cpu44: FPU,VME,DE,PSE,TSC,MSR,PAE,MCE,CX8,APIC,SEP,MTRR,PGE,MCA,CMOV,PAT,PSE36,CFLUSH,MMX,FXSR,SSE,SSE2,HTT,SSE3,PCLMUL,MWAIT,SSSE3,FMA3,CX16,SSE4.1,SSE4.2,MOVBE,POPCNT,AES,XSAVE,AVX,F16C,RDRAND,NXE,MMXX,FFXSR,PAGE1GB,RDTSCP,LONG,LAHF,CMPLEG,SVM,EAPICSP,AMCR8,ABM,SSE4A,MASSE,3DNOWP,OSVW,SKINIT,TCE,TOPEXT,CPCTR,DBKP,PCTRL3,MWAITX,ITSC,FSGSBASE,BMI1,AVX2,SMEP,BMI2,RDSEED,ADX,SMAP,CLFLUSHOPT,SHA,IBPB,XSAVEOPT,XSAVEC,XGETBV1,XSAVES
cpu44: 64KB 64b/line 4-way I-cache, 32KB 64b/line 8-way D-cache, 512KB 64b/line 8-way L2 cache, 64MB 64b/line 64-way L3 cache
cpu44: ITLB 64 4KB entries fully associative, 64 4MB entries fully associative
cpu44: DTLB 64 4KB entries fully associative, 64 4MB entries fully associative
cpu44: smt 1, core 5, package 0
cpu45 at mainbus0: apid 27 (application processor)
cpu45: AMD EPYC 7551P 32-Core Processor, 1996.25 MHz, 17-01-02
cpu45: FPU,VME,DE,PSE,TSC,MSR,PAE,MCE,CX8,APIC,SEP,MTRR,PGE,MCA,CMOV,PAT,PSE36,CFLUSH,MMX,FXSR,SSE,SSE2,HTT,SSE3,PCLMUL,MWAIT,SSSE3,FMA3,CX16,SSE4.1,SSE4.2,MOVBE,POPCNT,AES,XSAVE,AVX,F16C,RDRAND,NXE,MMXX,FFXSR,PAGE1GB,RDTSCP,LONG,LAHF,CMPLEG,SVM,EAPICSP,AMCR8,ABM,SSE4A,MASSE,3DNOWP,OSVW,SKINIT,TCE,TOPEXT,CPCTR,DBKP,PCTRL3,MWAITX,ITSC,FSGSBASE,BMI1,AVX2,SMEP,BMI2,RDSEED,ADX,SMAP,CLFLUSHOPT,SHA,IBPB,XSAVEOPT,XSAVEC,XGETBV1,XSAVES
cpu45: 64KB 64b/line 4-way I-cache, 32KB 64b/line 8-way D-cache, 512KB 64b/line 8-way L2 cache, 64MB 64b/line 64-way L3 cache
cpu45: ITLB 64 4KB entries fully associative, 64 4MB entries fully associative
cpu45: DTLB 64 4KB entries fully associative, 64 4MB entries fully associative
cpu45: smt 1, core 13, package 1
cpu46 at mainbus0: apid 43 (application processor)
cpu46: AMD EPYC 7551P 32-Core Processor, 1996.25 MHz, 17-01-02
cpu46: FPU,VME,DE,PSE,TSC,MSR,PAE,MCE,CX8,APIC,SEP,MTRR,PGE,MCA,CMOV,PAT,PSE36,CFLUSH,MMX,FXSR,SSE,SSE2,HTT,SSE3,PCLMUL,MWAIT,SSSE3,FMA3,CX16,SSE4.1,SSE4.2,MOVBE,POPCNT,AES,XSAVE,AVX,F16C,RDRAND,NXE,MMXX,FFXSR,PAGE1GB,RDTSCP,LONG,LAHF,CMPLEG,SVM,EAPICSP,AMCR8,ABM,SSE4A,MASSE,3DNOWP,OSVW,SKINIT,TCE,TOPEXT,CPCTR,DBKP,PCTRL3,MWAITX,ITSC,FSGSBASE,BMI1,AVX2,SMEP,BMI2,RDSEED,ADX,SMAP,CLFLUSHOPT,SHA,IBPB,XSAVEOPT,XSAVEC,XGETBV1,XSAVES
cpu46: 64KB 64b/line 4-way I-cache, 32KB 64b/line 8-way D-cache, 512KB 64b/line 8-way L2 cache, 64MB 64b/line 64-way L3 cache
cpu46: ITLB 64 4KB entries fully associative, 64 4MB entries fully associative
cpu46: DTLB 64 4KB entries fully associative, 64 4MB entries fully associative
cpu46: smt 1, core 21, package 2
cpu47 at mainbus0: apid 59 (application processor)
cpu47: AMD EPYC 7551P 32-Core Processor, 1996.25 MHz, 17-01-02
cpu47: FPU,VME,DE,PSE,TSC,MSR,PAE,MCE,CX8,APIC,SEP,MTRR,PGE,MCA,CMOV,PAT,PSE36,CFLUSH,MMX,FXSR,SSE,SSE2,HTT,SSE3,PCLMUL,MWAIT,SSSE3,FMA3,CX16,SSE4.1,SSE4.2,MOVBE,POPCNT,AES,XSAVE,AVX,F16C,RDRAND,NXE,MMXX,FFXSR,PAGE1GB,RDTSCP,LONG,LAHF,CMPLEG,SVM,EAPICSP,AMCR8,ABM,SSE4A,MASSE,3DNOWP,OSVW,SKINIT,TCE,TOPEXT,CPCTR,DBKP,PCTRL3,MWAITX,ITSC,FSGSBASE,BMI1,AVX2,SMEP,BMI2,RDSEED,ADX,SMAP,CLFLUSHOPT,SHA,IBPB,XSAVEOPT,XSAVEC,XGETBV1,XSAVES
cpu47: 64KB 64b/line 4-way I-cache, 32KB 64b/line 8-way D-cache, 512KB 64b/line 8-way L2 cache, 64MB 64b/line 64-way L3 cache
cpu47: ITLB 64 4KB entries fully associative, 64 4MB entries fully associative
cpu47: DTLB 64 4KB entries fully associative, 64 4MB entries fully associative
cpu47: smt 1, core 29, package 3
cpu48 at mainbus0: apid 5 (application processor)
cpu48: AMD EPYC 7551P 32-Core Processor, 1996.25 MHz, 17-01-02
cpu48: FPU,VME,DE,PSE,TSC,MSR,PAE,MCE,CX8,APIC,SEP,MTRR,PGE,MCA,CMOV,PAT,PSE36,CFLUSH,MMX,FXSR,SSE,SSE2,HTT,SSE3,PCLMUL,MWAIT,SSSE3,FMA3,CX16,SSE4.1,SSE4.2,MOVBE,POPCNT,AES,XSAVE,AVX,F16C,RDRAND,NXE,MMXX,FFXSR,PAGE1GB,RDTSCP,LONG,LAHF,CMPLEG,SVM,EAPICSP,AMCR8,ABM,SSE4A,MASSE,3DNOWP,OSVW,SKINIT,TCE,TOPEXT,CPCTR,DBKP,PCTRL3,MWAITX,ITSC,FSGSBASE,BMI1,AVX2,SMEP,BMI2,RDSEED,ADX,SMAP,CLFLUSHOPT,SHA,IBPB,XSAVEOPT,XSAVEC,XGETBV1,XSAVES
cpu48: 64KB 64b/line 4-way I-cache, 32KB 64b/line 8-way D-cache, 512KB 64b/line 8-way L2 cache, 64MB 64b/line 64-way L3 cache
cpu48: ITLB 64 4KB entries fully associative, 64 4MB entries fully associative
cpu48: DTLB 64 4KB entries fully associative, 64 4MB entries fully associative
cpu48: smt 1, core 2, package 0
cpu49 at mainbus0: apid 21 (application processor)
cpu49: AMD EPYC 7551P 32-Core Processor, 1996.25 MHz, 17-01-02
cpu49: FPU,VME,DE,PSE,TSC,MSR,PAE,MCE,CX8,APIC,SEP,MTRR,PGE,MCA,CMOV,PAT,PSE36,CFLUSH,MMX,FXSR,SSE,SSE2,HTT,SSE3,PCLMUL,MWAIT,SSSE3,FMA3,CX16,SSE4.1,SSE4.2,MOVBE,POPCNT,AES,XSAVE,AVX,F16C,RDRAND,NXE,MMXX,FFXSR,PAGE1GB,RDTSCP,LONG,LAHF,CMPLEG,SVM,EAPICSP,AMCR8,ABM,SSE4A,MASSE,3DNOWP,OSVW,SKINIT,TCE,TOPEXT,CPCTR,DBKP,PCTRL3,MWAITX,ITSC,FSGSBASE,BMI1,AVX2,SMEP,BMI2,RDSEED,ADX,SMAP,CLFLUSHOPT,SHA,IBPB,XSAVEOPT,XSAVEC,XGETBV1,XSAVES
cpu49: 64KB 64b/line 4-way I-cache, 32KB 64b/line 8-way D-cache, 512KB 64b/line 8-way L2 cache, 64MB 64b/line 64-way L3 cache
cpu49: ITLB 64 4KB entries fully associative, 64 4MB entries fully associative
cpu49: DTLB 64 4KB entries fully associative, 64 4MB entries fully associative
cpu49: smt 1, core 10, package 1
cpu50 at mainbus0: apid 37 (application processor)
cpu50: AMD EPYC 7551P 32-Core Processor, 1996.25 MHz, 17-01-02
cpu50: FPU,VME,DE,PSE,TSC,MSR,PAE,MCE,CX8,APIC,SEP,MTRR,PGE,MCA,CMOV,PAT,PSE36,CFLUSH,MMX,FXSR,SSE,SSE2,HTT,SSE3,PCLMUL,MWAIT,SSSE3,FMA3,CX16,SSE4.1,SSE4.2,MOVBE,POPCNT,AES,XSAVE,AVX,F16C,RDRAND,NXE,MMXX,FFXSR,PAGE1GB,RDTSCP,LONG,LAHF,CMPLEG,SVM,EAPICSP,AMCR8,ABM,SSE4A,MASSE,3DNOWP,OSVW,SKINIT,TCE,TOPEXT,CPCTR,DBKP,PCTRL3,MWAITX,ITSC,FSGSBASE,BMI1,AVX2,SMEP,BMI2,RDSEED,ADX,SMAP,CLFLUSHOPT,SHA,IBPB,XSAVEOPT,XSAVEC,XGETBV1,XSAVES
cpu50: 64KB 64b/line 4-way I-cache, 32KB 64b/line 8-way D-cache, 512KB 64b/line 8-way L2 cache, 64MB 64b/line 64-way L3 cache
cpu50: ITLB 64 4KB entries fully associative, 64 4MB entries fully associative
cpu50: DTLB 64 4KB entries fully associative, 64 4MB entries fully associative
cpu50: smt 1, core 18, package 2
cpu51 at mainbus0: apid 53 (application processor)
cpu51: AMD EPYC 7551P 32-Core Processor, 1996.25 MHz, 17-01-02
cpu51: FPU,VME,DE,PSE,TSC,MSR,PAE,MCE,CX8,APIC,SEP,MTRR,PGE,MCA,CMOV,PAT,PSE36,CFLUSH,MMX,FXSR,SSE,SSE2,HTT,SSE3,PCLMUL,MWAIT,SSSE3,FMA3,CX16,SSE4.1,SSE4.2,MOVBE,POPCNT,AES,XSAVE,AVX,F16C,RDRAND,NXE,MMXX,FFXSR,PAGE1GB,RDTSCP,LONG,LAHF,CMPLEG,SVM,EAPICSP,AMCR8,ABM,SSE4A,MASSE,3DNOWP,OSVW,SKINIT,TCE,TOPEXT,CPCTR,DBKP,PCTRL3,MWAITX,ITSC,FSGSBASE,BMI1,AVX2,SMEP,BMI2,RDSEED,ADX,SMAP,CLFLUSHOPT,SHA,IBPB,XSAVEOPT,XSAVEC,XGETBV1,XSAVES
cpu51: 64KB 64b/line 4-way I-cache, 32KB 64b/line 8-way D-cache, 512KB 64b/line 8-way L2 cache, 64MB 64b/line 64-way L3 cache
cpu51: ITLB 64 4KB entries fully associative, 64 4MB entries fully associative
cpu51: DTLB 64 4KB entries fully associative, 64 4MB entries fully associative
cpu51: smt 1, core 26, package 3
cpu52 at mainbus0: apid 13 (application processor)
cpu52: AMD EPYC 7551P 32-Core Processor, 1996.25 MHz, 17-01-02
cpu52: FPU,VME,DE,PSE,TSC,MSR,PAE,MCE,CX8,APIC,SEP,MTRR,PGE,MCA,CMOV,PAT,PSE36,CFLUSH,MMX,FXSR,SSE,SSE2,HTT,SSE3,PCLMUL,MWAIT,SSSE3,FMA3,CX16,SSE4.1,SSE4.2,MOVBE,POPCNT,AES,XSAVE,AVX,F16C,RDRAND,NXE,MMXX,FFXSR,PAGE1GB,RDTSCP,LONG,LAHF,CMPLEG,SVM,EAPICSP,AMCR8,ABM,SSE4A,MASSE,3DNOWP,OSVW,SKINIT,TCE,TOPEXT,CPCTR,DBKP,PCTRL3,MWAITX,ITSC,FSGSBASE,BMI1,AVX2,SMEP,BMI2,RDSEED,ADX,SMAP,CLFLUSHOPT,SHA,IBPB,XSAVEOPT,XSAVEC,XGETBV1,XSAVES
cpu52: 64KB 64b/line 4-way I-cache, 32KB 64b/line 8-way D-cache, 512KB 64b/line 8-way L2 cache, 64MB 64b/line 64-way L3 cache
cpu52: ITLB 64 4KB entries fully associative, 64 4MB entries fully associative
cpu52: DTLB 64 4KB entries fully associative, 64 4MB entries fully associative
cpu52: smt 1, core 6, package 0
cpu53 at mainbus0: apid 29 (application processor)
cpu53: AMD EPYC 7551P 32-Core Processor, 1996.25 MHz, 17-01-02
cpu53: FPU,VME,DE,PSE,TSC,MSR,PAE,MCE,CX8,APIC,SEP,MTRR,PGE,MCA,CMOV,PAT,PSE36,CFLUSH,MMX,FXSR,SSE,SSE2,HTT,SSE3,PCLMUL,MWAIT,SSSE3,FMA3,CX16,SSE4.1,SSE4.2,MOVBE,POPCNT,AES,XSAVE,AVX,F16C,RDRAND,NXE,MMXX,FFXSR,PAGE1GB,RDTSCP,LONG,LAHF,CMPLEG,SVM,EAPICSP,AMCR8,ABM,SSE4A,MASSE,3DNOWP,OSVW,SKINIT,TCE,TOPEXT,CPCTR,DBKP,PCTRL3,MWAITX,ITSC,FSGSBASE,BMI1,AVX2,SMEP,BMI2,RDSEED,ADX,SMAP,CLFLUSHOPT,SHA,IBPB,XSAVEOPT,XSAVEC,XGETBV1,XSAVES
cpu53: 64KB 64b/line 4-way I-cache, 32KB 64b/line 8-way D-cache, 512KB 64b/line 8-way L2 cache, 64MB 64b/line 64-way L3 cache
cpu53: ITLB 64 4KB entries fully associative, 64 4MB entries fully associative
cpu53: DTLB 64 4KB entries fully associative, 64 4MB entries fully associative
cpu53: smt 1, core 14, package 1
cpu54 at mainbus0: apid 45 (application processor)
cpu54: AMD EPYC 7551P 32-Core Processor, 1996.25 MHz, 17-01-02
cpu54: FPU,VME,DE,PSE,TSC,MSR,PAE,MCE,CX8,APIC,SEP,MTRR,PGE,MCA,CMOV,PAT,PSE36,CFLUSH,MMX,FXSR,SSE,SSE2,HTT,SSE3,PCLMUL,MWAIT,SSSE3,FMA3,CX16,SSE4.1,SSE4.2,MOVBE,POPCNT,AES,XSAVE,AVX,F16C,RDRAND,NXE,MMXX,FFXSR,PAGE1GB,RDTSCP,LONG,LAHF,CMPLEG,SVM,EAPICSP,AMCR8,ABM,SSE4A,MASSE,3DNOWP,OSVW,SKINIT,TCE,TOPEXT,CPCTR,DBKP,PCTRL3,MWAITX,ITSC,FSGSBASE,BMI1,AVX2,SMEP,BMI2,RDSEED,ADX,SMAP,CLFLUSHOPT,SHA,IBPB,XSAVEOPT,XSAVEC,XGETBV1,XSAVES
cpu54: 64KB 64b/line 4-way I-cache, 32KB 64b/line 8-way D-cache, 512KB 64b/line 8-way L2 cache, 64MB 64b/line 64-way L3 cache
cpu54: ITLB 64 4KB entries fully associative, 64 4MB entries fully associative
cpu54: DTLB 64 4KB entries fully associative, 64 4MB entries fully associative
cpu54: smt 1, core 22, package 2
cpu55 at mainbus0: apid 61 (application processor)
cpu55: AMD EPYC 7551P 32-Core Processor, 1996.25 MHz, 17-01-02
cpu55: FPU,VME,DE,PSE,TSC,MSR,PAE,MCE,CX8,APIC,SEP,MTRR,PGE,MCA,CMOV,PAT,PSE36,CFLUSH,MMX,FXSR,SSE,SSE2,HTT,SSE3,PCLMUL,MWAIT,SSSE3,FMA3,CX16,SSE4.1,SSE4.2,MOVBE,POPCNT,AES,XSAVE,AVX,F16C,RDRAND,NXE,MMXX,FFXSR,PAGE1GB,RDTSCP,LONG,LAHF,CMPLEG,SVM,EAPICSP,AMCR8,ABM,SSE4A,MASSE,3DNOWP,OSVW,SKINIT,TCE,TOPEXT,CPCTR,DBKP,PCTRL3,MWAITX,ITSC,FSGSBASE,BMI1,AVX2,SMEP,BMI2,RDSEED,ADX,SMAP,CLFLUSHOPT,SHA,IBPB,XSAVEOPT,XSAVEC,XGETBV1,XSAVES
cpu55: 64KB 64b/line 4-way I-cache, 32KB 64b/line 8-way D-cache, 512KB 64b/line 8-way L2 cache, 64MB 64b/line 64-way L3 cache
cpu55: ITLB 64 4KB entries fully associative, 64 4MB entries fully associative
cpu55: DTLB 64 4KB entries fully associative, 64 4MB entries fully associative
cpu55: smt 1, core 30, package 3
cpu56 at mainbus0: apid 7 (application processor)
cpu56: AMD EPYC 7551P 32-Core Processor, 1996.25 MHz, 17-01-02
cpu56: FPU,VME,DE,PSE,TSC,MSR,PAE,MCE,CX8,APIC,SEP,MTRR,PGE,MCA,CMOV,PAT,PSE36,CFLUSH,MMX,FXSR,SSE,SSE2,HTT,SSE3,PCLMUL,MWAIT,SSSE3,FMA3,CX16,SSE4.1,SSE4.2,MOVBE,POPCNT,AES,XSAVE,AVX,F16C,RDRAND,NXE,MMXX,FFXSR,PAGE1GB,RDTSCP,LONG,LAHF,CMPLEG,SVM,EAPICSP,AMCR8,ABM,SSE4A,MASSE,3DNOWP,OSVW,SKINIT,TCE,TOPEXT,CPCTR,DBKP,PCTRL3,MWAITX,ITSC,FSGSBASE,BMI1,AVX2,SMEP,BMI2,RDSEED,ADX,SMAP,CLFLUSHOPT,SHA,IBPB,XSAVEOPT,XSAVEC,XGETBV1,XSAVES
cpu56: 64KB 64b/line 4-way I-cache, 32KB 64b/line 8-way D-cache, 512KB 64b/line 8-way L2 cache, 64MB 64b/line 64-way L3 cache
cpu56: ITLB 64 4KB entries fully associative, 64 4MB entries fully associative
cpu56: DTLB 64 4KB entries fully associative, 64 4MB entries fully associative
cpu56: smt 1, core 3, package 0
cpu57 at mainbus0: apid 23 (application processor)
cpu57: AMD EPYC 7551P 32-Core Processor, 1996.25 MHz, 17-01-02
cpu57: FPU,VME,DE,PSE,TSC,MSR,PAE,MCE,CX8,APIC,SEP,MTRR,PGE,MCA,CMOV,PAT,PSE36,CFLUSH,MMX,FXSR,SSE,SSE2,HTT,SSE3,PCLMUL,MWAIT,SSSE3,FMA3,CX16,SSE4.1,SSE4.2,MOVBE,POPCNT,AES,XSAVE,AVX,F16C,RDRAND,NXE,MMXX,FFXSR,PAGE1GB,RDTSCP,LONG,LAHF,CMPLEG,SVM,EAPICSP,AMCR8,ABM,SSE4A,MASSE,3DNOWP,OSVW,SKINIT,TCE,TOPEXT,CPCTR,DBKP,PCTRL3,MWAITX,ITSC,FSGSBASE,BMI1,AVX2,SMEP,BMI2,RDSEED,ADX,SMAP,CLFLUSHOPT,SHA,IBPB,XSAVEOPT,XSAVEC,XGETBV1,XSAVES
cpu57: 64KB 64b/line 4-way I-cache, 32KB 64b/line 8-way D-cache, 512KB 64b/line 8-way L2 cache, 64MB 64b/line 64-way L3 cache
cpu57: ITLB 64 4KB entries fully associative, 64 4MB entries fully associative
cpu57: DTLB 64 4KB entries fully associative, 64 4MB entries fully associative
cpu57: smt 1, core 11, package 1
cpu58 at mainbus0: apid 39 (application processor)
cpu58: AMD EPYC 7551P 32-Core Processor, 1996.25 MHz, 17-01-02
cpu58: FPU,VME,DE,PSE,TSC,MSR,PAE,MCE,CX8,APIC,SEP,MTRR,PGE,MCA,CMOV,PAT,PSE36,CFLUSH,MMX,FXSR,SSE,SSE2,HTT,SSE3,PCLMUL,MWAIT,SSSE3,FMA3,CX16,SSE4.1,SSE4.2,MOVBE,POPCNT,AES,XSAVE,AVX,F16C,RDRAND,NXE,MMXX,FFXSR,PAGE1GB,RDTSCP,LONG,LAHF,CMPLEG,SVM,EAPICSP,AMCR8,ABM,SSE4A,MASSE,3DNOWP,OSVW,SKINIT,TCE,TOPEXT,CPCTR,DBKP,PCTRL3,MWAITX,ITSC,FSGSBASE,BMI1,AVX2,SMEP,BMI2,RDSEED,ADX,SMAP,CLFLUSHOPT,SHA,IBPB,XSAVEOPT,XSAVEC,XGETBV1,XSAVES
cpu58: 64KB 64b/line 4-way I-cache, 32KB 64b/line 8-way D-cache, 512KB 64b/line 8-way L2 cache, 64MB 64b/line 64-way L3 cache
cpu58: ITLB 64 4KB entries fully associative, 64 4MB entries fully associative
cpu58: DTLB 64 4KB entries fully associative, 64 4MB entries fully associative
cpu58: smt 1, core 19, package 2
cpu59 at mainbus0: apid 55 (application processor)
cpu59: AMD EPYC 7551P 32-Core Processor, 1996.25 MHz, 17-01-02
cpu59: FPU,VME,DE,PSE,TSC,MSR,PAE,MCE,CX8,APIC,SEP,MTRR,PGE,MCA,CMOV,PAT,PSE36,CFLUSH,MMX,FXSR,SSE,SSE2,HTT,SSE3,PCLMUL,MWAIT,SSSE3,FMA3,CX16,SSE4.1,SSE4.2,MOVBE,POPCNT,AES,XSAVE,AVX,F16C,RDRAND,NXE,MMXX,FFXSR,PAGE1GB,RDTSCP,LONG,LAHF,CMPLEG,SVM,EAPICSP,AMCR8,ABM,SSE4A,MASSE,3DNOWP,OSVW,SKINIT,TCE,TOPEXT,CPCTR,DBKP,PCTRL3,MWAITX,ITSC,FSGSBASE,BMI1,AVX2,SMEP,BMI2,RDSEED,ADX,SMAP,CLFLUSHOPT,SHA,IBPB,XSAVEOPT,XSAVEC,XGETBV1,XSAVES
cpu59: 64KB 64b/line 4-way I-cache, 32KB 64b/line 8-way D-cache, 512KB 64b/line 8-way L2 cache, 64MB 64b/line 64-way L3 cache
cpu59: ITLB 64 4KB entries fully associative, 64 4MB entries fully associative
cpu59: DTLB 64 4KB entries fully associative, 64 4MB entries fully associative
cpu59: smt 1, core 27, package 3
cpu60 at mainbus0: apid 15 (application processor)
cpu60: AMD EPYC 7551P 32-Core Processor, 1996.25 MHz, 17-01-02
cpu60: FPU,VME,DE,PSE,TSC,MSR,PAE,MCE,CX8,APIC,SEP,MTRR,PGE,MCA,CMOV,PAT,PSE36,CFLUSH,MMX,FXSR,SSE,SSE2,HTT,SSE3,PCLMUL,MWAIT,SSSE3,FMA3,CX16,SSE4.1,SSE4.2,MOVBE,POPCNT,AES,XSAVE,AVX,F16C,RDRAND,NXE,MMXX,FFXSR,PAGE1GB,RDTSCP,LONG,LAHF,CMPLEG,SVM,EAPICSP,AMCR8,ABM,SSE4A,MASSE,3DNOWP,OSVW,SKINIT,TCE,TOPEXT,CPCTR,DBKP,PCTRL3,MWAITX,ITSC,FSGSBASE,BMI1,AVX2,SMEP,BMI2,RDSEED,ADX,SMAP,CLFLUSHOPT,SHA,IBPB,XSAVEOPT,XSAVEC,XGETBV1,XSAVES
cpu60: 64KB 64b/line 4-way I-cache, 32KB 64b/line 8-way D-cache, 512KB 64b/line 8-way L2 cache, 64MB 64b/line 64-way L3 cache
cpu60: ITLB 64 4KB entries fully associative, 64 4MB entries fully associative
cpu60: DTLB 64 4KB entries fully associative, 64 4MB entries fully associative
cpu60: smt 1, core 7, package 0
cpu61 at mainbus0: apid 31 (application processor)
cpu61: AMD EPYC 7551P 32-Core Processor, 1996.25 MHz, 17-01-02
cpu61: FPU,VME,DE,PSE,TSC,MSR,PAE,MCE,CX8,APIC,SEP,MTRR,PGE,MCA,CMOV,PAT,PSE36,CFLUSH,MMX,FXSR,SSE,SSE2,HTT,SSE3,PCLMUL,MWAIT,SSSE3,FMA3,CX16,SSE4.1,SSE4.2,MOVBE,POPCNT,AES,XSAVE,AVX,F16C,RDRAND,NXE,MMXX,FFXSR,PAGE1GB,RDTSCP,LONG,LAHF,CMPLEG,SVM,EAPICSP,AMCR8,ABM,SSE4A,MASSE,3DNOWP,OSVW,SKINIT,TCE,TOPEXT,CPCTR,DBKP,PCTRL3,MWAITX,ITSC,FSGSBASE,BMI1,AVX2,SMEP,BMI2,RDSEED,ADX,SMAP,CLFLUSHOPT,SHA,IBPB,XSAVEOPT,XSAVEC,XGETBV1,XSAVES
cpu61: 64KB 64b/line 4-way I-cache, 32KB 64b/line 8-way D-cache, 512KB 64b/line 8-way L2 cache, 64MB 64b/line 64-way L3 cache
cpu61: ITLB 64 4KB entries fully associative, 64 4MB entries fully associative
cpu61: DTLB 64 4KB entries fully associative, 64 4MB entries fully associative
cpu61: smt 1, core 15, package 1
cpu62 at mainbus0: apid 47 (application processor)
cpu62: AMD EPYC 7551P 32-Core Processor, 1996.25 MHz, 17-01-02
cpu62: FPU,VME,DE,PSE,TSC,MSR,PAE,MCE,CX8,APIC,SEP,MTRR,PGE,MCA,CMOV,PAT,PSE36,CFLUSH,MMX,FXSR,SSE,SSE2,HTT,SSE3,PCLMUL,MWAIT,SSSE3,FMA3,CX16,SSE4.1,SSE4.2,MOVBE,POPCNT,AES,XSAVE,AVX,F16C,RDRAND,NXE,MMXX,FFXSR,PAGE1GB,RDTSCP,LONG,LAHF,CMPLEG,SVM,EAPICSP,AMCR8,ABM,SSE4A,MASSE,3DNOWP,OSVW,SKINIT,TCE,TOPEXT,CPCTR,DBKP,PCTRL3,MWAITX,ITSC,FSGSBASE,BMI1,AVX2,SMEP,BMI2,RDSEED,ADX,SMAP,CLFLUSHOPT,SHA,IBPB,XSAVEOPT,XSAVEC,XGETBV1,XSAVES
cpu62: 64KB 64b/line 4-way I-cache, 32KB 64b/line 8-way D-cache, 512KB 64b/line 8-way L2 cache, 64MB 64b/line 64-way L3 cache
cpu62: ITLB 64 4KB entries fully associative, 64 4MB entries fully associative
cpu62: DTLB 64 4KB entries fully associative, 64 4MB entries fully associative
cpu62: smt 1, core 23, package 2
cpu63 at mainbus0: apid 63 (application processor)
cpu63: AMD EPYC 7551P 32-Core Processor, 1996.25 MHz, 17-01-02
cpu63: FPU,VME,DE,PSE,TSC,MSR,PAE,MCE,CX8,APIC,SEP,MTRR,PGE,MCA,CMOV,PAT,PSE36,CFLUSH,MMX,FXSR,SSE,SSE2,HTT,SSE3,PCLMUL,MWAIT,SSSE3,FMA3,CX16,SSE4.1,SSE4.2,MOVBE,POPCNT,AES,XSAVE,AVX,F16C,RDRAND,NXE,MMXX,FFXSR,PAGE1GB,RDTSCP,LONG,LAHF,CMPLEG,SVM,EAPICSP,AMCR8,ABM,SSE4A,MASSE,3DNOWP,OSVW,SKINIT,TCE,TOPEXT,CPCTR,DBKP,PCTRL3,MWAITX,ITSC,FSGSBASE,BMI1,AVX2,SMEP,BMI2,RDSEED,ADX,SMAP,CLFLUSHOPT,SHA,IBPB,XSAVEOPT,XSAVEC,XGETBV1,XSAVES
cpu63: 64KB 64b/line 4-way I-cache, 32KB 64b/line 8-way D-cache, 512KB 64b/line 8-way L2 cache, 64MB 64b/line 64-way L3 cache
cpu63: ITLB 64 4KB entries fully associative, 64 4MB entries fully associative
cpu63: DTLB 64 4KB entries fully associative, 64 4MB entries fully associative
cpu63: smt 1, core 31, package 3
ioapic0 at mainbus0: apid 128 pa 0xfec00000, version 21, 24 pins, can't remap
ioapic1 at mainbus0: apid 129 pa 0xfd880000, version 21, 32 pins, can't remap
ioapic2 at mainbus0: apid 130 pa 0xe0900000, version 21, 32 pins, can't remap
ioapic3 at mainbus0: apid 131 pa 0xc5900000, version 21, 32 pins, can't remap
ioapic4 at mainbus0: apid 132 pa 0xaa900000, version 21, 32 pins, can't remap
acpimadt0: unknown apic structure type 80
acpimadt0: unknown apic structure type 80
acpimadt0: unknown apic structure type 80
acpimadt0: unknown apic structure type 80
acpimcfg0 at acpi0
acpimcfg0: addr 0x80000000, bus 0-255
acpiprt0 at acpi0: bus 0 (PC00)
acpiprt1 at acpi0: bus 1 (D011)
acpiprt2 at acpi0: bus 2 (D012)
acpiprt3 at acpi0: bus 3 (D013)
acpiprt4 at acpi0: bus 4 (D014)
acpiprt5 at acpi0: bus -1 (D021)
acpiprt6 at acpi0: bus 5 (D031)
acpiprt7 at acpi0: bus -1 (D032)
acpiprt8 at acpi0: bus -1 (D033)
acpiprt9 at acpi0: bus -1 (D034)
acpiprt10 at acpi0: bus -1 (D041)
acpiprt11 at acpi0: bus 6 (D071)
acpiprt12 at acpi0: bus 7 (D081)
acpiprt13 at acpi0: bus 64 (PC01)
acpiprt14 at acpi0: bus -1 (D011)
acpiprt15 at acpi0: bus 65 (D012)
acpiprt16 at acpi0: bus 66 (D013)
acpiprt17 at acpi0: bus -1 (D014)
acpiprt18 at acpi0: bus -1 (D021)
acpiprt19 at acpi0: bus -1 (D031)
acpiprt20 at acpi0: bus -1 (D032)
acpiprt21 at acpi0: bus -1 (D033)
acpiprt22 at acpi0: bus -1 (D034)
acpiprt23 at acpi0: bus -1 (D041)
acpiprt24 at acpi0: bus 67 (D071)
acpiprt25 at acpi0: bus 68 (D081)
acpiprt26 at acpi0: bus 128 (PC02)
acpiprt27 at acpi0: bus 129 (D011)
acpiprt28 at acpi0: bus 130 (D012)
acpiprt29 at acpi0: bus -1 (D00F)
acpiprt30 at acpi0: bus -1 (D013)
acpiprt31 at acpi0: bus -1 (D014)
acpiprt32 at acpi0: bus -1 (D021)
acpiprt33 at acpi0: bus 132 (D031)
acpiprt34 at acpi0: bus -1 (D032)
acpiprt35 at acpi0: bus -1 (D033)
acpiprt36 at acpi0: bus -1 (D034)
acpiprt37 at acpi0: bus -1 (D041)
acpiprt38 at acpi0: bus 133 (D071)
acpiprt39 at acpi0: bus 134 (D081)
acpiprt40 at acpi0: bus 192 (PC03)
acpiprt41 at acpi0: bus 193 (D011)
acpiprt42 at acpi0: bus -1 (D012)
acpiprt43 at acpi0: bus -1 (D013)
acpiprt44 at acpi0: bus -1 (D014)
acpiprt45 at acpi0: bus -1 (D021)
acpiprt46 at acpi0: bus 194 (D031)
acpiprt47 at acpi0: bus 195 (D032)
acpiprt48 at acpi0: bus 196 (D033)
acpiprt49 at acpi0: bus 197 (D034)
acpiprt50 at acpi0: bus -1 (D041)
acpiprt51 at acpi0: bus 198 (D071)
acpiprt52 at acpi0: bus 199 (D081)
&quot;PNP0C33&quot; at acpi0 not configured
acpibtn0 at acpi0: PWRB
acpipci0 at acpi0 PC00: 0x00000000 0x00000011 0x00000001
acpicmos0 at acpi0
&quot;IPI0001&quot; at acpi0 not configured
acpipci1 at acpi0 PC01: 0x00000000 0x00000011 0x00000001
acpipci2 at acpi0 PC02: 0x00000000 0x00000011 0x00000001
acpipci3 at acpi0 PC03: 0x00000000 0x00000011 0x00000001
&quot;ACPI0007&quot; at acpi0 not configured
&quot;ACPI0007&quot; at acpi0 not configured
&quot;ACPI0007&quot; at acpi0 not configured
&quot;ACPI0007&quot; at acpi0 not configured
&quot;ACPI0007&quot; at acpi0 not configured
&quot;ACPI0007&quot; at acpi0 not configured
&quot;ACPI0007&quot; at acpi0 not configured
&quot;ACPI0007&quot; at acpi0 not configured
&quot;ACPI0007&quot; at acpi0 not configured
&quot;ACPI0007&quot; at acpi0 not configured
&quot;ACPI0007&quot; at acpi0 not configured
&quot;ACPI0007&quot; at acpi0 not configured
&quot;ACPI0007&quot; at acpi0 not configured
&quot;ACPI0007&quot; at acpi0 not configured
&quot;ACPI0007&quot; at acpi0 not configured
&quot;ACPI0007&quot; at acpi0 not configured
&quot;ACPI0007&quot; at acpi0 not configured
&quot;ACPI0007&quot; at acpi0 not configured
&quot;ACPI0007&quot; at acpi0 not configured
&quot;ACPI0007&quot; at acpi0 not configured
&quot;ACPI0007&quot; at acpi0 not configured
&quot;ACPI0007&quot; at acpi0 not configured
&quot;ACPI0007&quot; at acpi0 not configured
&quot;ACPI0007&quot; at acpi0 not configured
&quot;ACPI0007&quot; at acpi0 not configured
&quot;ACPI0007&quot; at acpi0 not configured
&quot;ACPI0007&quot; at acpi0 not configured
&quot;ACPI0007&quot; at acpi0 not configured
&quot;ACPI0007&quot; at acpi0 not configured
&quot;ACPI0007&quot; at acpi0 not configured
&quot;ACPI0007&quot; at acpi0 not configured
&quot;ACPI0007&quot; at acpi0 not configured
&quot;ACPI0007&quot; at acpi0 not configured
&quot;ACPI0007&quot; at acpi0 not configured
&quot;ACPI0007&quot; at acpi0 not configured
&quot;ACPI0007&quot; at acpi0 not configured
&quot;ACPI0007&quot; at acpi0 not configured
&quot;ACPI0007&quot; at acpi0 not configured
&quot;ACPI0007&quot; at acpi0 not configured
&quot;ACPI0007&quot; at acpi0 not configured
&quot;ACPI0007&quot; at acpi0 not configured
&quot;ACPI0007&quot; at acpi0 not configured
&quot;ACPI0007&quot; at acpi0 not configured
&quot;ACPI0007&quot; at acpi0 not configured
&quot;ACPI0007&quot; at acpi0 not configured
&quot;ACPI0007&quot; at acpi0 not configured
&quot;ACPI0007&quot; at acpi0 not configured
&quot;ACPI0007&quot; at acpi0 not configured
&quot;ACPI0007&quot; at acpi0 not configured
&quot;ACPI0007&quot; at acpi0 not configured
&quot;ACPI0007&quot; at acpi0 not configured
&quot;ACPI0007&quot; at acpi0 not configured
&quot;ACPI0007&quot; at acpi0 not configured
&quot;ACPI0007&quot; at acpi0 not configured
&quot;ACPI0007&quot; at acpi0 not configured
&quot;ACPI0007&quot; at acpi0 not configured
&quot;ACPI0007&quot; at acpi0 not configured
&quot;ACPI0007&quot; at acpi0 not configured
&quot;ACPI0007&quot; at acpi0 not configured
&quot;ACPI0007&quot; at acpi0 not configured
&quot;ACPI0007&quot; at acpi0 not configured
&quot;ACPI0007&quot; at acpi0 not configured
&quot;ACPI0007&quot; at acpi0 not configured
&quot;ACPI0007&quot; at acpi0 not configured
&quot;ACPI0007&quot; at acpi0 not configured
&quot;ACPI0007&quot; at acpi0 not configured
&quot;ACPI0007&quot; at acpi0 not configured
&quot;ACPI0007&quot; at acpi0 not configured
&quot;ACPI0007&quot; at acpi0 not configured
&quot;ACPI0007&quot; at acpi0 not configured
&quot;ACPI0007&quot; at acpi0 not configured
&quot;ACPI0007&quot; at acpi0 not configured
&quot;ACPI0007&quot; at acpi0 not configured
&quot;ACPI0007&quot; at acpi0 not configured
&quot;ACPI0007&quot; at acpi0 not configured
&quot;ACPI0007&quot; at acpi0 not configured
&quot;ACPI0007&quot; at acpi0 not configured
&quot;ACPI0007&quot; at acpi0 not configured
&quot;ACPI0007&quot; at acpi0 not configured
&quot;ACPI0007&quot; at acpi0 not configured
&quot;ACPI0007&quot; at acpi0 not configured
&quot;ACPI0007&quot; at acpi0 not configured
&quot;ACPI0007&quot; at acpi0 not configured
&quot;ACPI0007&quot; at acpi0 not configured
&quot;ACPI0007&quot; at acpi0 not configured
&quot;ACPI0007&quot; at acpi0 not configured
&quot;ACPI0007&quot; at acpi0 not configured
&quot;ACPI0007&quot; at acpi0 not configured
&quot;ACPI0007&quot; at acpi0 not configured
&quot;ACPI0007&quot; at acpi0 not configured
&quot;ACPI0007&quot; at acpi0 not configured
&quot;ACPI0007&quot; at acpi0 not configured
&quot;ACPI0007&quot; at acpi0 not configured
&quot;ACPI0007&quot; at acpi0 not configured
&quot;ACPI0007&quot; at acpi0 not configured
&quot;ACPI0007&quot; at acpi0 not configured
&quot;ACPI0007&quot; at acpi0 not configured
&quot;ACPI0007&quot; at acpi0 not configured
&quot;ACPI0007&quot; at acpi0 not configured
&quot;ACPI0007&quot; at acpi0 not configured
&quot;ACPI0007&quot; at acpi0 not configured
&quot;ACPI0007&quot; at acpi0 not configured
&quot;ACPI0007&quot; at acpi0 not configured
&quot;ACPI0007&quot; at acpi0 not configured
&quot;ACPI0007&quot; at acpi0 not configured
&quot;ACPI0007&quot; at acpi0 not configured
&quot;ACPI0007&quot; at acpi0 not configured
&quot;ACPI0007&quot; at acpi0 not configured
&quot;ACPI0007&quot; at acpi0 not configured
&quot;ACPI0007&quot; at acpi0 not configured
&quot;ACPI0007&quot; at acpi0 not configured
&quot;ACPI0007&quot; at acpi0 not configured
&quot;ACPI0007&quot; at acpi0 not configured
&quot;ACPI0007&quot; at acpi0 not configured
&quot;ACPI0007&quot; at acpi0 not configured
&quot;ACPI0007&quot; at acpi0 not configured
&quot;ACPI0007&quot; at acpi0 not configured
&quot;ACPI0007&quot; at acpi0 not configured
&quot;ACPI0007&quot; at acpi0 not configured
&quot;ACPI0007&quot; at acpi0 not configured
&quot;ACPI0007&quot; at acpi0 not configured
&quot;ACPI0007&quot; at acpi0 not configured
&quot;ACPI0007&quot; at acpi0 not configured
&quot;ACPI0007&quot; at acpi0 not configured
&quot;ACPI0007&quot; at acpi0 not configured
&quot;ACPI0007&quot; at acpi0 not configured
&quot;ACPI0007&quot; at acpi0 not configured
&quot;ACPI0007&quot; at acpi0 not configured
ipmi at mainbus0 not configured
pci0 at mainbus0 bus 0
0:1:1: bridge mem address conflict 0xf7400000/0x200000
0:1:2: bridge mem address conflict 0xf7b00000/0x100000
0:1:3: bridge mem address conflict 0xf7200000/0x200000
0:1:4: bridge mem address conflict 0xf7000000/0x200000
0:3:1: bridge mem address conflict 0xe2000000/0x4000000
0:7:1: bridge mem address conflict 0xf7800000/0x300000
0:8:1: bridge mem address conflict 0xf7600000/0x200000
pchb0 at pci0 dev 0 function 0 &quot;AMD AMD64 17h Root Complex&quot; rev 0x00
&quot;AMD AMD64 17h IOMMU&quot; rev 0x00 at pci0 dev 0 function 2 not configured
pchb1 at pci0 dev 1 function 0 &quot;AMD AMD64 17h PCIE&quot; rev 0x00
ppb0 at pci0 dev 1 function 1 &quot;AMD AMD64 17h PCIE&quot; rev 0x00: msi
pci1 at ppb0 bus 1
ppb1 at pci0 dev 1 function 2 &quot;AMD AMD64 17h PCIE&quot; rev 0x00: msi
pci2 at ppb1 bus 2
2:0:0: mem address conflict 0xf7b00000/0x4000
nvme0 at pci2 dev 0 function 0 vendor &quot;Samsung&quot;, unknown product 0xa822 rev 0x01: msi, NVMe 0.16
nvme0: unable to enable controller
ppb2 at pci0 dev 1 function 3 &quot;AMD AMD64 17h PCIE&quot; rev 0x00: msi
pci3 at ppb2 bus 3
ppb3 at pci0 dev 1 function 4 &quot;AMD AMD64 17h PCIE&quot; rev 0x00: msi
pci4 at ppb3 bus 4
pchb2 at pci0 dev 2 function 0 &quot;AMD AMD64 17h PCIE&quot; rev 0x00
pchb3 at pci0 dev 3 function 0 &quot;AMD AMD64 17h PCIE&quot; rev 0x00
ppb4 at pci0 dev 3 function 1 &quot;AMD AMD64 17h PCIE&quot; rev 0x00: msi
pci5 at ppb4 bus 5
5:0:0: mem address conflict 0xe4000000/0x2000000
5:0:1: mem address conflict 0xe2000000/0x2000000
&quot;Mellanox ConnectX-4 Lx&quot; rev 0x00 at pci5 dev 0 function 0 not configured
&quot;Mellanox ConnectX-4 Lx&quot; rev 0x00 at pci5 dev 0 function 1 not configured
pchb4 at pci0 dev 4 function 0 &quot;AMD AMD64 17h PCIE&quot; rev 0x00
pchb5 at pci0 dev 7 function 0 &quot;AMD AMD64 17h PCIE&quot; rev 0x00
ppb5 at pci0 dev 7 function 1 &quot;AMD AMD64 17h PCIE&quot; rev 0x00
pci6 at ppb5 bus 6
vendor &quot;AMD&quot;, unknown product 0x145a (class instrumentation unknown subclass 0x00, rev 0x00) at pci6 dev 0 function 0 not configured
ccp0 at pci6 dev 0 function 2 &quot;AMD Cryptographic Co-processor v5a&quot; rev 0x00
xhci0 at pci6 dev 0 function 3 &quot;AMD AMD64 17h xHCI&quot; rev 0x00: msi, xHCI 255.255
xhci0: reset timeout
xhci0: init failed, error=5
pchb6 at pci0 dev 8 function 0 &quot;AMD AMD64 17h PCIE&quot; rev 0x00
ppb6 at pci0 dev 8 function 1 &quot;AMD AMD64 17h PCIE&quot; rev 0x00
pci7 at ppb6 bus 7
vendor &quot;AMD&quot;, unknown product 0x1455 (class instrumentation unknown subclass 0x00, rev 0x00) at pci7 dev 0 function 0 not configured
ccp1 at pci7 dev 0 function 1 &quot;AMD Cryptographic Co-processor v5b&quot; rev 0x00
&quot;AMD FCH SMBus&quot; rev 0x59 at pci0 dev 20 function 0 not configured
pcib0 at pci0 dev 20 function 3 &quot;AMD FCH LPC&quot; rev 0x51
pchb7 at pci0 dev 24 function 0 &quot;AMD AMD64 17h Data Fabric&quot; rev 0x00
pchb8 at pci0 dev 24 function 1 &quot;AMD AMD64 17h Data Fabric&quot; rev 0x00
pchb9 at pci0 dev 24 function 2 &quot;AMD AMD64 17h Data Fabric&quot; rev 0x00
pchb10 at pci0 dev 24 function 3 &quot;AMD AMD64 17h Data Fabric&quot; rev 0x00
pchb11 at pci0 dev 24 function 4 &quot;AMD AMD64 17h Data Fabric&quot; rev 0x00
pchb12 at pci0 dev 24 function 5 &quot;AMD AMD64 17h Data Fabric&quot; rev 0x00
pchb13 at pci0 dev 24 function 6 &quot;AMD AMD64 17h Data Fabric&quot; rev 0x00
pchb14 at pci0 dev 24 function 7 &quot;AMD AMD64 17h Data Fabric&quot; rev 0x00
pchb15 at pci0 dev 25 function 0 &quot;AMD AMD64 17h Data Fabric&quot; rev 0x00
pchb16 at pci0 dev 25 function 1 &quot;AMD AMD64 17h Data Fabric&quot; rev 0x00
pchb17 at pci0 dev 25 function 2 &quot;AMD AMD64 17h Data Fabric&quot; rev 0x00
pchb18 at pci0 dev 25 function 3 &quot;AMD AMD64 17h Data Fabric&quot; rev 0x00
pchb19 at pci0 dev 25 function 4 &quot;AMD AMD64 17h Data Fabric&quot; rev 0x00
pchb20 at pci0 dev 25 function 5 &quot;AMD AMD64 17h Data Fabric&quot; rev 0x00
pchb21 at pci0 dev 25 function 6 &quot;AMD AMD64 17h Data Fabric&quot; rev 0x00
pchb22 at pci0 dev 25 function 7 &quot;AMD AMD64 17h Data Fabric&quot; rev 0x00
pchb23 at pci0 dev 26 function 0 &quot;AMD AMD64 17h Data Fabric&quot; rev 0x00
pchb24 at pci0 dev 26 function 1 &quot;AMD AMD64 17h Data Fabric&quot; rev 0x00
pchb25 at pci0 dev 26 function 2 &quot;AMD AMD64 17h Data Fabric&quot; rev 0x00
pchb26 at pci0 dev 26 function 3 &quot;AMD AMD64 17h Data Fabric&quot; rev 0x00
pchb27 at pci0 dev 26 function 4 &quot;AMD AMD64 17h Data Fabric&quot; rev 0x00
pchb28 at pci0 dev 26 function 5 &quot;AMD AMD64 17h Data Fabric&quot; rev 0x00
pchb29 at pci0 dev 26 function 6 &quot;AMD AMD64 17h Data Fabric&quot; rev 0x00
pchb30 at pci0 dev 26 function 7 &quot;AMD AMD64 17h Data Fabric&quot; rev 0x00
pchb31 at pci0 dev 27 function 0 &quot;AMD AMD64 17h Data Fabric&quot; rev 0x00
pchb32 at pci0 dev 27 function 1 &quot;AMD AMD64 17h Data Fabric&quot; rev 0x00
pchb33 at pci0 dev 27 function 2 &quot;AMD AMD64 17h Data Fabric&quot; rev 0x00
pchb34 at pci0 dev 27 function 3 &quot;AMD AMD64 17h Data Fabric&quot; rev 0x00
pchb35 at pci0 dev 27 function 4 &quot;AMD AMD64 17h Data Fabric&quot; rev 0x00
pchb36 at pci0 dev 27 function 5 &quot;AMD AMD64 17h Data Fabric&quot; rev 0x00
pchb37 at pci0 dev 27 function 6 &quot;AMD AMD64 17h Data Fabric&quot; rev 0x00
pchb38 at pci0 dev 27 function 7 &quot;AMD AMD64 17h Data Fabric&quot; rev 0x00
isa0 at pcib0
isadma0 at isa0
com0 at isa0 port 0x3f8/8 irq 4: ns16550a, 16 byte fifo
com1 at isa0 port 0x2f8/8 irq 3: ns16550a, 16 byte fifo
pckbc0 at isa0 port 0x60/5 irq 1 irq 12
vga0 at isa0 port 0x3b0/48 iomem 0xa0000/131072
wsdisplay0 at vga0 mux 1: console (80x25, vt100 emulation)
wsdisplay0: screen 1-5 added (80x25, vt100 emulation)
pcppi0 at isa0 port 0x61
spkr0 at pcppi0
pci8 at mainbus0 bus 64
pchb39 at pci8 dev 0 function 0 &quot;AMD AMD64 17h Root Complex&quot; rev 0x00
&quot;AMD AMD64 17h IOMMU&quot; rev 0x00 at pci8 dev 0 function 2 not configured
pchb40 at pci8 dev 1 function 0 &quot;AMD AMD64 17h PCIE&quot; rev 0x00
ppb7 at pci8 dev 1 function 2 &quot;AMD AMD64 17h PCIE&quot; rev 0x00: msi
pci9 at ppb7 bus 65
ppb8 at pci8 dev 1 function 3 &quot;AMD AMD64 17h PCIE&quot; rev 0x00: msi
pci10 at ppb8 bus 66
pchb41 at pci8 dev 2 function 0 &quot;AMD AMD64 17h PCIE&quot; rev 0x00
pchb42 at pci8 dev 3 function 0 &quot;AMD AMD64 17h PCIE&quot; rev 0x00
pchb43 at pci8 dev 4 function 0 &quot;AMD AMD64 17h PCIE&quot; rev 0x00
pchb44 at pci8 dev 7 function 0 &quot;AMD AMD64 17h PCIE&quot; rev 0x00
ppb9 at pci8 dev 7 function 1 &quot;AMD AMD64 17h PCIE&quot; rev 0x00
pci11 at ppb9 bus 67
vendor &quot;AMD&quot;, unknown product 0x145a (class instrumentation unknown subclass 0x00, rev 0x00) at pci11 dev 0 function 0 not configured
ccp2 at pci11 dev 0 function 2 &quot;AMD Cryptographic Co-processor v5a&quot; rev 0x00
xhci1 at pci11 dev 0 function 3 &quot;AMD AMD64 17h xHCI&quot; rev 0x00: msi, xHCI 1.0
usb0 at xhci1: USB revision 3.0
uhub0 at usb0 configuration 1 interface 0 &quot;AMD xHCI root hub&quot; rev 3.00/1.00 addr 1
pchb45 at pci8 dev 8 function 0 &quot;AMD AMD64 17h PCIE&quot; rev 0x00
ppb10 at pci8 dev 8 function 1 &quot;AMD AMD64 17h PCIE&quot; rev 0x00
pci12 at ppb10 bus 68
vendor &quot;AMD&quot;, unknown product 0x1455 (class instrumentation unknown subclass 0x00, rev 0x00) at pci12 dev 0 function 0 not configured
ccp3 at pci12 dev 0 function 1 &quot;AMD Cryptographic Co-processor v5b&quot; rev 0x00
pci13 at mainbus0 bus 128
pchb46 at pci13 dev 0 function 0 &quot;AMD AMD64 17h Root Complex&quot; rev 0x00
&quot;AMD AMD64 17h IOMMU&quot; rev 0x00 at pci13 dev 0 function 2 not configured
pchb47 at pci13 dev 1 function 0 &quot;AMD AMD64 17h PCIE&quot; rev 0x00
ppb11 at pci13 dev 1 function 1 &quot;AMD AMD64 17h PCIE&quot; rev 0x00: msi
pci14 at ppb11 bus 129
129:0:0: mem address conflict 0xfffc0000/0x40000
129:0:1: mem address conflict 0xfffc0000/0x40000
bge0 at pci14 dev 0 function 0 &quot;Broadcom BCM5720&quot; rev 0x00, BCM5720 A0 (0x5720000), APE firmware NCSI 1.4.22.0: msi, address xx:xx:xx:xx:xx:xx
brgphy0 at bge0 phy 1: BCM5720C 10/100/1000baseT PHY, rev. 0
bge1 at pci14 dev 0 function 1 &quot;Broadcom BCM5720&quot; rev 0x00, BCM5720 A0 (0x5720000), APE firmware NCSI 1.4.22.0: msi, address xx:xx:xx:xx:xx:xx
brgphy1 at bge1 phy 2: BCM5720C 10/100/1000baseT PHY, rev. 0
ppb12 at pci13 dev 1 function 2 &quot;AMD AMD64 17h PCIE&quot; rev 0x00: msi
pci15 at ppb12 bus 130
ppb13 at pci15 dev 0 function 0 unknown vendor 0x1556 product 0xbe00 rev 0x02
pci16 at ppb13 bus 131
vendor &quot;Matrox&quot;, unknown product 0x0536 (class display subclass VGA, rev 0x04) at pci16 dev 0 function 0 not configured
pchb48 at pci13 dev 2 function 0 &quot;AMD AMD64 17h PCIE&quot; rev 0x00
pchb49 at pci13 dev 3 function 0 &quot;AMD AMD64 17h PCIE&quot; rev 0x00
ppb14 at pci13 dev 3 function 1 &quot;AMD AMD64 17h PCIE&quot; rev 0x00: msi
pci17 at ppb14 bus 132
ahci0 at pci17 dev 0 function 0 &quot;Marvell 88SE9230 AHCI&quot; rev 0x11: msi, AHCI 1.2
ahci0: port 0: 6.0Gb/s
ahci0: port 2: 1.5Gb/s
scsibus1 at ahci0: 32 targets
ahci0: stopping the port, softreset slot 31 was still active.
ahci0: stopping the port, softreset slot 31 was still active.
ahci0: stopping the port, softreset slot 31 was still active.
ahci0: stopping the port, softreset slot 31 was still active.
sd0 at scsibus1 targ 0 lun 0: &lt;ATA, DELLBOSS VD, MV.R&gt; SCSI3 0/direct fixed t10.ATA_DELLBOSS_VD_b1bf8717d8f70010_
sd0: 228872MB, 512 bytes/sector, 468731008 sectors, thin
ahci0: stopping the port, softreset slot 31 was still active.
ahci0: stopping the port, softreset slot 31 was still active.
pchb50 at pci13 dev 4 function 0 &quot;AMD AMD64 17h PCIE&quot; rev 0x00
pchb51 at pci13 dev 7 function 0 &quot;AMD AMD64 17h PCIE&quot; rev 0x00
ppb15 at pci13 dev 7 function 1 &quot;AMD AMD64 17h PCIE&quot; rev 0x00
pci18 at ppb15 bus 133
vendor &quot;AMD&quot;, unknown product 0x145a (class instrumentation unknown subclass 0x00, rev 0x00) at pci18 dev 0 function 0 not configured
ccp4 at pci18 dev 0 function 2 &quot;AMD Cryptographic Co-processor v5a&quot; rev 0x00
pchb52 at pci13 dev 8 function 0 &quot;AMD AMD64 17h PCIE&quot; rev 0x00
ppb16 at pci13 dev 8 function 1 &quot;AMD AMD64 17h PCIE&quot; rev 0x00
pci19 at ppb16 bus 134
vendor &quot;AMD&quot;, unknown product 0x1455 (class instrumentation unknown subclass 0x00, rev 0x00) at pci19 dev 0 function 0 not configured
ccp5 at pci19 dev 0 function 1 &quot;AMD Cryptographic Co-processor v5b&quot; rev 0x00
ahci1 at pci19 dev 0 function 2 &quot;AMD FCH AHCI&quot; rev 0x51: msi, AHCI 1.3.1
scsibus2 at ahci1: 32 targets
pci20 at mainbus0 bus 192
192:1:1: bridge mem address conflict 0x90000000/0x200000
pchb53 at pci20 dev 0 function 0 &quot;AMD AMD64 17h Root Complex&quot; rev 0x00
&quot;AMD AMD64 17h IOMMU&quot; rev 0x00 at pci20 dev 0 function 2 not configured
pchb54 at pci20 dev 1 function 0 &quot;AMD AMD64 17h PCIE&quot; rev 0x00
ppb17 at pci20 dev 1 function 1 &quot;AMD AMD64 17h PCIE&quot; rev 0x00: msi
pci21 at ppb17 bus 193
193:0:0: mem address conflict 0x90000000/0x100000
193:0:0: mem address conflict 0x90100000/0x100000
mfii0 at pci21 dev 0 function 0 &quot;Symbios Logic MegaRAID SAS3508&quot; rev 0x01: msi
mfii0: firmware fault
pchb55 at pci20 dev 2 function 0 &quot;AMD AMD64 17h PCIE&quot; rev 0x00
pchb56 at pci20 dev 3 function 0 &quot;AMD AMD64 17h PCIE&quot; rev 0x00
ppb18 at pci20 dev 3 function 1 &quot;AMD AMD64 17h PCIE&quot; rev 0x00: msi
pci22 at ppb18 bus 194
ppb19 at pci20 dev 3 function 2 &quot;AMD AMD64 17h PCIE&quot; rev 0x00: msi
pci23 at ppb19 bus 195
ppb20 at pci20 dev 3 function 3 &quot;AMD AMD64 17h PCIE&quot; rev 0x00: msi
pci24 at ppb20 bus 196
ppb21 at pci20 dev 3 function 4 &quot;AMD AMD64 17h PCIE&quot; rev 0x00: msi
pci25 at ppb21 bus 197
pchb57 at pci20 dev 4 function 0 &quot;AMD AMD64 17h PCIE&quot; rev 0x00
pchb58 at pci20 dev 7 function 0 &quot;AMD AMD64 17h PCIE&quot; rev 0x00
ppb22 at pci20 dev 7 function 1 &quot;AMD AMD64 17h PCIE&quot; rev 0x00
pci26 at ppb22 bus 198
vendor &quot;AMD&quot;, unknown product 0x145a (class instrumentation unknown subclass 0x00, rev 0x00) at pci26 dev 0 function 0 not configured
ccp6 at pci26 dev 0 function 2 &quot;AMD Cryptographic Co-processor v5a&quot; rev 0x00
pchb59 at pci20 dev 8 function 0 &quot;AMD AMD64 17h PCIE&quot; rev 0x00
ppb23 at pci20 dev 8 function 1 &quot;AMD AMD64 17h PCIE&quot; rev 0x00
pci27 at ppb23 bus 199
vendor &quot;AMD&quot;, unknown product 0x1455 (class instrumentation unknown subclass 0x00, rev 0x00) at pci27 dev 0 function 0 not configured
ccp7 at pci27 dev 0 function 1 &quot;AMD Cryptographic Co-processor v5b&quot; rev 0x00
vmm0 at mainbus0: SVM/RVI
uhub1 at uhub0 port 1 configuration 1 interface 0 &quot;vendor 0x1604 product 0x10c0&quot; rev 2.00/0.00 addr 2
uhub2 at uhub1 port 1 configuration 1 interface 0 &quot;vendor 0x1604 product 0x10c0&quot; rev 2.00/0.00 addr 3
uhidev0 at uhub2 port 1 configuration 1 interface 0 &quot;Avocent Keyboard/Mouse Function&quot; rev 2.00/0.00 addr 4
uhidev0: iclass 3/1
ukbd0 at uhidev0: 8 variable keys, 6 key codes
wskbd0 at ukbd0: console keyboard, using wsdisplay0
uhidev1 at uhub2 port 1 configuration 1 interface 1 &quot;Avocent Keyboard/Mouse Function&quot; rev 2.00/0.00 addr 4
uhidev1: iclass 3/1
ums0 at uhidev1: 3 buttons, Z dir
wsmouse0 at ums0 mux 0
uhub3 at uhub1 port 4 configuration 1 interface 0 &quot;vendor 0x1604 product 0x10c0&quot; rev 2.00/0.00 addr 5
vscsi0 at root
scsibus3 at vscsi0: 256 targets
softraid0 at root
scsibus4 at softraid0: 256 targets
root on sd0a (cb0ce563f7784c36.a) swap on sd0b dump on sd0b

</pre>



</div><!-- content -->
<br />
<div id="footer">
All comments/news/posts are the property of their individual owner and
is presented without warranty of suitability, and solely as an
informational resource. <br />
This site Copyright &copy; 2004-2020 NYC*BUG.
</div><!-- footer -->

</body>
</html>

