



<!doctype html>
<html lang="en">
<head>
<meta name="keywords"
	content="bsd, freebsd, openbsd, netbsd, dragonflybsd, nycbug, dmesgd" />
<meta name="description" content="New York City BSD User Group dmesgd" />
<meta charset="utf-8" />
<meta name="viewport" content="width=device-width, initial-scale=1" />
<title>NYC*BUG dmesgd</title>
<style>
body {
	text-align: left;
	margin: 15px auto;
	padding: 0px 10px;
}
@media (min-width: 800px) {
	body {
		max-width: 85%;
	}
}
#header {
	border-bottom: 1px solid #dbdbdb;
	font-size: 230%;
	text-align: left;
}
#footer {
	border-top: 1px solid #dbdbdb;
	clear: both;
	text-align: left;
}
.logo_bug {
	color: #cc0033;
}
#menu ul {
	list-style-type: none;
	margin: 0;
	padding: 0;
}
#menu li {
	float: left;
}
#menu li a {
	display: block;
	background-color: #dbdbdb;
	color: #000000;
	font-size: 105%;
	font-weight: bold;
	padding: 0px 6px 0px 6px;
	text-decoration: none;
}
#content {
	clear: both;
	text-align: left;
	padding-top: 10px;
}
#content h1 {
	font-size: 120%;
	font-weight: bold;
}
#content h2 {
	font-size: 110%;
	font-weight: bold;
}
#content a {
	text-decoration: none;
}
#content pre {
	background-color: #dbdbdb;
	padding: 5px 5px 5px 5px;
	white-space: pre-wrap;		/* css-3 */
	white-space: -moz-pre-wrap;	/* Mozilla, since 1999 */
	white-space: -pre-wrap;		/* Opera 4-6 */
	white-space: -o-pre-wrap;	/* Opera 7 */
	word-wrap: break-word;		/* Internet Explorer 5.5+ */
}
#content table {
	border-collapse: collapse;
}
#content table th {
	border: 1px solid #dbdbdb;
	font-size: 85%;
	white-space: nowrap;
}
#content table td {
	border: 1px solid #dbdbdb;
	font-size: 80%;
}
#content input {
	font-size: 1em;
}
#content .full	{ width: 100%; }
#content .left	{ text-align: left; }
#content .right	{ text-align: right; }
#content .center { text-align: center; }
#content .flexbox {
	display: -ms-flex;
	display: -webkit-flex;
	display: flex;
	width: 100%;
}
#content .left_col {
	min-width: 75px;
	max-width: 50%;
	flex-grow: 0;
}
#content .right_col {
	flex-grow: 1;
	margin-left: 10px;
	padding-top: 10px;
	padding-left: 10px;
}
#col {
	-moz-column-count: 3;
	-webkit-column-count: 3;
	column-count: 3;
}
</style>
</head>
<body>

<div id="header">
<strong><em>NYC*</em><span class="logo_bug">BUG</span> dmesgd</strong>
</div><!-- header -->

<div id="menu">
<ul>
<li><a href="https://dmesgd.nycbug.org/index.cgi?do=index">Home</a></li>
<li><a href="https://dmesgd.nycbug.org/index.cgi?do=submit">Submit</a></li>
<li><a href="https://www.nycbug.org/">NYC*BUG</a></li>
</ul>
</div><!-- menu -->

<div id="content">

<p>
Launched in 2004, dmesgd aims to provide a
<strong>user-submitted</strong> repository of searchable *BSD dmesgs.
The dmesg(8) command displays the system message buffer's content, and
during boot a copy is saved to <em>/var/run/dmesg.boot</em>.  This buffer
contains the operating system release, name and version, a list of
devices identified, plus a whole host of other useful information.  We
hope others find this resource useful and further contribute to its
growth. Contact us at [ admin at lists dot nycbug dot org ].
</p>

<hr />


<strong>Date:</strong> <em>2019-01-25 07:24:49</em><br />
<strong>From:</strong> <em>Dettus</em><br />
<strong>Description:</strong> <em>Alienware M15</em><br />

<pre>
OpenBSD 6.4 (RAMDISK_CD) #348: Thu Oct 11 13:36:16 MDT 2018
    xxx@xxx.xxx:/usr/src/sys/arch/amd64/compile/RAMDISK_CD
real mem = 34124906496 (32544MB)
avail mem = 33086898176 (31554MB)
mainbus0 at root
bios0 at mainbus0: SMBIOS rev. 3.2 @ 0x3a225000 (117 entries)
bios0: vendor Alienware version &quot;1.3.3&quot; date 12/20/2018
bios0: Alienware Alienware m15
acpi0 at bios0: rev 2
OpenBSD 6.4 (GENERIC.MP) #364: Thu Oct 11 13:30:23 MDT 2018
    xxx@xxx.xxx:/usr/src/sys/arch/amd64/compile/GENERIC.MP
real mem = 34124906496 (32544MB)
avail mem = 33081421824 (31548MB)
mpath0 at root
scsibus0 at mpath0: 256 targets
mainbus0 at root
bios0 at mainbus0: SMBIOS rev. 3.2 @ 0x3a225000 (117 entries)
bios0: vendor Alienware version &quot;1.3.3&quot; date 12/20/2018
bios0: Alienware Alienware m15
acpi0 at bios0: rev 2
acpi0: sleep states S0 S3 S4 S5
acpi0: tables DSDT FACP APIC FPDT FIDT ECDT MCFG SSDT SSDT SSDT MSDM SLIC BOOT SSDT SSDT HPET SSDT SSDT UEFI LPIT SSDT SSDT DBGP DBG2 SSDT SSDT SSDT DMAR SSDT
acpi0: wakeup devices PEGP(S4) PEG0(S4) PEGP(S4) PEG1(S4) PEGP(S4) PEG2(S4) PXSX(S4) RP01(S4) PXSX(S4) RP02(S4) PXSX(S4) RP03(S4) PXSX(S4) RP04(S4) PXSX(S4) RP05(S4) [...]
acpitimer0 at acpi0: 3579545 Hz, 24 bits
acpimadt0 at acpi0 addr 0xfee00000: PC-AT compat
cpu0 at mainbus0: apid 0 (boot processor)
cpu0: Intel(R) Core(TM) i7-8750H CPU @ 2.20GHz, 2096.33 MHz, 06-9e-0a
cpu0: FPU,VME,DE,PSE,TSC,MSR,PAE,MCE,CX8,APIC,SEP,MTRR,PGE,MCA,CMOV,PAT,PSE36,CFLUSH,DS,ACPI,MMX,FXSR,SSE,SSE2,SS,HTT,TM,PBE,SSE3,PCLMUL,DTES64,MWAIT,DS-CPL,VMX,EST,TM2,SSSE3,SDBG,FMA3,CX16,xTPR,PDCM,PCID,SSE4.1,SSE4.2,x2APIC,MOVBE,POPCNT,DEADLINE,AES,XSAVE,AVX,F16C,RDRAND,NXE,PAGE1GB,RDTSCP,LONG,LAHF,ABM,3DNOWP,PERF,ITSC,FSGSBASE,SGX,BMI1,AVX2,SMEP,BMI2,ERMS,INVPCID,MPX,RDSEED,ADX,SMAP,CLFLUSHOPT,PT,IBRS,IBPB,STIBP,L1DF,SSBD,SENSOR,ARAT,XSAVEOPT,XSAVEC,XGETBV1,XSAVES,MELTDOWN
cpu0: 256KB 64b/line 8-way L2 cache
cpu0: smt 0, core 0, package 0
mtrr: Pentium Pro MTRR support, 10 var ranges, 88 fixed ranges
cpu0: apic clock running at 23MHz
cpu0: mwait min=64, max=64, C-substates=0.2.1.2.4.1.1.1, IBE
cpu1 at mainbus0: apid 2 (application processor)
cpu1: Intel(R) Core(TM) i7-8750H CPU @ 2.20GHz, 2095.07 MHz, 06-9e-0a
cpu1: FPU,VME,DE,PSE,TSC,MSR,PAE,MCE,CX8,APIC,SEP,MTRR,PGE,MCA,CMOV,PAT,PSE36,CFLUSH,DS,ACPI,MMX,FXSR,SSE,SSE2,SS,HTT,TM,PBE,SSE3,PCLMUL,DTES64,MWAIT,DS-CPL,VMX,EST,TM2,SSSE3,SDBG,FMA3,CX16,xTPR,PDCM,PCID,SSE4.1,SSE4.2,x2APIC,MOVBE,POPCNT,DEADLINE,AES,XSAVE,AVX,F16C,RDRAND,NXE,PAGE1GB,RDTSCP,LONG,LAHF,ABM,3DNOWP,PERF,ITSC,FSGSBASE,SGX,BMI1,AVX2,SMEP,BMI2,ERMS,INVPCID,MPX,RDSEED,ADX,SMAP,CLFLUSHOPT,PT,IBRS,IBPB,STIBP,L1DF,SSBD,SENSOR,ARAT,XSAVEOPT,XSAVEC,XGETBV1,XSAVES,MELTDOWN
cpu1: 256KB 64b/line 8-way L2 cache
cpu1: smt 0, core 1, package 0
cpu2 at mainbus0: apid 4 (application processor)
cpu2: Intel(R) Core(TM) i7-8750H CPU @ 2.20GHz, 2095.07 MHz, 06-9e-0a
cpu2: FPU,VME,DE,PSE,TSC,MSR,PAE,MCE,CX8,APIC,SEP,MTRR,PGE,MCA,CMOV,PAT,PSE36,CFLUSH,DS,ACPI,MMX,FXSR,SSE,SSE2,SS,HTT,TM,PBE,SSE3,PCLMUL,DTES64,MWAIT,DS-CPL,VMX,EST,TM2,SSSE3,SDBG,FMA3,CX16,xTPR,PDCM,PCID,SSE4.1,SSE4.2,x2APIC,MOVBE,POPCNT,DEADLINE,AES,XSAVE,AVX,F16C,RDRAND,NXE,PAGE1GB,RDTSCP,LONG,LAHF,ABM,3DNOWP,PERF,ITSC,FSGSBASE,SGX,BMI1,AVX2,SMEP,BMI2,ERMS,INVPCID,MPX,RDSEED,ADX,SMAP,CLFLUSHOPT,PT,IBRS,IBPB,STIBP,L1DF,SSBD,SENSOR,ARAT,XSAVEOPT,XSAVEC,XGETBV1,XSAVES,MELTDOWN
cpu2: 256KB 64b/line 8-way L2 cache
cpu2: smt 0, core 2, package 0
cpu3 at mainbus0: apid 6 (application processor)
cpu3: Intel(R) Core(TM) i7-8750H CPU @ 2.20GHz, 2095.07 MHz, 06-9e-0a
cpu3: FPU,VME,DE,PSE,TSC,MSR,PAE,MCE,CX8,APIC,SEP,MTRR,PGE,MCA,CMOV,PAT,PSE36,CFLUSH,DS,ACPI,MMX,FXSR,SSE,SSE2,SS,HTT,TM,PBE,SSE3,PCLMUL,DTES64,MWAIT,DS-CPL,VMX,EST,TM2,SSSE3,SDBG,FMA3,CX16,xTPR,PDCM,PCID,SSE4.1,SSE4.2,x2APIC,MOVBE,POPCNT,DEADLINE,AES,XSAVE,AVX,F16C,RDRAND,NXE,PAGE1GB,RDTSCP,LONG,LAHF,ABM,3DNOWP,PERF,ITSC,FSGSBASE,SGX,BMI1,AVX2,SMEP,BMI2,ERMS,INVPCID,MPX,RDSEED,ADX,SMAP,CLFLUSHOPT,PT,IBRS,IBPB,STIBP,L1DF,SSBD,SENSOR,ARAT,XSAVEOPT,XSAVEC,XGETBV1,XSAVES,MELTDOWN
cpu3: 256KB 64b/line 8-way L2 cache
cpu3: smt 0, core 3, package 0
cpu4 at mainbus0: apid 8 (application processor)
cpu4: Intel(R) Core(TM) i7-8750H CPU @ 2.20GHz, 2095.07 MHz, 06-9e-0a
cpu4: FPU,VME,DE,PSE,TSC,MSR,PAE,MCE,CX8,APIC,SEP,MTRR,PGE,MCA,CMOV,PAT,PSE36,CFLUSH,DS,ACPI,MMX,FXSR,SSE,SSE2,SS,HTT,TM,PBE,SSE3,PCLMUL,DTES64,MWAIT,DS-CPL,VMX,EST,TM2,SSSE3,SDBG,FMA3,CX16,xTPR,PDCM,PCID,SSE4.1,SSE4.2,x2APIC,MOVBE,POPCNT,DEADLINE,AES,XSAVE,AVX,F16C,RDRAND,NXE,PAGE1GB,RDTSCP,LONG,LAHF,ABM,3DNOWP,PERF,ITSC,FSGSBASE,SGX,BMI1,AVX2,SMEP,BMI2,ERMS,INVPCID,MPX,RDSEED,ADX,SMAP,CLFLUSHOPT,PT,IBRS,IBPB,STIBP,L1DF,SSBD,SENSOR,ARAT,XSAVEOPT,XSAVEC,XGETBV1,XSAVES,MELTDOWN
cpu4: 256KB 64b/line 8-way L2 cache
cpu4: smt 0, core 4, package 0
cpu5 at mainbus0: apid 10 (application processor)
cpu5: Intel(R) Core(TM) i7-8750H CPU @ 2.20GHz, 2095.07 MHz, 06-9e-0a
cpu5: FPU,VME,DE,PSE,TSC,MSR,PAE,MCE,CX8,APIC,SEP,MTRR,PGE,MCA,CMOV,PAT,PSE36,CFLUSH,DS,ACPI,MMX,FXSR,SSE,SSE2,SS,HTT,TM,PBE,SSE3,PCLMUL,DTES64,MWAIT,DS-CPL,VMX,EST,TM2,SSSE3,SDBG,FMA3,CX16,xTPR,PDCM,PCID,SSE4.1,SSE4.2,x2APIC,MOVBE,POPCNT,DEADLINE,AES,XSAVE,AVX,F16C,RDRAND,NXE,PAGE1GB,RDTSCP,LONG,LAHF,ABM,3DNOWP,PERF,ITSC,FSGSBASE,SGX,BMI1,AVX2,SMEP,BMI2,ERMS,INVPCID,MPX,RDSEED,ADX,SMAP,CLFLUSHOPT,PT,IBRS,IBPB,STIBP,L1DF,SSBD,SENSOR,ARAT,XSAVEOPT,XSAVEC,XGETBV1,XSAVES,MELTDOWN
cpu5: 256KB 64b/line 8-way L2 cache
cpu5: smt 0, core 5, package 0
cpu6 at mainbus0: apid 1 (application processor)
cpu6: Intel(R) Core(TM) i7-8750H CPU @ 2.20GHz, 2095.07 MHz, 06-9e-0a
cpu6: FPU,VME,DE,PSE,TSC,MSR,PAE,MCE,CX8,APIC,SEP,MTRR,PGE,MCA,CMOV,PAT,PSE36,CFLUSH,DS,ACPI,MMX,FXSR,SSE,SSE2,SS,HTT,TM,PBE,SSE3,PCLMUL,DTES64,MWAIT,DS-CPL,VMX,EST,TM2,SSSE3,SDBG,FMA3,CX16,xTPR,PDCM,PCID,SSE4.1,SSE4.2,x2APIC,MOVBE,POPCNT,DEADLINE,AES,XSAVE,AVX,F16C,RDRAND,NXE,PAGE1GB,RDTSCP,LONG,LAHF,ABM,3DNOWP,PERF,ITSC,FSGSBASE,SGX,BMI1,AVX2,SMEP,BMI2,ERMS,INVPCID,MPX,RDSEED,ADX,SMAP,CLFLUSHOPT,PT,IBRS,IBPB,STIBP,L1DF,SSBD,SENSOR,ARAT,XSAVEOPT,XSAVEC,XGETBV1,XSAVES,MELTDOWN
cpu6: 256KB 64b/line 8-way L2 cache
cpu6: smt 1, core 0, package 0
cpu7 at mainbus0: apid 3 (application processor)
cpu7: Intel(R) Core(TM) i7-8750H CPU @ 2.20GHz, 2095.07 MHz, 06-9e-0a
cpu7: FPU,VME,DE,PSE,TSC,MSR,PAE,MCE,CX8,APIC,SEP,MTRR,PGE,MCA,CMOV,PAT,PSE36,CFLUSH,DS,ACPI,MMX,FXSR,SSE,SSE2,SS,HTT,TM,PBE,SSE3,PCLMUL,DTES64,MWAIT,DS-CPL,VMX,EST,TM2,SSSE3,SDBG,FMA3,CX16,xTPR,PDCM,PCID,SSE4.1,SSE4.2,x2APIC,MOVBE,POPCNT,DEADLINE,AES,XSAVE,AVX,F16C,RDRAND,NXE,PAGE1GB,RDTSCP,LONG,LAHF,ABM,3DNOWP,PERF,ITSC,FSGSBASE,SGX,BMI1,AVX2,SMEP,BMI2,ERMS,INVPCID,MPX,RDSEED,ADX,SMAP,CLFLUSHOPT,PT,IBRS,IBPB,STIBP,L1DF,SSBD,SENSOR,ARAT,XSAVEOPT,XSAVEC,XGETBV1,XSAVES,MELTDOWN
cpu7: 256KB 64b/line 8-way L2 cache
cpu7: smt 1, core 1, package 0
cpu8 at mainbus0: apid 5 (application processor)
cpu8: Intel(R) Core(TM) i7-8750H CPU @ 2.20GHz, 2095.07 MHz, 06-9e-0a
cpu8: FPU,VME,DE,PSE,TSC,MSR,PAE,MCE,CX8,APIC,SEP,MTRR,PGE,MCA,CMOV,PAT,PSE36,CFLUSH,DS,ACPI,MMX,FXSR,SSE,SSE2,SS,HTT,TM,PBE,SSE3,PCLMUL,DTES64,MWAIT,DS-CPL,VMX,EST,TM2,SSSE3,SDBG,FMA3,CX16,xTPR,PDCM,PCID,SSE4.1,SSE4.2,x2APIC,MOVBE,POPCNT,DEADLINE,AES,XSAVE,AVX,F16C,RDRAND,NXE,PAGE1GB,RDTSCP,LONG,LAHF,ABM,3DNOWP,PERF,ITSC,FSGSBASE,SGX,BMI1,AVX2,SMEP,BMI2,ERMS,INVPCID,MPX,RDSEED,ADX,SMAP,CLFLUSHOPT,PT,IBRS,IBPB,STIBP,L1DF,SSBD,SENSOR,ARAT,XSAVEOPT,XSAVEC,XGETBV1,XSAVES,MELTDOWN
cpu8: 256KB 64b/line 8-way L2 cache
cpu8: smt 1, core 2, package 0
cpu9 at mainbus0: apid 7 (application processor)
cpu9: Intel(R) Core(TM) i7-8750H CPU @ 2.20GHz, 2095.07 MHz, 06-9e-0a
cpu9: FPU,VME,DE,PSE,TSC,MSR,PAE,MCE,CX8,APIC,SEP,MTRR,PGE,MCA,CMOV,PAT,PSE36,CFLUSH,DS,ACPI,MMX,FXSR,SSE,SSE2,SS,HTT,TM,PBE,SSE3,PCLMUL,DTES64,MWAIT,DS-CPL,VMX,EST,TM2,SSSE3,SDBG,FMA3,CX16,xTPR,PDCM,PCID,SSE4.1,SSE4.2,x2APIC,MOVBE,POPCNT,DEADLINE,AES,XSAVE,AVX,F16C,RDRAND,NXE,PAGE1GB,RDTSCP,LONG,LAHF,ABM,3DNOWP,PERF,ITSC,FSGSBASE,SGX,BMI1,AVX2,SMEP,BMI2,ERMS,INVPCID,MPX,RDSEED,ADX,SMAP,CLFLUSHOPT,PT,IBRS,IBPB,STIBP,L1DF,SSBD,SENSOR,ARAT,XSAVEOPT,XSAVEC,XGETBV1,XSAVES,MELTDOWN
cpu9: 256KB 64b/line 8-way L2 cache
cpu9: smt 1, core 3, package 0
cpu10 at mainbus0: apid 9 (application processor)
cpu10: Intel(R) Core(TM) i7-8750H CPU @ 2.20GHz, 2095.07 MHz, 06-9e-0a
cpu10: FPU,VME,DE,PSE,TSC,MSR,PAE,MCE,CX8,APIC,SEP,MTRR,PGE,MCA,CMOV,PAT,PSE36,CFLUSH,DS,ACPI,MMX,FXSR,SSE,SSE2,SS,HTT,TM,PBE,SSE3,PCLMUL,DTES64,MWAIT,DS-CPL,VMX,EST,TM2,SSSE3,SDBG,FMA3,CX16,xTPR,PDCM,PCID,SSE4.1,SSE4.2,x2APIC,MOVBE,POPCNT,DEADLINE,AES,XSAVE,AVX,F16C,RDRAND,NXE,PAGE1GB,RDTSCP,LONG,LAHF,ABM,3DNOWP,PERF,ITSC,FSGSBASE,SGX,BMI1,AVX2,SMEP,BMI2,ERMS,INVPCID,MPX,RDSEED,ADX,SMAP,CLFLUSHOPT,PT,IBRS,IBPB,STIBP,L1DF,SSBD,SENSOR,ARAT,XSAVEOPT,XSAVEC,XGETBV1,XSAVES,MELTDOWN
cpu10: 256KB 64b/line 8-way L2 cache
cpu10: smt 1, core 4, package 0
cpu11 at mainbus0: apid 11 (application processor)
cpu11: Intel(R) Core(TM) i7-8750H CPU @ 2.20GHz, 2095.07 MHz, 06-9e-0a
cpu11: FPU,VME,DE,PSE,TSC,MSR,PAE,MCE,CX8,APIC,SEP,MTRR,PGE,MCA,CMOV,PAT,PSE36,CFLUSH,DS,ACPI,MMX,FXSR,SSE,SSE2,SS,HTT,TM,PBE,SSE3,PCLMUL,DTES64,MWAIT,DS-CPL,VMX,EST,TM2,SSSE3,SDBG,FMA3,CX16,xTPR,PDCM,PCID,SSE4.1,SSE4.2,x2APIC,MOVBE,POPCNT,DEADLINE,AES,XSAVE,AVX,F16C,RDRAND,NXE,PAGE1GB,RDTSCP,LONG,LAHF,ABM,3DNOWP,PERF,ITSC,FSGSBASE,SGX,BMI1,AVX2,SMEP,BMI2,ERMS,INVPCID,MPX,RDSEED,ADX,SMAP,CLFLUSHOPT,PT,IBRS,IBPB,STIBP,L1DF,SSBD,SENSOR,ARAT,XSAVEOPT,XSAVEC,XGETBV1,XSAVES,MELTDOWN
cpu11: 256KB 64b/line 8-way L2 cache
cpu11: smt 1, core 5, package 0
ioapic0 at mainbus0: apid 2 pa 0xfec00000, version 20, 120 pins
acpiec0 at acpi0
acpimcfg0 at acpi0
acpimcfg0: addr 0xe0000000, bus 0-255
acpihpet0 at acpi0: 23999999 Hz
acpiprt0 at acpi0: bus 0 (PCI0)
acpiprt1 at acpi0: bus 1 (PEG0)
acpiprt2 at acpi0: bus 2 (PEG1)
acpiprt3 at acpi0: bus 109 (PEG2)
acpiprt4 at acpi0: bus -1 (RP01)
acpiprt5 at acpi0: bus -1 (RP02)
acpiprt6 at acpi0: bus -1 (RP03)
acpiprt7 at acpi0: bus -1 (RP04)
acpiprt8 at acpi0: bus -1 (RP05)
acpiprt9 at acpi0: bus -1 (RP06)
acpiprt10 at acpi0: bus -1 (RP07)
acpiprt11 at acpi0: bus -1 (RP08)
acpiprt12 at acpi0: bus 111 (RP09)
acpiprt13 at acpi0: bus -1 (RP10)
acpiprt14 at acpi0: bus -1 (RP11)
acpiprt15 at acpi0: bus -1 (RP12)
acpiprt16 at acpi0: bus -1 (RP13)
acpiprt17 at acpi0: bus -1 (RP14)
acpiprt18 at acpi0: bus 112 (RP15)
acpiprt19 at acpi0: bus 113 (RP16)
acpiprt20 at acpi0: bus -1 (RP17)
acpiprt21 at acpi0: bus -1 (RP18)
acpiprt22 at acpi0: bus -1 (RP19)
acpiprt23 at acpi0: bus -1 (RP20)
acpiprt24 at acpi0: bus 110 (RP21)
acpiprt25 at acpi0: bus -1 (RP22)
acpiprt26 at acpi0: bus -1 (RP23)
acpiprt27 at acpi0: bus -1 (RP24)
acpiec at acpi0 not configured
acpipwrres0 at acpi0: PG00, resource for PEG0
acpipwrres1 at acpi0: USBC, resource for XDCI
acpipwrres2 at acpi0: V0PR
acpipwrres3 at acpi0: V1PR
acpipwrres4 at acpi0: V2PR
acpipwrres5 at acpi0: WRST
acpicpu0 at acpi0: C3(200@1034 mwait.1@0x60), C2(200@151 mwait.1@0x33), C1(1000@1 mwait.1), PSS
acpicpu1 at acpi0: C3(200@1034 mwait.1@0x60), C2(200@151 mwait.1@0x33), C1(1000@1 mwait.1), PSS
acpicpu2 at acpi0: C3(200@1034 mwait.1@0x60), C2(200@151 mwait.1@0x33), C1(1000@1 mwait.1), PSS
acpicpu3 at acpi0: C3(200@1034 mwait.1@0x60), C2(200@151 mwait.1@0x33), C1(1000@1 mwait.1), PSS
acpicpu4 at acpi0: C3(200@1034 mwait.1@0x60), C2(200@151 mwait.1@0x33), C1(1000@1 mwait.1), PSS
acpicpu5 at acpi0: C3(200@1034 mwait.1@0x60), C2(200@151 mwait.1@0x33), C1(1000@1 mwait.1), PSS
acpicpu6 at acpi0: C3(200@1034 mwait.1@0x60), C2(200@151 mwait.1@0x33), C1(1000@1 mwait.1), PSS
acpicpu7 at acpi0: C3(200@1034 mwait.1@0x60), C2(200@151 mwait.1@0x33), C1(1000@1 mwait.1), PSS
acpicpu8 at acpi0: C3(200@1034 mwait.1@0x60), C2(200@151 mwait.1@0x33), C1(1000@1 mwait.1), PSS
acpicpu9 at acpi0: C3(200@1034 mwait.1@0x60), C2(200@151 mwait.1@0x33), C1(1000@1 mwait.1), PSS
acpicpu10 at acpi0: C3(200@1034 mwait.1@0x60), C2(200@151 mwait.1@0x33), C1(1000@1 mwait.1), PSS
acpicpu11 at acpi0: C3(200@1034 mwait.1@0x60), C2(200@151 mwait.1@0x33), C1(1000@1 mwait.1), PSS
acpitz0 at acpi0: critical temperature is 127 degC
acpipwrres6 at acpi0: FN00, resource for FAN0
acpipwrres7 at acpi0: FN01, resource for FAN1
acpipwrres8 at acpi0: FN02, resource for FAN2
acpipwrres9 at acpi0: FN03, resource for FAN3
acpipwrres10 at acpi0: FN04, resource for FAN4
acpitz1 at acpi0acpitz1: TZ00: failed to read _CRT
acpitz1: TZ00: failed to read _CRT
: no critical temperature defined
acpipwrres11 at acpi0: PIN_
&quot;INT3403&quot; at acpi0 not configured
&quot;INT3403&quot; at acpi0 not configured
&quot;INT3403&quot; at acpi0 not configured
&quot;INT3403&quot; at acpi0 not configured
&quot;INT3403&quot; at acpi0 not configured
&quot;INT3450&quot; at acpi0 not configured
&quot;MSFT0001&quot; at acpi0 not configured
acpibat0 at acpi0: BAT0 model &quot;DELL 6YV&quot; serial    type LIon oem &quot;OEM&quot;
acpiac0 at acpi0: AC unit online
&quot;PNP0C14&quot; at acpi0 not configured
&quot;PNP0C14&quot; at acpi0 not configured
&quot;ACPI000E&quot; at acpi0 not configured
&quot;PNP0C14&quot; at acpi0 not configured
acpibtn0 at acpi0: SLPB
&quot;PNP0C14&quot; at acpi0 not configured
&quot;PNP0C14&quot; at acpi0 not configured
&quot;INT33A1&quot; at acpi0 not configured
acpibtn1 at acpi0: PWRB
&quot;PNP0C14&quot; at acpi0 not configured
&quot;PNP0C14&quot; at acpi0 not configured
acpibtn2 at acpi0: LID_
&quot;INT33D5&quot; at acpi0 not configured
&quot;INT3400&quot; at acpi0 not configured
&quot;USBC000&quot; at acpi0 not configured
&quot;PNP0C0B&quot; at acpi0 not configured
&quot;PNP0C0B&quot; at acpi0 not configured
&quot;PNP0C0B&quot; at acpi0 not configured
&quot;PNP0C0B&quot; at acpi0 not configured
&quot;PNP0C0B&quot; at acpi0 not configured
&quot;PNP0C14&quot; at acpi0 not configured
acpivideo0 at acpi0: GFX0
acpivout0 at acpivideo0: DD1F
cpu0: Enhanced SpeedStep 2096 MHz: speeds: 2201, 2200, 2100, 2000, 1900, 1800, 1700, 1600, 1500, 1400, 1300, 1200, 1100, 1000, 900, 800 MHz
pci0 at mainbus0 bus 0
0:31:5: mem address conflict 0xfe010000/0x1000
pchb0 at pci0 dev 0 function 0 vendor &quot;Intel&quot;, unknown product 0x3ec4 rev 0x07
ppb0 at pci0 dev 1 function 0 &quot;Intel Core 6G PCIE&quot; rev 0x07: msi
pci1 at ppb0 bus 1
vendor &quot;NVIDIA&quot;, unknown product 0x1ba1 (class display subclass VGA, rev 0xa1) at pci1 dev 0 function 0 not configured
ppb1 at pci0 dev 1 function 1 &quot;Intel Core 6G PCIE&quot; rev 0x07: msi
pci2 at ppb1 bus 2
ppb2 at pci0 dev 1 function 2 &quot;Intel Core 6G PCIE&quot; rev 0x07: msi
pci3 at ppb2 bus 109
vga1 at pci0 dev 2 function 0 vendor &quot;Intel&quot;, unknown product 0x3e9b rev 0x00
wsdisplay0 at vga1 mux 1: console (80x25, vt100 emulation)
wsdisplay0: screen 1-5 added (80x25, vt100 emulation)
&quot;Intel Core 6G Thermal&quot; rev 0x07 at pci0 dev 4 function 0 not configured
&quot;Intel Core GMM&quot; rev 0x00 at pci0 dev 8 function 0 not configured
vendor &quot;Intel&quot;, unknown product 0xa379 (class DASP subclass miscellaneous, rev 0x10) at pci0 dev 18 function 0 not configured
vendor &quot;Intel&quot;, unknown product 0xa37c (class communications subclass serial, rev 0x10) at pci0 dev 19 function 0 not configured
xhci0 at pci0 dev 20 function 0 vendor &quot;Intel&quot;, unknown product 0xa36d rev 0x10: msi, xHCI 1.16
usb0 at xhci0: USB revision 3.0
uhub0 at usb0 configuration 1 interface 0 &quot;Intel xHCI root hub&quot; rev 3.00/1.00 addr 1
vendor &quot;Intel&quot;, unknown product 0xa36f (class memory subclass RAM, rev 0x10) at pci0 dev 20 function 2 not configured
vendor &quot;Intel&quot;, unknown product 0xa368 (class serial bus unknown subclass 0x80, rev 0x10) at pci0 dev 21 function 0 not configured
vendor &quot;Intel&quot;, unknown product 0xa369 (class serial bus unknown subclass 0x80, rev 0x10) at pci0 dev 21 function 1 not configured
vendor &quot;Intel&quot;, unknown product 0xa360 (class communications subclass miscellaneous, rev 0x10) at pci0 dev 22 function 0 not configured
ahci0 at pci0 dev 23 function 0 vendor &quot;Intel&quot;, unknown product 0xa353 rev 0x10: msi, AHCI 1.3.1
ahci0: PHY offline on port 4
scsibus1 at ahci0: 32 targets
ppb3 at pci0 dev 27 function 0 vendor &quot;Intel&quot;, unknown product 0xa32c rev 0xf0: msi
pci4 at ppb3 bus 110
nvme0 at pci4 dev 0 function 0 vendor &quot;Toshiba&quot;, unknown product 0x0116 rev 0x00: msi, NVMe 1.2
nvme0: KXG50ZNV1T02 NVMe TOSHIBA 1024GB, firmware AADA4105, serial X8MB80RGKAXP
scsibus2 at nvme0: 1 targets
sd0 at scsibus2 targ 0 lun 0: &lt;NVMe, KXG50ZNV1T02 NVM, AADA&gt; SCSI4 0/direct fixed
sd0: 976762MB, 512 bytes/sector, 2000409264 sectors
ppb4 at pci0 dev 29 function 0 vendor &quot;Intel&quot;, unknown product 0xa330 rev 0xf0: msi
pci5 at ppb4 bus 111
nvme1 at pci5 dev 0 function 0 vendor &quot;Toshiba&quot;, unknown product 0x0116 rev 0x00: msi, NVMe 1.2
nvme1: KXG50ZNV1T02 NVMe TOSHIBA 1024GB, firmware AADA4105, serial X8MB80RCKAXP
scsibus3 at nvme1: 1 targets
sd1 at scsibus3 targ 0 lun 0: &lt;NVMe, KXG50ZNV1T02 NVM, AADA&gt; SCSI4 0/direct fixed
sd1: 976762MB, 512 bytes/sector, 2000409264 sectors
ppb5 at pci0 dev 29 function 6 vendor &quot;Intel&quot;, unknown product 0xa336 rev 0xf0: msi
pci6 at ppb5 bus 112
vendor &quot;Attansic Technology&quot;, unknown product 0xe0b1 (class network subclass ethernet, rev 0x10) at pci6 dev 0 function 0 not configured
ppb6 at pci0 dev 29 function 7 vendor &quot;Intel&quot;, unknown product 0xa337 rev 0xf0: msi
pci7 at ppb6 bus 113
vendor &quot;Intel&quot;, unknown product 0x2526 (class network subclass miscellaneous, rev 0x29) at pci7 dev 0 function 0 not configured
vendor &quot;Intel&quot;, unknown product 0xa328 (class communications subclass miscellaneous, rev 0x10) at pci0 dev 30 function 0 not configured
pcib0 at pci0 dev 31 function 0 vendor &quot;Intel&quot;, unknown product 0xa30d rev 0x10
azalia0 at pci0 dev 31 function 3 vendor &quot;Intel&quot;, unknown product 0xa348 rev 0x10: msi
azalia0: codecs: Realtek/0x0289, Intel/0x280b, using Realtek/0x0289
audio0 at azalia0
vendor &quot;Intel&quot;, unknown product 0xa323 (class serial bus subclass SMBus, rev 0x10) at pci0 dev 31 function 4 not configured
vendor &quot;Intel&quot;, unknown product 0xa324 (class serial bus unknown subclass 0x80, rev 0x10) at pci0 dev 31 function 5 not configured
isa0 at pcib0
isadma0 at isa0
pckbc0 at isa0 port 0x60/5 irq 1 irq 12
pckbd0 at pckbc0 (kbd slot)
wskbd0 at pckbd0: console keyboard, using wsdisplay0
pms0 at pckbc0 (aux slot)
wsmouse0 at pms0 mux 0
pms0: Synaptics clickpad, firmware 9.16, 0x1e2a1 0x840300
pcppi0 at isa0 port 0x61
spkr0 at pcppi0
vmm0 at mainbus0: VMX/EPT
uhidev0 at uhub0 port 1 configuration 1 interface 0 &quot;Logitech USB-PS/2 Optical Mouse&quot; rev 2.00/27.20 addr 2
uhidev0: iclass 3/1
ums0 at uhidev0: 8 buttons, Z and W dir
wsmouse1 at ums0 mux 0
uhidev1 at uhub0 port 5 configuration 1 interface 0 &quot;Alienware AW-ELC&quot; rev 2.00/2.00 addr 3
uhidev1: iclass 3/0
uhid0 at uhidev1: input=33, output=33, feature=0
ugen0 at uhub0 port 7 &quot;Intel product 0x0025&quot; rev 2.00/0.02 addr 4
uvideo0 at uhub0 port 9 configuration 1 interface 0 &quot;CKFEF49O335440019C22 Integrated_Webcam_FHD&quot; rev 2.00/57.22 addr 5
video0 at uvideo0
vscsi0 at root
scsibus4 at vscsi0: 256 targets
softraid0 at root
scsibus5 at softraid0: 256 targets
root on sd1a (ed27a6a6546b0795.a) swap on sd1b dump on sd1b

</pre>



</div><!-- content -->
<br />
<div id="footer">
All comments/news/posts are the property of their individual owner and
is presented without warranty of suitability, and solely as an
informational resource. <br />
This site Copyright &copy; 2004-2020 NYC*BUG.
</div><!-- footer -->

</body>
</html>

