



<!doctype html>
<html lang="en">
<head>
<meta name="keywords"
	content="bsd, freebsd, openbsd, netbsd, dragonflybsd, nycbug, dmesgd" />
<meta name="description" content="New York City BSD User Group dmesgd" />
<meta charset="utf-8" />
<meta name="viewport" content="width=device-width, initial-scale=1" />
<title>NYC*BUG dmesgd</title>
<style>
body {
	text-align: left;
	margin: 15px auto;
	padding: 0px 10px;
}
@media (min-width: 800px) {
	body {
		max-width: 85%;
	}
}
#header {
	border-bottom: 1px solid #dbdbdb;
	font-size: 230%;
	text-align: left;
}
#footer {
	border-top: 1px solid #dbdbdb;
	clear: both;
	text-align: left;
}
.logo_bug {
	color: #cc0033;
}
#menu ul {
	list-style-type: none;
	margin: 0;
	padding: 0;
}
#menu li {
	float: left;
}
#menu li a {
	display: block;
	background-color: #dbdbdb;
	color: #000000;
	font-size: 105%;
	font-weight: bold;
	padding: 0px 6px 0px 6px;
	text-decoration: none;
}
#content {
	clear: both;
	text-align: left;
	padding-top: 10px;
}
#content h1 {
	font-size: 120%;
	font-weight: bold;
}
#content h2 {
	font-size: 110%;
	font-weight: bold;
}
#content a {
	text-decoration: none;
}
#content pre {
	background-color: #dbdbdb;
	padding: 5px 5px 5px 5px;
	white-space: pre-wrap;		/* css-3 */
	white-space: -moz-pre-wrap;	/* Mozilla, since 1999 */
	white-space: -pre-wrap;		/* Opera 4-6 */
	white-space: -o-pre-wrap;	/* Opera 7 */
	word-wrap: break-word;		/* Internet Explorer 5.5+ */
}
#content table {
	border-collapse: collapse;
}
#content table th {
	border: 1px solid #dbdbdb;
	font-size: 85%;
	white-space: nowrap;
}
#content table td {
	border: 1px solid #dbdbdb;
	font-size: 80%;
}
#content input {
	font-size: 1em;
}
#content .full	{ width: 100%; }
#content .left	{ text-align: left; }
#content .right	{ text-align: right; }
#content .center { text-align: center; }
#content .flexbox {
	display: -ms-flex;
	display: -webkit-flex;
	display: flex;
	width: 100%;
}
#content .left_col {
	min-width: 75px;
	max-width: 50%;
	flex-grow: 0;
}
#content .right_col {
	flex-grow: 1;
	margin-left: 10px;
	padding-top: 10px;
	padding-left: 10px;
}
#col {
	-moz-column-count: 3;
	-webkit-column-count: 3;
	column-count: 3;
}
</style>
</head>
<body>

<div id="header">
<strong><em>NYC*</em><span class="logo_bug">BUG</span> dmesgd</strong>
</div><!-- header -->

<div id="menu">
<ul>
<li><a href="https://dmesgd.nycbug.org/index.cgi?do=index">Home</a></li>
<li><a href="https://dmesgd.nycbug.org/index.cgi?do=submit">Submit</a></li>
<li><a href="https://www.nycbug.org/">NYC*BUG</a></li>
</ul>
</div><!-- menu -->

<div id="content">

<p>
Launched in 2004, dmesgd aims to provide a
<strong>user-submitted</strong> repository of searchable *BSD dmesgs.
The dmesg(8) command displays the system message buffer's content, and
during boot a copy is saved to <em>/var/run/dmesg.boot</em>.  This buffer
contains the operating system release, name and version, a list of
devices identified, plus a whole host of other useful information.  We
hope others find this resource useful and further contribute to its
growth. Contact us at [ admin at lists dot nycbug dot org ].
</p>

<hr />


<strong>Date:</strong> <em>2019-01-27 15:46:28</em><br />
<strong>From:</strong> <em>w17t</em><br />
<strong>Description:</strong> <em>Lenovo Miix 320-10ICR</em><br />

<pre>
OpenBSD 6.4 (GENERIC.MP) #364: Thu Oct 11 13:30:23 MDT 2018
    xxx@xxx.xxx:/usr/src/sys/arch/amd64/compile/GENERIC.MP
real mem = 4136054784 (3944MB)
avail mem = 4001427456 (3816MB)
mpath0 at root
scsibus0 at mpath0: 256 targets
mainbus0 at root
bios0 at mainbus0: SMBIOS rev. 2.8 @ 0x79490000 (41 entries)
bios0: vendor LENOVO version &quot;5HCN31WW&quot; date 09/11/2017
bios0: LENOVO 80XF
acpi0 at bios0: rev 2
acpi0: sleep states S0 S4 S5
acpi0: tables DSDT FACP UEFI MSDM UEFI SSDT HPET LPIT APIC MCFG PRAM SSDT SSDT SSDT SSDT SSDT SSDT SSDT CSRT FPDT BGRT
acpi0: wakeup devices
acpitimer0 at acpi0: 3579545 Hz, 24 bits
acpihpet0 at acpi0: 14318179 Hz
acpimadt0 at acpi0 addr 0xfee00000: PC-AT compat
cpu0 at mainbus0: apid 0 (boot processor)
cpu0: Intel(R) Atom(TM) x5-Z8350 CPU @ 1.44GHz, 1440.25 MHz, 06-4c-04
cpu0: FPU,VME,DE,PSE,TSC,MSR,PAE,MCE,CX8,APIC,SEP,MTRR,PGE,MCA,CMOV,PAT,PSE36,CFLUSH,DS,ACPI,MMX,FXSR,SSE,SSE2,SS,HTT,TM,PBE,SSE3,PCLMUL,DTES64,MWAIT,DS-CPL,VMX,EST,TM2,SSSE3,CX16,xTPR,PDCM,SSE4.1,SSE4.2,MOVBE,POPCNT,DEADLINE,AES,RDRAND,NXE,RDTSCP,LONG,LAHF,3DNOWP,PERF,ITSC,SMEP,ERMS,SENSOR,ARAT,MELTDOWN
cpu0: 1MB 64b/line 16-way L2 cache
cpu0: smt 0, core 0, package 0
mtrr: Pentium Pro MTRR support, 8 var ranges, 88 fixed ranges
cpu0: apic clock running at 79MHz
cpu0: mwait min=64, max=64, C-substates=0.2.0.0.0.0.3.3, IBE
cpu1 at mainbus0: apid 2 (application processor)
cpu1: Intel(R) Atom(TM) x5-Z8350 CPU @ 1.44GHz, 1439.97 MHz, 06-4c-04
cpu1: FPU,VME,DE,PSE,TSC,MSR,PAE,MCE,CX8,APIC,SEP,MTRR,PGE,MCA,CMOV,PAT,PSE36,CFLUSH,DS,ACPI,MMX,FXSR,SSE,SSE2,SS,HTT,TM,PBE,SSE3,PCLMUL,DTES64,MWAIT,DS-CPL,VMX,EST,TM2,SSSE3,CX16,xTPR,PDCM,SSE4.1,SSE4.2,MOVBE,POPCNT,DEADLINE,AES,RDRAND,NXE,RDTSCP,LONG,LAHF,3DNOWP,PERF,ITSC,SMEP,ERMS,SENSOR,ARAT,MELTDOWN
cpu1: 1MB 64b/line 16-way L2 cache
cpu1: smt 0, core 1, package 0
cpu2 at mainbus0: apid 4 (application processor)
cpu2: Intel(R) Atom(TM) x5-Z8350 CPU @ 1.44GHz, 1439.97 MHz, 06-4c-04
cpu2: FPU,VME,DE,PSE,TSC,MSR,PAE,MCE,CX8,APIC,SEP,MTRR,PGE,MCA,CMOV,PAT,PSE36,CFLUSH,DS,ACPI,MMX,FXSR,SSE,SSE2,SS,HTT,TM,PBE,SSE3,PCLMUL,DTES64,MWAIT,DS-CPL,VMX,EST,TM2,SSSE3,CX16,xTPR,PDCM,SSE4.1,SSE4.2,MOVBE,POPCNT,DEADLINE,AES,RDRAND,NXE,RDTSCP,LONG,LAHF,3DNOWP,PERF,ITSC,SMEP,ERMS,SENSOR,ARAT,MELTDOWN
cpu2: 1MB 64b/line 16-way L2 cache
cpu2: smt 0, core 2, package 0
cpu3 at mainbus0: apid 6 (application processor)
cpu3: Intel(R) Atom(TM) x5-Z8350 CPU @ 1.44GHz, 1439.97 MHz, 06-4c-04
cpu3: FPU,VME,DE,PSE,TSC,MSR,PAE,MCE,CX8,APIC,SEP,MTRR,PGE,MCA,CMOV,PAT,PSE36,CFLUSH,DS,ACPI,MMX,FXSR,SSE,SSE2,SS,HTT,TM,PBE,SSE3,PCLMUL,DTES64,MWAIT,DS-CPL,VMX,EST,TM2,SSSE3,CX16,xTPR,PDCM,SSE4.1,SSE4.2,MOVBE,POPCNT,DEADLINE,AES,RDRAND,NXE,RDTSCP,LONG,LAHF,3DNOWP,PERF,ITSC,SMEP,ERMS,SENSOR,ARAT,MELTDOWN
cpu3: 1MB 64b/line 16-way L2 cache
cpu3: smt 0, core 3, package 0
ioapic0 at mainbus0: apid 1 pa 0xfec00000, version 20, 115 pins
acpimcfg0 at acpi0
acpimcfg0: addr 0xe0000000, bus 0-63
acpiprt0 at acpi0: bus 0 (PCI0)
acpiprt1 at acpi0: bus 1 (RP01)
acpiprt2 at acpi0: bus -1 (RP02)
acpiprt3 at acpi0: bus -1 (RP03)
acpiprt4 at acpi0: bus -1 (RP04)
acpicpu0 at acpi0: C3(10@1000 mwait.1@0x64), C2(10@500 mwait.1@0x58), C1(1000@1 mwait.1), PSS
acpicpu1 at acpi0: C3(10@1000 mwait.1@0x64), C2(10@500 mwait.1@0x58), C1(1000@1 mwait.1), PSS
acpicpu2 at acpi0: C3(10@1000 mwait.1@0x64), C2(10@500 mwait.1@0x58), C1(1000@1 mwait.1), PSS
acpicpu3 at acpi0: C3(10@1000 mwait.1@0x64), C2(10@500 mwait.1@0x58), C1(1000@1 mwait.1), PSS
acpipwrres0 at acpi0: WWPR, resource for HS03, MDM1
acpipwrres1 at acpi0: WWPR, resource for HS13, MDM1
acpipwrres2 at acpi0: WWPR, resource for SSC1, MDM3
acpipwrres3 at acpi0: WWPR, resource for SSCW, MDM3
acpipwrres4 at acpi0: WWPR, resource for HSC1, MDM2
acpipwrres5 at acpi0: WWPR, resource for HSC3, MDM4
acpipwrres6 at acpi0: CLK2, resource for CAMC, CA01, CA13
acpipwrres7 at acpi0: CLK4, resource for CAMB, CAM9, CA00, CA40
acpipwrres8 at acpi0: P28P, resource for CAMB, CAM9, CAMC, CA00, CA01, CA40, CA13
acpipwrres9 at acpi0: P18P, resource for CAMB, CAM9, CAMC, CA00, CA01, CA40, CA13
acpipwrres10 at acpi0: P12P, resource for CAMB, CAM9
acpipwrres11 at acpi0: CLK3, resource for RTEK, RTK2, NUVO, RTK1
acpipwrres12 at acpi0: CLK4
acpipwrres13 at acpi0: CLK2
acpipwrres14 at acpi0: CLK1
acpipwrres15 at acpi0: CLK0, resource for CAM8
acpipwrres16 at acpi0: CLK1
acpipwrres17 at acpi0: CLK5, resource for NFC2
acpipwrres18 at acpi0: P33P, resource for TCSD
acpipwrres19 at acpi0: P65P, resource for TCSD
acpipwrres20 at acpi0: ID3C, resource for ISP3
acpipwrres21 at acpi0: USBC, resource for XHC1, OTG1
acpipwrres22 at acpi0: P28X
acpipwrres23 at acpi0: P18X
acpipwrres24 at acpi0: P12X
acpipwrres25 at acpi0: P28P
acpipwrres26 at acpi0: P18P
acpipwrres27 at acpi0: P19X
acpipwrres28 at acpi0: P06X
acpipwrres29 at acpi0: P12A
acpipwrres30 at acpi0: P28T
acpipwrres31 at acpi0: P18D
acpipwrres32 at acpi0: P18T
acpipwrres33 at acpi0: P3P3
acpipwrres34 at acpi0: P12T
acpipwrres35 at acpi0: P28W
acpipwrres36 at acpi0: P18W
acpipwrres37 at acpi0: P12W
acpipwrres38 at acpi0: P33W
acpipwrres39 at acpi0: P33X
acpipwrres40 at acpi0: P4BW
acpitz0 at acpi0: critical temperature is 100 degC
&quot;INT33A4&quot; at acpi0 not configured
&quot;INT33BD&quot; at acpi0 not configured
chvgpio0 at acpi0: GPO1 uid 2 addr 0xfed88000/0x8000 irq 48, 59 pins
chvgpio1 at acpi0: GPO3 uid 4 addr 0xfed98000/0x8000 irq 91, 55 pins
dwiic0 at acpi0 I2C7 addr 0x91927000/0x1000 irq 38
iic0 at dwiic0
&quot;INT33F4&quot; at iic0 addr 0x34 not configured
dwiic0: no _CRS method at \\_SB_.PCI0.I2C7.BAPM
dwiic1 at acpi0 I2C1 addr 0x91933000/0x1000 irq 32
iic1 at dwiic1
&quot;OVTI5670&quot; at iic1 addr 0xc not configured
&quot;OVTI2680&quot; at iic1 addr 0x10 not configured
chvgpio2 at acpi0: GPO0 uid 1 addr 0xfed80000/0x8000 irq 49, 56 pins
dwiic2 at acpi0 I2C2 addr 0x91931000/0x1000 irq 33
iic2 at dwiic2
&quot;10EC5645&quot; at iic2 addr 0x1a not configured
sdhc0 at acpi0 SDHA addr 0x9193b000/0x1000 irq 45
sdhc0: SDHC 3.0, 200 MHz base clock
sdmmc0 at sdhc0: 8-bit, sd high-speed, mmc high-speed, dma
sdhc1 at acpi0 SDHB addr 0x91939000/0x1000 irq 46
chvgpio3 at acpi0: GPO2 uid 3 addr 0xfed90000/0x8000 irq 50, 24 pins
sdhc1: SDHC 3.0, 200 MHz base clock
sdmmc1 at sdhc1: 4-bit, sd high-speed, mmc high-speed, dma
sdhc2 at acpi0 SHC1 addr 0x91937000/0x1000 irq 47, gpio
sdhc2: SDHC 3.0, 200 MHz base clock
sdmmc2 at sdhc2: 4-bit, sd high-speed, mmc high-speed, dma
&quot;INTL9C60&quot; at acpi0 not configured
&quot;INTL9C60&quot; at acpi0 not configured
&quot;8086228A&quot; at acpi0 not configured
&quot;8086228A&quot; at acpi0 not configured
&quot;8086228E&quot; at acpi0 not configured
&quot;8086228E&quot; at acpi0 not configured
&quot;8086228E&quot; at acpi0 not configured
dwiic3 at acpi0 I2C3 addr 0x9192f000/0x1000 irq 34
iic3 at dwiic3
&quot;SMO8840&quot; at iic3 addr 0x8 not configured
dwiic4 at acpi0 I2C4 addr 0x9192d000/0x1000 irq 35
iic4 at dwiic4
dwiic5 at acpi0 I2C5 addr 0x9192b000/0x1000 irq 36
iic5 at dwiic5
dwiic6 at acpi0 I2C6 addr 0x91929000/0x1000 irq 37
iic6 at dwiic6
ihidev0 at iic6 addr 0x38 gpio 19, vendor 0x2808 product 0x1015, FTSC1000
ihidev0: 7 report ids
ims0 at ihidev0 reportid 1: 1 button, tip
wsmouse0 at ims0 mux 0
hid at ihidev0 reportid 2 not configured
hid at ihidev0 reportid 5 not configured
hid at ihidev0 reportid 6 not configured
hid at ihidev0 reportid 7 not configured
acpibat0 at acpi0: BAPM model &quot;AXP288&quot; serial 80XF type LION oem &quot;Bitland&quot;
&quot;808622A8&quot; at acpi0 not configured
acpicmos0 at acpi0
acpibtn0 at acpi0: PWRB
&quot;INT33D3&quot; at acpi0 not configured
chvgpio4 at acpi0: GPO4 uid 5
&quot;ACPI0011&quot; at acpi0 not configured
&quot;ACPI000C&quot; at acpi0 not configured
acpiac0 at acpi0: AC unit online
acpibtn1 at acpi0: LID0
&quot;PNP0C14&quot; at acpi0 not configured
&quot;PNP0C14&quot; at acpi0 not configured
&quot;INT3400&quot; at acpi0 not configured
&quot;INT3403&quot; at acpi0 not configured
acpivideo0 at acpi0: GFX0
acpivout0 at acpivideo0: DD01
acpivout at acpivideo0 not configured
acpivout at acpivideo0 not configured
acpivout at acpivideo0 not configured
acpivout at acpivideo0 not configured
acpivout at acpivideo0 not configured
acpivout at acpivideo0 not configured
acpivout at acpivideo0 not configured
cpu0: Enhanced SpeedStep 1440 MHz: speeds: 1441, 1440, 1360, 1280, 1200, 1120, 1040, 960, 880, 800, 720, 640, 560, 480 MHz
pci0 at mainbus0 bus 0
pchb0 at pci0 dev 0 function 0 &quot;Intel Braswell Host&quot; rev 0x36
inteldrm0 at pci0 dev 2 function 0 &quot;Intel HD Graphics&quot; rev 0x36
drm0 at inteldrm0
inteldrm0: msi
error: [drm:pid0:parse_mipi] *ERROR* Unable to parse MIPI Sequence Block v3+
error: [drm:pid0:pwm_setup_backlight] *ERROR* Failed to own the pwm chip
WARNING clock-&gt;n == 0 || clock-&gt;p == 0 failed at /usr/src/sys/dev/pci/drm/i915/intel_display.c:694
inteldrm0: 1200x1920, 32bpp
DPIO read pipe A reg 0x8134 == 0xffffffff
DPIO read pipe A reg 0x8000 == 0xffffffff
DPIO read pipe A reg 0x8004 == 0xffffffff
DPIO read pipe A reg 0x8008 == 0xffffffff
DPIO read pipe A reg 0x800c == 0xffffffff
error: [drm:pid0:intel_pipe_config_compare] *ERROR* mismatch in base.adjusted_mode.crtc_clock (expected 162980, found 40625)
error: [drm:pid0:intel_pipe_config_compare] *ERROR* mismatch in port_clock (expected 162980, found 40625)
pipe state doesn't match!
wsdisplay0 at inteldrm0 mux 1: console (std, vt100 emulation)
wsdisplay0: screen 1-5 added (std, vt100 emulation)
&quot;Intel Braswell Camera ISP&quot; rev 0x36 at pci0 dev 3 function 0 not configured
&quot;Intel Braswell Power&quot; rev 0x36 at pci0 dev 11 function 0 not configured
xhci0 at pci0 dev 20 function 0 &quot;Intel Braswell xHCI&quot; rev 0x36: msi, xHCI 1.0
usb0 at xhci0: USB revision 3.0
uhub0 at usb0 configuration 1 interface 0 &quot;Intel xHCI root hub&quot; rev 3.00/1.00 addr 1
&quot;Intel Braswell TXE&quot; rev 0x36 at pci0 dev 26 function 0 not configured
ppb0 at pci0 dev 28 function 0 &quot;Intel Braswell PCIE&quot; rev 0x36: msi
pci1 at ppb0 bus 1
iwm0 at pci1 dev 0 function 0 &quot;Intel Dual Band Wireless AC 3165&quot; rev 0x81, msi
pcib0 at pci0 dev 31 function 0 &quot;Intel Braswell PCU LPC&quot; rev 0x36
isa0 at pcib0
isadma0 at isa0
com0 at isa0 port 0x3f8/8 irq 4: ns16550a, 16 byte fifo
com1 at isa0 port 0x2f8/8 irq 3: ns8250, no fifo
com2 at isa0 port 0x3e8/8 irq 5: ns8250, no fifo
pckbc0 at isa0 port 0x60/5 irq 1 irq 12
pckbd0 at pckbc0 (kbd slot)
wskbd0 at pckbd0: console keyboard, using wsdisplay0
pcppi0 at isa0 port 0x61
spkr0 at pcppi0
vmm0 at mainbus0: VMX/EPT (using slow L1TF mitigation)
efifb at mainbus0 not configured
sdmmc1: can't enable card
scsibus1 at sdmmc2: 2 targets, initiator 0
sd0 at scsibus1 targ 1 lun 0: &lt;SD/MMC, SD8GB, 0020&gt; SCSI2 0/direct removable
sd0: 7458MB, 512 bytes/sector, 15273984 sectors
scsibus2 at sdmmc0: 2 targets, initiator 0
sd1 at scsibus2 targ 1 lun 0: &lt;Sandisk, DF4064, 0000&gt; SCSI2 0/direct removable
sd1: 59640MB, 512 bytes/sector, 122142720 sectors
uhub1 at uhub0 port 2 configuration 1 interface 0 &quot;Genesys Logic USB2.0 Hub&quot; rev 2.00/88.32 addr 2
cdce0 at uhub1 port 1 configuration 2 interface 0 &quot;TP-LINK USB 10/100/1000 LAN&quot; rev 2.10/30.00 addr 3
cdce0: address xx:xx:xx:xx:xx:xx
uhidev0 at uhub1 port 3 configuration 1 interface 0 &quot;HTX USB HID Device HTX HID Device&quot; rev 2.00/10.01 addr 4
uhidev0: iclass 3/1, 84 report ids
uhid0 at uhidev0 reportid 3: input=3, output=0, feature=0
uhid1 at uhidev0 reportid 5: input=0, output=0, feature=5
uhid2 at uhidev0 reportid 9: input=2, output=2, feature=0
ukbd0 at uhidev0 reportid 16: 8 variable keys, 6 key codes
wskbd1 at ukbd0 mux 1
wskbd1: connecting to wsdisplay0
uhid3 at uhidev0 reportid 17: input=1, output=0, feature=0
uhid4 at uhidev0 reportid 18: input=2, output=0, feature=0
uhid5 at uhidev0 reportid 19: input=1, output=0, feature=0
uhid6 at uhidev0 reportid 48: input=7, output=0, feature=7
uhid7 at uhidev0 reportid 49: input=7, output=0, feature=7
uhid8 at uhidev0 reportid 50: input=255, output=0, feature=255
uhid9 at uhidev0 reportid 51: input=255, output=0, feature=255
uhid10 at uhidev0 reportid 84: input=0, output=0, feature=1
uhidev1 at uhub1 port 3 configuration 1 interface 1 &quot;HTX USB HID Device HTX HID Device&quot; rev 2.00/10.01 addr 4
uhidev1: iclass 3/1, 6 report ids
umt0 at uhidev1: clickpad, 5 contacts
wsmouse1 at umt0 mux 0
ugen0 at uhub0 port 3 &quot;Intel Bluetooth&quot; rev 2.00/0.01 addr 5
vscsi0 at root
scsibus3 at vscsi0: 256 targets
softraid0 at root
scsibus4 at softraid0: 256 targets
root on sd1a (5afbfaf9449945ba.a) swap on sd1b dump on sd1b
iwm0: hw rev 0x210, fw ver 16.242414.0, address xx:xx:xx:xx:xx:xx

</pre>



</div><!-- content -->
<br />
<div id="footer">
All comments/news/posts are the property of their individual owner and
is presented without warranty of suitability, and solely as an
informational resource. <br />
This site Copyright &copy; 2004-2020 NYC*BUG.
</div><!-- footer -->

</body>
</html>

