



<!doctype html>
<html lang="en">
<head>
<meta name="keywords"
	content="bsd, freebsd, openbsd, netbsd, dragonflybsd, nycbug, dmesgd" />
<meta name="description" content="New York City BSD User Group dmesgd" />
<meta charset="utf-8" />
<meta name="viewport" content="width=device-width, initial-scale=1" />
<title>NYC*BUG dmesgd</title>
<style>
body {
	text-align: left;
	margin: 15px auto;
	padding: 0px 10px;
}
@media (min-width: 800px) {
	body {
		max-width: 85%;
	}
}
#header {
	border-bottom: 1px solid #dbdbdb;
	font-size: 230%;
	text-align: left;
}
#footer {
	border-top: 1px solid #dbdbdb;
	clear: both;
	text-align: left;
}
.logo_bug {
	color: #cc0033;
}
#menu ul {
	list-style-type: none;
	margin: 0;
	padding: 0;
}
#menu li {
	float: left;
}
#menu li a {
	display: block;
	background-color: #dbdbdb;
	color: #000000;
	font-size: 105%;
	font-weight: bold;
	padding: 0px 6px 0px 6px;
	text-decoration: none;
}
#content {
	clear: both;
	text-align: left;
	padding-top: 10px;
}
#content h1 {
	font-size: 120%;
	font-weight: bold;
}
#content h2 {
	font-size: 110%;
	font-weight: bold;
}
#content a {
	text-decoration: none;
}
#content pre {
	background-color: #dbdbdb;
	padding: 5px 5px 5px 5px;
	white-space: pre-wrap;		/* css-3 */
	white-space: -moz-pre-wrap;	/* Mozilla, since 1999 */
	white-space: -pre-wrap;		/* Opera 4-6 */
	white-space: -o-pre-wrap;	/* Opera 7 */
	word-wrap: break-word;		/* Internet Explorer 5.5+ */
}
#content table {
	border-collapse: collapse;
}
#content table th {
	border: 1px solid #dbdbdb;
	font-size: 85%;
	white-space: nowrap;
}
#content table td {
	border: 1px solid #dbdbdb;
	font-size: 80%;
}
#content input {
	font-size: 1em;
}
#content .full	{ width: 100%; }
#content .left	{ text-align: left; }
#content .right	{ text-align: right; }
#content .center { text-align: center; }
#content .flexbox {
	display: -ms-flex;
	display: -webkit-flex;
	display: flex;
	width: 100%;
}
#content .left_col {
	min-width: 75px;
	max-width: 50%;
	flex-grow: 0;
}
#content .right_col {
	flex-grow: 1;
	margin-left: 10px;
	padding-top: 10px;
	padding-left: 10px;
}
#col {
	-moz-column-count: 3;
	-webkit-column-count: 3;
	column-count: 3;
}
</style>
</head>
<body>

<div id="header">
<strong><em>NYC*</em><span class="logo_bug">BUG</span> dmesgd</strong>
</div><!-- header -->

<div id="menu">
<ul>
<li><a href="https://dmesgd.nycbug.org/index.cgi?do=index">Home</a></li>
<li><a href="https://dmesgd.nycbug.org/index.cgi?do=submit">Submit</a></li>
<li><a href="https://www.nycbug.org/">NYC*BUG</a></li>
</ul>
</div><!-- menu -->

<div id="content">

<p>
Launched in 2004, dmesgd aims to provide a
<strong>user-submitted</strong> repository of searchable *BSD dmesgs.
The dmesg(8) command displays the system message buffer's content, and
during boot a copy is saved to <em>/var/run/dmesg.boot</em>.  This buffer
contains the operating system release, name and version, a list of
devices identified, plus a whole host of other useful information.  We
hope others find this resource useful and further contribute to its
growth. Contact us at [ admin at lists dot nycbug dot org ].
</p>

<hr />


<strong>Date:</strong> <em>2019-01-27 17:09:25</em><br />
<strong>From:</strong> <em>raka</em><br />
<strong>Description:</strong> <em>Asus EEE 1000HA (non-original wifi/ram/hdd/kb)</em><br />

<pre>
OpenBSD 6.4 (GENERIC.MP) #943: Thu Oct 11 13:51:32 MDT 2018
    xxx@xxx.xxx:/usr/src/sys/arch/i386/compile/GENERIC.MP
real mem  = 2138193920 (2039MB)
avail mem = 2084085760 (1987MB)
mpath0 at root
scsibus0 at mpath0: 256 targets
mainbus0 at root
bios0 at mainbus0: date 10/17/08, BIOS32 rev. 0 @ 0xf0010, SMBIOS rev. 2.5 @ 0xf0700 (30 entries)
bios0: vendor American Megatrends Inc. version &quot;1206&quot; date 10/17/2008
bios0: ASUSTeK Computer INC. 1000H
acpi0 at bios0: rev 0
acpi0: sleep states S0 S3 S4 S5
acpi0: tables DSDT FACP APIC MCFG OEMB HPET SSDT
acpi0: wakeup devices P0P2(S4) P0P1(S4) HDAC(S4) P0P4(S4) P0P8(S4) P0P5(S4) P0P7(S4) P0P9(S4) P0P6(S4)
acpitimer0 at acpi0: 3579545 Hz, 24 bits
acpimadt0 at acpi0 addr 0xfee00000: PC-AT compat
cpu0 at mainbus0: apid 0 (boot processor)
cpu0: Intel(R) Atom(TM) CPU N270 @ 1.60GHz (&quot;GenuineIntel&quot; 686-class) 1.66 GHz, 06-1c-02
cpu0: FPU,V86,DE,PSE,TSC,MSR,PAE,MCE,CX8,APIC,SEP,MTRR,PGE,MCA,CMOV,PAT,CFLUSH,DS,ACPI,MMX,FXSR,SSE,SSE2,SS,HTT,TM,PBE,SSE3,DTES64,MWAIT,DS-CPL,EST,TM2,SSSE3,xTPR,PDCM,MOVBE,NXE,LAHF,PERF,MELTDOWN
mtrr: Pentium Pro MTRR support, 8 var ranges, 88 fixed ranges
cpu0: apic clock running at 133MHz
cpu1 at mainbus0: apid 1 (application processor)
cpu1: Intel(R) Atom(TM) CPU N270 @ 1.60GHz (&quot;GenuineIntel&quot; 686-class) 1.60 GHz, 06-1c-02
cpu1: FPU,V86,DE,PSE,TSC,MSR,PAE,MCE,CX8,APIC,SEP,MTRR,PGE,MCA,CMOV,PAT,CFLUSH,DS,ACPI,MMX,FXSR,SSE,SSE2,SS,HTT,TM,PBE,SSE3,DTES64,MWAIT,DS-CPL,EST,TM2,SSSE3,xTPR,PDCM,MOVBE,NXE,LAHF,PERF,MELTDOWN
ioapic0 at mainbus0: apid 2 pa 0xfec00000, version 20, 24 pins, remapped
acpimcfg0 at acpi0
acpimcfg0: addr 0xe0000000, bus 0-63
acpihpet0 at acpi0: 14318179 Hz
acpiprt0 at acpi0: bus 0 (PCI0)
acpiprt1 at acpi0: bus 3 (P0P5)
acpiprt2 at acpi0: bus 1 (P0P7)
acpiprt3 at acpi0: bus -1 (P0P6)
acpiec0 at acpi0
acpicpu0 at acpi0: C1(@1 halt!), PSS
acpicpu1 at acpi0: C1(@1 halt!), PSS
acpitz0 at acpi0: critical temperature is 85 degC
acpicmos0 at acpi0
&quot;SYN0A04&quot; at acpi0 not configured
acpibat0 at acpi0: BAT0 model &quot;1000H&quot; serial   type LION oem &quot;ASUS&quot;
acpiac0 at acpi0: AC unit online
acpiasus0 at acpi0
acpibtn0 at acpi0: LID_
acpibtn1 at acpi0: SLPB
acpibtn2 at acpi0: PWRB
acpivideo0 at acpi0: VGA_
bios0: ROM list: 0xc0000/0xec00!
cpu0: Enhanced SpeedStep 1597 MHz: speeds: 1600, 1333, 1067, 800 MHz
pci0 at mainbus0 bus 0: configuration mode 1 (bios)
pchb0 at pci0 dev 0 function 0 &quot;Intel 82945GME Host&quot; rev 0x03
inteldrm0 at pci0 dev 2 function 0 &quot;Intel 82945GME Video&quot; rev 0x03
drm0 at inteldrm0
intagp0 at inteldrm0
agp0 at intagp0: aperture at 0xd0000000, size 0x10000000
inteldrm0: apic 2 int 16
inteldrm0: 1024x600, 32bpp
wsdisplay0 at inteldrm0 mux 1: console (std, vt100 emulation)
wsdisplay0: screen 1-5 added (std, vt100 emulation)
&quot;Intel 82945GM Video&quot; rev 0x03 at pci0 dev 2 function 1 not configured
azalia0 at pci0 dev 27 function 0 &quot;Intel 82801GB HD Audio&quot; rev 0x02: msi
azalia0: codecs: Realtek ALC269
audio0 at azalia0
ppb0 at pci0 dev 28 function 0 &quot;Intel 82801GB PCIE&quot; rev 0x02: apic 2 int 16
pci1 at ppb0 bus 4
ppb1 at pci0 dev 28 function 1 &quot;Intel 82801GB PCIE&quot; rev 0x02: apic 2 int 17
pci2 at ppb1 bus 3
ale0 at pci2 dev 0 function 0 &quot;Attansic Technology L1E&quot; rev 0xb0: AR8113, msi, address xx:xx:xx:xx:xx:xx
atphy0 at ale0 phy 0: F1 10/100/1000 PHY, rev. 9
ppb2 at pci0 dev 28 function 3 &quot;Intel 82801GB PCIE&quot; rev 0x02: apic 2 int 19
pci3 at ppb2 bus 1
athn0 at pci3 dev 0 function 0 &quot;Atheros AR9281&quot; rev 0x01: apic 2 int 19
athn0: AR9280 rev 2 (2T2R), ROM rev 22, address xx:xx:xx:xx:xx:xx
uhci0 at pci0 dev 29 function 0 &quot;Intel 82801GB USB&quot; rev 0x02: apic 2 int 23
uhci1 at pci0 dev 29 function 1 &quot;Intel 82801GB USB&quot; rev 0x02: apic 2 int 19
uhci2 at pci0 dev 29 function 2 &quot;Intel 82801GB USB&quot; rev 0x02: apic 2 int 18
uhci3 at pci0 dev 29 function 3 &quot;Intel 82801GB USB&quot; rev 0x02: apic 2 int 16
ehci0 at pci0 dev 29 function 7 &quot;Intel 82801GB USB&quot; rev 0x02: apic 2 int 23
usb0 at ehci0: USB revision 2.0
uhub0 at usb0 configuration 1 interface 0 &quot;Intel EHCI root hub&quot; rev 2.00/1.00 addr 1
ppb3 at pci0 dev 30 function 0 &quot;Intel 82801BAM Hub-to-PCI&quot; rev 0xe2
pci4 at ppb3 bus 5
ichpcib0 at pci0 dev 31 function 0 &quot;Intel 82801GBM LPC&quot; rev 0x02: PM disabled
pciide0 at pci0 dev 31 function 2 &quot;Intel 82801GBM SATA&quot; rev 0x02: DMA, channel 0 wired to compatibility, channel 1 wired to compatibility
wd0 at pciide0 channel 0 drive 0: &lt;ST1000LM024 HN-M101MBB&gt;
wd0: 16-sector PIO, LBA48, 953869MB, 1953525168 sectors
wd0(pciide0:0:0): using PIO mode 4, Ultra-DMA mode 6
usb1 at uhci0: USB revision 1.0
uhub1 at usb1 configuration 1 interface 0 &quot;Intel UHCI root hub&quot; rev 1.00/1.00 addr 1
usb2 at uhci1: USB revision 1.0
uhub2 at usb2 configuration 1 interface 0 &quot;Intel UHCI root hub&quot; rev 1.00/1.00 addr 1
usb3 at uhci2: USB revision 1.0
uhub3 at usb3 configuration 1 interface 0 &quot;Intel UHCI root hub&quot; rev 1.00/1.00 addr 1
usb4 at uhci3: USB revision 1.0
uhub4 at usb4 configuration 1 interface 0 &quot;Intel UHCI root hub&quot; rev 1.00/1.00 addr 1
isa0 at ichpcib0
isadma0 at isa0
pckbc0 at isa0 port 0x60/5 irq 1 irq 12
pckbd0 at pckbc0 (kbd slot)
wskbd0 at pckbd0: console keyboard, using wsdisplay0
pms0 at pckbc0 (aux slot)
wsmouse0 at pms0 mux 0
pms0: Elantech Touchpad, version 2, firmware 0x20030
pcppi0 at isa0 port 0x61
spkr0 at pcppi0
npx0 at isa0 port 0xf0/16: reported by CPUID; using exception 16
urtw0 at uhub0 port 2 configuration 1 interface 0 &quot;Realtek RTL8187_Wireless&quot; rev 2.00/1.00 addr 2
urtw0: RTL8187 rev 0x04, RFv2, address xx:xx:xx:xx:xx:xx
uvideo0 at uhub0 port 8 configuration 1 interface 0 &quot;Chicony Electronics Co., Ltd. CNF7129&quot; rev 2.00/15.44 addr 3
video0 at uvideo0
uhidev0 at uhub2 port 1 configuration 1 interface 0 &quot;Logitech USB Keyboard&quot; rev 1.10/64.00 addr 2
uhidev0: iclass 3/1
ukbd0 at uhidev0: 8 variable keys, 6 key codes
wskbd1 at ukbd0 mux 1
wskbd1: connecting to wsdisplay0
uhidev1 at uhub2 port 1 configuration 1 interface 1 &quot;Logitech USB Keyboard&quot; rev 1.10/64.00 addr 2
uhidev1: iclass 3/0, 3 report ids
uhid0 at uhidev1 reportid 1: input=1, output=0, feature=0
uhid1 at uhidev1 reportid 2: input=1, output=0, feature=0
uhid2 at uhidev1 reportid 3: input=3, output=0, feature=0
vscsi0 at root
scsibus1 at vscsi0: 256 targets
softraid0 at root
scsibus2 at softraid0: 256 targets
softraid0: sd0 was not shutdown properly
sd0 at scsibus2 targ 1 lun 0: &lt;OPENBSD, SR CRYPTO, 006&gt; SCSI2 0/direct fixed
sd0: 953866MB, 512 bytes/sector, 1953519473 sectors
root on sd0a (6f94b52f4daba67f.a) swap on sd0b dump on sd0b

</pre>



</div><!-- content -->
<br />
<div id="footer">
All comments/news/posts are the property of their individual owner and
is presented without warranty of suitability, and solely as an
informational resource. <br />
This site Copyright &copy; 2004-2020 NYC*BUG.
</div><!-- footer -->

</body>
</html>

