



<!doctype html>
<html lang="en">
<head>
<meta name="keywords"
	content="bsd, freebsd, openbsd, netbsd, dragonflybsd, nycbug, dmesgd" />
<meta name="description" content="New York City BSD User Group dmesgd" />
<meta charset="utf-8" />
<meta name="viewport" content="width=device-width, initial-scale=1" />
<title>NYC*BUG dmesgd</title>
<style>
body {
	text-align: left;
	margin: 15px auto;
	padding: 0px 10px;
}
@media (min-width: 800px) {
	body {
		max-width: 85%;
	}
}
#header {
	border-bottom: 1px solid #dbdbdb;
	font-size: 230%;
	text-align: left;
}
#footer {
	border-top: 1px solid #dbdbdb;
	clear: both;
	text-align: left;
}
.logo_bug {
	color: #cc0033;
}
#menu ul {
	list-style-type: none;
	margin: 0;
	padding: 0;
}
#menu li {
	float: left;
}
#menu li a {
	display: block;
	background-color: #dbdbdb;
	color: #000000;
	font-size: 105%;
	font-weight: bold;
	padding: 0px 6px 0px 6px;
	text-decoration: none;
}
#content {
	clear: both;
	text-align: left;
	padding-top: 10px;
}
#content h1 {
	font-size: 120%;
	font-weight: bold;
}
#content h2 {
	font-size: 110%;
	font-weight: bold;
}
#content a {
	text-decoration: none;
}
#content pre {
	background-color: #dbdbdb;
	padding: 5px 5px 5px 5px;
	white-space: pre-wrap;		/* css-3 */
	white-space: -moz-pre-wrap;	/* Mozilla, since 1999 */
	white-space: -pre-wrap;		/* Opera 4-6 */
	white-space: -o-pre-wrap;	/* Opera 7 */
	word-wrap: break-word;		/* Internet Explorer 5.5+ */
}
#content table {
	border-collapse: collapse;
}
#content table th {
	border: 1px solid #dbdbdb;
	font-size: 85%;
	white-space: nowrap;
}
#content table td {
	border: 1px solid #dbdbdb;
	font-size: 80%;
}
#content input {
	font-size: 1em;
}
#content .full	{ width: 100%; }
#content .left	{ text-align: left; }
#content .right	{ text-align: right; }
#content .center { text-align: center; }
#content .flexbox {
	display: -ms-flex;
	display: -webkit-flex;
	display: flex;
	width: 100%;
}
#content .left_col {
	min-width: 75px;
	max-width: 50%;
	flex-grow: 0;
}
#content .right_col {
	flex-grow: 1;
	margin-left: 10px;
	padding-top: 10px;
	padding-left: 10px;
}
#col {
	-moz-column-count: 3;
	-webkit-column-count: 3;
	column-count: 3;
}
</style>
</head>
<body>

<div id="header">
<strong><em>NYC*</em><span class="logo_bug">BUG</span> dmesgd</strong>
</div><!-- header -->

<div id="menu">
<ul>
<li><a href="https://dmesgd.nycbug.org/index.cgi?do=index">Home</a></li>
<li><a href="https://dmesgd.nycbug.org/index.cgi?do=submit">Submit</a></li>
<li><a href="https://www.nycbug.org/">NYC*BUG</a></li>
</ul>
</div><!-- menu -->

<div id="content">

<p>
Launched in 2004, dmesgd aims to provide a
<strong>user-submitted</strong> repository of searchable *BSD dmesgs.
The dmesg(8) command displays the system message buffer's content, and
during boot a copy is saved to <em>/var/run/dmesg.boot</em>.  This buffer
contains the operating system release, name and version, a list of
devices identified, plus a whole host of other useful information.  We
hope others find this resource useful and further contribute to its
growth. Contact us at [ admin at lists dot nycbug dot org ].
</p>

<hr />


<strong>Date:</strong> <em>2019-02-24 13:18:08</em><br />
<strong>From:</strong> <em>Justin Yang</em><br />
<strong>Description:</strong> <em>pine64 LTS with edimax ew-7811un N150 Nano usb wifi adapter</em><br />

<pre>
OpenBSD 6.4-current (GENERIC.MP) #2: Mon Feb 18 12:47:47 MST 2019
    xxx@xxx.xxx:/usr/src/sys/arch/arm64/compile/GENERIC.MP
real mem  = 2018205696 (1924MB)
avail mem = 1925681152 (1836MB)
mainbus0 at root: Pine64 LTS
cpu0 at mainbus0 mpidr 0: ARM Cortex-A53 r0p4
cpu0: 32KB 64b/line 2-way L1 VIPT I-cache, 32KB 64b/line 4-way L1 D-cache
cpu0: 512KB 64b/line 16-way L2 cache
efi0 at mainbus0: UEFI 2.7
efi0: Das U-Boot rev 0x20190100
apm0 at mainbus0
psci0 at mainbus0: PSCI 1.1, SMCCC 1.1
agtimer0 at mainbus0: tick rate 24000 KHz
simplebus0 at mainbus0: &quot;soc&quot;
sxiccmu0 at simplebus0
sxipio0 at simplebus0: 103 pins
ampintc0 at simplebus0 nirq 224, ncpu 4 ipi: 0, 1: &quot;interrupt-controller&quot;
sxiccmu1 at simplebus0
sxipio1 at simplebus0: 13 pins
sxirsb0 at simplebus0
axppmic0 at sxirsb0 addr 0x3a3: AXP803
&quot;de2&quot; at simplebus0 not configured
&quot;syscon&quot; at simplebus0 not configured
&quot;dma-controller&quot; at simplebus0 not configured
&quot;lcd-controller&quot; at simplebus0 not configured
&quot;lcd-controller&quot; at simplebus0 not configured
sximmc0 at simplebus0
sdmmc0 at sximmc0: 4-bit, sd high-speed, mmc high-speed, dma
sximmc1 at simplebus0
sdmmc1 at sximmc1: 8-bit, sd high-speed, mmc high-speed, dma
&quot;eeprom&quot; at simplebus0 not configured
&quot;usb&quot; at simplebus0 not configured
&quot;phy&quot; at simplebus0 not configured
ehci0 at simplebus0
usb0 at ehci0: USB revision 2.0
uhub0 at usb0 configuration 1 interface 0 &quot;Generic EHCI root hub&quot; rev 2.00/1.00 addr 1
ohci0 at simplebus0: version 1.0
ehci1 at simplebus0
usb1 at ehci1: USB revision 2.0
uhub1 at usb1 configuration 1 interface 0 &quot;Generic EHCI root hub&quot; rev 2.00/1.00 addr 1
ohci1 at simplebus0: version 1.0
&quot;clock&quot; at simplebus0 not configured
&quot;pinctrl&quot; at simplebus0 not configured
com0 at simplebus0: ns16550, no working fifo
com0: console
&quot;spi&quot; at simplebus0 not configured
dwxe0 at simplebus0: address xx:xx:xx:xx:xx:xx
rgephy0 at dwxe0 phy 1: RTL8169S/8110S/8211 PHY, rev. 5
&quot;interrupt-controller&quot; at simplebus0 not configured
&quot;hdmi&quot; at simplebus0 not configured
&quot;hdmi-phy&quot; at simplebus0 not configured
sxirtc0 at simplebus0
&quot;interrupt-controller&quot; at simplebus0 not configured
&quot;clock&quot; at simplebus0 not configured
&quot;pinctrl&quot; at simplebus0 not configured
&quot;rsb&quot; at simplebus0 not configured
&quot;watchdog&quot; at simplebus0 not configured
gpio0 at sxipio0: 32 pins
gpio1 at sxipio0: 32 pins
gpio2 at sxipio0: 32 pins
gpio3 at sxipio0: 32 pins
gpio4 at sxipio0: 32 pins
gpio5 at sxipio0: 32 pins
gpio6 at sxipio0: 32 pins
gpio7 at sxipio0: 32 pins
gpio8 at sxipio1: 32 pins
usb2 at ohci0: USB revision 1.0
uhub2 at usb2 configuration 1 interface 0 &quot;Generic OHCI root hub&quot; rev 1.00/1.00 addr 1
usb3 at ohci1: USB revision 1.0
uhub3 at usb3 configuration 1 interface 0 &quot;Generic OHCI root hub&quot; rev 1.00/1.00 addr 1
cpu1 at mainbus0 mpidr 1: ARM Cortex-A53 r0p4
cpu1: 32KB 64b/line 2-way L1 VIPT I-cache, 32KB 64b/line 4-way L1 D-cache
cpu1: 512KB 64b/line 16-way L2 cache
cpu2 at mainbus0 mpidr 2: ARM Cortex-A53 r0p4
cpu2: 32KB 64b/line 2-way L1 VIPT I-cache, 32KB 64b/line 4-way L1 D-cache
cpu2: 512KB 64b/line 16-way L2 cache
cpu3 at mainbus0 mpidr 3: ARM Cortex-A53 r0p4
cpu3: 32KB 64b/line 2-way L1 VIPT I-cache, 32KB 64b/line 4-way L1 D-cache
cpu3: 512KB 64b/line 16-way L2 cache
sdmmc1: can't enable card
scsibus0 at sdmmc0: 2 targets, initiator 0
sd0 at scsibus0 targ 1 lun 0: &lt;SD/MMC, SC64G, 0080&gt; SCSI2 0/direct removable
sd0: 60906MB, 512 bytes/sector, 124735488 sectors
urtwn0 at uhub1 port 1 configuration 1 interface 0 &quot;Realtek 802.11n WLAN Adapter&quot; rev 2.00/2.00 addr 2
urtwn0: MAC/BB RTL8188CUS, RF 6052 1T1R, address xx:xx:xx:xx:xx:xx
vscsi0 at root
scsibus1 at vscsi0: 256 targets
softraid0 at root
scsibus2 at softraid0: 256 targets
bootfile: sd0a:/bsd
boot device: sd0
root on sd0a (9c93c81cfae3b6ba.a) swap on sd0b dump on sd0b
WARNING: preposterous clock chip time
WARNING: CHECK AND RESET THE DATE!
</pre>



</div><!-- content -->
<br />
<div id="footer">
All comments/news/posts are the property of their individual owner and
is presented without warranty of suitability, and solely as an
informational resource. <br />
This site Copyright &copy; 2004-2020 NYC*BUG.
</div><!-- footer -->

</body>
</html>

