



<!doctype html>
<html lang="en">
<head>
<meta name="keywords"
	content="bsd, freebsd, openbsd, netbsd, dragonflybsd, nycbug, dmesgd" />
<meta name="description" content="New York City BSD User Group dmesgd" />
<meta charset="utf-8" />
<meta name="viewport" content="width=device-width, initial-scale=1" />
<title>NYC*BUG dmesgd</title>
<style>
body {
	text-align: left;
	margin: 15px auto;
	padding: 0px 10px;
}
@media (min-width: 800px) {
	body {
		max-width: 85%;
	}
}
#header {
	border-bottom: 1px solid #dbdbdb;
	font-size: 230%;
	text-align: left;
}
#footer {
	border-top: 1px solid #dbdbdb;
	clear: both;
	text-align: left;
}
.logo_bug {
	color: #cc0033;
}
#menu ul {
	list-style-type: none;
	margin: 0;
	padding: 0;
}
#menu li {
	float: left;
}
#menu li a {
	display: block;
	background-color: #dbdbdb;
	color: #000000;
	font-size: 105%;
	font-weight: bold;
	padding: 0px 6px 0px 6px;
	text-decoration: none;
}
#content {
	clear: both;
	text-align: left;
	padding-top: 10px;
}
#content h1 {
	font-size: 120%;
	font-weight: bold;
}
#content h2 {
	font-size: 110%;
	font-weight: bold;
}
#content a {
	text-decoration: none;
}
#content pre {
	background-color: #dbdbdb;
	padding: 5px 5px 5px 5px;
	white-space: pre-wrap;		/* css-3 */
	white-space: -moz-pre-wrap;	/* Mozilla, since 1999 */
	white-space: -pre-wrap;		/* Opera 4-6 */
	white-space: -o-pre-wrap;	/* Opera 7 */
	word-wrap: break-word;		/* Internet Explorer 5.5+ */
}
#content table {
	border-collapse: collapse;
}
#content table th {
	border: 1px solid #dbdbdb;
	font-size: 85%;
	white-space: nowrap;
}
#content table td {
	border: 1px solid #dbdbdb;
	font-size: 80%;
}
#content input {
	font-size: 1em;
}
#content .full	{ width: 100%; }
#content .left	{ text-align: left; }
#content .right	{ text-align: right; }
#content .center { text-align: center; }
#content .flexbox {
	display: -ms-flex;
	display: -webkit-flex;
	display: flex;
	width: 100%;
}
#content .left_col {
	min-width: 75px;
	max-width: 50%;
	flex-grow: 0;
}
#content .right_col {
	flex-grow: 1;
	margin-left: 10px;
	padding-top: 10px;
	padding-left: 10px;
}
#col {
	-moz-column-count: 3;
	-webkit-column-count: 3;
	column-count: 3;
}
</style>
</head>
<body>

<div id="header">
<strong><em>NYC*</em><span class="logo_bug">BUG</span> dmesgd</strong>
</div><!-- header -->

<div id="menu">
<ul>
<li><a href="https://dmesgd.nycbug.org/index.cgi?do=index">Home</a></li>
<li><a href="https://dmesgd.nycbug.org/index.cgi?do=submit">Submit</a></li>
<li><a href="https://www.nycbug.org/">NYC*BUG</a></li>
</ul>
</div><!-- menu -->

<div id="content">

<p>
Launched in 2004, dmesgd aims to provide a
<strong>user-submitted</strong> repository of searchable *BSD dmesgs.
The dmesg(8) command displays the system message buffer's content, and
during boot a copy is saved to <em>/var/run/dmesg.boot</em>.  This buffer
contains the operating system release, name and version, a list of
devices identified, plus a whole host of other useful information.  We
hope others find this resource useful and further contribute to its
growth. Contact us at [ admin at lists dot nycbug dot org ].
</p>

<hr />


<strong>Date:</strong> <em>2019-03-05 23:10:19</em><br />
<strong>From:</strong> <em>duke</em><br />
<strong>Description:</strong> <em>OpenBSD 6.4 intel nuc8i7beh</em><br />

<pre>
OpenBSD 6.4 (GENERIC.MP) #7: Thu Feb 28 18:56:25 CET 2019
    xxx@xxx.xxx:/usr/src/sys/arch/amd64/compile/GENERIC.MP
real mem = 8431730688 (8041MB)
avail mem = 8166920192 (7788MB)
mpath0 at root
scsibus0 at mpath0: 256 targets
mainbus0 at root
bios0 at mainbus0: SMBIOS rev. 2.8 @ 0x7a9a4000 (76 entries)
bios0: vendor Intel Corp. version &quot;BECFL357.86A.0056.2018.1128.1717&quot; date 11/28/2018
bios0: Intel(R) Client Systems NUC8i7BEH
acpi0 at bios0: rev 2
acpi0: sleep states S0 S3 S4 S5
acpi0: tables DSDT FACP APIC FPDT FIDT MCFG SSDT SSDT SSDT HPET SSDT SSDT UEFI LPIT SSDT SSDT DBGP DBG2 SSDT DMAR NHLT BGRT TPM2 WSMT
acpi0: wakeup devices SIO1(S3) PXSX(S4) RP01(S4) PXSX(S4) RP02(S4) PXSX(S4) RP03(S4) PXSX(S4) RP04(S4) PXSX(S4) RP05(S4) PXSX(S4) RP06(S4) PXSX(S4) RP07(S4) PXSX(S4) [...]
acpitimer0 at acpi0: 3579545 Hz, 24 bits
acpimadt0 at acpi0 addr 0xfee00000: PC-AT compat
cpu0 at mainbus0: apid 0 (boot processor)
cpu0: Intel(R) Core(TM) i7-8559U CPU @ 2.70GHz, 2594.86 MHz, 06-8e-0a
cpu0: FPU,VME,DE,PSE,TSC,MSR,PAE,MCE,CX8,APIC,SEP,MTRR,PGE,MCA,CMOV,PAT,PSE36,CFLUSH,DS,ACPI,MMX,FXSR,SSE,SSE2,SS,HTT,TM,PBE,SSE3,PCLMUL,DTES64,MWAIT,DS-CPL,VMX,EST,TM2,SSSE3,SDBG,FMA3,CX16,xTPR,PDCM,PCID,SSE4.1,SSE4.2,x2APIC,MOVBE,POPCNT,DEADLINE,AES,XSAVE,AVX,F16C,RDRAND,NXE,PAGE1GB,RDTSCP,LONG,LAHF,ABM,3DNOWP,PERF,ITSC,FSGSBASE,SGX,BMI1,AVX2,SMEP,BMI2,ERMS,INVPCID,MPX,RDSEED,ADX,SMAP,CLFLUSHOPT,PT,IBRS,IBPB,STIBP,L1DF,SSBD,SENSOR,ARAT,XSAVEOPT,XSAVEC,XGETBV1,XSAVES,MELTDOWN
cpu0: 256KB 64b/line 8-way L2 cache
cpu0: smt 0, core 0, package 0
mtrr: Pentium Pro MTRR support, 10 var ranges, 88 fixed ranges
cpu0: apic clock running at 24MHz
cpu0: mwait min=64, max=64, C-substates=0.2.1.2.4.1.1.1, IBE
cpu1 at mainbus0: apid 2 (application processor)
cpu1: Intel(R) Core(TM) i7-8559U CPU @ 2.70GHz, 2593.97 MHz, 06-8e-0a
cpu1: FPU,VME,DE,PSE,TSC,MSR,PAE,MCE,CX8,APIC,SEP,MTRR,PGE,MCA,CMOV,PAT,PSE36,CFLUSH,DS,ACPI,MMX,FXSR,SSE,SSE2,SS,HTT,TM,PBE,SSE3,PCLMUL,DTES64,MWAIT,DS-CPL,VMX,EST,TM2,SSSE3,SDBG,FMA3,CX16,xTPR,PDCM,PCID,SSE4.1,SSE4.2,x2APIC,MOVBE,POPCNT,DEADLINE,AES,XSAVE,AVX,F16C,RDRAND,NXE,PAGE1GB,RDTSCP,LONG,LAHF,ABM,3DNOWP,PERF,ITSC,FSGSBASE,SGX,BMI1,AVX2,SMEP,BMI2,ERMS,INVPCID,MPX,RDSEED,ADX,SMAP,CLFLUSHOPT,PT,IBRS,IBPB,STIBP,L1DF,SSBD,SENSOR,ARAT,XSAVEOPT,XSAVEC,XGETBV1,XSAVES,MELTDOWN
cpu1: 256KB 64b/line 8-way L2 cache
cpu1: smt 0, core 1, package 0
cpu2 at mainbus0: apid 4 (application processor)
cpu2: Intel(R) Core(TM) i7-8559U CPU @ 2.70GHz, 2593.97 MHz, 06-8e-0a
cpu2: FPU,VME,DE,PSE,TSC,MSR,PAE,MCE,CX8,APIC,SEP,MTRR,PGE,MCA,CMOV,PAT,PSE36,CFLUSH,DS,ACPI,MMX,FXSR,SSE,SSE2,SS,HTT,TM,PBE,SSE3,PCLMUL,DTES64,MWAIT,DS-CPL,VMX,EST,TM2,SSSE3,SDBG,FMA3,CX16,xTPR,PDCM,PCID,SSE4.1,SSE4.2,x2APIC,MOVBE,POPCNT,DEADLINE,AES,XSAVE,AVX,F16C,RDRAND,NXE,PAGE1GB,RDTSCP,LONG,LAHF,ABM,3DNOWP,PERF,ITSC,FSGSBASE,SGX,BMI1,AVX2,SMEP,BMI2,ERMS,INVPCID,MPX,RDSEED,ADX,SMAP,CLFLUSHOPT,PT,IBRS,IBPB,STIBP,L1DF,SSBD,SENSOR,ARAT,XSAVEOPT,XSAVEC,XGETBV1,XSAVES,MELTDOWN
cpu2: 256KB 64b/line 8-way L2 cache
cpu2: smt 0, core 2, package 0
cpu3 at mainbus0: apid 6 (application processor)
cpu3: Intel(R) Core(TM) i7-8559U CPU @ 2.70GHz, 2593.98 MHz, 06-8e-0a
cpu3: FPU,VME,DE,PSE,TSC,MSR,PAE,MCE,CX8,APIC,SEP,MTRR,PGE,MCA,CMOV,PAT,PSE36,CFLUSH,DS,ACPI,MMX,FXSR,SSE,SSE2,SS,HTT,TM,PBE,SSE3,PCLMUL,DTES64,MWAIT,DS-CPL,VMX,EST,TM2,SSSE3,SDBG,FMA3,CX16,xTPR,PDCM,PCID,SSE4.1,SSE4.2,x2APIC,MOVBE,POPCNT,DEADLINE,AES,XSAVE,AVX,F16C,RDRAND,NXE,PAGE1GB,RDTSCP,LONG,LAHF,ABM,3DNOWP,PERF,ITSC,FSGSBASE,SGX,BMI1,AVX2,SMEP,BMI2,ERMS,INVPCID,MPX,RDSEED,ADX,SMAP,CLFLUSHOPT,PT,IBRS,IBPB,STIBP,L1DF,SSBD,SENSOR,ARAT,XSAVEOPT,XSAVEC,XGETBV1,XSAVES,MELTDOWN
cpu3: 256KB 64b/line 8-way L2 cache
cpu3: smt 0, core 3, package 0
cpu4 at mainbus0: apid 1 (application processor)
cpu4: Intel(R) Core(TM) i7-8559U CPU @ 2.70GHz, 2593.97 MHz, 06-8e-0a
cpu4: FPU,VME,DE,PSE,TSC,MSR,PAE,MCE,CX8,APIC,SEP,MTRR,PGE,MCA,CMOV,PAT,PSE36,CFLUSH,DS,ACPI,MMX,FXSR,SSE,SSE2,SS,HTT,TM,PBE,SSE3,PCLMUL,DTES64,MWAIT,DS-CPL,VMX,EST,TM2,SSSE3,SDBG,FMA3,CX16,xTPR,PDCM,PCID,SSE4.1,SSE4.2,x2APIC,MOVBE,POPCNT,DEADLINE,AES,XSAVE,AVX,F16C,RDRAND,NXE,PAGE1GB,RDTSCP,LONG,LAHF,ABM,3DNOWP,PERF,ITSC,FSGSBASE,SGX,BMI1,AVX2,SMEP,BMI2,ERMS,INVPCID,MPX,RDSEED,ADX,SMAP,CLFLUSHOPT,PT,IBRS,IBPB,STIBP,L1DF,SSBD,SENSOR,ARAT,XSAVEOPT,XSAVEC,XGETBV1,XSAVES,MELTDOWN
cpu4: 256KB 64b/line 8-way L2 cache
cpu4: smt 1, core 0, package 0
cpu5 at mainbus0: apid 3 (application processor)
cpu5: Intel(R) Core(TM) i7-8559U CPU @ 2.70GHz, 2593.97 MHz, 06-8e-0a
cpu5: FPU,VME,DE,PSE,TSC,MSR,PAE,MCE,CX8,APIC,SEP,MTRR,PGE,MCA,CMOV,PAT,PSE36,CFLUSH,DS,ACPI,MMX,FXSR,SSE,SSE2,SS,HTT,TM,PBE,SSE3,PCLMUL,DTES64,MWAIT,DS-CPL,VMX,EST,TM2,SSSE3,SDBG,FMA3,CX16,xTPR,PDCM,PCID,SSE4.1,SSE4.2,x2APIC,MOVBE,POPCNT,DEADLINE,AES,XSAVE,AVX,F16C,RDRAND,NXE,PAGE1GB,RDTSCP,LONG,LAHF,ABM,3DNOWP,PERF,ITSC,FSGSBASE,SGX,BMI1,AVX2,SMEP,BMI2,ERMS,INVPCID,MPX,RDSEED,ADX,SMAP,CLFLUSHOPT,PT,IBRS,IBPB,STIBP,L1DF,SSBD,SENSOR,ARAT,XSAVEOPT,XSAVEC,XGETBV1,XSAVES,MELTDOWN
cpu5: 256KB 64b/line 8-way L2 cache
cpu5: smt 1, core 1, package 0
cpu6 at mainbus0: apid 5 (application processor)
cpu6: Intel(R) Core(TM) i7-8559U CPU @ 2.70GHz, 2593.98 MHz, 06-8e-0a
cpu6: FPU,VME,DE,PSE,TSC,MSR,PAE,MCE,CX8,APIC,SEP,MTRR,PGE,MCA,CMOV,PAT,PSE36,CFLUSH,DS,ACPI,MMX,FXSR,SSE,SSE2,SS,HTT,TM,PBE,SSE3,PCLMUL,DTES64,MWAIT,DS-CPL,VMX,EST,TM2,SSSE3,SDBG,FMA3,CX16,xTPR,PDCM,PCID,SSE4.1,SSE4.2,x2APIC,MOVBE,POPCNT,DEADLINE,AES,XSAVE,AVX,F16C,RDRAND,NXE,PAGE1GB,RDTSCP,LONG,LAHF,ABM,3DNOWP,PERF,ITSC,FSGSBASE,SGX,BMI1,AVX2,SMEP,BMI2,ERMS,INVPCID,MPX,RDSEED,ADX,SMAP,CLFLUSHOPT,PT,IBRS,IBPB,STIBP,L1DF,SSBD,SENSOR,ARAT,XSAVEOPT,XSAVEC,XGETBV1,XSAVES,MELTDOWN
cpu6: 256KB 64b/line 8-way L2 cache
cpu6: smt 1, core 2, package 0
cpu7 at mainbus0: apid 7 (application processor)
cpu7: Intel(R) Core(TM) i7-8559U CPU @ 2.70GHz, 2593.97 MHz, 06-8e-0a
cpu7: FPU,VME,DE,PSE,TSC,MSR,PAE,MCE,CX8,APIC,SEP,MTRR,PGE,MCA,CMOV,PAT,PSE36,CFLUSH,DS,ACPI,MMX,FXSR,SSE,SSE2,SS,HTT,TM,PBE,SSE3,PCLMUL,DTES64,MWAIT,DS-CPL,VMX,EST,TM2,SSSE3,SDBG,FMA3,CX16,xTPR,PDCM,PCID,SSE4.1,SSE4.2,x2APIC,MOVBE,POPCNT,DEADLINE,AES,XSAVE,AVX,F16C,RDRAND,NXE,PAGE1GB,RDTSCP,LONG,LAHF,ABM,3DNOWP,PERF,ITSC,FSGSBASE,SGX,BMI1,AVX2,SMEP,BMI2,ERMS,INVPCID,MPX,RDSEED,ADX,SMAP,CLFLUSHOPT,PT,IBRS,IBPB,STIBP,L1DF,SSBD,SENSOR,ARAT,XSAVEOPT,XSAVEC,XGETBV1,XSAVES,MELTDOWN
cpu7: 256KB 64b/line 8-way L2 cache
cpu7: smt 1, core 3, package 0
ioapic0 at mainbus0: apid 2 pa 0xfec00000, version 20, 120 pins
acpimcfg0 at acpi0
acpimcfg0: addr 0xe0000000, bus 0-255
acpihpet0 at acpi0: 23999999 Hz
acpiprt0 at acpi0: bus 0 (PCI0)
acpiprt1 at acpi0: bus -1 (PEG0)
acpiprt2 at acpi0: bus -1 (PEG1)
acpiprt3 at acpi0: bus -1 (PEG2)
acpiprt4 at acpi0: bus 1 (RP01)
acpiprt5 at acpi0: bus -1 (RP02)
acpiprt6 at acpi0: bus -1 (RP03)
acpiprt7 at acpi0: bus -1 (RP04)
acpiprt8 at acpi0: bus 2 (RP05)
acpiprt9 at acpi0: bus -1 (RP06)
acpiprt10 at acpi0: bus -1 (RP07)
acpiprt11 at acpi0: bus -1 (RP08)
acpiprt12 at acpi0: bus 109 (RP09)
acpiprt13 at acpi0: bus -1 (RP10)
acpiprt14 at acpi0: bus -1 (RP11)
acpiprt15 at acpi0: bus -1 (RP12)
acpiprt16 at acpi0: bus -1 (RP13)
acpiprt17 at acpi0: bus -1 (RP14)
acpiprt18 at acpi0: bus 110 (RP15)
acpiprt19 at acpi0: bus -1 (RP16)
acpiprt20 at acpi0: bus -1 (RP17)
acpiprt21 at acpi0: bus -1 (RP18)
acpiprt22 at acpi0: bus -1 (RP19)
acpiprt23 at acpi0: bus -1 (RP20)
acpiprt24 at acpi0: bus -1 (RP21)
acpiprt25 at acpi0: bus -1 (RP22)
acpiprt26 at acpi0: bus -1 (RP23)
acpiprt27 at acpi0: bus -1 (RP24)
acpiec0 at acpi0
acpitz0 at acpi0acpitz0: TZ0_: failed to read _HOT
acpitz0: TZ0_: failed to read _TMP
acpitz0: TZ0_: failed to read _TMP
acpipwrres0 at acpi0: USBC, resource for XDCI
acpipwrres1 at acpi0: V0PR
acpipwrres2 at acpi0: V1PR
acpipwrres3 at acpi0: V2PR
acpipwrres4 at acpi0: WRST
acpicpu0 at acpi0: C3(200@1034 mwait.1@0x60), C2(200@151 mwait.1@0x33), C1(1000@1 mwait.1), PSS
acpicpu1 at acpi0: C3(200@1034 mwait.1@0x60), C2(200@151 mwait.1@0x33), C1(1000@1 mwait.1), PSS
acpicpu2 at acpi0: C3(200@1034 mwait.1@0x60), C2(200@151 mwait.1@0x33), C1(1000@1 mwait.1), PSS
acpicpu3 at acpi0: C3(200@1034 mwait.1@0x60), C2(200@151 mwait.1@0x33), C1(1000@1 mwait.1), PSS
acpicpu4 at acpi0: C3(200@1034 mwait.1@0x60), C2(200@151 mwait.1@0x33), C1(1000@1 mwait.1), PSS
acpicpu5 at acpi0: C3(200@1034 mwait.1@0x60), C2(200@151 mwait.1@0x33), C1(1000@1 mwait.1), PSS
acpicpu6 at acpi0: C3(200@1034 mwait.1@0x60), C2(200@151 mwait.1@0x33), C1(1000@1 mwait.1), PSS
acpicpu7 at acpi0: C3(200@1034 mwait.1@0x60), C2(200@151 mwait.1@0x33), C1(1000@1 mwait.1), PSS
acpipwrres5 at acpi0: FN00, resource for FAN0
acpipwrres6 at acpi0: FN01, resource for FAN1
acpipwrres7 at acpi0: FN02, resource for FAN2
acpipwrres8 at acpi0: FN03, resource for FAN3
acpipwrres9 at acpi0: FN04, resource for FAN4
acpitz1 at acpi0: critical temperature is 119 degC
acpipwrres10 at acpi0: PIN_
acpicmos0 at acpi0
&quot;INT34BB&quot; at acpi0 not configured
&quot;PNP0C14&quot; at acpi0 not configured
acpibtn0 at acpi0: SLPB
&quot;PNP0C14&quot; at acpi0 not configured
&quot;PNP0C14&quot; at acpi0 not configured
&quot;INT33A1&quot; at acpi0 not configured
acpibtn1 at acpi0: PWRB
&quot;MSFT0101&quot; at acpi0 not configured
&quot;PNP0C0B&quot; at acpi0 not configured
&quot;PNP0C0B&quot; at acpi0 not configured
&quot;PNP0C0B&quot; at acpi0 not configured
&quot;PNP0C0B&quot; at acpi0 not configured
&quot;PNP0C0B&quot; at acpi0 not configured
&quot;PNP0C14&quot; at acpi0 not configured
acpivideo0 at acpi0: GFX0
acpivout0 at acpivideo0: DD1F
cpu0: Enhanced SpeedStep 2594 MHz: speeds: 2601, 2600, 2500, 2400, 2200, 1900, 1800, 1700, 1500, 1400, 1200, 1100, 900, 700, 600, 400 MHz
pci0 at mainbus0 bus 0
0:31:5: mem address conflict 0xfe010000/0x1000
pchb0 at pci0 dev 0 function 0 vendor &quot;Intel&quot;, unknown product 0x3ed0 rev 0x08
vendor &quot;Intel&quot;, unknown product 0x3ea5 (class display subclass VGA, rev 0x01) at pci0 dev 2 function 0 not configured
&quot;Intel Core GMM&quot; rev 0x00 at pci0 dev 8 function 0 not configured
vendor &quot;Intel&quot;, unknown product 0x9df9 (class DASP subclass miscellaneous, rev 0x30) at pci0 dev 18 function 0 not configured
xhci0 at pci0 dev 20 function 0 vendor &quot;Intel&quot;, unknown product 0x9ded rev 0x30: msi, xHCI 1.16
usb0 at xhci0: USB revision 3.0
uhub0 at usb0 configuration 1 interface 0 &quot;Intel xHCI root hub&quot; rev 3.00/1.00 addr 1
vendor &quot;Intel&quot;, unknown product 0x9def (class memory subclass RAM, rev 0x30) at pci0 dev 20 function 2 not configured
vendor &quot;Intel&quot;, unknown product 0x9df0 (class network subclass miscellaneous, rev 0x30) at pci0 dev 20 function 3 not configured
vendor &quot;Intel&quot;, unknown product 0x9de0 (class communications subclass miscellaneous, rev 0x30) at pci0 dev 22 function 0 not configured
ahci0 at pci0 dev 23 function 0 vendor &quot;Intel&quot;, unknown product 0x9dd3 rev 0x30: msi, AHCI 1.3.1
ahci0: PHY offline on port 2
scsibus1 at ahci0: 32 targets
ppb0 at pci0 dev 28 function 0 vendor &quot;Intel&quot;, unknown product 0x9db8 rev 0xf0
pci1 at ppb0 bus 1
ppb1 at pci0 dev 28 function 4 vendor &quot;Intel&quot;, unknown product 0x9dbc rev 0xf0: msi
pci2 at ppb1 bus 2
ppb2 at pci2 dev 0 function 0 &quot;Intel JHL6340 Thunderbolt 3&quot; rev 0x02
pci3 at ppb2 bus 3
ppb3 at pci3 dev 0 function 0 &quot;Intel JHL6340 Thunderbolt 3&quot; rev 0x02: msi
pci4 at ppb3 bus 4
ppb4 at pci3 dev 1 function 0 &quot;Intel JHL6340 Thunderbolt 3&quot; rev 0x02: msi
pci5 at ppb4 bus 5
ppb5 at pci3 dev 2 function 0 &quot;Intel JHL6340 Thunderbolt 3&quot; rev 0x02: msi
pci6 at ppb5 bus 108
xhci1 at pci6 dev 0 function 0 &quot;Intel JHL6340 Thunderbolt 3&quot; rev 0x02: msi, xHCI 1.16
usb1 at xhci1: USB revision 3.0
uhub1 at usb1 configuration 1 interface 0 &quot;Intel xHCI root hub&quot; rev 3.00/1.00 addr 1
ppb6 at pci0 dev 29 function 0 vendor &quot;Intel&quot;, unknown product 0x9db0 rev 0xf0: msi
pci7 at ppb6 bus 109
nvme0 at pci7 dev 0 function 0 &quot;Samsung SM981/PM981 NVMe&quot; rev 0x00: msi, NVMe 1.3
nvme0: Samsung SSD 970 EVO 1TB, firmware 2B2QEXE7, serial S467NX0KA08824J
scsibus2 at nvme0: 1 targets
sd0 at scsibus2 targ 0 lun 0: &lt;NVMe, Samsung SSD 970, 2B2Q&gt; SCSI4 0/direct fixed
sd0: 953869MB, 512 bytes/sector, 1953525168 sectors
ppb7 at pci0 dev 29 function 6 vendor &quot;Intel&quot;, unknown product 0x9db6 rev 0xf0: msi
pci8 at ppb7 bus 110
rtsx0 at pci8 dev 0 function 0 &quot;Realtek RTS522A Card Reader&quot; rev 0x01: msi
sdmmc0 at rtsx0: 4-bit, dma
pcib0 at pci0 dev 31 function 0 vendor &quot;Intel&quot;, unknown product 0x9d84 rev 0x30
azalia0 at pci0 dev 31 function 3 vendor &quot;Intel&quot;, unknown product 0x9dc8 rev 0x30: msi
azalia0: codecs: Realtek/0x0235, Intel/0x280b, using Realtek/0x0235
audio0 at azalia0
vendor &quot;Intel&quot;, unknown product 0x9da3 (class serial bus subclass SMBus, rev 0x30) at pci0 dev 31 function 4 not configured
vendor &quot;Intel&quot;, unknown product 0x9da4 (class serial bus unknown subclass 0x80, rev 0x30) at pci0 dev 31 function 5 not configured
em0 at pci0 dev 31 function 6 &quot;Intel I219-V&quot; rev 0x30: msiem0: The EEPROM Checksum Is Not Valid
em0: Unable to initialize the hardware
isa0 at pcib0
isadma0 at isa0
com0 at isa0 port 0x3f8/8 irq 4: ns16550a, 16 byte fifo
com0: probed fifo depth: 0 bytes
pcppi0 at isa0 port 0x61
spkr0 at pcppi0
vmm0 at mainbus0: VMX/EPT
efifb0 at mainbus0: 1920x1080, 32bpp
wsdisplay0 at efifb0 mux 1: console (std, vt100 emulation)
wsdisplay0: screen 1-5 added (std, vt100 emulation)
uhidev0 at uhub0 port 3 configuration 1 interface 0 &quot;Topre Corporation Realforce 87&quot; rev 2.00/0.01 addr 2
uhidev0: iclass 3/1
ukbd0 at uhidev0: 8 variable keys, 6 key codes, country code 15
wskbd0 at ukbd0: console keyboard, using wsdisplay0
uhidev1 at uhub0 port 4 configuration 1 interface 0 &quot;Corsair CORSAIR DARK CORE RGB Gaming Mouse&quot; rev 2.00/3.08 addr 3
uhidev1: iclass 3/1, 14 report ids
ums0 at uhidev1 reportid 1: 31 buttons, Z dir
wsmouse0 at ums0 mux 0
uhid0 at uhidev1 reportid 2: input=4, output=0, feature=0
uhid1 at uhidev1 reportid 3: input=63, output=0, feature=0
ukbd1 at uhidev1 reportid 5: 128 variable keys, 0 key codes
wskbd1 at ukbd1 mux 1
wskbd1: connecting to wsdisplay0
uhid2 at uhidev1 reportid 14: input=63, output=0, feature=0
uhidev2 at uhub0 port 4 configuration 1 interface 1 &quot;Corsair CORSAIR DARK CORE RGB Gaming Mouse&quot; rev 2.00/3.08 addr 3
uhidev2: iclass 3/0
uhid3 at uhidev2: input=64, output=64, feature=64
ugen0 at uhub0 port 10 &quot;Intel product 0x0aaa&quot; rev 2.00/0.02 addr 4
ure0 at uhub1 port 3 configuration 1 interface 0 &quot;Realtek USB 10/100/1000 LAN&quot; rev 3.00/30.00 addr 2
ure0: ver 5c30, address xx:xx:xx:xx:xx:xx
rgephy0 at ure0 phy 0: RTL8251 PHY, rev. 0
vscsi0 at root
scsibus3 at vscsi0: 256 targets
softraid0 at root
scsibus4 at softraid0: 256 targets
root on sd0a (4a8744d8431c297f.a) swap on sd0b dump on sd0b

OpenBSD 6.4 (GENERIC.MP) #7: Thu Feb 28 18:56:25 CET 2019
    xxx@xxx.xxx:/usr/src/sys/arch/amd64/compile/GENERIC.MP
real mem = 8431730688 (8041MB)
avail mem = 8166912000 (7788MB)
mpath0 at root
scsibus0 at mpath0: 256 targets
mainbus0 at root
bios0 at mainbus0: SMBIOS rev. 2.8 @ 0x7a9a4000 (76 entries)
bios0: vendor Intel Corp. version &quot;BECFL357.86A.0056.2018.1128.1717&quot; date 11/28/2018
bios0: Intel(R) Client Systems NUC8i7BEH
acpi0 at bios0: rev 2
acpi0: sleep states S0 S3 S4 S5
acpi0: tables DSDT FACP APIC FPDT FIDT MCFG SSDT SSDT SSDT HPET SSDT SSDT UEFI LPIT SSDT SSDT DBGP DBG2 SSDT DMAR NHLT BGRT TPM2 WSMT
acpi0: wakeup devices SIO1(S3) PXSX(S4) RP01(S4) PXSX(S4) RP02(S4) PXSX(S4) RP03(S4) PXSX(S4) RP04(S4) PXSX(S4) RP05(S4) PXSX(S4) RP06(S4) PXSX(S4) RP07(S4) PXSX(S4) [...]
acpitimer0 at acpi0: 3579545 Hz, 24 bits
acpimadt0 at acpi0 addr 0xfee00000: PC-AT compat
cpu0 at mainbus0: apid 0 (boot processor)
cpu0: Intel(R) Core(TM) i7-8559U CPU @ 2.70GHz, 2595.02 MHz, 06-8e-0a
cpu0: FPU,VME,DE,PSE,TSC,MSR,PAE,MCE,CX8,APIC,SEP,MTRR,PGE,MCA,CMOV,PAT,PSE36,CFLUSH,DS,ACPI,MMX,FXSR,SSE,SSE2,SS,HTT,TM,PBE,SSE3,PCLMUL,DTES64,MWAIT,DS-CPL,VMX,EST,TM2,SSSE3,SDBG,FMA3,CX16,xTPR,PDCM,PCID,SSE4.1,SSE4.2,x2APIC,MOVBE,POPCNT,DEADLINE,AES,XSAVE,AVX,F16C,RDRAND,NXE,PAGE1GB,RDTSCP,LONG,LAHF,ABM,3DNOWP,PERF,ITSC,FSGSBASE,SGX,BMI1,AVX2,SMEP,BMI2,ERMS,INVPCID,MPX,RDSEED,ADX,SMAP,CLFLUSHOPT,PT,IBRS,IBPB,STIBP,L1DF,SSBD,SENSOR,ARAT,XSAVEOPT,XSAVEC,XGETBV1,XSAVES,MELTDOWN
cpu0: 256KB 64b/line 8-way L2 cache
cpu0: smt 0, core 0, package 0
mtrr: Pentium Pro MTRR support, 10 var ranges, 88 fixed ranges
cpu0: apic clock running at 23MHz
cpu0: mwait min=64, max=64, C-substates=0.2.1.2.4.1.1.1, IBE
cpu1 at mainbus0: apid 2 (application processor)
cpu1: Intel(R) Core(TM) i7-8559U CPU @ 2.70GHz, 2593.95 MHz, 06-8e-0a
cpu1: FPU,VME,DE,PSE,TSC,MSR,PAE,MCE,CX8,APIC,SEP,MTRR,PGE,MCA,CMOV,PAT,PSE36,CFLUSH,DS,ACPI,MMX,FXSR,SSE,SSE2,SS,HTT,TM,PBE,SSE3,PCLMUL,DTES64,MWAIT,DS-CPL,VMX,EST,TM2,SSSE3,SDBG,FMA3,CX16,xTPR,PDCM,PCID,SSE4.1,SSE4.2,x2APIC,MOVBE,POPCNT,DEADLINE,AES,XSAVE,AVX,F16C,RDRAND,NXE,PAGE1GB,RDTSCP,LONG,LAHF,ABM,3DNOWP,PERF,ITSC,FSGSBASE,SGX,BMI1,AVX2,SMEP,BMI2,ERMS,INVPCID,MPX,RDSEED,ADX,SMAP,CLFLUSHOPT,PT,IBRS,IBPB,STIBP,L1DF,SSBD,SENSOR,ARAT,XSAVEOPT,XSAVEC,XGETBV1,XSAVES,MELTDOWN
cpu1: 256KB 64b/line 8-way L2 cache
cpu1: smt 0, core 1, package 0
cpu2 at mainbus0: apid 4 (application processor)
cpu2: Intel(R) Core(TM) i7-8559U CPU @ 2.70GHz, 2593.95 MHz, 06-8e-0a
cpu2: FPU,VME,DE,PSE,TSC,MSR,PAE,MCE,CX8,APIC,SEP,MTRR,PGE,MCA,CMOV,PAT,PSE36,CFLUSH,DS,ACPI,MMX,FXSR,SSE,SSE2,SS,HTT,TM,PBE,SSE3,PCLMUL,DTES64,MWAIT,DS-CPL,VMX,EST,TM2,SSSE3,SDBG,FMA3,CX16,xTPR,PDCM,PCID,SSE4.1,SSE4.2,x2APIC,MOVBE,POPCNT,DEADLINE,AES,XSAVE,AVX,F16C,RDRAND,NXE,PAGE1GB,RDTSCP,LONG,LAHF,ABM,3DNOWP,PERF,ITSC,FSGSBASE,SGX,BMI1,AVX2,SMEP,BMI2,ERMS,INVPCID,MPX,RDSEED,ADX,SMAP,CLFLUSHOPT,PT,IBRS,IBPB,STIBP,L1DF,SSBD,SENSOR,ARAT,XSAVEOPT,XSAVEC,XGETBV1,XSAVES,MELTDOWN
cpu2: 256KB 64b/line 8-way L2 cache
cpu2: smt 0, core 2, package 0
cpu3 at mainbus0: apid 6 (application processor)
cpu3: Intel(R) Core(TM) i7-8559U CPU @ 2.70GHz, 2593.95 MHz, 06-8e-0a
cpu3: FPU,VME,DE,PSE,TSC,MSR,PAE,MCE,CX8,APIC,SEP,MTRR,PGE,MCA,CMOV,PAT,PSE36,CFLUSH,DS,ACPI,MMX,FXSR,SSE,SSE2,SS,HTT,TM,PBE,SSE3,PCLMUL,DTES64,MWAIT,DS-CPL,VMX,EST,TM2,SSSE3,SDBG,FMA3,CX16,xTPR,PDCM,PCID,SSE4.1,SSE4.2,x2APIC,MOVBE,POPCNT,DEADLINE,AES,XSAVE,AVX,F16C,RDRAND,NXE,PAGE1GB,RDTSCP,LONG,LAHF,ABM,3DNOWP,PERF,ITSC,FSGSBASE,SGX,BMI1,AVX2,SMEP,BMI2,ERMS,INVPCID,MPX,RDSEED,ADX,SMAP,CLFLUSHOPT,PT,IBRS,IBPB,STIBP,L1DF,SSBD,SENSOR,ARAT,XSAVEOPT,XSAVEC,XGETBV1,XSAVES,MELTDOWN
cpu3: 256KB 64b/line 8-way L2 cache
cpu3: smt 0, core 3, package 0
cpu4 at mainbus0: apid 1 (application processor)
cpu4: Intel(R) Core(TM) i7-8559U CPU @ 2.70GHz, 2593.95 MHz, 06-8e-0a
cpu4: FPU,VME,DE,PSE,TSC,MSR,PAE,MCE,CX8,APIC,SEP,MTRR,PGE,MCA,CMOV,PAT,PSE36,CFLUSH,DS,ACPI,MMX,FXSR,SSE,SSE2,SS,HTT,TM,PBE,SSE3,PCLMUL,DTES64,MWAIT,DS-CPL,VMX,EST,TM2,SSSE3,SDBG,FMA3,CX16,xTPR,PDCM,PCID,SSE4.1,SSE4.2,x2APIC,MOVBE,POPCNT,DEADLINE,AES,XSAVE,AVX,F16C,RDRAND,NXE,PAGE1GB,RDTSCP,LONG,LAHF,ABM,3DNOWP,PERF,ITSC,FSGSBASE,SGX,BMI1,AVX2,SMEP,BMI2,ERMS,INVPCID,MPX,RDSEED,ADX,SMAP,CLFLUSHOPT,PT,IBRS,IBPB,STIBP,L1DF,SSBD,SENSOR,ARAT,XSAVEOPT,XSAVEC,XGETBV1,XSAVES,MELTDOWN
cpu4: 256KB 64b/line 8-way L2 cache
cpu4: smt 1, core 0, package 0
cpu5 at mainbus0: apid 3 (application processor)
cpu5: Intel(R) Core(TM) i7-8559U CPU @ 2.70GHz, 2593.95 MHz, 06-8e-0a
cpu5: FPU,VME,DE,PSE,TSC,MSR,PAE,MCE,CX8,APIC,SEP,MTRR,PGE,MCA,CMOV,PAT,PSE36,CFLUSH,DS,ACPI,MMX,FXSR,SSE,SSE2,SS,HTT,TM,PBE,SSE3,PCLMUL,DTES64,MWAIT,DS-CPL,VMX,EST,TM2,SSSE3,SDBG,FMA3,CX16,xTPR,PDCM,PCID,SSE4.1,SSE4.2,x2APIC,MOVBE,POPCNT,DEADLINE,AES,XSAVE,AVX,F16C,RDRAND,NXE,PAGE1GB,RDTSCP,LONG,LAHF,ABM,3DNOWP,PERF,ITSC,FSGSBASE,SGX,BMI1,AVX2,SMEP,BMI2,ERMS,INVPCID,MPX,RDSEED,ADX,SMAP,CLFLUSHOPT,PT,IBRS,IBPB,STIBP,L1DF,SSBD,SENSOR,ARAT,XSAVEOPT,XSAVEC,XGETBV1,XSAVES,MELTDOWN
cpu5: 256KB 64b/line 8-way L2 cache
cpu5: smt 1, core 1, package 0
cpu6 at mainbus0: apid 5 (application processor)
cpu6: Intel(R) Core(TM) i7-8559U CPU @ 2.70GHz, 2593.95 MHz, 06-8e-0a
cpu6: FPU,VME,DE,PSE,TSC,MSR,PAE,MCE,CX8,APIC,SEP,MTRR,PGE,MCA,CMOV,PAT,PSE36,CFLUSH,DS,ACPI,MMX,FXSR,SSE,SSE2,SS,HTT,TM,PBE,SSE3,PCLMUL,DTES64,MWAIT,DS-CPL,VMX,EST,TM2,SSSE3,SDBG,FMA3,CX16,xTPR,PDCM,PCID,SSE4.1,SSE4.2,x2APIC,MOVBE,POPCNT,DEADLINE,AES,XSAVE,AVX,F16C,RDRAND,NXE,PAGE1GB,RDTSCP,LONG,LAHF,ABM,3DNOWP,PERF,ITSC,FSGSBASE,SGX,BMI1,AVX2,SMEP,BMI2,ERMS,INVPCID,MPX,RDSEED,ADX,SMAP,CLFLUSHOPT,PT,IBRS,IBPB,STIBP,L1DF,SSBD,SENSOR,ARAT,XSAVEOPT,XSAVEC,XGETBV1,XSAVES,MELTDOWN
cpu6: 256KB 64b/line 8-way L2 cache
cpu6: smt 1, core 2, package 0
cpu7 at mainbus0: apid 7 (application processor)
cpu7: Intel(R) Core(TM) i7-8559U CPU @ 2.70GHz, 2593.95 MHz, 06-8e-0a
cpu7: FPU,VME,DE,PSE,TSC,MSR,PAE,MCE,CX8,APIC,SEP,MTRR,PGE,MCA,CMOV,PAT,PSE36,CFLUSH,DS,ACPI,MMX,FXSR,SSE,SSE2,SS,HTT,TM,PBE,SSE3,PCLMUL,DTES64,MWAIT,DS-CPL,VMX,EST,TM2,SSSE3,SDBG,FMA3,CX16,xTPR,PDCM,PCID,SSE4.1,SSE4.2,x2APIC,MOVBE,POPCNT,DEADLINE,AES,XSAVE,AVX,F16C,RDRAND,NXE,PAGE1GB,RDTSCP,LONG,LAHF,ABM,3DNOWP,PERF,ITSC,FSGSBASE,SGX,BMI1,AVX2,SMEP,BMI2,ERMS,INVPCID,MPX,RDSEED,ADX,SMAP,CLFLUSHOPT,PT,IBRS,IBPB,STIBP,L1DF,SSBD,SENSOR,ARAT,XSAVEOPT,XSAVEC,XGETBV1,XSAVES,MELTDOWN
cpu7: 256KB 64b/line 8-way L2 cache
cpu7: smt 1, core 3, package 0
ioapic0 at mainbus0: apid 2 pa 0xfec00000, version 20, 120 pins
acpimcfg0 at acpi0
acpimcfg0: addr 0xe0000000, bus 0-255
acpihpet0 at acpi0: 23999999 Hz
acpiprt0 at acpi0: bus 0 (PCI0)
acpiprt1 at acpi0: bus -1 (PEG0)
acpiprt2 at acpi0: bus -1 (PEG1)
acpiprt3 at acpi0: bus -1 (PEG2)
acpiprt4 at acpi0: bus 1 (RP01)
acpiprt5 at acpi0: bus -1 (RP02)
acpiprt6 at acpi0: bus -1 (RP03)
acpiprt7 at acpi0: bus -1 (RP04)
acpiprt8 at acpi0: bus 2 (RP05)
acpiprt9 at acpi0: bus -1 (RP06)
acpiprt10 at acpi0: bus -1 (RP07)
acpiprt11 at acpi0: bus -1 (RP08)
acpiprt12 at acpi0: bus 109 (RP09)
acpiprt13 at acpi0: bus -1 (RP10)
acpiprt14 at acpi0: bus -1 (RP11)
acpiprt15 at acpi0: bus -1 (RP12)
acpiprt16 at acpi0: bus -1 (RP13)
acpiprt17 at acpi0: bus -1 (RP14)
acpiprt18 at acpi0: bus 110 (RP15)
acpiprt19 at acpi0: bus -1 (RP16)
acpiprt20 at acpi0: bus -1 (RP17)
acpiprt21 at acpi0: bus -1 (RP18)
acpiprt22 at acpi0: bus -1 (RP19)
acpiprt23 at acpi0: bus -1 (RP20)
acpiprt24 at acpi0: bus -1 (RP21)
acpiprt25 at acpi0: bus -1 (RP22)
acpiprt26 at acpi0: bus -1 (RP23)
acpiprt27 at acpi0: bus -1 (RP24)
acpiec0 at acpi0
acpitz0 at acpi0acpitz0: TZ0_: failed to read _HOT
acpitz0: TZ0_: failed to read _TMP
acpitz0: TZ0_: failed to read _TMP
acpipwrres0 at acpi0: USBC, resource for XDCI
acpipwrres1 at acpi0: V0PR
acpipwrres2 at acpi0: V1PR
acpipwrres3 at acpi0: V2PR
acpipwrres4 at acpi0: WRST
acpicpu0 at acpi0: C3(200@1034 mwait.1@0x60), C2(200@151 mwait.1@0x33), C1(1000@1 mwait.1), PSS
acpicpu1 at acpi0: C3(200@1034 mwait.1@0x60), C2(200@151 mwait.1@0x33), C1(1000@1 mwait.1), PSS
acpicpu2 at acpi0: C3(200@1034 mwait.1@0x60), C2(200@151 mwait.1@0x33), C1(1000@1 mwait.1), PSS
acpicpu3 at acpi0: C3(200@1034 mwait.1@0x60), C2(200@151 mwait.1@0x33), C1(1000@1 mwait.1), PSS
acpicpu4 at acpi0: C3(200@1034 mwait.1@0x60), C2(200@151 mwait.1@0x33), C1(1000@1 mwait.1), PSS
acpicpu5 at acpi0: C3(200@1034 mwait.1@0x60), C2(200@151 mwait.1@0x33), C1(1000@1 mwait.1), PSS
acpicpu6 at acpi0: C3(200@1034 mwait.1@0x60), C2(200@151 mwait.1@0x33), C1(1000@1 mwait.1), PSS
acpicpu7 at acpi0: C3(200@1034 mwait.1@0x60), C2(200@151 mwait.1@0x33), C1(1000@1 mwait.1), PSS
acpipwrres5 at acpi0: FN00, resource for FAN0
acpipwrres6 at acpi0: FN01, resource for FAN1
acpipwrres7 at acpi0: FN02, resource for FAN2
acpipwrres8 at acpi0: FN03, resource for FAN3
acpipwrres9 at acpi0: FN04, resource for FAN4
acpitz1 at acpi0: critical temperature is 119 degC
acpipwrres10 at acpi0: PIN_
acpicmos0 at acpi0
&quot;INT34BB&quot; at acpi0 not configured
&quot;PNP0C14&quot; at acpi0 not configured
acpibtn0 at acpi0: SLPB
&quot;PNP0C14&quot; at acpi0 not configured
&quot;PNP0C14&quot; at acpi0 not configured
&quot;INT33A1&quot; at acpi0 not configured
acpibtn1 at acpi0: PWRB
&quot;MSFT0101&quot; at acpi0 not configured
&quot;PNP0C0B&quot; at acpi0 not configured
&quot;PNP0C0B&quot; at acpi0 not configured
&quot;PNP0C0B&quot; at acpi0 not configured
&quot;PNP0C0B&quot; at acpi0 not configured
&quot;PNP0C0B&quot; at acpi0 not configured
&quot;PNP0C14&quot; at acpi0 not configured
acpivideo0 at acpi0: GFX0
acpivout0 at acpivideo0: DD1F
cpu0: Enhanced SpeedStep 2595 MHz: speeds: 2601, 2600, 2500, 2400, 2200, 1900, 1800, 1700, 1500, 1400, 1200, 1100, 900, 700, 600, 400 MHz
pci0 at mainbus0 bus 0
0:31:5: mem address conflict 0xfe010000/0x1000
pchb0 at pci0 dev 0 function 0 vendor &quot;Intel&quot;, unknown product 0x3ed0 rev 0x08
vendor &quot;Intel&quot;, unknown product 0x3ea5 (class display subclass VGA, rev 0x01) at pci0 dev 2 function 0 not configured
&quot;Intel Core GMM&quot; rev 0x00 at pci0 dev 8 function 0 not configured
vendor &quot;Intel&quot;, unknown product 0x9df9 (class DASP subclass miscellaneous, rev 0x30) at pci0 dev 18 function 0 not configured
xhci0 at pci0 dev 20 function 0 vendor &quot;Intel&quot;, unknown product 0x9ded rev 0x30: msi, xHCI 1.16
usb0 at xhci0: USB revision 3.0
uhub0 at usb0 configuration 1 interface 0 &quot;Intel xHCI root hub&quot; rev 3.00/1.00 addr 1
vendor &quot;Intel&quot;, unknown product 0x9def (class memory subclass RAM, rev 0x30) at pci0 dev 20 function 2 not configured
vendor &quot;Intel&quot;, unknown product 0x9df0 (class network subclass miscellaneous, rev 0x30) at pci0 dev 20 function 3 not configured
vendor &quot;Intel&quot;, unknown product 0x9de0 (class communications subclass miscellaneous, rev 0x30) at pci0 dev 22 function 0 not configured
ahci0 at pci0 dev 23 function 0 vendor &quot;Intel&quot;, unknown product 0x9dd3 rev 0x30: msi, AHCI 1.3.1
ahci0: PHY offline on port 2
scsibus1 at ahci0: 32 targets
ppb0 at pci0 dev 28 function 0 vendor &quot;Intel&quot;, unknown product 0x9db8 rev 0xf0
pci1 at ppb0 bus 1
ppb1 at pci0 dev 28 function 4 vendor &quot;Intel&quot;, unknown product 0x9dbc rev 0xf0: msi
pci2 at ppb1 bus 2
ppb2 at pci2 dev 0 function 0 &quot;Intel JHL6340 Thunderbolt 3&quot; rev 0x02
pci3 at ppb2 bus 3
ppb3 at pci3 dev 0 function 0 &quot;Intel JHL6340 Thunderbolt 3&quot; rev 0x02: msi
pci4 at ppb3 bus 4
ppb4 at pci3 dev 1 function 0 &quot;Intel JHL6340 Thunderbolt 3&quot; rev 0x02: msi
pci5 at ppb4 bus 5
ppb5 at pci3 dev 2 function 0 &quot;Intel JHL6340 Thunderbolt 3&quot; rev 0x02: msi
pci6 at ppb5 bus 108
xhci1 at pci6 dev 0 function 0 &quot;Intel JHL6340 Thunderbolt 3&quot; rev 0x02: msi, xHCI 1.16
usb1 at xhci1: USB revision 3.0
uhub1 at usb1 configuration 1 interface 0 &quot;Intel xHCI root hub&quot; rev 3.00/1.00 addr 1
ppb6 at pci0 dev 29 function 0 vendor &quot;Intel&quot;, unknown product 0x9db0 rev 0xf0: msi
pci7 at ppb6 bus 109
nvme0 at pci7 dev 0 function 0 &quot;Samsung SM981/PM981 NVMe&quot; rev 0x00: msi, NVMe 1.3
nvme0: Samsung SSD 970 EVO 1TB, firmware 2B2QEXE7, serial S467NX0KA08824J
scsibus2 at nvme0: 1 targets
sd0 at scsibus2 targ 0 lun 0: &lt;NVMe, Samsung SSD 970, 2B2Q&gt; SCSI4 0/direct fixed
sd0: 953869MB, 512 bytes/sector, 1953525168 sectors
ppb7 at pci0 dev 29 function 6 vendor &quot;Intel&quot;, unknown product 0x9db6 rev 0xf0: msi
pci8 at ppb7 bus 110
rtsx0 at pci8 dev 0 function 0 &quot;Realtek RTS522A Card Reader&quot; rev 0x01: msi
sdmmc0 at rtsx0: 4-bit, dma
pcib0 at pci0 dev 31 function 0 vendor &quot;Intel&quot;, unknown product 0x9d84 rev 0x30
azalia0 at pci0 dev 31 function 3 vendor &quot;Intel&quot;, unknown product 0x9dc8 rev 0x30: msi
azalia0: codecs: Realtek/0x0235, Intel/0x280b, using Realtek/0x0235
audio0 at azalia0
vendor &quot;Intel&quot;, unknown product 0x9da3 (class serial bus subclass SMBus, rev 0x30) at pci0 dev 31 function 4 not configured
vendor &quot;Intel&quot;, unknown product 0x9da4 (class serial bus unknown subclass 0x80, rev 0x30) at pci0 dev 31 function 5 not configured
em0 at pci0 dev 31 function 6 &quot;Intel I219-V&quot; rev 0x30: msiem0: The EEPROM Checksum Is Not Valid
em0: Unable to initialize the hardware
isa0 at pcib0
isadma0 at isa0
com0 at isa0 port 0x3f8/8 irq 4: ns16550a, 16 byte fifo
com0: probed fifo depth: 0 bytes
pcppi0 at isa0 port 0x61
spkr0 at pcppi0
vmm0 at mainbus0: VMX/EPT
efifb0 at mainbus0: 1920x1080, 32bpp
wsdisplay0 at efifb0 mux 1: console (std, vt100 emulation)
wsdisplay0: screen 1-5 added (std, vt100 emulation)
uhidev0 at uhub0 port 3 configuration 1 interface 0 &quot;Topre Corporation Realforce 87&quot; rev 2.00/0.01 addr 2
uhidev0: iclass 3/1
ukbd0 at uhidev0: 8 variable keys, 6 key codes, country code 15
wskbd0 at ukbd0: console keyboard, using wsdisplay0
uhidev1 at uhub0 port 4 configuration 1 interface 0 &quot;Corsair CORSAIR DARK CORE RGB Gaming Mouse&quot; rev 2.00/3.08 addr 3
uhidev1: iclass 3/1, 14 report ids
ums0 at uhidev1 reportid 1: 31 buttons, Z dir
wsmouse0 at ums0 mux 0
uhid0 at uhidev1 reportid 2: input=4, output=0, feature=0
uhid1 at uhidev1 reportid 3: input=63, output=0, feature=0
ukbd1 at uhidev1 reportid 5: 128 variable keys, 0 key codes
wskbd1 at ukbd1 mux 1
wskbd1: connecting to wsdisplay0
uhid2 at uhidev1 reportid 14: input=63, output=0, feature=0
uhidev2 at uhub0 port 4 configuration 1 interface 1 &quot;Corsair CORSAIR DARK CORE RGB Gaming Mouse&quot; rev 2.00/3.08 addr 3
uhidev2: iclass 3/0
uhid3 at uhidev2: input=64, output=64, feature=64
ugen0 at uhub0 port 10 &quot;Intel product 0x0aaa&quot; rev 2.00/0.02 addr 4
ure0 at uhub1 port 3 configuration 1 interface 0 &quot;Realtek USB 10/100/1000 LAN&quot; rev 3.00/30.00 addr 2
ure0: ver 5c30, address xx:xx:xx:xx:xx:xx
rgephy0 at ure0 phy 0: RTL8251 PHY, rev. 0
vscsi0 at root
scsibus3 at vscsi0: 256 targets
softraid0 at root
scsibus4 at softraid0: 256 targets
root on sd0a (4a8744d8431c297f.a) swap on sd0b dump on sd0b
syncing disks... done
wsdisplay_switch2: not switching
rebooting...
OpenBSD 6.4 (GENERIC.MP) #7: Thu Feb 28 18:56:25 CET 2019
    xxx@xxx.xxx:/usr/src/sys/arch/amd64/compile/GENERIC.MP
real mem = 8431730688 (8041MB)
avail mem = 8166912000 (7788MB)
mpath0 at root
scsibus0 at mpath0: 256 targets
mainbus0 at root
bios0 at mainbus0: SMBIOS rev. 2.8 @ 0x7a9a4000 (76 entries)
bios0: vendor Intel Corp. version &quot;BECFL357.86A.0056.2018.1128.1717&quot; date 11/28/2018
bios0: Intel(R) Client Systems NUC8i7BEH
acpi0 at bios0: rev 2
acpi0: sleep states S0 S3 S4 S5
acpi0: tables DSDT FACP APIC FPDT FIDT MCFG SSDT SSDT SSDT HPET SSDT SSDT UEFI LPIT SSDT SSDT DBGP DBG2 SSDT DMAR NHLT BGRT TPM2 WSMT
acpi0: wakeup devices SIO1(S3) PXSX(S4) RP01(S4) PXSX(S4) RP02(S4) PXSX(S4) RP03(S4) PXSX(S4) RP04(S4) PXSX(S4) RP05(S4) PXSX(S4) RP06(S4) PXSX(S4) RP07(S4) PXSX(S4) [...]
acpitimer0 at acpi0: 3579545 Hz, 24 bits
acpimadt0 at acpi0 addr 0xfee00000: PC-AT compat
cpu0 at mainbus0: apid 0 (boot processor)
cpu0: Intel(R) Core(TM) i7-8559U CPU @ 2.70GHz, 2595.29 MHz, 06-8e-0a
cpu0: FPU,VME,DE,PSE,TSC,MSR,PAE,MCE,CX8,APIC,SEP,MTRR,PGE,MCA,CMOV,PAT,PSE36,CFLUSH,DS,ACPI,MMX,FXSR,SSE,SSE2,SS,HTT,TM,PBE,SSE3,PCLMUL,DTES64,MWAIT,DS-CPL,VMX,EST,TM2,SSSE3,SDBG,FMA3,CX16,xTPR,PDCM,PCID,SSE4.1,SSE4.2,x2APIC,MOVBE,POPCNT,DEADLINE,AES,XSAVE,AVX,F16C,RDRAND,NXE,PAGE1GB,RDTSCP,LONG,LAHF,ABM,3DNOWP,PERF,ITSC,FSGSBASE,SGX,BMI1,AVX2,SMEP,BMI2,ERMS,INVPCID,MPX,RDSEED,ADX,SMAP,CLFLUSHOPT,PT,IBRS,IBPB,STIBP,L1DF,SSBD,SENSOR,ARAT,XSAVEOPT,XSAVEC,XGETBV1,XSAVES,MELTDOWN
cpu0: 256KB 64b/line 8-way L2 cache
cpu0: smt 0, core 0, package 0
mtrr: Pentium Pro MTRR support, 10 var ranges, 88 fixed ranges
cpu0: apic clock running at 23MHz
cpu0: mwait min=64, max=64, C-substates=0.2.1.2.4.1.1.1, IBE
cpu1 at mainbus0: apid 2 (application processor)
cpu1: Intel(R) Core(TM) i7-8559U CPU @ 2.70GHz, 2593.96 MHz, 06-8e-0a
cpu1: FPU,VME,DE,PSE,TSC,MSR,PAE,MCE,CX8,APIC,SEP,MTRR,PGE,MCA,CMOV,PAT,PSE36,CFLUSH,DS,ACPI,MMX,FXSR,SSE,SSE2,SS,HTT,TM,PBE,SSE3,PCLMUL,DTES64,MWAIT,DS-CPL,VMX,EST,TM2,SSSE3,SDBG,FMA3,CX16,xTPR,PDCM,PCID,SSE4.1,SSE4.2,x2APIC,MOVBE,POPCNT,DEADLINE,AES,XSAVE,AVX,F16C,RDRAND,NXE,PAGE1GB,RDTSCP,LONG,LAHF,ABM,3DNOWP,PERF,ITSC,FSGSBASE,SGX,BMI1,AVX2,SMEP,BMI2,ERMS,INVPCID,MPX,RDSEED,ADX,SMAP,CLFLUSHOPT,PT,IBRS,IBPB,STIBP,L1DF,SSBD,SENSOR,ARAT,XSAVEOPT,XSAVEC,XGETBV1,XSAVES,MELTDOWN
cpu1: 256KB 64b/line 8-way L2 cache
cpu1: smt 0, core 1, package 0
cpu2 at mainbus0: apid 4 (application processor)
cpu2: Intel(R) Core(TM) i7-8559U CPU @ 2.70GHz, 2593.96 MHz, 06-8e-0a
cpu2: FPU,VME,DE,PSE,TSC,MSR,PAE,MCE,CX8,APIC,SEP,MTRR,PGE,MCA,CMOV,PAT,PSE36,CFLUSH,DS,ACPI,MMX,FXSR,SSE,SSE2,SS,HTT,TM,PBE,SSE3,PCLMUL,DTES64,MWAIT,DS-CPL,VMX,EST,TM2,SSSE3,SDBG,FMA3,CX16,xTPR,PDCM,PCID,SSE4.1,SSE4.2,x2APIC,MOVBE,POPCNT,DEADLINE,AES,XSAVE,AVX,F16C,RDRAND,NXE,PAGE1GB,RDTSCP,LONG,LAHF,ABM,3DNOWP,PERF,ITSC,FSGSBASE,SGX,BMI1,AVX2,SMEP,BMI2,ERMS,INVPCID,MPX,RDSEED,ADX,SMAP,CLFLUSHOPT,PT,IBRS,IBPB,STIBP,L1DF,SSBD,SENSOR,ARAT,XSAVEOPT,XSAVEC,XGETBV1,XSAVES,MELTDOWN
cpu2: 256KB 64b/line 8-way L2 cache
cpu2: smt 0, core 2, package 0
cpu3 at mainbus0: apid 6 (application processor)
cpu3: Intel(R) Core(TM) i7-8559U CPU @ 2.70GHz, 2593.96 MHz, 06-8e-0a
cpu3: FPU,VME,DE,PSE,TSC,MSR,PAE,MCE,CX8,APIC,SEP,MTRR,PGE,MCA,CMOV,PAT,PSE36,CFLUSH,DS,ACPI,MMX,FXSR,SSE,SSE2,SS,HTT,TM,PBE,SSE3,PCLMUL,DTES64,MWAIT,DS-CPL,VMX,EST,TM2,SSSE3,SDBG,FMA3,CX16,xTPR,PDCM,PCID,SSE4.1,SSE4.2,x2APIC,MOVBE,POPCNT,DEADLINE,AES,XSAVE,AVX,F16C,RDRAND,NXE,PAGE1GB,RDTSCP,LONG,LAHF,ABM,3DNOWP,PERF,ITSC,FSGSBASE,SGX,BMI1,AVX2,SMEP,BMI2,ERMS,INVPCID,MPX,RDSEED,ADX,SMAP,CLFLUSHOPT,PT,IBRS,IBPB,STIBP,L1DF,SSBD,SENSOR,ARAT,XSAVEOPT,XSAVEC,XGETBV1,XSAVES,MELTDOWN
cpu3: 256KB 64b/line 8-way L2 cache
cpu3: smt 0, core 3, package 0
cpu4 at mainbus0: apid 1 (application processor)
cpu4: Intel(R) Core(TM) i7-8559U CPU @ 2.70GHz, 2593.96 MHz, 06-8e-0a
cpu4: FPU,VME,DE,PSE,TSC,MSR,PAE,MCE,CX8,APIC,SEP,MTRR,PGE,MCA,CMOV,PAT,PSE36,CFLUSH,DS,ACPI,MMX,FXSR,SSE,SSE2,SS,HTT,TM,PBE,SSE3,PCLMUL,DTES64,MWAIT,DS-CPL,VMX,EST,TM2,SSSE3,SDBG,FMA3,CX16,xTPR,PDCM,PCID,SSE4.1,SSE4.2,x2APIC,MOVBE,POPCNT,DEADLINE,AES,XSAVE,AVX,F16C,RDRAND,NXE,PAGE1GB,RDTSCP,LONG,LAHF,ABM,3DNOWP,PERF,ITSC,FSGSBASE,SGX,BMI1,AVX2,SMEP,BMI2,ERMS,INVPCID,MPX,RDSEED,ADX,SMAP,CLFLUSHOPT,PT,IBRS,IBPB,STIBP,L1DF,SSBD,SENSOR,ARAT,XSAVEOPT,XSAVEC,XGETBV1,XSAVES,MELTDOWN
cpu4: 256KB 64b/line 8-way L2 cache
cpu4: smt 1, core 0, package 0
cpu5 at mainbus0: apid 3 (application processor)
cpu5: Intel(R) Core(TM) i7-8559U CPU @ 2.70GHz, 2593.96 MHz, 06-8e-0a
cpu5: FPU,VME,DE,PSE,TSC,MSR,PAE,MCE,CX8,APIC,SEP,MTRR,PGE,MCA,CMOV,PAT,PSE36,CFLUSH,DS,ACPI,MMX,FXSR,SSE,SSE2,SS,HTT,TM,PBE,SSE3,PCLMUL,DTES64,MWAIT,DS-CPL,VMX,EST,TM2,SSSE3,SDBG,FMA3,CX16,xTPR,PDCM,PCID,SSE4.1,SSE4.2,x2APIC,MOVBE,POPCNT,DEADLINE,AES,XSAVE,AVX,F16C,RDRAND,NXE,PAGE1GB,RDTSCP,LONG,LAHF,ABM,3DNOWP,PERF,ITSC,FSGSBASE,SGX,BMI1,AVX2,SMEP,BMI2,ERMS,INVPCID,MPX,RDSEED,ADX,SMAP,CLFLUSHOPT,PT,IBRS,IBPB,STIBP,L1DF,SSBD,SENSOR,ARAT,XSAVEOPT,XSAVEC,XGETBV1,XSAVES,MELTDOWN
cpu5: 256KB 64b/line 8-way L2 cache
cpu5: smt 1, core 1, package 0
cpu6 at mainbus0: apid 5 (application processor)
cpu6: Intel(R) Core(TM) i7-8559U CPU @ 2.70GHz, 2593.96 MHz, 06-8e-0a
cpu6: FPU,VME,DE,PSE,TSC,MSR,PAE,MCE,CX8,APIC,SEP,MTRR,PGE,MCA,CMOV,PAT,PSE36,CFLUSH,DS,ACPI,MMX,FXSR,SSE,SSE2,SS,HTT,TM,PBE,SSE3,PCLMUL,DTES64,MWAIT,DS-CPL,VMX,EST,TM2,SSSE3,SDBG,FMA3,CX16,xTPR,PDCM,PCID,SSE4.1,SSE4.2,x2APIC,MOVBE,POPCNT,DEADLINE,AES,XSAVE,AVX,F16C,RDRAND,NXE,PAGE1GB,RDTSCP,LONG,LAHF,ABM,3DNOWP,PERF,ITSC,FSGSBASE,SGX,BMI1,AVX2,SMEP,BMI2,ERMS,INVPCID,MPX,RDSEED,ADX,SMAP,CLFLUSHOPT,PT,IBRS,IBPB,STIBP,L1DF,SSBD,SENSOR,ARAT,XSAVEOPT,XSAVEC,XGETBV1,XSAVES,MELTDOWN
cpu6: 256KB 64b/line 8-way L2 cache
cpu6: smt 1, core 2, package 0
cpu7 at mainbus0: apid 7 (application processor)
cpu7: Intel(R) Core(TM) i7-8559U CPU @ 2.70GHz, 2593.96 MHz, 06-8e-0a
cpu7: FPU,VME,DE,PSE,TSC,MSR,PAE,MCE,CX8,APIC,SEP,MTRR,PGE,MCA,CMOV,PAT,PSE36,CFLUSH,DS,ACPI,MMX,FXSR,SSE,SSE2,SS,HTT,TM,PBE,SSE3,PCLMUL,DTES64,MWAIT,DS-CPL,VMX,EST,TM2,SSSE3,SDBG,FMA3,CX16,xTPR,PDCM,PCID,SSE4.1,SSE4.2,x2APIC,MOVBE,POPCNT,DEADLINE,AES,XSAVE,AVX,F16C,RDRAND,NXE,PAGE1GB,RDTSCP,LONG,LAHF,ABM,3DNOWP,PERF,ITSC,FSGSBASE,SGX,BMI1,AVX2,SMEP,BMI2,ERMS,INVPCID,MPX,RDSEED,ADX,SMAP,CLFLUSHOPT,PT,IBRS,IBPB,STIBP,L1DF,SSBD,SENSOR,ARAT,XSAVEOPT,XSAVEC,XGETBV1,XSAVES,MELTDOWN
cpu7: 256KB 64b/line 8-way L2 cache
cpu7: smt 1, core 3, package 0
ioapic0 at mainbus0: apid 2 pa 0xfec00000, version 20, 120 pins
acpimcfg0 at acpi0
acpimcfg0: addr 0xe0000000, bus 0-255
acpihpet0 at acpi0: 23999999 Hz
acpiprt0 at acpi0: bus 0 (PCI0)
acpiprt1 at acpi0: bus -1 (PEG0)
acpiprt2 at acpi0: bus -1 (PEG1)
acpiprt3 at acpi0: bus -1 (PEG2)
acpiprt4 at acpi0: bus 1 (RP01)
acpiprt5 at acpi0: bus -1 (RP02)
acpiprt6 at acpi0: bus -1 (RP03)
acpiprt7 at acpi0: bus -1 (RP04)
acpiprt8 at acpi0: bus 2 (RP05)
acpiprt9 at acpi0: bus -1 (RP06)
acpiprt10 at acpi0: bus -1 (RP07)
acpiprt11 at acpi0: bus -1 (RP08)
acpiprt12 at acpi0: bus 109 (RP09)
acpiprt13 at acpi0: bus -1 (RP10)
acpiprt14 at acpi0: bus -1 (RP11)
acpiprt15 at acpi0: bus -1 (RP12)
acpiprt16 at acpi0: bus -1 (RP13)
acpiprt17 at acpi0: bus -1 (RP14)
acpiprt18 at acpi0: bus 110 (RP15)
acpiprt19 at acpi0: bus -1 (RP16)
acpiprt20 at acpi0: bus -1 (RP17)
acpiprt21 at acpi0: bus -1 (RP18)
acpiprt22 at acpi0: bus -1 (RP19)
acpiprt23 at acpi0: bus -1 (RP20)
acpiprt24 at acpi0: bus -1 (RP21)
acpiprt25 at acpi0: bus -1 (RP22)
acpiprt26 at acpi0: bus -1 (RP23)
acpiprt27 at acpi0: bus -1 (RP24)
acpiec0 at acpi0
acpitz0 at acpi0acpitz0: TZ0_: failed to read _HOT
acpitz0: TZ0_: failed to read _TMP
acpitz0: TZ0_: failed to read _TMP
acpipwrres0 at acpi0: USBC, resource for XDCI
acpipwrres1 at acpi0: V0PR
acpipwrres2 at acpi0: V1PR
acpipwrres3 at acpi0: V2PR
acpipwrres4 at acpi0: WRST
acpicpu0 at acpi0: C3(200@1034 mwait.1@0x60), C2(200@151 mwait.1@0x33), C1(1000@1 mwait.1), PSS
acpicpu1 at acpi0: C3(200@1034 mwait.1@0x60), C2(200@151 mwait.1@0x33), C1(1000@1 mwait.1), PSS
acpicpu2 at acpi0: C3(200@1034 mwait.1@0x60), C2(200@151 mwait.1@0x33), C1(1000@1 mwait.1), PSS
acpicpu3 at acpi0: C3(200@1034 mwait.1@0x60), C2(200@151 mwait.1@0x33), C1(1000@1 mwait.1), PSS
acpicpu4 at acpi0: C3(200@1034 mwait.1@0x60), C2(200@151 mwait.1@0x33), C1(1000@1 mwait.1), PSS
acpicpu5 at acpi0: C3(200@1034 mwait.1@0x60), C2(200@151 mwait.1@0x33), C1(1000@1 mwait.1), PSS
acpicpu6 at acpi0: C3(200@1034 mwait.1@0x60), C2(200@151 mwait.1@0x33), C1(1000@1 mwait.1), PSS
acpicpu7 at acpi0: C3(200@1034 mwait.1@0x60), C2(200@151 mwait.1@0x33), C1(1000@1 mwait.1), PSS
acpipwrres5 at acpi0: FN00, resource for FAN0
acpipwrres6 at acpi0: FN01, resource for FAN1
acpipwrres7 at acpi0: FN02, resource for FAN2
acpipwrres8 at acpi0: FN03, resource for FAN3
acpipwrres9 at acpi0: FN04, resource for FAN4
acpitz1 at acpi0: critical temperature is 119 degC
acpipwrres10 at acpi0: PIN_
acpicmos0 at acpi0
&quot;INT34BB&quot; at acpi0 not configured
&quot;PNP0C14&quot; at acpi0 not configured
acpibtn0 at acpi0: SLPB
&quot;PNP0C14&quot; at acpi0 not configured
&quot;PNP0C14&quot; at acpi0 not configured
&quot;INT33A1&quot; at acpi0 not configured
acpibtn1 at acpi0: PWRB
&quot;MSFT0101&quot; at acpi0 not configured
&quot;PNP0C0B&quot; at acpi0 not configured
&quot;PNP0C0B&quot; at acpi0 not configured
&quot;PNP0C0B&quot; at acpi0 not configured
&quot;PNP0C0B&quot; at acpi0 not configured
&quot;PNP0C0B&quot; at acpi0 not configured
&quot;PNP0C14&quot; at acpi0 not configured
acpivideo0 at acpi0: GFX0
acpivout0 at acpivideo0: DD1F
cpu0: Enhanced SpeedStep 2595 MHz: speeds: 2601, 2600, 2500, 2400, 2200, 1900, 1800, 1700, 1500, 1400, 1200, 1100, 900, 700, 600, 400 MHz
pci0 at mainbus0 bus 0
0:31:5: mem address conflict 0xfe010000/0x1000
pchb0 at pci0 dev 0 function 0 vendor &quot;Intel&quot;, unknown product 0x3ed0 rev 0x08
vendor &quot;Intel&quot;, unknown product 0x3ea5 (class display subclass VGA, rev 0x01) at pci0 dev 2 function 0 not configured
&quot;Intel Core GMM&quot; rev 0x00 at pci0 dev 8 function 0 not configured
vendor &quot;Intel&quot;, unknown product 0x9df9 (class DASP subclass miscellaneous, rev 0x30) at pci0 dev 18 function 0 not configured
xhci0 at pci0 dev 20 function 0 vendor &quot;Intel&quot;, unknown product 0x9ded rev 0x30: msi, xHCI 1.16
usb0 at xhci0: USB revision 3.0
uhub0 at usb0 configuration 1 interface 0 &quot;Intel xHCI root hub&quot; rev 3.00/1.00 addr 1
vendor &quot;Intel&quot;, unknown product 0x9def (class memory subclass RAM, rev 0x30) at pci0 dev 20 function 2 not configured
vendor &quot;Intel&quot;, unknown product 0x9df0 (class network subclass miscellaneous, rev 0x30) at pci0 dev 20 function 3 not configured
vendor &quot;Intel&quot;, unknown product 0x9de0 (class communications subclass miscellaneous, rev 0x30) at pci0 dev 22 function 0 not configured
ahci0 at pci0 dev 23 function 0 vendor &quot;Intel&quot;, unknown product 0x9dd3 rev 0x30: msi, AHCI 1.3.1
ahci0: PHY offline on port 2
scsibus1 at ahci0: 32 targets
ppb0 at pci0 dev 28 function 0 vendor &quot;Intel&quot;, unknown product 0x9db8 rev 0xf0
pci1 at ppb0 bus 1
ppb1 at pci0 dev 28 function 4 vendor &quot;Intel&quot;, unknown product 0x9dbc rev 0xf0: msi
pci2 at ppb1 bus 2
ppb2 at pci2 dev 0 function 0 &quot;Intel JHL6340 Thunderbolt 3&quot; rev 0x02
pci3 at ppb2 bus 3
ppb3 at pci3 dev 0 function 0 &quot;Intel JHL6340 Thunderbolt 3&quot; rev 0x02: msi
pci4 at ppb3 bus 4
ppb4 at pci3 dev 1 function 0 &quot;Intel JHL6340 Thunderbolt 3&quot; rev 0x02: msi
pci5 at ppb4 bus 5
ppb5 at pci3 dev 2 function 0 &quot;Intel JHL6340 Thunderbolt 3&quot; rev 0x02: msi
pci6 at ppb5 bus 108
xhci1 at pci6 dev 0 function 0 &quot;Intel JHL6340 Thunderbolt 3&quot; rev 0x02: msi, xHCI 1.16
usb1 at xhci1: USB revision 3.0
uhub1 at usb1 configuration 1 interface 0 &quot;Intel xHCI root hub&quot; rev 3.00/1.00 addr 1
ppb6 at pci0 dev 29 function 0 vendor &quot;Intel&quot;, unknown product 0x9db0 rev 0xf0: msi
pci7 at ppb6 bus 109
nvme0 at pci7 dev 0 function 0 &quot;Samsung SM981/PM981 NVMe&quot; rev 0x00: msi, NVMe 1.3
nvme0: Samsung SSD 970 EVO 1TB, firmware 2B2QEXE7, serial S467NX0KA08824J
scsibus2 at nvme0: 1 targets
sd0 at scsibus2 targ 0 lun 0: &lt;NVMe, Samsung SSD 970, 2B2Q&gt; SCSI4 0/direct fixed
sd0: 953869MB, 512 bytes/sector, 1953525168 sectors
ppb7 at pci0 dev 29 function 6 vendor &quot;Intel&quot;, unknown product 0x9db6 rev 0xf0: msi
pci8 at ppb7 bus 110
rtsx0 at pci8 dev 0 function 0 &quot;Realtek RTS522A Card Reader&quot; rev 0x01: msi
sdmmc0 at rtsx0: 4-bit, dma
pcib0 at pci0 dev 31 function 0 vendor &quot;Intel&quot;, unknown product 0x9d84 rev 0x30
azalia0 at pci0 dev 31 function 3 vendor &quot;Intel&quot;, unknown product 0x9dc8 rev 0x30: msi
azalia0: codecs: Realtek/0x0235, Intel/0x280b, using Realtek/0x0235
audio0 at azalia0
vendor &quot;Intel&quot;, unknown product 0x9da3 (class serial bus subclass SMBus, rev 0x30) at pci0 dev 31 function 4 not configured
vendor &quot;Intel&quot;, unknown product 0x9da4 (class serial bus unknown subclass 0x80, rev 0x30) at pci0 dev 31 function 5 not configured
em0 at pci0 dev 31 function 6 &quot;Intel I219-V&quot; rev 0x30: msiem0: The EEPROM Checksum Is Not Valid
em0: Unable to initialize the hardware
isa0 at pcib0
isadma0 at isa0
com0 at isa0 port 0x3f8/8 irq 4: ns16550a, 16 byte fifo
com0: probed fifo depth: 0 bytes
pcppi0 at isa0 port 0x61
spkr0 at pcppi0
vmm0 at mainbus0: VMX/EPT
efifb0 at mainbus0: 1920x1080, 32bpp
wsdisplay0 at efifb0 mux 1: console (std, vt100 emulation)
wsdisplay0: screen 1-5 added (std, vt100 emulation)
uhidev0 at uhub0 port 3 configuration 1 interface 0 &quot;Topre Corporation Realforce 87&quot; rev 2.00/0.01 addr 2
uhidev0: iclass 3/1
ukbd0 at uhidev0: 8 variable keys, 6 key codes, country code 15
wskbd0 at ukbd0: console keyboard, using wsdisplay0
uhidev1 at uhub0 port 4 configuration 1 interface 0 &quot;Corsair CORSAIR DARK CORE RGB Gaming Mouse&quot; rev 2.00/3.08 addr 3
uhidev1: iclass 3/1, 14 report ids
ums0 at uhidev1 reportid 1: 31 buttons, Z dir
wsmouse0 at ums0 mux 0
uhid0 at uhidev1 reportid 2: input=4, output=0, feature=0
uhid1 at uhidev1 reportid 3: input=63, output=0, feature=0
ukbd1 at uhidev1 reportid 5: 128 variable keys, 0 key codes
wskbd1 at ukbd1 mux 1
wskbd1: connecting to wsdisplay0
uhid2 at uhidev1 reportid 14: input=63, output=0, feature=0
uhidev2 at uhub0 port 4 configuration 1 interface 1 &quot;Corsair CORSAIR DARK CORE RGB Gaming Mouse&quot; rev 2.00/3.08 addr 3
uhidev2: iclass 3/0
uhid3 at uhidev2: input=64, output=64, feature=64
ugen0 at uhub0 port 10 &quot;Intel product 0x0aaa&quot; rev 2.00/0.02 addr 4
ure0 at uhub1 port 3 configuration 1 interface 0 &quot;Realtek USB 10/100/1000 LAN&quot; rev 3.00/30.00 addr 2
ure0: ver 5c30, address xx:xx:xx:xx:xx:xx
rgephy0 at ure0 phy 0: RTL8251 PHY, rev. 0
vscsi0 at root
scsibus3 at vscsi0: 256 targets
softraid0 at root
scsibus4 at softraid0: 256 targets
root on sd0a (4a8744d8431c297f.a) swap on sd0b dump on sd0b
syncing disks... done
wsdisplay_switch2: not switching
rebooting...
OpenBSD 6.4 (GENERIC.MP) #7: Thu Feb 28 18:56:25 CET 2019
    xxx@xxx.xxx:/usr/src/sys/arch/amd64/compile/GENERIC.MP
real mem = 8431730688 (8041MB)
avail mem = 8166899712 (7788MB)
mpath0 at root
scsibus0 at mpath0: 256 targets
mainbus0 at root
bios0 at mainbus0: SMBIOS rev. 2.8 @ 0x7a9a4000 (76 entries)
bios0: vendor Intel Corp. version &quot;BECFL357.86A.0056.2018.1128.1717&quot; date 11/28/2018
bios0: Intel(R) Client Systems NUC8i7BEH
acpi0 at bios0: rev 2
acpi0: sleep states S0 S3 S4 S5
acpi0: tables DSDT FACP APIC FPDT FIDT MCFG SSDT SSDT SSDT HPET SSDT SSDT UEFI LPIT SSDT SSDT DBGP DBG2 SSDT DMAR NHLT BGRT TPM2 WSMT
acpi0: wakeup devices SIO1(S3) PXSX(S4) RP01(S4) PXSX(S4) RP02(S4) PXSX(S4) RP03(S4) PXSX(S4) RP04(S4) PXSX(S4) RP05(S4) PXSX(S4) RP06(S4) PXSX(S4) RP07(S4) PXSX(S4) [...]
acpitimer0 at acpi0: 3579545 Hz, 24 bits
acpimadt0 at acpi0 addr 0xfee00000: PC-AT compat
cpu0 at mainbus0: apid 0 (boot processor)
cpu0: Intel(R) Core(TM) i7-8559U CPU @ 2.70GHz, 2595.34 MHz, 06-8e-0a
cpu0: FPU,VME,DE,PSE,TSC,MSR,PAE,MCE,CX8,APIC,SEP,MTRR,PGE,MCA,CMOV,PAT,PSE36,CFLUSH,DS,ACPI,MMX,FXSR,SSE,SSE2,SS,HTT,TM,PBE,SSE3,PCLMUL,DTES64,MWAIT,DS-CPL,VMX,EST,TM2,SSSE3,SDBG,FMA3,CX16,xTPR,PDCM,PCID,SSE4.1,SSE4.2,x2APIC,MOVBE,POPCNT,DEADLINE,AES,XSAVE,AVX,F16C,RDRAND,NXE,PAGE1GB,RDTSCP,LONG,LAHF,ABM,3DNOWP,PERF,ITSC,FSGSBASE,SGX,BMI1,AVX2,SMEP,BMI2,ERMS,INVPCID,MPX,RDSEED,ADX,SMAP,CLFLUSHOPT,PT,IBRS,IBPB,STIBP,L1DF,SSBD,SENSOR,ARAT,XSAVEOPT,XSAVEC,XGETBV1,XSAVES,MELTDOWN
cpu0: 256KB 64b/line 8-way L2 cache
cpu0: smt 0, core 0, package 0
mtrr: Pentium Pro MTRR support, 10 var ranges, 88 fixed ranges
cpu0: apic clock running at 23MHz
cpu0: mwait min=64, max=64, C-substates=0.2.1.2.4.1.1.1, IBE
cpu1 at mainbus0: apid 2 (application processor)
cpu1: Intel(R) Core(TM) i7-8559U CPU @ 2.70GHz, 2593.95 MHz, 06-8e-0a
cpu1: FPU,VME,DE,PSE,TSC,MSR,PAE,MCE,CX8,APIC,SEP,MTRR,PGE,MCA,CMOV,PAT,PSE36,CFLUSH,DS,ACPI,MMX,FXSR,SSE,SSE2,SS,HTT,TM,PBE,SSE3,PCLMUL,DTES64,MWAIT,DS-CPL,VMX,EST,TM2,SSSE3,SDBG,FMA3,CX16,xTPR,PDCM,PCID,SSE4.1,SSE4.2,x2APIC,MOVBE,POPCNT,DEADLINE,AES,XSAVE,AVX,F16C,RDRAND,NXE,PAGE1GB,RDTSCP,LONG,LAHF,ABM,3DNOWP,PERF,ITSC,FSGSBASE,SGX,BMI1,AVX2,SMEP,BMI2,ERMS,INVPCID,MPX,RDSEED,ADX,SMAP,CLFLUSHOPT,PT,IBRS,IBPB,STIBP,L1DF,SSBD,SENSOR,ARAT,XSAVEOPT,XSAVEC,XGETBV1,XSAVES,MELTDOWN
cpu1: 256KB 64b/line 8-way L2 cache
cpu1: smt 0, core 1, package 0
cpu2 at mainbus0: apid 4 (application processor)
cpu2: Intel(R) Core(TM) i7-8559U CPU @ 2.70GHz, 2593.95 MHz, 06-8e-0a
cpu2: FPU,VME,DE,PSE,TSC,MSR,PAE,MCE,CX8,APIC,SEP,MTRR,PGE,MCA,CMOV,PAT,PSE36,CFLUSH,DS,ACPI,MMX,FXSR,SSE,SSE2,SS,HTT,TM,PBE,SSE3,PCLMUL,DTES64,MWAIT,DS-CPL,VMX,EST,TM2,SSSE3,SDBG,FMA3,CX16,xTPR,PDCM,PCID,SSE4.1,SSE4.2,x2APIC,MOVBE,POPCNT,DEADLINE,AES,XSAVE,AVX,F16C,RDRAND,NXE,PAGE1GB,RDTSCP,LONG,LAHF,ABM,3DNOWP,PERF,ITSC,FSGSBASE,SGX,BMI1,AVX2,SMEP,BMI2,ERMS,INVPCID,MPX,RDSEED,ADX,SMAP,CLFLUSHOPT,PT,IBRS,IBPB,STIBP,L1DF,SSBD,SENSOR,ARAT,XSAVEOPT,XSAVEC,XGETBV1,XSAVES,MELTDOWN
cpu2: 256KB 64b/line 8-way L2 cache
cpu2: smt 0, core 2, package 0
cpu3 at mainbus0: apid 6 (application processor)
cpu3: Intel(R) Core(TM) i7-8559U CPU @ 2.70GHz, 2593.95 MHz, 06-8e-0a
cpu3: FPU,VME,DE,PSE,TSC,MSR,PAE,MCE,CX8,APIC,SEP,MTRR,PGE,MCA,CMOV,PAT,PSE36,CFLUSH,DS,ACPI,MMX,FXSR,SSE,SSE2,SS,HTT,TM,PBE,SSE3,PCLMUL,DTES64,MWAIT,DS-CPL,VMX,EST,TM2,SSSE3,SDBG,FMA3,CX16,xTPR,PDCM,PCID,SSE4.1,SSE4.2,x2APIC,MOVBE,POPCNT,DEADLINE,AES,XSAVE,AVX,F16C,RDRAND,NXE,PAGE1GB,RDTSCP,LONG,LAHF,ABM,3DNOWP,PERF,ITSC,FSGSBASE,SGX,BMI1,AVX2,SMEP,BMI2,ERMS,INVPCID,MPX,RDSEED,ADX,SMAP,CLFLUSHOPT,PT,IBRS,IBPB,STIBP,L1DF,SSBD,SENSOR,ARAT,XSAVEOPT,XSAVEC,XGETBV1,XSAVES,MELTDOWN
cpu3: 256KB 64b/line 8-way L2 cache
cpu3: smt 0, core 3, package 0
cpu4 at mainbus0: apid 1 (application processor)
cpu4: Intel(R) Core(TM) i7-8559U CPU @ 2.70GHz, 2593.95 MHz, 06-8e-0a
cpu4: FPU,VME,DE,PSE,TSC,MSR,PAE,MCE,CX8,APIC,SEP,MTRR,PGE,MCA,CMOV,PAT,PSE36,CFLUSH,DS,ACPI,MMX,FXSR,SSE,SSE2,SS,HTT,TM,PBE,SSE3,PCLMUL,DTES64,MWAIT,DS-CPL,VMX,EST,TM2,SSSE3,SDBG,FMA3,CX16,xTPR,PDCM,PCID,SSE4.1,SSE4.2,x2APIC,MOVBE,POPCNT,DEADLINE,AES,XSAVE,AVX,F16C,RDRAND,NXE,PAGE1GB,RDTSCP,LONG,LAHF,ABM,3DNOWP,PERF,ITSC,FSGSBASE,SGX,BMI1,AVX2,SMEP,BMI2,ERMS,INVPCID,MPX,RDSEED,ADX,SMAP,CLFLUSHOPT,PT,IBRS,IBPB,STIBP,L1DF,SSBD,SENSOR,ARAT,XSAVEOPT,XSAVEC,XGETBV1,XSAVES,MELTDOWN
cpu4: 256KB 64b/line 8-way L2 cache
cpu4: smt 1, core 0, package 0
cpu5 at mainbus0: apid 3 (application processor)
cpu5: Intel(R) Core(TM) i7-8559U CPU @ 2.70GHz, 2593.95 MHz, 06-8e-0a
cpu5: FPU,VME,DE,PSE,TSC,MSR,PAE,MCE,CX8,APIC,SEP,MTRR,PGE,MCA,CMOV,PAT,PSE36,CFLUSH,DS,ACPI,MMX,FXSR,SSE,SSE2,SS,HTT,TM,PBE,SSE3,PCLMUL,DTES64,MWAIT,DS-CPL,VMX,EST,TM2,SSSE3,SDBG,FMA3,CX16,xTPR,PDCM,PCID,SSE4.1,SSE4.2,x2APIC,MOVBE,POPCNT,DEADLINE,AES,XSAVE,AVX,F16C,RDRAND,NXE,PAGE1GB,RDTSCP,LONG,LAHF,ABM,3DNOWP,PERF,ITSC,FSGSBASE,SGX,BMI1,AVX2,SMEP,BMI2,ERMS,INVPCID,MPX,RDSEED,ADX,SMAP,CLFLUSHOPT,PT,IBRS,IBPB,STIBP,L1DF,SSBD,SENSOR,ARAT,XSAVEOPT,XSAVEC,XGETBV1,XSAVES,MELTDOWN
cpu5: 256KB 64b/line 8-way L2 cache
cpu5: smt 1, core 1, package 0
cpu6 at mainbus0: apid 5 (application processor)
cpu6: Intel(R) Core(TM) i7-8559U CPU @ 2.70GHz, 2593.95 MHz, 06-8e-0a
cpu6: FPU,VME,DE,PSE,TSC,MSR,PAE,MCE,CX8,APIC,SEP,MTRR,PGE,MCA,CMOV,PAT,PSE36,CFLUSH,DS,ACPI,MMX,FXSR,SSE,SSE2,SS,HTT,TM,PBE,SSE3,PCLMUL,DTES64,MWAIT,DS-CPL,VMX,EST,TM2,SSSE3,SDBG,FMA3,CX16,xTPR,PDCM,PCID,SSE4.1,SSE4.2,x2APIC,MOVBE,POPCNT,DEADLINE,AES,XSAVE,AVX,F16C,RDRAND,NXE,PAGE1GB,RDTSCP,LONG,LAHF,ABM,3DNOWP,PERF,ITSC,FSGSBASE,SGX,BMI1,AVX2,SMEP,BMI2,ERMS,INVPCID,MPX,RDSEED,ADX,SMAP,CLFLUSHOPT,PT,IBRS,IBPB,STIBP,L1DF,SSBD,SENSOR,ARAT,XSAVEOPT,XSAVEC,XGETBV1,XSAVES,MELTDOWN
cpu6: 256KB 64b/line 8-way L2 cache
cpu6: smt 1, core 2, package 0
cpu7 at mainbus0: apid 7 (application processor)
cpu7: Intel(R) Core(TM) i7-8559U CPU @ 2.70GHz, 2593.95 MHz, 06-8e-0a
cpu7: FPU,VME,DE,PSE,TSC,MSR,PAE,MCE,CX8,APIC,SEP,MTRR,PGE,MCA,CMOV,PAT,PSE36,CFLUSH,DS,ACPI,MMX,FXSR,SSE,SSE2,SS,HTT,TM,PBE,SSE3,PCLMUL,DTES64,MWAIT,DS-CPL,VMX,EST,TM2,SSSE3,SDBG,FMA3,CX16,xTPR,PDCM,PCID,SSE4.1,SSE4.2,x2APIC,MOVBE,POPCNT,DEADLINE,AES,XSAVE,AVX,F16C,RDRAND,NXE,PAGE1GB,RDTSCP,LONG,LAHF,ABM,3DNOWP,PERF,ITSC,FSGSBASE,SGX,BMI1,AVX2,SMEP,BMI2,ERMS,INVPCID,MPX,RDSEED,ADX,SMAP,CLFLUSHOPT,PT,IBRS,IBPB,STIBP,L1DF,SSBD,SENSOR,ARAT,XSAVEOPT,XSAVEC,XGETBV1,XSAVES,MELTDOWN
cpu7: 256KB 64b/line 8-way L2 cache
cpu7: smt 1, core 3, package 0
ioapic0 at mainbus0: apid 2 pa 0xfec00000, version 20, 120 pins
acpimcfg0 at acpi0
acpimcfg0: addr 0xe0000000, bus 0-255
acpihpet0 at acpi0: 23999999 Hz
acpiprt0 at acpi0: bus 0 (PCI0)
acpiprt1 at acpi0: bus -1 (PEG0)
acpiprt2 at acpi0: bus -1 (PEG1)
acpiprt3 at acpi0: bus -1 (PEG2)
acpiprt4 at acpi0: bus 1 (RP01)
acpiprt5 at acpi0: bus -1 (RP02)
acpiprt6 at acpi0: bus -1 (RP03)
acpiprt7 at acpi0: bus -1 (RP04)
acpiprt8 at acpi0: bus 2 (RP05)
acpiprt9 at acpi0: bus -1 (RP06)
acpiprt10 at acpi0: bus -1 (RP07)
acpiprt11 at acpi0: bus -1 (RP08)
acpiprt12 at acpi0: bus 109 (RP09)
acpiprt13 at acpi0: bus -1 (RP10)
acpiprt14 at acpi0: bus -1 (RP11)
acpiprt15 at acpi0: bus -1 (RP12)
acpiprt16 at acpi0: bus -1 (RP13)
acpiprt17 at acpi0: bus -1 (RP14)
acpiprt18 at acpi0: bus 110 (RP15)
acpiprt19 at acpi0: bus -1 (RP16)
acpiprt20 at acpi0: bus -1 (RP17)
acpiprt21 at acpi0: bus -1 (RP18)
acpiprt26 at acpi0: bus -1 (RP23)
acpiprt27 at acpi0: bus -1 (RP24)
acpiec0 at acpi0
acpitz0 at acpi0acpitz0: TZ0_: failed to read _HOT
acpitz0: TZ0_: failed to read _TMP
acpitz0: TZ0_: failed to read _TMP
acpipwrres0 at acpi0: USBC, resource for XDCI
acpipwrres1 at acpi0: V0PR
acpipwrres2 at acpi0: V1PR
acpipwrres3 at acpi0: V2PR
acpipwrres4 at acpi0: WRST
acpicpu0 at acpi0: C3(200@1034 mwait.1@0x60), C2(200@151 mwait.1@0x33), C1(1000@1 mwait.1), PSS
acpicpu1 at acpi0: C3(200@1034 mwait.1@0x60), C2(200@151 mwait.1@0x33), C1(1000@1 mwait.1), PSS
acpicpu2 at acpi0: C3(200@1034 mwait.1@0x60), C2(200@151 mwait.1@0x33), C1(1000@1 mwait.1), PSS
acpicpu3 at acpi0: C3(200@1034 mwait.1@0x60), C2(200@151 mwait.1@0x33), C1(1000@1 mwait.1), PSS
acpicpu4 at acpi0: C3(200@1034 mwait.1@0x60), C2(200@151 mwait.1@0x33), C1(1000@1 mwait.1), PSS
acpicpu5 at acpi0: C3(200@1034 mwait.1@0x60), C2(200@151 mwait.1@0x33), C1(1000@1 mwait.1), PSS
acpicpu6 at acpi0: C3(200@1034 mwait.1@0x60), C2(200@151 mwait.1@0x33), C1(1000@1 mwait.1), PSS
acpicpu7 at acpi0: C3(200@1034 mwait.1@0x60), C2(200@151 mwait.1@0x33), C1(1000@1 mwait.1), PSS
acpipwrres5 at acpi0: FN00, resource for FAN0
acpipwrres6 at acpi0: FN01, resource for FAN1
acpipwrres7 at acpi0: FN02, resource for FAN2
acpipwrres8 at acpi0: FN03, resource for FAN3
acpipwrres9 at acpi0: FN04, resource for FAN4
acpitz1 at acpi0: critical temperature is 119 degC
acpipwrres10 at acpi0: PIN_
acpicmos0 at acpi0
&quot;INT34BB&quot; at acpi0 not configured
&quot;PNP0C14&quot; at acpi0 not configured
acpibtn0 at acpi0: SLPB
&quot;PNP0C14&quot; at acpi0 not configured
&quot;PNP0C14&quot; at acpi0 not configured
&quot;INT33A1&quot; at acpi0 not configured
acpibtn1 at acpi0: PWRB
&quot;MSFT0101&quot; at acpi0 not configured
&quot;PNP0C0B&quot; at acpi0 not configured
&quot;PNP0C0B&quot; at acpi0 not configured
&quot;PNP0C0B&quot; at acpi0 not configured
&quot;PNP0C0B&quot; at acpi0 not configured
&quot;PNP0C0B&quot; at acpi0 not configured
&quot;PNP0C14&quot; at acpi0 not configured
acpivideo0 at acpi0: GFX0
acpivout0 at acpivideo0: DD1F
cpu0: Enhanced SpeedStep 2595 MHz: speeds: 2601, 2600, 2500, 2400, 2200, 1900, 1800, 1700, 1500, 1400, 1200, 1100, 900, 700, 600, 400 MHz
pci0 at mainbus0 bus 0
0:31:5: mem address conflict 0xfe010000/0x1000
pchb0 at pci0 dev 0 function 0 vendor &quot;Intel&quot;, unknown product 0x3ed0 rev 0x08
vendor &quot;Intel&quot;, unknown product 0x3ea5 (class display subclass VGA, rev 0x01) at pci0 dev 2 function 0 not configured
&quot;Intel Core GMM&quot; rev 0x00 at pci0 dev 8 function 0 not configured
vendor &quot;Intel&quot;, unknown product 0x9df9 (class DASP subclass miscellaneous, rev 0x30) at pci0 dev 18 function 0 not configured
xhci0 at pci0 dev 20 function 0 vendor &quot;Intel&quot;, unknown product 0x9ded rev 0x30: msi, xHCI 1.16
usb0 at xhci0: USB revision 3.0
uhub0 at usb0 configuration 1 interface 0 &quot;Intel xHCI root hub&quot; rev 3.00/1.00 addr 1
vendor &quot;Intel&quot;, unknown product 0x9def (class memory subclass RAM, rev 0x30) at pci0 dev 20 function 2 not configured
vendor &quot;Intel&quot;, unknown product 0x9df0 (class network subclass miscellaneous, rev 0x30) at pci0 dev 20 function 3 not configured
vendor &quot;Intel&quot;, unknown product 0x9de0 (class communications subclass miscellaneous, rev 0x30) at pci0 dev 22 function 0 not configured
ahci0 at pci0 dev 23 function 0 vendor &quot;Intel&quot;, unknown product 0x9dd3 rev 0x30: msi, AHCI 1.3.1
ahci0: PHY offline on port 2
scsibus1 at ahci0: 32 targets
ppb0 at pci0 dev 28 function 0 vendor &quot;Intel&quot;, unknown product 0x9db8 rev 0xf0
pci1 at ppb0 bus 1
ppb1 at pci0 dev 28 function 4 vendor &quot;Intel&quot;, unknown product 0x9dbc rev 0xf0: msi
pci2 at ppb1 bus 2
ppb2 at pci2 dev 0 function 0 &quot;Intel JHL6340 Thunderbolt 3&quot; rev 0x02
pci3 at ppb2 bus 3
ppb3 at pci3 dev 0 function 0 &quot;Intel JHL6340 Thunderbolt 3&quot; rev 0x02: msi
pci4 at ppb3 bus 4
ppb4 at pci3 dev 1 function 0 &quot;Intel JHL6340 Thunderbolt 3&quot; rev 0x02: msi
pci5 at ppb4 bus 5
ppb5 at pci3 dev 2 function 0 &quot;Intel JHL6340 Thunderbolt 3&quot; rev 0x02: msi
pci6 at ppb5 bus 108
xhci1 at pci6 dev 0 function 0 &quot;Intel JHL6340 Thunderbolt 3&quot; rev 0x02: msi, xHCI 1.16
usb1 at xhci1: USB revision 3.0
uhub1 at usb1 configuration 1 interface 0 &quot;Intel xHCI root hub&quot; rev 3.00/1.00 addr 1
ppb6 at pci0 dev 29 function 0 vendor &quot;Intel&quot;, unknown product 0x9db0 rev 0xf0: msi
pci7 at ppb6 bus 109
nvme0 at pci7 dev 0 function 0 &quot;Samsung SM981/PM981 NVMe&quot; rev 0x00: msi, NVMe 1.3
nvme0: Samsung SSD 970 EVO 1TB, firmware 2B2QEXE7, serial S467NX0KA08824J
scsibus2 at nvme0: 1 targets
sd0 at scsibus2 targ 0 lun 0: &lt;NVMe, Samsung SSD 970, 2B2Q&gt; SCSI4 0/direct fixed
sd0: 953869MB, 512 bytes/sector, 1953525168 sectors
ppb7 at pci0 dev 29 function 6 vendor &quot;Intel&quot;, unknown product 0x9db6 rev 0xf0: msi
pci8 at ppb7 bus 110
rtsx0 at pci8 dev 0 function 0 &quot;Realtek RTS522A Card Reader&quot; rev 0x01: msi
sdmmc0 at rtsx0: 4-bit, dma
pcib0 at pci0 dev 31 function 0 vendor &quot;Intel&quot;, unknown product 0x9d84 rev 0x30
azalia0 at pci0 dev 31 function 3 vendor &quot;Intel&quot;, unknown product 0x9dc8 rev 0x30: msi
azalia0: codecs: Realtek/0x0235, Intel/0x280b, using Realtek/0x0235
audio0 at azalia0
vendor &quot;Intel&quot;, unknown product 0x9da3 (class serial bus subclass SMBus, rev 0x30) at pci0 dev 31 function 4 not configured
vendor &quot;Intel&quot;, unknown product 0x9da4 (class serial bus unknown subclass 0x80, rev 0x30) at pci0 dev 31 function 5 not configured
em0 at pci0 dev 31 function 6 &quot;Intel I219-V&quot; rev 0x30: msiem0: The EEPROM Checksum Is Not Valid
em0: Unable to initialize the hardware
isa0 at pcib0
isadma0 at isa0
com0 at isa0 port 0x3f8/8 irq 4: ns16550a, 16 byte fifo
com0: probed fifo depth: 0 bytes
pcppi0 at isa0 port 0x61
spkr0 at pcppi0
vmm0 at mainbus0: VMX/EPT
efifb0 at mainbus0: 1920x1080, 32bpp
wsdisplay0 at efifb0 mux 1: console (std, vt100 emulation)
wsdisplay0: screen 1-5 added (std, vt100 emulation)
uhidev0 at uhub0 port 3 configuration 1 interface 0 &quot;Topre Corporation Realforce 87&quot; rev 2.00/0.01 addr 2
uhidev0: iclass 3/1
ukbd0 at uhidev0: 8 variable keys, 6 key codes, country code 15
wskbd0 at ukbd0: console keyboard, using wsdisplay0
uhidev1 at uhub0 port 4 configuration 1 interface 0 &quot;Corsair CORSAIR DARK CORE RGB Gaming Mouse&quot; rev 2.00/3.08 addr 3
uhidev1: iclass 3/1, 14 report ids
ums0 at uhidev1 reportid 1: 31 buttons, Z dir
wsmouse0 at ums0 mux 0
uhid0 at uhidev1 reportid 2: input=4, output=0, feature=0
uhid1 at uhidev1 reportid 3: input=63, output=0, feature=0
ukbd1 at uhidev1 reportid 5: 128 variable keys, 0 key codes
wskbd1 at ukbd1 mux 1
wskbd1: connecting to wsdisplay0
uhid2 at uhidev1 reportid 14: input=63, output=0, feature=0
uhidev2 at uhub0 port 4 configuration 1 interface 1 &quot;Corsair CORSAIR DARK CORE RGB Gaming Mouse&quot; rev 2.00/3.08 addr 3
uhidev2: iclass 3/0
uhid3 at uhidev2: input=64, output=64, feature=64
ugen0 at uhub0 port 10 &quot;Intel product 0x0aaa&quot; rev 2.00/0.02 addr 4
ure0 at uhub1 port 3 configuration 1 interface 0 &quot;Realtek USB 10/100/1000 LAN&quot; rev 3.00/30.00 addr 2
ure0: ver 5c30, address xx:xx:xx:xx:xx:xx
rgephy0 at ure0 phy 0: RTL8251 PHY, rev. 0
vscsi0 at root
scsibus3 at vscsi0: 256 targets
softraid0 at root
scsibus4 at softraid0: 256 targets
root on sd0a (4a8744d8431c297f.a) swap on sd0b dump on sd0b
wsmouse0 detached
ums0 detached
uhid0 detached
uhid1 detached
wskbd1: disconnecting from wsdisplay0
wskbd1 detached
ukbd1 detached
uhid2 detached
uhidev1 detached
uhid3 detached
uhidev2 detached
uhidev1 at uhub0 port 4 configuration 1 interface 0 &quot;Corsair CORSAIR DARK CORE RGB Gaming Mouse&quot; rev 2.00/3.08 addr 3
uhidev1: iclass 3/1, 14 report ids
ums0 at uhidev1 reportid 1: 31 buttons, Z dir
wsmouse0 at ums0 mux 0
uhid0 at uhidev1 reportid 2: input=4, output=0, feature=0
uhid1 at uhidev1 reportid 3: input=63, output=0, feature=0
ukbd1 at uhidev1 reportid 5: 128 variable keys, 0 key codes
wskbd1 at ukbd1 mux 1
wskbd1: connecting to wsdisplay0
uhid2 at uhidev1 reportid 14: input=63, output=0, feature=0
uhidev2 at uhub0 port 4 configuration 1 interface 1 &quot;Corsair CORSAIR DARK CORE RGB Gaming Mouse&quot; rev 2.00/3.08 addr 3
uhidev2: iclass 3/0
uhid3 at uhidev2: input=64, output=64, feature=64
nfs server debian-R720.localdomain:/home/kanye/dev: not responding
syncing disks...unmount of /home failed with error 16
unmount of / failed with error 16
WARNING: some file systems would not unmount
retrying
unmount of /home failed with error 16
unmount of / failed with error 16
WARNING: some file systems would not unmount
 done
wsdisplay_switch2: not switching
rebooting...
OpenBSD 6.4 (GENERIC.MP) #7: Thu Feb 28 18:56:25 CET 2019
    xxx@xxx.xxx:/usr/src/sys/arch/amd64/compile/GENERIC.MP
real mem = 8431730688 (8041MB)
avail mem = 8166912000 (7788MB)
mpath0 at root
scsibus0 at mpath0: 256 targets
mainbus0 at root
bios0 at mainbus0: SMBIOS rev. 2.8 @ 0x7a9a4000 (76 entries)
bios0: vendor Intel Corp. version &quot;BECFL357.86A.0056.2018.1128.1717&quot; date 11/28/2018
bios0: Intel(R) Client Systems NUC8i7BEH
acpi0 at bios0: rev 2
acpi0: sleep states S0 S3 S4 S5
acpi0: tables DSDT FACP APIC FPDT FIDT MCFG SSDT SSDT SSDT HPET SSDT SSDT UEFI LPIT SSDT SSDT DBGP DBG2 SSDT DMAR NHLT BGRT TPM2 WSMT
acpi0: wakeup devices SIO1(S3) PXSX(S4) RP01(S4) PXSX(S4) RP02(S4) PXSX(S4) RP03(S4) PXSX(S4) RP04(S4) PXSX(S4) RP05(S4) PXSX(S4) RP06(S4) PXSX(S4) RP07(S4) PXSX(S4) [...]
acpitimer0 at acpi0: 3579545 Hz, 24 bits
acpimadt0 at acpi0 addr 0xfee00000: PC-AT compat
cpu0 at mainbus0: apid 0 (boot processor)
cpu0: Intel(R) Core(TM) i7-8559U CPU @ 2.70GHz, 2595.37 MHz, 06-8e-0a
cpu0: FPU,VME,DE,PSE,TSC,MSR,PAE,MCE,CX8,APIC,SEP,MTRR,PGE,MCA,CMOV,PAT,PSE36,CFLUSH,DS,ACPI,MMX,FXSR,SSE,SSE2,SS,HTT,TM,PBE,SSE3,PCLMUL,DTES64,MWAIT,DS-CPL,VMX,EST,TM2,SSSE3,SDBG,FMA3,CX16,xTPR,PDCM,PCID,SSE4.1,SSE4.2,x2APIC,MOVBE,POPCNT,DEADLINE,AES,XSAVE,AVX,F16C,RDRAND,NXE,PAGE1GB,RDTSCP,LONG,LAHF,ABM,3DNOWP,PERF,ITSC,FSGSBASE,SGX,BMI1,AVX2,SMEP,BMI2,ERMS,INVPCID,MPX,RDSEED,ADX,SMAP,CLFLUSHOPT,PT,IBRS,IBPB,STIBP,L1DF,SSBD,SENSOR,ARAT,XSAVEOPT,XSAVEC,XGETBV1,XSAVES,MELTDOWN
cpu0: 256KB 64b/line 8-way L2 cache
cpu0: smt 0, core 0, package 0
mtrr: Pentium Pro MTRR support, 10 var ranges, 88 fixed ranges
cpu0: apic clock running at 23MHz
cpu0: mwait min=64, max=64, C-substates=0.2.1.2.4.1.1.1, IBE
cpu1 at mainbus0: apid 2 (application processor)
cpu1: Intel(R) Core(TM) i7-8559U CPU @ 2.70GHz, 2593.95 MHz, 06-8e-0a
cpu1: FPU,VME,DE,PSE,TSC,MSR,PAE,MCE,CX8,APIC,SEP,MTRR,PGE,MCA,CMOV,PAT,PSE36,CFLUSH,DS,ACPI,MMX,FXSR,SSE,SSE2,SS,HTT,TM,PBE,SSE3,PCLMUL,DTES64,MWAIT,DS-CPL,VMX,EST,TM2,SSSE3,SDBG,FMA3,CX16,xTPR,PDCM,PCID,SSE4.1,SSE4.2,x2APIC,MOVBE,POPCNT,DEADLINE,AES,XSAVE,AVX,F16C,RDRAND,NXE,PAGE1GB,RDTSCP,LONG,LAHF,ABM,3DNOWP,PERF,ITSC,FSGSBASE,SGX,BMI1,AVX2,SMEP,BMI2,ERMS,INVPCID,MPX,RDSEED,ADX,SMAP,CLFLUSHOPT,PT,IBRS,IBPB,STIBP,L1DF,SSBD,SENSOR,ARAT,XSAVEOPT,XSAVEC,XGETBV1,XSAVES,MELTDOWN
cpu1: 256KB 64b/line 8-way L2 cache
cpu1: smt 0, core 1, package 0
cpu2 at mainbus0: apid 4 (application processor)
cpu2: Intel(R) Core(TM) i7-8559U CPU @ 2.70GHz, 2593.95 MHz, 06-8e-0a
cpu2: FPU,VME,DE,PSE,TSC,MSR,PAE,MCE,CX8,APIC,SEP,MTRR,PGE,MCA,CMOV,PAT,PSE36,CFLUSH,DS,ACPI,MMX,FXSR,SSE,SSE2,SS,HTT,TM,PBE,SSE3,PCLMUL,DTES64,MWAIT,DS-CPL,VMX,EST,TM2,SSSE3,SDBG,FMA3,CX16,xTPR,PDCM,PCID,SSE4.1,SSE4.2,x2APIC,MOVBE,POPCNT,DEADLINE,AES,XSAVE,AVX,F16C,RDRAND,NXE,PAGE1GB,RDTSCP,LONG,LAHF,ABM,3DNOWP,PERF,ITSC,FSGSBASE,SGX,BMI1,AVX2,SMEP,BMI2,ERMS,INVPCID,MPX,RDSEED,ADX,SMAP,CLFLUSHOPT,PT,IBRS,IBPB,STIBP,L1DF,SSBD,SENSOR,ARAT,XSAVEOPT,XSAVEC,XGETBV1,XSAVES,MELTDOWN
cpu2: 256KB 64b/line 8-way L2 cache
cpu2: smt 0, core 2, package 0
cpu3 at mainbus0: apid 6 (application processor)
cpu3: Intel(R) Core(TM) i7-8559U CPU @ 2.70GHz, 2593.95 MHz, 06-8e-0a
cpu3: FPU,VME,DE,PSE,TSC,MSR,PAE,MCE,CX8,APIC,SEP,MTRR,PGE,MCA,CMOV,PAT,PSE36,CFLUSH,DS,ACPI,MMX,FXSR,SSE,SSE2,SS,HTT,TM,PBE,SSE3,PCLMUL,DTES64,MWAIT,DS-CPL,VMX,EST,TM2,SSSE3,SDBG,FMA3,CX16,xTPR,PDCM,PCID,SSE4.1,SSE4.2,x2APIC,MOVBE,POPCNT,DEADLINE,AES,XSAVE,AVX,F16C,RDRAND,NXE,PAGE1GB,RDTSCP,LONG,LAHF,ABM,3DNOWP,PERF,ITSC,FSGSBASE,SGX,BMI1,AVX2,SMEP,BMI2,ERMS,INVPCID,MPX,RDSEED,ADX,SMAP,CLFLUSHOPT,PT,IBRS,IBPB,STIBP,L1DF,SSBD,SENSOR,ARAT,XSAVEOPT,XSAVEC,XGETBV1,XSAVES,MELTDOWN
cpu3: 256KB 64b/line 8-way L2 cache
cpu3: smt 0, core 3, package 0
cpu4 at mainbus0: apid 1 (application processor)
cpu4: Intel(R) Core(TM) i7-8559U CPU @ 2.70GHz, 2593.95 MHz, 06-8e-0a
cpu4: FPU,VME,DE,PSE,TSC,MSR,PAE,MCE,CX8,APIC,SEP,MTRR,PGE,MCA,CMOV,PAT,PSE36,CFLUSH,DS,ACPI,MMX,FXSR,SSE,SSE2,SS,HTT,TM,PBE,SSE3,PCLMUL,DTES64,MWAIT,DS-CPL,VMX,EST,TM2,SSSE3,SDBG,FMA3,CX16,xTPR,PDCM,PCID,SSE4.1,SSE4.2,x2APIC,MOVBE,POPCNT,DEADLINE,AES,XSAVE,AVX,F16C,RDRAND,NXE,PAGE1GB,RDTSCP,LONG,LAHF,ABM,3DNOWP,PERF,ITSC,FSGSBASE,SGX,BMI1,AVX2,SMEP,BMI2,ERMS,INVPCID,MPX,RDSEED,ADX,SMAP,CLFLUSHOPT,PT,IBRS,IBPB,STIBP,L1DF,SSBD,SENSOR,ARAT,XSAVEOPT,XSAVEC,XGETBV1,XSAVES,MELTDOWN
cpu4: 256KB 64b/line 8-way L2 cache
cpu4: smt 1, core 0, package 0
cpu5 at mainbus0: apid 3 (application processor)
cpu5: Intel(R) Core(TM) i7-8559U CPU @ 2.70GHz, 2593.95 MHz, 06-8e-0a
cpu5: FPU,VME,DE,PSE,TSC,MSR,PAE,MCE,CX8,APIC,SEP,MTRR,PGE,MCA,CMOV,PAT,PSE36,CFLUSH,DS,ACPI,MMX,FXSR,SSE,SSE2,SS,HTT,TM,PBE,SSE3,PCLMUL,DTES64,MWAIT,DS-CPL,VMX,EST,TM2,SSSE3,SDBG,FMA3,CX16,xTPR,PDCM,PCID,SSE4.1,SSE4.2,x2APIC,MOVBE,POPCNT,DEADLINE,AES,XSAVE,AVX,F16C,RDRAND,NXE,PAGE1GB,RDTSCP,LONG,LAHF,ABM,3DNOWP,PERF,ITSC,FSGSBASE,SGX,BMI1,AVX2,SMEP,BMI2,ERMS,INVPCID,MPX,RDSEED,ADX,SMAP,CLFLUSHOPT,PT,IBRS,IBPB,STIBP,L1DF,SSBD,SENSOR,ARAT,XSAVEOPT,XSAVEC,XGETBV1,XSAVES,MELTDOWN
cpu5: 256KB 64b/line 8-way L2 cache
cpu5: smt 1, core 1, package 0
cpu6 at mainbus0: apid 5 (application processor)
cpu6: Intel(R) Core(TM) i7-8559U CPU @ 2.70GHz, 2593.95 MHz, 06-8e-0a
cpu6: FPU,VME,DE,PSE,TSC,MSR,PAE,MCE,CX8,APIC,SEP,MTRR,PGE,MCA,CMOV,PAT,PSE36,CFLUSH,DS,ACPI,MMX,FXSR,SSE,SSE2,SS,HTT,TM,PBE,SSE3,PCLMUL,DTES64,MWAIT,DS-CPL,VMX,EST,TM2,SSSE3,SDBG,FMA3,CX16,xTPR,PDCM,PCID,SSE4.1,SSE4.2,x2APIC,MOVBE,POPCNT,DEADLINE,AES,XSAVE,AVX,F16C,RDRAND,NXE,PAGE1GB,RDTSCP,LONG,LAHF,ABM,3DNOWP,PERF,ITSC,FSGSBASE,SGX,BMI1,AVX2,SMEP,BMI2,ERMS,INVPCID,MPX,RDSEED,ADX,SMAP,CLFLUSHOPT,PT,IBRS,IBPB,STIBP,L1DF,SSBD,SENSOR,ARAT,XSAVEOPT,XSAVEC,XGETBV1,XSAVES,MELTDOWN
cpu6: 256KB 64b/line 8-way L2 cache
cpu6: smt 1, core 2, package 0
cpu7 at mainbus0: apid 7 (application processor)
cpu7: Intel(R) Core(TM) i7-8559U CPU @ 2.70GHz, 2593.95 MHz, 06-8e-0a
cpu7: FPU,VME,DE,PSE,TSC,MSR,PAE,MCE,CX8,APIC,SEP,MTRR,PGE,MCA,CMOV,PAT,PSE36,CFLUSH,DS,ACPI,MMX,FXSR,SSE,SSE2,SS,HTT,TM,PBE,SSE3,PCLMUL,DTES64,MWAIT,DS-CPL,VMX,EST,TM2,SSSE3,SDBG,FMA3,CX16,xTPR,PDCM,PCID,SSE4.1,SSE4.2,x2APIC,MOVBE,POPCNT,DEADLINE,AES,XSAVE,AVX,F16C,RDRAND,NXE,PAGE1GB,RDTSCP,LONG,LAHF,ABM,3DNOWP,PERF,ITSC,FSGSBASE,SGX,BMI1,AVX2,SMEP,BMI2,ERMS,INVPCID,MPX,RDSEED,ADX,SMAP,CLFLUSHOPT,PT,IBRS,IBPB,STIBP,L1DF,SSBD,SENSOR,ARAT,XSAVEOPT,XSAVEC,XGETBV1,XSAVES,MELTDOWN
cpu7: 256KB 64b/line 8-way L2 cache
cpu7: smt 1, core 3, package 0
ioapic0 at mainbus0: apid 2 pa 0xfec00000, version 20, 120 pins
acpimcfg0 at acpi0
acpimcfg0: addr 0xe0000000, bus 0-255
acpihpet0 at acpi0: 23999999 Hz
acpiprt0 at acpi0: bus 0 (PCI0)
acpiprt1 at acpi0: bus -1 (PEG0)
acpiprt2 at acpi0: bus -1 (PEG1)
acpiprt3 at acpi0: bus -1 (PEG2)
acpiprt4 at acpi0: bus 1 (RP01)
acpiprt5 at acpi0: bus -1 (RP02)
acpiprt6 at acpi0: bus -1 (RP03)
acpiprt7 at acpi0: bus -1 (RP04)
acpiprt8 at acpi0: bus 2 (RP05)
acpiprt9 at acpi0: bus -1 (RP06)
acpiprt10 at acpi0: bus -1 (RP07)
acpiprt11 at acpi0: bus -1 (RP08)
acpiprt12 at acpi0: bus 109 (RP09)
acpiprt13 at acpi0: bus -1 (RP10)
acpiprt14 at acpi0: bus -1 (RP11)
acpiprt15 at acpi0: bus -1 (RP12)
acpiprt16 at acpi0: bus -1 (RP13)
acpiprt17 at acpi0: bus -1 (RP14)
acpiprt18 at acpi0: bus 110 (RP15)
acpiprt19 at acpi0: bus -1 (RP16)
acpiprt20 at acpi0: bus -1 (RP17)
acpiprt21 at acpi0: bus -1 (RP18)
acpiprt22 at acpi0: bus -1 (RP19)
acpiprt23 at acpi0: bus -1 (RP20)
acpiprt24 at acpi0: bus -1 (RP21)
acpiprt25 at acpi0: bus -1 (RP22)
acpiprt26 at acpi0: bus -1 (RP23)
acpiprt27 at acpi0: bus -1 (RP24)
acpiec0 at acpi0
acpitz0 at acpi0acpitz0: TZ0_: failed to read _HOT
acpitz0: TZ0_: failed to read _TMP
acpitz0: TZ0_: failed to read _TMP
acpipwrres0 at acpi0: USBC, resource for XDCI
acpipwrres1 at acpi0: V0PR
acpipwrres2 at acpi0: V1PR
acpipwrres3 at acpi0: V2PR
acpipwrres4 at acpi0: WRST
acpicpu0 at acpi0: C3(200@1034 mwait.1@0x60), C2(200@151 mwait.1@0x33), C1(1000@1 mwait.1), PSS
acpicpu1 at acpi0: C3(200@1034 mwait.1@0x60), C2(200@151 mwait.1@0x33), C1(1000@1 mwait.1), PSS
acpicpu2 at acpi0: C3(200@1034 mwait.1@0x60), C2(200@151 mwait.1@0x33), C1(1000@1 mwait.1), PSS
acpicpu3 at acpi0: C3(200@1034 mwait.1@0x60), C2(200@151 mwait.1@0x33), C1(1000@1 mwait.1), PSS
acpicpu4 at acpi0: C3(200@1034 mwait.1@0x60), C2(200@151 mwait.1@0x33), C1(1000@1 mwait.1), PSS
acpicpu5 at acpi0: C3(200@1034 mwait.1@0x60), C2(200@151 mwait.1@0x33), C1(1000@1 mwait.1), PSS
acpicpu6 at acpi0: C3(200@1034 mwait.1@0x60), C2(200@151 mwait.1@0x33), C1(1000@1 mwait.1), PSS
acpicpu7 at acpi0: C3(200@1034 mwait.1@0x60), C2(200@151 mwait.1@0x33), C1(1000@1 mwait.1), PSS
acpipwrres5 at acpi0: FN00, resource for FAN0
acpipwrres6 at acpi0: FN01, resource for FAN1
acpipwrres7 at acpi0: FN02, resource for FAN2
acpipwrres8 at acpi0: FN03, resource for FAN3
acpipwrres9 at acpi0: FN04, resource for FAN4
acpitz1 at acpi0: critical temperature is 119 degC
acpipwrres10 at acpi0: PIN_
acpicmos0 at acpi0
&quot;INT34BB&quot; at acpi0 not configured
&quot;PNP0C14&quot; at acpi0 not configured
acpibtn0 at acpi0: SLPB
&quot;PNP0C14&quot; at acpi0 not configured
&quot;PNP0C14&quot; at acpi0 not configured
&quot;INT33A1&quot; at acpi0 not configured
acpibtn1 at acpi0: PWRB
&quot;MSFT0101&quot; at acpi0 not configured
&quot;PNP0C0B&quot; at acpi0 not configured
&quot;PNP0C0B&quot; at acpi0 not configured
&quot;PNP0C0B&quot; at acpi0 not configured
&quot;PNP0C0B&quot; at acpi0 not configured
&quot;PNP0C0B&quot; at acpi0 not configured
&quot;PNP0C14&quot; at acpi0 not configured
acpivideo0 at acpi0: GFX0
acpivout0 at acpivideo0: DD1F
cpu0: Enhanced SpeedStep 2595 MHz: speeds: 2601, 2600, 2500, 2400, 2200, 1900, 1800, 1700, 1500, 1400, 1200, 1100, 900, 700, 600, 400 MHz
pci0 at mainbus0 bus 0
0:31:5: mem address conflict 0xfe010000/0x1000
pchb0 at pci0 dev 0 function 0 vendor &quot;Intel&quot;, unknown product 0x3ed0 rev 0x08
vendor &quot;Intel&quot;, unknown product 0x3ea5 (class display subclass VGA, rev 0x01) at pci0 dev 2 function 0 not configured
&quot;Intel Core GMM&quot; rev 0x00 at pci0 dev 8 function 0 not configured
vendor &quot;Intel&quot;, unknown product 0x9df9 (class DASP subclass miscellaneous, rev 0x30) at pci0 dev 18 function 0 not configured
xhci0 at pci0 dev 20 function 0 vendor &quot;Intel&quot;, unknown product 0x9ded rev 0x30: msi, xHCI 1.16
usb0 at xhci0: USB revision 3.0
uhub0 at usb0 configuration 1 interface 0 &quot;Intel xHCI root hub&quot; rev 3.00/1.00 addr 1
vendor &quot;Intel&quot;, unknown product 0x9def (class memory subclass RAM, rev 0x30) at pci0 dev 20 function 2 not configured
vendor &quot;Intel&quot;, unknown product 0x9df0 (class network subclass miscellaneous, rev 0x30) at pci0 dev 20 function 3 not configured
vendor &quot;Intel&quot;, unknown product 0x9de0 (class communications subclass miscellaneous, rev 0x30) at pci0 dev 22 function 0 not configured
ahci0 at pci0 dev 23 function 0 vendor &quot;Intel&quot;, unknown product 0x9dd3 rev 0x30: msi, AHCI 1.3.1
ahci0: PHY offline on port 2
scsibus1 at ahci0: 32 targets
ppb0 at pci0 dev 28 function 0 vendor &quot;Intel&quot;, unknown product 0x9db8 rev 0xf0
pci1 at ppb0 bus 1
ppb1 at pci0 dev 28 function 4 vendor &quot;Intel&quot;, unknown product 0x9dbc rev 0xf0: msi
pci2 at ppb1 bus 2
ppb2 at pci2 dev 0 function 0 &quot;Intel JHL6340 Thunderbolt 3&quot; rev 0x02
pci3 at ppb2 bus 3
ppb3 at pci3 dev 0 function 0 &quot;Intel JHL6340 Thunderbolt 3&quot; rev 0x02: msi
pci4 at ppb3 bus 4
ppb4 at pci3 dev 1 function 0 &quot;Intel JHL6340 Thunderbolt 3&quot; rev 0x02: msi
pci5 at ppb4 bus 5
ppb5 at pci3 dev 2 function 0 &quot;Intel JHL6340 Thunderbolt 3&quot; rev 0x02: msi
pci6 at ppb5 bus 108
xhci1 at pci6 dev 0 function 0 &quot;Intel JHL6340 Thunderbolt 3&quot; rev 0x02: msi, xHCI 1.16
usb1 at xhci1: USB revision 3.0
uhub1 at usb1 configuration 1 interface 0 &quot;Intel xHCI root hub&quot; rev 3.00/1.00 addr 1
ppb6 at pci0 dev 29 function 0 vendor &quot;Intel&quot;, unknown product 0x9db0 rev 0xf0: msi
pci7 at ppb6 bus 109
nvme0 at pci7 dev 0 function 0 &quot;Samsung SM981/PM981 NVMe&quot; rev 0x00: msi, NVMe 1.3
nvme0: Samsung SSD 970 EVO 1TB, firmware 2B2QEXE7, serial S467NX0KA08824J
scsibus2 at nvme0: 1 targets
sd0 at scsibus2 targ 0 lun 0: &lt;NVMe, Samsung SSD 970, 2B2Q&gt; SCSI4 0/direct fixed
sd0: 953869MB, 512 bytes/sector, 1953525168 sectors
ppb7 at pci0 dev 29 function 6 vendor &quot;Intel&quot;, unknown product 0x9db6 rev 0xf0: msi
pci8 at ppb7 bus 110
rtsx0 at pci8 dev 0 function 0 &quot;Realtek RTS522A Card Reader&quot; rev 0x01: msi
sdmmc0 at rtsx0: 4-bit, dma
pcib0 at pci0 dev 31 function 0 vendor &quot;Intel&quot;, unknown product 0x9d84 rev 0x30
azalia0 at pci0 dev 31 function 3 vendor &quot;Intel&quot;, unknown product 0x9dc8 rev 0x30: msi
azalia0: codecs: Realtek/0x0235, Intel/0x280b, using Realtek/0x0235
audio0 at azalia0
vendor &quot;Intel&quot;, unknown product 0x9da3 (class serial bus subclass SMBus, rev 0x30) at pci0 dev 31 function 4 not configured
vendor &quot;Intel&quot;, unknown product 0x9da4 (class serial bus unknown subclass 0x80, rev 0x30) at pci0 dev 31 function 5 not configured
em0 at pci0 dev 31 function 6 &quot;Intel I219-V&quot; rev 0x30: msiem0: The EEPROM Checksum Is Not Valid
em0: Unable to initialize the hardware
isa0 at pcib0
isadma0 at isa0
com0 at isa0 port 0x3f8/8 irq 4: ns16550a, 16 byte fifo
com0: probed fifo depth: 0 bytes
pcppi0 at isa0 port 0x61
spkr0 at pcppi0
vmm0 at mainbus0: VMX/EPT
efifb0 at mainbus0: 1920x1080, 32bpp
wsdisplay0 at efifb0 mux 1: console (std, vt100 emulation)
wsdisplay0: screen 1-5 added (std, vt100 emulation)
uhidev0 at uhub0 port 3 configuration 1 interface 0 &quot;Topre Corporation Realforce 87&quot; rev 2.00/0.01 addr 2
uhidev0: iclass 3/1
ukbd0 at uhidev0: 8 variable keys, 6 key codes, country code 15
wskbd0 at ukbd0: console keyboard, using wsdisplay0
uhidev1 at uhub0 port 4 configuration 1 interface 0 &quot;Corsair CORSAIR DARK CORE RGB Gaming Mouse&quot; rev 2.00/3.08 addr 3
uhidev1: iclass 3/1, 14 report ids
ums0 at uhidev1 reportid 1: 31 buttons, Z dir
wsmouse0 at ums0 mux 0
uhid0 at uhidev1 reportid 2: input=4, output=0, feature=0
uhid1 at uhidev1 reportid 3: input=63, output=0, feature=0
ukbd1 at uhidev1 reportid 5: 128 variable keys, 0 key codes
wskbd1 at ukbd1 mux 1
wskbd1: connecting to wsdisplay0
uhid2 at uhidev1 reportid 14: input=63, output=0, feature=0
uhidev2 at uhub0 port 4 configuration 1 interface 1 &quot;Corsair CORSAIR DARK CORE RGB Gaming Mouse&quot; rev 2.00/3.08 addr 3
uhidev2: iclass 3/0
uhid3 at uhidev2: input=64, output=64, feature=64
ugen0 at uhub0 port 10 &quot;Intel product 0x0aaa&quot; rev 2.00/0.02 addr 4
ure0 at uhub1 port 3 configuration 1 interface 0 &quot;Realtek USB 10/100/1000 LAN&quot; rev 3.00/30.00 addr 2
ure0: ver 5c30, address xx:xx:xx:xx:xx:xx
rgephy0 at ure0 phy 0: RTL8251 PHY, rev. 0
vscsi0 at root
scsibus3 at vscsi0: 256 targets
softraid0 at root
scsibus4 at softraid0: 256 targets
root on sd0a (4a8744d8431c297f.a) swap on sd0b dump on sd0b
WARNING: / was not properly unmounted
syncing disks... done
wsdisplay_switch2: not switching
rebooting...
OpenBSD 6.4 (GENERIC.MP) #7: Thu Feb 28 18:56:25 CET 2019
    xxx@xxx.xxx:/usr/src/sys/arch/amd64/compile/GENERIC.MP
real mem = 8431730688 (8041MB)
avail mem = 8166924288 (7788MB)
mpath0 at root
scsibus0 at mpath0: 256 targets
mainbus0 at root
bios0 at mainbus0: SMBIOS rev. 2.8 @ 0x7a9a4000 (76 entries)
bios0: vendor Intel Corp. version &quot;BECFL357.86A.0056.2018.1128.1717&quot; date 11/28/2018
bios0: Intel(R) Client Systems NUC8i7BEH
acpi0 at bios0: rev 2
acpi0: sleep states S0 S3 S4 S5
acpi0: tables DSDT FACP APIC FPDT FIDT MCFG SSDT SSDT SSDT HPET SSDT SSDT UEFI LPIT SSDT SSDT DBGP DBG2 SSDT DMAR NHLT BGRT TPM2 WSMT
acpi0: wakeup devices SIO1(S3) PXSX(S4) RP01(S4) PXSX(S4) RP02(S4) PXSX(S4) RP03(S4) PXSX(S4) RP04(S4) PXSX(S4) RP05(S4) PXSX(S4) RP06(S4) PXSX(S4) RP07(S4) PXSX(S4) [...]
acpitimer0 at acpi0: 3579545 Hz, 24 bits
acpimadt0 at acpi0 addr 0xfee00000: PC-AT compat
cpu0 at mainbus0: apid 0 (boot processor)
cpu0: Intel(R) Core(TM) i7-8559U CPU @ 2.70GHz, 2594.94 MHz, 06-8e-0a
cpu0: FPU,VME,DE,PSE,TSC,MSR,PAE,MCE,CX8,APIC,SEP,MTRR,PGE,MCA,CMOV,PAT,PSE36,CFLUSH,DS,ACPI,MMX,FXSR,SSE,SSE2,SS,HTT,TM,PBE,SSE3,PCLMUL,DTES64,MWAIT,DS-CPL,VMX,EST,TM2,SSSE3,SDBG,FMA3,CX16,xTPR,PDCM,PCID,SSE4.1,SSE4.2,x2APIC,MOVBE,POPCNT,DEADLINE,AES,XSAVE,AVX,F16C,RDRAND,NXE,PAGE1GB,RDTSCP,LONG,LAHF,ABM,3DNOWP,PERF,ITSC,FSGSBASE,SGX,BMI1,AVX2,SMEP,BMI2,ERMS,INVPCID,MPX,RDSEED,ADX,SMAP,CLFLUSHOPT,PT,IBRS,IBPB,STIBP,L1DF,SSBD,SENSOR,ARAT,XSAVEOPT,XSAVEC,XGETBV1,XSAVES,MELTDOWN
cpu0: 256KB 64b/line 8-way L2 cache
cpu0: smt 0, core 0, package 0
mtrr: Pentium Pro MTRR support, 10 var ranges, 88 fixed ranges
cpu0: apic clock running at 23MHz
cpu0: mwait min=64, max=64, C-substates=0.2.1.2.4.1.1.1, IBE
cpu1 at mainbus0: apid 2 (application processor)
cpu1: Intel(R) Core(TM) i7-8559U CPU @ 2.70GHz, 2593.91 MHz, 06-8e-0a
cpu1: FPU,VME,DE,PSE,TSC,MSR,PAE,MCE,CX8,APIC,SEP,MTRR,PGE,MCA,CMOV,PAT,PSE36,CFLUSH,DS,ACPI,MMX,FXSR,SSE,SSE2,SS,HTT,TM,PBE,SSE3,PCLMUL,DTES64,MWAIT,DS-CPL,VMX,EST,TM2,SSSE3,SDBG,FMA3,CX16,xTPR,PDCM,PCID,SSE4.1,SSE4.2,x2APIC,MOVBE,POPCNT,DEADLINE,AES,XSAVE,AVX,F16C,RDRAND,NXE,PAGE1GB,RDTSCP,LONG,LAHF,ABM,3DNOWP,PERF,ITSC,FSGSBASE,SGX,BMI1,AVX2,SMEP,BMI2,ERMS,INVPCID,MPX,RDSEED,ADX,SMAP,CLFLUSHOPT,PT,IBRS,IBPB,STIBP,L1DF,SSBD,SENSOR,ARAT,XSAVEOPT,XSAVEC,XGETBV1,XSAVES,MELTDOWN
cpu1: 256KB 64b/line 8-way L2 cache
cpu1: smt 0, core 1, package 0
cpu2 at mainbus0: apid 4 (application processor)
cpu2: Intel(R) Core(TM) i7-8559U CPU @ 2.70GHz, 2593.91 MHz, 06-8e-0a
cpu2: FPU,VME,DE,PSE,TSC,MSR,PAE,MCE,CX8,APIC,SEP,MTRR,PGE,MCA,CMOV,PAT,PSE36,CFLUSH,DS,ACPI,MMX,FXSR,SSE,SSE2,SS,HTT,TM,PBE,SSE3,PCLMUL,DTES64,MWAIT,DS-CPL,VMX,EST,TM2,SSSE3,SDBG,FMA3,CX16,xTPR,PDCM,PCID,SSE4.1,SSE4.2,x2APIC,MOVBE,POPCNT,DEADLINE,AES,XSAVE,AVX,F16C,RDRAND,NXE,PAGE1GB,RDTSCP,LONG,LAHF,ABM,3DNOWP,PERF,ITSC,FSGSBASE,SGX,BMI1,AVX2,SMEP,BMI2,ERMS,INVPCID,MPX,RDSEED,ADX,SMAP,CLFLUSHOPT,PT,IBRS,IBPB,STIBP,L1DF,SSBD,SENSOR,ARAT,XSAVEOPT,XSAVEC,XGETBV1,XSAVES,MELTDOWN
cpu2: 256KB 64b/line 8-way L2 cache
cpu2: smt 0, core 2, package 0
cpu3 at mainbus0: apid 6 (application processor)
cpu3: Intel(R) Core(TM) i7-8559U CPU @ 2.70GHz, 2593.91 MHz, 06-8e-0a
cpu3: FPU,VME,DE,PSE,TSC,MSR,PAE,MCE,CX8,APIC,SEP,MTRR,PGE,MCA,CMOV,PAT,PSE36,CFLUSH,DS,ACPI,MMX,FXSR,SSE,SSE2,SS,HTT,TM,PBE,SSE3,PCLMUL,DTES64,MWAIT,DS-CPL,VMX,EST,TM2,SSSE3,SDBG,FMA3,CX16,xTPR,PDCM,PCID,SSE4.1,SSE4.2,x2APIC,MOVBE,POPCNT,DEADLINE,AES,XSAVE,AVX,F16C,RDRAND,NXE,PAGE1GB,RDTSCP,LONG,LAHF,ABM,3DNOWP,PERF,ITSC,FSGSBASE,SGX,BMI1,AVX2,SMEP,BMI2,ERMS,INVPCID,MPX,RDSEED,ADX,SMAP,CLFLUSHOPT,PT,IBRS,IBPB,STIBP,L1DF,SSBD,SENSOR,ARAT,XSAVEOPT,XSAVEC,XGETBV1,XSAVES,MELTDOWN
cpu3: 256KB 64b/line 8-way L2 cache
cpu3: smt 0, core 3, package 0
cpu4 at mainbus0: apid 1 (application processor)
cpu4: Intel(R) Core(TM) i7-8559U CPU @ 2.70GHz, 2593.91 MHz, 06-8e-0a
cpu4: FPU,VME,DE,PSE,TSC,MSR,PAE,MCE,CX8,APIC,SEP,MTRR,PGE,MCA,CMOV,PAT,PSE36,CFLUSH,DS,ACPI,MMX,FXSR,SSE,SSE2,SS,HTT,TM,PBE,SSE3,PCLMUL,DTES64,MWAIT,DS-CPL,VMX,EST,TM2,SSSE3,SDBG,FMA3,CX16,xTPR,PDCM,PCID,SSE4.1,SSE4.2,x2APIC,MOVBE,POPCNT,DEADLINE,AES,XSAVE,AVX,F16C,RDRAND,NXE,PAGE1GB,RDTSCP,LONG,LAHF,ABM,3DNOWP,PERF,ITSC,FSGSBASE,SGX,BMI1,AVX2,SMEP,BMI2,ERMS,INVPCID,MPX,RDSEED,ADX,SMAP,CLFLUSHOPT,PT,IBRS,IBPB,STIBP,L1DF,SSBD,SENSOR,ARAT,XSAVEOPT,XSAVEC,XGETBV1,XSAVES,MELTDOWN
cpu4: 256KB 64b/line 8-way L2 cache
cpu4: smt 1, core 0, package 0
cpu5 at mainbus0: apid 3 (application processor)
cpu5: Intel(R) Core(TM) i7-8559U CPU @ 2.70GHz, 2593.91 MHz, 06-8e-0a
cpu5: FPU,VME,DE,PSE,TSC,MSR,PAE,MCE,CX8,APIC,SEP,MTRR,PGE,MCA,CMOV,PAT,PSE36,CFLUSH,DS,ACPI,MMX,FXSR,SSE,SSE2,SS,HTT,TM,PBE,SSE3,PCLMUL,DTES64,MWAIT,DS-CPL,VMX,EST,TM2,SSSE3,SDBG,FMA3,CX16,xTPR,PDCM,PCID,SSE4.1,SSE4.2,x2APIC,MOVBE,POPCNT,DEADLINE,AES,XSAVE,AVX,F16C,RDRAND,NXE,PAGE1GB,RDTSCP,LONG,LAHF,ABM,3DNOWP,PERF,ITSC,FSGSBASE,SGX,BMI1,AVX2,SMEP,BMI2,ERMS,INVPCID,MPX,RDSEED,ADX,SMAP,CLFLUSHOPT,PT,IBRS,IBPB,STIBP,L1DF,SSBD,SENSOR,ARAT,XSAVEOPT,XSAVEC,XGETBV1,XSAVES,MELTDOWN
cpu5: 256KB 64b/line 8-way L2 cache
cpu5: smt 1, core 1, package 0
cpu6 at mainbus0: apid 5 (application processor)
cpu6: Intel(R) Core(TM) i7-8559U CPU @ 2.70GHz, 2593.91 MHz, 06-8e-0a
cpu6: FPU,VME,DE,PSE,TSC,MSR,PAE,MCE,CX8,APIC,SEP,MTRR,PGE,MCA,CMOV,PAT,PSE36,CFLUSH,DS,ACPI,MMX,FXSR,SSE,SSE2,SS,HTT,TM,PBE,SSE3,PCLMUL,DTES64,MWAIT,DS-CPL,VMX,EST,TM2,SSSE3,SDBG,FMA3,CX16,xTPR,PDCM,PCID,SSE4.1,SSE4.2,x2APIC,MOVBE,POPCNT,DEADLINE,AES,XSAVE,AVX,F16C,RDRAND,NXE,PAGE1GB,RDTSCP,LONG,LAHF,ABM,3DNOWP,PERF,ITSC,FSGSBASE,SGX,BMI1,AVX2,SMEP,BMI2,ERMS,INVPCID,MPX,RDSEED,ADX,SMAP,CLFLUSHOPT,PT,IBRS,IBPB,STIBP,L1DF,SSBD,SENSOR,ARAT,XSAVEOPT,XSAVEC,XGETBV1,XSAVES,MELTDOWN
cpu6: 256KB 64b/line 8-way L2 cache
cpu6: smt 1, core 2, package 0
cpu7 at mainbus0: apid 7 (application processor)
cpu7: Intel(R) Core(TM) i7-8559U CPU @ 2.70GHz, 2593.91 MHz, 06-8e-0a
cpu7: FPU,VME,DE,PSE,TSC,MSR,PAE,MCE,CX8,APIC,SEP,MTRR,PGE,MCA,CMOV,PAT,PSE36,CFLUSH,DS,ACPI,MMX,FXSR,SSE,SSE2,SS,HTT,TM,PBE,SSE3,PCLMUL,DTES64,MWAIT,DS-CPL,VMX,EST,TM2,SSSE3,SDBG,FMA3,CX16,xTPR,PDCM,PCID,SSE4.1,SSE4.2,x2APIC,MOVBE,POPCNT,DEADLINE,AES,XSAVE,AVX,F16C,RDRAND,NXE,PAGE1GB,RDTSCP,LONG,LAHF,ABM,3DNOWP,PERF,ITSC,FSGSBASE,SGX,BMI1,AVX2,SMEP,BMI2,ERMS,INVPCID,MPX,RDSEED,ADX,SMAP,CLFLUSHOPT,PT,IBRS,IBPB,STIBP,L1DF,SSBD,SENSOR,ARAT,XSAVEOPT,XSAVEC,XGETBV1,XSAVES,MELTDOWN
cpu7: 256KB 64b/line 8-way L2 cache
cpu7: smt 1, core 3, package 0
ioapic0 at mainbus0: apid 2 pa 0xfec00000, version 20, 120 pins
acpimcfg0 at acpi0
acpimcfg0: addr 0xe0000000, bus 0-255
acpihpet0 at acpi0: 23999999 Hz
acpiprt0 at acpi0: bus 0 (PCI0)
acpiprt1 at acpi0: bus -1 (PEG0)
acpiprt2 at acpi0: bus -1 (PEG1)
acpiprt3 at acpi0: bus -1 (PEG2)
acpiprt4 at acpi0: bus 1 (RP01)
acpiprt5 at acpi0: bus -1 (RP02)
acpiprt6 at acpi0: bus -1 (RP03)
acpiprt7 at acpi0: bus -1 (RP04)
acpiprt8 at acpi0: bus 2 (RP05)
acpiprt9 at acpi0: bus -1 (RP06)
acpiprt10 at acpi0: bus -1 (RP07)
acpiprt11 at acpi0: bus -1 (RP08)
acpiprt12 at acpi0: bus 109 (RP09)
acpiprt13 at acpi0: bus -1 (RP10)
acpiprt14 at acpi0: bus -1 (RP11)
acpiprt15 at acpi0: bus -1 (RP12)
acpiprt16 at acpi0: bus -1 (RP13)
acpiprt17 at acpi0: bus -1 (RP14)
acpiprt18 at acpi0: bus 110 (RP15)
acpiprt19 at acpi0: bus -1 (RP16)
acpiprt20 at acpi0: bus -1 (RP17)
acpiprt21 at acpi0: bus -1 (RP18)
acpiprt22 at acpi0: bus -1 (RP19)
acpiprt23 at acpi0: bus -1 (RP20)
acpiprt24 at acpi0: bus -1 (RP21)
acpiprt25 at acpi0: bus -1 (RP22)
acpiprt26 at acpi0: bus -1 (RP23)
acpiprt27 at acpi0: bus -1 (RP24)
acpiec0 at acpi0
acpitz0 at acpi0acpitz0: TZ0_: failed to read _HOT
acpitz0: TZ0_: failed to read _TMP
acpitz0: TZ0_: failed to read _TMP
acpipwrres0 at acpi0: USBC, resource for XDCI
acpipwrres1 at acpi0: V0PR
acpipwrres2 at acpi0: V1PR
acpipwrres3 at acpi0: V2PR
acpipwrres4 at acpi0: WRST
acpicpu0 at acpi0: C3(200@1034 mwait.1@0x60), C2(200@151 mwait.1@0x33), C1(1000@1 mwait.1), PSS
acpicpu1 at acpi0: C3(200@1034 mwait.1@0x60), C2(200@151 mwait.1@0x33), C1(1000@1 mwait.1), PSS
acpicpu2 at acpi0: C3(200@1034 mwait.1@0x60), C2(200@151 mwait.1@0x33), C1(1000@1 mwait.1), PSS
acpicpu3 at acpi0: C3(200@1034 mwait.1@0x60), C2(200@151 mwait.1@0x33), C1(1000@1 mwait.1), PSS
acpicpu4 at acpi0: C3(200@1034 mwait.1@0x60), C2(200@151 mwait.1@0x33), C1(1000@1 mwait.1), PSS
acpicpu5 at acpi0: C3(200@1034 mwait.1@0x60), C2(200@151 mwait.1@0x33), C1(1000@1 mwait.1), PSS
acpicpu6 at acpi0: C3(200@1034 mwait.1@0x60), C2(200@151 mwait.1@0x33), C1(1000@1 mwait.1), PSS
acpicpu7 at acpi0: C3(200@1034 mwait.1@0x60), C2(200@151 mwait.1@0x33), C1(1000@1 mwait.1), PSS
acpipwrres5 at acpi0: FN00, resource for FAN0
acpipwrres6 at acpi0: FN01, resource for FAN1
acpipwrres7 at acpi0: FN02, resource for FAN2
acpipwrres8 at acpi0: FN03, resource for FAN3
acpipwrres9 at acpi0: FN04, resource for FAN4
acpitz1 at acpi0: critical temperature is 119 degC
acpipwrres10 at acpi0: PIN_
acpicmos0 at acpi0
&quot;INT34BB&quot; at acpi0 not configured
&quot;PNP0C14&quot; at acpi0 not configured
acpibtn0 at acpi0: SLPB
&quot;PNP0C14&quot; at acpi0 not configured
&quot;PNP0C14&quot; at acpi0 not configured
&quot;INT33A1&quot; at acpi0 not configured
acpibtn1 at acpi0: PWRB
&quot;MSFT0101&quot; at acpi0 not configured
&quot;PNP0C0B&quot; at acpi0 not configured
&quot;PNP0C0B&quot; at acpi0 not configured
&quot;PNP0C0B&quot; at acpi0 not configured
&quot;PNP0C0B&quot; at acpi0 not configured
&quot;PNP0C0B&quot; at acpi0 not configured
&quot;PNP0C14&quot; at acpi0 not configured
acpivideo0 at acpi0: GFX0
acpivout0 at acpivideo0: DD1F
cpu0: Enhanced SpeedStep 2594 MHz: speeds: 2601, 2600, 2500, 2400, 2200, 1900, 1800, 1700, 1500, 1400, 1200, 1100, 900, 700, 600, 400 MHz
pci0 at mainbus0 bus 0
0:31:5: mem address conflict 0xfe010000/0x1000
pchb0 at pci0 dev 0 function 0 vendor &quot;Intel&quot;, unknown product 0x3ed0 rev 0x08
vendor &quot;Intel&quot;, unknown product 0x3ea5 (class display subclass VGA, rev 0x01) at pci0 dev 2 function 0 not configured
&quot;Intel Core GMM&quot; rev 0x00 at pci0 dev 8 function 0 not configured
vendor &quot;Intel&quot;, unknown product 0x9df9 (class DASP subclass miscellaneous, rev 0x30) at pci0 dev 18 function 0 not configured
xhci0 at pci0 dev 20 function 0 vendor &quot;Intel&quot;, unknown product 0x9ded rev 0x30: msi, xHCI 1.16
usb0 at xhci0: USB revision 3.0
uhub0 at usb0 configuration 1 interface 0 &quot;Intel xHCI root hub&quot; rev 3.00/1.00 addr 1
vendor &quot;Intel&quot;, unknown product 0x9def (class memory subclass RAM, rev 0x30) at pci0 dev 20 function 2 not configured
vendor &quot;Intel&quot;, unknown product 0x9df0 (class network subclass miscellaneous, rev 0x30) at pci0 dev 20 function 3 not configured
vendor &quot;Intel&quot;, unknown product 0x9de0 (class communications subclass miscellaneous, rev 0x30) at pci0 dev 22 function 0 not configured
ahci0 at pci0 dev 23 function 0 vendor &quot;Intel&quot;, unknown product 0x9dd3 rev 0x30: msi, AHCI 1.3.1
ahci0: PHY offline on port 2
scsibus1 at ahci0: 32 targets
ppb0 at pci0 dev 28 function 0 vendor &quot;Intel&quot;, unknown product 0x9db8 rev 0xf0
pci1 at ppb0 bus 1
ppb1 at pci0 dev 28 function 4 vendor &quot;Intel&quot;, unknown product 0x9dbc rev 0xf0: msi
pci2 at ppb1 bus 2
ppb2 at pci2 dev 0 function 0 &quot;Intel JHL6340 Thunderbolt 3&quot; rev 0x02
pci3 at ppb2 bus 3
ppb3 at pci3 dev 0 function 0 &quot;Intel JHL6340 Thunderbolt 3&quot; rev 0x02: msi
pci4 at ppb3 bus 4
ppb4 at pci3 dev 1 function 0 &quot;Intel JHL6340 Thunderbolt 3&quot; rev 0x02: msi
pci5 at ppb4 bus 5
ppb5 at pci3 dev 2 function 0 &quot;Intel JHL6340 Thunderbolt 3&quot; rev 0x02: msi
pci6 at ppb5 bus 108
xhci1 at pci6 dev 0 function 0 &quot;Intel JHL6340 Thunderbolt 3&quot; rev 0x02: msi, xHCI 1.16
usb1 at xhci1: USB revision 3.0
uhub1 at usb1 configuration 1 interface 0 &quot;Intel xHCI root hub&quot; rev 3.00/1.00 addr 1
ppb6 at pci0 dev 29 function 0 vendor &quot;Intel&quot;, unknown product 0x9db0 rev 0xf0: msi
pci7 at ppb6 bus 109
nvme0 at pci7 dev 0 function 0 &quot;Samsung SM981/PM981 NVMe&quot; rev 0x00: msi, NVMe 1.3
nvme0: Samsung SSD 970 EVO 1TB, firmware 2B2QEXE7, serial S467NX0KA08824J
scsibus2 at nvme0: 1 targets
sd0 at scsibus2 targ 0 lun 0: &lt;NVMe, Samsung SSD 970, 2B2Q&gt; SCSI4 0/direct fixed
sd0: 953869MB, 512 bytes/sector, 1953525168 sectors
ppb7 at pci0 dev 29 function 6 vendor &quot;Intel&quot;, unknown product 0x9db6 rev 0xf0: msi
pci8 at ppb7 bus 110
rtsx0 at pci8 dev 0 function 0 &quot;Realtek RTS522A Card Reader&quot; rev 0x01: msi
sdmmc0 at rtsx0: 4-bit, dma
pcib0 at pci0 dev 31 function 0 vendor &quot;Intel&quot;, unknown product 0x9d84 rev 0x30
azalia0 at pci0 dev 31 function 3 vendor &quot;Intel&quot;, unknown product 0x9dc8 rev 0x30: msi
azalia0: codecs: Realtek/0x0235, Intel/0x280b, using Realtek/0x0235
audio0 at azalia0
vendor &quot;Intel&quot;, unknown product 0x9da3 (class serial bus subclass SMBus, rev 0x30) at pci0 dev 31 function 4 not configured
vendor &quot;Intel&quot;, unknown product 0x9da4 (class serial bus unknown subclass 0x80, rev 0x30) at pci0 dev 31 function 5 not configured
em0 at pci0 dev 31 function 6 &quot;Intel I219-V&quot; rev 0x30: msiem0: The EEPROM Checksum Is Not Valid
em0: Unable to initialize the hardware
isa0 at pcib0
isadma0 at isa0
com0 at isa0 port 0x3f8/8 irq 4: ns16550a, 16 byte fifo
com0: probed fifo depth: 0 bytes
pcppi0 at isa0 port 0x61
spkr0 at pcppi0
vmm0 at mainbus0: VMX/EPT
efifb0 at mainbus0: 1920x1080, 32bpp
wsdisplay0 at efifb0 mux 1: console (std, vt100 emulation)
wsdisplay0: screen 1-5 added (std, vt100 emulation)
uhidev0 at uhub0 port 3 configuration 1 interface 0 &quot;Topre Corporation Realforce 87&quot; rev 2.00/0.01 addr 2
uhidev0: iclass 3/1
ukbd0 at uhidev0: 8 variable keys, 6 key codes, country code 15
wskbd0 at ukbd0: console keyboard, using wsdisplay0
uhidev1 at uhub0 port 4 configuration 1 interface 0 &quot;Corsair CORSAIR DARK CORE RGB Gaming Mouse&quot; rev 2.00/3.08 addr 3
uhidev1: iclass 3/1, 14 report ids
ums0 at uhidev1 reportid 1: 31 buttons, Z dir
wsmouse0 at ums0 mux 0
uhid0 at uhidev1 reportid 2: input=4, output=0, feature=0
uhid1 at uhidev1 reportid 3: input=63, output=0, feature=0
ukbd1 at uhidev1 reportid 5: 128 variable keys, 0 key codes
wskbd1 at ukbd1 mux 1
wskbd1: connecting to wsdisplay0
uhid2 at uhidev1 reportid 14: input=63, output=0, feature=0
uhidev2 at uhub0 port 4 configuration 1 interface 1 &quot;Corsair CORSAIR DARK CORE RGB Gaming Mouse&quot; rev 2.00/3.08 addr 3
ugen0 at uhub0 port 10 &quot;Intel product 0x0aaa&quot; rev 2.00/0.02 addr 4
ure0 at uhub1 port 3 configuration 1 interface 0 &quot;Realtek USB 10/100/1000 LAN&quot; rev 3.00/30.00 addr 2
ure0: ver 5c30, address xx:xx:xx:xx:xx:xx
rgephy0 at ure0 phy 0: RTL8251 PHY, rev. 0
vscsi0 at root
scsibus3 at vscsi0: 256 targets
softraid0 at root
scsibus4 at softraid0: 256 targets
root on sd0a (4a8744d8431c297f.a) swap on sd0b dump on sd0b

</pre>



</div><!-- content -->
<br />
<div id="footer">
All comments/news/posts are the property of their individual owner and
is presented without warranty of suitability, and solely as an
informational resource. <br />
This site Copyright &copy; 2004-2020 NYC*BUG.
</div><!-- footer -->

</body>
</html>

