



<!doctype html>
<html lang="en">
<head>
<meta name="keywords"
	content="bsd, freebsd, openbsd, netbsd, dragonflybsd, nycbug, dmesgd" />
<meta name="description" content="New York City BSD User Group dmesgd" />
<meta charset="utf-8" />
<meta name="viewport" content="width=device-width, initial-scale=1" />
<title>NYC*BUG dmesgd</title>
<style>
body {
	text-align: left;
	margin: 15px auto;
	padding: 0px 10px;
}
@media (min-width: 800px) {
	body {
		max-width: 85%;
	}
}
#header {
	border-bottom: 1px solid #dbdbdb;
	font-size: 230%;
	text-align: left;
}
#footer {
	border-top: 1px solid #dbdbdb;
	clear: both;
	text-align: left;
}
.logo_bug {
	color: #cc0033;
}
#menu ul {
	list-style-type: none;
	margin: 0;
	padding: 0;
}
#menu li {
	float: left;
}
#menu li a {
	display: block;
	background-color: #dbdbdb;
	color: #000000;
	font-size: 105%;
	font-weight: bold;
	padding: 0px 6px 0px 6px;
	text-decoration: none;
}
#content {
	clear: both;
	text-align: left;
	padding-top: 10px;
}
#content h1 {
	font-size: 120%;
	font-weight: bold;
}
#content h2 {
	font-size: 110%;
	font-weight: bold;
}
#content a {
	text-decoration: none;
}
#content pre {
	background-color: #dbdbdb;
	padding: 5px 5px 5px 5px;
	white-space: pre-wrap;		/* css-3 */
	white-space: -moz-pre-wrap;	/* Mozilla, since 1999 */
	white-space: -pre-wrap;		/* Opera 4-6 */
	white-space: -o-pre-wrap;	/* Opera 7 */
	word-wrap: break-word;		/* Internet Explorer 5.5+ */
}
#content table {
	border-collapse: collapse;
}
#content table th {
	border: 1px solid #dbdbdb;
	font-size: 85%;
	white-space: nowrap;
}
#content table td {
	border: 1px solid #dbdbdb;
	font-size: 80%;
}
#content input {
	font-size: 1em;
}
#content .full	{ width: 100%; }
#content .left	{ text-align: left; }
#content .right	{ text-align: right; }
#content .center { text-align: center; }
#content .flexbox {
	display: -ms-flex;
	display: -webkit-flex;
	display: flex;
	width: 100%;
}
#content .left_col {
	min-width: 75px;
	max-width: 50%;
	flex-grow: 0;
}
#content .right_col {
	flex-grow: 1;
	margin-left: 10px;
	padding-top: 10px;
	padding-left: 10px;
}
#col {
	-moz-column-count: 3;
	-webkit-column-count: 3;
	column-count: 3;
}
</style>
</head>
<body>

<div id="header">
<strong><em>NYC*</em><span class="logo_bug">BUG</span> dmesgd</strong>
</div><!-- header -->

<div id="menu">
<ul>
<li><a href="https://dmesgd.nycbug.org/index.cgi?do=index">Home</a></li>
<li><a href="https://dmesgd.nycbug.org/index.cgi?do=submit">Submit</a></li>
<li><a href="https://www.nycbug.org/">NYC*BUG</a></li>
</ul>
</div><!-- menu -->

<div id="content">

<p>
Launched in 2004, dmesgd aims to provide a
<strong>user-submitted</strong> repository of searchable *BSD dmesgs.
The dmesg(8) command displays the system message buffer's content, and
during boot a copy is saved to <em>/var/run/dmesg.boot</em>.  This buffer
contains the operating system release, name and version, a list of
devices identified, plus a whole host of other useful information.  We
hope others find this resource useful and further contribute to its
growth. Contact us at [ admin at lists dot nycbug dot org ].
</p>

<hr />


<strong>Date:</strong> <em>2019-03-12 15:20:47</em><br />
<strong>From:</strong> <em>Joel Carnat</em><br />
<strong>Description:</strong> <em>Dell Inspiron Mini 1012 with FDE and (non-original) iwn0</em><br />

<pre>
OpenBSD 6.5-beta (GENERIC.MP) #787: Mon Mar 11 12:11:44 MDT 2019
    xxx@xxx.xxx:/usr/src/sys/arch/amd64/compile/GENERIC.MP
real mem = 2119958528 (2021MB)
avail mem = 2045812736 (1951MB)
mpath0 at root
scsibus0 at mpath0: 256 targets
mainbus0 at root
bios0 at mainbus0: SMBIOS rev. 2.5 @ 0xdc010 (43 entries)
bios0: vendor Dell Inc. version &quot;A12&quot; date 03/22/2011
bios0: Dell Inc. Inspiron 1012
acpi0 at bios0: rev 2
acpi0: sleep states S0 S3 S4 S5
acpi0: tables DSDT FACP TCPA HPET MCFG APIC BOOT OSFR SLIC SSDT SSDT SSDT
acpi0: wakeup devices EXP1(S3) EXP2(S4) EXP3(S4) EXP4(S4) PCIB(S3) LID0(S3) USB1(S0) USB2(S0) USB3(S0) USB4(S0) EUSB(S0)
acpitimer0 at acpi0: 3579545 Hz, 24 bits
acpihpet0 at acpi0: 14318179 Hz
acpimcfg0 at acpi0
acpimcfg0: addr 0xe0000000, bus 0-255
acpimadt0 at acpi0 addr 0xfee00000: PC-AT compat
cpu0 at mainbus0: apid 0 (boot processor)
cpu0: Intel(R) Atom(TM) CPU N450 @ 1.66GHz, 1662.81 MHz, 06-1c-0a
cpu0: FPU,VME,DE,PSE,TSC,MSR,PAE,MCE,CX8,APIC,SEP,MTRR,PGE,MCA,CMOV,PAT,CFLUSH,DS,ACPI,MMX,FXSR,SSE,SSE2,SS,HTT,TM,PBE,SSE3,DTES64,MWAIT,DS-CPL,EST,TM2,SSSE3,CX16,xTPR,PDCM,MOVBE,NXE,LONG,LAHF,PERF,SENSOR,MELTDOWN
cpu0: 512KB 64b/line 8-way L2 cache
cpu0: smt 0, core 0, package 0
mtrr: Pentium Pro MTRR support, 8 var ranges, 88 fixed ranges
cpu0: apic clock running at 166MHz
cpu0: mwait min=64, max=64, C-substates=0.2.2.0.2, IBE
cpu1 at mainbus0: apid 1 (application processor)
cpu1: Intel(R) Atom(TM) CPU N450 @ 1.66GHz, 1662.51 MHz, 06-1c-0a
cpu1: FPU,VME,DE,PSE,TSC,MSR,PAE,MCE,CX8,APIC,SEP,MTRR,PGE,MCA,CMOV,PAT,CFLUSH,DS,ACPI,MMX,FXSR,SSE,SSE2,SS,HTT,TM,PBE,SSE3,DTES64,MWAIT,DS-CPL,EST,TM2,SSSE3,CX16,xTPR,PDCM,MOVBE,NXE,LONG,LAHF,PERF,SENSOR,MELTDOWN
cpu1: 512KB 64b/line 8-way L2 cache
cpu1: smt 1, core 0, package 0
ioapic0 at mainbus0: apid 2 pa 0xfec00000, version 20, 24 pins
acpiprt0 at acpi0: bus 0 (PCI0)
acpiprt1 at acpi0: bus 5 (EXP1)
acpiprt2 at acpi0: bus 7 (EXP2)
acpiprt3 at acpi0: bus -1 (EXP3)
acpiprt4 at acpi0: bus 11 (EXP4)
acpiprt5 at acpi0: bus 17 (PCIB)
acpiec0 at acpi0
acpicpu0 at acpi0: !C2(500@20 mwait.1@0x10), C1(1000@1 mwait.1), PSS
acpicpu1 at acpi0: !C2(500@20 mwait.1@0x10), C1(1000@1 mwait.1), PSS
&quot;CPL0002&quot; at acpi0 not configured
acpipci0 at acpi0 PCI0: 0x00000000 0x00000010 0x00000000
acpicmos0 at acpi0
acpiac0 at acpi0: AC unit online
acpibat0 at acpi0: BAT1 model &quot;DELL 2T6K2025&quot; serial 11 type Lion oem &quot;SDI&quot;
acpibtn0 at acpi0: LID0
acpibtn1 at acpi0: PWRB
acpivideo0 at acpi0: IGD0
acpivout0 at acpivideo0: LCD_
cpu0: Enhanced SpeedStep 1662 MHz: speeds: 1667, 1333, 1000 MHz
pci0 at mainbus0 bus 0
pchb0 at pci0 dev 0 function 0 &quot;Intel Pineview DMI&quot; rev 0x00
inteldrm0 at pci0 dev 2 function 0 &quot;Intel Pineview Video&quot; rev 0x00
drm0 at inteldrm0
intagp0 at inteldrm0
agp0 at intagp0: aperture at 0xd0000000, size 0x10000000
inteldrm0: msi
inteldrm0: 1366x768, 32bpp
wsdisplay0 at inteldrm0 mux 1: console (std, vt100 emulation)
wsdisplay0: screen 1-5 added (std, vt100 emulation)
&quot;Intel Pineview Video&quot; rev 0x00 at pci0 dev 2 function 1 not configured
azalia0 at pci0 dev 27 function 0 &quot;Intel 82801GB HD Audio&quot; rev 0x02: msi
azalia0: codecs: Realtek ALC272
audio0 at azalia0
ppb0 at pci0 dev 28 function 0 &quot;Intel 82801GB PCIE&quot; rev 0x02: msi
pci1 at ppb0 bus 5
re0 at pci1 dev 0 function 0 &quot;Realtek 8101E&quot; rev 0x02: RTL8102EL (0x2480), msi, address xx:xx:xx:xx:xx:xx
rlphy0 at re0 phy 7: RTL8201L 10/100 PHY, rev. 1
ppb1 at pci0 dev 28 function 1 &quot;Intel 82801GB PCIE&quot; rev 0x02: msi
pci2 at ppb1 bus 7
iwn0 at pci2 dev 0 function 0 &quot;Intel Centrino Advanced-N 6205&quot; rev 0x34: msi, MIMO 2T2R, MoW, address xx:xx:xx:xx:xx:xx
ppb2 at pci0 dev 28 function 3 &quot;Intel 82801GB PCIE&quot; rev 0x02: msi
pci3 at ppb2 bus 11
vendor &quot;Broadcom&quot;, unknown product 0x1615 (class multimedia subclass miscellaneous, rev 0x00) at pci3 dev 0 function 0 not configured
uhci0 at pci0 dev 29 function 0 &quot;Intel 82801GB USB&quot; rev 0x02: apic 2 int 23
uhci1 at pci0 dev 29 function 1 &quot;Intel 82801GB USB&quot; rev 0x02: apic 2 int 19
uhci2 at pci0 dev 29 function 2 &quot;Intel 82801GB USB&quot; rev 0x02: apic 2 int 18
uhci3 at pci0 dev 29 function 3 &quot;Intel 82801GB USB&quot; rev 0x02: apic 2 int 16
ehci0 at pci0 dev 29 function 7 &quot;Intel 82801GB USB&quot; rev 0x02: apic 2 int 23
usb0 at ehci0: USB revision 2.0
uhub0 at usb0 configuration 1 interface 0 &quot;Intel EHCI root hub&quot; rev 2.00/1.00 addr 1
ppb3 at pci0 dev 30 function 0 &quot;Intel 82801BAM Hub-to-PCI&quot; rev 0xe2
pci4 at ppb3 bus 17
pcib0 at pci0 dev 31 function 0 &quot;Intel NM10 LPC&quot; rev 0x02
ahci0 at pci0 dev 31 function 2 &quot;Intel 82801GR AHCI&quot; rev 0x02: msi, AHCI 1.1
ahci0: port 0: 3.0Gb/s
ahci0: PHY offline on port 1
ahci0: PHY offline on port 2
ahci0: PHY offline on port 3
scsibus1 at ahci0: 32 targets
sd0 at scsibus1 targ 0 lun 0: &lt;ATA, SAMSUNG MMDOE28G, VAM0&gt; SCSI3 0/direct fixed naa.50000f0056413031
sd0: 122104MB, 512 bytes/sector, 250069680 sectors
ichiic0 at pci0 dev 31 function 3 &quot;Intel 82801GB SMBus&quot; rev 0x02: apic 2 int 19
iic0 at ichiic0
spdmem0 at iic0 addr 0x50: 2GB DDR2 SDRAM non-parity PC2-5300CL5 SO-DIMM
usb1 at uhci0: USB revision 1.0
uhub1 at usb1 configuration 1 interface 0 &quot;Intel UHCI root hub&quot; rev 1.00/1.00 addr 1
usb2 at uhci1: USB revision 1.0
uhub2 at usb2 configuration 1 interface 0 &quot;Intel UHCI root hub&quot; rev 1.00/1.00 addr 1
usb3 at uhci2: USB revision 1.0
uhub3 at usb3 configuration 1 interface 0 &quot;Intel UHCI root hub&quot; rev 1.00/1.00 addr 1
usb4 at uhci3: USB revision 1.0
uhub4 at usb4 configuration 1 interface 0 &quot;Intel UHCI root hub&quot; rev 1.00/1.00 addr 1
isa0 at pcib0
isadma0 at isa0
pckbc0 at isa0 port 0x60/5 irq 1 irq 12
pckbd0 at pckbc0 (kbd slot)
wskbd0 at pckbd0: console keyboard, using wsdisplay0
pcppi0 at isa0 port 0x61
spkr0 at pcppi0
umass0 at uhub0 port 3 configuration 1 interface 0 &quot;Generic USB2.0-CRW&quot; rev 2.00/19.81 addr 2
umass0: using SCSI over Bulk-Only
scsibus2 at umass0: 2 targets, initiator 0
sd1 at scsibus2 targ 1 lun 0: &lt;Generic-, SD/MMC, 1.00&gt; SCSI0 0/direct removable serial.0bda0119815198100000
sd1: 3837MB, 512 bytes/sector, 7858176 sectors
uvideo0 at uhub0 port 4 configuration 1 interface 0 &quot;SuYin Laptop_Integrated_Webcam_1.3M&quot; rev 2.00/9a.14 addr 3
video0 at uvideo0
ugen0 at uhub0 port 5 &quot;Hauppauge Computer Works Dell Digital TV Receiver&quot; rev 2.00/0.01 addr 4
umass1 at uhub0 port 8 configuration 1 interface 0 &quot;Generic USB2.0-CRW&quot; rev 2.00/58.88 addr 5
umass1: using SCSI over Bulk-Only
scsibus3 at umass1: 2 targets, initiator 0
sd2 at scsibus3 targ 1 lun 0: &lt;Generic-, Multi-Card, 1.00&gt; SCSI0 0/direct removable serial.0bda0158114173400000
uhub5 at uhub3 port 2 configuration 1 interface 0 &quot;Broadcom BCM2046B1&quot; rev 2.00/1.00 addr 2
uhidev0 at uhub5 port 1 configuration 1 interface 0 &quot;Dell product 0x8161&quot; rev 2.00/1.00 addr 3
uhidev0: iclass 3/1, 1 report id
ukbd0 at uhidev0 reportid 1: 8 variable keys, 6 key codes
wskbd1 at ukbd0 mux 1
wskbd1: connecting to wsdisplay0
uhidev1 at uhub5 port 2 configuration 1 interface 0 &quot;Dell product 0x8162&quot; rev 2.00/1.00 addr 4
uhidev1: iclass 3/1, 125 report ids
ums0 at uhidev1 reportid 2: 3 buttons
wsmouse0 at ums0 mux 0
uhid0 at uhidev1 reportid 125: input=2, output=0, feature=0
vscsi0 at root
scsibus4 at vscsi0: 256 targets
softraid0 at root
scsibus5 at softraid0: 256 targets
sd3 at scsibus5 targ 1 lun 0: &lt;OPENBSD, SR CRYPTO, 006&gt; SCSI2 0/direct fixed
sd3: 122103MB, 512 bytes/sector, 250067198 sectors
root on sd3a (05835dc60f1ab2a5.a) swap on sd3b dump on sd3b
</pre>



</div><!-- content -->
<br />
<div id="footer">
All comments/news/posts are the property of their individual owner and
is presented without warranty of suitability, and solely as an
informational resource. <br />
This site Copyright &copy; 2004-2020 NYC*BUG.
</div><!-- footer -->

</body>
</html>

