



<!doctype html>
<html lang="en">
<head>
<meta name="keywords"
	content="bsd, freebsd, openbsd, netbsd, dragonflybsd, nycbug, dmesgd" />
<meta name="description" content="New York City BSD User Group dmesgd" />
<meta charset="utf-8" />
<meta name="viewport" content="width=device-width, initial-scale=1" />
<title>NYC*BUG dmesgd</title>
<style>
body {
	text-align: left;
	margin: 15px auto;
	padding: 0px 10px;
}
@media (min-width: 800px) {
	body {
		max-width: 85%;
	}
}
#header {
	border-bottom: 1px solid #dbdbdb;
	font-size: 230%;
	text-align: left;
}
#footer {
	border-top: 1px solid #dbdbdb;
	clear: both;
	text-align: left;
}
.logo_bug {
	color: #cc0033;
}
#menu ul {
	list-style-type: none;
	margin: 0;
	padding: 0;
}
#menu li {
	float: left;
}
#menu li a {
	display: block;
	background-color: #dbdbdb;
	color: #000000;
	font-size: 105%;
	font-weight: bold;
	padding: 0px 6px 0px 6px;
	text-decoration: none;
}
#content {
	clear: both;
	text-align: left;
	padding-top: 10px;
}
#content h1 {
	font-size: 120%;
	font-weight: bold;
}
#content h2 {
	font-size: 110%;
	font-weight: bold;
}
#content a {
	text-decoration: none;
}
#content pre {
	background-color: #dbdbdb;
	padding: 5px 5px 5px 5px;
	white-space: pre-wrap;		/* css-3 */
	white-space: -moz-pre-wrap;	/* Mozilla, since 1999 */
	white-space: -pre-wrap;		/* Opera 4-6 */
	white-space: -o-pre-wrap;	/* Opera 7 */
	word-wrap: break-word;		/* Internet Explorer 5.5+ */
}
#content table {
	border-collapse: collapse;
}
#content table th {
	border: 1px solid #dbdbdb;
	font-size: 85%;
	white-space: nowrap;
}
#content table td {
	border: 1px solid #dbdbdb;
	font-size: 80%;
}
#content input {
	font-size: 1em;
}
#content .full	{ width: 100%; }
#content .left	{ text-align: left; }
#content .right	{ text-align: right; }
#content .center { text-align: center; }
#content .flexbox {
	display: -ms-flex;
	display: -webkit-flex;
	display: flex;
	width: 100%;
}
#content .left_col {
	min-width: 75px;
	max-width: 50%;
	flex-grow: 0;
}
#content .right_col {
	flex-grow: 1;
	margin-left: 10px;
	padding-top: 10px;
	padding-left: 10px;
}
#col {
	-moz-column-count: 3;
	-webkit-column-count: 3;
	column-count: 3;
}
</style>
</head>
<body>

<div id="header">
<strong><em>NYC*</em><span class="logo_bug">BUG</span> dmesgd</strong>
</div><!-- header -->

<div id="menu">
<ul>
<li><a href="https://dmesgd.nycbug.org/index.cgi?do=index">Home</a></li>
<li><a href="https://dmesgd.nycbug.org/index.cgi?do=submit">Submit</a></li>
<li><a href="https://www.nycbug.org/">NYC*BUG</a></li>
</ul>
</div><!-- menu -->

<div id="content">

<p>
Launched in 2004, dmesgd aims to provide a
<strong>user-submitted</strong> repository of searchable *BSD dmesgs.
The dmesg(8) command displays the system message buffer's content, and
during boot a copy is saved to <em>/var/run/dmesg.boot</em>.  This buffer
contains the operating system release, name and version, a list of
devices identified, plus a whole host of other useful information.  We
hope others find this resource useful and further contribute to its
growth. Contact us at [ admin at lists dot nycbug dot org ].
</p>

<hr />


<strong>Date:</strong> <em>2019-04-02 15:48:12</em><br />
<strong>From:</strong> <em>bdk</em><br />
<strong>Description:</strong> <em>Dell Latitude 3150</em><br />

<pre>
OpenBSD 6.5-beta (GENERIC.MP) #830: Sun Mar 24 19:44:30 MDT 2019
    xxx@xxx.xxx:/usr/src/sys/arch/amd64/compile/GENERIC.MP
real mem = 8454590464 (8062MB)
avail mem = 8188018688 (7808MB)
mpath0 at root
scsibus0 at mpath0: 256 targets
mainbus0 at root
bios0 at mainbus0: SMBIOS rev. 2.8 @ 0xe0000 (75 entries)
bios0: vendor Dell Inc. version &quot;A09&quot; date 02/09/2018
bios0: Dell Inc. Latitude 3150
acpi0 at bios0: rev 2
acpi0: sleep states S0 S3 S4 S5
acpi0: tables DSDT FACP APIC FPDT MCFG LPIT UEFI SLIC HPET SSDT SSDT SSDT BGRT
acpi0: wakeup devices XHC1(S4) PXSX(S4) PXSX(S4) PXSX(S4) PXSX(S4) BRCM(S0) LID0(S3) PBTN(S3)
acpitimer0 at acpi0: 3579545 Hz, 24 bits
acpimadt0 at acpi0 addr 0xfee00000: PC-AT compat
cpu0 at mainbus0: apid 0 (boot processor)
cpu0: Intel(R) Pentium(R) CPU N3540 @ 2.16GHz, 2167.07 MHz, 06-37-08
cpu0: FPU,VME,DE,PSE,TSC,MSR,PAE,MCE,CX8,APIC,SEP,MTRR,PGE,MCA,CMOV,PAT,PSE36,CFLUSH,DS,ACPI,MMX,FXSR,SSE,SSE2,SS,HTT,TM,PBE,SSE3,PCLMUL,DTES64,MWAIT,DS-CPL,VMX,EST,TM2,SSSE3,CX16,xTPR,PDCM,SSE4.1,SSE4.2,MOVBE,POPCNT,DEADLINE,RDRAND,NXE,RDTSCP,LONG,LAHF,3DNOWP,PERF,ITSC,SMEP,ERMS,IBRS,IBPB,STIBP,SENSOR,ARAT,MELTDOWN
cpu0: 1MB 64b/line 16-way L2 cache
cpu0: smt 0, core 0, package 0
mtrr: Pentium Pro MTRR support, 8 var ranges, 88 fixed ranges
cpu0: apic clock running at 83MHz
cpu0: mwait min=64, max=64, C-substates=0.2.0.0.0.0.3.3, IBE
cpu1 at mainbus0: apid 2 (application processor)
cpu1: Intel(R) Pentium(R) CPU N3540 @ 2.16GHz, 2166.67 MHz, 06-37-08
cpu1: FPU,VME,DE,PSE,TSC,MSR,PAE,MCE,CX8,APIC,SEP,MTRR,PGE,MCA,CMOV,PAT,PSE36,CFLUSH,DS,ACPI,MMX,FXSR,SSE,SSE2,SS,HTT,TM,PBE,SSE3,PCLMUL,DTES64,MWAIT,DS-CPL,VMX,EST,TM2,SSSE3,CX16,xTPR,PDCM,SSE4.1,SSE4.2,MOVBE,POPCNT,DEADLINE,RDRAND,NXE,RDTSCP,LONG,LAHF,3DNOWP,PERF,ITSC,SMEP,ERMS,IBRS,IBPB,STIBP,SENSOR,ARAT,MELTDOWN
cpu1: 1MB 64b/line 16-way L2 cache
cpu1: smt 0, core 1, package 0
cpu2 at mainbus0: apid 4 (application processor)
cpu2: Intel(R) Pentium(R) CPU N3540 @ 2.16GHz, 2166.67 MHz, 06-37-08
cpu2: FPU,VME,DE,PSE,TSC,MSR,PAE,MCE,CX8,APIC,SEP,MTRR,PGE,MCA,CMOV,PAT,PSE36,CFLUSH,DS,ACPI,MMX,FXSR,SSE,SSE2,SS,HTT,TM,PBE,SSE3,PCLMUL,DTES64,MWAIT,DS-CPL,VMX,EST,TM2,SSSE3,CX16,xTPR,PDCM,SSE4.1,SSE4.2,MOVBE,POPCNT,DEADLINE,RDRAND,NXE,RDTSCP,LONG,LAHF,3DNOWP,PERF,ITSC,SMEP,ERMS,IBRS,IBPB,STIBP,SENSOR,ARAT,MELTDOWN
cpu2: 1MB 64b/line 16-way L2 cache
cpu2: smt 0, core 2, package 0
cpu3 at mainbus0: apid 6 (application processor)
cpu3: Intel(R) Pentium(R) CPU N3540 @ 2.16GHz, 2166.68 MHz, 06-37-08
cpu3: FPU,VME,DE,PSE,TSC,MSR,PAE,MCE,CX8,APIC,SEP,MTRR,PGE,MCA,CMOV,PAT,PSE36,CFLUSH,DS,ACPI,MMX,FXSR,SSE,SSE2,SS,HTT,TM,PBE,SSE3,PCLMUL,DTES64,MWAIT,DS-CPL,VMX,EST,TM2,SSSE3,CX16,xTPR,PDCM,SSE4.1,SSE4.2,MOVBE,POPCNT,DEADLINE,RDRAND,NXE,RDTSCP,LONG,LAHF,3DNOWP,PERF,ITSC,SMEP,ERMS,IBRS,IBPB,STIBP,SENSOR,ARAT,MELTDOWN
cpu3: 1MB 64b/line 16-way L2 cache
cpu3: smt 0, core 3, package 0
ioapic0 at mainbus0: apid 1 pa 0xfec00000, version 20, 87 pins
acpimcfg0 at acpi0
acpimcfg0: addr 0xe0000000, bus 0-255
acpihpet0 at acpi0: 14318179 Hz
acpiprt0 at acpi0: bus 0 (PCI0)
acpiprt1 at acpi0: bus 1 (RP01)
acpiprt2 at acpi0: bus 2 (RP02)
acpiprt3 at acpi0: bus 3 (RP03)
acpiprt4 at acpi0: bus 4 (RP04)
acpiec0 at acpi0
acpicpu0 at acpi0: C3(10@1500 mwait.1@0x52), C2(10@500 mwait.1@0x51), C1(1000@1 mwait.1), PSS
acpicpu1 at acpi0: C3(10@1500 mwait.1@0x52), C2(10@500 mwait.1@0x51), C1(1000@1 mwait.1), PSS
acpicpu2 at acpi0: C3(10@1500 mwait.1@0x52), C2(10@500 mwait.1@0x51), C1(1000@1 mwait.1), PSS
acpicpu3 at acpi0: C3(10@1500 mwait.1@0x52), C2(10@500 mwait.1@0x51), C1(1000@1 mwait.1), PSS
acpipwrres0 at acpi0: PLPE
acpipwrres1 at acpi0: PLPE
acpipwrres2 at acpi0: USBC, resource for EHC1, OTG1
acpipwrres3 at acpi0: CLK0, resource for CAM1
acpipwrres4 at acpi0: CLK1, resource for CAM0, CAM2
acpitz0 at acpi0: critical temperature is 107 degC
acpicmos0 at acpi0
acpipci0 at acpi0 PCI0: 0x00000010 0x00000011 0x00000000
&quot;KIOX0095&quot; at acpi0 not configured
&quot;DMA0F28&quot; at acpi0 not configured
&quot;BCM2E1A&quot; at acpi0 not configured
&quot;BCM4752&quot; at acpi0 not configured
&quot;INTCF0B&quot; at acpi0 not configured
&quot;INTCF1A&quot; at acpi0 not configured
&quot;INTCF1C&quot; at acpi0 not configured
&quot;SMO91D0&quot; at acpi0 not configured
&quot;ATML1000&quot; at acpi0 not configured
&quot;ATML2000&quot; at acpi0 not configured
&quot;PNP0C14&quot; at acpi0 not configured
acpibtn0 at acpi0: LID0
acpibtn1 at acpi0: PBTN
acpibtn2 at acpi0: SBTN
acpiac0 at acpi0: AC unit online
acpibat0 at acpi0: BAT0 model &quot;DELL VVXTW53&quot; serial 667 type LION oem &quot;SMP&quot;
&quot;DELLABCE&quot; at acpi0 not configured
acpivideo0 at acpi0: GFX0
acpivout0 at acpivideo0: LCD_
cpu0: Enhanced SpeedStep 2167 MHz: speeds: 2159, 2158, 1992, 1826, 1660, 1494, 1328, 1162, 996, 830, 498 MHz
pci0 at mainbus0 bus 0
pchb0 at pci0 dev 0 function 0 &quot;Intel Bay Trail Host&quot; rev 0x0e
inteldrm0 at pci0 dev 2 function 0 &quot;Intel Bay Trail Video&quot; rev 0x0e
drm0 at inteldrm0
inteldrm0: msi
inteldrm0: 1366x768, 32bpp
wsdisplay0 at inteldrm0 mux 1: console (std, vt100 emulation)
wsdisplay0: screen 1-5 added (std, vt100 emulation)
ahci0 at pci0 dev 19 function 0 &quot;Intel Bay Trail AHCI&quot; rev 0x0e: msi, AHCI 1.3
ahci0: port 0: 3.0Gb/s
scsibus1 at ahci0: 32 targets
sd0 at scsibus1 targ 0 lun 0: &lt;ATA, KINGSTON SA400S3, SBFK&gt; SCSI3 0/direct fixed naa.50026b76826518f2
sd0: 228936MB, 512 bytes/sector, 468862128 sectors, thin
xhci0 at pci0 dev 20 function 0 &quot;Intel Bay Trail xHCI&quot; rev 0x0e: msi, xHCI 1.0
usb0 at xhci0: USB revision 3.0
uhub0 at usb0 configuration 1 interface 0 &quot;Intel xHCI root hub&quot; rev 3.00/1.00 addr 1
&quot;Intel Bay Trail TXE&quot; rev 0x0e at pci0 dev 26 function 0 not configured
azalia0 at pci0 dev 27 function 0 &quot;Intel Bay Trail HD Audio&quot; rev 0x0e: msi
azalia0: codecs: Realtek/0x0255, Intel/0x2882, using Realtek/0x0255
audio0 at azalia0
ppb0 at pci0 dev 28 function 0 &quot;Intel Bay Trail PCIE&quot; rev 0x0e: msi
pci1 at ppb0 bus 1
ppb1 at pci0 dev 28 function 1 &quot;Intel Bay Trail PCIE&quot; rev 0x0e: msi
pci2 at ppb1 bus 2
sdhc0 at pci2 dev 0 function 0 vendor &quot;O2 Micro&quot;, unknown product 0x8620 rev 0x01: apic 1 int 17
sdhc0: SDHC 4.0, 50 MHz base clock
sdmmc0 at sdhc0: 8-bit, sd high-speed, mmc high-speed, dma
ppb2 at pci0 dev 28 function 2 &quot;Intel Bay Trail PCIE&quot; rev 0x0e: msi
pci3 at ppb2 bus 3
iwm0 at pci3 dev 0 function 0 &quot;Intel Dual Band Wireless AC 7265&quot; rev 0x59, msi
ppb3 at pci0 dev 28 function 3 &quot;Intel Bay Trail PCIE&quot; rev 0x0e: msi
pci4 at ppb3 bus 4
re0 at pci4 dev 0 function 0 &quot;Realtek 8168&quot; rev 0x0c: RTL8168G/8111G (0x4c00), msi, address xx:xx:xx:xx:xx:xx
rgephy0 at re0 phy 7: RTL8251 PHY, rev. 0
pcib0 at pci0 dev 31 function 0 &quot;Intel Bay Trail LPC&quot; rev 0x0e
ichiic0 at pci0 dev 31 function 3 &quot;Intel Bay Trail SMBus&quot; rev 0x0e: apic 1 int 18
iic0 at ichiic0
iic0: addr 0x1d 0f=0b 10=cb 11=ff 12=02 14=f8 15=fb 16=ff 17=ff 18=01 1b=99 1c=09 1d=01 1e=58 40=0a 41=62 42=11 52=07 56=0a 5a=02 5b=01 60=0a 61=62 62=11 72=07 76=0a 7a=02 7b=01 8f=0b 90=be 91=ff 92=fc 94=ed 95=fb 96=ff 97=ff 98=01 9b=99 9c=09 9d=01 9e=58 c0=0a c1=62 c2=11 d2=07 d6=0a da=02 db=01 e0=0a e1=62 e2=11 f2=07 f6=0a fa=02 fb=01 words 00=0000 01=0000 02=0000 03=0000 04=0000 05=0000 06=0000 07=0000
spdmem0 at iic0 addr 0x50: 8GB DDR3 SDRAM PC3-12800 SO-DIMM
isa0 at pcib0
isadma0 at isa0
com0 at isa0 port 0x3f8/8 irq 4: ns16550a, 16 byte fifo
pckbc0 at isa0 port 0x60/5 irq 1 irq 12
pckbd0 at pckbc0 (kbd slot)
wskbd0 at pckbd0: console keyboard, using wsdisplay0
pms0 at pckbc0 (aux slot)
wsmouse0 at pms0 mux 0
pms0: Synaptics clickpad, firmware 8.1, 0x1e2b1 0x840300
pcppi0 at isa0 port 0x61
spkr0 at pcppi0
vmm0 at mainbus0: VMX/EPT (using slow L1TF mitigation)
efifb at mainbus0 not configured
uhidev0 at uhub0 port 1 configuration 1 interface 0 &quot;PixArt HP USB Optical Mouse&quot; rev 2.00/1.00 addr 2
uhidev0: iclass 3/1
ums0 at uhidev0: 3 buttons, Z dir
wsmouse1 at ums0 mux 0
uvideo0 at uhub0 port 4 configuration 1 interface 0 &quot;CN0FHKK772487535B3JAA00 Integrated_Webcam_HD&quot; rev 2.00/32.54 addr 3
video0 at uvideo0
vscsi0 at root
scsibus2 at vscsi0: 256 targets
softraid0 at root
scsibus3 at softraid0: 256 targets
sd1 at scsibus3 targ 1 lun 0: &lt;OPENBSD, SR CRYPTO, 006&gt; SCSI2 0/direct fixed
sd1: 220743MB, 512 bytes/sector, 452083568 sectors
root on sd1a (e8820543ca213f7b.a) swap on sd1b dump on sd1b
iwm0: hw rev 0x210, fw ver 16.242414.0, address xx:xx:xx:xx:xx:x

</pre>



</div><!-- content -->
<br />
<div id="footer">
All comments/news/posts are the property of their individual owner and
is presented without warranty of suitability, and solely as an
informational resource. <br />
This site Copyright &copy; 2004-2020 NYC*BUG.
</div><!-- footer -->

</body>
</html>

