



<!doctype html>
<html lang="en">
<head>
<meta name="keywords"
	content="bsd, freebsd, openbsd, netbsd, dragonflybsd, nycbug, dmesgd" />
<meta name="description" content="New York City BSD User Group dmesgd" />
<meta charset="utf-8" />
<meta name="viewport" content="width=device-width, initial-scale=1" />
<title>NYC*BUG dmesgd</title>
<style>
body {
	text-align: left;
	margin: 15px auto;
	padding: 0px 10px;
}
@media (min-width: 800px) {
	body {
		max-width: 85%;
	}
}
#header {
	border-bottom: 1px solid #dbdbdb;
	font-size: 230%;
	text-align: left;
}
#footer {
	border-top: 1px solid #dbdbdb;
	clear: both;
	text-align: left;
}
.logo_bug {
	color: #cc0033;
}
#menu ul {
	list-style-type: none;
	margin: 0;
	padding: 0;
}
#menu li {
	float: left;
}
#menu li a {
	display: block;
	background-color: #dbdbdb;
	color: #000000;
	font-size: 105%;
	font-weight: bold;
	padding: 0px 6px 0px 6px;
	text-decoration: none;
}
#content {
	clear: both;
	text-align: left;
	padding-top: 10px;
}
#content h1 {
	font-size: 120%;
	font-weight: bold;
}
#content h2 {
	font-size: 110%;
	font-weight: bold;
}
#content a {
	text-decoration: none;
}
#content pre {
	background-color: #dbdbdb;
	padding: 5px 5px 5px 5px;
	white-space: pre-wrap;		/* css-3 */
	white-space: -moz-pre-wrap;	/* Mozilla, since 1999 */
	white-space: -pre-wrap;		/* Opera 4-6 */
	white-space: -o-pre-wrap;	/* Opera 7 */
	word-wrap: break-word;		/* Internet Explorer 5.5+ */
}
#content table {
	border-collapse: collapse;
}
#content table th {
	border: 1px solid #dbdbdb;
	font-size: 85%;
	white-space: nowrap;
}
#content table td {
	border: 1px solid #dbdbdb;
	font-size: 80%;
}
#content input {
	font-size: 1em;
}
#content .full	{ width: 100%; }
#content .left	{ text-align: left; }
#content .right	{ text-align: right; }
#content .center { text-align: center; }
#content .flexbox {
	display: -ms-flex;
	display: -webkit-flex;
	display: flex;
	width: 100%;
}
#content .left_col {
	min-width: 75px;
	max-width: 50%;
	flex-grow: 0;
}
#content .right_col {
	flex-grow: 1;
	margin-left: 10px;
	padding-top: 10px;
	padding-left: 10px;
}
#col {
	-moz-column-count: 3;
	-webkit-column-count: 3;
	column-count: 3;
}
</style>
</head>
<body>

<div id="header">
<strong><em>NYC*</em><span class="logo_bug">BUG</span> dmesgd</strong>
</div><!-- header -->

<div id="menu">
<ul>
<li><a href="https://dmesgd.nycbug.org/index.cgi?do=index">Home</a></li>
<li><a href="https://dmesgd.nycbug.org/index.cgi?do=submit">Submit</a></li>
<li><a href="https://www.nycbug.org/">NYC*BUG</a></li>
</ul>
</div><!-- menu -->

<div id="content">

<p>
Launched in 2004, dmesgd aims to provide a
<strong>user-submitted</strong> repository of searchable *BSD dmesgs.
The dmesg(8) command displays the system message buffer's content, and
during boot a copy is saved to <em>/var/run/dmesg.boot</em>.  This buffer
contains the operating system release, name and version, a list of
devices identified, plus a whole host of other useful information.  We
hope others find this resource useful and further contribute to its
growth. Contact us at [ admin at lists dot nycbug dot org ].
</p>

<hr />


<strong>Date:</strong> <em>2019-04-27 11:14:17</em><br />
<strong>From:</strong> <em>Nihl</em><br />
<strong>Description:</strong> <em>OpenBSD 6.4 on a Gigabyte Brix (GB-BACE-3150)</em><br />

<pre>
OpenBSD 6.4 (GENERIC.MP) #9: Tue Mar 26 19:21:43 CET 2019
    xxx@xxx.xxx:/usr/src/sys/arch/amd64/compile/GENERIC.MP
real mem = 7956135936 (7587MB)
avail mem = 7705731072 (7348MB)
mpath0 at root
scsibus0 at mpath0: 256 targets
mainbus0 at root
bios0 at mainbus0: SMBIOS rev. 2.8 @ 0xebf40 (55 entries)
bios0: vendor American Megatrends Inc. version &quot;F3&quot; date 03/23/2016
bios0: GIGABYTE GB-BACE-3150
acpi0 at bios0: rev 2
acpi0: sleep states S0 S3 S4 S5
acpi0: tables DSDT FACP APIC FPDT FIDT MCFG SSDT SSDT SSDT UEFI LPIT CSRT
acpi0: wakeup devices XHC1(S4) HDEF(S4) PXSX(S4) RP01(S4) PXSX(S4) RP02(S4) PXSX(S4) RP03(S4) PXSX(S4) RP04(S4) BRC1(S0) PWRB(S4)
acpitimer0 at acpi0: 3579545 Hz, 24 bits
acpimadt0 at acpi0 addr 0xfee00000: PC-AT compat
cpu0 at mainbus0: apid 0 (boot processor)
cpu0: Intel(R) Celeron(R) CPU N3150 @ 1.60GHz, 1600.45 MHz, 06-4c-03
cpu0: FPU,VME,DE,PSE,TSC,MSR,PAE,MCE,CX8,APIC,SEP,MTRR,PGE,MCA,CMOV,PAT,PSE36,CFLUSH,DS,ACPI,MMX,FXSR,SSE,SSE2,SS,HTT,TM,PBE,SSE3,PCLMUL,DTES64,MWAIT,DS-CPL,VMX,EST,TM2,SSSE3,CX16,xTPR,PDCM,SSE4.1,SSE4.2,MOVBE,POPCNT,DEADLINE,AES,RDRAND,NXE,RDTSCP,LONG,LAHF,3DNOWP,PERF,ITSC,SMEP,ERMS,SENSOR,ARAT,MELTDOWN
cpu0: 1MB 64b/line 16-way L2 cache
cpu0: smt 0, core 0, package 0
mtrr: Pentium Pro MTRR support, 8 var ranges, 88 fixed ranges
cpu0: apic clock running at 80MHz
cpu0: mwait min=64, max=64, C-substates=0.2.0.0.0.0.3.3, IBE
cpu1 at mainbus0: apid 2 (application processor)
cpu1: Intel(R) Celeron(R) CPU N3150 @ 1.60GHz, 1600.00 MHz, 06-4c-03
cpu1: FPU,VME,DE,PSE,TSC,MSR,PAE,MCE,CX8,APIC,SEP,MTRR,PGE,MCA,CMOV,PAT,PSE36,CFLUSH,DS,ACPI,MMX,FXSR,SSE,SSE2,SS,HTT,TM,PBE,SSE3,PCLMUL,DTES64,MWAIT,DS-CPL,VMX,EST,TM2,SSSE3,CX16,xTPR,PDCM,SSE4.1,SSE4.2,MOVBE,POPCNT,DEADLINE,AES,RDRAND,NXE,RDTSCP,LONG,LAHF,3DNOWP,PERF,ITSC,SMEP,ERMS,SENSOR,ARAT,MELTDOWN
cpu1: 1MB 64b/line 16-way L2 cache
cpu1: smt 0, core 1, package 0
cpu2 at mainbus0: apid 4 (application processor)
cpu2: Intel(R) Celeron(R) CPU N3150 @ 1.60GHz, 1600.01 MHz, 06-4c-03
cpu2: FPU,VME,DE,PSE,TSC,MSR,PAE,MCE,CX8,APIC,SEP,MTRR,PGE,MCA,CMOV,PAT,PSE36,CFLUSH,DS,ACPI,MMX,FXSR,SSE,SSE2,SS,HTT,TM,PBE,SSE3,PCLMUL,DTES64,MWAIT,DS-CPL,VMX,EST,TM2,SSSE3,CX16,xTPR,PDCM,SSE4.1,SSE4.2,MOVBE,POPCNT,DEADLINE,AES,RDRAND,NXE,RDTSCP,LONG,LAHF,3DNOWP,PERF,ITSC,SMEP,ERMS,SENSOR,ARAT,MELTDOWN
cpu2: 1MB 64b/line 16-way L2 cache
cpu2: smt 0, core 2, package 0
cpu3 at mainbus0: apid 6 (application processor)
cpu3: Intel(R) Celeron(R) CPU N3150 @ 1.60GHz, 1600.01 MHz, 06-4c-03
cpu3: FPU,VME,DE,PSE,TSC,MSR,PAE,MCE,CX8,APIC,SEP,MTRR,PGE,MCA,CMOV,PAT,PSE36,CFLUSH,DS,ACPI,MMX,FXSR,SSE,SSE2,SS,HTT,TM,PBE,SSE3,PCLMUL,DTES64,MWAIT,DS-CPL,VMX,EST,TM2,SSSE3,CX16,xTPR,PDCM,SSE4.1,SSE4.2,MOVBE,POPCNT,DEADLINE,AES,RDRAND,NXE,RDTSCP,LONG,LAHF,3DNOWP,PERF,ITSC,SMEP,ERMS,SENSOR,ARAT,MELTDOWN
cpu3: 1MB 64b/line 16-way L2 cache
cpu3: smt 0, core 3, package 0
ioapic0 at mainbus0: apid 1 pa 0xfec00000, version 20, 115 pins
acpimcfg0 at acpi0
acpimcfg0: addr 0xe0000000, bus 0-255
acpiprt0 at acpi0: bus 0 (PCI0)
acpiprt1 at acpi0: bus 1 (RP01)
acpiprt2 at acpi0: bus 2 (RP02)
acpiprt3 at acpi0: bus -1 (RP03)
acpiprt4 at acpi0: bus 3 (RP04)
acpiec0 at acpi0: not present
acpicpu0 at acpi0: C3(10@1000 mwait.1@0x64), C2(10@500 mwait.1@0x58), C1(1000@1 mwait.1), PSS
acpicpu1 at acpi0: C3(10@1000 mwait.1@0x64), C2(10@500 mwait.1@0x58), C1(1000@1 mwait.1), PSS
acpicpu2 at acpi0: C3(10@1000 mwait.1@0x64), C2(10@500 mwait.1@0x58), C1(1000@1 mwait.1), PSS
acpicpu3 at acpi0: C3(10@1000 mwait.1@0x64), C2(10@500 mwait.1@0x58), C1(1000@1 mwait.1), PSS
acpipwrres0 at acpi0: CLK0, resource for CAMD
acpipwrres1 at acpi0: CLK0, resource for CAM1
acpipwrres2 at acpi0: CLK1, resource for CAM2, CAM3
acpipwrres3 at acpi0: USBC, resource for XHC1
chvgpio0 at acpi0: GPO2 uid 3 addr 0xfed90000/0x8000 irq 50, 24 pins
acpicmos0 at acpi0
sdhc0 at acpi0 SDHA addr 0x91517000/0x1000 irq 45
sdhc0: SDHC 3.0, 200 MHz base clock
sdmmc0 at sdhc0: 8-bit, sd high-speed, mmc high-speed, dma
&quot;BCM2E64&quot; at acpi0 not configured
&quot;BCM4752&quot; at acpi0 not configured
&quot;SMO91D0&quot; at acpi0 not configured
&quot;INT33F7&quot; at acpi0 not configured
&quot;INT33BE&quot; at acpi0 not configured
&quot;INTCF1C&quot; at acpi0 not configured
&quot;MSFT0002&quot; at acpi0 not configured
acpibtn0 at acpi0: PWRB
acpibtn1 at acpi0: SLPB
chvgpio1 at acpi0: GPO0 uid 1 addr 0xfed80000/0x8000 irq 49, 56 pins
chvgpio2 at acpi0: GPO1 uid 2 addr 0xfed88000/0x8000 irq 48, 59 pins
chvgpio3 at acpi0: GPO3 uid 4 addr 0xfed98000/0x8000 irq 91, 55 pins
&quot;ACPI000C&quot; at acpi0 not configured
acpivideo0 at acpi0: GFX0
cpu0: Enhanced SpeedStep 1600 MHz: speeds: 1601, 1600, 1520, 1440, 1360, 1280, 1200, 1120, 1040, 960, 880, 800, 720, 640, 560, 480 MHz
pci0 at mainbus0 bus 0
pchb0 at pci0 dev 0 function 0 &quot;Intel Braswell Host&quot; rev 0x21
inteldrm0 at pci0 dev 2 function 0 &quot;Intel HD Graphics&quot; rev 0x21
drm0 at inteldrm0
inteldrm0: msi
inteldrm0: 3840x2160, 32bpp
wsdisplay0 at inteldrm0 mux 1: console (std, vt100 emulation)
wsdisplay0: screen 1-5 added (std, vt100 emulation)
ahci0 at pci0 dev 19 function 0 &quot;Intel Braswell AHCI&quot; rev 0x21: msi, AHCI 1.3.1
ahci0: PHY offline on port 0
ahci0: port 1: 6.0Gb/s
scsibus1 at ahci0: 32 targets
sd0 at scsibus1 targ 1 lun 0: &lt;ATA, LDLC, KFS1&gt; SCSI3 0/direct fixed t10.ATA_LDLC_09022016A0251_
sd0: 122104MB, 512 bytes/sector, 250069680 sectors, thin
xhci0 at pci0 dev 20 function 0 &quot;Intel Braswell xHCI&quot; rev 0x21: msi, xHCI 1.0
usb0 at xhci0: USB revision 3.0
uhub0 at usb0 configuration 1 interface 0 &quot;Intel xHCI root hub&quot; rev 3.00/1.00 addr 1
&quot;Intel Braswell TXE&quot; rev 0x21 at pci0 dev 26 function 0 not configured
azalia0 at pci0 dev 27 function 0 &quot;Intel Braswell HD Audio&quot; rev 0x21: msi
azalia0: codecs: Realtek/0x0255, Intel/0x2883, using Realtek/0x0255
audio0 at azalia0
ppb0 at pci0 dev 28 function 0 &quot;Intel Braswell PCIE&quot; rev 0x21: msi
pci1 at ppb0 bus 1
rtsx0 at pci1 dev 0 function 0 &quot;Realtek RTS522A Card Reader&quot; rev 0x01: msi
sdmmc1 at rtsx0: 4-bit, dma
ppb1 at pci0 dev 28 function 1 &quot;Intel Braswell PCIE&quot; rev 0x21: msi
pci2 at ppb1 bus 2
iwm0 at pci2 dev 0 function 0 &quot;Intel Dual Band Wireless AC 3160&quot; rev 0x83, msi
ppb2 at pci0 dev 28 function 3 &quot;Intel Braswell PCIE&quot; rev 0x21: msi
pci3 at ppb2 bus 3
re0 at pci3 dev 0 function 0 &quot;Realtek 8168&quot; rev 0x15: RTL8168H/8111H (0x5400), msi, address xx:xx:xx:xx:xx:xx
rgephy0 at re0 phy 7: RTL8251 PHY, rev. 0
pcib0 at pci0 dev 31 function 0 &quot;Intel Braswell PCU LPC&quot; rev 0x21
ichiic0 at pci0 dev 31 function 3 &quot;Intel Braswell SMBus&quot; rev 0x21: apic 1 int 18
iic0 at ichiic0
spdmem0 at iic0 addr 0x50: 8GB DDR3 SDRAM PC3-12800 SO-DIMM
isa0 at pcib0
isadma0 at isa0
com1 at isa0 port 0x2f8/8 irq 3: ns16550a, 16 byte fifo
pckbc0 at isa0 port 0x60/5 irq 1 irq 12
pckbd0 at pckbc0 (kbd slot)
wskbd0 at pckbd0: console keyboard, using wsdisplay0
pms0 at pckbc0 (aux slot)
wsmouse0 at pms0 mux 0
pcppi0 at isa0 port 0x61
spkr0 at pcppi0
lpt0 at isa0 port 0x378/4 irq 7
wbsio0 at isa0 port 0x2e/2: NCT6776F rev 0x33
lm1 at wbsio0 port 0xa10/8: NCT6776F
vmm0 at mainbus0: VMX/EPT (using slow L1TF mitigation)
efifb at mainbus0 not configured
sdmmc0: can't enable card
uhub1 at uhub0 port 1 configuration 1 interface 0 &quot;Action Star USB2.0 Hub&quot; rev 2.00/1.06 addr 2
uhidev0 at uhub1 port 1 configuration 1 interface 0 &quot;Action Star USB HID&quot; rev 2.00/6.05 addr 3
uhidev0: iclass 3/1, 3 report ids
uhid0 at uhidev0 reportid 3: input=7, output=7, feature=0
uhidev1 at uhub1 port 3 configuration 1 interface 0 &quot;Holtek USB Keyboard&quot; rev 1.10/1.17 addr 4
uhidev1: iclass 3/1
ukbd0 at uhidev1: 8 variable keys, 6 key codes
wskbd1 at ukbd0 mux 1
wskbd1: connecting to wsdisplay0
uhidev2 at uhub1 port 3 configuration 1 interface 1 &quot;Holtek USB Keyboard&quot; rev 1.10/1.17 addr 4
uhidev2: iclass 3/0
uhid1 at uhidev2: input=64, output=64, feature=0
uhidev3 at uhub1 port 3 configuration 1 interface 2 &quot;Holtek USB Keyboard&quot; rev 1.10/1.17 addr 4
uhidev3: iclass 3/0, 4 report ids
uhid2 at uhidev3 reportid 1: input=1, output=0, feature=0
uhid3 at uhidev3 reportid 2: input=4, output=0, feature=0
ums0 at uhidev3 reportid 3: 3 buttons, Z dir
wsmouse1 at ums0 mux 0
ukbd1 at uhidev3 reportid 4: no usable key codes array
uhidev4 at uhub1 port 4 configuration 1 interface 0 &quot;Logitech G700s Rechargeable Gaming Mouse&quot; rev 2.00/85.00 addr 5
uhidev4: iclass 3/1
ums1 at uhidev4: 16 buttons, Z and W dir
wsmouse2 at ums1 mux 0
uhidev5 at uhub1 port 4 configuration 1 interface 1 &quot;Logitech G700s Rechargeable Gaming Mouse&quot; rev 2.00/85.00 addr 5
uhidev5: iclass 3/0, 17 report ids
ukbd2 at uhidev5 reportid 1: 8 variable keys, 6 key codes
wskbd2 at ukbd2 mux 1
wskbd2: connecting to wsdisplay0
uhid4 at uhidev5 reportid 3: input=4, output=0, feature=0
uhid5 at uhidev5 reportid 16: input=6, output=6, feature=0
uhid6 at uhidev5 reportid 17: input=19, output=19, feature=0
ugen0 at uhub0 port 5 &quot;Intel product 0x07dc&quot; rev 2.00/0.01 addr 6
vscsi0 at root
scsibus2 at vscsi0: 256 targets
softraid0 at root
scsibus3 at softraid0: 256 targets
sd1 at scsibus3 targ 1 lun 0: &lt;OPENBSD, SR CRYPTO, 006&gt; SCSI2 0/direct fixed
sd1: 122103MB, 512 bytes/sector, 250068065 sectors
root on sd1a (df7400c024ddc33d.a) swap on sd1b dump on sd1b
iwm0: hw rev 0x160, fw ver 16.242414.0, address xx:xx:xx:xx:xx:xx
</pre>



</div><!-- content -->
<br />
<div id="footer">
All comments/news/posts are the property of their individual owner and
is presented without warranty of suitability, and solely as an
informational resource. <br />
This site Copyright &copy; 2004-2020 NYC*BUG.
</div><!-- footer -->

</body>
</html>

