



<!doctype html>
<html lang="en">
<head>
<meta name="keywords"
	content="bsd, freebsd, openbsd, netbsd, dragonflybsd, nycbug, dmesgd" />
<meta name="description" content="New York City BSD User Group dmesgd" />
<meta charset="utf-8" />
<meta name="viewport" content="width=device-width, initial-scale=1" />
<title>NYC*BUG dmesgd</title>
<style>
body {
	text-align: left;
	margin: 15px auto;
	padding: 0px 10px;
}
@media (min-width: 800px) {
	body {
		max-width: 85%;
	}
}
#header {
	border-bottom: 1px solid #dbdbdb;
	font-size: 230%;
	text-align: left;
}
#footer {
	border-top: 1px solid #dbdbdb;
	clear: both;
	text-align: left;
}
.logo_bug {
	color: #cc0033;
}
#menu ul {
	list-style-type: none;
	margin: 0;
	padding: 0;
}
#menu li {
	float: left;
}
#menu li a {
	display: block;
	background-color: #dbdbdb;
	color: #000000;
	font-size: 105%;
	font-weight: bold;
	padding: 0px 6px 0px 6px;
	text-decoration: none;
}
#content {
	clear: both;
	text-align: left;
	padding-top: 10px;
}
#content h1 {
	font-size: 120%;
	font-weight: bold;
}
#content h2 {
	font-size: 110%;
	font-weight: bold;
}
#content a {
	text-decoration: none;
}
#content pre {
	background-color: #dbdbdb;
	padding: 5px 5px 5px 5px;
	white-space: pre-wrap;		/* css-3 */
	white-space: -moz-pre-wrap;	/* Mozilla, since 1999 */
	white-space: -pre-wrap;		/* Opera 4-6 */
	white-space: -o-pre-wrap;	/* Opera 7 */
	word-wrap: break-word;		/* Internet Explorer 5.5+ */
}
#content table {
	border-collapse: collapse;
}
#content table th {
	border: 1px solid #dbdbdb;
	font-size: 85%;
	white-space: nowrap;
}
#content table td {
	border: 1px solid #dbdbdb;
	font-size: 80%;
}
#content input {
	font-size: 1em;
}
#content .full	{ width: 100%; }
#content .left	{ text-align: left; }
#content .right	{ text-align: right; }
#content .center { text-align: center; }
#content .flexbox {
	display: -ms-flex;
	display: -webkit-flex;
	display: flex;
	width: 100%;
}
#content .left_col {
	min-width: 75px;
	max-width: 50%;
	flex-grow: 0;
}
#content .right_col {
	flex-grow: 1;
	margin-left: 10px;
	padding-top: 10px;
	padding-left: 10px;
}
#col {
	-moz-column-count: 3;
	-webkit-column-count: 3;
	column-count: 3;
}
</style>
</head>
<body>

<div id="header">
<strong><em>NYC*</em><span class="logo_bug">BUG</span> dmesgd</strong>
</div><!-- header -->

<div id="menu">
<ul>
<li><a href="https://dmesgd.nycbug.org/index.cgi?do=index">Home</a></li>
<li><a href="https://dmesgd.nycbug.org/index.cgi?do=submit">Submit</a></li>
<li><a href="https://www.nycbug.org/">NYC*BUG</a></li>
</ul>
</div><!-- menu -->

<div id="content">

<p>
Launched in 2004, dmesgd aims to provide a
<strong>user-submitted</strong> repository of searchable *BSD dmesgs.
The dmesg(8) command displays the system message buffer's content, and
during boot a copy is saved to <em>/var/run/dmesg.boot</em>.  This buffer
contains the operating system release, name and version, a list of
devices identified, plus a whole host of other useful information.  We
hope others find this resource useful and further contribute to its
growth. Contact us at [ admin at lists dot nycbug dot org ].
</p>

<hr />


<strong>Date:</strong> <em>2019-05-01 01:44:15</em><br />
<strong>From:</strong> <em>nacelle</em><br />
<strong>Description:</strong> <em>protectli FW4A with E3845 and 8GB ram</em><br />

<pre>
OpenBSD 6.4 (GENERIC.MP) #3: Thu Dec 20 19:19:32 CET 2018
    xxx@xxx.xxx:/usr/src/sys/arch/amd64/compile/GENERIC.MP
real mem = 8459956224 (8068MB)
avail mem = 8194289664 (7814MB)
mpath0 at root
scsibus0 at mpath0: 256 targets
mainbus0 at root
bios0 at mainbus0: SMBIOS rev. 3.0 @ 0xecd50 (51 entries)
bios0: vendor American Megatrends Inc. version &quot;5.6.5&quot; date 08/03/2018
bios0: Protectli FW4A
acpi0 at bios0: rev 2
acpi0: sleep states S0 S5
acpi0: tables DSDT FACP APIC FPDT FIDT LPIT MCFG HPET SSDT SSDT SSDT UEFI CSRT SPCR
acpi0: wakeup devices XHC1(S4) PXSX(S4) RP01(S4) PXSX(S4) RP02(S4) PXSX(S4) RP03(S4) PXSX(S4) RP04(S4)
acpitimer0 at acpi0: 3579545 Hz, 24 bits
acpimadt0 at acpi0 addr 0xfee00000: PC-AT compat
cpu0 at mainbus0: apid 0 (boot processor)
cpu0: Intel(R) Atom(TM) CPU E3845 @ 1.91GHz, 1917.09 MHz, 06-37-09
cpu0: FPU,VME,DE,PSE,TSC,MSR,PAE,MCE,CX8,APIC,SEP,MTRR,PGE,MCA,CMOV,PAT,PSE36,CFLUSH,DS,ACPI,MMX,FXSR,SSE,SSE2,SS,HTT,TM,PBE,SSE3,PCLMUL,DTES64,MWAIT,DS-CPL,VMX,EST,TM2,SSSE3,CX16,xTPR,PDCM,SSE4.1,SSE4.2,MOVBE,POPCNT,DEADLINE,AES,RDRAND,NXE,RDTSCP,LONG,LAHF,3DNOWP,PERF,ITSC,SMEP,ERMS,IBRS,IBPB,STIBP,SENSOR,ARAT,MELTDOWN
cpu0: 1MB 64b/line 16-way L2 cache
cpu0: smt 0, core 0, package 0
mtrr: Pentium Pro MTRR support, 8 var ranges, 88 fixed ranges
cpu0: apic clock running at 83MHz
cpu0: mwait min=64, max=64, C-substates=0.2.0.0.0.0.3, IBE
cpu1 at mainbus0: apid 2 (application processor)
cpu1: Intel(R) Atom(TM) CPU E3845 @ 1.91GHz, 1916.67 MHz, 06-37-09
cpu1: FPU,VME,DE,PSE,TSC,MSR,PAE,MCE,CX8,APIC,SEP,MTRR,PGE,MCA,CMOV,PAT,PSE36,CFLUSH,DS,ACPI,MMX,FXSR,SSE,SSE2,SS,HTT,TM,PBE,SSE3,PCLMUL,DTES64,MWAIT,DS-CPL,VMX,EST,TM2,SSSE3,CX16,xTPR,PDCM,SSE4.1,SSE4.2,MOVBE,POPCNT,DEADLINE,AES,RDRAND,NXE,RDTSCP,LONG,LAHF,3DNOWP,PERF,ITSC,SMEP,ERMS,IBRS,IBPB,STIBP,SENSOR,ARAT,MELTDOWN
cpu1: 1MB 64b/line 16-way L2 cache
cpu1: smt 0, core 1, package 0
cpu2 at mainbus0: apid 4 (application processor)
cpu2: Intel(R) Atom(TM) CPU E3845 @ 1.91GHz, 1916.67 MHz, 06-37-09
cpu2: FPU,VME,DE,PSE,TSC,MSR,PAE,MCE,CX8,APIC,SEP,MTRR,PGE,MCA,CMOV,PAT,PSE36,CFLUSH,DS,ACPI,MMX,FXSR,SSE,SSE2,SS,HTT,TM,PBE,SSE3,PCLMUL,DTES64,MWAIT,DS-CPL,VMX,EST,TM2,SSSE3,CX16,xTPR,PDCM,SSE4.1,SSE4.2,MOVBE,POPCNT,DEADLINE,AES,RDRAND,NXE,RDTSCP,LONG,LAHF,3DNOWP,PERF,ITSC,SMEP,ERMS,IBRS,IBPB,STIBP,SENSOR,ARAT,MELTDOWN
cpu2: 1MB 64b/line 16-way L2 cache
cpu2: smt 0, core 2, package 0
cpu3 at mainbus0: apid 6 (application processor)
cpu3: Intel(R) Atom(TM) CPU E3845 @ 1.91GHz, 1916.67 MHz, 06-37-09
cpu3: FPU,VME,DE,PSE,TSC,MSR,PAE,MCE,CX8,APIC,SEP,MTRR,PGE,MCA,CMOV,PAT,PSE36,CFLUSH,DS,ACPI,MMX,FXSR,SSE,SSE2,SS,HTT,TM,PBE,SSE3,PCLMUL,DTES64,MWAIT,DS-CPL,VMX,EST,TM2,SSSE3,CX16,xTPR,PDCM,SSE4.1,SSE4.2,MOVBE,POPCNT,DEADLINE,AES,RDRAND,NXE,RDTSCP,LONG,LAHF,3DNOWP,PERF,ITSC,SMEP,ERMS,IBRS,IBPB,STIBP,SENSOR,ARAT,MELTDOWN
cpu3: 1MB 64b/line 16-way L2 cache
cpu3: smt 0, core 3, package 0
ioapic0 at mainbus0: apid 1 pa 0xfec00000, version 20, 87 pins
acpimcfg0 at acpi0
acpimcfg0: addr 0xe0000000, bus 0-255
acpihpet0 at acpi0: 14318179 Hz
acpiprt0 at acpi0: bus 0 (PCI0)
acpiprt1 at acpi0: bus 1 (RP01)
acpiprt2 at acpi0: bus 2 (RP02)
acpiprt3 at acpi0: bus 3 (RP03)
acpiprt4 at acpi0: bus 4 (RP04)
acpiec0 at acpi0: not present
acpicpu0 at acpi0: C3(10@1500 mwait.1@0x52), C2(10@500 mwait.1@0x51), C1(1000@1 mwait.1), PSS
acpicpu1 at acpi0: C3(10@1500 mwait.1@0x52), C2(10@500 mwait.1@0x51), C1(1000@1 mwait.1), PSS
acpicpu2 at acpi0: C3(10@1500 mwait.1@0x52), C2(10@500 mwait.1@0x51), C1(1000@1 mwait.1), PSS
acpicpu3 at acpi0: C3(10@1500 mwait.1@0x52), C2(10@500 mwait.1@0x51), C1(1000@1 mwait.1), PSS
acpipwrres0 at acpi0: PLPE
acpipwrres1 at acpi0: PLPE
acpipwrres2 at acpi0: USBC, resource for EHC1, OTG1
acpicmos0 at acpi0
&quot;DMA0F28&quot; at acpi0 not configured
acpibtn0 at acpi0: SLPB
&quot;INT33BD&quot; at acpi0 not configured
acpivideo0 at acpi0: GFX0
acpivout0 at acpivideo0: DD1F
cpu0: Enhanced SpeedStep 1917 MHz: speeds: 1909, 1743, 1577, 1411, 1245, 1079, 913, 747, 498 MHz
pci0 at mainbus0 bus 0
pchb0 at pci0 dev 0 function 0 &quot;Intel Bay Trail Host&quot; rev 0x11
inteldrm0 at pci0 dev 2 function 0 &quot;Intel Bay Trail Video&quot; rev 0x11
drm0 at inteldrm0
inteldrm0: msi
inteldrm0: 1024x768, 32bpp
wsdisplay0 at inteldrm0 mux 1: console (std, vt100 emulation)
wsdisplay0: screen 1-5 added (std, vt100 emulation)
ahci0 at pci0 dev 19 function 0 &quot;Intel Bay Trail AHCI&quot; rev 0x11: msi, AHCI 1.3
ahci0: port 0: 3.0Gb/s
scsibus1 at ahci0: 32 targets
sd0 at scsibus1 targ 0 lun 0: &lt;ATA, SERIALREMOVED, P122&gt; SCSI3 0/direct fixed serialremoved
sd0: 30533MB, 512 bytes/sector, 62533296 sectors, thin
xhci0 at pci0 dev 20 function 0 &quot;Intel Bay Trail xHCI&quot; rev 0x11: msi, xHCI 1.0
usb0 at xhci0: USB revision 3.0
uhub0 at usb0 configuration 1 interface 0 &quot;Intel xHCI root hub&quot; rev 3.00/1.00 addr 1
&quot;Intel Bay Trail TXE&quot; rev 0x11 at pci0 dev 26 function 0 not configured
ppb0 at pci0 dev 28 function 0 &quot;Intel Bay Trail PCIE&quot; rev 0x11: msi
pci1 at ppb0 bus 1
em0 at pci1 dev 0 function 0 &quot;Intel 82583V&quot; rev 0x00: msi, address xx:xx:xx:xx:xx:xx
ppb1 at pci0 dev 28 function 1 &quot;Intel Bay Trail PCIE&quot; rev 0x11: msi
pci2 at ppb1 bus 2
em1 at pci2 dev 0 function 0 &quot;Intel 82583V&quot; rev 0x00: msi, address xx:xx:xx:xx:xx:xx
ppb2 at pci0 dev 28 function 2 &quot;Intel Bay Trail PCIE&quot; rev 0x11: msi
pci3 at ppb2 bus 3
em2 at pci3 dev 0 function 0 &quot;Intel 82583V&quot; rev 0x00: msi, address xx:xx:xx:xx:xx:xx
ppb3 at pci0 dev 28 function 3 &quot;Intel Bay Trail PCIE&quot; rev 0x11: msi
pci4 at ppb3 bus 4
em3 at pci4 dev 0 function 0 &quot;Intel 82583V&quot; rev 0x00: msi, address xx:xx:xx:xx:xx:xx
pcib0 at pci0 dev 31 function 0 &quot;Intel Bay Trail LPC&quot; rev 0x11
ichiic0 at pci0 dev 31 function 3 &quot;Intel Bay Trail SMBus&quot; rev 0x11: apic 1 int 18
iic0 at ichiic0
spdmem0 at iic0 addr 0x50: 8GB DDR3 SDRAM PC3-12800 SO-DIMM
isa0 at pcib0
isadma0 at isa0
com0 at isa0 port 0x3f8/8 irq 4: ns16550a, 16 byte fifo
pcppi0 at isa0 port 0x61
spkr0 at pcppi0
it0 at isa0 port 0x2e/2: IT8772F rev 1, EC port 0x290
vmm0 at mainbus0: VMX/EPT (using slow L1TF mitigation)
vscsi0 at root
scsibus2 at vscsi0: 256 targets
softraid0 at root
scsibus3 at softraid0: 256 targets
root on sd0a (serialremoved) swap on sd0b dump on sd0b

</pre>



</div><!-- content -->
<br />
<div id="footer">
All comments/news/posts are the property of their individual owner and
is presented without warranty of suitability, and solely as an
informational resource. <br />
This site Copyright &copy; 2004-2020 NYC*BUG.
</div><!-- footer -->

</body>
</html>

