



<!doctype html>
<html lang="en">
<head>
<meta name="keywords"
	content="bsd, freebsd, openbsd, netbsd, dragonflybsd, nycbug, dmesgd" />
<meta name="description" content="New York City BSD User Group dmesgd" />
<meta charset="utf-8" />
<meta name="viewport" content="width=device-width, initial-scale=1" />
<title>NYC*BUG dmesgd</title>
<style>
body {
	text-align: left;
	margin: 15px auto;
	padding: 0px 10px;
}
@media (min-width: 800px) {
	body {
		max-width: 85%;
	}
}
#header {
	border-bottom: 1px solid #dbdbdb;
	font-size: 230%;
	text-align: left;
}
#footer {
	border-top: 1px solid #dbdbdb;
	clear: both;
	text-align: left;
}
.logo_bug {
	color: #cc0033;
}
#menu ul {
	list-style-type: none;
	margin: 0;
	padding: 0;
}
#menu li {
	float: left;
}
#menu li a {
	display: block;
	background-color: #dbdbdb;
	color: #000000;
	font-size: 105%;
	font-weight: bold;
	padding: 0px 6px 0px 6px;
	text-decoration: none;
}
#content {
	clear: both;
	text-align: left;
	padding-top: 10px;
}
#content h1 {
	font-size: 120%;
	font-weight: bold;
}
#content h2 {
	font-size: 110%;
	font-weight: bold;
}
#content a {
	text-decoration: none;
}
#content pre {
	background-color: #dbdbdb;
	padding: 5px 5px 5px 5px;
	white-space: pre-wrap;		/* css-3 */
	white-space: -moz-pre-wrap;	/* Mozilla, since 1999 */
	white-space: -pre-wrap;		/* Opera 4-6 */
	white-space: -o-pre-wrap;	/* Opera 7 */
	word-wrap: break-word;		/* Internet Explorer 5.5+ */
}
#content table {
	border-collapse: collapse;
}
#content table th {
	border: 1px solid #dbdbdb;
	font-size: 85%;
	white-space: nowrap;
}
#content table td {
	border: 1px solid #dbdbdb;
	font-size: 80%;
}
#content input {
	font-size: 1em;
}
#content .full	{ width: 100%; }
#content .left	{ text-align: left; }
#content .right	{ text-align: right; }
#content .center { text-align: center; }
#content .flexbox {
	display: -ms-flex;
	display: -webkit-flex;
	display: flex;
	width: 100%;
}
#content .left_col {
	min-width: 75px;
	max-width: 50%;
	flex-grow: 0;
}
#content .right_col {
	flex-grow: 1;
	margin-left: 10px;
	padding-top: 10px;
	padding-left: 10px;
}
#col {
	-moz-column-count: 3;
	-webkit-column-count: 3;
	column-count: 3;
}
</style>
</head>
<body>

<div id="header">
<strong><em>NYC*</em><span class="logo_bug">BUG</span> dmesgd</strong>
</div><!-- header -->

<div id="menu">
<ul>
<li><a href="https://dmesgd.nycbug.org/index.cgi?do=index">Home</a></li>
<li><a href="https://dmesgd.nycbug.org/index.cgi?do=submit">Submit</a></li>
<li><a href="https://www.nycbug.org/">NYC*BUG</a></li>
</ul>
</div><!-- menu -->

<div id="content">

<p>
Launched in 2004, dmesgd aims to provide a
<strong>user-submitted</strong> repository of searchable *BSD dmesgs.
The dmesg(8) command displays the system message buffer's content, and
during boot a copy is saved to <em>/var/run/dmesg.boot</em>.  This buffer
contains the operating system release, name and version, a list of
devices identified, plus a whole host of other useful information.  We
hope others find this resource useful and further contribute to its
growth. Contact us at [ admin at lists dot nycbug dot org ].
</p>

<hr />


<strong>Date:</strong> <em>2019-05-01 09:56:24</em><br />
<strong>From:</strong> <em>jage</em><br />
<strong>Description:</strong> <em>Supermicro X10SDV-TLN4F (w/ NVMe SSD)</em><br />

<pre>
OpenBSD 6.5 (GENERIC.MP) #3: Sat Apr 13 14:48:43 MDT 2019
    xxx@xxx.xxx:/usr/src/sys/arch/amd64/compile/GENERIC.MP
real mem = 8465768448 (8073MB)
avail mem = 8199565312 (7819MB)
mpath0 at root
scsibus0 at mpath0: 256 targets
mainbus0 at root
bios0 at mainbus0: SMBIOS rev. 2.8 @ 0xed9b0 (39 entries)
bios0: vendor American Megatrends Inc. version &quot;1.2c&quot; date 09/19/2017
bios0: Supermicro X10SDV-TLN4F
acpi0 at bios0: rev 2
acpi0: sleep states S0 S4 S5
acpi0: tables DSDT FACP APIC FPDT FIDT SPMI MCFG UEFI DBG2 HPET WDDT SSDT SSDT SSDT PRAD DMAR HEST BERT ERST EINJ
acpi0: wakeup devices IP2P(S4) EHC1(S4) EHC2(S4) RP01(S4) RP02(S4) RP03(S4) RP04(S4) RP05(S4) RP06(S4) RP07(S4) RP08(S4) BR1A(S4) BR1B(S4) BR2A(S4) BR2B(S4) BR2C(S4) [...]
acpitimer0 at acpi0: 3579545 Hz, 24 bits
acpimadt0 at acpi0 addr 0xfee00000: PC-AT compat
cpu0 at mainbus0: apid 0 (boot processor)
cpu0: Intel(R) Xeon(R) CPU D-1541 @ 2.10GHz, 2100.33 MHz, 06-56-03
cpu0: FPU,VME,DE,PSE,TSC,MSR,PAE,MCE,CX8,APIC,SEP,MTRR,PGE,MCA,CMOV,PAT,PSE36,CFLUSH,DS,ACPI,MMX,FXSR,SSE,SSE2,SS,HTT,TM,PBE,SSE3,PCLMUL,DTES64,MWAIT,DS-CPL,VMX,SMX,EST,TM2,SSSE3,SDBG,FMA3,CX16,xTPR,PDCM,PCID,DCA,SSE4.1,SSE4.2,x2APIC,MOVBE,POPCNT,DEADLINE,AES,XSAVE,AVX,F16C,RDRAND,NXE,PAGE1GB,RDTSCP,LONG,LAHF,ABM,3DNOWP,PERF,ITSC,FSGSBASE,BMI1,HLE,AVX2,SMEP,BMI2,ERMS,INVPCID,RTM,PQM,RDSEED,ADX,SMAP,PT,IBRS,IBPB,STIBP,L1DF,SSBD,SENSOR,ARAT,XSAVEOPT,MELTDOWN
cpu0: 256KB 64b/line 8-way L2 cache
cpu0: smt 0, core 0, package 0
mtrr: Pentium Pro MTRR support, 10 var ranges, 88 fixed ranges
cpu0: apic clock running at 100MHz
cpu0: mwait min=64, max=64, C-substates=0.2.1.2, IBE
cpu1 at mainbus0: apid 2 (application processor)
cpu1: Intel(R) Xeon(R) CPU D-1541 @ 2.10GHz, 2100.01 MHz, 06-56-03
cpu1: FPU,VME,DE,PSE,TSC,MSR,PAE,MCE,CX8,APIC,SEP,MTRR,PGE,MCA,CMOV,PAT,PSE36,CFLUSH,DS,ACPI,MMX,FXSR,SSE,SSE2,SS,HTT,TM,PBE,SSE3,PCLMUL,DTES64,MWAIT,DS-CPL,VMX,SMX,EST,TM2,SSSE3,SDBG,FMA3,CX16,xTPR,PDCM,PCID,DCA,SSE4.1,SSE4.2,x2APIC,MOVBE,POPCNT,DEADLINE,AES,XSAVE,AVX,F16C,RDRAND,NXE,PAGE1GB,RDTSCP,LONG,LAHF,ABM,3DNOWP,PERF,ITSC,FSGSBASE,BMI1,HLE,AVX2,SMEP,BMI2,ERMS,INVPCID,RTM,PQM,RDSEED,ADX,SMAP,PT,IBRS,IBPB,STIBP,L1DF,SSBD,SENSOR,ARAT,XSAVEOPT,MELTDOWN
cpu1: 256KB 64b/line 8-way L2 cache
cpu1: smt 0, core 1, package 0
cpu2 at mainbus0: apid 4 (application processor)
cpu2: Intel(R) Xeon(R) CPU D-1541 @ 2.10GHz, 2100.01 MHz, 06-56-03
cpu2: FPU,VME,DE,PSE,TSC,MSR,PAE,MCE,CX8,APIC,SEP,MTRR,PGE,MCA,CMOV,PAT,PSE36,CFLUSH,DS,ACPI,MMX,FXSR,SSE,SSE2,SS,HTT,TM,PBE,SSE3,PCLMUL,DTES64,MWAIT,DS-CPL,VMX,SMX,EST,TM2,SSSE3,SDBG,FMA3,CX16,xTPR,PDCM,PCID,DCA,SSE4.1,SSE4.2,x2APIC,MOVBE,POPCNT,DEADLINE,AES,XSAVE,AVX,F16C,RDRAND,NXE,PAGE1GB,RDTSCP,LONG,LAHF,ABM,3DNOWP,PERF,ITSC,FSGSBASE,BMI1,HLE,AVX2,SMEP,BMI2,ERMS,INVPCID,RTM,PQM,RDSEED,ADX,SMAP,PT,IBRS,IBPB,STIBP,L1DF,SSBD,SENSOR,ARAT,XSAVEOPT,MELTDOWN
cpu2: 256KB 64b/line 8-way L2 cache
cpu2: smt 0, core 2, package 0
cpu3 at mainbus0: apid 6 (application processor)
cpu3: Intel(R) Xeon(R) CPU D-1541 @ 2.10GHz, 2100.01 MHz, 06-56-03
cpu3: FPU,VME,DE,PSE,TSC,MSR,PAE,MCE,CX8,APIC,SEP,MTRR,PGE,MCA,CMOV,PAT,PSE36,CFLUSH,DS,ACPI,MMX,FXSR,SSE,SSE2,SS,HTT,TM,PBE,SSE3,PCLMUL,DTES64,MWAIT,DS-CPL,VMX,SMX,EST,TM2,SSSE3,SDBG,FMA3,CX16,xTPR,PDCM,PCID,DCA,SSE4.1,SSE4.2,x2APIC,MOVBE,POPCNT,DEADLINE,AES,XSAVE,AVX,F16C,RDRAND,NXE,PAGE1GB,RDTSCP,LONG,LAHF,ABM,3DNOWP,PERF,ITSC,FSGSBASE,BMI1,HLE,AVX2,SMEP,BMI2,ERMS,INVPCID,RTM,PQM,RDSEED,ADX,SMAP,PT,IBRS,IBPB,STIBP,L1DF,SSBD,SENSOR,ARAT,XSAVEOPT,MELTDOWN
cpu3: 256KB 64b/line 8-way L2 cache
cpu3: smt 0, core 3, package 0
cpu4 at mainbus0: apid 8 (application processor)
cpu4: Intel(R) Xeon(R) CPU D-1541 @ 2.10GHz, 2100.01 MHz, 06-56-03
cpu4: FPU,VME,DE,PSE,TSC,MSR,PAE,MCE,CX8,APIC,SEP,MTRR,PGE,MCA,CMOV,PAT,PSE36,CFLUSH,DS,ACPI,MMX,FXSR,SSE,SSE2,SS,HTT,TM,PBE,SSE3,PCLMUL,DTES64,MWAIT,DS-CPL,VMX,SMX,EST,TM2,SSSE3,SDBG,FMA3,CX16,xTPR,PDCM,PCID,DCA,SSE4.1,SSE4.2,x2APIC,MOVBE,POPCNT,DEADLINE,AES,XSAVE,AVX,F16C,RDRAND,NXE,PAGE1GB,RDTSCP,LONG,LAHF,ABM,3DNOWP,PERF,ITSC,FSGSBASE,BMI1,HLE,AVX2,SMEP,BMI2,ERMS,INVPCID,RTM,PQM,RDSEED,ADX,SMAP,PT,IBRS,IBPB,STIBP,L1DF,SSBD,SENSOR,ARAT,XSAVEOPT,MELTDOWN
cpu4: 256KB 64b/line 8-way L2 cache
cpu4: smt 0, core 4, package 0
cpu5 at mainbus0: apid 10 (application processor)
cpu5: Intel(R) Xeon(R) CPU D-1541 @ 2.10GHz, 2100.01 MHz, 06-56-03
cpu5: FPU,VME,DE,PSE,TSC,MSR,PAE,MCE,CX8,APIC,SEP,MTRR,PGE,MCA,CMOV,PAT,PSE36,CFLUSH,DS,ACPI,MMX,FXSR,SSE,SSE2,SS,HTT,TM,PBE,SSE3,PCLMUL,DTES64,MWAIT,DS-CPL,VMX,SMX,EST,TM2,SSSE3,SDBG,FMA3,CX16,xTPR,PDCM,PCID,DCA,SSE4.1,SSE4.2,x2APIC,MOVBE,POPCNT,DEADLINE,AES,XSAVE,AVX,F16C,RDRAND,NXE,PAGE1GB,RDTSCP,LONG,LAHF,ABM,3DNOWP,PERF,ITSC,FSGSBASE,BMI1,HLE,AVX2,SMEP,BMI2,ERMS,INVPCID,RTM,PQM,RDSEED,ADX,SMAP,PT,IBRS,IBPB,STIBP,L1DF,SSBD,SENSOR,ARAT,XSAVEOPT,MELTDOWN
cpu5: 256KB 64b/line 8-way L2 cache
cpu5: smt 0, core 5, package 0
cpu6 at mainbus0: apid 12 (application processor)
cpu6: Intel(R) Xeon(R) CPU D-1541 @ 2.10GHz, 2100.01 MHz, 06-56-03
cpu6: FPU,VME,DE,PSE,TSC,MSR,PAE,MCE,CX8,APIC,SEP,MTRR,PGE,MCA,CMOV,PAT,PSE36,CFLUSH,DS,ACPI,MMX,FXSR,SSE,SSE2,SS,HTT,TM,PBE,SSE3,PCLMUL,DTES64,MWAIT,DS-CPL,VMX,SMX,EST,TM2,SSSE3,SDBG,FMA3,CX16,xTPR,PDCM,PCID,DCA,SSE4.1,SSE4.2,x2APIC,MOVBE,POPCNT,DEADLINE,AES,XSAVE,AVX,F16C,RDRAND,NXE,PAGE1GB,RDTSCP,LONG,LAHF,ABM,3DNOWP,PERF,ITSC,FSGSBASE,BMI1,HLE,AVX2,SMEP,BMI2,ERMS,INVPCID,RTM,PQM,RDSEED,ADX,SMAP,PT,IBRS,IBPB,STIBP,L1DF,SSBD,SENSOR,ARAT,XSAVEOPT,MELTDOWN
cpu6: 256KB 64b/line 8-way L2 cache
cpu6: smt 0, core 6, package 0
cpu7 at mainbus0: apid 14 (application processor)
cpu7: Intel(R) Xeon(R) CPU D-1541 @ 2.10GHz, 2100.01 MHz, 06-56-03
cpu7: FPU,VME,DE,PSE,TSC,MSR,PAE,MCE,CX8,APIC,SEP,MTRR,PGE,MCA,CMOV,PAT,PSE36,CFLUSH,DS,ACPI,MMX,FXSR,SSE,SSE2,SS,HTT,TM,PBE,SSE3,PCLMUL,DTES64,MWAIT,DS-CPL,VMX,SMX,EST,TM2,SSSE3,SDBG,FMA3,CX16,xTPR,PDCM,PCID,DCA,SSE4.1,SSE4.2,x2APIC,MOVBE,POPCNT,DEADLINE,AES,XSAVE,AVX,F16C,RDRAND,NXE,PAGE1GB,RDTSCP,LONG,LAHF,ABM,3DNOWP,PERF,ITSC,FSGSBASE,BMI1,HLE,AVX2,SMEP,BMI2,ERMS,INVPCID,RTM,PQM,RDSEED,ADX,SMAP,PT,IBRS,IBPB,STIBP,L1DF,SSBD,SENSOR,ARAT,XSAVEOPT,MELTDOWN
cpu7: 256KB 64b/line 8-way L2 cache
cpu7: smt 0, core 7, package 0
ioapic0 at mainbus0: apid 8 pa 0xfec00000, version 20, 24 pins
acpimcfg0 at acpi0
acpimcfg0: addr 0x80000000, bus 0-255
acpihpet0 at acpi0: 14318179 Hz
acpiprt0 at acpi0: bus 255 (UNC0)
acpiprt1 at acpi0: bus 0 (PCI0)
acpiprt2 at acpi0: bus 5 (RP01)
acpiprt3 at acpi0: bus 6 (RP05)
acpiprt4 at acpi0: bus 7 (BR38)
acpiprt5 at acpi0: bus 1 (BR1A)
acpiprt6 at acpi0: bus 3 (BR2C)
acpiprt7 at acpi0: bus 4 (BR3A)
acpicpu0 at acpi0: C1(1000@1 halt), PSS
acpicpu1 at acpi0: C1(1000@1 halt), PSS
acpicpu2 at acpi0: C1(1000@1 halt), PSS
acpicpu3 at acpi0: C1(1000@1 halt), PSS
acpicpu4 at acpi0: C1(1000@1 halt), PSS
acpicpu5 at acpi0: C1(1000@1 halt), PSS
acpicpu6 at acpi0: C1(1000@1 halt), PSS
acpicpu7 at acpi0: C1(1000@1 halt), PSS
acpipci0 at acpi0 UNC0: 0x00000010 0x00000011 0x00000000
&quot;ACPI0004&quot; at acpi0 not configured
&quot;ACPI0007&quot; at acpi0 not configured
&quot;ACPI0007&quot; at acpi0 not configured
&quot;ACPI0007&quot; at acpi0 not configured
&quot;ACPI0007&quot; at acpi0 not configured
&quot;ACPI0007&quot; at acpi0 not configured
&quot;ACPI0007&quot; at acpi0 not configured
&quot;ACPI0007&quot; at acpi0 not configured
&quot;ACPI0007&quot; at acpi0 not configured
&quot;PNP0C33&quot; at acpi0 not configured
&quot;PNP0C14&quot; at acpi0 not configured
acpipci1 at acpi0 PCI0: 0x00000010 0x00000011 0x00000000
&quot;PNP0003&quot; at acpi0 not configured
&quot;PNP0C14&quot; at acpi0 not configured
acpicmos0 at acpi0
&quot;IPI0001&quot; at acpi0 not configured
acpibtn0 at acpi0: PWRB
ipmi at mainbus0 not configured
cpu0: Enhanced SpeedStep 2100 MHz: speeds: 2101, 2100, 2000, 1900, 1800, 1700, 1600, 1500, 1400, 1300, 1200, 1100, 1000, 900, 800 MHz
pci0 at mainbus0 bus 0
pchb0 at pci0 dev 0 function 0 &quot;Intel Xeon-D Host&quot; rev 0x03
ppb0 at pci0 dev 1 function 0 &quot;Intel Xeon-D PCIE&quot; rev 0x03: msi
pci1 at ppb0 bus 1
nvme0 at pci1 dev 0 function 0 &quot;Samsung SM981/PM981 NVMe&quot; rev 0x00: msi, NVMe 1.3
nvme0: Samsung SSD 970 EVO Plus 1TB, firmware 1B2QEXM7, serial S4EWNG0M106091Y
scsibus1 at nvme0: 1 targets
sd0 at scsibus1 targ 0 lun 0: &lt;NVMe, Samsung SSD 970, 1B2Q&gt; SCSI4 0/direct fixed
sd0: 953869MB, 512 bytes/sector, 1953525168 sectors
ppb1 at pci0 dev 2 function 0 &quot;Intel Xeon-D PCIE&quot; rev 0x03
pci2 at ppb1 bus 2
&quot;Intel Xeon-D QuickData&quot; rev 0x00 at pci2 dev 0 function 0 not configured
&quot;Intel Xeon-D QuickData&quot; rev 0x00 at pci2 dev 0 function 1 not configured
&quot;Intel Xeon-D QuickData&quot; rev 0x00 at pci2 dev 0 function 2 not configured
&quot;Intel Xeon-D QuickData&quot; rev 0x00 at pci2 dev 0 function 3 not configured
ppb2 at pci0 dev 2 function 2 &quot;Intel Xeon-D PCIE&quot; rev 0x03
pci3 at ppb2 bus 3
ix0 at pci3 dev 0 function 0 &quot;Intel X552/X557-AT&quot; rev 0x00: msi, address xx:xx:xx:xx:xx:xx
ix1 at pci3 dev 0 function 1 &quot;Intel X552/X557-AT&quot; rev 0x00: msi, address xx:xx:xx:xx:xx:xx
ppb3 at pci0 dev 3 function 0 &quot;Intel Xeon-D PCIE&quot; rev 0x03: msi
pci4 at ppb3 bus 4
&quot;Intel Xeon-D Address Map&quot; rev 0x03 at pci0 dev 5 function 0 not configured
&quot;Intel Xeon-D Hot Plug&quot; rev 0x03 at pci0 dev 5 function 1 not configured
&quot;Intel Xeon-D RAS&quot; rev 0x03 at pci0 dev 5 function 2 not configured
xhci0 at pci0 dev 20 function 0 &quot;Intel 8 Series xHCI&quot; rev 0x05: msi, xHCI 1.0
usb0 at xhci0: USB revision 3.0
uhub0 at usb0 configuration 1 interface 0 &quot;Intel xHCI root hub&quot; rev 3.00/1.00 addr 1
&quot;Intel 8 Series MEI&quot; rev 0x04 at pci0 dev 22 function 0 not configured
&quot;Intel 8 Series MEI&quot; rev 0x04 at pci0 dev 22 function 1 not configured
ehci0 at pci0 dev 26 function 0 &quot;Intel 8 Series USB&quot; rev 0x05: apic 8 int 18
usb1 at ehci0: USB revision 2.0
uhub1 at usb1 configuration 1 interface 0 &quot;Intel EHCI root hub&quot; rev 2.00/1.00 addr 1
ppb4 at pci0 dev 28 function 0 &quot;Intel 8 Series PCIE&quot; rev 0xd5: msi
pci5 at ppb4 bus 5
em0 at pci5 dev 0 function 0 &quot;Intel I350&quot; rev 0x01: msi, address xx:xx:xx:xx:xx:xx
em1 at pci5 dev 0 function 1 &quot;Intel I350&quot; rev 0x01: msi, address xx:xx:xx:xx:xx:xx
ppb5 at pci0 dev 28 function 4 &quot;Intel 8 Series PCIE&quot; rev 0xd5: msi
pci6 at ppb5 bus 6
ppb6 at pci6 dev 0 function 0 &quot;ASPEED Technology AST1150 PCI&quot; rev 0x03
pci7 at ppb6 bus 7
vga1 at pci7 dev 0 function 0 &quot;ASPEED Technology AST2000&quot; rev 0x30
wsdisplay0 at vga1 mux 1: console (80x25, vt100 emulation)
wsdisplay0: screen 1-5 added (80x25, vt100 emulation)
ehci1 at pci0 dev 29 function 0 &quot;Intel 8 Series USB&quot; rev 0x05: apic 8 int 18
usb2 at ehci1: USB revision 2.0
uhub2 at usb2 configuration 1 interface 0 &quot;Intel EHCI root hub&quot; rev 2.00/1.00 addr 1
pcib0 at pci0 dev 31 function 0 &quot;Intel C224 LPC&quot; rev 0x05
ahci0 at pci0 dev 31 function 2 &quot;Intel 8 Series AHCI&quot; rev 0x05: msi, AHCI 1.3
ahci0: port 0: 6.0Gb/s
ahci0: port 1: 6.0Gb/s
ahci0: port 3: 6.0Gb/s
scsibus2 at ahci0: 32 targets
sd1 at scsibus2 targ 0 lun 0: &lt;ATA, SuperMicro SSD, SOB2&gt; SCSI3 0/direct fixed naa.515d91116d000974
sd1: 120832MB, 512 bytes/sector, 247463936 sectors, thin
sd2 at scsibus2 targ 1 lun 0: &lt;ATA, ST10000VX0004-1Z, AV01&gt; SCSI3 0/direct fixed naa.5000c500b15e7087
sd2: 9537536MB, 512 bytes/sector, 19532873728 sectors
sd3 at scsibus2 targ 3 lun 0: &lt;ATA, WDC WD4003FZEX-0, 01.0&gt; SCSI3 0/direct fixed naa.50014ee2b37877db
sd3: 3815447MB, 512 bytes/sector, 7814037168 sectors
ichiic0 at pci0 dev 31 function 3 &quot;Intel 8 Series SMBus&quot; rev 0x05: apic 8 int 18
iic0 at ichiic0
&quot;Intel 8 Series Thermal&quot; rev 0x05 at pci0 dev 31 function 6 not configured
isa0 at pcib0
isadma0 at isa0
com0 at isa0 port 0x3f8/8 irq 4: ns16550a, 16 byte fifo
com1 at isa0 port 0x2f8/8 irq 3: ns16550a, 16 byte fifo
pckbc0 at isa0 port 0x60/5 irq 1 irq 12
pcppi0 at isa0 port 0x61
spkr0 at pcppi0
pci8 at mainbus0 bus 255
&quot;Intel Xeon-D QPI Link&quot; rev 0x03 at pci8 dev 11 function 0 not configured
&quot;Intel Xeon-D QPI Link&quot; rev 0x03 at pci8 dev 11 function 1 not configured
&quot;Intel Xeon-D QPI Link&quot; rev 0x03 at pci8 dev 11 function 2 not configured
&quot;Intel Xeon-D QPI Debug&quot; rev 0x03 at pci8 dev 11 function 3 not configured
&quot;Intel Xeon-D Cache&quot; rev 0x03 at pci8 dev 12 function 0 not configured
&quot;Intel Xeon-D Cache&quot; rev 0x03 at pci8 dev 12 function 1 not configured
&quot;Intel Xeon-D Cache&quot; rev 0x03 at pci8 dev 12 function 2 not configured
&quot;Intel Xeon-D Cache&quot; rev 0x03 at pci8 dev 12 function 3 not configured
&quot;Intel E5 v4 Cache&quot; rev 0x03 at pci8 dev 12 function 4 not configured
&quot;Intel E5 v4 Cache&quot; rev 0x03 at pci8 dev 12 function 5 not configured
vendor &quot;Intel&quot;, unknown product 0x6fe6 (class system subclass miscellaneous, rev 0x03) at pci8 dev 12 function 6 not configured
vendor &quot;Intel&quot;, unknown product 0x6fe7 (class system subclass miscellaneous, rev 0x03) at pci8 dev 12 function 7 not configured
&quot;Intel Xeon-D Cache&quot; rev 0x03 at pci8 dev 15 function 0 not configured
&quot;Intel Xeon-D Cache&quot; rev 0x03 at pci8 dev 15 function 4 not configured
&quot;Intel Xeon-D Cache&quot; rev 0x03 at pci8 dev 15 function 5 not configured
&quot;Intel Xeon-D Cache&quot; rev 0x03 at pci8 dev 15 function 6 not configured
&quot;Intel Xeon-D PCIE&quot; rev 0x03 at pci8 dev 16 function 0 not configured
&quot;Intel E5 v4 R2PCIe Agent&quot; rev 0x03 at pci8 dev 16 function 1 not configured
&quot;Intel Xeon-D Ubox&quot; rev 0x03 at pci8 dev 16 function 5 not configured
&quot;Intel Xeon-D Ubox&quot; rev 0x03 at pci8 dev 16 function 6 not configured
&quot;Intel Xeon-D Ubox&quot; rev 0x03 at pci8 dev 16 function 7 not configured
&quot;Intel Xeon-D Home Agent&quot; rev 0x03 at pci8 dev 18 function 0 not configured
&quot;Intel Xeon-D Home Agent&quot; rev 0x03 at pci8 dev 18 function 1 not configured
&quot;Intel Xeon-D Memory&quot; rev 0x03 at pci8 dev 19 function 0 not configured
&quot;Intel Xeon-D Memory&quot; rev 0x03 at pci8 dev 19 function 1 not configured
&quot;Intel Xeon-D Memory&quot; rev 0x03 at pci8 dev 19 function 2 not configured
&quot;Intel Xeon-D Memory&quot; rev 0x03 at pci8 dev 19 function 3 not configured
&quot;Intel Xeon-D Memory&quot; rev 0x03 at pci8 dev 19 function 4 not configured
&quot;Intel Xeon-D Memory&quot; rev 0x03 at pci8 dev 19 function 5 not configured
&quot;Intel Xeon-D Memory&quot; rev 0x03 at pci8 dev 19 function 6 not configured
&quot;Intel Xeon-D Memory&quot; rev 0x03 at pci8 dev 19 function 7 not configured
&quot;Intel Xeon-D Memory&quot; rev 0x03 at pci8 dev 20 function 0 not configured
&quot;Intel Xeon-D Memory&quot; rev 0x03 at pci8 dev 20 function 1 not configured
&quot;Intel Xeon-D Memory&quot; rev 0x03 at pci8 dev 20 function 2 not configured
&quot;Intel Xeon-D Memory&quot; rev 0x03 at pci8 dev 20 function 3 not configured
&quot;Intel Xeon-D Memory&quot; rev 0x03 at pci8 dev 20 function 4 not configured
&quot;Intel Xeon-D Memory&quot; rev 0x03 at pci8 dev 20 function 5 not configured
&quot;Intel Xeon-D Memory&quot; rev 0x03 at pci8 dev 20 function 6 not configured
&quot;Intel Xeon-D Memory&quot; rev 0x03 at pci8 dev 20 function 7 not configured
&quot;Intel Xeon-D Memory&quot; rev 0x03 at pci8 dev 21 function 0 not configured
&quot;Intel Xeon-D Memory&quot; rev 0x03 at pci8 dev 21 function 1 not configured
&quot;Intel Xeon-D Memory&quot; rev 0x03 at pci8 dev 21 function 2 not configured
&quot;Intel Xeon-D Memory&quot; rev 0x03 at pci8 dev 21 function 3 not configured
&quot;Intel Xeon-D PCU&quot; rev 0x03 at pci8 dev 30 function 0 not configured
&quot;Intel Xeon-D PCU&quot; rev 0x03 at pci8 dev 30 function 1 not configured
&quot;Intel Xeon-D PCU&quot; rev 0x03 at pci8 dev 30 function 2 not configured
&quot;Intel Xeon-D PCU&quot; rev 0x03 at pci8 dev 30 function 3 not configured
&quot;Intel Xeon-D PCU&quot; rev 0x03 at pci8 dev 30 function 4 not configured
&quot;Intel Xeon-D PCU&quot; rev 0x03 at pci8 dev 31 function 0 not configured
&quot;Intel Xeon-D PCU&quot; rev 0x03 at pci8 dev 31 function 2 not configured
vmm0 at mainbus0: VMX/EPT
uhub3 at uhub0 port 3 configuration 1 interface 0 &quot;Genesys Logic USB2.0 Hub&quot; rev 2.00/32.98 addr 2
uhub4 at uhub0 port 4 configuration 1 interface 0 &quot;ATEN International product 0x7000&quot; rev 2.00/0.00 addr 3
uhidev0 at uhub4 port 1 configuration 1 interface 0 &quot;ATEN International product 0x2419&quot; rev 1.10/1.00 addr 4
uhidev0: iclass 3/1
ukbd0 at uhidev0: 8 variable keys, 6 key codes
wskbd0 at ukbd0: console keyboard, using wsdisplay0
uhidev1 at uhub4 port 1 configuration 1 interface 1 &quot;ATEN International product 0x2419&quot; rev 1.10/1.00 addr 4
uhidev1: iclass 3/1
ums0 at uhidev1: 3 buttons, Z dir
wsmouse0 at ums0 mux 0
uhub5 at uhub1 port 1 configuration 1 interface 0 &quot;Intel Rate Matching Hub&quot; rev 2.00/0.05 addr 2
uhub6 at uhub2 port 1 configuration 1 interface 0 &quot;Intel Rate Matching Hub&quot; rev 2.00/0.05 addr 2
vscsi0 at root
scsibus3 at vscsi0: 256 targets
softraid0 at root
scsibus4 at softraid0: 256 targets
root on sd1a (90e1591c3906a738.a) swap on sd1b dump on sd1b
</pre>



</div><!-- content -->
<br />
<div id="footer">
All comments/news/posts are the property of their individual owner and
is presented without warranty of suitability, and solely as an
informational resource. <br />
This site Copyright &copy; 2004-2020 NYC*BUG.
</div><!-- footer -->

</body>
</html>

