



<!doctype html>
<html lang="en">
<head>
<meta name="keywords"
	content="bsd, freebsd, openbsd, netbsd, dragonflybsd, nycbug, dmesgd" />
<meta name="description" content="New York City BSD User Group dmesgd" />
<meta charset="utf-8" />
<meta name="viewport" content="width=device-width, initial-scale=1" />
<title>NYC*BUG dmesgd</title>
<style>
body {
	text-align: left;
	margin: 15px auto;
	padding: 0px 10px;
}
@media (min-width: 800px) {
	body {
		max-width: 85%;
	}
}
#header {
	border-bottom: 1px solid #dbdbdb;
	font-size: 230%;
	text-align: left;
}
#footer {
	border-top: 1px solid #dbdbdb;
	clear: both;
	text-align: left;
}
.logo_bug {
	color: #cc0033;
}
#menu ul {
	list-style-type: none;
	margin: 0;
	padding: 0;
}
#menu li {
	float: left;
}
#menu li a {
	display: block;
	background-color: #dbdbdb;
	color: #000000;
	font-size: 105%;
	font-weight: bold;
	padding: 0px 6px 0px 6px;
	text-decoration: none;
}
#content {
	clear: both;
	text-align: left;
	padding-top: 10px;
}
#content h1 {
	font-size: 120%;
	font-weight: bold;
}
#content h2 {
	font-size: 110%;
	font-weight: bold;
}
#content a {
	text-decoration: none;
}
#content pre {
	background-color: #dbdbdb;
	padding: 5px 5px 5px 5px;
	white-space: pre-wrap;		/* css-3 */
	white-space: -moz-pre-wrap;	/* Mozilla, since 1999 */
	white-space: -pre-wrap;		/* Opera 4-6 */
	white-space: -o-pre-wrap;	/* Opera 7 */
	word-wrap: break-word;		/* Internet Explorer 5.5+ */
}
#content table {
	border-collapse: collapse;
}
#content table th {
	border: 1px solid #dbdbdb;
	font-size: 85%;
	white-space: nowrap;
}
#content table td {
	border: 1px solid #dbdbdb;
	font-size: 80%;
}
#content input {
	font-size: 1em;
}
#content .full	{ width: 100%; }
#content .left	{ text-align: left; }
#content .right	{ text-align: right; }
#content .center { text-align: center; }
#content .flexbox {
	display: -ms-flex;
	display: -webkit-flex;
	display: flex;
	width: 100%;
}
#content .left_col {
	min-width: 75px;
	max-width: 50%;
	flex-grow: 0;
}
#content .right_col {
	flex-grow: 1;
	margin-left: 10px;
	padding-top: 10px;
	padding-left: 10px;
}
#col {
	-moz-column-count: 3;
	-webkit-column-count: 3;
	column-count: 3;
}
</style>
</head>
<body>

<div id="header">
<strong><em>NYC*</em><span class="logo_bug">BUG</span> dmesgd</strong>
</div><!-- header -->

<div id="menu">
<ul>
<li><a href="https://dmesgd.nycbug.org/index.cgi?do=index">Home</a></li>
<li><a href="https://dmesgd.nycbug.org/index.cgi?do=submit">Submit</a></li>
<li><a href="https://www.nycbug.org/">NYC*BUG</a></li>
</ul>
</div><!-- menu -->

<div id="content">

<p>
Launched in 2004, dmesgd aims to provide a
<strong>user-submitted</strong> repository of searchable *BSD dmesgs.
The dmesg(8) command displays the system message buffer's content, and
during boot a copy is saved to <em>/var/run/dmesg.boot</em>.  This buffer
contains the operating system release, name and version, a list of
devices identified, plus a whole host of other useful information.  We
hope others find this resource useful and further contribute to its
growth. Contact us at [ admin at lists dot nycbug dot org ].
</p>

<hr />


<strong>Date:</strong> <em>2019-05-03 22:32:59</em><br />
<strong>From:</strong> <em>nullnilaki</em><br />
<strong>Description:</strong> <em>OpenBSD/sgi 6.5 on silicon graphics O2 plus</em><br />

<pre>
&gt; boot
40432+2592 entry: 0x80010120

OpenBSD/sgi-IP32 ARCBios boot version 1.9
arg 0: scsi(0)disk(1)rdisk(0)partition(8)/boot
arg 1: ConsoleIn=serial(0)
arg 2: ConsoleOut=serial(0)
arg 3: SystemPartition=scsi(0)disk(1)rdisk(0)partition(8)
arg 4: OSLoader=boot
arg 5: OSLoadPartition=scsi(0)disk(1)rdisk(0)partition(0)
arg 6: OSLoadFilename=/bsd
arg 7: OSLoadOptions=auto
Boot: scsi(0)disk(1)rdisk(0)partition(0)/bsd
6676776+654776 [117+88+394104+245402]=0x0
ARCS32 Firmware Version 1.10
Found SGI-IP32, setting up.
Initial setup done, switching console.
[ using 640488 bytes of bsd ELF symbol table ]
Copyright (c) 1982, 1986, 1989, 1991, 1993
	The Regents of the University of California.  All rights reserved.
Copyright (c) 1995-2019 OpenBSD. All rights reserved.  https://www.OpenBSD.org

OpenBSD 6.5 (GENERIC-IP32) #5: Sun Apr 14 12:32:27 MDT 2019
    xxx@xxx.xxx:/usr/src/sys/arch/sgi/compile/GENERIC-IP32
real mem = 671088640 (640MB)
rsvd mem = 7020544 (7MB)
avail mem = 632619008 (603MB)
mainbus0 at root: O2
cpu0 at mainbus0: PMC-Sierra RM52X0 CPU rev 10.0 300 MHz, RM52X0 FPC rev 10.0
cpu0: cache L1-I 32KB D 32KB 2 way, L2 1024KB direct
clock0 at mainbus0: int 5
macebus0 at mainbus0: crime rev 10.1
com0 at macebus0 base 0x00390000 irq 4: ns16550a, 16 byte fifo
com0: console
com1 at macebus0 base 0x00398000 irq 4: ns16550a, 16 byte fifo
dsrtc0 at macebus0 base 0x003a0000: DS1687
macepcibr0 at macebus0 base 0x00080000 irq 7: mace rev 1
pci0 at macepcibr0 bus 0
ahc0 at pci0 dev 1 function 0 &quot;Adaptec AIC-7880&quot; rev 0x00: irq 8
ahc0: Host Adapter Bios disabled.  Using default SCSI device parameters
scsibus0 at ahc0: 16 targets, initiator 7
sd0 at scsibus0 targ 1 lun 0: &lt;IBM, DNES-318350Y, SA30&gt; SCSI3 0/direct fixed serial.IBM_DNES-318350Y_AKLR3235
sd0: 17501MB, 512 bytes/sector, 35843670 sectors
cd0 at scsibus0 targ 4 lun 0: &lt;TOSHIBA, DVD-ROM SD-M1401, 1F09&gt; SCSI2 5/cdrom removable
ahc1 at pci0 dev 2 function 0 &quot;Adaptec AIC-7880&quot; rev 0x00: irq 9
ahc1: Host Adapter Bios disabled.  Using default SCSI device parameters
scsibus1 at ahc1: 16 targets, initiator 7
mavb0 at macebus0 base 0x00300000 irq 6: AD1843 rev 1
audio0 at mavb0
mec0 at macebus0 base 0x00280000 irq 3: MAC-110 rev 1, address xx:xx:xx:xx:xx:xx
nsphy0 at mec0 phy 8: DP83840 10/100 PHY, rev. 1
mkbc0 at macebus0 base 0x00320000 irq 5
power0 at macebus0 irq 5
gbe0 at mainbus0: device has not been setup by firmware!
vscsi0 at root
scsibus2 at vscsi0: 256 targets
softraid0 at root
scsibus3 at softraid0: 256 targets
ahc0: target 1 using 16bit transfers
ahc0: target 1 synchronous at 20.0MHz, offset = 0x8
ahc0: target 1 using 16bit transfers
ahc0: target 1 synchronous at 20.0MHz, offset = 0x8
boot device: sd0
root on sd0a (9ed89d8bae400e9b.a) swap on sd0b dump on sd0b
ahc0: target 1 using 16bit transfers
ahc0: target 1 synchronous at 20.0MHz, offset = 0x8
ahc0: target 1 using 16bit transfers
ahc0: target 1 synchronous at 20.0MHz, offset = 0x8
ahc0: target 1 using 16bit transfers
ahc0: target 1 synchronous at 20.0MHz, offset = 0x8
Automatic boot in progress: starting file system checks.
/dev/sd0a (9ed89d8bae400e9b.a): file system is clean; not checking
pf enabled
starting network
reordering libraries: done.
openssl: generating isakmpd/iked RSA keys... done.
ssh-keygen: generating new host keys: RSA DSA ECDSA ED25519 
starting early daemons: syslogd pflogd ntpd.
starting RPC daemons:.
savecore: no core dump
checking quotas: done.
clearing /tmp
kern.securelevel: 0 -&gt; 1
creating runtime link editor directory cache.
preserving editor files.
starting network daemons: sshd smtpd sndiod.
running rc.firsttime
Path to firmware: http://firmware.openbsd.org/firmware/6.5/
No devices found which need firmware files to be downloaded.
starting local daemons: cron.
Sat May  4 07:25:26 JST 2019

OpenBSD/sgi (o2plus.my.domain) (console)

</pre>



</div><!-- content -->
<br />
<div id="footer">
All comments/news/posts are the property of their individual owner and
is presented without warranty of suitability, and solely as an
informational resource. <br />
This site Copyright &copy; 2004-2020 NYC*BUG.
</div><!-- footer -->

</body>
</html>

