



<!doctype html>
<html lang="en">
<head>
<meta name="keywords"
	content="bsd, freebsd, openbsd, netbsd, dragonflybsd, nycbug, dmesgd" />
<meta name="description" content="New York City BSD User Group dmesgd" />
<meta charset="utf-8" />
<meta name="viewport" content="width=device-width, initial-scale=1" />
<title>NYC*BUG dmesgd</title>
<style>
body {
	text-align: left;
	margin: 15px auto;
	padding: 0px 10px;
}
@media (min-width: 800px) {
	body {
		max-width: 85%;
	}
}
#header {
	border-bottom: 1px solid #dbdbdb;
	font-size: 230%;
	text-align: left;
}
#footer {
	border-top: 1px solid #dbdbdb;
	clear: both;
	text-align: left;
}
.logo_bug {
	color: #cc0033;
}
#menu ul {
	list-style-type: none;
	margin: 0;
	padding: 0;
}
#menu li {
	float: left;
}
#menu li a {
	display: block;
	background-color: #dbdbdb;
	color: #000000;
	font-size: 105%;
	font-weight: bold;
	padding: 0px 6px 0px 6px;
	text-decoration: none;
}
#content {
	clear: both;
	text-align: left;
	padding-top: 10px;
}
#content h1 {
	font-size: 120%;
	font-weight: bold;
}
#content h2 {
	font-size: 110%;
	font-weight: bold;
}
#content a {
	text-decoration: none;
}
#content pre {
	background-color: #dbdbdb;
	padding: 5px 5px 5px 5px;
	white-space: pre-wrap;		/* css-3 */
	white-space: -moz-pre-wrap;	/* Mozilla, since 1999 */
	white-space: -pre-wrap;		/* Opera 4-6 */
	white-space: -o-pre-wrap;	/* Opera 7 */
	word-wrap: break-word;		/* Internet Explorer 5.5+ */
}
#content table {
	border-collapse: collapse;
}
#content table th {
	border: 1px solid #dbdbdb;
	font-size: 85%;
	white-space: nowrap;
}
#content table td {
	border: 1px solid #dbdbdb;
	font-size: 80%;
}
#content input {
	font-size: 1em;
}
#content .full	{ width: 100%; }
#content .left	{ text-align: left; }
#content .right	{ text-align: right; }
#content .center { text-align: center; }
#content .flexbox {
	display: -ms-flex;
	display: -webkit-flex;
	display: flex;
	width: 100%;
}
#content .left_col {
	min-width: 75px;
	max-width: 50%;
	flex-grow: 0;
}
#content .right_col {
	flex-grow: 1;
	margin-left: 10px;
	padding-top: 10px;
	padding-left: 10px;
}
#col {
	-moz-column-count: 3;
	-webkit-column-count: 3;
	column-count: 3;
}
</style>
</head>
<body>

<div id="header">
<strong><em>NYC*</em><span class="logo_bug">BUG</span> dmesgd</strong>
</div><!-- header -->

<div id="menu">
<ul>
<li><a href="https://dmesgd.nycbug.org/index.cgi?do=index">Home</a></li>
<li><a href="https://dmesgd.nycbug.org/index.cgi?do=submit">Submit</a></li>
<li><a href="https://www.nycbug.org/">NYC*BUG</a></li>
</ul>
</div><!-- menu -->

<div id="content">

<p>
Launched in 2004, dmesgd aims to provide a
<strong>user-submitted</strong> repository of searchable *BSD dmesgs.
The dmesg(8) command displays the system message buffer's content, and
during boot a copy is saved to <em>/var/run/dmesg.boot</em>.  This buffer
contains the operating system release, name and version, a list of
devices identified, plus a whole host of other useful information.  We
hope others find this resource useful and further contribute to its
growth. Contact us at [ admin at lists dot nycbug dot org ].
</p>

<hr />


<strong>Date:</strong> <em>2019-05-18 19:22:56</em><br />
<strong>From:</strong> <em>mini</em><br />
<strong>Description:</strong> <em>Mac mini 2006 intel core duo  A1176</em><br />

<pre>
OpenBSD 6.5 (GENERIC.MP) #1356: Sat Apr 13 15:16:41 MDT 2019
    xxx@xxx.xxx:/usr/src/sys/arch/i386/compile/GENERIC.MP
real mem  = 2114293760 (2016MB)
avail mem = 2060394496 (1964MB)
mpath0 at root
scsibus0 at mpath0: 256 targets
mainbus0 at root
bios0 at mainbus0: date 07/29/05, SMBIOS rev. 2.4 @ 0xe73f0 (39 entries)
bios0: vendor Apple Computer, Inc. version &quot;MM11.88Z.0055.B08.0610121326&quot; date 10/12/06
bios0: Apple Computer, Inc. Macmini1,1
acpi0 at bios0: rev 2
acpi0: sleep states S0 S3 S4 S5
acpi0: tables DSDT FACP HPET APIC MCFG ASF! SBST ECDT SSDT SSDT SSDT
acpi0: wakeup devices PXS1(S4) PXS2(S4) USB1(S3) USB2(S3) USB3(S3) USB4(S3) USB7(S3)
acpitimer0 at acpi0: 3579545 Hz, 24 bits
acpihpet0 at acpi0: 14318179 Hz
acpimadt0 at acpi0 addr 0xfee00000: PC-AT compat
cpu0 at mainbus0: apid 0 (boot processor)
cpu0: Genuine Intel(R) CPU 1300 @ 1.66GHz (&quot;GenuineIntel&quot; 686-class) 1.67 GHz, 06-0e-08
cpu0: FPU,V86,DE,PSE,TSC,MSR,PAE,MCE,CX8,APIC,SEP,MTRR,PGE,MCA,CMOV,CFLUSH,DS,ACPI,MMX,FXSR,SSE,SSE2,SS,HTT,TM,PBE,SSE3,MWAIT,VMX,EST,TM2,xTPR,PDCM,NXE,PERF,SENSOR,MELTDOWN
mtrr: Pentium Pro MTRR support, 8 var ranges, 88 fixed ranges
cpu0: apic clock running at 166MHz
cpu0: mwait min=64, max=64, C-substates=0.2.2.2.2, IBE
cpu1 at mainbus0: apid 1 (application processor)
cpu1: Genuine Intel(R) CPU 1300 @ 1.66GHz (&quot;GenuineIntel&quot; 686-class) 1.67 GHz, 06-0e-08
cpu1: FPU,V86,DE,PSE,TSC,MSR,PAE,MCE,CX8,APIC,SEP,MTRR,PGE,MCA,CMOV,CFLUSH,DS,ACPI,MMX,FXSR,SSE,SSE2,SS,HTT,TM,PBE,SSE3,MWAIT,VMX,EST,TM2,xTPR,PDCM,NXE,PERF,SENSOR,MELTDOWN
ioapic0 at mainbus0: apid 1 pa 0xfec00000, version 20, 24 pins, remapped
acpimcfg0 at acpi0
acpimcfg0: addr 0xe0000000, bus 0-255
acpiec0 at acpi0
acpiprt0 at acpi0: bus 0 (PCI0)
acpiprt1 at acpi0: bus 1 (RP01)
acpiprt2 at acpi0: bus 2 (RP02)
acpiprt3 at acpi0: bus 3 (PCIB)
acpicpu0 at acpi0: !C2(500@1 mwait@0x10), C1(1000@1 mwait), PSS
acpicpu1 at acpi0: !C2(500@1 mwait@0x10), C1(1000@1 mwait), PSS
acpibtn0 at acpi0: PWRB
&quot;PNP0A08&quot; at acpi0 not configured
&quot;APP0001&quot; at acpi0 not configured
&quot;IFX0101&quot; at acpi0 not configured
acpicmos0 at acpi0
acpivideo0 at acpi0: GFX0
bios0: ROM list: 0xc0000/0xe600!
cpu0: Enhanced SpeedStep 1667 MHz: speeds: 1667, 1500, 1333, 1000 MHz
memory map conflict 0xe00f8000/0x1000
memory map conflict 0xfed1c000/0x4000
memory map conflict 0xfffb0000/0x30000
pci0 at mainbus0 bus 0: configuration mode 1 (bios)
pchb0 at pci0 dev 0 function 0 &quot;Intel 82945GM Host&quot; rev 0x03
inteldrm0 at pci0 dev 2 function 0 &quot;Intel 82945GM Video&quot; rev 0x03
drm0 at inteldrm0
intagp0 at inteldrm0
agp0 at intagp0: aperture at 0x80000000, size 0x10000000
inteldrm0: apic 1 int 16
error: [drm:pid0:i9xx_set_fifo_underrun_reporting] *ERROR* pipe A underrun
inteldrm0: 1024x768, 32bpp
wsdisplay0 at inteldrm0 mux 1: console (std, vt100 emulation)
wsdisplay0: screen 1-5 added (std, vt100 emulation)
vendor &quot;Intel&quot;, unknown product 0x27a3 (class DASP subclass Time and Frequency, rev 0x03) at pci0 dev 7 function 0 not configured
azalia0 at pci0 dev 27 function 0 &quot;Intel 82801GB HD Audio&quot; rev 0x02: msi
azalia0: codecs: Sigmatel STAC9220/1
audio0 at azalia0
ppb0 at pci0 dev 28 function 0 &quot;Intel 82801GB PCIE&quot; rev 0x02: apic 1 int 17
pci1 at ppb0 bus 1
mskc0 at pci1 dev 0 function 0 &quot;Marvell Yukon 88E8053&quot; rev 0x22, Yukon-2 EC rev. A3 (0x2): apic 1 int 16
msk0 at mskc0 port A: address xx:xx:xx:xx:xx:xx
eephy0 at msk0 phy 0: 88E1111 Gigabit PHY, rev. 2
ppb1 at pci0 dev 28 function 1 &quot;Intel 82801GB PCIE&quot; rev 0x02: apic 1 int 16
pci2 at ppb1 bus 2
ath0 at pci2 dev 0 function 0 &quot;Atheros AR5424&quot; rev 0x01: apic 1 int 17
ath0: AR5424 10.3 phy 6.1 rf 10.2 eeprom 5.3, WORAW, address xx:xx:xx:xx:xx:xx
uhci0 at pci0 dev 29 function 0 &quot;Intel 82801GB USB&quot; rev 0x02: apic 1 int 21
uhci1 at pci0 dev 29 function 1 &quot;Intel 82801GB USB&quot; rev 0x02: apic 1 int 19
uhci2 at pci0 dev 29 function 2 &quot;Intel 82801GB USB&quot; rev 0x02: apic 1 int 18
uhci3 at pci0 dev 29 function 3 &quot;Intel 82801GB USB&quot; rev 0x02: apic 1 int 16
ehci0 at pci0 dev 29 function 7 &quot;Intel 82801GB USB&quot; rev 0x02: apic 1 int 21
usb0 at ehci0: USB revision 2.0
uhub0 at usb0 configuration 1 interface 0 &quot;Intel EHCI root hub&quot; rev 2.00/1.00 addr 1
ppb2 at pci0 dev 30 function 0 &quot;Intel 82801BAM Hub-to-PCI&quot; rev 0xe2
pci3 at ppb2 bus 3
&quot;AT&amp;T/Lucent FW322 1394&quot; rev 0x61 at pci3 dev 3 function 0 not configured
ichpcib0 at pci0 dev 31 function 0 &quot;Intel 82801GBM LPC&quot; rev 0x02: PM disabled
pciide0 at pci0 dev 31 function 1 &quot;Intel 82801GB IDE&quot; rev 0x02: DMA, channel 0 configured to compatibility, channel 1 configured to compatibility
atapiscsi0 at pciide0 channel 0 drive 0
scsibus1 at atapiscsi0: 2 targets
cd0 at scsibus1 targ 0 lun 0: &lt;MATSHITA, DVD-R UJ-846, FM3J&gt; ATAPI 5/cdrom removable
cd0(pciide0:0:0): using PIO mode 4, Ultra-DMA mode 4
pciide0: channel 1 disabled (no drives)
pciide1 at pci0 dev 31 function 2 &quot;Intel 82801GBM SATA&quot; rev 0x02: DMA, channel 0 configured to native-PCI, channel 1 configured to native-PCI
pciide1: using apic 1 int 19 for native-PCI interrupt
wd0 at pciide1 channel 0 drive 1: &lt;ST98823AS&gt;
wd0: 16-sector PIO, LBA48, 76319MB, 156301488 sectors
wd0(pciide1:0:1): using PIO mode 4, Ultra-DMA mode 6
ichiic0 at pci0 dev 31 function 3 &quot;Intel 82801GB SMBus&quot; rev 0x02: apic 1 int 19
iic0 at ichiic0
spdmem0 at iic0 addr 0x50: 1GB DDR2 SDRAM non-parity PC2-5300CL5 SO-DIMM
spdmem1 at iic0 addr 0x52: 1GB DDR2 SDRAM non-parity PC2-5300CL5 SO-DIMM
usb1 at uhci0: USB revision 1.0
uhub1 at usb1 configuration 1 interface 0 &quot;Intel UHCI root hub&quot; rev 1.00/1.00 addr 1
usb2 at uhci1: USB revision 1.0
uhub2 at usb2 configuration 1 interface 0 &quot;Intel UHCI root hub&quot; rev 1.00/1.00 addr 1
usb3 at uhci2: USB revision 1.0
uhub3 at usb3 configuration 1 interface 0 &quot;Intel UHCI root hub&quot; rev 1.00/1.00 addr 1
usb4 at uhci3: USB revision 1.0
uhub4 at usb4 configuration 1 interface 0 &quot;Intel UHCI root hub&quot; rev 1.00/1.00 addr 1
isa0 at ichpcib0
isadma0 at isa0
pcppi0 at isa0 port 0x61
spkr0 at pcppi0
asmc0 at isa0 port 0x300/32: rev 1.3f503, 137 keys
npx0 at isa0 port 0xf0/16: reported by CPUID; using exception 16
uhub5 at uhub1 port 1 configuration 1 interface 0 &quot;NEC hub&quot; rev 1.00/1.00 addr 2
uhidev0 at uhub5 port 1 configuration 1 interface 0 &quot;Alps Electric M2452&quot; rev 1.00/1.01 addr 3
uhidev0: iclass 3/1
ukbd0 at uhidev0: 8 variable keys, 6 key codes, country code 13
wskbd0 at ukbd0: console keyboard, using wsdisplay0
uhidev1 at uhub2 port 1 configuration 1 interface 0 &quot;Logitech USB Laser Mouse&quot; rev 2.00/56.01 addr 2
uhidev1: iclass 3/1
ums0 at uhidev1: 8 buttons, Z and W dir
wsmouse0 at ums0 mux 0
uhidev2 at uhub4 port 1 configuration 1 interface 0 &quot;Apple Computer HID-proxy&quot; rev 2.00/19.65 addr 2
uhidev2: iclass 3/1
ukbd1 at uhidev2: 8 variable keys, 6 key codes
wskbd1 at ukbd1 mux 1
wskbd1: connecting to wsdisplay0
uhidev3 at uhub4 port 1 configuration 1 interface 1 &quot;Apple Computer HID-proxy&quot; rev 2.00/19.65 addr 2
uhidev3: iclass 3/1
ums1 at uhidev3: 5 buttons
wsmouse1 at ums1 mux 0
uhidev4 at uhub4 port 2 configuration 1 interface 0 &quot;Apple Computer, Inc. IR Receiver&quot; rev 2.00/1.09 addr 3
uhidev4: iclass 3/0, 38 report ids
uhid0 at uhidev4 reportid 36: input=4, output=0, feature=0
uhid1 at uhidev4 reportid 37: input=4, output=0, feature=0
uhid2 at uhidev4 reportid 38: input=4, output=0, feature=0
vscsi0 at root
scsibus2 at vscsi0: 256 targets
softraid0 at root
scsibus3 at softraid0: 256 targets
root on wd0a (ec63cc62dc65b14c.a) swap on wd0b dump on wd0b

</pre>



</div><!-- content -->
<br />
<div id="footer">
All comments/news/posts are the property of their individual owner and
is presented without warranty of suitability, and solely as an
informational resource. <br />
This site Copyright &copy; 2004-2020 NYC*BUG.
</div><!-- footer -->

</body>
</html>

