



<!doctype html>
<html lang="en">
<head>
<meta name="keywords"
	content="bsd, freebsd, openbsd, netbsd, dragonflybsd, nycbug, dmesgd" />
<meta name="description" content="New York City BSD User Group dmesgd" />
<meta charset="utf-8" />
<meta name="viewport" content="width=device-width, initial-scale=1" />
<title>NYC*BUG dmesgd</title>
<style>
body {
	text-align: left;
	margin: 15px auto;
	padding: 0px 10px;
}
@media (min-width: 800px) {
	body {
		max-width: 85%;
	}
}
#header {
	border-bottom: 1px solid #dbdbdb;
	font-size: 230%;
	text-align: left;
}
#footer {
	border-top: 1px solid #dbdbdb;
	clear: both;
	text-align: left;
}
.logo_bug {
	color: #cc0033;
}
#menu ul {
	list-style-type: none;
	margin: 0;
	padding: 0;
}
#menu li {
	float: left;
}
#menu li a {
	display: block;
	background-color: #dbdbdb;
	color: #000000;
	font-size: 105%;
	font-weight: bold;
	padding: 0px 6px 0px 6px;
	text-decoration: none;
}
#content {
	clear: both;
	text-align: left;
	padding-top: 10px;
}
#content h1 {
	font-size: 120%;
	font-weight: bold;
}
#content h2 {
	font-size: 110%;
	font-weight: bold;
}
#content a {
	text-decoration: none;
}
#content pre {
	background-color: #dbdbdb;
	padding: 5px 5px 5px 5px;
	white-space: pre-wrap;		/* css-3 */
	white-space: -moz-pre-wrap;	/* Mozilla, since 1999 */
	white-space: -pre-wrap;		/* Opera 4-6 */
	white-space: -o-pre-wrap;	/* Opera 7 */
	word-wrap: break-word;		/* Internet Explorer 5.5+ */
}
#content table {
	border-collapse: collapse;
}
#content table th {
	border: 1px solid #dbdbdb;
	font-size: 85%;
	white-space: nowrap;
}
#content table td {
	border: 1px solid #dbdbdb;
	font-size: 80%;
}
#content input {
	font-size: 1em;
}
#content .full	{ width: 100%; }
#content .left	{ text-align: left; }
#content .right	{ text-align: right; }
#content .center { text-align: center; }
#content .flexbox {
	display: -ms-flex;
	display: -webkit-flex;
	display: flex;
	width: 100%;
}
#content .left_col {
	min-width: 75px;
	max-width: 50%;
	flex-grow: 0;
}
#content .right_col {
	flex-grow: 1;
	margin-left: 10px;
	padding-top: 10px;
	padding-left: 10px;
}
#col {
	-moz-column-count: 3;
	-webkit-column-count: 3;
	column-count: 3;
}
</style>
</head>
<body>

<div id="header">
<strong><em>NYC*</em><span class="logo_bug">BUG</span> dmesgd</strong>
</div><!-- header -->

<div id="menu">
<ul>
<li><a href="https://dmesgd.nycbug.org/index.cgi?do=index">Home</a></li>
<li><a href="https://dmesgd.nycbug.org/index.cgi?do=submit">Submit</a></li>
<li><a href="https://www.nycbug.org/">NYC*BUG</a></li>
</ul>
</div><!-- menu -->

<div id="content">

<p>
Launched in 2004, dmesgd aims to provide a
<strong>user-submitted</strong> repository of searchable *BSD dmesgs.
The dmesg(8) command displays the system message buffer's content, and
during boot a copy is saved to <em>/var/run/dmesg.boot</em>.  This buffer
contains the operating system release, name and version, a list of
devices identified, plus a whole host of other useful information.  We
hope others find this resource useful and further contribute to its
growth. Contact us at [ admin at lists dot nycbug dot org ].
</p>

<hr />


<strong>Date:</strong> <em>2019-06-23 19:30:56</em><br />
<strong>From:</strong> <em>moose-tek</em><br />
<strong>Description:</strong> <em>OpenBSD 6.5-current on Compaq Presario CQ5604F</em><br />

<pre>
OpenBSD 6.5-current (GENERIC) #54: Sat Jun 22 22:12:53 MDT 2019
    xxx@xxx.xxx:/usr/src/sys/arch/amd64/compile/GENERIC
real mem = 2934833152 (2798MB)
avail mem = 2835918848 (2704MB)
mpath0 at root
scsibus0 at mpath0: 256 targets
mainbus0 at root
bios0 at mainbus0: SMBIOS rev. 2.5 @ 0xf0000 (25 entries)
bios0: vendor Phoenix Technologies, LTD version &quot;5.59&quot; date 05/20/2010
bios0: Compaq-Presario BT473AA-ABA CQ5604F
acpi0 at bios0: ACPI 3.0
acpi0: sleep states S0 S1 S3 S4 S5
acpi0: tables DSDT FACP SLIC SSDT HPET MCFG APIC
acpi0: wakeup devices HUB0(S5) XVR0(S5) XVR1(S5) XVR2(S5) PS2M(S4) PS2K(S4) USB0(S3) USB2(S3) AZAD(S5) MMAC(S5)
acpitimer0 at acpi0: 3579545 Hz, 24 bits
acpihpet0 at acpi0: 25000000 Hz
acpimcfg0 at acpi0
acpimcfg0: addr 0xf0000000, bus 0-63
acpimadt0 at acpi0 addr 0xfee00000: PC-AT compat
cpu0 at mainbus0: apid 0 (boot processor)
cpu0: AMD Athlon(tm) II 170u Processor, 2009.49 MHz, 10-06-03
cpu0: FPU,VME,DE,PSE,TSC,MSR,PAE,MCE,CX8,APIC,SEP,MTRR,PGE,MCA,CMOV,PAT,PSE36,CFLUSH,MMX,FXSR,SSE,SSE2,SSE3,MWAIT,CX16,POPCNT,NXE,MMXX,FFXSR,PAGE1GB,RDTSCP,LONG,3DNOW2,3DNOW,LAHF,SVM,EAPICSP,AMCR8,ABM,SSE4A,MASSE,3DNOWP,OSVW,IBS,SKINIT,ITSC
cpu0: 64KB 64b/line 2-way I-cache, 64KB 64b/line 2-way D-cache, 1MB 64b/line 16-way L2 cache
cpu0: ITLB 32 4KB entries fully associative, 16 4MB entries fully associative
cpu0: DTLB 48 4KB entries fully associative, 48 4MB entries fully associative
cpu0: AMD erratum 721 detected and fixed
cpu0: smt 0, core 0, package 0
mtrr: Pentium Pro MTRR support, 8 var ranges, 88 fixed ranges
cpu0: apic clock running at 200MHz
cpu0: mwait min=64, max=64, IBE
ioapic0 at mainbus0: apid 4 pa 0xfec00000, version 11, 24 pins
acpiprt0 at acpi0: bus 0 (PCI0)
acpiprt1 at acpi0: bus 1 (HUB0)
acpicpu0 at acpi0: C1(@1 halt!), PSS
acpitz0 at acpi0: critical temperature is 75 degC
acpibtn0 at acpi0: PWRB
acpipci0 at acpi0 PCI0: _OSC failed
acpicmos0 at acpi0
&quot;PNP0C0B&quot; at acpi0 not configured
cpu0: 2009 MHz: speeds: 2000 1500 800 MHz
pci0 at mainbus0 bus 0
&quot;NVIDIA MCP61 Memory&quot; rev 0xa1 at pci0 dev 0 function 0 not configured
pcib0 at pci0 dev 1 function 0 &quot;NVIDIA MCP61 ISA&quot; rev 0xa2
nviic0 at pci0 dev 1 function 1 &quot;NVIDIA MCP61 SMBus&quot; rev 0xa2
iic0 at nviic0
spdmem0 at iic0 addr 0x50: 1GB DDR2 SDRAM non-parity PC2-6400CL6
spdmem1 at iic0 addr 0x51: 2GB DDR2 SDRAM non-parity PC2-6400CL6
iic1 at nviic0
&quot;NVIDIA MCP61 Memory&quot; rev 0xa2 at pci0 dev 1 function 2 not configured
ohci0 at pci0 dev 2 function 0 &quot;NVIDIA MCP61 USB&quot; rev 0xa3: apic 4 int 10, version 1.0, legacy support
ehci0 at pci0 dev 2 function 1 &quot;NVIDIA MCP61 USB&quot; rev 0xa3: apic 4 int 11
usb0 at ehci0: USB revision 2.0
uhub0 at usb0 configuration 1 interface 0 &quot;NVIDIA EHCI root hub&quot; rev 2.00/1.00 addr 1
ppb0 at pci0 dev 4 function 0 &quot;NVIDIA MCP61&quot; rev 0xa1
pci1 at ppb0 bus 1
azalia0 at pci0 dev 5 function 0 &quot;NVIDIA MCP61 HD Audio&quot; rev 0xa2: apic 4 int 10
azalia0: codecs: Realtek ALC888
audio0 at azalia0
nfe0 at pci0 dev 7 function 0 &quot;NVIDIA MCP61 LAN&quot; rev 0xa2: apic 4 int 5, address xx:xx:xx:xx:xx:xx
rlphy0 at nfe0 phy 1: RTL8201L 10/100 PHY, rev. 1
pciide0 at pci0 dev 8 function 0 &quot;NVIDIA MCP61 SATA&quot; rev 0xa2: DMA
pciide0: using apic 4 int 10 for native-PCI interrupt
wd0 at pciide0 channel 0 drive 0: &lt;ST3500418AS&gt;
wd0: 16-sector PIO, LBA48, 476940MB, 976773168 sectors
wd0(pciide0:0:0): using PIO mode 4, Ultra-DMA mode 5
atapiscsi0 at pciide0 channel 1 drive 0
scsibus1 at atapiscsi0: 2 targets
cd0 at scsibus1 targ 0 lun 0: &lt;hp, CDDVDW TS-H653R, 0E00&gt; ATAPI 5/cdrom removable
cd0(pciide0:1:0): using PIO mode 4, Ultra-DMA mode 5
pciide1 at pci0 dev 8 function 1 &quot;NVIDIA MCP61 SATA&quot; rev 0xa2: DMA
pciide1: using apic 4 int 11 for native-PCI interrupt
ppb1 at pci0 dev 9 function 0 &quot;NVIDIA MCP61 PCIE&quot; rev 0xa2
pci2 at ppb1 bus 2
ppb2 at pci0 dev 11 function 0 &quot;NVIDIA MCP61 PCIE&quot; rev 0xa2
pci3 at ppb2 bus 3
ppb3 at pci0 dev 12 function 0 &quot;NVIDIA MCP61 PCIE&quot; rev 0xa2
pci4 at ppb3 bus 4
&quot;Atheros AR9300&quot; rev 0x01 at pci4 dev 0 function 0 not configured
vga1 at pci0 dev 13 function 0 &quot;NVIDIA GeForce 6100 nForce 430&quot; rev 0xa2
wsdisplay0 at vga1 mux 1: console (80x25, vt100 emulation)
wsdisplay0: screen 1-5 added (80x25, vt100 emulation)
pchb0 at pci0 dev 24 function 0 &quot;AMD AMD64 10h HyperTransport&quot; rev 0x00
pchb1 at pci0 dev 24 function 1 &quot;AMD AMD64 10h Address Map&quot; rev 0x00
pchb2 at pci0 dev 24 function 2 &quot;AMD AMD64 10h DRAM Cfg&quot; rev 0x00
km0 at pci0 dev 24 function 3 &quot;AMD AMD64 10h Misc Cfg&quot; rev 0x00
pchb3 at pci0 dev 24 function 4 &quot;AMD AMD64 10h Link Cfg&quot; rev 0x00
isa0 at pcib0
isadma0 at isa0
pckbc0 at isa0 port 0x60/5 irq 1 irq 12
pckbd0 at pckbc0 (kbd slot)
wskbd0 at pckbd0: console keyboard, using wsdisplay0
pcppi0 at isa0 port 0x61
spkr0 at pcppi0
usb1 at ohci0: USB revision 1.0
uhub1 at usb1 configuration 1 interface 0 &quot;NVIDIA OHCI root hub&quot; rev 1.00/1.00 addr 1
vmm0 at mainbus0: SVM/RVI
acpitz0: _AL0[0] _PR0 failed
umass1 at uhub0 port 8 configuration 1 interface 0 &quot;Generic Mass Storage Device&quot; rev 2.00/1.00 addr 3
umass1: using SCSI over Bulk-Only
scsibus3 at umass1: 2 targets, initiator 0
sd1 at scsibus3 targ 1 lun 0: &lt;Multi, Flash Reader, 1.00&gt; SCSI0 0/direct removable serial.
vscsi0 at root
scsibus4 at vscsi0: 256 targets
softraid0 at root
scsibus5 at softraid0: 256 targets
root on wd0a (88dc47c0cf69c93b.a) swap on wd0b dump on wd0b
</pre>



</div><!-- content -->
<br />
<div id="footer">
All comments/news/posts are the property of their individual owner and
is presented without warranty of suitability, and solely as an
informational resource. <br />
This site Copyright &copy; 2004-2020 NYC*BUG.
</div><!-- footer -->

</body>
</html>

