



<!doctype html>
<html lang="en">
<head>
<meta name="keywords"
	content="bsd, freebsd, openbsd, netbsd, dragonflybsd, nycbug, dmesgd" />
<meta name="description" content="New York City BSD User Group dmesgd" />
<meta charset="utf-8" />
<meta name="viewport" content="width=device-width, initial-scale=1" />
<title>NYC*BUG dmesgd</title>
<style>
body {
	text-align: left;
	margin: 15px auto;
	padding: 0px 10px;
}
@media (min-width: 800px) {
	body {
		max-width: 85%;
	}
}
#header {
	border-bottom: 1px solid #dbdbdb;
	font-size: 230%;
	text-align: left;
}
#footer {
	border-top: 1px solid #dbdbdb;
	clear: both;
	text-align: left;
}
.logo_bug {
	color: #cc0033;
}
#menu ul {
	list-style-type: none;
	margin: 0;
	padding: 0;
}
#menu li {
	float: left;
}
#menu li a {
	display: block;
	background-color: #dbdbdb;
	color: #000000;
	font-size: 105%;
	font-weight: bold;
	padding: 0px 6px 0px 6px;
	text-decoration: none;
}
#content {
	clear: both;
	text-align: left;
	padding-top: 10px;
}
#content h1 {
	font-size: 120%;
	font-weight: bold;
}
#content h2 {
	font-size: 110%;
	font-weight: bold;
}
#content a {
	text-decoration: none;
}
#content pre {
	background-color: #dbdbdb;
	padding: 5px 5px 5px 5px;
	white-space: pre-wrap;		/* css-3 */
	white-space: -moz-pre-wrap;	/* Mozilla, since 1999 */
	white-space: -pre-wrap;		/* Opera 4-6 */
	white-space: -o-pre-wrap;	/* Opera 7 */
	word-wrap: break-word;		/* Internet Explorer 5.5+ */
}
#content table {
	border-collapse: collapse;
}
#content table th {
	border: 1px solid #dbdbdb;
	font-size: 85%;
	white-space: nowrap;
}
#content table td {
	border: 1px solid #dbdbdb;
	font-size: 80%;
}
#content input {
	font-size: 1em;
}
#content .full	{ width: 100%; }
#content .left	{ text-align: left; }
#content .right	{ text-align: right; }
#content .center { text-align: center; }
#content .flexbox {
	display: -ms-flex;
	display: -webkit-flex;
	display: flex;
	width: 100%;
}
#content .left_col {
	min-width: 75px;
	max-width: 50%;
	flex-grow: 0;
}
#content .right_col {
	flex-grow: 1;
	margin-left: 10px;
	padding-top: 10px;
	padding-left: 10px;
}
#col {
	-moz-column-count: 3;
	-webkit-column-count: 3;
	column-count: 3;
}
</style>
</head>
<body>

<div id="header">
<strong><em>NYC*</em><span class="logo_bug">BUG</span> dmesgd</strong>
</div><!-- header -->

<div id="menu">
<ul>
<li><a href="https://dmesgd.nycbug.org/index.cgi?do=index">Home</a></li>
<li><a href="https://dmesgd.nycbug.org/index.cgi?do=submit">Submit</a></li>
<li><a href="https://www.nycbug.org/">NYC*BUG</a></li>
</ul>
</div><!-- menu -->

<div id="content">

<p>
Launched in 2004, dmesgd aims to provide a
<strong>user-submitted</strong> repository of searchable *BSD dmesgs.
The dmesg(8) command displays the system message buffer's content, and
during boot a copy is saved to <em>/var/run/dmesg.boot</em>.  This buffer
contains the operating system release, name and version, a list of
devices identified, plus a whole host of other useful information.  We
hope others find this resource useful and further contribute to its
growth. Contact us at [ admin at lists dot nycbug dot org ].
</p>

<hr />


<strong>Date:</strong> <em>2019-06-23 19:54:27</em><br />
<strong>From:</strong> <em>moose-tek</em><br />
<strong>Description:</strong> <em>OpenBSD 6.5-current on Acer Spin SP111-32N</em><br />

<pre>
OpenBSD 6.5-current (GENERIC.MP) #52: Fri Jun 21 12:58:51 MDT 2019
    xxx@xxx.xxx:/usr/src/sys/arch/amd64/compile/GENERIC.MP
real mem = 4111151104 (3920MB)
avail mem = 3976425472 (3792MB)
mpath0 at root
scsibus0 at mpath0: 256 targets
mainbus0 at root
bios0 at mainbus0: SMBIOS rev. 3.0 @ 0x78758000 (23 entries)
bios0: vendor Insyde Corp. version &quot;V1.07&quot; date 04/13/2018
bios0: Acer Spin SP111-32N
acpi0 at bios0: ACPI 6.0
acpi0: sleep states S0 S3 S4 S5
acpi0: tables DSDT FACP MSDM UEFI SSDT DBG2 LPIT MCFG PRAM SSDT SSDT SSDT SSDT DMAR BDAT TPM2 HPET NPKT SSDT SSDT FPDT UEFI DBGP WSMT SSDT SSDT SSDT APIC WDAT BGRT NHLT
acpi0: wakeup devices PXSX(S4) RP01(S4) PXSX(S4) RP02(S4) PXSX(S4) RP03(S4) PXSX(S4) RP04(S4) PXSX(S4) RP05(S4) PXSX(S4) RP06(S4) XHC_(S3) XDCI(S4) HDAS(S3)
acpitimer0 at acpi0: 3579545 Hz, 24 bits
acpimcfg0 at acpi0
acpimcfg0: addr 0xe0000000, bus 0-63
acpihpet0 at acpi0: 19200000 Hz
acpimadt0 at acpi0 addr 0xfee00000: PC-AT compat
cpu0 at mainbus0: apid 0 (boot processor)
cpu0: Intel(R) Pentium(R) CPU N4200 @ 1.10GHz, 4575.47 MHz, 06-5c-09
cpu0: FPU,VME,DE,PSE,TSC,MSR,PAE,MCE,CX8,APIC,SEP,MTRR,PGE,MCA,CMOV,PAT,PSE36,CFLUSH,DS,ACPI,MMX,FXSR,SSE,SSE2,SS,HTT,TM,PBE,SSE3,PCLMUL,DTES64,MWAIT,DS-CPL,VMX,EST,TM2,SSSE3,SDBG,CX16,xTPR,PDCM,SSE4.1,SSE4.2,x2APIC,MOVBE,POPCNT,DEADLINE,AES,XSAVE,RDRAND,NXE,PAGE1GB,RDTSCP,LONG,LAHF,3DNOWP,PERF,ITSC,FSGSBASE,TSC_ADJUST,SMEP,ERMS,MPX,RDSEED,SMAP,CLFLUSHOPT,PT,SHA,MD_CLEAR,IBRS,IBPB,STIBP,SENSOR,ARAT,XSAVEOPT,XSAVEC,XGETBV1,XSAVES
cpu0: 1MB 64b/line 16-way L2 cache
cpu0: smt 0, core 0, package 0
mtrr: Pentium Pro MTRR support, 10 var ranges, 88 fixed ranges
cpu0: apic clock running at 80MHz
cpu0: mwait min=64, max=64, C-substates=0.2.0.2.4.2.1.1, IBE
cpu1 at mainbus0: apid 2 (application processor)
cpu1: Intel(R) Pentium(R) CPU N4200 @ 1.10GHz, 4581.47 MHz, 06-5c-09
cpu1: FPU,VME,DE,PSE,TSC,MSR,PAE,MCE,CX8,APIC,SEP,MTRR,PGE,MCA,CMOV,PAT,PSE36,CFLUSH,DS,ACPI,MMX,FXSR,SSE,SSE2,SS,HTT,TM,PBE,SSE3,PCLMUL,DTES64,MWAIT,DS-CPL,VMX,EST,TM2,SSSE3,SDBG,CX16,xTPR,PDCM,SSE4.1,SSE4.2,x2APIC,MOVBE,POPCNT,DEADLINE,AES,XSAVE,RDRAND,NXE,PAGE1GB,RDTSCP,LONG,LAHF,3DNOWP,PERF,ITSC,FSGSBASE,TSC_ADJUST,SMEP,ERMS,MPX,RDSEED,SMAP,CLFLUSHOPT,PT,SHA,MD_CLEAR,IBRS,IBPB,STIBP,SENSOR,ARAT,XSAVEOPT,XSAVEC,XGETBV1,XSAVES
cpu1: 1MB 64b/line 16-way L2 cache
cpu1: smt 0, core 1, package 0
cpu2 at mainbus0: apid 4 (application processor)
cpu2: Intel(R) Pentium(R) CPU N4200 @ 1.10GHz, 4581.46 MHz, 06-5c-09
cpu2: FPU,VME,DE,PSE,TSC,MSR,PAE,MCE,CX8,APIC,SEP,MTRR,PGE,MCA,CMOV,PAT,PSE36,CFLUSH,DS,ACPI,MMX,FXSR,SSE,SSE2,SS,HTT,TM,PBE,SSE3,PCLMUL,DTES64,MWAIT,DS-CPL,VMX,EST,TM2,SSSE3,SDBG,CX16,xTPR,PDCM,SSE4.1,SSE4.2,x2APIC,MOVBE,POPCNT,DEADLINE,AES,XSAVE,RDRAND,NXE,PAGE1GB,RDTSCP,LONG,LAHF,3DNOWP,PERF,ITSC,FSGSBASE,TSC_ADJUST,SMEP,ERMS,MPX,RDSEED,SMAP,CLFLUSHOPT,PT,SHA,MD_CLEAR,IBRS,IBPB,STIBP,SENSOR,ARAT,XSAVEOPT,XSAVEC,XGETBV1,XSAVES
cpu2: 1MB 64b/line 16-way L2 cache
cpu2: smt 0, core 2, package 0
cpu3 at mainbus0: apid 6 (application processor)
cpu3: Intel(R) Pentium(R) CPU N4200 @ 1.10GHz, 4581.46 MHz, 06-5c-09
cpu3: FPU,VME,DE,PSE,TSC,MSR,PAE,MCE,CX8,APIC,SEP,MTRR,PGE,MCA,CMOV,PAT,PSE36,CFLUSH,DS,ACPI,MMX,FXSR,SSE,SSE2,SS,HTT,TM,PBE,SSE3,PCLMUL,DTES64,MWAIT,DS-CPL,VMX,EST,TM2,SSSE3,SDBG,CX16,xTPR,PDCM,SSE4.1,SSE4.2,x2APIC,MOVBE,POPCNT,DEADLINE,AES,XSAVE,RDRAND,NXE,PAGE1GB,RDTSCP,LONG,LAHF,3DNOWP,PERF,ITSC,FSGSBASE,TSC_ADJUST,SMEP,ERMS,MPX,RDSEED,SMAP,CLFLUSHOPT,PT,SHA,MD_CLEAR,IBRS,IBPB,STIBP,SENSOR,ARAT,XSAVEOPT,XSAVEC,XGETBV1,XSAVES
cpu3: 1MB 64b/line 16-way L2 cache
cpu3: smt 0, core 3, package 0
ioapic0 at mainbus0: apid 1 pa 0xfec00000, version 20, 120 pins
acpiprt0 at acpi0: bus 0 (PCI0)
acpiprt1 at acpi0: bus -1 (RP01)
acpiprt2 at acpi0: bus 1 (RP02)
acpiprt3 at acpi0: bus -1 (RP03)
acpiprt4 at acpi0: bus -1 (RP04)
acpiprt5 at acpi0: bus -1 (RP05)
acpiprt6 at acpi0: bus -1 (RP06)
acpiec0 at acpi0
acpi0: GPE 0x2c already enabled
acpicpu0 at acpi0: C3(10@150 mwait.1@0x60), C2(10@50 mwait.1@0x21), C1(1000@1 mwait.1@0x1), PSS
acpicpu1 at acpi0: C3(10@150 mwait.1@0x60), C2(10@50 mwait.1@0x21), C1(1000@1 mwait.1@0x1), PSS
acpicpu2 at acpi0: C3(10@150 mwait.1@0x60), C2(10@50 mwait.1@0x21), C1(1000@1 mwait.1@0x1), PSS
acpicpu3 at acpi0: C3(10@150 mwait.1@0x60), C2(10@50 mwait.1@0x21), C1(1000@1 mwait.1@0x1), PSS
acpipwrres0 at acpi0: FN00
acpitz0 at acpi0: critical temperature is 100 degC
acpipci0 at acpi0 PCI0: 0x00000000 0x00000011 0x00000001
acpiac0 at acpi0: AC unit offline
acpibat0 at acpi0: BAT0 model &quot;AP16L5J&quot; serial 2524 type LION oem &quot;PANASONIC&quot;
acpibtn0 at acpi0: LID0
&quot;10251229&quot; at acpi0 not configured
&quot;04F3224A&quot; at acpi0 not configured
&quot;06CB0001&quot; at acpi0 not configured
&quot;BOSC0200&quot; at acpi0 not configured
&quot;ID9001&quot; at acpi0 not configured
&quot;PNP0C14&quot; at acpi0 not configured
acpibtn1 at acpi0: PWRB
acpicmos0 at acpi0
aplgpio0 at acpi0: GPO0 uid 1 addr 0xd0c50000/0x76c irq 14, 78 pins
aplgpio1 at acpi0: GPO1 uid 2 addr 0xd0c40000/0x764 irq 14, 77 pins
aplgpio2 at acpi0: GPO2 uid 3 addr 0xd0c70000/0x674 irq 14, 47 pins
aplgpio3 at acpi0: GPO3 uid 4 addr 0xd0c00000/0x654 irq 14, 43 pins
&quot;INT33A1&quot; at acpi0 not configured
&quot;MSFT0101&quot; at acpi0 not configured
&quot;INT3400&quot; at acpi0 not configured
&quot;INT3403&quot; at acpi0 not configured
acpivideo0 at acpi0: GFX0
acpivout0 at acpivideo0: DD1F
cpu0: Enhanced SpeedStep 4575 MHz: speeds: 1101, 1100, 1000, 900, 800 MHz
pci0 at mainbus0 bus 0
pchb0 at pci0 dev 0 function 0 &quot;Intel Apollo Lake Host&quot; rev 0x0b
vendor &quot;Intel&quot;, unknown product 0x5a8c (class DASP subclass miscellaneous, rev 0x0b) at pci0 dev 0 function 1 not configured
inteldrm0 at pci0 dev 2 function 0 &quot;Intel HD Graphics 505&quot; rev 0x0b
drm0 at inteldrm0
inteldrm0: msi
azalia0 at pci0 dev 14 function 0 &quot;Intel Apollo Lake HD Audio&quot; rev 0x0b: msi
azalia0: codecs: Realtek/0x0256, Intel/0x280a, using Realtek/0x0256
audio0 at azalia0
&quot;Intel Apollo Lake TXE&quot; rev 0x0b at pci0 dev 15 function 0 not configured
ahci0 at pci0 dev 18 function 0 &quot;Intel Apollo Lake AHCI&quot; rev 0x0b: msi, AHCI 1.3.1
ahci0: PHY offline on port 0
scsibus1 at ahci0: 32 targets
ppb0 at pci0 dev 20 function 0 &quot;Intel Apollo Lake PCIE&quot; rev 0xfb: msi
pci1 at ppb0 bus 1
iwm0 at pci1 dev 0 function 0 &quot;Intel Dual Band Wireless AC 7265&quot; rev 0x59, msi
xhci0 at pci0 dev 21 function 0 &quot;Intel Apollo Lake xHCI&quot; rev 0x0b: msixhci0: timed out waiting for BIOS
, xHCI 1.0
usb0 at xhci0: USB revision 3.0
uhub0 at usb0 configuration 1 interface 0 &quot;Intel xHCI root hub&quot; rev 3.00/1.00 addr 1
dwiic0 at pci0 dev 22 function 0 &quot;Intel Apollo Lake I2C&quot; rev 0x0b: apic 1 int 27
iic0 at dwiic0
dwiic1 at pci0 dev 22 function 3 &quot;Intel Apollo Lake I2C&quot; rev 0x0b: apic 1 int 30
iic1 at dwiic1
ihidev0 at iic1 addr 0x10 (polling), vendor 0x4f3 product 0x255a, 04F3224A
ihidev0: 23 report ids
ims0 at ihidev0 reportid 1: 1 button, tip
wsmouse0 at ims0 mux 0
hid at ihidev0 reportid 2 not configured
hid at ihidev0 reportid 3 not configured
hid at ihidev0 reportid 4 not configured
hid at ihidev0 reportid 6 not configured
ims1 at ihidev0 reportid 7: 3 buttons, tip, barrel, eraser
wsmouse1 at ims1 mux 0
hid at ihidev0 reportid 10 not configured
hid at ihidev0 reportid 14 not configured
hid at ihidev0 reportid 23 not configured
dwiic2 at pci0 dev 23 function 0 &quot;Intel Apollo Lake I2C&quot; rev 0x0b: apic 1 int 31
iic2 at dwiic2
ihidev1 at iic2 addr 0x2c (polling), vendor 0x6cb product 0x7da2, 06CB0001
ihidev1: 14 report ids
imt0 at ihidev1: clickpad, 5 contacts
wsmouse2 at imt0 mux 0
dwiic3 at pci0 dev 23 function 1 &quot;Intel Apollo Lake I2C&quot; rev 0x0b: apic 1 int 32
iic3 at dwiic3
bgw0 at iic3 addr 0x18: BMC150
&quot;Intel Apollo Lake SPI&quot; rev 0x0b at pci0 dev 25 function 0 not configured
&quot;Intel Apollo Lake SPI&quot; rev 0x0b at pci0 dev 25 function 1 not configured
&quot;Intel Apollo Lake SPI&quot; rev 0x0b at pci0 dev 25 function 2 not configured
sdhc0 at pci0 dev 27 function 0 &quot;Intel Apollo Lake SD/MMC&quot; rev 0x0b: apic 1 int 3
sdhc0: SDHC 3.0, 200 MHz base clock
sdmmc0 at sdhc0: 4-bit, sd high-speed, mmc high-speed, dma
sdhc1 at pci0 dev 28 function 0 &quot;Intel Apollo Lake eMMC&quot; rev 0x0b: apic 1 int 39
sdhc1: SDHC 3.0, 200 MHz base clock
sdmmc1 at sdhc1: 8-bit, sd high-speed, mmc high-speed, dma
pcib0 at pci0 dev 31 function 0 &quot;Intel Apollo Lake LPC&quot; rev 0x0b
ichiic0 at pci0 dev 31 function 1 &quot;Intel Apollo Lake SMBus&quot; rev 0x0b: apic 1 int 20
iic4 at ichiic0
isa0 at pcib0
isadma0 at isa0
pckbc0 at isa0 port 0x60/5 irq 1 irq 12
pckbd0 at pckbc0 (kbd slot)
wskbd0 at pckbd0: console keyboard
pcppi0 at isa0 port 0x61
spkr0 at pcppi0
vmm0 at mainbus0: VMX/EPT
efifb at mainbus0 not configured
axe0 at uhub0 port 1 configuration 1 interface 0 &quot;Apple Computer Ethernet A1277&quot; rev 2.00/0.01 addr 2
axe0: AX88772, address xx:xx:xx:xx:xx:xx
ukphy0 at axe0 phy 16: Generic IEEE 802.3u media interface, rev. 1: OUI 0x000ec6, model 0x0006
ugen0 at uhub0 port 7 &quot;Intel Bluetooth&quot; rev 2.01/0.01 addr 3
uvideo0 at uhub0 port 8 configuration 1 interface 0 &quot;Chicony Electronics Co.,Ltd. VGA WebCam&quot; rev 2.00/14.10 addr 4
video0 at uvideo0
umass0 at uhub0 port 10 configuration 1 interface 0 &quot;SanDisk Ultra&quot; rev 3.00/1.00 addr 5
umass0: using SCSI over Bulk-Only
scsibus2 at umass0: 2 targets, initiator 0
sd0 at scsibus2 targ 1 lun 0: &lt;SanDisk, Ultra, 1.00&gt; SCSI4 0/direct removable serial.
sd0: 14955MB, 512 bytes/sector, 30629376 sectors
sdmmc1: can't enable card
vscsi0 at root
scsibus3 at vscsi0: 256 targets
softraid0 at root
scsibus4 at softraid0: 256 targets
root on sd0a (22edebb3bd8606f3.a) swap on sd0b dump on sd0b
inteldrm0: 1920x1080, 32bpp
wsdisplay0 at inteldrm0 mux 1: console (std, vt100 emulation), using wskbd0
wsdisplay0: screen 1-5 added (std, vt100 emulation)
iwm0: hw rev 0x210, fw ver 16.242414.0, address xx:xx:xx:xx:xx:xx

</pre>



</div><!-- content -->
<br />
<div id="footer">
All comments/news/posts are the property of their individual owner and
is presented without warranty of suitability, and solely as an
informational resource. <br />
This site Copyright &copy; 2004-2020 NYC*BUG.
</div><!-- footer -->

</body>
</html>

