



<!doctype html>
<html lang="en">
<head>
<meta name="keywords"
	content="bsd, freebsd, openbsd, netbsd, dragonflybsd, nycbug, dmesgd" />
<meta name="description" content="New York City BSD User Group dmesgd" />
<meta charset="utf-8" />
<meta name="viewport" content="width=device-width, initial-scale=1" />
<title>NYC*BUG dmesgd</title>
<style>
body {
	text-align: left;
	margin: 15px auto;
	padding: 0px 10px;
}
@media (min-width: 800px) {
	body {
		max-width: 85%;
	}
}
#header {
	border-bottom: 1px solid #dbdbdb;
	font-size: 230%;
	text-align: left;
}
#footer {
	border-top: 1px solid #dbdbdb;
	clear: both;
	text-align: left;
}
.logo_bug {
	color: #cc0033;
}
#menu ul {
	list-style-type: none;
	margin: 0;
	padding: 0;
}
#menu li {
	float: left;
}
#menu li a {
	display: block;
	background-color: #dbdbdb;
	color: #000000;
	font-size: 105%;
	font-weight: bold;
	padding: 0px 6px 0px 6px;
	text-decoration: none;
}
#content {
	clear: both;
	text-align: left;
	padding-top: 10px;
}
#content h1 {
	font-size: 120%;
	font-weight: bold;
}
#content h2 {
	font-size: 110%;
	font-weight: bold;
}
#content a {
	text-decoration: none;
}
#content pre {
	background-color: #dbdbdb;
	padding: 5px 5px 5px 5px;
	white-space: pre-wrap;		/* css-3 */
	white-space: -moz-pre-wrap;	/* Mozilla, since 1999 */
	white-space: -pre-wrap;		/* Opera 4-6 */
	white-space: -o-pre-wrap;	/* Opera 7 */
	word-wrap: break-word;		/* Internet Explorer 5.5+ */
}
#content table {
	border-collapse: collapse;
}
#content table th {
	border: 1px solid #dbdbdb;
	font-size: 85%;
	white-space: nowrap;
}
#content table td {
	border: 1px solid #dbdbdb;
	font-size: 80%;
}
#content input {
	font-size: 1em;
}
#content .full	{ width: 100%; }
#content .left	{ text-align: left; }
#content .right	{ text-align: right; }
#content .center { text-align: center; }
#content .flexbox {
	display: -ms-flex;
	display: -webkit-flex;
	display: flex;
	width: 100%;
}
#content .left_col {
	min-width: 75px;
	max-width: 50%;
	flex-grow: 0;
}
#content .right_col {
	flex-grow: 1;
	margin-left: 10px;
	padding-top: 10px;
	padding-left: 10px;
}
#col {
	-moz-column-count: 3;
	-webkit-column-count: 3;
	column-count: 3;
}
</style>
</head>
<body>

<div id="header">
<strong><em>NYC*</em><span class="logo_bug">BUG</span> dmesgd</strong>
</div><!-- header -->

<div id="menu">
<ul>
<li><a href="https://dmesgd.nycbug.org/index.cgi?do=index">Home</a></li>
<li><a href="https://dmesgd.nycbug.org/index.cgi?do=submit">Submit</a></li>
<li><a href="https://www.nycbug.org/">NYC*BUG</a></li>
</ul>
</div><!-- menu -->

<div id="content">

<p>
Launched in 2004, dmesgd aims to provide a
<strong>user-submitted</strong> repository of searchable *BSD dmesgs.
The dmesg(8) command displays the system message buffer's content, and
during boot a copy is saved to <em>/var/run/dmesg.boot</em>.  This buffer
contains the operating system release, name and version, a list of
devices identified, plus a whole host of other useful information.  We
hope others find this resource useful and further contribute to its
growth. Contact us at [ admin at lists dot nycbug dot org ].
</p>

<hr />


<strong>Date:</strong> <em>2019-07-01 19:45:57</em><br />
<strong>From:</strong> <em>patrick</em><br />
<strong>Description:</strong> <em>Lenovo X395</em><br />

<pre>
OpenBSD 6.5-current (GENERIC.MP) #77: Fri Jun 28 10:59:55 MDT 2019
    xxx@xxx.xxx:/usr/src/sys/arch/amd64/compile/GENERIC.MP
real mem = 14888513536 (14198MB)
avail mem = 14427197440 (13758MB)
mpath0 at root
scsibus0 at mpath0: 256 targets
mainbus0 at root
bios0 at mainbus0: SMBIOS rev. 3.1 @ 0xb9ecc000 (63 entries)
bios0: vendor LENOVO version &quot;R13ET27W(1.01 )&quot; date 04/18/2019
bios0: LENOVO 20NLCTO1WW
acpi0 at bios0: ACPI 5.0
acpi0: sleep states S0 S3 S4 S5
acpi0: tables DSDT FACP SSDT SSDT SSDT TPM2 SSDT MSDM SLIC BATB HPET APIC MCFG SBST WSMT VFCT IVRS SSDT CRAT CDIT FPDT SSDT SSDT SSDT UEFI BGRT
acpi0: wakeup devices GPP0(S3) GPP1(S3) GPP2(S3) GPP3(S3) GPP4(S3) L850(S3) GPP5(S3) GPP6(S3) GP17(S3) XHC0(S3) XHC1(S3) GP18(S3) LID_(S3) SLPB(S3)
acpitimer0 at acpi0: 3579545 Hz, 32 bits
acpihpet0 at acpi0: 14318180 Hz
acpimadt0 at acpi0 addr 0xfee00000: PC-AT compat
cpu0 at mainbus0: apid 0 (boot processor)
cpu0: AMD Ryzen 7 PRO 3700U w/ Radeon Vega Mobile Gfx, 2296.04 MHz, 17-18-01
cpu0: FPU,VME,DE,PSE,TSC,MSR,PAE,MCE,CX8,APIC,SEP,MTRR,PGE,MCA,CMOV,PAT,PSE36,CFLUSH,MMX,FXSR,SSE,SSE2,HTT,SSE3,PCLMUL,MWAIT,SSSE3,FMA3,CX16,SSE4.1,SSE4.2,MOVBE,POPCNT,AES,XSAVE,AVX,F16C,RDRAND,NXE,MMXX,FFXSR,PAGE1GB,RDTSCP,LONG,LAHF,CMPLEG,SVM,EAPICSP,AMCR8,ABM,SSE4A,MASSE,3DNOWP,OSVW,SKINIT,TCE,TOPEXT,CPCTR,DBKP,PCTRL3,MWAITX,ITSC,FSGSBASE,BMI1,AVX2,SMEP,BMI2,RDSEED,ADX,SMAP,CLFLUSHOPT,SHA,IBPB,XSAVEOPT,XSAVEC,XGETBV1,XSAVES
cpu0: 64KB 64b/line 4-way I-cache, 32KB 64b/line 8-way D-cache, 512KB 64b/line 8-way L2 cache, 4MB 64b/line 16-way L3 cache
cpu0: ITLB 64 4KB entries fully associative, 64 4MB entries fully associative
cpu0: DTLB 64 4KB entries fully associative, 64 4MB entries fully associative
cpu0: smt 0, core 0, package 0
mtrr: Pentium Pro MTRR support, 8 var ranges, 88 fixed ranges
cpu0: apic clock running at 24MHz
cpu0: mwait min=64, max=64, C-substates=1.1, IBE
cpu1 at mainbus0: apid 1 (application processor)
cpu1: AMD Ryzen 7 PRO 3700U w/ Radeon Vega Mobile Gfx, 2295.66 MHz, 17-18-01
cpu1: FPU,VME,DE,PSE,TSC,MSR,PAE,MCE,CX8,APIC,SEP,MTRR,PGE,MCA,CMOV,PAT,PSE36,CFLUSH,MMX,FXSR,SSE,SSE2,HTT,SSE3,PCLMUL,MWAIT,SSSE3,FMA3,CX16,SSE4.1,SSE4.2,MOVBE,POPCNT,AES,XSAVE,AVX,F16C,RDRAND,NXE,MMXX,FFXSR,PAGE1GB,RDTSCP,LONG,LAHF,CMPLEG,SVM,EAPICSP,AMCR8,ABM,SSE4A,MASSE,3DNOWP,OSVW,SKINIT,TCE,TOPEXT,CPCTR,DBKP,PCTRL3,MWAITX,ITSC,FSGSBASE,BMI1,AVX2,SMEP,BMI2,RDSEED,ADX,SMAP,CLFLUSHOPT,SHA,IBPB,XSAVEOPT,XSAVEC,XGETBV1,XSAVES
cpu1: 64KB 64b/line 4-way I-cache, 32KB 64b/line 8-way D-cache, 512KB 64b/line 8-way L2 cache, 4MB 64b/line 16-way L3 cache
cpu1: ITLB 64 4KB entries fully associative, 64 4MB entries fully associative
cpu1: DTLB 64 4KB entries fully associative, 64 4MB entries fully associative
cpu1: smt 1, core 0, package 0
cpu2 at mainbus0: apid 2 (application processor)
cpu2: AMD Ryzen 7 PRO 3700U w/ Radeon Vega Mobile Gfx, 2295.66 MHz, 17-18-01
cpu2: FPU,VME,DE,PSE,TSC,MSR,PAE,MCE,CX8,APIC,SEP,MTRR,PGE,MCA,CMOV,PAT,PSE36,CFLUSH,MMX,FXSR,SSE,SSE2,HTT,SSE3,PCLMUL,MWAIT,SSSE3,FMA3,CX16,SSE4.1,SSE4.2,MOVBE,POPCNT,AES,XSAVE,AVX,F16C,RDRAND,NXE,MMXX,FFXSR,PAGE1GB,RDTSCP,LONG,LAHF,CMPLEG,SVM,EAPICSP,AMCR8,ABM,SSE4A,MASSE,3DNOWP,OSVW,SKINIT,TCE,TOPEXT,CPCTR,DBKP,PCTRL3,MWAITX,ITSC,FSGSBASE,BMI1,AVX2,SMEP,BMI2,RDSEED,ADX,SMAP,CLFLUSHOPT,SHA,IBPB,XSAVEOPT,XSAVEC,XGETBV1,XSAVES
cpu2: 64KB 64b/line 4-way I-cache, 32KB 64b/line 8-way D-cache, 512KB 64b/line 8-way L2 cache, 4MB 64b/line 16-way L3 cache
cpu2: ITLB 64 4KB entries fully associative, 64 4MB entries fully associative
cpu2: DTLB 64 4KB entries fully associative, 64 4MB entries fully associative
cpu2: smt 0, core 1, package 0
cpu3 at mainbus0: apid 3 (application processor)
cpu3: AMD Ryzen 7 PRO 3700U w/ Radeon Vega Mobile Gfx, 2295.66 MHz, 17-18-01
cpu3: FPU,VME,DE,PSE,TSC,MSR,PAE,MCE,CX8,APIC,SEP,MTRR,PGE,MCA,CMOV,PAT,PSE36,CFLUSH,MMX,FXSR,SSE,SSE2,HTT,SSE3,PCLMUL,MWAIT,SSSE3,FMA3,CX16,SSE4.1,SSE4.2,MOVBE,POPCNT,AES,XSAVE,AVX,F16C,RDRAND,NXE,MMXX,FFXSR,PAGE1GB,RDTSCP,LONG,LAHF,CMPLEG,SVM,EAPICSP,AMCR8,ABM,SSE4A,MASSE,3DNOWP,OSVW,SKINIT,TCE,TOPEXT,CPCTR,DBKP,PCTRL3,MWAITX,ITSC,FSGSBASE,BMI1,AVX2,SMEP,BMI2,RDSEED,ADX,SMAP,CLFLUSHOPT,SHA,IBPB,XSAVEOPT,XSAVEC,XGETBV1,XSAVES
cpu3: 64KB 64b/line 4-way I-cache, 32KB 64b/line 8-way D-cache, 512KB 64b/line 8-way L2 cache, 4MB 64b/line 16-way L3 cache
cpu3: ITLB 64 4KB entries fully associative, 64 4MB entries fully associative
cpu3: DTLB 64 4KB entries fully associative, 64 4MB entries fully associative
cpu3: smt 1, core 1, package 0
cpu4 at mainbus0: apid 4 (application processor)
cpu4: AMD Ryzen 7 PRO 3700U w/ Radeon Vega Mobile Gfx, 2295.65 MHz, 17-18-01
cpu4: FPU,VME,DE,PSE,TSC,MSR,PAE,MCE,CX8,APIC,SEP,MTRR,PGE,MCA,CMOV,PAT,PSE36,CFLUSH,MMX,FXSR,SSE,SSE2,HTT,SSE3,PCLMUL,MWAIT,SSSE3,FMA3,CX16,SSE4.1,SSE4.2,MOVBE,POPCNT,AES,XSAVE,AVX,F16C,RDRAND,NXE,MMXX,FFXSR,PAGE1GB,RDTSCP,LONG,LAHF,CMPLEG,SVM,EAPICSP,AMCR8,ABM,SSE4A,MASSE,3DNOWP,OSVW,SKINIT,TCE,TOPEXT,CPCTR,DBKP,PCTRL3,MWAITX,ITSC,FSGSBASE,BMI1,AVX2,SMEP,BMI2,RDSEED,ADX,SMAP,CLFLUSHOPT,SHA,IBPB,XSAVEOPT,XSAVEC,XGETBV1,XSAVES
cpu4: 64KB 64b/line 4-way I-cache, 32KB 64b/line 8-way D-cache, 512KB 64b/line 8-way L2 cache, 4MB 64b/line 16-way L3 cache
cpu4: ITLB 64 4KB entries fully associative, 64 4MB entries fully associative
cpu4: DTLB 64 4KB entries fully associative, 64 4MB entries fully associative
cpu4: smt 0, core 2, package 0
cpu5 at mainbus0: apid 5 (application processor)
cpu5: AMD Ryzen 7 PRO 3700U w/ Radeon Vega Mobile Gfx, 2295.66 MHz, 17-18-01
cpu5: FPU,VME,DE,PSE,TSC,MSR,PAE,MCE,CX8,APIC,SEP,MTRR,PGE,MCA,CMOV,PAT,PSE36,CFLUSH,MMX,FXSR,SSE,SSE2,HTT,SSE3,PCLMUL,MWAIT,SSSE3,FMA3,CX16,SSE4.1,SSE4.2,MOVBE,POPCNT,AES,XSAVE,AVX,F16C,RDRAND,NXE,MMXX,FFXSR,PAGE1GB,RDTSCP,LONG,LAHF,CMPLEG,SVM,EAPICSP,AMCR8,ABM,SSE4A,MASSE,3DNOWP,OSVW,SKINIT,TCE,TOPEXT,CPCTR,DBKP,PCTRL3,MWAITX,ITSC,FSGSBASE,BMI1,AVX2,SMEP,BMI2,RDSEED,ADX,SMAP,CLFLUSHOPT,SHA,IBPB,XSAVEOPT,XSAVEC,XGETBV1,XSAVES
cpu5: 64KB 64b/line 4-way I-cache, 32KB 64b/line 8-way D-cache, 512KB 64b/line 8-way L2 cache, 4MB 64b/line 16-way L3 cache
cpu5: ITLB 64 4KB entries fully associative, 64 4MB entries fully associative
cpu5: DTLB 64 4KB entries fully associative, 64 4MB entries fully associative
cpu5: smt 1, core 2, package 0
cpu6 at mainbus0: apid 6 (application processor)
cpu6: AMD Ryzen 7 PRO 3700U w/ Radeon Vega Mobile Gfx, 2295.65 MHz, 17-18-01
cpu6: FPU,VME,DE,PSE,TSC,MSR,PAE,MCE,CX8,APIC,SEP,MTRR,PGE,MCA,CMOV,PAT,PSE36,CFLUSH,MMX,FXSR,SSE,SSE2,HTT,SSE3,PCLMUL,MWAIT,SSSE3,FMA3,CX16,SSE4.1,SSE4.2,MOVBE,POPCNT,AES,XSAVE,AVX,F16C,RDRAND,NXE,MMXX,FFXSR,PAGE1GB,RDTSCP,LONG,LAHF,CMPLEG,SVM,EAPICSP,AMCR8,ABM,SSE4A,MASSE,3DNOWP,OSVW,SKINIT,TCE,TOPEXT,CPCTR,DBKP,PCTRL3,MWAITX,ITSC,FSGSBASE,BMI1,AVX2,SMEP,BMI2,RDSEED,ADX,SMAP,CLFLUSHOPT,SHA,IBPB,XSAVEOPT,XSAVEC,XGETBV1,XSAVES
cpu6: 64KB 64b/line 4-way I-cache, 32KB 64b/line 8-way D-cache, 512KB 64b/line 8-way L2 cache, 4MB 64b/line 16-way L3 cache
cpu6: ITLB 64 4KB entries fully associative, 64 4MB entries fully associative
cpu6: DTLB 64 4KB entries fully associative, 64 4MB entries fully associative
cpu6: smt 0, core 3, package 0
cpu7 at mainbus0: apid 7 (application processor)
cpu7: AMD Ryzen 7 PRO 3700U w/ Radeon Vega Mobile Gfx, 2295.66 MHz, 17-18-01
cpu7: FPU,VME,DE,PSE,TSC,MSR,PAE,MCE,CX8,APIC,SEP,MTRR,PGE,MCA,CMOV,PAT,PSE36,CFLUSH,MMX,FXSR,SSE,SSE2,HTT,SSE3,PCLMUL,MWAIT,SSSE3,FMA3,CX16,SSE4.1,SSE4.2,MOVBE,POPCNT,AES,XSAVE,AVX,F16C,RDRAND,NXE,MMXX,FFXSR,PAGE1GB,RDTSCP,LONG,LAHF,CMPLEG,SVM,EAPICSP,AMCR8,ABM,SSE4A,MASSE,3DNOWP,OSVW,SKINIT,TCE,TOPEXT,CPCTR,DBKP,PCTRL3,MWAITX,ITSC,FSGSBASE,BMI1,AVX2,SMEP,BMI2,RDSEED,ADX,SMAP,CLFLUSHOPT,SHA,IBPB,XSAVEOPT,XSAVEC,XGETBV1,XSAVES
cpu7: 64KB 64b/line 4-way I-cache, 32KB 64b/line 8-way D-cache, 512KB 64b/line 8-way L2 cache, 4MB 64b/line 16-way L3 cache
cpu7: ITLB 64 4KB entries fully associative, 64 4MB entries fully associative
cpu7: DTLB 64 4KB entries fully associative, 64 4MB entries fully associative
cpu7: smt 1, core 3, package 0
ioapic0 at mainbus0: apid 32 pa 0xfec00000, version 21, 24 pins, can't remap
ioapic1 at mainbus0: apid 33 pa 0xfec01000, version 21, 32 pins, can't remap
acpimcfg0 at acpi0
acpimcfg0: addr 0xf8000000, bus 0-63
acpiprt0 at acpi0: bus 0 (PCI0)
acpiprt1 at acpi0: bus -1 (GPP0)
acpiprt2 at acpi0: bus 1 (GPP1)
acpiprt3 at acpi0: bus 2 (GPP2)
acpiprt4 at acpi0: bus 3 (GPP3)
acpiprt5 at acpi0: bus 4 (GPP4)
acpiprt6 at acpi0: bus -1 (GPP5)
acpiprt7 at acpi0: bus 5 (GPP6)
acpiprt8 at acpi0: bus 6 (GP17)
acpiprt9 at acpi0: bus -1 (GP18)
acpiec0 at acpi0
acpicpu0 at acpi0: C2(0@400 io@0x414), C1(0@1 mwait), PSS
acpicpu1 at acpi0: C2(0@400 io@0x414), C1(0@1 mwait), PSS
acpicpu2 at acpi0: C2(0@400 io@0x414), C1(0@1 mwait), PSS
acpicpu3 at acpi0: C2(0@400 io@0x414), C1(0@1 mwait), PSS
acpicpu4 at acpi0: C2(0@400 io@0x414), C1(0@1 mwait), PSS
acpicpu5 at acpi0: C2(0@400 io@0x414), C1(0@1 mwait), PSS
acpicpu6 at acpi0: C2(0@400 io@0x414), C1(0@1 mwait), PSS
acpicpu7 at acpi0: C2(0@400 io@0x414), C1(0@1 mwait), PSS
acpipwrres0 at acpi0: WRST
acpipwrres1 at acpi0: PUBS, resource for XHC0
acpibtn0 at acpi0: PWRB
acpipci0 at acpi0 PCI0: 0x00000010 0x00000011 0x00000000
acpicmos0 at acpi0
acpibat0 at acpi0: BAT0 model &quot;02DL018&quot; serial   494 type LiP oem &quot;SMP&quot;
acpiac0 at acpi0: AC unit online
acpithinkpad0 at acpi0
&quot;SMB0001&quot; at acpi0 not configured
&quot;PNP0C14&quot; at acpi0 not configured
acpibtn1 at acpi0: LID_
acpibtn2 at acpi0: SLPB
&quot;PNP0C14&quot; at acpi0 not configured
&quot;PNP0C14&quot; at acpi0 not configured
&quot;PNP0C14&quot; at acpi0 not configured
&quot;AMDI0030&quot; at acpi0 not configured
&quot;USBC000&quot; at acpi0 not configured
&quot;STM7308&quot; at acpi0 not configured
&quot;PNP0C14&quot; at acpi0 not configured
acpivideo0 at acpi0: VGA_
cpu0: 2296 MHz: speeds: 2300 1700 1400 MHz
pci0 at mainbus0 bus 0
pchb0 at pci0 dev 0 function 0 &quot;AMD AMD64 17h/1xh Root Complex&quot; rev 0x00
&quot;AMD AMD64 17h/1xh IOMMU&quot; rev 0x00 at pci0 dev 0 function 2 not configured
pchb1 at pci0 dev 1 function 0 &quot;AMD AMD64 17h PCIE&quot; rev 0x00
ppb0 at pci0 dev 1 function 2 &quot;AMD AMD64 17h/1xh PCIE&quot; rev 0x00: msi
pci1 at ppb0 bus 1
vendor &quot;Intel&quot;, unknown product 0x2526 (class network subclass miscellaneous, rev 0x29) at pci1 dev 0 function 0 not configured
ppb1 at pci0 dev 1 function 3 &quot;AMD AMD64 17h/1xh PCIE&quot; rev 0x00: msi
pci2 at ppb1 bus 2
nvme0 at pci2 dev 0 function 0 &quot;Samsung SM981/PM981 NVMe&quot; rev 0x00: msix, NVMe 1.3
nvme0: SAMSUNG MZVLB1T0HBLR-000L7, firmware 3L2QEXF7, serial S4EMNE0M512182
scsibus1 at nvme0: 1 targets
sd0 at scsibus1 targ 0 lun 0: &lt;NVMe, SAMSUNG MZVLB1T0, 3L2Q&gt; SCSI4 0/direct fixed
sd0: 976762MB, 512 bytes/sector, 2000409264 sectors
ppb2 at pci0 dev 1 function 4 &quot;AMD AMD64 17h/1xh PCIE&quot; rev 0x00: msi
pci3 at ppb2 bus 3
re0 at pci3 dev 0 function 0 &quot;Realtek 8168&quot; rev 0x0e: RTL8168EP/8111EP (0x5000), msi, address xx:xx:xx:xx:xx:xx
rgephy0 at re0 phy 7: RTL8251 PHY, rev. 0
vendor &quot;Realtek&quot;, unknown product 0x816a (class communications subclass serial, rev 0x0e) at pci3 dev 0 function 1 not configured
vendor &quot;Realtek&quot;, unknown product 0x816b (class communications subclass serial, rev 0x0e) at pci3 dev 0 function 2 not configured
vendor &quot;Realtek&quot;, unknown product 0x816c (class serial bus subclass IPMI, rev 0x0e) at pci3 dev 0 function 3 not configured
ehci0 at pci3 dev 0 function 4 vendor &quot;Realtek&quot;, unknown product 0x816d rev 0x0e: apic 33 int 15
ehci0: pre-2.0 USB rev
ppb3 at pci0 dev 1 function 5 &quot;AMD AMD64 17h/1xh PCIE&quot; rev 0x00: msi
pci4 at ppb3 bus 4
vendor &quot;Intel&quot;, unknown product 0x7360 (class wireless unknown subclass 0x40, rev 0x01) at pci4 dev 0 function 0 not configured
ppb4 at pci0 dev 1 function 7 &quot;AMD AMD64 17h/1xh PCIE&quot; rev 0x00: msi
pci5 at ppb4 bus 5
rtsx0 at pci5 dev 0 function 0 &quot;Realtek RTS522A Card Reader&quot; rev 0x01: msi
sdmmc0 at rtsx0: 4-bit, dma
pchb2 at pci0 dev 8 function 0 &quot;AMD AMD64 17h PCIE&quot; rev 0x00
ppb5 at pci0 dev 8 function 1 &quot;AMD AMD64 17h/1xh PCIE&quot; rev 0x00
pci6 at ppb5 bus 6
&quot;ATI Picasso&quot; rev 0xd1 at pci6 dev 0 function 0 not configured
azalia0 at pci6 dev 0 function 1 &quot;ATI Radeon Vega HD Audio&quot; rev 0x00: msi
azalia0: no supported codecs
ccp0 at pci6 dev 0 function 2 &quot;AMD AMD64 17h/1xh Crypto&quot; rev 0x00
xhci0 at pci6 dev 0 function 3 &quot;AMD AMD64 17h/1xh xHCI&quot; rev 0x00: msi, xHCI 1.10
usb0 at xhci0: USB revision 3.0
uhub0 at usb0 configuration 1 interface 0 &quot;AMD xHCI root hub&quot; rev 3.00/1.00 addr 1
xhci1 at pci6 dev 0 function 4 &quot;AMD AMD64 17h/1xh xHCI&quot; rev 0x00: msi, xHCI 1.10
usb1 at xhci1: USB revision 3.0
uhub1 at usb1 configuration 1 interface 0 &quot;AMD xHCI root hub&quot; rev 3.00/1.00 addr 1
&quot;AMD AMD64 17h/1xh I2S Audio&quot; rev 0x00 at pci6 dev 0 function 5 not configured
azalia1 at pci6 dev 0 function 6 &quot;AMD AMD64 17h/1xh HD Audio&quot; rev 0x00: apic 33 int 30
azalia1: codecs: Realtek/0x0257
audio0 at azalia1
&quot;AMD FCH SMBus&quot; rev 0x61 at pci0 dev 20 function 0 not configured
pcib0 at pci0 dev 20 function 3 &quot;AMD FCH LPC&quot; rev 0x51
pchb3 at pci0 dev 24 function 0 &quot;AMD AMD64 17h/1xh Data Fabric&quot; rev 0x00
pchb4 at pci0 dev 24 function 1 &quot;AMD AMD64 17h/1xh Data Fabric&quot; rev 0x00
pchb5 at pci0 dev 24 function 2 &quot;AMD AMD64 17h/1xh Data Fabric&quot; rev 0x00
pchb6 at pci0 dev 24 function 3 &quot;AMD AMD64 17h/1xh Data Fabric&quot; rev 0x00
pchb7 at pci0 dev 24 function 4 &quot;AMD AMD64 17h/1xh Data Fabric&quot; rev 0x00
pchb8 at pci0 dev 24 function 5 &quot;AMD AMD64 17h/1xh Data Fabric&quot; rev 0x00
pchb9 at pci0 dev 24 function 6 &quot;AMD AMD64 17h/1xh Data Fabric&quot; rev 0x00
pchb10 at pci0 dev 24 function 7 &quot;AMD AMD64 17h/1xh Data Fabric&quot; rev 0x00
isa0 at pcib0
isadma0 at isa0
com0 at isa0 port 0x3f8/8 irq 4: ns16550a, 16 byte fifo
com0: probed fifo depth: 0 bytes
pckbc0 at isa0 port 0x60/5 irq 1 irq 12
pckbd0 at pckbc0 (kbd slot)
wskbd0 at pckbd0: console keyboard
pms0 at pckbc0 (aux slot)
wsmouse0 at pms0 mux 0
pms0: Elantech Clickpad, version 4, firmware 0x7f3001
wsmouse1 at pms0 mux 0
pcppi0 at isa0 port 0x61
spkr0 at pcppi0
vmm0 at mainbus0: SVM/RVI
efifb0 at mainbus0: 1920x1080, 32bpp
wsdisplay0 at efifb0 mux 1: console (std, vt100 emulation), using wskbd0
wsdisplay0: screen 1-5 added (std, vt100 emulation)
ugen0 at uhub1 port 1 &quot;Intel product 0x0025&quot; rev 2.00/0.02 addr 2
uhub2 at uhub1 port 2 configuration 1 interface 0 &quot;Genesys Logic USB2.0 Hub&quot; rev 2.00/60.52 addr 3
uvideo0 at uhub2 port 1 configuration 1 interface 0 &quot;Azurewave Integrated Camera&quot; rev 2.01/69.05 addr 4
uvideo0: too many VC_HEADERs!
ugen1 at uhub2 port 2 &quot;Generic EMV Smartcard Reader&quot; rev 2.01/1.20 addr 5
uhidev0 at uhub2 port 3 configuration 1 interface 0 &quot;Raydium Corporation Raydium Touch System&quot; rev 2.01/2.01 addr 6
uhidev0: iclass 3/0, 68 report ids
uhid0 at uhidev0 reportid 1: input=0, output=63, feature=0
uhid1 at uhidev0 reportid 2: input=63, output=0, feature=0
uhid2 at uhidev0 reportid 3: input=0, output=63, feature=0
uhid3 at uhidev0 reportid 4: input=0, output=63, feature=0
uhid4 at uhidev0 reportid 5: input=0, output=63, feature=0
uhid5 at uhidev0 reportid 6: input=63, output=0, feature=0
uhid6 at uhidev0 reportid 7: input=0, output=63, feature=0
uhid7 at uhidev0 reportid 8: input=0, output=63, feature=0
uhid8 at uhidev0 reportid 9: input=63, output=0, feature=0
ums0 at uhidev0 reportid 10: 1 button, tip
wsmouse2 at ums0 mux 0
uhid9 at uhidev0 reportid 11: input=0, output=0, feature=1
uhid10 at uhidev0 reportid 12: input=0, output=0, feature=255
uhid11 at uhidev0 reportid 13: input=0, output=0, feature=255
ums1 at uhidev0 reportid 68
ums1: mouse has no X report
sdmmc0: can't enable card
ugen2 at uhub2 port 4 &quot;vendor 0x06cb product 0x00bd&quot; rev 2.00/0.00 addr 7
vscsi0 at root
scsibus2 at vscsi0: 256 targets
softraid0 at root
scsibus3 at softraid0: 256 targets
root on sd0a (c29103edf288dd0a.a) swap on sd0b dump on sd0b
</pre>



</div><!-- content -->
<br />
<div id="footer">
All comments/news/posts are the property of their individual owner and
is presented without warranty of suitability, and solely as an
informational resource. <br />
This site Copyright &copy; 2004-2020 NYC*BUG.
</div><!-- footer -->

</body>
</html>

