



<!doctype html>
<html lang="en">
<head>
<meta name="keywords"
	content="bsd, freebsd, openbsd, netbsd, dragonflybsd, nycbug, dmesgd" />
<meta name="description" content="New York City BSD User Group dmesgd" />
<meta charset="utf-8" />
<meta name="viewport" content="width=device-width, initial-scale=1" />
<title>NYC*BUG dmesgd</title>
<style>
body {
	text-align: left;
	margin: 15px auto;
	padding: 0px 10px;
}
@media (min-width: 800px) {
	body {
		max-width: 85%;
	}
}
#header {
	border-bottom: 1px solid #dbdbdb;
	font-size: 230%;
	text-align: left;
}
#footer {
	border-top: 1px solid #dbdbdb;
	clear: both;
	text-align: left;
}
.logo_bug {
	color: #cc0033;
}
#menu ul {
	list-style-type: none;
	margin: 0;
	padding: 0;
}
#menu li {
	float: left;
}
#menu li a {
	display: block;
	background-color: #dbdbdb;
	color: #000000;
	font-size: 105%;
	font-weight: bold;
	padding: 0px 6px 0px 6px;
	text-decoration: none;
}
#content {
	clear: both;
	text-align: left;
	padding-top: 10px;
}
#content h1 {
	font-size: 120%;
	font-weight: bold;
}
#content h2 {
	font-size: 110%;
	font-weight: bold;
}
#content a {
	text-decoration: none;
}
#content pre {
	background-color: #dbdbdb;
	padding: 5px 5px 5px 5px;
	white-space: pre-wrap;		/* css-3 */
	white-space: -moz-pre-wrap;	/* Mozilla, since 1999 */
	white-space: -pre-wrap;		/* Opera 4-6 */
	white-space: -o-pre-wrap;	/* Opera 7 */
	word-wrap: break-word;		/* Internet Explorer 5.5+ */
}
#content table {
	border-collapse: collapse;
}
#content table th {
	border: 1px solid #dbdbdb;
	font-size: 85%;
	white-space: nowrap;
}
#content table td {
	border: 1px solid #dbdbdb;
	font-size: 80%;
}
#content input {
	font-size: 1em;
}
#content .full	{ width: 100%; }
#content .left	{ text-align: left; }
#content .right	{ text-align: right; }
#content .center { text-align: center; }
#content .flexbox {
	display: -ms-flex;
	display: -webkit-flex;
	display: flex;
	width: 100%;
}
#content .left_col {
	min-width: 75px;
	max-width: 50%;
	flex-grow: 0;
}
#content .right_col {
	flex-grow: 1;
	margin-left: 10px;
	padding-top: 10px;
	padding-left: 10px;
}
#col {
	-moz-column-count: 3;
	-webkit-column-count: 3;
	column-count: 3;
}
</style>
</head>
<body>

<div id="header">
<strong><em>NYC*</em><span class="logo_bug">BUG</span> dmesgd</strong>
</div><!-- header -->

<div id="menu">
<ul>
<li><a href="https://dmesgd.nycbug.org/index.cgi?do=index">Home</a></li>
<li><a href="https://dmesgd.nycbug.org/index.cgi?do=submit">Submit</a></li>
<li><a href="https://www.nycbug.org/">NYC*BUG</a></li>
</ul>
</div><!-- menu -->

<div id="content">

<p>
Launched in 2004, dmesgd aims to provide a
<strong>user-submitted</strong> repository of searchable *BSD dmesgs.
The dmesg(8) command displays the system message buffer's content, and
during boot a copy is saved to <em>/var/run/dmesg.boot</em>.  This buffer
contains the operating system release, name and version, a list of
devices identified, plus a whole host of other useful information.  We
hope others find this resource useful and further contribute to its
growth. Contact us at [ admin at lists dot nycbug dot org ].
</p>

<hr />


<strong>Date:</strong> <em>2019-07-18 23:19:21</em><br />
<strong>From:</strong> <em>Ulysses</em><br />
<strong>Description:</strong> <em>Fitlet2 by Compulab</em><br />

<pre>
OpenBSD 6.5-current (GENERIC.MP) #130: Wed Jul 17 12:25:44 MDT 2019
    xxx@xxx.xxx:/usr/src/sys/arch/amd64/compile/GENERIC.MP
real mem = 8387846144 (7999MB)
avail mem = 8123494400 (7747MB)
mpath0 at root
scsibus0 at mpath0: 256 targets
mainbus0 at root
bios0 at mainbus0: SMBIOS rev. 3.0 @ 0x7a038000 (68 entries)
bios0: vendor American Megatrends Inc. version &quot;FLT2.0.46.01.00&quot; date 09/17/2018
bios0: Compulab fitlet2
acpi0 at bios0: ACPI 6.0
acpi0: sleep states S0 S3 S4 S5
acpi0: tables DSDT FACP FPDT FIDT MCFG PSDS DBG2 DBGP HPET LPIT APIC NPKT PRAM WSMT SSDT SSDT SSDT SSDT SSDT SSDT SSDT UEFI BGRT TPM2
acpi0: wakeup devices HDAS(S3) XHC_(S4) XDCI(S4) BRCM(S0) PXSX(S4) RP01(S4) PXSX(S4) RP02(S4) PXSX(S4) RP03(S4) PXSX(S4) RP04(S4) PXSX(S4) RP05(S4) PXSX(S4) RP06(S4) [...]
acpitimer0 at acpi0: 3579545 Hz, 32 bits
acpimcfg0 at acpi0
acpimcfg0: addr 0xe0000000, bus 0-255
acpihpet0 at acpi0: 19200000 Hz
acpimadt0 at acpi0 addr 0xfee00000: PC-AT compat
cpu0 at mainbus0: apid 0 (boot processor)
cpu0: Intel(R) Atom(TM) Processor E3950 @ 1.60GHz, 1596.96 MHz, 06-5c-09
cpu0: FPU,VME,DE,PSE,TSC,MSR,PAE,MCE,CX8,APIC,SEP,MTRR,PGE,MCA,CMOV,PAT,PSE36,CFLUSH,DS,ACPI,MMX,FXSR,SSE,SSE2,SS,HTT,TM,PBE,SSE3,PCLMUL,DTES64,MWAIT,DS-CPL,VMX,EST,TM2,SSSE3,SDBG,CX16,xTPR,PDCM,SSE4.1,SSE4.2,x2APIC,MOVBE,POPCNT,DEADLINE,AES,XSAVE,RDRAND,NXE,PAGE1GB,RDTSCP,LONG,LAHF,3DNOWP,PERF,ITSC,FSGSBASE,TSC_ADJUST,SMEP,ERMS,MPX,RDSEED,SMAP,CLFLUSHOPT,PT,SHA,MD_CLEAR,IBRS,IBPB,STIBP,SENSOR,ARAT,XSAVEOPT,XSAVEC,XGETBV1,XSAVES
cpu0: 1MB 64b/line 16-way L2 cache
cpu0: smt 0, core 0, package 0
mtrr: Pentium Pro MTRR support, 10 var ranges, 88 fixed ranges
cpu0: apic clock running at 19MHz
cpu0: mwait min=64, max=64, C-substates=0.2.0.2.4.2.1.1, IBE
cpu1 at mainbus0: apid 2 (application processor)
cpu1: Intel(R) Atom(TM) Processor E3950 @ 1.60GHz, 1596.35 MHz, 06-5c-09
cpu1: FPU,VME,DE,PSE,TSC,MSR,PAE,MCE,CX8,APIC,SEP,MTRR,PGE,MCA,CMOV,PAT,PSE36,CFLUSH,DS,ACPI,MMX,FXSR,SSE,SSE2,SS,HTT,TM,PBE,SSE3,PCLMUL,DTES64,MWAIT,DS-CPL,VMX,EST,TM2,SSSE3,SDBG,CX16,xTPR,PDCM,SSE4.1,SSE4.2,x2APIC,MOVBE,POPCNT,DEADLINE,AES,XSAVE,RDRAND,NXE,PAGE1GB,RDTSCP,LONG,LAHF,3DNOWP,PERF,ITSC,FSGSBASE,TSC_ADJUST,SMEP,ERMS,MPX,RDSEED,SMAP,CLFLUSHOPT,PT,SHA,MD_CLEAR,IBRS,IBPB,STIBP,SENSOR,ARAT,XSAVEOPT,XSAVEC,XGETBV1,XSAVES
cpu1: 1MB 64b/line 16-way L2 cache
cpu1: smt 0, core 1, package 0
cpu2 at mainbus0: apid 4 (application processor)
cpu2: Intel(R) Atom(TM) Processor E3950 @ 1.60GHz, 1596.37 MHz, 06-5c-09
cpu2: FPU,VME,DE,PSE,TSC,MSR,PAE,MCE,CX8,APIC,SEP,MTRR,PGE,MCA,CMOV,PAT,PSE36,CFLUSH,DS,ACPI,MMX,FXSR,SSE,SSE2,SS,HTT,TM,PBE,SSE3,PCLMUL,DTES64,MWAIT,DS-CPL,VMX,EST,TM2,SSSE3,SDBG,CX16,xTPR,PDCM,SSE4.1,SSE4.2,x2APIC,MOVBE,POPCNT,DEADLINE,AES,XSAVE,RDRAND,NXE,PAGE1GB,RDTSCP,LONG,LAHF,3DNOWP,PERF,ITSC,FSGSBASE,TSC_ADJUST,SMEP,ERMS,MPX,RDSEED,SMAP,CLFLUSHOPT,PT,SHA,MD_CLEAR,IBRS,IBPB,STIBP,SENSOR,ARAT,XSAVEOPT,XSAVEC,XGETBV1,XSAVES
cpu2: 1MB 64b/line 16-way L2 cache
cpu2: smt 0, core 2, package 0
cpu3 at mainbus0: apid 6 (application processor)
cpu3: Intel(R) Atom(TM) Processor E3950 @ 1.60GHz, 1596.35 MHz, 06-5c-09
cpu3: FPU,VME,DE,PSE,TSC,MSR,PAE,MCE,CX8,APIC,SEP,MTRR,PGE,MCA,CMOV,PAT,PSE36,CFLUSH,DS,ACPI,MMX,FXSR,SSE,SSE2,SS,HTT,TM,PBE,SSE3,PCLMUL,DTES64,MWAIT,DS-CPL,VMX,EST,TM2,SSSE3,SDBG,CX16,xTPR,PDCM,SSE4.1,SSE4.2,x2APIC,MOVBE,POPCNT,DEADLINE,AES,XSAVE,RDRAND,NXE,PAGE1GB,RDTSCP,LONG,LAHF,3DNOWP,PERF,ITSC,FSGSBASE,TSC_ADJUST,SMEP,ERMS,MPX,RDSEED,SMAP,CLFLUSHOPT,PT,SHA,MD_CLEAR,IBRS,IBPB,STIBP,SENSOR,ARAT,XSAVEOPT,XSAVEC,XGETBV1,XSAVES
cpu3: 1MB 64b/line 16-way L2 cache
cpu3: smt 0, core 3, package 0
ioapic0 at mainbus0: apid 1 pa 0xfec00000, version 20, 120 pins
acpiprt0 at acpi0: bus 0 (PCI0)
acpiprt1 at acpi0: bus -1 (RP01)
acpiprt2 at acpi0: bus -1 (RP02)
acpiprt3 at acpi0: bus -1 (RP03)
acpiprt4 at acpi0: bus 1 (RP04)
acpiprt5 at acpi0: bus 2 (RP05)
acpiprt6 at acpi0: bus -1 (RP06)
acpiec0 at acpi0: not present
acpicpu0 at acpi0: C3(10@150 mwait.1@0x60), C2(10@50 mwait.1@0x21), C1(1000@1 mwait.1@0x1), PSS
acpicpu1 at acpi0: C3(10@150 mwait.1@0x60), C2(10@50 mwait.1@0x21), C1(1000@1 mwait.1@0x1), PSS
acpicpu2 at acpi0: C3(10@150 mwait.1@0x60), C2(10@50 mwait.1@0x21), C1(1000@1 mwait.1@0x1), PSS
acpicpu3 at acpi0: C3(10@150 mwait.1@0x60), C2(10@50 mwait.1@0x21), C1(1000@1 mwait.1@0x1), PSS
acpipwrres0 at acpi0: FN00, resource for FAN0
acpitz0 at acpi0: critical temperature is 125 degC
acpipci0 at acpi0 PCI0: 0x00000000 0x00000011 0x00000001
&quot;INT3512&quot; at acpi0 not configured
&quot;INT3511&quot; at acpi0 not configured
acpicmos0 at acpi0
acpibtn0 at acpi0: PWRB
aplgpio0 at acpi0: GPO0 uid 1 addr 0xd0c50000/0x76c irq 14, 78 pins
aplgpio1 at acpi0: GPO1 uid 2 addr 0xd0c40000/0x764 irq 14, 77 pins
aplgpio2 at acpi0: GPO2 uid 3 addr 0xd0c70000/0x674 irq 14, 47 pins
aplgpio3 at acpi0: GPO3 uid 4 addr 0xd0c00000/0x654 irq 14, 43 pins
&quot;INT33A1&quot; at acpi0 not configured
&quot;MSFT0101&quot; at acpi0 not configured
&quot;PNP0C0B&quot; at acpi0 not configured
acpivideo0 at acpi0: GFX0
acpivout0 at acpivideo0: DD1F
cpu0: Enhanced SpeedStep 1596 MHz: speeds: 1601, 1600, 1500, 1400, 1300, 1200, 1100, 1000, 900, 800 MHz
pci0 at mainbus0 bus 0
pchb0 at pci0 dev 0 function 0 &quot;Intel Apollo Lake Host&quot; rev 0x0b
inteldrm0 at pci0 dev 2 function 0 &quot;Intel HD Graphics 505&quot; rev 0x0b
drm0 at inteldrm0
inteldrm0: msi
azalia0 at pci0 dev 14 function 0 &quot;Intel Apollo Lake HD Audio&quot; rev 0x0b: msi
azalia0: codecs: Realtek ALC1150, Intel/0x280a, using Realtek ALC1150
audio0 at azalia0
&quot;Intel Apollo Lake TXE&quot; rev 0x0b at pci0 dev 15 function 0 not configured
ahci0 at pci0 dev 18 function 0 &quot;Intel Apollo Lake AHCI&quot; rev 0x0b: msi, AHCI 1.3.1
ahci0: port 0: 6.0Gb/s
scsibus1 at ahci0: 32 targets
sd0 at scsibus1 targ 0 lun 0: &lt;ATA, Maximus 128G, Q092&gt; SCSI3 0/direct fixed naa.0000000000000000
sd0: 121896MB, 512 bytes/sector, 249644974 sectors, thin
ppb0 at pci0 dev 19 function 0 &quot;Intel Apollo Lake PCIE&quot; rev 0xfb: msi
pci1 at ppb0 bus 1
em0 at pci1 dev 0 function 0 &quot;Intel I211&quot; rev 0x03: msi, address xx:xx:xx:xx:xx:xx
ppb1 at pci0 dev 19 function 2 &quot;Intel Apollo Lake PCIE&quot; rev 0xfb: msi
pci2 at ppb1 bus 2
em1 at pci2 dev 0 function 0 &quot;Intel I211&quot; rev 0x03: msi, address xx:xx:xx:xx:xx:xx
xhci0 at pci0 dev 21 function 0 &quot;Intel Apollo Lake xHCI&quot; rev 0x0b: msi, xHCI 1.0
usb0 at xhci0: USB revision 3.0
uhub0 at usb0 configuration 1 interface 0 &quot;Intel xHCI root hub&quot; rev 3.00/1.00 addr 1
dwiic0 at pci0 dev 22 function 0 &quot;Intel Apollo Lake I2C&quot; rev 0x0b: apic 1 int 27
iic0 at dwiic0
dwiic1 at pci0 dev 22 function 1 &quot;Intel Apollo Lake I2C&quot; rev 0x0b: apic 1 int 28
iic1 at dwiic1
dwiic2 at pci0 dev 22 function 2 &quot;Intel Apollo Lake I2C&quot; rev 0x0b: apic 1 int 29
iic2 at dwiic2
dwiic3 at pci0 dev 22 function 3 &quot;Intel Apollo Lake I2C&quot; rev 0x0b: apic 1 int 30
iic3 at dwiic3
dwiic4 at pci0 dev 23 function 0 &quot;Intel Apollo Lake I2C&quot; rev 0x0b: apic 1 int 31
iic4 at dwiic4
dwiic5 at pci0 dev 23 function 1 &quot;Intel Apollo Lake I2C&quot; rev 0x0b: apic 1 int 32
iic5 at dwiic5
dwiic6 at pci0 dev 23 function 2 &quot;Intel Apollo Lake I2C&quot; rev 0x0b: apic 1 int 33
iic6 at dwiic6
dwiic7 at pci0 dev 23 function 3 &quot;Intel Apollo Lake I2C&quot; rev 0x0b: apic 1 int 34
iic7 at dwiic7
&quot;Intel Apollo Lake HSUART&quot; rev 0x0b at pci0 dev 24 function 0 not configured
vendor &quot;Intel&quot;, unknown product 0x5abe (class DASP subclass miscellaneous, rev 0x0b) at pci0 dev 24 function 1 not configured
vendor &quot;Intel&quot;, unknown product 0x5ac0 (class DASP subclass miscellaneous, rev 0x0b) at pci0 dev 24 function 2 not configured
vendor &quot;Intel&quot;, unknown product 0x5aee (class DASP subclass miscellaneous, rev 0x0b) at pci0 dev 24 function 3 not configured
pcib0 at pci0 dev 31 function 0 &quot;Intel Apollo Lake LPC&quot; rev 0x0b
ichiic0 at pci0 dev 31 function 1 &quot;Intel Apollo Lake SMBus&quot; rev 0x0b: apic 1 int 20
iic8 at ichiic0
spdmem0 at iic8 addr 0x50: 8GB DDR3 SDRAM PC3-12800 SO-DIMM
isa0 at pcib0
isadma0 at isa0
pcppi0 at isa0 port 0x61
spkr0 at pcppi0
vmm0 at mainbus0: VMX/EPT
efifb at mainbus0 not configured
vscsi0 at root
scsibus2 at vscsi0: 256 targets
softraid0 at root
scsibus3 at softraid0: 256 targets
root on sd0a (9c379f297cfdcc02.a) swap on sd0b dump on sd0b
inteldrm0: 1920x1080, 32bpp
wsdisplay0 at inteldrm0 mux 1: console (std, vt100 emulation)
wsdisplay0: screen 1-5 added (std, vt100 emulation)

</pre>



</div><!-- content -->
<br />
<div id="footer">
All comments/news/posts are the property of their individual owner and
is presented without warranty of suitability, and solely as an
informational resource. <br />
This site Copyright &copy; 2004-2020 NYC*BUG.
</div><!-- footer -->

</body>
</html>

