



<!doctype html>
<html lang="en">
<head>
<meta name="keywords"
	content="bsd, freebsd, openbsd, netbsd, dragonflybsd, nycbug, dmesgd" />
<meta name="description" content="New York City BSD User Group dmesgd" />
<meta charset="utf-8" />
<meta name="viewport" content="width=device-width, initial-scale=1" />
<title>NYC*BUG dmesgd</title>
<style>
body {
	text-align: left;
	margin: 15px auto;
	padding: 0px 10px;
}
@media (min-width: 800px) {
	body {
		max-width: 85%;
	}
}
#header {
	border-bottom: 1px solid #dbdbdb;
	font-size: 230%;
	text-align: left;
}
#footer {
	border-top: 1px solid #dbdbdb;
	clear: both;
	text-align: left;
}
.logo_bug {
	color: #cc0033;
}
#menu ul {
	list-style-type: none;
	margin: 0;
	padding: 0;
}
#menu li {
	float: left;
}
#menu li a {
	display: block;
	background-color: #dbdbdb;
	color: #000000;
	font-size: 105%;
	font-weight: bold;
	padding: 0px 6px 0px 6px;
	text-decoration: none;
}
#content {
	clear: both;
	text-align: left;
	padding-top: 10px;
}
#content h1 {
	font-size: 120%;
	font-weight: bold;
}
#content h2 {
	font-size: 110%;
	font-weight: bold;
}
#content a {
	text-decoration: none;
}
#content pre {
	background-color: #dbdbdb;
	padding: 5px 5px 5px 5px;
	white-space: pre-wrap;		/* css-3 */
	white-space: -moz-pre-wrap;	/* Mozilla, since 1999 */
	white-space: -pre-wrap;		/* Opera 4-6 */
	white-space: -o-pre-wrap;	/* Opera 7 */
	word-wrap: break-word;		/* Internet Explorer 5.5+ */
}
#content table {
	border-collapse: collapse;
}
#content table th {
	border: 1px solid #dbdbdb;
	font-size: 85%;
	white-space: nowrap;
}
#content table td {
	border: 1px solid #dbdbdb;
	font-size: 80%;
}
#content input {
	font-size: 1em;
}
#content .full	{ width: 100%; }
#content .left	{ text-align: left; }
#content .right	{ text-align: right; }
#content .center { text-align: center; }
#content .flexbox {
	display: -ms-flex;
	display: -webkit-flex;
	display: flex;
	width: 100%;
}
#content .left_col {
	min-width: 75px;
	max-width: 50%;
	flex-grow: 0;
}
#content .right_col {
	flex-grow: 1;
	margin-left: 10px;
	padding-top: 10px;
	padding-left: 10px;
}
#col {
	-moz-column-count: 3;
	-webkit-column-count: 3;
	column-count: 3;
}
</style>
</head>
<body>

<div id="header">
<strong><em>NYC*</em><span class="logo_bug">BUG</span> dmesgd</strong>
</div><!-- header -->

<div id="menu">
<ul>
<li><a href="https://dmesgd.nycbug.org/index.cgi?do=index">Home</a></li>
<li><a href="https://dmesgd.nycbug.org/index.cgi?do=submit">Submit</a></li>
<li><a href="https://www.nycbug.org/">NYC*BUG</a></li>
</ul>
</div><!-- menu -->

<div id="content">

<p>
Launched in 2004, dmesgd aims to provide a
<strong>user-submitted</strong> repository of searchable *BSD dmesgs.
The dmesg(8) command displays the system message buffer's content, and
during boot a copy is saved to <em>/var/run/dmesg.boot</em>.  This buffer
contains the operating system release, name and version, a list of
devices identified, plus a whole host of other useful information.  We
hope others find this resource useful and further contribute to its
growth. Contact us at [ admin at lists dot nycbug dot org ].
</p>

<hr />


<strong>Date:</strong> <em>2019-07-28 02:34:23</em><br />
<strong>From:</strong> <em>Andre Buskvekster</em><br />
<strong>Description:</strong> <em>Dell T5600, RAID disabled in BIOS, several peripherals</em><br />

<pre>
OpenBSD 6.5 (GENERIC.MP) #3: Sat Apr 13 14:48:43 MDT 2019
    xxx@xxx.xxx:/usr/src/sys/arch/amd64/compile/GENERIC.MP
real mem = 137378279424 (131014MB)
avail mem = 133205151744 (127034MB)
mpath0 at root
scsibus0 at mpath0: 256 targets
mainbus0 at root
bios0 at mainbus0: SMBIOS rev. 2.6 @ 0xf1e20 (125 entries)
bios0: vendor Dell Inc. version &quot;A18&quot; date 06/21/2018
bios0: Dell Inc. Precision T5600
acpi0 at bios0: rev 2
acpi0: sleep states S0 S1 S3 S4 S5
acpi0: tables DSDT FACP APIC MCFG TCPA SSDT SRAT SLIT HPET BOOT SSDT SLIC
acpi0: wakeup devices NPE2(S4) NPE3(S4) NPE7(S4) EHC1(S3) EHC2(S3) HDEF(S4) PXSX(S4) RP01(S4) PXSX(S4) RP02(S4) PXSX(S4) RP03(S4) PXSX(S4) RP04(S4) PXSX(S4) RP05(S4) [...]
acpitimer0 at acpi0: 3579545 Hz, 24 bits
acpimadt0 at acpi0 addr 0xfee00000: PC-AT compat
cpu0 at mainbus0: apid 0 (boot processor)
cpu0: Intel(R) Xeon(R) CPU E5-2620 0 @ 2.00GHz, 1995.52 MHz, 06-2d-07
cpu0: FPU,VME,DE,PSE,TSC,MSR,PAE,MCE,CX8,APIC,SEP,MTRR,PGE,MCA,CMOV,PAT,PSE36,CFLUSH,DS,ACPI,MMX,FXSR,SSE,SSE2,SS,HTT,TM,PBE,SSE3,PCLMUL,DTES64,MWAIT,DS-CPL,VMX,SMX,EST,TM2,SSSE3,CX16,xTPR,PDCM,PCID,DCA,SSE4.1,SSE4.2,x2APIC,POPCNT,DEADLINE,AES,XSAVE,AVX,NXE,PAGE1GB,RDTSCP,LONG,LAHF,PERF,ITSC,IBRS,IBPB,STIBP,L1DF,SSBD,SENSOR,ARAT,XSAVEOPT,MELTDOWN
cpu0: 256KB 64b/line 8-way L2 cache
cpu0: smt 0, core 0, package 0
mtrr: Pentium Pro MTRR support, 10 var ranges, 88 fixed ranges
cpu0: apic clock running at 99MHz
cpu0: mwait min=64, max=64, C-substates=0.2.1.1.2, IBE
cpu1 at mainbus0: apid 2 (application processor)
cpu1: Intel(R) Xeon(R) CPU E5-2620 0 @ 2.00GHz, 1995.20 MHz, 06-2d-07
cpu1: FPU,VME,DE,PSE,TSC,MSR,PAE,MCE,CX8,APIC,SEP,MTRR,PGE,MCA,CMOV,PAT,PSE36,CFLUSH,DS,ACPI,MMX,FXSR,SSE,SSE2,SS,HTT,TM,PBE,SSE3,PCLMUL,DTES64,MWAIT,DS-CPL,VMX,SMX,EST,TM2,SSSE3,CX16,xTPR,PDCM,PCID,DCA,SSE4.1,SSE4.2,x2APIC,POPCNT,DEADLINE,AES,XSAVE,AVX,NXE,PAGE1GB,RDTSCP,LONG,LAHF,PERF,ITSC,IBRS,IBPB,STIBP,L1DF,SSBD,SENSOR,ARAT,XSAVEOPT,MELTDOWN
cpu1: 256KB 64b/line 8-way L2 cache
cpu1: smt 0, core 1, package 0
cpu2 at mainbus0: apid 4 (application processor)
cpu2: Intel(R) Xeon(R) CPU E5-2620 0 @ 2.00GHz, 1995.19 MHz, 06-2d-07
cpu2: FPU,VME,DE,PSE,TSC,MSR,PAE,MCE,CX8,APIC,SEP,MTRR,PGE,MCA,CMOV,PAT,PSE36,CFLUSH,DS,ACPI,MMX,FXSR,SSE,SSE2,SS,HTT,TM,PBE,SSE3,PCLMUL,DTES64,MWAIT,DS-CPL,VMX,SMX,EST,TM2,SSSE3,CX16,xTPR,PDCM,PCID,DCA,SSE4.1,SSE4.2,x2APIC,POPCNT,DEADLINE,AES,XSAVE,AVX,NXE,PAGE1GB,RDTSCP,LONG,LAHF,PERF,ITSC,IBRS,IBPB,STIBP,L1DF,SSBD,SENSOR,ARAT,XSAVEOPT,MELTDOWN
cpu2: 256KB 64b/line 8-way L2 cache
cpu2: smt 0, core 2, package 0
cpu3 at mainbus0: apid 6 (application processor)
cpu3: Intel(R) Xeon(R) CPU E5-2620 0 @ 2.00GHz, 1995.19 MHz, 06-2d-07
cpu3: FPU,VME,DE,PSE,TSC,MSR,PAE,MCE,CX8,APIC,SEP,MTRR,PGE,MCA,CMOV,PAT,PSE36,CFLUSH,DS,ACPI,MMX,FXSR,SSE,SSE2,SS,HTT,TM,PBE,SSE3,PCLMUL,DTES64,MWAIT,DS-CPL,VMX,SMX,EST,TM2,SSSE3,CX16,xTPR,PDCM,PCID,DCA,SSE4.1,SSE4.2,x2APIC,POPCNT,DEADLINE,AES,XSAVE,AVX,NXE,PAGE1GB,RDTSCP,LONG,LAHF,PERF,ITSC,IBRS,IBPB,STIBP,L1DF,SSBD,SENSOR,ARAT,XSAVEOPT,MELTDOWN
cpu3: 256KB 64b/line 8-way L2 cache
cpu3: smt 0, core 3, package 0
cpu4 at mainbus0: apid 8 (application processor)
cpu4: Intel(R) Xeon(R) CPU E5-2620 0 @ 2.00GHz, 1995.19 MHz, 06-2d-07
cpu4: FPU,VME,DE,PSE,TSC,MSR,PAE,MCE,CX8,APIC,SEP,MTRR,PGE,MCA,CMOV,PAT,PSE36,CFLUSH,DS,ACPI,MMX,FXSR,SSE,SSE2,SS,HTT,TM,PBE,SSE3,PCLMUL,DTES64,MWAIT,DS-CPL,VMX,SMX,EST,TM2,SSSE3,CX16,xTPR,PDCM,PCID,DCA,SSE4.1,SSE4.2,x2APIC,POPCNT,DEADLINE,AES,XSAVE,AVX,NXE,PAGE1GB,RDTSCP,LONG,LAHF,PERF,ITSC,IBRS,IBPB,STIBP,L1DF,SSBD,SENSOR,ARAT,XSAVEOPT,MELTDOWN
cpu4: 256KB 64b/line 8-way L2 cache
cpu4: smt 0, core 4, package 0
cpu5 at mainbus0: apid 10 (application processor)
cpu5: Intel(R) Xeon(R) CPU E5-2620 0 @ 2.00GHz, 1995.19 MHz, 06-2d-07
cpu5: FPU,VME,DE,PSE,TSC,MSR,PAE,MCE,CX8,APIC,SEP,MTRR,PGE,MCA,CMOV,PAT,PSE36,CFLUSH,DS,ACPI,MMX,FXSR,SSE,SSE2,SS,HTT,TM,PBE,SSE3,PCLMUL,DTES64,MWAIT,DS-CPL,VMX,SMX,EST,TM2,SSSE3,CX16,xTPR,PDCM,PCID,DCA,SSE4.1,SSE4.2,x2APIC,POPCNT,DEADLINE,AES,XSAVE,AVX,NXE,PAGE1GB,RDTSCP,LONG,LAHF,PERF,ITSC,IBRS,IBPB,STIBP,L1DF,SSBD,SENSOR,ARAT,XSAVEOPT,MELTDOWN
cpu5: 256KB 64b/line 8-way L2 cache
cpu5: smt 0, core 5, package 0
cpu6 at mainbus0: apid 32 (application processor)
cpu6: Intel(R) Xeon(R) CPU E5-2620 0 @ 2.00GHz, 1995.19 MHz, 06-2d-07
cpu6: FPU,VME,DE,PSE,TSC,MSR,PAE,MCE,CX8,APIC,SEP,MTRR,PGE,MCA,CMOV,PAT,PSE36,CFLUSH,DS,ACPI,MMX,FXSR,SSE,SSE2,SS,HTT,TM,PBE,SSE3,PCLMUL,DTES64,MWAIT,DS-CPL,VMX,SMX,EST,TM2,SSSE3,CX16,xTPR,PDCM,PCID,DCA,SSE4.1,SSE4.2,x2APIC,POPCNT,DEADLINE,AES,XSAVE,AVX,NXE,PAGE1GB,RDTSCP,LONG,LAHF,PERF,ITSC,IBRS,IBPB,STIBP,L1DF,SSBD,SENSOR,ARAT,XSAVEOPT,MELTDOWN
cpu6: 256KB 64b/line 8-way L2 cache
cpu6: smt 0, core 0, package 1
cpu7 at mainbus0: apid 34 (application processor)
cpu7: Intel(R) Xeon(R) CPU E5-2620 0 @ 2.00GHz, 1995.19 MHz, 06-2d-07
cpu7: FPU,VME,DE,PSE,TSC,MSR,PAE,MCE,CX8,APIC,SEP,MTRR,PGE,MCA,CMOV,PAT,PSE36,CFLUSH,DS,ACPI,MMX,FXSR,SSE,SSE2,SS,HTT,TM,PBE,SSE3,PCLMUL,DTES64,MWAIT,DS-CPL,VMX,SMX,EST,TM2,SSSE3,CX16,xTPR,PDCM,PCID,DCA,SSE4.1,SSE4.2,x2APIC,POPCNT,DEADLINE,AES,XSAVE,AVX,NXE,PAGE1GB,RDTSCP,LONG,LAHF,PERF,ITSC,IBRS,IBPB,STIBP,L1DF,SSBD,SENSOR,ARAT,XSAVEOPT,MELTDOWN
cpu7: 256KB 64b/line 8-way L2 cache
cpu7: smt 0, core 1, package 1
cpu8 at mainbus0: apid 36 (application processor)
cpu8: Intel(R) Xeon(R) CPU E5-2620 0 @ 2.00GHz, 1995.19 MHz, 06-2d-07
cpu8: FPU,VME,DE,PSE,TSC,MSR,PAE,MCE,CX8,APIC,SEP,MTRR,PGE,MCA,CMOV,PAT,PSE36,CFLUSH,DS,ACPI,MMX,FXSR,SSE,SSE2,SS,HTT,TM,PBE,SSE3,PCLMUL,DTES64,MWAIT,DS-CPL,VMX,SMX,EST,TM2,SSSE3,CX16,xTPR,PDCM,PCID,DCA,SSE4.1,SSE4.2,x2APIC,POPCNT,DEADLINE,AES,XSAVE,AVX,NXE,PAGE1GB,RDTSCP,LONG,LAHF,PERF,ITSC,IBRS,IBPB,STIBP,L1DF,SSBD,SENSOR,ARAT,XSAVEOPT,MELTDOWN
cpu8: 256KB 64b/line 8-way L2 cache
cpu8: smt 0, core 2, package 1
cpu9 at mainbus0: apid 38 (application processor)
cpu9: Intel(R) Xeon(R) CPU E5-2620 0 @ 2.00GHz, 1995.19 MHz, 06-2d-07
cpu9: FPU,VME,DE,PSE,TSC,MSR,PAE,MCE,CX8,APIC,SEP,MTRR,PGE,MCA,CMOV,PAT,PSE36,CFLUSH,DS,ACPI,MMX,FXSR,SSE,SSE2,SS,HTT,TM,PBE,SSE3,PCLMUL,DTES64,MWAIT,DS-CPL,VMX,SMX,EST,TM2,SSSE3,CX16,xTPR,PDCM,PCID,DCA,SSE4.1,SSE4.2,x2APIC,POPCNT,DEADLINE,AES,XSAVE,AVX,NXE,PAGE1GB,RDTSCP,LONG,LAHF,PERF,ITSC,IBRS,IBPB,STIBP,L1DF,SSBD,SENSOR,ARAT,XSAVEOPT,MELTDOWN
cpu9: 256KB 64b/line 8-way L2 cache
cpu9: smt 0, core 3, package 1
cpu10 at mainbus0: apid 40 (application processor)
cpu10: Intel(R) Xeon(R) CPU E5-2620 0 @ 2.00GHz, 1995.19 MHz, 06-2d-07
cpu10: FPU,VME,DE,PSE,TSC,MSR,PAE,MCE,CX8,APIC,SEP,MTRR,PGE,MCA,CMOV,PAT,PSE36,CFLUSH,DS,ACPI,MMX,FXSR,SSE,SSE2,SS,HTT,TM,PBE,SSE3,PCLMUL,DTES64,MWAIT,DS-CPL,VMX,SMX,EST,TM2,SSSE3,CX16,xTPR,PDCM,PCID,DCA,SSE4.1,SSE4.2,x2APIC,POPCNT,DEADLINE,AES,XSAVE,AVX,NXE,PAGE1GB,RDTSCP,LONG,LAHF,PERF,ITSC,IBRS,IBPB,STIBP,L1DF,SSBD,SENSOR,ARAT,XSAVEOPT,MELTDOWN
cpu10: 256KB 64b/line 8-way L2 cache
cpu10: smt 0, core 4, package 1
cpu11 at mainbus0: apid 42 (application processor)
cpu11: Intel(R) Xeon(R) CPU E5-2620 0 @ 2.00GHz, 1995.19 MHz, 06-2d-07
cpu11: FPU,VME,DE,PSE,TSC,MSR,PAE,MCE,CX8,APIC,SEP,MTRR,PGE,MCA,CMOV,PAT,PSE36,CFLUSH,DS,ACPI,MMX,FXSR,SSE,SSE2,SS,HTT,TM,PBE,SSE3,PCLMUL,DTES64,MWAIT,DS-CPL,VMX,SMX,EST,TM2,SSSE3,CX16,xTPR,PDCM,PCID,DCA,SSE4.1,SSE4.2,x2APIC,POPCNT,DEADLINE,AES,XSAVE,AVX,NXE,PAGE1GB,RDTSCP,LONG,LAHF,PERF,ITSC,IBRS,IBPB,STIBP,L1DF,SSBD,SENSOR,ARAT,XSAVEOPT,MELTDOWN
cpu11: 256KB 64b/line 8-way L2 cache
cpu11: smt 0, core 5, package 1
ioapic0 at mainbus0: apid 0 pa 0xfec00000, version 20, 24 pins
ioapic1 at mainbus0: apid 2 pa 0xfec3f000, version 20, 24 pins
ioapic2 at mainbus0: apid 3 pa 0xfec7f000, version 20, 24 pins
acpimcfg0 at acpi0
acpimcfg0: addr 0xb0000000, bus 0-63
acpihpet0 at acpi0: 14318179 Hz
acpiprt0 at acpi0: bus 0 (PCI0)
acpiprt1 at acpi0: bus 1 (NPE1)
acpiprt2 at acpi0: bus -1 (SBUP)
acpiprt3 at acpi0: bus -1 (SBSW)
acpiprt4 at acpi0: bus 2 (NPE2)
acpiprt5 at acpi0: bus 6 (NPE3)
acpiprt6 at acpi0: bus 7 (NPE7)
acpiprt7 at acpi0: bus 9 (RP01)
acpiprt8 at acpi0: bus -1 (RP02)
acpiprt9 at acpi0: bus 10 (RP03)
acpiprt10 at acpi0: bus -1 (RP04)
acpiprt11 at acpi0: bus -1 (RP05)
acpiprt12 at acpi0: bus -1 (RP06)
acpiprt13 at acpi0: bus 8 (SBVP)
acpiprt14 at acpi0: bus 11 (P0P1)
acpiprt15 at acpi0: bus 32 (PCI1)
acpicpu0 at acpi0: C3(200@93 io@0x416), C3(350@93 io@0x415), C2(500@59 io@0x414), C1(1000@3 halt), PSS
acpicpu1 at acpi0: C3(200@93 io@0x416), C3(350@93 io@0x415), C2(500@59 io@0x414), C1(1000@3 halt), PSS
acpicpu2 at acpi0: C3(200@93 io@0x416), C3(350@93 io@0x415), C2(500@59 io@0x414), C1(1000@3 halt), PSS
acpicpu3 at acpi0: C3(200@93 io@0x416), C3(350@93 io@0x415), C2(500@59 io@0x414), C1(1000@3 halt), PSS
acpicpu4 at acpi0: C3(200@93 io@0x416), C3(350@93 io@0x415), C2(500@59 io@0x414), C1(1000@3 halt), PSS
acpicpu5 at acpi0: C3(200@93 io@0x416), C3(350@93 io@0x415), C2(500@59 io@0x414), C1(1000@3 halt), PSS
acpicpu6 at acpi0: C3(200@93 io@0x416), C3(350@93 io@0x415), C2(500@59 io@0x414), C1(1000@3 halt), PSS
acpicpu7 at acpi0: C3(200@93 io@0x416), C3(350@93 io@0x415), C2(500@59 io@0x414), C1(1000@3 halt), PSS
acpicpu8 at acpi0: C3(200@93 io@0x416), C3(350@93 io@0x415), C2(500@59 io@0x414), C1(1000@3 halt), PSS
acpicpu9 at acpi0: C3(200@93 io@0x416), C3(350@93 io@0x415), C2(500@59 io@0x414), C1(1000@3 halt), PSS
acpicpu10 at acpi0: C3(200@93 io@0x416), C3(350@93 io@0x415), C2(500@59 io@0x414), C1(1000@3 halt), PSS
acpicpu11 at acpi0: C3(200@93 io@0x416), C3(350@93 io@0x415), C2(500@59 io@0x414), C1(1000@3 halt), PSS
acpipci0 at acpi0 PCI0: 0x00000010 0x00000011 0x00000000
acpicmos0 at acpi0
acpipci1 at acpi0 PCI1: 0x00000010 0x00000011 0x00000000
acpibtn0 at acpi0: PWRB
cpu0: Enhanced SpeedStep 1995 MHz: speeds: 2001, 2000, 1800, 1600, 1400, 1200 MHz
pci0 at mainbus0 bus 0
pchb0 at pci0 dev 0 function 0 &quot;Intel E5 Host&quot; rev 0x07
ppb0 at pci0 dev 1 function 0 &quot;Intel E5 PCIE&quot; rev 0x07
pci1 at ppb0 bus 1
ppb1 at pci0 dev 1 function 1 &quot;Intel E5 PCIE&quot; rev 0x07: msi
pci2 at ppb1 bus 2
ppb2 at pci2 dev 0 function 0 &quot;IDT 89HPES12N3A&quot; rev 0x0e
pci3 at ppb2 bus 3
ppb3 at pci3 dev 2 function 0 &quot;IDT 89HPES12N3A&quot; rev 0x0e
pci4 at ppb3 bus 4
em0 at pci4 dev 0 function 0 &quot;Intel 82571EB&quot; rev 0x06: apic 2 int 5, address xx:xx:xx:xx:xx:xx
em1 at pci4 dev 0 function 1 &quot;Intel 82571EB&quot; rev 0x06: apic 2 int 4, address xx:xx:xx:xx:xx:xx
ppb4 at pci3 dev 4 function 0 &quot;IDT 89HPES12N3A&quot; rev 0x0e
pci5 at ppb4 bus 5
em2 at pci5 dev 0 function 0 &quot;Intel 82571EB&quot; rev 0x06: apic 2 int 6, address xx:xx:xx:xx:xx:xx
em3 at pci5 dev 0 function 1 &quot;Intel 82571EB&quot; rev 0x06: apic 2 int 3, address xx:xx:xx:xx:xx:xx
ppb5 at pci0 dev 2 function 0 &quot;Intel E5 PCIE&quot; rev 0x07: msi
pci6 at ppb5 bus 6
radeondrm0 at pci6 dev 0 function 0 &quot;ATI Radeon HD 8490&quot; rev 0x00
drm0 at radeondrm0
radeondrm0: msi
azalia0 at pci6 dev 0 function 1 &quot;ATI Radeon HD 6400 Audio&quot; rev 0x00: msi
azalia0: no supported codecs
ppb6 at pci0 dev 3 function 0 &quot;Intel E5 PCIE&quot; rev 0x07: msi
pci7 at ppb6 bus 7
qle0 at pci7 dev 0 function 0 &quot;QLogic ISP2532&quot; rev 0x02: msi
qle0: firmware rev 5.5.0, attrs 0x8080
scsibus1 at qle0: 2048 targets, WWPN 21000024ff4fe4ae, WWNN 20000024ff4fe4ae
qle1 at pci7 dev 0 function 1 &quot;QLogic ISP2532&quot; rev 0x02: msi
qle1: firmware rev 5.5.0, attrs 0x8080
scsibus2 at qle1: 2048 targets, WWPN 21000024ff4fe4af, WWNN 20000024ff4fe4af
&quot;Intel E5 Address Map&quot; rev 0x07 at pci0 dev 5 function 0 not configured
&quot;Intel E5 Error Reporting&quot; rev 0x07 at pci0 dev 5 function 2 not configured
&quot;Intel E5 I/O APIC&quot; rev 0x07 at pci0 dev 5 function 4 not configured
ppb7 at pci0 dev 17 function 0 &quot;Intel C600 Virtual PCIE&quot; rev 0x05
pci8 at ppb7 bus 8
vendor &quot;Intel&quot;, unknown product 0x1d6b (class mass storage subclass SAS, rev 0x05) at pci8 dev 0 function 0 not configured
ichiic0 at pci8 dev 0 function 3 &quot;Intel C600 SMBus&quot; rev 0x05: SMBus disabled
&quot;Intel C600 MEI&quot; rev 0x05 at pci0 dev 22 function 0 not configured
em4 at pci0 dev 25 function 0 &quot;Intel 82579LM&quot; rev 0x05: msi, address xx:xx:xx:xx:xx:xx
ehci0 at pci0 dev 26 function 0 &quot;Intel C600 USB&quot; rev 0x05: apic 0 int 16
usb0 at ehci0: USB revision 2.0
uhub0 at usb0 configuration 1 interface 0 &quot;Intel EHCI root hub&quot; rev 2.00/1.00 addr 1
azalia1 at pci0 dev 27 function 0 &quot;Intel C600 HD Audio&quot; rev 0x05: msi
azalia1: codecs: Realtek ALC269
audio0 at azalia1
ppb8 at pci0 dev 28 function 0 &quot;Intel C600 PCIE&quot; rev 0xb5: msi
pci9 at ppb8 bus 9
ppb9 at pci0 dev 28 function 2 &quot;Intel C600 PCIE&quot; rev 0xb5: msi
pci10 at ppb9 bus 10
xhci0 at pci10 dev 0 function 0 &quot;NEC xHCI&quot; rev 0x04: msi, xHCI 0.96
usb1 at xhci0: USB revision 3.0
uhub1 at usb1 configuration 1 interface 0 &quot;NEC xHCI root hub&quot; rev 3.00/1.00 addr 1
ehci1 at pci0 dev 29 function 0 &quot;Intel C600 USB&quot; rev 0x05: apic 0 int 17
usb2 at ehci1: USB revision 2.0
uhub2 at usb2 configuration 1 interface 0 &quot;Intel EHCI root hub&quot; rev 2.00/1.00 addr 1
ppb10 at pci0 dev 30 function 0 &quot;Intel 82801BA Hub-to-PCI&quot; rev 0xa5
pci11 at ppb10 bus 11
ohci0 at pci11 dev 4 function 0 &quot;NEC USB&quot; rev 0x43: apic 0 int 16, version 1.0
ohci1 at pci11 dev 4 function 1 &quot;NEC USB&quot; rev 0x43: apic 0 int 17, version 1.0
ehci2 at pci11 dev 4 function 2 &quot;NEC USB&quot; rev 0x04: apic 0 int 18
usb3 at ehci2: USB revision 2.0
uhub3 at usb3 configuration 1 interface 0 &quot;NEC EHCI root hub&quot; rev 2.00/1.00 addr 1
usb4 at ohci0: USB revision 1.0
uhub4 at usb4 configuration 1 interface 0 &quot;NEC OHCI root hub&quot; rev 1.00/1.00 addr 1
usb5 at ohci1: USB revision 1.0
uhub5 at usb5 configuration 1 interface 0 &quot;NEC OHCI root hub&quot; rev 1.00/1.00 addr 1
pcib0 at pci0 dev 31 function 0 &quot;Intel C600 LPC&quot; rev 0x05
ahci0 at pci0 dev 31 function 2 &quot;Intel C600 AHCI&quot; rev 0x05: msi, AHCI 1.3
ahci0: port 0: 6.0Gb/s
ahci0: port 1: 6.0Gb/s
scsibus3 at ahci0: 32 targets
sd0 at scsibus3 targ 0 lun 0: &lt;ATA, Micron_1100_MTFD, M0M&gt; SCSI3 0/direct fixed naa.500a07511b3bff25
sd0: 1953514MB, 512 bytes/sector, 4000797360 sectors, thin
sd1 at scsibus3 targ 1 lun 0: &lt;ATA, WDC WD30EFRX-68A, 80.0&gt; SCSI3 0/direct fixed naa.50014ee00373bffc
sd1: 2861588MB, 512 bytes/sector, 5860533168 sectors
ichiic1 at pci0 dev 31 function 3 &quot;Intel C600 SMBus&quot; rev 0x05: apic 0 int 18
iic0 at ichiic1
isa0 at pcib0
isadma0 at isa0
com0 at isa0 port 0x3f8/8 irq 4: ns16550a, 16 byte fifo
pckbc0 at isa0 port 0x60/5 irq 1 irq 12
pckbd0 at pckbc0 (kbd slot)
wskbd0 at pckbd0: console keyboard
pms0 at pckbc0 (aux slot)
wsmouse0 at pms0 mux 0
pcppi0 at isa0 port 0x61
spkr0 at pcppi0
pci12 at mainbus0 bus 32
ppb11 at pci12 dev 0 function 0 &quot;Intel E5 PCIE&quot; rev 0x07
pci13 at ppb11 bus 33
ppb12 at pci12 dev 2 function 0 &quot;Intel E5 PCIE&quot; rev 0x07: msi
pci14 at ppb12 bus 34
ppb13 at pci12 dev 3 function 0 &quot;Intel E5 PCIE&quot; rev 0x07: msi
pci15 at ppb13 bus 35
&quot;Intel E5 Address Map&quot; rev 0x07 at pci12 dev 5 function 0 not configured
&quot;Intel E5 Error Reporting&quot; rev 0x07 at pci12 dev 5 function 2 not configured
&quot;Intel E5 I/O APIC&quot; rev 0x07 at pci12 dev 5 function 4 not configured
vmm0 at mainbus0: VMX/EPT
uhub6 at uhub0 port 1 configuration 1 interface 0 &quot;Intel Rate Matching Hub&quot; rev 2.00/0.00 addr 2
uhub7 at uhub2 port 1 configuration 1 interface 0 &quot;Intel Rate Matching Hub&quot; rev 2.00/0.00 addr 2
umass0 at uhub7 port 3 configuration 1 interface 0 &quot;Generic Mass storage&quot; rev 2.00/0.01 addr 3
umass0: using SCSI over Bulk-Only
scsibus4 at umass0: 2 targets, initiator 0
sd2 at scsibus4 targ 1 lun 0: &lt;Generic, Flash-Disk, 1.08&gt; SCSI2 0/direct removable
sd2: 501MB, 512 bytes/sector, 1026816 sectors
uhub8 at uhub7 port 6 configuration 1 interface 0 &quot;Terminus Technology USB 2.0 Hub&quot; rev 2.00/1.11 addr 4
uhub9 at uhub8 port 1 configuration 1 interface 0 &quot;Terminus Technology USB 2.0 Hub&quot; rev 2.00/1.11 addr 5
uhidev0 at uhub9 port 1 configuration 1 interface 0 &quot;Logitech USB Optical Mouse&quot; rev 2.00/43.01 addr 6
uhidev0: iclass 3/1
ums0 at uhidev0: 3 buttons, Z dir
wsmouse1 at ums0 mux 0
uhidev1 at uhub9 port 2 configuration 1 interface 0 &quot;Microdia / Sonix Technology Co., Ltd. USB Keyboard&quot; rev 2.00/1.02 addr 7
uhidev1: iclass 3/1
ukbd0 at uhidev1: 8 variable keys, 6 key codes
wskbd1 at ukbd0 mux 1
uhidev2 at uhub9 port 2 configuration 1 interface 1 &quot;Microdia / Sonix Technology Co., Ltd. USB Keyboard&quot; rev 2.00/1.02 addr 7
uhidev2: iclass 3/1, 1 report id
uhid0 at uhidev2 reportid 1: input=2, output=0, feature=0
uhidev3 at uhub8 port 2 configuration 1 interface 0 &quot;SONiX USB Device&quot; rev 2.00/0.01 addr 8
uhidev3: iclass 3/1
ukbd1 at uhidev3: 8 variable keys, 6 key codes
wskbd2 at ukbd1 mux 1
uhidev4 at uhub8 port 2 configuration 1 interface 1 &quot;SONiX USB Device&quot; rev 2.00/0.01 addr 8
uhidev4: iclass 3/1, 2 report ids
ums1 at uhidev4 reportid 1: 5 buttons, Z dir
wsmouse2 at ums1 mux 0
uhid1 at uhidev4 reportid 2: input=1, output=0, feature=0
uhidev5 at uhub7 port 7 configuration 1 interface 0 &quot;KINESIS FREESTYLE KB700 KB700 Kinesis Freestyle&quot; rev 1.10/1.22 addr 9
uhidev5: iclass 3/1
ukbd2 at uhidev5: 8 variable keys, 6 key codes
wskbd3 at ukbd2 mux 1
uhidev6 at uhub7 port 7 configuration 1 interface 1 &quot;KINESIS FREESTYLE KB700 KB700 Kinesis Freestyle&quot; rev 1.10/1.22 addr 9
uhidev6: iclass 3/0, 3 report ids
uhid2 at uhidev6 reportid 2: input=1, output=0, feature=0
uhid3 at uhidev6 reportid 3: input=2, output=0, feature=0
uxrcom0 at uhub7 port 8 configuration 1 interface 0 &quot;Exar XR21V1410&quot; rev 2.00/0.03 addr 10
ucom0 at uxrcom0 portno 0
vscsi0 at root
scsibus5 at vscsi0: 256 targets
softraid0 at root
scsibus6 at softraid0: 256 targets
root on sd0a (abf2caf27802c3e7.a) swap on sd0b dump on sd0b
WARNING: / was not properly unmounted
initializing kernel modesetting (CAICOS 0x1002:0x6771 0x1028:0x2120).
radeondrm0: 1920x1080, 32bpp
wsdisplay0 at radeondrm0 mux 1: console (std, vt100 emulation), using wskbd0
wskbd1: connecting to wsdisplay0
wskbd2: connecting to wsdisplay0
wskbd3: connecting to wsdisplay0
wsdisplay0: screen 1-5 added (std, vt100 emulation)

</pre>



</div><!-- content -->
<br />
<div id="footer">
All comments/news/posts are the property of their individual owner and
is presented without warranty of suitability, and solely as an
informational resource. <br />
This site Copyright &copy; 2004-2020 NYC*BUG.
</div><!-- footer -->

</body>
</html>

