



<!doctype html>
<html lang="en">
<head>
<meta name="keywords"
	content="bsd, freebsd, openbsd, netbsd, dragonflybsd, nycbug, dmesgd" />
<meta name="description" content="New York City BSD User Group dmesgd" />
<meta charset="utf-8" />
<meta name="viewport" content="width=device-width, initial-scale=1" />
<title>NYC*BUG dmesgd</title>
<style>
body {
	text-align: left;
	margin: 15px auto;
	padding: 0px 10px;
}
@media (min-width: 800px) {
	body {
		max-width: 85%;
	}
}
#header {
	border-bottom: 1px solid #dbdbdb;
	font-size: 230%;
	text-align: left;
}
#footer {
	border-top: 1px solid #dbdbdb;
	clear: both;
	text-align: left;
}
.logo_bug {
	color: #cc0033;
}
#menu ul {
	list-style-type: none;
	margin: 0;
	padding: 0;
}
#menu li {
	float: left;
}
#menu li a {
	display: block;
	background-color: #dbdbdb;
	color: #000000;
	font-size: 105%;
	font-weight: bold;
	padding: 0px 6px 0px 6px;
	text-decoration: none;
}
#content {
	clear: both;
	text-align: left;
	padding-top: 10px;
}
#content h1 {
	font-size: 120%;
	font-weight: bold;
}
#content h2 {
	font-size: 110%;
	font-weight: bold;
}
#content a {
	text-decoration: none;
}
#content pre {
	background-color: #dbdbdb;
	padding: 5px 5px 5px 5px;
	white-space: pre-wrap;		/* css-3 */
	white-space: -moz-pre-wrap;	/* Mozilla, since 1999 */
	white-space: -pre-wrap;		/* Opera 4-6 */
	white-space: -o-pre-wrap;	/* Opera 7 */
	word-wrap: break-word;		/* Internet Explorer 5.5+ */
}
#content table {
	border-collapse: collapse;
}
#content table th {
	border: 1px solid #dbdbdb;
	font-size: 85%;
	white-space: nowrap;
}
#content table td {
	border: 1px solid #dbdbdb;
	font-size: 80%;
}
#content input {
	font-size: 1em;
}
#content .full	{ width: 100%; }
#content .left	{ text-align: left; }
#content .right	{ text-align: right; }
#content .center { text-align: center; }
#content .flexbox {
	display: -ms-flex;
	display: -webkit-flex;
	display: flex;
	width: 100%;
}
#content .left_col {
	min-width: 75px;
	max-width: 50%;
	flex-grow: 0;
}
#content .right_col {
	flex-grow: 1;
	margin-left: 10px;
	padding-top: 10px;
	padding-left: 10px;
}
#col {
	-moz-column-count: 3;
	-webkit-column-count: 3;
	column-count: 3;
}
</style>
</head>
<body>

<div id="header">
<strong><em>NYC*</em><span class="logo_bug">BUG</span> dmesgd</strong>
</div><!-- header -->

<div id="menu">
<ul>
<li><a href="https://dmesgd.nycbug.org/index.cgi?do=index">Home</a></li>
<li><a href="https://dmesgd.nycbug.org/index.cgi?do=submit">Submit</a></li>
<li><a href="https://www.nycbug.org/">NYC*BUG</a></li>
</ul>
</div><!-- menu -->

<div id="content">

<p>
Launched in 2004, dmesgd aims to provide a
<strong>user-submitted</strong> repository of searchable *BSD dmesgs.
The dmesg(8) command displays the system message buffer's content, and
during boot a copy is saved to <em>/var/run/dmesg.boot</em>.  This buffer
contains the operating system release, name and version, a list of
devices identified, plus a whole host of other useful information.  We
hope others find this resource useful and further contribute to its
growth. Contact us at [ admin at lists dot nycbug dot org ].
</p>

<hr />


<strong>Date:</strong> <em>2019-10-12 16:51:19</em><br />
<strong>From:</strong> <em>Head_on_a_Stick</em><br />
<strong>Description:</strong> <em>ThinkPad E485 Ryzen 2500U with Vega 8 graphics</em><br />

<pre>
OpenBSD 6.6 (GENERIC.MP) #371: Sat Oct 12 02:46:44 MDT 2019
    xxx@xxx.xxx:/usr/src/sys/arch/amd64/compile/GENERIC.MP
real mem = 16790142976 (16012MB)
avail mem = 16268578816 (15514MB)
mpath0 at root
scsibus0 at mpath0: 256 targets
mainbus0 at root
bios0 at mainbus0: SMBIOS rev. 3.1 @ 0x9a6d9000 (62 entries)
bios0: vendor LENOVO version &quot;R0UET72W (1.52)&quot; date 03/27/2019
bios0: LENOVO 20KUCTO1WW
acpi0 at bios0: ACPI 5.0
acpi0: sleep states S0 S3 S4 S5
acpi0: tables DSDT FACP SSDT SSDT CRAT CDIT SSDT TPM2 UEFI MSDM BATB HPET APIC MCFG SBST WSMT VFCT IVRS FPDT SSDT SSDT SSDT BGRT UEFI SSDT
acpi0: wakeup devices GPP0(S3) GPP1(S3) GPP2(S3) GPP3(S3) GPP4(S3) GPP5(S3) GPP6(S3) GP17(S3) XHC0(S3) XHC1(S3) GP18(S3) LID_(S3) SLPB(S3)
acpitimer0 at acpi0: 3579545 Hz, 32 bits
acpihpet0 at acpi0: 14318180 Hz
acpimadt0 at acpi0 addr 0xfee00000: PC-AT compat
cpu0 at mainbus0: apid 0 (boot processor)
cpu0: AMD Ryzen 5 2500U with Radeon Vega Mobile Gfx, 1996.61 MHz, 17-11-00
cpu0: FPU,VME,DE,PSE,TSC,MSR,PAE,MCE,CX8,APIC,SEP,MTRR,PGE,MCA,CMOV,PAT,PSE36,CFLUSH,MMX,FXSR,SSE,SSE2,HTT,SSE3,PCLMUL,MWAIT,SSSE3,FMA3,CX16,SSE4.1,SSE4.2,MOVBE,POPCNT,AES,XSAVE,AVX,F16C,RDRAND,NXE,MMXX,FFXSR,PAGE1GB,RDTSCP,LONG,LAHF,CMPLEG,SVM,EAPICSP,AMCR8,ABM,SSE4A,MASSE,3DNOWP,OSVW,SKINIT,TCE,TOPEXT,CPCTR,DBKP,PCTRL3,MWAITX,ITSC,FSGSBASE,BMI1,AVX2,SMEP,BMI2,RDSEED,ADX,SMAP,CLFLUSHOPT,SHA,IBPB,XSAVEOPT,XSAVEC,XGETBV1,XSAVES
cpu0: 64KB 64b/line 4-way I-cache, 32KB 64b/line 8-way D-cache, 512KB 64b/line 8-way L2 cache, 4MB 64b/line 16-way L3 cache
cpu0: ITLB 64 4KB entries fully associative, 64 4MB entries fully associative
cpu0: DTLB 64 4KB entries fully associative, 64 4MB entries fully associative
tsc_timecounter_init: TSC skew=0 observed drift=0
cpu0: smt 0, core 0, package 0
mtrr: Pentium Pro MTRR support, 8 var ranges, 88 fixed ranges
cpu0: apic clock running at 24MHz
cpu0: mwait min=64, max=64, C-substates=1.1, IBE
cpu1 at mainbus0: apid 1 (application processor)
TSC skew=-7752893858
cpu1: AMD Ryzen 5 2500U with Radeon Vega Mobile Gfx, 1996.23 MHz, 17-11-00
cpu1: FPU,VME,DE,PSE,TSC,MSR,PAE,MCE,CX8,APIC,SEP,MTRR,PGE,MCA,CMOV,PAT,PSE36,CFLUSH,MMX,FXSR,SSE,SSE2,HTT,SSE3,PCLMUL,MWAIT,SSSE3,FMA3,CX16,SSE4.1,SSE4.2,MOVBE,POPCNT,AES,XSAVE,AVX,F16C,RDRAND,NXE,MMXX,FFXSR,PAGE1GB,RDTSCP,LONG,LAHF,CMPLEG,SVM,EAPICSP,AMCR8,ABM,SSE4A,MASSE,3DNOWP,OSVW,SKINIT,TCE,TOPEXT,CPCTR,DBKP,PCTRL3,MWAITX,ITSC,FSGSBASE,BMI1,AVX2,SMEP,BMI2,RDSEED,ADX,SMAP,CLFLUSHOPT,SHA,IBPB,XSAVEOPT,XSAVEC,XGETBV1,XSAVES
cpu1: 64KB 64b/line 4-way I-cache, 32KB 64b/line 8-way D-cache, 512KB 64b/line 8-way L2 cache, 4MB 64b/line 16-way L3 cache
cpu1: ITLB 64 4KB entries fully associative, 64 4MB entries fully associative
cpu1: DTLB 64 4KB entries fully associative, 64 4MB entries fully associative
tsc_timecounter_init: TSC skew=-7752893858 observed drift=0
cpu1: smt 1, core 0, package 0
cpu2 at mainbus0: apid 2 (application processor)
TSC skew=-7752893908
cpu2: AMD Ryzen 5 2500U with Radeon Vega Mobile Gfx, 1996.23 MHz, 17-11-00
cpu2: FPU,VME,DE,PSE,TSC,MSR,PAE,MCE,CX8,APIC,SEP,MTRR,PGE,MCA,CMOV,PAT,PSE36,CFLUSH,MMX,FXSR,SSE,SSE2,HTT,SSE3,PCLMUL,MWAIT,SSSE3,FMA3,CX16,SSE4.1,SSE4.2,MOVBE,POPCNT,AES,XSAVE,AVX,F16C,RDRAND,NXE,MMXX,FFXSR,PAGE1GB,RDTSCP,LONG,LAHF,CMPLEG,SVM,EAPICSP,AMCR8,ABM,SSE4A,MASSE,3DNOWP,OSVW,SKINIT,TCE,TOPEXT,CPCTR,DBKP,PCTRL3,MWAITX,ITSC,FSGSBASE,BMI1,AVX2,SMEP,BMI2,RDSEED,ADX,SMAP,CLFLUSHOPT,SHA,IBPB,XSAVEOPT,XSAVEC,XGETBV1,XSAVES
cpu2: 64KB 64b/line 4-way I-cache, 32KB 64b/line 8-way D-cache, 512KB 64b/line 8-way L2 cache, 4MB 64b/line 16-way L3 cache
cpu2: ITLB 64 4KB entries fully associative, 64 4MB entries fully associative
cpu2: DTLB 64 4KB entries fully associative, 64 4MB entries fully associative
tsc_timecounter_init: TSC skew=-7752893908 observed drift=0
cpu2: smt 0, core 1, package 0
cpu3 at mainbus0: apid 3 (application processor)
TSC skew=-7752893878
cpu3: AMD Ryzen 5 2500U with Radeon Vega Mobile Gfx, 1996.23 MHz, 17-11-00
cpu3: FPU,VME,DE,PSE,TSC,MSR,PAE,MCE,CX8,APIC,SEP,MTRR,PGE,MCA,CMOV,PAT,PSE36,CFLUSH,MMX,FXSR,SSE,SSE2,HTT,SSE3,PCLMUL,MWAIT,SSSE3,FMA3,CX16,SSE4.1,SSE4.2,MOVBE,POPCNT,AES,XSAVE,AVX,F16C,RDRAND,NXE,MMXX,FFXSR,PAGE1GB,RDTSCP,LONG,LAHF,CMPLEG,SVM,EAPICSP,AMCR8,ABM,SSE4A,MASSE,3DNOWP,OSVW,SKINIT,TCE,TOPEXT,CPCTR,DBKP,PCTRL3,MWAITX,ITSC,FSGSBASE,BMI1,AVX2,SMEP,BMI2,RDSEED,ADX,SMAP,CLFLUSHOPT,SHA,IBPB,XSAVEOPT,XSAVEC,XGETBV1,XSAVES
cpu3: 64KB 64b/line 4-way I-cache, 32KB 64b/line 8-way D-cache, 512KB 64b/line 8-way L2 cache, 4MB 64b/line 16-way L3 cache
cpu3: ITLB 64 4KB entries fully associative, 64 4MB entries fully associative
cpu3: DTLB 64 4KB entries fully associative, 64 4MB entries fully associative
tsc_timecounter_init: TSC skew=-7752893878 observed drift=0
cpu3: smt 1, core 1, package 0
cpu4 at mainbus0: apid 4 (application processor)
TSC skew=-7752893888
cpu4: AMD Ryzen 5 2500U with Radeon Vega Mobile Gfx, 1996.23 MHz, 17-11-00
cpu4: FPU,VME,DE,PSE,TSC,MSR,PAE,MCE,CX8,APIC,SEP,MTRR,PGE,MCA,CMOV,PAT,PSE36,CFLUSH,MMX,FXSR,SSE,SSE2,HTT,SSE3,PCLMUL,MWAIT,SSSE3,FMA3,CX16,SSE4.1,SSE4.2,MOVBE,POPCNT,AES,XSAVE,AVX,F16C,RDRAND,NXE,MMXX,FFXSR,PAGE1GB,RDTSCP,LONG,LAHF,CMPLEG,SVM,EAPICSP,AMCR8,ABM,SSE4A,MASSE,3DNOWP,OSVW,SKINIT,TCE,TOPEXT,CPCTR,DBKP,PCTRL3,MWAITX,ITSC,FSGSBASE,BMI1,AVX2,SMEP,BMI2,RDSEED,ADX,SMAP,CLFLUSHOPT,SHA,IBPB,XSAVEOPT,XSAVEC,XGETBV1,XSAVES
cpu4: 64KB 64b/line 4-way I-cache, 32KB 64b/line 8-way D-cache, 512KB 64b/line 8-way L2 cache, 4MB 64b/line 16-way L3 cache
cpu4: ITLB 64 4KB entries fully associative, 64 4MB entries fully associative
cpu4: DTLB 64 4KB entries fully associative, 64 4MB entries fully associative
tsc_timecounter_init: TSC skew=-7752893888 observed drift=0
cpu4: smt 0, core 2, package 0
cpu5 at mainbus0: apid 5 (application processor)
TSC skew=-7752893888
cpu5: AMD Ryzen 5 2500U with Radeon Vega Mobile Gfx, 1996.23 MHz, 17-11-00
cpu5: FPU,VME,DE,PSE,TSC,MSR,PAE,MCE,CX8,APIC,SEP,MTRR,PGE,MCA,CMOV,PAT,PSE36,CFLUSH,MMX,FXSR,SSE,SSE2,HTT,SSE3,PCLMUL,MWAIT,SSSE3,FMA3,CX16,SSE4.1,SSE4.2,MOVBE,POPCNT,AES,XSAVE,AVX,F16C,RDRAND,NXE,MMXX,FFXSR,PAGE1GB,RDTSCP,LONG,LAHF,CMPLEG,SVM,EAPICSP,AMCR8,ABM,SSE4A,MASSE,3DNOWP,OSVW,SKINIT,TCE,TOPEXT,CPCTR,DBKP,PCTRL3,MWAITX,ITSC,FSGSBASE,BMI1,AVX2,SMEP,BMI2,RDSEED,ADX,SMAP,CLFLUSHOPT,SHA,IBPB,XSAVEOPT,XSAVEC,XGETBV1,XSAVES
cpu5: 64KB 64b/line 4-way I-cache, 32KB 64b/line 8-way D-cache, 512KB 64b/line 8-way L2 cache, 4MB 64b/line 16-way L3 cache
cpu5: ITLB 64 4KB entries fully associative, 64 4MB entries fully associative
cpu5: DTLB 64 4KB entries fully associative, 64 4MB entries fully associative
tsc_timecounter_init: TSC skew=-7752893888 observed drift=0
cpu5: smt 1, core 2, package 0
cpu6 at mainbus0: apid 6 (application processor)
TSC skew=-7752893888
cpu6: AMD Ryzen 5 2500U with Radeon Vega Mobile Gfx, 1996.23 MHz, 17-11-00
cpu6: FPU,VME,DE,PSE,TSC,MSR,PAE,MCE,CX8,APIC,SEP,MTRR,PGE,MCA,CMOV,PAT,PSE36,CFLUSH,MMX,FXSR,SSE,SSE2,HTT,SSE3,PCLMUL,MWAIT,SSSE3,FMA3,CX16,SSE4.1,SSE4.2,MOVBE,POPCNT,AES,XSAVE,AVX,F16C,RDRAND,NXE,MMXX,FFXSR,PAGE1GB,RDTSCP,LONG,LAHF,CMPLEG,SVM,EAPICSP,AMCR8,ABM,SSE4A,MASSE,3DNOWP,OSVW,SKINIT,TCE,TOPEXT,CPCTR,DBKP,PCTRL3,MWAITX,ITSC,FSGSBASE,BMI1,AVX2,SMEP,BMI2,RDSEED,ADX,SMAP,CLFLUSHOPT,SHA,IBPB,XSAVEOPT,XSAVEC,XGETBV1,XSAVES
cpu6: 64KB 64b/line 4-way I-cache, 32KB 64b/line 8-way D-cache, 512KB 64b/line 8-way L2 cache, 4MB 64b/line 16-way L3 cache
cpu6: ITLB 64 4KB entries fully associative, 64 4MB entries fully associative
cpu6: DTLB 64 4KB entries fully associative, 64 4MB entries fully associative
tsc_timecounter_init: TSC skew=-7752893888 observed drift=0
cpu6: smt 0, core 3, package 0
cpu7 at mainbus0: apid 7 (application processor)
TSC skew=-7752893898
cpu7: AMD Ryzen 5 2500U with Radeon Vega Mobile Gfx, 1996.23 MHz, 17-11-00
cpu7: FPU,VME,DE,PSE,TSC,MSR,PAE,MCE,CX8,APIC,SEP,MTRR,PGE,MCA,CMOV,PAT,PSE36,CFLUSH,MMX,FXSR,SSE,SSE2,HTT,SSE3,PCLMUL,MWAIT,SSSE3,FMA3,CX16,SSE4.1,SSE4.2,MOVBE,POPCNT,AES,XSAVE,AVX,F16C,RDRAND,NXE,MMXX,FFXSR,PAGE1GB,RDTSCP,LONG,LAHF,CMPLEG,SVM,EAPICSP,AMCR8,ABM,SSE4A,MASSE,3DNOWP,OSVW,SKINIT,TCE,TOPEXT,CPCTR,DBKP,PCTRL3,MWAITX,ITSC,FSGSBASE,BMI1,AVX2,SMEP,BMI2,RDSEED,ADX,SMAP,CLFLUSHOPT,SHA,IBPB,XSAVEOPT,XSAVEC,XGETBV1,XSAVES
cpu7: 64KB 64b/line 4-way I-cache, 32KB 64b/line 8-way D-cache, 512KB 64b/line 8-way L2 cache, 4MB 64b/line 16-way L3 cache
cpu7: ITLB 64 4KB entries fully associative, 64 4MB entries fully associative
cpu7: DTLB 64 4KB entries fully associative, 64 4MB entries fully associative
tsc_timecounter_init: TSC skew=-7752893898 observed drift=0
cpu7: smt 1, core 3, package 0
ioapic0 at mainbus0: apid 32 pa 0xfec00000, version 21, 24 pins, can't remap
ioapic1 at mainbus0: apid 33 pa 0xfec01000, version 21, 32 pins, can't remap
acpimcfg0 at acpi0
acpimcfg0: addr 0xf8000000, bus 0-63
acpiprt0 at acpi0: bus 0 (PCI0)
acpiprt1 at acpi0: bus 1 (GPP0)
acpiprt2 at acpi0: bus 2 (GPP1)
acpiprt3 at acpi0: bus -1 (GPP2)
acpiprt4 at acpi0: bus -1 (GPP3)
acpiprt5 at acpi0: bus -1 (GPP4)
acpiprt6 at acpi0: bus 3 (GPP5)
acpiprt7 at acpi0: bus -1 (GPP6)
acpiprt8 at acpi0: bus 4 (GP17)
acpiprt9 at acpi0: bus 5 (GP18)
acpiec0 at acpi0
acpicpu0 at acpi0: C2(0@400 io@0x414), C1(0@1 mwait), PSS
acpicpu1 at acpi0: C2(0@400 io@0x414), C1(0@1 mwait), PSS
acpicpu2 at acpi0: C2(0@400 io@0x414), C1(0@1 mwait), PSS
acpicpu3 at acpi0: C2(0@400 io@0x414), C1(0@1 mwait), PSS
acpicpu4 at acpi0: C2(0@400 io@0x414), C1(0@1 mwait), PSS
acpicpu5 at acpi0: C2(0@400 io@0x414), C1(0@1 mwait), PSS
acpicpu6 at acpi0: C2(0@400 io@0x414), C1(0@1 mwait), PSS
acpicpu7 at acpi0: C2(0@400 io@0x414), C1(0@1 mwait), PSS
acpipwrres0 at acpi0: P0ST, resource for SATA
acpipwrres1 at acpi0: P3ST, resource for SATA
acpibtn0 at acpi0: PWRB
acpipci0 at acpi0 PCI0: 0x00000010 0x00000011 0x00000000
acpicmos0 at acpi0
acpibat0 at acpi0: BAT0 model &quot;01AV448&quot; serial   864 type LiP oem &quot;Celxpert&quot;
acpiac0 at acpi0: AC unit offline
acpithinkpad0 at acpi0
&quot;SMB0001&quot; at acpi0 not configured
acpibtn1 at acpi0: LID_
acpibtn2 at acpi0: SLPB
&quot;PNP0C14&quot; at acpi0 not configured
&quot;PNP0C14&quot; at acpi0 not configured
&quot;PNP0C14&quot; at acpi0 not configured
&quot;STM7304&quot; at acpi0 not configured
&quot;USBC000&quot; at acpi0 not configured
acpivideo0 at acpi0: VGA_
cpu0: 1996 MHz: speeds: 2000 1700 1600 MHz
pci0 at mainbus0 bus 0
ksmn0 at pci0 dev 0 function 0 &quot;AMD AMD64 17h/1xh Root Complex&quot; rev 0x00
&quot;AMD AMD64 17h/1xh IOMMU&quot; rev 0x00 at pci0 dev 0 function 2 not configured
pchb0 at pci0 dev 1 function 0 &quot;AMD AMD64 17h PCIE&quot; rev 0x00
ppb0 at pci0 dev 1 function 1 &quot;AMD AMD64 17h/1xh PCIE&quot; rev 0x00: msi
pci1 at ppb0 bus 1
nvme0 at pci1 dev 0 function 0 &quot;Samsung SM981/PM981 NVMe&quot; rev 0x00: msix, NVMe 1.2
nvme0: SAMSUNG MZVLB256HAHQ-000L7, firmware 1L2QEXD7, serial S41GNX2M446009
scsibus1 at nvme0: 2 targets, initiator 0
sd0 at scsibus1 targ 1 lun 0: &lt;NVMe, SAMSUNG MZVLB256, 1L2Q&gt;
sd0: 244198MB, 512 bytes/sector, 500118192 sectors
ppb1 at pci0 dev 1 function 2 &quot;AMD AMD64 17h/1xh PCIE&quot; rev 0x00: msi
pci2 at ppb1 bus 2
re0 at pci2 dev 0 function 0 &quot;Realtek 8168&quot; rev 0x10: RTL8168GU/8111GU (0x5080), msi, address xx:xx:xx:xx:xx:xx
rgephy0 at re0 phy 7: RTL8251 PHY, rev. 0
ppb2 at pci0 dev 1 function 6 &quot;AMD AMD64 17h/1xh PCIE&quot; rev 0x00: msi
pci3 at ppb2 bus 3
vendor &quot;Intel&quot;, unknown product 0x2526 (class network subclass miscellaneous, rev 0x29) at pci3 dev 0 function 0 not configured
pchb1 at pci0 dev 8 function 0 &quot;AMD AMD64 17h PCIE&quot; rev 0x00
ppb3 at pci0 dev 8 function 1 &quot;AMD AMD64 17h/1xh PCIE&quot; rev 0x00
pci4 at ppb3 bus 4
amdgpu0 at pci4 dev 0 function 0 &quot;ATI Radeon Vega&quot; rev 0xc4
drm0 at amdgpu0
amdgpu0: msi
azalia0 at pci4 dev 0 function 1 &quot;ATI Radeon Vega HD Audio&quot; rev 0x00: msi
azalia0: no supported codecs
ccp0 at pci4 dev 0 function 2 &quot;AMD AMD64 17h/1xh Crypto&quot; rev 0x00
xhci0 at pci4 dev 0 function 3 &quot;AMD AMD64 17h/1xh xHCI&quot; rev 0x00: msi, xHCI 1.10
usb0 at xhci0: USB revision 3.0
uhub0 at usb0 configuration 1 interface 0 &quot;AMD xHCI root hub&quot; rev 3.00/1.00 addr 1
xhci1 at pci4 dev 0 function 4 &quot;AMD AMD64 17h/1xh xHCI&quot; rev 0x00: msi, xHCI 1.10
usb1 at xhci1: USB revision 3.0
uhub1 at usb1 configuration 1 interface 0 &quot;AMD xHCI root hub&quot; rev 3.00/1.00 addr 1
azalia1 at pci4 dev 0 function 6 &quot;AMD AMD64 17h/1xh HD Audio&quot; rev 0x00: apic 33 int 30
azalia1: codecs: Conexant/0x5111
audio0 at azalia1
ppb4 at pci0 dev 8 function 2 &quot;AMD AMD64 17h/1xh PCIE&quot; rev 0x00
pci5 at ppb4 bus 5
ahci0 at pci5 dev 0 function 0 &quot;AMD FCH AHCI&quot; rev 0x61: msi, AHCI 1.3.1
ahci0: port 0: 3.0Gb/s
scsibus2 at ahci0: 32 targets
sd1 at scsibus2 targ 0 lun 0: &lt;ATA, HGST HTS545050A7, GG2O&gt; naa.5000cca71fe8e879
sd1: 476940MB, 512 bytes/sector, 976773168 sectors
&quot;AMD FCH SMBus&quot; rev 0x61 at pci0 dev 20 function 0 not configured
pcib0 at pci0 dev 20 function 3 &quot;AMD FCH LPC&quot; rev 0x51
pchb2 at pci0 dev 24 function 0 &quot;AMD AMD64 17h/1xh Data Fabric&quot; rev 0x00
pchb3 at pci0 dev 24 function 1 &quot;AMD AMD64 17h/1xh Data Fabric&quot; rev 0x00
pchb4 at pci0 dev 24 function 2 &quot;AMD AMD64 17h/1xh Data Fabric&quot; rev 0x00
pchb5 at pci0 dev 24 function 3 &quot;AMD AMD64 17h/1xh Data Fabric&quot; rev 0x00
pchb6 at pci0 dev 24 function 4 &quot;AMD AMD64 17h/1xh Data Fabric&quot; rev 0x00
pchb7 at pci0 dev 24 function 5 &quot;AMD AMD64 17h/1xh Data Fabric&quot; rev 0x00
pchb8 at pci0 dev 24 function 6 &quot;AMD AMD64 17h/1xh Data Fabric&quot; rev 0x00
pchb9 at pci0 dev 24 function 7 &quot;AMD AMD64 17h/1xh Data Fabric&quot; rev 0x00
isa0 at pcib0
isadma0 at isa0
pckbc0 at isa0 port 0x60/5 irq 1 irq 12
pckbd0 at pckbc0 (kbd slot)
wskbd0 at pckbd0: console keyboard
pms0 at pckbc0 (aux slot)
wsmouse0 at pms0 mux 0
wsmouse1 at pms0 mux 0
pms0: Synaptics clickpad, firmware 8.16, 0x1e2b1 0x940300
pcppi0 at isa0 port 0x61
spkr0 at pcppi0
vmm0 at mainbus0: SVM/RVI
efifb at mainbus0 not configured
vscsi0 at root
scsibus3 at vscsi0: 256 targets
softraid0 at root
scsibus4 at softraid0: 256 targets
root on sd0a (5ca6da8166177fe7.a) swap on sd0b dump on sd0b
initializing kernel modesetting (RAVEN 0x1002:0x15DD 0x17AA:0x506F 0xC4).
amdgpu0: 1920x1080, 32bpp
wsdisplay0 at amdgpu0 mux 1: console (std, vt100 emulation), using wskbd0
wsdisplay0: screen 1-5 added (std, vt100 emulation)
</pre>



</div><!-- content -->
<br />
<div id="footer">
All comments/news/posts are the property of their individual owner and
is presented without warranty of suitability, and solely as an
informational resource. <br />
This site Copyright &copy; 2004-2020 NYC*BUG.
</div><!-- footer -->

</body>
</html>

