



<!doctype html>
<html lang="en">
<head>
<meta name="keywords"
	content="bsd, freebsd, openbsd, netbsd, dragonflybsd, nycbug, dmesgd" />
<meta name="description" content="New York City BSD User Group dmesgd" />
<meta charset="utf-8" />
<meta name="viewport" content="width=device-width, initial-scale=1" />
<title>NYC*BUG dmesgd</title>
<style>
body {
	text-align: left;
	margin: 15px auto;
	padding: 0px 10px;
}
@media (min-width: 800px) {
	body {
		max-width: 85%;
	}
}
#header {
	border-bottom: 1px solid #dbdbdb;
	font-size: 230%;
	text-align: left;
}
#footer {
	border-top: 1px solid #dbdbdb;
	clear: both;
	text-align: left;
}
.logo_bug {
	color: #cc0033;
}
#menu ul {
	list-style-type: none;
	margin: 0;
	padding: 0;
}
#menu li {
	float: left;
}
#menu li a {
	display: block;
	background-color: #dbdbdb;
	color: #000000;
	font-size: 105%;
	font-weight: bold;
	padding: 0px 6px 0px 6px;
	text-decoration: none;
}
#content {
	clear: both;
	text-align: left;
	padding-top: 10px;
}
#content h1 {
	font-size: 120%;
	font-weight: bold;
}
#content h2 {
	font-size: 110%;
	font-weight: bold;
}
#content a {
	text-decoration: none;
}
#content pre {
	background-color: #dbdbdb;
	padding: 5px 5px 5px 5px;
	white-space: pre-wrap;		/* css-3 */
	white-space: -moz-pre-wrap;	/* Mozilla, since 1999 */
	white-space: -pre-wrap;		/* Opera 4-6 */
	white-space: -o-pre-wrap;	/* Opera 7 */
	word-wrap: break-word;		/* Internet Explorer 5.5+ */
}
#content table {
	border-collapse: collapse;
}
#content table th {
	border: 1px solid #dbdbdb;
	font-size: 85%;
	white-space: nowrap;
}
#content table td {
	border: 1px solid #dbdbdb;
	font-size: 80%;
}
#content input {
	font-size: 1em;
}
#content .full	{ width: 100%; }
#content .left	{ text-align: left; }
#content .right	{ text-align: right; }
#content .center { text-align: center; }
#content .flexbox {
	display: -ms-flex;
	display: -webkit-flex;
	display: flex;
	width: 100%;
}
#content .left_col {
	min-width: 75px;
	max-width: 50%;
	flex-grow: 0;
}
#content .right_col {
	flex-grow: 1;
	margin-left: 10px;
	padding-top: 10px;
	padding-left: 10px;
}
#col {
	-moz-column-count: 3;
	-webkit-column-count: 3;
	column-count: 3;
}
</style>
</head>
<body>

<div id="header">
<strong><em>NYC*</em><span class="logo_bug">BUG</span> dmesgd</strong>
</div><!-- header -->

<div id="menu">
<ul>
<li><a href="https://dmesgd.nycbug.org/index.cgi?do=index">Home</a></li>
<li><a href="https://dmesgd.nycbug.org/index.cgi?do=submit">Submit</a></li>
<li><a href="https://www.nycbug.org/">NYC*BUG</a></li>
</ul>
</div><!-- menu -->

<div id="content">

<p>
Launched in 2004, dmesgd aims to provide a
<strong>user-submitted</strong> repository of searchable *BSD dmesgs.
The dmesg(8) command displays the system message buffer's content, and
during boot a copy is saved to <em>/var/run/dmesg.boot</em>.  This buffer
contains the operating system release, name and version, a list of
devices identified, plus a whole host of other useful information.  We
hope others find this resource useful and further contribute to its
growth. Contact us at [ admin at lists dot nycbug dot org ].
</p>

<hr />


<strong>Date:</strong> <em>2019-10-19 15:41:10</em><br />
<strong>From:</strong> <em>ryanm</em><br />
<strong>Description:</strong> <em>Sun Blade 100 (UltraSPARC-IIe) OpenBSD 6.6</em><br />

<pre>
OpenBSD 6.6 (GENERIC) #86: Sat Oct 12 09:59:04 MDT 2019
    xxx@xxx.xxx:/usr/src/sys/arch/sparc64/compile/GENERIC
real mem = 536870912 (512MB)
avail mem = 509771776 (486MB)
mpath0 at root
scsibus0 at mpath0: 256 targets
mainbus0 at root: Sun Blade 100 (UltraSPARC-IIe)
cpu0 at mainbus0: SUNW,UltraSPARC-IIe (rev 1.4) @ 502 MHz
cpu0: physical 16K instruction (32 b/l), 16K data (32 b/l), 256K external (64 b/l)
psycho0 at mainbus0: pci108e,a001, impl 0, version 0, ign 7c0
psycho0: bus range 0-1, PCI bus 0
psycho0: dvma map c0000000-dfffffff
pci0 at psycho0
ebus0 at pci0 dev 12 function 0 &quot;Sun RIO EBus&quot; rev 0x01
&quot;flashprom&quot; at ebus0 addr 0-fffff not configured
clock1 at ebus0 addr 0-1fff: mk48t59
ebus1 at pci0 dev 7 function 0 &quot;Acer Labs M1533 ISA&quot; rev 0x00
&quot;dma&quot; at ebus1 addr 0-ffff ivec 0x2a not configured
power0 at ebus1 addr 800-82f ivec 0x20
com0 at ebus1 addr 3f8-3ff ivec 0x2b: ns16550a, 16 byte fifo
com1 at ebus1 addr 2e8-2ef ivec 0x2b: ns16550a, 16 byte fifo
alipm0 at pci0 dev 3 function 0 &quot;Acer Labs M7101 Power&quot; rev 0x00: 223KHz clock
iic0 at alipm0
&quot;max1617&quot; at alipm0 addr 0x18 skipped due to alipm0 bugs
&quot;scm001&quot; at alipm0 addr 0x20 skipped due to alipm0 bugs
spdmem0 at iic0 addr 0x50: 256MB SDRAM ECC PC133CL2
spdmem1 at iic0 addr 0x51: 256MB SDRAM ECC PC133CL2
gem0 at pci0 dev 12 function 1 &quot;Sun ERI&quot; rev 0x01: ivec 0x7c6, address xx:xx:xx:xx:xx:xx
ukphy0 at gem0 phy 1: Generic IEEE 802.3u media interface, rev. 1: OUI 0x0010dd, model 0x0002
&quot;Sun FireWire&quot; rev 0x01 at pci0 dev 12 function 2 not configured
ohci0 at pci0 dev 12 function 3 &quot;Sun USB&quot; rev 0x01: ivec 0x7e4, version 1.0, legacy support
autri0 at pci0 dev 8 function 0 &quot;Acer Labs M5451 Audio&quot; rev 0x01: ivec 0x7e3
ac97: codec id 0x41445348 (Analog Devices AD1881A)
ac97: codec features headphone, Analog Devices Phat Stereo
audio0 at autri0
midi0 at autri0: &lt;4DWAVE MIDI UART&gt;
pciide0 at pci0 dev 13 function 0 &quot;Acer Labs M5229 UDMA IDE&quot; rev 0xc3: DMA, channel 0 configured to native-PCI, channel 1 configured to native-PCI
pciide0: using ivec 0x7cc for native-PCI interrupt
wd0 at pciide0 channel 0 drive 0: &lt;ST320414A&gt;
wd0: 16-sector PIO, LBA, 19458MB, 39851760 sectors
atapiscsi0 at pciide0 channel 0 drive 1
scsibus1 at atapiscsi0: 2 targets
cd0 at scsibus1 targ 0 lun 0: &lt;LITEON, CD-ROM LTN486S, Y3S2&gt; removable
wd0(pciide0:0:0): using PIO mode 4, Ultra-DMA mode 2
cd0(pciide0:0:1): using PIO mode 4, Ultra-DMA mode 2
pciide0: channel 1 disabled (no drives)
ppb0 at pci0 dev 5 function 0 &quot;DEC 21152&quot; rev 0x03
pci1 at ppb0 bus 1
machfb0 at pci0 dev 19 function 0 &quot;ATI Rage XL&quot; rev 0x27
machfb0: ATY,RageXL, 1280x1024
wsdisplay0 at machfb0 mux 1: console (std, sun emulation)
usb0 at ohci0: USB revision 1.0
uhub0 at usb0 configuration 1 interface 0 &quot;Sun OHCI root hub&quot; rev 1.00/1.00 addr 1
uhidev0 at uhub0 port 4 configuration 1 interface 0 &quot;Fujitsu Component Type 6 Keyboard&quot; rev 1.00/1.01 addr 2
uhidev0: iclass 3/1
ukbd0 at uhidev0: 8 variable keys, 6 key codes, country code 33
wskbd0 at ukbd0: console keyboard, using wsdisplay0
vscsi0 at root
scsibus2 at vscsi0: 256 targets
softraid0 at root
scsibus3 at softraid0: 256 targets
bootpath: /pci@1f,0/ide@d,0/disk@0,0
root on wd0a (93ddc30437649d22.a) swap on wd0b dump on wd0b
</pre>



</div><!-- content -->
<br />
<div id="footer">
All comments/news/posts are the property of their individual owner and
is presented without warranty of suitability, and solely as an
informational resource. <br />
This site Copyright &copy; 2004-2020 NYC*BUG.
</div><!-- footer -->

</body>
</html>

