



<!doctype html>
<html lang="en">
<head>
<meta name="keywords"
	content="bsd, freebsd, openbsd, netbsd, dragonflybsd, nycbug, dmesgd" />
<meta name="description" content="New York City BSD User Group dmesgd" />
<meta charset="utf-8" />
<meta name="viewport" content="width=device-width, initial-scale=1" />
<title>NYC*BUG dmesgd</title>
<style>
body {
	text-align: left;
	margin: 15px auto;
	padding: 0px 10px;
}
@media (min-width: 800px) {
	body {
		max-width: 85%;
	}
}
#header {
	border-bottom: 1px solid #dbdbdb;
	font-size: 230%;
	text-align: left;
}
#footer {
	border-top: 1px solid #dbdbdb;
	clear: both;
	text-align: left;
}
.logo_bug {
	color: #cc0033;
}
#menu ul {
	list-style-type: none;
	margin: 0;
	padding: 0;
}
#menu li {
	float: left;
}
#menu li a {
	display: block;
	background-color: #dbdbdb;
	color: #000000;
	font-size: 105%;
	font-weight: bold;
	padding: 0px 6px 0px 6px;
	text-decoration: none;
}
#content {
	clear: both;
	text-align: left;
	padding-top: 10px;
}
#content h1 {
	font-size: 120%;
	font-weight: bold;
}
#content h2 {
	font-size: 110%;
	font-weight: bold;
}
#content a {
	text-decoration: none;
}
#content pre {
	background-color: #dbdbdb;
	padding: 5px 5px 5px 5px;
	white-space: pre-wrap;		/* css-3 */
	white-space: -moz-pre-wrap;	/* Mozilla, since 1999 */
	white-space: -pre-wrap;		/* Opera 4-6 */
	white-space: -o-pre-wrap;	/* Opera 7 */
	word-wrap: break-word;		/* Internet Explorer 5.5+ */
}
#content table {
	border-collapse: collapse;
}
#content table th {
	border: 1px solid #dbdbdb;
	font-size: 85%;
	white-space: nowrap;
}
#content table td {
	border: 1px solid #dbdbdb;
	font-size: 80%;
}
#content input {
	font-size: 1em;
}
#content .full	{ width: 100%; }
#content .left	{ text-align: left; }
#content .right	{ text-align: right; }
#content .center { text-align: center; }
#content .flexbox {
	display: -ms-flex;
	display: -webkit-flex;
	display: flex;
	width: 100%;
}
#content .left_col {
	min-width: 75px;
	max-width: 50%;
	flex-grow: 0;
}
#content .right_col {
	flex-grow: 1;
	margin-left: 10px;
	padding-top: 10px;
	padding-left: 10px;
}
#col {
	-moz-column-count: 3;
	-webkit-column-count: 3;
	column-count: 3;
}
</style>
</head>
<body>

<div id="header">
<strong><em>NYC*</em><span class="logo_bug">BUG</span> dmesgd</strong>
</div><!-- header -->

<div id="menu">
<ul>
<li><a href="https://dmesgd.nycbug.org/index.cgi?do=index">Home</a></li>
<li><a href="https://dmesgd.nycbug.org/index.cgi?do=submit">Submit</a></li>
<li><a href="https://www.nycbug.org/">NYC*BUG</a></li>
</ul>
</div><!-- menu -->

<div id="content">

<p>
Launched in 2004, dmesgd aims to provide a
<strong>user-submitted</strong> repository of searchable *BSD dmesgs.
The dmesg(8) command displays the system message buffer's content, and
during boot a copy is saved to <em>/var/run/dmesg.boot</em>.  This buffer
contains the operating system release, name and version, a list of
devices identified, plus a whole host of other useful information.  We
hope others find this resource useful and further contribute to its
growth. Contact us at [ admin at lists dot nycbug dot org ].
</p>

<hr />


<strong>Date:</strong> <em>2019-10-20 06:46:19</em><br />
<strong>From:</strong> <em>omasanori</em><br />
<strong>Description:</strong> <em>OpenBSD/amd64 6.4 on a VPS VM with disk encryption</em><br />

<pre>
\^B\M-~\M^??\^B\M-~\M^??\^B\M-~\M^??\^B\M-~\M^??\^B\M-~\M^??\^B\M-~\M^??\^B\M-~\M^??\^B\M-~\M^??\^B\M-~\M^??\^B\M-~\M^??\^B\M-~\M^??\^B\M-~\M^??\^B\M-~\M^??\^B\M-~\M^??\^B\M-~\M^??\^B\M-~\M^??\^B\M-~\M^??\^B\M-~\M^??\^B\M-~\M^??\^B\M-~\M^??\^B\M-~\M^??\^B\M-~\M^??\^B\M-~\M^??\^B\M-~\M^??\^B\M-~\M^??\^B\M-~\M^??\^B\M-~\M^??\^B\M-~\M^??\^B\M-~\M^??\^B\M-~\M^??\^B\M-~\M^??\^B\M-~\M^??\^B\M-~\M^??\^B\M-~\M^??\^B\M-~\M^??\^B\M-~\M^??\^B\M-~\M^??\^B\M-~\M^??\^B\M-~\M^??\^B\M-~\M^??\^B\M-~\M^??\^B\M-~\M^??\^B\M-~\M^??\^B\M-~\M^??\^B\M-~\M^??\^B\M-~\M^??\^B\M-~\M^??\^B\M-~\M^??\^B\M-~\M^??\^B\M-~\M^??\^B\M-~\M^??\^B\M-~\M^??\^B\M-~\M^??\^B\M-~\M^??\^B\M-~\M^??\^B\M-~\M^??\^B\M-~\M^??\^B\M-~\M^??\^B\M-~\M^??\^B\M-~\M^??\^B\M-~\M^??\^B\M-~\M^??\^B\M-~\M^??\^B\M-~\M^??\^B\M-~\M^??\^B\M-~\M^??\^B\M-~\M^??\^B\M-~\M^??\^B\M-~\M^??\^B\M-~\M^??\^B\M-~\M^??\^B\M-~\M^??\^B\M-~\M^??\^B\M-~\M^??\^B\M-~\M^??\^B\M-~\M^??\^B\M-~\M^??\^B\M-~\M^??\^B\M-~\M^??\^B\M-~\M^??\^B\M-~\M^??\^B\M-~\M^??\^B\M-~\M^??\^B\M-~\M^??\^B\M-~\M^??\^B\M-~\M^??\^B\M-~\M^??\^B\M-~\M^??\^B\M-~\M^??\^B\M-~\M^??\^B\M-~\M^??\^B\M-~\M^??\^B\M-~\M^??\^B\M-~\M^??\^B\M-~\M^??\^B\M-~\M^??\^B\M-~\M^??\^B\M-~\M^??\^B\M-~\M^??\^B\M-~\M^??\^B\M-~\M^??\^B\M-~\M^??\^B\M-~\M^??\^B\M-~\M^??\^B\M-~\M^??\^B\M-~\M^??\^B\M-~\M^??\^B\M-~\M^??\^B\M-~\M^??\^B\M-~\M^??\^B\M-~\M^??\^B\M-~\M^??\^B\M-~\M^??\^B\M-~\M^??\^B\M-~\M^??\^B\M-~\M^??\^B\M-~\M^??\^B\M-~\M^??\^B\M-~\M^??\^B\M-~\M^??\^B\M-~\M^??\^B\M-~\M^??\^B\M-~\M^??\^B\M-~\M^??\^B\M-~\M^??\^B\M-~\M^??\^B\M-~\M^??\^B\M-~\M^??\^B\M-~\M^??\^B\M-~\M^??\^B\M-~\M^??\^B\M-~\M^??\^B\M-~\M^??\^B\M-~\M^??\^B\M-~\M^??\^B\M-~\M^??\^B\M-~\M^??\^B\M-~\M^??\^B\M-~\M^??\^B\M-~\M^??\^B\M-~\M^??\^B\M-~\M^??\^B\M-~\M^??\^B\M-~\M^??\^B\M-~\M^??\^B\M-~\M^??\^B\M-~\M^??\^B\M-~\M^??\^B\M-~\M^??\^B\M-~\M^??\^B\M-~\M^??\^B\M-~\M^??\^B\M-~\M^??\^B\M-~\M^??\^B\M-~\M^??\^B\M-~\M^??\^B\M-~\M^??\^B\M-~\M^??\^B\M-~\M^??\^B\M-~\M^??\^B\M-~\M^??\^B\M-~\M^??\^B\M-~\M^??\^B\M-~\M^??\^B\M-~\M^??\^B\M-~\M^??\^B\M-~\M^??\^B\M-~\M^??\^B\M-~\M^??\^B\M-~\M^??\^B\M-~\M^??\^B\M-~\M^??\^B\M-~\M^??\^B\M-~\M^??\^B\M-~\M^??\^B\M-~\M^??\^B\M-~\M^??\^B\M-~\M^??\^B\M-~\M^??\^B\M-~\M^??\^B\M-~\M^??\^B\M-~\M^??\^B\M-~\M^??\^B\M-~\M^??\^B\M-~\M^??\^B\M-~\M^??\^B\M-~\M^??\^B\M-~\M^??\^B\M-~\M^??\^B\M-~\M^??\^B\M-~\M^??\^B\M-~\M^??\^B\M-~\M^??\^B\M-~\M^??\^B\M-~\M^??\^B\M-~\M^??\^B\M-~\M^??\^B\M-~\M^??\^B\M-~\M^??\^B\M-~\M^??\^B\M-~\M^??\^B\M-~\M^??\^B\M-~\M^??\^B\M-~\M^??\^B\M-~\M^??\^B\M-~\M^??\^B\M-~\M^??\^B\M-~\M^??\^B\M-~\M^??\^B\M-~\M^??\^B\M-~\M^??\^B\M-~\M^??\^B\M-~\M^??\^B\M-~\M^??\^B\M-~\M^??\^B\M-~\M^??\^B\M-~\M^??\^B\M-~\M^??\^B\M-~\M^??\^B\M-~\M^??\^B\M-~\M^??\^B\M-~\M^??\^B\M-~\M^??\^B\M-~\M^??\^B\M-~\M^??\^B\M-~\M^??\^B\M-~\M^??\^B\M-~\M^??\^B\M-~\M^??\^B\M-~\M^??\^B\M-~\M^??\^B\M-~\M^??\^B\M-~\M^??\^B\M-~\M^??\^B\M-~\M^??\^B\M-~\M^??\^B\M-~\M^??\^B\M-~\M^??\^B\M-~\M^??\^B\M-~\M^??\^B\M-~\M^??\^B\M-~\M^??\^B\M-~\M^??\^B\M-~\M^??\^B\M-~\M^??\^B\M-~\M^??\^B\M-~\M^??\^B\M-~\M^??\^B\M-~\M^??\^B\M-~\M^??\^B\M-~\M^??\^B\M-~\M^??\^B\M-~\M^??\^B\M-~\M^??\^B\M-~\M^??\^B\M-~\M^??\^B\M-~\M^??\^B\M-~\M^??\^B\M-~\M^??\^B\M-~\M^??\^B\M-~\M^??\^B\M-~\M^??\^B\M-~\M^??\^B\M-~\M^??\^B\M-~\M^??\^B\M-~\M^??\^B\M-~\M^??\^B\M-~\M^??\^B\M-~\M^??\^B\M-~\M^??\^B\M-~\M^??\^B\M-~\M^??\^B\M-~\M^??\^B\M-~\M^??\^B\M-~\M^??\^B\M-~\M^??\^B\M-~\M^??\^B\M-~\M^??\^B\M-~\M^??\^B\M-~\M^??\^B\M-~\M^??\^B\M-~\M^??\^B\M-~\M^??\^B\M-~\M^??\^B\M-~\M^??\^B\M-~\M^??\^B\M-~\M^??\^B\M-~\M^??\^B\M-~\M^??\^B\M-~\M^??\^B\M-~\M^??\^B\M-~\M^??\^B\M-~\M^??\^B\M-~\M^??\^B\M-~\M^??\^B\M-~\M^??\^B\M-~\M^??\^B\M-~\M^??\^B\M-~\M^??\^B\M-~\M^??\^B\M-~\M^??\^B\M-~\M^??\^B\M-~\M^??\^B\M-~\M^??\^B\M-~\M^??\^B\M-~\M^??\^B\M-~\M^??\^B\M-~\M^??\^B\M-~\M^??\^B\M-~\M^??\^B\M-~\M^??\^B\M-~\M^??\^B\M-~\M^??\^B\M-~\M^??\^B\M-~\M^??\^B\M-~\M^??\^B\M-~\M^??\^B\M-~\M^??\^B\M-~\M^??\^B\M-~\M^??\^B\M-~\M^??\^B\M-~\M^??\^B\M-~\M^??\^B\M-~\M^??\^B\M-~\M^??\^B\M-~\M^??\^B\M-~\M^??\^B\M-~\M^??\^B\M-~\M^??\^B\M-~\M^??\^B\M-~\M^??\^B\M-~\M^??\^B\M-~\M^??\^B\M-~\M^??\^B\M-~\M^??\^B\M-~\M^??\^B\M-~\M^??\^B\M-~\M^??\^B\M-~\M^??\^B\M-~\M^??\^B\M-~\M^??\^B\M-~\M^??\^B\M-~\M^??\^B\M-~\M^??\^B\M-~\M^??\^B\M-~\M^??\^B\M-~\M^??\^B\M-~\M^??\^B\M-~\M^??\^B\M-~\M^??\^B\M-~\M^??\^B\M-~\M^??\^B\M-~\M^??\^B\M-~\M^??\^B\M-~\M^??\^B\M-~\M^??\^B\M-~\M^??\^B\M-~\M^??\^B\M-~\M^??\^B\M-~\M^??\^B\M-~\M^??\^B\M-~\M^??\^B\M-~\M^??\^B\M-~\M^??\^B\M-~\M^??\^B\M-~\M^??\^B\M-~\M^??\^B\M-~\M^??\^B\M-~\M^??\^B\M-~\M^??\^B\M-~\M^??\^B\M-~\M^??\^B\M-~\M^??\^B\M-~\M^??\^B\M-~\M^??\^B\M-~\M^??\^B\M-~\M^??\^B\M-~\M^??\^B\M-~\M^??\^B\M-~\M^??\^B\M-~\M^??\^B\M-~\M^??\^B\M-~\M^??\^B\M-~\M^??\^B\M-~\M^??\^B\M-~\M^??\^B\M-~\M^??\^B\M-~\M^??\^B\M-~\M^??\^B\M-~\M^??\^B\M-~\M^??\^B\M-~\M^??\^B\M-~\M^??\^B\M-~\M^??\^B\M-~\M^??\^B\M-~\M^??\^B\M-~\M^??\^B\M-~\M^??\^B\M-~\M^??\^B\M-~\M^??\^B\M-~\M^??\^B\M-~\M^??\^B\M-~\M^??\^B\M-~\M^??\^B\M-~\M^??\^B\M-~\M^??\^B\M-~\M^??\^B\M-~\M^??\^B\M-~\M^??\^B\M-~\M^??\^B\M-~\M^??\^B\M-~\M^??\^B\M-~\M^??\^B\M-~\M^??\^B\M-~\M^??\^B\M-~\M^??\^B\M-~\M^??\^B\M-~\M^??\^B\M-~\M^??\^B\M-~\M^??\^B\M-~\M^??\^B\M-~\M^??\^B\M-~\M^??\^B\M-~\M^??\^B\M-~\M^??\^B\M-~\M^??\^B\M-~\M^??\^B\M-~\M^??\^B\M-~\M^??\^B\M-~\M^??\^B\M-~\M^??\^B\M-~\M^??\^B\M-~\M^??\^B\M-~\M^??\^B\M-~\M^??\^B\M-~\M^??\^B\M-~\M^??\^B\M-~\M^??\^B\M-~\M^??\^B\M-~\M^??\^B\M-~\M^??\^B\M-~\M^??\^B\M-~\M^??\^B\M-~\M^??\^B\M-~\M^??\^B\M-~\M^??\^B\M-~\M^??\^B\M-~\M^??\^B\M-~\M^??\^B\M-~\M^??\^B\M-~\M^??\^B\M-~\M^??\^B\M-~\M^??\^B\M-~\M^??\^B\M-~\M^??\^B\M-~\M^??\^B\M-~\M^??\^B\M-~\M^??\^B\M-~\M^??\^B\M-~\M^??\^B\M-~\M^??\^B\M-~\M^??\^B\M-~\M^??\^B\M-~\M^??\^B\M-~\M^??\^B\M-~\M^??\^B\M-~\M^??\^B\M-~\M^??\^B\M-~\M^??\^B\M-~\M^??\^B\M-~\M^??\^B\M-~\M^??\^B\M-~\M^??\^B\M-~\M^??\^B\M-~\M^??\^B\M-~\M^??\^B\M-~\M^??\^B\M-~\M^??\^B\M-~\M^??\^B\M-~\M^??\^B\M-~\M^??\^B\M-~\M^??\^B\M-~\M^??\^B\M-~\M^??\^B\M-~\M^??\^B\M-~\M^??\^B\M-~\M^??\^B\M-~\M^??\^B\M-~\M^??\^B\M-~\M^??\^B\M-~\M^??\^B\M-~\M^??\^B\M-~\M^??\^B\M-~\M^??\^B\M-~\M^??\^B\M-~\M^??\^B\M-~\M^??\^B\M-~\M^??\^B\M-~\M^??\^B\M-~\M^??\^B\M-~\M^??\^B\M-~\M^??\^B\M-~\M^??\^B\M-~\M^??\^B\M-~\M^??\^B\M-~\M^??\^B\M-~\M^??\^B\M-~\M^??\^B\M-~\M^??\^B\M-~\M^??\^B\M-~\M^??\^B\M-~\M^??\^B\M-~\M^??\^B\M-~\M^??\^B\M-~\M^??\^B\M-~\M^??\^B\M-~\M^??\^B\M-~\M^??\^B\M-~\M^??\^B\M-~\M^??\^B\M-~\M^??\^B\M-~\M^??\^B\M-~\M^??\^B\M-~\M^??\^B\M-~\M^??\^B\M-~\M^??\^B\M-~\M^??\^B\M-~\M^??\^B\M-~\M^??\^B\M-~\M^??\^B\M-~\M^??\^B\M-~\M^??\^B\M-~\M^??\^B\M-~\M^??\^B\M-~\M^??\^B\M-~\M^??\^B\M-~\M^??\^B\M-~\M^??\^B\M-~\M^??\^B\M-~\M^??\^B\M-~\M^??\^B\M-~\M^??\^B\M-~\M^??\^B\M-~\M^??\^B\M-~\M^??\^B\M-~\M^??\^B\M-~\M^??\^B\M-~\M^??\^B\M-~\M^??\^B\M-~\M^??\^B\M-~\M^??\^B\M-~\M^??\^B\M-~\M^??\^B\M-~\M^??\^B\M-~\M^??\^B\M-~\M^??\^B\M-~\M^??\^B\M-~\M^??\^B\M-~\M^??\^B\M-~\M^??\^B\M-~\M^??\^B\M-~\M^??\^B\M-~\M^??\^B\M-~\M^??\^B\M-~\M^??\^B\M-~\M^??\^B\M-~\M^??\^B\M-~\M^??\^B\M-~\M^??\^B\M-~\M^??\^B\M-~\M^??\^B\M-~\M^??\^B\M-~\M^??\^B\M-~\M^??\^B\M-~\M^??\^B\M-~\M^??\^B\M-~\M^??\^B\M-~\M^??\^B\M-~\M^??\^B\M-~\M^??\^B\M-~\M^??\^B\M-~\M^??\^B\M-~\M^??\^B\M-~\M^??\^B\M-~\M^??\^B\M-~\M^??\^B\M-~\M^??\^B\M-~\M^??\^B\M-~\M^??\^B\M-~\M^??\^B\M-~\M^??\^B\M-~\M^??\^B\M-~\M^??\^B\M-~\M^??\^B\M-~\M^??\^B\M-~\M^??\^B\M-~\M^??\^B\M-~\M^??\^B\M-~\M^??\^B\M-~\M^??\^B\M-~\M^??\^B\M-~\M^??\^B\M-~\M^??\^B\M-~\M^??\^B\M-~\M^??\^B\M-~\M^??\^B\M-~\M^??\^B\M-~\M^??\^B\M-~\M^??\^B\M-~\M^??\^B\M-~\M^??\^B\M-~\M^??\^B\M-~\M^??\^B\M-~\M^??\^B\M-~\M^??\^B\M-~\M^??\^B\M-~\M^??\^B\M-~\M^??\^B\M-~\M^??\^B\M-~\M^??\^B\M-~\M^??\^B\M-~\M^??\^B\M-~\M^??\^B\M-~\M^??\^B\M-~\M^??\^B\M-~\M^??\^B\M-~\M^??\^B\M-~\M^??\^B\M-~\M^??\^B\M-~\M^??\^B\M-~\M^??\^B\M-~\M^??\^B\M-~\M^??\^B\M-~\M^??\^B\M-~\M^??\^B\M-~\M^??\^B\M-~\M^??\^B\M-~\M^??\^B\M-~\M^??\^B\M-~\M^??\^B\M-~\M^??\^B\M-~\M^??\^B\M-~\M^??\^B\M-~\M^??\^B\M-~\M^??\^B\M-~\M^??\^B\M-~\M^??\^B\M-~\M^??\^B\M-~\M^??\^B\M-~\M^??\^B\M-~\M^??\^B\M-~\M^??\^B\M-~\M^??\^B\M-~\M^??\^B\M-~\M^??\^B\M-~\M^??\^B\M-~\M^??\^B\M-~\M^??\^B\M-~\M^??\^B\M-~\M^??\^B\M-~\M^??\^B\M-~\M^??\^B\M-~\M^??\^B\M-~\M^??\^B\M-~\M^??\^B\M-~\M^??\^B\M-~\M^??\^B\M-~\M^??\^B\M-~\M^??\^B\M-~\M^??\^B\M-~\M^??\^B\M-~\M^??\^B\M-~\M^??\^B\M-~\M^??\^B\M-~\M^??\^B\M-~\M^??\^B\M-~\M^??\^B\M-~\M^??\^B\M-~\M^??\^B\M-~\M^??\^B\M-~\M^??\^B\M-~\M^??\^B\M-~\M^??\^B\M-~\M^??\^B\M-~\M^??\^B\M-~\M^??\^B\M-~\M^??\^B\M-~\M^??\^B\M-~\M^??\^B\M-~\M^??\^B\M-~\M^??\^B\M-~\M^??\^B\M-~\M^??\^B\M-~\M^??\^B\M-~\M^??\^B\M-~\M^??\^B\M-~\M^??\^B\M-~\M^??\^B\M-~\M^??\^B\M-~\M^??\^B\M-~\M^??\^B\M-~\M^??\^B\M-~\M^??\^B\M-~\M^??\^B\M-~\M^??\^B\M-~\M^??\^B\M-~\M^??\^B\M-~\M^??\^B\M-~\M^??\^B\M-~\M^??\^B\M-~\M^??\^B\M-~\M^??\^B\M-~\M^??\^B\M-~\M^??\^B\M-~\M^??\^B\M-~\M^??\^B\M-~\M^??\^B\M-~\M^??\^B\M-~\M^??\^B\M-~\M^??\^B\M-~\M^??\^B\M-~\M^??\^B\M-~\M^??\^B\M-~\M^??\^B\M-~\M^??\^B\M-~\M^??\^B\M-~\M^??\^B\M-~\M^??\^B\M-~\M^??\^B\M-~\M^??\^B\M-~\M^??\^B\M-~\M^??\^B\M-~\M^??\^B\M-~\M^??\^B\M-~\M^??\^B\M-~\M^??\^B\M-~\M^??\^B\M-~\M^??\^B\M-~\M^??\^B\M-~\M^??\^B\M-~\M^??\^B\M-~\M^??\^B\M-~\M^??\^B\M-~\M^??\^B\M-~\M^??\^B\M-~\M^??\^B\M-~\M^??\^B\M-~\M^??\^B\M-~\M^??\^B\M-~\M^??\^B\M-~\M^??\^B\M-~\M^??\^B\M-~\M^??\^B\M-~\M^??\^B\M-~\M^??\^B\M-~\M^??\^B\M-~\M^??\^B\M-~\M^??\^B\M-~\M^??\^B\M-~\M^??\^B\M-~\M^??\^B\M-~\M^??\^B\M-~\M^??\^B\M-~\M^??\^B\M-~\M^??\^B\M-~\M^??\^B\M-~\M^??\^B\M-~\M^??\^B\M-~\M^??\^B\M-~\M^??\^B\M-~\M^??\^B\M-~\M^??\^B\M-~\M^??\^B\M-~\M^??\^B\M-~\M^??\^B\M-~\M^??\^B\M-~\M^??\^B\M-~\M^??\^B\M-~\M^??\^B\M-~\M^??\^B\M-~\M^??\^B\M-~\M^??\^B\M-~\M^??\^B\M-~\M^??\^B\M-~\M^??\^B\M-~\M^??\^B\M-~\M^??\^B\M-~\M^??\^B\M-~\M^??\^B\M-~\M^??\^B\M-~\M^??\^B\M-~\M^??\^B\M-~\M^??\^B\M-~\M^??\^B\M-~\M^??\^B\M-~\M^??\^B\M-~\M^??\^B\M-~\M^??\^B\M-~\M^??\^B\M-~\M^??\^B\M-~\M^??\^B\M-~\M^??\^B\M-~\M^??\^B\M-~\M^??\^B\M-~\M^??\^B\M-~\M^??\^B\M-~\M^??\^B\M-~\M^??\^B\M-~\M^??\^B\M-~\M^??\^B\M-~\M^??\^B\M-~\M^??\^B\M-~\M^??\^B\M-~\M^??\^B\M-~\M^??\^B\M-~\M^??\^B\M-~\M^??\^B\M-~\M^??\^B\M-~\M^??\^B\M-~\M^??\^B\M-~\M^??\^B\M-~\M^??\^B\M-~\M^??\^B\M-~\M^??\^B\M-~\M^??\^B\M-~\M^??\^B\M-~\M^??\^B\M-~\M^??\^B\M-~\M^??\^B\M-~\M^??\^B\M-~\M^??\^B\M-~\M^??\^B\M-~\M^??\^B\M-~\M^??\^B\M-~\M^??\^B\M-~\M^??\^B\M-~\M^??\^B\M-~\M^??\^B\M-~\M^??\^B\M-~\M^??\^B\M-~\M^??\^B\M-~\M^??\^B\M-~\M^??\^B\M-~\M^??\^B\M-~\M^??\^B\M-~\M^??\^B\M-~\M^??\^B\M-~\M^??\^B\M-~\M^??\^B\M-~\M^??\^B\M-~\M^??\^B\M-~\M^??\^B\M-~\M^??\^B\M-~\M^??\^B\M-~\M^??\^B\M-~\M^??\^B\M-~\M^??\^B\M-~\M^??\^B\M-~\M^??\^B\M-~\M^??\^B\M-~\M^??\^B\M-~\M^??\^B\M-~\M^??\^B\M-~\M^??\^B\M-~\M^??\^B\M-~\M^??\^B\M-~\M^??\^B\M-~\M^??\^B\M-~\M^??\^B\M-~\M^??\^B\M-~\M^??\^B\M-~\M^??\^B\M-~\M^??\^B\M-~\M^??\^B\M-~\M^??\^B\M-~\M^??\^B\M-~\M^??\^B\M-~\M^??\^B\M-~\M^??\^B\M-~\M^??\^B\M-~\M^??\^B\M-~\M^??\^B\M-~\M^??\^B\M-~\M^??\^B\M-~\M^??\^B\M-~\M^??\^B\M-~\M^??\^B\M-~\M^??\^B\M-~\M^??\^B\M-~\M^??\^B\M-~\M^??\^B\M-~\M^??\^B\M-~\M^??\^B\M-~\M^??\^B\M-~\M^??\^B\M-~\M^??\^B\M-~\M^??\^B\M-~\M^??\^B\M-~\M^??\^B\M-~\M^??\^B\M-~\M^??\^B\M-~\M^??\^B\M-~\M^??\^B\M-~\M^??\^B\M-~\M^??\^B\M-~\M^??\^B\M-~\M^??\^B\M-~\M^??\^B\M-~\M^??\^B\M-~\M^??\^B\M-~\M^??\^B\M-~\M^??\^B\M-~\M^??\^B\M-~\M^??\^B\M-~\M^??\^B\M-~\M^??\^B\M-~\M^??\^B\M-~\M^??\^B\M-~\M^??\^B\M-~\M^??\^B\M-~\M^??\^B\M-~\M^??\^B\M-~\M^??\^B\M-~\M^??\^B\M-~\M^??\^B\M-~\M^??\^B\M-~\M^??\^B\M-~\M^??\^B\M-~\M^??\^B\M-~\M^??\^B\M-~\M^??\^B\M-~\M^??\^B\M-~\M^??\^B\M-~\M^??\^B\M-~\M^??\^B\M-~\M^??\^B\M-~\M^??\^B\M-~\M^??\^B\M-~\M^??\^B\M-~\M^??\^B\M-~\M^??\^B\M-~\M^??\^B\M-~\M^??\^B\M-~\M^??\^B\M-~\M^??\^B\M-~\M^??\^B\M-~\M^??\^B\M-~\M^??\^B\M-~\M^??\^B\M-~\M^??\^B\M-~\M^??\^B\M-~\M^??\^B\M-~\M^??\^B\M-~\M^??\^B\M-~\M^??\^B\M-~\M^??\^B\M-~\M^??\^B\M-~\M^??\^B\M-~\M^??\^B\M-~\M^??\^B\M-~\M^??\^B\M-~\M^??\^B\M-~\M^??\^B\M-~\M^??\^B\M-~\M^??\^B\M-~\M^??\^B\M-~\M^??\^B\M-~\M^??\^B\M-~\M^??\^B\M-~\M^??\^B\M-~\M^??\^B\M-~\M^??\^B\M-~\M^??\^B\M-~\M^??\^B\M-~\M^??\^B\M-~\M^??\^B\M-~\M^??\^B\M-~\M^??\^B\M-~\M^??\^B\M-~\M^??\^B\M-~\M^??\^B\M-~\M^??\^B\M-~\M^??\^B\M-~\M^??\^B\M-~\M^??\^B\M-~\M^??\^B\M-~\M^??\^B\M-~\M^??\^B\M-~\M^??\^B\M-~\M^??\^B\M-~\M^??\^B\M-~\M^??\^B\M-~\M^??\^B\M-~\M^??\^B\M-~\M^??\^B\M-~\M^??\^B\M-~\M^??\^B\M-~\M^??\^B\M-~\M^??\^B\M-~\M^??\^B\M-~\M^??\^B\M-~\M^??\^B\M-~\M^??\^B\M-~\M^??\^B\M-~\M^??\^B\M-~\M^??\^B\M-~\M^??\^B\M-~\M^??\^B\M-~\M^??\^B\M-~\M^??\^B\M-~\M^??\^B\M-~\M^??\^B\M-~\M^??\^B\M-~\M^??\^B\M-~\M^??\^B\M-~\M^??\^B\M-~\M^??\^B\M-~\M^??\^B\M-~\M^??\^B\M-~\M^??\^B\M-~\M^??\^B\M-~\M^??\^B\M-~\M^??\^B\M-~\M^??OpenBSD 6.5 (GENERIC.MP) #3: Sat Apr 13 14:48:43 MDT 2019
    xxx@xxx.xxx:/usr/src/sys/arch/amd64/compile/GENERIC.MP
real mem = 1056952320 (1007MB)
avail mem = 1015341056 (968MB)
mpath0 at root
scsibus0 at mpath0: 256 targets
mainbus0 at root
bios0 at mainbus0: SMBIOS rev. 2.4 @ 0x3ffffea0 (11 entries)
bios0: vendor Seabios version &quot;0.5.1&quot; date 01/01/2007
bios0: Red Hat KVM
acpi0 at bios0: rev 0
acpi0: sleep states S5
acpi0: tables DSDT FACP SSDT APIC SSDT
acpi0: wakeup devices
acpitimer0 at acpi0: 3579545 Hz, 24 bits
acpimadt0 at acpi0 addr 0xfee00000: PC-AT compat
cpu0 at mainbus0: apid 0 (boot processor)
cpu0: Intel(R) Xeon(R) CPU E5645 @ 2.40GHz, 504.84 MHz, 06-2c-02
cpu0: FPU,VME,DE,PSE,TSC,MSR,PAE,MCE,CX8,APIC,MTRR,PGE,MCA,CMOV,PAT,PSE36,CFLUSH,MMX,FXSR,SSE,SSE2,SS,SSE3,PCLMUL,SSSE3,CX16,PCID,SSE4.1,SSE4.2,x2APIC,POPCNT,AES,HV,NXE,PAGE1GB,LONG,LAHF,PERF,MELTDOWN
cpu0: 64KB 64b/line 2-way I-cache, 64KB 64b/line 2-way D-cache, 512KB 64b/line 16-way L2 cache
cpu0: ITLB 255 4KB entries direct-mapped, 255 4MB entries direct-mapped
cpu0: DTLB 255 4KB entries direct-mapped, 255 4MB entries direct-mapped
cpu0: smt 0, core 0, package 0
mtrr: Pentium Pro MTRR support, 8 var ranges, 88 fixed ranges
cpu0: apic clock running at 1000MHz
cpu1 at mainbus0: apid 1 (application processor)
cpu1: Intel(R) Xeon(R) CPU E5645 @ 2.40GHz, 429.71 MHz, 06-2c-02
cpu1: FPU,VME,DE,PSE,TSC,MSR,PAE,MCE,CX8,APIC,MTRR,PGE,MCA,CMOV,PAT,PSE36,CFLUSH,MMX,FXSR,SSE,SSE2,SS,SSE3,PCLMUL,SSSE3,CX16,PCID,SSE4.1,SSE4.2,x2APIC,POPCNT,AES,HV,NXE,PAGE1GB,LONG,LAHF,PERF,MELTDOWN
cpu1: 64KB 64b/line 2-way I-cache, 64KB 64b/line 2-way D-cache, 512KB 64b/line 16-way L2 cache
cpu1: ITLB 255 4KB entries direct-mapped, 255 4MB entries direct-mapped
cpu1: DTLB 255 4KB entries direct-mapped, 255 4MB entries direct-mapped
cpu1: smt 0, core 0, package 1
ioapic0 at mainbus0: apid 0 pa 0xfec00000, version 11, 24 pins
acpiprt0 at acpi0: bus 0 (PCI0)
acpicpu0 at acpi0: C1(@1 halt!)
acpicpu1 at acpi0: C1(@1 halt!)
&quot;ACPI0006&quot; at acpi0 not configured
acpipci0 at acpi0 PCI0: _OSC failed
acpicmos0 at acpi0
&quot;ACPI0007&quot; at acpi0 not configured
&quot;ACPI0007&quot; at acpi0 not configured
pvbus0 at mainbus0: KVM
pvclock0 at pvbus0: unstable clock
pci0 at mainbus0 bus 0
pchb0 at pci0 dev 0 function 0 &quot;Intel 82441FX&quot; rev 0x02
pcib0 at pci0 dev 1 function 0 &quot;Intel 82371SB ISA&quot; rev 0x00
pciide0 at pci0 dev 1 function 1 &quot;Intel 82371SB IDE&quot; rev 0x00: DMA, channel 0 wired to compatibility, channel 1 wired to compatibility
pciide0: channel 0 disabled (no drives)
atapiscsi0 at pciide0 channel 1 drive 0
scsibus1 at atapiscsi0: 2 targets
cd0 at scsibus1 targ 0 lun 0: &lt;QEMU, QEMU DVD-ROM, 0.12&gt; ATAPI 5/cdrom removable
cd0(pciide0:1:0): using PIO mode 0
uhci0 at pci0 dev 1 function 2 &quot;Intel 82371SB USB&quot; rev 0x01: apic 0 int 11
piixpm0 at pci0 dev 1 function 3 &quot;Intel 82371AB Power&quot; rev 0x03: apic 0 int 10
iic0 at piixpm0
iic0: addr 0x18 00=d4 01=c2 02=c2 03=c2 04=c2 05=c2 06=c2 07=c2 08=c2 09=a3 0a=8f 3e=d4 48=d4 4a=d4 4e=d4 fc=d4 fe=d4 words 00=ffff 01=ffff 02=ffff 03=ffff 04=ffff 05=ffff 06=ffff 07=ffff
iic0: addr 0x19 3e=d4 48=d4 4a=d4 4e=d4 fc=d4 fe=d4 words 00=ffff 01=ffff 02=ffff 03=ffff 04=ffff 05=ffff 06=ffff 07=ffff
iic0: addr 0x1a 00=d4 01=c2 02=c2 03=c2 04=c2 05=c2 06=c2 07=c2 08=c2 09=a3 0a=8f 3e=d4 48=d4 4a=d4 4e=d4 fc=d4 fe=d4 words 00=ffff 01=ffff 02=ffff 03=ffff 04=ffff 05=ffff 06=ffff 07=ffff
iic0: addr 0x1b 3e=d4 48=d4 4a=d4 4e=d4 fc=d4 fe=d4 words 00=ffff 01=ffff 02=ffff 03=ffff 04=ffff 05=ffff 06=ffff 07=ffff
iic0: addr 0x1c 0f=06 3e=d4 48=d4 4a=d4 4e=d4 fc=d4 fe=d4 words 00=ffff 01=ffff 02=ffff 03=ffff 04=ffff 05=ffff 06=ffff 07=ffff
iic0: addr 0x1d 0f=06 3e=d4 48=d4 4a=d4 4e=d4 fc=d4 fe=d4 words 00=ffff 01=ffff 02=ffff 03=ffff 04=ffff 05=ffff 06=ffff 07=ffff
iic0: addr 0x1e 3e=d4 48=d4 4a=d4 4e=d4 fc=d4 fe=d4 words 00=ffff 01=ffff 02=ffff 03=ffff 04=ffff 05=ffff 06=ffff 07=ffff
iic0: addr 0x1f 3e=d4 48=d4 4a=d4 4e=d4 fc=d4 fe=d4 words 00=ffff 01=ffff 02=ffff 03=ffff 04=ffff 05=ffff 06=ffff 07=ffff
iic0: addr 0x20 3e=d4 48=d4 4a=d4 4e=d4 fc=d4 fe=d4 words 00=ffff 01=ffff 02=ffff 03=ffff 04=ffff 05=ffff 06=ffff 07=ffff
iic0: addr 0x21 3e=d4 48=d4 4a=d4 4e=d4 fc=d4 fe=d4 words 00=ffff 01=ffff 02=ffff 03=ffff 04=ffff 05=ffff 06=ffff 07=ffff
iic0: addr 0x22 3e=d4 48=d4 4a=d4 4e=d4 fc=d4 fe=d4 words 00=ffff 01=ffff 02=ffff 03=ffff 04=ffff 05=ffff 06=ffff 07=ffff
iic0: addr 0x23 3e=d4 48=d4 4a=d4 4e=d4 fc=d4 fe=d4 words 00=ffff 01=ffff 02=ffff 03=ffff 04=ffff 05=ffff 06=ffff 07=ffff
iic0: addr 0x24 3e=d4 48=d4 4a=d4 4e=d4 fc=d4 fe=d4 words 00=ffff 01=ffff 02=ffff 03=ffff 04=ffff 05=ffff 06=ffff 07=ffff
iic0: addr 0x25 3e=d4 48=d4 4a=d4 4e=d4 fc=d4 fe=d4 words 00=ffff 01=ffff 02=ffff 03=ffff 04=ffff 05=ffff 06=ffff 07=ffff
iic0: addr 0x26 3e=d4 48=d4 4a=d4 4e=d4 fc=d4 fe=d4 words 00=ffff 01=ffff 02=ffff 03=ffff 04=ffff 05=ffff 06=ffff 07=ffff
iic0: addr 0x27 3e=d4 48=d4 4a=d4 4e=d4 fc=d4 fe=d4 words 00=ffff 01=ffff 02=ffff 03=ffff 04=ffff 05=ffff 06=ffff 07=ffff
iic0: addr 0x28 3e=d4 48=d4 4a=d4 4e=d4 4f=d4 fc=d4 fe=d4 words 00=ffff 01=ffff 02=ffff 03=ffff 04=ffff 05=ffff 06=ffff 07=ffff
iic0: addr 0x29 00=d4 01=c2 02=c2 03=c2 04=c2 05=c2 06=c2 07=c2 08=c2 09=a3 0a=8f 3e=d4 48=d4 4a=d4 4e=d4 4f=d4 fc=d4 fe=d4 words 00=ffff 01=ffff 02=ffff 03=ffff 04=ffff 05=ffff 06=ffff 07=ffff
iic0: addr 0x2a 3e=d4 48=d4 4a=d4 4e=d4 4f=d4 fc=d4 fe=d4 words 00=ffff 01=ffff 02=ffff 03=ffff 04=ffff 05=ffff 06=ffff 07=ffff
iic0: addr 0x2b 00=d4 01=c2 02=c2 03=c2 04=c2 05=c2 06=c2 07=c2 08=c2 09=a3 0a=8f 3e=d4 48=d4 4a=d4 4e=d4 4f=d4 fc=d4 fe=d4 words 00=ffff 01=ffff 02=ffff 03=ffff 04=ffff 05=ffff 06=ffff 07=ffff
iic0: addr 0x2c 00=d4 0e=d4 16=d4 3e=d4 48=d4 4a=d4 4e=d4 4f=d4 fc=d4 fe=d4 words 00=ffff 01=ffff 02=ffff 03=ffff 04=ffff 05=ffff 06=ffff 07=ffff
iic0: addr 0x2d 00=d4 04=d4 0e=d4 16=d4 3e=d4 48=d4 4a=d4 4e=d4 4f=d4 fc=d4 fe=d4 words 00=ffff 01=ffff 02=ffff 03=ffff 04=ffff 05=ffff 06=ffff 07=ffff
iic0: addr 0x2e 00=d4 04=d4 0e=d4 16=d4 3e=d4 48=d4 4a=d4 4e=d4 4f=d4 fc=d4 fe=d4 words 00=ffff 01=ffff 02=ffff 03=ffff 04=ffff 05=ffff 06=ffff 07=ffff
iic0: addr 0x2f 00=d4 0e=d4 3e=d4 48=d4 4a=d4 4e=d4 4f=d4 fc=d4 fe=d4 words 00=ffff 01=ffff 02=ffff 03=ffff 04=ffff 05=ffff 06=ffff 07=ffff
iic0: addr 0x48 3e=d4 48=d4 4a=d4 4e=d4 fc=d4 fe=d4 words 00=ffff 01=ffff 02=ffff 03=ffff 04=ffff 05=ffff 06=ffff 07=ffff
iic0: addr 0x49 3e=d4 48=d4 4a=d4 4e=d4 fc=d4 fe=d4 words 00=ffff 01=ffff 02=ffff 03=ffff 04=ffff 05=ffff 06=ffff 07=ffff
iic0: addr 0x4a 3e=d4 48=d4 4a=d4 4e=d4 fc=d4 fe=d4 words 00=ffff 01=ffff 02=ffff 03=ffff 04=ffff 05=ffff 06=ffff 07=ffff
iic0: addr 0x4b 3e=d4 48=d4 4a=d4 4e=d4 fc=d4 fe=d4 words 00=ffff 01=ffff 02=ffff 03=ffff 04=ffff 05=ffff 06=ffff 07=ffff
iic0: addr 0x4c 00=00 01=00 02=00 03=00 04=00 05=00 06=00 07=00 08=00 3e=d4 48=d4 4a=d4 4e=d4 fc=d4 fe=d4 words 00=ffff 01=ffff 02=ffff 03=ffff 04=ffff 05=ffff 06=ffff 07=ffff
iic0: addr 0x4d 3e=d4 48=d4 4a=d4 4e=d4 fc=d4 fe=d4 words 00=ffff 01=ffff 02=ffff 03=ffff 04=ffff 05=ffff 06=ffff 07=ffff
iic0: addr 0x4e 00=00 01=00 02=00 03=00 04=00 05=00 06=00 07=00 08=00 3e=d4 48=d4 4a=d4 4e=d4 fc=d4 fe=d4 words 00=ffff 01=ffff 02=ffff 03=ffff 04=ffff 05=ffff 06=ffff 07=ffff
vga1 at pci0 dev 2 function 0 &quot;Bochs VGA&quot; rev 0x00
wsdisplay0 at vga1 mux 1: console (80x25, vt100 emulation)
wsdisplay0: screen 1-5 added (80x25, vt100 emulation)
virtio0 at pci0 dev 3 function 0 &quot;Qumranet Virtio Network&quot; rev 0x00
vio0 at virtio0: address xx:xx:xx:xx:xx:xx
virtio0: msix shared
virtio1 at pci0 dev 4 function 0 &quot;Qumranet Virtio Network&quot; rev 0x00
vio1 at virtio1: address xx:xx:xx:xx:xx:xx
virtio1: msix shared
virtio2 at pci0 dev 5 function 0 &quot;Qumranet Virtio Network&quot; rev 0x00
vio2 at virtio2: address xx:xx:xx:xx:xx:xx
virtio2: msix shared
virtio3 at pci0 dev 6 function 0 &quot;Qumranet Virtio Storage&quot; rev 0x00
vioblk0 at virtio3
scsibus2 at vioblk0: 2 targets
sd0 at scsibus2 targ 0 lun 0: &lt;VirtIO, Block Device, &gt; SCSI3 0/direct fixed
sd0: 102400MB, 512 bytes/sector, 209715200 sectors
virtio3: msix shared
virtio4 at pci0 dev 7 function 0 &quot;Qumranet Virtio Memory Balloon&quot; rev 0x00
viomb0 at virtio4
virtio4: apic 0 int 11
isa0 at pcib0
isadma0 at isa0
fdc0 at isa0 port 0x3f0/6 irq 6 drq 2
com0 at isa0 port 0x3f8/8 irq 4: ns16550a, 16 byte fifo
com0: console
pckbc0 at isa0 port 0x60/5 irq 1 irq 12
pckbd0 at pckbc0 (kbd slot)
wskbd0 at pckbd0: console keyboard, using wsdisplay0
pms0 at pckbc0 (aux slot)
wsmouse0 at pms0 mux 0
pcppi0 at isa0 port 0x61
spkr0 at pcppi0
usb0 at uhci0: USB revision 1.0
uhub0 at usb0 configuration 1 interface 0 &quot;Intel UHCI root hub&quot; rev 1.00/1.00 addr 1
uhidev0 at uhub0 port 1 configuration 1 interface 0 &quot;QEMU 0.12.1 QEMU USB Tablet&quot; rev 1.00/0.00 addr 2
uhidev0: iclass 3/0
ums0 at uhidev0: 3 buttons, Z dir
wsmouse1 at ums0 mux 0
vscsi0 at root
scsibus3 at vscsi0: 256 targets
softraid0 at root
scsibus4 at softraid0: 256 targets
sd1 at scsibus4 targ 1 lun 0: &lt;OPENBSD, SR CRYPTO, 006&gt; SCSI2 0/direct fixed
sd1: 102398MB, 512 bytes/sector, 209711918 sectors
root on sd1a (0ce05570ca20d930.a) swap on sd1b dump on sd1b
fd0 at fdc0 drive 0: density unknown
fd1 at fdc0 drive 1: density unknown
syncing disks... done
rebooting...
OpenBSD 6.5 (GENERIC.MP) #2: Tue Jul 23 23:38:56 CEST 2019
    xxx@xxx.xxx:/usr/src/sys/arch/amd64/compile/GENERIC.MP
real mem = 1056952320 (1007MB)
avail mem = 1015341056 (968MB)
mpath0 at root
scsibus0 at mpath0: 256 targets
mainbus0 at root
bios0 at mainbus0: SMBIOS rev. 2.4 @ 0x3ffffea0 (11 entries)
bios0: vendor Seabios version &quot;0.5.1&quot; date 01/01/2007
bios0: Red Hat KVM
acpi0 at bios0: rev 0
acpi0: sleep states S5
acpi0: tables DSDT FACP SSDT APIC SSDT
acpi0: wakeup devices
acpitimer0 at acpi0: 3579545 Hz, 24 bits
acpimadt0 at acpi0 addr 0xfee00000: PC-AT compat
cpu0 at mainbus0: apid 0 (boot processor)
cpu0: Intel(R) Xeon(R) CPU E5645 @ 2.40GHz, 530.31 MHz, 06-2c-02
cpu0: FPU,VME,DE,PSE,TSC,MSR,PAE,MCE,CX8,APIC,MTRR,PGE,MCA,CMOV,PAT,PSE36,CFLUSH,MMX,FXSR,SSE,SSE2,SS,SSE3,PCLMUL,SSSE3,CX16,PCID,SSE4.1,SSE4.2,x2APIC,POPCNT,AES,HV,NXE,PAGE1GB,LONG,LAHF,PERF,MELTDOWN
cpu0: 64KB 64b/line 2-way I-cache, 64KB 64b/line 2-way D-cache, 512KB 64b/line 16-way L2 cache
cpu0: ITLB 255 4KB entries direct-mapped, 255 4MB entries direct-mapped
cpu0: DTLB 255 4KB entries direct-mapped, 255 4MB entries direct-mapped
cpu0: smt 0, core 0, package 0
mtrr: Pentium Pro MTRR support, 8 var ranges, 88 fixed ranges
cpu0: apic clock running at 1000MHz
cpu1 at mainbus0: apid 1 (application processor)
cpu1: Intel(R) Xeon(R) CPU E5645 @ 2.40GHz, 297.41 MHz, 06-2c-02
cpu1: FPU,VME,DE,PSE,TSC,MSR,PAE,MCE,CX8,APIC,MTRR,PGE,MCA,CMOV,PAT,PSE36,CFLUSH,MMX,FXSR,SSE,SSE2,SS,SSE3,PCLMUL,SSSE3,CX16,PCID,SSE4.1,SSE4.2,x2APIC,POPCNT,AES,HV,NXE,PAGE1GB,LONG,LAHF,PERF,MELTDOWN
cpu1: 64KB 64b/line 2-way I-cache, 64KB 64b/line 2-way D-cache, 512KB 64b/line 16-way L2 cache
cpu1: ITLB 255 4KB entries direct-mapped, 255 4MB entries direct-mapped
cpu1: DTLB 255 4KB entries direct-mapped, 255 4MB entries direct-mapped
cpu1: smt 0, core 0, package 1
ioapic0 at mainbus0: apid 0 pa 0xfec00000, version 11, 24 pins
acpiprt0 at acpi0: bus 0 (PCI0)
acpicpu0 at acpi0: C1(@1 halt!)
acpicpu1 at acpi0: C1(@1 halt!)
&quot;ACPI0006&quot; at acpi0 not configured
acpipci0 at acpi0 PCI0: _OSC failed
acpicmos0 at acpi0
&quot;ACPI0007&quot; at acpi0 not configured
&quot;ACPI0007&quot; at acpi0 not configured
cpu0: using IvyBridge MDS workaround
pvbus0 at mainbus0: KVM
pvclock0 at pvbus0: unstable clock
pci0 at mainbus0 bus 0
pchb0 at pci0 dev 0 function 0 &quot;Intel 82441FX&quot; rev 0x02
pcib0 at pci0 dev 1 function 0 &quot;Intel 82371SB ISA&quot; rev 0x00
pciide0 at pci0 dev 1 funct\M-$\M-|\M-~?\M-@}\M-~?\M^P}\M-~?\M-&lt;}\M-~?\M-@}\M-~?4\M-~\M-~?\M^@R\^O\240\M-~\M^??\M^?\M^?\M^??@\M^?\M^?\M^?\M^?nnel\M^P}\M-~?\M-p}\M-~?\M-@}\M-~?\M-l}\M-~?\M-p}\M-~?d\M-~\M-~?\^D~\M-~?\M-Z\^O\^_\M-Z\^O \M-Z\^O\M^?\M^?\M^?\M^?o co\M-@}\M-~? ~\M-~?\M-p}\M-~?\^\~\M-~? ~\M-~?\M-T}\M-~?4~\M-~? \M-Z\^O0\M-Z\^O0\M-Z\^O\M^?\M^?\M^?\M^?driv\M-p}\M-~?\M-x\M-~? ~\M-~?L~\M-~?\M-x\M-~?\^D~\M-~?\M^DR\^O0\M-Z\^OD\M-[\^OP\M-[\^O\M^?\M^?\M^?\M^?scsi\^X\^A\^B\M-h\^C\^H\^D\^A\M^?\M^?Seabios0.5.101/01/2007\^A\^[\^A\^A\^B\^C\^[_\M-$\M-f\M^Ai\M-Hf\M-\\^R\M-4\M-N}\M-QNb\^F\^DRed HatKVMRHEL 6.4.0 PCRed Hat Enterprise Linux\^C\^T\^C\^A\^A\^C\^C\^C\^BRed Hat\^D \^A\^D\^A\^C\^A\^B\M-B\^F\^B\M^?\M-s\M^K\^O\M-P\^G\M-P\^GA\^A\M^?\M^?\M^?\M^?\M^?\M^?CPU 1Bochs\^D \^B\^D\^A\^C\^A\^B\M-B\^F\^B\M^?\M-s\M^K\^O\M-P\^G\M-P\^GA\^A\M^?\M^?\M^?\M^?\M^?\M^?CPU 2Bochs\^P\^O\^P\^A\^C\^F\^P\M-~\M^?\^A\^Q\^U\^Q\^P\^A@@\^D	\^A\^GDIMM 0\^S\^O\^S\M^?\M^?\^O\^P\^A\^T\^S\^T\M^?\M^?\^O\^Q\^S\^A \^K \^?\^D\^?3=f9 04=f9 05=f9 06=f9 07=f9 08=f9 09=2b 0a=dc 3e=bb 48=bb 4a=bb 4e=bb fc=bb fe=bb words 00=ffff 01=ffff 02=ffff 03=ffff 04=ffff 05=ffff 06=ffff 07=ffff
iic0: addr 0x19 3e=bb 48=bb 4a=bb 4e=bb fc=bb fe=bb words 00=ffff 01=ffff 02=ffff 03=ffff 04=ffff 05=ffff 06=ffff 07=ffff
iic0: addr 0x1a 00=bb 01=f9 02=f9 03=f9 04=f9 05=f9 06=f9 07=f9 08=f9 09=2b 0a=dc 3e=bb 48=bb 4a=bb 4e=bb fc=bb fe=bb words 00=ffff 01=ffff 02=ffff 03=ffff 04=ffff 05=ffff 06=ffff 07=ffff
iic0: addr 0x1b 3e=bb 48=bb 4a=bb 4e=bb fc=bb fe=bb words 00=ffff 01=ffff 02=ffff 03=ffff 04=ffff 05=ffff 06=ffff 07=ffff
iic0: addr 0x1c 0f=06 3e=bb 48=bb 4a=bb 4e=bb fc=bb fe=bb words 00=ffff 01=ffff 02=ffff 03=ffff 04=ffff 05=ffff 06=ffff 07=ffff
iic0: addr 0x1d 0f=06 3e=bb 48=bb 4a=bb 4e=bb fc=bb fe=bb words 00=ffff 01=ffff 02=ffff 03=ffff 04=ffff 05=ffff 06=ffff 07=ffff
iic0: addr 0x1e 3e=bb 48=bb 4a=bb 4e=bb fc=bb fe=bb words 00=ffff 01=ffff 02=ffff 03=ffff 04=ffff 05=ffff 06=ffff 07=ffff
iic0: addr 0x1f 3e=bb 48=bb 4a=bb 4e=bb fc=bb fe=bb words 00=ffff 01=ffff 02=ffff 03=ffff 04=ffff 05=ffff 06=ffff 07=ffff
iic0: addr 0x20 3e=bb 48=bb 4a=bb 4e=bb fc=bb fe=bb words 00=ffff 01=ffff 02=ffff 03=ffff 04=ffff 05=ffff 06=ffff 07=ffff
iic0: addr 0x21 3e=bb 48=bb 4a=bb 4e=bb fc=bb fe=bb words 00=ffff 01=ffff 02=ffff 03=ffff 04=ffff 05=ffff 06=ffff 07=ffff
iic0: addr 0x22 3e=bb 48=bb 4a=bb 4e=bb fc=bb fe=bb words 00=ffff 01=ffff 02=ffff 03=ffff 04=ffff 05=ffff 06=ffff 07=ffff
iic0: addr 0x23 3e=bb 48=bb 4a=bb 4e=bb fc=bb fe=bb words 00=ffff 01=ffff 02=ffff 03=ffff 04=ffff 05=ffff 06=ffff 07=ffff
iic0: addr 0x24 3e=bb 48=bb 4a=bb 4e=bb fc=bb fe=bb words 00=ffff 01=ffff 02=ffff 03=ffff 04=ffff 05=ffff 06=ffff 07=ffff
iic0: addr 0x25 3e=bb 48=bb 4a=bb 4e=bb fc=bb fe=bb words 00=ffff 01=ffff 02=ffff 03=ffff 04=ffff 05=ffff 06=ffff 07=ffff
iic0: addr 0x26 3e=bb 48=bb 4a=bb 4e=bb fc=bb fe=bb words 00=ffff 01=ffff 02=ffff 03=ffff 04=ffff 05=ffff 06=ffff 07=ffff
iic0: addr 0x27 3e=bb 48=bb 4a=bb 4e=bb fc=bb fe=bb words 00=ffff 01=ffff 02=ffff 03=ffff 04=ffff 05=ffff 06=ffff 07=ffff
iic0: addr 0x28 3e=bb 48=bb 4a=bb 4e=bb 4f=bb fc=bb fe=bb words 00=ffff 01=ffff 02=ffff 03=ffff 04=ffff 05=ffff 06=ffff 07=ffff
iic0: addr 0x29 00=bb 01=f9 02=f9 03=f9 04=f9 05=f9 06=f9 07=f9 08=f9 09=2b 0a=dc 3e=bb 48=bb 4a=bb 4e=bb 4f=bb fc=bb fe=bb words 00=ffff 01=ffff 02=ffff 03=ffff 04=ffff 05=ffff 06=ffff 07=ffff
iic0: addr 0x2a 3e=bb 48=bb 4a=bb 4e=bb 4f=bb fc=bb fe=bb words 00=ffff 01=ffff 02=ffff 03=ffff 04=ffff 05=ffff 06=ffff 07=ffff
iic0: addr 0x2b 00=bb 01=f9 02=f9 03=f9 04=f9 05=f9 06=f9 07=f9 08=f9 09=2b 0a=dc 3e=bb 48=bb 4a=bb 4e=bb 4f=bb fc=bb fe=bb words 00=ffff 01=ffff 02=ffff 03=ffff 04=ffff 05=ffff 06=ffff 07=ffff
iic0: addr 0x2c 00=bb 0e=bb 16=bb 3e=bb 48=bb 4a=bb 4e=bb 4f=bb fc=bb fe=bb words 00=ffff 01=ffff 02=ffff 03=ffff 04=ffff 05=ffff 06=ffff 07=ffff
iic0: addr 0x2d 00=bb 04=bb 0e=bb 16=bb 3e=bb 48=bb 4a=bb 4e=bb 4f=bb fc=bb fe=bb words 00=ffff 01=ffff 02=ffff 03=ffff 04=ffff 05=ffff 06=ffff 07=ffff
iic0: addr 0x2e 00=bb 04=bb 0e=bb 16=bb 3e=bb 48=bb 4a=bb 4e=bb 4f=bb fc=bb fe=bb words 00=ffff 01=ffff 02=ffff 03=ffff 04=ffff 05=ffff 06=ffff 07=ffff
iic0: addr 0x2f 00=bb 0e=bb 3e=bb 48=bb 4a=bb 4e=bb 4f=bb fc=bb fe=bb words 00=ffff 01=ffff 02=ffff 03=ffff 04=ffff 05=ffff 06=ffff 07=ffff
iic0: addr 0x48 3e=bb 48=bb 4a=bb 4e=bb fc=bb fe=bb words 00=ffff 01=ffff 02=ffff 03=ffff 04=ffff 05=ffff 06=ffff 07=ffff
iic0: addr 0x49 3e=bb 48=bb 4a=bb 4e=bb fc=bb fe=bb words 00=ffff 01=ffff 02=ffff 03=ffff 04=ffff 05=ffff 06=ffff 07=ffff
iic0: addr 0x4a 3e=bb 48=bb 4a=bb 4e=bb fc=bb fe=bb words 00=ffff 01=ffff 02=ffff 03=ffff 04=ffff 05=ffff 06=ffff 07=ffff
iic0: addr 0x4b 3e=bb 48=bb 4a=bb 4e=bb fc=bb fe=bb words 00=ffff 01=ffff 02=ffff 03=ffff 04=ffff 05=ffff 06=ffff 07=ffff
iic0: addr 0x4c 00=00 01=00 02=00 03=00 04=00 05=00 06=00 07=00 08=00 3e=bb 48=bb 4a=bb 4e=bb fc=bb fe=bb words 00=ffff 01=ffff 02=ffff 03=ffff 04=ffff 05=ffff 06=ffff 07=ffff
iic0: addr 0x4d 3e=bb 48=bb 4a=bb 4e=bb fc=bb fe=bb words 00=ffff 01=ffff 02=ffff 03=ffff 04=ffff 05=ffff 06=ffff 07=ffff
iic0: addr 0x4e 00=00 01=00 02=00 03=00 04=00 05=00 06=00 07=00 08=00 3e=bb 48=bb 4a=bb 4e=bb fc=bb fe=bb words 00=ffff 01=ffff 02=ffff 03=ffff 04=ffff 05=ffff 06=ffff 07=ffff
vga1 at pci0 dev 2 function 0 &quot;Bochs VGA&quot; rev 0x00
wsdisplay0 at vga1 mux 1: console (80x25, vt100 emulation)
wsdisplay0: screen 1-5 added (80x25, vt100 emulation)
virtio0 at pci0 dev 3 function 0 &quot;Qumranet Virtio Network&quot; rev 0x00
vio0 at virtio0: address xx:xx:xx:xx:xx:xx
virtio0: msix shared
virtio1 at pci0 dev 4 function 0 &quot;Qumranet Virtio Network&quot; rev 0x00
vio1 at virtio1: address xx:xx:xx:xx:xx:xx
virtio1: msix shared
virtio2 at pci0 dev 5 function 0 &quot;Qumranet Virtio Network&quot; rev 0x00
vio2 at virtio2: address xx:xx:xx:xx:xx:xx
virtio2: msix shared
virtio3 at pci0 dev 6 function 0 &quot;Qumranet Virtio Storage&quot; rev 0x00
vioblk0 at virtio3
scsibus2 at vioblk0: 2 targets
sd0 at scsibus2 targ 0 lun 0: &lt;VirtIO, Block Device, &gt; SCSI3 0/direct fixed
sd0: 102400MB, 512 bytes/sector, 209715200 sectors
virtio3: msix shared
virtio4 at pci0 dev 7 function 0 &quot;Qumranet Virtio Memory Balloon&quot; rev 0x00
viomb0 at virtio4
virtio4: apic 0 int 11
isa0 at pcib0
isadma0 at isa0
fdc0 at isa0 port 0x3f0/6 irq 6 drq 2
com0 at isa0 port 0x3f8/8 irq 4: ns16550a, 16 byte fifo
com0: console
pckbc0 at isa0 port 0x60/5 irq 1 irq 12
pckbd0 at pckbc0 (kbd slot)
wskbd0 at pckbd0: console keyboard, using wsdisplay0
pms0 at pckbc0 (aux slot)
wsmouse0 at pms0 mux 0
pcppi0 at isa0 port 0x61
spkr0 at pcppi0
usb0 at uhci0: USB revision 1.0
uhub0 at usb0 configuration 1 interface 0 &quot;Intel UHCI root hub&quot; rev 1.00/1.00 addr 1
uhidev0 at uhub0 port 1 configuration 1 interface 0 &quot;QEMU 0.12.1 QEMU USB Tablet&quot; rev 1.00/0.00 addr 2
uhidev0: iclass 3/0
ums0 at uhidev0: 3 buttons, Z dir
wsmouse1 at ums0 mux 0
vscsi0 at root
scsibus3 at vscsi0: 256 targets
softraid0 at root
scsibus4 at softraid0: 256 targets
sd1 at scsibus4 targ 1 lun 0: &lt;OPENBSD, SR CRYPTO, 006&gt; SCSI2 0/direct fixed
sd1: 102398MB, 512 bytes/sector, 209711918 sectors
root on sd1a (0ce05570ca20d930.a) swap on sd1b dump on sd1b
fd0 at fdc0 drive 0: density unknown
fd1 at fdc0 drive 1: density unknown
syncing disks... done
rebooting...
OpenBSD 6.5 (GENERIC.MP) #2: Tue Jul 23 23:38:56 CEST 2019
    xxx@xxx.xxx:/usr/src/sys/arch/amd64/compile/GENERIC.MP
real mem = 1056952320 (1007MB)
avail mem = 1015341056 (968MB)
mpath0 at root
scsibus0 at mpath0: 256 targets
mainbus0 at root
bios0 at mainbus0: SMBIOS rev. 2.4 @ 0x3ffffea0 (11 entries)
bios0: vendor Seabios version &quot;0.5.1&quot; date 01/01/2007
bios0: Red Hat KVM
acpi0 at bios0: rev 0
acpi0: sleep states S5
acpi0: tables DSDT FACP SSDT APIC SSDT
acpi0: wakeup devices
acpitimer0 at acpi0: 3579545 Hz, 24 bits
acpimadt0 at acpi0 addr 0xfee00000: PC-AT compat
cpu0 at mainbus0: apid 0 (boot processor)
cpu0: Intel(R) Xeon(R) CPU E5645 @ 2.40GHz, 527.05 MHz, 06-2c-02
cpu0: FPU,VME,DE,PSE,TSC,MSR,PAE,MCE,CX8,APIC,MTRR,PGE,MCA,CMOV,PAT,PSE36,CFLUSH,MMX,FXSR,SSE,SSE2,SS,SSE3,PCLMUL,SSSE3,CX16,PCID,SSE4.1,SSE4.2,x2APIC,POPCNT,AES,HV,NXE,PAGE1GB,LONG,LAHF,PERF,MELTDOWN
cpu0: 64KB 64b/line 2-way I-cache, 64KB 64b/line 2-way D-cache, 512KB 64b/line 16-way L2 cache
cpu0: ITLB 255 4KB entries direct-mapped, 255 4MB entries direct-mapped
cpu0: DTLB 255 4KB entries direct-mapped, 255 4MB entries direct-mapped
cpu0: smt 0, core 0, package 0
mtrr: Pentium Pro MTRR support, 8 var ranges, 88 fixed ranges
cpu0: apic clock running at 999MHz
cpu1 at mainbus0: apid 1 (application processor)
cpu1: Intel(R) Xeon(R) CPU E5645 @ 2.40GHz, 444.57 MHz, 06-2c-02
cpu1: FPU,VME,DE,PSE,TSC,MSR,PAE,MCE,CX8,APIC,MTRR,PGE,MCA,CMOV,PAT,PSE36,CFLUSH,MMX,FXSR,SSE,SSE2,SS,SSE3,PCLMUL,SSSE3,CX16,PCID,SSE4.1,SSE4.2,x2APIC,POPCNT,AES,HV,NXE,PAGE1GB,LONG,LAHF,PERF,MELTDOWN
cpu1: 64KB 64b/line 2-way I-cache, 64KB 64b/line 2-way D-cache, 512KB 64b/line 16-way L2 cache
cpu1: ITLB 255 4KB entries direct-mapped, 255 4MB entries direct-mapped
cpu1: DTLB 255 4KB entries direct-mapped, 255 4MB entries direct-mapped
cpu1: smt 0, core 0, package 1
ioapic0 at mainbus0: apid 0 pa 0xfec00000, version 11, 24 pins
acpiprt0 at acpi0: bus 0 (PCI0)
acpicpu0 at acpi0: C1(@1 halt!)
acpicpu1 at acpi0: C1(@1 halt!)
&quot;ACPI0006&quot; at acpi0 not configured
acpipci0 at acpi0 PCI0: _OSC failed
acpicmos0 at acpi0
&quot;ACPI0007&quot; at acpi0 not configured
&quot;ACPI0007&quot; at acpi0 not configured
cpu0: using IvyBridge MDS workaround
pvbus0 at mainbus0: KVM
pvclock0 at pvbus0: unstable clock
pci0 at mainbus0 bus 0
pchb0 at pci0 dev 0 function 0 &quot;Intel 82441FX&quot; rev 0x02
pcib0 at pci0 dev 1 function 0 &quot;Intel 82371SB ISA&quot; rev 0x00
pciide0 at pci0 dev 1 function 1 &quot;Intel 82371SB IDE&quot; rev 0x00: DMA, channel 0 wired to compatibility, channel 1 wired to compatibility
pciide0: channel 0 disabled (no drives)
atapiscsi0 at pciide0 channel 1 drive 0
scsibus1 at atapiscsi0: 2 targets
cd0 at scsibus1 targ 0 lun 0: &lt;QEMU, QEMU DVD-ROM, 0.12&gt; ATAPI 5/cdrom removable
cd0(pciide0:1:0): using PIO mode 0
uhci0 at pci0 dev 1 function 2 &quot;Intel 82371SB USB&quot; rev 0x01: apic 0 int 11
piixpm0 at pci0 dev 1 function 3 &quot;Intel 82371AB Power&quot; rev 0x03: apic 0 int 10
iic0 at piixpm0
iic0: addr 0x18 00=fe 01=3f 02=3f 03=3f 04=3f 05=3f 06=3f 07=3f 08=3f 09=31 0a=f6 3e=fe 48=fe 4a=fe 4e=fe fc=fe fe=fe words 00=ffff 01=ffff 02=ffff 03=ffff 04=ffff 05=ffff 06=ffff 07=ffff
iic0: addr 0x19 3e=fe 48=fe 4a=fe 4e=fe fc=fe fe=fe words 00=ffff 01=ffff 02=ffff 03=ffff 04=ffff 05=ffff 06=ffff 07=ffff
iic0: addr 0x1a 00=fe 01=3f 02=3f 03=3f 04=3f 05=3f 06=3f 07=3f 08=3f 09=31 0a=f6 3e=fe 48=fe 4a=fe 4e=fe fc=fe fe=fe words 00=ffff 01=ffff 02=ffff 03=ffff 04=ffff 05=ffff 06=ffff 07=ffff
iic0: addr 0x1b 3e=fe 48=fe 4a=fe 4e=fe fc=fe fe=fe words 00=ffff 01=ffff 02=ffff 03=ffff 04=ffff 05=ffff 06=ffff 07=ffff
iic0: addr 0x1c 0f=06 3e=fe 48=fe 4a=fe 4e=fe fc=fe fe=fe words 00=ffff 01=ffff 02=ffff 03=ffff 04=ffff 05=ffff 06=ffff 07=ffff
iic0: addr 0x1d 0f=06 3e=fe 48=fe 4a=fe 4e=fe fc=fe fe=fe words 00=ffff 01=ffff 02=ffff 03=ffff 04=ffff 05=ffff 06=ffff 07=ffff
iic0: addr 0x1e 3e=fe 48=fe 4a=fe 4e=fe fc=fe fe=fe words 00=ffff 01=ffff 02=ffff 03=ffff 04=ffff 05=ffff 06=ffff 07=ffff
iic0: addr 0x1f 3e=fe 48=fe 4a=fe 4e=fe fc=fe fe=fe words 00=ffff 01=ffff 02=ffff 03=ffff 04=ffff 05=ffff 06=ffff 07=ffff
iic0: addr 0x20 3e=fe 48=fe 4a=fe 4e=fe fc=fe fe=fe words 00=ffff 01=ffff 02=ffff 03=ffff 04=ffff 05=ffff 06=ffff 07=ffff
iic0: addr 0x21 3e=fe 48=fe 4a=fe 4e=fe fc=fe fe=fe words 00=ffff 01=ffff 02=ffff 03=ffff 04=ffff 05=ffff 06=ffff 07=ffff
iic0: addr 0x22 3e=fe 48=fe 4a=fe 4e=fe fc=fe fe=fe words 00=ffff 01=ffff 02=ffff 03=ffff 04=ffff 05=ffff 06=ffff 07=ffff
iic0: addr 0x23 3e=fe 48=fe 4a=fe 4e=fe fc=fe fe=fe words 00=ffff 01=ffff 02=ffff 03=ffff 04=ffff 05=ffff 06=ffff 07=ffff
iic0: addr 0x24 3e=fe 48=fe 4a=fe 4e=fe fc=fe fe=fe words 00=ffff 01=ffff 02=ffff 03=ffff 04=ffff 05=ffff 06=ffff 07=ffff
iic0: addr 0x25 3e=fe 48=fe 4a=fe 4e=fe fc=fe fe=fe words 00=ffff 01=ffff 02=ffff 03=ffff 04=ffff 05=ffff 06=ffff 07=ffff
iic0: addr 0x26 3e=fe 48=fe 4a=fe 4e=fe fc=fe fe=fe words 00=ffff 01=ffff 02=ffff 03=ffff 04=ffff 05=ffff 06=ffff 07=ffff
iic0: addr 0x27 3e=fe 48=fe 4a=fe 4e=fe fc=fe fe=fe words 00=ffff 01=ffff 02=ffff 03=ffff 04=ffff 05=ffff 06=ffff 07=ffff
iic0: addr 0x28 3e=fe 48=fe 4a=fe 4e=fe 4f=fe fc=fe fe=fe words 00=ffff 01=ffff 02=ffff 03=ffff 04=ffff 05=ffff 06=ffff 07=ffff
iic0: addr 0x29 00=fe 01=3f 02=3f 03=3f 04=3f 05=3f 06=3f 07=3f 08=3f 09=31 0a=f6 3e=fe 48=fe 4a=fe 4e=fe 4f=fe fc=fe fe=fe words 00=ffff 01=ffff 02=ffff 03=ffff 04=ffff 05=ffff 06=ffff 07=ffff
iic0: addr 0x2a 3e=fe 48=fe 4a=fe 4e=fe 4f=fe fc=fe fe=fe words 00=ffff 01=ffff 02=ffff 03=ffff 04=ffff 05=ffff 06=ffff 07=ffff
iic0: addr 0x2b 00=fe 01=3f 02=3f 03=3f 04=3f 05=3f 06=3f 07=3f 08=3f 09=31 0a=f6 3e=fe 48=fe 4a=fe 4e=fe 4f=fe fc=fe fe=fe words 00=ffff 01=ffff 02=ffff 03=ffff 04=ffff 05=ffff 06=ffff 07=ffff
iic0: addr 0x2c 00=fe 0e=fe 16=fe 3e=fe 48=fe 4a=fe 4e=fe 4f=fe fc=fe fe=fe words 00=ffff 01=ffff 02=ffff 03=ffff 04=ffff 05=ffff 06=ffff 07=ffff
iic0: addr 0x2d 00=fe 04=fe 0e=fe 16=fe 3e=fe 48=fe 4a=fe 4e=fe 4f=fe fc=fe fe=fe words 00=ffff 01=ffff 02=ffff 03=ffff 04=ffff 05=ffff 06=ffff 07=ffff
iic0: addr 0x2e 00=fe 04=fe 0e=fe 16=fe 3e=fe 48=fe 4a=fe 4e=fe 4f=fe fc=fe fe=fe words 00=ffff 01=ffff 02=ffff 03=ffff 04=ffff 05=ffff 06=ffff0\M-K\^O \M-=\M-~?\M-@\M-~?0: addr 0x2f 00=fe 0e=fe 3e=fe 48=fe 4a=fe 4e=fe 4f=fe fc=fe fe=fe words 00=ffff 01=ffff 02=ffff 03=ffff 04=ffff 05=ffff 06=ffff 07=ffff
iic0: addr 0x48 3e=fe 48=fe 4a=fe 4e=fe fc=fe fe=fe words 00=ffff 01=ffff 02=ffff 03=ffff 04=ffff 05=ffff 06=ffff 07=ffff
iic0: addr 0x49 3e=fe 48=fe 4a=fe 4e=fe fc=fe fe=fe words 00=ffff 01=ffff 02=ffff 03=ffff 04=ffff 05=ffff 06=ffff 07=ffff
iic0: addr 0x4a 3e=fe 48=fe 4a=fe 4e=fe fc=fe fe=fe words 00=ffff 01=ffff 02=ffff 03=ffff 04=ffff 05=ffff 06=ffff 07=ffff
iic0: addr 0x4b 3e=fe 48=fe 4a=fe 4e=fe fc=fe fe=fe words 00=ffff 01=ffff 02=ffff 03=ffff 04=ffff 05=ffff 06=ffff 07=ffff
iic0: addr 0x4c 00=00 01=00 02=00 03=00 04=00 05=00 06=00 07=00 08=00 3e=fe 48=fe 4a=fe 4e=fe fc=fe fe=fe words 00=ffff 01=ffff 02=ffff 03=ffff 04=ffff 05=ffff 06=ffff 07=ffff
iic0: addr 0x4d 3e=fe 48=fe 4a=fe 4e=fe fc=fe fe=fe words 00=ffff 01=ffff 02=ffff 03=ffff 04=ffff 05=ffff 06=ffff 07=ffff
iic0: addr 0x4e 00=00 01=00 02=00 03=00 04=00 05=00 06=00 07=00 08=00 3e=fe 48=fe 4a=fe 4e=fe fc=fe fe=fe words 00=ffff 01=ffff 02=ffff 03=ffff 04=ffff 05=ffff 06=ffff 07=ffff
vga1 at pci0 dev 2 function 0 &quot;Bochs VGA&quot; rev 0x00
wsdisplay0 at vga1 mux 1: console (80x25, vt100 emulation)
wsdisplay0: screen 1-5 added (80x25, vt100 emulation)
virtio0 at pci0 dev 3 function 0 &quot;Qumranet Virtio Network&quot; rev 0x00
vio0 at virtio0: address xx:xx:xx:xx:xx:xx
virtio0: msix shared
virtio1 at pci0 dev 4 function 0 &quot;Qumranet Virtio Network&quot; rev 0x00
vio1 at virtio1: address xx:xx:xx:xx:xx:xx
virtio1: msix shared
virtio2 at pci0 dev 5 function 0 &quot;Qumranet Virtio Network&quot; rev 0x00
vio2 at virtio2: address xx:xx:xx:xx:xx:xx
virtio2: msix shared
virtio3 at pci0 dev 6 function 0 &quot;Qumranet Virtio Storage&quot; rev 0x00
vioblk0 at virtio3
scsibus2 at vioblk0: 2 targets
sd0 at scsibus2 targ 0 lun 0: &lt;VirtIO, Block Device, &gt; SCSI3 0/direct fixed
sd0: 102400MB, 512 bytes/sector, 209715200 sectors
virtio3: msix shared
virtio4 at pci0 dev 7 function 0 &quot;Qumranet Virtio Memory Balloon&quot; rev 0x00
viomb0 at virtio4
virtio4: apic 0 int 11
isa0 at pcib0
isadma0 at isa0
fdc0 at isa0 port 0x3f0/6 irq 6 drq 2
com0 at isa0 port 0x3f8/8 irq 4: ns16550a, 16 byte fifo
com0: console
pckbc0 at isa0 port 0x60/5 irq 1 irq 12
pckbd0 at pckbc0 (kbd slot)
wskbd0 at pckbd0: console keyboard, using wsdisplay0
pms0 at pckbc0 (aux slot)
wsmouse0 at pms0 mux 0
pcppi0 at isa0 port 0x61
spkr0 at pcppi0
usb0 at uhci0: USB revision 1.0
uhub0 at usb0 configuration 1 interface 0 &quot;Intel UHCI root hub&quot; rev 1.00/1.00 addr 1
uhidev0 at uhub0 port 1 configuration 1 interface 0 &quot;QEMU 0.12.1 QEMU USB Tablet&quot; rev 1.00/0.00 addr 2
uhidev0: iclass 3/0
ums0 at uhidev0: 3 buttons, Z dir
wsmouse1 at ums0 mux 0
vscsi0 at root
scsibus3 at vscsi0: 256 targets
softraid0 at root
scsibus4 at softraid0: 256 targets
sd1 at scsibus4 targ 1 lun 0: &lt;OPENBSD, SR CRYPTO, 006&gt; SCSI2 0/direct fixed
sd1: 102398MB, 512 bytes/sector, 209711918 sectors
root on sd1a (0ce05570ca20d930.a) swap on sd1b dump on sd1b
fd0 at fdc0 drive 0: density unknown
fd1 at fdc0 drive 1: density unknown\M-57\^N\M^]9\^N\M-57\^N\^B:\^N\^\\M-&lt;\M-~?`\M-&lt;\M-~?+\^O`\M-&lt;\M-~?`\M-&lt;\M-~?	\^A\M^O:\^N3P\^Nl\^T\^O`\M-&lt;\M-~?\^A1Q:\^N`\M-&lt;\M-~?	\^A\^K\M-c\^Np\M-&lt;\M-~?\M-p\M-\ \^O\^A/pci@i0cf8/*@1,1/drive@1/disk@0src/sys/arch/amd64/compile/GENERIC.MP
real mem = 1056952320 (1007MB)\M-w\M^DF\M-{\^M}H\M^JF\M-{\^M}\M^@\^L\M-=\M-~?F\M^KF\M-{\^M}\M^@$\M-=\M-~?\M-y?\^NF\^Z\^Z\^G/\M^KFX\M-=\M-~?p\^At\^C\M^@\^L\M-4\^Np\^Aw\^AX\M-=\M-~?p\^At\^Cv\^Ct\^C\^Ag\M-E\^N\^A\M^Z\M-=\M-~?\M-D\M-?\M-~?\^A\M-!\M-0\M^?\M^?\M^?p\^At\^Cs\^At\^C\M-|\M-d\^N\M^[\M-?\M-~?\^Arsion \^B\M-0\^C5.1&quot; dp\^Ap\^A\M-0\M-Y\^O07
bioEQEMU DVD-ROM\M-0\M-Y\^O\^A\M-0\M-~?\^O\^A\M-0\M-Y\^OT\M-+\^N0\M-K\^O\M^T\M-O\M-~?0\M-K\^O255 4KB entries direct-mapped, 255 4MB entries direct-mapped
cpu0: DTLB 255 4KB entries direct-mapped, 255 4MB entries direct-mapped
cpu0: smt 0, core 0, package 0
mtrr: Pentium Pro MTRR support, 8 var ranges, 88 fixed ranges
cpu0: apic clock running at 999MHz
cpu1 at mainbus0: apid 1 (application processor)
cpu1: Intel(R) Xeon(R) CPU E5645 @ 2.40GHz, 442.48 MHz, 06-2c-02
cpu1: FPU,VME,DE,PSE,TSC,MSR,PAE,MCE,CX8,APIC,MTRR,PGE,MCA,CMOV,PAT,PSE36,CFLUSH,MMX,FXSR,SSE,SSE2,SS,SSE3,PCLMUL,SSSE3,CX16,PCID,SSE4.1,SSE4.2,x2APIC,POPCNT,AES,HV,NXE,PAGE1GB,LONG,LAHF,PERF,MELTDOWN
cpu1: 64KB 64b/line 2-way I-cache, 64KB 64b/line 2-way D-cache, 512KB 64b/line 16-way L2 cache
cpu1: ITLB 255 4KB entries direct-mapped, 255 4MB entries direct-mapped
cpu1: DTLB 255 4KB entries direct-mapped, 255 4MB entries direct-mapped
cpu1: smt 0, core 0, package 1
ioapic0 at mainbus0: apid 0 pa 0xfec00000, version 11, 24 pins
acpiprt0 at acpi0: bus 0 (PCI0)
acpicpu0 at acpi0: C1(@1 halt!)
acpicpu1 at acpi0: C1(@1 halt!)
&quot;ACPI0006&quot; at acpi0 not configured
acpipci0 at acpi0 PCI0: _OSC failed
acpicmos0 at acpi0
&quot;ACPI0007&quot; at acpi0 not configured
&quot;ACPI0007&quot; at acpi0 not configured
cpu0: using IvyBridge MDS workaround
pvbus0 at mainbus0: KVM
pvclock0 at pvbus0: unstable clock
pci0 at mainbus0 bus 0
pchb0 at pci0 dev 0 function 0 &quot;Intel 82441FX&quot; rev 0x02
pcib0 at pci0 dev 1 function 0 &quot;Intel 82371SB ISA&quot; rev 0x00
pciide0 at pci0 dev 1 function 1 &quot;Intel 82371SB IDE&quot; rev 0x00: DMA, channel 0 wired to compatibility, channel 1 wired to compatibility
pciide0: channel 0 disabled (no drives)
atapiscsi0 at pciide0 channel 1 drive 0
scsibus1 at atapiscsi0: 2 targets
cd0 at scsibus1 targ 0 lun 0: &lt;QEMU, QEMU DVD-ROM, 0.12&gt; ATAPI 5/cdrom removable
cd0(pciide0:1:0): using PIO mode 0
uhci0 at pci0 dev 1 function 2 &quot;Intel 82371SB USB&quot; rev 0x01: apic 0 int 11
piixpm0 at pci0 dev 1 function 3 &quot;Intel 82371AB Power&quot; rev 0x03: apic 0 int 10
iic0 at piixpm0
iic0: addr 0x18 00=e3 01=83 02=83 03=83 04=83 05=83 06=83 07=83 08=83 09=f6 0a=23 3e=e3 48=e3 4a=e3 4e=e3 fc=e3 fe=e3 words 00=ffff 01=ffff 02=ffff 03=ffff 04=ffff 05=ffff 06=ffff 07=ffff
iic0: addr 0x19 3e=e3 48=e3 4a=e3 4e=e3 fc=e3 fe=e3 words 00=ffff 01=ffff 02=ffff 03=ffff 04=ffff 05=ffff 06=ffff 07=ffff
iic0: addr 0x1a 00=e3 01=83 02=83 03=83 04=83 05=83 06=83 07=83 08=83 09=f6 0a=23 3e=e3 48=e3 4a=e3 4e=e3 fc=e3 fe=e3 words 00=ffff 01=ffff 02=ffff 03=ffff 04=ffff 05=ffff 06=ffff 07=ffff
iic0: addr 0x1b 3e=e3 48=e3 4a=e3 4e=e3 fc=e3 fe=e3 words 00=ffff 01=ffff 02=ffff 03=ffff 04=ffff 05=ffff 06=ffff 07=ffff
iic0: addr 0x1c 0f=06 3e=e3 48=e3 4a=e3 4e=e3 fc=e3 fe=e3 words 00=ffff 01=ffff 02=ffff 03=ffff 04=ffff 05=ffff 06=ffff 07=ffff
iic0: addr 0x1d 0f=06 3e=e3 48=e3 4a=e3 4e=e3 fc=e3 fe=e3 words 00=ffff 01=ffff 02=ffff 03=ffff 04=ffff 05=ffff 06=ffff 07=ffff
iic0: addr 0x1e 3e=e3 48=e3 4a=e3 4e=e3 fc=e3 fe=e3 words 00=ffff 01=ffff 02=ffff 03=ffff 04=ffff 05=ffff 06=ffff 07=ffff
iic0: addr 0x1f 3e=e3 48=e3 4a=e3 4e=e3 fc=e3 fe=e3 words 00=ffff 01=ffff 02=ffff 03=ffff 04=ffff 05=ffff 06=ffff 07=ffff
iic0: addr 0x20 3e=e3 48=e3 4a=e3 4e=e3 fc=e3 fe=e3 words 00=ffff 01=ffff 02=ffff 03=ffff 04=ffff 05=ffff 06=ffff 07=ffff
iic0: addr 0x21 3e=e3 48=e3 4a=e3 4e=e3 fc=e3 fe=e3 words 00=ffff 01=ffff 02=ffff 03=ffff 04=ffff 05=ffff 06=ffff 07=ffff
iic0: addr 0x22 3e=e3 48=e3 4a=e3 4e=e3 fc=e3 fe=e3 words 00=ffff 01=ffff 02=ffff 03=ffff 04=ffff 05=ffff 06=ffff 07=ffff
iic0: addr 0x23 3e=e3 48=e3 4a=e3 4e=e3 fc=e3 fe=e3 words 00=ffff 01=ffff 02=ffff 03=ffff 04=ffff 05=ffff 06=ffff 07=ffff
iic0: addr 0x24 3e=e3 48=e3 4a=e3 4e=e3 fc=e3 fe=e3 words 00=ffff 01=ffff 02=ffff 03=ffff 04=ffff 05=ffff 06=ffff 07=ffff
iic0: addr 0x25 3e=e3 48=e3 4a=e3 4e=e3 fc=e3 fe=e3 words 00=ffff 01=ffff 02=ffff 03=ffff 04=ffff 05=ffff 06=ffff 07=ffff
iic0: addr 0x26 3e=e3 48=e3 4a=e3 4e=e3 fc=e3 fe=e3 words 00=ffff 01=ffff 02=ffff 03=ffff 04=ffff 05=ffff 06=ffff 07=ffff
iic0: addr 0x27 3e=e3 4\M-!\M-h\^N 4a=N\M-}K\M-{\^M\M-H\^A\M-(\M-O\M-~?\M-y?\^Nf\M-iVE;\^N\M-t\^A\M-H\M-P\M-G\^NuA\^N\M-t\^A\^B:\^NL\M-J\^N\M-v\M-O\M-~?\^P\M^?\M^?\M^?\M^?\M^O:\^Np\M-K\^NO\^^\^O\^B\^B\M-@\M-~?T\M-+\^N\M-`\M-~?\^H\M-_\M-~?0\M-K\^O0=ffff 01=ffff 02=ffff 03=ffff 04=ffff 05=ffff 06=ffff 07=ffff
iic0: addr 0x29 00=e3 01=83 02=83 03=83 04=83 05=83 06=83 07=83 08=83 09=f6 0a=23 3e=e3 48=e3 4a=e3 4e=e3 4f=e3 fc=e3 fe=e3 words 00=ffff 01=ffff 02=ffff 03=ffff 04=ffff 05=ffff 06=ffff 07=ffff
iic0: addr 0x2a 3e=e3 48=e3 4a=e3 4e=e3 4f=e3 fc=e3 fe=e3 words 00=ffff 01=ffff 02=ffff 03=ffff 04=ffff 05=ffff 06=ffff 07=ffff
iic0: addr 0x2b 00=e3 01=83 02=83 03=83 04=83 05=83 06=83 07=83 08=83 09=f6 0a=23 3e=e3 48=e3 4a=e3 4e=e3 4f=e3 fc=e3 fe=e3 words 00=ffff 01=ffff 02=ffff 03=ffff 04=ffff 05=ffff 06=ffff 07=ffff
iic0: addr 0x2c 00=e3 0e=e3 16=e3 3e=e3 48=e3 4a=e3 4e=e3 4f=e3 fc=e3 fe=e3 words 00=ffff 01=ffff 02=ffff 03=ffff 04=ffff 05=ffff 06=ffff 07=ffff
iic0: addr 0x2d 00=e3 04=e3 0e=e3 16=e3 3e=e3 48=e3 4a=e3 4e=e3 4f=e3 fc=e3 fe=e3 words 00=ffff 01=ffff 02=ffff 03=ffff 04=ffff 05=ffff 06=ffff 07=ffff
iic0: addr 0x2e 00=e3 04=e3 0e=e3 16=e3 3e=e3 48=e3 4a=e3 4e=e3 4f=e3 fc=e3 fe=e3 words 00=ffff 01=ffff 02=ffff 03=ffff 04=ffff 05=ffff 06=ffff 07=ffff
iic0: addr 0x2f 00=e3 0e=e3 3e=e3 48=e3 4a=e3 4e=e3 4f=e3 fc=e3 fe=e3 words 00=ffff 01=ffff 02=ffff 03=ffff 04=ffff 05=ffff 06=ffff 07=ffff
iic0: addr 0x48 3e=e3 48=e3 4a=e3 4e=e3 fc=e3 fe=e3 words 00=ffff 01=ffff 02=ffff 03=ffff 04=ffff 05=ffff 06=ffff 07=ffff
iic0: addr 0x49 3e=e3 48=e3 4a=e3 4e=e3 fc=e3 fe=e3 words 00=ffff 01=ffff 02=ffff 03=ffff 04=ffff 05=ffff 06=ffff 07=ffff
iic0: addr 0x4a 3e=e3 48=e3 4a=e3 4e=e3 fc=e3 fe=e3 words 00=ffff 01=ffff 02=ffff 03=ffff 04=ffff 05=ffff 06=ffff 07=ffff
iic0: addr 0x4b 3e=e3 48=e3 4a=e3 4e=e3 fc=e3 fe=e3 words 00=ffff 01=ffff 02=ffff 03=ffff 04=ffff 05=ffff 06=ffff 07=ffff
iic0: addr 0x4c 00=00 01=00 02=00 03=00 04=00 05=00 06=00 07=00 08=00 3e=e3 48=e3 4a=e3 4e=e3 fc=e3 fe=e3 words 00=ffff 01=ffff 02=ffff 03=ffff 04=ffff 05=ffff 06=ffff 07=ffff
iic0: addr 0x4d 3e=e3 48=e3 4a=e3 4e=e3 fc=e3 fe=e3 words 00=ffff 01=ffff 02=ffff 03=ffff 04=ffff 05=ffff 06=ffff 07=ffff
iic0: addr 0x4e 00=00 01=00 02=00 03=00 04=00 05=00 06=00 07=00 08=00 3e=e3 48=e3 4a=e3 4e=e3 fc=e3 fe=e3 words 00=ffff 01=ffff 02=ffff 03=ffff 04=ffff 05=ffff 06=ffff 07=ffff
vga1 at pci0 dev 2 function 0 &quot;Bochs VGA&quot; rev 0x00
wsdisplay0 at vga1 mux 1: console (80x25, vt100 emulation)
wsdisplay0: screen 1-5 added (80x25, vt100 emulation)
virtio0 at pci0 dev 3 function 0 &quot;Qumranet Virtio Network&quot; rev 0x00
vio0 at virtio0: address xx:xx:xx:xx:xx:xx
virtio0: msix shared
virtio1 at pci0 dev 4 function 0 &quot;Qumranet Virtio Network&quot; rev 0x00
vio1 at virtio1: address xx:xx:xx:xx:xx:xx
virtio1: msix shared
virtio2 at pci0 dev 5 function 0 &quot;Qumranet Virtio Network&quot; rev 0x00
vio2 at virtio2: address xx:xx:xx:xx:xx:xx
virtio2: msix shared
virtio3 at pci0 dev 6 function 0 &quot;Qumranet Virtio Storage&quot; rev 0x00
vioblk0 at virtio3
scsibus2 at vioblk0: 2 targets
sd0 at scsibus2 targ 0 lun 0: &lt;VirtIO, Block Device, &gt; SCSI3 0/direct fixed
sd0: 102400MB, 512 bytes/sector, 209715200 sectors
virtio3: msix shared
virtio4 at pci0 dev 7 function 0 &quot;Qumranet Virtio Memory Balloon&quot; rev 0x00
viomb0 at virtio4
virtio4: apic 0 int 11
isa0 at pcib0
isadma0 at isa0
fdc0 at isa0 port 0x3f0/6 irq 6 drq 2
com0 at isa0 port 0x3f8/8 irq 4: ns16550a, 16 byte fifo
com0: console
pckbc0 at isa0 port 0x60/5 irq 1 irq 12
pckbd0 at pckbc0 (kbd slot)
wskbd0 at pckbd0: console keyboard, using wsdisplay0
pms0 at pckbc0 (aux slot)
wsmouse0 at pms0 mux 0
pcppi0 at isa0 port 0x61
spkr0 at pcppi0
usb0 at uhci0: USB revision 1.0
uhub0 at usb0 configuration 1 interface 0 &quot;Intel UHCI root hub&quot; rev 1.00/1.00 addr 1
uhidev0 at uhub0 port 1 configuration 1 interface 0 &quot;QEMU 0.12.1 QEMU USB Tablet&quot; rev 1.00/0.00 addr 2
uhidev0: iclass 3/0
ums0 at uhidev0: 3 buttons, Z dir
wsmouse1 at ums0 mux 0
vscsi0 at root
scsibus3 at vscsi0: 256 targets
softraid0 at root
scsibus4 \M-w\M-~?E;\^N\M-{\^M\M-t\^A\^A\^T\M-_\M-~?\M-y?\^N\M-S&lt;e\M-8\M-{ICE;\^N\M-{\^M\M^H\^S\M-\\M-w\M-~?@\M-_\M-~?\M-y?\^N5\^K[\^A\M-7	J&amp;\M-@&amp;\M-@5\^K[\^A\M-,B\^N\M-P\M-w\M-~?\M-P\M-w\M-~?\M-\\M-w\M-~?y\M-w\M-~?\M^IE\^N\M-H\M-o\M-~?\M-H\M-o\M-~?_\M-o\^N18 sp\M-w\M-~?\^Yd1a (0ce05570ca20d930.a) swap on sd1p\M-|\M-~?\M^?\M^?\M^?\M^?\M^?\M^?\M^?\M^?\^A\^Ht \^R\^A\^A\^Hve 0: dens	\^B&quot;\^A\^A\^G\2402	\^At fdc0 drive 1:\M-P\M-~?\^B\M-H\M-o\M-~?T\M-+\^N\M-@\M-~?\\\M-o\M-~?0\M-K\^O. done
rebooting...
OpenBSD 6.5 (GENERIC.MP) #2: Tue Jul 23 23:38:56 CEST 2019
    xxx@xxx.xxx:/usr/src/sys/arch/amd64/compile/GENERIC.MP
real mem = 1056952320 (1007MB)
avail mem = 1015341056 (968MB)
mpath0 at root
scsibus0 at mpath0: 256 targets
mainbus0 at root
bios0 at mainbus0: SMBIOS rev. 2.4 @ 0x3ffffea0 (11 entries)
bios0: vendor Seabios version &quot;0.5.1&quot; date 01/01/2007
bios0: Red Hat KVM
acpi0 at bios0: rev 0
acpi0: sleep states S5
acpi0: tables DSDT FACP SSDT APIC SSDT
acpi0: wakeup devices
acpitimer0 at acpi0: 3579545 Hz, 24 bits
acpimadt0 at acpi0 addr 0xfee00000: PC-AT compat
cpu0 at mainbus0: apid 0 (boot processor)
cpu0: Intel(R) Xeon(R) CPU E5645 @ 2.40GHz, 515.82 MHz, 06-2c-02
cpu0: FPU,VME,DE,PSE,TSC,MSR,PAE,MCE,CX8,APIC,MTRR,PGE,MCA,CMOV,PAT,PSE36,CFLUSH,MMX,FXSR,SSE,SSE2,SS,SSE3,PCLMUL,SSSE3,CX16,PCID,SSE4.1,SSE4.2,x2APIC,POPCNT,AES,HV,NXE,PAGE1GB,LONG,LAHF,PERF,MELTDOWN
cpu0: 64KB 64b/line 2-way I-cache, 64KB 64b/line 2-way D-cache, 512KB 64b/line 16-way L2 cache
cpu0: ITLB 255 4KB entries direct-mapped, 255 4MB entries direct-mapped
cpu0: DTLB 255 4KB entries direct-mapped, 255 4MB entries direct-mapped
cpu0: smt 0, core 0, package 0
mtrr: Pentium Pro MTRR support, 8 var ranges, 88 fixed ranges
cpu0: apic clock running at 999MHz
cpu1 at mainbus0: apid 1 (application processor)
cpu1: Intel(R) Xeon(R) CPU E5645 @ 2.40GHz, 436.71 MHz, 06-2c-02
cpu1: FPU,VME,DE,PSE,TSC,MSR,PAE,MCE,CX8,APIC,MTRR,PGE,MCA,CMOV,PAT,PSE36,CFLUSH,MMX,FXSR,SSE,SSE2,SS,SSE3,PCLMUL,SSSE3,CX16,PCID,SSE4.1,SSE4.2,x2APIC,POPCNT,AES,HV,NXE,PAGE1GB,LONG,LAHF,PERF,MELTDOWN
cpu1: 64KB 64b/line 2-way I-cache, 64KB 64b/line 2-way D-cache, 512KB 64b/line 16-way L2 cache
cpu1: ITLB 255 4KB entries direct-mapped, 255 4MB entries direct-mapped
cpu1: DTLB 255 4KB entries direct-mapped, 255 4MB entries direct-mapped
cpu1: smt 0, core 0, package 1
ioapic0 at mainbus0: apid 0 pa 0xfec00000, version 11, 24 pins
acpiprt0 at acpi0: bus 0 (PCI0)
acpicpu0 at acpi0: C1(@1 halt!)
acpicpu1 at acpi0: C1(@1 halt!)
&quot;ACPI0006&quot; at acpi0 not configured
acpipci0 at acpi0 PCI0: _OSC failed
acpicmos0 at acpi0
&quot;ACPI0007&quot; at acpi0 not configured
&quot;ACPI0007&quot; at acpi0 not configured
cpu0: using IvyBridge MDS workaround
pvbus0 at mainbus0: KVM
pvclock0 at pvbus0: unstable clock
pci0 at mainbus0 bus 0
pchb0 at pci0 dev 0 function 0 &quot;Intel 82441FX&quot; rev 0x02
pcib0 at pci0 dev 1 function 0 &quot;Intel 82371SB ISA&quot; rev 0x00
pciide0 at pci0 dev 1 function 1 &quot;Intel 82371SB IDE&quot; rev 0x00: DMA, channel 0 wired to compatibility, channel 1 wired to compatibility
pciide0: channel 0 disabled (no drives)
atapiscsi0 at pciide0 channel 1 drive 0
scsibus1 at atapiscsi0: 2 targets
cd0 at scsibus1 targ 0 lun 0: &lt;QEMU, QEMU DVD-ROM, 0.12&gt; ATAPI 5/cdrom removable
cd0(pciide0:1:0): using PIO mode 0
uhci0 at pci0 dev 1 function 2 &quot;Intel 82371SB USB&quot; rev 0x01: apic 0 int 11
piixpm0 at pci0 dev 1 function 3 &quot;Intel 82371AB Power&quot; rev 0x03: apic 0 int 10
iic0 at piixpm0
iic0: addr 0x18 00=19 01=e0 02=e0 03=e0 04=e0 05=e0 06=e0 07=e0 08=e0 09=f6 0a=15 3e=19 48=19 4a=19 4e=19 fc=19 fe=19 words 00=ffff 01=ffff 02=ffff 03=ffff 04=ffff 05=ffff 06=ffff 07=ffff
iic0: addr 0x19 3e=19 40=06 48=19 4a=19 4e=19 4f=19 58=06 fc=19 fe=19 words 00=ffff 01=ffff 02=ffff 03=ffff 04=ffff 05=ffff 06=ffff 07=ffff
iic0: addr 0x1a 00=19 01=e0 02=e0 03=e0 04=e0 05=e0 06=e0 07=e0 08=e0 09=f6 0a=15 3e=19 48=19 4a=19 4e=19 fc=19 fe=19 words 00=ffff 01=ffff 02=ffff 03=ffff 04=ffff 05=ffff 06=ffff 07=ffff
iic0: addr 0x1b 3e=19 48=19 4a=19 4e=19 fc=19 fe=19 words 00=ffff 01=ffff 02=ffff 03=ffff 04=ffff 05=ffff 06=ffff 07=ffff
iic0: addr 0x1c 0f=06 3e=19 48=19 4a=19 4e=19 fc=19 fe=19 words 00=ffff 01=ffff 02=ffff 03=ffff 04=ffff 05=ffff 06=ffff 07=ffff
iic0: addr 0x1d 0f=06 3e=19 48=19 4a=19 4e=19 fc=19 fe=19 words 00=ffff 01=ffff 02=ffff 03=ffff 04=ffff 05=ffff 06=ffff 07=ffff
iic0: addr 0x1e 3e=19 48=19 4a=19 4e=19 fc=1 \M-{\M-~?\M^LR\^O\^B;t\^NDE;\^N\M-{\^M\M^H\^S0\M-V\M^??\M^T\M-o\M-~?\M-y?\^N.\^Y[\^AU\^WJ&amp;\M-@&amp;\M-@.\^Y[\^A\M-,B\^N0\M-x\M-~?0\M-x\M-~?0\M-V\M^??\^P\M-~\M^??\M^IE\^Np\M-|\M-~?p\M-|\M-~?\M-~\M^??*\M--\^N\M-@\M^??\^H+\^Op\M-|\M-~?\^A\^B\M-`\M-~?

p\M-|\M-~?T\M-+\^Nfff 06=ffff 07=ffff
iic0: addr 0x20 3e=19 48=19 4a=19 4e=19 fc=19 fe=19 words 00=ffff 01=ffff 02=ffff 03=ffff 04=ffff 05=ffff 06=ffff 07=ffff
iic0: addr 0x21 3e=19 48=19 4a=19 4e=19 fc=19 fe=19 words 00=ffff 01=ffff 02=ffff 03=ffff 04=ffff 05=ffff 06=ffff 07=ffff
iic0: addr 0x22 3e=19 48=19 4a=19 4e=19 fc=19 fe=19 words 00=ffff 01=ffff 02=ffff 03=ffff 04=ffff 05=ffff 06=ffff 07=ffff
iic0: addr 0x23 3e=19 48=19 4a=19 4e=19 fc=19 fe=19 words 00=ffff 01=ffff 02=ffff 03=ffff 04=ffff 05=ffff 06=ffff 07=ffff
iic0: addr 0x24 3e=19 48=19 4a=19 4e=19 fc=19 fe=19 words 00=ffff 01=ffff 02=ffff 03=ffff 04=ffff 05=ffff 06=ffff 07=ffff
iic0: addr 0x25 3e=19 48=19 4a=19 4e=19 fc=19 fe=19 words 00=ffff 01=ffff 02=ffff 03=ffff 04=ffff 05=ffff 06=ffff 07=ffff
iic0: addr 0x26 3e=19 48=19 4a=19 4e=19 fc=19 fe=19 words 00=ffff 01=ffff 02=ffff 03=ffff 04=ffff 05=ffff 06=ffff 07=ffff
iic0: addr 0x27 3e=19 48=19 4a=19 4e=19 fc=19 fe=19 words 00=ffff 01=ffff 02=ffff 03=ffff 04=ffff 05=ffff 06=ffff 07=ffff
iic0: addr 0x28 3e=19 48=19 4a=19 4e=19 4f=19 fc=19 fe=19 words 00=ffff 01=ffff 02=ffff 03=ffff 04=ffff 05=ffff 06=ffff 07=ffff
iic0: addr 0x29 00=19 01=e0 02=e0 03=e0 04=e0 05=e0 06=e0 07=e0 08=e0 09=f6 0a=15 3e=19 48=19 4a=19 4e=19 4f=19 fc=19 fe=19 words 00=ffff 01=ffff 02=ffff 03=ffff 04=ffff 05=ffff 06=ffff 07=ffff
iic0: addr 0x2a 3e=19 48=19 4a=19 4e=19 4f=19 fc=19 fe=19 words 00=ffff 01=ffff 02=ffff 03=ffff 04=ffff 05=ffff 06=ffff 07=ffff
iic0: addr 0x2b 00=19 01=e0 02=e0 03=e0 04=e0 05=e0 06=e0 07=e0 08=e0 09=f6 0a=15 3e=19 48=19 4a=19 4e=19 4f=19 fc=19 fe=19 words 00=ffff 01=ffff 02=ffff 03=ffff 04=ffff 05=ffff 06=ffff 07=ffff
iic0: addr 0x2c 00=19 0e=19 16=19 3e=19 48=19 4a=19 4e=19 4f=19 fc=19 fe=19 words 00=ffff 01=ffff 02=fff\M-d\M-v\M-~?\^G\^X-\^A\M-`\M-U\M-_\M-~?\M-t\M-v\M-~?\^G\^Xi\^A\M-hp\M-w\M-~?\^D\M-w\M-~?\^G\^Xi\^A\M-`x\M-w\M-~?\^T\M-w\M-~?\^G\^Xi\^A\M-h\M^@\M-w\M-~?$\M-w\M-~?\^G\^Xi\^A\M-`\M^H\M-w\M-~?4\M-w\M-~?\^G\^X-\^A\M-`\M-U\M-_\M-~?\^A\M^?\^Gi\^A\M-h\M^?T\M-|\M-~?\M-4\M-w\M-~?@\M-w\M-~?l\M-w\M-~?p\M-w\M-~?T\M-|\M-~?@\M-w\M-~? \M-w\M-~?@\M-w\M-~?@\M-w\M-~?\M^?\M^?\M^?\M^?\M-U\M-_\M-~?	\^B&quot;\^A\^A\^G\2402	\^D\^A\^C\^B	!\^A\^A&quot;J\^G\^E\M^A\^C\^H
\M^?\^G\M-a\^A\M-h\M^?T\M-|\M-~?\^T\M-x\M-~?\240\M-w\M-~?\M-L\M-w\M-~?\M-P\M-w\M-~?T\M-|\M-~?\240\M-w\M-~?p\M-w\M-~?\M^R\M-w\M-~?\240\M-w\M-~?\M^?\M^?\M^?\M^?4e=12\M-x\M-~?\^Ap\M-|\M-~?\M^?\M^?\M^?\M^?\M^?\M^?\M^?\^A\^A\^H \M-@\M^?\^Gi\M-h\M^? ~\M-~?0\M-x\M-~?\M-x\M-~?,\M-x\M-~?0\M-x\M-~?D\M-z\M-~?|R\^O\M-x	

\M^?\M^?\M^?\M^?c0: \M-x\M-~?\M^T\M-x\M-~?0\M-x\M-~?\\\M-x\M-~?`\M-x\M-~?\M^D\M^?\M-~?D\M-y\M-~?0\M-Y\^OP\M-Y\^OP\M-Y\^O\M^?\M^?\M^?\M^?9 4f\^CP\M-Y\^Og\M-0\M-x\M-~?\M-`\M-{\M-~?s 00=ffff 01\M^T\M-x\M-~?\^T\M-y\M-~?\M^@\M-x\M-~?\M-,\M-x\M-~?\M-0\M-x\M-~?0\M-x\M-~?\M^@\M-x\M-~?`\M-x\M-~?t\M-x\M-~?\M^@\M-x\M-~?\M^?\M^?\M^?\M^?f 07DVD/CD [ata1-0: QEMU DVD-ROM ATAPI-4 DVD/CD] fc=19 fe=19 words 00=ffff 01=ffff \^T\M-y\M-~?0\M-y\M-~?\M-y\M-~?,\M-y\M-~?0\M-y\M-~?\M^@\M-x\M-~?\M-y\M-~?\M-0\M-x\M-~?\M-y\M-~?\M-y\M-~?\M^?\M^?\M^?\M^?fff
\M-y\M-~?\M^T\M-y\M-~?0\M-y\M-~?\\\M-y\M-~?`\M-y\M-~?D\M-x\M-~?t\M-z\M-~?P\M-Y\^Ox\M-Y\^O\M^@\M-Y\^O\M^?\M^?\M^?\M^?9 fe\^B\M^@\M-Y\^O\^A\M-0\M-y\M-~?`\M-x\M-~?=ffff 02=fff\M^T\M-y\M-~?\^T\M-z\M-~?\M^@\M-y\M-~?\M-,\M-y\M-~?\M-0\M-y\M-~?0\M-y\M-~?\M^@\M-y\M-~?`\M-y\M-~?t\M-y\M-~?\M^@\M-y\M-~?\M^?\M^?\M^?\M^?c0: Virtio disk PCI:0:69 4a=19 4e=19 fc=19 fe=19 words 00=ffff 01=ffff 02=ffff 03=f\^T\M-z\M-~?0\M-z\M-~?\M-z\M-~?,\M-z\M-~?0\M-z\M-~?\M^@\M-y\M-~?\M-z\M-~?\M-0\M-y\M-~?\M-z\M-~?\M-z\M-~?\M^?\M^?\M^?\M^?dr 0\M-z\M-~?`\M-z\M-~?0\M-z\M-~?\\\M-z\M-~?`\M-z\M-~?T\M^?\M-~?\^T\M-x\M-~?\M-`	\^\\M-u	\M-x	\M^?\M^?\M^?\M^?s 000\M-z\M-~?\M^P\M-z\M-~?`\M-z\M-~?\M^L\M-z\M-~?\M^P\M-z\M-~?D\M-y\M-~?\M-T\M-z\M-~?\M^@\M-Y\^O\M-(\M-Y\^O\M-0\M-Y\^O\M^?\M^?\M^?\M^?f 06`\M-z\M-~?\M-@\M-z\M-~?\M^P\M-z\M-~?\M-&lt;\M-z\M-~?\M-@\M-z\M-~?\M-p\M-z\M-~?t\M-{\M-~? \M-{\M-~?4\M-{\M-~?@\M-{\M-~?\M^?\M^?\M^?\M^?=00 \M^P\M-z\M-~?\M-p\M-z\M-~?\M-@\M-z\M-~?\M-l\M-z\M-~?\M-p\M-z\M-~?t\M-z\M-~?\^D\M-{\M-~?\M-0\M-Y\^O\M-&lt;\M-Y\^O\M-@\M-Y\^O\M^?\M^?\M^?\M^?=19 \M-@\M-z\M-~?\M-$\M-z\M-~?\M-p\M-z\M-~?\^\\M-{\M-~? \M-{\M-~?\M-T\M-z\M-~?d\M-~\M-~?\M-@\M-Y\^O\M-L\M-Y\^O\M-P\M-Y\^O\M^?\M^?\M^?\M^?f 02\M^A\^C\M^@\M-K\^O'\^X\^_\^O ~\M-~?\M^T\M-x\M-~?\M-@\M-~?\M^@\^^\^C\M-K\^O'm\M-0\^L \M-{\M-~?\M^@\M-{\M-~?P\M-{\M-~?|\M-{\M-~?t\M-{\M-~?\M-D\M-{\M-~?`\M-{\M-~?\M^L\M-{\M-~?\M^P\M-{\M-~?\M-$\M-z\M-~?`\M-{\M-~?@\M-{\M-~?T\M-{\M-~?`\M-{\M-~?\M^?\M^?\M^?\M^?\M-,\M-{\M-~?\M^@\^^\^C\M^@\M-J\^O'm\M-(\^L@\M-{\M-~?@\M-V\M^??\M^?\M^?\M^?\M^?fff \M-D\M-{\M-~?\^T\M-|\M-~?\M-0\M-{\M-~?\M-\\M-{\M-~?\M-`\M-{\M-~?`\M-{\M-~?\M-0\M-{\M-~?\M^P\M-{\M-~?\M-$\M-{\M-~?\M-0\M-{\M-~?\M^?\M^?\M^?\M^?0 01\M^@\^^\^C\M-J\^O'm\240\^L\M^P\M-{\M-~?$\M^?\M-~?\M^T\M-{\M-~?\M-@\M^??\^T\M-|\M-~?0\M-|\M-~?\M-|\M-~?,\M-|\M-~?0\M-|\M-~?\M-0\M-{\M-~?\M-|\M-~?\M-`\M-{\M-~?\M-t\M-{\M-~?\M-|\M-~?\M^?\M^?\M^?\M^?\^P\M-~\M^??\M-|\M-~?`\M-|\M-~?0\M-|\M-~?\\\M-|\M-~?`\M-|\M-~?\M-d\M^?\M-~?t\M-|\M-~?\240?\M-@?\M-@?\M^?\M^?\M^?\M^?\M-`\M-~?0\M-|\M-~?\M^P\M-|\M-~?`\M-|\M-~?\M^L\M-|\M-~?\M^P\M-|\M-~?D\M-|\M-~?\M-$\M-|\M-~?\M-@?\M-`?\M-`?\M^?\M^?\M^?\M^?\M-@\M^??`\M-|\M-~?\M-@\M-|\M-~?\M^P\M-|\M-~?\M-&lt;\M-|\M-~?\M-@\M-|\M-~?t\M-|\M-~?\M^P}\M-~?\M-`?\M-p?\M^P}\M-~?\M^?\M^?\M^?\M^?1 mu\M^P\M-|\M-~?\^T\M-}\M-~?\M-@\M-|\M-~?\M-l\M-|\M-~?\M-p\M-|\M-~?$\M^?\M-~?D\M-}\M-~?@\M-V\M^??t\M-V\M^??\M^@\M-V\M^??\M^?\M^?\M^?\M^?lay0\M^@\^A\^B\M^@n 1-5 add\^T\M-}\M-~?0\M-}\M-~?\M-}\M-~?,\M-}\M-~?0\M-}\M-~?\M-@\M-|\M-~?\M-}\M-~?\M-p\M-|\M-~?\M-w\M-|\M-~?\M-}\M-~?\M^?\M^?\M^?\M^?dev \M-}\M-~?`\M-}\M-~?0\M-}\M-~?\\\M-}\M-~?`\M-}\M-~?\M-T\M-|\M-~?t\M-}\M-~?\M^@\M-V\M^??\M-N\M-V\M^??\M-P\M-V\M^??\M^?\M^?\M^?\M^?x00
0\M-}\M-~?\M^P\M-}\M-~?`\M-}\M-~?\M^L\M-}\M-~?\M^P\M-}\M-~?D\M-}\M-~?\M-$\M-}\M-~?\M-P\M-V\M^??\M-&gt;\M-W\M^??\M-@\M-W\M^??\M^?\M^?\M^?\M^?irti`\M-}\M-~?\M-@\M-}\M-~?\M^P\M-}\M-~?\M-&lt;\M-}\M-~?\M-@\M-}\M-~?t\M-}\M-~?\M-T\M-}\M-~?\M-@\M-W\M^??\M-?\M-X\M^??\M-@\M-X\M^??\M^?\M^?\M^?\M^?on 0\M^P\M-}\M-~?\M-p\M-}\M-~?\M-@\M-}\M-~?\M-l\M-}\M-~?\M-p\M-}\M-~?\M-$\M-}\M-~?\^D\M-~\M-~?\M-@\M-X\M^??\M-1\M-}\M^??\M-@\M-}\M^??\M^?\M^?\M^?\M^?virt\M-@\M-}\M-~? \M-~\M-~?\M-p\M-}\M-~?\^\\M-~\M-~? \M-~\M-~?\M-T\M-}\M-~?4\M-~\M-~?\M-@\M-}\M^??\M-~\M^?? \M-~\M^??\M^?\M^?\M^?\M^? sha\M-p\M-}\M-~?P\M-~\M-~? \M-~\M-~?L\M-~\M-~?P\M-~\M-~?\^D\M-~\M-~?\M-$}\M-~? \M-~\M^??\M^T\M-~\M^??\240\M-~\M^??\M^?\M^?\M^?\M^?et V \M-~\M-~?\M-$\M-~\M-~?P\M-~\M-~?|\M-~\M-~?\M^@\M-~\M-~?\^D\M-{\M-~?\M-T}\M-~?\M-P\M-Y\^O\M-t\M-Y\^O\M-Z\^O\M^?\M^?\M^?\M^?ress\M-@\M-~\M-~?a3:ba:04:fe:\M-$\M-~\M-~?\M-t\M-~\M-~?\M^P\M-~\M-~?\M-&lt;\M-~\M-~?\M-@\M-~\M-~?P\M-~\M-~?\M^P\M-~\M-~?\M^@\M-~\M-~?\M^D\M-~\M-~?\M^P\M-~\M-~?\M^?\M^?\M^?\M^?6 fu/pci@i0cf8/scsi@6/disk@0,0orag\M-t\M-~\M-~?\^P\M^?\M-~?\M-`\M-~\M-~?\^L\M^?\M-~?\^P\M^?\M-~?\M^P\M-~\M-~?\M-`\M-~\M-~?\M-@\M-~\M-~?\M-\\M-~\M-~?\M-`\M-~\M-~?\M^?\M^?\M^?\M^?iobl\M-`\M-~\M-~?@\M^?\M-~?\^P\M^?\M-~?&lt;\M^?\M-~?@\M^?\M-~?\M-T\M-|\M-~?\M^??\M^??@\M-V\M^??\M^?\M^?\M^?\M^?&lt;Vir\^P\M^?\M-~?p\M^?\M-~?@\M^?\M-~?l\M^?\M-~?p\M^?\M-~?D\M-z\M-~?\M-`	\M-`	\M-`	\M^?\M^?\M^?\M^?0: 1@\M^?\M-~?\240\M^?\M-~?p\M^?\M-~?\M^\\M^?\M-~?\240\M^?\M-~?D\M-x\M-~?P\M-K\^OP\M-K\^O0\M-Y\^O\M^?\M^?\M^?\M^?
virp\M^?\M-~?\M-P\M^?\M-~?\240\M^?\M-~?\M-L\M^?\M-~?\M-P\M^?\M-~?\M^HR\^Opp	\M^?\M^?\M^?\M^?tion\240\M^?\M-~?\M^LR\^O\M-P\M^?\M-~?\M-|\M^?\M-~?\M^??D\M-|\M-~?\^P\^P\240?\M^?\M^?\M^?\M^?
viomb0 at virtio4
virtio4: apic 0 int 11
isa0 at pcib0
isadma0 at isa0
fdc0 at isa0 port 0x3f0/6 irq 6 drq 2
com0 at isa0 port 0x3f8/8 irq 4: ns16550a, 16 byte fifo
com0: console
pckbc0 at isa0 port 0x60/5 irq 1 irq 12
pckbd0 at pckbc0 (kbd slot)
wskbd0 at pckbd0: console keyboard, using wsdisplay0
pms0 at pckbc0 (aux slot)
wsmouse0 at pms0 mux 0
pcppi0 at isa0 port 0x61
spkr0 at pcppi0
usb0 at uhci0: USB revision 1.0
uhub0 at usb0 configuration 1 interface 0 &quot;Intel UHCI root hub&quot; rev 1.00/1.00 addr 1
uhidev0 at uhub0 port 1 configuration 1 interface 0 &quot;QEMU 0.12.1 QEMU USB Tablet&quot; rev 1.00/0.00 addr 2
uhidev0: iclass 3/0
ums0 at uhidev0: 3 buttons, Z dir
wsmouse1 at ums0 mux 0
vscsi0 at root
scsibus3 at vscsi0: 256 targets
softraid0 at root
scsibus4 at softraid0: 256 targets
sd1 at scsibus4 targ 1 lun 0: &lt;OPENBSD, SR CRYPTO, 006&gt; SCSI2 0/direct fixed
sd1: 102398MB, 512 bytes/sector, 209711918 sectors
root on sd1a (0ce05570ca20d930.a) swap on sd1b dump on sd1b
fd0 at fdc0 drive 0: density unknown
fd1 at fdc0 drive 1: density unknown
syncing disks... done
rebooting...
OpenBSD 6.5 (GENERIC.MP) #5: Thu Aug 29 20:38:30 CEST 2019
    xxx@xxx.xxx:/usr/src/sys/arch/amd64/compile/GENERIC.MP
real mem = 1056952320 (1007MB)
avail mem = 1015345152 (968MB)
mpath0 at root
scsibus0 at mpath0: 256 targets
mainbus0 at root
bios0 at mainbus0: SMBIOS rev. 2.4 @ 0x3ffffea0 (11 entries)
bios0: vendor Seabios version &quot;0.5.1&quot; date 01/01/2007
bios0: Red Hat KVM
acpi0 at bios0: rev 0
acpi0: sleep states S5
acpi0: tables DSDT FACP SSDT APIC SSDT
acpi0: wakeup devices
acpitimer0 at acpi0: 3579545 Hz, 24 bits
acpimadt0 at acpi0 addr 0xfee00000: PC-AT compat
cpu0 at mainbus0: apid 0 (boot processor)
cpu0: Intel(R) Xeon(R) CPU E5645 @ 2.40GHz, 501.31 MHz, 06-2c-02
cpu0: FPU,VME,DE,PSE,TSC,MSR,PAE,MCE,CX8,APIC,MTRR,PGE,MCA,CMOV,PAT,PSE36,CFLUSH,MMX,FXSR,SSE,SSE2,SS,SSE3,PCLMUL,SSSE3,CX16,PCID,SSE4.1,SSE4.2,x2APIC,POPCNT,AES,HV,NXE,PAGE1GB,LONG,LAHF,PERF,MELTDOWN
cpu0: 64KB 64b/line 2-way I-cache, 64KB 64b/line 2-way D-cache, 512KB 64b/line 16-way L2 cache
cpu0: ITLB 255 4KB entries direct-mapped, 255 4MB entries direct-mapped
cpu0: DTLB 255 4KB entries direct-mapped, 255 4MB entries direct-mapped
cpu0: smt 0, core 0, package 0
mtrr: Pentium Pro MTRR support, 8 var ranges, 88 fixed ranges
cpu0: apic clock running at 1000MHz
cpu1 at mainbus0: apid 1 (application processor)
cpu1: Intel(R) Xeon(R) CPU E5645 @ 2.40GHz, 390.95 MHz, 06-2c-02
cpu1: FPU,VME,DE,PSE,TSC,MSR,PAE,MCE,CX8,APIC,MTRR,PGE,MCA,CMOV,PAT,PSE36,CFLUSH,MMX,FXSR,SSE,SSE2,SS,SSE3,PCLMUL,SSSE3,CX16,PCID,SSE4.1,SSE4.2,x2APIC,POPCNT,AES,HV,NXE,PAGE1GB,LONG,LAHF,PERF,MELTDOWN
cpu1: 64KB 64b/line 2-way I-cache, 64KB 64b/line 2-way D-cache, 512KB 64b/line 16-way L2 cache
cpu1: ITLB 255 4KB entries direct-mapped, 255 4MB entries direct-mapped
cpu1: DTLB 255 4KB entries direct-mapped, 255 4MB entries direct-mapped
cpu1: smt 0, core 0, package 1
ioapic0 at mainbus0: apid 0 pa 0xfec00000, version 11, 24 pins
acpiprt0 at acpi0: bus 0 (PCI0)
acpicpu0 at acpi0: C1(@1 halt!)
acpicpu1 at acpi0: C1(@1 halt!)
&quot;ACPI0006&quot; at acpi0 not configured
acpipci0 at acpi0 PCI0: _OSC failed
acpicmos0 at acpi0
&quot;ACPI0007&quot; at acpi0 not configured
&quot;ACPI0007&quot; at acpi0 not configured
cpu0: using IvyBridge MDS workaround
pvbus0 at mainbus0: KVM
pvclock0 at pvbus0: unstable clock
pci0 at mainbus0 bus 0
pchb0 at pci0 dev 0 function 0 &quot;Intel 82441FX&quot; rev 0x02
pcib0 at pci0 dev 1 function 0 &quot;Intel 82371SB ISA&quot; rev 0x00
pciide0 at pci0 dev 1 function 1 &quot;Intel 82371SB IDE&quot; rev 0x00: DMA, channel 0 wired to compatibility, channel 1 wired to compatibility
pciide0: channel 0 disabled (no drives)
atapiscsi0 at pciide0 channel 1 drive 0
scsibus1 at atapiscsi0: 2 targets
cd0 at scsibus1 targ 0 lun 0: &lt;QEMU, QEMU DVD-ROM, 0.12&gt; ATAPI 5/cdrom removable
cd0(pciide0:1:0): using PIO mode 0
uhci0 at pci0 dev 1 function 2 &quot;Intel 82371SB USB&quot; rev 0x01: apic 0 int 11
piixpm0 at pci0 dev 1 function 3 &quot;Intel 82371AB Power&quot; rev 0x03: apic 0 int 10
iic0 at piixpm0
iic0: addr 0x18 00=ca 01=d6 02=d6 03=d6 04=d6 05=d6 06=d6 07=d6 08=d6 09=80 0a=03 3e=ca 48=ca 4a=ca 4e=ca fc=ca fe=ca words 00=ffff 01=ffff 02=ffff 03=ffff 04=ffff 05=ffff 06=ffff 07=ffff
iic0: addr 0x19 3e=ca 48=ca 4a=ca 4e=ca fc=ca fe=ca words 00=ffff 01=ffff 02=ffff 03=ffff 04=ffff 05=ffff 06=ffff 07=ffff
iic0: addr 0x1a 00=ca 01=d6 02=d6 03=d6 04=d6 05=d6 06=d6 07=d6 08=d6 09=80 0a=03 3e=ca 48=ca 4a=ca 4e=ca fc=ca fe=ca words 00=ffff 01=ffff 02=ffff 03=ffff 04=ffff 05=ffff 06=ffff 07=ffff
iic0: addr 0x1b 3e=ca 48=ca 4a=ca 4e=ca fc=ca fe=ca words 00=ffff 01=ffff 02=ffff 03=ffff 04=ffff 05=ffff 06=ffff 07=ffff
iic0: addr 0x1c 0f=06 3e=ca 48=ca 4a=ca 4e=ca fc=ca fe=ca words 00=ffff 01=ffff 02=ffff 03=ffff 04=ffff 05=ffff 06=ffff 07=ffff
iic0: addr 0x1d 0f=06 3e=ca 48=ca 4a=ca 4e=ca fc=ca fe=ca words 00=ffff 01=ffff 02=ffff 03=ffff 04=ffff 05=ffff 06=ffff 07=ffff
iic0: addr 0x1e 3e=ca 48=ca 4a=ca 4e=ca fc=ca fe=ca words 00=ffff 01=ffff 02=ffff 03=ffff 04=ffff 05=ffff 06=ffff 07=ffff
iic0: addr 0x1f 3e=ca 48=ca 4a=ca 4e=ca fc=ca fe=ca words 00=ffff 01=ffff 02=ffff 03=ffff 04=ffff 05=ffff 06=ffff 07=ffff
iic0: addr 0x20 3e=ca 48=ca 4a=ca 4e=ca fc=ca fe=ca words 00=ffff 01=ffff 02=ffff 03=ffff 04=ffff 05=ffff 06=ffff 07=ffff
iic0: addr 0x21 3e=ca 48=ca 4a=ca 4e=ca fc=ca fe=ca words 00=ffff 01=ffff 02=ffff 03=ffff 04=ffff 05=ffff 06=ffff 07=ffff
iic0: addr 0x22 3e=ca 48=ca 4a=ca 4e=ca fc=ca fe=ca words 00=ffff 01=ffff 02=ffff 03=ffff 04=ffff 05=ffff 06=ffff 07=ffff
iic0: addr 0x23 3e=ca 48=ca 4a=ca 4e=ca fc=ca fe=ca words 00=ffff 01=ffff 02=ffff 03=ffff 04=ffff 05=ffff 06=ffff 07=ffff
iic0: addr 0x24 3e=ca 48=ca 4a=ca 4e=ca fc=ca fe=ca words 00=ffff 01=ffff 02=ffff 03=ffff 04=ffff 05=ffff 06=ffff 07=ffff
iic0: addr 0x25 3e=ca 48=ca 4a=ca 4e=ca fc=ca fe=ca words 00=ffff 01=ffff 02=ffff 03=ffff 04=ffff 05=ffff 06=ffff 07=ffff
iic0: addr 0x26 3e=ca 48=ca 4a=ca 4e=ca fc=ca fe=ca words 00=ffff 01=ffff 02=ffff 03=ffff 04=ffff 05=ffff 06=ffff 07=ffff
iic0: addr 0x27 3e=ca 48=ca 4a=ca 4e=ca fc=ca fe=ca words 00=ffff 01=ffff 02=ffff 03=ffff 04=ffff 05=ffff 06=ffff 07=ffff
iic0: addr 0x28 3e=ca 48=ca 4a=ca 4e=ca 4f=ca fc=ca fe=ca words 00=ffff 01=ffff 02=ffff 03=ffff 04=ffff 05=ffff 06=ffff 07=ffff
iic0: addr 0x29 00=ca 01=d6 02=d6 03=d6 04=d6 05=d6 06=d6 07=d6 08=d6 09=80 0a=03 3e=ca 48=ca 4a=ca 4e=ca 4f=ca fc=ca fe=ca words 00=ffff 01=ffff 02=ffff 03=ffff 04=ffff 05=ffff 06=ffff 07=ffff
iic0: addr 0x2a 3e=ca 48=ca 4a=ca 4e=ca 4f=ca fc=ca fe=ca words 00=ffff 01=ffff 02=ffff 03=ffff 04=ffff 05=ffff 06=ffff 07=ffff
iic0: addr 0x2b 00=ca 01=d6 02=d6 03=d6 04=d6 05=d6 06=d6 07=d6 08=d6 09=80 0a=03 3e=ca 48=ca 4a=ca 4e=ca 4f=ca fc=ca fe=ca words 00=ffff 01=ffff 02=ffff 03=ffff 04=ffff 05=ffff 06=ffff 07=ffff
iic0: addr 0x2c 00=ca 0e=ca 16=ca 3e=ca 48=ca 4a=ca 4e=ca 4f=ca fc=ca fe=ca words 00=ffff 01=ffff 02=ffff 03=ffff 04=ffff 05=ffff 06=ffff 07=ffff
iic0: addr 0x2d 00=ca 04=ca 0e=ca 16=ca 3e=ca 48=ca 4a=ca 4e=ca 4f=ca fc=ca fe=ca words 00=ffff 01=ffff 02=ffff 03=ffff 04=ffff 05=ffff 06=ffff 07=ffff
iic0: addr 0x2e 00=ca 04=ca 0e=ca 16=ca 3e=ca 48=ca 4a=ca 4e=ca 4f=ca fc=ca fe=ca words 00=ffff 01=ffff 02=ffff 03=ffff 04=ffff 05=ffff 06=ffff 07=ffff
iic0: addr 0x2f 00=ca 0e=ca 3e=ca 48=ca 4a=ca 4e=ca 4f=ca fc=ca fe=ca words 00=ffff 01=ffff 02=ffff 03=ffff 04=ffff 05=ffff 06=ffff 07=ffff
iic0: addr 0x48 3e=ca 48=ca 4a=ca 4e=ca fc=ca fe=ca words 00=ffff 01=ffff 02=ffff 03=ffff 04=ffff 05=ffff 06=ffff 07=ffff
iic0: addr 0x49 3e=ca 48=ca 4a=ca 4e=ca fc=ca fe=ca words 00=ffff 01=ffff 02=ffff 03=ffff 04=ffff 05=ffff 06=ffff 07=ffff
iic0: addr 0x4a 3e=ca 48=ca 4a=ca 4e=ca fc=ca fe=ca words 00=ffff 01=ffff 02=ffff 03=ffff 04=ffff 05=ffff 06=ffff 07=ffff
iic0: addr 0x4b 3e=ca 48=ca 4a=ca 4e=ca fc=ca fe=ca words 00=ffff 01=ffff 02=ffff 03=ffff 04=ffff 05=ffff 06=ffff 07=ffff
iic0: addr 0x4c 00=00 01=00 02=00 03=00 04=00 05=00 06=00 07=00 08=00 3e=ca 48=ca 4a=ca 4e=ca fc=ca fe=ca words 00=ffff 01=ffff 02=ffff 03=ffff 04=ffff 05=ffff 06=ffff 07=ffff
iic0: addr 0x4d 3e=ca 48=ca 4a=ca 4e=ca fc=ca fe=ca words 00=ffff 01=ffff 02=ffff 03=ffff 04=ffff 05=ffff 06=ffff 07=ffff
iic0: addr 0x4e 00=00 01=00 02=00 03=00 04=00 05=00 06=00 07=00 08=00 3e=ca 48=ca 4a=ca 4e=ca fc=ca fe=ca words 00=ffff 01=ffff 02=ffff 03=ffff 04=ffff 05=ffff 06=ffff 07=ffff
vga1 at pci0 dev 2 function 0 &quot;Bochs VGA&quot; rev 0x00
wsdisplay0 at vga1 mux 1: console (80x25, vt100 emulation)
wsdisplay0: screen 1-5 added (80x25, vt100 emulation)
virtio0 at pci0 dev 3 function 0 &quot;Qumranet Virtio Network&quot; rev 0x00
vio0 at virtio0: address xx:xx:xx:xx:xx:xx
virtio0: msix shared
virtio1 at pci0 dev 4 function 0 &quot;Qumranet Virtio Network&quot; rev 0x00
vio1 at virtio1: address xx:xx:xx:xx:xx:xx
virtio1: msix shared
virtio2 at pci0 dev 5 function 0 &quot;Qumranet Virtio Network&quot; rev 0x00
vio2 at virtio2: address xx:xx:xx:xx:xx:xx
virtio2: msix shared
virtio3 at pci0 dev 6 function 0 &quot;Qumranet Virtio Storage&quot; rev 0x00
vioblk0 at virtio3
scsibus2 at vioblk0: 2 targets
sd0 at scsibus2 targ 0 lun 0: &lt;VirtIO, Block Device, &gt; SCSI3 0/direct fixed
sd0: 102400MB, 512 bytes/sector, 209715200 sectors
virtio3: msix shared
virtio4 at pci0 dev 7 function 0 &quot;Qumranet Virtio Memory Balloon&quot; rev 0x00
viomb0 at virtio4
virtio4: apic 0 int 11
isa0 at pcib0
isadma0 at isa0
fdc0 at isa0 port 0x3f0/6 irq 6 drq 2
com0 at isa0 port 0x3f8/8 irq 4: ns16550a, 16 byte fifo
com0: console
pckbc0 at isa0 port 0x60/5 irq 1 irq 12
pckbd0 at pckbc0 (kbd slot)
wskbd0 at pckbd0: console keyboard, using wsdisplay0
pms0 at pckbc0 (aux slot)
wsmouse0 at pms0 mux 0
pcppi0 at isa0 port 0x61
spkr0 at pcppi0
usb0 at uhci0: USB revision 1.0
uhub0 at usb0 configuration 1 interface 0 &quot;Intel UHCI root hub&quot; rev 1.00/1.00 addr 1
uhidev0 at uhub0 port 1 configuration 1 interface 0 &quot;QEMU 0.12.1 QEMU USB Tablet&quot; rev 1.00/0.00 addr 2
uhidev0: iclass 3/0
ums0 at uhidev0: 3 buttons, Z dir
wsmouse1 at ums0 mux 0
vscsi0 at root
scsibus3 at vscsi0: 256 targets
softraid0 at root
scsibus4 at softraid0: 256 targets
sd1 at scsibus4 targ 1 lun 0: &lt;OPENBSD, SR CRYPTO, 006&gt; SCSI2 0/direct fixed
sd1: 102398MB, 512 bytes/sector, 209711918 sectors
root on sd1a (0ce05570ca20d930.a) swap on sd1b dump on sd1b
fd0 at fdc0 drive 0: density unknown
fd1 at fdc0 drive 1: density unknown
syncing disks... done
rebooting...
OpenBSD 6.6 (RAMDISK_CD) #349: Sat Oct 12 11:03:52 MDT 2019
    xxx@xxx.xxx:/usr/src/sys/arch/amd64/compile/RAMDISK_CD
real mem = 1056952320 (1007MB)
avail mem = 1020997632 (973MB)
mainbus0 at root
bios0 at mainbus0: SMBIOS rev. 2.4 @ 0x3ffffea0 (11 entries)
bios0: vendor Seabios version &quot;0.5.1&quot; date 01/01/2007
bios0: Red Hat KVM
acpi0 at bios0: ACPI 1.0
acpi0: tables DSDT FACP SSDT APIC SSDT
acpimadt0 at acpi0 addr 0xfee00000: PC-AT compat
cpu0 at mainbus0: apid 0 (boot processor)
cpu0: Intel(R) Xeon(R) CPU E5645 @ 2.40GHz, 530.20 MHz, 06-2c-02
cpu0: FPU,VME,DE,PSE,TSC,MSR,PAE,MCE,CX8,APIC,MTRR,PGE,MCA,CMOV,PAT,PSE36,CFLUSH,MMX,FXSR,SSE,SSE2,SS,SSE3,PCLMUL,SSSE3,CX16,PCID,SSE4.1,SSE4.2,x2APIC,POPCNT,AES,HV,NXE,PAGE1GB,LONG,LAHF,PERF,MELTDOWN
cpu0: 64KB 64b/line 2-way I-cache, 64KB 64b/line 2-way D-cache, 512KB 64b/line 16-way L2 cache
cpu0: ITLB 255 4KB entries direct-mapped, 255 4MB entries direct-mapped
cpu0: DTLB 255 4KB entries direct-mapped, 255 4MB entries direct-mapped
cpu0: apic clock running at 1000MHz
cpu at mainbus0: not configured
ioapic0 at mainbus0: apid 0 pa 0xfec00000, version 11, 24 pins
acpiprt0 at acpi0: bus 0 (PCI0)
acpicpu at acpi0 not configured
&quot;ACPI0006&quot; at acpi0 not configured
&quot;PNP0A03&quot; at acpi0 not configured
acpicmos0 at acpi0
&quot;ACPI0007&quot; at acpi0 not configured
&quot;ACPI0007&quot; at acpi0 not configured
cpu0: using IvyBridge MDS workaround
pvbus0 at mainbus0: KVM
pci0 at mainbus0 bus 0
pchb0 at pci0 dev 0 function 0 &quot;Intel 82441FX&quot; rev 0x02
&quot;Intel 82371SB ISA&quot; rev 0x00 at pci0 dev 1 function 0 not configured
pciide0 at pci0 dev 1 function 1 &quot;Intel 82371SB IDE&quot; rev 0x00: DMA, channel 0 wired to compatibility, channel 1 wired to compatibility
pciide0: channel 0 disabled (no drives)
atapiscsi0 at pciide0 channel 1 drive 0
scsibus0 at atapiscsi0: 2 targets
cd0 at scsibus0 targ 0 lun 0: &lt;QEMU, QEMU DVD-ROM, 0.12&gt; removable
cd0(pciide0:1:0): using PIO mode 0
uhci0 at pci0 dev 1 function 2 &quot;Intel 82371SB USB&quot; rev 0x01: apic 0 int 11
&quot;Intel 82371AB Power&quot; rev 0x03 at pci0 dev 1 function 3 not configured
vga1 at pci0 dev 2 function 0 &quot;Bochs VGA&quot; rev 0x00
vga1: aperture needed
wsdisplay1 at vga1 mux 1: console (80x25, vt100 emulation)
virtio0 at pci0 dev 3 function 0 &quot;Qumranet Virtio Network&quot; rev 0x00
vio0 at virtio0: address xx:xx:xx:xx:xx:xx
virtio0: msix shared
virtio1 at pci0 dev 4 function 0 &quot;Qumranet Virtio Network&quot; rev 0x00
vio1 at virtio1: address xx:xx:xx:xx:xx:xx
virtio1: msix shared
virtio2 at pci0 dev 5 function 0 &quot;Qumranet Virtio Network&quot; rev 0x00
vio2 at virtio2: address xx:xx:xx:xx:xx:xx
virtio2: msix shared
virtio3 at pci0 dev 6 function 0 &quot;Qumranet Virtio Storage&quot; rev 0x00
vioblk0 at virtio3
scsibus1 at vioblk0: 2 targets
sd0 at scsibus1 targ 0 lun 0: &lt;VirtIO, Block Device, &gt;
sd0: 102400MB, 512 bytes/sector, 209715200 sectors
virtio3: msix shared
virtio4 at pci0 dev 7 function 0 &quot;Qumranet Virtio Memory Balloon&quot; rev 0x00
virtio4: no matching child driver; not configured
usb0 at uhci0: USB revision 1.0
uhub0 at usb0 configuration 1 interface 0 &quot;Intel UHCI root hub&quot; rev 1.00/1.00 addr 1
isa0 at mainbus0
com0 at isa0 port 0x3f8/8 irq 4: ns16550a, 16 byte fifo
com0: console
pckbc0 at isa0 port 0x60/5 irq 1 irq 12
pckbd0 at pckbc0 (kbd slot)
wskbd0 at pckbd0: console keyboard, using wsdisplay1
uhidev0 at uhub0 port 1 configuration 1 interface 0 &quot;QEMU 0.12.1 QEMU USB Tablet&quot; rev 1.00/0.00 addr 2
uhidev0: iclass 3/0
uhid at uhidev0 not configured
softraid0 at root
scsibus2 at softraid0: 256 targets
sd1 at scsibus2 targ 1 lun 0: &lt;OPENBSD, SR CRYPTO, 006&gt;
sd1: 102398MB, 512 bytes/sector, 209711918 sectors
root on rd0a swap on rd0b dump on rd0b
syncing disks... done
rebooting...
OpenBSD 6.6 (GENERIC.MP) #372: Sat Oct 12 10:56:27 MDT 2019
    xxx@xxx.xxx:/usr/src/sys/arch/amd64/compile/GENERIC.MP
real mem = 1056952320 (1007MB)
avail mem = 1012277248 (965MB)
mpath0 at root
scsibus0 at mpath0: 256 targets
mainbus0 at root
bios0 at mainbus0: SMBIOS rev. 2.4 @ 0x3ffffea0 (11 entries)
bios0: vendor Seabios version &quot;0.5.1&quot; date 01/01/2007
bios0: Red Hat KVM
acpi0 at bios0: ACPI 1.0
acpi0: sleep states S5
acpi0: tables DSDT FACP SSDT APIC SSDT
acpi0: wakeup devices
acpitimer0 at acpi0: 3579545 Hz, 24 bits
acpimadt0 at acpi0 addr 0xfee00000: PC-AT compat
cpu0 at mainbus0: apid 0 (boot processor)
cpu0: Intel(R) Xeon(R) CPU E5645 @ 2.40GHz, 533.34 MHz, 06-2c-02
cpu0: FPU,VME,DE,PSE,TSC,MSR,PAE,MCE,CX8,APIC,MTRR,PGE,MCA,CMOV,PAT,PSE36,CFLUSH,MMX,FXSR,SSE,SSE2,SS,SSE3,PCLMUL,SSSE3,CX16,PCID,SSE4.1,SSE4.2,x2APIC,POPCNT,AES,HV,NXE,PAGE1GB,LONG,LAHF,PERF,MELTDOWN
cpu0: 64KB 64b/line 2-way I-cache, 64KB 64b/line 2-way D-cache, 512KB 64b/line 16-way L2 cache
cpu0: ITLB 255 4KB entries direct-mapped, 255 4MB entries direct-mapped
cpu0: DTLB 255 4KB entries direct-mapped, 255 4MB entries direct-mapped
cpu0: smt 0, core 0, package 0
mtrr: Pentium Pro MTRR support, 8 var ranges, 88 fixed ranges
cpu0: apic clock running at 999MHz
cpu1 at mainbus0: apid 1 (application processor)
cpu1: Intel(R) Xeon(R) CPU E5645 @ 2.40GHz, 346.25 MHz, 06-2c-02
cpu1: FPU,VME,DE,PSE,TSC,MSR,PAE,MCE,CX8,APIC,MTRR,PGE,MCA,CMOV,PAT,PSE36,CFLUSH,MMX,FXSR,SSE,SSE2,SS,SSE3,PCLMUL,SSSE3,CX16,PCID,SSE4.1,SSE4.2,x2APIC,POPCNT,AES,HV,NXE,PAGE1GB,LONG,LAHF,PERF,MELTDOWN
cpu1: 64KB 64b/line 2-way I-cache, 64KB 64b/line 2-way D-cache, 512KB 64b/line 16-way L2 cache
cpu1: ITLB 255 4KB entries direct-mapped, 255 4MB entries direct-mapped
cpu1: DTLB 255 4KB entries direct-mapped, 255 4MB entries direct-mapped
cpu1: smt 0, core 0, package 1
ioapic0 at mainbus0: apid 0 pa 0xfec00000, version 11, 24 pins
acpiprt0 at acpi0: bus 0 (PCI0)
acpicpu0 at acpi0: C1(@1 halt!)
acpicpu1 at acpi0: C1(@1 halt!)
&quot;ACPI0006&quot; at acpi0 not configured
acpipci0 at acpi0 PCI0: _OSC failed
acpicmos0 at acpi0
&quot;ACPI0007&quot; at acpi0 not configured
&quot;ACPI0007&quot; at acpi0 not configured
cpu0: using IvyBridge MDS workaround
pvbus0 at mainbus0: KVM
pvclock0 at pvbus0: unstable clock
pci0 at mainbus0 bus 0
pchb0 at pci0 dev 0 function 0 &quot;Intel 82441FX&quot; rev 0x02
pcib0 at pci0 dev 1 function 0 &quot;Intel 82371SB ISA&quot; rev 0x00
pciide0 at pci0 dev 1 function 1 &quot;Intel 82371SB IDE&quot; rev 0x00: DMA, channel 0 wired to compatibility, channel 1 wired to compatibility
pciide0: channel 0 disabled (no drives)
atapiscsi0 at pciide0 channel 1 drive 0
scsibus1 at atapiscsi0: 2 targets
cd0 at scsibus1 targ 0 lun 0: &lt;QEMU, QEMU DVD-ROM, 0.12&gt; removable
cd0(pciide0:1:0): using PIO mode 0
uhci0 at pci0 dev 1 function 2 &quot;Intel 82371SB USB&quot; rev 0x01: apic 0 int 11
piixpm0 at pci0 dev 1 function 3 &quot;Intel 82371AB Power&quot; rev 0x03: apic 0 int 10
iic0 at piixpm0
iic0: addr 0x18 00=b8 01=c4 02=c4 03=c4 04=c4 05=c4 06=c4 07=c4 08=c4 09=9c 0a=5f 3e=b8 48=b8 4a=b8 4e=b8 fc=b8 fe=b8 words 00=ffff 01=ffff 02=ffff 03=ffff 04=ffff 05=ffff 06=ffff 07=ffff
iic0: addr 0x19 3e=b8 48=b8 4a=b8 4e=b8 fc=b8 fe=b8 words 00=ffff 01=ffff 02=ffff 03=ffff 04=ffff 05=ffff 06=ffff 07=ffff
iic0: addr 0x1a 00=b8 01=c4 02=c4 03=c4 04=c4 05=c4 06=c4 07=c4 08=c4 09=9c 0a=5f 3e=b8 48=b8 4a=b8 4e=b8 fc=b8 fe=b8 words 00=ffff 01=ffff 02=ffff 03=ffff 04=ffff 05=ffff 06=ffff 07=ffff
iic0: addr 0x1b 3e=b8 48=b8 4a=b8 4e=b8 fc=b8 fe=b8 words 00=ffff 01=ffff 02=ffff 03=ffff 04=ffff 05=ffff 06=ffff 07=ffff
iic0: addr 0x1c 0f=06 3e=b8 48=b8 4a=b8 4e=b8 fc=b8 fe=b8 words 00=ffff 01=ffff 02=ffff 03=ffff 04=ffff 05=ffff 06=ffff 07=ffff
iic0: addr 0x1d 0f=06 3e=b8 48=b8 4a=b8 4e=b8 fc=b8 fe=b8 words 00=ffff 01=ffff 02=ffff 03=ffff 04=ffff 05=ffff 06=ffff 07=ffff
iic0: addr 0x1e 3e=b8 48=b8 4a=b8 4e=b8 fc=b8 fe=b8 words 00=ffff 01=ffff 02=ffff 03=ffff 04=ffff 05=ffff 06=ffff 07=ffff
iic0: addr 0x1f 3e=b8 48=b8 4a=b8 4e=b8 fc=b8 fe=b8 words 00=ffff 01=ffff 02=ffff 03=ffff 04=ffff 05=ffff 06=ffff 07=ffff
iic0: addr 0x20 3e=b8 48=b8 4a=b8 4e=b8 fc=b8 fe=b8 words 00=ffff 01=ffff 02=ffff 03=ffff 04=ffff 05=ffff 06=ffff 07=ffff
iic0: addr 0x21 3e=b8 48=b8 4a=b8 4e=b8 fc=b8 fe=b8 words 00=ffff 01=ffff 02=ffff 03=ffff 04=ffff 05=ffff 06=ffff 07=ffff
iic0: addr 0x22 3e=b8 48=b8 4a=b8 4e=b8 fc=b8 fe=b8 words 00=ffff 01=ffff 02=ffff 03=ffff 04=ffff 05=ffff 06=ffff 07=ffff
iic0: addr 0x23 3e=b8 48=b8 4a=b8 4e=b8 fc=b8 fe=b8 words 00=ffff 01=ffff 02=ffff 03=ffff 04=ffff 05=ffff 06=ffff 07=ffff
iic0: addr 0x24 3e=b8 48=b8 4a=b8 4e=b8 fc=b8 fe=b8 words 00=ffff 01=ffff 02=ffff 03=ffff 04=ffff 05=ffff 06=ffff 07=ffff
iic0: addr 0x25 3e=b8 48=b8 4a=b8 4e=b8 fc=b8 fe=b8 words 00=ffff 01=ffff 02=ffff 03=ffff 04=ffff 05=ffff 06=ffff 07=ffff
iic0: addr 0x26 3e=b8 48=b8 4a=b8 4e=b8 fc=b8 fe=b8 words 00=ffff 01=ffff 02=ffff 03=ffff 04=ffff 05=ffff 06=ffff 07=ffff
iic0: addr 0x27 3e=b8 48=b8 4a=b8 4e=b8 fc=b8 fe=b8 words 00=ffff 01=ffff 02=ffff 03=ffff 04=ffff 05=ffff 06=ffff 07=ffff
iic0: addr 0x28 3e=b8 48=b8 4a=b8 4e=b8 4f=b8 fc=b8 fe=b8 words 00=ffff 01=ffff 02=ffff 03=ffff 04=ffff 05=ffff 06=ffff 07=ffff
iic0: addr 0x29 00=b8 01=c4 02=c4 03=c4 04=c4 05=c4 06=c4 07=c4 08=c4 09=9c 0a=5f 3e=b8 48=b8 4a=b8 4e=b8 4f=b8 fc=b8 fe=b8 words 00=ffff 01=ffff 02=ffff 03=ffff 04=ffff 05=ffff 06=ffff 07=ffff
iic0: addr 0x2a 3e=b8 48=b8 4a=b8 4e=b8 4f=b8 fc=b8 fe=b8 words 00=ffff 01=ffff 02=ffff 03=ffff 04=ffff 05=ffff 06=ffff 07=ffff
iic0: addr 0x2b 00=b8 01=c4 02=c4 03=c4 04=c4 05=c4 06=c4 07=c4 08=c4 09=9c 0a=5f 3e=b8 48=b8 4a=b8 4e=b8 4f=b8 fc=b8 fe=b8 words 00=ffff 01=ffff 02=ffff 03=ffff 04=ffff 05=ffff 06=ffff 07=ffff
iic0: addr 0x2c 00=b8 0b=b8 16=b8 3e=b8 48=b8 4a=b8 4e=b8 4f=b8 fc=b8 fe=b8 words 00=ffff 01=ffff 02=ffff 03=ffff 04=ffff 05=ffff 06=ffff 07=ffff
iic0: addr 0x2d 00=b8 04=b8 0b=b8 16=b8 3e=b8 48=b8 4a=b8 4e=b8 4f=b8 fc=b8 fe=b8 words 00=ffff 01=ffff 02=ffff 03=ffff 04=ffff 05=ffff 06=ffff 07=ffff
iic0: addr 0x2e 00=b8 04=b8 0b=b8 16=b8 3e=b8 48=b8 4a=b8 4e=b8 4f=b8 fc=b8 fe=b8 words 00=ffff 01=ffff 02=ffff 03=ffff 04=ffff 05=ffff 06=ffff 07=ffff
iic0: addr 0x2f 00=b8 0b=b8 3e=b8 48=b8 4a=b8 4e=b8 4f=b8 fc=b8 fe=b8 words 00=ffff 01=ffff 02=ffff 03=ffff 04=ffff 05=ffff 06=ffff 07=ffff
iic0: addr 0x48 3e=b8 48=b8 4a=b8 4e=b8 fc=b8 fe=b8 words 00=ffff 01=ffff 02=ffff 03=ffff 04=ffff 05=ffff 06=ffff 07=ffff
iic0: addr 0x49 3e=b8 48=b8 4a=b8 4e=b8 fc=b8 fe=b8 words 00=ffff 01=ffff 02=ffff 03=ffff 04=ffff 05=ffff 06=ffff 07=ffff
iic0: addr 0x4a 3e=b8 48=b8 4a=b8 4e=b8 fc=b8 fe=b8 words 00=ffff 01=ffff 02=ffff 03=ffff 04=ffff 05=ffff 06=ffff 07=ffff
iic0: addr 0x4b 3e=b8 48=b8 4a=b8 4e=b8 fc=b8 fe=b8 words 00=ffff 01=ffff 02=ffff 03=ffff 04=ffff 05=ffff 06=ffff 07=ffff
iic0: addr 0x4c 00=00 01=00 02=00 03=00 04=00 05=00 06=00 07=00 08=00 3e=b8 48=b8 4a=b8 4e=b8 fc=b8 fe=b8 words 00=ffff 01=ffff 02=ffff 03=ffff 04=ffff 05=ffff 06=ffff 07=ffff
iic0: addr 0x4d 3e=b8 48=b8 4a=b8 4e=b8 fc=b8 fe=b8 words 00=ffff 01=ffff 02=ffff 03=ffff 04=ffff 05=ffff 06=ffff 07=ffff
iic0: addr 0x4e 00=00 01=00 02=00 03=00 04=00 05=00 06=00 07=00 08=00 3e=b8 48=b8 4a=b8 4e=b8 fc=b8 fe=b8 words 00=ffff 01=ffff 02=ffff 03=ffff 04=ffff 05=ffff 06=ffff 07=ffff
vga1 at pci0 dev 2 function 0 &quot;Bochs VGA&quot; rev 0x00
wsdisplay0 at vga1 mux 1: console (80x25, vt100 emulation)
wsdisplay0: screen 1-5 added (80x25, vt100 emulation)
virtio0 at pci0 dev 3 function 0 &quot;Qumranet Virtio Network&quot; rev 0x00
vio0 at virtio0: address xx:xx:xx:xx:xx:xx
virtio0: msix shared
virtio1 at pci0 dev 4 function 0 &quot;Qumranet Virtio Network&quot; rev 0x00
vio1 at virtio1: address xx:xx:xx:xx:xx:xx
virtio1: msix shared
virtio2 at pci0 dev 5 function 0 &quot;Qumranet Virtio Network&quot; rev 0x00
vio2 at virtio2: address xx:xx:xx:xx:xx:xx
virtio2: msix shared
virtio3 at pci0 dev 6 function 0 &quot;Qumranet Virtio Storage&quot; rev 0x00
vioblk0 at virtio3
scsibus2 at vioblk0: 2 targets
sd0 at scsibus2 targ 0 lun 0: &lt;VirtIO, Block Device, &gt;
sd0: 102400MB, 512 bytes/sector, 209715200 sectors
virtio3: msix shared
virtio4 at pci0 dev 7 function 0 &quot;Qumranet Virtio Memory Balloon&quot; rev 0x00
viomb0 at virtio4
virtio4: apic 0 int 11
isa0 at pcib0
isadma0 at isa0
fdc0 at isa0 port 0x3f0/6 irq 6 drq 2
com0 at isa0 port 0x3f8/8 irq 4: ns16550a, 16 byte fifo
com0: console
pckbc0 at isa0 port 0x60/5 irq 1 irq 12
pckbd0 at pckbc0 (kbd slot)
wskbd0 at pckbd0: console keyboard, using wsdisplay0
pms0 at pckbc0 (aux slot)
wsmouse0 at pms0 mux 0
pcppi0 at isa0 port 0x61
spkr0 at pcppi0
usb0 at uhci0: USB revision 1.0
uhub0 at usb0 configuration 1 interface 0 &quot;Intel UHCI root hub&quot; rev 1.00/1.00 addr 1
uhidev0 at uhub0 port 1 configuration 1 interface 0 &quot;QEMU 0.12.1 QEMU USB Tablet&quot; rev 1.00/0.00 addr 2
uhidev0: iclass 3/0
ums0 at uhidev0: 3 buttons, Z dir
wsmouse1 at ums0 mux 0
vscsi0 at root
scsibus3 at vscsi0: 256 targets
softraid0 at root
scsibus4 at softraid0: 256 targets
sd1 at scsibus4 targ 1 lun 0: &lt;OPENBSD, SR CRYPTO, 006&gt;
sd1: 102398MB, 512 bytes/sector, 209711918 sectors
root on sd1a (0ce05570ca20d930.a) swap on sd1b dump on sd1b
fd0 at fdc0 drive 0: density unknown
fd1 at fdc0 drive 1: density unknown

</pre>



</div><!-- content -->
<br />
<div id="footer">
All comments/news/posts are the property of their individual owner and
is presented without warranty of suitability, and solely as an
informational resource. <br />
This site Copyright &copy; 2004-2020 NYC*BUG.
</div><!-- footer -->

</body>
</html>

