



<!doctype html>
<html lang="en">
<head>
<meta name="keywords"
	content="bsd, freebsd, openbsd, netbsd, dragonflybsd, nycbug, dmesgd" />
<meta name="description" content="New York City BSD User Group dmesgd" />
<meta charset="utf-8" />
<meta name="viewport" content="width=device-width, initial-scale=1" />
<title>NYC*BUG dmesgd</title>
<style>
body {
	text-align: left;
	margin: 15px auto;
	padding: 0px 10px;
}
@media (min-width: 800px) {
	body {
		max-width: 85%;
	}
}
#header {
	border-bottom: 1px solid #dbdbdb;
	font-size: 230%;
	text-align: left;
}
#footer {
	border-top: 1px solid #dbdbdb;
	clear: both;
	text-align: left;
}
.logo_bug {
	color: #cc0033;
}
#menu ul {
	list-style-type: none;
	margin: 0;
	padding: 0;
}
#menu li {
	float: left;
}
#menu li a {
	display: block;
	background-color: #dbdbdb;
	color: #000000;
	font-size: 105%;
	font-weight: bold;
	padding: 0px 6px 0px 6px;
	text-decoration: none;
}
#content {
	clear: both;
	text-align: left;
	padding-top: 10px;
}
#content h1 {
	font-size: 120%;
	font-weight: bold;
}
#content h2 {
	font-size: 110%;
	font-weight: bold;
}
#content a {
	text-decoration: none;
}
#content pre {
	background-color: #dbdbdb;
	padding: 5px 5px 5px 5px;
	white-space: pre-wrap;		/* css-3 */
	white-space: -moz-pre-wrap;	/* Mozilla, since 1999 */
	white-space: -pre-wrap;		/* Opera 4-6 */
	white-space: -o-pre-wrap;	/* Opera 7 */
	word-wrap: break-word;		/* Internet Explorer 5.5+ */
}
#content table {
	border-collapse: collapse;
}
#content table th {
	border: 1px solid #dbdbdb;
	font-size: 85%;
	white-space: nowrap;
}
#content table td {
	border: 1px solid #dbdbdb;
	font-size: 80%;
}
#content input {
	font-size: 1em;
}
#content .full	{ width: 100%; }
#content .left	{ text-align: left; }
#content .right	{ text-align: right; }
#content .center { text-align: center; }
#content .flexbox {
	display: -ms-flex;
	display: -webkit-flex;
	display: flex;
	width: 100%;
}
#content .left_col {
	min-width: 75px;
	max-width: 50%;
	flex-grow: 0;
}
#content .right_col {
	flex-grow: 1;
	margin-left: 10px;
	padding-top: 10px;
	padding-left: 10px;
}
#col {
	-moz-column-count: 3;
	-webkit-column-count: 3;
	column-count: 3;
}
</style>
</head>
<body>

<div id="header">
<strong><em>NYC*</em><span class="logo_bug">BUG</span> dmesgd</strong>
</div><!-- header -->

<div id="menu">
<ul>
<li><a href="https://dmesgd.nycbug.org/index.cgi?do=index">Home</a></li>
<li><a href="https://dmesgd.nycbug.org/index.cgi?do=submit">Submit</a></li>
<li><a href="https://www.nycbug.org/">NYC*BUG</a></li>
</ul>
</div><!-- menu -->

<div id="content">

<p>
Launched in 2004, dmesgd aims to provide a
<strong>user-submitted</strong> repository of searchable *BSD dmesgs.
The dmesg(8) command displays the system message buffer's content, and
during boot a copy is saved to <em>/var/run/dmesg.boot</em>.  This buffer
contains the operating system release, name and version, a list of
devices identified, plus a whole host of other useful information.  We
hope others find this resource useful and further contribute to its
growth. Contact us at [ admin at lists dot nycbug dot org ].
</p>

<hr />


<strong>Date:</strong> <em>2019-10-25 00:25:22</em><br />
<strong>From:</strong> <em>irl</em><br />
<strong>Description:</strong> <em>Sun Enterprise T5120 with ramdisk kernel</em><br />

<pre>
console is /virtual-devices@100/console@1
Copyright (c) 1982, 1986, 1989, 1991, 1993
	The Regents of the University of California.  All rights reserved.
Copyright (c) 1995-2019 OpenBSD. All rights reserved.  https://www.OpenBSD.org

OpenBSD 6.5 (RAMDISK) #156: Sun Apr 14 05:14:17 MDT 2019
    xxx@xxx.xxx:/usr/src/sys/arch/sparc64/compile/RAMDISK
real mem = 34225520640 (32640MB)
avail mem = 33615282176 (32058MB)
mainbus0 at root: SPARC Enterprise T5120
cpu0 at mainbus0: SUNW,UltraSPARC-T2 (rev 0.0) @ 1165.379 MHz
&quot;SUNW,UltraSPARC-T2&quot; at mainbus0 not configured
&quot;SUNW,UltraSPARC-T2&quot; at mainbus0 not configured
&quot;SUNW,UltraSPARC-T2&quot; at mainbus0 not configured
&quot;SUNW,UltraSPARC-T2&quot; at mainbus0 not configured
&quot;SUNW,UltraSPARC-T2&quot; at mainbus0 not configured
&quot;SUNW,UltraSPARC-T2&quot; at mainbus0 not configured
&quot;SUNW,UltraSPARC-T2&quot; at mainbus0 not configured
&quot;SUNW,UltraSPARC-T2&quot; at mainbus0 not configured
&quot;SUNW,UltraSPARC-T2&quot; at mainbus0 not configured
&quot;SUNW,UltraSPARC-T2&quot; at mainbus0 not configured
&quot;SUNW,UltraSPARC-T2&quot; at mainbus0 not configured
&quot;SUNW,UltraSPARC-T2&quot; at mainbus0 not configured
&quot;SUNW,UltraSPARC-T2&quot; at mainbus0 not configured
&quot;SUNW,UltraSPARC-T2&quot; at mainbus0 not configured
&quot;SUNW,UltraSPARC-T2&quot; at mainbus0 not configured
&quot;SUNW,UltraSPARC-T2&quot; at mainbus0 not configured
&quot;SUNW,UltraSPARC-T2&quot; at mainbus0 not configured
&quot;SUNW,UltraSPARC-T2&quot; at mainbus0 not configured
&quot;SUNW,UltraSPARC-T2&quot; at mainbus0 not configured
&quot;SUNW,UltraSPARC-T2&quot; at mainbus0 not configured
&quot;SUNW,UltraSPARC-T2&quot; at mainbus0 not configured
&quot;SUNW,UltraSPARC-T2&quot; at mainbus0 not configured
&quot;SUNW,UltraSPARC-T2&quot; at mainbus0 not configured
&quot;SUNW,UltraSPARC-T2&quot; at mainbus0 not configured
&quot;SUNW,UltraSPARC-T2&quot; at mainbus0 not configured
&quot;SUNW,UltraSPARC-T2&quot; at mainbus0 not configured
&quot;SUNW,UltraSPARC-T2&quot; at mainbus0 not configured
&quot;SUNW,UltraSPARC-T2&quot; at mainbus0 not configured
&quot;SUNW,UltraSPARC-T2&quot; at mainbus0 not configured
&quot;SUNW,UltraSPARC-T2&quot; at mainbus0 not configured
&quot;SUNW,UltraSPARC-T2&quot; at mainbus0 not configured
&quot;SUNW,UltraSPARC-T2&quot; at mainbus0 not configured
&quot;SUNW,UltraSPARC-T2&quot; at mainbus0 not configured
&quot;SUNW,UltraSPARC-T2&quot; at mainbus0 not configured
&quot;SUNW,UltraSPARC-T2&quot; at mainbus0 not configured
&quot;SUNW,UltraSPARC-T2&quot; at mainbus0 not configured
&quot;SUNW,UltraSPARC-T2&quot; at mainbus0 not configured
&quot;SUNW,UltraSPARC-T2&quot; at mainbus0 not configured
&quot;SUNW,UltraSPARC-T2&quot; at mainbus0 not configured
&quot;SUNW,UltraSPARC-T2&quot; at mainbus0 not configured
&quot;SUNW,UltraSPARC-T2&quot; at mainbus0 not configured
&quot;SUNW,UltraSPARC-T2&quot; at mainbus0 not configured
&quot;SUNW,UltraSPARC-T2&quot; at mainbus0 not configured
&quot;SUNW,UltraSPARC-T2&quot; at mainbus0 not configured
&quot;SUNW,UltraSPARC-T2&quot; at mainbus0 not configured
&quot;SUNW,UltraSPARC-T2&quot; at mainbus0 not configured
&quot;SUNW,UltraSPARC-T2&quot; at mainbus0 not configured
&quot;SUNW,UltraSPARC-T2&quot; at mainbus0 not configured
&quot;SUNW,UltraSPARC-T2&quot; at mainbus0 not configured
&quot;SUNW,UltraSPARC-T2&quot; at mainbus0 not configured
&quot;SUNW,UltraSPARC-T2&quot; at mainbus0 not configured
&quot;SUNW,UltraSPARC-T2&quot; at mainbus0 not configured
&quot;SUNW,UltraSPARC-T2&quot; at mainbus0 not configured
&quot;SUNW,UltraSPARC-T2&quot; at mainbus0 not configured
&quot;SUNW,UltraSPARC-T2&quot; at mainbus0 not configured
&quot;SUNW,UltraSPARC-T2&quot; at mainbus0 not configured
&quot;SUNW,UltraSPARC-T2&quot; at mainbus0 not configured
&quot;SUNW,UltraSPARC-T2&quot; at mainbus0 not configured
&quot;SUNW,UltraSPARC-T2&quot; at mainbus0 not configured
&quot;SUNW,UltraSPARC-T2&quot; at mainbus0 not configured
&quot;SUNW,UltraSPARC-T2&quot; at mainbus0 not configured
&quot;SUNW,UltraSPARC-T2&quot; at mainbus0 not configured
&quot;SUNW,UltraSPARC-T2&quot; at mainbus0 not configured
vbus0 at mainbus0
&quot;flashprom&quot; at vbus0 not configured
cbus0 at vbus0
&quot;virtual-channel&quot; at cbus0 not configured
&quot;virtual-channel-client&quot; at cbus0 not configured
&quot;virtual-channel&quot; at cbus0 not configured
&quot;virtual-channel-client&quot; at cbus0 not configured
&quot;n2cp&quot; at vbus0 not configured
&quot;ncp&quot; at vbus0 not configured
vrng0 at vbus0
vcons0 at vbus0: ivec 0x111, console
vrtc0 at vbus0
&quot;niu&quot; at mainbus0 not configured
vpci0 at mainbus0: bus 2 to 18, dvma map 80000000-ffffffff
pci0 at vpci0
ppb0 at pci0 dev 0 function 0 &quot;PLX PEX 8533&quot; rev 0xaa
pci1 at ppb0 bus 3
ppb1 at pci1 dev 1 function 0 &quot;PLX PEX 8533&quot; rev 0xaa
pci2 at ppb1 bus 4
ppb2 at pci2 dev 0 function 0 &quot;PLX PEX 8517&quot; rev 0xad
pci3 at ppb2 bus 5
ppb3 at pci3 dev 1 function 0 &quot;PLX PEX 8517&quot; rev 0xad
pci4 at ppb3 bus 6
ppb4 at pci4 dev 0 function 0 &quot;PLX PEX 8111&quot; rev 0x21
pci5 at ppb4 bus 7
ohci0 at pci5 dev 0 function 0 &quot;NEC USB&quot; rev 0x43: ivec 0x16, version 1.0
ohci1 at pci5 dev 0 function 1 &quot;NEC USB&quot; rev 0x43: ivec 0x17, version 1.0
ehci0 at pci5 dev 0 function 2 &quot;NEC USB&quot; rev 0x04: ivec 0x14
usb0 at ehci0: USB revision 2.0
uhub0 at usb0 configuration 1 interface 0 &quot;NEC EHCI root hub&quot; rev 2.00/1.00 addr 1
usb1 at ohci0: USB revision 1.0
uhub1 at usb1 configuration 1 interface 0 &quot;NEC OHCI root hub&quot; rev 1.00/1.00 addr 1
usb2 at ohci1: USB revision 1.0
uhub2 at usb2 configuration 1 interface 0 &quot;NEC OHCI root hub&quot; rev 1.00/1.00 addr 1
ppb5 at pci3 dev 2 function 0 &quot;PLX PEX 8517&quot; rev 0xad
pci6 at ppb5 bus 8
em0 at pci6 dev 0 function 0 &quot;Intel 82571EB&quot; rev 0x06: ivec 0x17, address xx:xx:xx:xx:xx:xx
em1 at pci6 dev 0 function 1 &quot;Intel 82571EB&quot; rev 0x06: ivec 0x14, address xx:xx:xx:xx:xx:xx
ppb6 at pci3 dev 3 function 0 &quot;PLX PEX 8517&quot; rev 0xad
pci7 at ppb6 bus 9
em2 at pci7 dev 0 function 0 &quot;Intel 82571EB&quot; rev 0x06: ivec 0x14, address xx:xx:xx:xx:xx:xx
em3 at pci7 dev 0 function 1 &quot;Intel 82571EB&quot; rev 0x06: ivec 0x15, address xx:xx:xx:xx:xx:xx
ppb7 at pci1 dev 2 function 0 &quot;PLX PEX 8533&quot; rev 0xaa
pci8 at ppb7 bus 10
mpi0 at pci8 dev 0 function 0 &quot;Symbios Logic SAS1068E&quot; rev 0x02: msi
mpi0: UNUSED, firmware xxx.xxx.xxx.xxx
scsibus0 at mpi0: 112 targets
sd0 at scsibus0 targ 1 lun 0: &lt;HP, DG146ABAB4, HPDF&gt; SCSI3 0/direct fixed naa.5000c50003e8a7b7
sd0: 140014MB, 512 bytes/sector, 286749488 sectors
sd1 at scsibus0 targ 3 lun 0: &lt;HP, EG0146FAWJC, HPDF&gt; SCSI3 0/direct fixed naa.5000cca015755714
sd1: 140014MB, 512 bytes/sector, 286749488 sectors
sd2 at scsibus0 targ 5 lun 0: &lt;HP, EG0146FARTR, HPDA&gt; SCSI3 0/direct fixed naa.500000e119c41d00
sd2: 140014MB, 512 bytes/sector, 286749488 sectors
ppb8 at pci1 dev 8 function 0 &quot;PLX PEX 8533&quot; rev 0xaa
pci9 at ppb8 bus 11
ppb9 at pci9 dev 0 function 0 &quot;PLX PEX 8533&quot; rev 0xaa
pci10 at ppb9 bus 12
ppb10 at pci10 dev 1 function 0 &quot;PLX PEX 8533&quot; rev 0xaa: msi
pci11 at ppb10 bus 13
ppb11 at pci10 dev 2 function 0 &quot;PLX PEX 8533&quot; rev 0xaa: msi
pci12 at ppb11 bus 14
ppb12 at pci10 dev 8 function 0 &quot;PLX PEX 8533&quot; rev 0xaa: msi
pci13 at ppb12 bus 15
ppb13 at pci10 dev 9 function 0 &quot;PLX PEX 8533&quot; rev 0xaa: msi
pci14 at ppb13 bus 16
ppb14 at pci10 dev 10 function 0 &quot;PLX PEX 8533&quot; rev 0xaa: msi
pci15 at ppb14 bus 17
ppb15 at pci1 dev 9 function 0 &quot;PLX PEX 8533&quot; rev 0xaa: msi
pci16 at ppb15 bus 18
&quot;pci-performance-counters&quot; at mainbus0 not configured
ebus0 at mainbus0
com0 at ebus0 addr ca0000-ca0007 ivec 0x13: ns16550a, 16 byte fifo
umass0 at uhub0 port 2 configuration 1 interface 0 &quot;Texas Instruments Incorporated 6250 FW: xxx.xxx.xxx.xxx.562AD423&quot; rev 2.00/2.00 addr 2
umass0: using SCSI over Bulk-Only
scsibus1 at umass0: 2 targets, initiator 0
cd0 at scsibus1 targ 1 lun 0: &lt;TSSTcorp, CD/DVDW TS-T632A, SR03&gt; SCSI0 5/cdrom removable serial.0451625fACCC32743026
uhub3 at uhub0 port 4 configuration 1 interface 0 &quot;vendor 0x04b4 product 0x6560&quot; rev 2.00/0.0b addr 3
softraid0 at root
scsibus2 at softraid0: 256 targets
bootpath: /pci@0,0/pci@0,0/pci@1,0/pci@0,0/pci@2,0/network@0,0
root on rd0a swap on rd0b dump on rd0b
</pre>



</div><!-- content -->
<br />
<div id="footer">
All comments/news/posts are the property of their individual owner and
is presented without warranty of suitability, and solely as an
informational resource. <br />
This site Copyright &copy; 2004-2020 NYC*BUG.
</div><!-- footer -->

</body>
</html>

