



<!doctype html>
<html lang="en">
<head>
<meta name="keywords"
	content="bsd, freebsd, openbsd, netbsd, dragonflybsd, nycbug, dmesgd" />
<meta name="description" content="New York City BSD User Group dmesgd" />
<meta charset="utf-8" />
<meta name="viewport" content="width=device-width, initial-scale=1" />
<title>NYC*BUG dmesgd</title>
<style>
body {
	text-align: left;
	margin: 15px auto;
	padding: 0px 10px;
}
@media (min-width: 800px) {
	body {
		max-width: 85%;
	}
}
#header {
	border-bottom: 1px solid #dbdbdb;
	font-size: 230%;
	text-align: left;
}
#footer {
	border-top: 1px solid #dbdbdb;
	clear: both;
	text-align: left;
}
.logo_bug {
	color: #cc0033;
}
#menu ul {
	list-style-type: none;
	margin: 0;
	padding: 0;
}
#menu li {
	float: left;
}
#menu li a {
	display: block;
	background-color: #dbdbdb;
	color: #000000;
	font-size: 105%;
	font-weight: bold;
	padding: 0px 6px 0px 6px;
	text-decoration: none;
}
#content {
	clear: both;
	text-align: left;
	padding-top: 10px;
}
#content h1 {
	font-size: 120%;
	font-weight: bold;
}
#content h2 {
	font-size: 110%;
	font-weight: bold;
}
#content a {
	text-decoration: none;
}
#content pre {
	background-color: #dbdbdb;
	padding: 5px 5px 5px 5px;
	white-space: pre-wrap;		/* css-3 */
	white-space: -moz-pre-wrap;	/* Mozilla, since 1999 */
	white-space: -pre-wrap;		/* Opera 4-6 */
	white-space: -o-pre-wrap;	/* Opera 7 */
	word-wrap: break-word;		/* Internet Explorer 5.5+ */
}
#content table {
	border-collapse: collapse;
}
#content table th {
	border: 1px solid #dbdbdb;
	font-size: 85%;
	white-space: nowrap;
}
#content table td {
	border: 1px solid #dbdbdb;
	font-size: 80%;
}
#content input {
	font-size: 1em;
}
#content .full	{ width: 100%; }
#content .left	{ text-align: left; }
#content .right	{ text-align: right; }
#content .center { text-align: center; }
#content .flexbox {
	display: -ms-flex;
	display: -webkit-flex;
	display: flex;
	width: 100%;
}
#content .left_col {
	min-width: 75px;
	max-width: 50%;
	flex-grow: 0;
}
#content .right_col {
	flex-grow: 1;
	margin-left: 10px;
	padding-top: 10px;
	padding-left: 10px;
}
#col {
	-moz-column-count: 3;
	-webkit-column-count: 3;
	column-count: 3;
}
</style>
</head>
<body>

<div id="header">
<strong><em>NYC*</em><span class="logo_bug">BUG</span> dmesgd</strong>
</div><!-- header -->

<div id="menu">
<ul>
<li><a href="https://dmesgd.nycbug.org/index.cgi?do=index">Home</a></li>
<li><a href="https://dmesgd.nycbug.org/index.cgi?do=submit">Submit</a></li>
<li><a href="https://www.nycbug.org/">NYC*BUG</a></li>
</ul>
</div><!-- menu -->

<div id="content">

<p>
Launched in 2004, dmesgd aims to provide a
<strong>user-submitted</strong> repository of searchable *BSD dmesgs.
The dmesg(8) command displays the system message buffer's content, and
during boot a copy is saved to <em>/var/run/dmesg.boot</em>.  This buffer
contains the operating system release, name and version, a list of
devices identified, plus a whole host of other useful information.  We
hope others find this resource useful and further contribute to its
growth. Contact us at [ admin at lists dot nycbug dot org ].
</p>

<hr />


<strong>Date:</strong> <em>2019-11-09 11:33:08</em><br />
<strong>From:</strong> <em>zeurkous</em><br />
<strong>Description:</strong> <em>OpenBSD 6.6 (GENERIC.MP), after fw_update(8), on Thinkpad R60e (type 9461)</em><br />

<pre>
OpenBSD 6.6 (GENERIC.MP) #304: Sat Oct 12 11:18:21 MDT 2019
    xxx@xxx.xxx:/usr/src/sys/arch/i386/compile/GENERIC.MP
real mem  = 3219472384 (3070MB)
avail mem = 3145039872 (2999MB)
mpath0 at root
scsibus0 at mpath0: 256 targets
mainbus0 at root
bios0 at mainbus0: date 10/13/06, BIOS32 rev. 0 @ 0xfd690, SMBIOS rev. 2.4 @ 0xe0010 (68 entries)
bios0: vendor LENOVO version &quot;7CETB5WW (2.05 )&quot; date 10/13/2006
bios0: LENOVO 9461DXG
acpi0 at bios0: ACPI 3.0
acpi0: sleep states S0 S3 S4 S5
acpi0: tables DSDT FACP SSDT ECDT TCPA APIC MCFG HPET BOOT SSDT SSDT SSDT SSDT
acpi0: wakeup devices LID_(S3) SLPB(S3) EXP0(S4) EXP1(S4) EXP2(S4) EXP3(S4) PCI1(S4) USB0(S3) USB1(S3) USB2(S3) USB7(S3) HDEF(S4)
acpitimer0 at acpi0: 3579545 Hz, 24 bits
acpiec0 at acpi0
acpimadt0 at acpi0 addr 0xfee00000: PC-AT compat
cpu0 at mainbus0: apid 0 (boot processor)
cpu0: Intel(R) Core(TM)2 CPU T5600 @ 1.83GHz (&quot;GenuineIntel&quot; 686-class) 1.83 GHz, 06-0f-06
cpu0: FPU,V86,DE,PSE,TSC,MSR,PAE,MCE,CX8,APIC,SEP,MTRR,PGE,MCA,CMOV,PAT,PSE36,CFLUSH,DS,ACPI,MMX,FXSR,SSE,SSE2,SS,HTT,TM,PBE,SSE3,DTES64,MWAIT,DS-CPL,VMX,EST,TM2,SSSE3,CX16,xTPR,PDCM,LONG,LAHF,PERF,SENSOR,MELTDOWN
mtrr: Pentium Pro MTRR support, 8 var ranges, 88 fixed ranges
cpu0: apic clock running at 166MHz
cpu0: mwait min=64, max=64, C-substates=0.2.2.2.2, IBE
cpu1 at mainbus0: apid 1 (application processor)
cpu1: Intel(R) Core(TM)2 CPU T5600 @ 1.83GHz (&quot;GenuineIntel&quot; 686-class) 1.83 GHz, 06-0f-06
cpu1: FPU,V86,DE,PSE,TSC,MSR,PAE,MCE,CX8,APIC,SEP,MTRR,PGE,MCA,CMOV,PAT,PSE36,CFLUSH,DS,ACPI,MMX,FXSR,SSE,SSE2,SS,HTT,TM,PBE,SSE3,DTES64,MWAIT,DS-CPL,VMX,EST,TM2,SSSE3,CX16,xTPR,PDCM,LONG,LAHF,PERF,SENSOR,MELTDOWN
ioapic0 at mainbus0: apid 1 pa 0xfec00000, version 20, 24 pins, remapped
acpimcfg0 at acpi0
acpimcfg0: addr 0xf0000000, bus 0-63
acpihpet0 at acpi0: 14318179 Hz
acpiprt0 at acpi0: bus 0 (PCI0)
acpiprt1 at acpi0: bus 1 (AGP_)
acpiprt2 at acpi0: bus 2 (EXP0)
acpiprt3 at acpi0: bus 3 (EXP1)
acpiprt4 at acpi0: bus 4 (EXP2)
acpiprt5 at acpi0: bus 12 (EXP3)
acpiprt6 at acpi0: bus 21 (PCI1)
acpicpu0 at acpi0: !C3(250@17 mwait.3@0x20), !C2(500@1 mwait.1@0x10), C1(1000@1 mwait.1), PSS
acpicpu1 at acpi0: !C3(250@17 mwait.3@0x20), !C2(500@1 mwait.1@0x10), C1(1000@1 mwait.1), PSS
acpipwrres0 at acpi0: PUBS, resource for USB0, USB2, USB7
acpitz0 at acpi0: critical temperature is 127 degC
acpitz1 at acpi0: critical temperature is 100 degC
acpibtn0 at acpi0: LID_
acpibtn1 at acpi0: SLPB
&quot;PNP0A08&quot; at acpi0 not configured
acpicmos0 at acpi0
acpibat0 at acpi0: BAT0 model &quot;92P1139&quot; serial  5142 type LION oem &quot;Panasonic&quot;
acpiac0 at acpi0: AC unit online
acpithinkpad0 at acpi0
acpidock0 at acpi0: GDCK not docked (0)
acpivideo0 at acpi0: VID_
acpivout0 at acpivideo0: LCD0
acpivideo1 at acpi0: VID_
acpivout at acpivideo1 not configured
bios0: ROM list: 0xc0000/0xfc00 0xd0000/0x1600 0xd1800/0x1000 0xdc000/0x4000! 0xe0000/0x10000!
cpu0: Enhanced SpeedStep 1829 MHz: speeds: 1833, 1333, 1000 MHz
pci0 at mainbus0 bus 0: configuration mode 1 (bios)
pchb0 at pci0 dev 0 function 0 &quot;Intel 82945GM Host&quot; rev 0x03
ppb0 at pci0 dev 1 function 0 &quot;Intel 82945GM PCIE&quot; rev 0x03: apic 1 int 16
pci1 at ppb0 bus 1
radeondrm0 at pci1 dev 0 function 0 &quot;ATI Radeon Mobility X1400&quot; rev 0x00
drm0 at radeondrm0
radeondrm0: apic 1 int 16
azalia0 at pci0 dev 27 function 0 &quot;Intel 82801GB HD Audio&quot; rev 0x02: msi
azalia0: codecs: Analog Devices AD1981HD, Conexant/0x2bfa, using Analog Devices AD1981HD
audio0 at azalia0
ppb1 at pci0 dev 28 function 0 &quot;Intel 82801GB PCIE&quot; rev 0x02: apic 1 int 20
pci2 at ppb1 bus 2
bge0 at pci2 dev 0 function 0 &quot;Broadcom BCM5751M&quot; rev 0x21, BCM5750 C1 (0x4201): msi, address xx:xx:xx:xx:xx:xx
brgphy0 at bge0 phy 1: BCM5750 10/100/1000baseT PHY, rev. 0
ppb2 at pci0 dev 28 function 1 &quot;Intel 82801GB PCIE&quot; rev 0x02: apic 1 int 21
pci3 at ppb2 bus 3
ath0 at pci3 dev 0 function 0 &quot;Atheros AR5212&quot; rev 0x01: apic 1 int 17
ath0: AR5424 10.3 phy 6.1 rf5424 10.2 eeprom 5.3, WOR2W, address xx:xx:xx:xx:xx:xx
ppb3 at pci0 dev 28 function 2 &quot;Intel 82801GB PCIE&quot; rev 0x02: apic 1 int 22
pci4 at ppb3 bus 4
ppb4 at pci0 dev 28 function 3 &quot;Intel 82801GB PCIE&quot; rev 0x02: apic 1 int 23
pci5 at ppb4 bus 12
uhci0 at pci0 dev 29 function 0 &quot;Intel 82801GB USB&quot; rev 0x02: apic 1 int 16
uhci1 at pci0 dev 29 function 1 &quot;Intel 82801GB USB&quot; rev 0x02: apic 1 int 17
uhci2 at pci0 dev 29 function 2 &quot;Intel 82801GB USB&quot; rev 0x02: apic 1 int 18
uhci3 at pci0 dev 29 function 3 &quot;Intel 82801GB USB&quot; rev 0x02: apic 1 int 19
ehci0 at pci0 dev 29 function 7 &quot;Intel 82801GB USB&quot; rev 0x02: apic 1 int 19
usb0 at ehci0: USB revision 2.0
uhub0 at usb0 configuration 1 interface 0 &quot;Intel EHCI root hub&quot; rev 2.00/1.00 addr 1
ppb5 at pci0 dev 30 function 0 &quot;Intel 82801BAM Hub-to-PCI&quot; rev 0xe2
pci6 at ppb5 bus 21
cbb0 at pci6 dev 0 function 0 &quot;TI PCIXX12 CardBus&quot; rev 0x00: apic 1 int 16
&quot;TI PCIXX12 FireWire&quot; rev 0x00 at pci6 dev 0 function 1 not configured
cardslot0 at cbb0 slot 0 flags 0
cardbus0 at cardslot0: bus 22 device 0 cacheline 0x8, lattimer 0xb0
pcmcia0 at cardslot0
ichpcib0 at pci0 dev 31 function 0 &quot;Intel 82801GBM LPC&quot; rev 0x02: PM disabled
pciide0 at pci0 dev 31 function 1 &quot;Intel 82801GB IDE&quot; rev 0x02: DMA, channel 0 configured to compatibility, channel 1 configured to compatibility
atapiscsi0 at pciide0 channel 0 drive 0
scsibus1 at atapiscsi0: 2 targets
cd0 at scsibus1 targ 0 lun 0: &lt;HL-DT-ST, DVDRAM GMA-4082N, CX08&gt; removable
cd0(pciide0:0:0): using PIO mode 4, Ultra-DMA mode 2
pciide0: channel 1 ignored (disabled)
ahci0 at pci0 dev 31 function 2 &quot;Intel 82801GBM AHCI&quot; rev 0x02: msi, AHCI 1.1
ahci0: port 0: 1.5Gb/s
scsibus2 at ahci0: 32 targets
sd0 at scsibus2 targ 0 lun 0: &lt;ATA, WDC WD3200BEVT-2, 11.0&gt; naa.CENSOREDCENSORED
sd0: 305245MB, 512 bytes/sector, 625142448 sectors
ichiic0 at pci0 dev 31 function 3 &quot;Intel 82801GB SMBus&quot; rev 0x02: apic 1 int 23
iic0 at ichiic0
usb1 at uhci0: USB revision 1.0
uhub1 at usb1 configuration 1 interface 0 &quot;Intel UHCI root hub&quot; rev 1.00/1.00 addr 1
usb2 at uhci1: USB revision 1.0
uhub2 at usb2 configuration 1 interface 0 &quot;Intel UHCI root hub&quot; rev 1.00/1.00 addr 1
usb3 at uhci2: USB revision 1.0
uhub3 at usb3 configuration 1 interface 0 &quot;Intel UHCI root hub&quot; rev 1.00/1.00 addr 1
usb4 at uhci3: USB revision 1.0
uhub4 at usb4 configuration 1 interface 0 &quot;Intel UHCI root hub&quot; rev 1.00/1.00 addr 1
isa0 at ichpcib0
isadma0 at isa0
pckbc0 at isa0 port 0x60/5 irq 1 irq 12
pckbd0 at pckbc0 (kbd slot)
wskbd0 at pckbd0: console keyboard
pms0 at pckbc0 (aux slot)
wsmouse0 at pms0 mux 0
pcppi0 at isa0 port 0x61
spkr0 at pcppi0
aps0 at isa0 port 0x1600/31
npx0 at isa0 port 0xf0/16: reported by CPUID; using exception 16
ugen0 at uhub4 port 2 &quot;STMicroelectronics Biometric Coprocessor&quot; rev 1.00/0.01 addr 2
vscsi0 at root
scsibus3 at vscsi0: 256 targets
softraid0 at root
scsibus4 at softraid0: 256 targets
root on sd0a (f24d655560c974d6.a) swap on sd0b dump on sd0b
initializing kernel modesetting (RV515 0x1002:0x7145 0x17AA:0x2006 0x00).
radeondrm0: 1024x768, 32bpp
wsdisplay0 at radeondrm0 mux 1: console (std, vt100 emulation), using wskbd0
wsdisplay0: screen 1-5 added (std, vt100 emulation)
</pre>



</div><!-- content -->
<br />
<div id="footer">
All comments/news/posts are the property of their individual owner and
is presented without warranty of suitability, and solely as an
informational resource. <br />
This site Copyright &copy; 2004-2020 NYC*BUG.
</div><!-- footer -->

</body>
</html>

