



<!doctype html>
<html lang="en">
<head>
<meta name="keywords"
	content="bsd, freebsd, openbsd, netbsd, dragonflybsd, nycbug, dmesgd" />
<meta name="description" content="New York City BSD User Group dmesgd" />
<meta charset="utf-8" />
<meta name="viewport" content="width=device-width, initial-scale=1" />
<title>NYC*BUG dmesgd</title>
<style>
body {
	text-align: left;
	margin: 15px auto;
	padding: 0px 10px;
}
@media (min-width: 800px) {
	body {
		max-width: 85%;
	}
}
#header {
	border-bottom: 1px solid #dbdbdb;
	font-size: 230%;
	text-align: left;
}
#footer {
	border-top: 1px solid #dbdbdb;
	clear: both;
	text-align: left;
}
.logo_bug {
	color: #cc0033;
}
#menu ul {
	list-style-type: none;
	margin: 0;
	padding: 0;
}
#menu li {
	float: left;
}
#menu li a {
	display: block;
	background-color: #dbdbdb;
	color: #000000;
	font-size: 105%;
	font-weight: bold;
	padding: 0px 6px 0px 6px;
	text-decoration: none;
}
#content {
	clear: both;
	text-align: left;
	padding-top: 10px;
}
#content h1 {
	font-size: 120%;
	font-weight: bold;
}
#content h2 {
	font-size: 110%;
	font-weight: bold;
}
#content a {
	text-decoration: none;
}
#content pre {
	background-color: #dbdbdb;
	padding: 5px 5px 5px 5px;
	white-space: pre-wrap;		/* css-3 */
	white-space: -moz-pre-wrap;	/* Mozilla, since 1999 */
	white-space: -pre-wrap;		/* Opera 4-6 */
	white-space: -o-pre-wrap;	/* Opera 7 */
	word-wrap: break-word;		/* Internet Explorer 5.5+ */
}
#content table {
	border-collapse: collapse;
}
#content table th {
	border: 1px solid #dbdbdb;
	font-size: 85%;
	white-space: nowrap;
}
#content table td {
	border: 1px solid #dbdbdb;
	font-size: 80%;
}
#content input {
	font-size: 1em;
}
#content .full	{ width: 100%; }
#content .left	{ text-align: left; }
#content .right	{ text-align: right; }
#content .center { text-align: center; }
#content .flexbox {
	display: -ms-flex;
	display: -webkit-flex;
	display: flex;
	width: 100%;
}
#content .left_col {
	min-width: 75px;
	max-width: 50%;
	flex-grow: 0;
}
#content .right_col {
	flex-grow: 1;
	margin-left: 10px;
	padding-top: 10px;
	padding-left: 10px;
}
#col {
	-moz-column-count: 3;
	-webkit-column-count: 3;
	column-count: 3;
}
</style>
</head>
<body>

<div id="header">
<strong><em>NYC*</em><span class="logo_bug">BUG</span> dmesgd</strong>
</div><!-- header -->

<div id="menu">
<ul>
<li><a href="https://dmesgd.nycbug.org/index.cgi?do=index">Home</a></li>
<li><a href="https://dmesgd.nycbug.org/index.cgi?do=submit">Submit</a></li>
<li><a href="https://www.nycbug.org/">NYC*BUG</a></li>
</ul>
</div><!-- menu -->

<div id="content">

<p>
Launched in 2004, dmesgd aims to provide a
<strong>user-submitted</strong> repository of searchable *BSD dmesgs.
The dmesg(8) command displays the system message buffer's content, and
during boot a copy is saved to <em>/var/run/dmesg.boot</em>.  This buffer
contains the operating system release, name and version, a list of
devices identified, plus a whole host of other useful information.  We
hope others find this resource useful and further contribute to its
growth. Contact us at [ admin at lists dot nycbug dot org ].
</p>

<hr />


<strong>Date:</strong> <em>2019-11-10 19:25:11</em><br />
<strong>From:</strong> <em>Andrew Vieyra</em><br />
<strong>Description:</strong> <em>Dell PowerEdge R340 - OpenBSD 6.6-stable</em><br />

<pre>
OpenBSD 6.6 (GENERIC.MP) #0: Sat Oct 26 08:08:07 MDT 2019
    xxx@xxx.xxx:/usr/src/sys/arch/amd64/compile/GENERIC.MP
real mem = 34182557696 (32599MB)
avail mem = 33133883392 (31598MB)
mpath0 at root
scsibus0 at mpath0: 256 targets
mainbus0 at root
bios0 at mainbus0: SMBIOS rev. 3.1 @ 0x78ca3000 (46 entries)
bios0: vendor Dell Inc. version &quot;1.3.3&quot; date 11/26/2018
bios0: Dell Inc. PowerEdge R340
acpi0 at bios0: ACPI 6.1
acpi0: sleep states S0 S5
acpi0: tables DSDT FACP SSDT SSDT SSDT SSDT TPM2 WD__ SLIC HPET APIC MCFG SSDT SSDT LPIT WSMT SSDT DBGP DBG2 DMAR SSDT HEST BERT ERST EINJ
acpi0: wakeup devices PEG0(S0) PEG1(S0) PEG2(S0) XHC_(S0) XDCI(S0) RP01(S0) RP02(S0) RP03(S0) RP04(S0) RP05(S0) RP06(S0) RP07(S0) RP08(S0) RP09(S0) RP10(S0) RP11(S0) [...]
acpitimer0 at acpi0: 3579545 Hz, 24 bits
acpihpet0 at acpi0: 23999999 Hz
acpimadt0 at acpi0 addr 0xfee00000: PC-AT compat
cpu0 at mainbus0: apid 0 (boot processor)
cpu0: Intel(R) Xeon(R) E-2124 CPU @ 3.30GHz, 3294.82 MHz, 06-9e-0a
cpu0: FPU,VME,DE,PSE,TSC,MSR,PAE,MCE,CX8,APIC,SEP,MTRR,PGE,MCA,CMOV,PAT,PSE36,CFLUSH,DS,ACPI,MMX,FXSR,SSE,SSE2,SS,HTT,TM,PBE,SSE3,PCLMUL,DTES64,MWAIT,DS-CPL,VMX,SMX,EST,TM2,SSSE3,SDBG,FMA3,CX16,xTPR,PDCM,PCID,SSE4.1,SSE4.2,x2APIC,MOVBE,POPCNT,DEADLINE,AES,XSAVE,AVX,F16C,RDRAND,NXE,PAGE1GB,RDTSCP,LONG,LAHF,ABM,3DNOWP,PERF,ITSC,FSGSBASE,TSC_ADJUST,BMI1,HLE,AVX2,SMEP,BMI2,ERMS,INVPCID,RTM,MPX,RDSEED,ADX,SMAP,CLFLUSHOPT,PT,MD_CLEAR,TSXFA,IBRS,IBPB,STIBP,L1DF,SSBD,SENSOR,ARAT,XSAVEOPT,XSAVEC,XGETBV1,XSAVES,MELTDOWN
cpu0: 256KB 64b/line 8-way L2 cache
cpu0: smt 0, core 0, package 0
mtrr: Pentium Pro MTRR support, 10 var ranges, 88 fixed ranges
cpu0: apic clock running at 24MHz
cpu0: mwait min=64, max=64, C-substates=0.2.1.2.4.1.1.1, IBE
cpu1 at mainbus0: apid 2 (application processor)
cpu1: Intel(R) Xeon(R) E-2124 CPU @ 3.30GHz, 3292.34 MHz, 06-9e-0a
cpu1: FPU,VME,DE,PSE,TSC,MSR,PAE,MCE,CX8,APIC,SEP,MTRR,PGE,MCA,CMOV,PAT,PSE36,CFLUSH,DS,ACPI,MMX,FXSR,SSE,SSE2,SS,HTT,TM,PBE,SSE3,PCLMUL,DTES64,MWAIT,DS-CPL,VMX,SMX,EST,TM2,SSSE3,SDBG,FMA3,CX16,xTPR,PDCM,PCID,SSE4.1,SSE4.2,x2APIC,MOVBE,POPCNT,DEADLINE,AES,XSAVE,AVX,F16C,RDRAND,NXE,PAGE1GB,RDTSCP,LONG,LAHF,ABM,3DNOWP,PERF,ITSC,FSGSBASE,TSC_ADJUST,BMI1,HLE,AVX2,SMEP,BMI2,ERMS,INVPCID,RTM,MPX,RDSEED,ADX,SMAP,CLFLUSHOPT,PT,MD_CLEAR,TSXFA,IBRS,IBPB,STIBP,L1DF,SSBD,SENSOR,ARAT,XSAVEOPT,XSAVEC,XGETBV1,XSAVES,MELTDOWN
cpu1: 256KB 64b/line 8-way L2 cache
cpu1: smt 0, core 1, package 0
cpu2 at mainbus0: apid 4 (application processor)
cpu2: Intel(R) Xeon(R) E-2124 CPU @ 3.30GHz, 3292.34 MHz, 06-9e-0a
cpu2: FPU,VME,DE,PSE,TSC,MSR,PAE,MCE,CX8,APIC,SEP,MTRR,PGE,MCA,CMOV,PAT,PSE36,CFLUSH,DS,ACPI,MMX,FXSR,SSE,SSE2,SS,HTT,TM,PBE,SSE3,PCLMUL,DTES64,MWAIT,DS-CPL,VMX,SMX,EST,TM2,SSSE3,SDBG,FMA3,CX16,xTPR,PDCM,PCID,SSE4.1,SSE4.2,x2APIC,MOVBE,POPCNT,DEADLINE,AES,XSAVE,AVX,F16C,RDRAND,NXE,PAGE1GB,RDTSCP,LONG,LAHF,ABM,3DNOWP,PERF,ITSC,FSGSBASE,TSC_ADJUST,BMI1,HLE,AVX2,SMEP,BMI2,ERMS,INVPCID,RTM,MPX,RDSEED,ADX,SMAP,CLFLUSHOPT,PT,MD_CLEAR,TSXFA,IBRS,IBPB,STIBP,L1DF,SSBD,SENSOR,ARAT,XSAVEOPT,XSAVEC,XGETBV1,XSAVES,MELTDOWN
cpu2: 256KB 64b/line 8-way L2 cache
cpu2: smt 0, core 2, package 0
cpu3 at mainbus0: apid 6 (application processor)
cpu3: Intel(R) Xeon(R) E-2124 CPU @ 3.30GHz, 3292.34 MHz, 06-9e-0a
cpu3: FPU,VME,DE,PSE,TSC,MSR,PAE,MCE,CX8,APIC,SEP,MTRR,PGE,MCA,CMOV,PAT,PSE36,CFLUSH,DS,ACPI,MMX,FXSR,SSE,SSE2,SS,HTT,TM,PBE,SSE3,PCLMUL,DTES64,MWAIT,DS-CPL,VMX,SMX,EST,TM2,SSSE3,SDBG,FMA3,CX16,xTPR,PDCM,PCID,SSE4.1,SSE4.2,x2APIC,MOVBE,POPCNT,DEADLINE,AES,XSAVE,AVX,F16C,RDRAND,NXE,PAGE1GB,RDTSCP,LONG,LAHF,ABM,3DNOWP,PERF,ITSC,FSGSBASE,TSC_ADJUST,BMI1,HLE,AVX2,SMEP,BMI2,ERMS,INVPCID,RTM,MPX,RDSEED,ADX,SMAP,CLFLUSHOPT,PT,MD_CLEAR,TSXFA,IBRS,IBPB,STIBP,L1DF,SSBD,SENSOR,ARAT,XSAVEOPT,XSAVEC,XGETBV1,XSAVES,MELTDOWN
cpu3: 256KB 64b/line 8-way L2 cache
cpu3: smt 0, core 3, package 0
ioapic0 at mainbus0: apid 2 pa 0xfec00000, version 20, 120 pins
acpimcfg0 at acpi0
acpimcfg0: addr 0x80000000, bus 0-255
acpiprt0 at acpi0: bus 0 (PCI0)
acpiprt1 at acpi0: bus 1 (PEG0)
acpiprt2 at acpi0: bus 2 (PEG1)
acpiprt3 at acpi0: bus -1 (PEG2)
acpiprt4 at acpi0: bus 3 (RP01)
acpiprt5 at acpi0: bus 5 (RP02)
acpiprt6 at acpi0: bus -1 (RP03)
acpiprt7 at acpi0: bus -1 (RP04)
acpiprt8 at acpi0: bus -1 (RP05)
acpiprt9 at acpi0: bus -1 (RP06)
acpiprt10 at acpi0: bus -1 (RP07)
acpiprt11 at acpi0: bus -1 (RP08)
acpiprt12 at acpi0: bus -1 (RP09)
acpiprt13 at acpi0: bus -1 (RP10)
acpiprt14 at acpi0: bus -1 (RP11)
acpiprt15 at acpi0: bus -1 (RP12)
acpiprt16 at acpi0: bus -1 (RP13)
acpiprt17 at acpi0: bus -1 (RP14)
acpiprt18 at acpi0: bus -1 (RP15)
acpiprt19 at acpi0: bus -1 (RP16)
acpiprt20 at acpi0: bus -1 (RP17)
acpiprt21 at acpi0: bus -1 (RP18)
acpiprt22 at acpi0: bus -1 (RP19)
acpiprt23 at acpi0: bus -1 (RP20)
acpiprt24 at acpi0: bus -1 (RP21)
acpiprt25 at acpi0: bus -1 (RP22)
acpiprt26 at acpi0: bus -1 (RP23)
acpiprt27 at acpi0: bus -1 (RP24)
acpipwrres0 at acpi0: USBC, resource for XDCI
acpipwrres1 at acpi0: V0PR
acpipwrres2 at acpi0: V1PR
acpipwrres3 at acpi0: V2PR
acpipwrres4 at acpi0: WRST
acpicpu0 at acpi0: C3(200@1034 mwait.1@0x60), C2(200@151 mwait.1@0x33), C1(1000@1 mwait.1), PSS
acpicpu1 at acpi0: C3(200@1034 mwait.1@0x60), C2(200@151 mwait.1@0x33), C1(1000@1 mwait.1), PSS
acpicpu2 at acpi0: C3(200@1034 mwait.1@0x60), C2(200@151 mwait.1@0x33), C1(1000@1 mwait.1), PSS
acpicpu3 at acpi0: C3(200@1034 mwait.1@0x60), C2(200@151 mwait.1@0x33), C1(1000@1 mwait.1), PSS
acpipwrres5 at acpi0: PIN_
acpipci0 at acpi0 PCI0: 0x00000000 0x00000011 0x00000001
acpicmos0 at acpi0
&quot;IPI0001&quot; at acpi0 not configured
&quot;INT3450&quot; at acpi0 not configured
acpibtn0 at acpi0: SLPB
acpiac0 at acpi0: AC unit online
acpibtn1 at acpi0: PWRB
&quot;PNP0C33&quot; at acpi0 not configured
acpivideo0 at acpi0: GFX0
acpivout0 at acpivideo0: DD1F
ipmi at mainbus0 not configured
cpu0: using VERW MDS workaround (except on vmm entry)
cpu0: Enhanced SpeedStep 3294 MHz: speeds: 3301, 3300, 3100, 2900, 2800, 2600, 2400, 2200, 2000, 1900, 1700, 1500, 1300, 1200, 1000, 800 MHz
pci0 at mainbus0 bus 0
0:31:5: mem address conflict 0xfe010000/0x1000
pchb0 at pci0 dev 0 function 0 &quot;Intel Core 8G Host&quot; rev 0x07
ppb0 at pci0 dev 1 function 0 &quot;Intel Core 6G PCIE&quot; rev 0x07: msi
pci1 at ppb0 bus 1
ppb1 at pci0 dev 1 function 1 &quot;Intel Core 6G PCIE&quot; rev 0x07: msi
pci2 at ppb1 bus 2
mfii0 at pci2 dev 0 function 0 &quot;Symbios Logic MegaRAID SAS3108&quot; rev 0x02: msi
mfii0: &quot;PERC H730P Adapter&quot;, firmware 25.5.6.0009, 2048MB cache
scsibus1 at mfii0: 64 targets
sd0 at scsibus1 targ 0 lun 0: &lt;DELL, PERC H730P Adp, 4.30&gt; naa.6d0946608b0bb40025099c72237e6e0e
sd0: 2745600MB, 512 bytes/sector, 5622988800 sectors
scsibus2 at mfii0: 256 targets
&quot;Intel Core GMM&quot; rev 0x00 at pci0 dev 8 function 0 not configured
&quot;Intel 300 Series Thermal&quot; rev 0x10 at pci0 dev 18 function 0 not configured
xhci0 at pci0 dev 20 function 0 &quot;Intel 300 Series xHCI&quot; rev 0x10: msi, xHCI 1.10
usb0 at xhci0: USB revision 3.0
uhub0 at usb0 configuration 1 interface 0 &quot;Intel xHCI root hub&quot; rev 3.00/1.00 addr 1
&quot;Intel 300 Series Shared SRAM&quot; rev 0x10 at pci0 dev 20 function 2 not configured
&quot;Intel 300 Series HECI&quot; rev 0x10 at pci0 dev 22 function 0 not configured
&quot;Intel 300 Series HECI&quot; rev 0x10 at pci0 dev 22 function 4 not configured
ahci0 at pci0 dev 23 function 0 &quot;Intel 300 Series AHCI&quot; rev 0x10: msi, AHCI 1.3.1
scsibus3 at ahci0: 32 targets
ppb2 at pci0 dev 28 function 0 &quot;Intel 300 Series PCIE&quot; rev 0xf0: msi
pci3 at ppb2 bus 3
ppb3 at pci3 dev 0 function 0 unknown vendor 0x1556 product 0xbe00 rev 0x02
pci4 at ppb3 bus 4
vendor &quot;Matrox&quot;, unknown product 0x0536 (class display subclass VGA, rev 0x04) at pci4 dev 0 function 0 not configured
ppb4 at pci0 dev 28 function 1 &quot;Intel 300 Series PCIE&quot; rev 0xf0: msi
pci5 at ppb4 bus 5
5:0:0: rom address conflict 0xfffc0000/0x40000
5:0:1: rom address conflict 0xfffc0000/0x40000
bge0 at pci5 dev 0 function 0 &quot;Broadcom BCM5720&quot; rev 0x00, BCM5720 A0 (0x5720000), APE firmware NCSI 1.5.12.0: msi, address xx:xx:xx:xx:xx:xx
brgphy0 at bge0 phy 1: BCM5720C 10/100/1000baseT PHY, rev. 0
bge1 at pci5 dev 0 function 1 &quot;Broadcom BCM5720&quot; rev 0x00, BCM5720 A0 (0x5720000), APE firmware NCSI 1.5.12.0: msi, address xx:xx:xx:xx:xx:xx
brgphy1 at bge1 phy 2: BCM5720C 10/100/1000baseT PHY, rev. 0
vendor &quot;Intel&quot;, unknown product 0xa328 (class communications subclass miscellaneous, rev 0x10) at pci0 dev 30 function 0 not configured
pcib0 at pci0 dev 31 function 0 &quot;Intel C246 LPC&quot; rev 0x10
ichiic0 at pci0 dev 31 function 4 &quot;Intel 300 Series SMBus&quot; rev 0x10: apic 2 int 16
iic0 at ichiic0
&quot;Intel 300 Series SPI&quot; rev 0x10 at pci0 dev 31 function 5 not configured
isa0 at pcib0
isadma0 at isa0
com0 at isa0 port 0x3f8/8 irq 4: ns16550a, 16 byte fifo
com1 at isa0 port 0x2f8/8 irq 3: ns16550a, 16 byte fifo
pcppi0 at isa0 port 0x61
spkr0 at pcppi0
vmm0 at mainbus0: VMX/EPT
efifb0 at mainbus0: 1024x768, 32bpp
wsdisplay0 at efifb0 mux 1: console (std, vt100 emulation)
wsdisplay0: screen 1-5 added (std, vt100 emulation)
uhub1 at uhub0 port 3 configuration 1 interface 0 &quot;vendor 0x1604 product 0x10c0&quot; rev 2.00/0.00 addr 2
uhub2 at uhub1 port 1 configuration 1 interface 0 &quot;vendor 0x1604 product 0x10c0&quot; rev 2.00/0.00 addr 3
uhidev0 at uhub2 port 1 configuration 1 interface 0 &quot;Avocent Keyboard/Mouse Function&quot; rev 2.00/0.00 addr 4
uhidev0: iclass 3/1
ukbd0 at uhidev0: 8 variable keys, 6 key codes
wskbd0 at ukbd0: console keyboard, using wsdisplay0
uhidev1 at uhub2 port 1 configuration 1 interface 1 &quot;Avocent Keyboard/Mouse Function&quot; rev 2.00/0.00 addr 4
uhidev1: iclass 3/1
ums0 at uhidev1: 3 buttons, Z dir
wsmouse0 at ums0 mux 0
uhub3 at uhub1 port 4 configuration 1 interface 0 &quot;vendor 0x1604 product 0x10c0&quot; rev 2.00/0.00 addr 5
vscsi0 at root
scsibus4 at vscsi0: 256 targets
softraid0 at root
scsibus5 at softraid0: 256 targets
root on sd0a (bf50017200c4df58.a) swap on sd0b dump on sd0b
</pre>



</div><!-- content -->
<br />
<div id="footer">
All comments/news/posts are the property of their individual owner and
is presented without warranty of suitability, and solely as an
informational resource. <br />
This site Copyright &copy; 2004-2020 NYC*BUG.
</div><!-- footer -->

</body>
</html>

