



<!doctype html>
<html lang="en">
<head>
<meta name="keywords"
	content="bsd, freebsd, openbsd, netbsd, dragonflybsd, nycbug, dmesgd" />
<meta name="description" content="New York City BSD User Group dmesgd" />
<meta charset="utf-8" />
<meta name="viewport" content="width=device-width, initial-scale=1" />
<title>NYC*BUG dmesgd</title>
<style>
body {
	text-align: left;
	margin: 15px auto;
	padding: 0px 10px;
}
@media (min-width: 800px) {
	body {
		max-width: 85%;
	}
}
#header {
	border-bottom: 1px solid #dbdbdb;
	font-size: 230%;
	text-align: left;
}
#footer {
	border-top: 1px solid #dbdbdb;
	clear: both;
	text-align: left;
}
.logo_bug {
	color: #cc0033;
}
#menu ul {
	list-style-type: none;
	margin: 0;
	padding: 0;
}
#menu li {
	float: left;
}
#menu li a {
	display: block;
	background-color: #dbdbdb;
	color: #000000;
	font-size: 105%;
	font-weight: bold;
	padding: 0px 6px 0px 6px;
	text-decoration: none;
}
#content {
	clear: both;
	text-align: left;
	padding-top: 10px;
}
#content h1 {
	font-size: 120%;
	font-weight: bold;
}
#content h2 {
	font-size: 110%;
	font-weight: bold;
}
#content a {
	text-decoration: none;
}
#content pre {
	background-color: #dbdbdb;
	padding: 5px 5px 5px 5px;
	white-space: pre-wrap;		/* css-3 */
	white-space: -moz-pre-wrap;	/* Mozilla, since 1999 */
	white-space: -pre-wrap;		/* Opera 4-6 */
	white-space: -o-pre-wrap;	/* Opera 7 */
	word-wrap: break-word;		/* Internet Explorer 5.5+ */
}
#content table {
	border-collapse: collapse;
}
#content table th {
	border: 1px solid #dbdbdb;
	font-size: 85%;
	white-space: nowrap;
}
#content table td {
	border: 1px solid #dbdbdb;
	font-size: 80%;
}
#content input {
	font-size: 1em;
}
#content .full	{ width: 100%; }
#content .left	{ text-align: left; }
#content .right	{ text-align: right; }
#content .center { text-align: center; }
#content .flexbox {
	display: -ms-flex;
	display: -webkit-flex;
	display: flex;
	width: 100%;
}
#content .left_col {
	min-width: 75px;
	max-width: 50%;
	flex-grow: 0;
}
#content .right_col {
	flex-grow: 1;
	margin-left: 10px;
	padding-top: 10px;
	padding-left: 10px;
}
#col {
	-moz-column-count: 3;
	-webkit-column-count: 3;
	column-count: 3;
}
</style>
</head>
<body>

<div id="header">
<strong><em>NYC*</em><span class="logo_bug">BUG</span> dmesgd</strong>
</div><!-- header -->

<div id="menu">
<ul>
<li><a href="https://dmesgd.nycbug.org/index.cgi?do=index">Home</a></li>
<li><a href="https://dmesgd.nycbug.org/index.cgi?do=submit">Submit</a></li>
<li><a href="https://www.nycbug.org/">NYC*BUG</a></li>
</ul>
</div><!-- menu -->

<div id="content">

<p>
Launched in 2004, dmesgd aims to provide a
<strong>user-submitted</strong> repository of searchable *BSD dmesgs.
The dmesg(8) command displays the system message buffer's content, and
during boot a copy is saved to <em>/var/run/dmesg.boot</em>.  This buffer
contains the operating system release, name and version, a list of
devices identified, plus a whole host of other useful information.  We
hope others find this resource useful and further contribute to its
growth. Contact us at [ admin at lists dot nycbug dot org ].
</p>

<hr />


<strong>Date:</strong> <em>2019-11-14 02:21:54</em><br />
<strong>From:</strong> <em>afresh1</em><br />
<strong>Description:</strong> <em>OpenBSD 6.6-current (GENERIC) sparc64 on Sun SUNW,UltraAX-i2</em><br />

<pre>
OpenBSD 6.6-current (GENERIC) #118: Tue Nov 12 20:21:10 MST 2019
    xxx@xxx.xxx:/usr/src/sys/arch/sparc64/compile/GENERIC
real mem = 1073741824 (1024MB)
avail mem = 1037631488 (989MB)
mpath0 at root
scsibus0 at mpath0: 256 targets
mainbus0 at root: Sun Fire V100 (UltraSPARC-IIe 500MHz)
cpu0 at mainbus0: SUNW,UltraSPARC-IIe (rev 1.4) @ 500 MHz
cpu0: physical 16K instruction (32 b/l), 16K data (32 b/l), 256K external (64 b/l)
psycho0 at mainbus0: SUNW,sabre, impl 0, version 0, ign 7c0
psycho0: bus range 0-0, PCI bus 0
psycho0: dvma map 60000000-7fffffff
pci0 at psycho0
ebus0 at pci0 dev 7 function 0 &quot;Acer Labs M1533 ISA&quot; rev 0x00
&quot;dma&quot; at ebus0 addr 0-ffff ivec 0x2a not configured
rtc0 at ebus0 addr 70-71: m5819
power0 at ebus0 addr 2000-2007 ivec 0x23
lom0 at ebus0 addr 8010-8011 ivec 0x2a: LOMlite2 rev 3.11
com0 at ebus0 addr 3f8-3ff ivec 0x2b: ns16550a, 16 byte fifo
com0: console
com1 at ebus0 addr 2e8-2ef ivec 0x2b: ns16550a, 16 byte fifo
&quot;flashprom&quot; at ebus0 addr 0-7ffff not configured
alipm0 at pci0 dev 3 function 0 &quot;Acer Labs M7101 Power&quot; rev 0x00: 74KHz clock
iic0 at alipm0
&quot;max1617&quot; at alipm0 addr 0x18 skipped due to alipm0 bugs
spdmem0 at iic0 addr 0x54: 256MB SDRAM registered ECC PC133CL2
spdmem1 at iic0 addr 0x55: 256MB SDRAM registered ECC PC133CL2
spdmem2 at iic0 addr 0x56: 256MB SDRAM registered ECC PC133CL2
spdmem3 at iic0 addr 0x57: 256MB SDRAM registered ECC PC133CL2
dc0 at pci0 dev 12 function 0 &quot;Davicom DM9102&quot; rev 0x31: ivec 0x7c6, address xx:xx:xx:xx:xx:xx
amphy0 at dc0 phy 1: DM9102 10/100 PHY, rev. 0
dc1 at pci0 dev 5 function 0 &quot;Davicom DM9102&quot; rev 0x31: ivec 0x7dc, address xx:xx:xx:xx:xx:xx
amphy1 at dc1 phy 1: DM9102 10/100 PHY, rev. 0
ohci0 at pci0 dev 10 function 0 &quot;Acer Labs M5237 USB&quot; rev 0x03: ivec 0x7e4, version 1.0, legacy support
pciide0 at pci0 dev 13 function 0 &quot;Acer Labs M5229 UDMA IDE&quot; rev 0xc3: DMA, channel 0 configured to native-PCI, channel 1 configured to native-PCI
pciide0: using ivec 0x7cc for native-PCI interrupt
pciide0: channel 0 disabled (no drives)
wd0 at pciide0 channel 1 drive 0: &lt;WDC WD200BB-32CLB0&gt;
wd0: 16-sector PIO, LBA, 19092MB, 39102336 sectors
atapiscsi0 at pciide0 channel 1 drive 1
scsibus1 at atapiscsi0: 2 targets
cd0 at scsibus1 targ 0 lun 0: &lt;TEAC, CD-224E, 1.7A&gt; removable
wd0(pciide0:1:0): using PIO mode 4, Ultra-DMA mode 2
cd0(pciide0:1:1): using PIO mode 4, Ultra-DMA mode 2
usb0 at ohci0: USB revision 1.0
uhub0 at usb0 configuration 1 interface 0 &quot;Acer Labs OHCI root hub&quot; rev 1.00/1.00 addr 1
vscsi0 at root
scsibus2 at vscsi0: 256 targets
softraid0 at root
scsibus3 at softraid0: 256 targets
bootpath: /pci@1f,0/ide@d,0/disk@2,0
root on wd0a (17d6602f0b7b769b.a) swap on wd0b dump on wd0b

</pre>



</div><!-- content -->
<br />
<div id="footer">
All comments/news/posts are the property of their individual owner and
is presented without warranty of suitability, and solely as an
informational resource. <br />
This site Copyright &copy; 2004-2020 NYC*BUG.
</div><!-- footer -->

</body>
</html>

