



<!doctype html>
<html lang="en">
<head>
<meta name="keywords"
	content="bsd, freebsd, openbsd, netbsd, dragonflybsd, nycbug, dmesgd" />
<meta name="description" content="New York City BSD User Group dmesgd" />
<meta charset="utf-8" />
<meta name="viewport" content="width=device-width, initial-scale=1" />
<title>NYC*BUG dmesgd</title>
<style>
body {
	text-align: left;
	margin: 15px auto;
	padding: 0px 10px;
}
@media (min-width: 800px) {
	body {
		max-width: 85%;
	}
}
#header {
	border-bottom: 1px solid #dbdbdb;
	font-size: 230%;
	text-align: left;
}
#footer {
	border-top: 1px solid #dbdbdb;
	clear: both;
	text-align: left;
}
.logo_bug {
	color: #cc0033;
}
#menu ul {
	list-style-type: none;
	margin: 0;
	padding: 0;
}
#menu li {
	float: left;
}
#menu li a {
	display: block;
	background-color: #dbdbdb;
	color: #000000;
	font-size: 105%;
	font-weight: bold;
	padding: 0px 6px 0px 6px;
	text-decoration: none;
}
#content {
	clear: both;
	text-align: left;
	padding-top: 10px;
}
#content h1 {
	font-size: 120%;
	font-weight: bold;
}
#content h2 {
	font-size: 110%;
	font-weight: bold;
}
#content a {
	text-decoration: none;
}
#content pre {
	background-color: #dbdbdb;
	padding: 5px 5px 5px 5px;
	white-space: pre-wrap;		/* css-3 */
	white-space: -moz-pre-wrap;	/* Mozilla, since 1999 */
	white-space: -pre-wrap;		/* Opera 4-6 */
	white-space: -o-pre-wrap;	/* Opera 7 */
	word-wrap: break-word;		/* Internet Explorer 5.5+ */
}
#content table {
	border-collapse: collapse;
}
#content table th {
	border: 1px solid #dbdbdb;
	font-size: 85%;
	white-space: nowrap;
}
#content table td {
	border: 1px solid #dbdbdb;
	font-size: 80%;
}
#content input {
	font-size: 1em;
}
#content .full	{ width: 100%; }
#content .left	{ text-align: left; }
#content .right	{ text-align: right; }
#content .center { text-align: center; }
#content .flexbox {
	display: -ms-flex;
	display: -webkit-flex;
	display: flex;
	width: 100%;
}
#content .left_col {
	min-width: 75px;
	max-width: 50%;
	flex-grow: 0;
}
#content .right_col {
	flex-grow: 1;
	margin-left: 10px;
	padding-top: 10px;
	padding-left: 10px;
}
#col {
	-moz-column-count: 3;
	-webkit-column-count: 3;
	column-count: 3;
}
</style>
</head>
<body>

<div id="header">
<strong><em>NYC*</em><span class="logo_bug">BUG</span> dmesgd</strong>
</div><!-- header -->

<div id="menu">
<ul>
<li><a href="https://dmesgd.nycbug.org/index.cgi?do=index">Home</a></li>
<li><a href="https://dmesgd.nycbug.org/index.cgi?do=submit">Submit</a></li>
<li><a href="https://www.nycbug.org/">NYC*BUG</a></li>
</ul>
</div><!-- menu -->

<div id="content">

<p>
Launched in 2004, dmesgd aims to provide a
<strong>user-submitted</strong> repository of searchable *BSD dmesgs.
The dmesg(8) command displays the system message buffer's content, and
during boot a copy is saved to <em>/var/run/dmesg.boot</em>.  This buffer
contains the operating system release, name and version, a list of
devices identified, plus a whole host of other useful information.  We
hope others find this resource useful and further contribute to its
growth. Contact us at [ admin at lists dot nycbug dot org ].
</p>

<hr />


<strong>Date:</strong> <em>2019-11-21 00:34:22</em><br />
<strong>From:</strong> <em>rgc</em><br />
<strong>Description:</strong> <em>OpenBSD 6.6 (GENERIC.MP) (old) Panasonic CF-J10</em><br />

<pre>
OpenBSD 6.6 (GENERIC) #353: Sat Oct 12 10:45:56 MDT 2019
    xxx@xxx.xxx:/usr/src/sys/arch/amd64/compile/GENERIC
real mem = 6214950912 (5927MB)
avail mem = 6013980672 (5735MB)
mpath0 at root
scsibus0 at mpath0: 256 targets
mainbus0 at root
bios0 at mainbus0: SMBIOS rev. 2.6 @ 0xeb060 (44 entries)
bios0: vendor American Megatrends Inc. version &quot;V2.00L10&quot; date 12/27/2010
bios0: Panasonic Corporation CF-J10QYBHR
acpi0 at bios0: ACPI 4.0
acpi0: sleep states S0 S3 S4 S5
acpi0: tables DSDT FACP APIC MCFG HPET ASF! SLIC SSDT SSDT SSDT SSDT SSDT SSDT
acpi0: wakeup devices P0P2(S4) PEGP(S4) P0P1(S4) EHC1(S3) HDEF(S3) RP01(S4) PXSX(S4) RP05(S4) PXSX(S4) RP07(S4) PXSX(S4) RP08(S4) PXSX(S4) PEG3(S4) PEG4(S4) PEG5(S4) [...]
acpitimer0 at acpi0: 3579545 Hz, 24 bits
acpimadt0 at acpi0 addr 0xfee00000: PC-AT compat
cpu0 at mainbus0: apid 0 (boot processor)
cpu0: Intel(R) Core(TM) i5 CPU M 480 @ 2.67GHz, 2926.49 MHz, 06-25-05
cpu0: FPU,VME,DE,PSE,TSC,MSR,PAE,MCE,CX8,APIC,SEP,MTRR,PGE,MCA,CMOV,PAT,PSE36,CFLUSH,DS,ACPI,MMX,FXSR,SSE,SSE2,SS,HTT,TM,PBE,SSE3,DTES64,MWAIT,DS-CPL,VMX,EST,TM2,SSSE3,CX16,xTPR,PDCM,PCID,SSE4.1,SSE4.2,POPCNT,NXE,RDTSCP,LONG,LAHF,PERF,ITSC,IBRS,IBPB,STIBP,L1DF,SSBD,SENSOR,ARAT,MELTDOWN
cpu0: 256KB 64b/line 8-way L2 cache
cpu0: smt 0, core 0, package 0
mtrr: Pentium Pro MTRR support, 8 var ranges, 88 fixed ranges
cpu0: apic clock running at 132MHz
cpu0: mwait min=64, max=64, C-substates=0.2.1.1, IBE
ioapic0 at mainbus0: apid 2 pa 0xfec00000, version 20, 24 pins
acpimcfg0 at acpi0
acpimcfg0: addr 0xf8000000, bus 0-63
acpihpet0 at acpi0: 14318179 Hz
acpiprt0 at acpi0: bus 0 (PCI0)
acpiprt1 at acpi0: bus -1 (P0P2)
acpiprt2 at acpi0: bus 13 (P0P1)
acpiprt3 at acpi0: bus 1 (RP01)
acpiprt4 at acpi0: bus -1 (RP05)
acpiprt5 at acpi0: bus -1 (RP07)
acpiprt6 at acpi0: bus -1 (RP08)
acpiprt7 at acpi0: bus -1 (PEG3)
acpiprt8 at acpi0: bus -1 (PEG5)
acpiprt9 at acpi0: bus 10 (RP03)
acpiprt10 at acpi0: bus 11 (RP04)
acpiprt11 at acpi0: bus 2 (RP02)
acpiprt12 at acpi0: bus 12 (RP06)
acpiec0 at acpi0
acpicpu0 at acpi0: C2(350@245 mwait.3@0x20), C1(1000@3 mwait.1), PSS
acpitz0 at acpi0: critical temperature is 106 degC
acpitz1 at acpi0: critical temperature is 130 degC
acpipci0 at acpi0 PCI0: 0x00000000 0x00000011 0x00000001
acpicmos0 at acpi0
acpipci1 at acpi0 CPBG: _OSC failed
&quot;MAT0021&quot; at acpi0 not configured
&quot;MAT0019&quot; at acpi0 not configured
acpiac0 at acpi0: AC unit online
acpibat0 at acpi0: BAT1 not present
acpibtn0 at acpi0: LID_
acpibtn1 at acpi0: PWRB
acpivideo0 at acpi0: GFX0
acpivout0 at acpivideo0: DD02
cpu0: using IvyBridge MDS workaround
cpu0: Enhanced SpeedStep 2926 MHz: speeds: 2667, 2666, 2533, 2399, 2266, 2133, 1999, 1866, 1733, 1599, 1466, 1333, 1199 MHz
pci0 at mainbus0 bus 0
pchb0 at pci0 dev 0 function 0 &quot;Intel Core Host&quot; rev 0x02
inteldrm0 at pci0 dev 2 function 0 &quot;Intel HD Graphics&quot; rev 0x02
drm0 at inteldrm0
intagp0 at inteldrm0
agp0 at intagp0: aperture at 0xe0000000, size 0x10000000
inteldrm0: msi
&quot;Intel 3400 MEI&quot; rev 0x06 at pci0 dev 22 function 0 not configured
ehci0 at pci0 dev 26 function 0 &quot;Intel 3400 USB&quot; rev 0x06: apic 2 int 16
usb0 at ehci0: USB revision 2.0
uhub0 at usb0 configuration 1 interface 0 &quot;Intel EHCI root hub&quot; rev 2.00/1.00 addr 1
azalia0 at pci0 dev 27 function 0 &quot;Intel 3400 HD Audio&quot; rev 0x06: msi
azalia0: codecs: Realtek ALC269, Intel/0x2804, using Realtek ALC269
audio0 at azalia0
ppb0 at pci0 dev 28 function 0 &quot;Intel 3400 PCIE&quot; rev 0x06: msi
pci1 at ppb0 bus 1
ppb1 at pci0 dev 28 function 1 &quot;Intel 3400 PCIE&quot; rev 0x06: msi
pci2 at ppb1 bus 2
ppb2 at pci0 dev 28 function 2 &quot;Intel 3400 PCIE&quot; rev 0x06: msi
pci3 at ppb2 bus 10
iwn0 at pci3 dev 0 function 0 &quot;Intel Centrino Advanced-N 6250&quot; rev 0x5e: msi, MIMO 1T2R, MoW, address xx:xx:xx:xx:xx:xx
ppb3 at pci0 dev 28 function 3 &quot;Intel 3400 PCIE&quot; rev 0x06: msi
pci4 at ppb3 bus 11
rtsx0 at pci4 dev 0 function 0 &quot;Realtek RTS5209 Card Reader&quot; rev 0x01: msi
sdmmc0 at rtsx0: 4-bit, dma
&quot;Realtek RTS5209 Card Reader&quot; rev 0x01 at pci4 dev 0 function 1 not configured
ppb4 at pci0 dev 28 function 5 &quot;Intel 3400 PCIE&quot; rev 0x06: msi
pci5 at ppb4 bus 12
re0 at pci5 dev 0 function 0 &quot;Realtek 8168&quot; rev 0x06: RTL8168E/8111E (0x2c00), msi, address xx:xx:xx:xx:xx:xx
rgephy0 at re0 phy 7: RTL8169S/8110S/8211 PHY, rev. 4
ehci1 at pci0 dev 29 function 0 &quot;Intel 3400 USB&quot; rev 0x06: apic 2 int 23
usb1 at ehci1: USB revision 2.0
uhub1 at usb1 configuration 1 interface 0 &quot;Intel EHCI root hub&quot; rev 2.00/1.00 addr 1
ppb5 at pci0 dev 30 function 0 &quot;Intel 82801BAM Hub-to-PCI&quot; rev 0xa6
pci6 at ppb5 bus 13
pcib0 at pci0 dev 31 function 0 &quot;Intel HM55 LPC&quot; rev 0x06
ahci0 at pci0 dev 31 function 2 &quot;Intel 3400 AHCI&quot; rev 0x06: msi, AHCI 1.3
ahci0: port 0: 3.0Gb/s
scsibus1 at ahci0: 32 targets
sd0 at scsibus1 targ 0 lun 0: &lt;ATA, TOSHIBA THNSNC12, CJPA&gt; t10.ATA_TOSHIBA_THNSNC128GNSJ_90OS10RRTH8Z
sd0: 122104MB, 512 bytes/sector, 250069680 sectors, thin
ichiic0 at pci0 dev 31 function 3 &quot;Intel 3400 SMBus&quot; rev 0x06: apic 2 int 18
iic0 at ichiic0
spdmem0 at iic0 addr 0x50: 2GB DDR3 SDRAM PC3-10600 SO-DIMM
spdmem1 at iic0 addr 0x52: 4GB DDR3 SDRAM PC3-12800 SO-DIMM
itherm0 at pci0 dev 31 function 6 &quot;Intel 3400 Thermal&quot; rev 0x06
isa0 at pcib0
isadma0 at isa0
pckbc0 at isa0 port 0x60/5 irq 1 irq 12
pckbd0 at pckbc0 (kbd slot)
wskbd0 at pckbd0: console keyboard
pms0 at pckbc0 (aux slot)
wsmouse0 at pms0 mux 0
pms0: Synaptics touchpad, firmware 6.2, 0x39a0b2 0x200000
pcppi0 at isa0 port 0x61
spkr0 at pcppi0
pci7 at mainbus0 bus 63
pchb1 at pci7 dev 0 function 0 &quot;Intel QuickPath&quot; rev 0x02
pchb2 at pci7 dev 0 function 1 &quot;Intel QuickPath&quot; rev 0x02
pchb3 at pci7 dev 2 function 0 &quot;Intel QPI Link&quot; rev 0x02
pchb4 at pci7 dev 2 function 1 &quot;Intel QPI Physical&quot; rev 0x02
pchb5 at pci7 dev 2 function 2 &quot;Intel Reserved&quot; rev 0x02
pchb6 at pci7 dev 2 function 3 &quot;Intel Reserved&quot; rev 0x02
vmm0 at mainbus0: VMX/EPT
uhub2 at uhub0 port 1 configuration 1 interface 0 &quot;Intel Rate Matching Hub&quot; rev 2.00/0.00 addr 2
ugen0 at uhub2 port 2 &quot;Intel(R) Corporation Intel(R) Centrino(R) Advanced-N + WiMAX 6250&quot; rev 2.00/0.00 addr 3
uhub3 at uhub1 port 1 configuration 1 interface 0 &quot;Intel Rate Matching Hub&quot; rev 2.00/0.00 addr 2
vscsi0 at root
scsibus2 at vscsi0: 256 targets
softraid0 at root
scsibus3 at softraid0: 256 targets
root on sd0a (59be2409a8ecf250.a) swap on sd0b dump on sd0b
inteldrm0: 1366x768, 32bpp
wsdisplay0 at inteldrm0 mux 1: console (std, vt100 emulation), using wskbd0
wsdisplay0: screen 1-5 added (std, vt100 emulation)
ugen0 detached
uhub2 detached
uhub0 detached
uhub3 detached
uhub1 detached
uhub0 at usb0 configuration 1 interface 0 &quot;Intel EHCI root hub&quot; rev 2.00/1.00 addr 1
uhub1 at usb1 configuration 1 interface 0 &quot;Intel EHCI root hub&quot; rev 2.00/1.00 addr 1
uhub2 at uhub0 port 1 configuration 1 interface 0 &quot;Intel Rate Matching Hub&quot; rev 2.00/0.00 addr 2
ugen0 at uhub2 port 2 &quot;Intel(R) Corporation Intel(R) Centrino(R) Advanced-N + WiMAX 6250&quot; rev 2.00/0.00 addr 3
uhub3 at uhub1 port 1 configuration 1 interface 0 &quot;Intel Rate Matching Hub&quot; rev 2.00/0.00 addr 2
scsibus4 at sdmmc0: 2 targets, initiator 0
sd1 at scsibus4 targ 1 lun 0: &lt;SD/MMC, SU04G, 0080&gt; removable
sd1: 3781MB, 512 bytes/sector, 7744512 sectors
syncing disks...

OpenBSD 6.6 (GENERIC) #2: Fri Nov 15 15:46:15 MST 2019
    xxx@xxx.xxx:/usr/src/sys/arch/amd64/compile/GENERIC
real mem = 6214950912 (5927MB)
avail mem = 6013972480 (5735MB)
mpath0 at root
scsibus0 at mpath0: 256 targets
mainbus0 at root
bios0 at mainbus0: SMBIOS rev. 2.6 @ 0xeb060 (44 entries)
bios0: vendor American Megatrends Inc. version &quot;V2.00L10&quot; date 12/27/2010
bios0: Panasonic Corporation CF-J10QYBHR
acpi0 at bios0: ACPI 4.0
acpi0: sleep states S0 S3 S4 S5
acpi0: tables DSDT FACP APIC MCFG HPET ASF! SLIC SSDT SSDT SSDT SSDT SSDT SSDT
acpi0: wakeup devices P0P2(S4) PEGP(S4) P0P1(S4) EHC1(S3) HDEF(S3) RP01(S4) PXSX(S4) RP05(S4) PXSX(S4) RP07(S4) PXSX(S4) RP08(S4) PXSX(S4) PEG3(S4) PEG4(S4) PEG5(S4) [...]
acpitimer0 at acpi0: 3579545 Hz, 24 bits
acpimadt0 at acpi0 addr 0xfee00000: PC-AT compat
cpu0 at mainbus0: apid 0 (boot processor)
cpu0: Intel(R) Core(TM) i5 CPU M 480 @ 2.67GHz, 2926.51 MHz, 06-25-05
cpu0: FPU,VME,DE,PSE,TSC,MSR,PAE,MCE,CX8,APIC,SEP,MTRR,PGE,MCA,CMOV,PAT,PSE36,CFLUSH,DS,ACPI,MMX,FXSR,SSE,SSE2,SS,HTT,TM,PBE,SSE3,DTES64,MWAIT,DS-CPL,VMX,EST,TM2,SSSE3,CX16,xTPR,PDCM,PCID,SSE4.1,SSE4.2,POPCNT,NXE,RDTSCP,LONG,LAHF,PERF,ITSC,IBRS,IBPB,STIBP,L1DF,SSBD,SENSOR,ARAT,MELTDOWN
cpu0: 256KB 64b/line 8-way L2 cache
cpu0: smt 0, core 0, package 0
mtrr: Pentium Pro MTRR support, 8 var ranges, 88 fixed ranges
cpu0: apic clock running at 132MHz
cpu0: mwait min=64, max=64, C-substates=0.2.1.1, IBE
ioapic0 at mainbus0: apid 2 pa 0xfec00000, version 20, 24 pins
acpimcfg0 at acpi0
acpimcfg0: addr 0xf8000000, bus 0-63
acpihpet0 at acpi0: 14318179 Hz
acpiprt0 at acpi0: bus 0 (PCI0)
acpiprt1 at acpi0: bus -1 (P0P2)
acpiprt2 at acpi0: bus 13 (P0P1)
acpiprt3 at acpi0: bus 1 (RP01)
acpiprt4 at acpi0: bus -1 (RP05)
acpiprt5 at acpi0: bus -1 (RP07)
acpiprt6 at acpi0: bus -1 (RP08)
acpiprt7 at acpi0: bus -1 (PEG3)
acpiprt8 at acpi0: bus -1 (PEG5)
acpiprt9 at acpi0: bus 10 (RP03)
acpiprt10 at acpi0: bus 11 (RP04)
acpiprt11 at acpi0: bus 2 (RP02)
acpiprt12 at acpi0: bus 12 (RP06)
acpiec0 at acpi0
acpicpu0 at acpi0: C2(350@245 mwait.3@0x20), C1(1000@3 mwait.1), PSS
acpitz0 at acpi0: critical temperature is 106 degC
acpitz1 at acpi0: critical temperature is 130 degC
acpipci0 at acpi0 PCI0: 0x00000000 0x00000011 0x00000001
acpicmos0 at acpi0
acpipci1 at acpi0 CPBG: _OSC failed
&quot;MAT0021&quot; at acpi0 not configured
&quot;MAT0019&quot; at acpi0 not configured
acpiac0 at acpi0: AC unit online
acpibat0 at acpi0: BAT1 not present
acpibtn0 at acpi0: LID_
acpibtn1 at acpi0: PWRB
acpivideo0 at acpi0: GFX0
acpivout0 at acpivideo0: DD02
cpu0: using IvyBridge MDS workaround
cpu0: Enhanced SpeedStep 2926 MHz: speeds: 2667, 2666, 2533, 2399, 2266, 2133, 1999, 1866, 1733, 1599, 1466, 1333, 1199 MHz
pci0 at mainbus0 bus 0
pchb0 at pci0 dev 0 function 0 &quot;Intel Core Host&quot; rev 0x02
inteldrm0 at pci0 dev 2 function 0 &quot;Intel HD Graphics&quot; rev 0x02
drm0 at inteldrm0
intagp0 at inteldrm0
agp0 at intagp0: aperture at 0xe0000000, size 0x10000000
inteldrm0: msi
&quot;Intel 3400 MEI&quot; rev 0x06 at pci0 dev 22 function 0 not configured
ehci0 at pci0 dev 26 function 0 &quot;Intel 3400 USB&quot; rev 0x06: apic 2 int 16
usb0 at ehci0: USB revision 2.0
uhub0 at usb0 configuration 1 interface 0 &quot;Intel EHCI root hub&quot; rev 2.00/1.00 addr 1
azalia0 at pci0 dev 27 function 0 &quot;Intel 3400 HD Audio&quot; rev 0x06: msi
azalia0: codecs: Realtek ALC269, Intel/0x2804, using Realtek ALC269
audio0 at azalia0
ppb0 at pci0 dev 28 function 0 &quot;Intel 3400 PCIE&quot; rev 0x06: msi
pci1 at ppb0 bus 1
ppb1 at pci0 dev 28 function 1 &quot;Intel 3400 PCIE&quot; rev 0x06: msi
pci2 at ppb1 bus 2
ppb2 at pci0 dev 28 function 2 &quot;Intel 3400 PCIE&quot; rev 0x06: msi
pci3 at ppb2 bus 10
iwn0 at pci3 dev 0 function 0 &quot;Intel Centrino Advanced-N 6250&quot; rev 0x5e: msi, MIMO 1T2R, MoW, address xx:xx:xx:xx:xx:xx
ppb3 at pci0 dev 28 function 3 &quot;Intel 3400 PCIE&quot; rev 0x06: msi
pci4 at ppb3 bus 11
rtsx0 at pci4 dev 0 function 0 &quot;Realtek RTS5209 Card Reader&quot; rev 0x01: msi
sdmmc0 at rtsx0: 4-bit, dma
&quot;Realtek RTS5209 Card Reader&quot; rev 0x01 at pci4 dev 0 function 1 not configured
ppb4 at pci0 dev 28 function 5 &quot;Intel 3400 PCIE&quot; rev 0x06: msi
pci5 at ppb4 bus 12
re0 at pci5 dev 0 function 0 &quot;Realtek 8168&quot; rev 0x06: RTL8168E/8111E (0x2c00), msi, address xx:xx:xx:xx:xx:xx
rgephy0 at re0 phy 7: RTL8169S/8110S/8211 PHY, rev. 4
ehci1 at pci0 dev 29 function 0 &quot;Intel 3400 USB&quot; rev 0x06: apic 2 int 23
usb1 at ehci1: USB revision 2.0
uhub1 at usb1 configuration 1 interface 0 &quot;Intel EHCI root hub&quot; rev 2.00/1.00 addr 1
ppb5 at pci0 dev 30 function 0 &quot;Intel 82801BAM Hub-to-PCI&quot; rev 0xa6
pci6 at ppb5 bus 13
pcib0 at pci0 dev 31 function 0 &quot;Intel HM55 LPC&quot; rev 0x06
ahci0 at pci0 dev 31 function 2 &quot;Intel 3400 AHCI&quot; rev 0x06: msi, AHCI 1.3
ahci0: port 0: 3.0Gb/s
scsibus1 at ahci0: 32 targets
sd0 at scsibus1 targ 0 lun 0: &lt;ATA, TOSHIBA THNSNC12, CJPA&gt; t10.ATA_TOSHIBA_THNSNC128GNSJ_90OS10RRTH8Z
sd0: 122104MB, 512 bytes/sector, 250069680 sectors, thin
ichiic0 at pci0 dev 31 function 3 &quot;Intel 3400 SMBus&quot; rev 0x06: apic 2 int 18
iic0 at ichiic0
spdmem0 at iic0 addr 0x50: 2GB DDR3 SDRAM PC3-10600 SO-DIMM
spdmem1 at iic0 addr 0x52: 4GB DDR3 SDRAM PC3-12800 SO-DIMM
itherm0 at pci0 dev 31 function 6 &quot;Intel 3400 Thermal&quot; rev 0x06
isa0 at pcib0
isadma0 at isa0
pckbc0 at isa0 port 0x60/5 irq 1 irq 12
pckbd0 at pckbc0 (kbd slot)
wskbd0 at pckbd0: console keyboard
pms0 at pckbc0 (aux slot)
wsmouse0 at pms0 mux 0
pms0: Synaptics touchpad, firmware 6.2, 0x39a0b2 0x200000
pcppi0 at isa0 port 0x61
spkr0 at pcppi0
pci7 at mainbus0 bus 63
pchb1 at pci7 dev 0 function 0 &quot;Intel QuickPath&quot; rev 0x02
pchb2 at pci7 dev 0 function 1 &quot;Intel QuickPath&quot; rev 0x02
pchb3 at pci7 dev 2 function 0 &quot;Intel QPI Link&quot; rev 0x02
pchb4 at pci7 dev 2 function 1 &quot;Intel QPI Physical&quot; rev 0x02
pchb5 at pci7 dev 2 function 2 &quot;Intel Reserved&quot; rev 0x02
pchb6 at pci7 dev 2 function 3 &quot;Intel Reserved&quot; rev 0x02
vmm0 at mainbus0: VMX/EPT
uhub2 at uhub0 port 1 configuration 1 interface 0 &quot;Intel Rate Matching Hub&quot; rev 2.00/0.00 addr 2
ugen0 at uhub2 port 2 &quot;Intel(R) Corporation Intel(R) Centrino(R) Advanced-N + WiMAX 6250&quot; rev 2.00/0.00 addr 3
uhub3 at uhub1 port 1 configuration 1 interface 0 &quot;Intel Rate Matching Hub&quot; rev 2.00/0.00 addr 2
scsibus2 at sdmmc0: 2 targets, initiator 0
sd1 at scsibus2 targ 1 lun 0: &lt;SD/MMC, SU04G, 0080&gt; removable
sd1: 3781MB, 512 bytes/sector, 7744512 sectors
vscsi0 at root
scsibus3 at vscsi0: 256 targets
softraid0 at root
scsibus4 at softraid0: 256 targets
root on sd0a (59be2409a8ecf250.a) swap on sd0b dump on sd0b
inteldrm0: 1366x768, 32bpp
wsdisplay0 at inteldrm0 mux 1: console (std, vt100 emulation), using wskbd0
wsdisplay0: screen 1-5 added (std, vt100 emulation)

hw.sensors.cpu0.temp0=42.00 degC
hw.sensors.acpitz0.temp0=47.00 degC (zone temperature)
hw.sensors.acpitz1.temp0=47.00 degC (zone temperature)
hw.sensors.acpiac0.indicator0=On (power supply)
hw.sensors.acpibtn0.indicator0=On (lid open)
hw.sensors.itherm0.temp1=42.04 degC (Core 1)
hw.sensors.itherm0.temp4=47.00 degC (CPU/GPU Max temp)
hw.sensors.itherm0.temp9=47.00 degC (GPU/Memory controller abs.)
hw.sensors.itherm0.temp10=59.00 degC (PCH abs.)
hw.sensors.itherm0.power0=3.00 W (CPU power consumption)

</pre>



</div><!-- content -->
<br />
<div id="footer">
All comments/news/posts are the property of their individual owner and
is presented without warranty of suitability, and solely as an
informational resource. <br />
This site Copyright &copy; 2004-2020 NYC*BUG.
</div><!-- footer -->

</body>
</html>

