



<!doctype html>
<html lang="en">
<head>
<meta name="keywords"
	content="bsd, freebsd, openbsd, netbsd, dragonflybsd, nycbug, dmesgd" />
<meta name="description" content="New York City BSD User Group dmesgd" />
<meta charset="utf-8" />
<meta name="viewport" content="width=device-width, initial-scale=1" />
<title>NYC*BUG dmesgd</title>
<style>
body {
	text-align: left;
	margin: 15px auto;
	padding: 0px 10px;
}
@media (min-width: 800px) {
	body {
		max-width: 85%;
	}
}
#header {
	border-bottom: 1px solid #dbdbdb;
	font-size: 230%;
	text-align: left;
}
#footer {
	border-top: 1px solid #dbdbdb;
	clear: both;
	text-align: left;
}
.logo_bug {
	color: #cc0033;
}
#menu ul {
	list-style-type: none;
	margin: 0;
	padding: 0;
}
#menu li {
	float: left;
}
#menu li a {
	display: block;
	background-color: #dbdbdb;
	color: #000000;
	font-size: 105%;
	font-weight: bold;
	padding: 0px 6px 0px 6px;
	text-decoration: none;
}
#content {
	clear: both;
	text-align: left;
	padding-top: 10px;
}
#content h1 {
	font-size: 120%;
	font-weight: bold;
}
#content h2 {
	font-size: 110%;
	font-weight: bold;
}
#content a {
	text-decoration: none;
}
#content pre {
	background-color: #dbdbdb;
	padding: 5px 5px 5px 5px;
	white-space: pre-wrap;		/* css-3 */
	white-space: -moz-pre-wrap;	/* Mozilla, since 1999 */
	white-space: -pre-wrap;		/* Opera 4-6 */
	white-space: -o-pre-wrap;	/* Opera 7 */
	word-wrap: break-word;		/* Internet Explorer 5.5+ */
}
#content table {
	border-collapse: collapse;
}
#content table th {
	border: 1px solid #dbdbdb;
	font-size: 85%;
	white-space: nowrap;
}
#content table td {
	border: 1px solid #dbdbdb;
	font-size: 80%;
}
#content input {
	font-size: 1em;
}
#content .full	{ width: 100%; }
#content .left	{ text-align: left; }
#content .right	{ text-align: right; }
#content .center { text-align: center; }
#content .flexbox {
	display: -ms-flex;
	display: -webkit-flex;
	display: flex;
	width: 100%;
}
#content .left_col {
	min-width: 75px;
	max-width: 50%;
	flex-grow: 0;
}
#content .right_col {
	flex-grow: 1;
	margin-left: 10px;
	padding-top: 10px;
	padding-left: 10px;
}
#col {
	-moz-column-count: 3;
	-webkit-column-count: 3;
	column-count: 3;
}
</style>
</head>
<body>

<div id="header">
<strong><em>NYC*</em><span class="logo_bug">BUG</span> dmesgd</strong>
</div><!-- header -->

<div id="menu">
<ul>
<li><a href="https://dmesgd.nycbug.org/index.cgi?do=index">Home</a></li>
<li><a href="https://dmesgd.nycbug.org/index.cgi?do=submit">Submit</a></li>
<li><a href="https://www.nycbug.org/">NYC*BUG</a></li>
</ul>
</div><!-- menu -->

<div id="content">

<p>
Launched in 2004, dmesgd aims to provide a
<strong>user-submitted</strong> repository of searchable *BSD dmesgs.
The dmesg(8) command displays the system message buffer's content, and
during boot a copy is saved to <em>/var/run/dmesg.boot</em>.  This buffer
contains the operating system release, name and version, a list of
devices identified, plus a whole host of other useful information.  We
hope others find this resource useful and further contribute to its
growth. Contact us at [ admin at lists dot nycbug dot org ].
</p>

<hr />


<strong>Date:</strong> <em>2019-11-28 15:43:21</em><br />
<strong>From:</strong> <em>ryanm</em><br />
<strong>Description:</strong> <em>Panasonic Toughbook CF-31 OpenBSD 6.6</em><br />

<pre>
OpenBSD 6.6 (GENERIC.MP) #3: Thu Nov 21 03:20:01 MST 2019
    xxx@xxx.xxx:/usr/src/sys/arch/amd64/compile/GENERIC.MP
real mem = 8362336256 (7974MB)
avail mem = 8096186368 (7721MB)
mpath0 at root
scsibus0 at mpath0: 256 targets
mainbus0 at root
bios0 at mainbus0: SMBIOS rev. 2.6 @ 0xe9420 (51 entries)
bios0: vendor American Megatrends Inc. version &quot;V1.00L11&quot; date 02/24/2010
bios0: Panasonic Corporation CF-31ACB7FPM
acpi0 at bios0: ACPI 4.0
acpi0: sleep states S0 S3 S4 S5
acpi0: tables DSDT FACP APIC MCFG HPET ASF! SLIC SSDT SSDT SSDT TCPA SSDT
acpi0: wakeup devices P0P2(S4) EHC1(S3) EHC2(S3) HDEF(S3) RP01(S4) PXSX(S4) RP05(S4) PXSX(S4) RP07(S4) PXSX(S4) RP08(S4) PXSX(S4) GLAN(S4) PEG3(S4) PEG4(S4) PEG5(S4) [...]
acpitimer0 at acpi0: 3579545 Hz, 24 bits
acpimadt0 at acpi0 addr 0xfee00000: PC-AT compat
cpu0 at mainbus0: apid 0 (boot processor)
cpu0: Intel(R) Core(TM) i5 CPU M 520 @ 2.40GHz, 2926.45 MHz, 06-25-02
cpu0: FPU,VME,DE,PSE,TSC,MSR,PAE,MCE,CX8,APIC,SEP,MTRR,PGE,MCA,CMOV,PAT,PSE36,CFLUSH,DS,ACPI,MMX,FXSR,SSE,SSE2,SS,HTT,TM,PBE,SSE3,PCLMUL,DTES64,MWAIT,DS-CPL,VMX,SMX,EST,TM2,SSSE3,CX16,xTPR,PDCM,SSE4.1,SSE4.2,POPCNT,AES,NXE,RDTSCP,LONG,LAHF,PERF,ITSC,IBRS,IBPB,STIBP,L1DF,SSBD,SENSOR,ARAT,MELTDOWN
cpu0: 256KB 64b/line 8-way L2 cache
cpu0: smt 0, core 0, package 0
mtrr: Pentium Pro MTRR support, 8 var ranges, 88 fixed ranges
cpu0: apic clock running at 132MHz
cpu0: mwait min=64, max=64, C-substates=0.2.1.1, IBE
cpu1 at mainbus0: apid 4 (application processor)
cpu1: Intel(R) Core(TM) i5 CPU M 520 @ 2.40GHz, 2660.02 MHz, 06-25-02
cpu1: FPU,VME,DE,PSE,TSC,MSR,PAE,MCE,CX8,APIC,SEP,MTRR,PGE,MCA,CMOV,PAT,PSE36,CFLUSH,DS,ACPI,MMX,FXSR,SSE,SSE2,SS,HTT,TM,PBE,SSE3,PCLMUL,DTES64,MWAIT,DS-CPL,VMX,SMX,EST,TM2,SSSE3,CX16,xTPR,PDCM,SSE4.1,SSE4.2,POPCNT,AES,NXE,RDTSCP,LONG,LAHF,PERF,ITSC,IBRS,IBPB,STIBP,L1DF,SSBD,SENSOR,ARAT,MELTDOWN
cpu1: 256KB 64b/line 8-way L2 cache
cpu1: smt 0, core 2, package 0
cpu2 at mainbus0: apid 1 (application processor)
cpu2: Intel(R) Core(TM) i5 CPU M 520 @ 2.40GHz, 2660.01 MHz, 06-25-02
cpu2: FPU,VME,DE,PSE,TSC,MSR,PAE,MCE,CX8,APIC,SEP,MTRR,PGE,MCA,CMOV,PAT,PSE36,CFLUSH,DS,ACPI,MMX,FXSR,SSE,SSE2,SS,HTT,TM,PBE,SSE3,PCLMUL,DTES64,MWAIT,DS-CPL,VMX,SMX,EST,TM2,SSSE3,CX16,xTPR,PDCM,SSE4.1,SSE4.2,POPCNT,AES,NXE,RDTSCP,LONG,LAHF,PERF,ITSC,IBRS,IBPB,STIBP,L1DF,SSBD,SENSOR,ARAT,MELTDOWN
cpu2: 256KB 64b/line 8-way L2 cache
cpu2: smt 1, core 0, package 0
cpu3 at mainbus0: apid 5 (application processor)
cpu3: Intel(R) Core(TM) i5 CPU M 520 @ 2.40GHz, 2660.01 MHz, 06-25-02
cpu3: FPU,VME,DE,PSE,TSC,MSR,PAE,MCE,CX8,APIC,SEP,MTRR,PGE,MCA,CMOV,PAT,PSE36,CFLUSH,DS,ACPI,MMX,FXSR,SSE,SSE2,SS,HTT,TM,PBE,SSE3,PCLMUL,DTES64,MWAIT,DS-CPL,VMX,SMX,EST,TM2,SSSE3,CX16,xTPR,PDCM,SSE4.1,SSE4.2,POPCNT,AES,NXE,RDTSCP,LONG,LAHF,PERF,ITSC,IBRS,IBPB,STIBP,L1DF,SSBD,SENSOR,ARAT,MELTDOWN
cpu3: 256KB 64b/line 8-way L2 cache
cpu3: smt 1, core 2, package 0
ioapic0 at mainbus0: apid 2 pa 0xfec00000, version 20, 24 pins
acpimcfg0 at acpi0
acpimcfg0: addr 0xf8000000, bus 0-63
acpihpet0 at acpi0: 14318179 Hz
acpiprt0 at acpi0: bus 0 (PCI0)
acpiprt1 at acpi0: bus -1 (P0P2)
acpiprt2 at acpi0: bus 1 (RP01)
acpiprt3 at acpi0: bus -1 (RP05)
acpiprt4 at acpi0: bus -1 (RP07)
acpiprt5 at acpi0: bus -1 (RP08)
acpiprt6 at acpi0: bus -1 (PEG3)
acpiprt7 at acpi0: bus -1 (PEG5)
acpiprt8 at acpi0: bus 10 (RP03)
acpiprt9 at acpi0: bus -1 (RP04)
acpiprt10 at acpi0: bus 2 (RP02)
acpiprt11 at acpi0: bus 11 (BR10)
acpiec0 at acpi0
acpicpu0 at acpi0: C3(350@245 mwait.3@0x20), C2(500@205 mwait.3@0x10), C1(1000@3 mwait.1), PSS
acpicpu1 at acpi0: C3(350@245 mwait.3@0x20), C2(500@205 mwait.3@0x10), C1(1000@3 mwait.1), PSS
acpicpu2 at acpi0: C3(350@245 mwait.3@0x20), C2(500@205 mwait.3@0x10), C1(1000@3 mwait.1), PSS
acpicpu3 at acpi0: C3(350@245 mwait.3@0x20), C2(500@205 mwait.3@0x10), C1(1000@3 mwait.1), PSS
acpitz0 at acpi0: critical temperature is 115 degC
acpitz1 at acpi0: critical temperature is 130 degC
acpipci0 at acpi0 PCI0: 0x00000000 0x00000011 0x00000001
acpicmos0 at acpi0
tpm0 at acpi0: TPM_ addr 0xfed40000/0x5000, Infineon SLB9635 1.2 rev 0x10
acpipci1 at acpi0 CPBG: _OSC failed
&quot;MAT0021&quot; at acpi0 not configured
&quot;MAT0019&quot; at acpi0 not configured
acpiac0 at acpi0: AC unit offline
acpibat0 at acpi0: BAT1 model &quot;CF-VZSU46&quot; serial 00016 type LION oem &quot;Panasonic&quot;
acpibtn0 at acpi0: LID_
acpibtn1 at acpi0: PWRB
acpivideo0 at acpi0: PEGP
acpivideo1 at acpi0: GFX0
acpivout0 at acpivideo1: DD02
cpu0: using IvyBridge MDS workaround
cpu0: Enhanced SpeedStep 2926 MHz: speeds: 2400, 2399, 2266, 2133, 1999, 1866, 1733, 1599, 1466, 1333, 1199 MHz
pci0 at mainbus0 bus 0
pchb0 at pci0 dev 0 function 0 &quot;Intel Core Host&quot; rev 0x12
inteldrm0 at pci0 dev 2 function 0 &quot;Intel HD Graphics&quot; rev 0x12
drm0 at inteldrm0
intagp0 at inteldrm0
agp0 at intagp0: aperture at 0xd0000000, size 0x10000000
inteldrm0: msi
em0 at pci0 dev 25 function 0 &quot;Intel 82577LM&quot; rev 0x06: msi, address xx:xx:xx:xx:xx:xx
ehci0 at pci0 dev 26 function 0 &quot;Intel 3400 USB&quot; rev 0x06: apic 2 int 16
usb0 at ehci0: USB revision 2.0
uhub0 at usb0 configuration 1 interface 0 &quot;Intel EHCI root hub&quot; rev 2.00/1.00 addr 1
azalia0 at pci0 dev 27 function 0 &quot;Intel 3400 HD Audio&quot; rev 0x06: msi
azalia0: codecs: Conexant/0x5068, Conexant/0x2c06, Intel/0x2804, using Conexant/0x5068
audio0 at azalia0
ppb0 at pci0 dev 28 function 0 &quot;Intel 3400 PCIE&quot; rev 0x06: msi
pci1 at ppb0 bus 1
ppb1 at pci0 dev 28 function 1 &quot;Intel 3400 PCIE&quot; rev 0x06: msi
pci2 at ppb1 bus 2
ppb2 at pci0 dev 28 function 2 &quot;Intel 3400 PCIE&quot; rev 0x06: msi
pci3 at ppb2 bus 10
iwn0 at pci3 dev 0 function 0 &quot;Intel Centrino Advanced-N 6200&quot; rev 0x35: msi, MIMO 2T2R, MoW, address xx:xx:xx:xx:xx:xx
ehci1 at pci0 dev 29 function 0 &quot;Intel 3400 USB&quot; rev 0x06: apic 2 int 23
usb1 at ehci1: USB revision 2.0
uhub1 at usb1 configuration 1 interface 0 &quot;Intel EHCI root hub&quot; rev 2.00/1.00 addr 1
ppb3 at pci0 dev 30 function 0 &quot;Intel 82801BAM Hub-to-PCI&quot; rev 0xa6
pci4 at ppb3 bus 11
cbb0 at pci4 dev 0 function 0 &quot;Ricoh 5C476 CardBus&quot; rev 0xba: apic 2 int 21
sdhc0 at pci4 dev 0 function 2 &quot;Ricoh 5C822 SD/MMC&quot; rev 0x21: apic 2 int 23
sdhc0: SDHC 1.0, 33 MHz base clock
sdmmc0 at sdhc0: 4-bit, sd high-speed, mmc high-speed
cardslot0 at cbb0 slot 0 flags 0
cardbus0 at cardslot0: bus 12 device 0 cacheline 0x0, lattimer 0x20
pcmcia0 at cardslot0
pcib0 at pci0 dev 31 function 0 &quot;Intel QM57 LPC&quot; rev 0x06
pciide0 at pci0 dev 31 function 2 &quot;Intel 3400 SATA&quot; rev 0x06: DMA, channel 0 configured to native-PCI, channel 1 configured to native-PCI
pciide0: using apic 2 int 19 for native-PCI interrupt
wd0 at pciide0 channel 0 drive 0: &lt;ST320LT007-9ZV142&gt;
wd0: 16-sector PIO, LBA48, 305245MB, 625142448 sectors
wd0(pciide0:0:0): using PIO mode 4, Ultra-DMA mode 6
atapiscsi0 at pciide0 channel 1 drive 0
scsibus1 at atapiscsi0: 2 targets
cd0 at scsibus1 targ 0 lun 0: &lt;TEAC, DV-W28S-V, B.0A&gt; removable
cd0(pciide0:1:0): using PIO mode 4, Ultra-DMA mode 5
ichiic0 at pci0 dev 31 function 3 &quot;Intel 3400 SMBus&quot; rev 0x06: apic 2 int 18
iic0 at ichiic0
spdmem0 at iic0 addr 0x50: 4GB DDR3 SDRAM PC3-10600 SO-DIMM
spdmem1 at iic0 addr 0x52: 4GB DDR3 SDRAM PC3-10600 SO-DIMM
pciide1 at pci0 dev 31 function 5 &quot;Intel 3400 SATA&quot; rev 0x06: DMA, channel 0 wired to native-PCI, channel 1 wired to native-PCI
pciide1: using apic 2 int 19 for native-PCI interrupt
itherm0 at pci0 dev 31 function 6 &quot;Intel 3400 Thermal&quot; rev 0x06
isa0 at pcib0
isadma0 at isa0
com0 at isa0 port 0x3f8/8 irq 4: ns16550a, 16 byte fifo
com1 at isa0 port 0x2f8/8 irq 3: ns16550a, 16 byte fifo
com2 at isa0 port 0x3e8/8 irq 5: ns16550a, 16 byte fifo
pckbc0 at isa0 port 0x60/5 irq 1 irq 12
pckbd0 at pckbc0 (kbd slot)
wskbd0 at pckbd0: console keyboard
pms0 at pckbc0 (aux slot)
wsmouse0 at pms0 mux 0
pcppi0 at isa0 port 0x61
spkr0 at pcppi0
pci5 at mainbus0 bus 63
pchb1 at pci5 dev 0 function 0 &quot;Intel QuickPath&quot; rev 0x02
pchb2 at pci5 dev 0 function 1 &quot;Intel QuickPath&quot; rev 0x02
pchb3 at pci5 dev 2 function 0 &quot;Intel QPI Link&quot; rev 0x02
pchb4 at pci5 dev 2 function 1 &quot;Intel QPI Physical&quot; rev 0x02
pchb5 at pci5 dev 2 function 2 &quot;Intel Reserved&quot; rev 0x02
pchb6 at pci5 dev 2 function 3 &quot;Intel Reserved&quot; rev 0x02
vmm0 at mainbus0: VMX/EPT
uhub2 at uhub0 port 1 configuration 1 interface 0 &quot;Intel Rate Matching Hub&quot; rev 2.00/0.00 addr 2
ugen0 at uhub2 port 1 &quot;UPEK Biometric Coprocessor&quot; rev 1.01/0.02 addr 3
uhidev0 at uhub2 port 2 configuration 1 interface 0 &quot;Fujitsu Component USB Touch Panel&quot; rev 1.10/50.01 addr 4
uhidev0: iclass 3/1
ums0 at uhidev0: 3 buttons, tip, barrel, eraser
wsmouse1 at ums0 mux 0
uhub3 at uhub2 port 4 configuration 1 interface 0 &quot;Standard Microsystems product 0x2512&quot; rev 2.00/a.a0 addr 5
ugen1 at uhub2 port 6 &quot;Qualcomm Incorporated Qualcomm Gobi 2000&quot; rev 2.00/0.02 addr 6
uhub4 at uhub1 port 1 configuration 1 interface 0 &quot;Intel Rate Matching Hub&quot; rev 2.00/0.00 addr 2
ugen2 at uhub4 port 6 &quot;ALPS UGNZA&quot; rev 2.00/52.76 addr 3
vscsi0 at root
scsibus2 at vscsi0: 256 targets
softraid0 at root
scsibus3 at softraid0: 256 targets
sd0 at scsibus3 targ 1 lun 0: &lt;OPENBSD, SR CRYPTO, 006&gt;
sd0: 305242MB, 512 bytes/sector, 625136753 sectors
root on sd0a (f27c706aea62fbdb.a) swap on sd0b dump on sd0b
inteldrm0: 1024x768, 32bpp
wsdisplay0 at inteldrm0 mux 1: console (std, vt100 emulation), using wskbd0
wsdisplay0: screen 1-5 added (std, vt100 emulation)
</pre>



</div><!-- content -->
<br />
<div id="footer">
All comments/news/posts are the property of their individual owner and
is presented without warranty of suitability, and solely as an
informational resource. <br />
This site Copyright &copy; 2004-2020 NYC*BUG.
</div><!-- footer -->

</body>
</html>

