



<!doctype html>
<html lang="en">
<head>
<meta name="keywords"
	content="bsd, freebsd, openbsd, netbsd, dragonflybsd, nycbug, dmesgd" />
<meta name="description" content="New York City BSD User Group dmesgd" />
<meta charset="utf-8" />
<meta name="viewport" content="width=device-width, initial-scale=1" />
<title>NYC*BUG dmesgd</title>
<style>
body {
	text-align: left;
	margin: 15px auto;
	padding: 0px 10px;
}
@media (min-width: 800px) {
	body {
		max-width: 85%;
	}
}
#header {
	border-bottom: 1px solid #dbdbdb;
	font-size: 230%;
	text-align: left;
}
#footer {
	border-top: 1px solid #dbdbdb;
	clear: both;
	text-align: left;
}
.logo_bug {
	color: #cc0033;
}
#menu ul {
	list-style-type: none;
	margin: 0;
	padding: 0;
}
#menu li {
	float: left;
}
#menu li a {
	display: block;
	background-color: #dbdbdb;
	color: #000000;
	font-size: 105%;
	font-weight: bold;
	padding: 0px 6px 0px 6px;
	text-decoration: none;
}
#content {
	clear: both;
	text-align: left;
	padding-top: 10px;
}
#content h1 {
	font-size: 120%;
	font-weight: bold;
}
#content h2 {
	font-size: 110%;
	font-weight: bold;
}
#content a {
	text-decoration: none;
}
#content pre {
	background-color: #dbdbdb;
	padding: 5px 5px 5px 5px;
	white-space: pre-wrap;		/* css-3 */
	white-space: -moz-pre-wrap;	/* Mozilla, since 1999 */
	white-space: -pre-wrap;		/* Opera 4-6 */
	white-space: -o-pre-wrap;	/* Opera 7 */
	word-wrap: break-word;		/* Internet Explorer 5.5+ */
}
#content table {
	border-collapse: collapse;
}
#content table th {
	border: 1px solid #dbdbdb;
	font-size: 85%;
	white-space: nowrap;
}
#content table td {
	border: 1px solid #dbdbdb;
	font-size: 80%;
}
#content input {
	font-size: 1em;
}
#content .full	{ width: 100%; }
#content .left	{ text-align: left; }
#content .right	{ text-align: right; }
#content .center { text-align: center; }
#content .flexbox {
	display: -ms-flex;
	display: -webkit-flex;
	display: flex;
	width: 100%;
}
#content .left_col {
	min-width: 75px;
	max-width: 50%;
	flex-grow: 0;
}
#content .right_col {
	flex-grow: 1;
	margin-left: 10px;
	padding-top: 10px;
	padding-left: 10px;
}
#col {
	-moz-column-count: 3;
	-webkit-column-count: 3;
	column-count: 3;
}
</style>
</head>
<body>

<div id="header">
<strong><em>NYC*</em><span class="logo_bug">BUG</span> dmesgd</strong>
</div><!-- header -->

<div id="menu">
<ul>
<li><a href="https://dmesgd.nycbug.org/index.cgi?do=index">Home</a></li>
<li><a href="https://dmesgd.nycbug.org/index.cgi?do=submit">Submit</a></li>
<li><a href="https://www.nycbug.org/">NYC*BUG</a></li>
</ul>
</div><!-- menu -->

<div id="content">

<p>
Launched in 2004, dmesgd aims to provide a
<strong>user-submitted</strong> repository of searchable *BSD dmesgs.
The dmesg(8) command displays the system message buffer's content, and
during boot a copy is saved to <em>/var/run/dmesg.boot</em>.  This buffer
contains the operating system release, name and version, a list of
devices identified, plus a whole host of other useful information.  We
hope others find this resource useful and further contribute to its
growth. Contact us at [ admin at lists dot nycbug dot org ].
</p>

<hr />


<strong>Date:</strong> <em>2019-12-18 10:31:31</em><br />
<strong>From:</strong> <em>pebwindkraft</em><br />
<strong>Description:</strong> <em>HP ProBook 645 G1, no Broadcom WLAN - as expected</em><br />

<pre>
OpenBSD 6.6 (GENERIC.MP) #3: Thu Nov 21 03:20:01 MST 2019
    xxx@xxx.xxx:/usr/src/sys/arch/amd64/compile/GENERIC.MP
real mem = 3416023040 (3257MB)
avail mem = 3299770368 (3146MB)
mpath0 at root
scsibus0 at mpath0: 256 targets
mainbus0 at root
bios0 at mainbus0: SMBIOS rev. 2.7 @ 0x8e882000 (27 entries)
bios0: vendor Hewlett-Packard version &quot;L72 Ver. 01.21&quot; date 09/16/2014
bios0: Hewlett-Packard HP ProBook 645 G1
acpi0 at bios0: ACPI 5.0
acpi0: sleep states S0 S3 S4 S5
acpi0: tables DSDT FACP HPET APIC MCFG TCPA SLIC FPDT BGRT SSDT SSDT SSDT
acpi0: wakeup devices PCI0(S4) PB4_(S5) NIC_(S5) PB5_(S5) PB9_(S5) PB7_(S5) HDEF(S0) USB0(S3) USB1(S3) USB2(S3) USB4(S3) USB5(S3) USB7(S3) USB8(S3) SPB0(S5) ECF0(S5)
acpitimer0 at acpi0: 3579545 Hz, 32 bits
acpihpet0 at acpi0: 14318180 Hz
acpimadt0 at acpi0 addr 0xfee00000: PC-AT compat
cpu0 at mainbus0: apid 16 (boot processor)
cpu0: AMD A6-4400M APU with Radeon(tm) HD Graphics, 2696.55 MHz, 15-10-01
cpu0: FPU,VME,DE,PSE,TSC,MSR,PAE,MCE,CX8,APIC,SEP,MTRR,PGE,MCA,CMOV,PAT,PSE36,CFLUSH,MMX,FXSR,SSE,SSE2,HTT,SSE3,PCLMUL,MWAIT,SSSE3,FMA3,CX16,SSE4.1,SSE4.2,POPCNT,AES,XSAVE,AVX,F16C,NXE,MMXX,FFXSR,PAGE1GB,RDTSCP,LONG,LAHF,CMPLEG,SVM,EAPICSP,AMCR8,ABM,SSE4A,MASSE,3DNOWP,OSVW,IBS,XOP,SKINIT,WDT,FMA4,TCE,NODEID,TBM,CPCTR,ITSC,BMI1
cpu0: 64KB 64b/line 2-way I-cache, 16KB 64b/line 4-way D-cache, 1MB 64b/line 16-way L2 cache
cpu0: ITLB 48 4KB entries fully associative, 24 4MB entries fully associative
cpu0: DTLB 64 4KB entries fully associative, 64 4MB entries fully associative
cpu0: smt 0, core 0, package 0
mtrr: Pentium Pro MTRR support, 8 var ranges, 88 fixed ranges
cpu0: apic clock running at 99MHz
cpu0: mwait min=64, max=64, IBE
cpu1 at mainbus0: apid 17 (application processor)
cpu1: AMD A6-4400M APU with Radeon(tm) HD Graphics, 2694.98 MHz, 15-10-01
cpu1: FPU,VME,DE,PSE,TSC,MSR,PAE,MCE,CX8,APIC,SEP,MTRR,PGE,MCA,CMOV,PAT,PSE36,CFLUSH,MMX,FXSR,SSE,SSE2,HTT,SSE3,PCLMUL,MWAIT,SSSE3,FMA3,CX16,SSE4.1,SSE4.2,POPCNT,AES,XSAVE,AVX,F16C,NXE,MMXX,FFXSR,PAGE1GB,RDTSCP,LONG,LAHF,CMPLEG,SVM,EAPICSP,AMCR8,ABM,SSE4A,MASSE,3DNOWP,OSVW,IBS,XOP,SKINIT,WDT,FMA4,TCE,NODEID,TBM,CPCTR,ITSC,BMI1
cpu1: 64KB 64b/line 2-way I-cache, 16KB 64b/line 4-way D-cache, 1MB 64b/line 16-way L2 cache
cpu1: ITLB 48 4KB entries fully associative, 24 4MB entries fully associative
cpu1: DTLB 64 4KB entries fully associative, 64 4MB entries fully associative
cpu1: smt 1, core 0, package 0
ioapic0 at mainbus0: apid 4 pa 0xfec00000, version 21, 24 pins, remapped
acpimcfg0 at acpi0
acpimcfg0: addr 0xe0000000, bus 0-255
acpiprt0 at acpi0: bus 0 (PCI0)
acpiprt1 at acpi0: bus -1 (GFX0)
acpiprt2 at acpi0: bus -1 (PEGP)
acpiprt3 at acpi0: bus 1 (PB4_)
acpiprt4 at acpi0: bus 2 (PB5_)
acpiprt5 at acpi0: bus -1 (PB9_)
acpiprt6 at acpi0: bus 3 (PB7_)
acpiprt7 at acpi0: bus -1 (SPB0)
acpiec0 at acpi0
acpicpu0 at acpi0: C2(0@100 io@0x841), C1(@1 halt!), PSS
acpicpu1 at acpi0: C2(0@100 io@0x841), C1(@1 halt!), PSS
acpipwrres0 at acpi0: APPR, resource for HDEF
acpipwrres1 at acpi0: COMP, resource for COM1
acpipwrres2 at acpi0: LPP_, resource for LPT0
acpitz0 at acpi0: critical temperature is 128 degC
acpitz1 at acpi0: critical temperature is 128 degC
acpitz2 at acpi0: critical temperature is 128 degC
acpitz3 at acpi0: critical temperature is 128 degC
acpitz4 at acpi0: critical temperature is 128 degC
&quot;HPQ6001&quot; at acpi0 not configured
acpipci0 at acpi0 PCI0: 0x00000000 0x00000011 0x00000001
&quot;SMB0001&quot; at acpi0 not configured
acpicmos0 at acpi0
&quot;PNP0A06&quot; at acpi0 not configured
&quot;SYN3009&quot; at acpi0 not configured
&quot;HPQ6007&quot; at acpi0 not configured
acpibat0 at acpi0: BAT0 model &quot;Primary&quot; serial 00110 2014/09/22 type LIon oem &quot;Hewlett-Packard&quot;
acpiac0 at acpi0: AC unit online
acpibtn0 at acpi0: SLPB
acpibtn1 at acpi0: LID_
&quot;PNP0C14&quot; at acpi0 not configured
tpm0 at acpi0: GTPM, can't find address
acpivideo0 at acpi0: GFX0
acpivout0 at acpivideo0: LCD_
acpivideo1 at acpi0: DGFX
cpu0: 2696 MHz: speeds: 2700 2400 2000 1700 1400 MHz
pci0 at mainbus0 bus 0
pchb0 at pci0 dev 0 function 0 &quot;AMD AMD64 15/1xh Host&quot; rev 0x00
radeondrm0 at pci0 dev 1 function 0 &quot;ATI Radeon HD 7520G&quot; rev 0x00
drm0 at radeondrm0
radeondrm0: msi
azalia0 at pci0 dev 1 function 1 vendor &quot;ATI&quot;, unknown product 0x9902 rev 0x00: msi
azalia0: no supported codecs
ppb0 at pci0 dev 4 function 0 &quot;AMD AMD64 15/1xh PCIE&quot; rev 0x00: msi
pci1 at ppb0 bus 1
re0 at pci1 dev 0 function 0 &quot;Realtek 8168&quot; rev 0x0c: RTL8168G/8111G (0x4c00), msi, address xx:xx:xx:xx:xx:xx
rgephy0 at re0 phy 7: RTL8251 PHY, rev. 0
ppb1 at pci0 dev 5 function 0 &quot;AMD AMD64 15/1xh PCIE&quot; rev 0x00: msi
pci2 at ppb1 bus 2
rtsx0 at pci2 dev 0 function 0 &quot;Realtek RTS5227 Card Reader&quot; rev 0x01: msi
sdmmc0 at rtsx0: 4-bit, dma
ppb2 at pci0 dev 7 function 0 &quot;AMD AMD64 15/1xh PCIE&quot; rev 0x00: msi
pci3 at ppb2 bus 3
vendor &quot;Broadcom&quot;, unknown product 0x4359 (class network subclass miscellaneous, rev 0x00) at pci3 dev 0 function 0 not configured
xhci0 at pci0 dev 16 function 0 &quot;AMD Bolton xHCI&quot; rev 0x09: msi, xHCI 1.0
usb0 at xhci0: USB revision 3.0
uhub0 at usb0 configuration 1 interface 0 &quot;AMD xHCI root hub&quot; rev 3.00/1.00 addr 1
xhci1 at pci0 dev 16 function 1 &quot;AMD Bolton xHCI&quot; rev 0x09: msi, xHCI 1.0
usb1 at xhci1: USB revision 3.0
uhub1 at usb1 configuration 1 interface 0 &quot;AMD xHCI root hub&quot; rev 3.00/1.00 addr 1
ahci0 at pci0 dev 17 function 0 &quot;AMD Hudson-2 SATA&quot; rev 0x40: msi, AHCI 1.3
ahci0: port 0: 3.0Gb/s
ahci0: port 1: 1.5Gb/s
scsibus1 at ahci0: 32 targets
sd0 at scsibus1 targ 0 lun 0: &lt;ATA, WDC WD10JPVT-22A, 01.0&gt; naa.50014ee602ccb9bf
sd0: 953869MB, 512 bytes/sector, 1953525168 sectors
cd0 at scsibus1 targ 1 lun 0: &lt;hp, DVDRW SU208FB, HH01&gt; removable
ohci0 at pci0 dev 18 function 0 &quot;AMD Hudson-2 USB&quot; rev 0x11: apic 4 int 18, version 1.0, legacy support
ehci0 at pci0 dev 18 function 2 &quot;AMD Hudson-2 USB2&quot; rev 0x11: apic 4 int 17
usb2 at ehci0: USB revision 2.0
uhub2 at usb2 configuration 1 interface 0 &quot;AMD EHCI root hub&quot; rev 2.00/1.00 addr 1
ohci1 at pci0 dev 19 function 0 &quot;AMD Hudson-2 USB&quot; rev 0x11: apic 4 int 18, version 1.0, legacy support
ehci1 at pci0 dev 19 function 2 &quot;AMD Hudson-2 USB2&quot; rev 0x11: apic 4 int 17
usb3 at ehci1: USB revision 2.0
uhub3 at usb3 configuration 1 interface 0 &quot;AMD EHCI root hub&quot; rev 2.00/1.00 addr 1
piixpm0 at pci0 dev 20 function 0 &quot;AMD Hudson-2 SMBus&quot; rev 0x16: polling
iic0 at piixpm0
iic0: addr 0x29 07=ff 0f=33 10=84 11=9d 12=06 13=40 14=a1 15=38 16=25 17=1e 18=20 19=b4 1a=70 1b=73 1c=c0 1e=20 20=5f 21=22 22=40 27=ff 29=fd 2b=fe 2d=43 2f=20 30=95 31=25 32=16 33=02 34=0a 35=15 36=13 37=01 87=ff 8f=33 90=84 91=9d 92=06 93=40 94=a1 95=38 96=25 97=1e 98=20 99=b4 9a=70 9b=73 9c=c0 9e=20 a0=5f a1=22 a2=40 a7=ff ab=fe ad=40 af=20 b0=95 b1=25 b2=16 b3=02 b4=0a b5=15 b6=13 b7=01 words 00=0000 01=0000 02=0000 03=0000 04=0000 05=0000 06=0000 07=ffff
spdmem0 at iic0 addr 0x53: 4GB DDR3 SDRAM PC3-12800 SO-DIMM
azalia1 at pci0 dev 20 function 2 &quot;AMD Hudson-2 HD Audio&quot; rev 0x01: apic 4 int 16
azalia1: codecs: IDT/0x76e0
audio0 at azalia1
pcib0 at pci0 dev 20 function 3 &quot;AMD Hudson-2 LPC&quot; rev 0x11
ppb3 at pci0 dev 20 function 4 &quot;AMD Hudson-2 PCI&quot; rev 0x40
pci4 at ppb3 bus 6
ohci2 at pci0 dev 20 function 5 &quot;AMD Hudson-2 USB&quot; rev 0x11: apic 4 int 18, version 1.0, legacy support
pchb1 at pci0 dev 24 function 0 &quot;AMD AMD64 15/1xh Link Cfg&quot; rev 0x00
pchb2 at pci0 dev 24 function 1 &quot;AMD AMD64 15/1xh Address Map&quot; rev 0x00
pchb3 at pci0 dev 24 function 2 &quot;AMD AMD64 15/1xh DRAM Cfg&quot; rev 0x00
km0 at pci0 dev 24 function 3 &quot;AMD AMD64 15/1xh Misc Cfg&quot; rev 0x00
pchb4 at pci0 dev 24 function 4 &quot;AMD AMD64 15/1xh CPU Power&quot; rev 0x00
pchb5 at pci0 dev 24 function 5 &quot;AMD AMD64 15/1xh NB Power&quot; rev 0x00
usb4 at ohci0: USB revision 1.0
uhub4 at usb4 configuration 1 interface 0 &quot;AMD OHCI root hub&quot; rev 1.00/1.00 addr 1
usb5 at ohci1: USB revision 1.0
uhub5 at usb5 configuration 1 interface 0 &quot;AMD OHCI root hub&quot; rev 1.00/1.00 addr 1
isa0 at pcib0
isadma0 at isa0
pckbc0 at isa0 port 0x60/5 irq 1 irq 12
pckbd0 at pckbc0 (kbd slot)
wskbd0 at pckbd0: console keyboard
pms0 at pckbc0 (aux slot)
wsmouse0 at pms0 mux 0
pcppi0 at isa0 port 0x61
spkr0 at pcppi0
lpt0 at isa0 port 0x378/4 irq 7
usb6 at ohci2: USB revision 1.0
uhub6 at usb6 configuration 1 interface 0 &quot;AMD OHCI root hub&quot; rev 1.00/1.00 addr 1
vmm0 at mainbus0: SVM/RVI
efifb at mainbus0 not configured
uhub7 at uhub1 port 2 configuration 1 interface 0 &quot;SMSC USB5534B&quot; rev 3.00/50.00 addr 2
uhub8 at uhub1 port 4 configuration 1 interface 0 &quot;SMSC USB2134B&quot; rev 2.10/50.00 addr 3
uvideo0 at uhub2 port 5 configuration 1 interface 0 &quot;SunplusIT INC. HP HD Webcam&quot; rev 2.00/1.08 addr 2
video0 at uvideo0
ugen0 at uhub4 port 3 &quot;Broadcom Corp BCM20702A0&quot; rev 2.00/1.12 addr 2
ugen1 at uhub6 port 2 &quot;Validity Sensors product 0x003f&quot; rev 1.10/1.04 addr 2
vscsi0 at root
scsibus2 at vscsi0: 256 targets
softraid0 at root
scsibus3 at softraid0: 256 targets
root on sd0a (d565d97c2ab5c510.a) swap on sd0b dump on sd0b
initializing kernel modesetting (ARUBA 0x1002:0x9990 0x103C:0x1992 0x00).
radeondrm0: 1366x768, 32bpp
wsdisplay0 at radeondrm0 mux 1: console (std, vt100 emulation), using wskbd0
wsdisplay0: screen 1-5 added (std, vt100 emulation)
uhidev0 at uhub8 port 2 configuration 1 interface 0 &quot;Telink Wireless Receiver&quot; rev 1.10/1.00 addr 4
uhidev0: iclass 3/1, 5 report ids
ums0 at uhidev0 reportid 1: 5 buttons, Z dir
wsmouse1 at ums0 mux 0
uhid0 at uhidev0 reportid 3: input=4, output=0, feature=0
uhid1 at uhidev0 reportid 4: input=1, output=0, feature=0
uhid2 at uhidev0 reportid 5: input=0, output=0, feature=7
uhidev1 at uhub8 port 2 configuration 1 interface 1 &quot;Telink Wireless Receiver&quot; rev 1.10/1.00 addr 4
uhidev1: iclass 3/1
ukbd0 at uhidev1: 8 variable keys, 6 key codes, country code 33
wskbd1 at ukbd0 mux 1
wskbd1: connecting to wsdisplay0
syncing disks... done
r
OpenBSD 6.6 (GENERIC.MP) #3: Thu Nov 21 03:20:01 MST 2019
    xxx@xxx.xxx:/usr/src/sys/arch/amd64/compile/GENERIC.MP
real mem = 3416023040 (3257MB)
avail mem = 3299770368 (3146MB)
mpath0 at root
scsibus0 at mpath0: 256 targets
mainbus0 at root
bios0 at mainbus0: SMBIOS rev. 2.7 @ 0x8e882000 (27 entries)
bios0: vendor Hewlett-Packard version &quot;L72 Ver. 01.21&quot; date 09/16/2014
bios0: Hewlett-Packard HP ProBook 645 G1
acpi0 at bios0: ACPI 5.0
acpi0: sleep states S0 S3 S4 S5
acpi0: tables DSDT FACP HPET APIC MCFG TCPA SLIC FPDT BGRT SSDT SSDT SSDT
acpi0: wakeup devices PCI0(S4) PB4_(S5) NIC_(S5) PB5_(S5) PB9_(S5) PB7_(S5) HDEF(S0) USB0(S3) USB1(S3) USB2(S3) USB4(S3) USB5(S3) USB7(S3) USB8(S3) SPB0(S5) ECF0(S5)
acpitimer0 at acpi0: 3579545 Hz, 32 bits
acpihpet0 at acpi0: 14318180 Hz
acpimadt0 at acpi0 addr 0xfee00000: PC-AT compat
cpu0 at mainbus0: apid 16 (boot processor)
cpu0: AMD A6-4400M APU with Radeon(tm) HD Graphics, 2696.53 MHz, 15-10-01
cpu0: FPU,VME,DE,PSE,TSC,MSR,PAE,MCE,CX8,APIC,SEP,MTRR,PGE,MCA,CMOV,PAT,PSE36,CFLUSH,MMX,FXSR,SSE,SSE2,HTT,SSE3,PCLMUL,MWAIT,SSSE3,FMA3,CX16,SSE4.1,SSE4.2,POPCNT,AES,XSAVE,AVX,F16C,NXE,MMXX,FFXSR,PAGE1GB,RDTSCP,LONG,LAHF,CMPLEG,SVM,EAPICSP,AMCR8,ABM,SSE4A,MASSE,3DNOWP,OSVW,IBS,XOP,SKINIT,WDT,FMA4,TCE,NODEID,TBM,CPCTR,ITSC,BMI1
cpu0: 64KB 64b/line 2-way I-cache, 16KB 64b/line 4-way D-cache, 1MB 64b/line 16-way L2 cache
cpu0: ITLB 48 4KB entries fully associative, 24 4MB entries fully associative
cpu0: DTLB 64 4KB entries fully associative, 64 4MB entries fully associative
cpu0: smt 0, core 0, package 0
mtrr: Pentium Pro MTRR support, 8 var ranges, 88 fixed ranges
cpu0: apic clock running at 99MHz
cpu0: mwait min=64, max=64, IBE
cpu1 at mainbus0: apid 17 (application processor)
cpu1: AMD A6-4400M APU with Radeon(tm) HD Graphics, 2694.97 MHz, 15-10-01
cpu1: FPU,VME,DE,PSE,TSC,MSR,PAE,MCE,CX8,APIC,SEP,MTRR,PGE,MCA,CMOV,PAT,PSE36,CFLUSH,MMX,FXSR,SSE,SSE2,HTT,SSE3,PCLMUL,MWAIT,SSSE3,FMA3,CX16,SSE4.1,SSE4.2,POPCNT,AES,XSAVE,AVX,F16C,NXE,MMXX,FFXSR,PAGE1GB,RDTSCP,LONG,LAHF,CMPLEG,SVM,EAPICSP,AMCR8,ABM,SSE4A,MASSE,3DNOWP,OSVW,IBS,XOP,SKINIT,WDT,FMA4,TCE,NODEID,TBM,CPCTR,ITSC,BMI1
cpu1: 64KB 64b/line 2-way I-cache, 16KB 64b/line 4-way D-cache, 1MB 64b/line 16-way L2 cache
cpu1: ITLB 48 4KB entries fully associative, 24 4MB entries fully associative
cpu1: DTLB 64 4KB entries fully associative, 64 4MB entries fully associative
cpu1: smt 1, core 0, package 0
ioapic0 at mainbus0: apid 4 pa 0xfec00000, version 21, 24 pins, remapped
acpimcfg0 at acpi0
acpimcfg0: addr 0xe0000000, bus 0-255
acpiprt0 at acpi0: bus 0 (PCI0)
acpiprt1 at acpi0: bus -1 (GFX0)
acpiprt2 at acpi0: bus -1 (PEGP)
acpiprt3 at acpi0: bus 1 (PB4_)
acpiprt4 at acpi0: bus 2 (PB5_)
acpiprt5 at acpi0: bus -1 (PB9_)
acpiprt6 at acpi0: bus 3 (PB7_)
acpiprt7 at acpi0: bus -1 (SPB0)
acpiec0 at acpi0
acpicpu0 at acpi0: C2(0@100 io@0x841), C1(@1 halt!), PSS
acpicpu1 at acpi0: C2(0@100 io@0x841), C1(@1 halt!), PSS
acpipwrres0 at acpi0: APPR, resource for HDEF
acpipwrres1 at acpi0: COMP, resource for COM1
acpipwrres2 at acpi0: LPP_, resource for LPT0
acpitz0 at acpi0: critical temperature is 128 degC
acpitz1 at acpi0: critical temperature is 128 degC
acpitz2 at acpi0: critical temperature is 128 degC
acpitz3 at acpi0: critical temperature is 128 degC
acpitz4 at acpi0: critical temperature is 128 degC
&quot;HPQ6001&quot; at acpi0 not configured
acpipci0 at acpi0 PCI0: 0x00000000 0x00000011 0x00000001
&quot;SMB0001&quot; at acpi0 not configured
acpicmos0 at acpi0
&quot;PNP0A06&quot; at acpi0 not configured
&quot;SYN3009&quot; at acpi0 not configured
&quot;HPQ6007&quot; at acpi0 not configured
acpibat0 at acpi0: BAT0 model &quot;Primary&quot; serial 00110 2014/09/22 type LIon oem &quot;Hewlett-Packard&quot;
acpiac0 at acpi0: AC unit online
acpibtn0 at acpi0: SLPB
acpibtn1 at acpi0: LID_
&quot;PNP0C14&quot; at acpi0 not configured
tpm0 at acpi0: GTPM, can't find address
acpivideo0 at acpi0: GFX0
acpivout0 at acpivideo0: LCD_
acpivideo1 at acpi0: DGFX
cpu0: 2696 MHz: speeds: 2700 2400 2000 1700 1400 MHz
pci0 at mainbus0 bus 0
pchb0 at pci0 dev 0 function 0 &quot;AMD AMD64 15/1xh Host&quot; rev 0x00
radeondrm0 at pci0 dev 1 function 0 &quot;ATI Radeon HD 7520G&quot; rev 0x00
drm0 at radeondrm0
radeondrm0: msi
azalia0 at pci0 dev 1 function 1 vendor &quot;ATI&quot;, unknown product 0x9902 rev 0x00: msi
azalia0: no supported codecs
ppb0 at pci0 dev 4 function 0 &quot;AMD AMD64 15/1xh PCIE&quot; rev 0x00: msi
pci1 at ppb0 bus 1
re0 at pci1 dev 0 function 0 &quot;Realtek 8168&quot; rev 0x0c: RTL8168G/8111G (0x4c00), msi, address xx:xx:xx:xx:xx:xx
rgephy0 at re0 phy 7: RTL8251 PHY, rev. 0
ppb1 at pci0 dev 5 function 0 &quot;AMD AMD64 15/1xh PCIE&quot; rev 0x00: msi
pci2 at ppb1 bus 2
rtsx0 at pci2 dev 0 function 0 &quot;Realtek RTS5227 Card Reader&quot; rev 0x01: msi
sdmmc0 at rtsx0: 4-bit, dma
ppb2 at pci0 dev 7 function 0 &quot;AMD AMD64 15/1xh PCIE&quot; rev 0x00: msi
pci3 at ppb2 bus 3
vendor &quot;Broadcom&quot;, unknown product 0x4359 (class network subclass miscellaneous, rev 0x00) at pci3 dev 0 function 0 not configured
xhci0 at pci0 dev 16 function 0 &quot;AMD Bolton xHCI&quot; rev 0x09: msi, xHCI 1.0
usb0 at xhci0: USB revision 3.0
uhub0 at usb0 configuration 1 interface 0 &quot;AMD xHCI root hub&quot; rev 3.00/1.00 addr 1
xhci1 at pci0 dev 16 function 1 &quot;AMD Bolton xHCI&quot; rev 0x09: msi, xHCI 1.0
usb1 at xhci1: USB revision 3.0
uhub1 at usb1 configuration 1 interface 0 &quot;AMD xHCI root hub&quot; rev 3.00/1.00 addr 1
ahci0 at pci0 dev 17 function 0 &quot;AMD Hudson-2 SATA&quot; rev 0x40: msi, AHCI 1.3
ahci0: port 0: 3.0Gb/s
ahci0: port 1: 1.5Gb/s
scsibus1 at ahci0: 32 targets
sd0 at scsibus1 targ 0 lun 0: &lt;ATA, WDC WD10JPVT-22A, 01.0&gt; naa.50014ee602ccb9bf
sd0: 953869MB, 512 bytes/sector, 1953525168 sectors
cd0 at scsibus1 targ 1 lun 0: &lt;hp, DVDRW SU208FB, HH01&gt; removable
ohci0 at pci0 dev 18 function 0 &quot;AMD Hudson-2 USB&quot; rev 0x11: apic 4 int 18, version 1.0, legacy support
ehci0 at pci0 dev 18 function 2 &quot;AMD Hudson-2 USB2&quot; rev 0x11: apic 4 int 17
usb2 at ehci0: USB revision 2.0
uhub2 at usb2 configuration 1 interface 0 &quot;AMD EHCI root hub&quot; rev 2.00/1.00 addr 1
ohci1 at pci0 dev 19 function 0 &quot;AMD Hudson-2 USB&quot; rev 0x11: apic 4 int 18, version 1.0, legacy support
ehci1 at pci0 dev 19 function 2 &quot;AMD Hudson-2 USB2&quot; rev 0x11: apic 4 int 17
usb3 at ehci1: USB revision 2.0
uhub3 at usb3 configuration 1 interface 0 &quot;AMD EHCI root hub&quot; rev 2.00/1.00 addr 1
piixpm0 at pci0 dev 20 function 0 &quot;AMD Hudson-2 SMBus&quot; rev 0x16: polling
iic0 at piixpm0
iic0: addr 0x29 07=ff 0f=33 10=84 11=9d 12=06 13=40 14=a1 15=38 16=25 17=1e 18=20 19=b4 1a=70 1b=73 1c=c0 1e=20 20=5f 21=22 22=40 27=ff 29=fe 2b=fd 2d=3e 2f=20 30=95 31=25 32=16 33=02 34=0a 35=15 36=13 37=01 87=ff 8f=33 90=84 91=9d 92=06 93=40 94=a1 95=38 96=25 97=1e 98=20 99=b4 9a=70 9b=73 9c=c0 9e=20 a0=5f a1=22 a2=40 a7=ee a9=fe ab=01 ad=38 af=20 b0=95 b1=25 b2=16 b3=02 b4=0a b5=15 b6=13 b7=01 words 00=0000 01=0000 02=0000 03=0000 04=0000 05=0000 06=0000 07=ffff
spdmem0 at iic0 addr 0x53: 4GB DDR3 SDRAM PC3-12800 SO-DIMM
azalia1 at pci0 dev 20 function 2 &quot;AMD Hudson-2 HD Audio&quot; rev 0x01: apic 4 int 16
azalia1: codecs: IDT/0x76e0
audio0 at azalia1
pcib0 at pci0 dev 20 function 3 &quot;AMD Hudson-2 LPC&quot; rev 0x11
ppb3 at pci0 dev 20 function 4 &quot;AMD Hudson-2 PCI&quot; rev 0x40
pci4 at ppb3 bus 6
ohci2 at pci0 dev 20 function 5 &quot;AMD Hudson-2 USB&quot; rev 0x11: apic 4 int 18, version 1.0, legacy support
pchb1 at pci0 dev 24 function 0 &quot;AMD AMD64 15/1xh Link Cfg&quot; rev 0x00
pchb2 at pci0 dev 24 function 1 &quot;AMD AMD64 15/1xh Address Map&quot; rev 0x00
pchb3 at pci0 dev 24 function 2 &quot;AMD AMD64 15/1xh DRAM Cfg&quot; rev 0x00
km0 at pci0 dev 24 function 3 &quot;AMD AMD64 15/1xh Misc Cfg&quot; rev 0x00
pchb4 at pci0 dev 24 function 4 &quot;AMD AMD64 15/1xh CPU Power&quot; rev 0x00
pchb5 at pci0 dev 24 function 5 &quot;AMD AMD64 15/1xh NB Power&quot; rev 0x00
usb4 at ohci0: USB revision 1.0
uhub4 at usb4 configuration 1 interface 0 &quot;AMD OHCI root hub&quot; rev 1.00/1.00 addr 1
usb5 at ohci1: USB revision 1.0
uhub5 at usb5 configuration 1 interface 0 &quot;AMD OHCI root hub&quot; rev 1.00/1.00 addr 1
isa0 at pcib0
isadma0 at isa0
pckbc0 at isa0 port 0x60/5 irq 1 irq 12
pckbd0 at pckbc0 (kbd slot)
wskbd0 at pckbd0: console keyboard
pms0 at pckbc0 (aux slot)
wsmouse0 at pms0 mux 0
pcppi0 at isa0 port 0x61
spkr0 at pcppi0
lpt0 at isa0 port 0x378/4 irq 7
usb6 at ohci2: USB revision 1.0
uhub6 at usb6 configuration 1 interface 0 &quot;AMD OHCI root hub&quot; rev 1.00/1.00 addr 1
vmm0 at mainbus0: SVM/RVI
efifb at mainbus0 not configured
uhub7 at uhub1 port 2 configuration 1 interface 0 &quot;SMSC USB5534B&quot; rev 3.00/50.00 addr 2
uhub8 at uhub1 port 4 configuration 1 interface 0 &quot;SMSC USB2134B&quot; rev 2.10/50.00 addr 3
uhidev0 at uhub8 port 2 configuration 1 interface 0 &quot;Telink Wireless Receiver&quot; rev 1.10/1.00 addr 4
uhidev0: iclass 3/1, 5 report ids
ums0 at uhidev0 reportid 1: 5 buttons, Z dir
wsmouse1 at ums0 mux 0
uhid0 at uhidev0 reportid 3: input=4, output=0, feature=0
uhid1 at uhidev0 reportid 4: input=1, output=0, feature=0
uhid2 at uhidev0 reportid 5: input=0, output=0, feature=7
uhidev1 at uhub8 port 2 configuration 1 interface 1 &quot;Telink Wireless Receiver&quot; rev 1.10/1.00 addr 4
uhidev1: iclass 3/1
ukbd0 at uhidev1: 8 variable keys, 6 key codes, country code 33
wskbd1 at ukbd0 mux 1
uvideo0 at uhub2 port 5 configuration 1 interface 0 &quot;SunplusIT INC. HP HD Webcam&quot; rev 2.00/1.08 addr 2
video0 at uvideo0
ugen0 at uhub4 port 3 &quot;Broadcom Corp BCM20702A0&quot; rev 2.00/1.12 addr 2
ugen1 at uhub6 port 2 &quot;Validity Sensors product 0x003f&quot; rev 1.10/1.04 addr 2
vscsi0 at root
scsibus2 at vscsi0: 256 targets
softraid0 at root
scsibus3 at softraid0: 256 targets
root on sd0a (d565d97c2ab5c510.a) swap on sd0b dump on sd0b
initializing kernel modesetting (ARUBA 0x1002:0x9990 0x103C:0x1992 0x00).
radeondrm0: 1366x768, 32bpp
wsdisplay0 at radeondrm0 mux 1: console (std, vt100 emulation), using wskbd0
wskbd1: connecting to wsdisplay0
wsdisplay0: screen 1-5 added (std, vt100 emulation)
</pre>



</div><!-- content -->
<br />
<div id="footer">
All comments/news/posts are the property of their individual owner and
is presented without warranty of suitability, and solely as an
informational resource. <br />
This site Copyright &copy; 2004-2020 NYC*BUG.
</div><!-- footer -->

</body>
</html>

