



<!doctype html>
<html lang="en">
<head>
<meta name="keywords"
	content="bsd, freebsd, openbsd, netbsd, dragonflybsd, nycbug, dmesgd" />
<meta name="description" content="New York City BSD User Group dmesgd" />
<meta charset="utf-8" />
<meta name="viewport" content="width=device-width, initial-scale=1" />
<title>NYC*BUG dmesgd</title>
<style>
body {
	text-align: left;
	margin: 15px auto;
	padding: 0px 10px;
}
@media (min-width: 800px) {
	body {
		max-width: 85%;
	}
}
#header {
	border-bottom: 1px solid #dbdbdb;
	font-size: 230%;
	text-align: left;
}
#footer {
	border-top: 1px solid #dbdbdb;
	clear: both;
	text-align: left;
}
.logo_bug {
	color: #cc0033;
}
#menu ul {
	list-style-type: none;
	margin: 0;
	padding: 0;
}
#menu li {
	float: left;
}
#menu li a {
	display: block;
	background-color: #dbdbdb;
	color: #000000;
	font-size: 105%;
	font-weight: bold;
	padding: 0px 6px 0px 6px;
	text-decoration: none;
}
#content {
	clear: both;
	text-align: left;
	padding-top: 10px;
}
#content h1 {
	font-size: 120%;
	font-weight: bold;
}
#content h2 {
	font-size: 110%;
	font-weight: bold;
}
#content a {
	text-decoration: none;
}
#content pre {
	background-color: #dbdbdb;
	padding: 5px 5px 5px 5px;
	white-space: pre-wrap;		/* css-3 */
	white-space: -moz-pre-wrap;	/* Mozilla, since 1999 */
	white-space: -pre-wrap;		/* Opera 4-6 */
	white-space: -o-pre-wrap;	/* Opera 7 */
	word-wrap: break-word;		/* Internet Explorer 5.5+ */
}
#content table {
	border-collapse: collapse;
}
#content table th {
	border: 1px solid #dbdbdb;
	font-size: 85%;
	white-space: nowrap;
}
#content table td {
	border: 1px solid #dbdbdb;
	font-size: 80%;
}
#content input {
	font-size: 1em;
}
#content .full	{ width: 100%; }
#content .left	{ text-align: left; }
#content .right	{ text-align: right; }
#content .center { text-align: center; }
#content .flexbox {
	display: -ms-flex;
	display: -webkit-flex;
	display: flex;
	width: 100%;
}
#content .left_col {
	min-width: 75px;
	max-width: 50%;
	flex-grow: 0;
}
#content .right_col {
	flex-grow: 1;
	margin-left: 10px;
	padding-top: 10px;
	padding-left: 10px;
}
#col {
	-moz-column-count: 3;
	-webkit-column-count: 3;
	column-count: 3;
}
</style>
</head>
<body>

<div id="header">
<strong><em>NYC*</em><span class="logo_bug">BUG</span> dmesgd</strong>
</div><!-- header -->

<div id="menu">
<ul>
<li><a href="https://dmesgd.nycbug.org/index.cgi?do=index">Home</a></li>
<li><a href="https://dmesgd.nycbug.org/index.cgi?do=submit">Submit</a></li>
<li><a href="https://www.nycbug.org/">NYC*BUG</a></li>
</ul>
</div><!-- menu -->

<div id="content">

<p>
Launched in 2004, dmesgd aims to provide a
<strong>user-submitted</strong> repository of searchable *BSD dmesgs.
The dmesg(8) command displays the system message buffer's content, and
during boot a copy is saved to <em>/var/run/dmesg.boot</em>.  This buffer
contains the operating system release, name and version, a list of
devices identified, plus a whole host of other useful information.  We
hope others find this resource useful and further contribute to its
growth. Contact us at [ admin at lists dot nycbug dot org ].
</p>

<hr />


<strong>Date:</strong> <em>2019-12-20 14:42:51</em><br />
<strong>From:</strong> <em>hrvoje</em><br />
<strong>Description:</strong> <em>Dell PowerEdge R7515</em><br />

<pre>
OpenBSD 6.6-current (GENERIC.MP) #552: Thu Dec 19 20:33:33 MST 2019
    xxx@xxx.xxx:/usr/src/sys/arch/amd64/compile/GENERIC.MP
real mem = 68279922688 (65116MB)
avail mem = 66198159360 (63131MB)
mpath0 at root
scsibus0 at mpath0: 256 targets
mainbus0 at root
bios0 at mainbus0: SMBIOS rev. 3.2 @ 0x699ae000 (72 entries)
bios0: vendor Dell Inc. version &quot;1.1.6&quot; date 10/02/2019
bios0: Dell Inc. PowerEdge R7515
acpi0 at bios0: ACPI 6.0
acpi0: sleep states S0 S5
acpi0: tables DSDT FACP BERT HEST EINJ HPET APIC MCFG WSMT SLIC SSDT SSDT CRAT CDIT IVRS SSDT
acpi0: wakeup devices PC00(S5) XHCI(S3) PC01(S5) XHCI(S3) PC02(S5) XHCI(S3) PC03(S5) XHCI(S3)
acpitimer0 at acpi0: 3579545 Hz, 32 bits
acpihpet0 at acpi0: 14318180 Hz
acpimadt0 at acpi0 addr 0xfee00000: PC-AT compat
ioapic0 at mainbus0: apid 240 pa 0xfec00000, version 21, 24 pins, can't remap
ioapic1 at mainbus0: apid 241 pa 0xe0280000, version 21, 32 pins, can't remap
ioapic2 at mainbus0: apid 242 pa 0xc5180000, version 21, 32 pins, can't remap
ioapic3 at mainbus0: apid 243 pa 0xaa180000, version 21, 32 pins, can't remap
ioapic4 at mainbus0: apid 244 pa 0xfd180000, version 21, 32 pins, can't remap
cpu0 at mainbus0: apid 0 (boot processor)
cpu0: AMD EPYC 7542 32-Core Processor, 2894.91 MHz, 17-31-00
cpu0: FPU,VME,DE,PSE,TSC,MSR,PAE,MCE,CX8,APIC,SEP,MTRR,PGE,MCA,CMOV,PAT,PSE36,CFLUSH,MMX,FXSR,SSE,SSE2,HTT,SSE3,PCLMUL,MWAIT,SSSE3,FMA3,CX16,SSE4.1,SSE4.2,x2APIC,MOVBE,POPCNT,AES,XSAVE,AVX,F16C,RDRAND,NXE,MMXX,FFXSR,PAGE1GB,RDTSCP,LONG,LAHF,CMPLEG,SVM,EAPICSP,AMCR8,ABM,SSE4A,MASSE,3DNOWP,OSVW,IBS,SKINIT,TCE,TOPEXT,CPCTR,DBKP,PCTRL3,MWAITX,ITSC,FSGSBASE,BMI1,AVX2,SMEP,BMI2,PQM,RDSEED,ADX,SMAP,CLFLUSHOPT,CLWB,SHA,UMIP,IBPB,IBRS,STIBP,SSBD,XSAVEOPT,XSAVEC,XGETBV1,XSAVES
cpu0: 32KB 64b/line 8-way I-cache, 32KB 64b/line 8-way D-cache, 512KB 64b/line 8-way L2 cache, 128MB 64b/line disabled L3 cache
cpu0: ITLB 64 4KB entries fully associative, 64 4MB entries fully associative
cpu0: DTLB 64 4KB entries fully associative, 64 4MB entries fully associative
cpu0: smt 0, core 0, package 0
mtrr: Pentium Pro MTRR support, 8 var ranges, 88 fixed ranges
cpu0: apic clock running at 99MHz
cpu0: mwait min=64, max=64, C-substates=1.1, IBE
cpu1 at mainbus0: apid 1 (application processor)
cpu1: AMD EPYC 7542 32-Core Processor, 2894.55 MHz, 17-31-00
cpu1: FPU,VME,DE,PSE,TSC,MSR,PAE,MCE,CX8,APIC,SEP,MTRR,PGE,MCA,CMOV,PAT,PSE36,CFLUSH,MMX,FXSR,SSE,SSE2,HTT,SSE3,PCLMUL,MWAIT,SSSE3,FMA3,CX16,SSE4.1,SSE4.2,x2APIC,MOVBE,POPCNT,AES,XSAVE,AVX,F16C,RDRAND,NXE,MMXX,FFXSR,PAGE1GB,RDTSCP,LONG,LAHF,CMPLEG,SVM,EAPICSP,AMCR8,ABM,SSE4A,MASSE,3DNOWP,OSVW,IBS,SKINIT,TCE,TOPEXT,CPCTR,DBKP,PCTRL3,MWAITX,ITSC,FSGSBASE,BMI1,AVX2,SMEP,BMI2,PQM,RDSEED,ADX,SMAP,CLFLUSHOPT,CLWB,SHA,UMIP,IBPB,IBRS,STIBP,SSBD,XSAVEOPT,XSAVEC,XGETBV1,XSAVES
cpu1: 32KB 64b/line 8-way I-cache, 32KB 64b/line 8-way D-cache, 512KB 64b/line 8-way L2 cache, 128MB 64b/line disabled L3 cache
cpu1: ITLB 64 4KB entries fully associative, 64 4MB entries fully associative
cpu1: DTLB 64 4KB entries fully associative, 64 4MB entries fully associative
cpu1: smt 0, core 1, package 0
cpu2 at mainbus0: apid 2 (application processor)
cpu2: AMD EPYC 7542 32-Core Processor, 2894.56 MHz, 17-31-00
cpu2: FPU,VME,DE,PSE,TSC,MSR,PAE,MCE,CX8,APIC,SEP,MTRR,PGE,MCA,CMOV,PAT,PSE36,CFLUSH,MMX,FXSR,SSE,SSE2,HTT,SSE3,PCLMUL,MWAIT,SSSE3,FMA3,CX16,SSE4.1,SSE4.2,x2APIC,MOVBE,POPCNT,AES,XSAVE,AVX,F16C,RDRAND,NXE,MMXX,FFXSR,PAGE1GB,RDTSCP,LONG,LAHF,CMPLEG,SVM,EAPICSP,AMCR8,ABM,SSE4A,MASSE,3DNOWP,OSVW,IBS,SKINIT,TCE,TOPEXT,CPCTR,DBKP,PCTRL3,MWAITX,ITSC,FSGSBASE,BMI1,AVX2,SMEP,BMI2,PQM,RDSEED,ADX,SMAP,CLFLUSHOPT,CLWB,SHA,UMIP,IBPB,IBRS,STIBP,SSBD,XSAVEOPT,XSAVEC,XGETBV1,XSAVES
cpu2: 32KB 64b/line 8-way I-cache, 32KB 64b/line 8-way D-cache, 512KB 64b/line 8-way L2 cache, 128MB 64b/line disabled L3 cache
cpu2: ITLB 64 4KB entries fully associative, 64 4MB entries fully associative
cpu2: DTLB 64 4KB entries fully associative, 64 4MB entries fully associative
cpu2: smt 0, core 2, package 0
cpu3 at mainbus0: apid 3 (application processor)
cpu3: AMD EPYC 7542 32-Core Processor, 2894.56 MHz, 17-31-00
cpu3: FPU,VME,DE,PSE,TSC,MSR,PAE,MCE,CX8,APIC,SEP,MTRR,PGE,MCA,CMOV,PAT,PSE36,CFLUSH,MMX,FXSR,SSE,SSE2,HTT,SSE3,PCLMUL,MWAIT,SSSE3,FMA3,CX16,SSE4.1,SSE4.2,x2APIC,MOVBE,POPCNT,AES,XSAVE,AVX,F16C,RDRAND,NXE,MMXX,FFXSR,PAGE1GB,RDTSCP,LONG,LAHF,CMPLEG,SVM,EAPICSP,AMCR8,ABM,SSE4A,MASSE,3DNOWP,OSVW,IBS,SKINIT,TCE,TOPEXT,CPCTR,DBKP,PCTRL3,MWAITX,ITSC,FSGSBASE,BMI1,AVX2,SMEP,BMI2,PQM,RDSEED,ADX,SMAP,CLFLUSHOPT,CLWB,SHA,UMIP,IBPB,IBRS,STIBP,SSBD,XSAVEOPT,XSAVEC,XGETBV1,XSAVES
cpu3: 32KB 64b/line 8-way I-cache, 32KB 64b/line 8-way D-cache, 512KB 64b/line 8-way L2 cache, 128MB 64b/line disabled L3 cache
cpu3: ITLB 64 4KB entries fully associative, 64 4MB entries fully associative
cpu3: DTLB 64 4KB entries fully associative, 64 4MB entries fully associative
cpu3: smt 0, core 3, package 0
cpu4 at mainbus0: apid 4 (application processor)
cpu4: AMD EPYC 7542 32-Core Processor, 2894.56 MHz, 17-31-00
cpu4: FPU,VME,DE,PSE,TSC,MSR,PAE,MCE,CX8,APIC,SEP,MTRR,PGE,MCA,CMOV,PAT,PSE36,CFLUSH,MMX,FXSR,SSE,SSE2,HTT,SSE3,PCLMUL,MWAIT,SSSE3,FMA3,CX16,SSE4.1,SSE4.2,x2APIC,MOVBE,POPCNT,AES,XSAVE,AVX,F16C,RDRAND,NXE,MMXX,FFXSR,PAGE1GB,RDTSCP,LONG,LAHF,CMPLEG,SVM,EAPICSP,AMCR8,ABM,SSE4A,MASSE,3DNOWP,OSVW,IBS,SKINIT,TCE,TOPEXT,CPCTR,DBKP,PCTRL3,MWAITX,ITSC,FSGSBASE,BMI1,AVX2,SMEP,BMI2,PQM,RDSEED,ADX,SMAP,CLFLUSHOPT,CLWB,SHA,UMIP,IBPB,IBRS,STIBP,SSBD,XSAVEOPT,XSAVEC,XGETBV1,XSAVES
cpu4: 32KB 64b/line 8-way I-cache, 32KB 64b/line 8-way D-cache, 512KB 64b/line 8-way L2 cache, 128MB 64b/line disabled L3 cache
cpu4: ITLB 64 4KB entries fully associative, 64 4MB entries fully associative
cpu4: DTLB 64 4KB entries fully associative, 64 4MB entries fully associative
cpu4: smt 0, core 4, package 0
cpu5 at mainbus0: apid 5 (application processor)
cpu5: AMD EPYC 7542 32-Core Processor, 2894.56 MHz, 17-31-00
cpu5: FPU,VME,DE,PSE,TSC,MSR,PAE,MCE,CX8,APIC,SEP,MTRR,PGE,MCA,CMOV,PAT,PSE36,CFLUSH,MMX,FXSR,SSE,SSE2,HTT,SSE3,PCLMUL,MWAIT,SSSE3,FMA3,CX16,SSE4.1,SSE4.2,x2APIC,MOVBE,POPCNT,AES,XSAVE,AVX,F16C,RDRAND,NXE,MMXX,FFXSR,PAGE1GB,RDTSCP,LONG,LAHF,CMPLEG,SVM,EAPICSP,AMCR8,ABM,SSE4A,MASSE,3DNOWP,OSVW,IBS,SKINIT,TCE,TOPEXT,CPCTR,DBKP,PCTRL3,MWAITX,ITSC,FSGSBASE,BMI1,AVX2,SMEP,BMI2,PQM,RDSEED,ADX,SMAP,CLFLUSHOPT,CLWB,SHA,UMIP,IBPB,IBRS,STIBP,SSBD,XSAVEOPT,XSAVEC,XGETBV1,XSAVES
cpu5: 32KB 64b/line 8-way I-cache, 32KB 64b/line 8-way D-cache, 512KB 64b/line 8-way L2 cache, 128MB 64b/line disabled L3 cache
cpu5: ITLB 64 4KB entries fully associative, 64 4MB entries fully associative
cpu5: DTLB 64 4KB entries fully associative, 64 4MB entries fully associative
cpu5: smt 0, core 5, package 0
cpu6 at mainbus0: apid 6 (application processor)
cpu6: AMD EPYC 7542 32-Core Processor, 2894.56 MHz, 17-31-00
cpu6: FPU,VME,DE,PSE,TSC,MSR,PAE,MCE,CX8,APIC,SEP,MTRR,PGE,MCA,CMOV,PAT,PSE36,CFLUSH,MMX,FXSR,SSE,SSE2,HTT,SSE3,PCLMUL,MWAIT,SSSE3,FMA3,CX16,SSE4.1,SSE4.2,x2APIC,MOVBE,POPCNT,AES,XSAVE,AVX,F16C,RDRAND,NXE,MMXX,FFXSR,PAGE1GB,RDTSCP,LONG,LAHF,CMPLEG,SVM,EAPICSP,AMCR8,ABM,SSE4A,MASSE,3DNOWP,OSVW,IBS,SKINIT,TCE,TOPEXT,CPCTR,DBKP,PCTRL3,MWAITX,ITSC,FSGSBASE,BMI1,AVX2,SMEP,BMI2,PQM,RDSEED,ADX,SMAP,CLFLUSHOPT,CLWB,SHA,UMIP,IBPB,IBRS,STIBP,SSBD,XSAVEOPT,XSAVEC,XGETBV1,XSAVES
cpu6: 32KB 64b/line 8-way I-cache, 32KB 64b/line 8-way D-cache, 512KB 64b/line 8-way L2 cache, 128MB 64b/line disabled L3 cache
cpu6: ITLB 64 4KB entries fully associative, 64 4MB entries fully associative
cpu6: DTLB 64 4KB entries fully associative, 64 4MB entries fully associative
cpu6: smt 0, core 6, package 0
cpu7 at mainbus0: apid 7 (application processor)
cpu7: AMD EPYC 7542 32-Core Processor, 2894.56 MHz, 17-31-00
cpu7: FPU,VME,DE,PSE,TSC,MSR,PAE,MCE,CX8,APIC,SEP,MTRR,PGE,MCA,CMOV,PAT,PSE36,CFLUSH,MMX,FXSR,SSE,SSE2,HTT,SSE3,PCLMUL,MWAIT,SSSE3,FMA3,CX16,SSE4.1,SSE4.2,x2APIC,MOVBE,POPCNT,AES,XSAVE,AVX,F16C,RDRAND,NXE,MMXX,FFXSR,PAGE1GB,RDTSCP,LONG,LAHF,CMPLEG,SVM,EAPICSP,AMCR8,ABM,SSE4A,MASSE,3DNOWP,OSVW,IBS,SKINIT,TCE,TOPEXT,CPCTR,DBKP,PCTRL3,MWAITX,ITSC,FSGSBASE,BMI1,AVX2,SMEP,BMI2,PQM,RDSEED,ADX,SMAP,CLFLUSHOPT,CLWB,SHA,UMIP,IBPB,IBRS,STIBP,SSBD,XSAVEOPT,XSAVEC,XGETBV1,XSAVES
cpu7: 32KB 64b/line 8-way I-cache, 32KB 64b/line 8-way D-cache, 512KB 64b/line 8-way L2 cache, 128MB 64b/line disabled L3 cache
cpu7: ITLB 64 4KB entries fully associative, 64 4MB entries fully associative
cpu7: DTLB 64 4KB entries fully associative, 64 4MB entries fully associative
cpu7: smt 0, core 7, package 0
cpu8 at mainbus0: apid 8 (application processor)
cpu8: AMD EPYC 7542 32-Core Processor, 2894.56 MHz, 17-31-00
cpu8: FPU,VME,DE,PSE,TSC,MSR,PAE,MCE,CX8,APIC,SEP,MTRR,PGE,MCA,CMOV,PAT,PSE36,CFLUSH,MMX,FXSR,SSE,SSE2,HTT,SSE3,PCLMUL,MWAIT,SSSE3,FMA3,CX16,SSE4.1,SSE4.2,x2APIC,MOVBE,POPCNT,AES,XSAVE,AVX,F16C,RDRAND,NXE,MMXX,FFXSR,PAGE1GB,RDTSCP,LONG,LAHF,CMPLEG,SVM,EAPICSP,AMCR8,ABM,SSE4A,MASSE,3DNOWP,OSVW,IBS,SKINIT,TCE,TOPEXT,CPCTR,DBKP,PCTRL3,MWAITX,ITSC,FSGSBASE,BMI1,AVX2,SMEP,BMI2,PQM,RDSEED,ADX,SMAP,CLFLUSHOPT,CLWB,SHA,UMIP,IBPB,IBRS,STIBP,SSBD,XSAVEOPT,XSAVEC,XGETBV1,XSAVES
cpu8: 32KB 64b/line 8-way I-cache, 32KB 64b/line 8-way D-cache, 512KB 64b/line 8-way L2 cache, 128MB 64b/line disabled L3 cache
cpu8: ITLB 64 4KB entries fully associative, 64 4MB entries fully associative
cpu8: DTLB 64 4KB entries fully associative, 64 4MB entries fully associative
cpu8: smt 0, core 8, package 0
cpu9 at mainbus0: apid 9 (application processor)
cpu9: AMD EPYC 7542 32-Core Processor, 2894.56 MHz, 17-31-00
cpu9: FPU,VME,DE,PSE,TSC,MSR,PAE,MCE,CX8,APIC,SEP,MTRR,PGE,MCA,CMOV,PAT,PSE36,CFLUSH,MMX,FXSR,SSE,SSE2,HTT,SSE3,PCLMUL,MWAIT,SSSE3,FMA3,CX16,SSE4.1,SSE4.2,x2APIC,MOVBE,POPCNT,AES,XSAVE,AVX,F16C,RDRAND,NXE,MMXX,FFXSR,PAGE1GB,RDTSCP,LONG,LAHF,CMPLEG,SVM,EAPICSP,AMCR8,ABM,SSE4A,MASSE,3DNOWP,OSVW,IBS,SKINIT,TCE,TOPEXT,CPCTR,DBKP,PCTRL3,MWAITX,ITSC,FSGSBASE,BMI1,AVX2,SMEP,BMI2,PQM,RDSEED,ADX,SMAP,CLFLUSHOPT,CLWB,SHA,UMIP,IBPB,IBRS,STIBP,SSBD,XSAVEOPT,XSAVEC,XGETBV1,XSAVES
cpu9: 32KB 64b/line 8-way I-cache, 32KB 64b/line 8-way D-cache, 512KB 64b/line 8-way L2 cache, 128MB 64b/line disabled L3 cache
cpu9: ITLB 64 4KB entries fully associative, 64 4MB entries fully associative
cpu9: DTLB 64 4KB entries fully associative, 64 4MB entries fully associative
cpu9: smt 0, core 9, package 0
cpu10 at mainbus0: apid 10 (application processor)
cpu10: AMD EPYC 7542 32-Core Processor, 2894.56 MHz, 17-31-00
cpu10: FPU,VME,DE,PSE,TSC,MSR,PAE,MCE,CX8,APIC,SEP,MTRR,PGE,MCA,CMOV,PAT,PSE36,CFLUSH,MMX,FXSR,SSE,SSE2,HTT,SSE3,PCLMUL,MWAIT,SSSE3,FMA3,CX16,SSE4.1,SSE4.2,x2APIC,MOVBE,POPCNT,AES,XSAVE,AVX,F16C,RDRAND,NXE,MMXX,FFXSR,PAGE1GB,RDTSCP,LONG,LAHF,CMPLEG,SVM,EAPICSP,AMCR8,ABM,SSE4A,MASSE,3DNOWP,OSVW,IBS,SKINIT,TCE,TOPEXT,CPCTR,DBKP,PCTRL3,MWAITX,ITSC,FSGSBASE,BMI1,AVX2,SMEP,BMI2,PQM,RDSEED,ADX,SMAP,CLFLUSHOPT,CLWB,SHA,UMIP,IBPB,IBRS,STIBP,SSBD,XSAVEOPT,XSAVEC,XGETBV1,XSAVES
cpu10: 32KB 64b/line 8-way I-cache, 32KB 64b/line 8-way D-cache, 512KB 64b/line 8-way L2 cache, 128MB 64b/line disabled L3 cache
cpu10: ITLB 64 4KB entries fully associative, 64 4MB entries fully associative
cpu10: DTLB 64 4KB entries fully associative, 64 4MB entries fully associative
cpu10: smt 0, core 10, package 0
cpu11 at mainbus0: apid 11 (application processor)
cpu11: AMD EPYC 7542 32-Core Processor, 2894.56 MHz, 17-31-00
cpu11: FPU,VME,DE,PSE,TSC,MSR,PAE,MCE,CX8,APIC,SEP,MTRR,PGE,MCA,CMOV,PAT,PSE36,CFLUSH,MMX,FXSR,SSE,SSE2,HTT,SSE3,PCLMUL,MWAIT,SSSE3,FMA3,CX16,SSE4.1,SSE4.2,x2APIC,MOVBE,POPCNT,AES,XSAVE,AVX,F16C,RDRAND,NXE,MMXX,FFXSR,PAGE1GB,RDTSCP,LONG,LAHF,CMPLEG,SVM,EAPICSP,AMCR8,ABM,SSE4A,MASSE,3DNOWP,OSVW,IBS,SKINIT,TCE,TOPEXT,CPCTR,DBKP,PCTRL3,MWAITX,ITSC,FSGSBASE,BMI1,AVX2,SMEP,BMI2,PQM,RDSEED,ADX,SMAP,CLFLUSHOPT,CLWB,SHA,UMIP,IBPB,IBRS,STIBP,SSBD,XSAVEOPT,XSAVEC,XGETBV1,XSAVES
cpu11: 32KB 64b/line 8-way I-cache, 32KB 64b/line 8-way D-cache, 512KB 64b/line 8-way L2 cache, 128MB 64b/line disabled L3 cache
cpu11: ITLB 64 4KB entries fully associative, 64 4MB entries fully associative
cpu11: DTLB 64 4KB entries fully associative, 64 4MB entries fully associative
cpu11: smt 0, core 11, package 0
cpu12 at mainbus0: apid 12 (application processor)
cpu12: AMD EPYC 7542 32-Core Processor, 2894.56 MHz, 17-31-00
cpu12: FPU,VME,DE,PSE,TSC,MSR,PAE,MCE,CX8,APIC,SEP,MTRR,PGE,MCA,CMOV,PAT,PSE36,CFLUSH,MMX,FXSR,SSE,SSE2,HTT,SSE3,PCLMUL,MWAIT,SSSE3,FMA3,CX16,SSE4.1,SSE4.2,x2APIC,MOVBE,POPCNT,AES,XSAVE,AVX,F16C,RDRAND,NXE,MMXX,FFXSR,PAGE1GB,RDTSCP,LONG,LAHF,CMPLEG,SVM,EAPICSP,AMCR8,ABM,SSE4A,MASSE,3DNOWP,OSVW,IBS,SKINIT,TCE,TOPEXT,CPCTR,DBKP,PCTRL3,MWAITX,ITSC,FSGSBASE,BMI1,AVX2,SMEP,BMI2,PQM,RDSEED,ADX,SMAP,CLFLUSHOPT,CLWB,SHA,UMIP,IBPB,IBRS,STIBP,SSBD,XSAVEOPT,XSAVEC,XGETBV1,XSAVES
cpu12: 32KB 64b/line 8-way I-cache, 32KB 64b/line 8-way D-cache, 512KB 64b/line 8-way L2 cache, 128MB 64b/line disabled L3 cache
cpu12: ITLB 64 4KB entries fully associative, 64 4MB entries fully associative
cpu12: DTLB 64 4KB entries fully associative, 64 4MB entries fully associative
cpu12: smt 0, core 12, package 0
cpu13 at mainbus0: apid 13 (application processor)
cpu13: AMD EPYC 7542 32-Core Processor, 2894.56 MHz, 17-31-00
cpu13: FPU,VME,DE,PSE,TSC,MSR,PAE,MCE,CX8,APIC,SEP,MTRR,PGE,MCA,CMOV,PAT,PSE36,CFLUSH,MMX,FXSR,SSE,SSE2,HTT,SSE3,PCLMUL,MWAIT,SSSE3,FMA3,CX16,SSE4.1,SSE4.2,x2APIC,MOVBE,POPCNT,AES,XSAVE,AVX,F16C,RDRAND,NXE,MMXX,FFXSR,PAGE1GB,RDTSCP,LONG,LAHF,CMPLEG,SVM,EAPICSP,AMCR8,ABM,SSE4A,MASSE,3DNOWP,OSVW,IBS,SKINIT,TCE,TOPEXT,CPCTR,DBKP,PCTRL3,MWAITX,ITSC,FSGSBASE,BMI1,AVX2,SMEP,BMI2,PQM,RDSEED,ADX,SMAP,CLFLUSHOPT,CLWB,SHA,UMIP,IBPB,IBRS,STIBP,SSBD,XSAVEOPT,XSAVEC,XGETBV1,XSAVES
cpu13: 32KB 64b/line 8-way I-cache, 32KB 64b/line 8-way D-cache, 512KB 64b/line 8-way L2 cache, 128MB 64b/line disabled L3 cache
cpu13: ITLB 64 4KB entries fully associative, 64 4MB entries fully associative
cpu13: DTLB 64 4KB entries fully associative, 64 4MB entries fully associative
cpu13: smt 0, core 13, package 0
cpu14 at mainbus0: apid 14 (application processor)
cpu14: AMD EPYC 7542 32-Core Processor, 2894.56 MHz, 17-31-00
cpu14: FPU,VME,DE,PSE,TSC,MSR,PAE,MCE,CX8,APIC,SEP,MTRR,PGE,MCA,CMOV,PAT,PSE36,CFLUSH,MMX,FXSR,SSE,SSE2,HTT,SSE3,PCLMUL,MWAIT,SSSE3,FMA3,CX16,SSE4.1,SSE4.2,x2APIC,MOVBE,POPCNT,AES,XSAVE,AVX,F16C,RDRAND,NXE,MMXX,FFXSR,PAGE1GB,RDTSCP,LONG,LAHF,CMPLEG,SVM,EAPICSP,AMCR8,ABM,SSE4A,MASSE,3DNOWP,OSVW,IBS,SKINIT,TCE,TOPEXT,CPCTR,DBKP,PCTRL3,MWAITX,ITSC,FSGSBASE,BMI1,AVX2,SMEP,BMI2,PQM,RDSEED,ADX,SMAP,CLFLUSHOPT,CLWB,SHA,UMIP,IBPB,IBRS,STIBP,SSBD,XSAVEOPT,XSAVEC,XGETBV1,XSAVES
cpu14: 32KB 64b/line 8-way I-cache, 32KB 64b/line 8-way D-cache, 512KB 64b/line 8-way L2 cache, 128MB 64b/line disabled L3 cache
cpu14: ITLB 64 4KB entries fully associative, 64 4MB entries fully associative
cpu14: DTLB 64 4KB entries fully associative, 64 4MB entries fully associative
cpu14: smt 0, core 14, package 0
cpu15 at mainbus0: apid 15 (application processor)
cpu15: AMD EPYC 7542 32-Core Processor, 2894.55 MHz, 17-31-00
cpu15: FPU,VME,DE,PSE,TSC,MSR,PAE,MCE,CX8,APIC,SEP,MTRR,PGE,MCA,CMOV,PAT,PSE36,CFLUSH,MMX,FXSR,SSE,SSE2,HTT,SSE3,PCLMUL,MWAIT,SSSE3,FMA3,CX16,SSE4.1,SSE4.2,x2APIC,MOVBE,POPCNT,AES,XSAVE,AVX,F16C,RDRAND,NXE,MMXX,FFXSR,PAGE1GB,RDTSCP,LONG,LAHF,CMPLEG,SVM,EAPICSP,AMCR8,ABM,SSE4A,MASSE,3DNOWP,OSVW,IBS,SKINIT,TCE,TOPEXT,CPCTR,DBKP,PCTRL3,MWAITX,ITSC,FSGSBASE,BMI1,AVX2,SMEP,BMI2,PQM,RDSEED,ADX,SMAP,CLFLUSHOPT,CLWB,SHA,UMIP,IBPB,IBRS,STIBP,SSBD,XSAVEOPT,XSAVEC,XGETBV1,XSAVES
cpu15: 32KB 64b/line 8-way I-cache, 32KB 64b/line 8-way D-cache, 512KB 64b/line 8-way L2 cache, 128MB 64b/line disabled L3 cache
cpu15: ITLB 64 4KB entries fully associative, 64 4MB entries fully associative
cpu15: DTLB 64 4KB entries fully associative, 64 4MB entries fully associative
cpu15: smt 0, core 15, package 0
cpu16 at mainbus0: apid 16 (application processor)
cpu16: AMD EPYC 7542 32-Core Processor, 2894.57 MHz, 17-31-00
cpu16: FPU,VME,DE,PSE,TSC,MSR,PAE,MCE,CX8,APIC,SEP,MTRR,PGE,MCA,CMOV,PAT,PSE36,CFLUSH,MMX,FXSR,SSE,SSE2,HTT,SSE3,PCLMUL,MWAIT,SSSE3,FMA3,CX16,SSE4.1,SSE4.2,x2APIC,MOVBE,POPCNT,AES,XSAVE,AVX,F16C,RDRAND,NXE,MMXX,FFXSR,PAGE1GB,RDTSCP,LONG,LAHF,CMPLEG,SVM,EAPICSP,AMCR8,ABM,SSE4A,MASSE,3DNOWP,OSVW,IBS,SKINIT,TCE,TOPEXT,CPCTR,DBKP,PCTRL3,MWAITX,ITSC,FSGSBASE,BMI1,AVX2,SMEP,BMI2,PQM,RDSEED,ADX,SMAP,CLFLUSHOPT,CLWB,SHA,UMIP,IBPB,IBRS,STIBP,SSBD,XSAVEOPT,XSAVEC,XGETBV1,XSAVES
cpu16: 32KB 64b/line 8-way I-cache, 32KB 64b/line 8-way D-cache, 512KB 64b/line 8-way L2 cache, 128MB 64b/line disabled L3 cache
cpu16: ITLB 64 4KB entries fully associative, 64 4MB entries fully associative
cpu16: DTLB 64 4KB entries fully associative, 64 4MB entries fully associative
cpu16: smt 0, core 16, package 0
cpu17 at mainbus0: apid 17 (application processor)
cpu17: AMD EPYC 7542 32-Core Processor, 2894.56 MHz, 17-31-00
cpu17: FPU,VME,DE,PSE,TSC,MSR,PAE,MCE,CX8,APIC,SEP,MTRR,PGE,MCA,CMOV,PAT,PSE36,CFLUSH,MMX,FXSR,SSE,SSE2,HTT,SSE3,PCLMUL,MWAIT,SSSE3,FMA3,CX16,SSE4.1,SSE4.2,x2APIC,MOVBE,POPCNT,AES,XSAVE,AVX,F16C,RDRAND,NXE,MMXX,FFXSR,PAGE1GB,RDTSCP,LONG,LAHF,CMPLEG,SVM,EAPICSP,AMCR8,ABM,SSE4A,MASSE,3DNOWP,OSVW,IBS,SKINIT,TCE,TOPEXT,CPCTR,DBKP,PCTRL3,MWAITX,ITSC,FSGSBASE,BMI1,AVX2,SMEP,BMI2,PQM,RDSEED,ADX,SMAP,CLFLUSHOPT,CLWB,SHA,UMIP,IBPB,IBRS,STIBP,SSBD,XSAVEOPT,XSAVEC,XGETBV1,XSAVES
cpu17: 32KB 64b/line 8-way I-cache, 32KB 64b/line 8-way D-cache, 512KB 64b/line 8-way L2 cache, 128MB 64b/line disabled L3 cache
cpu17: ITLB 64 4KB entries fully associative, 64 4MB entries fully associative
cpu17: DTLB 64 4KB entries fully associative, 64 4MB entries fully associative
cpu17: smt 0, core 17, package 0
cpu18 at mainbus0: apid 18 (application processor)
cpu18: AMD EPYC 7542 32-Core Processor, 2894.56 MHz, 17-31-00
cpu18: FPU,VME,DE,PSE,TSC,MSR,PAE,MCE,CX8,APIC,SEP,MTRR,PGE,MCA,CMOV,PAT,PSE36,CFLUSH,MMX,FXSR,SSE,SSE2,HTT,SSE3,PCLMUL,MWAIT,SSSE3,FMA3,CX16,SSE4.1,SSE4.2,x2APIC,MOVBE,POPCNT,AES,XSAVE,AVX,F16C,RDRAND,NXE,MMXX,FFXSR,PAGE1GB,RDTSCP,LONG,LAHF,CMPLEG,SVM,EAPICSP,AMCR8,ABM,SSE4A,MASSE,3DNOWP,OSVW,IBS,SKINIT,TCE,TOPEXT,CPCTR,DBKP,PCTRL3,MWAITX,ITSC,FSGSBASE,BMI1,AVX2,SMEP,BMI2,PQM,RDSEED,ADX,SMAP,CLFLUSHOPT,CLWB,SHA,UMIP,IBPB,IBRS,STIBP,SSBD,XSAVEOPT,XSAVEC,XGETBV1,XSAVES
cpu18: 32KB 64b/line 8-way I-cache, 32KB 64b/line 8-way D-cache, 512KB 64b/line 8-way L2 cache, 128MB 64b/line disabled L3 cache
cpu18: ITLB 64 4KB entries fully associative, 64 4MB entries fully associative
cpu18: DTLB 64 4KB entries fully associative, 64 4MB entries fully associative
cpu18: smt 0, core 18, package 0
cpu19 at mainbus0: apid 19 (application processor)
cpu19: AMD EPYC 7542 32-Core Processor, 2894.56 MHz, 17-31-00
cpu19: FPU,VME,DE,PSE,TSC,MSR,PAE,MCE,CX8,APIC,SEP,MTRR,PGE,MCA,CMOV,PAT,PSE36,CFLUSH,MMX,FXSR,SSE,SSE2,HTT,SSE3,PCLMUL,MWAIT,SSSE3,FMA3,CX16,SSE4.1,SSE4.2,x2APIC,MOVBE,POPCNT,AES,XSAVE,AVX,F16C,RDRAND,NXE,MMXX,FFXSR,PAGE1GB,RDTSCP,LONG,LAHF,CMPLEG,SVM,EAPICSP,AMCR8,ABM,SSE4A,MASSE,3DNOWP,OSVW,IBS,SKINIT,TCE,TOPEXT,CPCTR,DBKP,PCTRL3,MWAITX,ITSC,FSGSBASE,BMI1,AVX2,SMEP,BMI2,PQM,RDSEED,ADX,SMAP,CLFLUSHOPT,CLWB,SHA,UMIP,IBPB,IBRS,STIBP,SSBD,XSAVEOPT,XSAVEC,XGETBV1,XSAVES
cpu19: 32KB 64b/line 8-way I-cache, 32KB 64b/line 8-way D-cache, 512KB 64b/line 8-way L2 cache, 128MB 64b/line disabled L3 cache
cpu19: ITLB 64 4KB entries fully associative, 64 4MB entries fully associative
cpu19: DTLB 64 4KB entries fully associative, 64 4MB entries fully associative
cpu19: smt 0, core 19, package 0
cpu20 at mainbus0: apid 20 (application processor)
cpu20: AMD EPYC 7542 32-Core Processor, 2894.58 MHz, 17-31-00
cpu20: FPU,VME,DE,PSE,TSC,MSR,PAE,MCE,CX8,APIC,SEP,MTRR,PGE,MCA,CMOV,PAT,PSE36,CFLUSH,MMX,FXSR,SSE,SSE2,HTT,SSE3,PCLMUL,MWAIT,SSSE3,FMA3,CX16,SSE4.1,SSE4.2,x2APIC,MOVBE,POPCNT,AES,XSAVE,AVX,F16C,RDRAND,NXE,MMXX,FFXSR,PAGE1GB,RDTSCP,LONG,LAHF,CMPLEG,SVM,EAPICSP,AMCR8,ABM,SSE4A,MASSE,3DNOWP,OSVW,IBS,SKINIT,TCE,TOPEXT,CPCTR,DBKP,PCTRL3,MWAITX,ITSC,FSGSBASE,BMI1,AVX2,SMEP,BMI2,PQM,RDSEED,ADX,SMAP,CLFLUSHOPT,CLWB,SHA,UMIP,IBPB,IBRS,STIBP,SSBD,XSAVEOPT,XSAVEC,XGETBV1,XSAVES
cpu20: 32KB 64b/line 8-way I-cache, 32KB 64b/line 8-way D-cache, 512KB 64b/line 8-way L2 cache, 128MB 64b/line disabled L3 cache
cpu20: ITLB 64 4KB entries fully associative, 64 4MB entries fully associative
cpu20: DTLB 64 4KB entries fully associative, 64 4MB entries fully associative
cpu20: smt 0, core 20, package 0
cpu21 at mainbus0: apid 21 (application processor)
cpu21: AMD EPYC 7542 32-Core Processor, 2894.56 MHz, 17-31-00
cpu21: FPU,VME,DE,PSE,TSC,MSR,PAE,MCE,CX8,APIC,SEP,MTRR,PGE,MCA,CMOV,PAT,PSE36,CFLUSH,MMX,FXSR,SSE,SSE2,HTT,SSE3,PCLMUL,MWAIT,SSSE3,FMA3,CX16,SSE4.1,SSE4.2,x2APIC,MOVBE,POPCNT,AES,XSAVE,AVX,F16C,RDRAND,NXE,MMXX,FFXSR,PAGE1GB,RDTSCP,LONG,LAHF,CMPLEG,SVM,EAPICSP,AMCR8,ABM,SSE4A,MASSE,3DNOWP,OSVW,IBS,SKINIT,TCE,TOPEXT,CPCTR,DBKP,PCTRL3,MWAITX,ITSC,FSGSBASE,BMI1,AVX2,SMEP,BMI2,PQM,RDSEED,ADX,SMAP,CLFLUSHOPT,CLWB,SHA,UMIP,IBPB,IBRS,STIBP,SSBD,XSAVEOPT,XSAVEC,XGETBV1,XSAVES
cpu21: 32KB 64b/line 8-way I-cache, 32KB 64b/line 8-way D-cache, 512KB 64b/line 8-way L2 cache, 128MB 64b/line disabled L3 cache
cpu21: ITLB 64 4KB entries fully associative, 64 4MB entries fully associative
cpu21: DTLB 64 4KB entries fully associative, 64 4MB entries fully associative
cpu21: smt 0, core 21, package 0
cpu22 at mainbus0: apid 22 (application processor)
cpu22: AMD EPYC 7542 32-Core Processor, 2894.56 MHz, 17-31-00
cpu22: FPU,VME,DE,PSE,TSC,MSR,PAE,MCE,CX8,APIC,SEP,MTRR,PGE,MCA,CMOV,PAT,PSE36,CFLUSH,MMX,FXSR,SSE,SSE2,HTT,SSE3,PCLMUL,MWAIT,SSSE3,FMA3,CX16,SSE4.1,SSE4.2,x2APIC,MOVBE,POPCNT,AES,XSAVE,AVX,F16C,RDRAND,NXE,MMXX,FFXSR,PAGE1GB,RDTSCP,LONG,LAHF,CMPLEG,SVM,EAPICSP,AMCR8,ABM,SSE4A,MASSE,3DNOWP,OSVW,IBS,SKINIT,TCE,TOPEXT,CPCTR,DBKP,PCTRL3,MWAITX,ITSC,FSGSBASE,BMI1,AVX2,SMEP,BMI2,PQM,RDSEED,ADX,SMAP,CLFLUSHOPT,CLWB,SHA,UMIP,IBPB,IBRS,STIBP,SSBD,XSAVEOPT,XSAVEC,XGETBV1,XSAVES
cpu22: 32KB 64b/line 8-way I-cache, 32KB 64b/line 8-way D-cache, 512KB 64b/line 8-way L2 cache, 128MB 64b/line disabled L3 cache
cpu22: ITLB 64 4KB entries fully associative, 64 4MB entries fully associative
cpu22: DTLB 64 4KB entries fully associative, 64 4MB entries fully associative
cpu22: smt 0, core 22, package 0
cpu23 at mainbus0: apid 23 (application processor)
cpu23: AMD EPYC 7542 32-Core Processor, 2894.56 MHz, 17-31-00
cpu23: FPU,VME,DE,PSE,TSC,MSR,PAE,MCE,CX8,APIC,SEP,MTRR,PGE,MCA,CMOV,PAT,PSE36,CFLUSH,MMX,FXSR,SSE,SSE2,HTT,SSE3,PCLMUL,MWAIT,SSSE3,FMA3,CX16,SSE4.1,SSE4.2,x2APIC,MOVBE,POPCNT,AES,XSAVE,AVX,F16C,RDRAND,NXE,MMXX,FFXSR,PAGE1GB,RDTSCP,LONG,LAHF,CMPLEG,SVM,EAPICSP,AMCR8,ABM,SSE4A,MASSE,3DNOWP,OSVW,IBS,SKINIT,TCE,TOPEXT,CPCTR,DBKP,PCTRL3,MWAITX,ITSC,FSGSBASE,BMI1,AVX2,SMEP,BMI2,PQM,RDSEED,ADX,SMAP,CLFLUSHOPT,CLWB,SHA,UMIP,IBPB,IBRS,STIBP,SSBD,XSAVEOPT,XSAVEC,XGETBV1,XSAVES
cpu23: 32KB 64b/line 8-way I-cache, 32KB 64b/line 8-way D-cache, 512KB 64b/line 8-way L2 cache, 128MB 64b/line disabled L3 cache
cpu23: ITLB 64 4KB entries fully associative, 64 4MB entries fully associative
cpu23: DTLB 64 4KB entries fully associative, 64 4MB entries fully associative
cpu23: smt 0, core 23, package 0
cpu24 at mainbus0: apid 24 (application processor)
cpu24: AMD EPYC 7542 32-Core Processor, 2894.57 MHz, 17-31-00
cpu24: FPU,VME,DE,PSE,TSC,MSR,PAE,MCE,CX8,APIC,SEP,MTRR,PGE,MCA,CMOV,PAT,PSE36,CFLUSH,MMX,FXSR,SSE,SSE2,HTT,SSE3,PCLMUL,MWAIT,SSSE3,FMA3,CX16,SSE4.1,SSE4.2,x2APIC,MOVBE,POPCNT,AES,XSAVE,AVX,F16C,RDRAND,NXE,MMXX,FFXSR,PAGE1GB,RDTSCP,LONG,LAHF,CMPLEG,SVM,EAPICSP,AMCR8,ABM,SSE4A,MASSE,3DNOWP,OSVW,IBS,SKINIT,TCE,TOPEXT,CPCTR,DBKP,PCTRL3,MWAITX,ITSC,FSGSBASE,BMI1,AVX2,SMEP,BMI2,PQM,RDSEED,ADX,SMAP,CLFLUSHOPT,CLWB,SHA,UMIP,IBPB,IBRS,STIBP,SSBD,XSAVEOPT,XSAVEC,XGETBV1,XSAVES
cpu24: 32KB 64b/line 8-way I-cache, 32KB 64b/line 8-way D-cache, 512KB 64b/line 8-way L2 cache, 128MB 64b/line disabled L3 cache
cpu24: ITLB 64 4KB entries fully associative, 64 4MB entries fully associative
cpu24: DTLB 64 4KB entries fully associative, 64 4MB entries fully associative
cpu24: smt 0, core 24, package 0
cpu25 at mainbus0: apid 25 (application processor)
cpu25: AMD EPYC 7542 32-Core Processor, 2894.56 MHz, 17-31-00
cpu25: FPU,VME,DE,PSE,TSC,MSR,PAE,MCE,CX8,APIC,SEP,MTRR,PGE,MCA,CMOV,PAT,PSE36,CFLUSH,MMX,FXSR,SSE,SSE2,HTT,SSE3,PCLMUL,MWAIT,SSSE3,FMA3,CX16,SSE4.1,SSE4.2,x2APIC,MOVBE,POPCNT,AES,XSAVE,AVX,F16C,RDRAND,NXE,MMXX,FFXSR,PAGE1GB,RDTSCP,LONG,LAHF,CMPLEG,SVM,EAPICSP,AMCR8,ABM,SSE4A,MASSE,3DNOWP,OSVW,IBS,SKINIT,TCE,TOPEXT,CPCTR,DBKP,PCTRL3,MWAITX,ITSC,FSGSBASE,BMI1,AVX2,SMEP,BMI2,PQM,RDSEED,ADX,SMAP,CLFLUSHOPT,CLWB,SHA,UMIP,IBPB,IBRS,STIBP,SSBD,XSAVEOPT,XSAVEC,XGETBV1,XSAVES
cpu25: 32KB 64b/line 8-way I-cache, 32KB 64b/line 8-way D-cache, 512KB 64b/line 8-way L2 cache, 128MB 64b/line disabled L3 cache
cpu25: ITLB 64 4KB entries fully associative, 64 4MB entries fully associative
cpu25: DTLB 64 4KB entries fully associative, 64 4MB entries fully associative
cpu25: smt 0, core 25, package 0
cpu26 at mainbus0: apid 26 (application processor)
cpu26: AMD EPYC 7542 32-Core Processor, 2894.56 MHz, 17-31-00
cpu26: FPU,VME,DE,PSE,TSC,MSR,PAE,MCE,CX8,APIC,SEP,MTRR,PGE,MCA,CMOV,PAT,PSE36,CFLUSH,MMX,FXSR,SSE,SSE2,HTT,SSE3,PCLMUL,MWAIT,SSSE3,FMA3,CX16,SSE4.1,SSE4.2,x2APIC,MOVBE,POPCNT,AES,XSAVE,AVX,F16C,RDRAND,NXE,MMXX,FFXSR,PAGE1GB,RDTSCP,LONG,LAHF,CMPLEG,SVM,EAPICSP,AMCR8,ABM,SSE4A,MASSE,3DNOWP,OSVW,IBS,SKINIT,TCE,TOPEXT,CPCTR,DBKP,PCTRL3,MWAITX,ITSC,FSGSBASE,BMI1,AVX2,SMEP,BMI2,PQM,RDSEED,ADX,SMAP,CLFLUSHOPT,CLWB,SHA,UMIP,IBPB,IBRS,STIBP,SSBD,XSAVEOPT,XSAVEC,XGETBV1,XSAVES
cpu26: 32KB 64b/line 8-way I-cache, 32KB 64b/line 8-way D-cache, 512KB 64b/line 8-way L2 cache, 128MB 64b/line disabled L3 cache
cpu26: ITLB 64 4KB entries fully associative, 64 4MB entries fully associative
cpu26: DTLB 64 4KB entries fully associative, 64 4MB entries fully associative
cpu26: smt 0, core 26, package 0
cpu27 at mainbus0: apid 27 (application processor)
cpu27: AMD EPYC 7542 32-Core Processor, 2894.56 MHz, 17-31-00
cpu27: FPU,VME,DE,PSE,TSC,MSR,PAE,MCE,CX8,APIC,SEP,MTRR,PGE,MCA,CMOV,PAT,PSE36,CFLUSH,MMX,FXSR,SSE,SSE2,HTT,SSE3,PCLMUL,MWAIT,SSSE3,FMA3,CX16,SSE4.1,SSE4.2,x2APIC,MOVBE,POPCNT,AES,XSAVE,AVX,F16C,RDRAND,NXE,MMXX,FFXSR,PAGE1GB,RDTSCP,LONG,LAHF,CMPLEG,SVM,EAPICSP,AMCR8,ABM,SSE4A,MASSE,3DNOWP,OSVW,IBS,SKINIT,TCE,TOPEXT,CPCTR,DBKP,PCTRL3,MWAITX,ITSC,FSGSBASE,BMI1,AVX2,SMEP,BMI2,PQM,RDSEED,ADX,SMAP,CLFLUSHOPT,CLWB,SHA,UMIP,IBPB,IBRS,STIBP,SSBD,XSAVEOPT,XSAVEC,XGETBV1,XSAVES
cpu27: 32KB 64b/line 8-way I-cache, 32KB 64b/line 8-way D-cache, 512KB 64b/line 8-way L2 cache, 128MB 64b/line disabled L3 cache
cpu27: ITLB 64 4KB entries fully associative, 64 4MB entries fully associative
cpu27: DTLB 64 4KB entries fully associative, 64 4MB entries fully associative
cpu27: smt 0, core 27, package 0
cpu28 at mainbus0: apid 28 (application processor)
cpu28: AMD EPYC 7542 32-Core Processor, 2894.57 MHz, 17-31-00
cpu28: FPU,VME,DE,PSE,TSC,MSR,PAE,MCE,CX8,APIC,SEP,MTRR,PGE,MCA,CMOV,PAT,PSE36,CFLUSH,MMX,FXSR,SSE,SSE2,HTT,SSE3,PCLMUL,MWAIT,SSSE3,FMA3,CX16,SSE4.1,SSE4.2,x2APIC,MOVBE,POPCNT,AES,XSAVE,AVX,F16C,RDRAND,NXE,MMXX,FFXSR,PAGE1GB,RDTSCP,LONG,LAHF,CMPLEG,SVM,EAPICSP,AMCR8,ABM,SSE4A,MASSE,3DNOWP,OSVW,IBS,SKINIT,TCE,TOPEXT,CPCTR,DBKP,PCTRL3,MWAITX,ITSC,FSGSBASE,BMI1,AVX2,SMEP,BMI2,PQM,RDSEED,ADX,SMAP,CLFLUSHOPT,CLWB,SHA,UMIP,IBPB,IBRS,STIBP,SSBD,XSAVEOPT,XSAVEC,XGETBV1,XSAVES
cpu28: 32KB 64b/line 8-way I-cache, 32KB 64b/line 8-way D-cache, 512KB 64b/line 8-way L2 cache, 128MB 64b/line disabled L3 cache
cpu28: ITLB 64 4KB entries fully associative, 64 4MB entries fully associative
cpu28: DTLB 64 4KB entries fully associative, 64 4MB entries fully associative
cpu28: smt 0, core 28, package 0
cpu29 at mainbus0: apid 29 (application processor)
cpu29: AMD EPYC 7542 32-Core Processor, 2894.56 MHz, 17-31-00
cpu29: FPU,VME,DE,PSE,TSC,MSR,PAE,MCE,CX8,APIC,SEP,MTRR,PGE,MCA,CMOV,PAT,PSE36,CFLUSH,MMX,FXSR,SSE,SSE2,HTT,SSE3,PCLMUL,MWAIT,SSSE3,FMA3,CX16,SSE4.1,SSE4.2,x2APIC,MOVBE,POPCNT,AES,XSAVE,AVX,F16C,RDRAND,NXE,MMXX,FFXSR,PAGE1GB,RDTSCP,LONG,LAHF,CMPLEG,SVM,EAPICSP,AMCR8,ABM,SSE4A,MASSE,3DNOWP,OSVW,IBS,SKINIT,TCE,TOPEXT,CPCTR,DBKP,PCTRL3,MWAITX,ITSC,FSGSBASE,BMI1,AVX2,SMEP,BMI2,PQM,RDSEED,ADX,SMAP,CLFLUSHOPT,CLWB,SHA,UMIP,IBPB,IBRS,STIBP,SSBD,XSAVEOPT,XSAVEC,XGETBV1,XSAVES
cpu29: 32KB 64b/line 8-way I-cache, 32KB 64b/line 8-way D-cache, 512KB 64b/line 8-way L2 cache, 128MB 64b/line disabled L3 cache
cpu29: ITLB 64 4KB entries fully associative, 64 4MB entries fully associative
cpu29: DTLB 64 4KB entries fully associative, 64 4MB entries fully associative
cpu29: smt 0, core 29, package 0
cpu30 at mainbus0: apid 30 (application processor)
cpu30: AMD EPYC 7542 32-Core Processor, 2894.56 MHz, 17-31-00
cpu30: FPU,VME,DE,PSE,TSC,MSR,PAE,MCE,CX8,APIC,SEP,MTRR,PGE,MCA,CMOV,PAT,PSE36,CFLUSH,MMX,FXSR,SSE,SSE2,HTT,SSE3,PCLMUL,MWAIT,SSSE3,FMA3,CX16,SSE4.1,SSE4.2,x2APIC,MOVBE,POPCNT,AES,XSAVE,AVX,F16C,RDRAND,NXE,MMXX,FFXSR,PAGE1GB,RDTSCP,LONG,LAHF,CMPLEG,SVM,EAPICSP,AMCR8,ABM,SSE4A,MASSE,3DNOWP,OSVW,IBS,SKINIT,TCE,TOPEXT,CPCTR,DBKP,PCTRL3,MWAITX,ITSC,FSGSBASE,BMI1,AVX2,SMEP,BMI2,PQM,RDSEED,ADX,SMAP,CLFLUSHOPT,CLWB,SHA,UMIP,IBPB,IBRS,STIBP,SSBD,XSAVEOPT,XSAVEC,XGETBV1,XSAVES
cpu30: 32KB 64b/line 8-way I-cache, 32KB 64b/line 8-way D-cache, 512KB 64b/line 8-way L2 cache, 128MB 64b/line disabled L3 cache
cpu30: ITLB 64 4KB entries fully associative, 64 4MB entries fully associative
cpu30: DTLB 64 4KB entries fully associative, 64 4MB entries fully associative
cpu30: smt 0, core 30, package 0
cpu31 at mainbus0: apid 31 (application processor)
cpu31: AMD EPYC 7542 32-Core Processor, 2894.56 MHz, 17-31-00
cpu31: FPU,VME,DE,PSE,TSC,MSR,PAE,MCE,CX8,APIC,SEP,MTRR,PGE,MCA,CMOV,PAT,PSE36,CFLUSH,MMX,FXSR,SSE,SSE2,HTT,SSE3,PCLMUL,MWAIT,SSSE3,FMA3,CX16,SSE4.1,SSE4.2,x2APIC,MOVBE,POPCNT,AES,XSAVE,AVX,F16C,RDRAND,NXE,MMXX,FFXSR,PAGE1GB,RDTSCP,LONG,LAHF,CMPLEG,SVM,EAPICSP,AMCR8,ABM,SSE4A,MASSE,3DNOWP,OSVW,IBS,SKINIT,TCE,TOPEXT,CPCTR,DBKP,PCTRL3,MWAITX,ITSC,FSGSBASE,BMI1,AVX2,SMEP,BMI2,PQM,RDSEED,ADX,SMAP,CLFLUSHOPT,CLWB,SHA,UMIP,IBPB,IBRS,STIBP,SSBD,XSAVEOPT,XSAVEC,XGETBV1,XSAVES
cpu31: 32KB 64b/line 8-way I-cache, 32KB 64b/line 8-way D-cache, 512KB 64b/line 8-way L2 cache, 128MB 64b/line disabled L3 cache
cpu31: ITLB 64 4KB entries fully associative, 64 4MB entries fully associative
cpu31: DTLB 64 4KB entries fully associative, 64 4MB entries fully associative
cpu31: smt 0, core 31, package 0
acpimadt0: unknown apic structure type 80
acpimadt0: unknown apic structure type 80
acpimadt0: unknown apic structure type 80
acpimadt0: unknown apic structure type 80
acpimadt0: unknown apic structure type 80
acpimadt0: unknown apic structure type 80
acpimadt0: unknown apic structure type 80
acpimadt0: unknown apic structure type 80
acpimadt0: unknown apic structure type 80
acpimadt0: unknown apic structure type 80
acpimadt0: unknown apic structure type 80
acpimadt0: unknown apic structure type 80
acpimadt0: unknown apic structure type 80
acpimadt0: unknown apic structure type 80
acpimadt0: unknown apic structure type 80
acpimadt0: unknown apic structure type 80
acpimadt0: unknown apic structure type 80
acpimadt0: unknown apic structure type 80
acpimadt0: unknown apic structure type 80
acpimadt0: unknown apic structure type 80
acpimadt0: unknown apic structure type 80
acpimadt0: unknown apic structure type 80
acpimadt0: unknown apic structure type 80
acpimadt0: unknown apic structure type 80
acpimadt0: unknown apic structure type 80
acpimadt0: unknown apic structure type 80
acpimadt0: unknown apic structure type 80
acpimadt0: unknown apic structure type 80
acpimadt0: unknown apic structure type 80
acpimadt0: unknown apic structure type 80
acpimadt0: unknown apic structure type 80
acpimadt0: unknown apic structure type 80
acpimadt0: unknown apic structure type 80
acpimadt0: unknown apic structure type 80
acpimadt0: unknown apic structure type 80
acpimadt0: unknown apic structure type 80
acpimadt0: unknown apic structure type 80
acpimadt0: unknown apic structure type 80
acpimadt0: unknown apic structure type 80
acpimadt0: unknown apic structure type 80
acpimadt0: unknown apic structure type 80
acpimadt0: unknown apic structure type 80
acpimadt0: unknown apic structure type 80
acpimadt0: unknown apic structure type 80
acpimadt0: unknown apic structure type 80
acpimadt0: unknown apic structure type 80
acpimadt0: unknown apic structure type 80
acpimadt0: unknown apic structure type 80
acpimadt0: unknown apic structure type 80
acpimadt0: unknown apic structure type 80
acpimadt0: unknown apic structure type 80
acpimadt0: unknown apic structure type 80
acpimadt0: unknown apic structure type 80
acpimadt0: unknown apic structure type 80
acpimadt0: unknown apic structure type 80
acpimadt0: unknown apic structure type 80
acpimadt0: unknown apic structure type 80
acpimadt0: unknown apic structure type 80
acpimadt0: unknown apic structure type 80
acpimadt0: unknown apic structure type 80
acpimadt0: unknown apic structure type 80
acpimadt0: unknown apic structure type 80
acpimadt0: unknown apic structure type 80
acpimadt0: unknown apic structure type 80
acpimadt0: unknown apic structure type 80
acpimadt0: unknown apic structure type 80
acpimadt0: unknown apic structure type 80
acpimadt0: unknown apic structure type 80
acpimadt0: unknown apic structure type 80
acpimadt0: unknown apic structure type 80
acpimadt0: unknown apic structure type 80
acpimadt0: unknown apic structure type 80
acpimadt0: unknown apic structure type 80
acpimadt0: unknown apic structure type 80
acpimadt0: unknown apic structure type 80
acpimadt0: unknown apic structure type 80
acpimadt0: unknown apic structure type 80
acpimadt0: unknown apic structure type 80
acpimadt0: unknown apic structure type 80
acpimadt0: unknown apic structure type 80
acpimadt0: unknown apic structure type 80
acpimadt0: unknown apic structure type 80
acpimadt0: unknown apic structure type 80
acpimadt0: unknown apic structure type 80
acpimadt0: unknown apic structure type 80
acpimadt0: unknown apic structure type 80
acpimadt0: unknown apic structure type 80
acpimadt0: unknown apic structure type 80
acpimadt0: unknown apic structure type 80
acpimadt0: unknown apic structure type 80
acpimadt0: unknown apic structure type 80
acpimadt0: unknown apic structure type 80
acpimadt0: unknown apic structure type 80
acpimadt0: unknown apic structure type 80
acpimadt0: unknown apic structure type 80
acpimadt0: unknown apic structure type 80
acpimadt0: unknown apic structure type 80
acpimadt0: unknown apic structure type 80
acpimadt0: unknown apic structure type 80
acpimadt0: unknown apic structure type 80
acpimadt0: unknown apic structure type 80
acpimadt0: unknown apic structure type 80
acpimadt0: unknown apic structure type 80
acpimadt0: unknown apic structure type 80
acpimadt0: unknown apic structure type 80
acpimadt0: unknown apic structure type 80
acpimadt0: unknown apic structure type 80
acpimadt0: unknown apic structure type 80
acpimadt0: unknown apic structure type 80
acpimadt0: unknown apic structure type 80
acpimadt0: unknown apic structure type 80
acpimadt0: unknown apic structure type 80
acpimadt0: unknown apic structure type 80
acpimadt0: unknown apic structure type 80
acpimadt0: unknown apic structure type 80
acpimadt0: unknown apic structure type 80
acpimadt0: unknown apic structure type 80
acpimadt0: unknown apic structure type 80
acpimadt0: unknown apic structure type 80
acpimadt0: unknown apic structure type 80
acpimadt0: unknown apic structure type 80
acpimadt0: unknown apic structure type 80
acpimadt0: unknown apic structure type 80
acpimadt0: unknown apic structure type 80
acpimadt0: unknown apic structure type 80
acpimadt0: unknown apic structure type 80
acpimadt0: unknown apic structure type 80
acpimadt0: unknown apic structure type 80
acpimadt0: unknown apic structure type 80
acpimadt0: unknown apic structure type 80
acpimadt0: unknown apic structure type 80
acpimadt0: unknown apic structure type 80
acpimadt0: unknown apic structure type 80
acpimadt0: unknown apic structure type 80
acpimadt0: unknown apic structure type 80
acpimadt0: unknown apic structure type 80
acpimadt0: unknown apic structure type 80
acpimadt0: unknown apic structure type 80
acpimadt0: unknown apic structure type 80
acpimadt0: unknown apic structure type 80
acpimadt0: unknown apic structure type 80
acpimadt0: unknown apic structure type 80
acpimadt0: unknown apic structure type 80
acpimadt0: unknown apic structure type 80
acpimadt0: unknown apic structure type 80
acpimadt0: unknown apic structure type 80
acpimadt0: unknown apic structure type 80
acpimadt0: unknown apic structure type 80
acpimadt0: unknown apic structure type 80
acpimadt0: unknown apic structure type 80
acpimadt0: unknown apic structure type 80
acpimadt0: unknown apic structure type 80
acpimadt0: unknown apic structure type 80
acpimadt0: unknown apic structure type 80
acpimadt0: unknown apic structure type 80
acpimadt0: unknown apic structure type 80
acpimadt0: unknown apic structure type 80
acpimadt0: unknown apic structure type 80
acpimadt0: unknown apic structure type 80
acpimadt0: unknown apic structure type 80
acpimadt0: unknown apic structure type 80
acpimadt0: unknown apic structure type 80
acpimadt0: unknown apic structure type 80
acpimadt0: unknown apic structure type 80
acpimadt0: unknown apic structure type 80
acpimadt0: unknown apic structure type 80
acpimadt0: unknown apic structure type 80
acpimadt0: unknown apic structure type 80
acpimadt0: unknown apic structure type 80
acpimadt0: unknown apic structure type 80
acpimadt0: unknown apic structure type 80
acpimadt0: unknown apic structure type 80
acpimadt0: unknown apic structure type 80
acpimadt0: unknown apic structure type 80
acpimadt0: unknown apic structure type 80
acpimadt0: unknown apic structure type 80
acpimadt0: unknown apic structure type 80
acpimadt0: unknown apic structure type 80
acpimadt0: unknown apic structure type 80
acpimadt0: unknown apic structure type 80
acpimadt0: unknown apic structure type 80
acpimadt0: unknown apic structure type 80
acpimadt0: unknown apic structure type 80
acpimadt0: unknown apic structure type 80
acpimadt0: unknown apic structure type 80
acpimadt0: unknown apic structure type 80
acpimadt0: unknown apic structure type 80
acpimadt0: unknown apic structure type 80
acpimadt0: unknown apic structure type 80
acpimadt0: unknown apic structure type 80
acpimadt0: unknown apic structure type 80
acpimadt0: unknown apic structure type 80
acpimadt0: unknown apic structure type 80
acpimadt0: unknown apic structure type 80
acpimadt0: unknown apic structure type 80
acpimadt0: unknown apic structure type 80
acpimadt0: unknown apic structure type 80
acpimadt0: unknown apic structure type 80
acpimadt0: unknown apic structure type 80
acpimadt0: unknown apic structure type 80
acpimadt0: unknown apic structure type 80
acpimadt0: unknown apic structure type 80
acpimadt0: unknown apic structure type 80
acpimadt0: unknown apic structure type 80
acpimadt0: unknown apic structure type 80
acpimadt0: unknown apic structure type 80
acpimadt0: unknown apic structure type 80
acpimadt0: unknown apic structure type 80
acpimadt0: unknown apic structure type 80
acpimadt0: unknown apic structure type 80
acpimadt0: unknown apic structure type 80
acpimadt0: unknown apic structure type 80
acpimadt0: unknown apic structure type 80
acpimadt0: unknown apic structure type 80
acpimadt0: unknown apic structure type 80
acpimadt0: unknown apic structure type 80
acpimadt0: unknown apic structure type 80
acpimadt0: unknown apic structure type 80
acpimadt0: unknown apic structure type 80
acpimadt0: unknown apic structure type 80
acpimadt0: unknown apic structure type 80
acpimadt0: unknown apic structure type 80
acpimadt0: unknown apic structure type 80
acpimadt0: unknown apic structure type 80
acpimadt0: unknown apic structure type 80
acpimadt0: unknown apic structure type 80
acpimadt0: unknown apic structure type 80
acpimadt0: unknown apic structure type 80
acpimadt0: unknown apic structure type 80
acpimadt0: unknown apic structure type 80
acpimadt0: unknown apic structure type 80
acpimadt0: unknown apic structure type 80
acpimadt0: unknown apic structure type 80
acpimadt0: unknown apic structure type 80
acpimadt0: unknown apic structure type 80
acpimadt0: unknown apic structure type 80
acpimadt0: unknown apic structure type 80
acpimadt0: unknown apic structure type 80
acpimadt0: unknown apic structure type 80
acpimadt0: unknown apic structure type 80
acpimadt0: unknown apic structure type 80
acpimadt0: unknown apic structure type 80
acpimadt0: unknown apic structure type 80
acpimadt0: unknown apic structure type 80
acpimadt0: unknown apic structure type 80
acpimadt0: unknown apic structure type 80
acpimadt0: unknown apic structure type 80
acpimadt0: unknown apic structure type 80
acpimadt0: unknown apic structure type 80
acpimadt0: unknown apic structure type 80
acpimadt0: unknown apic structure type 80
acpimadt0: unknown apic structure type 80
acpimadt0: unknown apic structure type 80
acpimadt0: unknown apic structure type 80
acpimadt0: unknown apic structure type 80
acpimadt0: unknown apic structure type 80
acpimadt0: unknown apic structure type 80
acpimadt0: unknown apic structure type 80
acpimadt0: unknown apic structure type 80
acpimadt0: unknown apic structure type 80
acpimadt0: unknown apic structure type 80
acpimadt0: unknown apic structure type 80
acpimadt0: unknown apic structure type 80
acpimadt0: unknown apic structure type 80
acpimadt0: unknown apic structure type 80
acpimadt0: unknown apic structure type 80
acpimadt0: unknown apic structure type 80
acpimadt0: unknown apic structure type 80
acpimadt0: unknown apic structure type 80
acpimadt0: unknown apic structure type 80
acpimadt0: unknown apic structure type 80
acpimadt0: unknown apic structure type 80
acpimadt0: unknown apic structure type 80
acpimadt0: unknown apic structure type 80
acpimadt0: unknown apic structure type 80
acpimadt0: unknown apic structure type 80
acpimadt0: unknown apic structure type 80
acpimadt0: unknown apic structure type 80
acpimadt0: unknown apic structure type 80
acpimadt0: unknown apic structure type 80
acpimadt0: unknown apic structure type 80
acpimadt0: unknown apic structure type 80
acpimadt0: unknown apic structure type 80
acpimadt0: unknown apic structure type 80
acpimadt0: unknown apic structure type 80
acpimadt0: unknown apic structure type 80
acpimadt0: unknown apic structure type 80
acpimadt0: unknown apic structure type 80
acpimadt0: unknown apic structure type 80
acpimadt0: unknown apic structure type 80
acpimadt0: unknown apic structure type 80
acpimadt0: unknown apic structure type 80
acpimadt0: unknown apic structure type 80
acpimadt0: unknown apic structure type 80
acpimadt0: unknown apic structure type 80
acpimadt0: unknown apic structure type 80
acpimadt0: unknown apic structure type 80
acpimadt0: unknown apic structure type 80
acpimadt0: unknown apic structure type 80
acpimadt0: unknown apic structure type 80
acpimadt0: unknown apic structure type 80
acpimadt0: unknown apic structure type 80
acpimadt0: unknown apic structure type 80
acpimadt0: unknown apic structure type 80
acpimadt0: unknown apic structure type 80
acpimadt0: unknown apic structure type 80
acpimadt0: unknown apic structure type 80
acpimadt0: unknown apic structure type 80
acpimadt0: unknown apic structure type 80
acpimadt0: unknown apic structure type 80
acpimadt0: unknown apic structure type 80
acpimadt0: unknown apic structure type 80
acpimadt0: unknown apic structure type 80
acpimadt0: unknown apic structure type 80
acpimadt0: unknown apic structure type 80
acpimadt0: unknown apic structure type 80
acpimadt0: unknown apic structure type 80
acpimadt0: unknown apic structure type 80
acpimadt0: unknown apic structure type 80
acpimadt0: unknown apic structure type 80
acpimadt0: unknown apic structure type 80
acpimadt0: unknown apic structure type 80
acpimadt0: unknown apic structure type 80
acpimadt0: unknown apic structure type 80
acpimadt0: unknown apic structure type 80
acpimadt0: unknown apic structure type 80
acpimadt0: unknown apic structure type 80
acpimadt0: unknown apic structure type 80
acpimadt0: unknown apic structure type 80
acpimadt0: unknown apic structure type 80
acpimadt0: unknown apic structure type 80
acpimadt0: unknown apic structure type 80
acpimadt0: unknown apic structure type 80
acpimadt0: unknown apic structure type 80
acpimadt0: unknown apic structure type 80
acpimadt0: unknown apic structure type 80
acpimadt0: unknown apic structure type 80
acpimadt0: unknown apic structure type 80
acpimadt0: unknown apic structure type 80
acpimadt0: unknown apic structure type 80
acpimadt0: unknown apic structure type 80
acpimadt0: unknown apic structure type 80
acpimadt0: unknown apic structure type 80
acpimadt0: unknown apic structure type 80
acpimadt0: unknown apic structure type 80
acpimadt0: unknown apic structure type 80
acpimadt0: unknown apic structure type 80
acpimadt0: unknown apic structure type 80
acpimadt0: unknown apic structure type 80
acpimadt0: unknown apic structure type 80
acpimadt0: unknown apic structure type 80
acpimadt0: unknown apic structure type 80
acpimadt0: unknown apic structure type 80
acpimadt0: unknown apic structure type 80
acpimadt0: unknown apic structure type 80
acpimadt0: unknown apic structure type 80
acpimadt0: unknown apic structure type 80
acpimadt0: unknown apic structure type 80
acpimadt0: unknown apic structure type 80
acpimadt0: unknown apic structure type 80
acpimadt0: unknown apic structure type 80
acpimadt0: unknown apic structure type 80
acpimadt0: unknown apic structure type 80
acpimadt0: unknown apic structure type 80
acpimadt0: unknown apic structure type 80
acpimadt0: unknown apic structure type 80
acpimadt0: unknown apic structure type 80
acpimadt0: unknown apic structure type 80
acpimadt0: unknown apic structure type 80
acpimadt0: unknown apic structure type 80
acpimadt0: unknown apic structure type 80
acpimadt0: unknown apic structure type 80
acpimadt0: unknown apic structure type 80
acpimadt0: unknown apic structure type 80
acpimadt0: unknown apic structure type 80
acpimadt0: unknown apic structure type 80
acpimadt0: unknown apic structure type 80
acpimadt0: unknown apic structure type 80
acpimadt0: unknown apic structure type 80
acpimadt0: unknown apic structure type 80
acpimadt0: unknown apic structure type 80
acpimadt0: unknown apic structure type 80
acpimadt0: unknown apic structure type 80
acpimadt0: unknown apic structure type 80
acpimadt0: unknown apic structure type 80
acpimadt0: unknown apic structure type 80
acpimadt0: unknown apic structure type 80
acpimadt0: unknown apic structure type 80
acpimadt0: unknown apic structure type 80
acpimadt0: unknown apic structure type 80
acpimadt0: unknown apic structure type 80
acpimadt0: unknown apic structure type 80
acpimadt0: unknown apic structure type 80
acpimadt0: unknown apic structure type 80
acpimadt0: unknown apic structure type 80
acpimadt0: unknown apic structure type 80
acpimadt0: unknown apic structure type 80
acpimadt0: unknown apic structure type 80
acpimadt0: unknown apic structure type 80
acpimadt0: unknown apic structure type 80
acpimadt0: unknown apic structure type 80
acpimadt0: unknown apic structure type 80
acpimadt0: unknown apic structure type 80
acpimadt0: unknown apic structure type 80
acpimadt0: unknown apic structure type 80
acpimadt0: unknown apic structure type 80
acpimadt0: unknown apic structure type 80
acpimadt0: unknown apic structure type 80
acpimadt0: unknown apic structure type 80
acpimadt0: unknown apic structure type 80
acpimadt0: unknown apic structure type 80
acpimadt0: unknown apic structure type 80
acpimadt0: unknown apic structure type 80
acpimadt0: unknown apic structure type 80
acpimadt0: unknown apic structure type 80
acpimadt0: unknown apic structure type 80
acpimadt0: unknown apic structure type 80
acpimadt0: unknown apic structure type 80
acpimadt0: unknown apic structure type 80
acpimadt0: unknown apic structure type 80
acpimadt0: unknown apic structure type 80
acpimadt0: unknown apic structure type 80
acpimadt0: unknown apic structure type 80
acpimadt0: unknown apic structure type 80
acpimadt0: unknown apic structure type 80
acpimadt0: unknown apic structure type 80
acpimadt0: unknown apic structure type 80
acpimadt0: unknown apic structure type 80
acpimadt0: unknown apic structure type 80
acpimadt0: unknown apic structure type 80
acpimadt0: unknown apic structure type 80
acpimadt0: unknown apic structure type 80
acpimadt0: unknown apic structure type 80
acpimadt0: unknown apic structure type 80
acpimadt0: unknown apic structure type 80
acpimadt0: unknown apic structure type 80
acpimadt0: unknown apic structure type 80
acpimadt0: unknown apic structure type 80
acpimadt0: unknown apic structure type 80
acpimadt0: unknown apic structure type 80
acpimadt0: unknown apic structure type 80
acpimadt0: unknown apic structure type 80
acpimadt0: unknown apic structure type 80
acpimadt0: unknown apic structure type 80
acpimadt0: unknown apic structure type 80
acpimadt0: unknown apic structure type 80
acpimadt0: unknown apic structure type 80
acpimadt0: unknown apic structure type 80
acpimadt0: unknown apic structure type 80
acpimadt0: unknown apic structure type 80
acpimadt0: unknown apic structure type 80
acpimadt0: unknown apic structure type 80
acpimadt0: unknown apic structure type 80
acpimadt0: unknown apic structure type 80
acpimadt0: unknown apic structure type 80
acpimadt0: unknown apic structure type 80
acpimadt0: unknown apic structure type 80
acpimadt0: unknown apic structure type 80
acpimadt0: unknown apic structure type 80
acpimadt0: unknown apic structure type 80
acpimadt0: unknown apic structure type 80
acpimadt0: unknown apic structure type 80
acpimadt0: unknown apic structure type 80
acpimadt0: unknown apic structure type 80
acpimadt0: unknown apic structure type 80
acpimadt0: unknown apic structure type 80
acpimadt0: unknown apic structure type 80
acpimadt0: unknown apic structure type 80
acpimadt0: unknown apic structure type 80
acpimadt0: unknown apic structure type 80
acpimadt0: unknown apic structure type 80
acpimadt0: unknown apic structure type 80
acpimadt0: unknown apic structure type 80
acpimadt0: unknown apic structure type 80
acpimadt0: unknown apic structure type 80
acpimadt0: unknown apic structure type 80
acpimadt0: unknown apic structure type 80
acpimadt0: unknown apic structure type 80
acpimadt0: unknown apic structure type 80
acpimadt0: unknown apic structure type 80
acpimadt0: unknown apic structure type 80
acpimadt0: unknown apic structure type 80
acpimadt0: unknown apic structure type 80
acpimadt0: unknown apic structure type 80
acpimcfg0 at acpi0
acpimcfg0: addr 0x80000000, bus 0-255
acpiprt0 at acpi0: bus 0 (PC00)
acpiprt1 at acpi0: bus -1 (D011)
acpiprt2 at acpi0: bus -1 (D012)
acpiprt3 at acpi0: bus -1 (D013)
acpiprt4 at acpi0: bus -1 (D014)
acpiprt5 at acpi0: bus -1 (D021)
acpiprt6 at acpi0: bus -1 (D031)
acpiprt7 at acpi0: bus 1 (D032)
acpiprt8 at acpi0: bus -1 (D033)
acpiprt9 at acpi0: bus -1 (D034)
acpiprt10 at acpi0: bus -1 (D041)
acpiprt11 at acpi0: bus 2 (D071)
acpiprt12 at acpi0: bus 3 (D081)
acpiprt13 at acpi0: bus -1 (D082)
acpiprt14 at acpi0: bus -1 (D083)
acpiprt15 at acpi0: bus 64 (PC01)
acpiprt16 at acpi0: bus -1 (D011)
acpiprt17 at acpi0: bus -1 (D012)
acpiprt18 at acpi0: bus -1 (D013)
acpiprt19 at acpi0: bus -1 (D014)
acpiprt20 at acpi0: bus -1 (D021)
acpiprt21 at acpi0: bus 65 (D031)
acpiprt22 at acpi0: bus 66 (D032)
acpiprt23 at acpi0: bus 67 (D033)
acpiprt24 at acpi0: bus 68 (D034)
acpiprt25 at acpi0: bus -1 (D041)
acpiprt26 at acpi0: bus 69 (D071)
acpiprt27 at acpi0: bus 70 (D081)
acpiprt28 at acpi0: bus -1 (D082)
acpiprt29 at acpi0: bus -1 (D083)
acpiprt30 at acpi0: bus 128 (PC02)
acpiprt31 at acpi0: bus 129 (D011)
acpiprt32 at acpi0: bus 130 (D012)
acpiprt33 at acpi0: bus 131 (D013)
acpiprt34 at acpi0: bus 132 (D014)
acpiprt35 at acpi0: bus -1 (D021)
acpiprt36 at acpi0: bus -1 (D031)
acpiprt37 at acpi0: bus -1 (D032)
acpiprt38 at acpi0: bus -1 (D033)
acpiprt39 at acpi0: bus -1 (D034)
acpiprt40 at acpi0: bus -1 (D041)
acpiprt41 at acpi0: bus 133 (D071)
acpiprt42 at acpi0: bus 134 (D081)
acpiprt43 at acpi0: bus 135 (D082)
acpiprt44 at acpi0: bus 136 (D083)
acpiprt45 at acpi0: bus 192 (PC03)
acpiprt46 at acpi0: bus -1 (D011)
acpiprt47 at acpi0: bus -1 (D012)
acpiprt48 at acpi0: bus -1 (D013)
acpiprt49 at acpi0: bus -1 (D014)
acpiprt50 at acpi0: bus -1 (D021)
acpiprt51 at acpi0: bus 193 (D031)
acpiprt52 at acpi0: bus 194 (D032)
acpiprt53 at acpi0: bus 195 (D033)
acpiprt54 at acpi0: bus 196 (D034)
acpiprt55 at acpi0: bus -1 (D041)
acpiprt56 at acpi0: bus 197 (D051)
acpiprt57 at acpi0: bus 198 (D052)
acpiprt58 at acpi0: bus -1 (N750)
acpiprt59 at acpi0: bus 200 (D071)
acpiprt60 at acpi0: bus 201 (D081)
acpiprt61 at acpi0: bus -1 (D082)
acpiprt62 at acpi0: bus -1 (D083)
&quot;PNP0C33&quot; at acpi0 not configured
acpibtn0 at acpi0: PWRB
acpipci0 at acpi0 PC00: 0x00000000 0x00000011 0x00000001
acpicmos0 at acpi0
&quot;IPI0001&quot; at acpi0 not configured
acpipci1 at acpi0 PC01: 0x00000000 0x00000011 0x00000001
acpipci2 at acpi0 PC02: 0x00000000 0x00000011 0x00000001
acpipci3 at acpi0 PC03: 0x00000000 0x00000011 0x00000001
&quot;ACPI0007&quot; at acpi0 not configured
&quot;ACPI0007&quot; at acpi0 not configured
&quot;ACPI0007&quot; at acpi0 not configured
&quot;ACPI0007&quot; at acpi0 not configured
&quot;ACPI0007&quot; at acpi0 not configured
&quot;ACPI0007&quot; at acpi0 not configured
&quot;ACPI0007&quot; at acpi0 not configured
&quot;ACPI0007&quot; at acpi0 not configured
&quot;ACPI0007&quot; at acpi0 not configured
&quot;ACPI0007&quot; at acpi0 not configured
&quot;ACPI0007&quot; at acpi0 not configured
&quot;ACPI0007&quot; at acpi0 not configured
&quot;ACPI0007&quot; at acpi0 not configured
&quot;ACPI0007&quot; at acpi0 not configured
&quot;ACPI0007&quot; at acpi0 not configured
&quot;ACPI0007&quot; at acpi0 not configured
&quot;ACPI0007&quot; at acpi0 not configured
&quot;ACPI0007&quot; at acpi0 not configured
&quot;ACPI0007&quot; at acpi0 not configured
&quot;ACPI0007&quot; at acpi0 not configured
&quot;ACPI0007&quot; at acpi0 not configured
&quot;ACPI0007&quot; at acpi0 not configured
&quot;ACPI0007&quot; at acpi0 not configured
&quot;ACPI0007&quot; at acpi0 not configured
&quot;ACPI0007&quot; at acpi0 not configured
&quot;ACPI0007&quot; at acpi0 not configured
&quot;ACPI0007&quot; at acpi0 not configured
&quot;ACPI0007&quot; at acpi0 not configured
&quot;ACPI0007&quot; at acpi0 not configured
&quot;ACPI0007&quot; at acpi0 not configured
&quot;ACPI0007&quot; at acpi0 not configured
&quot;ACPI0007&quot; at acpi0 not configured
&quot;ACPI0007&quot; at acpi0 not configured
&quot;ACPI0007&quot; at acpi0 not configured
&quot;ACPI0007&quot; at acpi0 not configured
&quot;ACPI0007&quot; at acpi0 not configured
&quot;ACPI0007&quot; at acpi0 not configured
&quot;ACPI0007&quot; at acpi0 not configured
&quot;ACPI0007&quot; at acpi0 not configured
&quot;ACPI0007&quot; at acpi0 not configured
&quot;ACPI0007&quot; at acpi0 not configured
&quot;ACPI0007&quot; at acpi0 not configured
&quot;ACPI0007&quot; at acpi0 not configured
&quot;ACPI0007&quot; at acpi0 not configured
&quot;ACPI0007&quot; at acpi0 not configured
&quot;ACPI0007&quot; at acpi0 not configured
&quot;ACPI0007&quot; at acpi0 not configured
&quot;ACPI0007&quot; at acpi0 not configured
&quot;ACPI0007&quot; at acpi0 not configured
&quot;ACPI0007&quot; at acpi0 not configured
&quot;ACPI0007&quot; at acpi0 not configured
&quot;ACPI0007&quot; at acpi0 not configured
&quot;ACPI0007&quot; at acpi0 not configured
&quot;ACPI0007&quot; at acpi0 not configured
&quot;ACPI0007&quot; at acpi0 not configured
&quot;ACPI0007&quot; at acpi0 not configured
&quot;ACPI0007&quot; at acpi0 not configured
&quot;ACPI0007&quot; at acpi0 not configured
&quot;ACPI0007&quot; at acpi0 not configured
&quot;ACPI0007&quot; at acpi0 not configured
&quot;ACPI0007&quot; at acpi0 not configured
&quot;ACPI0007&quot; at acpi0 not configured
&quot;ACPI0007&quot; at acpi0 not configured
&quot;ACPI0007&quot; at acpi0 not configured
&quot;ACPI0007&quot; at acpi0 not configured
&quot;ACPI0007&quot; at acpi0 not configured
&quot;ACPI0007&quot; at acpi0 not configured
&quot;ACPI0007&quot; at acpi0 not configured
&quot;ACPI0007&quot; at acpi0 not configured
&quot;ACPI0007&quot; at acpi0 not configured
&quot;ACPI0007&quot; at acpi0 not configured
&quot;ACPI0007&quot; at acpi0 not configured
&quot;ACPI0007&quot; at acpi0 not configured
&quot;ACPI0007&quot; at acpi0 not configured
&quot;ACPI0007&quot; at acpi0 not configured
&quot;ACPI0007&quot; at acpi0 not configured
&quot;ACPI0007&quot; at acpi0 not configured
&quot;ACPI0007&quot; at acpi0 not configured
&quot;ACPI0007&quot; at acpi0 not configured
&quot;ACPI0007&quot; at acpi0 not configured
&quot;ACPI0007&quot; at acpi0 not configured
&quot;ACPI0007&quot; at acpi0 not configured
&quot;ACPI0007&quot; at acpi0 not configured
&quot;ACPI0007&quot; at acpi0 not configured
&quot;ACPI0007&quot; at acpi0 not configured
&quot;ACPI0007&quot; at acpi0 not configured
&quot;ACPI0007&quot; at acpi0 not configured
&quot;ACPI0007&quot; at acpi0 not configured
&quot;ACPI0007&quot; at acpi0 not configured
&quot;ACPI0007&quot; at acpi0 not configured
&quot;ACPI0007&quot; at acpi0 not configured
&quot;ACPI0007&quot; at acpi0 not configured
&quot;ACPI0007&quot; at acpi0 not configured
&quot;ACPI0007&quot; at acpi0 not configured
&quot;ACPI0007&quot; at acpi0 not configured
&quot;ACPI0007&quot; at acpi0 not configured
&quot;ACPI0007&quot; at acpi0 not configured
&quot;ACPI0007&quot; at acpi0 not configured
&quot;ACPI0007&quot; at acpi0 not configured
&quot;ACPI0007&quot; at acpi0 not configured
&quot;ACPI0007&quot; at acpi0 not configured
&quot;ACPI0007&quot; at acpi0 not configured
&quot;ACPI0007&quot; at acpi0 not configured
&quot;ACPI0007&quot; at acpi0 not configured
&quot;ACPI0007&quot; at acpi0 not configured
&quot;ACPI0007&quot; at acpi0 not configured
&quot;ACPI0007&quot; at acpi0 not configured
&quot;ACPI0007&quot; at acpi0 not configured
&quot;ACPI0007&quot; at acpi0 not configured
&quot;ACPI0007&quot; at acpi0 not configured
&quot;ACPI0007&quot; at acpi0 not configured
&quot;ACPI0007&quot; at acpi0 not configured
&quot;ACPI0007&quot; at acpi0 not configured
&quot;ACPI0007&quot; at acpi0 not configured
&quot;ACPI0007&quot; at acpi0 not configured
&quot;ACPI0007&quot; at acpi0 not configured
&quot;ACPI0007&quot; at acpi0 not configured
&quot;ACPI0007&quot; at acpi0 not configured
&quot;ACPI0007&quot; at acpi0 not configured
&quot;ACPI0007&quot; at acpi0 not configured
&quot;ACPI0007&quot; at acpi0 not configured
&quot;ACPI0007&quot; at acpi0 not configured
&quot;ACPI0007&quot; at acpi0 not configured
&quot;ACPI0007&quot; at acpi0 not configured
&quot;ACPI0007&quot; at acpi0 not configured
&quot;ACPI0007&quot; at acpi0 not configured
&quot;ACPI0007&quot; at acpi0 not configured
&quot;ACPI0007&quot; at acpi0 not configured
&quot;ACPI0007&quot; at acpi0 not configured
&quot;ACPI0007&quot; at acpi0 not configured
&quot;ACPI0007&quot; at acpi0 not configured
&quot;ACPI0007&quot; at acpi0 not configured
&quot;ACPI0007&quot; at acpi0 not configured
&quot;ACPI0007&quot; at acpi0 not configured
&quot;ACPI0007&quot; at acpi0 not configured
&quot;ACPI0007&quot; at acpi0 not configured
&quot;ACPI0007&quot; at acpi0 not configured
&quot;ACPI0007&quot; at acpi0 not configured
&quot;ACPI0007&quot; at acpi0 not configured
&quot;ACPI0007&quot; at acpi0 not configured
&quot;ACPI0007&quot; at acpi0 not configured
&quot;ACPI0007&quot; at acpi0 not configured
&quot;ACPI0007&quot; at acpi0 not configured
&quot;ACPI0007&quot; at acpi0 not configured
&quot;ACPI0007&quot; at acpi0 not configured
&quot;ACPI0007&quot; at acpi0 not configured
&quot;ACPI0007&quot; at acpi0 not configured
&quot;ACPI0007&quot; at acpi0 not configured
&quot;ACPI0007&quot; at acpi0 not configured
&quot;ACPI0007&quot; at acpi0 not configured
&quot;ACPI0007&quot; at acpi0 not configured
&quot;ACPI0007&quot; at acpi0 not configured
&quot;ACPI0007&quot; at acpi0 not configured
&quot;ACPI0007&quot; at acpi0 not configured
&quot;ACPI0007&quot; at acpi0 not configured
&quot;ACPI0007&quot; at acpi0 not configured
&quot;ACPI0007&quot; at acpi0 not configured
&quot;ACPI0007&quot; at acpi0 not configured
&quot;ACPI0007&quot; at acpi0 not configured
&quot;ACPI0007&quot; at acpi0 not configured
&quot;ACPI0007&quot; at acpi0 not configured
&quot;ACPI0007&quot; at acpi0 not configured
&quot;ACPI0007&quot; at acpi0 not configured
&quot;ACPI0007&quot; at acpi0 not configured
&quot;ACPI0007&quot; at acpi0 not configured
&quot;ACPI0007&quot; at acpi0 not configured
&quot;ACPI0007&quot; at acpi0 not configured
&quot;ACPI0007&quot; at acpi0 not configured
&quot;ACPI0007&quot; at acpi0 not configured
&quot;ACPI0007&quot; at acpi0 not configured
&quot;ACPI0007&quot; at acpi0 not configured
&quot;ACPI0007&quot; at acpi0 not configured
&quot;ACPI0007&quot; at acpi0 not configured
&quot;ACPI0007&quot; at acpi0 not configured
&quot;ACPI0007&quot; at acpi0 not configured
&quot;ACPI0007&quot; at acpi0 not configured
&quot;ACPI0007&quot; at acpi0 not configured
&quot;ACPI0007&quot; at acpi0 not configured
&quot;ACPI0007&quot; at acpi0 not configured
&quot;ACPI0007&quot; at acpi0 not configured
&quot;ACPI0007&quot; at acpi0 not configured
&quot;ACPI0007&quot; at acpi0 not configured
&quot;ACPI0007&quot; at acpi0 not configured
&quot;ACPI0007&quot; at acpi0 not configured
&quot;ACPI0007&quot; at acpi0 not configured
&quot;ACPI0007&quot; at acpi0 not configured
&quot;ACPI0007&quot; at acpi0 not configured
&quot;ACPI0007&quot; at acpi0 not configured
&quot;ACPI0007&quot; at acpi0 not configured
&quot;ACPI0007&quot; at acpi0 not configured
&quot;ACPI0007&quot; at acpi0 not configured
&quot;ACPI0007&quot; at acpi0 not configured
&quot;ACPI0007&quot; at acpi0 not configured
&quot;ACPI0007&quot; at acpi0 not configured
&quot;ACPI0007&quot; at acpi0 not configured
&quot;ACPI0007&quot; at acpi0 not configured
&quot;ACPI0007&quot; at acpi0 not configured
&quot;ACPI0007&quot; at acpi0 not configured
&quot;ACPI0007&quot; at acpi0 not configured
&quot;ACPI0007&quot; at acpi0 not configured
&quot;ACPI0007&quot; at acpi0 not configured
&quot;ACPI0007&quot; at acpi0 not configured
&quot;ACPI0007&quot; at acpi0 not configured
&quot;ACPI0007&quot; at acpi0 not configured
&quot;ACPI0007&quot; at acpi0 not configured
&quot;ACPI0007&quot; at acpi0 not configured
&quot;ACPI0007&quot; at acpi0 not configured
&quot;ACPI0007&quot; at acpi0 not configured
&quot;ACPI0007&quot; at acpi0 not configured
&quot;ACPI0007&quot; at acpi0 not configured
&quot;ACPI0007&quot; at acpi0 not configured
&quot;ACPI0007&quot; at acpi0 not configured
&quot;ACPI0007&quot; at acpi0 not configured
&quot;ACPI0007&quot; at acpi0 not configured
&quot;ACPI0007&quot; at acpi0 not configured
&quot;ACPI0007&quot; at acpi0 not configured
&quot;ACPI0007&quot; at acpi0 not configured
&quot;ACPI0007&quot; at acpi0 not configured
&quot;ACPI0007&quot; at acpi0 not configured
&quot;ACPI0007&quot; at acpi0 not configured
&quot;ACPI0007&quot; at acpi0 not configured
&quot;ACPI0007&quot; at acpi0 not configured
&quot;ACPI0007&quot; at acpi0 not configured
&quot;ACPI0007&quot; at acpi0 not configured
&quot;ACPI0007&quot; at acpi0 not configured
&quot;ACPI0007&quot; at acpi0 not configured
&quot;ACPI0007&quot; at acpi0 not configured
&quot;ACPI0007&quot; at acpi0 not configured
&quot;ACPI0007&quot; at acpi0 not configured
&quot;ACPI0007&quot; at acpi0 not configured
&quot;ACPI0007&quot; at acpi0 not configured
&quot;ACPI0007&quot; at acpi0 not configured
&quot;ACPI0007&quot; at acpi0 not configured
&quot;ACPI0007&quot; at acpi0 not configured
&quot;ACPI0007&quot; at acpi0 not configured
&quot;ACPI0007&quot; at acpi0 not configured
&quot;ACPI0007&quot; at acpi0 not configured
&quot;ACPI0007&quot; at acpi0 not configured
&quot;ACPI0007&quot; at acpi0 not configured
&quot;ACPI0007&quot; at acpi0 not configured
&quot;ACPI0007&quot; at acpi0 not configured
&quot;ACPI0007&quot; at acpi0 not configured
&quot;ACPI0007&quot; at acpi0 not configured
&quot;ACPI0007&quot; at acpi0 not configured
&quot;ACPI0007&quot; at acpi0 not configured
&quot;ACPI0007&quot; at acpi0 not configured
&quot;ACPI0007&quot; at acpi0 not configured
&quot;ACPI0007&quot; at acpi0 not configured
&quot;ACPI0007&quot; at acpi0 not configured
&quot;ACPI0007&quot; at acpi0 not configured
&quot;ACPI0007&quot; at acpi0 not configured
&quot;ACPI0007&quot; at acpi0 not configured
&quot;ACPI0007&quot; at acpi0 not configured
&quot;ACPI0007&quot; at acpi0 not configured
&quot;ACPI0007&quot; at acpi0 not configured
&quot;ACPI0007&quot; at acpi0 not configured
&quot;PNP0C14&quot; at acpi0 not configured
ipmi at mainbus0 not configured
pci0 at mainbus0 bus 0
ksmn0 at pci0 dev 0 function 0 &quot;AMD AMD64 17h/3xh Root Complex&quot; rev 0x00
vendor &quot;AMD&quot;, unknown product 0x1481 (class system subclass IOMMU, rev 0x00) at pci0 dev 0 function 2 not configured
pchb0 at pci0 dev 1 function 0 vendor &quot;AMD&quot;, unknown product 0x1482 rev 0x00
pchb1 at pci0 dev 2 function 0 vendor &quot;AMD&quot;, unknown product 0x1482 rev 0x00
pchb2 at pci0 dev 3 function 0 vendor &quot;AMD&quot;, unknown product 0x1482 rev 0x00
ppb0 at pci0 dev 3 function 2 vendor &quot;AMD&quot;, unknown product 0x1483 rev 0x00
pci1 at ppb0 bus 1
1:0:0: rom address conflict 0xfff00000/0x100000
mfii0 at pci1 dev 0 function 0 &quot;Symbios Logic MegaRAID SAS3508&quot; rev 0x01: msi
mfii0: &quot;PERC H740P Mini &quot;, firmware 50.9.3-2949, 8192MB cache
scsibus1 at mfii0: 64 targets
sd0 at scsibus1 targ 0 lun 0: &lt;DELL, PERC H740P Mini, 5.09&gt; naa.64cd98f0a4c0fc00258f93a4fb8e6767
sd0: 228352MB, 512 bytes/sector, 467664896 sectors
scsibus2 at mfii0: 256 targets
pchb3 at pci0 dev 4 function 0 vendor &quot;AMD&quot;, unknown product 0x1482 rev 0x00
pchb4 at pci0 dev 5 function 0 vendor &quot;AMD&quot;, unknown product 0x1482 rev 0x00
pchb5 at pci0 dev 7 function 0 vendor &quot;AMD&quot;, unknown product 0x1482 rev 0x00
ppb1 at pci0 dev 7 function 1 vendor &quot;AMD&quot;, unknown product 0x1484 rev 0x00
pci2 at ppb1 bus 2
vendor &quot;AMD&quot;, unknown product 0x148a (class instrumentation unknown subclass 0x00, rev 0x00) at pci2 dev 0 function 0 not configured
vendor &quot;AMD&quot;, unknown product 0x1498 (class crypto subclass miscellaneous, rev 0x00) at pci2 dev 0 function 2 not configured
pchb6 at pci0 dev 8 function 0 vendor &quot;AMD&quot;, unknown product 0x1482 rev 0x00
ppb2 at pci0 dev 8 function 1 vendor &quot;AMD&quot;, unknown product 0x1484 rev 0x00
pci3 at ppb2 bus 3
vendor &quot;AMD&quot;, unknown product 0x1485 (class instrumentation unknown subclass 0x00, rev 0x00) at pci3 dev 0 function 0 not configured
vendor &quot;AMD&quot;, unknown product 0x1498 (class crypto subclass miscellaneous, rev 0x00) at pci3 dev 0 function 2 not configured
xhci0 at pci3 dev 0 function 3 vendor &quot;AMD&quot;, unknown product 0x148c rev 0x00: msi, xHCI 1.10
usb0 at xhci0: USB revision 3.0
uhub0 at usb0 configuration 1 interface 0 &quot;AMD xHCI root hub&quot; rev 3.00/1.00 addr 1
piixpm0 at pci0 dev 20 function 0 &quot;AMD FCH SMBus&quot; rev 0x61: polling
iic0 at piixpm0
iic1 at piixpm0
pcib0 at pci0 dev 20 function 3 &quot;AMD FCH LPC&quot; rev 0x51
pchb7 at pci0 dev 24 function 0 vendor &quot;AMD&quot;, unknown product 0x1490 rev 0x00
pchb8 at pci0 dev 24 function 1 vendor &quot;AMD&quot;, unknown product 0x1491 rev 0x00
pchb9 at pci0 dev 24 function 2 vendor &quot;AMD&quot;, unknown product 0x1492 rev 0x00
pchb10 at pci0 dev 24 function 3 vendor &quot;AMD&quot;, unknown product 0x1493 rev 0x00
pchb11 at pci0 dev 24 function 4 vendor &quot;AMD&quot;, unknown product 0x1494 rev 0x00
pchb12 at pci0 dev 24 function 5 vendor &quot;AMD&quot;, unknown product 0x1495 rev 0x00
pchb13 at pci0 dev 24 function 6 vendor &quot;AMD&quot;, unknown product 0x1496 rev 0x00
pchb14 at pci0 dev 24 function 7 vendor &quot;AMD&quot;, unknown product 0x1497 rev 0x00
isa0 at pcib0
isadma0 at isa0
com0 at isa0 port 0x3f8/8 irq 4: ns16550a, 16 byte fifo
com1 at isa0 port 0x2f8/8 irq 3: ns16550a, 16 byte fifo
pckbc0 at isa0 port 0x60/5 irq 1 irq 12
vga0 at isa0 port 0x3b0/48 iomem 0xa0000/131072
wsdisplay0 at vga0 mux 1: console (80x25, vt100 emulation)
wsdisplay0: screen 1-5 added (80x25, vt100 emulation)
pcppi0 at isa0 port 0x61
spkr0 at pcppi0
pci4 at mainbus0 bus 64
ksmn1 at pci4 dev 0 function 0 &quot;AMD AMD64 17h/3xh Root Complex&quot; rev 0x00
vendor &quot;AMD&quot;, unknown product 0x1481 (class system subclass IOMMU, rev 0x00) at pci4 dev 0 function 2 not configured
pchb15 at pci4 dev 1 function 0 vendor &quot;AMD&quot;, unknown product 0x1482 rev 0x00
pchb16 at pci4 dev 2 function 0 vendor &quot;AMD&quot;, unknown product 0x1482 rev 0x00
pchb17 at pci4 dev 3 function 0 vendor &quot;AMD&quot;, unknown product 0x1482 rev 0x00
ppb3 at pci4 dev 3 function 1 vendor &quot;AMD&quot;, unknown product 0x1483 rev 0x00: msi
pci5 at ppb3 bus 65
ppb4 at pci4 dev 3 function 2 vendor &quot;AMD&quot;, unknown product 0x1483 rev 0x00: msi
pci6 at ppb4 bus 66
ppb5 at pci4 dev 3 function 3 vendor &quot;AMD&quot;, unknown product 0x1483 rev 0x00: msi
pci7 at ppb5 bus 67
ppb6 at pci4 dev 3 function 4 vendor &quot;AMD&quot;, unknown product 0x1483 rev 0x00: msi
pci8 at ppb6 bus 68
pchb18 at pci4 dev 4 function 0 vendor &quot;AMD&quot;, unknown product 0x1482 rev 0x00
pchb19 at pci4 dev 5 function 0 vendor &quot;AMD&quot;, unknown product 0x1482 rev 0x00
pchb20 at pci4 dev 7 function 0 vendor &quot;AMD&quot;, unknown product 0x1482 rev 0x00
ppb7 at pci4 dev 7 function 1 vendor &quot;AMD&quot;, unknown product 0x1484 rev 0x00
pci9 at ppb7 bus 69
vendor &quot;AMD&quot;, unknown product 0x148a (class instrumentation unknown subclass 0x00, rev 0x00) at pci9 dev 0 function 0 not configured
vendor &quot;AMD&quot;, unknown product 0x1498 (class crypto subclass miscellaneous, rev 0x00) at pci9 dev 0 function 2 not configured
pchb21 at pci4 dev 8 function 0 vendor &quot;AMD&quot;, unknown product 0x1482 rev 0x00
ppb8 at pci4 dev 8 function 1 vendor &quot;AMD&quot;, unknown product 0x1484 rev 0x00
pci10 at ppb8 bus 70
vendor &quot;AMD&quot;, unknown product 0x1485 (class instrumentation unknown subclass 0x00, rev 0x00) at pci10 dev 0 function 0 not configured
vendor &quot;AMD&quot;, unknown product 0x1486 (class crypto subclass miscellaneous, rev 0x00) at pci10 dev 0 function 1 not configured
vendor &quot;AMD&quot;, unknown product 0x1498 (class crypto subclass miscellaneous, rev 0x00) at pci10 dev 0 function 2 not configured
xhci1 at pci10 dev 0 function 3 vendor &quot;AMD&quot;, unknown product 0x148c rev 0x00: msi, xHCI 1.10
usb1 at xhci1: USB revision 3.0
uhub1 at usb1 configuration 1 interface 0 &quot;AMD xHCI root hub&quot; rev 3.00/1.00 addr 1
pci11 at mainbus0 bus 128
ksmn2 at pci11 dev 0 function 0 &quot;AMD AMD64 17h/3xh Root Complex&quot; rev 0x00
vendor &quot;AMD&quot;, unknown product 0x1481 (class system subclass IOMMU, rev 0x00) at pci11 dev 0 function 2 not configured
pchb22 at pci11 dev 1 function 0 vendor &quot;AMD&quot;, unknown product 0x1482 rev 0x00
ppb9 at pci11 dev 1 function 1 vendor &quot;AMD&quot;, unknown product 0x1483 rev 0x00: msi
pci12 at ppb9 bus 129
ppb10 at pci11 dev 1 function 2 vendor &quot;AMD&quot;, unknown product 0x1483 rev 0x00: msi
pci13 at ppb10 bus 130
ppb11 at pci11 dev 1 function 3 vendor &quot;AMD&quot;, unknown product 0x1483 rev 0x00: msi
pci14 at ppb11 bus 131
ppb12 at pci11 dev 1 function 4 vendor &quot;AMD&quot;, unknown product 0x1483 rev 0x00: msi
pci15 at ppb12 bus 132
pchb23 at pci11 dev 2 function 0 vendor &quot;AMD&quot;, unknown product 0x1482 rev 0x00
pchb24 at pci11 dev 3 function 0 vendor &quot;AMD&quot;, unknown product 0x1482 rev 0x00
pchb25 at pci11 dev 4 function 0 vendor &quot;AMD&quot;, unknown product 0x1482 rev 0x00
pchb26 at pci11 dev 5 function 0 vendor &quot;AMD&quot;, unknown product 0x1482 rev 0x00
pchb27 at pci11 dev 7 function 0 vendor &quot;AMD&quot;, unknown product 0x1482 rev 0x00
ppb13 at pci11 dev 7 function 1 vendor &quot;AMD&quot;, unknown product 0x1484 rev 0x00
pci16 at ppb13 bus 133
vendor &quot;AMD&quot;, unknown product 0x148a (class instrumentation unknown subclass 0x00, rev 0x00) at pci16 dev 0 function 0 not configured
vendor &quot;AMD&quot;, unknown product 0x1498 (class crypto subclass miscellaneous, rev 0x00) at pci16 dev 0 function 2 not configured
pchb28 at pci11 dev 8 function 0 vendor &quot;AMD&quot;, unknown product 0x1482 rev 0x00
ppb14 at pci11 dev 8 function 1 vendor &quot;AMD&quot;, unknown product 0x1484 rev 0x00
pci17 at ppb14 bus 134
vendor &quot;AMD&quot;, unknown product 0x1485 (class instrumentation unknown subclass 0x00, rev 0x00) at pci17 dev 0 function 0 not configured
vendor &quot;AMD&quot;, unknown product 0x1498 (class crypto subclass miscellaneous, rev 0x00) at pci17 dev 0 function 2 not configured
ppb15 at pci11 dev 8 function 2 vendor &quot;AMD&quot;, unknown product 0x1484 rev 0x00
pci18 at ppb15 bus 135
ahci0 at pci18 dev 0 function 0 &quot;AMD FCH AHCI&quot; rev 0x51: msi, AHCI 1.3.1
scsibus3 at ahci0: 32 targets
ppb16 at pci11 dev 8 function 3 vendor &quot;AMD&quot;, unknown product 0x1484 rev 0x00
pci19 at ppb16 bus 136
ahci1 at pci19 dev 0 function 0 &quot;AMD FCH AHCI&quot; rev 0x51: msi, AHCI 1.3.1
scsibus4 at ahci1: 32 targets
pci20 at mainbus0 bus 192
ksmn3 at pci20 dev 0 function 0 &quot;AMD AMD64 17h/3xh Root Complex&quot; rev 0x00
vendor &quot;AMD&quot;, unknown product 0x1481 (class system subclass IOMMU, rev 0x00) at pci20 dev 0 function 2 not configured
pchb29 at pci20 dev 1 function 0 vendor &quot;AMD&quot;, unknown product 0x1482 rev 0x00
pchb30 at pci20 dev 2 function 0 vendor &quot;AMD&quot;, unknown product 0x1482 rev 0x00
pchb31 at pci20 dev 3 function 0 vendor &quot;AMD&quot;, unknown product 0x1482 rev 0x00
ppb17 at pci20 dev 3 function 1 vendor &quot;AMD&quot;, unknown product 0x1483 rev 0x00: msi
pci21 at ppb17 bus 193
ppb18 at pci20 dev 3 function 2 vendor &quot;AMD&quot;, unknown product 0x1483 rev 0x00: msi
pci22 at ppb18 bus 194
ppb19 at pci20 dev 3 function 3 vendor &quot;AMD&quot;, unknown product 0x1483 rev 0x00: msi
pci23 at ppb19 bus 195
ppb20 at pci20 dev 3 function 4 vendor &quot;AMD&quot;, unknown product 0x1483 rev 0x00: msi
pci24 at ppb20 bus 196
pchb32 at pci20 dev 4 function 0 vendor &quot;AMD&quot;, unknown product 0x1482 rev 0x00
pchb33 at pci20 dev 5 function 0 vendor &quot;AMD&quot;, unknown product 0x1482 rev 0x00
ppb21 at pci20 dev 5 function 1 vendor &quot;AMD&quot;, unknown product 0x1483 rev 0x00
pci25 at ppb21 bus 197
197:0:0: rom address conflict 0xfffc0000/0x40000
197:0:1: rom address conflict 0xfffc0000/0x40000
bge0 at pci25 dev 0 function 0 &quot;Broadcom BCM5720&quot; rev 0x00, BCM5720 A0 (0x5720000), APE firmware NCSI 1.5.12.0: msi, address xx:xx:xx:xx:xx:xx
brgphy0 at bge0 phy 1: BCM5720C 10/100/1000baseT PHY, rev. 0
bge1 at pci25 dev 0 function 1 &quot;Broadcom BCM5720&quot; rev 0x00, BCM5720 A0 (0x5720000), APE firmware NCSI 1.5.12.0: msi, address xx:xx:xx:xx:xx:xx
brgphy1 at bge1 phy 2: BCM5720C 10/100/1000baseT PHY, rev. 0
ppb22 at pci20 dev 5 function 2 vendor &quot;AMD&quot;, unknown product 0x1483 rev 0x00
pci26 at ppb22 bus 198
ppb23 at pci26 dev 0 function 0 unknown vendor 0x1556 product 0xbe00 rev 0x02
pci27 at ppb23 bus 199
vendor &quot;Matrox&quot;, unknown product 0x0536 (class display subclass VGA, rev 0x04) at pci27 dev 0 function 0 not configured
pchb34 at pci20 dev 7 function 0 vendor &quot;AMD&quot;, unknown product 0x1482 rev 0x00
ppb24 at pci20 dev 7 function 1 vendor &quot;AMD&quot;, unknown product 0x1484 rev 0x00
pci28 at ppb24 bus 200
vendor &quot;AMD&quot;, unknown product 0x148a (class instrumentation unknown subclass 0x00, rev 0x00) at pci28 dev 0 function 0 not configured
vendor &quot;AMD&quot;, unknown product 0x1498 (class crypto subclass miscellaneous, rev 0x00) at pci28 dev 0 function 2 not configured
pchb35 at pci20 dev 8 function 0 vendor &quot;AMD&quot;, unknown product 0x1482 rev 0x00
ppb25 at pci20 dev 8 function 1 vendor &quot;AMD&quot;, unknown product 0x1484 rev 0x00
pci29 at ppb25 bus 201
vendor &quot;AMD&quot;, unknown product 0x1485 (class instrumentation unknown subclass 0x00, rev 0x00) at pci29 dev 0 function 0 not configured
vendor &quot;AMD&quot;, unknown product 0x1498 (class crypto subclass miscellaneous, rev 0x00) at pci29 dev 0 function 2 not configured
vmm0 at mainbus0: SVM/RVI
uhub2 at uhub0 port 1 configuration 1 interface 0 &quot;Microchip Tech USB2734&quot; rev 2.10/1.21 addr 2
uhub3 at uhub0 port 3 configuration 1 interface 0 &quot;Microchip Tech USB5734&quot; rev 3.00/1.21 addr 3
uhub4 at uhub1 port 1 configuration 1 interface 0 &quot;vendor 0x1604 product 0x10c0&quot; rev 2.00/0.00 addr 2
uhub5 at uhub4 port 1 configuration 1 interface 0 &quot;vendor 0x1604 product 0x10c0&quot; rev 2.00/0.00 addr 3
uhidev0 at uhub5 port 1 configuration 1 interface 0 &quot;Avocent Keyboard/Mouse Function&quot; rev 2.00/0.00 addr 4
uhidev0: iclass 3/1
ukbd0 at uhidev0: 8 variable keys, 6 key codes
wskbd0 at ukbd0: console keyboard, using wsdisplay0
uhidev1 at uhub5 port 1 configuration 1 interface 1 &quot;Avocent Keyboard/Mouse Function&quot; rev 2.00/0.00 addr 4
uhidev1: iclass 3/1
ums0 at uhidev1: 3 buttons, Z dir
wsmouse0 at ums0 mux 0
uhub6 at uhub4 port 4 configuration 1 interface 0 &quot;vendor 0x1604 product 0x10c0&quot; rev 2.00/0.00 addr 5
vscsi0 at root
scsibus5 at vscsi0: 256 targets
softraid0 at root
scsibus6 at softraid0: 256 targets
root on sd0a (887d62c0178cea96.a) swap on sd0b dump on sd0b

</pre>



</div><!-- content -->
<br />
<div id="footer">
All comments/news/posts are the property of their individual owner and
is presented without warranty of suitability, and solely as an
informational resource. <br />
This site Copyright &copy; 2004-2020 NYC*BUG.
</div><!-- footer -->

</body>
</html>

