



<!doctype html>
<html lang="en">
<head>
<meta name="keywords"
	content="bsd, freebsd, openbsd, netbsd, dragonflybsd, nycbug, dmesgd" />
<meta name="description" content="New York City BSD User Group dmesgd" />
<meta charset="utf-8" />
<meta name="viewport" content="width=device-width, initial-scale=1" />
<title>NYC*BUG dmesgd</title>
<style>
body {
	text-align: left;
	margin: 15px auto;
	padding: 0px 10px;
}
@media (min-width: 800px) {
	body {
		max-width: 85%;
	}
}
#header {
	border-bottom: 1px solid #dbdbdb;
	font-size: 230%;
	text-align: left;
}
#footer {
	border-top: 1px solid #dbdbdb;
	clear: both;
	text-align: left;
}
.logo_bug {
	color: #cc0033;
}
#menu ul {
	list-style-type: none;
	margin: 0;
	padding: 0;
}
#menu li {
	float: left;
}
#menu li a {
	display: block;
	background-color: #dbdbdb;
	color: #000000;
	font-size: 105%;
	font-weight: bold;
	padding: 0px 6px 0px 6px;
	text-decoration: none;
}
#content {
	clear: both;
	text-align: left;
	padding-top: 10px;
}
#content h1 {
	font-size: 120%;
	font-weight: bold;
}
#content h2 {
	font-size: 110%;
	font-weight: bold;
}
#content a {
	text-decoration: none;
}
#content pre {
	background-color: #dbdbdb;
	padding: 5px 5px 5px 5px;
	white-space: pre-wrap;		/* css-3 */
	white-space: -moz-pre-wrap;	/* Mozilla, since 1999 */
	white-space: -pre-wrap;		/* Opera 4-6 */
	white-space: -o-pre-wrap;	/* Opera 7 */
	word-wrap: break-word;		/* Internet Explorer 5.5+ */
}
#content table {
	border-collapse: collapse;
}
#content table th {
	border: 1px solid #dbdbdb;
	font-size: 85%;
	white-space: nowrap;
}
#content table td {
	border: 1px solid #dbdbdb;
	font-size: 80%;
}
#content input {
	font-size: 1em;
}
#content .full	{ width: 100%; }
#content .left	{ text-align: left; }
#content .right	{ text-align: right; }
#content .center { text-align: center; }
#content .flexbox {
	display: -ms-flex;
	display: -webkit-flex;
	display: flex;
	width: 100%;
}
#content .left_col {
	min-width: 75px;
	max-width: 50%;
	flex-grow: 0;
}
#content .right_col {
	flex-grow: 1;
	margin-left: 10px;
	padding-top: 10px;
	padding-left: 10px;
}
#col {
	-moz-column-count: 3;
	-webkit-column-count: 3;
	column-count: 3;
}
</style>
</head>
<body>

<div id="header">
<strong><em>NYC*</em><span class="logo_bug">BUG</span> dmesgd</strong>
</div><!-- header -->

<div id="menu">
<ul>
<li><a href="https://dmesgd.nycbug.org/index.cgi?do=index">Home</a></li>
<li><a href="https://dmesgd.nycbug.org/index.cgi?do=submit">Submit</a></li>
<li><a href="https://www.nycbug.org/">NYC*BUG</a></li>
</ul>
</div><!-- menu -->

<div id="content">

<p>
Launched in 2004, dmesgd aims to provide a
<strong>user-submitted</strong> repository of searchable *BSD dmesgs.
The dmesg(8) command displays the system message buffer's content, and
during boot a copy is saved to <em>/var/run/dmesg.boot</em>.  This buffer
contains the operating system release, name and version, a list of
devices identified, plus a whole host of other useful information.  We
hope others find this resource useful and further contribute to its
growth. Contact us at [ admin at lists dot nycbug dot org ].
</p>

<hr />


<strong>Date:</strong> <em>2020-01-05 06:18:31</em><br />
<strong>From:</strong> <em>MTK</em><br />
<strong>Description:</strong> <em>Thinkpad T440P Coreboot/Tianocore (suspend not working)</em><br />

<pre>
OpenBSD 6.6 (GENERIC.MP) #3: Thu Nov 21 03:20:01 MST 2019
    xxx@xxx.xxx:/usr/src/sys/arch/amd64/compile/GENERIC.MP
real mem = 8526864384 (8131MB)
avail mem = 8255717376 (7873MB)
mpath0 at root
scsibus0 at mpath0: 256 targets
mainbus0 at root
bios0 at mainbus0: SMBIOS rev. 2.8 @ 0x7f72a020 (19 entries)
bios0: vendor coreboot version &quot;31ce214fdf-dirty&quot; date 12/27/2019
bios0: LENOVO ThinkPad T440p
acpi0 at bios0: ACPI 4.0
acpi0: sleep states S0 S3 S4 S5
acpi0: tables DSDT FACP SSDT MCFG TCPA APIC DMAR HPET SSDT BGRT
acpi0: wakeup devices HDEF(S3) EHCI(S3) XHCI(S3) SLPB(S3) LID_(S3)
acpitimer0 at acpi0: 3579545 Hz, 24 bits
acpimcfg0 at acpi0
acpimcfg0: addr 0xf0000000, bus 0-63
acpimadt0 at acpi0 addr 0xfee00000: PC-AT compat
cpu0 at mainbus0: apid 0 (boot processor)
cpu0: Intel(R) Core(TM) i5-4300M CPU @ 2.60GHz, 2594.43 MHz, 06-3c-03
cpu0: FPU,VME,DE,PSE,TSC,MSR,PAE,MCE,CX8,APIC,SEP,MTRR,PGE,MCA,CMOV,PAT,PSE36,CFLUSH,DS,ACPI,MMX,FXSR,SSE,SSE2,SS,HTT,TM,PBE,SSE3,PCLMUL,DTES64,MWAIT,DS-CPL,VMX,SMX,EST,TM2,SSSE3,SDBG,FMA3,CX16,xTPR,PDCM,PCID,SSE4.1,SSE4.2,x2APIC,MOVBE,POPCNT,DEADLINE,AES,XSAVE,AVX,F16C,RDRAND,NXE,PAGE1GB,RDTSCP,LONG,LAHF,ABM,PERF,ITSC,FSGSBASE,TSC_ADJUST,BMI1,AVX2,SMEP,BMI2,ERMS,INVPCID,MD_CLEAR,IBRS,IBPB,STIBP,L1DF,SSBD,SENSOR,ARAT,XSAVEOPT,MELTDOWN
cpu0: 256KB 64b/line 8-way L2 cache
cpu0: smt 0, core 0, package 0
mtrr: Pentium Pro MTRR support, 10 var ranges, 88 fixed ranges
cpu0: apic clock running at 99MHz
cpu0: mwait min=64, max=64, C-substates=0.2.1.2.4, IBE
cpu1 at mainbus0: apid 1 (application processor)
cpu1: Intel(R) Core(TM) i5-4300M CPU @ 2.60GHz, 2594.00 MHz, 06-3c-03
cpu1: FPU,VME,DE,PSE,TSC,MSR,PAE,MCE,CX8,APIC,SEP,MTRR,PGE,MCA,CMOV,PAT,PSE36,CFLUSH,DS,ACPI,MMX,FXSR,SSE,SSE2,SS,HTT,TM,PBE,SSE3,PCLMUL,DTES64,MWAIT,DS-CPL,VMX,SMX,EST,TM2,SSSE3,SDBG,FMA3,CX16,xTPR,PDCM,PCID,SSE4.1,SSE4.2,x2APIC,MOVBE,POPCNT,DEADLINE,AES,XSAVE,AVX,F16C,RDRAND,NXE,PAGE1GB,RDTSCP,LONG,LAHF,ABM,PERF,ITSC,FSGSBASE,TSC_ADJUST,BMI1,AVX2,SMEP,BMI2,ERMS,INVPCID,MD_CLEAR,IBRS,IBPB,STIBP,L1DF,SSBD,SENSOR,ARAT,XSAVEOPT,MELTDOWN
cpu1: 256KB 64b/line 8-way L2 cache
cpu1: smt 1, core 0, package 0
cpu2 at mainbus0: apid 2 (application processor)
cpu2: Intel(R) Core(TM) i5-4300M CPU @ 2.60GHz, 2594.00 MHz, 06-3c-03
cpu2: FPU,VME,DE,PSE,TSC,MSR,PAE,MCE,CX8,APIC,SEP,MTRR,PGE,MCA,CMOV,PAT,PSE36,CFLUSH,DS,ACPI,MMX,FXSR,SSE,SSE2,SS,HTT,TM,PBE,SSE3,PCLMUL,DTES64,MWAIT,DS-CPL,VMX,SMX,EST,TM2,SSSE3,SDBG,FMA3,CX16,xTPR,PDCM,PCID,SSE4.1,SSE4.2,x2APIC,MOVBE,POPCNT,DEADLINE,AES,XSAVE,AVX,F16C,RDRAND,NXE,PAGE1GB,RDTSCP,LONG,LAHF,ABM,PERF,ITSC,FSGSBASE,TSC_ADJUST,BMI1,AVX2,SMEP,BMI2,ERMS,INVPCID,MD_CLEAR,IBRS,IBPB,STIBP,L1DF,SSBD,SENSOR,ARAT,XSAVEOPT,MELTDOWN
cpu2: 256KB 64b/line 8-way L2 cache
cpu2: smt 0, core 1, package 0
cpu3 at mainbus0: apid 3 (application processor)
cpu3: Intel(R) Core(TM) i5-4300M CPU @ 2.60GHz, 2594.00 MHz, 06-3c-03
cpu3: FPU,VME,DE,PSE,TSC,MSR,PAE,MCE,CX8,APIC,SEP,MTRR,PGE,MCA,CMOV,PAT,PSE36,CFLUSH,DS,ACPI,MMX,FXSR,SSE,SSE2,SS,HTT,TM,PBE,SSE3,PCLMUL,DTES64,MWAIT,DS-CPL,VMX,SMX,EST,TM2,SSSE3,SDBG,FMA3,CX16,xTPR,PDCM,PCID,SSE4.1,SSE4.2,x2APIC,MOVBE,POPCNT,DEADLINE,AES,XSAVE,AVX,F16C,RDRAND,NXE,PAGE1GB,RDTSCP,LONG,LAHF,ABM,PERF,ITSC,FSGSBASE,TSC_ADJUST,BMI1,AVX2,SMEP,BMI2,ERMS,INVPCID,MD_CLEAR,IBRS,IBPB,STIBP,L1DF,SSBD,SENSOR,ARAT,XSAVEOPT,MELTDOWN
cpu3: 256KB 64b/line 8-way L2 cache
cpu3: smt 1, core 1, package 0
ioapic0 at mainbus0: apid 2 pa 0xfec00000, version 20, 24 pins
acpihpet0 at acpi0: 14318179 Hz
acpiprt0 at acpi0: bus 0 (PCI0)
acpiprt1 at acpi0: bus 2 (RP01)
acpiprt2 at acpi0: bus 3 (RP02)
acpiprt3 at acpi0: bus 0 (RP03)
acpiprt4 at acpi0: bus 0 (RP04)
acpiprt5 at acpi0: bus 0 (RP05)
acpiprt6 at acpi0: bus -1 (RP06)
acpiprt7 at acpi0: bus -1 (RP07)
acpiprt8 at acpi0: bus -1 (RP08)
acpiec0 at acpi0
acpicpu0 at acpi0: C3(800@148 mwait.1@0x21), C2(900@67 mwait.1@0x10), C1(1000@0 mwait.1), PSS
acpicpu1 at acpi0: C3(800@148 mwait.1@0x21), C2(900@67 mwait.1@0x10), C1(1000@0 mwait.1), PSS
acpicpu2 at acpi0: C3(800@148 mwait.1@0x21), C2(900@67 mwait.1@0x10), C1(1000@0 mwait.1), PSS
acpicpu3 at acpi0: C3(800@148 mwait.1@0x21), C2(900@67 mwait.1@0x10), C1(1000@0 mwait.1), PSS
acpitz0 at acpi0: critical temperature is 100 degC
acpipwrres0 at acpi0: FPWR, resource for FAN_
acpitz1 at acpi0: critical temperature is 99 degC
acpipci0 at acpi0 PCI0: 0x00000000 0x00000011 0x00000001
acpiac0 at acpi0: AC unit offline
acpibat0 at acpi0: BAT0 model &quot;45N1147&quot; serial  3995 type LION oem &quot;LGC&quot;
acpibat1 at acpi0: BAT1 not present
acpibtn0 at acpi0: SLPB
acpibtn1 at acpi0: LID_
acpithinkpad0 at acpi0
acpicmos0 at acpi0
tpm0 at acpi0: TPM_ addr 0xfed40000/0x5000, device 0x0000104a rev 0x4e
&quot;PNP0C0B&quot; at acpi0 not configured
&quot;BOOT0000&quot; at acpi0 not configured
acpivideo0 at acpi0: GFX0
acpivout0 at acpivideo0: LCD0
cpu0: using VERW MDS workaround (except on vmm entry)
cpu0: Enhanced SpeedStep 2594 MHz: speeds: 2601, 2600, 2000, 1600, 1200, 800 MHz
pci0 at mainbus0 bus 0
pchb0 at pci0 dev 0 function 0 &quot;Intel Core 4G Host&quot; rev 0x06
ppb0 at pci0 dev 1 function 0 &quot;Intel Core 4G PCIE&quot; rev 0x06: msi
pci1 at ppb0 bus 1
inteldrm0 at pci0 dev 2 function 0 &quot;Intel HD Graphics 4600&quot; rev 0x06
drm0 at inteldrm0
inteldrm0: msi
azalia0 at pci0 dev 3 function 0 &quot;Intel Core 4G HD Audio&quot; rev 0x06: msi
vendor &quot;Intel&quot;, unknown product 0x0c03 (class DASP subclass miscellaneous, rev 0x06) at pci0 dev 4 function 0 not configured
xhci0 at pci0 dev 20 function 0 &quot;Intel 8 Series xHCI&quot; rev 0x05: msi, xHCI 1.0
usb0 at xhci0: USB revision 3.0
uhub0 at usb0 configuration 1 interface 0 &quot;Intel xHCI root hub&quot; rev 3.00/1.00 addr 1
&quot;Intel 8 Series MEI&quot; rev 0x04 at pci0 dev 22 function 0 not configured
em0 at pci0 dev 25 function 0 &quot;Intel I217-LM&quot; rev 0x05: msi, address xx:xx:xx:xx:xx:xx
ehci0 at pci0 dev 26 function 0 &quot;Intel 8 Series USB&quot; rev 0x05: apic 2 int 16
usb1 at ehci0: USB revision 2.0
uhub1 at usb1 configuration 1 interface 0 &quot;Intel EHCI root hub&quot; rev 2.00/1.00 addr 1
azalia1 at pci0 dev 27 function 0 &quot;Intel 8 Series HD Audio&quot; rev 0x05: msi
azalia1: codecs: Realtek ALC292
audio0 at azalia1
ppb1 at pci0 dev 28 function 0 &quot;Intel 8 Series PCIE&quot; rev 0xd5
pci2 at ppb1 bus 2
rtsx0 at pci2 dev 0 function 0 &quot;Realtek RTS5227 Card Reader&quot; rev 0x01: msi
sdmmc0 at rtsx0: 4-bit, dma
ppb2 at pci0 dev 28 function 1 &quot;Intel 8 Series PCIE&quot; rev 0xd5
pci3 at ppb2 bus 3
iwm0 at pci3 dev 0 function 0 &quot;Intel Dual Band Wireless AC 7260&quot; rev 0x83, msi
ppb3 at pci0 dev 28 function 2 &quot;Intel 8 Series PCIE&quot; rev 0xd5
pci4 at ppb3 bus 4
ppb4 at pci0 dev 28 function 3 &quot;Intel 8 Series PCIE&quot; rev 0xd5
pci5 at ppb4 bus 20
ppb5 at pci0 dev 28 function 4 &quot;Intel 8 Series PCIE&quot; rev 0xd5
pci6 at ppb5 bus 36
ehci1 at pci0 dev 29 function 0 &quot;Intel 8 Series USB&quot; rev 0x05: apic 2 int 23
usb2 at ehci1: USB revision 2.0
uhub2 at usb2 configuration 1 interface 0 &quot;Intel EHCI root hub&quot; rev 2.00/1.00 addr 1
pcib0 at pci0 dev 31 function 0 &quot;Intel QM87 LPC&quot; rev 0x05
ahci0 at pci0 dev 31 function 2 &quot;Intel 8 Series AHCI&quot; rev 0x05: msi, AHCI 1.3
ahci0: port 0: 6.0Gb/s
scsibus1 at ahci0: 32 targets
sd0 at scsibus1 targ 0 lun 0: &lt;ATA, Samsung SSD 860, RVT0&gt; naa.5002538e09a017c8
sd0: 476940MB, 512 bytes/sector, 976773168 sectors, thin
ichiic0 at pci0 dev 31 function 3 &quot;Intel 8 Series SMBus&quot; rev 0x05: apic 2 int 18
iic0 at ichiic0
iic0: addr 0x24 03=04 09=22 0a=25 0b=18 0c=05 0d=02 0e=01 0f=20 words 00=00ff 01=00ff 02=00ff 03=04ff 04=00ff 05=00ff 06=00ff 07=00ff
isa0 at pcib0
isadma0 at isa0
pckbc0 at isa0 port 0x60/5 irq 1 irq 12
pckbd0 at pckbc0 (kbd slot)
wskbd0 at pckbd0: console keyboard
pms0 at pckbc0 (aux slot)
wsmouse0 at pms0 mux 0
wsmouse1 at pms0 mux 0
pms0: Synaptics clickpad, firmware 8.2, 0x1e2b1 0x943300
pcppi0 at isa0 port 0x61
spkr0 at pcppi0
vmm0 at mainbus0: VMX/EPT
efifb at mainbus0 not configured
ugen0 at uhub0 port 11 &quot;Intel product 0x07dc&quot; rev 2.00/0.01 addr 2
uvideo0 at uhub0 port 12 configuration 1 interface 0 &quot;SunplusIT INC. Integrated Camera&quot; rev 2.00/0.03 addr 3
video0 at uvideo0
uhub3 at uhub1 port 1 configuration 1 interface 0 &quot;Intel Rate Matching Hub&quot; rev 2.00/0.05 addr 2
uhub4 at uhub2 port 1 configuration 1 interface 0 &quot;Intel Rate Matching Hub&quot; rev 2.00/0.05 addr 2
sdmmc0: can't enable card
vscsi0 at root
scsibus2 at vscsi0: 256 targets
softraid0 at root
scsibus3 at softraid0: 256 targets
sd1 at scsibus3 targ 1 lun 0: &lt;OPENBSD, SR CRYPTO, 006&gt;
sd1: 476939MB, 512 bytes/sector, 976771553 sectors
root on sd1a (adecb905eab932b9.a) swap on sd1b dump on sd1b
inteldrm0: 1920x1080, 32bpp
wsdisplay0 at inteldrm0 mux 1: console (std, vt100 emulation), using wskbd0
wsdisplay0: screen 1-5 added (std, vt100 emulation)
iwm0: hw rev 0x140, fw ver 16.242414.0, address xx:xx:xx:xx:xx:xx
ugen0 detached
video0 detached
uvideo0 detached
uhub0 detached
uhub3 detached
uhub1 detached
uhub4 detached
uhub2 detached
uhub0 at usb0 configuration 1 interface 0 &quot;Intel xHCI root hub&quot; rev 3.00/1.00 addr 1
uhub1 at usb1 configuration 1 interface 0 &quot;Intel EHCI root hub&quot; rev 2.00/1.00 addr 1
uhub2 at usb2 configuration 1 interface 0 &quot;Intel EHCI root hub&quot; rev 2.00/1.00 addr 1
ugen0 at uhub0 port 11 &quot;Intel product 0x07dc&quot; rev 2.00/0.01 addr 2
uvideo0 at uhub0 port 12 configuration 1 interface 0 &quot;SunplusIT INC. Integrated Camera&quot; rev 2.00/0.03 addr 3
video0 at uvideo0
uhub3 at uhub1 port 1 configuration 1 interface 0 &quot;Intel Rate Matching Hub&quot; rev 2.00/0.05 addr 2
uhub4 at uhub2 port 1 configuration 1 interface 0 &quot;Intel Rate Matching Hub&quot; rev 2.00/0.05 addr 2
sdmmc0: can't enable card
ugen0 detached
video0 detached
uvideo0 detached
uhub0 detached
uhub3 detached
uhub1 detached
uhub4 detached
uhub2 detached
uhub0 at usb0 configuration 1 interface 0 &quot;Intel xHCI root hub&quot; rev 3.00/1.00 addr 1
uhub1 at usb1 configuration 1 interface 0 &quot;Intel EHCI root hub&quot; rev 2.00/1.00 addr 1
uhub2 at usb2 configuration 1 interface 0 &quot;Intel EHCI root hub&quot; rev 2.00/1.00 addr 1
ugen0 at uhub0 port 11 &quot;Intel product 0x07dc&quot; rev 2.00/0.01 addr 2
uvideo0 at uhub0 port 12 configuration 1 interface 0 &quot;SunplusIT INC. Integrated Camera&quot; rev 2.00/0.03 addr 3
video0 at uvideo0
uhub3 at uhub1 port 1 configuration 1 interface 0 &quot;Intel Rate Matching Hub&quot; rev 2.00/0.05 addr 2
uhub4 at uhub2 port 1 configuration 1 interface 0 &quot;Intel Rate Matching Hub&quot; rev 2.00/0.05 addr 2
sdmmc0: can't enable card
ugen0 detached
video0 detached
uvideo0 detached
uhub0 detached
uhub3 detached
uhub1 detached
uhub4 detached
uhub2 detached
uhub0 at usb0 configuration 1 interface 0 &quot;Intel xHCI root hub&quot; rev 3.00/1.00 addr 1
uhub1 at usb1 configuration 1 interface 0 &quot;Intel EHCI root hub&quot; rev 2.00/1.00 addr 1
uhub2 at usb2 configuration 1 interface 0 &quot;Intel EHCI root hub&quot; rev 2.00/1.00 addr 1
ugen0 at uhub0 port 11 &quot;Intel product 0x07dc&quot; rev 2.00/0.01 addr 2
uvideo0 at uhub0 port 12 configuration 1 interface 0 &quot;SunplusIT INC. Integrated Camera&quot; rev 2.00/0.03 addr 3
video0 at uvideo0
uhub3 at uhub1 port 1 configuration 1 interface 0 &quot;Intel Rate Matching Hub&quot; rev 2.00/0.05 addr 2
uhub4 at uhub2 port 1 configuration 1 interface 0 &quot;Intel Rate Matching Hub&quot; rev 2.00/0.05 addr 2
sdmmc0: can't enable card
ugen0 detached
video0 detached
uvideo0 detached
uhub0 detached
uhub3 detached
uhub1 detached
uhub4 detached
uhub2 detached
uhub0 at usb0 configuration 1 interface 0 &quot;Intel xHCI root hub&quot; rev 3.00/1.00 addr 1
uhub1 at usb1 configuration 1 interface 0 &quot;Intel EHCI root hub&quot; rev 2.00/1.00 addr 1
uhub2 at usb2 configuration 1 interface 0 &quot;Intel EHCI root hub&quot; rev 2.00/1.00 addr 1
ugen0 at uhub0 port 11 &quot;Intel product 0x07dc&quot; rev 2.00/0.01 addr 2
uvideo0 at uhub0 port 12 configuration 1 interface 0 &quot;SunplusIT INC. Integrated Camera&quot; rev 2.00/0.03 addr 3
video0 at uvideo0
uhub3 at uhub1 port 1 configuration 1 interface 0 &quot;Intel Rate Matching Hub&quot; rev 2.00/0.05 addr 2
uhub4 at uhub2 port 1 configuration 1 interface 0 &quot;Intel Rate Matching Hub&quot; rev 2.00/0.05 addr 2
sdmmc0: can't enable card
ugen0 detached
video0 detached
uvideo0 detached
uhub0 detached
uhub3 detached
uhub1 detached
uhub4 detached
uhub2 detached
uhub0 at usb0 configuration 1 interface 0 &quot;Intel xHCI root hub&quot; rev 3.00/1.00 addr 1
uhub1 at usb1 configuration 1 interface 0 &quot;Intel EHCI root hub&quot; rev 2.00/1.00 addr 1
uhub2 at usb2 configuration 1 interface 0 &quot;Intel EHCI root hub&quot; rev 2.00/1.00 addr 1
ugen0 at uhub0 port 7 &quot;Validity Sensors VFS5011 Fingerprint Reader&quot; rev 1.10/0.78 addr 2
ugen1 at uhub0 port 11 &quot;Intel product 0x07dc&quot; rev 2.00/0.01 addr 3
uvideo0 at uhub0 port 12 configuration 1 interface 0 &quot;SunplusIT INC. Integrated Camera&quot; rev 2.00/0.03 addr 4
video0 at uvideo0
uhub3 at uhub1 port 1 configuration 1 interface 0 &quot;Intel Rate Matching Hub&quot; rev 2.00/0.05 addr 2
uhub4 at uhub2 port 1 configuration 1 interface 0 &quot;Intel Rate Matching Hub&quot; rev 2.00/0.05 addr 2
sdmmc0: can't enable card
ugen0 detached
ugen1 detached
video0 detached
uvideo0 detached
uhub0 detached
uhub3 detached
uhub1 detached
uhub4 detached
uhub2 detached
uhub0 at usb0 configuration 1 interface 0 &quot;Intel xHCI root hub&quot; rev 3.00/1.00 addr 1
uhub1 at usb1 configuration 1 interface 0 &quot;Intel EHCI root hub&quot; rev 2.00/1.00 addr 1
uhub2 at usb2 configuration 1 interface 0 &quot;Intel EHCI root hub&quot; rev 2.00/1.00 addr 1
ugen0 at uhub0 port 7 &quot;Validity Sensors VFS5011 Fingerprint Reader&quot; rev 1.10/0.78 addr 2
ugen1 at uhub0 port 11 &quot;Intel product 0x07dc&quot; rev 2.00/0.01 addr 3
uvideo0 at uhub0 port 12 configuration 1 interface 0 &quot;SunplusIT INC. Integrated Camera&quot; rev 2.00/0.03 addr 4
video0 at uvideo0
uhub3 at uhub1 port 1 configuration 1 interface 0 &quot;Intel Rate Matching Hub&quot; rev 2.00/0.05 addr 2
uhub4 at uhub2 port 1 configuration 1 interface 0 &quot;Intel Rate Matching Hub&quot; rev 2.00/0.05 addr 2
sdmmc0: can't enable card
ugen0 detached
ugen1 detached
video0 detached
uvideo0 detached
uhub0 detached
uhub3 detached
uhub1 detached
uhub4 detached
uhub2 detached
uhub0 at usb0 configuration 1 interface 0 &quot;Intel xHCI root hub&quot; rev 3.00/1.00 addr 1
uhub1 at usb1 configuration 1 interface 0 &quot;Intel EHCI root hub&quot; rev 2.00/1.00 addr 1
uhub2 at usb2 configuration 1 interface 0 &quot;Intel EHCI root hub&quot; rev 2.00/1.00 addr 1
ugen0 at uhub0 port 7 &quot;Validity Sensors VFS5011 Fingerprint Reader&quot; rev 1.10/0.78 addr 2
ugen1 at uhub0 port 11 &quot;Intel product 0x07dc&quot; rev 2.00/0.01 addr 3
uvideo0 at uhub0 port 12 configuration 1 interface 0 &quot;SunplusIT INC. Integrated Camera&quot; rev 2.00/0.03 addr 4
video0 at uvideo0
uhub3 at uhub1 port 1 configuration 1 interface 0 &quot;Intel Rate Matching Hub&quot; rev 2.00/0.05 addr 2
uhub4 at uhub2 port 1 configuration 1 interface 0 &quot;Intel Rate Matching Hub&quot; rev 2.00/0.05 addr 2
sdmmc0: can't enable card
uhidev0 at uhub0 port 3 configuration 1 interface 0 &quot;Yubico YubiKey OTP+FIDO+CCID&quot; rev 2.00/5.12 addr 5
uhidev0: iclass 3/1
ukbd0 at uhidev0: 8 variable keys, 6 key codes
wskbd1 at ukbd0 mux 1
wskbd1: connecting to wsdisplay0
uhidev1 at uhub0 port 3 configuration 1 interface 1 &quot;Yubico YubiKey OTP+FIDO+CCID&quot; rev 2.00/5.12 addr 5
uhidev1: iclass 3/0
uhid0 at uhidev1: input=64, output=64, feature=0
ugen2 at uhub0 port 3 configuration 1 &quot;Yubico YubiKey OTP+FIDO+CCID&quot; rev 2.00/5.12 addr 5
[drm] *ERROR* Potential atomic update failure on pipe A
wskbd1: disconnecting from wsdisplay0
wskbd1 detached
ukbd0 detached
uhidev0 detached
uhid0 detached
uhidev1 detached
ugen2 detached
uhidev0 at uhub0 port 3 configuration 1 interface 0 &quot;Yubico YubiKey OTP+FIDO+CCID&quot; rev 2.00/5.12 addr 5
uhidev0: iclass 3/1
ukbd0 at uhidev0: 8 variable keys, 6 key codes
wskbd1 at ukbd0 mux 1
wskbd1: connecting to wsdisplay0
uhidev1 at uhub0 port 3 configuration 1 interface 1 &quot;Yubico YubiKey OTP+FIDO+CCID&quot; rev 2.00/5.12 addr 5
uhidev1: iclass 3/0
uhid0 at uhidev1: input=64, output=64, feature=0
ugen2 at uhub0 port 3 configuration 1 &quot;Yubico YubiKey OTP+FIDO+CCID&quot; rev 2.00/5.12 addr 5
wskbd1: disconnecting from wsdisplay0
wskbd1 detached
ukbd0 detached
uhidev0 detached
uhid0 detached
uhidev1 detached
ugen2 detached
ugen0 detached
ugen1 detached
video0 detached
uvideo0 detached
uhub0 detached
uhub3 detached
uhub1 detached
uhub4 detached
uhub2 detached
uhub0 at usb0 configuration 1 interface 0 &quot;Intel xHCI root hub&quot; rev 3.00/1.00 addr 1
uhub1 at usb1 configuration 1 interface 0 &quot;Intel EHCI root hub&quot; rev 2.00/1.00 addr 1
uhub2 at usb2 configuration 1 interface 0 &quot;Intel EHCI root hub&quot; rev 2.00/1.00 addr 1
ugen0 at uhub0 port 7 &quot;Validity Sensors VFS5011 Fingerprint Reader&quot; rev 1.10/0.78 addr 2
ugen1 at uhub0 port 11 &quot;Intel product 0x07dc&quot; rev 2.00/0.01 addr 3
uvideo0 at uhub0 port 12 configuration 1 interface 0 &quot;SunplusIT INC. Integrated Camera&quot; rev 2.00/0.03 addr 4
video0 at uvideo0
uhub3 at uhub1 port 1 configuration 1 interface 0 &quot;Intel Rate Matching Hub&quot; rev 2.00/0.05 addr 2
uhub4 at uhub2 port 1 configuration 1 interface 0 &quot;Intel Rate Matching Hub&quot; rev 2.00/0.05 addr 2
sdmmc0: can't enable card
[drm] *ERROR* Potential atomic update failure on pipe A
syncing disks... done
rebooting...
OpenBSD 6.6 (GENERIC.MP) #3: Thu Nov 21 03:20:01 MST 2019
    xxx@xxx.xxx:/usr/src/sys/arch/amd64/compile/GENERIC.MP
real mem = 8526864384 (8131MB)
avail mem = 8255725568 (7873MB)
mpath0 at root
scsibus0 at mpath0: 256 targets
mainbus0 at root
bios0 at mainbus0: SMBIOS rev. 2.8 @ 0x7f72a020 (19 entries)
bios0: vendor coreboot version &quot;31ce214fdf-dirty&quot; date 12/27/2019
bios0: LENOVO ThinkPad T440p
acpi0 at bios0: ACPI 4.0
acpi0: sleep states S0 S3 S4 S5
acpi0: tables DSDT FACP SSDT MCFG TCPA APIC DMAR HPET SSDT BGRT
acpi0: wakeup devices HDEF(S3) EHCI(S3) XHCI(S3) SLPB(S3) LID_(S3)
acpitimer0 at acpi0: 3579545 Hz, 24 bits
acpimcfg0 at acpi0
acpimcfg0: addr 0xf0000000, bus 0-63
acpimadt0 at acpi0 addr 0xfee00000: PC-AT compat
cpu0 at mainbus0: apid 0 (boot processor)
cpu0: Intel(R) Core(TM) i5-4300M CPU @ 2.60GHz, 2594.38 MHz, 06-3c-03
cpu0: FPU,VME,DE,PSE,TSC,MSR,PAE,MCE,CX8,APIC,SEP,MTRR,PGE,MCA,CMOV,PAT,PSE36,CFLUSH,DS,ACPI,MMX,FXSR,SSE,SSE2,SS,HTT,TM,PBE,SSE3,PCLMUL,DTES64,MWAIT,DS-CPL,VMX,SMX,EST,TM2,SSSE3,SDBG,FMA3,CX16,xTPR,PDCM,PCID,SSE4.1,SSE4.2,x2APIC,MOVBE,POPCNT,DEADLINE,AES,XSAVE,AVX,F16C,RDRAND,NXE,PAGE1GB,RDTSCP,LONG,LAHF,ABM,PERF,ITSC,FSGSBASE,TSC_ADJUST,BMI1,AVX2,SMEP,BMI2,ERMS,INVPCID,MD_CLEAR,IBRS,IBPB,STIBP,L1DF,SSBD,SENSOR,ARAT,XSAVEOPT,MELTDOWN
cpu0: 256KB 64b/line 8-way L2 cache
cpu0: smt 0, core 0, package 0
mtrr: Pentium Pro MTRR support, 10 var ranges, 88 fixed ranges
cpu0: apic clock running at 99MHz
cpu0: mwait min=64, max=64, C-substates=0.2.1.2.4, IBE
cpu1 at mainbus0: apid 1 (application processor)
cpu1: Intel(R) Core(TM) i5-4300M CPU @ 2.60GHz, 2594.01 MHz, 06-3c-03
cpu1: FPU,VME,DE,PSE,TSC,MSR,PAE,MCE,CX8,APIC,SEP,MTRR,PGE,MCA,CMOV,PAT,PSE36,CFLUSH,DS,ACPI,MMX,FXSR,SSE,SSE2,SS,HTT,TM,PBE,SSE3,PCLMUL,DTES64,MWAIT,DS-CPL,VMX,SMX,EST,TM2,SSSE3,SDBG,FMA3,CX16,xTPR,PDCM,PCID,SSE4.1,SSE4.2,x2APIC,MOVBE,POPCNT,DEADLINE,AES,XSAVE,AVX,F16C,RDRAND,NXE,PAGE1GB,RDTSCP,LONG,LAHF,ABM,PERF,ITSC,FSGSBASE,TSC_ADJUST,BMI1,AVX2,SMEP,BMI2,ERMS,INVPCID,MD_CLEAR,IBRS,IBPB,STIBP,L1DF,SSBD,SENSOR,ARAT,XSAVEOPT,MELTDOWN
cpu1: 256KB 64b/line 8-way L2 cache
cpu1: smt 1, core 0, package 0
cpu2 at mainbus0: apid 2 (application processor)
cpu2: Intel(R) Core(TM) i5-4300M CPU @ 2.60GHz, 2594.01 MHz, 06-3c-03
cpu2: FPU,VME,DE,PSE,TSC,MSR,PAE,MCE,CX8,APIC,SEP,MTRR,PGE,MCA,CMOV,PAT,PSE36,CFLUSH,DS,ACPI,MMX,FXSR,SSE,SSE2,SS,HTT,TM,PBE,SSE3,PCLMUL,DTES64,MWAIT,DS-CPL,VMX,SMX,EST,TM2,SSSE3,SDBG,FMA3,CX16,xTPR,PDCM,PCID,SSE4.1,SSE4.2,x2APIC,MOVBE,POPCNT,DEADLINE,AES,XSAVE,AVX,F16C,RDRAND,NXE,PAGE1GB,RDTSCP,LONG,LAHF,ABM,PERF,ITSC,FSGSBASE,TSC_ADJUST,BMI1,AVX2,SMEP,BMI2,ERMS,INVPCID,MD_CLEAR,IBRS,IBPB,STIBP,L1DF,SSBD,SENSOR,ARAT,XSAVEOPT,MELTDOWN
cpu2: 256KB 64b/line 8-way L2 cache
cpu2: smt 0, core 1, package 0
cpu3 at mainbus0: apid 3 (application processor)
cpu3: Intel(R) Core(TM) i5-4300M CPU @ 2.60GHz, 2594.01 MHz, 06-3c-03
cpu3: FPU,VME,DE,PSE,TSC,MSR,PAE,MCE,CX8,APIC,SEP,MTRR,PGE,MCA,CMOV,PAT,PSE36,CFLUSH,DS,ACPI,MMX,FXSR,SSE,SSE2,SS,HTT,TM,PBE,SSE3,PCLMUL,DTES64,MWAIT,DS-CPL,VMX,SMX,EST,TM2,SSSE3,SDBG,FMA3,CX16,xTPR,PDCM,PCID,SSE4.1,SSE4.2,x2APIC,MOVBE,POPCNT,DEADLINE,AES,XSAVE,AVX,F16C,RDRAND,NXE,PAGE1GB,RDTSCP,LONG,LAHF,ABM,PERF,ITSC,FSGSBASE,TSC_ADJUST,BMI1,AVX2,SMEP,BMI2,ERMS,INVPCID,MD_CLEAR,IBRS,IBPB,STIBP,L1DF,SSBD,SENSOR,ARAT,XSAVEOPT,MELTDOWN
cpu3: 256KB 64b/line 8-way L2 cache
cpu3: smt 1, core 1, package 0
ioapic0 at mainbus0: apid 2 pa 0xfec00000, version 20, 24 pins
acpihpet0 at acpi0: 14318179 Hz
acpiprt0 at acpi0: bus 0 (PCI0)
acpiprt1 at acpi0: bus 2 (RP01)
acpiprt2 at acpi0: bus 3 (RP02)
acpiprt3 at acpi0: bus 0 (RP03)
acpiprt4 at acpi0: bus 0 (RP04)
acpiprt5 at acpi0: bus 0 (RP05)
acpiprt6 at acpi0: bus -1 (RP06)
acpiprt7 at acpi0: bus -1 (RP07)
acpiprt8 at acpi0: bus -1 (RP08)
acpiec0 at acpi0
acpicpu0 at acpi0: C3(800@148 mwait.1@0x21), C2(900@67 mwait.1@0x10), C1(1000@0 mwait.1), PSS
acpicpu1 at acpi0: C3(800@148 mwait.1@0x21), C2(900@67 mwait.1@0x10), C1(1000@0 mwait.1), PSS
acpicpu2 at acpi0: C3(800@148 mwait.1@0x21), C2(900@67 mwait.1@0x10), C1(1000@0 mwait.1), PSS
acpicpu3 at acpi0: C3(800@148 mwait.1@0x21), C2(900@67 mwait.1@0x10), C1(1000@0 mwait.1), PSS
acpitz0 at acpi0: critical temperature is 100 degC
acpipwrres0 at acpi0: FPWR, resource for FAN_
acpitz1 at acpi0: critical temperature is 99 degC
acpipci0 at acpi0 PCI0: 0x00000000 0x00000011 0x00000001
acpiac0 at acpi0: AC unit offline
acpibat0 at acpi0: BAT0 model &quot;45N1147&quot; serial  3995 type LION oem &quot;LGC&quot;
acpibat1 at acpi0: BAT1 not present
acpibtn0 at acpi0: SLPB
acpibtn1 at acpi0: LID_
acpithinkpad0 at acpi0
acpicmos0 at acpi0
tpm0 at acpi0: TPM_ addr 0xfed40000/0x5000, device 0x0000104a rev 0x4e
&quot;PNP0C0B&quot; at acpi0 not configured
&quot;BOOT0000&quot; at acpi0 not configured
acpivideo0 at acpi0: GFX0
acpivout0 at acpivideo0: LCD0
cpu0: using VERW MDS workaround (except on vmm entry)
cpu0: Enhanced SpeedStep 2594 MHz: speeds: 2601, 2600, 2000, 1600, 1200, 800 MHz
pci0 at mainbus0 bus 0
pchb0 at pci0 dev 0 function 0 &quot;Intel Core 4G Host&quot; rev 0x06
ppb0 at pci0 dev 1 function 0 &quot;Intel Core 4G PCIE&quot; rev 0x06: msi
pci1 at ppb0 bus 1
inteldrm0 at pci0 dev 2 function 0 &quot;Intel HD Graphics 4600&quot; rev 0x06
drm0 at inteldrm0
inteldrm0: msi
azalia0 at pci0 dev 3 function 0 &quot;Intel Core 4G HD Audio&quot; rev 0x06: msi
vendor &quot;Intel&quot;, unknown product 0x0c03 (class DASP subclass miscellaneous, rev 0x06) at pci0 dev 4 function 0 not configured
xhci0 at pci0 dev 20 function 0 &quot;Intel 8 Series xHCI&quot; rev 0x05: msi, xHCI 1.0
usb0 at xhci0: USB revision 3.0
uhub0 at usb0 configuration 1 interface 0 &quot;Intel xHCI root hub&quot; rev 3.00/1.00 addr 1
&quot;Intel 8 Series MEI&quot; rev 0x04 at pci0 dev 22 function 0 not configured
em0 at pci0 dev 25 function 0 &quot;Intel I217-LM&quot; rev 0x05: msi, address xx:xx:xx:xx:xx:xx
ehci0 at pci0 dev 26 function 0 &quot;Intel 8 Series USB&quot; rev 0x05: apic 2 int 16
usb1 at ehci0: USB revision 2.0
uhub1 at usb1 configuration 1 interface 0 &quot;Intel EHCI root hub&quot; rev 2.00/1.00 addr 1
azalia1 at pci0 dev 27 function 0 &quot;Intel 8 Series HD Audio&quot; rev 0x05: msi
azalia1: codecs: Realtek ALC292
audio0 at azalia1
ppb1 at pci0 dev 28 function 0 &quot;Intel 8 Series PCIE&quot; rev 0xd5
pci2 at ppb1 bus 2
rtsx0 at pci2 dev 0 function 0 &quot;Realtek RTS5227 Card Reader&quot; rev 0x01: msi
sdmmc0 at rtsx0: 4-bit, dma
ppb2 at pci0 dev 28 function 1 &quot;Intel 8 Series PCIE&quot; rev 0xd5
pci3 at ppb2 bus 3
iwm0 at pci3 dev 0 function 0 &quot;Intel Dual Band Wireless AC 7260&quot; rev 0x83, msi
ppb3 at pci0 dev 28 function 2 &quot;Intel 8 Series PCIE&quot; rev 0xd5
pci4 at ppb3 bus 4
ppb4 at pci0 dev 28 function 3 &quot;Intel 8 Series PCIE&quot; rev 0xd5
pci5 at ppb4 bus 20
ppb5 at pci0 dev 28 function 4 &quot;Intel 8 Series PCIE&quot; rev 0xd5
pci6 at ppb5 bus 36
ehci1 at pci0 dev 29 function 0 &quot;Intel 8 Series USB&quot; rev 0x05: apic 2 int 23
usb2 at ehci1: USB revision 2.0
uhub2 at usb2 configuration 1 interface 0 &quot;Intel EHCI root hub&quot; rev 2.00/1.00 addr 1
pcib0 at pci0 dev 31 function 0 &quot;Intel QM87 LPC&quot; rev 0x05
ahci0 at pci0 dev 31 function 2 &quot;Intel 8 Series AHCI&quot; rev 0x05: msi, AHCI 1.3
ahci0: port 0: 6.0Gb/s
ahci0: port 5: 1.5Gb/s
scsibus1 at ahci0: 32 targets
sd0 at scsibus1 targ 0 lun 0: &lt;ATA, Samsung SSD 860, RVT0&gt; naa.5002538e09a017c8
sd0: 476940MB, 512 bytes/sector, 976773168 sectors, thin
cd0 at scsibus1 targ 5 lun 0: &lt;HL-DT-ST, DVDRAM GUB0N, LV20&gt; removable
ichiic0 at pci0 dev 31 function 3 &quot;Intel 8 Series SMBus&quot; rev 0x05: apic 2 int 18
iic0 at ichiic0
iic0: addr 0x24 03=04 09=31 0a=37 0b=03 0c=01 0d=05 0e=01 0f=20 words 00=00ff 01=00ff 02=00ff 03=04ff 04=00ff 05=00ff 06=00ff 07=00ff
isa0 at pcib0
isadma0 at isa0
pckbc0 at isa0 port 0x60/5 irq 1 irq 12
pckbd0 at pckbc0 (kbd slot)
wskbd0 at pckbd0: console keyboard
pms0 at pckbc0 (aux slot)
wsmouse0 at pms0 mux 0
wsmouse1 at pms0 mux 0
pms0: Synaptics clickpad, firmware 8.2, 0x1e2b1 0x943300
pcppi0 at isa0 port 0x61
spkr0 at pcppi0
vmm0 at mainbus0: VMX/EPT
efifb at mainbus0 not configured
ugen0 at uhub0 port 7 &quot;Validity Sensors VFS5011 Fingerprint Reader&quot; rev 1.10/0.78 addr 2
ugen1 at uhub0 port 11 &quot;Intel product 0x07dc&quot; rev 2.00/0.01 addr 3
uvideo0 at uhub0 port 12 configuration 1 interface 0 &quot;SunplusIT INC. Integrated Camera&quot; rev 2.00/0.03 addr 4
video0 at uvideo0
uhub3 at uhub1 port 1 configuration 1 interface 0 &quot;Intel Rate Matching Hub&quot; rev 2.00/0.05 addr 2
uhub4 at uhub2 port 1 configuration 1 interface 0 &quot;Intel Rate Matching Hub&quot; rev 2.00/0.05 addr 2
sdmmc0: can't enable card
vscsi0 at root
scsibus2 at vscsi0: 256 targets
softraid0 at root
scsibus3 at softraid0: 256 targets
sd1 at scsibus3 targ 1 lun 0: &lt;OPENBSD, SR CRYPTO, 006&gt;
sd1: 476939MB, 512 bytes/sector, 976771553 sectors
root on sd1a (adecb905eab932b9.a) swap on sd1b dump on sd1b
inteldrm0: 1920x1080, 32bpp
wsdisplay0 at inteldrm0 mux 1: console (std, vt100 emulation), using wskbd0
wsdisplay0: screen 1-5 added (std, vt100 emulation)
iwm0: hw rev 0x140, fw ver 16.242414.0, address xx:xx:xx:xx:xx:xx

</pre>



</div><!-- content -->
<br />
<div id="footer">
All comments/news/posts are the property of their individual owner and
is presented without warranty of suitability, and solely as an
informational resource. <br />
This site Copyright &copy; 2004-2020 NYC*BUG.
</div><!-- footer -->

</body>
</html>

