



<!doctype html>
<html lang="en">
<head>
<meta name="keywords"
	content="bsd, freebsd, openbsd, netbsd, dragonflybsd, nycbug, dmesgd" />
<meta name="description" content="New York City BSD User Group dmesgd" />
<meta charset="utf-8" />
<meta name="viewport" content="width=device-width, initial-scale=1" />
<title>NYC*BUG dmesgd</title>
<style>
body {
	text-align: left;
	margin: 15px auto;
	padding: 0px 10px;
}
@media (min-width: 800px) {
	body {
		max-width: 85%;
	}
}
#header {
	border-bottom: 1px solid #dbdbdb;
	font-size: 230%;
	text-align: left;
}
#footer {
	border-top: 1px solid #dbdbdb;
	clear: both;
	text-align: left;
}
.logo_bug {
	color: #cc0033;
}
#menu ul {
	list-style-type: none;
	margin: 0;
	padding: 0;
}
#menu li {
	float: left;
}
#menu li a {
	display: block;
	background-color: #dbdbdb;
	color: #000000;
	font-size: 105%;
	font-weight: bold;
	padding: 0px 6px 0px 6px;
	text-decoration: none;
}
#content {
	clear: both;
	text-align: left;
	padding-top: 10px;
}
#content h1 {
	font-size: 120%;
	font-weight: bold;
}
#content h2 {
	font-size: 110%;
	font-weight: bold;
}
#content a {
	text-decoration: none;
}
#content pre {
	background-color: #dbdbdb;
	padding: 5px 5px 5px 5px;
	white-space: pre-wrap;		/* css-3 */
	white-space: -moz-pre-wrap;	/* Mozilla, since 1999 */
	white-space: -pre-wrap;		/* Opera 4-6 */
	white-space: -o-pre-wrap;	/* Opera 7 */
	word-wrap: break-word;		/* Internet Explorer 5.5+ */
}
#content table {
	border-collapse: collapse;
}
#content table th {
	border: 1px solid #dbdbdb;
	font-size: 85%;
	white-space: nowrap;
}
#content table td {
	border: 1px solid #dbdbdb;
	font-size: 80%;
}
#content input {
	font-size: 1em;
}
#content .full	{ width: 100%; }
#content .left	{ text-align: left; }
#content .right	{ text-align: right; }
#content .center { text-align: center; }
#content .flexbox {
	display: -ms-flex;
	display: -webkit-flex;
	display: flex;
	width: 100%;
}
#content .left_col {
	min-width: 75px;
	max-width: 50%;
	flex-grow: 0;
}
#content .right_col {
	flex-grow: 1;
	margin-left: 10px;
	padding-top: 10px;
	padding-left: 10px;
}
#col {
	-moz-column-count: 3;
	-webkit-column-count: 3;
	column-count: 3;
}
</style>
</head>
<body>

<div id="header">
<strong><em>NYC*</em><span class="logo_bug">BUG</span> dmesgd</strong>
</div><!-- header -->

<div id="menu">
<ul>
<li><a href="https://dmesgd.nycbug.org/index.cgi?do=index">Home</a></li>
<li><a href="https://dmesgd.nycbug.org/index.cgi?do=submit">Submit</a></li>
<li><a href="https://www.nycbug.org/">NYC*BUG</a></li>
</ul>
</div><!-- menu -->

<div id="content">

<p>
Launched in 2004, dmesgd aims to provide a
<strong>user-submitted</strong> repository of searchable *BSD dmesgs.
The dmesg(8) command displays the system message buffer's content, and
during boot a copy is saved to <em>/var/run/dmesg.boot</em>.  This buffer
contains the operating system release, name and version, a list of
devices identified, plus a whole host of other useful information.  We
hope others find this resource useful and further contribute to its
growth. Contact us at [ admin at lists dot nycbug dot org ].
</p>

<hr />


<strong>Date:</strong> <em>2020-01-15 17:45:01</em><br />
<strong>From:</strong> <em>Toni</em><br />
<strong>Description:</strong> <em>OpenBSD 6.6 on Dell OptiPlex 3040 SFF i5-6500</em><br />

<pre>
OpenBSD 6.6 (RAMDISK_CD) #349: Sat Oct 12 11:03:52 MDT 2019
    xxx@xxx.xxx:/usr/src/sys/arch/amd64/compile/RAMDISK_CD
real mem = 4174618624 (3981MB)
avail mem = 4044124160 (3856MB)
mainbus0 at root
bios0 at mainbus0: SMBIOS rev. 2.8 @ 0xec790 (83 entries)
bios0: vendor Dell Inc. version &quot;1.4.6&quot; date 06/30/2016
bios0: Dell Inc. OptiPlex 3040
acpi0 at bios0: ACPI 5.0
acpi0: tables DSDT FACP APIC FPDT FIDT MCFG HPET SSDT BOOT SSDT UEFI LPIT SSDT SSDT SSDT SSDT DBGP DBG2 SSDT SSDT MSDM SLIC TCPA ASF!
acpimadt0 at acpi0 addr 0xfee00000: PC-AT compat
cpu0 at mainbus0: apid 0 (boot processor)
cpu0: Intel(R) Core(TM) i5-6500 CPU @ 3.20GHz, 3193.51 MHz, 06-5e-03
cpu0: FPU,VME,DE,PSE,TSC,MSR,PAE,MCE,CX8,APIC,SEP,MTRR,PGE,MCA,CMOV,PAT,PSE36,CFLUSH,DS,ACPI,MMX,FXSR,SSE,SSE2,SS,HTT,TM,PBE,SSE3,PCLMUL,DTES64,MWAIT,DS-CPL,VMX,SMX,EST,TM2,SSSE3,SDBG,FMA3,CX16,xTPR,PDCM,PCID,SSE4.1,SSE4.2,x2APIC,MOVBE,POPCNT,DEADLINE,AES,XSAVE,AVX,F16C,RDRAND,NXE,PAGE1GB,RDTSCP,LONG,LAHF,ABM,3DNOWP,PERF,ITSC,FSGSBASE,TSC_ADJUST,SGX,BMI1,HLE,AVX2,SMEP,BMI2,ERMS,INVPCID,RTM,MPX,RDSEED,ADX,SMAP,CLFLUSHOPT,PT,SENSOR,ARAT,XSAVEOPT,XSAVEC,XGETBV1,XSAVES,MELTDOWN
cpu0: 256KB 64b/line 8-way L2 cache
cpu0: apic clock running at 24MHz
cpu0: mwait min=64, max=64, C-substates=0.2.1.2.4.1, IBE
cpu at mainbus0: not configured
cpu at mainbus0: not configured
cpu at mainbus0: not configured
ioapic0 at mainbus0: apid 2 pa 0xfec00000, version 20, 120 pins
acpiprt0 at acpi0: bus 0 (PCI0)
acpiprt1 at acpi0: bus 1 (PEG0)
acpiprt2 at acpi0: bus -1 (PEG1)
acpiprt3 at acpi0: bus -1 (PEG2)
acpiprt4 at acpi0: bus -1 (RP10)
acpiprt5 at acpi0: bus -1 (RP11)
acpiprt6 at acpi0: bus -1 (RP12)
acpiprt7 at acpi0: bus -1 (RP13)
acpiprt8 at acpi0: bus -1 (RP01)
acpiprt9 at acpi0: bus -1 (RP02)
acpiprt10 at acpi0: bus -1 (RP03)
acpiprt11 at acpi0: bus -1 (RP04)
acpiprt12 at acpi0: bus 2 (RP05)
acpiprt13 at acpi0: bus -1 (RP06)
acpiprt14 at acpi0: bus -1 (RP07)
acpiprt15 at acpi0: bus -1 (RP08)
acpiprt16 at acpi0: bus -1 (RP17)
acpiprt17 at acpi0: bus -1 (RP18)
acpiprt18 at acpi0: bus -1 (RP19)
acpiprt19 at acpi0: bus -1 (RP20)
acpiprt20 at acpi0: bus -1 (RP14)
acpiprt21 at acpi0: bus -1 (RP15)
acpiprt22 at acpi0: bus -1 (RP16)
acpiprt23 at acpi0: bus -1 (RP09)
acpiec0 at acpi0: not present
acpicpu at acpi0 not configured
acpipwrres at acpi0 not configured
acpipwrres at acpi0 not configured
acpipwrres at acpi0 not configured
acpipwrres at acpi0 not configured
acpipwrres at acpi0 not configured
acpipwrres at acpi0 not configured
acpipwrres at acpi0 not configured
acpipwrres at acpi0 not configured
acpipwrres at acpi0 not configured
acpipwrres at acpi0 not configured
acpipwrres at acpi0 not configured
acpipwrres at acpi0 not configured
acpipwrres at acpi0 not configured
acpipwrres at acpi0 not configured
acpipwrres at acpi0 not configured
acpipwrres at acpi0 not configured
acpipwrres at acpi0 not configured
acpipwrres at acpi0 not configured
acpipwrres at acpi0 not configured
acpipwrres at acpi0 not configured
acpipwrres at acpi0 not configured
acpipwrres at acpi0 not configured
acpipwrres at acpi0 not configured
acpipwrres at acpi0 not configured
acpipwrres at acpi0 not configured
acpipwrres at acpi0 not configured
acpipwrres at acpi0 not configured
acpipwrres at acpi0 not configured
acpitz at acpi0 not configured
acpitz at acpi0 not configured
&quot;PNP0A08&quot; at acpi0 not configured
acpicmos0 at acpi0
&quot;PNP0C0E&quot; at acpi0 not configured
&quot;INT33A1&quot; at acpi0 not configured
&quot;PNP0C0C&quot; at acpi0 not configured
&quot;PNP0C31&quot; at acpi0 not configured
&quot;PNP0C14&quot; at acpi0 not configured
&quot;PNP0C0B&quot; at acpi0 not configured
&quot;PNP0C0B&quot; at acpi0 not configured
&quot;PNP0C0B&quot; at acpi0 not configured
&quot;PNP0C0B&quot; at acpi0 not configured
&quot;PNP0C0B&quot; at acpi0 not configured
cpu0: using Skylake AVX MDS workaround
pci0 at mainbus0 bus 0
pchb0 at pci0 dev 0 function 0 &quot;Intel Core 6G Host&quot; rev 0x07
ppb0 at pci0 dev 1 function 0 &quot;Intel Core 6G PCIE&quot; rev 0x07: msi
pci1 at ppb0 bus 1
&quot;Intel HD Graphics 530&quot; rev 0x06 at pci0 dev 2 function 0 not configured
xhci0 at pci0 dev 20 function 0 &quot;Intel 100 Series xHCI&quot; rev 0x31: msi, xHCI 1.0
usb0 at xhci0: USB revision 3.0
uhub0 at usb0 configuration 1 interface 0 &quot;Intel xHCI root hub&quot; rev 3.00/1.00 addr 1
&quot;Intel 100 Series Thermal&quot; rev 0x31 at pci0 dev 20 function 2 not configured
&quot;Intel 100 Series MEI&quot; rev 0x31 at pci0 dev 22 function 0 not configured
ahci0 at pci0 dev 23 function 0 &quot;Intel 100 Series AHCI&quot; rev 0x31: msi, AHCI 1.3.1
ahci0: port 0: 6.0Gb/s
ahci0: port 1: 1.5Gb/s
ahci0: PHY offline on port 2
ahci0: PHY offline on port 3
scsibus0 at ahci0: 32 targets
sd0 at scsibus0 targ 0 lun 0: &lt;ATA, TOSHIBA DT01ACA0, MS1O&gt; naa.5000039feaef2490
sd0: 476940MB, 512 bytes/sector, 976773168 sectors
cd0 at scsibus0 targ 1 lun 0: &lt;HL-DT-ST, DVD+-RW GU90N, A1C1&gt; removable
ppb1 at pci0 dev 28 function 0 &quot;Intel 100 Series PCIE&quot; rev 0xf1: msi
pci2 at ppb1 bus 2
re0 at pci2 dev 0 function 0 &quot;Realtek 8168&quot; rev 0x15: RTL8168H/8111H (0x5400), msi, address xx:xx:xx:xx:xx:xx
rgephy0 at re0 phy 7: RTL8251 PHY, rev. 0
&quot;Intel H110 LPC&quot; rev 0x31 at pci0 dev 31 function 0 not configured
&quot;Intel 100 Series PMC&quot; rev 0x31 at pci0 dev 31 function 2 not configured
&quot;Intel 100 Series HD Audio&quot; rev 0x31 at pci0 dev 31 function 3 not configured
&quot;Intel 100 Series SMBus&quot; rev 0x31 at pci0 dev 31 function 4 not configured
isa0 at mainbus0
pckbc0 at isa0 port 0x60/5 irq 1 irq 12
pckbd0 at pckbc0 (kbd slot)
wskbd0 at pckbd0: console keyboard
efifb0 at mainbus0: 1024x768, 32bpp
wsdisplay0 at efifb0 mux 1: console (std, vt100 emulation), using wskbd0
run0 at uhub0 port 1 configuration 1 interface 0 &quot;Ralink 802.11 n WLAN&quot; rev 2.00/1.01 addr 2
run0: MAC/BBP RT5390 (rev 0x0502), RF RT5370 (MIMO 1T1R), address xx:xx:xx:xx:xx:xx
umass0 at uhub0 port 2 configuration 1 interface 0 &quot;SMI Corporation USB DISK&quot; rev 2.00/11.00 addr 3
umass0: using SCSI over Bulk-Only
scsibus1 at umass0: 2 targets, initiator 0
sd1 at scsibus1 targ 1 lun 0: &lt;SMI, USB DISK, 1100&gt; removable serial.090c1000000000020825
sd1: 3841MB, 512 bytes/sector, 7866368 sectors
uhub1 at uhub0 port 10 configuration 1 interface 0 &quot;Generic 4-Port USB 2.0 Hub&quot; rev 2.10/1.04 addr 4
uhidev0 at uhub1 port 1 configuration 1 interface 0 &quot;Logitech USB Keyboard&quot; rev 1.10/64.00 addr 5
uhidev0: iclass 3/1
ukbd0 at uhidev0
wskbd1 at ukbd0 mux 1
wskbd1: connecting to wsdisplay0
uhidev1 at uhub1 port 1 configuration 1 interface 1 &quot;Logitech USB Keyboard&quot; rev 1.10/64.00 addr 5
uhidev1: iclass 3/0, 3 report ids
uhid at uhidev1 reportid 1 not configured
uhid at uhidev1 reportid 2 not configured
uhid at uhidev1 reportid 3 not configured
uhidev2 at uhub1 port 2 configuration 1 interface 0 &quot;Logitech USB Optical Mouse&quot; rev 2.00/72.00 addr 6
uhidev2: iclass 3/1
uhid at uhidev2 not configured
softraid0 at root
scsibus2 at softraid0: 256 targets
root on rd0a swap on rd0b dump on rd0b
uhidev2 detached
uhidev2 at uhub1 port 2 configuration 1 interface 0 &quot;Logitech USB Optical Mouse&quot; rev 2.00/72.00 addr 6
uhidev2: iclass 3/1
uhid at uhidev2 not configured
uhidev2 detached
uhidev2 at uhub1 port 2 configuration 1 interface 0 &quot;Logitech USB Optical Mouse&quot; rev 2.00/72.00 addr 6
uhidev2: iclass 3/1
uhid at uhidev2 not configured
uhidev2 detached
uhidev2 at uhub1 port 2 configuration 1 interface 0 &quot;Logitech USB Optical Mouse&quot; rev 2.00/72.00 addr 6
uhidev2: iclass 3/1
uhid at uhidev2 not configured
uhidev2 detached
uhidev2 at uhub1 port 2 configuration 1 interface 0 &quot;Logitech USB Optical Mouse&quot; rev 2.00/72.00 addr 6
uhidev2: iclass 3/1
uhid at uhidev2 not configured
uhidev2 detached
uhidev2 at uhub1 port 2 configuration 1 interface 0 &quot;Logitech USB Optical Mouse&quot; rev 2.00/72.00 addr 6
uhidev2: iclass 3/1
uhid at uhidev2 not configured
uhidev2 detached
uhidev2 at uhub1 port 2 configuration 1 interface 0 &quot;Logitech USB Optical Mouse&quot; rev 2.00/72.00 addr 6
uhidev2: iclass 3/1
uhid at uhidev2 not configured
uhidev2 detached
uhidev2 at uhub1 port 2 configuration 1 interface 0 &quot;Logitech USB Optical Mouse&quot; rev 2.00/72.00 addr 6
uhidev2: iclass 3/1
uhid at uhidev2 not configured
uhidev2 detached
uhidev2 at uhub1 port 2 configuration 1 interface 0 &quot;Logitech USB Optical Mouse&quot; rev 2.00/72.00 addr 6
uhidev2: iclass 3/1
uhid at uhidev2 not configured
uhidev2 detached
uhidev2 at uhub1 port 2 configuration 1 interface 0 &quot;Logitech USB Optical Mouse&quot; rev 2.00/72.00 addr 6
uhidev2: iclass 3/1
uhid at uhidev2 not configured
uhidev2 detached
uhidev2 at uhub1 port 2 configuration 1 interface 0 &quot;Logitech USB Optical Mouse&quot; rev 2.00/72.00 addr 6
uhidev2: iclass 3/1
uhid at uhidev2 not configured
uhidev2 detached
uhidev2 at uhub1 port 2 configuration 1 interface 0 &quot;Logitech USB Optical Mouse&quot; rev 2.00/72.00 addr 6
uhidev2: iclass 3/1
uhid at uhidev2 not configured
syncing disks... done
rebooting...
OpenBSD 6.6 (GENERIC.MP) #372: Sat Oct 12 10:56:27 MDT 2019
    xxx@xxx.xxx:/usr/src/sys/arch/amd64/compile/GENERIC.MP
real mem = 4174618624 (3981MB)
avail mem = 4035391488 (3848MB)
mpath0 at root
scsibus0 at mpath0: 256 targets
mainbus0 at root
bios0 at mainbus0: SMBIOS rev. 2.8 @ 0xec790 (83 entries)
bios0: vendor Dell Inc. version &quot;1.4.6&quot; date 06/30/2016
bios0: Dell Inc. OptiPlex 3040
acpi0 at bios0: ACPI 5.0
acpi0: sleep states S0 S3 S4 S5
acpi0: tables DSDT FACP APIC FPDT FIDT MCFG HPET SSDT BOOT SSDT UEFI LPIT SSDT SSDT SSDT SSDT DBGP DBG2 SSDT SSDT MSDM SLIC TCPA ASF!
acpi0: wakeup devices PEG0(S4) PEGP(S4) PEG1(S4) PEGP(S4) PEG2(S4) PEGP(S4) PS2K(S3) PS2M(S3) RP10(S4) PXSX(S4) RP11(S4) PXSX(S4) RP12(S4) PXSX(S4) RP13(S4) PXSX(S4) [...]
acpitimer0 at acpi0: 3579545 Hz, 24 bits
acpimadt0 at acpi0 addr 0xfee00000: PC-AT compat
cpu0 at mainbus0: apid 0 (boot processor)
cpu0: Intel(R) Core(TM) i5-6500 CPU @ 3.20GHz, 3193.82 MHz, 06-5e-03
cpu0: FPU,VME,DE,PSE,TSC,MSR,PAE,MCE,CX8,APIC,SEP,MTRR,PGE,MCA,CMOV,PAT,PSE36,CFLUSH,DS,ACPI,MMX,FXSR,SSE,SSE2,SS,HTT,TM,PBE,SSE3,PCLMUL,DTES64,MWAIT,DS-CPL,VMX,SMX,EST,TM2,SSSE3,SDBG,FMA3,CX16,xTPR,PDCM,PCID,SSE4.1,SSE4.2,x2APIC,MOVBE,POPCNT,DEADLINE,AES,XSAVE,AVX,F16C,RDRAND,NXE,PAGE1GB,RDTSCP,LONG,LAHF,ABM,3DNOWP,PERF,ITSC,FSGSBASE,TSC_ADJUST,SGX,BMI1,HLE,AVX2,SMEP,BMI2,ERMS,INVPCID,RTM,MPX,RDSEED,ADX,SMAP,CLFLUSHOPT,PT,SENSOR,ARAT,XSAVEOPT,XSAVEC,XGETBV1,XSAVES,MELTDOWN
cpu0: 256KB 64b/line 8-way L2 cache
cpu0: smt 0, core 0, package 0
mtrr: Pentium Pro MTRR support, 10 var ranges, 88 fixed ranges
cpu0: apic clock running at 24MHz
cpu0: mwait min=64, max=64, C-substates=0.2.1.2.4.1, IBE
cpu1 at mainbus0: apid 2 (application processor)
cpu1: Intel(R) Core(TM) i5-6500 CPU @ 3.20GHz, 3192.57 MHz, 06-5e-03
cpu1: FPU,VME,DE,PSE,TSC,MSR,PAE,MCE,CX8,APIC,SEP,MTRR,PGE,MCA,CMOV,PAT,PSE36,CFLUSH,DS,ACPI,MMX,FXSR,SSE,SSE2,SS,HTT,TM,PBE,SSE3,PCLMUL,DTES64,MWAIT,DS-CPL,VMX,SMX,EST,TM2,SSSE3,SDBG,FMA3,CX16,xTPR,PDCM,PCID,SSE4.1,SSE4.2,x2APIC,MOVBE,POPCNT,DEADLINE,AES,XSAVE,AVX,F16C,RDRAND,NXE,PAGE1GB,RDTSCP,LONG,LAHF,ABM,3DNOWP,PERF,ITSC,FSGSBASE,TSC_ADJUST,SGX,BMI1,HLE,AVX2,SMEP,BMI2,ERMS,INVPCID,RTM,MPX,RDSEED,ADX,SMAP,CLFLUSHOPT,PT,SENSOR,ARAT,XSAVEOPT,XSAVEC,XGETBV1,XSAVES,MELTDOWN
cpu1: 256KB 64b/line 8-way L2 cache
cpu1: smt 0, core 1, package 0
cpu2 at mainbus0: apid 4 (application processor)
cpu2: Intel(R) Core(TM) i5-6500 CPU @ 3.20GHz, 3192.57 MHz, 06-5e-03
cpu2: FPU,VME,DE,PSE,TSC,MSR,PAE,MCE,CX8,APIC,SEP,MTRR,PGE,MCA,CMOV,PAT,PSE36,CFLUSH,DS,ACPI,MMX,FXSR,SSE,SSE2,SS,HTT,TM,PBE,SSE3,PCLMUL,DTES64,MWAIT,DS-CPL,VMX,SMX,EST,TM2,SSSE3,SDBG,FMA3,CX16,xTPR,PDCM,PCID,SSE4.1,SSE4.2,x2APIC,MOVBE,POPCNT,DEADLINE,AES,XSAVE,AVX,F16C,RDRAND,NXE,PAGE1GB,RDTSCP,LONG,LAHF,ABM,3DNOWP,PERF,ITSC,FSGSBASE,TSC_ADJUST,SGX,BMI1,HLE,AVX2,SMEP,BMI2,ERMS,INVPCID,RTM,MPX,RDSEED,ADX,SMAP,CLFLUSHOPT,PT,SENSOR,ARAT,XSAVEOPT,XSAVEC,XGETBV1,XSAVES,MELTDOWN
cpu2: 256KB 64b/line 8-way L2 cache
cpu2: smt 0, core 2, package 0
cpu3 at mainbus0: apid 6 (application processor)
cpu3: Intel(R) Core(TM) i5-6500 CPU @ 3.20GHz, 3192.57 MHz, 06-5e-03
cpu3: FPU,VME,DE,PSE,TSC,MSR,PAE,MCE,CX8,APIC,SEP,MTRR,PGE,MCA,CMOV,PAT,PSE36,CFLUSH,DS,ACPI,MMX,FXSR,SSE,SSE2,SS,HTT,TM,PBE,SSE3,PCLMUL,DTES64,MWAIT,DS-CPL,VMX,SMX,EST,TM2,SSSE3,SDBG,FMA3,CX16,xTPR,PDCM,PCID,SSE4.1,SSE4.2,x2APIC,MOVBE,POPCNT,DEADLINE,AES,XSAVE,AVX,F16C,RDRAND,NXE,PAGE1GB,RDTSCP,LONG,LAHF,ABM,3DNOWP,PERF,ITSC,FSGSBASE,TSC_ADJUST,SGX,BMI1,HLE,AVX2,SMEP,BMI2,ERMS,INVPCID,RTM,MPX,RDSEED,ADX,SMAP,CLFLUSHOPT,PT,SENSOR,ARAT,XSAVEOPT,XSAVEC,XGETBV1,XSAVES,MELTDOWN
cpu3: 256KB 64b/line 8-way L2 cache
cpu3: smt 0, core 3, package 0
ioapic0 at mainbus0: apid 2 pa 0xfec00000, version 20, 120 pins
acpimcfg0 at acpi0
acpimcfg0: addr 0xf8000000, bus 0-63
acpihpet0 at acpi0: 23999999 Hz
acpiprt0 at acpi0: bus 0 (PCI0)
acpiprt1 at acpi0: bus 1 (PEG0)
acpiprt2 at acpi0: bus -1 (PEG1)
acpiprt3 at acpi0: bus -1 (PEG2)
acpiprt4 at acpi0: bus -1 (RP10)
acpiprt5 at acpi0: bus -1 (RP11)
acpiprt6 at acpi0: bus -1 (RP12)
acpiprt7 at acpi0: bus -1 (RP13)
acpiprt8 at acpi0: bus -1 (RP01)
acpiprt9 at acpi0: bus -1 (RP02)
acpiprt10 at acpi0: bus -1 (RP03)
acpiprt11 at acpi0: bus -1 (RP04)
acpiprt12 at acpi0: bus 2 (RP05)
acpiprt13 at acpi0: bus -1 (RP06)
acpiprt14 at acpi0: bus -1 (RP07)
acpiprt15 at acpi0: bus -1 (RP08)
acpiprt16 at acpi0: bus -1 (RP17)
acpiprt17 at acpi0: bus -1 (RP18)
acpiprt18 at acpi0: bus -1 (RP19)
acpiprt19 at acpi0: bus -1 (RP20)
acpiprt20 at acpi0: bus -1 (RP14)
acpiprt21 at acpi0: bus -1 (RP15)
acpiprt22 at acpi0: bus -1 (RP16)
acpiprt23 at acpi0: bus -1 (RP09)
acpiec0 at acpi0: not present
acpicpu0 at acpi0: C3(200@256 mwait.1@0x40), C2(200@151 mwait.1@0x33), C1(1000@1 mwait.1), PSS
acpicpu1 at acpi0: C3(200@256 mwait.1@0x40), C2(200@151 mwait.1@0x33), C1(1000@1 mwait.1), PSS
acpicpu2 at acpi0: C3(200@256 mwait.1@0x40), C2(200@151 mwait.1@0x33), C1(1000@1 mwait.1), PSS
acpicpu3 at acpi0: C3(200@256 mwait.1@0x40), C2(200@151 mwait.1@0x33), C1(1000@1 mwait.1), PSS
acpipwrres0 at acpi0: PG00, resource for PEG0
acpipwrres1 at acpi0: PG01, resource for PEG1
acpipwrres2 at acpi0: PG02, resource for PEG2
acpipwrres3 at acpi0: WRST
acpipwrres4 at acpi0: WRST
acpipwrres5 at acpi0: WRST
acpipwrres6 at acpi0: WRST
acpipwrres7 at acpi0: WRST
acpipwrres8 at acpi0: WRST
acpipwrres9 at acpi0: WRST
acpipwrres10 at acpi0: WRST
acpipwrres11 at acpi0: WRST
acpipwrres12 at acpi0: WRST
acpipwrres13 at acpi0: WRST
acpipwrres14 at acpi0: WRST
acpipwrres15 at acpi0: WRST
acpipwrres16 at acpi0: WRST
acpipwrres17 at acpi0: WRST
acpipwrres18 at acpi0: WRST
acpipwrres19 at acpi0: WRST
acpipwrres20 at acpi0: WRST
acpipwrres21 at acpi0: WRST
acpipwrres22 at acpi0: WRST
acpipwrres23 at acpi0: FN00, resource for FAN0
acpipwrres24 at acpi0: FN01, resource for FAN1
acpipwrres25 at acpi0: FN02, resource for FAN2
acpipwrres26 at acpi0: FN03, resource for FAN3
acpipwrres27 at acpi0: FN04, resource for FAN4
acpitz0 at acpi0: critical temperature is 119 degC
acpitz1 at acpi0: critical temperature is 119 degC
acpipci0 at acpi0 PCI0: 0x00000000 0x00000011 0x00000001
acpicmos0 at acpi0
acpibtn0 at acpi0: SLPB
&quot;INT33A1&quot; at acpi0 not configured
acpibtn1 at acpi0: PWRB
tpm0 at acpi0: TPM_ addr 0xfed40000/0x1000, WEC WPCT200 rev 0x2
&quot;PNP0C14&quot; at acpi0 not configured
&quot;PNP0C0B&quot; at acpi0 not configured
&quot;PNP0C0B&quot; at acpi0 not configured
&quot;PNP0C0B&quot; at acpi0 not configured
&quot;PNP0C0B&quot; at acpi0 not configured
&quot;PNP0C0B&quot; at acpi0 not configured
acpivideo0 at acpi0: GFX0
acpivout0 at acpivideo0: DD1F
cpu0: using Skylake AVX MDS workaround
cpu0: Enhanced SpeedStep 3193 MHz: speeds: 3201, 3200, 3000, 2900, 2700, 2500, 2300, 2200, 2000, 1800, 1700, 1500, 1300, 1100, 1000, 800 MHz
pci0 at mainbus0 bus 0
pchb0 at pci0 dev 0 function 0 &quot;Intel Core 6G Host&quot; rev 0x07
ppb0 at pci0 dev 1 function 0 &quot;Intel Core 6G PCIE&quot; rev 0x07: msi
pci1 at ppb0 bus 1
inteldrm0 at pci0 dev 2 function 0 &quot;Intel HD Graphics 530&quot; rev 0x06
drm0 at inteldrm0
inteldrm0: msi
xhci0 at pci0 dev 20 function 0 &quot;Intel 100 Series xHCI&quot; rev 0x31: msi, xHCI 1.0
usb0 at xhci0: USB revision 3.0
uhub0 at usb0 configuration 1 interface 0 &quot;Intel xHCI root hub&quot; rev 3.00/1.00 addr 1
pchtemp0 at pci0 dev 20 function 2 &quot;Intel 100 Series Thermal&quot; rev 0x31
&quot;Intel 100 Series MEI&quot; rev 0x31 at pci0 dev 22 function 0 not configured
ahci0 at pci0 dev 23 function 0 &quot;Intel 100 Series AHCI&quot; rev 0x31: msi, AHCI 1.3.1
ahci0: port 0: 6.0Gb/s
ahci0: port 1: 1.5Gb/s
ahci0: PHY offline on port 2
ahci0: PHY offline on port 3
scsibus1 at ahci0: 32 targets
sd0 at scsibus1 targ 0 lun 0: &lt;ATA, TOSHIBA DT01ACA0, MS1O&gt; naa.5000039feaef2490
sd0: 476940MB, 512 bytes/sector, 976773168 sectors
cd0 at scsibus1 targ 1 lun 0: &lt;HL-DT-ST, DVD+-RW GU90N, A1C1&gt; removable
ppb1 at pci0 dev 28 function 0 &quot;Intel 100 Series PCIE&quot; rev 0xf1: msi
pci2 at ppb1 bus 2
re0 at pci2 dev 0 function 0 &quot;Realtek 8168&quot; rev 0x15: RTL8168H/8111H (0x5400), msi, address xx:xx:xx:xx:xx:xx
rgephy0 at re0 phy 7: RTL8251 PHY, rev. 0
pcib0 at pci0 dev 31 function 0 &quot;Intel H110 LPC&quot; rev 0x31
&quot;Intel 100 Series PMC&quot; rev 0x31 at pci0 dev 31 function 2 not configured
azalia0 at pci0 dev 31 function 3 &quot;Intel 100 Series HD Audio&quot; rev 0x31: msi
azalia0: codecs: Realtek/0x0255, Intel/0x2809, using Realtek/0x0255
audio0 at azalia0
ichiic0 at pci0 dev 31 function 4 &quot;Intel 100 Series SMBus&quot; rev 0x31: apic 2 int 16
iic0 at ichiic0
spdmem0 at iic0 addr 0x50: 4GB DDR3 SDRAM PC3-12800
isa0 at pcib0
isadma0 at isa0
pckbc0 at isa0 port 0x60/5 irq 1 irq 12
pckbd0 at pckbc0 (kbd slot)
wskbd0 at pckbd0: console keyboard
pcppi0 at isa0 port 0x61
spkr0 at pcppi0
vmm0 at mainbus0: VMX/EPT (using slow L1TF mitigation)
efifb at mainbus0 not configured
run0 at uhub0 port 1 configuration 1 interface 0 &quot;Ralink 802.11 n WLAN&quot; rev 2.00/1.01 addr 2
run0: MAC/BBP RT5390 (rev 0x0502), RF RT5370 (MIMO 1T1R), address xx:xx:xx:xx:xx:xx
umass0 at uhub0 port 2 configuration 1 interface 0 &quot;SMI Corporation USB DISK&quot; rev 2.00/11.00 addr 3
umass0: using SCSI over Bulk-Only
scsibus2 at umass0: 2 targets, initiator 0
sd1 at scsibus2 targ 1 lun 0: &lt;SMI, USB DISK, 1100&gt; removable serial.090c1000000000020825
sd1: 3841MB, 512 bytes/sector, 7866368 sectors
uhub1 at uhub0 port 10 configuration 1 interface 0 &quot;Generic 4-Port USB 2.0 Hub&quot; rev 2.10/1.04 addr 4
uhidev0 at uhub1 port 1 configuration 1 interface 0 &quot;Logitech USB Keyboard&quot; rev 1.10/64.00 addr 5
uhidev0: iclass 3/1
ukbd0 at uhidev0: 8 variable keys, 6 key codes
wskbd1 at ukbd0 mux 1
uhidev1 at uhub1 port 1 configuration 1 interface 1 &quot;Logitech USB Keyboard&quot; rev 1.10/64.00 addr 5
uhidev1: iclass 3/0, 3 report ids
uhid0 at uhidev1 reportid 1: input=1, output=0, feature=0
uhid1 at uhidev1 reportid 2: input=1, output=0, feature=0
uhid2 at uhidev1 reportid 3: input=3, output=0, feature=0
uhidev2 at uhub1 port 2 configuration 1 interface 0 &quot;Logitech USB Optical Mouse&quot; rev 2.00/72.00 addr 6
uhidev2: iclass 3/1
ums0 at uhidev2: 3 buttons, Z dir
wsmouse0 at ums0 mux 0
vscsi0 at root
scsibus3 at vscsi0: 256 targets
softraid0 at root
scsibus4 at softraid0: 256 targets
root on sd0a (6e3111754b106ea1.a) swap on sd0b dump on sd0b
inteldrm0: 2560x1440, 32bpp
wsdisplay0 at inteldrm0 mux 1: console (std, vt100 emulation), using wskbd0
wskbd1: connecting to wsdisplay0
wsdisplay0: screen 1-5 added (std, vt100 emulation)
drm:pid42211:csr_load_work_fn *NOTICE* Failed to load DMC firmware i915/skl_dmc_ver1_27.bin. Disabling runtime power management.
drm:pid42211:csr_load_work_fn *NOTICE* DMC firmware homepage: https://git.kernel.org/pub/scm/linux/kernel/git/firmware/linux-firmware.git/tree/i915
</pre>



</div><!-- content -->
<br />
<div id="footer">
All comments/news/posts are the property of their individual owner and
is presented without warranty of suitability, and solely as an
informational resource. <br />
This site Copyright &copy; 2004-2020 NYC*BUG.
</div><!-- footer -->

</body>
</html>

