



<!doctype html>
<html lang="en">
<head>
<meta name="keywords"
	content="bsd, freebsd, openbsd, netbsd, dragonflybsd, nycbug, dmesgd" />
<meta name="description" content="New York City BSD User Group dmesgd" />
<meta charset="utf-8" />
<meta name="viewport" content="width=device-width, initial-scale=1" />
<title>NYC*BUG dmesgd</title>
<style>
body {
	text-align: left;
	margin: 15px auto;
	padding: 0px 10px;
}
@media (min-width: 800px) {
	body {
		max-width: 85%;
	}
}
#header {
	border-bottom: 1px solid #dbdbdb;
	font-size: 230%;
	text-align: left;
}
#footer {
	border-top: 1px solid #dbdbdb;
	clear: both;
	text-align: left;
}
.logo_bug {
	color: #cc0033;
}
#menu ul {
	list-style-type: none;
	margin: 0;
	padding: 0;
}
#menu li {
	float: left;
}
#menu li a {
	display: block;
	background-color: #dbdbdb;
	color: #000000;
	font-size: 105%;
	font-weight: bold;
	padding: 0px 6px 0px 6px;
	text-decoration: none;
}
#content {
	clear: both;
	text-align: left;
	padding-top: 10px;
}
#content h1 {
	font-size: 120%;
	font-weight: bold;
}
#content h2 {
	font-size: 110%;
	font-weight: bold;
}
#content a {
	text-decoration: none;
}
#content pre {
	background-color: #dbdbdb;
	padding: 5px 5px 5px 5px;
	white-space: pre-wrap;		/* css-3 */
	white-space: -moz-pre-wrap;	/* Mozilla, since 1999 */
	white-space: -pre-wrap;		/* Opera 4-6 */
	white-space: -o-pre-wrap;	/* Opera 7 */
	word-wrap: break-word;		/* Internet Explorer 5.5+ */
}
#content table {
	border-collapse: collapse;
}
#content table th {
	border: 1px solid #dbdbdb;
	font-size: 85%;
	white-space: nowrap;
}
#content table td {
	border: 1px solid #dbdbdb;
	font-size: 80%;
}
#content input {
	font-size: 1em;
}
#content .full	{ width: 100%; }
#content .left	{ text-align: left; }
#content .right	{ text-align: right; }
#content .center { text-align: center; }
#content .flexbox {
	display: -ms-flex;
	display: -webkit-flex;
	display: flex;
	width: 100%;
}
#content .left_col {
	min-width: 75px;
	max-width: 50%;
	flex-grow: 0;
}
#content .right_col {
	flex-grow: 1;
	margin-left: 10px;
	padding-top: 10px;
	padding-left: 10px;
}
#col {
	-moz-column-count: 3;
	-webkit-column-count: 3;
	column-count: 3;
}
</style>
</head>
<body>

<div id="header">
<strong><em>NYC*</em><span class="logo_bug">BUG</span> dmesgd</strong>
</div><!-- header -->

<div id="menu">
<ul>
<li><a href="https://dmesgd.nycbug.org/index.cgi?do=index">Home</a></li>
<li><a href="https://dmesgd.nycbug.org/index.cgi?do=submit">Submit</a></li>
<li><a href="https://www.nycbug.org/">NYC*BUG</a></li>
</ul>
</div><!-- menu -->

<div id="content">

<p>
Launched in 2004, dmesgd aims to provide a
<strong>user-submitted</strong> repository of searchable *BSD dmesgs.
The dmesg(8) command displays the system message buffer's content, and
during boot a copy is saved to <em>/var/run/dmesg.boot</em>.  This buffer
contains the operating system release, name and version, a list of
devices identified, plus a whole host of other useful information.  We
hope others find this resource useful and further contribute to its
growth. Contact us at [ admin at lists dot nycbug dot org ].
</p>

<hr />


<strong>Date:</strong> <em>2020-01-22 15:30:21</em><br />
<strong>From:</strong> <em>Toni</em><br />
<strong>Description:</strong> <em>OpenBSD 6.6 on HP ProLiant MicroServer N54L </em><br />

<pre>
OpenBSD 6.6 (GENERIC.MP) #372: Sat Oct 12 10:56:27 MDT 2019
    xxx@xxx.xxx:/usr/src/sys/arch/amd64/compile/GENERIC.MP
real mem = 4009295872 (3823MB)
avail mem = 3875065856 (3695MB)
mpath0 at root
scsibus0 at mpath0: 256 targets
mainbus0 at root
bios0 at mainbus0: SMBIOS rev. 2.6 @ 0xfb330 (35 entries)
bios0: vendor HP version &quot;O41&quot; date 07/29/2011
bios0: HP ProLiant MicroServer
acpi0 at bios0: ACPI 3.0
acpi0: sleep states S0 S4 S5
acpi0: tables DSDT FACP APIC MCFG SPMI OEMB HPET EINJ BERT ERST HEST SSDT
acpi0: wakeup devices PCE2(S4) PCE3(S4) PCE4(S4) PCE5(S4) PCE6(S4) PCE7(S4) PCE9(S4) PCEA(S4) PCEB(S4) PCEC(S4) SBAZ(S4) P0PC(S4) PE20(S4) PE21(S4) PE22(S4) PE23(S4)
acpitimer0 at acpi0: 3579545 Hz, 32 bits
acpimadt0 at acpi0 addr 0xfee00000: PC-AT compat
cpu0 at mainbus0: apid 0 (boot processor)
cpu0: AMD Turion(tm) II Neo N54L Dual-Core Processor, 2197.44 MHz, 10-06-03
cpu0: FPU,VME,DE,PSE,TSC,MSR,PAE,MCE,CX8,APIC,SEP,MTRR,PGE,MCA,CMOV,PAT,PSE36,CFLUSH,MMX,FXSR,SSE,SSE2,HTT,SSE3,MWAIT,CX16,POPCNT,NXE,MMXX,FFXSR,PAGE1GB,RDTSCP,LONG,3DNOW2,3DNOW,LAHF,CMPLEG,SVM,EAPICSP,AMCR8,ABM,SSE4A,MASSE,3DNOWP,OSVW,IBS,SKINIT,NODEID,ITSC
cpu0: 64KB 64b/line 2-way I-cache, 64KB 64b/line 2-way D-cache, 1MB 64b/line 16-way L2 cache
cpu0: ITLB 32 4KB entries fully associative, 16 4MB entries fully associative
cpu0: DTLB 48 4KB entries fully associative, 48 4MB entries fully associative
cpu0: AMD erratum 721 detected and fixed
cpu0: smt 0, core 0, package 0
mtrr: Pentium Pro MTRR support, 8 var ranges, 88 fixed ranges
cpu0: apic clock running at 199MHz
cpu0: mwait min=64, max=64, IBE
cpu1 at mainbus0: apid 1 (application processor)
cpu1: AMD Turion(tm) II Neo N54L Dual-Core Processor, 2197.06 MHz, 10-06-03
cpu1: FPU,VME,DE,PSE,TSC,MSR,PAE,MCE,CX8,APIC,SEP,MTRR,PGE,MCA,CMOV,PAT,PSE36,CFLUSH,MMX,FXSR,SSE,SSE2,HTT,SSE3,MWAIT,CX16,POPCNT,NXE,MMXX,FFXSR,PAGE1GB,RDTSCP,LONG,3DNOW2,3DNOW,LAHF,CMPLEG,SVM,EAPICSP,AMCR8,ABM,SSE4A,MASSE,3DNOWP,OSVW,IBS,SKINIT,NODEID,ITSC
cpu1: 64KB 64b/line 2-way I-cache, 64KB 64b/line 2-way D-cache, 1MB 64b/line 16-way L2 cache
cpu1: ITLB 32 4KB entries fully associative, 16 4MB entries fully associative
cpu1: DTLB 48 4KB entries fully associative, 48 4MB entries fully associative
cpu1: AMD erratum 721 detected and fixed
cpu1: smt 0, core 1, package 0
ioapic0 at mainbus0: apid 2 pa 0xfec00000, version 21, 24 pins
acpimcfg0 at acpi0
acpimcfg0: addr 0xe0000000, bus 0-255
acpihpet0 at acpi0: 14318180 Hz
acpi0: unable to load \\_SB_._INI.EXH2
acpiprt0 at acpi0: bus 0 (PCI0)
acpiprt1 at acpi0: bus 1 (P0P1)
acpiprt2 at acpi0: bus -1 (PCE2)
acpiprt3 at acpi0: bus -1 (PCE4)
acpiprt4 at acpi0: bus 2 (PCE6)
acpicpu0 at acpi0: C1(@1 halt!), PSS
acpicpu1 at acpi0: C1(@1 halt!), PSS
acpipci0 at acpi0 PCI0: 0x00000010 0x00000011 0x00000000
acpicmos0 at acpi0
acpibtn0 at acpi0: PWRB
ipmi at mainbus0 not configured
cpu0: 2197 MHz: speeds: 2200 1900 1600 1300 800 MHz
pci0 at mainbus0 bus 0
pchb0 at pci0 dev 0 function 0 &quot;AMD RS880 Host&quot; rev 0x00
ppb0 at pci0 dev 1 function 0 vendor &quot;Hewlett-Packard&quot;, unknown product 0x9602 rev 0x00
pci1 at ppb0 bus 1
radeondrm0 at pci1 dev 5 function 0 &quot;ATI Mobility Radeon HD 4200&quot; rev 0x00
drm0 at radeondrm0
radeondrm0: apic 2 int 18
ppb1 at pci0 dev 6 function 0 &quot;AMD RS780 PCIE&quot; rev 0x00
pci2 at ppb1 bus 2
bge0 at pci2 dev 0 function 0 &quot;Broadcom BCM5723&quot; rev 0x10, BCM5784 A1 (0x5784100): msi, address xx:xx:xx:xx:xx:xx
brgphy0 at bge0 phy 1: BCM5784 10/100/1000baseT PHY, rev. 4
ahci0 at pci0 dev 17 function 0 &quot;ATI SBx00 SATA&quot; rev 0x40: apic 2 int 19, AHCI 1.2
ahci0: port 0: 1.5Gb/s
ahci0: port 1: 3.0Gb/s
scsibus1 at ahci0: 32 targets
sd0 at scsibus1 targ 0 lun 0: &lt;ATA, ST3500630AS, 3.AA&gt; t10.ATA_ST3500630AS_5QG1151Y
sd0: 476940MB, 512 bytes/sector, 976773168 sectors
sd1 at scsibus1 targ 1 lun 0: &lt;ATA, TOSHIBA DT01ACA0, MS1O&gt; naa.5000039feaef2490
sd1: 476940MB, 512 bytes/sector, 976773168 sectors
ohci0 at pci0 dev 18 function 0 &quot;ATI SB700 USB&quot; rev 0x00: apic 2 int 18, version 1.0, legacy support
ehci0 at pci0 dev 18 function 2 &quot;ATI SB700 USB2&quot; rev 0x00: apic 2 int 17
usb0 at ehci0: USB revision 2.0
uhub0 at usb0 configuration 1 interface 0 &quot;ATI EHCI root hub&quot; rev 2.00/1.00 addr 1
ohci1 at pci0 dev 19 function 0 &quot;ATI SB700 USB&quot; rev 0x00: apic 2 int 18, version 1.0, legacy support
ehci1 at pci0 dev 19 function 2 &quot;ATI SB700 USB2&quot; rev 0x00: apic 2 int 17
usb1 at ehci1: USB revision 2.0
uhub1 at usb1 configuration 1 interface 0 &quot;ATI EHCI root hub&quot; rev 2.00/1.00 addr 1
piixpm0 at pci0 dev 20 function 0 &quot;ATI SBx00 SMBus&quot; rev 0x42: polling
iic0 at piixpm0
spdmem0 at iic0 addr 0x50: 4GB DDR3 SDRAM ECC PC3-10600 with thermal sensor
pciide0 at pci0 dev 20 function 1 &quot;ATI SB700 IDE&quot; rev 0x40: DMA, channel 0 configured to compatibility, channel 1 configured to compatibility
pcib0 at pci0 dev 20 function 3 &quot;ATI SB700 ISA&quot; rev 0x40
ppb2 at pci0 dev 20 function 4 &quot;ATI SB600 PCI&quot; rev 0x40
pci3 at ppb2 bus 3
ohci2 at pci0 dev 22 function 0 &quot;ATI SB700 USB&quot; rev 0x00: apic 2 int 18, version 1.0, legacy support
ehci2 at pci0 dev 22 function 2 &quot;ATI SB700 USB2&quot; rev 0x00: apic 2 int 17
usb2 at ehci2: USB revision 2.0
uhub2 at usb2 configuration 1 interface 0 &quot;ATI EHCI root hub&quot; rev 2.00/1.00 addr 1
pchb1 at pci0 dev 24 function 0 &quot;AMD AMD64 10h HyperTransport&quot; rev 0x00
pchb2 at pci0 dev 24 function 1 &quot;AMD AMD64 10h Address Map&quot; rev 0x00
pchb3 at pci0 dev 24 function 2 &quot;AMD AMD64 10h DRAM Cfg&quot; rev 0x00
km0 at pci0 dev 24 function 3 &quot;AMD AMD64 10h Misc Cfg&quot; rev 0x00
pchb4 at pci0 dev 24 function 4 &quot;AMD AMD64 10h Link Cfg&quot; rev 0x00
usb3 at ohci0: USB revision 1.0
uhub3 at usb3 configuration 1 interface 0 &quot;ATI OHCI root hub&quot; rev 1.00/1.00 addr 1
usb4 at ohci1: USB revision 1.0
uhub4 at usb4 configuration 1 interface 0 &quot;ATI OHCI root hub&quot; rev 1.00/1.00 addr 1
isa0 at pcib0
isadma0 at isa0
pckbc0 at isa0 port 0x60/5 irq 1 irq 12
pcppi0 at isa0 port 0x61
spkr0 at pcppi0
usb5 at ohci2: USB revision 1.0
uhub5 at usb5 configuration 1 interface 0 &quot;ATI OHCI root hub&quot; rev 1.00/1.00 addr 1
vmm0 at mainbus0: SVM/RVI
uhub6 at uhub1 port 1 configuration 1 interface 0 &quot;Generic 4-Port USB 2.0 Hub&quot; rev 2.10/1.04 addr 2
uhidev0 at uhub6 port 2 configuration 1 interface 0 &quot;Logitech USB Keyboard&quot; rev 1.10/64.00 addr 3
uhidev0: iclass 3/1
ukbd0 at uhidev0: 8 variable keys, 6 key codes
wskbd0 at ukbd0: console keyboard
uhidev1 at uhub6 port 2 configuration 1 interface 1 &quot;Logitech USB Keyboard&quot; rev 1.10/64.00 addr 3
uhidev1: iclass 3/0, 3 report ids
uhid0 at uhidev1 reportid 1: input=1, output=0, feature=0
uhid1 at uhidev1 reportid 2: input=1, output=0, feature=0
uhid2 at uhidev1 reportid 3: input=3, output=0, feature=0
uhidev2 at uhub6 port 3 configuration 1 interface 0 &quot;Logitech Lenovo USB Optical Mouse&quot; rev 2.00/63.00 addr 4
uhidev2: iclass 3/1
ums0 at uhidev2: 3 buttons, Z dir
wsmouse0 at ums0 mux 0
vscsi0 at root
scsibus2 at vscsi0: 256 targets
softraid0 at root
scsibus3 at softraid0: 256 targets
root on sd0a (374bfff1256c3f34.a) swap on sd0b dump on sd0b
initializing kernel modesetting (RS880 0x1002:0x9712 0x103C:0x1609 0x00).
r600_cp: Failed to load firmware &quot;radeon/RS780_pfp.bin&quot;
[drm] *ERROR* Failed to load firmware!
drm:pid0:radeondrm_attachhook *ERROR* Fatal error during GPU init
drm0 detached
radeondrm0 detached
vga1 at pci1 dev 5 function 0 &quot;ATI Mobility Radeon HD 4200&quot; rev 0x00
wsdisplay0 at vga1 mux 1: console (80x25, vt100 emulation), using wskbd0
wsdisplay0: screen 1-5 added (80x25, vt100 emulation)
</pre>



</div><!-- content -->
<br />
<div id="footer">
All comments/news/posts are the property of their individual owner and
is presented without warranty of suitability, and solely as an
informational resource. <br />
This site Copyright &copy; 2004-2020 NYC*BUG.
</div><!-- footer -->

</body>
</html>

