



<!doctype html>
<html lang="en">
<head>
<meta name="keywords"
	content="bsd, freebsd, openbsd, netbsd, dragonflybsd, nycbug, dmesgd" />
<meta name="description" content="New York City BSD User Group dmesgd" />
<meta charset="utf-8" />
<meta name="viewport" content="width=device-width, initial-scale=1" />
<title>NYC*BUG dmesgd</title>
<style>
body {
	text-align: left;
	margin: 15px auto;
	padding: 0px 10px;
}
@media (min-width: 800px) {
	body {
		max-width: 85%;
	}
}
#header {
	border-bottom: 1px solid #dbdbdb;
	font-size: 230%;
	text-align: left;
}
#footer {
	border-top: 1px solid #dbdbdb;
	clear: both;
	text-align: left;
}
.logo_bug {
	color: #cc0033;
}
#menu ul {
	list-style-type: none;
	margin: 0;
	padding: 0;
}
#menu li {
	float: left;
}
#menu li a {
	display: block;
	background-color: #dbdbdb;
	color: #000000;
	font-size: 105%;
	font-weight: bold;
	padding: 0px 6px 0px 6px;
	text-decoration: none;
}
#content {
	clear: both;
	text-align: left;
	padding-top: 10px;
}
#content h1 {
	font-size: 120%;
	font-weight: bold;
}
#content h2 {
	font-size: 110%;
	font-weight: bold;
}
#content a {
	text-decoration: none;
}
#content pre {
	background-color: #dbdbdb;
	padding: 5px 5px 5px 5px;
	white-space: pre-wrap;		/* css-3 */
	white-space: -moz-pre-wrap;	/* Mozilla, since 1999 */
	white-space: -pre-wrap;		/* Opera 4-6 */
	white-space: -o-pre-wrap;	/* Opera 7 */
	word-wrap: break-word;		/* Internet Explorer 5.5+ */
}
#content table {
	border-collapse: collapse;
}
#content table th {
	border: 1px solid #dbdbdb;
	font-size: 85%;
	white-space: nowrap;
}
#content table td {
	border: 1px solid #dbdbdb;
	font-size: 80%;
}
#content input {
	font-size: 1em;
}
#content .full	{ width: 100%; }
#content .left	{ text-align: left; }
#content .right	{ text-align: right; }
#content .center { text-align: center; }
#content .flexbox {
	display: -ms-flex;
	display: -webkit-flex;
	display: flex;
	width: 100%;
}
#content .left_col {
	min-width: 75px;
	max-width: 50%;
	flex-grow: 0;
}
#content .right_col {
	flex-grow: 1;
	margin-left: 10px;
	padding-top: 10px;
	padding-left: 10px;
}
#col {
	-moz-column-count: 3;
	-webkit-column-count: 3;
	column-count: 3;
}
</style>
</head>
<body>

<div id="header">
<strong><em>NYC*</em><span class="logo_bug">BUG</span> dmesgd</strong>
</div><!-- header -->

<div id="menu">
<ul>
<li><a href="https://dmesgd.nycbug.org/index.cgi?do=index">Home</a></li>
<li><a href="https://dmesgd.nycbug.org/index.cgi?do=submit">Submit</a></li>
<li><a href="https://www.nycbug.org/">NYC*BUG</a></li>
</ul>
</div><!-- menu -->

<div id="content">

<p>
Launched in 2004, dmesgd aims to provide a
<strong>user-submitted</strong> repository of searchable *BSD dmesgs.
The dmesg(8) command displays the system message buffer's content, and
during boot a copy is saved to <em>/var/run/dmesg.boot</em>.  This buffer
contains the operating system release, name and version, a list of
devices identified, plus a whole host of other useful information.  We
hope others find this resource useful and further contribute to its
growth. Contact us at [ admin at lists dot nycbug dot org ].
</p>

<hr />


<strong>Date:</strong> <em>2020-02-25 01:09:49</em><br />
<strong>From:</strong> <em>julianaito</em><br />
<strong>Description:</strong> <em>Shuttle XS35v2 (Atom D525, 2GB RAM, SSD upgrade, rtwn(4) disabled but working)</em><br />

<pre>
OpenBSD 6.6-current (GENERIC.MP) #3: Mon Feb 24 11:06:12 MST 2020
    xxx@xxx.xxx:/usr/src/sys/arch/amd64/compile/GENERIC.MP
real mem = 2120941568 (2022MB)
avail mem = 2044125184 (1949MB)
mpath0 at root
scsibus0 at mpath0: 256 targets
mainbus0 at root
bios0 at mainbus0: SMBIOS rev. 2.6 @ 0xfc8b0 (23 entries)
bios0: vendor American Megatrends Inc. version &quot;080015&quot; date 03/21/2011
bios0: Standard XS35
acpi0 at bios0: ACPI 4.0
acpi0: sleep states S0 S3 S4 S5
acpi0: tables DSDT FACP APIC MCFG SLIC OEMB HPET GSCI
acpi0: wakeup devices P0P1(S4) AZAL(S3) P0P4(S4) P0P5(S4) JLAN(S3) P0P6(S4) P0P7(S4) P0P8(S4) P0P9(S4) USB0(S3) USB1(S3) USB2(S3) USB3(S3) EUSB(S3)
acpitimer0 at acpi0: 3579545 Hz, 24 bits
acpimadt0 at acpi0 addr 0xfee00000: PC-AT compat
cpu0 at mainbus0: apid 0 (boot processor)
cpu0: Intel(R) Atom(TM) CPU D525 @ 1.80GHz, 1795.78 MHz, 06-1c-0a
cpu0: FPU,VME,DE,PSE,TSC,MSR,PAE,MCE,CX8,APIC,SEP,MTRR,PGE,MCA,CMOV,PAT,PSE36,CFLUSH,DS,ACPI,MMX,FXSR,SSE,SSE2,SS,HTT,TM,PBE,SSE3,DTES64,MWAIT,DS-CPL,TM2,SSSE3,CX16,xTPR,PDCM,MOVBE,NXE,LONG,LAHF,PERF,SENSOR,MELTDOWN
cpu0: 512KB 64b/line 8-way L2 cache
cpu0: smt 0, core 0, package 0
mtrr: Pentium Pro MTRR support, 8 var ranges, 88 fixed ranges
cpu0: apic clock running at 199MHz
cpu0: mwait min=64, max=64, C-substates=0.1, IBE
cpu1 at mainbus0: apid 2 (application processor)
cpu1: Intel(R) Atom(TM) CPU D525 @ 1.80GHz, 1795.52 MHz, 06-1c-0a
cpu1: FPU,VME,DE,PSE,TSC,MSR,PAE,MCE,CX8,APIC,SEP,MTRR,PGE,MCA,CMOV,PAT,PSE36,CFLUSH,DS,ACPI,MMX,FXSR,SSE,SSE2,SS,HTT,TM,PBE,SSE3,DTES64,MWAIT,DS-CPL,TM2,SSSE3,CX16,xTPR,PDCM,MOVBE,NXE,LONG,LAHF,PERF,SENSOR,MELTDOWN
cpu1: 512KB 64b/line 8-way L2 cache
cpu1: smt 0, core 1, package 0
cpu2 at mainbus0: apid 1 (application processor)
cpu2: Intel(R) Atom(TM) CPU D525 @ 1.80GHz, 1795.50 MHz, 06-1c-0a
cpu2: FPU,VME,DE,PSE,TSC,MSR,PAE,MCE,CX8,APIC,SEP,MTRR,PGE,MCA,CMOV,PAT,PSE36,CFLUSH,DS,ACPI,MMX,FXSR,SSE,SSE2,SS,HTT,TM,PBE,SSE3,DTES64,MWAIT,DS-CPL,TM2,SSSE3,CX16,xTPR,PDCM,MOVBE,NXE,LONG,LAHF,PERF,SENSOR,MELTDOWN
cpu2: 512KB 64b/line 8-way L2 cache
cpu2: smt 1, core 0, package 0
cpu3 at mainbus0: apid 3 (application processor)
cpu3: Intel(R) Atom(TM) CPU D525 @ 1.80GHz, 1795.50 MHz, 06-1c-0a
cpu3: FPU,VME,DE,PSE,TSC,MSR,PAE,MCE,CX8,APIC,SEP,MTRR,PGE,MCA,CMOV,PAT,PSE36,CFLUSH,DS,ACPI,MMX,FXSR,SSE,SSE2,SS,HTT,TM,PBE,SSE3,DTES64,MWAIT,DS-CPL,TM2,SSSE3,CX16,xTPR,PDCM,MOVBE,NXE,LONG,LAHF,PERF,SENSOR,MELTDOWN
cpu3: 512KB 64b/line 8-way L2 cache
cpu3: smt 1, core 1, package 0
ioapic0 at mainbus0: apid 4 pa 0xfec00000, version 20, 24 pins, remapped
acpimcfg0 at acpi0
acpimcfg0: addr 0xe0000000, bus 0-255
acpihpet0 at acpi0: 14318179 Hz
acpiprt0 at acpi0: bus 0 (PCI0)
acpiprt1 at acpi0: bus 3 (P0P1)
acpiprt2 at acpi0: bus 1 (P0P4)
acpiprt3 at acpi0: bus 2 (P0P5)
acpiprt4 at acpi0: bus -1 (P0P6)
acpiprt5 at acpi0: bus -1 (P0P7)
acpiprt6 at acpi0: bus -1 (P0P8)
acpiprt7 at acpi0: bus -1 (P0P9)
acpiec0 at acpi0
acpicpu0 at acpi0: C1(@1 halt!)
acpicpu1 at acpi0: C1(@1 halt!)
acpicpu2 at acpi0: C1(@1 halt!)
acpicpu3 at acpi0: C1(@1 halt!)
acpitz0 at acpi0: critical temperature is 104 degC
acpipci0 at acpi0 PCI0: _OSC failed
acpicmos0 at acpi0
acpibtn0 at acpi0: SLPB
acpibtn1 at acpi0: PWRB
&quot;PNP0C14&quot; at acpi0 not configured
acpivideo0 at acpi0: GFX0
acpivout0 at acpivideo0: LCD_
pci0 at mainbus0 bus 0
pchb0 at pci0 dev 0 function 0 &quot;Intel Pineview DMI&quot; rev 0x02
inteldrm0 at pci0 dev 2 function 0 &quot;Intel Pineview Video&quot; rev 0x02
drm0 at inteldrm0
intagp0 at inteldrm0
agp0 at intagp0: aperture at 0xd0000000, size 0x10000000
inteldrm0: apic 4 int 16
&quot;Intel Pineview Video&quot; rev 0x02 at pci0 dev 2 function 1 not configured
azalia0 at pci0 dev 27 function 0 &quot;Intel 82801GB HD Audio&quot; rev 0x02: msi
azalia0: codecs: IDT 92HD81B1X
audio0 at azalia0
ppb0 at pci0 dev 28 function 0 &quot;Intel 82801GB PCIE&quot; rev 0x02: msi
pci1 at ppb0 bus 1
ppb1 at pci0 dev 28 function 1 &quot;Intel 82801GB PCIE&quot; rev 0x02: msi
pci2 at ppb1 bus 2
&quot;JMicron SD/MMC&quot; rev 0x80 at pci2 dev 0 function 0 not configured
sdhc0 at pci2 dev 0 function 2 &quot;JMicron SD Host Controller&quot; rev 0x80: apic 4 int 18
sdhc0: SDHC 2.0, 50 MHz base clock
sdmmc0 at sdhc0: 4-bit, dma
&quot;JMicron Memory Stick&quot; rev 0x80 at pci2 dev 0 function 3 not configured
jme0 at pci2 dev 0 function 5 &quot;JMicron JMC250&quot; rev 0x03: msi, address xx:xx:xx:xx:xx:xx
jmphy0 at jme0 phy 1: JMP211 10/100/1000 PHY, rev. 1
uhci0 at pci0 dev 29 function 0 &quot;Intel 82801GB USB&quot; rev 0x02: apic 4 int 23
uhci1 at pci0 dev 29 function 1 &quot;Intel 82801GB USB&quot; rev 0x02: apic 4 int 19
uhci2 at pci0 dev 29 function 2 &quot;Intel 82801GB USB&quot; rev 0x02: apic 4 int 18
uhci3 at pci0 dev 29 function 3 &quot;Intel 82801GB USB&quot; rev 0x02: apic 4 int 16
ehci0 at pci0 dev 29 function 7 &quot;Intel 82801GB USB&quot; rev 0x02: apic 4 int 23
usb0 at ehci0: USB revision 2.0
uhub0 at usb0 configuration 1 interface 0 &quot;Intel EHCI root hub&quot; rev 2.00/1.00 addr 1
ppb2 at pci0 dev 30 function 0 &quot;Intel 82801BAM Hub-to-PCI&quot; rev 0xe2
pci3 at ppb2 bus 3
pcib0 at pci0 dev 31 function 0 &quot;Intel NM10 LPC&quot; rev 0x02
ahci0 at pci0 dev 31 function 2 &quot;Intel 82801GR AHCI&quot; rev 0x02: msi, AHCI 1.1
ahci0: port 0: 3.0Gb/s
scsibus1 at ahci0: 32 targets
sd0 at scsibus1 targ 0 lun 0: &lt;ATA, INTEL SSDSC2BW24, LF1i&gt; naa.55cd2e400003709c
sd0: 228936MB, 512 bytes/sector, 468862128 sectors, thin
ichiic0 at pci0 dev 31 function 3 &quot;Intel 82801GB SMBus&quot; rev 0x02: apic 4 int 19
iic0 at ichiic0
spdmem0 at iic0 addr 0x50: 2GB DDR3 SDRAM PC3-10600 SO-DIMM
usb1 at uhci0: USB revision 1.0
uhub1 at usb1 configuration 1 interface 0 &quot;Intel UHCI root hub&quot; rev 1.00/1.00 addr 1
usb2 at uhci1: USB revision 1.0
uhub2 at usb2 configuration 1 interface 0 &quot;Intel UHCI root hub&quot; rev 1.00/1.00 addr 1
usb3 at uhci2: USB revision 1.0
uhub3 at usb3 configuration 1 interface 0 &quot;Intel UHCI root hub&quot; rev 1.00/1.00 addr 1
usb4 at uhci3: USB revision 1.0
uhub4 at usb4 configuration 1 interface 0 &quot;Intel UHCI root hub&quot; rev 1.00/1.00 addr 1
isa0 at pcib0
isadma0 at isa0
pckbc0 at isa0 port 0x60/5 irq 1 irq 12
pckbd0 at pckbc0 (kbd slot)
wskbd0 at pckbd0: console keyboard
pcppi0 at isa0 port 0x61
spkr0 at pcppi0
vscsi0 at root
scsibus2 at vscsi0: 256 targets
softraid0 at root
scsibus3 at softraid0: 256 targets
sd1 at scsibus3 targ 1 lun 0: &lt;OPENBSD, SR CRYPTO, 006&gt;
sd1: 204797MB, 512 bytes/sector, 419424428 sectors
root on sd1a (d584ed086dafdc1b.a) swap on sd1b dump on sd1b
inteldrm0: 1920x1080, 32bpp
wsdisplay0 at inteldrm0 mux 1: console (std, vt100 emulation), using wskbd0
wskbd1: connecting to wsdisplay0
wsdisplay0: screen 1-5 added (std, vt100 emulation)

</pre>



</div><!-- content -->
<br />
<div id="footer">
All comments/news/posts are the property of their individual owner and
is presented without warranty of suitability, and solely as an
informational resource. <br />
This site Copyright &copy; 2004-2020 NYC*BUG.
</div><!-- footer -->

</body>
</html>

