



<!doctype html>
<html lang="en">
<head>
<meta name="keywords"
	content="bsd, freebsd, openbsd, netbsd, dragonflybsd, nycbug, dmesgd" />
<meta name="description" content="New York City BSD User Group dmesgd" />
<meta charset="utf-8" />
<meta name="viewport" content="width=device-width, initial-scale=1" />
<title>NYC*BUG dmesgd</title>
<style>
body {
	text-align: left;
	margin: 15px auto;
	padding: 0px 10px;
}
@media (min-width: 800px) {
	body {
		max-width: 85%;
	}
}
#header {
	border-bottom: 1px solid #dbdbdb;
	font-size: 230%;
	text-align: left;
}
#footer {
	border-top: 1px solid #dbdbdb;
	clear: both;
	text-align: left;
}
.logo_bug {
	color: #cc0033;
}
#menu ul {
	list-style-type: none;
	margin: 0;
	padding: 0;
}
#menu li {
	float: left;
}
#menu li a {
	display: block;
	background-color: #dbdbdb;
	color: #000000;
	font-size: 105%;
	font-weight: bold;
	padding: 0px 6px 0px 6px;
	text-decoration: none;
}
#content {
	clear: both;
	text-align: left;
	padding-top: 10px;
}
#content h1 {
	font-size: 120%;
	font-weight: bold;
}
#content h2 {
	font-size: 110%;
	font-weight: bold;
}
#content a {
	text-decoration: none;
}
#content pre {
	background-color: #dbdbdb;
	padding: 5px 5px 5px 5px;
	white-space: pre-wrap;		/* css-3 */
	white-space: -moz-pre-wrap;	/* Mozilla, since 1999 */
	white-space: -pre-wrap;		/* Opera 4-6 */
	white-space: -o-pre-wrap;	/* Opera 7 */
	word-wrap: break-word;		/* Internet Explorer 5.5+ */
}
#content table {
	border-collapse: collapse;
}
#content table th {
	border: 1px solid #dbdbdb;
	font-size: 85%;
	white-space: nowrap;
}
#content table td {
	border: 1px solid #dbdbdb;
	font-size: 80%;
}
#content input {
	font-size: 1em;
}
#content .full	{ width: 100%; }
#content .left	{ text-align: left; }
#content .right	{ text-align: right; }
#content .center { text-align: center; }
#content .flexbox {
	display: -ms-flex;
	display: -webkit-flex;
	display: flex;
	width: 100%;
}
#content .left_col {
	min-width: 75px;
	max-width: 50%;
	flex-grow: 0;
}
#content .right_col {
	flex-grow: 1;
	margin-left: 10px;
	padding-top: 10px;
	padding-left: 10px;
}
#col {
	-moz-column-count: 3;
	-webkit-column-count: 3;
	column-count: 3;
}
</style>
</head>
<body>

<div id="header">
<strong><em>NYC*</em><span class="logo_bug">BUG</span> dmesgd</strong>
</div><!-- header -->

<div id="menu">
<ul>
<li><a href="https://dmesgd.nycbug.org/index.cgi?do=index">Home</a></li>
<li><a href="https://dmesgd.nycbug.org/index.cgi?do=submit">Submit</a></li>
<li><a href="https://www.nycbug.org/">NYC*BUG</a></li>
</ul>
</div><!-- menu -->

<div id="content">

<p>
Launched in 2004, dmesgd aims to provide a
<strong>user-submitted</strong> repository of searchable *BSD dmesgs.
The dmesg(8) command displays the system message buffer's content, and
during boot a copy is saved to <em>/var/run/dmesg.boot</em>.  This buffer
contains the operating system release, name and version, a list of
devices identified, plus a whole host of other useful information.  We
hope others find this resource useful and further contribute to its
growth. Contact us at [ admin at lists dot nycbug dot org ].
</p>

<hr />


<strong>Date:</strong> <em>2020-03-15 03:29:40</em><br />
<strong>From:</strong> <em>afresh1</em><br />
<strong>Description:</strong> <em>OpenBSD 6.6-current (GENERIC.MP) sparc64 on Sun SUNW,Sun-Blade-1000</em><br />

<pre>
OpenBSD 6.6-current (GENERIC.MP) #244: Sat Mar 14 02:50:12 MDT 2020
    xxx@xxx.xxx:/usr/src/sys/arch/sparc64/compile/GENERIC.MP
real mem = 8589934592 (8192MB)
avail mem = 8423374848 (8033MB)
mpath0 at root
scsibus0 at mpath0: 256 targets
mainbus0 at root: Sun Blade 2000/1000 (2 X UltraSPARC-III+) 
cpu0 at mainbus0: SUNW,UltraSPARC-III+ (rev 2.3) @ 900 MHz
cpu0: physical 32K instruction (32 b/l), 64K data (32 b/l), 8192K external (512 b/l)
cpu1 at mainbus0: SUNW,UltraSPARC-III+ (rev 2.3) @ 900 MHz
cpu1: physical 32K instruction (32 b/l), 64K data (32 b/l), 8192K external (512 b/l)
&quot;memory-controller&quot; at mainbus0 not configured
&quot;memory-controller&quot; at mainbus0 not configured
schizo0 at mainbus0: &quot;Schizo&quot;, version 7, ign 200, bus B 0 to 0
schizo0: dvma map c0000000-ffffffff
pci0 at schizo0
ebus0 at pci0 dev 5 function 0 &quot;Sun RIO EBus&quot; rev 0x01
&quot;flashprom&quot; at ebus0 addr 0-1fffff not configured
bbc0 at ebus0 addr 0-fffff: AID 0x00
ppm0 at ebus0 addr e-28, 728000-728003, 30002e-30002f, 300600-300607
pcfiic0 at ebus0 addr 2e-2f, 2d-2d ivec 0x23
iic0 at pcfiic0
pcfiic1 at ebus0 addr 30-31 ivec 0x23
iic1 at pcfiic1
admtemp0 at iic1 addr 0x18: max1617
admtemp1 at iic1 addr 0x4c: max1617
tda0 at iic1 addr 0x24
&quot;scm001&quot; at iic1 addr 0x20 not configured
&quot;firei&quot; at iic1 addr 0x30 not configured
beep0 at ebus0 addr 32-37: clock 75MHz
audioce0 at ebus0 addr 200000-2000ff, 702000-70200f, 704000-70400f, 722000-722003 ivec 0x20 ivec 0x21: nvaddrs 0
audio0 at audioce0
rtc0 at ebus0 addr 300070-300071 ivec 0x24: ds1287
&quot;gpio&quot; at ebus0 addr 300600-300607 not configured
pmc0 at ebus0 addr 300700-300701
lpt0 at ebus0 addr 300278-300287, 30002e-30002f, 700000-70000f ivec 0x1c: polled
sab0 at ebus0 addr 400000-40007f ivec 0x22: rev 3.2
sabtty0 at sab0 port 0
sabtty1 at sab0 port 1
gem0 at pci0 dev 5 function 1 &quot;Sun ERI&quot; rev 0x01: ivec 0x21d, address xx:xx:xx:xx:xx:xx
luphy0 at gem0 phy 1: LU6612 10/100 PHY, rev. 1
&quot;Sun FireWire&quot; rev 0x01 at pci0 dev 5 function 2 not configured
ohci0 at pci0 dev 5 function 3 &quot;Sun USB&quot; rev 0x01: ivec 0x21f, version 1.0, legacy support
siop0 at pci0 dev 6 function 0 &quot;Symbios Logic 53c875&quot; rev 0x37: ivec 0x218, using 4K of on-board RAM
scsibus1 at siop0: 16 targets, initiator 7
cd0 at scsibus1 targ 6 lun 0: &lt;TOSHIBA, DVD-ROM SD-M1401, 1009&gt; removable
siop1 at pci0 dev 6 function 1 &quot;Symbios Logic 53c875&quot; rev 0x37: ivec 0x219, using 4K of on-board RAM
scsibus2 at siop1: 16 targets, initiator 7
ifb0 at pci0 dev 1 function 0 &quot;3D Labs Wildcat 5110&quot; rev 0x01
ifb0: XVR-1200 (SUNW,375-3101), 1280x1024
wsdisplay0 at ifb0 mux 1: console (std, sun emulation)
&quot;3D Labs Wildcat 5110&quot; rev 0x01 at pci0 dev 1 function 1 not configured
usb0 at ohci0: USB revision 1.0
uhub0 at usb0 configuration 1 interface 0 &quot;Sun OHCI root hub&quot; rev 1.00/1.00 addr 1
schizo1 at mainbus0: &quot;Schizo&quot;, version 7, ign 200, bus A 0 to 0
schizo1: dvma map c0000000-ffffffff
pci1 at schizo1
qla0 at pci1 dev 4 function 0 &quot;QLogic ISP2200&quot; rev 0x05: ivec 0x204
qla0: firmware rev 2.2.6, attrs 0x7
scsibus3 at qla0: 256 targets, WWPN 21000003ba2fa45c, WWNN 21000003ba2fa45c
sym0 at scsibus3 targ 1 lun 0: &lt;SEAGATE, ST373307FSUN72G, 0207&gt; naa.2000000c50415df7
sd0 at scsibus0 targ 0 lun 0: &lt;SEAGATE, ST373307FSUN72G, 0207&gt; naa.2000000c50415df7
sd0: 70007MB, 512 bytes/sector, 143374738 sectors
sym1 at scsibus3 targ 2 lun 0: &lt;SEAGATE, ST336605FSUN36G, 0638&gt; naa.20000004cf27f50d
sd1 at scsibus0 targ 1 lun 0: &lt;SEAGATE, ST336605FSUN36G, 0638&gt; naa.20000004cf27f50d
sd1: 34732MB, 512 bytes/sector, 71132959 sectors
upa0 at mainbus0
&quot;ppm&quot; at mainbus0 not configured
uhidev0 at uhub0 port 4 configuration 1 interface 0 &quot;Holtek USB Keyboard&quot; rev 1.10/11.10 addr 2
uhidev0: iclass 3/1
ukbd0 at uhidev0: 8 variable keys, 5 key codes
wskbd0 at ukbd0: console keyboard, using wsdisplay0
uhidev1 at uhub0 port 4 configuration 1 interface 1 &quot;Holtek USB Keyboard&quot; rev 1.10/11.10 addr 2
uhidev1: iclass 3/0
uhid0 at uhidev1: input=1, output=0, feature=0
vscsi0 at root
scsibus4 at vscsi0: 256 targets
softraid0 at root
scsibus5 at softraid0: 256 targets
bootpath: /pci@8,600000/SUNW,qlc@4,0/fp@0,0/disk@2100000c50415df7,0
root on sd0a (8da5fb6fef06adf6.a) swap on sd0b dump on sd0b

</pre>



</div><!-- content -->
<br />
<div id="footer">
All comments/news/posts are the property of their individual owner and
is presented without warranty of suitability, and solely as an
informational resource. <br />
This site Copyright &copy; 2004-2020 NYC*BUG.
</div><!-- footer -->

</body>
</html>

