



<!doctype html>
<html lang="en">
<head>
<meta name="keywords"
	content="bsd, freebsd, openbsd, netbsd, dragonflybsd, nycbug, dmesgd" />
<meta name="description" content="New York City BSD User Group dmesgd" />
<meta charset="utf-8" />
<meta name="viewport" content="width=device-width, initial-scale=1" />
<title>NYC*BUG dmesgd</title>
<style>
body {
	text-align: left;
	margin: 15px auto;
	padding: 0px 10px;
}
@media (min-width: 800px) {
	body {
		max-width: 85%;
	}
}
#header {
	border-bottom: 1px solid #dbdbdb;
	font-size: 230%;
	text-align: left;
}
#footer {
	border-top: 1px solid #dbdbdb;
	clear: both;
	text-align: left;
}
.logo_bug {
	color: #cc0033;
}
#menu ul {
	list-style-type: none;
	margin: 0;
	padding: 0;
}
#menu li {
	float: left;
}
#menu li a {
	display: block;
	background-color: #dbdbdb;
	color: #000000;
	font-size: 105%;
	font-weight: bold;
	padding: 0px 6px 0px 6px;
	text-decoration: none;
}
#content {
	clear: both;
	text-align: left;
	padding-top: 10px;
}
#content h1 {
	font-size: 120%;
	font-weight: bold;
}
#content h2 {
	font-size: 110%;
	font-weight: bold;
}
#content a {
	text-decoration: none;
}
#content pre {
	background-color: #dbdbdb;
	padding: 5px 5px 5px 5px;
	white-space: pre-wrap;		/* css-3 */
	white-space: -moz-pre-wrap;	/* Mozilla, since 1999 */
	white-space: -pre-wrap;		/* Opera 4-6 */
	white-space: -o-pre-wrap;	/* Opera 7 */
	word-wrap: break-word;		/* Internet Explorer 5.5+ */
}
#content table {
	border-collapse: collapse;
}
#content table th {
	border: 1px solid #dbdbdb;
	font-size: 85%;
	white-space: nowrap;
}
#content table td {
	border: 1px solid #dbdbdb;
	font-size: 80%;
}
#content input {
	font-size: 1em;
}
#content .full	{ width: 100%; }
#content .left	{ text-align: left; }
#content .right	{ text-align: right; }
#content .center { text-align: center; }
#content .flexbox {
	display: -ms-flex;
	display: -webkit-flex;
	display: flex;
	width: 100%;
}
#content .left_col {
	min-width: 75px;
	max-width: 50%;
	flex-grow: 0;
}
#content .right_col {
	flex-grow: 1;
	margin-left: 10px;
	padding-top: 10px;
	padding-left: 10px;
}
#col {
	-moz-column-count: 3;
	-webkit-column-count: 3;
	column-count: 3;
}
</style>
</head>
<body>

<div id="header">
<strong><em>NYC*</em><span class="logo_bug">BUG</span> dmesgd</strong>
</div><!-- header -->

<div id="menu">
<ul>
<li><a href="https://dmesgd.nycbug.org/index.cgi?do=index">Home</a></li>
<li><a href="https://dmesgd.nycbug.org/index.cgi?do=submit">Submit</a></li>
<li><a href="https://www.nycbug.org/">NYC*BUG</a></li>
</ul>
</div><!-- menu -->

<div id="content">

<p>
Launched in 2004, dmesgd aims to provide a
<strong>user-submitted</strong> repository of searchable *BSD dmesgs.
The dmesg(8) command displays the system message buffer's content, and
during boot a copy is saved to <em>/var/run/dmesg.boot</em>.  This buffer
contains the operating system release, name and version, a list of
devices identified, plus a whole host of other useful information.  We
hope others find this resource useful and further contribute to its
growth. Contact us at [ admin at lists dot nycbug dot org ].
</p>

<hr />


<strong>Date:</strong> <em>2020-04-03 16:09:28</em><br />
<strong>From:</strong> <em>afresh1</em><br />
<strong>Description:</strong> <em>OpenBSD 6.6-current (GENERIC.MP) amd64 on Dell Inc. PowerEdge R210 II</em><br />

<pre>
OpenBSD 6.6-current (GENERIC.MP) #96: Thu Apr  2 14:19:42 MDT 2020
    xxx@xxx.xxx:/usr/src/sys/arch/amd64/compile/GENERIC.MP
real mem = 17152864256 (16358MB)
avail mem = 16620429312 (15850MB)
mpath0 at root
scsibus0 at mpath0: 256 targets
mainbus0 at root
bios0 at mainbus0: SMBIOS rev. 2.7 @ 0xe6d80 (57 entries)
bios0: vendor Dell Inc. version &quot;1.2.3&quot; date 07/21/2011
bios0: Dell Inc. PowerEdge R210 II
acpi0 at bios0: ACPI 4.0
acpi0: sleep states S0 S4 S5
acpi0: tables DSDT FACP SPMI ASF! HPET APIC MCFG WDAT BOOT SSDT ASPT SSDT SSDT SPCR DMAR HEST ERST BERT EINJ
acpi0: wakeup devices P0P1(S4) GLAN(S0) EHC1(S4) EHC2(S4) RP01(S5) PXSX(S4) RP02(S5) PXSX(S4) RP03(S5) PXSX(S4) RP04(S5) PXSX(S4) RP05(S5) PXSX(S4) RP06(S5) PXSX(S4) [...]
acpitimer0 at acpi0: 3579545 Hz, 24 bits
acpihpet0 at acpi0: 14318179 Hz
acpimadt0 at acpi0 addr 0xfee00000: PC-AT compat
cpu0 at mainbus0: apid 0 (boot processor)
cpu0: Intel(R) Xeon(R) CPU E31220 @ 3.10GHz, 3100.54 MHz, 06-2a-07
cpu0: FPU,VME,DE,PSE,TSC,MSR,PAE,MCE,CX8,APIC,SEP,MTRR,PGE,MCA,CMOV,PAT,PSE36,CFLUSH,DS,ACPI,MMX,FXSR,SSE,SSE2,SS,HTT,TM,PBE,SSE3,PCLMUL,DTES64,MWAIT,DS-CPL,VMX,SMX,EST,TM2,SSSE3,CX16,xTPR,PDCM,PCID,SSE4.1,SSE4.2,x2APIC,POPCNT,DEADLINE,AES,XSAVE,AVX,NXE,RDTSCP,LONG,LAHF,PERF,ITSC,MD_CLEAR,IBRS,IBPB,STIBP,L1DF,SSBD,SENSOR,ARAT,XSAVEOPT,MELTDOWN
cpu0: 256KB 64b/line 8-way L2 cache
cpu0: smt 0, core 0, package 0
mtrr: Pentium Pro MTRR support, 10 var ranges, 88 fixed ranges
cpu0: apic clock running at 100MHz
cpu0: mwait min=64, max=64, C-substates=0.2.1.1, IBE
cpu1 at mainbus0: apid 2 (application processor)
cpu1: Intel(R) Xeon(R) CPU E31220 @ 3.10GHz, 3100.04 MHz, 06-2a-07
cpu1: FPU,VME,DE,PSE,TSC,MSR,PAE,MCE,CX8,APIC,SEP,MTRR,PGE,MCA,CMOV,PAT,PSE36,CFLUSH,DS,ACPI,MMX,FXSR,SSE,SSE2,SS,HTT,TM,PBE,SSE3,PCLMUL,DTES64,MWAIT,DS-CPL,VMX,SMX,EST,TM2,SSSE3,CX16,xTPR,PDCM,PCID,SSE4.1,SSE4.2,x2APIC,POPCNT,DEADLINE,AES,XSAVE,AVX,NXE,RDTSCP,LONG,LAHF,PERF,ITSC,MD_CLEAR,IBRS,IBPB,STIBP,L1DF,SSBD,SENSOR,ARAT,XSAVEOPT,MELTDOWN
cpu1: 256KB 64b/line 8-way L2 cache
cpu1: smt 0, core 1, package 0
cpu2 at mainbus0: apid 4 (application processor)
cpu2: Intel(R) Xeon(R) CPU E31220 @ 3.10GHz, 3100.03 MHz, 06-2a-07
cpu2: FPU,VME,DE,PSE,TSC,MSR,PAE,MCE,CX8,APIC,SEP,MTRR,PGE,MCA,CMOV,PAT,PSE36,CFLUSH,DS,ACPI,MMX,FXSR,SSE,SSE2,SS,HTT,TM,PBE,SSE3,PCLMUL,DTES64,MWAIT,DS-CPL,VMX,SMX,EST,TM2,SSSE3,CX16,xTPR,PDCM,PCID,SSE4.1,SSE4.2,x2APIC,POPCNT,DEADLINE,AES,XSAVE,AVX,NXE,RDTSCP,LONG,LAHF,PERF,ITSC,MD_CLEAR,IBRS,IBPB,STIBP,L1DF,SSBD,SENSOR,ARAT,XSAVEOPT,MELTDOWN
cpu2: 256KB 64b/line 8-way L2 cache
cpu2: smt 0, core 2, package 0
cpu3 at mainbus0: apid 6 (application processor)
cpu3: Intel(R) Xeon(R) CPU E31220 @ 3.10GHz, 3100.03 MHz, 06-2a-07
cpu3: FPU,VME,DE,PSE,TSC,MSR,PAE,MCE,CX8,APIC,SEP,MTRR,PGE,MCA,CMOV,PAT,PSE36,CFLUSH,DS,ACPI,MMX,FXSR,SSE,SSE2,SS,HTT,TM,PBE,SSE3,PCLMUL,DTES64,MWAIT,DS-CPL,VMX,SMX,EST,TM2,SSSE3,CX16,xTPR,PDCM,PCID,SSE4.1,SSE4.2,x2APIC,POPCNT,DEADLINE,AES,XSAVE,AVX,NXE,RDTSCP,LONG,LAHF,PERF,ITSC,MD_CLEAR,IBRS,IBPB,STIBP,L1DF,SSBD,SENSOR,ARAT,XSAVEOPT,MELTDOWN
cpu3: 256KB 64b/line 8-way L2 cache
cpu3: smt 0, core 3, package 0
ioapic0 at mainbus0: apid 0 pa 0xfec00000, version 20, 24 pins
acpimcfg0 at acpi0
acpimcfg0: addr 0xe0000000, bus 0-255
acpiprt0 at acpi0: bus 0 (PCI0)
acpiprt1 at acpi0: bus 2 (P0P1)
acpiprt2 at acpi0: bus 1 (RP01)
acpiprt3 at acpi0: bus -1 (RP02)
acpiprt4 at acpi0: bus -1 (RP03)
acpiprt5 at acpi0: bus -1 (RP04)
acpiprt6 at acpi0: bus -1 (RP05)
acpiprt7 at acpi0: bus -1 (RP06)
acpiprt8 at acpi0: bus -1 (RP07)
acpiprt9 at acpi0: bus -1 (RP08)
acpiprt10 at acpi0: bus -1 (PEG0)
acpiprt11 at acpi0: bus -1 (PEG1)
acpiprt12 at acpi0: bus -1 (PEG2)
acpiprt13 at acpi0: bus -1 (PEG3)
acpicpu0 at acpi0: C3(350@104 mwait.1@0x20), C2(500@80 mwait.1@0x10), C1(1000@1 mwait.1), PSS
acpicpu1 at acpi0: C3(350@104 mwait.1@0x20), C2(500@80 mwait.1@0x10), C1(1000@1 mwait.1), PSS
acpicpu2 at acpi0: C3(350@104 mwait.1@0x20), C2(500@80 mwait.1@0x10), C1(1000@1 mwait.1), PSS
acpicpu3 at acpi0: C3(350@104 mwait.1@0x20), C2(500@80 mwait.1@0x10), C1(1000@1 mwait.1), PSS
acpipwrres0 at acpi0: FN00, resource for FAN0
acpipwrres1 at acpi0: FN01, resource for FAN1
acpipwrres2 at acpi0: FN02, resource for FAN2
acpipwrres3 at acpi0: FN03, resource for FAN3
acpipwrres4 at acpi0: FN04, resource for FAN4
acpitz0 at acpi0: critical temperature is 100 degC
acpipci0 at acpi0 PCI0: 0x00000010 0x00000011 0x00000000
&quot;IPI0001&quot; at acpi0 not configured
acpicmos0 at acpi0
&quot;PNP0A05&quot; at acpi0 not configured
&quot;PNP0A05&quot; at acpi0 not configured
&quot;PNP0C0B&quot; at acpi0 not configured
&quot;PNP0C0B&quot; at acpi0 not configured
&quot;PNP0C0B&quot; at acpi0 not configured
&quot;PNP0C0B&quot; at acpi0 not configured
&quot;PNP0C0B&quot; at acpi0 not configured
ipmi at mainbus0 not configured
cpu0: using VERW MDS workaround (except on vmm entry)
cpu0: Enhanced SpeedStep 3100 MHz: speeds: 3101, 3100, 2600, 2400, 2200, 2000, 1800, 1600 MHz
pci0 at mainbus0 bus 0
pchb0 at pci0 dev 0 function 0 &quot;Intel Xeon E3-1200 Host&quot; rev 0x09
ehci0 at pci0 dev 26 function 0 &quot;Intel 6 Series USB&quot; rev 0x04: apic 0 int 16
usb0 at ehci0: USB revision 2.0
uhub0 at usb0 configuration 1 interface 0 &quot;Intel EHCI root hub&quot; rev 2.00/1.00 addr 1
ppb0 at pci0 dev 28 function 0 &quot;Intel 6 Series PCIE&quot; rev 0xb4: msi
pci1 at ppb0 bus 1
bnx0 at pci1 dev 0 function 0 &quot;Broadcom BCM5716&quot; rev 0x20: apic 0 int 16
bnx1 at pci1 dev 0 function 1 &quot;Broadcom BCM5716&quot; rev 0x20: apic 0 int 17
ehci1 at pci0 dev 29 function 0 &quot;Intel 6 Series USB&quot; rev 0x04: apic 0 int 23
usb1 at ehci1: USB revision 2.0
uhub1 at usb1 configuration 1 interface 0 &quot;Intel EHCI root hub&quot; rev 2.00/1.00 addr 1
ppb1 at pci0 dev 30 function 0 &quot;Intel 82801BA Hub-to-PCI&quot; rev 0xa4
pci2 at ppb1 bus 2
2:3:0: rom address conflict 0xffff0000/0x10000
vga1 at pci2 dev 3 function 0 &quot;Matrox MGA G200eW&quot; rev 0x0a
wsdisplay0 at vga1 mux 1: console (80x25, vt100 emulation)
wsdisplay0: screen 1-5 added (80x25, vt100 emulation)
pcib0 at pci0 dev 31 function 0 &quot;Intel C202 LPC&quot; rev 0x04
ahci0 at pci0 dev 31 function 2 &quot;Intel 6 Series AHCI&quot; rev 0x04: msi, AHCI 1.3
ahci0: port 0: 3.0Gb/s
scsibus1 at ahci0: 32 targets
sd0 at scsibus1 targ 0 lun 0: &lt;ATA, WDC WD1003FBYX-0, 01.0&gt; naa.50014ee20946ec61
sd0: 953869MB, 512 bytes/sector, 1953525168 sectors
ichiic0 at pci0 dev 31 function 3 &quot;Intel 6 Series SMBus&quot; rev 0x04: apic 0 int 19
iic0 at ichiic0
sdtemp0 at iic0 addr 0x18: stts2002
sdtemp1 at iic0 addr 0x19: stts2002
sdtemp2 at iic0 addr 0x1a: stts2002
sdtemp3 at iic0 addr 0x1b: stts2002
spdmem0 at iic0 addr 0x50: 4GB DDR3 SDRAM ECC PC3-10600 with thermal sensor
spdmem1 at iic0 addr 0x51: 4GB DDR3 SDRAM ECC PC3-10600 with thermal sensor
spdmem2 at iic0 addr 0x52: 4GB DDR3 SDRAM ECC PC3-10600 with thermal sensor
spdmem3 at iic0 addr 0x53: 4GB DDR3 SDRAM ECC PC3-10600 with thermal sensor
isa0 at pcib0
isadma0 at isa0
com0 at isa0 port 0x3f8/8 irq 4: ns16550a, 16 byte fifo
com1 at isa0 port 0x2f8/8 irq 3: ns16550a, 16 byte fifo
pckbc0 at isa0 port 0x60/5 irq 1 irq 12
pcppi0 at isa0 port 0x61
spkr0 at pcppi0
vmm0 at mainbus0: VMX/EPT
uhub2 at uhub0 port 1 configuration 1 interface 0 &quot;Intel Rate Matching Hub&quot; rev 2.00/0.00 addr 2
uhub3 at uhub1 port 1 configuration 1 interface 0 &quot;Intel Rate Matching Hub&quot; rev 2.00/0.00 addr 2
uplcom0 at uhub3 port 1 configuration 1 interface 0 &quot;Prolific Technology Inc. USB-Serial Controller&quot; rev 1.10/3.00 addr 3
ucom0 at uplcom0
uplcom1 at uhub3 port 2 configuration 1 interface 0 &quot;Prolific Technology Inc. USB-Serial Controller&quot; rev 1.10/3.00 addr 4
ucom1 at uplcom1
uhub4 at uhub3 port 5 configuration 1 interface 0 &quot;Standard Microsystems product 0x2514&quot; rev 2.00/0.00 addr 5
vscsi0 at root
scsibus2 at vscsi0: 256 targets
softraid0 at root
scsibus3 at softraid0: 256 targets
root on sd0a (4800e1cac876e21b.a) swap on sd0b dump on sd0b
bnx0: address xx:xx:xx:xx:xx:xx
brgphy0 at bnx0 phy 1: BCM5709 10/100/1000baseT PHY, rev. 8
bnx1: address xx:xx:xx:xx:xx:xx
brgphy1 at bnx1 phy 1: BCM5709 10/100/1000baseT PHY, rev. 8

</pre>



</div><!-- content -->
<br />
<div id="footer">
All comments/news/posts are the property of their individual owner and
is presented without warranty of suitability, and solely as an
informational resource. <br />
This site Copyright &copy; 2004-2020 NYC*BUG.
</div><!-- footer -->

</body>
</html>

