



<!doctype html>
<html lang="en">
<head>
<meta name="keywords"
	content="bsd, freebsd, openbsd, netbsd, dragonflybsd, nycbug, dmesgd" />
<meta name="description" content="New York City BSD User Group dmesgd" />
<meta charset="utf-8" />
<meta name="viewport" content="width=device-width, initial-scale=1" />
<title>NYC*BUG dmesgd</title>
<style>
body {
	text-align: left;
	margin: 15px auto;
	padding: 0px 10px;
}
@media (min-width: 800px) {
	body {
		max-width: 85%;
	}
}
#header {
	border-bottom: 1px solid #dbdbdb;
	font-size: 230%;
	text-align: left;
}
#footer {
	border-top: 1px solid #dbdbdb;
	clear: both;
	text-align: left;
}
.logo_bug {
	color: #cc0033;
}
#menu ul {
	list-style-type: none;
	margin: 0;
	padding: 0;
}
#menu li {
	float: left;
}
#menu li a {
	display: block;
	background-color: #dbdbdb;
	color: #000000;
	font-size: 105%;
	font-weight: bold;
	padding: 0px 6px 0px 6px;
	text-decoration: none;
}
#content {
	clear: both;
	text-align: left;
	padding-top: 10px;
}
#content h1 {
	font-size: 120%;
	font-weight: bold;
}
#content h2 {
	font-size: 110%;
	font-weight: bold;
}
#content a {
	text-decoration: none;
}
#content pre {
	background-color: #dbdbdb;
	padding: 5px 5px 5px 5px;
	white-space: pre-wrap;		/* css-3 */
	white-space: -moz-pre-wrap;	/* Mozilla, since 1999 */
	white-space: -pre-wrap;		/* Opera 4-6 */
	white-space: -o-pre-wrap;	/* Opera 7 */
	word-wrap: break-word;		/* Internet Explorer 5.5+ */
}
#content table {
	border-collapse: collapse;
}
#content table th {
	border: 1px solid #dbdbdb;
	font-size: 85%;
	white-space: nowrap;
}
#content table td {
	border: 1px solid #dbdbdb;
	font-size: 80%;
}
#content input {
	font-size: 1em;
}
#content .full	{ width: 100%; }
#content .left	{ text-align: left; }
#content .right	{ text-align: right; }
#content .center { text-align: center; }
#content .flexbox {
	display: -ms-flex;
	display: -webkit-flex;
	display: flex;
	width: 100%;
}
#content .left_col {
	min-width: 75px;
	max-width: 50%;
	flex-grow: 0;
}
#content .right_col {
	flex-grow: 1;
	margin-left: 10px;
	padding-top: 10px;
	padding-left: 10px;
}
#col {
	-moz-column-count: 3;
	-webkit-column-count: 3;
	column-count: 3;
}
</style>
</head>
<body>

<div id="header">
<strong><em>NYC*</em><span class="logo_bug">BUG</span> dmesgd</strong>
</div><!-- header -->

<div id="menu">
<ul>
<li><a href="https://dmesgd.nycbug.org/index.cgi?do=index">Home</a></li>
<li><a href="https://dmesgd.nycbug.org/index.cgi?do=submit">Submit</a></li>
<li><a href="https://www.nycbug.org/">NYC*BUG</a></li>
</ul>
</div><!-- menu -->

<div id="content">

<p>
Launched in 2004, dmesgd aims to provide a
<strong>user-submitted</strong> repository of searchable *BSD dmesgs.
The dmesg(8) command displays the system message buffer's content, and
during boot a copy is saved to <em>/var/run/dmesg.boot</em>.  This buffer
contains the operating system release, name and version, a list of
devices identified, plus a whole host of other useful information.  We
hope others find this resource useful and further contribute to its
growth. Contact us at [ admin at lists dot nycbug dot org ].
</p>

<hr />


<strong>Date:</strong> <em>2020-04-04 14:02:40</em><br />
<strong>From:</strong> <em>jj</em><br />
<strong>Description:</strong> <em>Edgerouter Pro/8</em><br />

<pre>
[ using 743256 bytes of bsd ELF symbol table ]
Copyright (c) 1982, 1986, 1989, 1991, 1993
	The Regents of the University of California.  All rights reserved.
Copyright (c) 1995-2020 OpenBSD. All rights reserved.  https://www.OpenBSD.org

OpenBSD 6.6-current (GENERIC.MP) #90: Fri Apr  3 01:19:36 MDT 2020
    xxx@xxx.xxx:/usr/src/sys/arch/octeon/compile/GENERIC.MP
real mem = 2147483648 (2048MB)
avail mem = 2095267840 (1998MB)
mainbus0 at root: board 20003 rev 0.14
cpu0 at mainbus0: CN61xx CPU rev 0.1 1000 MHz, Software FP emulation
cpu0: cache L1-I 37KB 37 way D 32KB 32 way, L2 1024KB 8 way
cpu1 at mainbus0: CN61xx CPU rev 0.1 1000 MHz, Software FP emulation
cpu1: cache L1-I 37KB 37 way D 32KB 32 way, L2 1024KB 8 way
clock0 at mainbus0: int 5
octcrypto0 at mainbus0
iobus0 at mainbus0
simplebus0 at iobus0: &quot;soc&quot;
octciu0 at simplebus0
octgpio0 at simplebus0: 20 pins, xbit 16
octsmi0 at simplebus0
octsmi1 at simplebus0
octpip0 at simplebus0
octgmx0 at octpip0 interface 0
cnmac0 at octgmx0: SGMII, address xx:xx:xx:xx:xx:xx
ukphy0 at cnmac0 phy 4: Generic IEEE 802.3u media interface, rev. 3: OUI 0x180361, model 0x0004
cnmac1 at octgmx0: SGMII, address xx:xx:xx:xx:xx:xx
ukphy1 at cnmac1 phy 5: Generic IEEE 802.3u media interface, rev. 3: OUI 0x180361, model 0x0004
cnmac2 at octgmx0: SGMII, address xx:xx:xx:xx:xx:xx
brgphy0 at cnmac2 phy 0: BCM5482 10/100/1000baseT PHY, rev. 2
cnmac3 at octgmx0: SGMII, address xx:xx:xx:xx:xx:xx
brgphy1 at cnmac3 phy 1: BCM5482 10/100/1000baseT PHY, rev. 2
octgmx1 at octpip0 interface 1
cnmac4 at octgmx1: SGMII, address xx:xx:xx:xx:xx:xx
ukphy2 at cnmac4 phy 0: Generic IEEE 802.3u media interface, rev. 3: OUI 0x180361, model 0x0004
cnmac5 at octgmx1: SGMII, address xx:xx:xx:xx:xx:xx
ukphy3 at cnmac5 phy 1: Generic IEEE 802.3u media interface, rev. 3: OUI 0x180361, model 0x0004
cnmac6 at octgmx1: SGMII, address xx:xx:xx:xx:xx:xx
ukphy4 at cnmac6 phy 2: Generic IEEE 802.3u media interface, rev. 3: OUI 0x180361, model 0x0004
cnmac7 at octgmx1: SGMII, address xx:xx:xx:xx:xx:xx
ukphy5 at cnmac7 phy 3: Generic IEEE 802.3u media interface, rev. 3: OUI 0x180361, model 0x0004
&quot;i2c&quot; at simplebus0 not configured
&quot;i2c&quot; at simplebus0 not configured
com0 at simplebus0: ns16550a, 64 byte fifo
com0: console
com1 at simplebus0: ns16550a, 64 byte fifo
com1: probed fifo depth: 0 bytes
&quot;spi&quot; at simplebus0 not configured
octmmc0 at simplebus0
sdmmc0 at octmmc0: 8-bit, mmc high-speed
&quot;bootbus&quot; at simplebus0 not configured
&quot;dma-engine&quot; at simplebus0 not configured
&quot;dma-engine&quot; at simplebus0 not configured
octuctl0 at simplebus0
ehci0 at octuctl0
usb0 at ehci0: USB revision 2.0
uhub0 at usb0 configuration 1 interface 0 &quot;Octeon EHCI root hub&quot; rev 2.00/1.00 addr 1
ohci0 at octuctl0, version 1.0
usb1 at ohci0: USB revision 1.0
uhub1 at usb1 configuration 1 interface 0 &quot;Octeon OHCI root hub&quot; rev 1.00/1.00 addr 1
octrng0 at iobus0 base 0x1400000000000 irq 0
octpcie0 at iobus0: 2 ports
octpcie0 port 1: reset timeout
scsibus0 at sdmmc0: 2 targets, initiator 0
sd0 at scsibus0 targ 1 lun 0: &lt;Sandisk, SEM04G, 0000&gt; removable
sd0: 3776MB, 512 bytes/sector, 7733248 sectors
vscsi0 at root
scsibus1 at vscsi0: 256 targets
softraid0 at root
scsibus2 at softraid0: 256 targets
root on sd0a (a4492b37bd446282.a) swap on sd0b dump on sd0b
WARNING: No TOD clock, believing file system.
WARNING: CHECK AND RESET THE DATE!

</pre>



</div><!-- content -->
<br />
<div id="footer">
All comments/news/posts are the property of their individual owner and
is presented without warranty of suitability, and solely as an
informational resource. <br />
This site Copyright &copy; 2004-2020 NYC*BUG.
</div><!-- footer -->

</body>
</html>

