



<!doctype html>
<html lang="en">
<head>
<meta name="keywords"
	content="bsd, freebsd, openbsd, netbsd, dragonflybsd, nycbug, dmesgd" />
<meta name="description" content="New York City BSD User Group dmesgd" />
<meta charset="utf-8" />
<meta name="viewport" content="width=device-width, initial-scale=1" />
<title>NYC*BUG dmesgd</title>
<style>
body {
	text-align: left;
	margin: 15px auto;
	padding: 0px 10px;
}
@media (min-width: 800px) {
	body {
		max-width: 85%;
	}
}
#header {
	border-bottom: 1px solid #dbdbdb;
	font-size: 230%;
	text-align: left;
}
#footer {
	border-top: 1px solid #dbdbdb;
	clear: both;
	text-align: left;
}
.logo_bug {
	color: #cc0033;
}
#menu ul {
	list-style-type: none;
	margin: 0;
	padding: 0;
}
#menu li {
	float: left;
}
#menu li a {
	display: block;
	background-color: #dbdbdb;
	color: #000000;
	font-size: 105%;
	font-weight: bold;
	padding: 0px 6px 0px 6px;
	text-decoration: none;
}
#content {
	clear: both;
	text-align: left;
	padding-top: 10px;
}
#content h1 {
	font-size: 120%;
	font-weight: bold;
}
#content h2 {
	font-size: 110%;
	font-weight: bold;
}
#content a {
	text-decoration: none;
}
#content pre {
	background-color: #dbdbdb;
	padding: 5px 5px 5px 5px;
	white-space: pre-wrap;		/* css-3 */
	white-space: -moz-pre-wrap;	/* Mozilla, since 1999 */
	white-space: -pre-wrap;		/* Opera 4-6 */
	white-space: -o-pre-wrap;	/* Opera 7 */
	word-wrap: break-word;		/* Internet Explorer 5.5+ */
}
#content table {
	border-collapse: collapse;
}
#content table th {
	border: 1px solid #dbdbdb;
	font-size: 85%;
	white-space: nowrap;
}
#content table td {
	border: 1px solid #dbdbdb;
	font-size: 80%;
}
#content input {
	font-size: 1em;
}
#content .full	{ width: 100%; }
#content .left	{ text-align: left; }
#content .right	{ text-align: right; }
#content .center { text-align: center; }
#content .flexbox {
	display: -ms-flex;
	display: -webkit-flex;
	display: flex;
	width: 100%;
}
#content .left_col {
	min-width: 75px;
	max-width: 50%;
	flex-grow: 0;
}
#content .right_col {
	flex-grow: 1;
	margin-left: 10px;
	padding-top: 10px;
	padding-left: 10px;
}
#col {
	-moz-column-count: 3;
	-webkit-column-count: 3;
	column-count: 3;
}
</style>
</head>
<body>

<div id="header">
<strong><em>NYC*</em><span class="logo_bug">BUG</span> dmesgd</strong>
</div><!-- header -->

<div id="menu">
<ul>
<li><a href="https://dmesgd.nycbug.org/index.cgi?do=index">Home</a></li>
<li><a href="https://dmesgd.nycbug.org/index.cgi?do=submit">Submit</a></li>
<li><a href="https://www.nycbug.org/">NYC*BUG</a></li>
</ul>
</div><!-- menu -->

<div id="content">

<p>
Launched in 2004, dmesgd aims to provide a
<strong>user-submitted</strong> repository of searchable *BSD dmesgs.
The dmesg(8) command displays the system message buffer's content, and
during boot a copy is saved to <em>/var/run/dmesg.boot</em>.  This buffer
contains the operating system release, name and version, a list of
devices identified, plus a whole host of other useful information.  We
hope others find this resource useful and further contribute to its
growth. Contact us at [ admin at lists dot nycbug dot org ].
</p>

<hr />


<strong>Date:</strong> <em>2020-04-21 18:58:16</em><br />
<strong>From:</strong> <em>brynet</em><br />
<strong>Description:</strong> <em>OpenBSD 6.7-beta on Raspberry Pi 3b, working bwfm(4) WiFi</em><br />

<pre>
OpenBSD 6.7-beta (GENERIC.MP) #573: Mon Apr 20 23:17:30 MDT 2020
    xxx@xxx.xxx:/usr/src/sys/arch/arm64/compile/GENERIC.MP
real mem  = 958910464 (914MB)
avail mem = 899371008 (857MB)
mainbus0 at root: Raspberry Pi 3 Model B Rev 1.2
cpu0 at mainbus0 mpidr 0: ARM Cortex-A53 r0p4
cpu0: 32KB 64b/line 2-way L1 VIPT I-cache, 32KB 64b/line 4-way L1 D-cache
cpu0: 512KB 64b/line 16-way L2 cache
efi0 at mainbus0: UEFI 2.8
efi0: Das U-Boot rev 0x20200100
apm0 at mainbus0
simplefb0 at mainbus0: 656x416, 32bpp
wsdisplay0 at simplefb0 mux 1
wsdisplay0: screen 0-5 added (std, vt100 emulation)
&quot;system&quot; at mainbus0 not configured
&quot;axi&quot; at mainbus0 not configured
&quot;thermal-zones&quot; at mainbus0 not configured
simplebus0 at mainbus0: &quot;soc&quot;
bcmclock0 at simplebus0
bcmmbox0 at simplebus0
&quot;dma&quot; at simplebus0 not configured
bcmdog0 at simplebus0
bcmrng0 at simplebus0
&quot;gpio&quot; at simplebus0 not configured
pluart0 at simplebus0: console
&quot;mmc&quot; at simplebus0 not configured
&quot;dsi&quot; at simplebus0 not configured
bcmaux0 at simplebus0
dwctwo0 at simplebus0
bcmintc0 at simplebus0
bcmtemp0 at simplebus0
&quot;local_intc&quot; at simplebus0 not configured
sdhc0 at simplebus0
sdhc0: SDHC 3.0, 200 MHz base clock
sdmmc0 at sdhc0: 4-bit, sd high-speed, mmc high-speed
simplebus1 at simplebus0: &quot;firmware&quot;
&quot;expgpio&quot; at simplebus1 not configured
&quot;power&quot; at simplebus0 not configured
&quot;mailbox&quot; at simplebus0 not configured
&quot;gpiomem&quot; at simplebus0 not configured
&quot;fb&quot; at simplebus0 not configured
&quot;vcsm&quot; at simplebus0 not configured
&quot;virtgpio&quot; at simplebus0 not configured
simplebus2 at mainbus0: &quot;clocks&quot;
&quot;clock&quot; at simplebus2 not configured
&quot;clock&quot; at simplebus2 not configured
&quot;phy&quot; at mainbus0 not configured
&quot;arm-pmu&quot; at mainbus0 not configured
agtimer0 at mainbus0: tick rate 19200 KHz
&quot;__overrides__&quot; at mainbus0 not configured
&quot;leds&quot; at mainbus0 not configured
&quot;fixedregulator_3v3&quot; at mainbus0 not configured
&quot;fixedregulator_5v0&quot; at mainbus0 not configured
&quot;__symbols__&quot; at mainbus0 not configured
cpu1 at mainbus0 mpidr 1: ARM Cortex-A53 r0p4
cpu1: 32KB 64b/line 2-way L1 VIPT I-cache, 32KB 64b/line 4-way L1 D-cache
cpu1: 512KB 64b/line 16-way L2 cache
cpu2 at mainbus0 mpidr 2: ARM Cortex-A53 r0p4
cpu2: 32KB 64b/line 2-way L1 VIPT I-cache, 32KB 64b/line 4-way L1 D-cache
cpu2: 512KB 64b/line 16-way L2 cache
cpu3 at mainbus0 mpidr 3: ARM Cortex-A53 r0p4
cpu3: 32KB 64b/line 2-way L1 VIPT I-cache, 32KB 64b/line 4-way L1 D-cache
cpu3: 512KB 64b/line 16-way L2 cache
usb0 at dwctwo0: USB revision 2.0
uhub0 at usb0 configuration 1 interface 0 &quot;Broadcom DWC2 root hub&quot; rev 2.00/1.00 addr 1
uhub1 at uhub0 port 1 configuration 1 interface 0 &quot;Standard Microsystems product 0x9514&quot; rev 2.00/2.00 addr 2
bwfm0 at sdmmc0 function 1
manufacturer 0x02d0, product 0xa9a6 at sdmmc0 function 2 not configured
smsc0 at uhub1 port 1 configuration 1 interface 0 &quot;Standard Microsystems SMSC9512/14&quot; rev 2.00/2.00 addr 3
smsc0: address xx:xx:xx:xx:xx:xx
ukphy0 at smsc0 phy 1: Generic IEEE 802.3u media interface, rev. 3: OUI 0x0001f0, model 0x000c
umass0 at uhub1 port 3 configuration 1 interface 0 &quot;vendor 0x1908 product 0x0226&quot; rev 2.00/1.11 addr 4
umass0: using SCSI over Bulk-Only
scsibus0 at umass0: 2 targets, initiator 0
sd0 at scsibus0 targ 1 lun 0: &lt;Generic, Mass-Storage, 1.11&gt; removable
sd0: 29988MB, 512 bytes/sector, 61415424 sectors
vscsi0 at root
scsibus1 at vscsi0: 256 targets
softraid0 at root
scsibus2 at softraid0: 256 targets
bootfile: sd0a:/bsd
boot device: sd0
root on sd0a (0a67935a4a6334e4.a) swap on sd0b dump on sd0b
WARNING: CHECK AND RESET THE DATE!
bwfm0: address xx:xx:xx:xx:xx:xx
</pre>



</div><!-- content -->
<br />
<div id="footer">
All comments/news/posts are the property of their individual owner and
is presented without warranty of suitability, and solely as an
informational resource. <br />
This site Copyright &copy; 2004-2020 NYC*BUG.
</div><!-- footer -->

</body>
</html>

