



<!doctype html>
<html lang="en">
<head>
<meta name="keywords"
	content="bsd, freebsd, openbsd, netbsd, dragonflybsd, nycbug, dmesgd" />
<meta name="description" content="New York City BSD User Group dmesgd" />
<meta charset="utf-8" />
<meta name="viewport" content="width=device-width, initial-scale=1" />
<title>NYC*BUG dmesgd</title>
<style>
body {
	text-align: left;
	margin: 15px auto;
	padding: 0px 10px;
}
@media (min-width: 800px) {
	body {
		max-width: 85%;
	}
}
#header {
	border-bottom: 1px solid #dbdbdb;
	font-size: 230%;
	text-align: left;
}
#footer {
	border-top: 1px solid #dbdbdb;
	clear: both;
	text-align: left;
}
.logo_bug {
	color: #cc0033;
}
#menu ul {
	list-style-type: none;
	margin: 0;
	padding: 0;
}
#menu li {
	float: left;
}
#menu li a {
	display: block;
	background-color: #dbdbdb;
	color: #000000;
	font-size: 105%;
	font-weight: bold;
	padding: 0px 6px 0px 6px;
	text-decoration: none;
}
#content {
	clear: both;
	text-align: left;
	padding-top: 10px;
}
#content h1 {
	font-size: 120%;
	font-weight: bold;
}
#content h2 {
	font-size: 110%;
	font-weight: bold;
}
#content a {
	text-decoration: none;
}
#content pre {
	background-color: #dbdbdb;
	padding: 5px 5px 5px 5px;
	white-space: pre-wrap;		/* css-3 */
	white-space: -moz-pre-wrap;	/* Mozilla, since 1999 */
	white-space: -pre-wrap;		/* Opera 4-6 */
	white-space: -o-pre-wrap;	/* Opera 7 */
	word-wrap: break-word;		/* Internet Explorer 5.5+ */
}
#content table {
	border-collapse: collapse;
}
#content table th {
	border: 1px solid #dbdbdb;
	font-size: 85%;
	white-space: nowrap;
}
#content table td {
	border: 1px solid #dbdbdb;
	font-size: 80%;
}
#content input {
	font-size: 1em;
}
#content .full	{ width: 100%; }
#content .left	{ text-align: left; }
#content .right	{ text-align: right; }
#content .center { text-align: center; }
#content .flexbox {
	display: -ms-flex;
	display: -webkit-flex;
	display: flex;
	width: 100%;
}
#content .left_col {
	min-width: 75px;
	max-width: 50%;
	flex-grow: 0;
}
#content .right_col {
	flex-grow: 1;
	margin-left: 10px;
	padding-top: 10px;
	padding-left: 10px;
}
#col {
	-moz-column-count: 3;
	-webkit-column-count: 3;
	column-count: 3;
}
</style>
</head>
<body>

<div id="header">
<strong><em>NYC*</em><span class="logo_bug">BUG</span> dmesgd</strong>
</div><!-- header -->

<div id="menu">
<ul>
<li><a href="https://dmesgd.nycbug.org/index.cgi?do=index">Home</a></li>
<li><a href="https://dmesgd.nycbug.org/index.cgi?do=submit">Submit</a></li>
<li><a href="https://www.nycbug.org/">NYC*BUG</a></li>
</ul>
</div><!-- menu -->

<div id="content">

<p>
Launched in 2004, dmesgd aims to provide a
<strong>user-submitted</strong> repository of searchable *BSD dmesgs.
The dmesg(8) command displays the system message buffer's content, and
during boot a copy is saved to <em>/var/run/dmesg.boot</em>.  This buffer
contains the operating system release, name and version, a list of
devices identified, plus a whole host of other useful information.  We
hope others find this resource useful and further contribute to its
growth. Contact us at [ admin at lists dot nycbug dot org ].
</p>

<hr />


<strong>Date:</strong> <em>2020-05-24 20:47:58</em><br />
<strong>From:</strong> <em>afresh1</em><br />
<strong>Description:</strong> <em>OpenBSD 6.7-current (GENERIC.MP) amd64 on LENOVO 20AQ005WUS ThinkPad T440s</em><br />

<pre>
OpenBSD 6.7-current (GENERIC.MP) #216: Sun May 24 12:23:04 MDT 2020
    xxx@xxx.xxx:/usr/src/sys/arch/amd64/compile/GENERIC.MP
real mem = 12764540928 (12173MB)
avail mem = 12365062144 (11792MB)
random: good seed from bootblocks
mpath0 at root
scsibus0 at mpath0: 256 targets
mainbus0 at root
bios0 at mainbus0: SMBIOS rev. 2.7 @ 0xdcc0d000 (62 entries)
bios0: vendor LENOVO version &quot;GJET99WW (2.49 )&quot; date 06/05/2018
bios0: LENOVO 20AQ005WUS
acpi0 at bios0: ACPI 5.0
acpi0: sleep states S0 S3 S4 S5
acpi0: tables DSDT FACP SLIC DBGP ECDT HPET APIC MCFG SSDT SSDT SSDT SSDT SSDT SSDT SSDT SSDT PCCT SSDT TCPA UEFI MSDM ASF! BATB FPDT UEFI BGRT DMAR
acpi0: wakeup devices LID_(S4) SLPB(S3) IGBE(S4) EXP2(S4) XHCI(S3) EHC1(S3)
acpitimer0 at acpi0: 3579545 Hz, 24 bits
acpiec0 at acpi0
acpihpet0 at acpi0: 14318179 Hz
acpimadt0 at acpi0 addr 0xfee00000: PC-AT compat
cpu0 at mainbus0: apid 0 (boot processor)
cpu0: Intel(R) Core(TM) i7-4600U CPU @ 2.10GHz, 798.26 MHz, 06-45-01
cpu0: FPU,VME,DE,PSE,TSC,MSR,PAE,MCE,CX8,APIC,SEP,MTRR,PGE,MCA,CMOV,PAT,PSE36,CFLUSH,DS,ACPI,MMX,FXSR,SSE,SSE2,SS,HTT,TM,PBE,SSE3,PCLMUL,DTES64,MWAIT,DS-CPL,VMX,SMX,EST,TM2,SSSE3,SDBG,FMA3,CX16,xTPR,PDCM,PCID,SSE4.1,SSE4.2,x2APIC,MOVBE,POPCNT,DEADLINE,AES,XSAVE,AVX,F16C,RDRAND,NXE,PAGE1GB,RDTSCP,LONG,LAHF,ABM,PERF,ITSC,FSGSBASE,TSC_ADJUST,BMI1,AVX2,SMEP,BMI2,ERMS,INVPCID,MD_CLEAR,IBRS,IBPB,STIBP,L1DF,SSBD,SENSOR,ARAT,XSAVEOPT,MELTDOWN
cpu0: 256KB 64b/line 8-way L2 cache
cpu0: smt 0, core 0, package 0
mtrr: Pentium Pro MTRR support, 10 var ranges, 88 fixed ranges
cpu0: apic clock running at 99MHz
cpu0: mwait min=64, max=64, C-substates=0.2.1.2.4.1.1.1, IBE
cpu1 at mainbus0: apid 1 (application processor)
cpu1: Intel(R) Core(TM) i7-4600U CPU @ 2.10GHz, 798.16 MHz, 06-45-01
cpu1: FPU,VME,DE,PSE,TSC,MSR,PAE,MCE,CX8,APIC,SEP,MTRR,PGE,MCA,CMOV,PAT,PSE36,CFLUSH,DS,ACPI,MMX,FXSR,SSE,SSE2,SS,HTT,TM,PBE,SSE3,PCLMUL,DTES64,MWAIT,DS-CPL,VMX,SMX,EST,TM2,SSSE3,SDBG,FMA3,CX16,xTPR,PDCM,PCID,SSE4.1,SSE4.2,x2APIC,MOVBE,POPCNT,DEADLINE,AES,XSAVE,AVX,F16C,RDRAND,NXE,PAGE1GB,RDTSCP,LONG,LAHF,ABM,PERF,ITSC,FSGSBASE,TSC_ADJUST,BMI1,AVX2,SMEP,BMI2,ERMS,INVPCID,MD_CLEAR,IBRS,IBPB,STIBP,L1DF,SSBD,SENSOR,ARAT,XSAVEOPT,MELTDOWN
cpu1: 256KB 64b/line 8-way L2 cache
cpu1: smt 1, core 0, package 0
cpu2 at mainbus0: apid 2 (application processor)
cpu2: Intel(R) Core(TM) i7-4600U CPU @ 2.10GHz, 798.17 MHz, 06-45-01
cpu2: FPU,VME,DE,PSE,TSC,MSR,PAE,MCE,CX8,APIC,SEP,MTRR,PGE,MCA,CMOV,PAT,PSE36,CFLUSH,DS,ACPI,MMX,FXSR,SSE,SSE2,SS,HTT,TM,PBE,SSE3,PCLMUL,DTES64,MWAIT,DS-CPL,VMX,SMX,EST,TM2,SSSE3,SDBG,FMA3,CX16,xTPR,PDCM,PCID,SSE4.1,SSE4.2,x2APIC,MOVBE,POPCNT,DEADLINE,AES,XSAVE,AVX,F16C,RDRAND,NXE,PAGE1GB,RDTSCP,LONG,LAHF,ABM,PERF,ITSC,FSGSBASE,TSC_ADJUST,BMI1,AVX2,SMEP,BMI2,ERMS,INVPCID,MD_CLEAR,IBRS,IBPB,STIBP,L1DF,SSBD,SENSOR,ARAT,XSAVEOPT,MELTDOWN
cpu2: 256KB 64b/line 8-way L2 cache
cpu2: smt 0, core 1, package 0
cpu3 at mainbus0: apid 3 (application processor)
cpu3: Intel(R) Core(TM) i7-4600U CPU @ 2.10GHz, 798.16 MHz, 06-45-01
cpu3: FPU,VME,DE,PSE,TSC,MSR,PAE,MCE,CX8,APIC,SEP,MTRR,PGE,MCA,CMOV,PAT,PSE36,CFLUSH,DS,ACPI,MMX,FXSR,SSE,SSE2,SS,HTT,TM,PBE,SSE3,PCLMUL,DTES64,MWAIT,DS-CPL,VMX,SMX,EST,TM2,SSSE3,SDBG,FMA3,CX16,xTPR,PDCM,PCID,SSE4.1,SSE4.2,x2APIC,MOVBE,POPCNT,DEADLINE,AES,XSAVE,AVX,F16C,RDRAND,NXE,PAGE1GB,RDTSCP,LONG,LAHF,ABM,PERF,ITSC,FSGSBASE,TSC_ADJUST,BMI1,AVX2,SMEP,BMI2,ERMS,INVPCID,MD_CLEAR,IBRS,IBPB,STIBP,L1DF,SSBD,SENSOR,ARAT,XSAVEOPT,MELTDOWN
cpu3: 256KB 64b/line 8-way L2 cache
cpu3: smt 1, core 1, package 0
ioapic0 at mainbus0: apid 2 pa 0xfec00000, version 20, 40 pins
acpimcfg0 at acpi0
acpimcfg0: addr 0xf8000000, bus 0-63
acpiprt0 at acpi0: bus 0 (PCI0)
acpiprt1 at acpi0: bus -1 (PEG_)
acpiprt2 at acpi0: bus 2 (EXP1)
acpiprt3 at acpi0: bus 3 (EXP2)
acpiprt4 at acpi0: bus -1 (EXP3)
acpicpu0 at acpi0: C3(200@506 mwait.1@0x60), C2(200@148 mwait.1@0x33), C1(1000@1 mwait.1), PSS
acpicpu1 at acpi0: C3(200@506 mwait.1@0x60), C2(200@148 mwait.1@0x33), C1(1000@1 mwait.1), PSS
acpicpu2 at acpi0: C3(200@506 mwait.1@0x60), C2(200@148 mwait.1@0x33), C1(1000@1 mwait.1), PSS
acpicpu3 at acpi0: C3(200@506 mwait.1@0x60), C2(200@148 mwait.1@0x33), C1(1000@1 mwait.1), PSS
acpipwrres0 at acpi0: PUBS, resource for XHCI, EHC1
acpipwrres1 at acpi0: NVP3, resource for PEG_
acpipwrres2 at acpi0: NVP2, resource for PEG_
acpitz0 at acpi0: critical temperature is 200 degC
acpibtn0 at acpi0: LID_
acpibtn1 at acpi0: SLPB
acpipci0 at acpi0 PCI0: 0x00000000 0x00000011 0x00000001
extent `acpipci0 pcibus' (0x0 - 0xff), flags=0
     0x40 - 0xff
extent `acpipci0 pciio' (0x0 - 0xffffffff), flags=0
     0xcf8 - 0xcff
     0x10000 - 0xffffffff
extent `acpipci0 pcimem' (0x0 - 0xffffffffffffffff), flags=0
     0x0 - 0x9ffff
     0xf0000 - 0xdf9fffff
     0xfec00000 - 0xfed3ffff
     0xfed4c000 - 0xffffffffffffffff
acpicmos0 at acpi0
tpm0 at acpi0 TPM_ addr 0xfed40000/0x5000, device 0x0000104a rev 0x4e
acpibat0 at acpi0: BAT0 model &quot;45N1111&quot; serial 14480 type LiP oem &quot;SONY&quot;
acpibat1 at acpi0: BAT1 model &quot;45N1127&quot; serial 11068 type LION oem &quot;LGC&quot;
acpiac0 at acpi0: AC unit offline
acpithinkpad0 at acpi0: version 1.0
&quot;PNP0C14&quot; at acpi0 not configured
&quot;PNP0C14&quot; at acpi0 not configured
&quot;PNP0C14&quot; at acpi0 not configured
&quot;INT340F&quot; at acpi0 not configured
acpivideo0 at acpi0: VID_
acpivout0 at acpivideo0: LCD0
acpivideo1 at acpi0: VID_
cpu0: using VERW MDS workaround (except on vmm entry)
cpu0: Enhanced SpeedStep 798 MHz: speeds: 2701, 2700, 2600, 2400, 2300, 2100, 2000, 1800, 1700, 1600, 1400, 1300, 1100, 1000, 800, 756 MHz
pci0 at mainbus0 bus 0
pchb0 at pci0 dev 0 function 0 &quot;Intel Core 4G Host&quot; rev 0x0b
inteldrm0 at pci0 dev 2 function 0 &quot;Intel HD Graphics&quot; rev 0x0b
drm0 at inteldrm0
inteldrm0: msi, HASWELL, gen 7
azalia0 at pci0 dev 3 function 0 &quot;Intel Core 4G HD Audio&quot; rev 0x0b: msi
azalia0: No codecs found
xhci0 at pci0 dev 20 function 0 &quot;Intel 8 Series xHCI&quot; rev 0x04: msi, xHCI 1.0
usb0 at xhci0: USB revision 3.0
uhub0 at usb0 configuration 1 interface 0 &quot;Intel xHCI root hub&quot; rev 3.00/1.00 addr 1
&quot;Intel 8 Series MEI&quot; rev 0x04 at pci0 dev 22 function 0 not configured
em0 at pci0 dev 25 function 0 &quot;Intel I218-LM&quot; rev 0x04: msi, address xx:xx:xx:xx:xx:xx
azalia1 at pci0 dev 27 function 0 &quot;Intel 8 Series HD Audio&quot; rev 0x04: msi
azalia1: codecs: Realtek ALC292
audio0 at azalia1
ppb0 at pci0 dev 28 function 0 &quot;Intel 8 Series PCIE&quot; rev 0xe4: msi
pci1 at ppb0 bus 2
rtsx0 at pci1 dev 0 function 0 &quot;Realtek RTS5227 Card Reader&quot; rev 0x01: msi
sdmmc0 at rtsx0: 4-bit, dma
ppb1 at pci0 dev 28 function 1 &quot;Intel 8 Series PCIE&quot; rev 0xe4: msi
pci2 at ppb1 bus 3
iwm0 at pci2 dev 0 function 0 &quot;Intel Dual Band Wireless AC 7260&quot; rev 0x83, msi
ehci0 at pci0 dev 29 function 0 &quot;Intel 8 Series USB&quot; rev 0x04: apic 2 int 23
usb1 at ehci0: USB revision 2.0
uhub1 at usb1 configuration 1 interface 0 &quot;Intel EHCI root hub&quot; rev 2.00/1.00 addr 1
pcib0 at pci0 dev 31 function 0 &quot;Intel 8 Series LPC&quot; rev 0x04
ahci0 at pci0 dev 31 function 2 &quot;Intel 8 Series AHCI&quot; rev 0x04: msi, AHCI 1.3
ahci0: port 0: 6.0Gb/s
scsibus1 at ahci0: 32 targets
sd0 at scsibus1 targ 0 lun 0: &lt;ATA, SAMSUNG MZ7TD256, DXT0&gt; naa.5002538500000000
sd0: 244198MB, 512 bytes/sector, 500118192 sectors, thin
ichiic0 at pci0 dev 31 function 3 &quot;Intel 8 Series SMBus&quot; rev 0x04: apic 2 int 18
iic0 at ichiic0
spdmem0 at iic0 addr 0x50: 8GB DDR3 SDRAM PC3-12800 SO-DIMM
isa0 at pcib0
isadma0 at isa0
pckbc0 at isa0 port 0x60/5 irq 1 irq 12
pckbd0 at pckbc0 (kbd slot)
wskbd0 at pckbd0: console keyboard
pms0 at pckbc0 (aux slot)
wsmouse0 at pms0 mux 0
wsmouse1 at pms0 mux 0
pms0: Synaptics clickpad, firmware 8.1, 0x1e2b1 0x940300 0x296c40 0xd002a3 0x127c00
pcppi0 at isa0 port 0x61
spkr0 at pcppi0
vmm0 at mainbus0: VMX/EPT
efifb at mainbus0 not configured
ugen0 at uhub0 port 6 &quot;Validity Sensors VFS5011 Fingerprint Reader&quot; rev 1.10/0.78 addr 2
ugen1 at uhub0 port 7 &quot;Intel product 0x07dc&quot; rev 2.00/0.01 addr 3
uvideo0 at uhub0 port 8 configuration 1 interface 0 &quot;SunplusIT INC. Integrated Camera&quot; rev 2.00/26.03 addr 4
video0 at uvideo0
uhub2 at uhub1 port 1 configuration 1 interface 0 &quot;Intel Rate Matching Hub&quot; rev 2.00/0.04 addr 2
vscsi0 at root
scsibus2 at vscsi0: 256 targets
softraid0 at root
scsibus3 at softraid0: 256 targets
root on sd0a (a76af46a9a12de28.a) swap on sd0b dump on sd0b
inteldrm0: 1920x1080, 32bpp
wsdisplay0 at inteldrm0 mux 1: console (std, vt100 emulation), using wskbd0
wsdisplay0: screen 1-5 added (std, vt100 emulation)
iwm0: hw rev 0x140, fw ver 17.3216344376.0, address xx:xx:xx:xx:xx:xx

</pre>



</div><!-- content -->
<br />
<div id="footer">
All comments/news/posts are the property of their individual owner and
is presented without warranty of suitability, and solely as an
informational resource. <br />
This site Copyright &copy; 2004-2020 NYC*BUG.
</div><!-- footer -->

</body>
</html>

