



<!doctype html>
<html lang="en">
<head>
<meta name="keywords"
	content="bsd, freebsd, openbsd, netbsd, dragonflybsd, nycbug, dmesgd" />
<meta name="description" content="New York City BSD User Group dmesgd" />
<meta charset="utf-8" />
<meta name="viewport" content="width=device-width, initial-scale=1" />
<title>NYC*BUG dmesgd</title>
<style>
body {
	text-align: left;
	margin: 15px auto;
	padding: 0px 10px;
}
@media (min-width: 800px) {
	body {
		max-width: 85%;
	}
}
#header {
	border-bottom: 1px solid #dbdbdb;
	font-size: 230%;
	text-align: left;
}
#footer {
	border-top: 1px solid #dbdbdb;
	clear: both;
	text-align: left;
}
.logo_bug {
	color: #cc0033;
}
#menu ul {
	list-style-type: none;
	margin: 0;
	padding: 0;
}
#menu li {
	float: left;
}
#menu li a {
	display: block;
	background-color: #dbdbdb;
	color: #000000;
	font-size: 105%;
	font-weight: bold;
	padding: 0px 6px 0px 6px;
	text-decoration: none;
}
#content {
	clear: both;
	text-align: left;
	padding-top: 10px;
}
#content h1 {
	font-size: 120%;
	font-weight: bold;
}
#content h2 {
	font-size: 110%;
	font-weight: bold;
}
#content a {
	text-decoration: none;
}
#content pre {
	background-color: #dbdbdb;
	padding: 5px 5px 5px 5px;
	white-space: pre-wrap;		/* css-3 */
	white-space: -moz-pre-wrap;	/* Mozilla, since 1999 */
	white-space: -pre-wrap;		/* Opera 4-6 */
	white-space: -o-pre-wrap;	/* Opera 7 */
	word-wrap: break-word;		/* Internet Explorer 5.5+ */
}
#content table {
	border-collapse: collapse;
}
#content table th {
	border: 1px solid #dbdbdb;
	font-size: 85%;
	white-space: nowrap;
}
#content table td {
	border: 1px solid #dbdbdb;
	font-size: 80%;
}
#content input {
	font-size: 1em;
}
#content .full	{ width: 100%; }
#content .left	{ text-align: left; }
#content .right	{ text-align: right; }
#content .center { text-align: center; }
#content .flexbox {
	display: -ms-flex;
	display: -webkit-flex;
	display: flex;
	width: 100%;
}
#content .left_col {
	min-width: 75px;
	max-width: 50%;
	flex-grow: 0;
}
#content .right_col {
	flex-grow: 1;
	margin-left: 10px;
	padding-top: 10px;
	padding-left: 10px;
}
#col {
	-moz-column-count: 3;
	-webkit-column-count: 3;
	column-count: 3;
}
</style>
</head>
<body>

<div id="header">
<strong><em>NYC*</em><span class="logo_bug">BUG</span> dmesgd</strong>
</div><!-- header -->

<div id="menu">
<ul>
<li><a href="https://dmesgd.nycbug.org/index.cgi?do=index">Home</a></li>
<li><a href="https://dmesgd.nycbug.org/index.cgi?do=submit">Submit</a></li>
<li><a href="https://www.nycbug.org/">NYC*BUG</a></li>
</ul>
</div><!-- menu -->

<div id="content">

<p>
Launched in 2004, dmesgd aims to provide a
<strong>user-submitted</strong> repository of searchable *BSD dmesgs.
The dmesg(8) command displays the system message buffer's content, and
during boot a copy is saved to <em>/var/run/dmesg.boot</em>.  This buffer
contains the operating system release, name and version, a list of
devices identified, plus a whole host of other useful information.  We
hope others find this resource useful and further contribute to its
growth. Contact us at [ admin at lists dot nycbug dot org ].
</p>

<hr />


<strong>Date:</strong> <em>2020-05-25 21:49:45</em><br />
<strong>From:</strong> <em>yuit</em><br />
<strong>Description:</strong> <em>OpenBSD 6.7 on Supermicro A2SAV</em><br />

<pre>
OpenBSD 6.7 (GENERIC.MP) #1: Sat May 16 16:33:02 MDT 2020
    xxx@xxx.xxx:/usr/src/sys/arch/amd64/compile/GENERIC.MP
real mem = 8386068480 (7997MB)
avail mem = 8119287808 (7743MB)
mpath0 at root
scsibus0 at mpath0: 256 targets
mainbus0 at root
bios0 at mainbus0: SMBIOS rev. 3.0 @ 0x79ec6000 (23 entries)
bios0: vendor American Megatrends Inc. version &quot;1.2c&quot; date 07/16/2019
bios0: Supermicro Super Server
acpi0 at bios0: ACPI 6.0
acpi0: sleep states S0 S3 S5
acpi0: tables DSDT FACP FPDT FIDT MCFG PSDS DBG2 DBGP HPET LPIT APIC NPKT PRAM SSDT SSDT SSDT SSDT SSDT SSDT SSDT UEFI WDAT
acpi0: wakeup devices PWRB(S4) HDAS(S3) XHC_(S4) XDCI(S4) BRCM(S0) RP01(S3) PXSX(S4) RP02(S3) PXSX(S4) RP03(S3) PXSX(S4) RP04(S3) PXSX(S4) RP05(S3) PXSX(S4) RP06(S3) [...]
acpitimer0 at acpi0: 3579545 Hz, 32 bits
acpimcfg0 at acpi0
acpimcfg0: addr 0xe0000000, bus 0-255
acpihpet0 at acpi0: 19200000 Hz
acpimadt0 at acpi0 addr 0xfee00000: PC-AT compat
cpu0 at mainbus0: apid 0 (boot processor)
cpu0: Intel(R) Atom(TM) Processor E3940 @ 1.60GHz, 1597.00 MHz, 06-5c-09
cpu0: FPU,VME,DE,PSE,TSC,MSR,PAE,MCE,CX8,APIC,SEP,MTRR,PGE,MCA,CMOV,PAT,PSE36,CFLUSH,DS,ACPI,MMX,FXSR,SSE,SSE2,SS,HTT,TM,PBE,SSE3,PCLMUL,DTES64,DS-CPL,VMX,EST,TM2,SSSE3,SDBG,CX16,xTPR,PDCM,SSE4.1,SSE4.2,x2APIC,MOVBE,POPCNT,DEADLINE,AES,XSAVE,RDRAND,NXE,PAGE1GB,RDTSCP,LONG,LAHF,3DNOWP,PERF,ITSC,FSGSBASE,TSC_ADJUST,SMEP,ERMS,MPX,RDSEED,SMAP,CLFLUSHOPT,PT,SHA,MD_CLEAR,IBRS,IBPB,STIBP,SENSOR,ARAT,XSAVEOPT,XSAVEC,XGETBV1,XSAVES
cpu0: 1MB 64b/line 16-way L2 cache
cpu0: smt 0, core 0, package 0
mtrr: Pentium Pro MTRR support, 10 var ranges, 88 fixed ranges
cpu0: apic clock running at 19MHz
cpu1 at mainbus0: apid 2 (application processor)
cpu1: Intel(R) Atom(TM) Processor E3940 @ 1.60GHz, 1596.33 MHz, 06-5c-09
cpu1: FPU,VME,DE,PSE,TSC,MSR,PAE,MCE,CX8,APIC,SEP,MTRR,PGE,MCA,CMOV,PAT,PSE36,CFLUSH,DS,ACPI,MMX,FXSR,SSE,SSE2,SS,HTT,TM,PBE,SSE3,PCLMUL,DTES64,DS-CPL,VMX,EST,TM2,SSSE3,SDBG,CX16,xTPR,PDCM,SSE4.1,SSE4.2,x2APIC,MOVBE,POPCNT,DEADLINE,AES,XSAVE,RDRAND,NXE,PAGE1GB,RDTSCP,LONG,LAHF,3DNOWP,PERF,ITSC,FSGSBASE,TSC_ADJUST,SMEP,ERMS,MPX,RDSEED,SMAP,CLFLUSHOPT,PT,SHA,MD_CLEAR,IBRS,IBPB,STIBP,SENSOR,ARAT,XSAVEOPT,XSAVEC,XGETBV1,XSAVES
cpu1: 1MB 64b/line 16-way L2 cache
cpu1: smt 0, core 1, package 0
cpu2 at mainbus0: apid 4 (application processor)
cpu2: Intel(R) Atom(TM) Processor E3940 @ 1.60GHz, 1596.33 MHz, 06-5c-09
cpu2: FPU,VME,DE,PSE,TSC,MSR,PAE,MCE,CX8,APIC,SEP,MTRR,PGE,MCA,CMOV,PAT,PSE36,CFLUSH,DS,ACPI,MMX,FXSR,SSE,SSE2,SS,HTT,TM,PBE,SSE3,PCLMUL,DTES64,DS-CPL,VMX,EST,TM2,SSSE3,SDBG,CX16,xTPR,PDCM,SSE4.1,SSE4.2,x2APIC,MOVBE,POPCNT,DEADLINE,AES,XSAVE,RDRAND,NXE,PAGE1GB,RDTSCP,LONG,LAHF,3DNOWP,PERF,ITSC,FSGSBASE,TSC_ADJUST,SMEP,ERMS,MPX,RDSEED,SMAP,CLFLUSHOPT,PT,SHA,MD_CLEAR,IBRS,IBPB,STIBP,SENSOR,ARAT,XSAVEOPT,XSAVEC,XGETBV1,XSAVES
cpu2: 1MB 64b/line 16-way L2 cache
cpu2: smt 0, core 2, package 0
cpu3 at mainbus0: apid 6 (application processor)
cpu3: Intel(R) Atom(TM) Processor E3940 @ 1.60GHz, 1596.33 MHz, 06-5c-09
cpu3: FPU,VME,DE,PSE,TSC,MSR,PAE,MCE,CX8,APIC,SEP,MTRR,PGE,MCA,CMOV,PAT,PSE36,CFLUSH,DS,ACPI,MMX,FXSR,SSE,SSE2,SS,HTT,TM,PBE,SSE3,PCLMUL,DTES64,DS-CPL,VMX,EST,TM2,SSSE3,SDBG,CX16,xTPR,PDCM,SSE4.1,SSE4.2,x2APIC,MOVBE,POPCNT,DEADLINE,AES,XSAVE,RDRAND,NXE,PAGE1GB,RDTSCP,LONG,LAHF,3DNOWP,PERF,ITSC,FSGSBASE,TSC_ADJUST,SMEP,ERMS,MPX,RDSEED,SMAP,CLFLUSHOPT,PT,SHA,MD_CLEAR,IBRS,IBPB,STIBP,SENSOR,ARAT,XSAVEOPT,XSAVEC,XGETBV1,XSAVES
cpu3: 1MB 64b/line 16-way L2 cache
cpu3: smt 0, core 3, package 0
ioapic0 at mainbus0: apid 1 pa 0xfec00000, version 20, 120 pins
acpiprt0 at acpi0: bus 0 (PCI0)
acpiprt1 at acpi0: bus 9 (RP01)
acpiprt2 at acpi0: bus 1 (RP03)
acpiprt3 at acpi0: bus 2 (RP05)
acpiprt4 at acpi0: bus 3 (RP06)
acpiprt5 at acpi0: bus 4 (BR34)
acpiprt6 at acpi0: bus 5 (BR35)
acpiprt7 at acpi0: bus 6 (BR36)
acpiprt8 at acpi0: bus 6 (BR37)
acpiec0 at acpi0: not present
acpicpu0 at acpi0: C3(10@150 io@0x419), C2(10@50 io@0x415), C1(1000@1 halt), PSS
acpicpu1 at acpi0: C3(10@150 io@0x419), C2(10@50 io@0x415), C1(1000@1 halt), PSS
acpicpu2 at acpi0: C3(10@150 io@0x419), C2(10@50 io@0x415), C1(1000@1 halt), PSS
acpicpu3 at acpi0: C3(10@150 io@0x419), C2(10@50 io@0x415), C1(1000@1 halt), PSS
acpipwrres0 at acpi0: FN00, resource for FAN0
acpitz0 at acpi0: critical temperature is 125 degC
acpipci0 at acpi0 PCI0: 0x00000000 0x00000011 0x00000001
acpibtn0 at acpi0: PWRB
&quot;INT3511&quot; at acpi0 not configured
&quot;INT3512&quot; at acpi0 not configured
acpicmos0 at acpi0
aplgpio0 at acpi0: GPO0 uid 1 addr 0xd0c50000/0x76c irq 14, 78 pins
aplgpio1 at acpi0: GPO1 uid 2 addr 0xd0c40000/0x764 irq 14, 77 pins
aplgpio2 at acpi0: GPO2 uid 3 addr 0xd0c70000/0x674 irq 14, 47 pins
aplgpio3 at acpi0: GPO3 uid 4 addr 0xd0c00000/0x654 irq 14, 43 pins
&quot;INT33A1&quot; at acpi0 not configured
&quot;PNP0C0B&quot; at acpi0 not configured
acpivideo0 at acpi0: GFX0
acpivout0 at acpivideo0: DD1F
cpu0: Enhanced SpeedStep 1597 MHz: speeds: 1601, 1600, 1500, 1400, 1300, 1200, 1100, 1000, 900, 800 MHz
pci0 at mainbus0 bus 0
pchb0 at pci0 dev 0 function 0 &quot;Intel Apollo Lake Host&quot; rev 0x0b
inteldrm0 at pci0 dev 2 function 0 &quot;Intel HD Graphics 500&quot; rev 0x0b
drm0 at inteldrm0
inteldrm0: msi, BROXTON, gen 9
azalia0 at pci0 dev 14 function 0 &quot;Intel Apollo Lake HD Audio&quot; rev 0x0b: msi
azalia0: codecs: Realtek ALC888, Intel/0x280a, using Realtek ALC888
audio0 at azalia0
&quot;Intel Apollo Lake TXE&quot; rev 0x0b at pci0 dev 15 function 0 not configured
ahci0 at pci0 dev 18 function 0 &quot;Intel Apollo Lake AHCI&quot; rev 0x0b: msi, AHCI 1.3.1
ahci0: port 0: 6.0Gb/s
scsibus1 at ahci0: 32 targets
sd0 at scsibus1 targ 0 lun 0: &lt;ATA, ST5000LM000-2AN1, 0001&gt; naa.5000c500c0ad8a9a
sd0: 4769307MB, 512 bytes/sector, 9767541168 sectors
ppb0 at pci0 dev 19 function 0 &quot;Intel Apollo Lake PCIE&quot; rev 0xfb: msi
pci1 at ppb0 bus 1
nvme0 at pci1 dev 0 function 0 &quot;ADATA Technology SX8200 Pro&quot; rev 0x03: msix, NVMe 1.3
nvme0: ADATA SX8200PNP, firmware SS0328D, serial 2J3220086150
scsibus2 at nvme0: 2 targets, initiator 0
sd1 at scsibus2 targ 1 lun 0: &lt;NVMe, ADATA SX8200PNP, SS03&gt;
sd1: 244198MB, 512 bytes/sector, 500118192 sectors
ppb1 at pci0 dev 19 function 2 &quot;Intel Apollo Lake PCIE&quot; rev 0xfb: msi
pci2 at ppb1 bus 2
em0 at pci2 dev 0 function 0 &quot;Intel I210&quot; rev 0x03: msi, address xx:xx:xx:xx:xx:xx
ppb2 at pci0 dev 19 function 3 &quot;Intel Apollo Lake PCIE&quot; rev 0xfb: msi
pci3 at ppb2 bus 3
ppb3 at pci3 dev 0 function 0 &quot;Pericom PI7C9X2G608GP PCIE&quot; rev 0x00
pci4 at ppb3 bus 4
ppb4 at pci4 dev 1 function 0 &quot;Pericom PI7C9X2G608GP PCIE&quot; rev 0x00: msi
pci5 at ppb4 bus 5
em1 at pci5 dev 0 function 0 &quot;Intel I210&quot; rev 0x03: msi, address xx:xx:xx:xx:xx:xx
ppb5 at pci4 dev 2 function 0 &quot;Pericom PI7C9X2G608GP PCIE&quot; rev 0x00: msi
pci6 at ppb5 bus 6
ahci1 at pci6 dev 0 function 0 &quot;Marvell 88SE9230 AHCI&quot; rev 0x11: msi, AHCI 1.2
ahci1: port 7: 1.5Gb/s
scsibus3 at ahci1: 32 targets
uk0 at scsibus3 targ 7 lun 0: &lt;Marvell, Console, 1.01&gt; removable
ppb6 at pci4 dev 3 function 0 &quot;Pericom PI7C9X2G608GP PCIE&quot; rev 0x00: msi
pci7 at ppb6 bus 7
ppb7 at pci4 dev 4 function 0 &quot;Pericom PI7C9X2G608GP PCIE&quot; rev 0x00: msi
pci8 at ppb7 bus 8
ppb8 at pci0 dev 20 function 0 &quot;Intel Apollo Lake PCIE&quot; rev 0xfb: msi
pci9 at ppb8 bus 9
xhci0 at pci0 dev 21 function 0 &quot;Intel Apollo Lake xHCI&quot; rev 0x0b: msi, xHCI 1.0
usb0 at xhci0: USB revision 3.0
uhub0 at usb0 configuration 1 interface 0 &quot;Intel xHCI root hub&quot; rev 3.00/1.00 addr 1
&quot;Intel Apollo Lake SPI&quot; rev 0x0b at pci0 dev 25 function 0 not configured
&quot;Intel Apollo Lake SPI&quot; rev 0x0b at pci0 dev 25 function 1 not configured
&quot;Intel Apollo Lake SPI&quot; rev 0x0b at pci0 dev 25 function 2 not configured
pcib0 at pci0 dev 31 function 0 &quot;Intel Apollo Lake LPC&quot; rev 0x0b
ichiic0 at pci0 dev 31 function 1 &quot;Intel Apollo Lake SMBus&quot; rev 0x0b: apic 1 int 20
iic0 at ichiic0
spdmem0 at iic0 addr 0x50: 8GB DDR3 SDRAM PC3-14200 SO-DIMM
isa0 at pcib0
isadma0 at isa0
com0 at isa0 port 0x3f8/8 irq 4: ns16550a, 16 byte fifo
com1 at isa0 port 0x2f8/8 irq 3: ns16550a, 16 byte fifo
com2 at isa0 port 0x3e8/8 irq 5: ns16550a, 16 byte fifo
pcppi0 at isa0 port 0x61
spkr0 at pcppi0
wbsio0 at isa0 port 0x4e/2: NCT5104D rev 0x53
wbsio0 port 0xa20/2 not configured
vmm0 at mainbus0: VMX/EPT
efifb at mainbus0 not configured
uhub1 at uhub0 port 7 configuration 1 interface 0 &quot;Genesys Logic USB2.0 Hub&quot; rev 2.00/32.98 addr 2
vscsi0 at root
scsibus4 at vscsi0: 256 targets
softraid0 at root
scsibus5 at softraid0: 256 targets
root on sd1a (6387764933769f39.a) swap on sd1b dump on sd1b
inteldrm0: 1024x768, 32bpp
wsdisplay0 at inteldrm0 mux 1: console (std, vt100 emulation)
wsdisplay0: screen 1-5 added (std, vt100 emulation)
</pre>



</div><!-- content -->
<br />
<div id="footer">
All comments/news/posts are the property of their individual owner and
is presented without warranty of suitability, and solely as an
informational resource. <br />
This site Copyright &copy; 2004-2020 NYC*BUG.
</div><!-- footer -->

</body>
</html>

