



<!doctype html>
<html lang="en">
<head>
<meta name="keywords"
	content="bsd, freebsd, openbsd, netbsd, dragonflybsd, nycbug, dmesgd" />
<meta name="description" content="New York City BSD User Group dmesgd" />
<meta charset="utf-8" />
<meta name="viewport" content="width=device-width, initial-scale=1" />
<title>NYC*BUG dmesgd</title>
<style>
body {
	text-align: left;
	margin: 15px auto;
	padding: 0px 10px;
}
@media (min-width: 800px) {
	body {
		max-width: 85%;
	}
}
#header {
	border-bottom: 1px solid #dbdbdb;
	font-size: 230%;
	text-align: left;
}
#footer {
	border-top: 1px solid #dbdbdb;
	clear: both;
	text-align: left;
}
.logo_bug {
	color: #cc0033;
}
#menu ul {
	list-style-type: none;
	margin: 0;
	padding: 0;
}
#menu li {
	float: left;
}
#menu li a {
	display: block;
	background-color: #dbdbdb;
	color: #000000;
	font-size: 105%;
	font-weight: bold;
	padding: 0px 6px 0px 6px;
	text-decoration: none;
}
#content {
	clear: both;
	text-align: left;
	padding-top: 10px;
}
#content h1 {
	font-size: 120%;
	font-weight: bold;
}
#content h2 {
	font-size: 110%;
	font-weight: bold;
}
#content a {
	text-decoration: none;
}
#content pre {
	background-color: #dbdbdb;
	padding: 5px 5px 5px 5px;
	white-space: pre-wrap;		/* css-3 */
	white-space: -moz-pre-wrap;	/* Mozilla, since 1999 */
	white-space: -pre-wrap;		/* Opera 4-6 */
	white-space: -o-pre-wrap;	/* Opera 7 */
	word-wrap: break-word;		/* Internet Explorer 5.5+ */
}
#content table {
	border-collapse: collapse;
}
#content table th {
	border: 1px solid #dbdbdb;
	font-size: 85%;
	white-space: nowrap;
}
#content table td {
	border: 1px solid #dbdbdb;
	font-size: 80%;
}
#content input {
	font-size: 1em;
}
#content .full	{ width: 100%; }
#content .left	{ text-align: left; }
#content .right	{ text-align: right; }
#content .center { text-align: center; }
#content .flexbox {
	display: -ms-flex;
	display: -webkit-flex;
	display: flex;
	width: 100%;
}
#content .left_col {
	min-width: 75px;
	max-width: 50%;
	flex-grow: 0;
}
#content .right_col {
	flex-grow: 1;
	margin-left: 10px;
	padding-top: 10px;
	padding-left: 10px;
}
#col {
	-moz-column-count: 3;
	-webkit-column-count: 3;
	column-count: 3;
}
</style>
</head>
<body>

<div id="header">
<strong><em>NYC*</em><span class="logo_bug">BUG</span> dmesgd</strong>
</div><!-- header -->

<div id="menu">
<ul>
<li><a href="https://dmesgd.nycbug.org/index.cgi?do=index">Home</a></li>
<li><a href="https://dmesgd.nycbug.org/index.cgi?do=submit">Submit</a></li>
<li><a href="https://www.nycbug.org/">NYC*BUG</a></li>
</ul>
</div><!-- menu -->

<div id="content">

<p>
Launched in 2004, dmesgd aims to provide a
<strong>user-submitted</strong> repository of searchable *BSD dmesgs.
The dmesg(8) command displays the system message buffer's content, and
during boot a copy is saved to <em>/var/run/dmesg.boot</em>.  This buffer
contains the operating system release, name and version, a list of
devices identified, plus a whole host of other useful information.  We
hope others find this resource useful and further contribute to its
growth. Contact us at [ admin at lists dot nycbug dot org ].
</p>

<hr />


<strong>Date:</strong> <em>2020-06-24 20:52:41</em><br />
<strong>From:</strong> <em>zk</em><br />
<strong>Description:</strong> <em>DP965LT</em><br />

<pre>
OpenBSD 6.7 (GENERIC.MP) #2: Thu Jun  4 09:55:08 MDT 2020
    xxx@xxx.xxx:/usr/src/sys/arch/amd64/compile/GENERIC.MP
real mem = 1046011904 (997MB)
avail mem = 1001742336 (955MB)
mpath0 at root
scsibus0 at mpath0: 256 targets
mainbus0 at root
bios0 at mainbus0: SMBIOS rev. 2.4 @ 0xe33e0 (33 entries)
bios0: vendor Intel Corp. version &quot;MQ96510J.86A.1761.2009.0326.0001&quot; date 03/26/2009
bios0: Intel Corporation DP965LT
acpi0 at bios0: ACPI 1.0
acpi0: sleep states S0 S3 S4 S5
acpi0: tables DSDT FACP APIC WDDT MCFG ASF! HPET SSDT SSDT SSDT SSDT SSDT
acpi0: wakeup devices SLPB(S4) P32_(S4) ILAN(S4) PEGP(S4) PEX0(S4) PEX1(S4) PEX2(S4) PEX3(S4) PEX4(S4) PEX5(S4) UHC1(S3) UHC2(S3) UHC3(S3) UHC4(S3) EHCI(S3) EHC2(S3) [...]
acpitimer0 at acpi0: 3579545 Hz, 24 bits
acpimadt0 at acpi0 addr 0xfee00000: PC-AT compat
cpu0 at mainbus0: apid 0 (boot processor)
cpu0: Intel(R) Pentium(R) Dual CPU E2140 @ 1.60GHz, 1598.61 MHz, 06-0f-0d
cpu0: FPU,VME,DE,PSE,TSC,MSR,PAE,MCE,CX8,APIC,SEP,MTRR,PGE,MCA,CMOV,PAT,PSE36,CFLUSH,DS,ACPI,MMX,FXSR,SSE,SSE2,SS,HTT,TM,PBE,SSE3,DTES64,MWAIT,DS-CPL,EST,TM2,SSSE3,CX16,xTPR,PDCM,NXE,LONG,LAHF,PERF,SENSOR,MELTDOWN
cpu0: 1MB 64b/line 4-way L2 cache
cpu0: smt 0, core 0, package 0
mtrr: Pentium Pro MTRR support, 8 var ranges, 88 fixed ranges
cpu0: apic clock running at 199MHz
cpu0: mwait min=64, max=64, C-substates=0.2.2, IBE
cpu1 at mainbus0: apid 1 (application processor)
cpu1: Intel(R) Pentium(R) Dual CPU E2140 @ 1.60GHz, 1598.41 MHz, 06-0f-0d
cpu1: FPU,VME,DE,PSE,TSC,MSR,PAE,MCE,CX8,APIC,SEP,MTRR,PGE,MCA,CMOV,PAT,PSE36,CFLUSH,DS,ACPI,MMX,FXSR,SSE,SSE2,SS,HTT,TM,PBE,SSE3,DTES64,MWAIT,DS-CPL,EST,TM2,SSSE3,CX16,xTPR,PDCM,NXE,LONG,LAHF,PERF,SENSOR,MELTDOWN
cpu1: 1MB 64b/line 4-way L2 cache
cpu1: smt 0, core 1, package 0
ioapic0 at mainbus0: apid 2 pa 0xfec00000, version 20, 24 pins, remapped
acpimcfg0 at acpi0
acpimcfg0: addr 0xf0000000, bus 0-127
acpihpet0 at acpi0: 14318179 Hz
acpiprt0 at acpi0: bus 0 (PCI0)
acpiprt1 at acpi0: bus 7 (P32_)
acpiprt2 at acpi0: bus 2 (PEX0)
acpiprt3 at acpi0: bus 3 (PEX1)
acpiprt4 at acpi0: bus 4 (PEX2)
acpiprt5 at acpi0: bus 5 (PEX3)
acpiprt6 at acpi0: bus 6 (PEX4)
acpiprt7 at acpi0: bus -1 (PEX5)
acpicpu0 at acpi0: C1(@1 halt!), PSS
acpicpu1 at acpi0: C1(@1 halt!), PSS
acpibtn0 at acpi0: SLPB
acpipci0 at acpi0 PCI0: _OSC failed
acpicmos0 at acpi0
&quot;PNP0003&quot; at acpi0 not configured
cpu0: Enhanced SpeedStep 1598 MHz: speeds: 1600, 1200 MHz
pci0 at mainbus0 bus 0
pchb0 at pci0 dev 0 function 0 &quot;Intel 82G965 Host&quot; rev 0x02
ppb0 at pci0 dev 1 function 0 &quot;Intel 82G965 PCIE&quot; rev 0x02: msi
pci1 at ppb0 bus 1
1:0:0: rom address conflict 0xfffe0000/0x20000
vga1 at pci1 dev 0 function 0 &quot;NVIDIA GeForce 7200 GS&quot; rev 0xa1
wsdisplay0 at vga1 mux 1: console (80x25, vt100 emulation)
wsdisplay0: screen 1-5 added (80x25, vt100 emulation)
&quot;Intel 82G965 HECI&quot; rev 0x02 at pci0 dev 3 function 0 not configured
em0 at pci0 dev 25 function 0 &quot;Intel ICH8 IGP C&quot; rev 0x02: msi, address xx:xx:xx:xx:xx:xx
uhci0 at pci0 dev 26 function 0 &quot;Intel 82801H USB&quot; rev 0x02: apic 2 int 16
uhci1 at pci0 dev 26 function 1 &quot;Intel 82801H USB&quot; rev 0x02: apic 2 int 21
ehci0 at pci0 dev 26 function 7 &quot;Intel 82801H USB&quot; rev 0x02: apic 2 int 18
usb0 at ehci0: USB revision 2.0
uhub0 at usb0 configuration 1 interface 0 &quot;Intel EHCI root hub&quot; rev 2.00/1.00 addr 1
ppb1 at pci0 dev 28 function 0 &quot;Intel 82801H PCIE&quot; rev 0x02: msi
pci2 at ppb1 bus 2
ppb2 at pci0 dev 28 function 1 &quot;Intel 82801H PCIE&quot; rev 0x02: msi
pci3 at ppb2 bus 3
pciide0 at pci3 dev 0 function 0 &quot;Marvell 88SE6101 IDE&quot; rev 0xb1: DMA (unsupported), channel 0 configured to native-PCI, channel 1 configured to native-PCI
pciide0: using apic 2 int 17 for native-PCI interrupt
wd0 at pciide0 channel 0 drive 0: &lt;WDC WD800BEVE-00UYT0&gt;
wd0: 16-sector PIO, LBA48, 76319MB, 156301488 sectors
pciide0: channel 1 ignored (not responding; disabled or no drives?)
ppb3 at pci0 dev 28 function 2 &quot;Intel 82801H PCIE&quot; rev 0x02: msi
pci4 at ppb3 bus 4
ppb4 at pci0 dev 28 function 3 &quot;Intel 82801H PCIE&quot; rev 0x02: msi
pci5 at ppb4 bus 5
ppb5 at pci0 dev 28 function 4 &quot;Intel 82801H PCIE&quot; rev 0x02: msi
pci6 at ppb5 bus 6
em1 at pci6 dev 0 function 0 &quot;Intel 82572EI&quot; rev 0x06: apic 2 int 16, address xx:xx:xx:xx:xx:xx
uhci2 at pci0 dev 29 function 0 &quot;Intel 82801H USB&quot; rev 0x02: apic 2 int 23
uhci3 at pci0 dev 29 function 1 &quot;Intel 82801H USB&quot; rev 0x02: apic 2 int 19
uhci4 at pci0 dev 29 function 2 &quot;Intel 82801H USB&quot; rev 0x02: apic 2 int 18
ehci1 at pci0 dev 29 function 7 &quot;Intel 82801H USB&quot; rev 0x02: apic 2 int 23
usb1 at ehci1: USB revision 2.0
uhub1 at usb1 configuration 1 interface 0 &quot;Intel EHCI root hub&quot; rev 2.00/1.00 addr 1
ppb6 at pci0 dev 30 function 0 &quot;Intel 82801BA Hub-to-PCI&quot; rev 0xf2
pci7 at ppb6 bus 7
pcib0 at pci0 dev 31 function 0 &quot;Intel 82801H LPC&quot; rev 0x02
ahci0 at pci0 dev 31 function 2 &quot;Intel 82801H AHCI&quot; rev 0x02: msi, AHCI 1.1
scsibus1 at ahci0: 32 targets
ichiic0 at pci0 dev 31 function 3 &quot;Intel 82801H SMBus&quot; rev 0x02: apic 2 int 21
iic0 at ichiic0
spdmem0 at iic0 addr 0x50: 1GB DDR2 SDRAM non-parity PC2-6400CL6
usb2 at uhci0: USB revision 1.0
uhub2 at usb2 configuration 1 interface 0 &quot;Intel UHCI root hub&quot; rev 1.00/1.00 addr 1
usb3 at uhci1: USB revision 1.0
uhub3 at usb3 configuration 1 interface 0 &quot;Intel UHCI root hub&quot; rev 1.00/1.00 addr 1
usb4 at uhci2: USB revision 1.0
uhub4 at usb4 configuration 1 interface 0 &quot;Intel UHCI root hub&quot; rev 1.00/1.00 addr 1
usb5 at uhci3: USB revision 1.0
uhub5 at usb5 configuration 1 interface 0 &quot;Intel UHCI root hub&quot; rev 1.00/1.00 addr 1
usb6 at uhci4: USB revision 1.0
uhub6 at usb6 configuration 1 interface 0 &quot;Intel UHCI root hub&quot; rev 1.00/1.00 addr 1
isa0 at pcib0
isadma0 at isa0
pckbc0 at isa0 port 0x60/5 irq 1 irq 12
pckbd0 at pckbc0 (kbd slot)
wskbd0 at pckbd0: console keyboard, using wsdisplay0
pcppi0 at isa0 port 0x61
spkr0 at pcppi0
vscsi0 at root
scsibus2 at vscsi0: 256 targets
softraid0 at root
scsibus3 at softraid0: 256 targets
sd0 at scsibus3 targ 1 lun 0: &lt;OPENBSD, SR CRYPTO, 006&gt;
sd0: 76316MB, 512 bytes/sector, 156295793 sectors
root on sd0a (b7a38a860e502993.a) swap on sd0b dump on sd0b
</pre>



</div><!-- content -->
<br />
<div id="footer">
All comments/news/posts are the property of their individual owner and
is presented without warranty of suitability, and solely as an
informational resource. <br />
This site Copyright &copy; 2004-2020 NYC*BUG.
</div><!-- footer -->

</body>
</html>

