



<!doctype html>
<html lang="en">
<head>
<meta name="keywords"
	content="bsd, freebsd, openbsd, netbsd, dragonflybsd, nycbug, dmesgd" />
<meta name="description" content="New York City BSD User Group dmesgd" />
<meta charset="utf-8" />
<meta name="viewport" content="width=device-width, initial-scale=1" />
<title>NYC*BUG dmesgd</title>
<style>
body {
	text-align: left;
	margin: 15px auto;
	padding: 0px 10px;
}
@media (min-width: 800px) {
	body {
		max-width: 85%;
	}
}
#header {
	border-bottom: 1px solid #dbdbdb;
	font-size: 230%;
	text-align: left;
}
#footer {
	border-top: 1px solid #dbdbdb;
	clear: both;
	text-align: left;
}
.logo_bug {
	color: #cc0033;
}
#menu ul {
	list-style-type: none;
	margin: 0;
	padding: 0;
}
#menu li {
	float: left;
}
#menu li a {
	display: block;
	background-color: #dbdbdb;
	color: #000000;
	font-size: 105%;
	font-weight: bold;
	padding: 0px 6px 0px 6px;
	text-decoration: none;
}
#content {
	clear: both;
	text-align: left;
	padding-top: 10px;
}
#content h1 {
	font-size: 120%;
	font-weight: bold;
}
#content h2 {
	font-size: 110%;
	font-weight: bold;
}
#content a {
	text-decoration: none;
}
#content pre {
	background-color: #dbdbdb;
	padding: 5px 5px 5px 5px;
	white-space: pre-wrap;		/* css-3 */
	white-space: -moz-pre-wrap;	/* Mozilla, since 1999 */
	white-space: -pre-wrap;		/* Opera 4-6 */
	white-space: -o-pre-wrap;	/* Opera 7 */
	word-wrap: break-word;		/* Internet Explorer 5.5+ */
}
#content table {
	border-collapse: collapse;
}
#content table th {
	border: 1px solid #dbdbdb;
	font-size: 85%;
	white-space: nowrap;
}
#content table td {
	border: 1px solid #dbdbdb;
	font-size: 80%;
}
#content input {
	font-size: 1em;
}
#content .full	{ width: 100%; }
#content .left	{ text-align: left; }
#content .right	{ text-align: right; }
#content .center { text-align: center; }
#content .flexbox {
	display: -ms-flex;
	display: -webkit-flex;
	display: flex;
	width: 100%;
}
#content .left_col {
	min-width: 75px;
	max-width: 50%;
	flex-grow: 0;
}
#content .right_col {
	flex-grow: 1;
	margin-left: 10px;
	padding-top: 10px;
	padding-left: 10px;
}
#col {
	-moz-column-count: 3;
	-webkit-column-count: 3;
	column-count: 3;
}
</style>
</head>
<body>

<div id="header">
<strong><em>NYC*</em><span class="logo_bug">BUG</span> dmesgd</strong>
</div><!-- header -->

<div id="menu">
<ul>
<li><a href="https://dmesgd.nycbug.org/index.cgi?do=index">Home</a></li>
<li><a href="https://dmesgd.nycbug.org/index.cgi?do=submit">Submit</a></li>
<li><a href="https://www.nycbug.org/">NYC*BUG</a></li>
</ul>
</div><!-- menu -->

<div id="content">

<p>
Launched in 2004, dmesgd aims to provide a
<strong>user-submitted</strong> repository of searchable *BSD dmesgs.
The dmesg(8) command displays the system message buffer's content, and
during boot a copy is saved to <em>/var/run/dmesg.boot</em>.  This buffer
contains the operating system release, name and version, a list of
devices identified, plus a whole host of other useful information.  We
hope others find this resource useful and further contribute to its
growth. Contact us at [ admin at lists dot nycbug dot org ].
</p>

<hr />


<strong>Date:</strong> <em>2020-07-11 06:31:17</em><br />
<strong>From:</strong> <em>Mischa</em><br />
<strong>Description:</strong> <em>OpenBSD 6.7 on Dell Inc. PowerEdge R620 (E5-2640)</em><br />

<pre>
OpenBSD 6.7 (GENERIC.MP) #1: Sat May 16 16:33:02 MDT 2020
    xxx@xxx.xxx:/usr/src/sys/arch/amd64/compile/GENERIC.MP
real mem = 137374924800 (131010MB)
avail mem = 133198917632 (127028MB)
mpath0 at root
scsibus0 at mpath0: 256 targets
mainbus0 at root
bios0 at mainbus0: SMBIOS rev. 2.7 @ 0xbf42c000 (99 entries)
bios0: vendor Dell Inc. version &quot;2.7.0&quot; date 05/23/2018
bios0: Dell Inc. PowerEdge R620
acpi0 at bios0: ACPI 3.0
acpi0: sleep states S0 S4 S5
acpi0: tables DSDT FACP APIC SPCR HPET DMAR MCFG WD__ SLIC ERST HEST BERT EINJ TCPA PC__ SRAT SSDT
acpi0: wakeup devices PCI0(S5) PCI1(S5)
acpitimer0 at acpi0: 3579545 Hz, 24 bits
acpimadt0 at acpi0 addr 0xfee00000: PC-AT compat
cpu0 at mainbus0: apid 0 (boot processor)
cpu0: Intel(R) Xeon(R) CPU E5-2640 0 @ 2.50GHz, 2800.44 MHz, 06-2d-07
cpu0: FPU,VME,DE,PSE,TSC,MSR,PAE,MCE,CX8,APIC,SEP,MTRR,PGE,MCA,CMOV,PAT,PSE36,CFLUSH,DS,ACPI,MMX,FXSR,SSE,SSE2,SS,HTT,TM,PBE,SSE3,PCLMUL,DTES64,MWAIT,DS-CPL,VMX,SMX,EST,TM2,SSSE3,CX16,xTPR,PDCM,PCID,DCA,SSE4.1,SSE4.2,x2APIC,POPCNT,DEADLINE,AES,XSAVE,AVX,NXE,PAGE1GB,RDTSCP,LONG,LAHF,PERF,ITSC,MD_CLEAR,IBRS,IBPB,STIBP,L1DF,SSBD,SENSOR,ARAT,XSAVEOPT,MELTDOWN
cpu0: 256KB 64b/line 8-way L2 cache
cpu0: smt 0, core 0, package 0
mtrr: Pentium Pro MTRR support, 10 var ranges, 88 fixed ranges
cpu0: apic clock running at 99MHz
cpu0: mwait min=64, max=64, C-substates=0.2.1.1.2, IBE
cpu1 at mainbus0: apid 32 (application processor)
cpu1: Intel(R) Xeon(R) CPU E5-2640 0 @ 2.50GHz, 1200.02 MHz, 06-2d-07
cpu1: FPU,VME,DE,PSE,TSC,MSR,PAE,MCE,CX8,APIC,SEP,MTRR,PGE,MCA,CMOV,PAT,PSE36,CFLUSH,DS,ACPI,MMX,FXSR,SSE,SSE2,SS,HTT,TM,PBE,SSE3,PCLMUL,DTES64,MWAIT,DS-CPL,VMX,SMX,EST,TM2,SSSE3,CX16,xTPR,PDCM,PCID,DCA,SSE4.1,SSE4.2,x2APIC,POPCNT,DEADLINE,AES,XSAVE,AVX,NXE,PAGE1GB,RDTSCP,LONG,LAHF,PERF,ITSC,MD_CLEAR,IBRS,IBPB,STIBP,L1DF,SSBD,SENSOR,ARAT,XSAVEOPT,MELTDOWN
cpu1: 256KB 64b/line 8-way L2 cache
cpu1: smt 0, core 0, package 1
cpu2 at mainbus0: apid 2 (application processor)
cpu2: Intel(R) Xeon(R) CPU E5-2640 0 @ 2.50GHz, 2800.01 MHz, 06-2d-07
cpu2: FPU,VME,DE,PSE,TSC,MSR,PAE,MCE,CX8,APIC,SEP,MTRR,PGE,MCA,CMOV,PAT,PSE36,CFLUSH,DS,ACPI,MMX,FXSR,SSE,SSE2,SS,HTT,TM,PBE,SSE3,PCLMUL,DTES64,MWAIT,DS-CPL,VMX,SMX,EST,TM2,SSSE3,CX16,xTPR,PDCM,PCID,DCA,SSE4.1,SSE4.2,x2APIC,POPCNT,DEADLINE,AES,XSAVE,AVX,NXE,PAGE1GB,RDTSCP,LONG,LAHF,PERF,ITSC,MD_CLEAR,IBRS,IBPB,STIBP,L1DF,SSBD,SENSOR,ARAT,XSAVEOPT,MELTDOWN
cpu2: 256KB 64b/line 8-way L2 cache
cpu2: smt 0, core 1, package 0
cpu3 at mainbus0: apid 34 (application processor)
cpu3: Intel(R) Xeon(R) CPU E5-2640 0 @ 2.50GHz, 2800.01 MHz, 06-2d-07
cpu3: FPU,VME,DE,PSE,TSC,MSR,PAE,MCE,CX8,APIC,SEP,MTRR,PGE,MCA,CMOV,PAT,PSE36,CFLUSH,DS,ACPI,MMX,FXSR,SSE,SSE2,SS,HTT,TM,PBE,SSE3,PCLMUL,DTES64,MWAIT,DS-CPL,VMX,SMX,EST,TM2,SSSE3,CX16,xTPR,PDCM,PCID,DCA,SSE4.1,SSE4.2,x2APIC,POPCNT,DEADLINE,AES,XSAVE,AVX,NXE,PAGE1GB,RDTSCP,LONG,LAHF,PERF,ITSC,MD_CLEAR,IBRS,IBPB,STIBP,L1DF,SSBD,SENSOR,ARAT,XSAVEOPT,MELTDOWN
cpu3: 256KB 64b/line 8-way L2 cache
cpu3: smt 0, core 1, package 1
cpu4 at mainbus0: apid 4 (application processor)
cpu4: Intel(R) Xeon(R) CPU E5-2640 0 @ 2.50GHz, 2800.01 MHz, 06-2d-07
cpu4: FPU,VME,DE,PSE,TSC,MSR,PAE,MCE,CX8,APIC,SEP,MTRR,PGE,MCA,CMOV,PAT,PSE36,CFLUSH,DS,ACPI,MMX,FXSR,SSE,SSE2,SS,HTT,TM,PBE,SSE3,PCLMUL,DTES64,MWAIT,DS-CPL,VMX,SMX,EST,TM2,SSSE3,CX16,xTPR,PDCM,PCID,DCA,SSE4.1,SSE4.2,x2APIC,POPCNT,DEADLINE,AES,XSAVE,AVX,NXE,PAGE1GB,RDTSCP,LONG,LAHF,PERF,ITSC,MD_CLEAR,IBRS,IBPB,STIBP,L1DF,SSBD,SENSOR,ARAT,XSAVEOPT,MELTDOWN
cpu4: 256KB 64b/line 8-way L2 cache
cpu4: smt 0, core 2, package 0
cpu5 at mainbus0: apid 36 (application processor)
cpu5: Intel(R) Xeon(R) CPU E5-2640 0 @ 2.50GHz, 2800.01 MHz, 06-2d-07
cpu5: FPU,VME,DE,PSE,TSC,MSR,PAE,MCE,CX8,APIC,SEP,MTRR,PGE,MCA,CMOV,PAT,PSE36,CFLUSH,DS,ACPI,MMX,FXSR,SSE,SSE2,SS,HTT,TM,PBE,SSE3,PCLMUL,DTES64,MWAIT,DS-CPL,VMX,SMX,EST,TM2,SSSE3,CX16,xTPR,PDCM,PCID,DCA,SSE4.1,SSE4.2,x2APIC,POPCNT,DEADLINE,AES,XSAVE,AVX,NXE,PAGE1GB,RDTSCP,LONG,LAHF,PERF,ITSC,MD_CLEAR,IBRS,IBPB,STIBP,L1DF,SSBD,SENSOR,ARAT,XSAVEOPT,MELTDOWN
cpu5: 256KB 64b/line 8-way L2 cache
cpu5: smt 0, core 2, package 1
cpu6 at mainbus0: apid 6 (application processor)
cpu6: Intel(R) Xeon(R) CPU E5-2640 0 @ 2.50GHz, 2800.01 MHz, 06-2d-07
cpu6: FPU,VME,DE,PSE,TSC,MSR,PAE,MCE,CX8,APIC,SEP,MTRR,PGE,MCA,CMOV,PAT,PSE36,CFLUSH,DS,ACPI,MMX,FXSR,SSE,SSE2,SS,HTT,TM,PBE,SSE3,PCLMUL,DTES64,MWAIT,DS-CPL,VMX,SMX,EST,TM2,SSSE3,CX16,xTPR,PDCM,PCID,DCA,SSE4.1,SSE4.2,x2APIC,POPCNT,DEADLINE,AES,XSAVE,AVX,NXE,PAGE1GB,RDTSCP,LONG,LAHF,PERF,ITSC,MD_CLEAR,IBRS,IBPB,STIBP,L1DF,SSBD,SENSOR,ARAT,XSAVEOPT,MELTDOWN
cpu6: 256KB 64b/line 8-way L2 cache
cpu6: smt 0, core 3, package 0
cpu7 at mainbus0: apid 38 (application processor)
cpu7: Intel(R) Xeon(R) CPU E5-2640 0 @ 2.50GHz, 2800.01 MHz, 06-2d-07
cpu7: FPU,VME,DE,PSE,TSC,MSR,PAE,MCE,CX8,APIC,SEP,MTRR,PGE,MCA,CMOV,PAT,PSE36,CFLUSH,DS,ACPI,MMX,FXSR,SSE,SSE2,SS,HTT,TM,PBE,SSE3,PCLMUL,DTES64,MWAIT,DS-CPL,VMX,SMX,EST,TM2,SSSE3,CX16,xTPR,PDCM,PCID,DCA,SSE4.1,SSE4.2,x2APIC,POPCNT,DEADLINE,AES,XSAVE,AVX,NXE,PAGE1GB,RDTSCP,LONG,LAHF,PERF,ITSC,MD_CLEAR,IBRS,IBPB,STIBP,L1DF,SSBD,SENSOR,ARAT,XSAVEOPT,MELTDOWN
cpu7: 256KB 64b/line 8-way L2 cache
cpu7: smt 0, core 3, package 1
cpu8 at mainbus0: apid 8 (application processor)
cpu8: Intel(R) Xeon(R) CPU E5-2640 0 @ 2.50GHz, 2800.01 MHz, 06-2d-07
cpu8: FPU,VME,DE,PSE,TSC,MSR,PAE,MCE,CX8,APIC,SEP,MTRR,PGE,MCA,CMOV,PAT,PSE36,CFLUSH,DS,ACPI,MMX,FXSR,SSE,SSE2,SS,HTT,TM,PBE,SSE3,PCLMUL,DTES64,MWAIT,DS-CPL,VMX,SMX,EST,TM2,SSSE3,CX16,xTPR,PDCM,PCID,DCA,SSE4.1,SSE4.2,x2APIC,POPCNT,DEADLINE,AES,XSAVE,AVX,NXE,PAGE1GB,RDTSCP,LONG,LAHF,PERF,ITSC,MD_CLEAR,IBRS,IBPB,STIBP,L1DF,SSBD,SENSOR,ARAT,XSAVEOPT,MELTDOWN
cpu8: 256KB 64b/line 8-way L2 cache
cpu8: smt 0, core 4, package 0
cpu9 at mainbus0: apid 40 (application processor)
cpu9: Intel(R) Xeon(R) CPU E5-2640 0 @ 2.50GHz, 2800.01 MHz, 06-2d-07
cpu9: FPU,VME,DE,PSE,TSC,MSR,PAE,MCE,CX8,APIC,SEP,MTRR,PGE,MCA,CMOV,PAT,PSE36,CFLUSH,DS,ACPI,MMX,FXSR,SSE,SSE2,SS,HTT,TM,PBE,SSE3,PCLMUL,DTES64,MWAIT,DS-CPL,VMX,SMX,EST,TM2,SSSE3,CX16,xTPR,PDCM,PCID,DCA,SSE4.1,SSE4.2,x2APIC,POPCNT,DEADLINE,AES,XSAVE,AVX,NXE,PAGE1GB,RDTSCP,LONG,LAHF,PERF,ITSC,MD_CLEAR,IBRS,IBPB,STIBP,L1DF,SSBD,SENSOR,ARAT,XSAVEOPT,MELTDOWN
cpu9: 256KB 64b/line 8-way L2 cache
cpu9: smt 0, core 4, package 1
cpu10 at mainbus0: apid 10 (application processor)
cpu10: Intel(R) Xeon(R) CPU E5-2640 0 @ 2.50GHz, 2800.01 MHz, 06-2d-07
cpu10: FPU,VME,DE,PSE,TSC,MSR,PAE,MCE,CX8,APIC,SEP,MTRR,PGE,MCA,CMOV,PAT,PSE36,CFLUSH,DS,ACPI,MMX,FXSR,SSE,SSE2,SS,HTT,TM,PBE,SSE3,PCLMUL,DTES64,MWAIT,DS-CPL,VMX,SMX,EST,TM2,SSSE3,CX16,xTPR,PDCM,PCID,DCA,SSE4.1,SSE4.2,x2APIC,POPCNT,DEADLINE,AES,XSAVE,AVX,NXE,PAGE1GB,RDTSCP,LONG,LAHF,PERF,ITSC,MD_CLEAR,IBRS,IBPB,STIBP,L1DF,SSBD,SENSOR,ARAT,XSAVEOPT,MELTDOWN
cpu10: 256KB 64b/line 8-way L2 cache
cpu10: smt 0, core 5, package 0
cpu11 at mainbus0: apid 42 (application processor)
cpu11: Intel(R) Xeon(R) CPU E5-2640 0 @ 2.50GHz, 2800.01 MHz, 06-2d-07
cpu11: FPU,VME,DE,PSE,TSC,MSR,PAE,MCE,CX8,APIC,SEP,MTRR,PGE,MCA,CMOV,PAT,PSE36,CFLUSH,DS,ACPI,MMX,FXSR,SSE,SSE2,SS,HTT,TM,PBE,SSE3,PCLMUL,DTES64,MWAIT,DS-CPL,VMX,SMX,EST,TM2,SSSE3,CX16,xTPR,PDCM,PCID,DCA,SSE4.1,SSE4.2,x2APIC,POPCNT,DEADLINE,AES,XSAVE,AVX,NXE,PAGE1GB,RDTSCP,LONG,LAHF,PERF,ITSC,MD_CLEAR,IBRS,IBPB,STIBP,L1DF,SSBD,SENSOR,ARAT,XSAVEOPT,MELTDOWN
cpu11: 256KB 64b/line 8-way L2 cache
cpu11: smt 0, core 5, package 1
cpu12 at mainbus0: apid 1 (application processor)
cpu12: Intel(R) Xeon(R) CPU E5-2640 0 @ 2.50GHz, 2800.00 MHz, 06-2d-07
cpu12: FPU,VME,DE,PSE,TSC,MSR,PAE,MCE,CX8,APIC,SEP,MTRR,PGE,MCA,CMOV,PAT,PSE36,CFLUSH,DS,ACPI,MMX,FXSR,SSE,SSE2,SS,HTT,TM,PBE,SSE3,PCLMUL,DTES64,MWAIT,DS-CPL,VMX,SMX,EST,TM2,SSSE3,CX16,xTPR,PDCM,PCID,DCA,SSE4.1,SSE4.2,x2APIC,POPCNT,DEADLINE,AES,XSAVE,AVX,NXE,PAGE1GB,RDTSCP,LONG,LAHF,PERF,ITSC,MD_CLEAR,IBRS,IBPB,STIBP,L1DF,SSBD,SENSOR,ARAT,XSAVEOPT,MELTDOWN
cpu12: 256KB 64b/line 8-way L2 cache
cpu12: smt 1, core 0, package 0
cpu13 at mainbus0: apid 33 (application processor)
cpu13: Intel(R) Xeon(R) CPU E5-2640 0 @ 2.50GHz, 2800.00 MHz, 06-2d-07
cpu13: FPU,VME,DE,PSE,TSC,MSR,PAE,MCE,CX8,APIC,SEP,MTRR,PGE,MCA,CMOV,PAT,PSE36,CFLUSH,DS,ACPI,MMX,FXSR,SSE,SSE2,SS,HTT,TM,PBE,SSE3,PCLMUL,DTES64,MWAIT,DS-CPL,VMX,SMX,EST,TM2,SSSE3,CX16,xTPR,PDCM,PCID,DCA,SSE4.1,SSE4.2,x2APIC,POPCNT,DEADLINE,AES,XSAVE,AVX,NXE,PAGE1GB,RDTSCP,LONG,LAHF,PERF,ITSC,MD_CLEAR,IBRS,IBPB,STIBP,L1DF,SSBD,SENSOR,ARAT,XSAVEOPT,MELTDOWN
cpu13: 256KB 64b/line 8-way L2 cache
cpu13: smt 1, core 0, package 1
cpu14 at mainbus0: apid 3 (application processor)
cpu14: Intel(R) Xeon(R) CPU E5-2640 0 @ 2.50GHz, 2800.00 MHz, 06-2d-07
cpu14: FPU,VME,DE,PSE,TSC,MSR,PAE,MCE,CX8,APIC,SEP,MTRR,PGE,MCA,CMOV,PAT,PSE36,CFLUSH,DS,ACPI,MMX,FXSR,SSE,SSE2,SS,HTT,TM,PBE,SSE3,PCLMUL,DTES64,MWAIT,DS-CPL,VMX,SMX,EST,TM2,SSSE3,CX16,xTPR,PDCM,PCID,DCA,SSE4.1,SSE4.2,x2APIC,POPCNT,DEADLINE,AES,XSAVE,AVX,NXE,PAGE1GB,RDTSCP,LONG,LAHF,PERF,ITSC,MD_CLEAR,IBRS,IBPB,STIBP,L1DF,SSBD,SENSOR,ARAT,XSAVEOPT,MELTDOWN
cpu14: 256KB 64b/line 8-way L2 cache
cpu14: smt 1, core 1, package 0
cpu15 at mainbus0: apid 35 (application processor)
cpu15: Intel(R) Xeon(R) CPU E5-2640 0 @ 2.50GHz, 2800.00 MHz, 06-2d-07
cpu15: FPU,VME,DE,PSE,TSC,MSR,PAE,MCE,CX8,APIC,SEP,MTRR,PGE,MCA,CMOV,PAT,PSE36,CFLUSH,DS,ACPI,MMX,FXSR,SSE,SSE2,SS,HTT,TM,PBE,SSE3,PCLMUL,DTES64,MWAIT,DS-CPL,VMX,SMX,EST,TM2,SSSE3,CX16,xTPR,PDCM,PCID,DCA,SSE4.1,SSE4.2,x2APIC,POPCNT,DEADLINE,AES,XSAVE,AVX,NXE,PAGE1GB,RDTSCP,LONG,LAHF,PERF,ITSC,MD_CLEAR,IBRS,IBPB,STIBP,L1DF,SSBD,SENSOR,ARAT,XSAVEOPT,MELTDOWN
cpu15: 256KB 64b/line 8-way L2 cache
cpu15: smt 1, core 1, package 1
cpu16 at mainbus0: apid 5 (application processor)
cpu16: Intel(R) Xeon(R) CPU E5-2640 0 @ 2.50GHz, 2800.00 MHz, 06-2d-07
cpu16: FPU,VME,DE,PSE,TSC,MSR,PAE,MCE,CX8,APIC,SEP,MTRR,PGE,MCA,CMOV,PAT,PSE36,CFLUSH,DS,ACPI,MMX,FXSR,SSE,SSE2,SS,HTT,TM,PBE,SSE3,PCLMUL,DTES64,MWAIT,DS-CPL,VMX,SMX,EST,TM2,SSSE3,CX16,xTPR,PDCM,PCID,DCA,SSE4.1,SSE4.2,x2APIC,POPCNT,DEADLINE,AES,XSAVE,AVX,NXE,PAGE1GB,RDTSCP,LONG,LAHF,PERF,ITSC,MD_CLEAR,IBRS,IBPB,STIBP,L1DF,SSBD,SENSOR,ARAT,XSAVEOPT,MELTDOWN
cpu16: 256KB 64b/line 8-way L2 cache
cpu16: smt 1, core 2, package 0
cpu17 at mainbus0: apid 37 (application processor)
cpu17: Intel(R) Xeon(R) CPU E5-2640 0 @ 2.50GHz, 2800.00 MHz, 06-2d-07
cpu17: FPU,VME,DE,PSE,TSC,MSR,PAE,MCE,CX8,APIC,SEP,MTRR,PGE,MCA,CMOV,PAT,PSE36,CFLUSH,DS,ACPI,MMX,FXSR,SSE,SSE2,SS,HTT,TM,PBE,SSE3,PCLMUL,DTES64,MWAIT,DS-CPL,VMX,SMX,EST,TM2,SSSE3,CX16,xTPR,PDCM,PCID,DCA,SSE4.1,SSE4.2,x2APIC,POPCNT,DEADLINE,AES,XSAVE,AVX,NXE,PAGE1GB,RDTSCP,LONG,LAHF,PERF,ITSC,MD_CLEAR,IBRS,IBPB,STIBP,L1DF,SSBD,SENSOR,ARAT,XSAVEOPT,MELTDOWN
cpu17: 256KB 64b/line 8-way L2 cache
cpu17: smt 1, core 2, package 1
cpu18 at mainbus0: apid 7 (application processor)
cpu18: Intel(R) Xeon(R) CPU E5-2640 0 @ 2.50GHz, 2800.00 MHz, 06-2d-07
cpu18: FPU,VME,DE,PSE,TSC,MSR,PAE,MCE,CX8,APIC,SEP,MTRR,PGE,MCA,CMOV,PAT,PSE36,CFLUSH,DS,ACPI,MMX,FXSR,SSE,SSE2,SS,HTT,TM,PBE,SSE3,PCLMUL,DTES64,MWAIT,DS-CPL,VMX,SMX,EST,TM2,SSSE3,CX16,xTPR,PDCM,PCID,DCA,SSE4.1,SSE4.2,x2APIC,POPCNT,DEADLINE,AES,XSAVE,AVX,NXE,PAGE1GB,RDTSCP,LONG,LAHF,PERF,ITSC,MD_CLEAR,IBRS,IBPB,STIBP,L1DF,SSBD,SENSOR,ARAT,XSAVEOPT,MELTDOWN
cpu18: 256KB 64b/line 8-way L2 cache
cpu18: smt 1, core 3, package 0
cpu19 at mainbus0: apid 39 (application processor)
cpu19: Intel(R) Xeon(R) CPU E5-2640 0 @ 2.50GHz, 2800.00 MHz, 06-2d-07
cpu19: FPU,VME,DE,PSE,TSC,MSR,PAE,MCE,CX8,APIC,SEP,MTRR,PGE,MCA,CMOV,PAT,PSE36,CFLUSH,DS,ACPI,MMX,FXSR,SSE,SSE2,SS,HTT,TM,PBE,SSE3,PCLMUL,DTES64,MWAIT,DS-CPL,VMX,SMX,EST,TM2,SSSE3,CX16,xTPR,PDCM,PCID,DCA,SSE4.1,SSE4.2,x2APIC,POPCNT,DEADLINE,AES,XSAVE,AVX,NXE,PAGE1GB,RDTSCP,LONG,LAHF,PERF,ITSC,MD_CLEAR,IBRS,IBPB,STIBP,L1DF,SSBD,SENSOR,ARAT,XSAVEOPT,MELTDOWN
cpu19: 256KB 64b/line 8-way L2 cache
cpu19: smt 1, core 3, package 1
cpu20 at mainbus0: apid 9 (application processor)
cpu20: Intel(R) Xeon(R) CPU E5-2640 0 @ 2.50GHz, 2800.00 MHz, 06-2d-07
cpu20: FPU,VME,DE,PSE,TSC,MSR,PAE,MCE,CX8,APIC,SEP,MTRR,PGE,MCA,CMOV,PAT,PSE36,CFLUSH,DS,ACPI,MMX,FXSR,SSE,SSE2,SS,HTT,TM,PBE,SSE3,PCLMUL,DTES64,MWAIT,DS-CPL,VMX,SMX,EST,TM2,SSSE3,CX16,xTPR,PDCM,PCID,DCA,SSE4.1,SSE4.2,x2APIC,POPCNT,DEADLINE,AES,XSAVE,AVX,NXE,PAGE1GB,RDTSCP,LONG,LAHF,PERF,ITSC,MD_CLEAR,IBRS,IBPB,STIBP,L1DF,SSBD,SENSOR,ARAT,XSAVEOPT,MELTDOWN
cpu20: 256KB 64b/line 8-way L2 cache
cpu20: smt 1, core 4, package 0
cpu21 at mainbus0: apid 41 (application processor)
cpu21: Intel(R) Xeon(R) CPU E5-2640 0 @ 2.50GHz, 2800.00 MHz, 06-2d-07
cpu21: FPU,VME,DE,PSE,TSC,MSR,PAE,MCE,CX8,APIC,SEP,MTRR,PGE,MCA,CMOV,PAT,PSE36,CFLUSH,DS,ACPI,MMX,FXSR,SSE,SSE2,SS,HTT,TM,PBE,SSE3,PCLMUL,DTES64,MWAIT,DS-CPL,VMX,SMX,EST,TM2,SSSE3,CX16,xTPR,PDCM,PCID,DCA,SSE4.1,SSE4.2,x2APIC,POPCNT,DEADLINE,AES,XSAVE,AVX,NXE,PAGE1GB,RDTSCP,LONG,LAHF,PERF,ITSC,MD_CLEAR,IBRS,IBPB,STIBP,L1DF,SSBD,SENSOR,ARAT,XSAVEOPT,MELTDOWN
cpu21: 256KB 64b/line 8-way L2 cache
cpu21: smt 1, core 4, package 1
cpu22 at mainbus0: apid 11 (application processor)
cpu22: Intel(R) Xeon(R) CPU E5-2640 0 @ 2.50GHz, 2800.00 MHz, 06-2d-07
cpu22: FPU,VME,DE,PSE,TSC,MSR,PAE,MCE,CX8,APIC,SEP,MTRR,PGE,MCA,CMOV,PAT,PSE36,CFLUSH,DS,ACPI,MMX,FXSR,SSE,SSE2,SS,HTT,TM,PBE,SSE3,PCLMUL,DTES64,MWAIT,DS-CPL,VMX,SMX,EST,TM2,SSSE3,CX16,xTPR,PDCM,PCID,DCA,SSE4.1,SSE4.2,x2APIC,POPCNT,DEADLINE,AES,XSAVE,AVX,NXE,PAGE1GB,RDTSCP,LONG,LAHF,PERF,ITSC,MD_CLEAR,IBRS,IBPB,STIBP,L1DF,SSBD,SENSOR,ARAT,XSAVEOPT,MELTDOWN
cpu22: 256KB 64b/line 8-way L2 cache
cpu22: smt 1, core 5, package 0
cpu23 at mainbus0: apid 43 (application processor)
cpu23: Intel(R) Xeon(R) CPU E5-2640 0 @ 2.50GHz, 2800.00 MHz, 06-2d-07
cpu23: FPU,VME,DE,PSE,TSC,MSR,PAE,MCE,CX8,APIC,SEP,MTRR,PGE,MCA,CMOV,PAT,PSE36,CFLUSH,DS,ACPI,MMX,FXSR,SSE,SSE2,SS,HTT,TM,PBE,SSE3,PCLMUL,DTES64,MWAIT,DS-CPL,VMX,SMX,EST,TM2,SSSE3,CX16,xTPR,PDCM,PCID,DCA,SSE4.1,SSE4.2,x2APIC,POPCNT,DEADLINE,AES,XSAVE,AVX,NXE,PAGE1GB,RDTSCP,LONG,LAHF,PERF,ITSC,MD_CLEAR,IBRS,IBPB,STIBP,L1DF,SSBD,SENSOR,ARAT,XSAVEOPT,MELTDOWN
cpu23: 256KB 64b/line 8-way L2 cache
cpu23: smt 1, core 5, package 1
ioapic0 at mainbus0: apid 0 pa 0xfec00000, version 20, 24 pins
ioapic1 at mainbus0: apid 1 pa 0xfec3f000, version 20, 24 pins, remapped
ioapic2 at mainbus0: apid 2 pa 0xfec7f000, version 20, 24 pins, remapped
acpihpet0 at acpi0: 14318179 Hz
acpimcfg0 at acpi0
acpimcfg0: addr 0xe0000000, bus 0-255
acpiprt0 at acpi0: bus 0 (PCI0)
acpiprt1 at acpi0: bus 1 (PEX1)
acpiprt2 at acpi0: bus -1 (PE1C)
acpiprt3 at acpi0: bus 3 (PEX2)
acpiprt4 at acpi0: bus 2 (PEX3)
acpiprt5 at acpi0: bus 4 (PEX4)
acpiprt6 at acpi0: bus -1 (PEX5)
acpiprt7 at acpi0: bus 7 (PEX6)
acpiprt8 at acpi0: bus -1 (PEX7)
acpiprt9 at acpi0: bus 64 (PCI1)
acpiprt10 at acpi0: bus 65 (PEXB)
acpiprt11 at acpi0: bus -1 (PEXC)
acpiprt12 at acpi0: bus 66 (PEXD)
acpiprt13 at acpi0: bus -1 (PEXE)
acpicpu0 at acpi0: C2(350@41 mwait.3@0x20), C1(1000@1 mwait.1)
acpicpu1 at acpi0: C2(350@41 mwait.3@0x20), C1(1000@1 mwait.1)
acpicpu2 at acpi0: C2(350@41 mwait.3@0x20), C1(1000@1 mwait.1)
acpicpu3 at acpi0: C2(350@41 mwait.3@0x20), C1(1000@1 mwait.1)
acpicpu4 at acpi0: C2(350@41 mwait.3@0x20), C1(1000@1 mwait.1)
acpicpu5 at acpi0: C2(350@41 mwait.3@0x20), C1(1000@1 mwait.1)
acpicpu6 at acpi0: C2(350@41 mwait.3@0x20), C1(1000@1 mwait.1)
acpicpu7 at acpi0: C2(350@41 mwait.3@0x20), C1(1000@1 mwait.1)
acpicpu8 at acpi0: C2(350@41 mwait.3@0x20), C1(1000@1 mwait.1)
acpicpu9 at acpi0: C2(350@41 mwait.3@0x20), C1(1000@1 mwait.1)
acpicpu10 at acpi0: C2(350@41 mwait.3@0x20), C1(1000@1 mwait.1)
acpicpu11 at acpi0: C2(350@41 mwait.3@0x20), C1(1000@1 mwait.1)
acpicpu12 at acpi0: C2(350@41 mwait.3@0x20), C1(1000@1 mwait.1)
acpicpu13 at acpi0: C2(350@41 mwait.3@0x20), C1(1000@1 mwait.1)
acpicpu14 at acpi0: C2(350@41 mwait.3@0x20), C1(1000@1 mwait.1)
acpicpu15 at acpi0: C2(350@41 mwait.3@0x20), C1(1000@1 mwait.1)
acpicpu16 at acpi0: C2(350@41 mwait.3@0x20), C1(1000@1 mwait.1)
acpicpu17 at acpi0: C2(350@41 mwait.3@0x20), C1(1000@1 mwait.1)
acpicpu18 at acpi0: C2(350@41 mwait.3@0x20), C1(1000@1 mwait.1)
acpicpu19 at acpi0: C2(350@41 mwait.3@0x20), C1(1000@1 mwait.1)
acpicpu20 at acpi0: C2(350@41 mwait.3@0x20), C1(1000@1 mwait.1)
acpicpu21 at acpi0: C2(350@41 mwait.3@0x20), C1(1000@1 mwait.1)
acpicpu22 at acpi0: C2(350@41 mwait.3@0x20), C1(1000@1 mwait.1)
acpicpu23 at acpi0: C2(350@41 mwait.3@0x20), C1(1000@1 mwait.1)
acpipci0 at acpi0 PCI0: 0x00000000 0x00000011 0x00000001
acpicmos0 at acpi0
acpipci1 at acpi0 PCI1: 0x00000000 0x00000011 0x00000001
acpipci2 at acpi0 P0B1: 0x00000000 0x00000011 0x00000001
acpipci3 at acpi0 P1B1: 0x00000000 0x00000011 0x00000001
&quot;PNP0C14&quot; at acpi0 not configured
ipmi at mainbus0 not configured
cpu0: using VERW MDS workaround (except on vmm entry)
pci0 at mainbus0 bus 0
pchb0 at pci0 dev 0 function 0 &quot;Intel E5 Host&quot; rev 0x07
ppb0 at pci0 dev 1 function 0 &quot;Intel E5 PCIE&quot; rev 0x07
pci1 at ppb0 bus 1
em0 at pci1 dev 0 function 0 &quot;Intel I350&quot; rev 0x01: msi, address xx:xx:xx:xx:xx:xx
em1 at pci1 dev 0 function 1 &quot;Intel I350&quot; rev 0x01: msi, address xx:xx:xx:xx:xx:xx
em2 at pci1 dev 0 function 2 &quot;Intel I350&quot; rev 0x01: msi, address xx:xx:xx:xx:xx:xx
em3 at pci1 dev 0 function 3 &quot;Intel I350&quot; rev 0x01: msi, address xx:xx:xx:xx:xx:xx
ppb1 at pci0 dev 2 function 0 &quot;Intel E5 PCIE&quot; rev 0x07
pci2 at ppb1 bus 3
ppb2 at pci0 dev 2 function 2 &quot;Intel E5 PCIE&quot; rev 0x07
pci3 at ppb2 bus 2
mfii0 at pci3 dev 0 function 0 &quot;Symbios Logic MegaRAID SAS2208&quot; rev 0x01: msi
mfii0: &quot;PERC H710 Mini&quot;, firmware 21.3.2-0005, 512MB cache
scsibus1 at mfii0: 64 targets
sd0 at scsibus1 targ 0 lun 0: &lt;DELL, PERC H710, 3.13&gt; naa.6848f690e6cb3f0024cc665a2468732c
sd0: 139392MB, 512 bytes/sector, 285474816 sectors
sd1 at scsibus1 targ 1 lun 0: &lt;DELL, PERC H710, 3.13&gt; naa.6848f690e6cb3f0024cc667325df6e29
sd1: 953344MB, 512 bytes/sector, 1952448512 sectors
scsibus2 at mfii0: 256 targets
ppb3 at pci0 dev 3 function 0 &quot;Intel E5 PCIE&quot; rev 0x07: msi
pci4 at ppb3 bus 4
&quot;Intel E5 Address Map&quot; rev 0x07 at pci0 dev 5 function 0 not configured
&quot;Intel E5 Error Reporting&quot; rev 0x07 at pci0 dev 5 function 2 not configured
ppb4 at pci0 dev 17 function 0 &quot;Intel C600 Virtual PCIE&quot; rev 0x05
pci5 at ppb4 bus 5
&quot;Intel C600 MEI&quot; rev 0x05 at pci0 dev 22 function 0 not configured
&quot;Intel C600 MEI&quot; rev 0x05 at pci0 dev 22 function 1 not configured
ehci0 at pci0 dev 26 function 0 &quot;Intel C600 USB&quot; rev 0x05: apic 0 int 23
usb0 at ehci0: USB revision 2.0
uhub0 at usb0 configuration 1 interface 0 &quot;Intel EHCI root hub&quot; rev 2.00/1.00 addr 1
ppb5 at pci0 dev 28 function 0 &quot;Intel C600 PCIE&quot; rev 0xb5
pci6 at ppb5 bus 6
ppb6 at pci0 dev 28 function 7 &quot;Intel C600 PCIE&quot; rev 0xb5
pci7 at ppb6 bus 7
ppb7 at pci7 dev 0 function 0 &quot;Renesas SH7757 PCIE Switch&quot; rev 0x00
pci8 at ppb7 bus 8
ppb8 at pci8 dev 0 function 0 &quot;Renesas SH7757 PCIE Switch&quot; rev 0x00
pci9 at ppb8 bus 9
ppb9 at pci9 dev 0 function 0 &quot;Renesas SH7757 PCIE-PCI&quot; rev 0x00
pci10 at ppb9 bus 10
vga1 at pci10 dev 0 function 0 &quot;Matrox MGA G200eR&quot; rev 0x00
wsdisplay0 at vga1 mux 1: console (80x25, vt100 emulation)
wsdisplay0: screen 1-5 added (80x25, vt100 emulation)
ppb10 at pci8 dev 1 function 0 &quot;Renesas SH7757 PCIE Switch&quot; rev 0x00
pci11 at ppb10 bus 11
ehci1 at pci0 dev 29 function 0 &quot;Intel C600 USB&quot; rev 0x05: apic 0 int 22
usb1 at ehci1: USB revision 2.0
uhub1 at usb1 configuration 1 interface 0 &quot;Intel EHCI root hub&quot; rev 2.00/1.00 addr 1
ppb11 at pci0 dev 30 function 0 &quot;Intel 82801BA Hub-to-PCI&quot; rev 0xa5
pci12 at ppb11 bus 12
pcib0 at pci0 dev 31 function 0 &quot;Intel C600 LPC&quot; rev 0x05
ahci0 at pci0 dev 31 function 2 &quot;Intel C600 AHCI&quot; rev 0x05: msi, AHCI 1.3
scsibus3 at ahci0: 32 targets
isa0 at pcib0
isadma0 at isa0
com0 at isa0 port 0x3f8/8 irq 4: ns16550a, 16 byte fifo
com0: console
com1 at isa0 port 0x2f8/8 irq 3: ns16550a, 16 byte fifo
pckbc0 at isa0 port 0x60/5 irq 1 irq 12
pcppi0 at isa0 port 0x61
spkr0 at pcppi0
pci13 at mainbus0 bus 64
ppb12 at pci13 dev 1 function 0 &quot;Intel E5 PCIE&quot; rev 0x07: msi
pci14 at ppb12 bus 65
ppb13 at pci13 dev 3 function 0 &quot;Intel E5 PCIE&quot; rev 0x07: msi
pci15 at ppb13 bus 66
&quot;Intel E5 Address Map&quot; rev 0x07 at pci13 dev 5 function 0 not configured
&quot;Intel E5 Error Reporting&quot; rev 0x07 at pci13 dev 5 function 2 not configured
pci16 at mainbus0 bus 63
&quot;Intel E5 QPI Link&quot; rev 0x07 at pci16 dev 8 function 0 not configured
&quot;Intel E5 QPI Link&quot; rev 0x07 at pci16 dev 9 function 0 not configured
&quot;Intel E5 PCU&quot; rev 0x07 at pci16 dev 10 function 0 not configured
&quot;Intel E5 PCU&quot; rev 0x07 at pci16 dev 10 function 1 not configured
&quot;Intel E5 PCU&quot; rev 0x07 at pci16 dev 10 function 2 not configured
&quot;Intel E5 PCU&quot; rev 0x07 at pci16 dev 10 function 3 not configured
&quot;Intel E5 Scratch&quot; rev 0x07 at pci16 dev 11 function 0 not configured
&quot;Intel E5 Scratch&quot; rev 0x07 at pci16 dev 11 function 3 not configured
&quot;Intel E5 Unicast&quot; rev 0x07 at pci16 dev 12 function 0 not configured
&quot;Intel E5 Unicast&quot; rev 0x07 at pci16 dev 12 function 1 not configured
&quot;Intel E5 Unicast&quot; rev 0x07 at pci16 dev 12 function 2 not configured
&quot;Intel E5 SAD&quot; rev 0x07 at pci16 dev 12 function 6 not configured
&quot;Intel E5 SAD&quot; rev 0x07 at pci16 dev 12 function 7 not configured
&quot;Intel E5 Unicast&quot; rev 0x07 at pci16 dev 13 function 0 not configured
&quot;Intel E5 Unicast&quot; rev 0x07 at pci16 dev 13 function 1 not configured
&quot;Intel E5 Unicast&quot; rev 0x07 at pci16 dev 13 function 2 not configured
&quot;Intel E5 Broadcast&quot; rev 0x07 at pci16 dev 13 function 6 not configured
&quot;Intel E5 Home Agent&quot; rev 0x07 at pci16 dev 14 function 0 not configured
&quot;Intel E5 Home Agent&quot; rev 0x07 at pci16 dev 14 function 1 not configured
&quot;Intel E5 TA&quot; rev 0x07 at pci16 dev 15 function 0 not configured
&quot;Intel E5 RAS&quot; rev 0x07 at pci16 dev 15 function 1 not configured
&quot;Intel E5 TAD&quot; rev 0x07 at pci16 dev 15 function 2 not configured
&quot;Intel E5 TAD&quot; rev 0x07 at pci16 dev 15 function 3 not configured
&quot;Intel E5 TAD&quot; rev 0x07 at pci16 dev 15 function 4 not configured
&quot;Intel E5 TAD&quot; rev 0x07 at pci16 dev 15 function 5 not configured
&quot;Intel E5 TAD&quot; rev 0x07 at pci16 dev 15 function 6 not configured
&quot;Intel E5 Thermal&quot; rev 0x07 at pci16 dev 16 function 0 not configured
&quot;Intel E5 Thermal&quot; rev 0x07 at pci16 dev 16 function 1 not configured
&quot;Intel E5 Error&quot; rev 0x07 at pci16 dev 16 function 2 not configured
&quot;Intel E5 Error&quot; rev 0x07 at pci16 dev 16 function 3 not configured
&quot;Intel E5 Thermal&quot; rev 0x07 at pci16 dev 16 function 4 not configured
&quot;Intel E5 Thermal&quot; rev 0x07 at pci16 dev 16 function 5 not configured
&quot;Intel E5 Error&quot; rev 0x07 at pci16 dev 16 function 6 not configured
&quot;Intel E5 Error&quot; rev 0x07 at pci16 dev 16 function 7 not configured
&quot;Intel E5 DDRIO&quot; rev 0x07 at pci16 dev 17 function 0 not configured
&quot;Intel E5 R2PCIE&quot; rev 0x07 at pci16 dev 19 function 0 not configured
&quot;Intel E5 PCIE Monitor&quot; rev 0x07 at pci16 dev 19 function 1 not configured
&quot;Intel E5 QPI&quot; rev 0x07 at pci16 dev 19 function 4 not configured
&quot;Intel E5 QPI Link Monitor&quot; rev 0x07 at pci16 dev 19 function 5 not configured
&quot;Intel E5 QPI Link Monitor&quot; rev 0x07 at pci16 dev 19 function 6 not configured
pci17 at mainbus0 bus 127
&quot;Intel E5 QPI Link&quot; rev 0x07 at pci17 dev 8 function 0 not configured
&quot;Intel E5 QPI Link&quot; rev 0x07 at pci17 dev 9 function 0 not configured
&quot;Intel E5 PCU&quot; rev 0x07 at pci17 dev 10 function 0 not configured
&quot;Intel E5 PCU&quot; rev 0x07 at pci17 dev 10 function 1 not configured
&quot;Intel E5 PCU&quot; rev 0x07 at pci17 dev 10 function 2 not configured
&quot;Intel E5 PCU&quot; rev 0x07 at pci17 dev 10 function 3 not configured
&quot;Intel E5 Scratch&quot; rev 0x07 at pci17 dev 11 function 0 not configured
&quot;Intel E5 Scratch&quot; rev 0x07 at pci17 dev 11 function 3 not configured
&quot;Intel E5 Unicast&quot; rev 0x07 at pci17 dev 12 function 0 not configured
&quot;Intel E5 Unicast&quot; rev 0x07 at pci17 dev 12 function 1 not configured
&quot;Intel E5 Unicast&quot; rev 0x07 at pci17 dev 12 function 2 not configured
&quot;Intel E5 SAD&quot; rev 0x07 at pci17 dev 12 function 6 not configured
&quot;Intel E5 SAD&quot; rev 0x07 at pci17 dev 12 function 7 not configured
&quot;Intel E5 Unicast&quot; rev 0x07 at pci17 dev 13 function 0 not configured
&quot;Intel E5 Unicast&quot; rev 0x07 at pci17 dev 13 function 1 not configured
&quot;Intel E5 Unicast&quot; rev 0x07 at pci17 dev 13 function 2 not configured
&quot;Intel E5 Broadcast&quot; rev 0x07 at pci17 dev 13 function 6 not configured
&quot;Intel E5 Home Agent&quot; rev 0x07 at pci17 dev 14 function 0 not configured
&quot;Intel E5 Home Agent&quot; rev 0x07 at pci17 dev 14 function 1 not configured
&quot;Intel E5 TA&quot; rev 0x07 at pci17 dev 15 function 0 not configured
&quot;Intel E5 RAS&quot; rev 0x07 at pci17 dev 15 function 1 not configured
&quot;Intel E5 TAD&quot; rev 0x07 at pci17 dev 15 function 2 not configured
&quot;Intel E5 TAD&quot; rev 0x07 at pci17 dev 15 function 3 not configured
&quot;Intel E5 TAD&quot; rev 0x07 at pci17 dev 15 function 4 not configured
&quot;Intel E5 TAD&quot; rev 0x07 at pci17 dev 15 function 5 not configured
&quot;Intel E5 TAD&quot; rev 0x07 at pci17 dev 15 function 6 not configured
&quot;Intel E5 Thermal&quot; rev 0x07 at pci17 dev 16 function 0 not configured
&quot;Intel E5 Thermal&quot; rev 0x07 at pci17 dev 16 function 1 not configured
&quot;Intel E5 Error&quot; rev 0x07 at pci17 dev 16 function 2 not configured
&quot;Intel E5 Error&quot; rev 0x07 at pci17 dev 16 function 3 not configured
&quot;Intel E5 Thermal&quot; rev 0x07 at pci17 dev 16 function 4 not configured
&quot;Intel E5 Thermal&quot; rev 0x07 at pci17 dev 16 function 5 not configured
&quot;Intel E5 Error&quot; rev 0x07 at pci17 dev 16 function 6 not configured
&quot;Intel E5 Error&quot; rev 0x07 at pci17 dev 16 function 7 not configured
&quot;Intel E5 DDRIO&quot; rev 0x07 at pci17 dev 17 function 0 not configured
&quot;Intel E5 R2PCIE&quot; rev 0x07 at pci17 dev 19 function 0 not configured
&quot;Intel E5 PCIE Monitor&quot; rev 0x07 at pci17 dev 19 function 1 not configured
&quot;Intel E5 QPI&quot; rev 0x07 at pci17 dev 19 function 4 not configured
&quot;Intel E5 QPI Link Monitor&quot; rev 0x07 at pci17 dev 19 function 5 not configured
&quot;Intel E5 QPI Link Monitor&quot; rev 0x07 at pci17 dev 19 function 6 not configured
vmm0 at mainbus0: VMX/EPT
uhub2 at uhub0 port 1 configuration 1 interface 0 &quot;Intel Rate Matching Hub&quot; rev 2.00/0.00 addr 2
uhub3 at uhub2 port 6 configuration 1 interface 0 &quot;no manufacturer Gadget USB HUB&quot; rev 2.00/0.00 addr 3
uhidev0 at uhub3 port 1 configuration 1 interface 0 &quot;Avocent Keyboard/Mouse Function&quot; rev 2.00/0.00 addr 4
uhidev0: iclass 3/1
ukbd0 at uhidev0: 8 variable keys, 6 key codes
wskbd0 at ukbd0: console keyboard, using wsdisplay0
uhidev1 at uhub3 port 1 configuration 1 interface 1 &quot;Avocent Keyboard/Mouse Function&quot; rev 2.00/0.00 addr 4
uhidev1: iclass 3/1
ums0 at uhidev1: 3 buttons, Z dir
wsmouse0 at ums0 mux 0
uhidev2 at uhub3 port 1 configuration 1 interface 2 &quot;Avocent Keyboard/Mouse Function&quot; rev 2.00/0.00 addr 4
uhidev2: iclass 3/1
ums1 at uhidev2: 3 buttons, Z dir
wsmouse1 at ums1 mux 0
uhub4 at uhub1 port 1 configuration 1 interface 0 &quot;Intel Rate Matching Hub&quot; rev 2.00/0.00 addr 2
vscsi0 at root
scsibus4 at vscsi0: 256 targets
softraid0 at root
scsibus5 at softraid0: 256 targets
root on sd0a (6ddc10ea4f35c9a7.a) swap on sd0b dump on sd0b
ukbd0: was console keyboard
wskbd0 detached
ukbd0 detached
uhidev0 detached
wsmouse0 detached
ums0 detached
uhidev1 detached
wsmouse1 detached
ums1 detached
uhidev2 detached
uhidev0 at uhub3 port 1 configuration 1 interface 0 &quot;Avocent Keyboard/Mouse Function&quot; rev 2.00/0.00 addr 4
uhidev0: iclass 3/1
ukbd0 at uhidev0: 8 variable keys, 6 key codes
wskbd0 at ukbd0: console keyboard, using wsdisplay0
uhidev1 at uhub3 port 1 configuration 1 interface 1 &quot;Avocent Keyboard/Mouse Function&quot; rev 2.00/0.00 addr 4
uhidev1: iclass 3/1
ums0 at uhidev1: 3 buttons, Z dir
wsmouse0 at ums0 mux 0
uhidev2 at uhub3 port 1 configuration 1 interface 2 &quot;Avocent Keyboard/Mouse Function&quot; rev 2.00/0.00 addr 4
uhidev2: iclass 3/1
ums1 at uhidev2: 3 buttons, Z dir
wsmouse1 at ums1 mux 0

</pre>



</div><!-- content -->
<br />
<div id="footer">
All comments/news/posts are the property of their individual owner and
is presented without warranty of suitability, and solely as an
informational resource. <br />
This site Copyright &copy; 2004-2020 NYC*BUG.
</div><!-- footer -->

</body>
</html>

