



<!doctype html>
<html lang="en">
<head>
<meta name="keywords"
	content="bsd, freebsd, openbsd, netbsd, dragonflybsd, nycbug, dmesgd" />
<meta name="description" content="New York City BSD User Group dmesgd" />
<meta charset="utf-8" />
<meta name="viewport" content="width=device-width, initial-scale=1" />
<title>NYC*BUG dmesgd</title>
<style>
body {
	text-align: left;
	margin: 15px auto;
	padding: 0px 10px;
}
@media (min-width: 800px) {
	body {
		max-width: 85%;
	}
}
#header {
	border-bottom: 1px solid #dbdbdb;
	font-size: 230%;
	text-align: left;
}
#footer {
	border-top: 1px solid #dbdbdb;
	clear: both;
	text-align: left;
}
.logo_bug {
	color: #cc0033;
}
#menu ul {
	list-style-type: none;
	margin: 0;
	padding: 0;
}
#menu li {
	float: left;
}
#menu li a {
	display: block;
	background-color: #dbdbdb;
	color: #000000;
	font-size: 105%;
	font-weight: bold;
	padding: 0px 6px 0px 6px;
	text-decoration: none;
}
#content {
	clear: both;
	text-align: left;
	padding-top: 10px;
}
#content h1 {
	font-size: 120%;
	font-weight: bold;
}
#content h2 {
	font-size: 110%;
	font-weight: bold;
}
#content a {
	text-decoration: none;
}
#content pre {
	background-color: #dbdbdb;
	padding: 5px 5px 5px 5px;
	white-space: pre-wrap;		/* css-3 */
	white-space: -moz-pre-wrap;	/* Mozilla, since 1999 */
	white-space: -pre-wrap;		/* Opera 4-6 */
	white-space: -o-pre-wrap;	/* Opera 7 */
	word-wrap: break-word;		/* Internet Explorer 5.5+ */
}
#content table {
	border-collapse: collapse;
}
#content table th {
	border: 1px solid #dbdbdb;
	font-size: 85%;
	white-space: nowrap;
}
#content table td {
	border: 1px solid #dbdbdb;
	font-size: 80%;
}
#content input {
	font-size: 1em;
}
#content .full	{ width: 100%; }
#content .left	{ text-align: left; }
#content .right	{ text-align: right; }
#content .center { text-align: center; }
#content .flexbox {
	display: -ms-flex;
	display: -webkit-flex;
	display: flex;
	width: 100%;
}
#content .left_col {
	min-width: 75px;
	max-width: 50%;
	flex-grow: 0;
}
#content .right_col {
	flex-grow: 1;
	margin-left: 10px;
	padding-top: 10px;
	padding-left: 10px;
}
#col {
	-moz-column-count: 3;
	-webkit-column-count: 3;
	column-count: 3;
}
</style>
</head>
<body>

<div id="header">
<strong><em>NYC*</em><span class="logo_bug">BUG</span> dmesgd</strong>
</div><!-- header -->

<div id="menu">
<ul>
<li><a href="https://dmesgd.nycbug.org/index.cgi?do=index">Home</a></li>
<li><a href="https://dmesgd.nycbug.org/index.cgi?do=submit">Submit</a></li>
<li><a href="https://www.nycbug.org/">NYC*BUG</a></li>
</ul>
</div><!-- menu -->

<div id="content">

<p>
Launched in 2004, dmesgd aims to provide a
<strong>user-submitted</strong> repository of searchable *BSD dmesgs.
The dmesg(8) command displays the system message buffer's content, and
during boot a copy is saved to <em>/var/run/dmesg.boot</em>.  This buffer
contains the operating system release, name and version, a list of
devices identified, plus a whole host of other useful information.  We
hope others find this resource useful and further contribute to its
growth. Contact us at [ admin at lists dot nycbug dot org ].
</p>

<hr />


<strong>Date:</strong> <em>2020-07-11 06:44:30</em><br />
<strong>From:</strong> <em>Mischa</em><br />
<strong>Description:</strong> <em>OpenBSD 6,7 on SuperMicro X10SRW-F (Intel E5-2620)</em><br />

<pre>
OpenBSD 6.7 (GENERIC.MP) #1: Sat May 16 16:33:02 MDT 2020
    xxx@xxx.xxx:/usr/src/sys/arch/amd64/compile/GENERIC.MP
real mem = 34231255040 (32645MB)
avail mem = 33181179904 (31644MB)
mpath0 at root
scsibus0 at mpath0: 256 targets
mainbus0 at root
bios0 at mainbus0: SMBIOS rev. 2.8 @ 0xeb000 (104 entries)
bios0: vendor American Megatrends Inc. version &quot;1.0c&quot; date 09/07/2015
bios0: Supermicro X10SRW-F
acpi0 at bios0: ACPI 5.0
acpi0: sleep states S0 S4 S5
acpi0: tables DSDT FACP APIC FPDT FIDT SPMI MCFG UEFI BDAT HPET PMCT WDDT SSDT SSDT SSDT PRAD DMAR HEST BERT ERST EINJ
acpi0: wakeup devices IP2P(S4) XHCI(S4) EHC1(S4) EHC2(S4) RP01(S4) RP02(S4) RP03(S4) RP04(S4) RP05(S4) RP06(S4) RP07(S4) RP08(S4) BR1A(S4) BR1B(S4) BR2A(S4) BR2B(S4) [...]
acpitimer0 at acpi0: 3579545 Hz, 24 bits
acpimadt0 at acpi0 addr 0xfee00000: PC-AT compat
cpu0 at mainbus0: apid 0 (boot processor)
cpu0: Intel(R) Xeon(R) CPU E5-2620 v3 @ 2.40GHz, 2400.36 MHz, 06-3f-02
cpu0: FPU,VME,DE,PSE,TSC,MSR,PAE,MCE,CX8,APIC,SEP,MTRR,PGE,MCA,CMOV,PAT,PSE36,CFLUSH,DS,ACPI,MMX,FXSR,SSE,SSE2,SS,HTT,TM,PBE,SSE3,PCLMUL,DTES64,MWAIT,DS-CPL,VMX,SMX,EST,TM2,SSSE3,SDBG,FMA3,CX16,xTPR,PDCM,PCID,DCA,SSE4.1,SSE4.2,x2APIC,MOVBE,POPCNT,DEADLINE,AES,XSAVE,AVX,F16C,RDRAND,NXE,PAGE1GB,RDTSCP,LONG,LAHF,ABM,PERF,ITSC,FSGSBASE,TSC_ADJUST,BMI1,AVX2,SMEP,BMI2,ERMS,INVPCID,PQM,MD_CLEAR,IBRS,IBPB,STIBP,L1DF,SSBD,SENSOR,ARAT,XSAVEOPT,MELTDOWN
cpu0: 256KB 64b/line 8-way L2 cache
cpu0: smt 0, core 0, package 0
mtrr: Pentium Pro MTRR support, 10 var ranges, 88 fixed ranges
cpu0: apic clock running at 99MHz
cpu0: mwait min=64, max=64, C-substates=0.2.1.2, IBE
cpu1 at mainbus0: apid 2 (application processor)
cpu1: Intel(R) Xeon(R) CPU E5-2620 v3 @ 2.40GHz, 2400.00 MHz, 06-3f-02
cpu1: FPU,VME,DE,PSE,TSC,MSR,PAE,MCE,CX8,APIC,SEP,MTRR,PGE,MCA,CMOV,PAT,PSE36,CFLUSH,DS,ACPI,MMX,FXSR,SSE,SSE2,SS,HTT,TM,PBE,SSE3,PCLMUL,DTES64,MWAIT,DS-CPL,VMX,SMX,EST,TM2,SSSE3,SDBG,FMA3,CX16,xTPR,PDCM,PCID,DCA,SSE4.1,SSE4.2,x2APIC,MOVBE,POPCNT,DEADLINE,AES,XSAVE,AVX,F16C,RDRAND,NXE,PAGE1GB,RDTSCP,LONG,LAHF,ABM,PERF,ITSC,FSGSBASE,TSC_ADJUST,BMI1,AVX2,SMEP,BMI2,ERMS,INVPCID,PQM,MD_CLEAR,IBRS,IBPB,STIBP,L1DF,SSBD,SENSOR,ARAT,XSAVEOPT,MELTDOWN
cpu1: 256KB 64b/line 8-way L2 cache
cpu1: smt 0, core 1, package 0
cpu2 at mainbus0: apid 4 (application processor)
cpu2: Intel(R) Xeon(R) CPU E5-2620 v3 @ 2.40GHz, 2400.00 MHz, 06-3f-02
cpu2: FPU,VME,DE,PSE,TSC,MSR,PAE,MCE,CX8,APIC,SEP,MTRR,PGE,MCA,CMOV,PAT,PSE36,CFLUSH,DS,ACPI,MMX,FXSR,SSE,SSE2,SS,HTT,TM,PBE,SSE3,PCLMUL,DTES64,MWAIT,DS-CPL,VMX,SMX,EST,TM2,SSSE3,SDBG,FMA3,CX16,xTPR,PDCM,PCID,DCA,SSE4.1,SSE4.2,x2APIC,MOVBE,POPCNT,DEADLINE,AES,XSAVE,AVX,F16C,RDRAND,NXE,PAGE1GB,RDTSCP,LONG,LAHF,ABM,PERF,ITSC,FSGSBASE,TSC_ADJUST,BMI1,AVX2,SMEP,BMI2,ERMS,INVPCID,PQM,MD_CLEAR,IBRS,IBPB,STIBP,L1DF,SSBD,SENSOR,ARAT,XSAVEOPT,MELTDOWN
cpu2: 256KB 64b/line 8-way L2 cache
cpu2: smt 0, core 2, package 0
cpu3 at mainbus0: apid 6 (application processor)
cpu3: Intel(R) Xeon(R) CPU E5-2620 v3 @ 2.40GHz, 2400.00 MHz, 06-3f-02
cpu3: FPU,VME,DE,PSE,TSC,MSR,PAE,MCE,CX8,APIC,SEP,MTRR,PGE,MCA,CMOV,PAT,PSE36,CFLUSH,DS,ACPI,MMX,FXSR,SSE,SSE2,SS,HTT,TM,PBE,SSE3,PCLMUL,DTES64,MWAIT,DS-CPL,VMX,SMX,EST,TM2,SSSE3,SDBG,FMA3,CX16,xTPR,PDCM,PCID,DCA,SSE4.1,SSE4.2,x2APIC,MOVBE,POPCNT,DEADLINE,AES,XSAVE,AVX,F16C,RDRAND,NXE,PAGE1GB,RDTSCP,LONG,LAHF,ABM,PERF,ITSC,FSGSBASE,TSC_ADJUST,BMI1,AVX2,SMEP,BMI2,ERMS,INVPCID,PQM,MD_CLEAR,IBRS,IBPB,STIBP,L1DF,SSBD,SENSOR,ARAT,XSAVEOPT,MELTDOWN
cpu3: 256KB 64b/line 8-way L2 cache
cpu3: smt 0, core 3, package 0
cpu4 at mainbus0: apid 8 (application processor)
cpu4: Intel(R) Xeon(R) CPU E5-2620 v3 @ 2.40GHz, 2400.00 MHz, 06-3f-02
cpu4: FPU,VME,DE,PSE,TSC,MSR,PAE,MCE,CX8,APIC,SEP,MTRR,PGE,MCA,CMOV,PAT,PSE36,CFLUSH,DS,ACPI,MMX,FXSR,SSE,SSE2,SS,HTT,TM,PBE,SSE3,PCLMUL,DTES64,MWAIT,DS-CPL,VMX,SMX,EST,TM2,SSSE3,SDBG,FMA3,CX16,xTPR,PDCM,PCID,DCA,SSE4.1,SSE4.2,x2APIC,MOVBE,POPCNT,DEADLINE,AES,XSAVE,AVX,F16C,RDRAND,NXE,PAGE1GB,RDTSCP,LONG,LAHF,ABM,PERF,ITSC,FSGSBASE,TSC_ADJUST,BMI1,AVX2,SMEP,BMI2,ERMS,INVPCID,PQM,MD_CLEAR,IBRS,IBPB,STIBP,L1DF,SSBD,SENSOR,ARAT,XSAVEOPT,MELTDOWN
cpu4: 256KB 64b/line 8-way L2 cache
cpu4: smt 0, core 4, package 0
cpu5 at mainbus0: apid 10 (application processor)
cpu5: Intel(R) Xeon(R) CPU E5-2620 v3 @ 2.40GHz, 2400.00 MHz, 06-3f-02
cpu5: FPU,VME,DE,PSE,TSC,MSR,PAE,MCE,CX8,APIC,SEP,MTRR,PGE,MCA,CMOV,PAT,PSE36,CFLUSH,DS,ACPI,MMX,FXSR,SSE,SSE2,SS,HTT,TM,PBE,SSE3,PCLMUL,DTES64,MWAIT,DS-CPL,VMX,SMX,EST,TM2,SSSE3,SDBG,FMA3,CX16,xTPR,PDCM,PCID,DCA,SSE4.1,SSE4.2,x2APIC,MOVBE,POPCNT,DEADLINE,AES,XSAVE,AVX,F16C,RDRAND,NXE,PAGE1GB,RDTSCP,LONG,LAHF,ABM,PERF,ITSC,FSGSBASE,TSC_ADJUST,BMI1,AVX2,SMEP,BMI2,ERMS,INVPCID,PQM,MD_CLEAR,IBRS,IBPB,STIBP,L1DF,SSBD,SENSOR,ARAT,XSAVEOPT,MELTDOWN
cpu5: 256KB 64b/line 8-way L2 cache
cpu5: smt 0, core 5, package 0
cpu6 at mainbus0: apid 1 (application processor)
cpu6: Intel(R) Xeon(R) CPU E5-2620 v3 @ 2.40GHz, 2399.99 MHz, 06-3f-02
cpu6: FPU,VME,DE,PSE,TSC,MSR,PAE,MCE,CX8,APIC,SEP,MTRR,PGE,MCA,CMOV,PAT,PSE36,CFLUSH,DS,ACPI,MMX,FXSR,SSE,SSE2,SS,HTT,TM,PBE,SSE3,PCLMUL,DTES64,MWAIT,DS-CPL,VMX,SMX,EST,TM2,SSSE3,SDBG,FMA3,CX16,xTPR,PDCM,PCID,DCA,SSE4.1,SSE4.2,x2APIC,MOVBE,POPCNT,DEADLINE,AES,XSAVE,AVX,F16C,RDRAND,NXE,PAGE1GB,RDTSCP,LONG,LAHF,ABM,PERF,ITSC,FSGSBASE,TSC_ADJUST,BMI1,AVX2,SMEP,BMI2,ERMS,INVPCID,PQM,MD_CLEAR,IBRS,IBPB,STIBP,L1DF,SSBD,SENSOR,ARAT,XSAVEOPT,MELTDOWN
cpu6: 256KB 64b/line 8-way L2 cache
cpu6: smt 1, core 0, package 0
cpu7 at mainbus0: apid 3 (application processor)
cpu7: Intel(R) Xeon(R) CPU E5-2620 v3 @ 2.40GHz, 2400.00 MHz, 06-3f-02
cpu7: FPU,VME,DE,PSE,TSC,MSR,PAE,MCE,CX8,APIC,SEP,MTRR,PGE,MCA,CMOV,PAT,PSE36,CFLUSH,DS,ACPI,MMX,FXSR,SSE,SSE2,SS,HTT,TM,PBE,SSE3,PCLMUL,DTES64,MWAIT,DS-CPL,VMX,SMX,EST,TM2,SSSE3,SDBG,FMA3,CX16,xTPR,PDCM,PCID,DCA,SSE4.1,SSE4.2,x2APIC,MOVBE,POPCNT,DEADLINE,AES,XSAVE,AVX,F16C,RDRAND,NXE,PAGE1GB,RDTSCP,LONG,LAHF,ABM,PERF,ITSC,FSGSBASE,TSC_ADJUST,BMI1,AVX2,SMEP,BMI2,ERMS,INVPCID,PQM,MD_CLEAR,IBRS,IBPB,STIBP,L1DF,SSBD,SENSOR,ARAT,XSAVEOPT,MELTDOWN
cpu7: 256KB 64b/line 8-way L2 cache
cpu7: smt 1, core 1, package 0
cpu8 at mainbus0: apid 5 (application processor)
cpu8: Intel(R) Xeon(R) CPU E5-2620 v3 @ 2.40GHz, 2400.00 MHz, 06-3f-02
cpu8: FPU,VME,DE,PSE,TSC,MSR,PAE,MCE,CX8,APIC,SEP,MTRR,PGE,MCA,CMOV,PAT,PSE36,CFLUSH,DS,ACPI,MMX,FXSR,SSE,SSE2,SS,HTT,TM,PBE,SSE3,PCLMUL,DTES64,MWAIT,DS-CPL,VMX,SMX,EST,TM2,SSSE3,SDBG,FMA3,CX16,xTPR,PDCM,PCID,DCA,SSE4.1,SSE4.2,x2APIC,MOVBE,POPCNT,DEADLINE,AES,XSAVE,AVX,F16C,RDRAND,NXE,PAGE1GB,RDTSCP,LONG,LAHF,ABM,PERF,ITSC,FSGSBASE,TSC_ADJUST,BMI1,AVX2,SMEP,BMI2,ERMS,INVPCID,PQM,MD_CLEAR,IBRS,IBPB,STIBP,L1DF,SSBD,SENSOR,ARAT,XSAVEOPT,MELTDOWN
cpu8: 256KB 64b/line 8-way L2 cache
cpu8: smt 1, core 2, package 0
cpu9 at mainbus0: apid 7 (application processor)
cpu9: Intel(R) Xeon(R) CPU E5-2620 v3 @ 2.40GHz, 2400.00 MHz, 06-3f-02
cpu9: FPU,VME,DE,PSE,TSC,MSR,PAE,MCE,CX8,APIC,SEP,MTRR,PGE,MCA,CMOV,PAT,PSE36,CFLUSH,DS,ACPI,MMX,FXSR,SSE,SSE2,SS,HTT,TM,PBE,SSE3,PCLMUL,DTES64,MWAIT,DS-CPL,VMX,SMX,EST,TM2,SSSE3,SDBG,FMA3,CX16,xTPR,PDCM,PCID,DCA,SSE4.1,SSE4.2,x2APIC,MOVBE,POPCNT,DEADLINE,AES,XSAVE,AVX,F16C,RDRAND,NXE,PAGE1GB,RDTSCP,LONG,LAHF,ABM,PERF,ITSC,FSGSBASE,TSC_ADJUST,BMI1,AVX2,SMEP,BMI2,ERMS,INVPCID,PQM,MD_CLEAR,IBRS,IBPB,STIBP,L1DF,SSBD,SENSOR,ARAT,XSAVEOPT,MELTDOWN
cpu9: 256KB 64b/line 8-way L2 cache
cpu9: smt 1, core 3, package 0
cpu10 at mainbus0: apid 9 (application processor)
cpu10: Intel(R) Xeon(R) CPU E5-2620 v3 @ 2.40GHz, 2400.00 MHz, 06-3f-02
cpu10: FPU,VME,DE,PSE,TSC,MSR,PAE,MCE,CX8,APIC,SEP,MTRR,PGE,MCA,CMOV,PAT,PSE36,CFLUSH,DS,ACPI,MMX,FXSR,SSE,SSE2,SS,HTT,TM,PBE,SSE3,PCLMUL,DTES64,MWAIT,DS-CPL,VMX,SMX,EST,TM2,SSSE3,SDBG,FMA3,CX16,xTPR,PDCM,PCID,DCA,SSE4.1,SSE4.2,x2APIC,MOVBE,POPCNT,DEADLINE,AES,XSAVE,AVX,F16C,RDRAND,NXE,PAGE1GB,RDTSCP,LONG,LAHF,ABM,PERF,ITSC,FSGSBASE,TSC_ADJUST,BMI1,AVX2,SMEP,BMI2,ERMS,INVPCID,PQM,MD_CLEAR,IBRS,IBPB,STIBP,L1DF,SSBD,SENSOR,ARAT,XSAVEOPT,MELTDOWN
cpu10: 256KB 64b/line 8-way L2 cache
cpu10: smt 1, core 4, package 0
cpu11 at mainbus0: apid 11 (application processor)
cpu11: Intel(R) Xeon(R) CPU E5-2620 v3 @ 2.40GHz, 2400.00 MHz, 06-3f-02
cpu11: FPU,VME,DE,PSE,TSC,MSR,PAE,MCE,CX8,APIC,SEP,MTRR,PGE,MCA,CMOV,PAT,PSE36,CFLUSH,DS,ACPI,MMX,FXSR,SSE,SSE2,SS,HTT,TM,PBE,SSE3,PCLMUL,DTES64,MWAIT,DS-CPL,VMX,SMX,EST,TM2,SSSE3,SDBG,FMA3,CX16,xTPR,PDCM,PCID,DCA,SSE4.1,SSE4.2,x2APIC,MOVBE,POPCNT,DEADLINE,AES,XSAVE,AVX,F16C,RDRAND,NXE,PAGE1GB,RDTSCP,LONG,LAHF,ABM,PERF,ITSC,FSGSBASE,TSC_ADJUST,BMI1,AVX2,SMEP,BMI2,ERMS,INVPCID,PQM,MD_CLEAR,IBRS,IBPB,STIBP,L1DF,SSBD,SENSOR,ARAT,XSAVEOPT,MELTDOWN
cpu11: 256KB 64b/line 8-way L2 cache
cpu11: smt 1, core 5, package 0
ioapic0 at mainbus0: apid 8 pa 0xfec00000, version 20, 24 pins
ioapic1 at mainbus0: apid 9 pa 0xfec01000, version 20, 24 pins
acpimcfg0 at acpi0
acpimcfg0: addr 0x80000000, bus 0-255
acpihpet0 at acpi0: 14318179 Hz
acpiprt0 at acpi0: bus 255 (UNC0)
acpiprt1 at acpi0: bus 0 (PCI0)
acpiprt2 at acpi0: bus 5 (RP03)
acpiprt3 at acpi0: bus 6 (BR79)
acpiprt4 at acpi0: bus 7 (RP05)
acpiprt5 at acpi0: bus 1 (BR1A)
acpiprt6 at acpi0: bus -1 (BR1B)
acpiprt7 at acpi0: bus 2 (BR2A)
acpiprt8 at acpi0: bus -1 (BR2C)
acpiprt9 at acpi0: bus 3 (BR3A)
acpiprt10 at acpi0: bus -1 (BR3C)
acpicpu0 at acpi0: C2(350@41 io@0x415), C1(1016@1 halt), PSS
acpicpu1 at acpi0: C2(350@41 io@0x415), C1(1016@1 halt), PSS
acpicpu2 at acpi0: C2(350@41 io@0x415), C1(1016@1 halt), PSS
acpicpu3 at acpi0: C2(350@41 io@0x415), C1(1016@1 halt), PSS
acpicpu4 at acpi0: C2(350@41 io@0x415), C1(1016@1 halt), PSS
acpicpu5 at acpi0: C2(350@41 io@0x415), C1(1016@1 halt), PSS
acpicpu6 at acpi0: C2(350@41 io@0x415), C1(1016@1 halt), PSS
acpicpu7 at acpi0: C2(350@41 io@0x415), C1(1016@1 halt), PSS
acpicpu8 at acpi0: C2(350@41 io@0x415), C1(1016@1 halt), PSS
acpicpu9 at acpi0: C2(350@41 io@0x415), C1(1016@1 halt), PSS
acpicpu10 at acpi0: C2(350@41 io@0x415), C1(1016@1 halt), PSS
acpicpu11 at acpi0: C2(350@41 io@0x415), C1(1016@1 halt), PSS
acpipci0 at acpi0 UNC0: 0x00000010 0x00000011 0x00000000
&quot;ACPI0004&quot; at acpi0 not configured
&quot;ACPI0004&quot; at acpi0 not configured
&quot;ACPI0004&quot; at acpi0 not configured
&quot;ACPI0004&quot; at acpi0 not configured
&quot;PNP0C33&quot; at acpi0 not configured
&quot;PNP0C14&quot; at acpi0 not configured
acpipci1 at acpi0 PCI0: 0x00000010 0x00000011 0x00000000
&quot;PNP0003&quot; at acpi0 not configured
acpicmos0 at acpi0
&quot;IPI0001&quot; at acpi0 not configured
acpibtn0 at acpi0: PWRB
&quot;ACPI000D&quot; at acpi0 not configured
ipmi at mainbus0 not configured
cpu0: using VERW MDS workaround (except on vmm entry)
cpu0: Enhanced SpeedStep 2400 MHz: speeds: 2401, 2400, 2300, 2200, 2100, 2000, 1900, 1800, 1700, 1600, 1500, 1400, 1300, 1200 MHz
pci0 at mainbus0 bus 0
pchb0 at pci0 dev 0 function 0 &quot;Intel E5 v3 Host&quot; rev 0x02
ppb0 at pci0 dev 1 function 0 &quot;Intel E5 v3 PCIE&quot; rev 0x02: msi
pci1 at ppb0 bus 1
ppb1 at pci0 dev 2 function 0 &quot;Intel E5 v3 PCIE&quot; rev 0x02: msi
pci2 at ppb1 bus 2
ppb2 at pci0 dev 3 function 0 &quot;Intel E5 v3 PCIE&quot; rev 0x02: msi
pci3 at ppb2 bus 3
mpii0 at pci3 dev 0 function 0 &quot;Symbios Logic SAS2308&quot; rev 0x05: msi
mpii0: SAS9207-8i, firmware 20.0.2.0 IR, MPI 2.0
scsibus1 at mpii0: 258 targets
sd0 at scsibus1 targ 0 lun 0: &lt;LSI, Logical Volume, 3000&gt; naa.600508e00000000093fd44615b3eab09
sd0: 151634MB, 512 bytes/sector, 310546432 sectors
sd1 at scsibus1 targ 1 lun 0: &lt;LSI, Logical Volume, 3000&gt; naa.600508e0000000000cd48e70f227710b
sd1: 2861022MB, 512 bytes/sector, 5859373056 sectors
&quot;Intel E5 v3 DMA&quot; rev 0x02 at pci0 dev 4 function 0 not configured
&quot;Intel E5 v3 DMA&quot; rev 0x02 at pci0 dev 4 function 1 not configured
&quot;Intel E5 v3 DMA&quot; rev 0x02 at pci0 dev 4 function 2 not configured
&quot;Intel E5 v3 DMA&quot; rev 0x02 at pci0 dev 4 function 3 not configured
&quot;Intel E5 v3 DMA&quot; rev 0x02 at pci0 dev 4 function 4 not configured
&quot;Intel E5 v3 DMA&quot; rev 0x02 at pci0 dev 4 function 5 not configured
&quot;Intel E5 v3 DMA&quot; rev 0x02 at pci0 dev 4 function 6 not configured
&quot;Intel E5 v3 DMA&quot; rev 0x02 at pci0 dev 4 function 7 not configured
&quot;Intel E5 v3 Address Map&quot; rev 0x02 at pci0 dev 5 function 0 not configured
&quot;Intel E5 v3 Hot Plug&quot; rev 0x02 at pci0 dev 5 function 1 not configured
&quot;Intel E5 v3 Error Reporting&quot; rev 0x02 at pci0 dev 5 function 2 not configured
&quot;Intel E5 v3 I/O APIC&quot; rev 0x02 at pci0 dev 5 function 4 not configured
&quot;Intel C610 MS SPSR&quot; rev 0x05 at pci0 dev 17 function 0 not configured
ahci0 at pci0 dev 17 function 4 &quot;Intel C610 AHCI&quot; rev 0x05: msi, AHCI 1.3
scsibus2 at ahci0: 32 targets
xhci0 at pci0 dev 20 function 0 &quot;Intel C610 xHCI&quot; rev 0x05: apic 8 int 19, xHCI 1.0
usb0 at xhci0: USB revision 3.0
uhub0 at usb0 configuration 1 interface 0 &quot;Intel xHCI root hub&quot; rev 3.00/1.00 addr 1
&quot;Intel C610 MEI&quot; rev 0x05 at pci0 dev 22 function 0 not configured
&quot;Intel C610 MEI&quot; rev 0x05 at pci0 dev 22 function 1 not configured
ehci0 at pci0 dev 26 function 0 &quot;Intel C610 USB&quot; rev 0x05: apic 8 int 18
usb1 at ehci0: USB revision 2.0
uhub1 at usb1 configuration 1 interface 0 &quot;Intel EHCI root hub&quot; rev 2.00/1.00 addr 1
ppb3 at pci0 dev 28 function 0 &quot;Intel C610 PCIE&quot; rev 0xd5
pci4 at ppb3 bus 4
ppb4 at pci0 dev 28 function 2 &quot;Intel C610 PCIE&quot; rev 0xd5: msi
pci5 at ppb4 bus 5
ppb5 at pci5 dev 0 function 0 &quot;ASPEED Technology AST1150 PCI&quot; rev 0x03
pci6 at ppb5 bus 6
vga1 at pci6 dev 0 function 0 &quot;ASPEED Technology AST2000&quot; rev 0x30
wsdisplay0 at vga1 mux 1: console (80x25, vt100 emulation)
wsdisplay0: screen 1-5 added (80x25, vt100 emulation)
ppb6 at pci0 dev 28 function 4 &quot;Intel C610 PCIE&quot; rev 0xd5: msi
pci7 at ppb6 bus 7
em0 at pci7 dev 0 function 0 &quot;Intel I350&quot; rev 0x01: msi, address xx:xx:xx:xx:xx:xx
em1 at pci7 dev 0 function 1 &quot;Intel I350&quot; rev 0x01: msi, address xx:xx:xx:xx:xx:xx
ehci1 at pci0 dev 29 function 0 &quot;Intel C610 USB&quot; rev 0x05: apic 8 int 18
usb2 at ehci1: USB revision 2.0
uhub2 at usb2 configuration 1 interface 0 &quot;Intel EHCI root hub&quot; rev 2.00/1.00 addr 1
pcib0 at pci0 dev 31 function 0 &quot;Intel C610 LPC&quot; rev 0x05
pciide0 at pci0 dev 31 function 2 &quot;Intel C610 SATA&quot; rev 0x05: DMA, channel 0 configured to native-PCI, channel 1 configured to native-PCI
pciide0: using apic 8 int 16 for native-PCI interrupt
ichiic0 at pci0 dev 31 function 3 &quot;Intel C610 SMBus&quot; rev 0x05: apic 8 int 18
iic0 at ichiic0
pciide1 at pci0 dev 31 function 5 &quot;Intel C610 SATA&quot; rev 0x05: DMA, channel 0 wired to native-PCI, channel 1 wired to native-PCI
pciide1: using apic 8 int 16 for native-PCI interrupt
pchtemp0 at pci0 dev 31 function 6 &quot;Intel C610 Thermal&quot; rev 0x05
isa0 at pcib0
isadma0 at isa0
com0 at isa0 port 0x3f8/8 irq 4: ns16550a, 16 byte fifo
com0: console
com1 at isa0 port 0x2f8/8 irq 3: ns16550a, 16 byte fifo
pckbc0 at isa0 port 0x60/5 irq 1 irq 12
pcppi0 at isa0 port 0x61
spkr0 at pcppi0
pci8 at mainbus0 bus 255
255:30:3: mem address conflict 0x10/0x10
&quot;Intel E5 v3 QPI Monitor&quot; rev 0x02 at pci8 dev 11 function 0 not configured
&quot;Intel E5 v3 QPI Monitor&quot; rev 0x02 at pci8 dev 11 function 1 not configured
&quot;Intel E5 v3 QPI Monitor&quot; rev 0x02 at pci8 dev 11 function 2 not configured
&quot;Intel E5 v3 Unicast&quot; rev 0x02 at pci8 dev 12 function 0 not configured
&quot;Intel E5 v3 Unicast&quot; rev 0x02 at pci8 dev 12 function 1 not configured
&quot;Intel E5 v3 Unicast&quot; rev 0x02 at pci8 dev 12 function 2 not configured
&quot;Intel E5 v3 Unicast&quot; rev 0x02 at pci8 dev 12 function 3 not configured
&quot;Intel E5 v3 Unicast&quot; rev 0x02 at pci8 dev 12 function 4 not configured
&quot;Intel E5 v3 Unicast&quot; rev 0x02 at pci8 dev 12 function 5 not configured
&quot;Intel E5 v3 Ring Agent&quot; rev 0x02 at pci8 dev 15 function 0 not configured
&quot;Intel E5 v3 Ring Agent&quot; rev 0x02 at pci8 dev 15 function 1 not configured
&quot;Intel E5 v3 SAD&quot; rev 0x02 at pci8 dev 15 function 4 not configured
&quot;Intel E5 v3 SAD&quot; rev 0x02 at pci8 dev 15 function 5 not configured
&quot;Intel E5 v3 SAD&quot; rev 0x02 at pci8 dev 15 function 6 not configured
&quot;Intel E5 v3 PCIE Ring&quot; rev 0x02 at pci8 dev 16 function 0 not configured
&quot;Intel E5 v3 PCIE Monitor&quot; rev 0x02 at pci8 dev 16 function 1 not configured
&quot;Intel E5 v3 Scratch&quot; rev 0x02 at pci8 dev 16 function 5 not configured
&quot;Intel E5 v3 Scratch&quot; rev 0x02 at pci8 dev 16 function 6 not configured
&quot;Intel E5 v3 Scratch&quot; rev 0x02 at pci8 dev 16 function 7 not configured
&quot;Intel E5 v3 Home Agent&quot; rev 0x02 at pci8 dev 18 function 0 not configured
&quot;Intel E5 v3 Home Agent&quot; rev 0x02 at pci8 dev 18 function 1 not configured
&quot;Intel E5 v3 Memory&quot; rev 0x02 at pci8 dev 19 function 0 not configured
&quot;Intel E5 v3 RAS&quot; rev 0x02 at pci8 dev 19 function 1 not configured
&quot;Intel E5 v3 TAD&quot; rev 0x02 at pci8 dev 19 function 2 not configured
&quot;Intel E5 v3 TAD&quot; rev 0x02 at pci8 dev 19 function 3 not configured
&quot;Intel E5 v3 TAD&quot; rev 0x02 at pci8 dev 19 function 4 not configured
&quot;Intel E5 v3 TAD&quot; rev 0x02 at pci8 dev 19 function 5 not configured
&quot;Intel E5 v3 DDR Broadcast&quot; rev 0x02 at pci8 dev 19 function 6 not configured
&quot;Intel E5 v3 DDR Broadcast&quot; rev 0x02 at pci8 dev 19 function 7 not configured
&quot;Intel E5 v3 Thermal&quot; rev 0x02 at pci8 dev 20 function 0 not configured
&quot;Intel E5 v3 Thermal&quot; rev 0x02 at pci8 dev 20 function 1 not configured
&quot;Intel E5 v3 Error&quot; rev 0x02 at pci8 dev 20 function 2 not configured
&quot;Intel E5 v3 Error&quot; rev 0x02 at pci8 dev 20 function 3 not configured
&quot;Intel E5 v3 DDRIO&quot; rev 0x02 at pci8 dev 20 function 4 not configured
&quot;Intel E5 v3 DDRIO&quot; rev 0x02 at pci8 dev 20 function 5 not configured
&quot;Intel E5 v3 DDRIO&quot; rev 0x02 at pci8 dev 20 function 6 not configured
&quot;Intel E5 v3 DDRIO&quot; rev 0x02 at pci8 dev 20 function 7 not configured
&quot;Intel E5 v3 Thermal&quot; rev 0x02 at pci8 dev 21 function 0 not configured
&quot;Intel E5 v3 Thermal&quot; rev 0x02 at pci8 dev 21 function 1 not configured
&quot;Intel E5 v3 Error&quot; rev 0x02 at pci8 dev 21 function 2 not configured
&quot;Intel E5 v3 Error&quot; rev 0x02 at pci8 dev 21 function 3 not configured
&quot;Intel E5 v3 TA&quot; rev 0x02 at pci8 dev 22 function 0 not configured
&quot;Intel E5 v3 DDR Broadcast&quot; rev 0x02 at pci8 dev 22 function 6 not configured
&quot;Intel E5 v3 DDR Broadcast&quot; rev 0x02 at pci8 dev 22 function 7 not configured
&quot;Intel E5 v3 Thermal&quot; rev 0x02 at pci8 dev 23 function 0 not configured
&quot;Intel E5 v3 DDRIO&quot; rev 0x02 at pci8 dev 23 function 4 not configured
&quot;Intel E5 v3 DDRIO&quot; rev 0x02 at pci8 dev 23 function 5 not configured
&quot;Intel E5 v3 DDRIO&quot; rev 0x02 at pci8 dev 23 function 6 not configured
&quot;Intel E5 v3 DDRIO&quot; rev 0x02 at pci8 dev 23 function 7 not configured
&quot;Intel E5 v3 PCU&quot; rev 0x02 at pci8 dev 30 function 0 not configured
&quot;Intel E5 v3 PCU&quot; rev 0x02 at pci8 dev 30 function 1 not configured
&quot;Intel E5 v3 PCU&quot; rev 0x02 at pci8 dev 30 function 2 not configured
&quot;Intel E5 v3 PCU&quot; rev 0x02 at pci8 dev 30 function 3 not configured
&quot;Intel E5 v3 PCU&quot; rev 0x02 at pci8 dev 30 function 4 not configured
&quot;Intel E5 v3 VCU&quot; rev 0x02 at pci8 dev 31 function 0 not configured
&quot;Intel E5 v3 VCU&quot; rev 0x02 at pci8 dev 31 function 2 not configured
vmm0 at mainbus0: VMX/EPT
sd2 at scsibus1 targ 6 lun 0: &lt;ATA, Hitachi HTS72505, A3A0&gt; naa.5000cca662c1aac1
sd2: 476940MB, 512 bytes/sector, 976773168 sectors
sd3 at scsibus1 targ 7 lun 0: &lt;ATA, Hitachi HTS72505, A3A0&gt; naa.5000cca662c14ae9
sd3: 476940MB, 512 bytes/sector, 976773168 sectors
sd4 at scsibus1 targ 8 lun 0: &lt;ATA, ST1000LM048-2E71, SDM1&gt; naa.5000c500ad1f6054
sd4: 953869MB, 512 bytes/sector, 1953525168 sectors
uhub3 at uhub0 port 12 configuration 1 interface 0 &quot;ATEN International product 0x7000&quot; rev 2.00/0.00 addr 2
sd5 at scsibus1 targ 9 lun 0: &lt;ATA, ST1000LM048-2E71, SDM1&gt; naa.5000c500ad1e3dc5
sd5: 953869MB, 512 bytes/sector, 1953525168 sectors
uhidev0 at uhub3 port 1 configuration 1 interface 0 &quot;ATEN International product 0x2419&quot; rev 1.10/1.00 addr 3
uhidev0: iclass 3/1
ukbd0 at uhidev0: 8 variable keys, 6 key codes
wskbd0 at ukbd0: console keyboard, using wsdisplay0
uhidev1 at uhub3 port 1 configuration 1 interface 1 &quot;ATEN International product 0x2419&quot; rev 1.10/1.00 addr 3
uhidev1: iclass 3/1
ums0 at uhidev1: 3 buttons, Z dir
wsmouse0 at ums0 mux 0
uhub4 at uhub1 port 1 configuration 1 interface 0 &quot;Intel Rate Matching Hub&quot; rev 2.00/0.05 addr 2
uhub5 at uhub2 port 1 configuration 1 interface 0 &quot;Intel Rate Matching Hub&quot; rev 2.00/0.05 addr 2
vscsi0 at root
scsibus3 at vscsi0: 256 targets
softraid0 at root
scsibus4 at softraid0: 256 targets
root on sd0a (8b28dc8aea22f6b0.a) swap on sd0b dump on sd0b

</pre>



</div><!-- content -->
<br />
<div id="footer">
All comments/news/posts are the property of their individual owner and
is presented without warranty of suitability, and solely as an
informational resource. <br />
This site Copyright &copy; 2004-2020 NYC*BUG.
</div><!-- footer -->

</body>
</html>

