



<!doctype html>
<html lang="en">
<head>
<meta name="keywords"
	content="bsd, freebsd, openbsd, netbsd, dragonflybsd, nycbug, dmesgd" />
<meta name="description" content="New York City BSD User Group dmesgd" />
<meta charset="utf-8" />
<meta name="viewport" content="width=device-width, initial-scale=1" />
<title>NYC*BUG dmesgd</title>
<style>
body {
	text-align: left;
	margin: 15px auto;
	padding: 0px 10px;
}
@media (min-width: 800px) {
	body {
		max-width: 85%;
	}
}
#header {
	border-bottom: 1px solid #dbdbdb;
	font-size: 230%;
	text-align: left;
}
#footer {
	border-top: 1px solid #dbdbdb;
	clear: both;
	text-align: left;
}
.logo_bug {
	color: #cc0033;
}
#menu ul {
	list-style-type: none;
	margin: 0;
	padding: 0;
}
#menu li {
	float: left;
}
#menu li a {
	display: block;
	background-color: #dbdbdb;
	color: #000000;
	font-size: 105%;
	font-weight: bold;
	padding: 0px 6px 0px 6px;
	text-decoration: none;
}
#content {
	clear: both;
	text-align: left;
	padding-top: 10px;
}
#content h1 {
	font-size: 120%;
	font-weight: bold;
}
#content h2 {
	font-size: 110%;
	font-weight: bold;
}
#content a {
	text-decoration: none;
}
#content pre {
	background-color: #dbdbdb;
	padding: 5px 5px 5px 5px;
	white-space: pre-wrap;		/* css-3 */
	white-space: -moz-pre-wrap;	/* Mozilla, since 1999 */
	white-space: -pre-wrap;		/* Opera 4-6 */
	white-space: -o-pre-wrap;	/* Opera 7 */
	word-wrap: break-word;		/* Internet Explorer 5.5+ */
}
#content table {
	border-collapse: collapse;
}
#content table th {
	border: 1px solid #dbdbdb;
	font-size: 85%;
	white-space: nowrap;
}
#content table td {
	border: 1px solid #dbdbdb;
	font-size: 80%;
}
#content input {
	font-size: 1em;
}
#content .full	{ width: 100%; }
#content .left	{ text-align: left; }
#content .right	{ text-align: right; }
#content .center { text-align: center; }
#content .flexbox {
	display: -ms-flex;
	display: -webkit-flex;
	display: flex;
	width: 100%;
}
#content .left_col {
	min-width: 75px;
	max-width: 50%;
	flex-grow: 0;
}
#content .right_col {
	flex-grow: 1;
	margin-left: 10px;
	padding-top: 10px;
	padding-left: 10px;
}
#col {
	-moz-column-count: 3;
	-webkit-column-count: 3;
	column-count: 3;
}
</style>
</head>
<body>

<div id="header">
<strong><em>NYC*</em><span class="logo_bug">BUG</span> dmesgd</strong>
</div><!-- header -->

<div id="menu">
<ul>
<li><a href="https://dmesgd.nycbug.org/index.cgi?do=index">Home</a></li>
<li><a href="https://dmesgd.nycbug.org/index.cgi?do=submit">Submit</a></li>
<li><a href="https://www.nycbug.org/">NYC*BUG</a></li>
</ul>
</div><!-- menu -->

<div id="content">

<p>
Launched in 2004, dmesgd aims to provide a
<strong>user-submitted</strong> repository of searchable *BSD dmesgs.
The dmesg(8) command displays the system message buffer's content, and
during boot a copy is saved to <em>/var/run/dmesg.boot</em>.  This buffer
contains the operating system release, name and version, a list of
devices identified, plus a whole host of other useful information.  We
hope others find this resource useful and further contribute to its
growth. Contact us at [ admin at lists dot nycbug dot org ].
</p>

<hr />


<strong>Date:</strong> <em>2020-07-11 06:46:01</em><br />
<strong>From:</strong> <em>Mischa</em><br />
<strong>Description:</strong> <em>OpenBSD 6.7 on Dell Inc. PowerEdge R610 (Intel X5690)</em><br />

<pre>
OpenBSD 6.7 (GENERIC.MP) #1: Sat May 16 16:33:02 MDT 2020
    xxx@xxx.xxx:/usr/src/sys/arch/amd64/compile/GENERIC.MP
real mem = 68689563648 (65507MB)
avail mem = 66595180544 (63510MB)
mpath0 at root
scsibus0 at mpath0: 256 targets
mainbus0 at root
bios0 at mainbus0: SMBIOS rev. 2.6 @ 0xcf49c000 (84 entries)
bios0: vendor Dell Inc. version &quot;6.4.0&quot; date 07/23/2013
bios0: Dell Inc. PowerEdge R610
acpi0 at bios0: ACPI 3.0
acpi0: sleep states S0 S4 S5
acpi0: tables DSDT FACP APIC SPCR HPET DMAR MCFG WD__ SLIC ERST HEST BERT EINJ SRAT TCPA SSDT
acpi0: wakeup devices PCI0(S5)
acpitimer0 at acpi0: 3579545 Hz, 24 bits
acpimadt0 at acpi0 addr 0xfee00000: PC-AT compat
cpu0 at mainbus0: apid 32 (boot processor)
cpu0: Intel(R) Xeon(R) CPU X5690 @ 3.47GHz, 3591.42 MHz, 06-2c-02
cpu0: FPU,VME,DE,PSE,TSC,MSR,PAE,MCE,CX8,APIC,SEP,MTRR,PGE,MCA,CMOV,PAT,PSE36,CFLUSH,DS,ACPI,MMX,FXSR,SSE,SSE2,SS,HTT,TM,PBE,SSE3,PCLMUL,DTES64,MWAIT,DS-CPL,VMX,SMX,EST,TM2,SSSE3,CX16,xTPR,PDCM,PCID,DCA,SSE4.1,SSE4.2,POPCNT,AES,NXE,PAGE1GB,RDTSCP,LONG,LAHF,PERF,ITSC,IBRS,IBPB,STIBP,L1DF,SSBD,SENSOR,ARAT,MELTDOWN
cpu0: 256KB 64b/line 8-way L2 cache
cpu0: smt 0, core 0, package 1
mtrr: Pentium Pro MTRR support, 10 var ranges, 88 fixed ranges
cpu0: apic clock running at 132MHz
cpu0: mwait min=64, max=64, C-substates=0.2.1.1, IBE
cpu1 at mainbus0: apid 0 (application processor)
cpu1: Intel(R) Xeon(R) CPU X5690 @ 3.47GHz, 1596.01 MHz, 06-2c-02
cpu1: FPU,VME,DE,PSE,TSC,MSR,PAE,MCE,CX8,APIC,SEP,MTRR,PGE,MCA,CMOV,PAT,PSE36,CFLUSH,DS,ACPI,MMX,FXSR,SSE,SSE2,SS,HTT,TM,PBE,SSE3,PCLMUL,DTES64,MWAIT,DS-CPL,VMX,SMX,EST,TM2,SSSE3,CX16,xTPR,PDCM,PCID,DCA,SSE4.1,SSE4.2,POPCNT,AES,NXE,PAGE1GB,RDTSCP,LONG,LAHF,PERF,ITSC,IBRS,IBPB,STIBP,L1DF,SSBD,SENSOR,ARAT,MELTDOWN
cpu1: 256KB 64b/line 8-way L2 cache
cpu1: smt 0, core 0, package 0
cpu2 at mainbus0: apid 34 (application processor)
cpu2: Intel(R) Xeon(R) CPU X5690 @ 3.47GHz, 3591.01 MHz, 06-2c-02
cpu2: FPU,VME,DE,PSE,TSC,MSR,PAE,MCE,CX8,APIC,SEP,MTRR,PGE,MCA,CMOV,PAT,PSE36,CFLUSH,DS,ACPI,MMX,FXSR,SSE,SSE2,SS,HTT,TM,PBE,SSE3,PCLMUL,DTES64,MWAIT,DS-CPL,VMX,SMX,EST,TM2,SSSE3,CX16,xTPR,PDCM,PCID,DCA,SSE4.1,SSE4.2,POPCNT,AES,NXE,PAGE1GB,RDTSCP,LONG,LAHF,PERF,ITSC,IBRS,IBPB,STIBP,L1DF,SSBD,SENSOR,ARAT,MELTDOWN
cpu2: 256KB 64b/line 8-way L2 cache
cpu2: smt 0, core 1, package 1
cpu3 at mainbus0: apid 2 (application processor)
cpu3: Intel(R) Xeon(R) CPU X5690 @ 3.47GHz, 3591.01 MHz, 06-2c-02
cpu3: FPU,VME,DE,PSE,TSC,MSR,PAE,MCE,CX8,APIC,SEP,MTRR,PGE,MCA,CMOV,PAT,PSE36,CFLUSH,DS,ACPI,MMX,FXSR,SSE,SSE2,SS,HTT,TM,PBE,SSE3,PCLMUL,DTES64,MWAIT,DS-CPL,VMX,SMX,EST,TM2,SSSE3,CX16,xTPR,PDCM,PCID,DCA,SSE4.1,SSE4.2,POPCNT,AES,NXE,PAGE1GB,RDTSCP,LONG,LAHF,PERF,ITSC,IBRS,IBPB,STIBP,L1DF,SSBD,SENSOR,ARAT,MELTDOWN
cpu3: 256KB 64b/line 8-way L2 cache
cpu3: smt 0, core 1, package 0
cpu4 at mainbus0: apid 36 (application processor)
cpu4: Intel(R) Xeon(R) CPU X5690 @ 3.47GHz, 3591.01 MHz, 06-2c-02
cpu4: FPU,VME,DE,PSE,TSC,MSR,PAE,MCE,CX8,APIC,SEP,MTRR,PGE,MCA,CMOV,PAT,PSE36,CFLUSH,DS,ACPI,MMX,FXSR,SSE,SSE2,SS,HTT,TM,PBE,SSE3,PCLMUL,DTES64,MWAIT,DS-CPL,VMX,SMX,EST,TM2,SSSE3,CX16,xTPR,PDCM,PCID,DCA,SSE4.1,SSE4.2,POPCNT,AES,NXE,PAGE1GB,RDTSCP,LONG,LAHF,PERF,ITSC,IBRS,IBPB,STIBP,L1DF,SSBD,SENSOR,ARAT,MELTDOWN
cpu4: 256KB 64b/line 8-way L2 cache
cpu4: smt 0, core 2, package 1
cpu5 at mainbus0: apid 4 (application processor)
cpu5: Intel(R) Xeon(R) CPU X5690 @ 3.47GHz, 3591.01 MHz, 06-2c-02
cpu5: FPU,VME,DE,PSE,TSC,MSR,PAE,MCE,CX8,APIC,SEP,MTRR,PGE,MCA,CMOV,PAT,PSE36,CFLUSH,DS,ACPI,MMX,FXSR,SSE,SSE2,SS,HTT,TM,PBE,SSE3,PCLMUL,DTES64,MWAIT,DS-CPL,VMX,SMX,EST,TM2,SSSE3,CX16,xTPR,PDCM,PCID,DCA,SSE4.1,SSE4.2,POPCNT,AES,NXE,PAGE1GB,RDTSCP,LONG,LAHF,PERF,ITSC,IBRS,IBPB,STIBP,L1DF,SSBD,SENSOR,ARAT,MELTDOWN
cpu5: 256KB 64b/line 8-way L2 cache
cpu5: smt 0, core 2, package 0
cpu6 at mainbus0: apid 48 (application processor)
cpu6: Intel(R) Xeon(R) CPU X5690 @ 3.47GHz, 3591.01 MHz, 06-2c-02
cpu6: FPU,VME,DE,PSE,TSC,MSR,PAE,MCE,CX8,APIC,SEP,MTRR,PGE,MCA,CMOV,PAT,PSE36,CFLUSH,DS,ACPI,MMX,FXSR,SSE,SSE2,SS,HTT,TM,PBE,SSE3,PCLMUL,DTES64,MWAIT,DS-CPL,VMX,SMX,EST,TM2,SSSE3,CX16,xTPR,PDCM,PCID,DCA,SSE4.1,SSE4.2,POPCNT,AES,NXE,PAGE1GB,RDTSCP,LONG,LAHF,PERF,ITSC,IBRS,IBPB,STIBP,L1DF,SSBD,SENSOR,ARAT,MELTDOWN
cpu6: 256KB 64b/line 8-way L2 cache
cpu6: smt 0, core 8, package 1
cpu7 at mainbus0: apid 16 (application processor)
cpu7: Intel(R) Xeon(R) CPU X5690 @ 3.47GHz, 3591.01 MHz, 06-2c-02
cpu7: FPU,VME,DE,PSE,TSC,MSR,PAE,MCE,CX8,APIC,SEP,MTRR,PGE,MCA,CMOV,PAT,PSE36,CFLUSH,DS,ACPI,MMX,FXSR,SSE,SSE2,SS,HTT,TM,PBE,SSE3,PCLMUL,DTES64,MWAIT,DS-CPL,VMX,SMX,EST,TM2,SSSE3,CX16,xTPR,PDCM,PCID,DCA,SSE4.1,SSE4.2,POPCNT,AES,NXE,PAGE1GB,RDTSCP,LONG,LAHF,PERF,ITSC,IBRS,IBPB,STIBP,L1DF,SSBD,SENSOR,ARAT,MELTDOWN
cpu7: 256KB 64b/line 8-way L2 cache
cpu7: smt 0, core 8, package 0
cpu8 at mainbus0: apid 50 (application processor)
cpu8: Intel(R) Xeon(R) CPU X5690 @ 3.47GHz, 3591.01 MHz, 06-2c-02
cpu8: FPU,VME,DE,PSE,TSC,MSR,PAE,MCE,CX8,APIC,SEP,MTRR,PGE,MCA,CMOV,PAT,PSE36,CFLUSH,DS,ACPI,MMX,FXSR,SSE,SSE2,SS,HTT,TM,PBE,SSE3,PCLMUL,DTES64,MWAIT,DS-CPL,VMX,SMX,EST,TM2,SSSE3,CX16,xTPR,PDCM,PCID,DCA,SSE4.1,SSE4.2,POPCNT,AES,NXE,PAGE1GB,RDTSCP,LONG,LAHF,PERF,ITSC,IBRS,IBPB,STIBP,L1DF,SSBD,SENSOR,ARAT,MELTDOWN
cpu8: 256KB 64b/line 8-way L2 cache
cpu8: smt 0, core 9, package 1
cpu9 at mainbus0: apid 18 (application processor)
cpu9: Intel(R) Xeon(R) CPU X5690 @ 3.47GHz, 3591.01 MHz, 06-2c-02
cpu9: FPU,VME,DE,PSE,TSC,MSR,PAE,MCE,CX8,APIC,SEP,MTRR,PGE,MCA,CMOV,PAT,PSE36,CFLUSH,DS,ACPI,MMX,FXSR,SSE,SSE2,SS,HTT,TM,PBE,SSE3,PCLMUL,DTES64,MWAIT,DS-CPL,VMX,SMX,EST,TM2,SSSE3,CX16,xTPR,PDCM,PCID,DCA,SSE4.1,SSE4.2,POPCNT,AES,NXE,PAGE1GB,RDTSCP,LONG,LAHF,PERF,ITSC,IBRS,IBPB,STIBP,L1DF,SSBD,SENSOR,ARAT,MELTDOWN
cpu9: 256KB 64b/line 8-way L2 cache
cpu9: smt 0, core 9, package 0
cpu10 at mainbus0: apid 52 (application processor)
cpu10: Intel(R) Xeon(R) CPU X5690 @ 3.47GHz, 3591.01 MHz, 06-2c-02
cpu10: FPU,VME,DE,PSE,TSC,MSR,PAE,MCE,CX8,APIC,SEP,MTRR,PGE,MCA,CMOV,PAT,PSE36,CFLUSH,DS,ACPI,MMX,FXSR,SSE,SSE2,SS,HTT,TM,PBE,SSE3,PCLMUL,DTES64,MWAIT,DS-CPL,VMX,SMX,EST,TM2,SSSE3,CX16,xTPR,PDCM,PCID,DCA,SSE4.1,SSE4.2,POPCNT,AES,NXE,PAGE1GB,RDTSCP,LONG,LAHF,PERF,ITSC,IBRS,IBPB,STIBP,L1DF,SSBD,SENSOR,ARAT,MELTDOWN
cpu10: 256KB 64b/line 8-way L2 cache
cpu10: smt 0, core 10, package 1
cpu11 at mainbus0: apid 20 (application processor)
cpu11: Intel(R) Xeon(R) CPU X5690 @ 3.47GHz, 3591.01 MHz, 06-2c-02
cpu11: FPU,VME,DE,PSE,TSC,MSR,PAE,MCE,CX8,APIC,SEP,MTRR,PGE,MCA,CMOV,PAT,PSE36,CFLUSH,DS,ACPI,MMX,FXSR,SSE,SSE2,SS,HTT,TM,PBE,SSE3,PCLMUL,DTES64,MWAIT,DS-CPL,VMX,SMX,EST,TM2,SSSE3,CX16,xTPR,PDCM,PCID,DCA,SSE4.1,SSE4.2,POPCNT,AES,NXE,PAGE1GB,RDTSCP,LONG,LAHF,PERF,ITSC,IBRS,IBPB,STIBP,L1DF,SSBD,SENSOR,ARAT,MELTDOWN
cpu11: 256KB 64b/line 8-way L2 cache
cpu11: smt 0, core 10, package 0
cpu12 at mainbus0: apid 33 (application processor)
cpu12: Intel(R) Xeon(R) CPU X5690 @ 3.47GHz, 3591.00 MHz, 06-2c-02
cpu12: FPU,VME,DE,PSE,TSC,MSR,PAE,MCE,CX8,APIC,SEP,MTRR,PGE,MCA,CMOV,PAT,PSE36,CFLUSH,DS,ACPI,MMX,FXSR,SSE,SSE2,SS,HTT,TM,PBE,SSE3,PCLMUL,DTES64,MWAIT,DS-CPL,VMX,SMX,EST,TM2,SSSE3,CX16,xTPR,PDCM,PCID,DCA,SSE4.1,SSE4.2,POPCNT,AES,NXE,PAGE1GB,RDTSCP,LONG,LAHF,PERF,ITSC,IBRS,IBPB,STIBP,L1DF,SSBD,SENSOR,ARAT,MELTDOWN
cpu12: 256KB 64b/line 8-way L2 cache
cpu12: smt 1, core 0, package 1
cpu13 at mainbus0: apid 1 (application processor)
cpu13: Intel(R) Xeon(R) CPU X5690 @ 3.47GHz, 3591.00 MHz, 06-2c-02
cpu13: FPU,VME,DE,PSE,TSC,MSR,PAE,MCE,CX8,APIC,SEP,MTRR,PGE,MCA,CMOV,PAT,PSE36,CFLUSH,DS,ACPI,MMX,FXSR,SSE,SSE2,SS,HTT,TM,PBE,SSE3,PCLMUL,DTES64,MWAIT,DS-CPL,VMX,SMX,EST,TM2,SSSE3,CX16,xTPR,PDCM,PCID,DCA,SSE4.1,SSE4.2,POPCNT,AES,NXE,PAGE1GB,RDTSCP,LONG,LAHF,PERF,ITSC,IBRS,IBPB,STIBP,L1DF,SSBD,SENSOR,ARAT,MELTDOWN
cpu13: 256KB 64b/line 8-way L2 cache
cpu13: smt 1, core 0, package 0
cpu14 at mainbus0: apid 35 (application processor)
cpu14: Intel(R) Xeon(R) CPU X5690 @ 3.47GHz, 3591.00 MHz, 06-2c-02
cpu14: FPU,VME,DE,PSE,TSC,MSR,PAE,MCE,CX8,APIC,SEP,MTRR,PGE,MCA,CMOV,PAT,PSE36,CFLUSH,DS,ACPI,MMX,FXSR,SSE,SSE2,SS,HTT,TM,PBE,SSE3,PCLMUL,DTES64,MWAIT,DS-CPL,VMX,SMX,EST,TM2,SSSE3,CX16,xTPR,PDCM,PCID,DCA,SSE4.1,SSE4.2,POPCNT,AES,NXE,PAGE1GB,RDTSCP,LONG,LAHF,PERF,ITSC,IBRS,IBPB,STIBP,L1DF,SSBD,SENSOR,ARAT,MELTDOWN
cpu14: 256KB 64b/line 8-way L2 cache
cpu14: smt 1, core 1, package 1
cpu15 at mainbus0: apid 3 (application processor)
cpu15: Intel(R) Xeon(R) CPU X5690 @ 3.47GHz, 3591.00 MHz, 06-2c-02
cpu15: FPU,VME,DE,PSE,TSC,MSR,PAE,MCE,CX8,APIC,SEP,MTRR,PGE,MCA,CMOV,PAT,PSE36,CFLUSH,DS,ACPI,MMX,FXSR,SSE,SSE2,SS,HTT,TM,PBE,SSE3,PCLMUL,DTES64,MWAIT,DS-CPL,VMX,SMX,EST,TM2,SSSE3,CX16,xTPR,PDCM,PCID,DCA,SSE4.1,SSE4.2,POPCNT,AES,NXE,PAGE1GB,RDTSCP,LONG,LAHF,PERF,ITSC,IBRS,IBPB,STIBP,L1DF,SSBD,SENSOR,ARAT,MELTDOWN
cpu15: 256KB 64b/line 8-way L2 cache
cpu15: smt 1, core 1, package 0
cpu16 at mainbus0: apid 37 (application processor)
cpu16: Intel(R) Xeon(R) CPU X5690 @ 3.47GHz, 3591.00 MHz, 06-2c-02
cpu16: FPU,VME,DE,PSE,TSC,MSR,PAE,MCE,CX8,APIC,SEP,MTRR,PGE,MCA,CMOV,PAT,PSE36,CFLUSH,DS,ACPI,MMX,FXSR,SSE,SSE2,SS,HTT,TM,PBE,SSE3,PCLMUL,DTES64,MWAIT,DS-CPL,VMX,SMX,EST,TM2,SSSE3,CX16,xTPR,PDCM,PCID,DCA,SSE4.1,SSE4.2,POPCNT,AES,NXE,PAGE1GB,RDTSCP,LONG,LAHF,PERF,ITSC,IBRS,IBPB,STIBP,L1DF,SSBD,SENSOR,ARAT,MELTDOWN
cpu16: 256KB 64b/line 8-way L2 cache
cpu16: smt 1, core 2, package 1
cpu17 at mainbus0: apid 5 (application processor)
cpu17: Intel(R) Xeon(R) CPU X5690 @ 3.47GHz, 3591.00 MHz, 06-2c-02
cpu17: FPU,VME,DE,PSE,TSC,MSR,PAE,MCE,CX8,APIC,SEP,MTRR,PGE,MCA,CMOV,PAT,PSE36,CFLUSH,DS,ACPI,MMX,FXSR,SSE,SSE2,SS,HTT,TM,PBE,SSE3,PCLMUL,DTES64,MWAIT,DS-CPL,VMX,SMX,EST,TM2,SSSE3,CX16,xTPR,PDCM,PCID,DCA,SSE4.1,SSE4.2,POPCNT,AES,NXE,PAGE1GB,RDTSCP,LONG,LAHF,PERF,ITSC,IBRS,IBPB,STIBP,L1DF,SSBD,SENSOR,ARAT,MELTDOWN
cpu17: 256KB 64b/line 8-way L2 cache
cpu17: smt 1, core 2, package 0
cpu18 at mainbus0: apid 49 (application processor)
cpu18: Intel(R) Xeon(R) CPU X5690 @ 3.47GHz, 3591.00 MHz, 06-2c-02
cpu18: FPU,VME,DE,PSE,TSC,MSR,PAE,MCE,CX8,APIC,SEP,MTRR,PGE,MCA,CMOV,PAT,PSE36,CFLUSH,DS,ACPI,MMX,FXSR,SSE,SSE2,SS,HTT,TM,PBE,SSE3,PCLMUL,DTES64,MWAIT,DS-CPL,VMX,SMX,EST,TM2,SSSE3,CX16,xTPR,PDCM,PCID,DCA,SSE4.1,SSE4.2,POPCNT,AES,NXE,PAGE1GB,RDTSCP,LONG,LAHF,PERF,ITSC,IBRS,IBPB,STIBP,L1DF,SSBD,SENSOR,ARAT,MELTDOWN
cpu18: 256KB 64b/line 8-way L2 cache
cpu18: smt 1, core 8, package 1
cpu19 at mainbus0: apid 17 (application processor)
cpu19: Intel(R) Xeon(R) CPU X5690 @ 3.47GHz, 3591.01 MHz, 06-2c-02
cpu19: FPU,VME,DE,PSE,TSC,MSR,PAE,MCE,CX8,APIC,SEP,MTRR,PGE,MCA,CMOV,PAT,PSE36,CFLUSH,DS,ACPI,MMX,FXSR,SSE,SSE2,SS,HTT,TM,PBE,SSE3,PCLMUL,DTES64,MWAIT,DS-CPL,VMX,SMX,EST,TM2,SSSE3,CX16,xTPR,PDCM,PCID,DCA,SSE4.1,SSE4.2,POPCNT,AES,NXE,PAGE1GB,RDTSCP,LONG,LAHF,PERF,ITSC,IBRS,IBPB,STIBP,L1DF,SSBD,SENSOR,ARAT,MELTDOWN
cpu19: 256KB 64b/line 8-way L2 cache
cpu19: smt 1, core 8, package 0
cpu20 at mainbus0: apid 51 (application processor)
cpu20: Intel(R) Xeon(R) CPU X5690 @ 3.47GHz, 3591.00 MHz, 06-2c-02
cpu20: FPU,VME,DE,PSE,TSC,MSR,PAE,MCE,CX8,APIC,SEP,MTRR,PGE,MCA,CMOV,PAT,PSE36,CFLUSH,DS,ACPI,MMX,FXSR,SSE,SSE2,SS,HTT,TM,PBE,SSE3,PCLMUL,DTES64,MWAIT,DS-CPL,VMX,SMX,EST,TM2,SSSE3,CX16,xTPR,PDCM,PCID,DCA,SSE4.1,SSE4.2,POPCNT,AES,NXE,PAGE1GB,RDTSCP,LONG,LAHF,PERF,ITSC,IBRS,IBPB,STIBP,L1DF,SSBD,SENSOR,ARAT,MELTDOWN
cpu20: 256KB 64b/line 8-way L2 cache
cpu20: smt 1, core 9, package 1
cpu21 at mainbus0: apid 19 (application processor)
cpu21: Intel(R) Xeon(R) CPU X5690 @ 3.47GHz, 3591.00 MHz, 06-2c-02
cpu21: FPU,VME,DE,PSE,TSC,MSR,PAE,MCE,CX8,APIC,SEP,MTRR,PGE,MCA,CMOV,PAT,PSE36,CFLUSH,DS,ACPI,MMX,FXSR,SSE,SSE2,SS,HTT,TM,PBE,SSE3,PCLMUL,DTES64,MWAIT,DS-CPL,VMX,SMX,EST,TM2,SSSE3,CX16,xTPR,PDCM,PCID,DCA,SSE4.1,SSE4.2,POPCNT,AES,NXE,PAGE1GB,RDTSCP,LONG,LAHF,PERF,ITSC,IBRS,IBPB,STIBP,L1DF,SSBD,SENSOR,ARAT,MELTDOWN
cpu21: 256KB 64b/line 8-way L2 cache
cpu21: smt 1, core 9, package 0
cpu22 at mainbus0: apid 53 (application processor)
cpu22: Intel(R) Xeon(R) CPU X5690 @ 3.47GHz, 3591.00 MHz, 06-2c-02
cpu22: FPU,VME,DE,PSE,TSC,MSR,PAE,MCE,CX8,APIC,SEP,MTRR,PGE,MCA,CMOV,PAT,PSE36,CFLUSH,DS,ACPI,MMX,FXSR,SSE,SSE2,SS,HTT,TM,PBE,SSE3,PCLMUL,DTES64,MWAIT,DS-CPL,VMX,SMX,EST,TM2,SSSE3,CX16,xTPR,PDCM,PCID,DCA,SSE4.1,SSE4.2,POPCNT,AES,NXE,PAGE1GB,RDTSCP,LONG,LAHF,PERF,ITSC,IBRS,IBPB,STIBP,L1DF,SSBD,SENSOR,ARAT,MELTDOWN
cpu22: 256KB 64b/line 8-way L2 cache
cpu22: smt 1, core 10, package 1
cpu23 at mainbus0: apid 21 (application processor)
cpu23: Intel(R) Xeon(R) CPU X5690 @ 3.47GHz, 3591.00 MHz, 06-2c-02
cpu23: FPU,VME,DE,PSE,TSC,MSR,PAE,MCE,CX8,APIC,SEP,MTRR,PGE,MCA,CMOV,PAT,PSE36,CFLUSH,DS,ACPI,MMX,FXSR,SSE,SSE2,SS,HTT,TM,PBE,SSE3,PCLMUL,DTES64,MWAIT,DS-CPL,VMX,SMX,EST,TM2,SSSE3,CX16,xTPR,PDCM,PCID,DCA,SSE4.1,SSE4.2,POPCNT,AES,NXE,PAGE1GB,RDTSCP,LONG,LAHF,PERF,ITSC,IBRS,IBPB,STIBP,L1DF,SSBD,SENSOR,ARAT,MELTDOWN
cpu23: 256KB 64b/line 8-way L2 cache
cpu23: smt 1, core 10, package 0
ioapic0 at mainbus0: apid 0 pa 0xfec00000, version 20, 24 pins
ioapic1 at mainbus0: apid 1 pa 0xfec80000, version 20, 24 pins, remapped
acpihpet0 at acpi0: 14318179 Hz
acpimcfg0 at acpi0
acpimcfg0: addr 0xe0000000, bus 0-255
acpiprt0 at acpi0: bus 0 (PCI0)
acpiprt1 at acpi0: bus 1 (PEX1)
acpiprt2 at acpi0: bus 2 (PEX3)
acpiprt3 at acpi0: bus -1 (PEX4)
acpiprt4 at acpi0: bus -1 (PEX5)
acpiprt5 at acpi0: bus -1 (PEX6)
acpiprt6 at acpi0: bus 4 (PEX7)
acpiprt7 at acpi0: bus 8 (PEX9)
acpiprt8 at acpi0: bus -1 (PEXA)
acpiprt9 at acpi0: bus 3 (SBEX)
acpiprt10 at acpi0: bus 9 (COMP)
acpicpu0 at acpi0: C3(350@96 mwait.1@0x20), C1(1000@1 mwait.1)
acpicpu1 at acpi0: C3(350@96 mwait.1@0x20), C1(1000@1 mwait.1)
acpicpu2 at acpi0: C3(350@96 mwait.1@0x20), C1(1000@1 mwait.1)
acpicpu3 at acpi0: C3(350@96 mwait.1@0x20), C1(1000@1 mwait.1)
acpicpu4 at acpi0: C3(350@96 mwait.1@0x20), C1(1000@1 mwait.1)
acpicpu5 at acpi0: C3(350@96 mwait.1@0x20), C1(1000@1 mwait.1)
acpicpu6 at acpi0: C3(350@96 mwait.1@0x20), C1(1000@1 mwait.1)
acpicpu7 at acpi0: C3(350@96 mwait.1@0x20), C1(1000@1 mwait.1)
acpicpu8 at acpi0: C3(350@96 mwait.1@0x20), C1(1000@1 mwait.1)
acpicpu9 at acpi0: C3(350@96 mwait.1@0x20), C1(1000@1 mwait.1)
acpicpu10 at acpi0: C3(350@96 mwait.1@0x20), C1(1000@1 mwait.1)
acpicpu11 at acpi0: C3(350@96 mwait.1@0x20), C1(1000@1 mwait.1)
acpicpu12 at acpi0: C3(350@96 mwait.1@0x20), C1(1000@1 mwait.1)
acpicpu13 at acpi0: C3(350@96 mwait.1@0x20), C1(1000@1 mwait.1)
acpicpu14 at acpi0: C3(350@96 mwait.1@0x20), C1(1000@1 mwait.1)
acpicpu15 at acpi0: C3(350@96 mwait.1@0x20), C1(1000@1 mwait.1)
acpicpu16 at acpi0: C3(350@96 mwait.1@0x20), C1(1000@1 mwait.1)
acpicpu17 at acpi0: C3(350@96 mwait.1@0x20), C1(1000@1 mwait.1)
acpicpu18 at acpi0: C3(350@96 mwait.1@0x20), C1(1000@1 mwait.1)
acpicpu19 at acpi0: C3(350@96 mwait.1@0x20), C1(1000@1 mwait.1)
acpicpu20 at acpi0: C3(350@96 mwait.1@0x20), C1(1000@1 mwait.1)
acpicpu21 at acpi0: C3(350@96 mwait.1@0x20), C1(1000@1 mwait.1)
acpicpu22 at acpi0: C3(350@96 mwait.1@0x20), C1(1000@1 mwait.1)
acpicpu23 at acpi0: C3(350@96 mwait.1@0x20), C1(1000@1 mwait.1)
acpipci0 at acpi0 PCI0: 0x00000010 0x00000011 0x00000000
acpicmos0 at acpi0
&quot;PNP0C14&quot; at acpi0 not configured
ipmi at mainbus0 not configured
cpu0: using IvyBridge MDS workaround
pci0 at mainbus0 bus 0
pchb0 at pci0 dev 0 function 0 &quot;Intel 5500 Host&quot; rev 0x13
ppb0 at pci0 dev 1 function 0 &quot;Intel X58 PCIE&quot; rev 0x13
pci1 at ppb0 bus 1
bnx0 at pci1 dev 0 function 0 &quot;Broadcom BCM5709&quot; rev 0x20: apic 1 int 4
bnx1 at pci1 dev 0 function 1 &quot;Broadcom BCM5709&quot; rev 0x20: apic 1 int 16
ppb1 at pci0 dev 3 function 0 &quot;Intel X58 PCIE&quot; rev 0x13
pci2 at ppb1 bus 2
bnx2 at pci2 dev 0 function 0 &quot;Broadcom BCM5709&quot; rev 0x20: apic 1 int 0
bnx3 at pci2 dev 0 function 1 &quot;Broadcom BCM5709&quot; rev 0x20: apic 1 int 10
ppb2 at pci0 dev 7 function 0 &quot;Intel X58 PCIE&quot; rev 0x13: msi
pci3 at ppb2 bus 4
ppb3 at pci3 dev 0 function 0 &quot;IDT 89HPES12N3A&quot; rev 0x0e
pci4 at ppb3 bus 5
ppb4 at pci4 dev 2 function 0 &quot;IDT 89HPES12N3A&quot; rev 0x0e
pci5 at ppb4 bus 6
em0 at pci5 dev 0 function 0 &quot;Intel 82576&quot; rev 0x01: msi, address xx:xx:xx:xx:xx:xx
em1 at pci5 dev 0 function 1 &quot;Intel 82576&quot; rev 0x01: msi, address xx:xx:xx:xx:xx:xx
ppb5 at pci4 dev 4 function 0 &quot;IDT 89HPES12N3A&quot; rev 0x0e
pci6 at ppb5 bus 7
em2 at pci6 dev 0 function 0 &quot;Intel 82576&quot; rev 0x01: msi, address xx:xx:xx:xx:xx:xx
em3 at pci6 dev 0 function 1 &quot;Intel 82576&quot; rev 0x01: msi, address xx:xx:xx:xx:xx:xx
ppb6 at pci0 dev 9 function 0 &quot;Intel X58 PCIE&quot; rev 0x13: msi
pci7 at ppb6 bus 8
&quot;Intel X58 Misc&quot; rev 0x13 at pci0 dev 20 function 0 not configured
&quot;Intel X58 GPIO&quot; rev 0x13 at pci0 dev 20 function 1 not configured
&quot;Intel X58 RAS&quot; rev 0x13 at pci0 dev 20 function 2 not configured
uhci0 at pci0 dev 26 function 0 &quot;Intel 82801I USB&quot; rev 0x02: apic 0 int 17
uhci1 at pci0 dev 26 function 1 &quot;Intel 82801I USB&quot; rev 0x02: apic 0 int 18
ehci0 at pci0 dev 26 function 7 &quot;Intel 82801I USB&quot; rev 0x02: apic 0 int 19
usb0 at ehci0: USB revision 2.0
uhub0 at usb0 configuration 1 interface 0 &quot;Intel EHCI root hub&quot; rev 2.00/1.00 addr 1
ppb7 at pci0 dev 28 function 0 &quot;Intel 82801I PCIE&quot; rev 0x02
pci8 at ppb7 bus 3
mfi0 at pci8 dev 0 function 0 &quot;Symbios Logic MegaRAID SAS2108 GEN2&quot; rev 0x05: apic 0 int 16
mfi0: &quot;PERC H700 Integrated&quot;, firmware 12.10.7-0001, 512MB cache
scsibus1 at mfi0: 64 targets
sd0 at scsibus1 targ 0 lun 0: &lt;DELL, PERC H700, 2.10&gt; naa.6d4ae52078bd6200246fd1bb089c7926
sd0: 139392MB, 512 bytes/sector, 285474816 sectors
sd1 at scsibus1 targ 1 lun 0: &lt;DELL, PERC H700, 2.10&gt; naa.6d4ae52078bd620024715b300c3b17fb
sd1: 857856MB, 512 bytes/sector, 1756889088 sectors
uhci2 at pci0 dev 29 function 0 &quot;Intel 82801I USB&quot; rev 0x02: apic 0 int 21
uhci3 at pci0 dev 29 function 1 &quot;Intel 82801I USB&quot; rev 0x02: apic 0 int 20
ehci1 at pci0 dev 29 function 7 &quot;Intel 82801I USB&quot; rev 0x02: apic 0 int 21
usb1 at ehci1: USB revision 2.0
uhub1 at usb1 configuration 1 interface 0 &quot;Intel EHCI root hub&quot; rev 2.00/1.00 addr 1
ppb8 at pci0 dev 30 function 0 &quot;Intel 82801BA Hub-to-PCI&quot; rev 0x92
pci9 at ppb8 bus 9
vga1 at pci9 dev 3 function 0 &quot;Matrox MGA G200eW&quot; rev 0x0a
wsdisplay0 at vga1 mux 1: console (80x25, vt100 emulation)
wsdisplay0: screen 1-5 added (80x25, vt100 emulation)
pcib0 at pci0 dev 31 function 0 &quot;Intel 82801IB LPC&quot; rev 0x02
usb2 at uhci0: USB revision 1.0
uhub2 at usb2 configuration 1 interface 0 &quot;Intel UHCI root hub&quot; rev 1.00/1.00 addr 1
usb3 at uhci1: USB revision 1.0
uhub3 at usb3 configuration 1 interface 0 &quot;Intel UHCI root hub&quot; rev 1.00/1.00 addr 1
usb4 at uhci2: USB revision 1.0
uhub4 at usb4 configuration 1 interface 0 &quot;Intel UHCI root hub&quot; rev 1.00/1.00 addr 1
usb5 at uhci3: USB revision 1.0
uhub5 at usb5 configuration 1 interface 0 &quot;Intel UHCI root hub&quot; rev 1.00/1.00 addr 1
isa0 at pcib0
isadma0 at isa0
com0 at isa0 port 0x3f8/8 irq 4: ns16550a, 16 byte fifo
com0: console
com1 at isa0 port 0x2f8/8 irq 3: ns16550a, 16 byte fifo
pckbc0 at isa0 port 0x60/5 irq 1 irq 12
pckbd0 at pckbc0 (kbd slot)
wskbd0 at pckbd0: console keyboard, using wsdisplay0
pcppi0 at isa0 port 0x61
spkr0 at pcppi0
vmm0 at mainbus0: VMX/EPT
uhub6 at uhub0 port 3 configuration 1 interface 0 &quot;Standard Microsystems product 0x2514&quot; rev 2.00/0.00 addr 2
uhidev0 at uhub4 port 2 configuration 1 interface 0 &quot;Avocent USB Composite Device-0&quot; rev 1.10/0.00 addr 2
uhidev0: iclass 3/1
ukbd0 at uhidev0: 8 variable keys, 6 key codes
wskbd1 at ukbd0 mux 1
wskbd1: connecting to wsdisplay0
uhidev1 at uhub4 port 2 configuration 1 interface 1 &quot;Avocent USB Composite Device-0&quot; rev 1.10/0.00 addr 2
uhidev1: iclass 3/1
ums0 at uhidev1: 3 buttons, Z dir
wsmouse0 at ums0 mux 0
vscsi0 at root
scsibus2 at vscsi0: 256 targets
softraid0 at root
scsibus3 at softraid0: 256 targets
root on sd0a (de82ab7ce6a81098.a) swap on sd0b dump on sd0b
bnx0: address xx:xx:xx:xx:xx:xx
brgphy0 at bnx0 phy 1: BCM5709 10/100/1000baseT PHY, rev. 8
bnx1: address xx:xx:xx:xx:xx:xx
brgphy1 at bnx1 phy 1: BCM5709 10/100/1000baseT PHY, rev. 8
bnx2: address xx:xx:xx:xx:xx:xx
brgphy2 at bnx2 phy 1: BCM5709 10/100/1000baseT PHY, rev. 8
bnx3: address xx:xx:xx:xx:xx:xx
brgphy3 at bnx3 phy 1: BCM5709 10/100/1000baseT PHY, rev. 8
wskbd1: disconnecting from wsdisplay0
wskbd1 detached
ukbd0 detached
uhidev0 detached
wsmouse0 detached
ums0 detached
uhidev1 detached
</pre>



</div><!-- content -->
<br />
<div id="footer">
All comments/news/posts are the property of their individual owner and
is presented without warranty of suitability, and solely as an
informational resource. <br />
This site Copyright &copy; 2004-2020 NYC*BUG.
</div><!-- footer -->

</body>
</html>

