



<!doctype html>
<html lang="en">
<head>
<meta name="keywords"
	content="bsd, freebsd, openbsd, netbsd, dragonflybsd, nycbug, dmesgd" />
<meta name="description" content="New York City BSD User Group dmesgd" />
<meta charset="utf-8" />
<meta name="viewport" content="width=device-width, initial-scale=1" />
<title>NYC*BUG dmesgd</title>
<style>
body {
	text-align: left;
	margin: 15px auto;
	padding: 0px 10px;
}
@media (min-width: 800px) {
	body {
		max-width: 85%;
	}
}
#header {
	border-bottom: 1px solid #dbdbdb;
	font-size: 230%;
	text-align: left;
}
#footer {
	border-top: 1px solid #dbdbdb;
	clear: both;
	text-align: left;
}
.logo_bug {
	color: #cc0033;
}
#menu ul {
	list-style-type: none;
	margin: 0;
	padding: 0;
}
#menu li {
	float: left;
}
#menu li a {
	display: block;
	background-color: #dbdbdb;
	color: #000000;
	font-size: 105%;
	font-weight: bold;
	padding: 0px 6px 0px 6px;
	text-decoration: none;
}
#content {
	clear: both;
	text-align: left;
	padding-top: 10px;
}
#content h1 {
	font-size: 120%;
	font-weight: bold;
}
#content h2 {
	font-size: 110%;
	font-weight: bold;
}
#content a {
	text-decoration: none;
}
#content pre {
	background-color: #dbdbdb;
	padding: 5px 5px 5px 5px;
	white-space: pre-wrap;		/* css-3 */
	white-space: -moz-pre-wrap;	/* Mozilla, since 1999 */
	white-space: -pre-wrap;		/* Opera 4-6 */
	white-space: -o-pre-wrap;	/* Opera 7 */
	word-wrap: break-word;		/* Internet Explorer 5.5+ */
}
#content table {
	border-collapse: collapse;
}
#content table th {
	border: 1px solid #dbdbdb;
	font-size: 85%;
	white-space: nowrap;
}
#content table td {
	border: 1px solid #dbdbdb;
	font-size: 80%;
}
#content input {
	font-size: 1em;
}
#content .full	{ width: 100%; }
#content .left	{ text-align: left; }
#content .right	{ text-align: right; }
#content .center { text-align: center; }
#content .flexbox {
	display: -ms-flex;
	display: -webkit-flex;
	display: flex;
	width: 100%;
}
#content .left_col {
	min-width: 75px;
	max-width: 50%;
	flex-grow: 0;
}
#content .right_col {
	flex-grow: 1;
	margin-left: 10px;
	padding-top: 10px;
	padding-left: 10px;
}
#col {
	-moz-column-count: 3;
	-webkit-column-count: 3;
	column-count: 3;
}
</style>
</head>
<body>

<div id="header">
<strong><em>NYC*</em><span class="logo_bug">BUG</span> dmesgd</strong>
</div><!-- header -->

<div id="menu">
<ul>
<li><a href="https://dmesgd.nycbug.org/index.cgi?do=index">Home</a></li>
<li><a href="https://dmesgd.nycbug.org/index.cgi?do=submit">Submit</a></li>
<li><a href="https://www.nycbug.org/">NYC*BUG</a></li>
</ul>
</div><!-- menu -->

<div id="content">

<p>
Launched in 2004, dmesgd aims to provide a
<strong>user-submitted</strong> repository of searchable *BSD dmesgs.
The dmesg(8) command displays the system message buffer's content, and
during boot a copy is saved to <em>/var/run/dmesg.boot</em>.  This buffer
contains the operating system release, name and version, a list of
devices identified, plus a whole host of other useful information.  We
hope others find this resource useful and further contribute to its
growth. Contact us at [ admin at lists dot nycbug dot org ].
</p>

<hr />


<strong>Date:</strong> <em>2020-07-11 07:40:35</em><br />
<strong>From:</strong> <em>Mischa</em><br />
<strong>Description:</strong> <em>OpenBSD 6.7-current on Lenovo ThinkCentre M700 (Intel  i5-6400T)</em><br />

<pre>
OpenBSD 6.7-current (GENERIC.MP) #339: Fri Jul 10 13:50:28 MDT 2020
    xxx@xxx.xxx:/usr/src/sys/arch/amd64/compile/GENERIC.MP
real mem = 8457957376 (8066MB)
avail mem = 8186576896 (7807MB)
random: good seed from bootblocks
mpath0 at root
scsibus0 at mpath0: 256 targets
mainbus0 at root
bios0 at mainbus0: SMBIOS rev. 3.0 @ 0xbd148000 (79 entries)
bios0: vendor LENOVO version &quot;FWKTACA&quot; date 03/24/2020
bios0: LENOVO 10HYS0MF00
acpi0 at bios0: ACPI 5.0
acpi0: sleep states S0 S3 S4 S5
acpi0: tables DSDT FACP APIC FPDT FIDT TCPA MCFG HPET SSDT LPIT SSDT SSDT SSDT DBGP DBG2 SSDT SLIC MSDM SSDT UEFI SSDT LUFT ASF! BGRT
acpi0: wakeup devices PEG0(S4) PEGP(S4) PEG1(S4) PEGP(S4) PEG2(S4) PEGP(S4) SIO1(S3) RP09(S4) PXSX(S4) RP10(S4) PXSX(S4) RP11(S4) PXSX(S4) RP12(S4) PXSX(S4) RP13(S4) [...]
acpitimer0 at acpi0: 3579545 Hz, 24 bits
acpimadt0 at acpi0 addr 0xfee00000: PC-AT compat
cpu0 at mainbus0: apid 0 (boot processor)
cpu0: Intel(R) Core(TM) i5-6400T CPU @ 2.20GHz, 2095.85 MHz, 06-5e-03
cpu0: FPU,VME,DE,PSE,TSC,MSR,PAE,MCE,CX8,APIC,SEP,MTRR,PGE,MCA,CMOV,PAT,PSE36,CFLUSH,DS,ACPI,MMX,FXSR,SSE,SSE2,SS,HTT,TM,PBE,SSE3,PCLMUL,DTES64,MWAIT,DS-CPL,VMX,EST,TM2,SSSE3,SDBG,FMA3,CX16,xTPR,PDCM,PCID,SSE4.1,SSE4.2,x2APIC,MOVBE,POPCNT,DEADLINE,AES,XSAVE,AVX,F16C,RDRAND,NXE,PAGE1GB,RDTSCP,LONG,LAHF,ABM,3DNOWP,PERF,ITSC,FSGSBASE,TSC_ADJUST,SGX,BMI1,AVX2,SMEP,BMI2,ERMS,INVPCID,MPX,RDSEED,ADX,SMAP,CLFLUSHOPT,PT,MD_CLEAR,TSXFA,IBRS,IBPB,STIBP,L1DF,SSBD,SENSOR,ARAT,XSAVEOPT,XSAVEC,XGETBV1,XSAVES,MELTDOWN
cpu0: 256KB 64b/line 8-way L2 cache
cpu0: smt 0, core 0, package 0
mtrr: Pentium Pro MTRR support, 10 var ranges, 88 fixed ranges
cpu0: apic clock running at 24MHz
cpu0: mwait min=64, max=64, C-substates=0.2.1.2.4.1, IBE
cpu1 at mainbus0: apid 2 (application processor)
cpu1: Intel(R) Core(TM) i5-6400T CPU @ 2.20GHz, 2095.12 MHz, 06-5e-03
cpu1: FPU,VME,DE,PSE,TSC,MSR,PAE,MCE,CX8,APIC,SEP,MTRR,PGE,MCA,CMOV,PAT,PSE36,CFLUSH,DS,ACPI,MMX,FXSR,SSE,SSE2,SS,HTT,TM,PBE,SSE3,PCLMUL,DTES64,MWAIT,DS-CPL,VMX,EST,TM2,SSSE3,SDBG,FMA3,CX16,xTPR,PDCM,PCID,SSE4.1,SSE4.2,x2APIC,MOVBE,POPCNT,DEADLINE,AES,XSAVE,AVX,F16C,RDRAND,NXE,PAGE1GB,RDTSCP,LONG,LAHF,ABM,3DNOWP,PERF,ITSC,FSGSBASE,TSC_ADJUST,SGX,BMI1,AVX2,SMEP,BMI2,ERMS,INVPCID,MPX,RDSEED,ADX,SMAP,CLFLUSHOPT,PT,MD_CLEAR,TSXFA,IBRS,IBPB,STIBP,L1DF,SSBD,SENSOR,ARAT,XSAVEOPT,XSAVEC,XGETBV1,XSAVES,MELTDOWN
cpu1: 256KB 64b/line 8-way L2 cache
cpu1: smt 0, core 1, package 0
cpu2 at mainbus0: apid 4 (application processor)
cpu2: Intel(R) Core(TM) i5-6400T CPU @ 2.20GHz, 2095.12 MHz, 06-5e-03
cpu2: FPU,VME,DE,PSE,TSC,MSR,PAE,MCE,CX8,APIC,SEP,MTRR,PGE,MCA,CMOV,PAT,PSE36,CFLUSH,DS,ACPI,MMX,FXSR,SSE,SSE2,SS,HTT,TM,PBE,SSE3,PCLMUL,DTES64,MWAIT,DS-CPL,VMX,EST,TM2,SSSE3,SDBG,FMA3,CX16,xTPR,PDCM,PCID,SSE4.1,SSE4.2,x2APIC,MOVBE,POPCNT,DEADLINE,AES,XSAVE,AVX,F16C,RDRAND,NXE,PAGE1GB,RDTSCP,LONG,LAHF,ABM,3DNOWP,PERF,ITSC,FSGSBASE,TSC_ADJUST,SGX,BMI1,AVX2,SMEP,BMI2,ERMS,INVPCID,MPX,RDSEED,ADX,SMAP,CLFLUSHOPT,PT,MD_CLEAR,TSXFA,IBRS,IBPB,STIBP,L1DF,SSBD,SENSOR,ARAT,XSAVEOPT,XSAVEC,XGETBV1,XSAVES,MELTDOWN
cpu2: 256KB 64b/line 8-way L2 cache
cpu2: smt 0, core 2, package 0
cpu3 at mainbus0: apid 6 (application processor)
cpu3: Intel(R) Core(TM) i5-6400T CPU @ 2.20GHz, 2095.12 MHz, 06-5e-03
cpu3: FPU,VME,DE,PSE,TSC,MSR,PAE,MCE,CX8,APIC,SEP,MTRR,PGE,MCA,CMOV,PAT,PSE36,CFLUSH,DS,ACPI,MMX,FXSR,SSE,SSE2,SS,HTT,TM,PBE,SSE3,PCLMUL,DTES64,MWAIT,DS-CPL,VMX,EST,TM2,SSSE3,SDBG,FMA3,CX16,xTPR,PDCM,PCID,SSE4.1,SSE4.2,x2APIC,MOVBE,POPCNT,DEADLINE,AES,XSAVE,AVX,F16C,RDRAND,NXE,PAGE1GB,RDTSCP,LONG,LAHF,ABM,3DNOWP,PERF,ITSC,FSGSBASE,TSC_ADJUST,SGX,BMI1,AVX2,SMEP,BMI2,ERMS,INVPCID,MPX,RDSEED,ADX,SMAP,CLFLUSHOPT,PT,MD_CLEAR,TSXFA,IBRS,IBPB,STIBP,L1DF,SSBD,SENSOR,ARAT,XSAVEOPT,XSAVEC,XGETBV1,XSAVES,MELTDOWN
cpu3: 256KB 64b/line 8-way L2 cache
cpu3: smt 0, core 3, package 0
ioapic0 at mainbus0: apid 2 pa 0xfec00000, version 20, 120 pins
acpimcfg0 at acpi0
acpimcfg0: addr 0xe0000000, bus 0-255
acpihpet0 at acpi0: 23999999 Hz
acpiprt0 at acpi0: bus 0 (PCI0)
acpiprt1 at acpi0: bus -1 (PEG0)
acpiprt2 at acpi0: bus -1 (PEG1)
acpiprt3 at acpi0: bus -1 (PEG2)
acpiprt4 at acpi0: bus -1 (RP09)
acpiprt5 at acpi0: bus -1 (RP10)
acpiprt6 at acpi0: bus -1 (RP11)
acpiprt7 at acpi0: bus -1 (RP12)
acpiprt8 at acpi0: bus -1 (RP13)
acpiprt9 at acpi0: bus -1 (RP01)
acpiprt10 at acpi0: bus -1 (RP02)
acpiprt11 at acpi0: bus -1 (RP03)
acpiprt12 at acpi0: bus -1 (RP04)
acpiprt13 at acpi0: bus -1 (RP05)
acpiprt14 at acpi0: bus -1 (RP06)
acpiprt15 at acpi0: bus 1 (RP07)
acpiprt16 at acpi0: bus -1 (RP08)
acpiprt17 at acpi0: bus -1 (RP17)
acpiprt18 at acpi0: bus -1 (RP18)
acpiprt19 at acpi0: bus -1 (RP19)
acpiprt20 at acpi0: bus -1 (RP20)
acpiprt21 at acpi0: bus -1 (RP14)
acpiprt22 at acpi0: bus -1 (RP15)
acpiprt23 at acpi0: bus -1 (RP16)
acpiec0 at acpi0: not present
acpicpu0 at acpi0: C3(200@256 mwait.1@0x40), C2(200@151 mwait.1@0x33), C1(1000@1 mwait.1), PSS
acpicpu1 at acpi0: C3(200@256 mwait.1@0x40), C2(200@151 mwait.1@0x33), C1(1000@1 mwait.1), PSS
acpicpu2 at acpi0: C3(200@256 mwait.1@0x40), C2(200@151 mwait.1@0x33), C1(1000@1 mwait.1), PSS
acpicpu3 at acpi0: C3(200@256 mwait.1@0x40), C2(200@151 mwait.1@0x33), C1(1000@1 mwait.1), PSS
acpipwrres0 at acpi0: PG00, resource for PEG0
acpipwrres1 at acpi0: PG01, resource for PEG1
acpipwrres2 at acpi0: PG02, resource for PEG2
acpipwrres3 at acpi0: WRST
acpipwrres4 at acpi0: WRST
acpipwrres5 at acpi0: WRST
acpipwrres6 at acpi0: WRST
acpipwrres7 at acpi0: WRST
acpipwrres8 at acpi0: WRST
acpipwrres9 at acpi0: WRST
acpipwrres10 at acpi0: WRST
acpipwrres11 at acpi0: WRST
acpipwrres12 at acpi0: WRST
acpipwrres13 at acpi0: WRST
acpipwrres14 at acpi0: WRST
acpipwrres15 at acpi0: WRST
acpipwrres16 at acpi0: WRST
acpipwrres17 at acpi0: WRST
acpipwrres18 at acpi0: WRST
acpipwrres19 at acpi0: WRST
acpipwrres20 at acpi0: WRST
acpipwrres21 at acpi0: WRST
acpipwrres22 at acpi0: WRST
acpipwrres23 at acpi0: FN00, resource for FAN0
acpipwrres24 at acpi0: FN01, resource for FAN1
acpipwrres25 at acpi0: FN02, resource for FAN2
acpipwrres26 at acpi0: FN03, resource for FAN3
acpipwrres27 at acpi0: FN04, resource for FAN4
acpitz0 at acpi0: critical temperature is 119 degC
acpitz1 at acpi0: critical temperature is 119 degC
acpipci0 at acpi0 PCI0: 0x00000000 0x00000011 0x00000001
extent `acpipci0 pcibus' (0x0 - 0xff), flags=0
     0xff - 0xff
extent `acpipci0 pciio' (0x0 - 0xffffffff), flags=0
     0xcf8 - 0xcff
     0x10000 - 0xffffffff
extent `acpipci0 pcimem' (0x0 - 0xffffffffffffffff), flags=0
     0x0 - 0x9ffff
     0xc0000 - 0xbfffffff
     0xe0000000 - 0xfcffffff
     0xfe800000 - 0xffffffffffffffff
acpicmos0 at acpi0
acpibtn0 at acpi0: SLPB
&quot;PNP0C14&quot; at acpi0 not configured
&quot;INT33A1&quot; at acpi0 not configured
acpibtn1 at acpi0: PWRB
tpm0 at acpi0 TPM_ addr 0xfed40000/0x5000, WEC WPCT200 rev 0x2
&quot;PNP0C0B&quot; at acpi0 not configured
&quot;PNP0C0B&quot; at acpi0 not configured
&quot;PNP0C0B&quot; at acpi0 not configured
&quot;PNP0C0B&quot; at acpi0 not configured
&quot;PNP0C0B&quot; at acpi0 not configured
&quot;PNP0C14&quot; at acpi0 not configured
&quot;LEN4001&quot; at acpi0 not configured
acpivideo0 at acpi0: GFX0
acpivout0 at acpivideo0: DD1F
cpu0: using VERW MDS workaround (except on vmm entry)
cpu0: Enhanced SpeedStep 2095 MHz: speeds: 2201, 2200, 2100, 2000, 1900, 1800, 1700, 1600, 1500, 1400, 1300, 1200, 1100, 1000, 900, 800 MHz
pci0 at mainbus0 bus 0
pchb0 at pci0 dev 0 function 0 &quot;Intel Core 6G Host&quot; rev 0x07
inteldrm0 at pci0 dev 2 function 0 &quot;Intel HD Graphics 530&quot; rev 0x06
drm0 at inteldrm0
inteldrm0: msi, SKYLAKE, gen 9
xhci0 at pci0 dev 20 function 0 &quot;Intel 100 Series xHCI&quot; rev 0x31: msi, xHCI 1.0
usb0 at xhci0: USB revision 3.0
uhub0 at usb0 configuration 1 interface 0 &quot;Intel xHCI root hub&quot; rev 3.00/1.00 addr 1
&quot;Intel 100 Series MEI&quot; rev 0x31 at pci0 dev 22 function 0 not configured
ahci0 at pci0 dev 23 function 0 &quot;Intel 100 Series AHCI&quot; rev 0x31: msi, AHCI 1.3.1
ahci0: port 0: 6.0Gb/s
ahci0: PHY offline on port 1
ahci0: PHY offline on port 2
ahci0: PHY offline on port 3
ahci0: PHY offline on port 4
ahci0: PHY offline on port 5
scsibus1 at ahci0: 32 targets
sd0 at scsibus1 targ 0 lun 0: &lt;ATA, ADATA SU800, Q012&gt; naa.5707c181004bd722
sd0: 122104MB, 512 bytes/sector, 250069680 sectors, thin
ppb0 at pci0 dev 28 function 0 &quot;Intel 100 Series PCIE&quot; rev 0xf1: msi
pci1 at ppb0 bus 1
iwm0 at pci1 dev 0 function 0 &quot;Intel Dual Band Wireless AC 8260&quot; rev 0x3a, msi
pcib0 at pci0 dev 31 function 0 &quot;Intel B150 LPC&quot; rev 0x31
&quot;Intel 100 Series PMC&quot; rev 0x31 at pci0 dev 31 function 2 not configured
azalia0 at pci0 dev 31 function 3 &quot;Intel 100 Series HD Audio&quot; rev 0x31: msi
azalia0: codecs: Realtek/0x0233, Intel/0x2809, using Realtek/0x0233
audio0 at azalia0
ichiic0 at pci0 dev 31 function 4 &quot;Intel 100 Series SMBus&quot; rev 0x31: apic 2 int 16
iic0 at ichiic0
spdmem0 at iic0 addr 0x50: 4GB DDR4 SDRAM PC4-21300 SO-DIMM
spdmem1 at iic0 addr 0x52: 4GB DDR4 SDRAM PC4-21300 SO-DIMM
em0 at pci0 dev 31 function 6 &quot;Intel I219-V&quot; rev 0x31: msi, address xx:xx:xx:xx:xx:xx
isa0 at pcib0
isadma0 at isa0
com0 at isa0 port 0x3f8/8 irq 4: ns16550a, 16 byte fifo
pckbc0 at isa0 port 0x60/5 irq 1 irq 12
pckbd0 at pckbc0 (kbd slot)
wskbd0 at pckbd0: console keyboard
pcppi0 at isa0 port 0x61
spkr0 at pcppi0
vmm0 at mainbus0: VMX/EPT
uhub1 at uhub0 port 2 configuration 1 interface 0 &quot;Apple Inc. Keyboard Hub&quot; rev 2.00/96.15 addr 2
uhidev0 at uhub1 port 2 configuration 1 interface 0 &quot;Apple Inc. Apple Keyboard&quot; rev 2.00/0.70 addr 3
uhidev0: iclass 3/1
ukbd0 at uhidev0: 8 variable keys, 5 key codes, country code 13
wskbd1 at ukbd0 mux 1
uhidev1 at uhub1 port 2 configuration 1 interface 1 &quot;Apple Inc. Apple Keyboard&quot; rev 2.00/0.70 addr 3
uhidev1: iclass 3/0
uhid0 at uhidev1: input=1, output=0, feature=0
uhidev2 at uhub1 port 3 configuration 1 interface 0 &quot;Primax Electronics Apple Optical USB Mouse&quot; rev 1.10/1.10 addr 4
uhidev2: iclass 3/1
ums0 at uhidev2: 4 buttons, Z and W dir
wsmouse0 at ums0 mux 0
ugen0 at uhub0 port 9 &quot;Intel Bluetooth&quot; rev 2.00/0.01 addr 5
vscsi0 at root
scsibus2 at vscsi0: 256 targets
softraid0 at root
scsibus3 at softraid0: 256 targets
root on sd0a (0510f8bc43d0ec94.a) swap on sd0b dump on sd0b
inteldrm0: 1920x1200, 32bpp
wsdisplay0 at inteldrm0 mux 1: console (std, vt100 emulation), using wskbd0
wskbd1: connecting to wsdisplay0
wsdisplay0: screen 1-5 added (std, vt100 emulation)
iwm0: hw rev 0x200, fw ver 34.0.1, address xx:xx:xx:xx:xx:xx

</pre>



</div><!-- content -->
<br />
<div id="footer">
All comments/news/posts are the property of their individual owner and
is presented without warranty of suitability, and solely as an
informational resource. <br />
This site Copyright &copy; 2004-2020 NYC*BUG.
</div><!-- footer -->

</body>
</html>

