



<!doctype html>
<html lang="en">
<head>
<meta name="keywords"
	content="bsd, freebsd, openbsd, netbsd, dragonflybsd, nycbug, dmesgd" />
<meta name="description" content="New York City BSD User Group dmesgd" />
<meta charset="utf-8" />
<meta name="viewport" content="width=device-width, initial-scale=1" />
<title>NYC*BUG dmesgd</title>
<style>
body {
	text-align: left;
	margin: 15px auto;
	padding: 0px 10px;
}
@media (min-width: 800px) {
	body {
		max-width: 85%;
	}
}
#header {
	border-bottom: 1px solid #dbdbdb;
	font-size: 230%;
	text-align: left;
}
#footer {
	border-top: 1px solid #dbdbdb;
	clear: both;
	text-align: left;
}
.logo_bug {
	color: #cc0033;
}
#menu ul {
	list-style-type: none;
	margin: 0;
	padding: 0;
}
#menu li {
	float: left;
}
#menu li a {
	display: block;
	background-color: #dbdbdb;
	color: #000000;
	font-size: 105%;
	font-weight: bold;
	padding: 0px 6px 0px 6px;
	text-decoration: none;
}
#content {
	clear: both;
	text-align: left;
	padding-top: 10px;
}
#content h1 {
	font-size: 120%;
	font-weight: bold;
}
#content h2 {
	font-size: 110%;
	font-weight: bold;
}
#content a {
	text-decoration: none;
}
#content pre {
	background-color: #dbdbdb;
	padding: 5px 5px 5px 5px;
	white-space: pre-wrap;		/* css-3 */
	white-space: -moz-pre-wrap;	/* Mozilla, since 1999 */
	white-space: -pre-wrap;		/* Opera 4-6 */
	white-space: -o-pre-wrap;	/* Opera 7 */
	word-wrap: break-word;		/* Internet Explorer 5.5+ */
}
#content table {
	border-collapse: collapse;
}
#content table th {
	border: 1px solid #dbdbdb;
	font-size: 85%;
	white-space: nowrap;
}
#content table td {
	border: 1px solid #dbdbdb;
	font-size: 80%;
}
#content input {
	font-size: 1em;
}
#content .full	{ width: 100%; }
#content .left	{ text-align: left; }
#content .right	{ text-align: right; }
#content .center { text-align: center; }
#content .flexbox {
	display: -ms-flex;
	display: -webkit-flex;
	display: flex;
	width: 100%;
}
#content .left_col {
	min-width: 75px;
	max-width: 50%;
	flex-grow: 0;
}
#content .right_col {
	flex-grow: 1;
	margin-left: 10px;
	padding-top: 10px;
	padding-left: 10px;
}
#col {
	-moz-column-count: 3;
	-webkit-column-count: 3;
	column-count: 3;
}
</style>
</head>
<body>

<div id="header">
<strong><em>NYC*</em><span class="logo_bug">BUG</span> dmesgd</strong>
</div><!-- header -->

<div id="menu">
<ul>
<li><a href="https://dmesgd.nycbug.org/index.cgi?do=index">Home</a></li>
<li><a href="https://dmesgd.nycbug.org/index.cgi?do=submit">Submit</a></li>
<li><a href="https://www.nycbug.org/">NYC*BUG</a></li>
</ul>
</div><!-- menu -->

<div id="content">

<p>
Launched in 2004, dmesgd aims to provide a
<strong>user-submitted</strong> repository of searchable *BSD dmesgs.
The dmesg(8) command displays the system message buffer's content, and
during boot a copy is saved to <em>/var/run/dmesg.boot</em>.  This buffer
contains the operating system release, name and version, a list of
devices identified, plus a whole host of other useful information.  We
hope others find this resource useful and further contribute to its
growth. Contact us at [ admin at lists dot nycbug dot org ].
</p>

<hr />


<strong>Date:</strong> <em>2020-07-26 21:24:33</em><br />
<strong>From:</strong> <em>namtsui</em><br />
<strong>Description:</strong> <em>OpenBSD AMD Ryzen 9 3900X, MSI B450 GAMING PLUS MAX and ATI Radeon HD 6850</em><br />

<pre>
OpenBSD 6.7-current (CUSTOM) #0: Mon Jul 20 22:00:47 PDT 2020
    xxx@xxx.xxx:/sys/arch/amd64/compile/CUSTOM
real mem = 17111007232 (16318MB)
avail mem = 16577486848 (15809MB)
random: good seed from bootblocks
mpath0 at root
scsibus0 at mpath0: 256 targets
mainbus0 at root
bios0 at mainbus0: SMBIOS rev. 2.8 @ 0xe6cf0 (60 entries)
bios0: vendor American Megatrends Inc. version &quot;H.60&quot; date 04/18/2020
bios0: Micro-Star International Co., Ltd MS-7B86
acpi0 at bios0: ACPI 6.0
acpi0: sleep states S0 S4 S5
acpi0: tables DSDT FACP APIC FPDT FIDT SSDT SSDT SSDT MCFG HPET UEFI IVRS PCCT SSDT CRAT CDIT SSDT SSDT WSMT
acpi0: wakeup devices GPP0(S4) GPP1(S4) GPP3(S4) GPP4(S4) GPP5(S4) GPP6(S4) GPP7(S4) GPP8(S4) GPP9(S4) GPPA(S4) GPPB(S4) GPPC(S4) GPPD(S4) GPPE(S4) GPPF(S4) GP10(S4) [...]
acpitimer0 at acpi0: 3579545 Hz, 32 bits
acpimadt0 at acpi0 addr 0xfee00000: PC-AT compat
cpu0 at mainbus0: apid 0 (boot processor)
cpu0: AMD Ryzen 9 3900X 12-Core Processor, 3800.57 MHz, 17-71-00
cpu0: FPU,VME,DE,PSE,TSC,MSR,PAE,MCE,CX8,APIC,SEP,MTRR,PGE,MCA,CMOV,PAT,PSE36,CFLUSH,MMX,FXSR,SSE,SSE2,HTT,SSE3,PCLMUL,MWAIT,SSSE3,FMA3,CX16,SSE4.1,SSE4.2,MOVBE,POPCNT,AES,XSAVE,AVX,F16C,RDRAND,NXE,MMXX,FFXSR,PAGE1GB,RDTSCP,LONG,LAHF,CMPLEG,SVM,EAPICSP,AMCR8,ABM,SSE4A,MASSE,3DNOWP,OSVW,IBS,SKINIT,TCE,TOPEXT,CPCTR,DBKP,PCTRL3,MWAITX,ITSC,FSGSBASE,BMI1,AVX2,SMEP,BMI2,PQM,RDSEED,ADX,SMAP,CLFLUSHOPT,CLWB,SHA,UMIP,IBPB,STIBP,SSBD,XSAVEOPT,XSAVEC,XGETBV1,XSAVES
cpu0: 32KB 64b/line 8-way I-cache, 32KB 64b/line 8-way D-cache, 512KB 64b/line 8-way L2 cache, 64MB 64b/line disabled L3 cache
cpu0: ITLB 64 4KB entries fully associative, 64 4MB entries fully associative
cpu0: DTLB 64 4KB entries fully associative, 64 4MB entries fully associative
cpu0: smt 0, core 0, package 0
mtrr: Pentium Pro MTRR support, 8 var ranges, 88 fixed ranges
cpu0: apic clock running at 100MHz
cpu0: mwait min=64, max=64, C-substates=1.1, IBE
cpu at mainbus0: not configured
cpu at mainbus0: not configured
cpu at mainbus0: not configured
cpu at mainbus0: not configured
cpu at mainbus0: not configured
cpu at mainbus0: not configured
cpu at mainbus0: not configured
cpu at mainbus0: not configured
cpu at mainbus0: not configured
cpu at mainbus0: not configured
cpu at mainbus0: not configured
ioapic0 at mainbus0: apid 13 pa 0xfec00000, version 21, 24 pins
ioapic1 at mainbus0: apid 14 pa 0xfec01000, version 21, 32 pins
acpimcfg0 at acpi0
acpimcfg0: addr 0xf8000000, bus 0-63
acpihpet0 at acpi0: 14318180 Hz
acpiprt0 at acpi0: bus 0 (PCI0)
acpiprt1 at acpi0: bus -1 (GPP0)
acpiprt2 at acpi0: bus -1 (GPP1)
acpiprt3 at acpi0: bus -1 (GPP3)
acpiprt4 at acpi0: bus -1 (GPP4)
acpiprt5 at acpi0: bus -1 (GPP5)
acpiprt6 at acpi0: bus -1 (GPP6)
acpiprt7 at acpi0: bus -1 (GPP7)
acpiprt8 at acpi0: bus 38 (GPP8)
acpiprt9 at acpi0: bus -1 (GPP9)
acpiprt10 at acpi0: bus -1 (GPPA)
acpiprt11 at acpi0: bus -1 (GPPB)
acpiprt12 at acpi0: bus -1 (GPPC)
acpiprt13 at acpi0: bus -1 (GPPD)
acpiprt14 at acpi0: bus -1 (GPPE)
acpiprt15 at acpi0: bus -1 (GPPF)
acpiprt16 at acpi0: bus -1 (GP10)
acpiprt17 at acpi0: bus 39 (GP12)
acpiprt18 at acpi0: bus 40 (GP13)
acpiprt19 at acpi0: bus 48 (GP30)
acpiprt20 at acpi0: bus 49 (GP31)
acpiprt21 at acpi0: bus 3 (GPP2)
acpicpu0 at acpi0: C2(0@400 io@0x414), C1(0@1 mwait), PSS
acpipci0 at acpi0 PCI0: 0x00000010 0x00000011 0x00000000
extent `acpipci0 pcibus' (0x0 - 0xff), flags=0
extent `acpipci0 pciio' (0x0 - 0xffffffff), flags=0
     0xcf8 - 0xcff
     0x10000 - 0xffffffff
extent `acpipci0 pcimem' (0x0 - 0xffffffffffffffff), flags=0
     0x0 - 0x9ffff
     0xe0000 - 0xcfffffff
     0xfec30000 - 0xfedfffff
     0x100000000 - 0xffffffffffffffff
acpicmos0 at acpi0
acpibtn0 at acpi0: PWRB
amdgpio0 at acpi0 GPIO uid 0 addr 0xfed81500/0x400 irq 7, 184 pins
&quot;PNP0C14&quot; at acpi0 not configured
&quot;PNP0C14&quot; at acpi0 not configured
&quot;AMDIF030&quot; at acpi0 not configured
&quot;PNP0C14&quot; at acpi0 not configured
cpu0: 3800 MHz: speeds: 3800 2800 2200 MHz
pci0 at mainbus0 bus 0
ksmn0 at pci0 dev 0 function 0 &quot;AMD 17h/3xh Root Complex&quot; rev 0x00
vendor &quot;AMD&quot;, unknown product 0x1481 (class system subclass IOMMU, rev 0x00) at pci0 dev 0 function 2 not configured
pchb0 at pci0 dev 1 function 0 vendor &quot;AMD&quot;, unknown product 0x1482 rev 0x00
ppb0 at pci0 dev 1 function 3 vendor &quot;AMD&quot;, unknown product 0x1483 rev 0x00: msi
pci1 at ppb0 bus 3
xhci0 at pci1 dev 0 function 0 vendor &quot;AMD&quot;, unknown product 0x43d5 rev 0x01: msi, xHCI 1.10
usb0 at xhci0: USB revision 3.0
uhub0 at usb0 configuration 1 interface 0 &quot;AMD xHCI root hub&quot; rev 3.00/1.00 addr 1
ahci0 at pci1 dev 0 function 1 &quot;AMD 400 Series AHCI&quot; rev 0x01: msi, AHCI 1.3.1
ahci0: port busy after first PMP probe FIS
ahci0: port busy after first PMP probe FIS
ahci0: port 5: 6.0Gb/s
scsibus1 at ahci0: 32 targets
sd0 at scsibus1 targ 5 lun 0: &lt;ATA, Samsung SSD 860, RVT0&gt; naa.5002538e09947a58
sd0: 953869MB, 512 bytes/sector, 1953525168 sectors, thin
ppb1 at pci1 dev 0 function 2 &quot;AMD 400 Series PCIE&quot; rev 0x01
pci2 at ppb1 bus 32
ppb2 at pci2 dev 0 function 0 &quot;AMD 400 Series PCIE&quot; rev 0x01: msi
pci3 at ppb2 bus 33
ppb3 at pci2 dev 1 function 0 &quot;AMD 400 Series PCIE&quot; rev 0x01: msi
pci4 at ppb3 bus 34
re0 at pci4 dev 0 function 0 &quot;Realtek 8168&quot; rev 0x15: RTL8168H/8111H (0x5400), msi, address xx:xx:xx:xx:xx:xx
rgephy0 at re0 phy 7: RTL8251 PHY, rev. 0
ppb4 at pci2 dev 4 function 0 &quot;AMD 400 Series PCIE&quot; rev 0x01: msi
pci5 at ppb4 bus 37
vendor &quot;NVIDIA&quot;, unknown product 0x1184 (class display subclass VGA, rev 0xa1) at pci5 dev 0 function 0 not configured
azalia0 at pci5 dev 0 function 1 vendor &quot;NVIDIA&quot;, unknown product 0x0e0a rev 0xa1: msi
azalia0: no supported codecs
pchb1 at pci0 dev 2 function 0 vendor &quot;AMD&quot;, unknown product 0x1482 rev 0x00
pchb2 at pci0 dev 3 function 0 vendor &quot;AMD&quot;, unknown product 0x1482 rev 0x00
ppb5 at pci0 dev 3 function 1 vendor &quot;AMD&quot;, unknown product 0x1483 rev 0x00: msi
pci6 at ppb5 bus 38
radeondrm0 at pci6 dev 0 function 0 &quot;ATI Radeon HD 6850&quot; rev 0x00
drm0 at radeondrm0
radeondrm0: msi
azalia1 at pci6 dev 0 function 1 vendor &quot;ATI&quot;, unknown product 0xaa88 rev 0x00: msi
azalia1: no supported codecs
pchb3 at pci0 dev 4 function 0 vendor &quot;AMD&quot;, unknown product 0x1482 rev 0x00
pchb4 at pci0 dev 5 function 0 vendor &quot;AMD&quot;, unknown product 0x1482 rev 0x00
pchb5 at pci0 dev 7 function 0 vendor &quot;AMD&quot;, unknown product 0x1482 rev 0x00
ppb6 at pci0 dev 7 function 1 vendor &quot;AMD&quot;, unknown product 0x1484 rev 0x00
pci7 at ppb6 bus 39
vendor &quot;AMD&quot;, unknown product 0x148a (class instrumentation unknown subclass 0x00, rev 0x00) at pci7 dev 0 function 0 not configured
pchb6 at pci0 dev 8 function 0 vendor &quot;AMD&quot;, unknown product 0x1482 rev 0x00
ppb7 at pci0 dev 8 function 1 vendor &quot;AMD&quot;, unknown product 0x1484 rev 0x00
pci8 at ppb7 bus 40
vendor &quot;AMD&quot;, unknown product 0x1485 (class instrumentation unknown subclass 0x00, rev 0x00) at pci8 dev 0 function 0 not configured
ccp0 at pci8 dev 0 function 1 &quot;AMD 17h/3xh Crypto&quot; rev 0x00
xhci1 at pci8 dev 0 function 3 vendor &quot;AMD&quot;, unknown product 0x149c rev 0x00: msi, xHCI 1.10
usb1 at xhci1: USB revision 3.0
uhub1 at usb1 configuration 1 interface 0 &quot;AMD xHCI root hub&quot; rev 3.00/1.00 addr 1
azalia2 at pci8 dev 0 function 4 vendor &quot;AMD&quot;, unknown product 0x1487 rev 0x00: msi
azalia2: codecs: Realtek/0x0892
audio0 at azalia2
ppb8 at pci0 dev 8 function 2 vendor &quot;AMD&quot;, unknown product 0x1484 rev 0x00
pci9 at ppb8 bus 48
ahci1 at pci9 dev 0 function 0 &quot;AMD FCH AHCI&quot; rev 0x51: msi, AHCI 1.3.1
scsibus2 at ahci1: 32 targets
ppb9 at pci0 dev 8 function 3 vendor &quot;AMD&quot;, unknown product 0x1484 rev 0x00
pci10 at ppb9 bus 49
ahci2 at pci10 dev 0 function 0 &quot;AMD FCH AHCI&quot; rev 0x51: msi, AHCI 1.3.1
ahci2: port 5: 6.0Gb/s
scsibus3 at ahci2: 32 targets
sd1 at scsibus3 targ 5 lun 0: &lt;ATA, ST1000DM003-1ER1, CC43&gt; naa.5000c500677bb0c0
sd1: 953869MB, 512 bytes/sector, 1953525168 sectors
piixpm0 at pci0 dev 20 function 0 &quot;AMD FCH SMBus&quot; rev 0x61: SMI
iic0 at piixpm0
iic0: addr 0x1a 00=00 01=00 02=00 03=00 04=00 05=c1 06=1c 07=22 08=00 09=00 words 00=00ef 01=0000 02=0000 03=0000 04=0000 05=c1e8 06=1c68 07=2202
iic0: addr 0x1b 00=00 01=00 02=00 03=00 04=00 05=c1 06=1c 07=22 08=00 09=00 words 00=00ef 01=0000 02=0000 03=0000 04=0000 05=c1d4 06=1c68 07=2202
iic0: addr 0x1c 00=3f 01=00 02=00 04=00 05=00 06=00 07=3f 08=00 09=3f 10=03 11=02 12=00 13=01 14=00 15=3f 16=00 17=3f 20=95 21=92 22=00 32=00 words 00=3fff 01=00ff 02=00ff 03=ffff 04=00ff 05=00ff 06=00ff 07=00ff
iic0: addr 0x20 01=01 04=2a 06=2a 08=2a 09=3c 0b=18 0c=03 0d=23 0e=02 0f=44 10=44 21=01 24=2a 26=2a 28=2a 29=10 2b=18 2c=03 2d=23 2e=02 2f=44 40=0a 41=22 42=85 43=a5 45=05 46=01 47=03 48=05 50=0f 51=07 52=55 53=ff 60=36 61=24 62=1b words 00=0002 01=0100 02=0000 03=0054 04=2a00 05=0054 06=2a00 07=0054
iic0: addr 0x4a 00=6f 01=ae 02=f7 03=80 82=ff 85=2f 86=05 87=12 88=08 89=ff 8a=ff 8b=ff 8c=ff 8d=ff 8e=ff 8f=ff 90=ff 91=ff 92=ff 93=ff 94=ff 95=ff 96=ff 97=ff 98=ff 99=ff 9a=ff 9b=ff 9c=ff 9d=ff 9e=ff 9f=ff a0=ff a1=ff a2=ff a3=ff a4=ff a5=ff a6=ff a7=ff a8=ff a9=ff aa=ff ab=ff ac=ff ad=ff ae=ff af=ff b0=ff b1=ff b2=ff b3=ff b4=ff b5=ff b6=ff b7=ff b8=ff b9=ff ba=ff bb=ff bc=ff bd=ff be=ff bf=ff c0=ff c1=ff c2=ff c3=ff c4=ff c5=ff c6=ff c7=ff c8=ff c9=ff ca=ff cb=ff cc=ff cd=ff ce=ff cf=ff d0=ff d1=ff d2=ff d3=ff d4=ff d5=ff d6=ff d7=ff d8=ff d9=ff da=ff db=ff dc=ff dd=ff de=ff df=ff e0=ff e1=ff e2=ff e3=ff e4=ff e5=ff e6=ff e7=ff e8=ff e9=ff ea=ff eb=ff ec=ff ed=ff ee=ff ef=ff f0=ff f1=ff f2=ff f3=ff f4=ff f5=ff f6=ff f7=ff f8=ff f9=ff fa=ff fb=ff fc=ff fd=ff fe=ff ff=ff words 00=6fae 01=aef7 02=f780 03=8000 04=0000 05=0000 06=0000 07=0000
spdmem0 at iic0 addr 0x52: 8GB DDR4 SDRAM PC4-17000
spdmem1 at iic0 addr 0x53: 8GB DDR4 SDRAM PC4-17000
iic1 at piixpm0
pcib0 at pci0 dev 20 function 3 &quot;AMD FCH LPC&quot; rev 0x51
pchb7 at pci0 dev 24 function 0 vendor &quot;AMD&quot;, unknown product 0x1440 rev 0x00
pchb8 at pci0 dev 24 function 1 vendor &quot;AMD&quot;, unknown product 0x1441 rev 0x00
pchb9 at pci0 dev 24 function 2 vendor &quot;AMD&quot;, unknown product 0x1442 rev 0x00
pchb10 at pci0 dev 24 function 3 vendor &quot;AMD&quot;, unknown product 0x1443 rev 0x00
pchb11 at pci0 dev 24 function 4 vendor &quot;AMD&quot;, unknown product 0x1444 rev 0x00
pchb12 at pci0 dev 24 function 5 vendor &quot;AMD&quot;, unknown product 0x1445 rev 0x00
pchb13 at pci0 dev 24 function 6 vendor &quot;AMD&quot;, unknown product 0x1446 rev 0x00
pchb14 at pci0 dev 24 function 7 vendor &quot;AMD&quot;, unknown product 0x1447 rev 0x00
isa0 at pcib0
isadma0 at isa0
com0 at isa0 port 0x3f8/8 irq 4: ns16550a, 16 byte fifo
pckbc0 at isa0 port 0x60/5 irq 1 irq 12
pckbd0 at pckbc0 (kbd slot)
wskbd0 at pckbd0: console keyboard
pcppi0 at isa0 port 0x61
spkr0 at pcppi0
lpt0 at isa0 port 0x378/4 irq 7
intr_establish: pic ioapic0 pin 7: can't share type 3 with 2
vmm0 at mainbus0: SVM/RVI
uhub2 at uhub0 port 5 configuration 1 interface 0 &quot;NEC hub&quot; rev 2.00/1.00 addr 2
uhidev0 at uhub2 port 1 configuration 1 interface 0 &quot;Topre Corporation HHKB Professional&quot; rev 1.10/1.02 addr 3
uhidev0: iclass 3/1
ukbd0 at uhidev0: 8 variable keys, 6 key codes
wskbd1 at ukbd0 mux 1
uhidev1 at uhub2 port 2 configuration 1 interface 0 &quot;Kingsis Peripherals ZOWIE Gaming mouse&quot; rev 2.00/0.01 addr 4
uhidev1: iclass 3/1
ums0 at uhidev1: 6 buttons, Z dir
wsmouse0 at ums0 mux 0
uhidev2 at uhub0 port 6 configuration 1 interface 0 &quot;Holtek USB Keyboard&quot; rev 1.10/3.90 addr 5
uhidev2: iclass 3/1
ukbd1 at uhidev2: 8 variable keys, 6 key codes
wskbd2 at ukbd1 mux 1
uhidev3 at uhub0 port 6 configuration 1 interface 1 &quot;Holtek USB Keyboard&quot; rev 1.10/3.90 addr 5
uhidev3: iclass 3/1, 2 report ids
uhid0 at uhidev3 reportid 1: input=6, output=0, feature=0
uhid1 at uhidev3 reportid 2: input=1, output=0, feature=0
uhidev4 at uhub0 port 10 configuration 1 interface 0 &quot;Yoyodyne Consulting ODAC-revB&quot; rev 1.10/0.01 addr 6
uhidev4: iclass 3/0
uhid2 at uhidev4: input=19, output=28, feature=0
uaudio0 at uhub0 port 10 configuration 1 interface 1 &quot;Yoyodyne Consulting ODAC-revB&quot; rev 1.10/0.01 addr 6
uaudio0: audio rev 1.00, 2 mixer controls
audio1 at uaudio0
vscsi0 at root
scsibus4 at vscsi0: 256 targets
softraid0 at root
scsibus5 at softraid0: 256 targets
root on sd0a (d95383f96415b9a2.a) swap on sd0b dump on sd0b
initializing kernel modesetting (BARTS 0x1002:0x6739 0x174B:0x174B 0x00).
radeondrm0: 1920x1080, 32bpp
wsdisplay0 at radeondrm0 mux 1: console (std, vt100 emulation), using wskbd0
wskbd1: connecting to wsdisplay0
wskbd2: connecting to wsdisplay0
wsdisplay0: screen 1-5 added (std, vt100 emulation)
</pre>



</div><!-- content -->
<br />
<div id="footer">
All comments/news/posts are the property of their individual owner and
is presented without warranty of suitability, and solely as an
informational resource. <br />
This site Copyright &copy; 2004-2020 NYC*BUG.
</div><!-- footer -->

</body>
</html>

