



<!doctype html>
<html lang="en">
<head>
<meta name="keywords"
	content="bsd, freebsd, openbsd, netbsd, dragonflybsd, nycbug, dmesgd" />
<meta name="description" content="New York City BSD User Group dmesgd" />
<meta charset="utf-8" />
<meta name="viewport" content="width=device-width, initial-scale=1" />
<title>NYC*BUG dmesgd</title>
<style>
body {
	text-align: left;
	margin: 15px auto;
	padding: 0px 10px;
}
@media (min-width: 800px) {
	body {
		max-width: 85%;
	}
}
#header {
	border-bottom: 1px solid #dbdbdb;
	font-size: 230%;
	text-align: left;
}
#footer {
	border-top: 1px solid #dbdbdb;
	clear: both;
	text-align: left;
}
.logo_bug {
	color: #cc0033;
}
#menu ul {
	list-style-type: none;
	margin: 0;
	padding: 0;
}
#menu li {
	float: left;
}
#menu li a {
	display: block;
	background-color: #dbdbdb;
	color: #000000;
	font-size: 105%;
	font-weight: bold;
	padding: 0px 6px 0px 6px;
	text-decoration: none;
}
#content {
	clear: both;
	text-align: left;
	padding-top: 10px;
}
#content h1 {
	font-size: 120%;
	font-weight: bold;
}
#content h2 {
	font-size: 110%;
	font-weight: bold;
}
#content a {
	text-decoration: none;
}
#content pre {
	background-color: #dbdbdb;
	padding: 5px 5px 5px 5px;
	white-space: pre-wrap;		/* css-3 */
	white-space: -moz-pre-wrap;	/* Mozilla, since 1999 */
	white-space: -pre-wrap;		/* Opera 4-6 */
	white-space: -o-pre-wrap;	/* Opera 7 */
	word-wrap: break-word;		/* Internet Explorer 5.5+ */
}
#content table {
	border-collapse: collapse;
}
#content table th {
	border: 1px solid #dbdbdb;
	font-size: 85%;
	white-space: nowrap;
}
#content table td {
	border: 1px solid #dbdbdb;
	font-size: 80%;
}
#content input {
	font-size: 1em;
}
#content .full	{ width: 100%; }
#content .left	{ text-align: left; }
#content .right	{ text-align: right; }
#content .center { text-align: center; }
#content .flexbox {
	display: -ms-flex;
	display: -webkit-flex;
	display: flex;
	width: 100%;
}
#content .left_col {
	min-width: 75px;
	max-width: 50%;
	flex-grow: 0;
}
#content .right_col {
	flex-grow: 1;
	margin-left: 10px;
	padding-top: 10px;
	padding-left: 10px;
}
#col {
	-moz-column-count: 3;
	-webkit-column-count: 3;
	column-count: 3;
}
</style>
</head>
<body>

<div id="header">
<strong><em>NYC*</em><span class="logo_bug">BUG</span> dmesgd</strong>
</div><!-- header -->

<div id="menu">
<ul>
<li><a href="https://dmesgd.nycbug.org/index.cgi?do=index">Home</a></li>
<li><a href="https://dmesgd.nycbug.org/index.cgi?do=submit">Submit</a></li>
<li><a href="https://www.nycbug.org/">NYC*BUG</a></li>
</ul>
</div><!-- menu -->

<div id="content">

<p>
Launched in 2004, dmesgd aims to provide a
<strong>user-submitted</strong> repository of searchable *BSD dmesgs.
The dmesg(8) command displays the system message buffer's content, and
during boot a copy is saved to <em>/var/run/dmesg.boot</em>.  This buffer
contains the operating system release, name and version, a list of
devices identified, plus a whole host of other useful information.  We
hope others find this resource useful and further contribute to its
growth. Contact us at [ admin at lists dot nycbug dot org ].
</p>

<hr />


<strong>Date:</strong> <em>2020-08-13 22:19:43</em><br />
<strong>From:</strong> <em>tingo</em><br />
<strong>Description:</strong> <em>OpenBSD/amd64 on Lenovo ideapad 530S-14ARR</em><br />

<pre>
OpenBSD 6.7 (GENERIC.MP) #5: Tue Jul 21 13:50:07 MDT 2020
    xxx@xxx.xxx:/usr/src/sys/arch/amd64/compile/GENERIC.MP
real mem = 3798945792 (3622MB)
avail mem = 3671187456 (3501MB)
mpath0 at root
scsibus0 at mpath0: 256 targets
mainbus0 at root
bios0 at mainbus0: SMBIOS rev. 3.1 @ 0xb6b49000 (49 entries)
bios0: vendor LENOVO version &quot;8PCN58WW&quot; date 03/26/2020
bios0: LENOVO 81H1
acpi0 at bios0: ACPI 5.0
acpi0: sleep states S0 S3 S4 S5
acpi0: tables DSDT FACP UEFI SSDT MSDM ASF! BOOT HPET APIC MCFG SSDT CRAT CDIT UEFI VFCT SSDT TPM2 IVRS SSDT SSDT SSDT FPDT BGRT
acpi0: wakeup devices GPP0(S3) GPP1(S3) GPP2(S3) GPP3(S3) GPP4(S3) GPP5(S3) GPP6(S3) GP17(S3) XHC0(S3) XHC1(S3) GP18(S3)
acpitimer0 at acpi0: 3579545 Hz, 32 bits
acpihpet0 at acpi0: 14318180 Hz
acpimadt0 at acpi0 addr 0xfee00000: PC-AT compat
cpu0 at mainbus0: apid 0 (boot processor)
cpu0: AMD Ryzen 3 2200U with Radeon Vega Mobile Gfx, 2495.74 MHz, 17-11-00
cpu0: FPU,VME,DE,PSE,TSC,MSR,PAE,MCE,CX8,APIC,SEP,MTRR,PGE,MCA,CMOV,PAT,PSE36,CFLUSH,MMX,FXSR,SSE,SSE2,HTT,SSE3,PCLMUL,MWAIT,SSSE3,FMA3,CX16,SSE4.1,SSE4.2,MOVBE,POPCNT,AES,XSAVE,AVX,F16C,RDRAND,NXE,MMXX,FFXSR,PAGE1GB,RDTSCP,LONG,LAHF,CMPLEG,SVM,EAPICSP,AMCR8,ABM,SSE4A,MASSE,3DNOWP,OSVW,SKINIT,TCE,TOPEXT,CPCTR,DBKP,PCTRL3,MWAITX,ITSC,FSGSBASE,BMI1,AVX2,SMEP,BMI2,RDSEED,ADX,SMAP,CLFLUSHOPT,SHA,IBPB,XSAVEOPT,XSAVEC,XGETBV1,XSAVES
cpu0: 64KB 64b/line 4-way I-cache, 32KB 64b/line 8-way D-cache, 512KB 64b/line 8-way L2 cache, 4MB 64b/line 16-way L3 cache
cpu0: ITLB 64 4KB entries fully associative, 64 4MB entries fully associative
cpu0: DTLB 64 4KB entries fully associative, 64 4MB entries fully associative
cpu0: smt 0, core 0, package 0
mtrr: Pentium Pro MTRR support, 8 var ranges, 88 fixed ranges
cpu0: apic clock running at 24MHz
cpu0: mwait min=64, max=64, C-substates=1.1, IBE
cpu1 at mainbus0: apid 1 (application processor)
cpu1: AMD Ryzen 3 2200U with Radeon Vega Mobile Gfx, 2495.29 MHz, 17-11-00
cpu1: FPU,VME,DE,PSE,TSC,MSR,PAE,MCE,CX8,APIC,SEP,MTRR,PGE,MCA,CMOV,PAT,PSE36,CFLUSH,MMX,FXSR,SSE,SSE2,HTT,SSE3,PCLMUL,MWAIT,SSSE3,FMA3,CX16,SSE4.1,SSE4.2,MOVBE,POPCNT,AES,XSAVE,AVX,F16C,RDRAND,NXE,MMXX,FFXSR,PAGE1GB,RDTSCP,LONG,LAHF,CMPLEG,SVM,EAPICSP,AMCR8,ABM,SSE4A,MASSE,3DNOWP,OSVW,SKINIT,TCE,TOPEXT,CPCTR,DBKP,PCTRL3,MWAITX,ITSC,FSGSBASE,BMI1,AVX2,SMEP,BMI2,RDSEED,ADX,SMAP,CLFLUSHOPT,SHA,IBPB,XSAVEOPT,XSAVEC,XGETBV1,XSAVES
cpu1: 64KB 64b/line 4-way I-cache, 32KB 64b/line 8-way D-cache, 512KB 64b/line 8-way L2 cache, 4MB 64b/line 16-way L3 cache
cpu1: ITLB 64 4KB entries fully associative, 64 4MB entries fully associative
cpu1: DTLB 64 4KB entries fully associative, 64 4MB entries fully associative
cpu1: smt 1, core 0, package 0
cpu2 at mainbus0: apid 2 (application processor)
cpu2: AMD Ryzen 3 2200U with Radeon Vega Mobile Gfx, 2495.29 MHz, 17-11-00
cpu2: FPU,VME,DE,PSE,TSC,MSR,PAE,MCE,CX8,APIC,SEP,MTRR,PGE,MCA,CMOV,PAT,PSE36,CFLUSH,MMX,FXSR,SSE,SSE2,HTT,SSE3,PCLMUL,MWAIT,SSSE3,FMA3,CX16,SSE4.1,SSE4.2,MOVBE,POPCNT,AES,XSAVE,AVX,F16C,RDRAND,NXE,MMXX,FFXSR,PAGE1GB,RDTSCP,LONG,LAHF,CMPLEG,SVM,EAPICSP,AMCR8,ABM,SSE4A,MASSE,3DNOWP,OSVW,SKINIT,TCE,TOPEXT,CPCTR,DBKP,PCTRL3,MWAITX,ITSC,FSGSBASE,BMI1,AVX2,SMEP,BMI2,RDSEED,ADX,SMAP,CLFLUSHOPT,SHA,IBPB,XSAVEOPT,XSAVEC,XGETBV1,XSAVES
cpu2: 64KB 64b/line 4-way I-cache, 32KB 64b/line 8-way D-cache, 512KB 64b/line 8-way L2 cache, 4MB 64b/line 16-way L3 cache
cpu2: ITLB 64 4KB entries fully associative, 64 4MB entries fully associative
cpu2: DTLB 64 4KB entries fully associative, 64 4MB entries fully associative
cpu2: smt 0, core 1, package 0
cpu3 at mainbus0: apid 3 (application processor)
cpu3: AMD Ryzen 3 2200U with Radeon Vega Mobile Gfx, 2495.29 MHz, 17-11-00
cpu3: FPU,VME,DE,PSE,TSC,MSR,PAE,MCE,CX8,APIC,SEP,MTRR,PGE,MCA,CMOV,PAT,PSE36,CFLUSH,MMX,FXSR,SSE,SSE2,HTT,SSE3,PCLMUL,MWAIT,SSSE3,FMA3,CX16,SSE4.1,SSE4.2,MOVBE,POPCNT,AES,XSAVE,AVX,F16C,RDRAND,NXE,MMXX,FFXSR,PAGE1GB,RDTSCP,LONG,LAHF,CMPLEG,SVM,EAPICSP,AMCR8,ABM,SSE4A,MASSE,3DNOWP,OSVW,SKINIT,TCE,TOPEXT,CPCTR,DBKP,PCTRL3,MWAITX,ITSC,FSGSBASE,BMI1,AVX2,SMEP,BMI2,RDSEED,ADX,SMAP,CLFLUSHOPT,SHA,IBPB,XSAVEOPT,XSAVEC,XGETBV1,XSAVES
cpu3: 64KB 64b/line 4-way I-cache, 32KB 64b/line 8-way D-cache, 512KB 64b/line 8-way L2 cache, 4MB 64b/line 16-way L3 cache
cpu3: ITLB 64 4KB entries fully associative, 64 4MB entries fully associative
cpu3: DTLB 64 4KB entries fully associative, 64 4MB entries fully associative
cpu3: smt 1, core 1, package 0
ioapic0 at mainbus0: apid 4 pa 0xfec00000, version 21, 24 pins, remapped
ioapic1 at mainbus0: apid 5 pa 0xfec01000, version 21, 32 pins, remapped
acpimcfg0 at acpi0
acpimcfg0: addr 0xf8000000, bus 0-63
acpiprt0 at acpi0: bus 0 (PCI0)
acpiprt1 at acpi0: bus -1 (GPP0)
acpiprt2 at acpi0: bus 1 (GPP1)
acpiprt3 at acpi0: bus -1 (GPP2)
acpiprt4 at acpi0: bus -1 (GPP3)
acpiprt5 at acpi0: bus -1 (GPP4)
acpiprt6 at acpi0: bus -1 (GPP5)
acpiprt7 at acpi0: bus 2 (GPP6)
acpiprt8 at acpi0: bus 3 (GP17)
acpiprt9 at acpi0: bus -1 (GP18)
acpiec0 at acpi0
acpicpu0 at acpi0: C2(0@400 io@0x414), C1(0@1 mwait), PSS
acpicpu1 at acpi0: C2(0@400 io@0x414), C1(0@1 mwait), PSS
acpicpu2 at acpi0: C2(0@400 io@0x414), C1(0@1 mwait), PSS
acpicpu3 at acpi0: C2(0@400 io@0x414), C1(0@1 mwait), PSS
acpipwrres0 at acpi0: P0ST, resource for SATA
acpipwrres1 at acpi0: P3ST, resource for SATA
acpipci0 at acpi0 PCI0: 0x00000010 0x00000011 0x00000000
acpicmos0 at acpi0
acpibat0 at acpi0: BAT0 model &quot;L17C4PB0&quot; serial  4173 type LiP oem &quot;CPT-COS&quot;
&quot;VPC2004&quot; at acpi0 not configured
acpiac0 at acpi0: AC unit online
acpibtn0 at acpi0: LID_
acpibtn1 at acpi0: PWRB
&quot;PNP0C14&quot; at acpi0 not configured
amdgpio0 at acpi0: GPIO uid 0 addr 0xfed81500/0x400 irq 7, 184 pins
&quot;AMDI0011&quot; at acpi0 not configured
&quot;AMDI0011&quot; at acpi0 not configured
&quot;MSFT0001&quot; at acpi0 not configured
&quot;AMDI0010&quot; at acpi0 not configured
&quot;MSFT0101&quot; at acpi0 not configured
acpivideo0 at acpi0: VGA_
acpivideo1 at acpi0: VGA_
acpivout0 at acpivideo1: LCD_
acpivideo2 at acpi0: VGA_
acpivout1 at acpivideo2: LCD_
cpu0: 2495 MHz: speeds: 2500 1700 1600 MHz
pci0 at mainbus0 bus 0
ksmn0 at pci0 dev 0 function 0 &quot;AMD 17h/1xh Root Complex&quot; rev 0x00
&quot;AMD 17h/1xh IOMMU&quot; rev 0x00 at pci0 dev 0 function 2 not configured
pchb0 at pci0 dev 1 function 0 &quot;AMD 17h PCIE&quot; rev 0x00
ppb0 at pci0 dev 1 function 2 &quot;AMD 17h/1xh PCIE&quot; rev 0x00: msi
pci1 at ppb0 bus 1
vendor &quot;Atheros&quot;, unknown product 0x0042 (class network subclass miscellaneous, rev 0x31) at pci1 dev 0 function 0 not configured
ppb1 at pci0 dev 1 function 7 &quot;AMD 17h/1xh PCIE&quot; rev 0x00: msi
pci2 at ppb1 bus 2
nvme0 at pci2 dev 0 function 0 vendor &quot;Union Memory&quot;, unknown product 0x5008 rev 0x01: msix, NVMe 1.2
nvme0: RPFTJ128PDD2EWX, firmware 11.7, serial SS0R27340Z1CD87Z441P
scsibus1 at nvme0: 2 targets, initiator 0
sd0 at scsibus1 targ 1 lun 0: &lt;NVMe, RPFTJ128PDD2EWX, 11.7&gt;
sd0: 122104MB, 512 bytes/sector, 250069680 sectors
pchb1 at pci0 dev 8 function 0 &quot;AMD 17h PCIE&quot; rev 0x00
ppb2 at pci0 dev 8 function 1 &quot;AMD 17h/1xh PCIE&quot; rev 0x00
pci3 at ppb2 bus 3
amdgpu0 at pci3 dev 0 function 0 &quot;ATI Radeon Vega&quot; rev 0xc5
drm0 at amdgpu0
amdgpu0: msi
azalia0 at pci3 dev 0 function 1 &quot;ATI Radeon Vega HD Audio&quot; rev 0x00: msi
azalia0: no supported codecs
ccp0 at pci3 dev 0 function 2 &quot;AMD 17h/1xh Crypto&quot; rev 0x00
xhci0 at pci3 dev 0 function 3 &quot;AMD 17h/1xh xHCI&quot; rev 0x00: msi, xHCI 1.10
usb0 at xhci0: USB revision 3.0
uhub0 at usb0 configuration 1 interface 0 &quot;AMD xHCI root hub&quot; rev 3.00/1.00 addr 1
xhci1 at pci3 dev 0 function 4 &quot;AMD 17h/1xh xHCI&quot; rev 0x00: msi, xHCI 1.10
usb1 at xhci1: USB revision 3.0
uhub1 at usb1 configuration 1 interface 0 &quot;AMD xHCI root hub&quot; rev 3.00/1.00 addr 1
azalia1 at pci3 dev 0 function 6 &quot;AMD 17h/1xh HD Audio&quot; rev 0x00: apic 5 int 30
azalia1: codecs: Realtek/0x0236
audio0 at azalia1
vendor &quot;AMD&quot;, unknown product 0x15e6 (class prehistoric subclass miscellaneous, rev 0x00) at pci3 dev 0 function 7 not configured
piixpm0 at pci0 dev 20 function 0 &quot;AMD FCH SMBus&quot; rev 0x61: SMI
iic0 at piixpm0
spdmem0 at iic0 addr 0x52: 4GB DDR4 SDRAM PC4-21300 SO-DIMM
iic1 at piixpm0
pcib0 at pci0 dev 20 function 3 &quot;AMD FCH LPC&quot; rev 0x51
pchb2 at pci0 dev 24 function 0 &quot;AMD 17h/1xh Data Fabric&quot; rev 0x00
pchb3 at pci0 dev 24 function 1 &quot;AMD 17h/1xh Data Fabric&quot; rev 0x00
pchb4 at pci0 dev 24 function 2 &quot;AMD 17h/1xh Data Fabric&quot; rev 0x00
pchb5 at pci0 dev 24 function 3 &quot;AMD 17h/1xh Data Fabric&quot; rev 0x00
pchb6 at pci0 dev 24 function 4 &quot;AMD 17h/1xh Data Fabric&quot; rev 0x00
pchb7 at pci0 dev 24 function 5 &quot;AMD 17h/1xh Data Fabric&quot; rev 0x00
pchb8 at pci0 dev 24 function 6 &quot;AMD 17h/1xh Data Fabric&quot; rev 0x00
pchb9 at pci0 dev 24 function 7 &quot;AMD 17h/1xh Data Fabric&quot; rev 0x00
isa0 at pcib0
isadma0 at isa0
pckbc0 at isa0 port 0x60/5 irq 1 irq 12
pckbd0 at pckbc0 (kbd slot)
wskbd0 at pckbd0: console keyboard
pcppi0 at isa0 port 0x61
spkr0 at pcppi0
vmm0 at mainbus0: SVM/RVI
efifb at mainbus0 not configured
uhub2 at uhub0 port 1 configuration 1 interface 0 &quot;Terminus Technology USB 2.0 Hub&quot; rev 2.00/1.11 addr 2
uhub3 at uhub2 port 2 configuration 1 interface 0 &quot;GenesysLogic USB2.0 Hub&quot; rev 2.00/92.24 addr 3
ure0 at uhub3 port 4 configuration 1 interface 0 &quot;Realtek USB 10/100 LAN&quot; rev 2.10/20.00 addr 4
ure0: RTL8152 (0x4c10), address xx:xx:xx:xx:xx:xx
rlphy0 at ure0 phy 0: RTL8201E 10/100 PHY, rev. 2
uhidev0 at uhub2 port 4 configuration 1 interface 0 &quot;Microsoft Express Mouse&quot; rev 2.00/12.44 addr 5
uhidev0: iclass 3/1, 28 report ids
ums0 at uhidev0 reportid 16: 5 buttons, Z and W dir
wsmouse0 at ums0 mux 0
uhid0 at uhidev0 reportid 18: input=0, output=0, feature=1
uhid1 at uhidev0 reportid 19: input=1, output=0, feature=0
uhid2 at uhidev0 reportid 22: input=4, output=0, feature=0
uhid3 at uhidev0 reportid 23: input=0, output=0, feature=1
uhid4 at uhidev0 reportid 24: input=0, output=0, feature=1
uhid5 at uhidev0 reportid 28: input=1, output=0, feature=0
ugen0 at uhub0 port 4 &quot;Atheros Communications product 0xe500&quot; rev 2.01/0.01 addr 6
umass0 at uhub0 port 6 configuration 1 interface 0 &quot;Seagate BUP Slim BK&quot; rev 3.00/1.00 addr 7
umass0: using SCSI over Bulk-Only
scsibus2 at umass0: 2 targets, initiator 0
sd1 at scsibus2 targ 1 lun 0: &lt;Seagate, BUP Slim BK, 0304&gt;
sd1: 1907729MB, 512 bytes/sector, 3907029167 sectors
uvideo0 at uhub1 port 2 configuration 1 interface 0 &quot;SunplusIT Inc Integrated Camera&quot; rev 2.01/17.11 addr 2
video0 at uvideo0
vscsi0 at root
scsibus3 at vscsi0: 256 targets
softraid0 at root
scsibus4 at softraid0: 256 targets
root on sd1a (5eacb4b34e1b2f7e.a) swap on sd1b dump on sd1b
initializing kernel modesetting (RAVEN 0x1002:0x15DD 0x17AA:0x39FE 0xC5).
[drm] *ERROR* construct: Invalid Connector ObjectID from Adapter Service for connector index:2! type 0 expected 3
[drm] *ERROR* construct: Invalid Connector ObjectID from Adapter Service for connector index:3! type 0 expected 3
amdgpu0: 1920x1080, 32bpp
wsdisplay0 at amdgpu0 mux 1: console (std, vt100 emulation), using wskbd0
wsdisplay0: screen 1-5 added (std, vt100 emulation)

</pre>



</div><!-- content -->
<br />
<div id="footer">
All comments/news/posts are the property of their individual owner and
is presented without warranty of suitability, and solely as an
informational resource. <br />
This site Copyright &copy; 2004-2020 NYC*BUG.
</div><!-- footer -->

</body>
</html>

