



<!doctype html>
<html lang="en">
<head>
<meta name="keywords"
	content="bsd, freebsd, openbsd, netbsd, dragonflybsd, nycbug, dmesgd" />
<meta name="description" content="New York City BSD User Group dmesgd" />
<meta charset="utf-8" />
<meta name="viewport" content="width=device-width, initial-scale=1" />
<title>NYC*BUG dmesgd</title>
<style>
body {
	text-align: left;
	margin: 15px auto;
	padding: 0px 10px;
}
@media (min-width: 800px) {
	body {
		max-width: 85%;
	}
}
#header {
	border-bottom: 1px solid #dbdbdb;
	font-size: 230%;
	text-align: left;
}
#footer {
	border-top: 1px solid #dbdbdb;
	clear: both;
	text-align: left;
}
.logo_bug {
	color: #cc0033;
}
#menu ul {
	list-style-type: none;
	margin: 0;
	padding: 0;
}
#menu li {
	float: left;
}
#menu li a {
	display: block;
	background-color: #dbdbdb;
	color: #000000;
	font-size: 105%;
	font-weight: bold;
	padding: 0px 6px 0px 6px;
	text-decoration: none;
}
#content {
	clear: both;
	text-align: left;
	padding-top: 10px;
}
#content h1 {
	font-size: 120%;
	font-weight: bold;
}
#content h2 {
	font-size: 110%;
	font-weight: bold;
}
#content a {
	text-decoration: none;
}
#content pre {
	background-color: #dbdbdb;
	padding: 5px 5px 5px 5px;
	white-space: pre-wrap;		/* css-3 */
	white-space: -moz-pre-wrap;	/* Mozilla, since 1999 */
	white-space: -pre-wrap;		/* Opera 4-6 */
	white-space: -o-pre-wrap;	/* Opera 7 */
	word-wrap: break-word;		/* Internet Explorer 5.5+ */
}
#content table {
	border-collapse: collapse;
}
#content table th {
	border: 1px solid #dbdbdb;
	font-size: 85%;
	white-space: nowrap;
}
#content table td {
	border: 1px solid #dbdbdb;
	font-size: 80%;
}
#content input {
	font-size: 1em;
}
#content .full	{ width: 100%; }
#content .left	{ text-align: left; }
#content .right	{ text-align: right; }
#content .center { text-align: center; }
#content .flexbox {
	display: -ms-flex;
	display: -webkit-flex;
	display: flex;
	width: 100%;
}
#content .left_col {
	min-width: 75px;
	max-width: 50%;
	flex-grow: 0;
}
#content .right_col {
	flex-grow: 1;
	margin-left: 10px;
	padding-top: 10px;
	padding-left: 10px;
}
#col {
	-moz-column-count: 3;
	-webkit-column-count: 3;
	column-count: 3;
}
</style>
</head>
<body>

<div id="header">
<strong><em>NYC*</em><span class="logo_bug">BUG</span> dmesgd</strong>
</div><!-- header -->

<div id="menu">
<ul>
<li><a href="https://dmesgd.nycbug.org/index.cgi?do=index">Home</a></li>
<li><a href="https://dmesgd.nycbug.org/index.cgi?do=submit">Submit</a></li>
<li><a href="https://www.nycbug.org/">NYC*BUG</a></li>
</ul>
</div><!-- menu -->

<div id="content">

<p>
Launched in 2004, dmesgd aims to provide a
<strong>user-submitted</strong> repository of searchable *BSD dmesgs.
The dmesg(8) command displays the system message buffer's content, and
during boot a copy is saved to <em>/var/run/dmesg.boot</em>.  This buffer
contains the operating system release, name and version, a list of
devices identified, plus a whole host of other useful information.  We
hope others find this resource useful and further contribute to its
growth. Contact us at [ admin at lists dot nycbug dot org ].
</p>

<hr />


<strong>Date:</strong> <em>2020-08-27 00:09:35</em><br />
<strong>From:</strong> <em>Rafael</em><br />
<strong>Description:</strong> <em>OpenBSD 6.7/amd64 on Dell Wyse 5060</em><br />

<pre>
OpenBSD 6.7 (GENERIC.MP) #5: Tue Jul 21 13:50:07 MDT 2020
    xxx@xxx.xxx:/usr/src/sys/arch/amd64/compile/GENERIC.MP
real mem = 3669360640 (3499MB)
avail mem = 3545546752 (3381MB)
mpath0 at root
scsibus0 at mpath0: 256 targets
mainbus0 at root
bios0 at mainbus0: SMBIOS rev. 2.7 @ 0xbe8e2000 (32 entries)
bios0: vendor Phoenix Technologies Ltd. version &quot;1.0E&quot; date 03/20/2017
bios0: WYSE Dell Wyse Thin Client Desktop 5060
acpi0 at bios0: ACPI 5.0
acpi0: sleep states S0 S3 S4 S5
acpi0: tables DSDT FACP HPET APIC MCFG TCPA FPDT UEFI POAT BATB SSDT SSDT VFCT UEFI SSDT SSDT BGRT SSDT
acpi0: wakeup devices GPP0(S4) GPP1(S4) GPP2(S4) GPP3(S4) GFX_(S4) XHC0(S4) EHC1(S4) EHC2(S4) SBAZ(S4)
acpitimer0 at acpi0: 3579545 Hz, 32 bits
acpihpet0 at acpi0: 14318180 Hz
acpimadt0 at acpi0 addr 0xfee00000: PC-AT compat
cpu0 at mainbus0: apid 0 (boot processor)
cpu0: AMD GX-424CC SOC with Radeon(TM) R5E Graphics, 2395.84 MHz, 16-30-01
cpu0: FPU,VME,DE,PSE,TSC,MSR,PAE,MCE,CX8,APIC,SEP,MTRR,PGE,MCA,CMOV,PAT,PSE36,CFLUSH,MMX,FXSR,SSE,SSE2,HTT,SSE3,PCLMUL,MWAIT,SSSE3,CX16,SSE4.1,SSE4.2,MOVBE,POPCNT,AES,XSAVE,AVX,F16C,RDRAND,NXE,MMXX,FFXSR,PAGE1GB,RDTSCP,LONG,LAHF,CMPLEG,SVM,EAPICSP,AMCR8,ABM,SSE4A,MASSE,3DNOWP,OSVW,IBS,SKINIT,TOPEXT,DBKP,PERFTSC,PCTRL3,ITSC,BMI1,XSAVEOPT
cpu0: 32KB 64b/line 2-way I-cache, 32KB 64b/line 8-way D-cache, 2MB 64b/line 16-way L2 cache
cpu0: ITLB 32 4KB entries fully associative, 8 4MB entries fully associative
cpu0: DTLB 40 4KB entries fully associative, 8 4MB entries fully associative
cpu0: smt 0, core 0, package 0
mtrr: Pentium Pro MTRR support, 8 var ranges, 88 fixed ranges
cpu0: apic clock running at 99MHz
cpu0: mwait min=64, max=64, IBE
cpu1 at mainbus0: apid 1 (application processor)
cpu1: AMD GX-424CC SOC with Radeon(TM) R5E Graphics, 2395.51 MHz, 16-30-01
cpu1: FPU,VME,DE,PSE,TSC,MSR,PAE,MCE,CX8,APIC,SEP,MTRR,PGE,MCA,CMOV,PAT,PSE36,CFLUSH,MMX,FXSR,SSE,SSE2,HTT,SSE3,PCLMUL,MWAIT,SSSE3,CX16,SSE4.1,SSE4.2,MOVBE,POPCNT,AES,XSAVE,AVX,F16C,RDRAND,NXE,MMXX,FFXSR,PAGE1GB,RDTSCP,LONG,LAHF,CMPLEG,SVM,EAPICSP,AMCR8,ABM,SSE4A,MASSE,3DNOWP,OSVW,IBS,SKINIT,TOPEXT,DBKP,PERFTSC,PCTRL3,ITSC,BMI1,XSAVEOPT
cpu1: 32KB 64b/line 2-way I-cache, 32KB 64b/line 8-way D-cache, 2MB 64b/line 16-way L2 cache
cpu1: ITLB 32 4KB entries fully associative, 8 4MB entries fully associative
cpu1: DTLB 40 4KB entries fully associative, 8 4MB entries fully associative
cpu1: smt 0, core 1, package 0
cpu2 at mainbus0: apid 2 (application processor)
cpu2: AMD GX-424CC SOC with Radeon(TM) R5E Graphics, 2395.52 MHz, 16-30-01
cpu2: FPU,VME,DE,PSE,TSC,MSR,PAE,MCE,CX8,APIC,SEP,MTRR,PGE,MCA,CMOV,PAT,PSE36,CFLUSH,MMX,FXSR,SSE,SSE2,HTT,SSE3,PCLMUL,MWAIT,SSSE3,CX16,SSE4.1,SSE4.2,MOVBE,POPCNT,AES,XSAVE,AVX,F16C,RDRAND,NXE,MMXX,FFXSR,PAGE1GB,RDTSCP,LONG,LAHF,CMPLEG,SVM,EAPICSP,AMCR8,ABM,SSE4A,MASSE,3DNOWP,OSVW,IBS,SKINIT,TOPEXT,DBKP,PERFTSC,PCTRL3,ITSC,BMI1,XSAVEOPT
cpu2: 32KB 64b/line 2-way I-cache, 32KB 64b/line 8-way D-cache, 2MB 64b/line 16-way L2 cache
cpu2: ITLB 32 4KB entries fully associative, 8 4MB entries fully associative
cpu2: DTLB 40 4KB entries fully associative, 8 4MB entries fully associative
cpu2: smt 0, core 2, package 0
cpu3 at mainbus0: apid 3 (application processor)
cpu3: AMD GX-424CC SOC with Radeon(TM) R5E Graphics, 2395.52 MHz, 16-30-01
cpu3: FPU,VME,DE,PSE,TSC,MSR,PAE,MCE,CX8,APIC,SEP,MTRR,PGE,MCA,CMOV,PAT,PSE36,CFLUSH,MMX,FXSR,SSE,SSE2,HTT,SSE3,PCLMUL,MWAIT,SSSE3,CX16,SSE4.1,SSE4.2,MOVBE,POPCNT,AES,XSAVE,AVX,F16C,RDRAND,NXE,MMXX,FFXSR,PAGE1GB,RDTSCP,LONG,LAHF,CMPLEG,SVM,EAPICSP,AMCR8,ABM,SSE4A,MASSE,3DNOWP,OSVW,IBS,SKINIT,TOPEXT,DBKP,PERFTSC,PCTRL3,ITSC,BMI1,XSAVEOPT
cpu3: 32KB 64b/line 2-way I-cache, 32KB 64b/line 8-way D-cache, 2MB 64b/line 16-way L2 cache
cpu3: ITLB 32 4KB entries fully associative, 8 4MB entries fully associative
cpu3: DTLB 40 4KB entries fully associative, 8 4MB entries fully associative
cpu3: smt 0, core 3, package 0
ioapic0 at mainbus0: apid 4 pa 0xfec00000, version 21, 24 pins, remapped
ioapic1 at mainbus0: apid 5 pa 0xfec01000, version 21, 32 pins, remapped
acpimcfg0 at acpi0
acpimcfg0: addr 0xf8000000, bus 0-63
acpiprt0 at acpi0: bus 0 (PCI0)
acpiprt1 at acpi0: bus 2 (GPP0)
acpiprt2 at acpi0: bus 4 (GPP1)
acpiprt3 at acpi0: bus 5 (GPP2)
acpiprt4 at acpi0: bus 6 (GPP3)
acpiprt5 at acpi0: bus 1 (GFX_)
acpicpu0 at acpi0: C2(0@400 io@0x841), C1(@1 halt!), PSS
acpicpu1 at acpi0: C2(0@400 io@0x841), C1(@1 halt!), PSS
acpicpu2 at acpi0: C2(0@400 io@0x841), C1(@1 halt!), PSS
acpicpu3 at acpi0: C2(0@400 io@0x841), C1(@1 halt!), PSS
acpibtn0 at acpi0: PWRB
acpipci0 at acpi0 PCI0: 0x00000010 0x00000011 0x00000000
acpicmos0 at acpi0
&quot;PNP0A05&quot; at acpi0 not configured
tpm0 at acpi0: TPM_ addr 0xfed40000/0x5000, device 0x001a15d1 rev 0x10
acpivideo0 at acpi0: VGA_
acpivout0 at acpivideo0: LCD_
acpivideo1 at acpi0: VGA_
acpivout1 at acpivideo1: LCD_
cpu0: 2395 MHz: speeds: 2400 2200 2000 1800 1600 1400 1200 1000 MHz
pci0 at mainbus0 bus 0
pchb0 at pci0 dev 0 function 0 &quot;AMD 16h Root Complex&quot; rev 0x00
radeondrm0 at pci0 dev 1 function 0 &quot;ATI Mullins&quot; rev 0x01
drm0 at radeondrm0
radeondrm0: msi
azalia0 at pci0 dev 1 function 1 &quot;ATI Radeon HD Audio&quot; rev 0x00: msi
azalia0: no supported codecs
pchb1 at pci0 dev 2 function 0 &quot;AMD 16h Host&quot; rev 0x00
ppb0 at pci0 dev 2 function 1 &quot;AMD 16h PCIE&quot; rev 0x00: msi
pci1 at ppb0 bus 1
ppb1 at pci0 dev 2 function 2 &quot;AMD 16h PCIE&quot; rev 0x00: msi
pci2 at ppb1 bus 2
ppb2 at pci0 dev 2 function 3 &quot;AMD 16h PCIE&quot; rev 0x00: msi
pci3 at ppb2 bus 4
re0 at pci3 dev 0 function 0 &quot;Realtek 8168&quot; rev 0x15: RTL8168H/8111H (0x5400), msi, address xx:xx:xx:xx:xx:xx
rgephy0 at re0 phy 7: RTL8251 PHY, rev. 0
ppb3 at pci0 dev 2 function 4 &quot;AMD 16h PCIE&quot; rev 0x00: msi
pci4 at ppb3 bus 5
ppb4 at pci0 dev 2 function 5 &quot;AMD 16h PCIE&quot; rev 0x00: msi
pci5 at ppb4 bus 6
ccp0 at pci0 dev 8 function 0 &quot;AMD 16h Crypto&quot; rev 0x00
xhci0 at pci0 dev 16 function 0 &quot;AMD Bolton xHCI&quot; rev 0x11: msi, xHCI 1.0
usb0 at xhci0: USB revision 3.0
uhub0 at usb0 configuration 1 interface 0 &quot;AMD xHCI root hub&quot; rev 3.00/1.00 addr 1
ahci0 at pci0 dev 17 function 0 &quot;AMD Hudson-2 SATA&quot; rev 0x39: msi, AHCI 1.3
ahci0: port 0: 6.0Gb/s
scsibus1 at ahci0: 32 targets
sd0 at scsibus1 targ 0 lun 0: &lt;ATA, 8GB SATA Flash D, SFDN&gt; naa.5dc663a66bb0050e
sd0: 7641MB, 512 bytes/sector, 15649200 sectors, thin
ehci0 at pci0 dev 18 function 0 &quot;AMD Hudson-2 USB2&quot; rev 0x39: apic 4 int 18
usb1 at ehci0: USB revision 2.0
uhub1 at usb1 configuration 1 interface 0 &quot;AMD EHCI root hub&quot; rev 2.00/1.00 addr 1
ehci1 at pci0 dev 19 function 0 &quot;AMD Hudson-2 USB2&quot; rev 0x39: apic 4 int 18
usb2 at ehci1: USB revision 2.0
uhub2 at usb2 configuration 1 interface 0 &quot;AMD EHCI root hub&quot; rev 2.00/1.00 addr 1
piixpm0 at pci0 dev 20 function 0 &quot;AMD Hudson-2 SMBus&quot; rev 0x42: SMI
iic0 at piixpm0
spdmem0 at iic0 addr 0x51: 4GB DDR3 SDRAM PC3-12800 SO-DIMM
iic1 at piixpm0
azalia1 at pci0 dev 20 function 2 &quot;AMD Hudson-2 HD Audio&quot; rev 0x02: apic 4 int 16
azalia1: codecs: Realtek ALC221
audio0 at azalia1
pcib0 at pci0 dev 20 function 3 &quot;AMD Hudson-2 LPC&quot; rev 0x11
pchb2 at pci0 dev 24 function 0 &quot;AMD 16h Link Cfg&quot; rev 0x00
pchb3 at pci0 dev 24 function 1 &quot;AMD 16h Address Map&quot; rev 0x00
pchb4 at pci0 dev 24 function 2 &quot;AMD 16h DRAM Cfg&quot; rev 0x00
km0 at pci0 dev 24 function 3 &quot;AMD 16h Misc Cfg&quot; rev 0x00
pchb5 at pci0 dev 24 function 4 &quot;AMD 16h CPU Power&quot; rev 0x00
pchb6 at pci0 dev 24 function 5 &quot;AMD 16h Misc Cfg&quot; rev 0x00
isa0 at pcib0
isadma0 at isa0
pcppi0 at isa0 port 0x61
spkr0 at pcppi0
vmm0 at mainbus0: SVM/RVI
efifb at mainbus0 not configured
uhub3 at uhub1 port 1 configuration 1 interface 0 &quot;Advanced Micro Devices Hub&quot; rev 2.00/0.18 addr 2
uhub4 at uhub2 port 1 configuration 1 interface 0 &quot;Advanced Micro Devices Hub&quot; rev 2.00/0.18 addr 2
uhidev0 at uhub4 port 4 configuration 1 interface 0 &quot;Logitech USB Receiver&quot; rev 2.00/12.01 addr 3
uhidev0: iclass 3/1
ukbd0 at uhidev0: 8 variable keys, 6 key codes
wskbd0 at ukbd0: console keyboard
uhidev1 at uhub4 port 4 configuration 1 interface 1 &quot;Logitech USB Receiver&quot; rev 2.00/12.01 addr 3
uhidev1: iclass 3/1, 8 report ids
ums0 at uhidev1 reportid 2: 16 buttons, Z and W dir
wsmouse0 at ums0 mux 0
uhid0 at uhidev1 reportid 3: input=4, output=0, feature=0
uhid1 at uhidev1 reportid 4: input=1, output=0, feature=0
uhid2 at uhidev1 reportid 8: input=1, output=0, feature=0
uhidev2 at uhub4 port 4 configuration 1 interface 2 &quot;Logitech USB Receiver&quot; rev 2.00/12.01 addr 3
uhidev2: iclass 3/0, 33 report ids
uhid3 at uhidev2 reportid 16: input=6, output=6, feature=0
uhid4 at uhidev2 reportid 17: input=19, output=19, feature=0
uhid5 at uhidev2 reportid 32: input=14, output=14, feature=0
uhid6 at uhidev2 reportid 33: input=31, output=31, feature=0
vscsi0 at root
scsibus2 at vscsi0: 256 targets
softraid0 at root
scsibus3 at softraid0: 256 targets
root on sd0a (838624b1010bbe2b.a) swap on sd0b dump on sd0b
initializing kernel modesetting (MULLINS 0x1002:0x9851 0x1022:0x1234 0x01).
radeondrm0: 1920x1080, 32bpp
wsdisplay0 at radeondrm0 mux 1: console (std, vt100 emulation), using wskbd0
wsdisplay0: screen 1-5 added (std, vt100 emulation)
</pre>



</div><!-- content -->
<br />
<div id="footer">
All comments/news/posts are the property of their individual owner and
is presented without warranty of suitability, and solely as an
informational resource. <br />
This site Copyright &copy; 2004-2020 NYC*BUG.
</div><!-- footer -->

</body>
</html>

