



<!doctype html>
<html lang="en">
<head>
<meta name="keywords"
	content="bsd, freebsd, openbsd, netbsd, dragonflybsd, nycbug, dmesgd" />
<meta name="description" content="New York City BSD User Group dmesgd" />
<meta charset="utf-8" />
<meta name="viewport" content="width=device-width, initial-scale=1" />
<title>NYC*BUG dmesgd</title>
<style>
body {
	text-align: left;
	margin: 15px auto;
	padding: 0px 10px;
}
@media (min-width: 800px) {
	body {
		max-width: 85%;
	}
}
#header {
	border-bottom: 1px solid #dbdbdb;
	font-size: 230%;
	text-align: left;
}
#footer {
	border-top: 1px solid #dbdbdb;
	clear: both;
	text-align: left;
}
.logo_bug {
	color: #cc0033;
}
#menu ul {
	list-style-type: none;
	margin: 0;
	padding: 0;
}
#menu li {
	float: left;
}
#menu li a {
	display: block;
	background-color: #dbdbdb;
	color: #000000;
	font-size: 105%;
	font-weight: bold;
	padding: 0px 6px 0px 6px;
	text-decoration: none;
}
#content {
	clear: both;
	text-align: left;
	padding-top: 10px;
}
#content h1 {
	font-size: 120%;
	font-weight: bold;
}
#content h2 {
	font-size: 110%;
	font-weight: bold;
}
#content a {
	text-decoration: none;
}
#content pre {
	background-color: #dbdbdb;
	padding: 5px 5px 5px 5px;
	white-space: pre-wrap;		/* css-3 */
	white-space: -moz-pre-wrap;	/* Mozilla, since 1999 */
	white-space: -pre-wrap;		/* Opera 4-6 */
	white-space: -o-pre-wrap;	/* Opera 7 */
	word-wrap: break-word;		/* Internet Explorer 5.5+ */
}
#content table {
	border-collapse: collapse;
}
#content table th {
	border: 1px solid #dbdbdb;
	font-size: 85%;
	white-space: nowrap;
}
#content table td {
	border: 1px solid #dbdbdb;
	font-size: 80%;
}
#content input {
	font-size: 1em;
}
#content .full	{ width: 100%; }
#content .left	{ text-align: left; }
#content .right	{ text-align: right; }
#content .center { text-align: center; }
#content .flexbox {
	display: -ms-flex;
	display: -webkit-flex;
	display: flex;
	width: 100%;
}
#content .left_col {
	min-width: 75px;
	max-width: 50%;
	flex-grow: 0;
}
#content .right_col {
	flex-grow: 1;
	margin-left: 10px;
	padding-top: 10px;
	padding-left: 10px;
}
#col {
	-moz-column-count: 3;
	-webkit-column-count: 3;
	column-count: 3;
}
</style>
</head>
<body>

<div id="header">
<strong><em>NYC*</em><span class="logo_bug">BUG</span> dmesgd</strong>
</div><!-- header -->

<div id="menu">
<ul>
<li><a href="https://dmesgd.nycbug.org/index.cgi?do=index">Home</a></li>
<li><a href="https://dmesgd.nycbug.org/index.cgi?do=submit">Submit</a></li>
<li><a href="https://www.nycbug.org/">NYC*BUG</a></li>
</ul>
</div><!-- menu -->

<div id="content">

<p>
Launched in 2004, dmesgd aims to provide a
<strong>user-submitted</strong> repository of searchable *BSD dmesgs.
The dmesg(8) command displays the system message buffer's content, and
during boot a copy is saved to <em>/var/run/dmesg.boot</em>.  This buffer
contains the operating system release, name and version, a list of
devices identified, plus a whole host of other useful information.  We
hope others find this resource useful and further contribute to its
growth. Contact us at [ admin at lists dot nycbug dot org ].
</p>

<hr />


<strong>Date:</strong> <em>2020-08-27 18:58:19</em><br />
<strong>From:</strong> <em>kedaha</em><br />
<strong>Description:</strong> <em>OpenBSD amd64 on ASUSTeK COMPUTER INC. A55BM-PLUS</em><br />

<pre>
OpenBSD 6.7 (GENERIC.MP) #5: Tue Jul 21 13:50:07 MDT 2020
    xxx@xxx.xxx:/usr/src/sys/arch/amd64/compile/GENERIC.MP
real mem = 8511328256 (8117MB)
avail mem = 8240758784 (7859MB)
mpath0 at root
scsibus0 at mpath0: 256 targets
mainbus0 at root
bios0 at mainbus0: SMBIOS rev. 2.7 @ 0xebfe0 (64 entries)
bios0: vendor American Megatrends Inc. version &quot;0702&quot; date 11/13/2013
bios0: ASUSTeK COMPUTER INC. A55BM-PLUS
acpi0 at bios0: ACPI 5.0
acpi0: sleep states S0 S3 S4 S5
acpi0: tables DSDT FACP APIC FPDT MCFG SSDT HPET SSDT
acpi0: wakeup devices SBAZ(S4) UAR1(S4) OHC1(S4) EHC1(S4) OHC2(S4) EHC2(S4) OHC3(S4) EHC3(S4) OHC4(S4) XHC0(S4) XHC1(S4) PE21(S4) RLAN(S4) PE22(S4) PE23(S4) PCE2(S4) [...]
acpitimer0 at acpi0: 3579545 Hz, 32 bits
acpimadt0 at acpi0 addr 0xfee00000: PC-AT compat
cpu0 at mainbus0: apid 16 (boot processor)
cpu0: AMD A4-5300 APU with Radeon(tm) HD Graphics, 3417.49 MHz, 15-10-01
cpu0: FPU,VME,DE,PSE,TSC,MSR,PAE,MCE,CX8,APIC,SEP,MTRR,PGE,MCA,CMOV,PAT,PSE36,CFLUSH,MMX,FXSR,SSE,SSE2,HTT,SSE3,PCLMUL,MWAIT,SSSE3,FMA3,CX16,SSE4.1,SSE4.2,POPCNT,AES,XSAVE,AVX,F16C,NXE,MMXX,FFXSR,PAGE1GB,RDTSCP,LONG,LAHF,CMPLEG,SVM,EAPICSP,AMCR8,ABM,SSE4A,MASSE,3DNOWP,OSVW,IBS,XOP,SKINIT,WDT,FMA4,TCE,TBM,TOPEXT,CPCTR,ITSC,BMI1
cpu0: 64KB 64b/line 2-way I-cache, 16KB 64b/line 4-way D-cache, 1MB 64b/line 16-way L2 cache
cpu0: ITLB 48 4KB entries fully associative, 24 4MB entries fully associative
cpu0: DTLB 64 4KB entries fully associative, 64 4MB entries fully associative
cpu0: smt 0, core 0, package 0
mtrr: Pentium Pro MTRR support, 8 var ranges, 88 fixed ranges
cpu0: apic clock running at 100MHz
cpu0: mwait min=64, max=64, IBE
cpu1 at mainbus0: apid 17 (application processor)
cpu1: AMD A4-5300 APU with Radeon(tm) HD Graphics, 3417.01 MHz, 15-10-01
cpu1: FPU,VME,DE,PSE,TSC,MSR,PAE,MCE,CX8,APIC,SEP,MTRR,PGE,MCA,CMOV,PAT,PSE36,CFLUSH,MMX,FXSR,SSE,SSE2,HTT,SSE3,PCLMUL,MWAIT,SSSE3,FMA3,CX16,SSE4.1,SSE4.2,POPCNT,AES,XSAVE,AVX,F16C,NXE,MMXX,FFXSR,PAGE1GB,RDTSCP,LONG,LAHF,CMPLEG,SVM,EAPICSP,AMCR8,ABM,SSE4A,MASSE,3DNOWP,OSVW,IBS,XOP,SKINIT,WDT,FMA4,TCE,TBM,TOPEXT,CPCTR,ITSC,BMI1
cpu1: 64KB 64b/line 2-way I-cache, 16KB 64b/line 4-way D-cache, 1MB 64b/line 16-way L2 cache
cpu1: ITLB 48 4KB entries fully associative, 24 4MB entries fully associative
cpu1: DTLB 64 4KB entries fully associative, 64 4MB entries fully associative
cpu1: smt 1, core 0, package 0
ioapic0 at mainbus0: apid 0 pa 0xfec00000, version 21, 24 pins
acpimcfg0 at acpi0
acpimcfg0: addr 0xf8000000, bus 0-63
acpihpet0 at acpi0: 14318180 Hz
acpiprt0 at acpi0: bus 0 (PCI0)
acpiprt1 at acpi0: bus 5 (PE21)
acpiprt2 at acpi0: bus 6 (PE22)
acpiprt3 at acpi0: bus -1 (PE23)
acpiprt4 at acpi0: bus 1 (PCE2)
acpiprt5 at acpi0: bus -1 (PCE3)
acpiprt6 at acpi0: bus -1 (PCE4)
acpiprt7 at acpi0: bus -1 (PCE5)
acpiprt8 at acpi0: bus -1 (PCE6)
acpiprt9 at acpi0: bus -1 (PCE7)
acpiprt10 at acpi0: bus 3 (PE20)
acpiprt11 at acpi0: bus 2 (P0PC)
acpicpu0 at acpi0: C2(0@100 io@0x1771), C1(@1 halt!), PSS
acpicpu1 at acpi0: C2(0@100 io@0x1771), C1(@1 halt!), PSS
acpipci0 at acpi0 PCI0: 0x00000010 0x00000011 0x00000000
acpicmos0 at acpi0
acpibtn0 at acpi0: PWRB
&quot;PNP0C14&quot; at acpi0 not configured
acpivideo0 at acpi0: VGA_
acpivout0 at acpivideo0: LCD_
cpu0: 3417 MHz: speeds: 3400 3000 2700 2300 1900 1400 MHz
pci0 at mainbus0 bus 0
pchb0 at pci0 dev 0 function 0 &quot;AMD 15/1xh Host&quot; rev 0x00
ppb0 at pci0 dev 2 function 0 &quot;AMD 15/1xh PCIE&quot; rev 0x00: msi
pci1 at ppb0 bus 1
radeondrm0 at pci1 dev 0 function 0 &quot;ATI Radeon HD 6450&quot; rev 0x00
drm0 at radeondrm0
radeondrm0: msi
azalia0 at pci1 dev 0 function 1 &quot;ATI Radeon HD 6400 Audio&quot; rev 0x00: msi
azalia0: no supported codecs
ahci0 at pci0 dev 17 function 0 &quot;AMD Hudson-2 SATA&quot; rev 0x40: msi, AHCI 1.3
ahci0: port 0: 3.0Gb/s
ahci0: port 1: 3.0Gb/s
ahci0: port 2: 1.5Gb/s
scsibus1 at ahci0: 32 targets
sd0 at scsibus1 targ 0 lun 0: &lt;ATA, ST500DM002-1BD14, KC45&gt; naa.5000c500663e9403
sd0: 476940MB, 512 bytes/sector, 976773168 sectors
sd1 at scsibus1 targ 1 lun 0: &lt;ATA, WDC WD3200AAKS-0, 01.0&gt; naa.50014ee000789740
sd1: 305244MB, 512 bytes/sector, 625140335 sectors
sd2 at scsibus1 targ 2 lun 0: &lt;ATA, ST3320620AS, 3.AA&gt; t10.ATA_ST3320620AS_6QF0HG07
sd2: 305245MB, 512 bytes/sector, 625142448 sectors
ohci0 at pci0 dev 18 function 0 &quot;AMD Hudson-2 USB&quot; rev 0x11: apic 0 int 18, version 1.0, legacy support
ehci0 at pci0 dev 18 function 2 &quot;AMD Hudson-2 USB2&quot; rev 0x11: apic 0 int 17
usb0 at ehci0: USB revision 2.0
uhub0 at usb0 configuration 1 interface 0 &quot;AMD EHCI root hub&quot; rev 2.00/1.00 addr 1
ohci1 at pci0 dev 19 function 0 &quot;AMD Hudson-2 USB&quot; rev 0x11: apic 0 int 18, version 1.0, legacy support
ehci1 at pci0 dev 19 function 2 &quot;AMD Hudson-2 USB2&quot; rev 0x11: apic 0 int 17
usb1 at ehci1: USB revision 2.0
uhub1 at usb1 configuration 1 interface 0 &quot;AMD EHCI root hub&quot; rev 2.00/1.00 addr 1
piixpm0 at pci0 dev 20 function 0 &quot;AMD Hudson-2 SMBus&quot; rev 0x14: SMI
iic0 at piixpm0
iic0: addr 0x20 00=16 01=01 04=2a 06=2a 08=2a 09=38 0a=0f 0b=0e 0c=03 0d=38 0e=e3 0f=44 10=24 13=58 20=16 21=01 22=12 24=2a 26=2a 28=2a 29=14 2a=0f 2b=0e 2c=03 2d=38 2e=f6 2f=44 32=58 40=16 41=0a 42=89 43=9d 45=02 46=01 47=01 48=05 50=0f 51=07 52=5a 53=f0 60=36 61=23 words 00=1602 01=0100 02=0000 03=0054 04=2a00 05=0054 06=2a00 07=0054
spdmem0 at iic0 addr 0x52: 4GB DDR3 SDRAM PC3-10600
spdmem1 at iic0 addr 0x53: 4GB DDR3 SDRAM PC3-12800
pcib0 at pci0 dev 20 function 3 &quot;AMD Hudson-2 LPC&quot; rev 0x11
ppb1 at pci0 dev 20 function 4 &quot;AMD Hudson-2 PCI&quot; rev 0x40
pci2 at ppb1 bus 2
&quot;Philips SAA7133 TV&quot; rev 0xd1 at pci2 dev 5 function 0 not configured
ppb2 at pci0 dev 21 function 0 &quot;AMD Hudson-2 PCIE&quot; rev 0x00
pci3 at ppb2 bus 3
ppb3 at pci3 dev 0 function 0 &quot;Creative Labs PCIE-PCI&quot; rev 0x00
pci4 at ppb3 bus 4
azalia1 at pci4 dev 0 function 0 &quot;Creative Labs SoundBlaster X-Fi Xtreme&quot; rev 0x00: apic 0 int 16
azalia1: codecs: Creative Labs/0x000a
audio0 at azalia1
ppb4 at pci0 dev 21 function 1 &quot;AMD Hudson-2 PCIE&quot; rev 0x00
pci5 at ppb4 bus 5
re0 at pci5 dev 0 function 0 &quot;Realtek 8168&quot; rev 0x0c: RTL8168G/8111G (0x4c00), msi, address xx:xx:xx:xx:xx:xx
rgephy0 at re0 phy 7: RTL8251 PHY, rev. 0
ppb5 at pci0 dev 21 function 2 &quot;AMD Hudson-2 PCIE&quot; rev 0x00
pci6 at ppb5 bus 6
xhci0 at pci6 dev 0 function 0 &quot;ASMedia ASM1042A xHCI&quot; rev 0x00: msi, xHCI 1.0
usb2 at xhci0: USB revision 3.0
uhub2 at usb2 configuration 1 interface 0 &quot;ASMedia xHCI root hub&quot; rev 3.00/1.00 addr 1
pchb1 at pci0 dev 24 function 0 &quot;AMD 15/1xh Link Cfg&quot; rev 0x00
pchb2 at pci0 dev 24 function 1 &quot;AMD 15/1xh Address Map&quot; rev 0x00
pchb3 at pci0 dev 24 function 2 &quot;AMD 15/1xh DRAM Cfg&quot; rev 0x00
km0 at pci0 dev 24 function 3 &quot;AMD 15/1xh Misc Cfg&quot; rev 0x00
pchb4 at pci0 dev 24 function 4 &quot;AMD 15/1xh CPU Power&quot; rev 0x00
pchb5 at pci0 dev 24 function 5 &quot;AMD 15/1xh NB Power&quot; rev 0x00
usb3 at ohci0: USB revision 1.0
uhub3 at usb3 configuration 1 interface 0 &quot;AMD OHCI root hub&quot; rev 1.00/1.00 addr 1
usb4 at ohci1: USB revision 1.0
uhub4 at usb4 configuration 1 interface 0 &quot;AMD OHCI root hub&quot; rev 1.00/1.00 addr 1
isa0 at pcib0
isadma0 at isa0
com0 at isa0 port 0x3f8/8 irq 4: ns16550a, 16 byte fifo
pckbc0 at isa0 port 0x60/5 irq 1 irq 12
pckbd0 at pckbc0 (kbd slot)
wskbd0 at pckbd0: console keyboard
pcppi0 at isa0 port 0x61
spkr0 at pcppi0
lpt0 at isa0 port 0x378/4 irq 7
wbsio0 at isa0 port 0x2e/2: NCT6791D rev 0x03
wbsio0 port 0x290/2 not configured
vmm0 at mainbus0: SVM/RVI
umass0 at uhub1 port 1 configuration 1 interface 1 &quot;Generic USB2.0-CRW&quot; rev 2.00/61.23 addr 2
umass0: using SCSI over Bulk-Only
scsibus2 at umass0: 2 targets, initiator 0
sd3 at scsibus2 targ 1 lun 0: &lt;Generic-, Multi-Card, 1.00&gt; removable serial.0bda0169818000000000
ugen0 at uhub1 port 1 configuration 1 &quot;Generic USB2.0-CRW&quot; rev 2.00/61.23 addr 2
uvideo0 at uhub2 port 3 configuration 1 interface 0 &quot; Webcam C170&quot; rev 2.00/28.25 addr 2
video0 at uvideo0
uaudio0 at uhub2 port 3 configuration 1 interface 3 &quot; Webcam C170&quot; rev 2.00/28.25 addr 2
uaudio0: class v1, high-speed, sync, channels: 0 play, 1 rec, 2 ctls
audio1 at uaudio0
uhidev0 at uhub2 port 4 configuration 1 interface 0 &quot;Logitech USB Keyboard&quot; rev 1.10/64.00 addr 3
uhidev0: iclass 3/1
ukbd0 at uhidev0: 8 variable keys, 6 key codes
wskbd1 at ukbd0 mux 1
uhidev1 at uhub2 port 4 configuration 1 interface 1 &quot;Logitech USB Keyboard&quot; rev 1.10/64.00 addr 3
uhidev1: iclass 3/0, 3 report ids
uhid0 at uhidev1 reportid 1: input=1, output=0, feature=0
uhid1 at uhidev1 reportid 2: input=1, output=0, feature=0
uhid2 at uhidev1 reportid 3: input=3, output=0, feature=0
uhidev2 at uhub3 port 4 configuration 1 interface 0 &quot;PixArt USB Optical Mouse&quot; rev 2.00/1.00 addr 2
uhidev2: iclass 3/1
ums0 at uhidev2: 3 buttons, Z dir
wsmouse0 at ums0 mux 0
vscsi0 at root
scsibus3 at vscsi0: 256 targets
softraid0 at root
scsibus4 at softraid0: 256 targets
root on sd1a (aca6dc9a34a0053d.a) swap on sd1b dump on sd1b
initializing kernel modesetting (CAICOS 0x1002:0x6779 0x1043:0x0483 0x00).
radeondrm0: 1920x1080, 32bpp
wsdisplay0 at radeondrm0 mux 1: console (std, vt100 emulation), using wskbd0
wskbd1: connecting to wsdisplay0
wsdisplay0: screen 1-5 added (std, vt100 emulation)
</pre>



</div><!-- content -->
<br />
<div id="footer">
All comments/news/posts are the property of their individual owner and
is presented without warranty of suitability, and solely as an
informational resource. <br />
This site Copyright &copy; 2004-2020 NYC*BUG.
</div><!-- footer -->

</body>
</html>

