



<!doctype html>
<html lang="en">
<head>
<meta name="keywords"
	content="bsd, freebsd, openbsd, netbsd, dragonflybsd, nycbug, dmesgd" />
<meta name="description" content="New York City BSD User Group dmesgd" />
<meta charset="utf-8" />
<meta name="viewport" content="width=device-width, initial-scale=1" />
<title>NYC*BUG dmesgd</title>
<style>
body {
	text-align: left;
	margin: 15px auto;
	padding: 0px 10px;
}
@media (min-width: 800px) {
	body {
		max-width: 85%;
	}
}
#header {
	border-bottom: 1px solid #dbdbdb;
	font-size: 230%;
	text-align: left;
}
#footer {
	border-top: 1px solid #dbdbdb;
	clear: both;
	text-align: left;
}
.logo_bug {
	color: #cc0033;
}
#menu ul {
	list-style-type: none;
	margin: 0;
	padding: 0;
}
#menu li {
	float: left;
}
#menu li a {
	display: block;
	background-color: #dbdbdb;
	color: #000000;
	font-size: 105%;
	font-weight: bold;
	padding: 0px 6px 0px 6px;
	text-decoration: none;
}
#content {
	clear: both;
	text-align: left;
	padding-top: 10px;
}
#content h1 {
	font-size: 120%;
	font-weight: bold;
}
#content h2 {
	font-size: 110%;
	font-weight: bold;
}
#content a {
	text-decoration: none;
}
#content pre {
	background-color: #dbdbdb;
	padding: 5px 5px 5px 5px;
	white-space: pre-wrap;		/* css-3 */
	white-space: -moz-pre-wrap;	/* Mozilla, since 1999 */
	white-space: -pre-wrap;		/* Opera 4-6 */
	white-space: -o-pre-wrap;	/* Opera 7 */
	word-wrap: break-word;		/* Internet Explorer 5.5+ */
}
#content table {
	border-collapse: collapse;
}
#content table th {
	border: 1px solid #dbdbdb;
	font-size: 85%;
	white-space: nowrap;
}
#content table td {
	border: 1px solid #dbdbdb;
	font-size: 80%;
}
#content input {
	font-size: 1em;
}
#content .full	{ width: 100%; }
#content .left	{ text-align: left; }
#content .right	{ text-align: right; }
#content .center { text-align: center; }
#content .flexbox {
	display: -ms-flex;
	display: -webkit-flex;
	display: flex;
	width: 100%;
}
#content .left_col {
	min-width: 75px;
	max-width: 50%;
	flex-grow: 0;
}
#content .right_col {
	flex-grow: 1;
	margin-left: 10px;
	padding-top: 10px;
	padding-left: 10px;
}
#col {
	-moz-column-count: 3;
	-webkit-column-count: 3;
	column-count: 3;
}
</style>
</head>
<body>

<div id="header">
<strong><em>NYC*</em><span class="logo_bug">BUG</span> dmesgd</strong>
</div><!-- header -->

<div id="menu">
<ul>
<li><a href="https://dmesgd.nycbug.org/index.cgi?do=index">Home</a></li>
<li><a href="https://dmesgd.nycbug.org/index.cgi?do=submit">Submit</a></li>
<li><a href="https://www.nycbug.org/">NYC*BUG</a></li>
</ul>
</div><!-- menu -->

<div id="content">

<p>
Launched in 2004, dmesgd aims to provide a
<strong>user-submitted</strong> repository of searchable *BSD dmesgs.
The dmesg(8) command displays the system message buffer's content, and
during boot a copy is saved to <em>/var/run/dmesg.boot</em>.  This buffer
contains the operating system release, name and version, a list of
devices identified, plus a whole host of other useful information.  We
hope others find this resource useful and further contribute to its
growth. Contact us at [ admin at lists dot nycbug dot org ].
</p>

<hr />


<strong>Date:</strong> <em>2020-09-10 13:57:47</em><br />
<strong>From:</strong> <em>Rafael</em><br />
<strong>Description:</strong> <em>OpenBSD 6.7/i386 on AMD K6-III</em><br />

<pre>
OpenBSD 6.7 (GENERIC) #5: Tue Jul 21 13:04:38 MDT 2020
    xxx@xxx.xxx:/usr/src/sys/arch/i386/compile/GENERIC
real mem  = 536297472 (511MB)
avail mem = 510808064 (487MB)
mpath0 at root
scsibus0 at mpath0: 256 targets
mainbus0 at root
bios0 at mainbus0: date 01/11/01, BIOS32 rev. 0 @ 0xfb340, SMBIOS rev. 2.1 @ 0xf0800 (28 entries)
bios0: vendor Award Software International, Inc. version &quot;4.51 PG&quot; date 01/11/01
bios0: First International Computer, Inc. Product Name
acpi0 at bios0: ACPI 1.0
acpi0: sleep states S0 S1 S5
acpi0: tables DSDT FACP
acpi0: wakeup devices USB0(S2)
acpitimer0 at acpi0: 3579545 Hz, 32 bits
acpiprt0 at acpi0: bus 0 (PCI0)
acpibtn0 at acpi0: PWRB
&quot;PNP0A03&quot; at acpi0 not configured
acpicmos0 at acpi0
bios0: ROM list: 0xc0000/0xec00 0xd0000/0x2000!
cpu0 at mainbus0: (uniprocessor)
cpu0: AMD-K6(tm)-III Processor (&quot;AuthenticAMD&quot; 586-class) 552 MHz, 05-0d-04
cpu0: FPU,V86,DE,PSE,TSC,MSR,MCE,CX8,PGE,MMX,3DNOW2,3DNOW
mtrr: K6-family MTRR support (2 registers)
pci0 at mainbus0 bus 0: configuration mode 1 (bios)
pchb0 at pci0 dev 0 function 0 &quot;VIA VT82C597 PCI&quot; rev 0x04
viaagp0 at pchb0: v2
agp0 at viaagp0: aperture at 0xf2000000, size 0xf000000
ppb0 at pci0 dev 1 function 0 &quot;VIA VT82C598 AGP&quot; rev 0x00
pci1 at ppb0 bus 1
vga1 at pci1 dev 0 function 0 &quot;NVIDIA GeForce4 Ti 4200&quot; rev 0xa3
wsdisplay0 at vga1 mux 1: console (80x25, vt100 emulation)
wsdisplay0: screen 1-5 added (80x25, vt100 emulation)
pcib0 at pci0 dev 7 function 0 &quot;VIA VT82C586 ISA&quot; rev 0x47
pciide0 at pci0 dev 7 function 1 &quot;VIA VT82C571 IDE&quot; rev 0x06: ATA33, channel 0 configured to compatibility, channel 1 configured to compatibility
wd0 at pciide0 channel 0 drive 0: &lt;ST38410A&gt;
wd0: 32-sector PIO, LBA, 8223MB, 16841664 sectors
wd1 at pciide0 channel 0 drive 1: &lt;WDC AC33200L&gt;
wd1: 16-sector PIO, LBA, 3098MB, 6346368 sectors
wd0(pciide0:0:0): using PIO mode 4, Ultra-DMA mode 2
wd1(pciide0:0:1): using PIO mode 4, DMA mode 2
atapiscsi0 at pciide0 channel 1 drive 0
scsibus1 at atapiscsi0: 2 targets
cd0 at scsibus1 targ 0 lun 0: &lt;HL-DT-ST, CD-ROM GCR-8521B, 1.03&gt; removable
cd0(pciide0:1:0): using PIO mode 4, DMA mode 2
uhci0 at pci0 dev 7 function 2 &quot;VIA VT83C572 USB&quot; rev 0x02: couldn't map interrupt
&quot;VIA VT82C586 Power&quot; rev 0x10 at pci0 dev 7 function 3 not configured
xl0 at pci0 dev 9 function 0 &quot;3Com 3c905C&quot; rev 0x74: irq 5, address xx:xx:xx:xx:xx:xx
bmtphy0 at xl0 phy 24: 3C905C internal PHY, rev. 6
isa0 at pcib0
isadma0 at isa0
fdc0 at isa0 port 0x3f0/6 irq 6 drq 2
com0 at isa0 port 0x3f8/8 irq 4: ns16550a, 16 byte fifo
com1 at isa0 port 0x2f8/8 irq 3: ns16550a, 16 byte fifo
pckbc0 at isa0 port 0x60/5 irq 1 irq 12
pckbd0 at pckbc0 (kbd slot)
wskbd0 at pckbd0: console keyboard, using wsdisplay0
pcppi0 at isa0 port 0x61
spkr0 at pcppi0
lpt0 at isa0 port 0x378/4 irq 7
npx0 at isa0 port 0xf0/16: reported by CPUID; using exception 16
vscsi0 at root
scsibus2 at vscsi0: 256 targets
softraid0 at root
scsibus3 at softraid0: 256 targets
root on wd0a (394ec7a88eaf7680.a) swap on wd0b dump on wd0b
fd0 at fdc0 drive 0: 1.44MB 80 cyl, 2 head, 18 sec
</pre>



</div><!-- content -->
<br />
<div id="footer">
All comments/news/posts are the property of their individual owner and
is presented without warranty of suitability, and solely as an
informational resource. <br />
This site Copyright &copy; 2004-2020 NYC*BUG.
</div><!-- footer -->

</body>
</html>

