



<!doctype html>
<html lang="en">
<head>
<meta name="keywords"
	content="bsd, freebsd, openbsd, netbsd, dragonflybsd, nycbug, dmesgd" />
<meta name="description" content="New York City BSD User Group dmesgd" />
<meta charset="utf-8" />
<meta name="viewport" content="width=device-width, initial-scale=1" />
<title>NYC*BUG dmesgd</title>
<style>
body {
	text-align: left;
	margin: 15px auto;
	padding: 0px 10px;
}
@media (min-width: 800px) {
	body {
		max-width: 85%;
	}
}
#header {
	border-bottom: 1px solid #dbdbdb;
	font-size: 230%;
	text-align: left;
}
#footer {
	border-top: 1px solid #dbdbdb;
	clear: both;
	text-align: left;
}
.logo_bug {
	color: #cc0033;
}
#menu ul {
	list-style-type: none;
	margin: 0;
	padding: 0;
}
#menu li {
	float: left;
}
#menu li a {
	display: block;
	background-color: #dbdbdb;
	color: #000000;
	font-size: 105%;
	font-weight: bold;
	padding: 0px 6px 0px 6px;
	text-decoration: none;
}
#content {
	clear: both;
	text-align: left;
	padding-top: 10px;
}
#content h1 {
	font-size: 120%;
	font-weight: bold;
}
#content h2 {
	font-size: 110%;
	font-weight: bold;
}
#content a {
	text-decoration: none;
}
#content pre {
	background-color: #dbdbdb;
	padding: 5px 5px 5px 5px;
	white-space: pre-wrap;		/* css-3 */
	white-space: -moz-pre-wrap;	/* Mozilla, since 1999 */
	white-space: -pre-wrap;		/* Opera 4-6 */
	white-space: -o-pre-wrap;	/* Opera 7 */
	word-wrap: break-word;		/* Internet Explorer 5.5+ */
}
#content table {
	border-collapse: collapse;
}
#content table th {
	border: 1px solid #dbdbdb;
	font-size: 85%;
	white-space: nowrap;
}
#content table td {
	border: 1px solid #dbdbdb;
	font-size: 80%;
}
#content input {
	font-size: 1em;
}
#content .full	{ width: 100%; }
#content .left	{ text-align: left; }
#content .right	{ text-align: right; }
#content .center { text-align: center; }
#content .flexbox {
	display: -ms-flex;
	display: -webkit-flex;
	display: flex;
	width: 100%;
}
#content .left_col {
	min-width: 75px;
	max-width: 50%;
	flex-grow: 0;
}
#content .right_col {
	flex-grow: 1;
	margin-left: 10px;
	padding-top: 10px;
	padding-left: 10px;
}
#col {
	-moz-column-count: 3;
	-webkit-column-count: 3;
	column-count: 3;
}
</style>
</head>
<body>

<div id="header">
<strong><em>NYC*</em><span class="logo_bug">BUG</span> dmesgd</strong>
</div><!-- header -->

<div id="menu">
<ul>
<li><a href="https://dmesgd.nycbug.org/index.cgi?do=index">Home</a></li>
<li><a href="https://dmesgd.nycbug.org/index.cgi?do=submit">Submit</a></li>
<li><a href="https://www.nycbug.org/">NYC*BUG</a></li>
</ul>
</div><!-- menu -->

<div id="content">

<p>
Launched in 2004, dmesgd aims to provide a
<strong>user-submitted</strong> repository of searchable *BSD dmesgs.
The dmesg(8) command displays the system message buffer's content, and
during boot a copy is saved to <em>/var/run/dmesg.boot</em>.  This buffer
contains the operating system release, name and version, a list of
devices identified, plus a whole host of other useful information.  We
hope others find this resource useful and further contribute to its
growth. Contact us at [ admin at lists dot nycbug dot org ].
</p>

<hr />


<strong>Date:</strong> <em>2020-09-11 19:34:12</em><br />
<strong>From:</strong> <em>Rafael</em><br />
<strong>Description:</strong> <em>OpenBSD 6.7-current/amd64 on Gigabyte Z370 (pcppi disabled)</em><br />

<pre>
OpenBSD 6.8-beta (GENERIC.MP) #65: Fri Sep 11 11:30:09 MDT 2020
    xxx@xxx.xxx:/usr/src/sys/arch/amd64/compile/GENERIC.MP
real mem = 16552865792 (15786MB)
avail mem = 16036159488 (15293MB)
random: good seed from bootblocks
mpath0 at root
scsibus0 at mpath0: 256 targets
mainbus0 at root
bios0 at mainbus0: SMBIOS rev. 2.8 @ 0xadb8f000 (93 entries)
bios0: vendor American Megatrends Inc. version &quot;F14a&quot; date 11/28/2019
bios0: Gigabyte Technology Co., Ltd. Z370 HD3P
acpi0 at bios0: ACPI 6.0
acpi0: sleep states S0 S3 S4 S5
acpi0: tables DSDT FACP APIC FPDT FIDT MCFG SSDT SSDT SSDT HPET SSDT SSDT UEFI SSDT LPIT SSDT SSDT SSDT SSDT SSDT DBGP DBG2 WSMT
acpi0: wakeup devices PS2K(S3) PS2M(S3) RP09(S4) PXSX(S4) RP10(S4) PXSX(S4) RP11(S4) PXSX(S4) RP12(S4) PXSX(S4) RP13(S4) PXSX(S4) RP01(S4) PXSX(S4) RP02(S4) PXSX(S4) [...]
acpitimer0 at acpi0: 3579545 Hz, 24 bits
acpimadt0 at acpi0 addr 0xfee00000: PC-AT compat
cpu0 at mainbus0: apid 0 (boot processor)
cpu0: Intel(R) Core(TM) i5-8400 CPU @ 2.80GHz, 3801.48 MHz, 06-9e-0a
cpu0: FPU,VME,DE,PSE,TSC,MSR,PAE,MCE,CX8,APIC,SEP,MTRR,PGE,MCA,CMOV,PAT,PSE36,CFLUSH,DS,ACPI,MMX,FXSR,SSE,SSE2,SS,HTT,TM,PBE,SSE3,PCLMUL,DTES64,MWAIT,DS-CPL,VMX,EST,TM2,SSSE3,SDBG,FMA3,CX16,xTPR,PDCM,PCID,SSE4.1,SSE4.2,x2APIC,MOVBE,POPCNT,DEADLINE,AES,XSAVE,AVX,F16C,RDRAND,NXE,PAGE1GB,RDTSCP,LONG,LAHF,ABM,3DNOWP,PERF,ITSC,FSGSBASE,TSC_ADJUST,SGX,BMI1,AVX2,SMEP,BMI2,ERMS,INVPCID,MPX,RDSEED,ADX,SMAP,CLFLUSHOPT,PT,MD_CLEAR,TSXFA,IBRS,IBPB,STIBP,L1DF,SSBD,SENSOR,ARAT,XSAVEOPT,XSAVEC,XGETBV1,XSAVES,MELTDOWN
cpu0: 256KB 64b/line 8-way L2 cache
cpu0: smt 0, core 0, package 0
mtrr: Pentium Pro MTRR support, 10 var ranges, 88 fixed ranges
cpu0: apic clock running at 24MHz
cpu0: mwait min=64, max=64, C-substates=0.2.1.2.4.1.1.1, IBE
cpu1 at mainbus0: apid 2 (application processor)
cpu1: Intel(R) Core(TM) i5-8400 CPU @ 2.80GHz, 3800.02 MHz, 06-9e-0a
cpu1: FPU,VME,DE,PSE,TSC,MSR,PAE,MCE,CX8,APIC,SEP,MTRR,PGE,MCA,CMOV,PAT,PSE36,CFLUSH,DS,ACPI,MMX,FXSR,SSE,SSE2,SS,HTT,TM,PBE,SSE3,PCLMUL,DTES64,MWAIT,DS-CPL,VMX,EST,TM2,SSSE3,SDBG,FMA3,CX16,xTPR,PDCM,PCID,SSE4.1,SSE4.2,x2APIC,MOVBE,POPCNT,DEADLINE,AES,XSAVE,AVX,F16C,RDRAND,NXE,PAGE1GB,RDTSCP,LONG,LAHF,ABM,3DNOWP,PERF,ITSC,FSGSBASE,TSC_ADJUST,SGX,BMI1,AVX2,SMEP,BMI2,ERMS,INVPCID,MPX,RDSEED,ADX,SMAP,CLFLUSHOPT,PT,MD_CLEAR,TSXFA,IBRS,IBPB,STIBP,L1DF,SSBD,SENSOR,ARAT,XSAVEOPT,XSAVEC,XGETBV1,XSAVES,MELTDOWN
cpu1: 256KB 64b/line 8-way L2 cache
cpu1: smt 0, core 1, package 0
cpu2 at mainbus0: apid 4 (application processor)
cpu2: Intel(R) Core(TM) i5-8400 CPU @ 2.80GHz, 3800.01 MHz, 06-9e-0a
cpu2: FPU,VME,DE,PSE,TSC,MSR,PAE,MCE,CX8,APIC,SEP,MTRR,PGE,MCA,CMOV,PAT,PSE36,CFLUSH,DS,ACPI,MMX,FXSR,SSE,SSE2,SS,HTT,TM,PBE,SSE3,PCLMUL,DTES64,MWAIT,DS-CPL,VMX,EST,TM2,SSSE3,SDBG,FMA3,CX16,xTPR,PDCM,PCID,SSE4.1,SSE4.2,x2APIC,MOVBE,POPCNT,DEADLINE,AES,XSAVE,AVX,F16C,RDRAND,NXE,PAGE1GB,RDTSCP,LONG,LAHF,ABM,3DNOWP,PERF,ITSC,FSGSBASE,TSC_ADJUST,SGX,BMI1,AVX2,SMEP,BMI2,ERMS,INVPCID,MPX,RDSEED,ADX,SMAP,CLFLUSHOPT,PT,MD_CLEAR,TSXFA,IBRS,IBPB,STIBP,L1DF,SSBD,SENSOR,ARAT,XSAVEOPT,XSAVEC,XGETBV1,XSAVES,MELTDOWN
cpu2: 256KB 64b/line 8-way L2 cache
cpu2: smt 0, core 2, package 0
cpu3 at mainbus0: apid 6 (application processor)
cpu3: Intel(R) Core(TM) i5-8400 CPU @ 2.80GHz, 3800.01 MHz, 06-9e-0a
cpu3: FPU,VME,DE,PSE,TSC,MSR,PAE,MCE,CX8,APIC,SEP,MTRR,PGE,MCA,CMOV,PAT,PSE36,CFLUSH,DS,ACPI,MMX,FXSR,SSE,SSE2,SS,HTT,TM,PBE,SSE3,PCLMUL,DTES64,MWAIT,DS-CPL,VMX,EST,TM2,SSSE3,SDBG,FMA3,CX16,xTPR,PDCM,PCID,SSE4.1,SSE4.2,x2APIC,MOVBE,POPCNT,DEADLINE,AES,XSAVE,AVX,F16C,RDRAND,NXE,PAGE1GB,RDTSCP,LONG,LAHF,ABM,3DNOWP,PERF,ITSC,FSGSBASE,TSC_ADJUST,SGX,BMI1,AVX2,SMEP,BMI2,ERMS,INVPCID,MPX,RDSEED,ADX,SMAP,CLFLUSHOPT,PT,MD_CLEAR,TSXFA,IBRS,IBPB,STIBP,L1DF,SSBD,SENSOR,ARAT,XSAVEOPT,XSAVEC,XGETBV1,XSAVES,MELTDOWN
cpu3: 256KB 64b/line 8-way L2 cache
cpu3: smt 0, core 3, package 0
cpu4 at mainbus0: apid 8 (application processor)
cpu4: Intel(R) Core(TM) i5-8400 CPU @ 2.80GHz, 3800.01 MHz, 06-9e-0a
cpu4: FPU,VME,DE,PSE,TSC,MSR,PAE,MCE,CX8,APIC,SEP,MTRR,PGE,MCA,CMOV,PAT,PSE36,CFLUSH,DS,ACPI,MMX,FXSR,SSE,SSE2,SS,HTT,TM,PBE,SSE3,PCLMUL,DTES64,MWAIT,DS-CPL,VMX,EST,TM2,SSSE3,SDBG,FMA3,CX16,xTPR,PDCM,PCID,SSE4.1,SSE4.2,x2APIC,MOVBE,POPCNT,DEADLINE,AES,XSAVE,AVX,F16C,RDRAND,NXE,PAGE1GB,RDTSCP,LONG,LAHF,ABM,3DNOWP,PERF,ITSC,FSGSBASE,TSC_ADJUST,SGX,BMI1,AVX2,SMEP,BMI2,ERMS,INVPCID,MPX,RDSEED,ADX,SMAP,CLFLUSHOPT,PT,MD_CLEAR,TSXFA,IBRS,IBPB,STIBP,L1DF,SSBD,SENSOR,ARAT,XSAVEOPT,XSAVEC,XGETBV1,XSAVES,MELTDOWN
cpu4: 256KB 64b/line 8-way L2 cache
cpu4: smt 0, core 4, package 0
cpu5 at mainbus0: apid 10 (application processor)
cpu5: Intel(R) Core(TM) i5-8400 CPU @ 2.80GHz, 3800.01 MHz, 06-9e-0a
cpu5: FPU,VME,DE,PSE,TSC,MSR,PAE,MCE,CX8,APIC,SEP,MTRR,PGE,MCA,CMOV,PAT,PSE36,CFLUSH,DS,ACPI,MMX,FXSR,SSE,SSE2,SS,HTT,TM,PBE,SSE3,PCLMUL,DTES64,MWAIT,DS-CPL,VMX,EST,TM2,SSSE3,SDBG,FMA3,CX16,xTPR,PDCM,PCID,SSE4.1,SSE4.2,x2APIC,MOVBE,POPCNT,DEADLINE,AES,XSAVE,AVX,F16C,RDRAND,NXE,PAGE1GB,RDTSCP,LONG,LAHF,ABM,3DNOWP,PERF,ITSC,FSGSBASE,TSC_ADJUST,SGX,BMI1,AVX2,SMEP,BMI2,ERMS,INVPCID,MPX,RDSEED,ADX,SMAP,CLFLUSHOPT,PT,MD_CLEAR,TSXFA,IBRS,IBPB,STIBP,L1DF,SSBD,SENSOR,ARAT,XSAVEOPT,XSAVEC,XGETBV1,XSAVES,MELTDOWN
cpu5: 256KB 64b/line 8-way L2 cache
cpu5: smt 0, core 5, package 0
ioapic0 at mainbus0: apid 2 pa 0xfec00000, version 20, 120 pins
acpimcfg0 at acpi0
acpimcfg0: addr 0xf8000000, bus 0-63
acpihpet0 at acpi0: 23999999 Hz
acpiprt0 at acpi0: bus 0 (PCI0)
acpiprt1 at acpi0: bus -1 (PEG0)
acpiprt2 at acpi0: bus -1 (PEG1)
acpiprt3 at acpi0: bus -1 (PEG2)
acpiprt4 at acpi0: bus 11 (RP09)
acpiprt5 at acpi0: bus -1 (RP10)
acpiprt6 at acpi0: bus -1 (RP11)
acpiprt7 at acpi0: bus -1 (RP12)
acpiprt8 at acpi0: bus -1 (RP13)
acpiprt9 at acpi0: bus 6 (RP01)
acpiprt10 at acpi0: bus -1 (RP02)
acpiprt11 at acpi0: bus 7 (RP03)
acpiprt12 at acpi0: bus 8 (RP04)
acpiprt13 at acpi0: bus -1 (RP06)
acpiprt14 at acpi0: bus 10 (RP07)
acpiprt15 at acpi0: bus -1 (RP08)
acpiprt16 at acpi0: bus 1 (RP17)
acpiprt17 at acpi0: bus -1 (RP18)
acpiprt18 at acpi0: bus 2 (RP19)
acpiprt19 at acpi0: bus 4 (RP20)
acpiprt20 at acpi0: bus 5 (RP21)
acpiprt21 at acpi0: bus -1 (RP22)
acpiprt22 at acpi0: bus -1 (RP23)
acpiprt23 at acpi0: bus -1 (RP24)
acpiprt24 at acpi0: bus -1 (RP14)
acpiprt25 at acpi0: bus -1 (RP15)
acpiprt26 at acpi0: bus -1 (RP16)
acpiec0 at acpi0: not present
acpipci0 at acpi0 PCI0: 0x00000010 0x00000011 0x00000000
extent `acpipci0 pcibus' (0x0 - 0xff), flags=0
     0x3f - 0xff
extent `acpipci0 pciio' (0x0 - 0xffffffff), flags=0
     0xcf8 - 0xcff
     0x10000 - 0xffffffff
extent `acpipci0 pcimem' (0x0 - 0xffffffffffffffff), flags=0
     0x0 - 0x9ffff
     0xc0000 - 0xcf7fffff
     0xf8000000 - 0xfcffffff
     0xfe800000 - 0xffffffffffffffff
acpibtn0 at acpi0: SLPB
&quot;INT33A1&quot; at acpi0 not configured
&quot;ACPI000E&quot; at acpi0 not configured
acpibtn1 at acpi0: PWRB
&quot;PNP0C0B&quot; at acpi0 not configured
&quot;PNP0C0B&quot; at acpi0 not configured
&quot;PNP0C0B&quot; at acpi0 not configured
&quot;PNP0C0B&quot; at acpi0 not configured
&quot;PNP0C0B&quot; at acpi0 not configured
&quot;PNP0C14&quot; at acpi0 not configured
acpicpu0 at acpi0: C3(200@1034 mwait.1@0x60), C2(200@151 mwait.1@0x33), C1(1000@1 mwait.1), PSS
acpicpu1 at acpi0: C3(200@1034 mwait.1@0x60), C2(200@151 mwait.1@0x33), C1(1000@1 mwait.1), PSS
acpicpu2 at acpi0: C3(200@1034 mwait.1@0x60), C2(200@151 mwait.1@0x33), C1(1000@1 mwait.1), PSS
acpicpu3 at acpi0: C3(200@1034 mwait.1@0x60), C2(200@151 mwait.1@0x33), C1(1000@1 mwait.1), PSS
acpicpu4 at acpi0: C3(200@1034 mwait.1@0x60), C2(200@151 mwait.1@0x33), C1(1000@1 mwait.1), PSS
acpicpu5 at acpi0: C3(200@1034 mwait.1@0x60), C2(200@151 mwait.1@0x33), C1(1000@1 mwait.1), PSS
acpitz0 at acpi0: critical temperature is 20 degC
acpipwrres0 at acpi0: FN00, resource for FAN0
acpipwrres1 at acpi0: FN01, resource for FAN1
acpipwrres2 at acpi0: FN02, resource for FAN2
acpipwrres3 at acpi0: FN03, resource for FAN3
acpipwrres4 at acpi0: FN04, resource for FAN4
acpitz1 at acpi0: critical temperature is 119 degC
acpitz2 at acpi0: critical temperature is 119 degC
acpivideo0 at acpi0: GFX0
acpivout0 at acpivideo0: DD1F
cpu0: using VERW MDS workaround (except on vmm entry)
cpu0: Enhanced SpeedStep 3801 MHz: speeds: 2801, 2800, 2700, 2500, 2400, 2200, 2100, 1900, 1800, 1700, 1500, 1400, 1200, 1100, 900, 800 MHz
pci0 at mainbus0 bus 0
pchb0 at pci0 dev 0 function 0 &quot;Intel Core 8G Host&quot; rev 0x07
inteldrm0 at pci0 dev 2 function 0 &quot;Intel UHD Graphics 630&quot; rev 0x00
drm0 at inteldrm0
inteldrm0: msi, COFFEELAKE, gen 9
&quot;Intel Core GMM&quot; rev 0x00 at pci0 dev 8 function 0 not configured
xhci0 at pci0 dev 20 function 0 &quot;Intel 200 Series xHCI&quot; rev 0x00: msi, xHCI 1.0
usb0 at xhci0: USB revision 3.0
uhub0 at usb0 configuration 1 interface 0 &quot;Intel xHCI root hub&quot; rev 3.00/1.00 addr 1
&quot;Intel 200 Series MEI&quot; rev 0x00 at pci0 dev 22 function 0 not configured
ahci0 at pci0 dev 23 function 0 &quot;Intel 200 Series AHCI&quot; rev 0x00: msi, AHCI 1.3.1
ahci0: port 0: 6.0Gb/s
ahci0: port 1: 6.0Gb/s
ahci0: port 2: 6.0Gb/s
ahci0: port 3: 1.5Gb/s
ahci0: PHY offline on port 4
ahci0: PHY offline on port 5
scsibus1 at ahci0: 32 targets
sd0 at scsibus1 targ 0 lun 0: &lt;ATA, WDC WD5000AAKX-0, 19.0&gt; naa.50014ee2b42bff11
sd0: 476940MB, 512 bytes/sector, 976773168 sectors
sd1 at scsibus1 targ 1 lun 0: &lt;ATA, WDC WD5000AAKX-0, 15.0&gt; naa.50014ee0589ceac4
sd1: 476940MB, 512 bytes/sector, 976773168 sectors
sd2 at scsibus1 targ 2 lun 0: &lt;ATA, WDC WD1003FZEX-0, 01.0&gt; naa.50014ee2b4d23cfd
sd2: 953869MB, 512 bytes/sector, 1953525168 sectors
cd0 at scsibus1 targ 3 lun 0: &lt;TSSTcorp, DVDWBD SH-B123L, SB04&gt; removable
ppb0 at pci0 dev 27 function 0 &quot;Intel 200 Series PCIE&quot; rev 0xf0
pci1 at ppb0 bus 1
ppb1 at pci0 dev 27 function 2 &quot;Intel 200 Series PCIE&quot; rev 0xf0: msi
pci2 at ppb1 bus 2
ppb2 at pci2 dev 0 function 0 &quot;ITExpress IT8892E PCIE-PCI&quot; rev 0x71
pci3 at ppb2 bus 3
ppb3 at pci0 dev 27 function 3 &quot;Intel 200 Series PCIE&quot; rev 0xf0: msi
pci4 at ppb3 bus 4
ppb4 at pci0 dev 27 function 4 &quot;Intel 200 Series PCIE&quot; rev 0xf0: msi
pci5 at ppb4 bus 5
ppb5 at pci0 dev 28 function 0 &quot;Intel 200 Series PCIE&quot; rev 0xf0
pci6 at ppb5 bus 6
ppb6 at pci0 dev 28 function 2 &quot;Intel 200 Series PCIE&quot; rev 0xf0: msi
pci7 at ppb6 bus 7
ppb7 at pci0 dev 28 function 3 &quot;Intel 200 Series PCIE&quot; rev 0xf0: msi
pci8 at ppb7 bus 8
ppb8 at pci0 dev 28 function 4 &quot;Intel 200 Series PCIE&quot; rev 0xf0: msi
pci9 at ppb8 bus 9
xhci1 at pci9 dev 0 function 0 vendor &quot;ASMedia&quot;, unknown product 0x2142 rev 0x00: msi, xHCI 1.10
usb1 at xhci1: USB revision 3.0
uhub1 at usb1 configuration 1 interface 0 &quot;ASMedia xHCI root hub&quot; rev 3.00/1.00 addr 1
ppb9 at pci0 dev 28 function 6 &quot;Intel 200 Series PCIE&quot; rev 0xf0: msi
pci10 at ppb9 bus 10
ppb10 at pci0 dev 29 function 0 &quot;Intel 200 Series PCIE&quot; rev 0xf0: msi
pci11 at ppb10 bus 11
nvme0 at pci11 dev 0 function 0 &quot;Samsung SM981/PM981 NVMe&quot; rev 0x00: msix, NVMe 1.3
nvme0: Samsung SSD 970 EVO 500GB, firmware 2B2QEXE7, serial S466NX0K958181X
scsibus2 at nvme0: 2 targets, initiator 0
sd3 at scsibus2 targ 1 lun 0: &lt;NVMe, Samsung SSD 970, 2B2Q&gt;
sd3: 476940MB, 512 bytes/sector, 976773168 sectors
pcib0 at pci0 dev 31 function 0 &quot;Intel Z370 LPC&quot; rev 0x00
&quot;Intel 200 Series PMC&quot; rev 0x00 at pci0 dev 31 function 2 not configured
azalia0 at pci0 dev 31 function 3 &quot;Intel 200 Series HD Audio&quot; rev 0x00: msi
azalia0: codecs: Realtek/0x1220, Intel/0x280b, using Realtek/0x1220
audio0 at azalia0
ichiic0 at pci0 dev 31 function 4 &quot;Intel 200 Series SMBus&quot; rev 0x00: apic 2 int 16
iic0 at ichiic0
em0 at pci0 dev 31 function 6 &quot;Intel I219-V&quot; rev 0x00: msi, address xx:xx:xx:xx:xx:xx
isa0 at pcib0
isadma0 at isa0
com0 at isa0 port 0x3f8/8 irq 4: ns16550a, 16 byte fifo
pckbc0 at isa0 port 0x60/5 irq 1 irq 12
pckbd0 at pckbc0 (kbd slot)
wskbd0 at pckbd0: console keyboard
pcppi0 at isa0 port 0x61
spkr0 at pcppi0
lpt0 at isa0 port 0x378/4 irq 7
vmm0 at mainbus0: VMX/EPT
uhidev0 at uhub0 port 6 configuration 1 interface 0 &quot;Logitech USB Receiver&quot; rev 2.00/12.11 addr 2
uhidev0: iclass 3/1
ukbd0 at uhidev0: 8 variable keys, 6 key codes
wskbd1 at ukbd0 mux 1
uhidev1 at uhub0 port 6 configuration 1 interface 1 &quot;Logitech USB Receiver&quot; rev 2.00/12.11 addr 2
uhidev1: iclass 3/1, 8 report ids
ums0 at uhidev1 reportid 2: 16 buttons, Z and W dir
wsmouse0 at ums0 mux 0
uhid0 at uhidev1 reportid 3: input=4, output=0, feature=0
uhid1 at uhidev1 reportid 4: input=1, output=0, feature=0
uhid2 at uhidev1 reportid 8: input=1, output=0, feature=0
uhidev2 at uhub0 port 6 configuration 1 interface 2 &quot;Logitech USB Receiver&quot; rev 2.00/12.11 addr 2
uhidev2: iclass 3/0, 33 report ids
uhid3 at uhidev2 reportid 16: input=6, output=6, feature=0
uhid4 at uhidev2 reportid 17: input=19, output=19, feature=0
uhid5 at uhidev2 reportid 32: input=14, output=14, feature=0
uhid6 at uhidev2 reportid 33: input=31, output=31, feature=0
uhidev3 at uhub0 port 10 configuration 1 interface 0 &quot;Cherry Mikroschalter product 0x0011&quot; rev 2.00/1.00 addr 3
uhidev3: iclass 3/1
ukbd1 at uhidev3: 8 variable keys, 6 key codes
wskbd2 at ukbd1 mux 1
vscsi0 at root
scsibus3 at vscsi0: 256 targets
softraid0 at root
scsibus4 at softraid0: 256 targets
root on sd3a (a4122b2a9b7546b1.a) swap on sd3b dump on sd3b
inteldrm0: 1920x1080, 32bpp
wsdisplay0 at inteldrm0 mux 1: console (std, vt100 emulation), using wskbd0
wskbd1: connecting to wsdisplay0
wskbd2: connecting to wsdisplay0
wsdisplay0: screen 1-5 added (std, vt100 emulation)

</pre>



</div><!-- content -->
<br />
<div id="footer">
All comments/news/posts are the property of their individual owner and
is presented without warranty of suitability, and solely as an
informational resource. <br />
This site Copyright &copy; 2004-2020 NYC*BUG.
</div><!-- footer -->

</body>
</html>

