



<!doctype html>
<html lang="en">
<head>
<meta name="keywords"
	content="bsd, freebsd, openbsd, netbsd, dragonflybsd, nycbug, dmesgd" />
<meta name="description" content="New York City BSD User Group dmesgd" />
<meta charset="utf-8" />
<meta name="viewport" content="width=device-width, initial-scale=1" />
<title>NYC*BUG dmesgd</title>
<style>
body {
	text-align: left;
	margin: 15px auto;
	padding: 0px 10px;
}
@media (min-width: 800px) {
	body {
		max-width: 85%;
	}
}
#header {
	border-bottom: 1px solid #dbdbdb;
	font-size: 230%;
	text-align: left;
}
#footer {
	border-top: 1px solid #dbdbdb;
	clear: both;
	text-align: left;
}
.logo_bug {
	color: #cc0033;
}
#menu ul {
	list-style-type: none;
	margin: 0;
	padding: 0;
}
#menu li {
	float: left;
}
#menu li a {
	display: block;
	background-color: #dbdbdb;
	color: #000000;
	font-size: 105%;
	font-weight: bold;
	padding: 0px 6px 0px 6px;
	text-decoration: none;
}
#content {
	clear: both;
	text-align: left;
	padding-top: 10px;
}
#content h1 {
	font-size: 120%;
	font-weight: bold;
}
#content h2 {
	font-size: 110%;
	font-weight: bold;
}
#content a {
	text-decoration: none;
}
#content pre {
	background-color: #dbdbdb;
	padding: 5px 5px 5px 5px;
	white-space: pre-wrap;		/* css-3 */
	white-space: -moz-pre-wrap;	/* Mozilla, since 1999 */
	white-space: -pre-wrap;		/* Opera 4-6 */
	white-space: -o-pre-wrap;	/* Opera 7 */
	word-wrap: break-word;		/* Internet Explorer 5.5+ */
}
#content table {
	border-collapse: collapse;
}
#content table th {
	border: 1px solid #dbdbdb;
	font-size: 85%;
	white-space: nowrap;
}
#content table td {
	border: 1px solid #dbdbdb;
	font-size: 80%;
}
#content input {
	font-size: 1em;
}
#content .full	{ width: 100%; }
#content .left	{ text-align: left; }
#content .right	{ text-align: right; }
#content .center { text-align: center; }
#content .flexbox {
	display: -ms-flex;
	display: -webkit-flex;
	display: flex;
	width: 100%;
}
#content .left_col {
	min-width: 75px;
	max-width: 50%;
	flex-grow: 0;
}
#content .right_col {
	flex-grow: 1;
	margin-left: 10px;
	padding-top: 10px;
	padding-left: 10px;
}
#col {
	-moz-column-count: 3;
	-webkit-column-count: 3;
	column-count: 3;
}
</style>
</head>
<body>

<div id="header">
<strong><em>NYC*</em><span class="logo_bug">BUG</span> dmesgd</strong>
</div><!-- header -->

<div id="menu">
<ul>
<li><a href="https://dmesgd.nycbug.org/index.cgi?do=index">Home</a></li>
<li><a href="https://dmesgd.nycbug.org/index.cgi?do=submit">Submit</a></li>
<li><a href="https://www.nycbug.org/">NYC*BUG</a></li>
</ul>
</div><!-- menu -->

<div id="content">

<p>
Launched in 2004, dmesgd aims to provide a
<strong>user-submitted</strong> repository of searchable *BSD dmesgs.
The dmesg(8) command displays the system message buffer's content, and
during boot a copy is saved to <em>/var/run/dmesg.boot</em>.  This buffer
contains the operating system release, name and version, a list of
devices identified, plus a whole host of other useful information.  We
hope others find this resource useful and further contribute to its
growth. Contact us at [ admin at lists dot nycbug dot org ].
</p>

<hr />


<strong>Date:</strong> <em>2020-09-23 21:12:08</em><br />
<strong>From:</strong> <em>thegass</em><br />
<strong>Description:</strong> <em>OpenBSD 6.8-beta Intel NUC5CPYB headless, working fine</em><br />

<pre>
OpenBSD 6.8-beta (GENERIC.MP) #76: Wed Sep 23 08:48:14 MDT 2020
    xxx@xxx.xxx:/usr/src/sys/arch/amd64/compile/GENERIC.MP
real mem = 8492490752 (8099MB)
avail mem = 8220057600 (7839MB)
random: good seed from bootblocks
mpath0 at root
scsibus0 at mpath0: 256 targets
mainbus0 at root
bios0 at mainbus0: SMBIOS rev. 3.0 @ 0x7b654000 (49 entries)
bios0: vendor Intel Corp. version &quot;PYBSWCEL.86A.0078.2019.0807.1133&quot; date 08/07/2019
bios0: Intel Corporation NUC5CPYB
acpi0 at bios0: ACPI 5.0
acpi0: sleep states S0 S3 S4 S5
acpi0: tables DSDT FACP APIC FPDT FIDT MCFG SSDT SSDT SSDT UEFI LPIT CSRT SSDT
acpi0: wakeup devices XHC1(S4) HDEF(S4) RP01(S4) PXSX(S4) RP02(S4) PXSX(S4) RP03(S4) PXSX(S4) RP04(S4) PXSX(S4)
acpitimer0 at acpi0: 3579545 Hz, 24 bits
acpimadt0 at acpi0 addr 0xfee00000: PC-AT compat
cpu0 at mainbus0: apid 0 (boot processor)
cpu0: Intel(R) Celeron(R) CPU N3050 @ 1.60GHz, 1600.44 MHz, 06-4c-03
cpu0: FPU,VME,DE,PSE,TSC,MSR,PAE,MCE,CX8,APIC,SEP,MTRR,PGE,MCA,CMOV,PAT,PSE36,CFLUSH,DS,ACPI,MMX,FXSR,SSE,SSE2,SS,HTT,TM,PBE,SSE3,PCLMUL,DTES64,MWAIT,DS-CPL,VMX,EST,TM2,SSSE3,CX16,xTPR,PDCM,SSE4.1,SSE4.2,MOVBE,POPCNT,DEADLINE,AES,RDRAND,NXE,RDTSCP,LONG,LAHF,3DNOWP,PERF,ITSC,TSC_ADJUST,SMEP,ERMS,MD_CLEAR,IBRS,IBPB,STIBP,SENSOR,ARAT,MELTDOWN
cpu0: 1MB 64b/line 16-way L2 cache
cpu0: smt 0, core 0, package 0
mtrr: Pentium Pro MTRR support, 8 var ranges, 88 fixed ranges
cpu0: apic clock running at 79MHz
cpu0: mwait min=64, max=64, C-substates=0.2.0.0.0.0.3.3, IBE
cpu1 at mainbus0: apid 4 (application processor)
cpu1: Intel(R) Celeron(R) CPU N3050 @ 1.60GHz, 1599.96 MHz, 06-4c-03
cpu1: FPU,VME,DE,PSE,TSC,MSR,PAE,MCE,CX8,APIC,SEP,MTRR,PGE,MCA,CMOV,PAT,PSE36,CFLUSH,DS,ACPI,MMX,FXSR,SSE,SSE2,SS,HTT,TM,PBE,SSE3,PCLMUL,DTES64,MWAIT,DS-CPL,VMX,EST,TM2,SSSE3,CX16,xTPR,PDCM,SSE4.1,SSE4.2,MOVBE,POPCNT,DEADLINE,AES,RDRAND,NXE,RDTSCP,LONG,LAHF,3DNOWP,PERF,ITSC,TSC_ADJUST,SMEP,ERMS,MD_CLEAR,IBRS,IBPB,STIBP,SENSOR,ARAT,MELTDOWN
cpu1: 1MB 64b/line 16-way L2 cache
cpu1: smt 0, core 2, package 0
ioapic0 at mainbus0: apid 1 pa 0xfec00000, version 20, 115 pins
acpimcfg0 at acpi0
acpimcfg0: addr 0xe0000000, bus 0-255
acpiprt0 at acpi0: bus 0 (PCI0)
acpiprt1 at acpi0: bus 1 (RP01)
acpiprt2 at acpi0: bus 2 (RP02)
acpiprt3 at acpi0: bus 3 (RP03)
acpiprt4 at acpi0: bus -1 (RP04)
acpiec0 at acpi0: not present
acpicmos0 at acpi0
acpipci0 at acpi0 PCI0: 0x00000004 0x00000011 0x00000001
extent `acpipci0 pcibus' (0x0 - 0xff), flags=0
extent `acpipci0 pciio' (0x0 - 0xffffffff), flags=0
     0x70 - 0x77
     0xcf8 - 0xcff
     0x10000 - 0xffffffff
extent `acpipci0 pcimem' (0x0 - 0xffffffffffffffff), flags=0
     0x0 - 0x9ffff
     0x100000 - 0x7fffffff
     0xe0000000 - 0xffffffffffffffff
&quot;ITE8713&quot; at acpi0 not configured
&quot;ADMA22A8&quot; at acpi0 not configured
acpibtn0 at acpi0: LID0
acpibtn1 at acpi0: SLPB
chvgpio0 at acpi0 GPO0 uid 1 addr 0xfed80000/0x8000 irq 49, 56 pins
chvgpio1 at acpi0 GPO1 uid 2 addr 0xfed88000/0x8000 irq 48, 59 pins
chvgpio2 at acpi0 GPO2 uid 3 addr 0xfed90000/0x8000 irq 50, 24 pins
chvgpio3 at acpi0 GPO3 uid 4 addr 0xfed98000/0x8000 irq 91, 55 pins
&quot;PNP0C0B&quot; at acpi0 not configured
acpicpu0 at acpi0: C1(1000@1 mwait.1), PSS
acpicpu1 at acpi0: C1(1000@1 mwait.1), PSS
acpipwrres0 at acpi0: ID3C, resource for ISP3
acpipwrres1 at acpi0: CLK0, resource for CAMD
acpipwrres2 at acpi0: CLK0
acpipwrres3 at acpi0: CLK1, resource for CAM3
acpipwrres4 at acpi0: USBC, resource for XHC1
acpipwrres5 at acpi0: FN00, resource for FAN0
acpitz0 at acpi0: critical temperature is 115 degC
acpivideo0 at acpi0: GFX0
cpu0: using VERW MDS workaround
cpu0: Enhanced SpeedStep 1600 MHz: speeds: 1601, 1600, 1520, 1440, 1360, 1280, 1200, 1120, 1040, 960, 880, 800, 720, 640, 560, 480 MHz
pci0 at mainbus0 bus 0
pchb0 at pci0 dev 0 function 0 &quot;Intel Braswell Host&quot; rev 0x21
inteldrm0 at pci0 dev 2 function 0 &quot;Intel HD Graphics&quot; rev 0x21
drm0 at inteldrm0
inteldrm0: msi, CHERRYVIEW, gen 8
sdhc0 at pci0 dev 18 function 0 vendor &quot;Intel&quot;, unknown product 0x2296 rev 0x21: apic 1 int 18
sdhc0: SDHC 3.0, 200 MHz base clock
sdmmc0 at sdhc0: 4-bit, sd high-speed, mmc high-speed, ddr52, dma
ahci0 at pci0 dev 19 function 0 &quot;Intel Braswell AHCI&quot; rev 0x21: msi, AHCI 1.3.1
ahci0: port 0: 6.0Gb/s
ahci0: PHY offline on port 1
scsibus1 at ahci0: 32 targets
sd0 at scsibus1 targ 0 lun 0: &lt;ATA, Samsung SSD 850, EMT0&gt; naa.5002538d427c75a6
sd0: 238475MB, 512 bytes/sector, 488397168 sectors, thin
xhci0 at pci0 dev 20 function 0 &quot;Intel Braswell xHCI&quot; rev 0x21: msi, xHCI 1.0
usb0 at xhci0: USB revision 3.0
uhub0 at usb0 configuration 1 interface 0 &quot;Intel xHCI root hub&quot; rev 3.00/1.00 addr 1
&quot;Intel Braswell SIO DMA&quot; rev 0x21 at pci0 dev 24 function 0 not configured
&quot;Intel Braswell SIO I2C&quot; rev 0x21 at pci0 dev 24 function 6 not configured
&quot;Intel Braswell SIO I2C&quot; rev 0x21 at pci0 dev 24 function 7 not configured
&quot;Intel Braswell TXE&quot; rev 0x21 at pci0 dev 26 function 0 not configured
azalia0 at pci0 dev 27 function 0 &quot;Intel Braswell HD Audio&quot; rev 0x21: msi
azalia0: codecs: Realtek/0x0283, Intel/0x2883, using Realtek/0x0283
audio0 at azalia0
ppb0 at pci0 dev 28 function 0 &quot;Intel Braswell PCIE&quot; rev 0x21: msi
pci1 at ppb0 bus 1
ppb1 at pci0 dev 28 function 1 &quot;Intel Braswell PCIE&quot; rev 0x21: msi
pci2 at ppb1 bus 2
iwm0 at pci2 dev 0 function 0 &quot;Intel Dual Band Wireless AC 3165&quot; rev 0x81, msi
ppb2 at pci0 dev 28 function 2 &quot;Intel Braswell PCIE&quot; rev 0x21: msi
pci3 at ppb2 bus 3
re0 at pci3 dev 0 function 0 &quot;Realtek 8168&quot; rev 0x15: RTL8168H/8111H (0x5400), msi, address xx:xx:xx:xx:xx:xx
rgephy0 at re0 phy 7: RTL8251 PHY, rev. 0
pcib0 at pci0 dev 31 function 0 &quot;Intel Braswell PCU LPC&quot; rev 0x21
ichiic0 at pci0 dev 31 function 3 &quot;Intel Braswell SMBus&quot; rev 0x21: apic 1 int 18
iic0 at ichiic0
spdmem0 at iic0 addr 0x50: 8GB DDR3 SDRAM PC3-12800 SO-DIMM
isa0 at pcib0
isadma0 at isa0
pckbc0 at isa0 port 0x60/5 irq 1 irq 12
pckbd0 at pckbc0 (kbd slot)
wskbd0 at pckbd0 mux 1
pcppi0 at isa0 port 0x61
spkr0 at pcppi0
vmm0 at mainbus0: VMX/EPT (using slow L1TF mitigation)
efifb at mainbus0 not configured
sdmmc0: can't enable card
uhub1 at uhub0 port 5 configuration 1 interface 0 &quot;Genesys Logic USB2.0 Hub&quot; rev 2.00/32.98 addr 2
ugen0 at uhub1 port 1 &quot;Intel Bluetooth&quot; rev 2.00/0.01 addr 3
vscsi0 at root
scsibus2 at vscsi0: 256 targets
softraid0 at root
scsibus3 at softraid0: 256 targets
root on sd0a (ccd679bc79f1c0ea.a) swap on sd0b dump on sd0b
inteldrm0: 1024x768, 32bpp
wsdisplay0 at inteldrm0 mux 1
pckbd_enable: command error
wsdisplay0: screen 0-5 added (std, vt100 emulation)
iwm0: hw rev 0x210, fw ver 17.3216344376.0, address xx:xx:xx:xx:xx:xx
hw.sensors.cpu0.temp0=52.00 degC
hw.sensors.acpibtn0.indicator0=On (lid open)
hw.sensors.acpitz0.temp0=60.00 degC (zone temperature)

</pre>



</div><!-- content -->
<br />
<div id="footer">
All comments/news/posts are the property of their individual owner and
is presented without warranty of suitability, and solely as an
informational resource. <br />
This site Copyright &copy; 2004-2020 NYC*BUG.
</div><!-- footer -->

</body>
</html>

