



<!doctype html>
<html lang="en">
<head>
<meta name="keywords"
	content="bsd, freebsd, openbsd, netbsd, dragonflybsd, nycbug, dmesgd" />
<meta name="description" content="New York City BSD User Group dmesgd" />
<meta charset="utf-8" />
<meta name="viewport" content="width=device-width, initial-scale=1" />
<title>NYC*BUG dmesgd</title>
<style>
body {
	text-align: left;
	margin: 15px auto;
	padding: 0px 10px;
}
@media (min-width: 800px) {
	body {
		max-width: 85%;
	}
}
#header {
	border-bottom: 1px solid #dbdbdb;
	font-size: 230%;
	text-align: left;
}
#footer {
	border-top: 1px solid #dbdbdb;
	clear: both;
	text-align: left;
}
.logo_bug {
	color: #cc0033;
}
#menu ul {
	list-style-type: none;
	margin: 0;
	padding: 0;
}
#menu li {
	float: left;
}
#menu li a {
	display: block;
	background-color: #dbdbdb;
	color: #000000;
	font-size: 105%;
	font-weight: bold;
	padding: 0px 6px 0px 6px;
	text-decoration: none;
}
#content {
	clear: both;
	text-align: left;
	padding-top: 10px;
}
#content h1 {
	font-size: 120%;
	font-weight: bold;
}
#content h2 {
	font-size: 110%;
	font-weight: bold;
}
#content a {
	text-decoration: none;
}
#content pre {
	background-color: #dbdbdb;
	padding: 5px 5px 5px 5px;
	white-space: pre-wrap;		/* css-3 */
	white-space: -moz-pre-wrap;	/* Mozilla, since 1999 */
	white-space: -pre-wrap;		/* Opera 4-6 */
	white-space: -o-pre-wrap;	/* Opera 7 */
	word-wrap: break-word;		/* Internet Explorer 5.5+ */
}
#content table {
	border-collapse: collapse;
}
#content table th {
	border: 1px solid #dbdbdb;
	font-size: 85%;
	white-space: nowrap;
}
#content table td {
	border: 1px solid #dbdbdb;
	font-size: 80%;
}
#content input {
	font-size: 1em;
}
#content .full	{ width: 100%; }
#content .left	{ text-align: left; }
#content .right	{ text-align: right; }
#content .center { text-align: center; }
#content .flexbox {
	display: -ms-flex;
	display: -webkit-flex;
	display: flex;
	width: 100%;
}
#content .left_col {
	min-width: 75px;
	max-width: 50%;
	flex-grow: 0;
}
#content .right_col {
	flex-grow: 1;
	margin-left: 10px;
	padding-top: 10px;
	padding-left: 10px;
}
#col {
	-moz-column-count: 3;
	-webkit-column-count: 3;
	column-count: 3;
}
</style>
</head>
<body>

<div id="header">
<strong><em>NYC*</em><span class="logo_bug">BUG</span> dmesgd</strong>
</div><!-- header -->

<div id="menu">
<ul>
<li><a href="https://dmesgd.nycbug.org/index.cgi?do=index">Home</a></li>
<li><a href="https://dmesgd.nycbug.org/index.cgi?do=submit">Submit</a></li>
<li><a href="https://www.nycbug.org/">NYC*BUG</a></li>
</ul>
</div><!-- menu -->

<div id="content">

<p>
Launched in 2004, dmesgd aims to provide a
<strong>user-submitted</strong> repository of searchable *BSD dmesgs.
The dmesg(8) command displays the system message buffer's content, and
during boot a copy is saved to <em>/var/run/dmesg.boot</em>.  This buffer
contains the operating system release, name and version, a list of
devices identified, plus a whole host of other useful information.  We
hope others find this resource useful and further contribute to its
growth. Contact us at [ admin at lists dot nycbug dot org ].
</p>

<hr />


<strong>Date:</strong> <em>2020-10-09 03:55:27</em><br />
<strong>From:</strong> <em>rgc</em><br />
<strong>Description:</strong> <em>latest macppc 68 PowerBook5,8</em><br />

<pre>
 0x17 not configured
&quot;lineout-mute&quot; at macgpio0 offset 0x1f not configured
dfs0 at macgpio0 offset 0x1b: speeds: 1666, 833 MHz
macgpio1 at macgpio0 offset 0x9: irq 47
&quot;programmer-switch&quot; at macgpio0 offset 0x11 not configured
&quot;escc-legacy&quot; at macobio0 offset 0x12000 not configured
zs0 at macobio0 offset 0x13000: irq 22,23
zstty0 at zs0 channel 0
zstty1 at zs0 channel 1
onyx0 at macobio0 offset 0x0: irq 30,1,2
&quot;timer&quot; at macobio0 offset 0x15000 not configured
adb0 at macobio0 offset 0x16000
apm0 at adb0: battery flags 0x7, 0% charged
piic0 at adb0
iic1 at piic0
&quot;backlight&quot; at macobio0 offset 0xf300 not configured
kiic1 at macobio0 offset 0x18000
iic2 at kiic1
&quot;pcm3052&quot; at iic2 addr 0x46 not configured
&quot;cs8416&quot; at iic2 addr 0x10 not configured
audio0 at onyx0
bwi0 at pci1 dev 17 function 0 &quot;Broadcom BCM4318&quot; rev 0x02: irq 52, address xx:xx:xx:xx:xx:xx
cbb0 at pci1 dev 20 function 0 &quot;TI PCI1510 CardBus&quot; rev 0x00: irq 53
ohci0 at pci1 dev 21 function 0 &quot;NEC USB&quot; rev 0x43: irq 54, version 1.0
ohci1 at pci1 dev 21 function 1 &quot;NEC USB&quot; rev 0x43: irq 54, version 1.0
ehci0 at pci1 dev 21 function 2 &quot;NEC USB&quot; rev 0x04: irq 54
usb0 at ehci0: USB revision 2.0
uhub0 at usb0 configuration 1 interface 0 &quot;NEC EHCI root hub&quot; rev 2.00/1.00 addr 1
cardslot0 at cbb0 slot 0 flags 0
cardbus0 at cardslot0: bus 1 device 0 cacheline 0x8, lattimer 0x20
pcmcia0 at cardslot0
usb1 at ohci0: USB revision 1.0
uhub1 at usb1 configuration 1 interface 0 &quot;NEC OHCI root hub&quot; rev 1.00/1.00 addr 1
usb2 at ohci1: USB revision 1.0
uhub2 at usb2 configuration 1 interface 0 &quot;NEC OHCI root hub&quot; rev 1.00/1.00 addr 1
mpcpcibr2 at mainbus0 pci: uni-north
pci2 at mpcpcibr2 bus 0
kauaiata0 at pci2 dev 13 function 0 &quot;Apple Intrepid 2 ATA&quot; rev 0x00
wdc0 at kauaiata0 irq 39: DMA
wd0 at wdc0 channel 0 drive 0: &lt;Crucial_CT256M550SSD3&gt;
wd0: 16-sector PIO, LBA48, 244198MB, 500118192 sectors
atapiscsi0 at wdc0 channel 0 drive 1
scsibus1 at atapiscsi0: 2 targets
cd0 at scsibus1 targ 0 lun 0: &lt;MATSHITA, DVD-R UJ-846, FAAG&gt; removable
wd0(wdc0:0:0): using PIO mode 4, DMA mode 2, Ultra-DMA mode 4
cd0(wdc0:0:1): using PIO mode 4, DMA mode 2, Ultra-DMA mode 4
&quot;Apple Intrepid 2 FireWire&quot; rev 0x00 at pci2 dev 14 function 0 not configured
gem0 at pci2 dev 15 function 0 &quot;Apple Intrepid 2 GMAC&quot; rev 0x00: irq 41, address xx:xx:xx:xx:xx:xx
brgphy0 at gem0 phy 0: BCM5462 10/100/1000baseT PHY, rev. 3
uvideo0 at uhub0 port 2 configuration 1 interface 0 &quot;KYE Systems Corp. BUFFALO BSWHD06M USB Camera
&quot; rev 2.00/1.03 addr 2
video0 at uvideo0
uaudio0 at uhub0 port 2 configuration 1 interface 3 &quot;KYE Systems Corp. BUFFALO BSWHD06M USB Camera
&quot; rev 2.00/1.03 addr 2
uaudio0: class v1, high-speed, sync, channels: 0 play, 2 rec, 4 ctls
audio1 at uaudio0
uhidev0 at uhub1 port 2 configuration 1 interface 0 &quot;Apple Computer HID-proxy&quot; rev 2.00/19.65 addr 2
uhidev0: iclass 3/1
ukbd0 at uhidev0: 8 variable keys, 6 key codes
wskbd0 at ukbd0 mux 1
uhidev1 at uhub1 port 2 configuration 1 interface 1 &quot;Apple Computer HID-proxy&quot; rev 2.00/19.65 addr 2
uhidev1: iclass 3/1
ums0 at uhidev1: 5 buttons
wsmouse0 at ums0 mux 0
uhidev2 at uhub2 port 2 configuration 1 interface 0 &quot;Apple Computer Apple Internal Keyboard / Trackpad&quot; rev 2.00/0.86 addr 2
uhidev2: iclass 3/1
ukbd1 at uhidev2: 8 variable keys, 5 key codes, country code 33
wskbd1 at ukbd1: console keyboard
uhidev3 at uhub2 port 2 configuration 1 interface 1 &quot;Apple Computer Apple Internal Keyboard / Trackpad&quot; rev 2.00/0.86 addr 2
uhidev3: iclass 3/1
utpms0 at uhidev3: Geyser 2 Trackpad
wsmouse1 at utpms0 mux 0
uhidev4 at uhub2 port 2 configuration 1 interface 2 &quot;Apple Computer Apple Internal Keyboard / Trackpad&quot; rev 2.00/0.86 addr 2
uhidev4: iclass 3/0
uhid0 at uhidev4: input=1, output=0, feature=0
vscsi0 at root
scsibus2 at vscsi0: 256 targets
softraid0 at root
scsibus3 at softraid0: 256 targets
bootpath: /pci@f4000000/ata-6@d/disk@0:/bsd
root on wd0a (613b004d18bea692.a) swap on wd0b dump on wd0b
initializing kernel modesetting (RV350 0x1002:0x4E50 0x1002:0x4E50 0x00).
[drm] *ERROR* Unable to locate a BIOS ROM
radeondrm0: 1440x960, 32bpp
wsdisplay0 at radeondrm0 mux 1: console (std, vt100 emulation), using wskbd1
wskbd0: connecting to wsdisplay0
wsdisplay0: screen 1-5 added (std, vt100 emulation)
syncing disks...cgpio0
console out [ATY,Jasper_A] console in [keyboard], using USB
using parent ATY,JasperParent:: memaddr b8000000, size 8000000 : consaddr b8008000 : ioaddr b0020000, size 20000: width 1440 linebytes 1536 height 960 depth 8
Copyright (c) 1982, 1986, 1989, 1991, 1993
	The Regents of the University of California.  All rights reserved.
Copyright (c) 1995-2020 OpenBSD. All rights reserved.  https://www.OpenBSD.org

OpenBSD 6.8 (RAMDISK) #753: Mon Oct  5 23:37:12 MDT 2020
    xxx@xxx.xxx:/usr/src/sys/arch/macppc/compile/RAMDISK
real mem = 1073741824 (1024MB)
avail mem = 1026535424 (978MB)
random: good seed from bootblocks
mainbus0 at root: model PowerBook5,8
cpu0 at mainbus0: 7447A (Revision 0x105): 1666 MHz: 512KB L2 cache
mem at mainbus0 not configured
memc0 at mainbus0: uni-n rev 0xd9
&quot;hw-clock&quot; at memc0 not configured
kiic0 at memc0 offset 0xf8001000
iic0 at kiic0
&quot;adt7467&quot; at iic0 addr 0x2e not configured
&quot;ds1775&quot; at iic0 addr 0x49 not configured
mpcpcibr0 at mainbus0 pci: uni-north
pci0 at mpcpcibr0 bus 0
pchb0 at pci0 dev 11 function 0 &quot;Apple Intrepid 2 AGP&quot; rev 0x00
vgafb0 at pci0 dev 16 function 0 &quot;ATI Radeon Mobility M10&quot; rev 0x00, mmio
wsdisplay0 at vgafb0 mux 1: console (std, vt100 emulation)
mpcpcibr1 at mainbus0 pci: uni-north
pci1 at mpcpcibr1 bus 0
macobio0 at pci1 dev 23 function 0 &quot;Apple Intrepid&quot; rev 0x00
openpic0 at macobio0 offset 0x40000: version 0x4614 feature 3f0302 LE
macgpio0 at macobio0 offset 0x50
&quot;modem-reset&quot; at macgpio0 offset 0x1d not configured
&quot;accelerometer-1&quot; at macgpio0 offset 0x13 not configured
&quot;accelerometer-2&quot; at macgpio0 offset 0x14 not configured
&quot;amp-mute&quot; at macgpio0 offset 0x20 not configured
&quot;dig-hw-reset&quot; at macgpio0 offset 0x26 not configured
&quot;codec-error-irq&quot; at macgpio0 offset 0x18 not configured
&quot;combo-in-sense&quot; at macgpio0 offset 0xb not configured
&quot;combo-out-sense&quot; at macgpio0 offset 0x12 not configured
&quot;codec-input-data-mux&quot; at macgpio0 offset 0x23 not configured
&quot;codec-clock-mux&quot; at macgpio0 offset 0x29 not configured
&quot;hw-reset&quot; at macgpio0 offset 0x1a not configured
&quot;linein-detect&quot; at macgpio0 offset 0xc not configured
&quot;lineout-detect&quot; at macgpio0 offset 0x17 not configured
&quot;lineout-mute&quot; at macgpio0 offset 0x1f not configured
&quot;cpu-vcore-select&quot; at macgpio0 offset 0x1b not configured
macgpio1 at macgpio0 offset 0x9: irq 47
&quot;programmer-switch&quot; at macgpio0 offset 0x11 not configured
&quot;escc-legacy&quot; at macobio0 offset 0x12000 not configured
zs0 at macobio0 offset 0x13000: irq 22,23
zstty0 at zs0 channel 0
zstty1 at zs0 channel 1
&quot;i2s&quot; at macobio0 offset 0x0 not configured
&quot;timer&quot; at macobio0 offset 0x15000 not configured
adb0 at macobio0 offset 0x16000
&quot;backlight&quot; at macobio0 offset 0xf300 not configured
&quot;i2c&quot; at macobio0 offset 0x18000 not configured
&quot;Broadcom BCM4318&quot; rev 0x02 at pci1 dev 17 function 0 not configured
cbb0 at pci1 dev 20 function 0 &quot;TI PCI1510 CardBus&quot; rev 0x00: irq 53
ohci0 at pci1 dev 21 function 0 &quot;NEC USB&quot; rev 0x43: irq 54, version 1.0
ohci1 at pci1 dev 21 function 1 &quot;NEC USB&quot; rev 0x43: irq 54, version 1.0
ehci0 at pci1 dev 21 function 2 &quot;NEC USB&quot; rev 0x04: irq 54
usb0 at ehci0: USB revision 2.0
uhub0 at usb0 configuration 1 interface 0 &quot;NEC EHCI root hub&quot; rev 2.00/1.00 addr 1
cardslot0 at cbb0 slot 0 flags 0
cardbus0 at cardslot0: bus 1 device 0 cacheline 0x8, lattimer 0x20
pcmcia0 at cardslot0
usb1 at ohci0: USB revision 1.0
uhub1 at usb1 configuration 1 interface 0 &quot;NEC OHCI root hub&quot; rev 1.00/1.00 addr 1
usb2 at ohci1: USB revision 1.0
uhub2 at usb2 configuration 1 interface 0 &quot;NEC OHCI root hub&quot; rev 1.00/1.00 addr 1
mpcpcibr2 at mainbus0 pci: uni-north
pci2 at mpcpcibr2 bus 0
kauaiata0 at pci2 dev 13 function 0 &quot;Apple Intrepid 2 ATA&quot; rev 0x00
wdc0 at kauaiata0 irq 39: DMA
wd0 at wdc0 channel 0 drive 0: &lt;Crucial_CT256M550SSD3&gt;
wd0: 16-sector PIO, LBA48, 244198MB, 500118192 sectors
atapiscsi0 at wdc0 channel 0 drive 1
scsibus0 at atapiscsi0: 2 targets
cd0 at scsibus0 targ 0 lun 0: &lt;MATSHITA, DVD-R UJ-846, FAAG&gt; removable
wd0(wdc0:0:0): using PIO mode 4, DMA mode 2, Ultra-DMA mode 4
cd0(wdc0:0:1): using PIO mode 4, DMA mode 2, Ultra-DMA mode 4
&quot;Apple Intrepid 2 FireWire&quot; rev 0x00 at pci2 dev 14 function 0 not configured
gem0 at pci2 dev 15 function 0 &quot;Apple Intrepid 2 GMAC&quot; rev 0x00: irq 41, address xx:xx:xx:xx:xx:xx
brgphy0 at gem0 phy 0: BCM5462 10/100/1000baseT PHY, rev. 3
&quot;KYE Systems Corp. BUFFALO BSWHD06M USB Camera
&quot; rev 2.00/1.03 addr 2 at uhub0 port 2 not configured
uhidev0 at uhub1 port 2 configuration 1 interface 0 &quot;vendor 0x05ac product 0x1000&quot; rev 2.00/19.65 addr 2
uhidev0: iclass 3/1
ukbd0 at uhidev0
wskbd0 at ukbd0 mux 1
wskbd0: connecting to wsdisplay0
uhidev1 at uhub1 port 2 configuration 1 interface 1 &quot;vendor 0x05ac product 0x1000&quot; rev 2.00/19.65 addr 2
uhidev1: iclass 3/1
uhid0 at uhidev1: input=3, output=0, feature=1
uhidev2 at uhub2 port 2 configuration 1 interface 0 &quot;Apple Computer Apple Internal Keyboard / Trackpad&quot; rev 2.00/0.86 addr 2
uhidev2: iclass 3/1
ukbd1 at uhidev2
wskbd1 at ukbd1: console keyboard, using wsdisplay0
uhidev3 at uhub2 port 2 configuration 1 interface 1 &quot;Apple Computer Apple Internal Keyboard / Trackpad&quot; rev 2.00/0.86 addr 2
uhidev3: iclass 3/1
uhid1 at uhidev3: input=64, output=0, feature=16
uhidev4 at uhub2 port 2 configuration 1 interface 2 &quot;Apple Computer Apple Internal Keyboard / Trackpad&quot; rev 2.00/0.86 addr 2
uhidev4: iclass 3/0
uhid2 at uhidev4: input=1, output=0, feature=0
softraid0 at root
scsibus1 at softraid0: 256 targets
bootpath: /pci@f4000000/ata-6@d/disk@0:/bsd.upgrade
root on rd0a swap on rd0b dump on rd0b
syncing disks... done
rebooting
[ using 1183744 bytes of bsd ELF symbol table ]
console out [ATY,Jasper_A] console in [keyboard], using USB
using parent ATY,JasperParent:: memaddr b8000000, size 8000000 : consaddr b8008000 : ioaddr b0020000, size 20000: width 1440 linebytes 1536 height 960 depth 8
Copyright (c) 1982, 1986, 1989, 1991, 1993
	The Regents of the University of California.  All rights reserved.
Copyright (c) 1995-2020 OpenBSD. All rights reserved.  https://www.OpenBSD.org

OpenBSD 6.8 (GENERIC) #790: Mon Oct  5 22:03:32 MDT 2020
    xxx@xxx.xxx:/usr/src/sys/arch/macppc/compile/GENERIC
real mem = 1073741824 (1024MB)
avail mem = 1024245760 (976MB)
random: good seed from bootblocks
mpath0 at root
scsibus0 at mpath0: 256 targets
mainbus0 at root: model PowerBook5,8
cpu0 at mainbus0: 7447A (Revision 0x105): 1666 MHz: 512KB L2 cache
mem0 at mainbus0
spdmem0 at mem0: 1GB DDR2 SDRAM non-parity PC2-5300CL5 SO-DIMM
memc0 at mainbus0: uni-n rev 0xd9
&quot;hw-clock&quot; at memc0 not configured
kiic0 at memc0 offset 0xf8001000
iic0 at kiic0
adt0 at iic0 addr 0x2e: adt7467 rev 0x71
lmtemp0 at iic0 addr 0x49: ds1775
mpcpcibr0 at mainbus0 pci: uni-north
pci0 at mpcpcibr0 bus 0
pchb0 at pci0 dev 11 function 0 &quot;Apple Intrepid 2 AGP&quot; rev 0x00
agp at pchb0 not configured
radeondrm0 at pci0 dev 16 function 0 &quot;ATI Radeon Mobility M10&quot; rev 0x00
drm0 at radeondrm0
radeondrm0: irq 48
mpcpcibr1 at mainbus0 pci: uni-north
pci1 at mpcpcibr1 bus 0
macobio0 at pci1 dev 23 function 0 &quot;Apple Intrepid&quot; rev 0x00
openpic0 at macobio0 offset 0x40000: version 0x4614 feature 3f0302 LE
macgpio0 at macobio0 offset 0x50
&quot;modem-reset&quot; at macgpio0 offset 0x1d not configured
&quot;accelerometer-1&quot; at macgpio0 offset 0x13 not configured
&quot;accelerometer-2&quot; at macgpio0 offset 0x14 not configured
&quot;amp-mute&quot; at macgpio0 offset 0x20 not configured
&quot;dig-hw-reset&quot; at macgpio0 offset 0x26 not configured
&quot;codec-error-irq&quot; at macgpio0 offset 0x18 not configured
&quot;combo-in-sense&quot; at macgpio0 offset 0xb not configured
&quot;combo-out-sense&quot; at macgpio0 offset 0x12 not configured
&quot;codec-input-data-mux&quot; at macgpio0 offset 0x23 not configured
&quot;codec-clock-mux&quot; at macgpio0 offset 0x29 not configured
&quot;hw-reset&quot; at macgpio0 offset 0x1a not configured
&quot;linein-detect&quot; at macgpio0 offset 0xc not configured
&quot;lineout-detect&quot; at macgpio0 offset 0x17 not configured
&quot;lineout-mute&quot; at macgpio0 offset 0x1f not configured
dfs0 at macgpio0 offset 0x1b: speeds: 1666, 833 MHz
macgpio1 at macgpio0 offset 0x9: irq 47
&quot;programmer-switch&quot; at macgpio0 offset 0x11 not configured
&quot;escc-legacy&quot; at macobio0 offset 0x12000 not configured
zs0 at macobio0 offset 0x13000: irq 22,23
zstty0 at zs0 channel 0
zstty1 at zs0 channel 1
onyx0 at macobio0 offset 0x0: irq 30,1,2
&quot;timer&quot; at macobio0 offset 0x15000 not configured
adb0 at macobio0 offset 0x16000
apm0 at adb0: battery flags 0x7, 0% charged
piic0 at adb0
iic1 at piic0
&quot;backlight&quot; at macobio0 offset 0xf300 not configured
kiic1 at macobio0 offset 0x18000
iic2 at kiic1
&quot;pcm3052&quot; at iic2 addr 0x46 not configured
&quot;cs8416&quot; at iic2 addr 0x10 not configured
audio0 at onyx0
bwi0 at pci1 dev 17 function 0 &quot;Broadcom BCM4318&quot; rev 0x02: irq 52, address xx:xx:xx:xx:xx:xx
cbb0 at pci1 dev 20 function 0 &quot;TI PCI1510 CardBus&quot; rev 0x00: irq 53
ohci0 at pci1 dev 21 function 0 &quot;NEC USB&quot; rev 0x43: irq 54, version 1.0
ohci1 at pci1 dev 21 function 1 &quot;NEC USB&quot; rev 0x43: irq 54, version 1.0
ehci0 at pci1 dev 21 function 2 &quot;NEC USB&quot; rev 0x04: irq 54
usb0 at ehci0: USB revision 2.0
uhub0 at usb0 configuration 1 interface 0 &quot;NEC EHCI root hub&quot; rev 2.00/1.00 addr 1
cardslot0 at cbb0 slot 0 flags 0
cardbus0 at cardslot0: bus 1 device 0 cacheline 0x8, lattimer 0x20
pcmcia0 at cardslot0
usb1 at ohci0: USB revision 1.0
uhub1 at usb1 configuration 1 interface 0 &quot;NEC OHCI root hub&quot; rev 1.00/1.00 addr 1
usb2 at ohci1: USB revision 1.0
uhub2 at usb2 configuration 1 interface 0 &quot;NEC OHCI root hub&quot; rev 1.00/1.00 addr 1
mpcpcibr2 at mainbus0 pci: uni-north
pci2 at mpcpcibr2 bus 0
kauaiata0 at pci2 dev 13 function 0 &quot;Apple Intrepid 2 ATA&quot; rev 0x00
wdc0 at kauaiata0 irq 39: DMA
wd0 at wdc0 channel 0 drive 0: &lt;Crucial_CT256M550SSD3&gt;
wd0: 16-sector PIO, LBA48, 244198MB, 500118192 sectors
atapiscsi0 at wdc0 channel 0 drive 1
scsibus1 at atapiscsi0: 2 targets
cd0 at scsibus1 targ 0 lun 0: &lt;MATSHITA, DVD-R UJ-846, FAAG&gt; removable
wd0(wdc0:0:0): using PIO mode 4, DMA mode 2, Ultra-DMA mode 4
cd0(wdc0:0:1): using PIO mode 4, DMA mode 2, Ultra-DMA mode 4
&quot;Apple Intrepid 2 FireWire&quot; rev 0x00 at pci2 dev 14 function 0 not configured
gem0 at pci2 dev 15 function 0 &quot;Apple Intrepid 2 GMAC&quot; rev 0x00: irq 41, address xx:xx:xx:xx:xx:xx
brgphy0 at gem0 phy 0: BCM5462 10/100/1000baseT PHY, rev. 3
uvideo0 at uhub0 port 2 configuration 1 interface 0 &quot;KYE Systems Corp. BUFFALO BSWHD06M USB Camera
&quot; rev 2.00/1.03 addr 2
video0 at uvideo0
uaudio0 at uhub0 port 2 configuration 1 interface 3 &quot;KYE Systems Corp. BUFFALO BSWHD06M USB Camera
&quot; rev 2.00/1.03 addr 2
uaudio0: class v1, high-speed, sync, channels: 0 play, 2 rec, 4 ctls
audio1 at uaudio0
uhidev0 at uhub1 port 2 configuration 1 interface 0 &quot;Apple Computer HID-proxy&quot; rev 2.00/19.65 addr 2
uhidev0: iclass 3/1
ukbd0 at uhidev0: 8 variable keys, 6 key codes
wskbd0 at ukbd0 mux 1
uhidev1 at uhub1 port 2 configuration 1 interface 1 &quot;Apple Computer HID-proxy&quot; rev 2.00/19.65 addr 2
uhidev1: iclass 3/1
ums0 at uhidev1: 5 buttons
wsmouse0 at ums0 mux 0
uhidev2 at uhub2 port 2 configuration 1 interface 0 &quot;Apple Computer Apple Internal Keyboard / Trackpad&quot; rev 2.00/0.86 addr 2
uhidev2: iclass 3/1
ukbd1 at uhidev2: 8 variable keys, 5 key codes, country code 33
wskbd1 at ukbd1: console keyboard
uhidev3 at uhub2 port 2 configuration 1 interface 1 &quot;Apple Computer Apple Internal Keyboard / Trackpad&quot; rev 2.00/0.86 addr 2
uhidev3: iclass 3/1
utpms0 at uhidev3: Geyser 2 Trackpad
wsmouse1 at utpms0 mux 0
uhidev4 at uhub2 port 2 configuration 1 interface 2 &quot;Apple Computer Apple Internal Keyboard / Trackpad&quot; rev 2.00/0.86 addr 2
uhidev4: iclass 3/0
uhid0 at uhidev4: input=1, output=0, feature=0
vscsi0 at root
scsibus2 at vscsi0: 256 targets
softraid0 at root
scsibus3 at softraid0: 256 targets
bootpath: /pci@f4000000/ata-6@d/disk@0:/bsd
root on wd0a (613b004d18bea692.a) swap on wd0b dump on wd0b
initializing kernel modesetting (RV350 0x1002:0x4E50 0x1002:0x4E50 0x00).
[drm] *ERROR* Unable to locate a BIOS ROM
radeondrm0: 1440x960, 32bpp
wsdisplay0 at radeondrm0 mux 1: console (std, vt100 emulation), using wskbd1
wskbd0: connecting to wsdisplay0
wsdisplay0: screen 1-5 added (std, vt100 emulation)

</pre>



</div><!-- content -->
<br />
<div id="footer">
All comments/news/posts are the property of their individual owner and
is presented without warranty of suitability, and solely as an
informational resource. <br />
This site Copyright &copy; 2004-2020 NYC*BUG.
</div><!-- footer -->

</body>
</html>

