



<!doctype html>
<html lang="en">
<head>
<meta name="keywords"
	content="bsd, freebsd, openbsd, netbsd, dragonflybsd, nycbug, dmesgd" />
<meta name="description" content="New York City BSD User Group dmesgd" />
<meta charset="utf-8" />
<meta name="viewport" content="width=device-width, initial-scale=1" />
<title>NYC*BUG dmesgd</title>
<style>
body {
	text-align: left;
	margin: 15px auto;
	padding: 0px 10px;
}
@media (min-width: 800px) {
	body {
		max-width: 85%;
	}
}
#header {
	border-bottom: 1px solid #dbdbdb;
	font-size: 230%;
	text-align: left;
}
#footer {
	border-top: 1px solid #dbdbdb;
	clear: both;
	text-align: left;
}
.logo_bug {
	color: #cc0033;
}
#menu ul {
	list-style-type: none;
	margin: 0;
	padding: 0;
}
#menu li {
	float: left;
}
#menu li a {
	display: block;
	background-color: #dbdbdb;
	color: #000000;
	font-size: 105%;
	font-weight: bold;
	padding: 0px 6px 0px 6px;
	text-decoration: none;
}
#content {
	clear: both;
	text-align: left;
	padding-top: 10px;
}
#content h1 {
	font-size: 120%;
	font-weight: bold;
}
#content h2 {
	font-size: 110%;
	font-weight: bold;
}
#content a {
	text-decoration: none;
}
#content pre {
	background-color: #dbdbdb;
	padding: 5px 5px 5px 5px;
	white-space: pre-wrap;		/* css-3 */
	white-space: -moz-pre-wrap;	/* Mozilla, since 1999 */
	white-space: -pre-wrap;		/* Opera 4-6 */
	white-space: -o-pre-wrap;	/* Opera 7 */
	word-wrap: break-word;		/* Internet Explorer 5.5+ */
}
#content table {
	border-collapse: collapse;
}
#content table th {
	border: 1px solid #dbdbdb;
	font-size: 85%;
	white-space: nowrap;
}
#content table td {
	border: 1px solid #dbdbdb;
	font-size: 80%;
}
#content input {
	font-size: 1em;
}
#content .full	{ width: 100%; }
#content .left	{ text-align: left; }
#content .right	{ text-align: right; }
#content .center { text-align: center; }
#content .flexbox {
	display: -ms-flex;
	display: -webkit-flex;
	display: flex;
	width: 100%;
}
#content .left_col {
	min-width: 75px;
	max-width: 50%;
	flex-grow: 0;
}
#content .right_col {
	flex-grow: 1;
	margin-left: 10px;
	padding-top: 10px;
	padding-left: 10px;
}
#col {
	-moz-column-count: 3;
	-webkit-column-count: 3;
	column-count: 3;
}
</style>
</head>
<body>

<div id="header">
<strong><em>NYC*</em><span class="logo_bug">BUG</span> dmesgd</strong>
</div><!-- header -->

<div id="menu">
<ul>
<li><a href="https://dmesgd.nycbug.org/index.cgi?do=index">Home</a></li>
<li><a href="https://dmesgd.nycbug.org/index.cgi?do=submit">Submit</a></li>
<li><a href="https://www.nycbug.org/">NYC*BUG</a></li>
</ul>
</div><!-- menu -->

<div id="content">

<p>
Launched in 2004, dmesgd aims to provide a
<strong>user-submitted</strong> repository of searchable *BSD dmesgs.
The dmesg(8) command displays the system message buffer's content, and
during boot a copy is saved to <em>/var/run/dmesg.boot</em>.  This buffer
contains the operating system release, name and version, a list of
devices identified, plus a whole host of other useful information.  We
hope others find this resource useful and further contribute to its
growth. Contact us at [ admin at lists dot nycbug dot org ].
</p>

<hr />


<strong>Date:</strong> <em>2020-10-28 01:47:25</em><br />
<strong>From:</strong> <em>Brad</em><br />
<strong>Description:</strong> <em>Supermicro X11SSV-Q</em><br />

<pre>
OpenBSD 6.8 (GENERIC.MP) #98: Sun Oct  4 18:13:26 MDT 2020
    xxx@xxx.xxx:/usr/src/sys/arch/amd64/compile/GENERIC.MP
real mem = 8460750848 (8068MB)
avail mem = 8189280256 (7809MB)
random: good seed from bootblocks
mpath0 at root
scsibus0 at mpath0: 256 targets
mainbus0 at root
bios0 at mainbus0: SMBIOS rev. 3.0 @ 0x87ba0000 (58 entries)
bios0: vendor American Megatrends Inc. version &quot;1.0a&quot; date 12/17/2015
bios0: Supermicro X11SSV-Q
acpi0 at bios0: ACPI 5.0
acpi0: sleep states S0 S3 S4 S5
acpi0: tables DSDT FACP APIC FPDT FIDT MCFG HPET SSDT LPIT SSDT SSDT SSDT DBGP DBG2 SSDT SSDT UEFI SSDT SSDT SSDT DMAR ASF! EINJ ERST BERT HEST
acpi0: wakeup devices PEG0(S4) PEGP(S4) PEG1(S4) PEGP(S4) PEG2(S4) PEGP(S4) RP09(S4) PXSX(S4) RP10(S4) PXSX(S4) RP11(S4) PXSX(S4) RP12(S4) PXSX(S4) RP13(S4) PXSX(S4) [...]
acpitimer0 at acpi0: 3579545 Hz, 24 bits
acpimadt0 at acpi0 addr 0xfee00000: PC-AT compat
cpu0 at mainbus0: apid 0 (boot processor)
cpu0: Intel(R) Core(TM) i3-6100T CPU @ 3.20GHz, 3100.91 MHz, 06-5e-03
cpu0: FPU,VME,DE,PSE,TSC,MSR,PAE,MCE,CX8,APIC,SEP,MTRR,PGE,MCA,CMOV,PAT,PSE36,CFLUSH,DS,ACPI,MMX,FXSR,SSE,SSE2,SS,HTT,TM,PBE,SSE3,PCLMUL,DTES64,MWAIT,DS-CPL,VMX,EST,TM2,SSSE3,SDBG,FMA3,CX16,xTPR,PDCM,PCID,SSE4.1,SSE4.2,x2APIC,MOVBE,POPCNT,DEADLINE,AES,XSAVE,AVX,F16C,RDRAND,NXE,PAGE1GB,RDTSCP,LONG,LAHF,ABM,3DNOWP,PERF,ITSC,FSGSBASE,TSC_ADJUST,SGX,BMI1,AVX2,SMEP,BMI2,ERMS,INVPCID,MPX,RDSEED,ADX,SMAP,CLFLUSHOPT,PT,MD_CLEAR,TSXFA,IBRS,IBPB,STIBP,L1DF,SSBD,SENSOR,ARAT,XSAVEOPT,XSAVEC,XGETBV1,XSAVES,MELTDOWN
cpu0: 256KB 64b/line 8-way L2 cache
cpu0: smt 0, core 0, package 0
mtrr: Pentium Pro MTRR support, 10 var ranges, 88 fixed ranges
cpu0: apic clock running at 24MHz
cpu0: mwait min=64, max=64, C-substates=0.2.1.2.4.1, IBE
cpu1 at mainbus0: apid 2 (application processor)
cpu1: Intel(R) Core(TM) i3-6100T CPU @ 3.20GHz, 3100.01 MHz, 06-5e-03
cpu1: FPU,VME,DE,PSE,TSC,MSR,PAE,MCE,CX8,APIC,SEP,MTRR,PGE,MCA,CMOV,PAT,PSE36,CFLUSH,DS,ACPI,MMX,FXSR,SSE,SSE2,SS,HTT,TM,PBE,SSE3,PCLMUL,DTES64,MWAIT,DS-CPL,VMX,EST,TM2,SSSE3,SDBG,FMA3,CX16,xTPR,PDCM,PCID,SSE4.1,SSE4.2,x2APIC,MOVBE,POPCNT,DEADLINE,AES,XSAVE,AVX,F16C,RDRAND,NXE,PAGE1GB,RDTSCP,LONG,LAHF,ABM,3DNOWP,PERF,ITSC,FSGSBASE,TSC_ADJUST,SGX,BMI1,AVX2,SMEP,BMI2,ERMS,INVPCID,MPX,RDSEED,ADX,SMAP,CLFLUSHOPT,PT,MD_CLEAR,TSXFA,IBRS,IBPB,STIBP,L1DF,SSBD,SENSOR,ARAT,XSAVEOPT,XSAVEC,XGETBV1,XSAVES,MELTDOWN
cpu1: 256KB 64b/line 8-way L2 cache
cpu1: smt 0, core 1, package 0
cpu2 at mainbus0: apid 1 (application processor)
cpu2: Intel(R) Core(TM) i3-6100T CPU @ 3.20GHz, 3100.00 MHz, 06-5e-03
cpu2: FPU,VME,DE,PSE,TSC,MSR,PAE,MCE,CX8,APIC,SEP,MTRR,PGE,MCA,CMOV,PAT,PSE36,CFLUSH,DS,ACPI,MMX,FXSR,SSE,SSE2,SS,HTT,TM,PBE,SSE3,PCLMUL,DTES64,MWAIT,DS-CPL,VMX,EST,TM2,SSSE3,SDBG,FMA3,CX16,xTPR,PDCM,PCID,SSE4.1,SSE4.2,x2APIC,MOVBE,POPCNT,DEADLINE,AES,XSAVE,AVX,F16C,RDRAND,NXE,PAGE1GB,RDTSCP,LONG,LAHF,ABM,3DNOWP,PERF,ITSC,FSGSBASE,TSC_ADJUST,SGX,BMI1,AVX2,SMEP,BMI2,ERMS,INVPCID,MPX,RDSEED,ADX,SMAP,CLFLUSHOPT,PT,MD_CLEAR,TSXFA,IBRS,IBPB,STIBP,L1DF,SSBD,SENSOR,ARAT,XSAVEOPT,XSAVEC,XGETBV1,XSAVES,MELTDOWN
cpu2: 256KB 64b/line 8-way L2 cache
cpu2: smt 1, core 0, package 0
cpu3 at mainbus0: apid 3 (application processor)
cpu3: Intel(R) Core(TM) i3-6100T CPU @ 3.20GHz, 3100.00 MHz, 06-5e-03
cpu3: FPU,VME,DE,PSE,TSC,MSR,PAE,MCE,CX8,APIC,SEP,MTRR,PGE,MCA,CMOV,PAT,PSE36,CFLUSH,DS,ACPI,MMX,FXSR,SSE,SSE2,SS,HTT,TM,PBE,SSE3,PCLMUL,DTES64,MWAIT,DS-CPL,VMX,EST,TM2,SSSE3,SDBG,FMA3,CX16,xTPR,PDCM,PCID,SSE4.1,SSE4.2,x2APIC,MOVBE,POPCNT,DEADLINE,AES,XSAVE,AVX,F16C,RDRAND,NXE,PAGE1GB,RDTSCP,LONG,LAHF,ABM,3DNOWP,PERF,ITSC,FSGSBASE,TSC_ADJUST,SGX,BMI1,AVX2,SMEP,BMI2,ERMS,INVPCID,MPX,RDSEED,ADX,SMAP,CLFLUSHOPT,PT,MD_CLEAR,TSXFA,IBRS,IBPB,STIBP,L1DF,SSBD,SENSOR,ARAT,XSAVEOPT,XSAVEC,XGETBV1,XSAVES,MELTDOWN
cpu3: 256KB 64b/line 8-way L2 cache
cpu3: smt 1, core 1, package 0
ioapic0 at mainbus0: apid 2 pa 0xfec00000, version 20, 24 pins
acpimcfg0 at acpi0
acpimcfg0: addr 0xe0000000, bus 0-255
acpihpet0 at acpi0: 23999999 Hz
acpiprt0 at acpi0: bus 0 (PCI0)
acpiprt0: no apic found for irq 32
acpiprt0: no apic found for irq 33
acpiprt0: no apic found for irq 34
acpiprt1 at acpi0: bus -1 (PEG0)
acpiprt2 at acpi0: bus -1 (PEG1)
acpiprt3 at acpi0: bus -1 (PEG2)
acpiprt4 at acpi0: bus -1 (RP09)
acpiprt5 at acpi0: bus -1 (RP10)
acpiprt6 at acpi0: bus -1 (RP11)
acpiprt7 at acpi0: bus -1 (RP12)
acpiprt8 at acpi0: bus -1 (RP13)
acpiprt9 at acpi0: bus 2 (RP05)
acpiprt10 at acpi0: bus 3 (RP06)
acpiprt11 at acpi0: bus -1 (RP07)
acpiprt12 at acpi0: bus -1 (RP17)
acpiprt13 at acpi0: bus -1 (RP18)
acpiprt14 at acpi0: bus -1 (RP14)
acpiprt15 at acpi0: bus -1 (RP15)
acpiprt16 at acpi0: bus -1 (RP16)
acpiec0 at acpi0: not present
acpipci0 at acpi0 PCI0: 0x00000000 0x00000011 0x00000001
acpicmos0 at acpi0
&quot;INT345D&quot; at acpi0 not configured
acpibtn0 at acpi0: SLPB
&quot;INT33A1&quot; at acpi0 not configured
acpibtn1 at acpi0: PWRB
&quot;PNP0C0B&quot; at acpi0 not configured
&quot;PNP0C0B&quot; at acpi0 not configured
&quot;PNP0C0B&quot; at acpi0 not configured
&quot;PNP0C0B&quot; at acpi0 not configured
&quot;PNP0C0B&quot; at acpi0 not configured
acpicpu0 at acpi0: C3(200@256 mwait.1@0x40), C2(200@151 mwait.1@0x33), C1(1000@1 mwait.1), PSS
acpicpu1 at acpi0: C3(200@256 mwait.1@0x40), C2(200@151 mwait.1@0x33), C1(1000@1 mwait.1), PSS
acpicpu2 at acpi0: C3(200@256 mwait.1@0x40), C2(200@151 mwait.1@0x33), C1(1000@1 mwait.1), PSS
acpicpu3 at acpi0: C3(200@256 mwait.1@0x40), C2(200@151 mwait.1@0x33), C1(1000@1 mwait.1), PSS
acpipwrres0 at acpi0: PG00, resource for PEG0
acpipwrres1 at acpi0: PG01, resource for PEG1
acpipwrres2 at acpi0: PG02, resource for PEG2
acpipwrres3 at acpi0: WRST
acpipwrres4 at acpi0: WRST
acpipwrres5 at acpi0: WRST
acpipwrres6 at acpi0: WRST
acpipwrres7 at acpi0: WRST
acpipwrres8 at acpi0: WRST
acpipwrres9 at acpi0: WRST
acpipwrres10 at acpi0: WRST
acpipwrres11 at acpi0: WRST
acpipwrres12 at acpi0: WRST
acpipwrres13 at acpi0: WRST
acpipwrres14 at acpi0: WRST
acpipwrres15 at acpi0: WRST
acpipwrres16 at acpi0: WRST
acpipwrres17 at acpi0: WRST
acpipwrres18 at acpi0: WRST
acpipwrres19 at acpi0: WRST
acpipwrres20 at acpi0: WRST
acpipwrres21 at acpi0: WRST
acpipwrres22 at acpi0: WRST
acpipwrres23 at acpi0: FN00, resource for FAN0
acpipwrres24 at acpi0: FN01, resource for FAN1
acpipwrres25 at acpi0: FN02, resource for FAN2
acpipwrres26 at acpi0: FN03, resource for FAN3
acpipwrres27 at acpi0: FN04, resource for FAN4
acpitz0 at acpi0: critical temperature is 119 degC
acpitz1 at acpi0: critical temperature is 119 degC
acpivideo0 at acpi0: GFX0
acpivout0 at acpivideo0: DD1F
cpu0: using VERW MDS workaround (except on vmm entry)
cpu0: Enhanced SpeedStep 3100 MHz: speeds: 3101, 3100, 3000, 2900, 2600, 2500, 2300, 2200, 2000, 1800, 1700, 1500, 1300, 1100, 1000, 800 MHz
pci0 at mainbus0 bus 0
pchb0 at pci0 dev 0 function 0 &quot;Intel Core 6G Host&quot; rev 0x07
inteldrm0 at pci0 dev 2 function 0 &quot;Intel HD Graphics 530&quot; rev 0x06
drm0 at inteldrm0
inteldrm0: msi, SKYLAKE, gen 9
xhci0 at pci0 dev 20 function 0 &quot;Intel 100 Series xHCI&quot; rev 0x31: msi, xHCI 1.0
usb0 at xhci0: USB revision 3.0
uhub0 at usb0 configuration 1 interface 0 &quot;Intel xHCI root hub&quot; rev 3.00/1.00 addr 1
pchtemp0 at pci0 dev 20 function 2 &quot;Intel 100 Series Thermal&quot; rev 0x31
&quot;Intel 100 Series MEI&quot; rev 0x31 at pci0 dev 22 function 0 not configured
ahci0 at pci0 dev 23 function 0 &quot;Intel 100 Series AHCI&quot; rev 0x31: msi, AHCI 1.3.1
ahci0: PHY offline on port 0
ahci0: PHY offline on port 1
ahci0: PHY offline on port 2
ahci0: PHY offline on port 3
ahci0: PHY offline on port 4
ahci0: port 5: 6.0Gb/s
scsibus1 at ahci0: 32 targets
sd0 at scsibus1 targ 5 lun 0: &lt;ATA, MKNSSDAV120GB-D8, 609A&gt; naa.58889141001c07e5
sd0: 114473MB, 512 bytes/sector, 234441648 sectors, thin
ppb0 at pci0 dev 28 function 0 &quot;Intel 100 Series PCIE&quot; rev 0xf1: msi
pci1 at ppb0 bus 1
ppb1 at pci0 dev 28 function 4 &quot;Intel 100 Series PCIE&quot; rev 0xf1
pci2 at ppb1 bus 2
ppb2 at pci0 dev 28 function 5 &quot;Intel 100 Series PCIE&quot; rev 0xf1: msi
pci3 at ppb2 bus 3
em0 at pci3 dev 0 function 0 &quot;Intel I210&quot; rev 0x03: msi, address xx:xx:xx:xx:xx:xx
pcib0 at pci0 dev 31 function 0 &quot;Intel Q170 LPC&quot; rev 0x31
&quot;Intel 100 Series PMC&quot; rev 0x31 at pci0 dev 31 function 2 not configured
azalia0 at pci0 dev 31 function 3 &quot;Intel 100 Series HD Audio&quot; rev 0x31: msi
azalia0: codecs: Realtek ALC888, Intel/0x2809, using Realtek ALC888
audio0 at azalia0
ichiic0 at pci0 dev 31 function 4 &quot;Intel 100 Series SMBus&quot; rev 0x31: apic 2 int 16
iic0 at ichiic0
iic0: addr 0x20 00=00 01=80 1b=04 1c=25 21=00 22=00 24=f1 25=00 26=00 2b=58 2c=5e 2d=28 2e=00 2f=5f 35=50 36=48 38=d8 39=00 55=70 58=4c 78=02 79=02 7a=00 7b=00 7c=00 7d=00 7e=82 88=60 89=01 8b=57 8c=1f 8d=25 96=08 97=00 b0=09 b1=70 b2=21 b3=05 b4=00 b5=14 b6=00 b7=22 b8=00 b9=01 ba=18 bb=44 bc=04 bf=55 c0=01 c1=07 c2=15 c3=05 c4=0a c5=64 c6=50 c7=3c c8=05 c9=14 ca=00 cb=10 cd=30 ce=0c cf=00 d0=a5 d1=47 d2=a2 d3=58 d4=94 d5=72 d6=da d7=9d d8=17 d9=f4 da=07 db=f8 dc=02 dd=e8 de=63 df=4f e0=0a e1=20 e2=01 e3=00 e4=c3 e5=00 e6=10 e7=92 e8=0a e9=9f ea=7f eb=00 ec=00 ed=00 ee=a3 ef=78 f0=28 f1=54 f2=1e f3=69 f4=06 f5=00 f6=00 f7=01 f8=0f f9=00 fa=08 fb=00 fd=0a words 00=00ff 01=80ff 02=ffff 03=ffff 04=ffff 05=ffff 06=ffff 07=ffff
spdmem0 at iic0 addr 0x50: 4GB DDR4 SDRAM PC4-19200 SO-DIMM
spdmem1 at iic0 addr 0x52: 4GB DDR4 SDRAM PC4-19200 SO-DIMM
em1 at pci0 dev 31 function 6 &quot;Intel I219-LM&quot; rev 0x31: msi, address xx:xx:xx:xx:xx:xx
isa0 at pcib0
isadma0 at isa0
com0 at isa0 port 0x3f8/8 irq 4: ns16550a, 16 byte fifo
com0: console
com1 at isa0 port 0x2f8/8 irq 3: ns16550a, 16 byte fifo
pcppi0 at isa0 port 0x61
spkr0 at pcppi0
wbsio0 at isa0 port 0x2e/2: NCT6776F rev 0x33
lm1 at wbsio0 port 0xa30/8: NCT6776F
vmm0 at mainbus0: VMX/EPT
efifb at mainbus0 not configured
umass0 at uhub0 port 1 configuration 1 interface 0 &quot; Patriot Memory&quot; rev 2.00/1.00 addr 2
umass0: using SCSI over Bulk-Only
scsibus2 at umass0: 2 targets, initiator 0
sd1 at scsibus2 targ 1 lun 0: &lt;, Patriot Memory, PMAP&gt; removable serial.13fe36001901DE17CA7D
sd1: 15272MB, 512 bytes/sector, 31277056 sectors
vscsi0 at root
scsibus3 at vscsi0: 256 targets
softraid0 at root
scsibus4 at softraid0: 256 targets
root on sd0a (a2b85a2f2a35b06b.a) swap on sd0b dump on sd0b
inteldrm0: 1024x768, 32bpp
wsdisplay0 at inteldrm0 mux 1
wsdisplay0: screen 0-5 added (std, vt100 emulation)

</pre>



</div><!-- content -->
<br />
<div id="footer">
All comments/news/posts are the property of their individual owner and
is presented without warranty of suitability, and solely as an
informational resource. <br />
This site Copyright &copy; 2004-2020 NYC*BUG.
</div><!-- footer -->

</body>
</html>

