



<!doctype html>
<html lang="en">
<head>
<meta name="keywords"
	content="bsd, freebsd, openbsd, netbsd, dragonflybsd, nycbug, dmesgd" />
<meta name="description" content="New York City BSD User Group dmesgd" />
<meta charset="utf-8" />
<meta name="viewport" content="width=device-width, initial-scale=1" />
<title>NYC*BUG dmesgd</title>
<style>
body {
	text-align: left;
	margin: 15px auto;
	padding: 0px 10px;
}
@media (min-width: 800px) {
	body {
		max-width: 85%;
	}
}
#header {
	border-bottom: 1px solid #dbdbdb;
	font-size: 230%;
	text-align: left;
}
#footer {
	border-top: 1px solid #dbdbdb;
	clear: both;
	text-align: left;
}
.logo_bug {
	color: #cc0033;
}
#menu ul {
	list-style-type: none;
	margin: 0;
	padding: 0;
}
#menu li {
	float: left;
}
#menu li a {
	display: block;
	background-color: #dbdbdb;
	color: #000000;
	font-size: 105%;
	font-weight: bold;
	padding: 0px 6px 0px 6px;
	text-decoration: none;
}
#content {
	clear: both;
	text-align: left;
	padding-top: 10px;
}
#content h1 {
	font-size: 120%;
	font-weight: bold;
}
#content h2 {
	font-size: 110%;
	font-weight: bold;
}
#content a {
	text-decoration: none;
}
#content pre {
	background-color: #dbdbdb;
	padding: 5px 5px 5px 5px;
	white-space: pre-wrap;		/* css-3 */
	white-space: -moz-pre-wrap;	/* Mozilla, since 1999 */
	white-space: -pre-wrap;		/* Opera 4-6 */
	white-space: -o-pre-wrap;	/* Opera 7 */
	word-wrap: break-word;		/* Internet Explorer 5.5+ */
}
#content table {
	border-collapse: collapse;
}
#content table th {
	border: 1px solid #dbdbdb;
	font-size: 85%;
	white-space: nowrap;
}
#content table td {
	border: 1px solid #dbdbdb;
	font-size: 80%;
}
#content input {
	font-size: 1em;
}
#content .full	{ width: 100%; }
#content .left	{ text-align: left; }
#content .right	{ text-align: right; }
#content .center { text-align: center; }
#content .flexbox {
	display: -ms-flex;
	display: -webkit-flex;
	display: flex;
	width: 100%;
}
#content .left_col {
	min-width: 75px;
	max-width: 50%;
	flex-grow: 0;
}
#content .right_col {
	flex-grow: 1;
	margin-left: 10px;
	padding-top: 10px;
	padding-left: 10px;
}
#col {
	-moz-column-count: 3;
	-webkit-column-count: 3;
	column-count: 3;
}
</style>
</head>
<body>

<div id="header">
<strong><em>NYC*</em><span class="logo_bug">BUG</span> dmesgd</strong>
</div><!-- header -->

<div id="menu">
<ul>
<li><a href="https://dmesgd.nycbug.org/index.cgi?do=index">Home</a></li>
<li><a href="https://dmesgd.nycbug.org/index.cgi?do=submit">Submit</a></li>
<li><a href="https://www.nycbug.org/">NYC*BUG</a></li>
</ul>
</div><!-- menu -->

<div id="content">

<p>
Launched in 2004, dmesgd aims to provide a
<strong>user-submitted</strong> repository of searchable *BSD dmesgs.
The dmesg(8) command displays the system message buffer's content, and
during boot a copy is saved to <em>/var/run/dmesg.boot</em>.  This buffer
contains the operating system release, name and version, a list of
devices identified, plus a whole host of other useful information.  We
hope others find this resource useful and further contribute to its
growth. Contact us at [ admin at lists dot nycbug dot org ].
</p>

<hr />


<strong>Date:</strong> <em>2020-10-31 14:52:04</em><br />
<strong>From:</strong> <em>Mischa</em><br />
<strong>Description:</strong> <em>OpenBSD 6.8 on FreeNAS Mini (Intel C2750)</em><br />

<pre>
OpenBSD 6.8 (GENERIC.MP) #98: Sun Oct  4 18:13:26 MDT 2020
    xxx@xxx.xxx:/usr/src/sys/arch/amd64/compile/GENERIC.MP
real mem = 34315055104 (32725MB)
avail mem = 33260036096 (31719MB)
random: good seed from bootblocks
mpath0 at root
scsibus0 at mpath0: 256 targets
mainbus0 at root
bios0 at mainbus0: SMBIOS rev. 2.8 @ 0xcf527000 (25 entries)
bios0: vendor American Megatrends Inc. version &quot;P3.20&quot; date 03/26/2018
bios0: iXsystems FREENAS-MINI-2.0
acpi0 at bios0: ACPI 5.0
acpi0: sleep states S0 S5
acpi0: tables DSDT FACP FPDT FIDT HPET AAFT SPMI MCFG WDAT UEFI APIC BDAT SSDT SPCR HEST BERT ERST EINJ
acpi0: wakeup devices PEX1(S0) PEX2(S0) PEX3(S0) PEX4(S0) EHC1(S0)
acpitimer0 at acpi0: 3579545 Hz, 24 bits
acpihpet0 at acpi0: 14318179 Hz
acpimcfg0 at acpi0
acpimcfg0: addr 0xe0000000, bus 0-255
acpimadt0 at acpi0 addr 0xfee00000: PC-AT compat
cpu0 at mainbus0: apid 0 (boot processor)
cpu0: Intel(R) Atom(TM) CPU C2750 @ 2.40GHz, 2400.44 MHz, 06-4d-08
cpu0: FPU,VME,DE,PSE,TSC,MSR,PAE,MCE,CX8,APIC,SEP,MTRR,PGE,MCA,CMOV,PAT,PSE36,CFLUSH,DS,ACPI,MMX,FXSR,SSE,SSE2,SS,HTT,TM,PBE,SSE3,PCLMUL,DTES64,MWAIT,DS-CPL,VMX,EST,TM2,SSSE3,CX16,xTPR,PDCM,SSE4.1,SSE4.2,MOVBE,POPCNT,DEADLINE,AES,RDRAND,NXE,RDTSCP,LONG,LAHF,3DNOWP,PERF,ITSC,TSC_ADJUST,SMEP,ERMS,MD_CLEAR,IBRS,IBPB,STIBP,SENSOR,ARAT,MELTDOWN
cpu0: 1MB 64b/line 16-way L2 cache
cpu0: smt 0, core 0, package 0
mtrr: Pentium Pro MTRR support, 8 var ranges, 88 fixed ranges
cpu0: apic clock running at 99MHz
cpu0: mwait min=64, max=64, C-substates=0.2.0.0.0.0.3, IBE
cpu1 at mainbus0: apid 2 (application processor)
cpu1: Intel(R) Atom(TM) CPU C2750 @ 2.40GHz, 2400.01 MHz, 06-4d-08
cpu1: FPU,VME,DE,PSE,TSC,MSR,PAE,MCE,CX8,APIC,SEP,MTRR,PGE,MCA,CMOV,PAT,PSE36,CFLUSH,DS,ACPI,MMX,FXSR,SSE,SSE2,SS,HTT,TM,PBE,SSE3,PCLMUL,DTES64,MWAIT,DS-CPL,VMX,EST,TM2,SSSE3,CX16,xTPR,PDCM,SSE4.1,SSE4.2,MOVBE,POPCNT,DEADLINE,AES,RDRAND,NXE,RDTSCP,LONG,LAHF,3DNOWP,PERF,ITSC,TSC_ADJUST,SMEP,ERMS,MD_CLEAR,IBRS,IBPB,STIBP,SENSOR,ARAT,MELTDOWN
cpu1: 1MB 64b/line 16-way L2 cache
cpu1: smt 0, core 1, package 0
cpu2 at mainbus0: apid 4 (application processor)
cpu2: Intel(R) Atom(TM) CPU C2750 @ 2.40GHz, 2400.02 MHz, 06-4d-08
cpu2: FPU,VME,DE,PSE,TSC,MSR,PAE,MCE,CX8,APIC,SEP,MTRR,PGE,MCA,CMOV,PAT,PSE36,CFLUSH,DS,ACPI,MMX,FXSR,SSE,SSE2,SS,HTT,TM,PBE,SSE3,PCLMUL,DTES64,MWAIT,DS-CPL,VMX,EST,TM2,SSSE3,CX16,xTPR,PDCM,SSE4.1,SSE4.2,MOVBE,POPCNT,DEADLINE,AES,RDRAND,NXE,RDTSCP,LONG,LAHF,3DNOWP,PERF,ITSC,TSC_ADJUST,SMEP,ERMS,MD_CLEAR,IBRS,IBPB,STIBP,SENSOR,ARAT,MELTDOWN
cpu2: 1MB 64b/line 16-way L2 cache
cpu2: smt 0, core 2, package 0
cpu3 at mainbus0: apid 6 (application processor)
cpu3: Intel(R) Atom(TM) CPU C2750 @ 2.40GHz, 2400.02 MHz, 06-4d-08
cpu3: FPU,VME,DE,PSE,TSC,MSR,PAE,MCE,CX8,APIC,SEP,MTRR,PGE,MCA,CMOV,PAT,PSE36,CFLUSH,DS,ACPI,MMX,FXSR,SSE,SSE2,SS,HTT,TM,PBE,SSE3,PCLMUL,DTES64,MWAIT,DS-CPL,VMX,EST,TM2,SSSE3,CX16,xTPR,PDCM,SSE4.1,SSE4.2,MOVBE,POPCNT,DEADLINE,AES,RDRAND,NXE,RDTSCP,LONG,LAHF,3DNOWP,PERF,ITSC,TSC_ADJUST,SMEP,ERMS,MD_CLEAR,IBRS,IBPB,STIBP,SENSOR,ARAT,MELTDOWN
cpu3: 1MB 64b/line 16-way L2 cache
cpu3: smt 0, core 3, package 0
cpu4 at mainbus0: apid 8 (application processor)
cpu4: Intel(R) Atom(TM) CPU C2750 @ 2.40GHz, 2400.02 MHz, 06-4d-08
cpu4: FPU,VME,DE,PSE,TSC,MSR,PAE,MCE,CX8,APIC,SEP,MTRR,PGE,MCA,CMOV,PAT,PSE36,CFLUSH,DS,ACPI,MMX,FXSR,SSE,SSE2,SS,HTT,TM,PBE,SSE3,PCLMUL,DTES64,MWAIT,DS-CPL,VMX,EST,TM2,SSSE3,CX16,xTPR,PDCM,SSE4.1,SSE4.2,MOVBE,POPCNT,DEADLINE,AES,RDRAND,NXE,RDTSCP,LONG,LAHF,3DNOWP,PERF,ITSC,TSC_ADJUST,SMEP,ERMS,MD_CLEAR,IBRS,IBPB,STIBP,SENSOR,ARAT,MELTDOWN
cpu4: 1MB 64b/line 16-way L2 cache
cpu4: smt 0, core 4, package 0
cpu5 at mainbus0: apid 10 (application processor)
cpu5: Intel(R) Atom(TM) CPU C2750 @ 2.40GHz, 2400.02 MHz, 06-4d-08
cpu5: FPU,VME,DE,PSE,TSC,MSR,PAE,MCE,CX8,APIC,SEP,MTRR,PGE,MCA,CMOV,PAT,PSE36,CFLUSH,DS,ACPI,MMX,FXSR,SSE,SSE2,SS,HTT,TM,PBE,SSE3,PCLMUL,DTES64,MWAIT,DS-CPL,VMX,EST,TM2,SSSE3,CX16,xTPR,PDCM,SSE4.1,SSE4.2,MOVBE,POPCNT,DEADLINE,AES,RDRAND,NXE,RDTSCP,LONG,LAHF,3DNOWP,PERF,ITSC,TSC_ADJUST,SMEP,ERMS,MD_CLEAR,IBRS,IBPB,STIBP,SENSOR,ARAT,MELTDOWN
cpu5: 1MB 64b/line 16-way L2 cache
cpu5: smt 0, core 5, package 0
cpu6 at mainbus0: apid 12 (application processor)
cpu6: Intel(R) Atom(TM) CPU C2750 @ 2.40GHz, 2400.02 MHz, 06-4d-08
cpu6: FPU,VME,DE,PSE,TSC,MSR,PAE,MCE,CX8,APIC,SEP,MTRR,PGE,MCA,CMOV,PAT,PSE36,CFLUSH,DS,ACPI,MMX,FXSR,SSE,SSE2,SS,HTT,TM,PBE,SSE3,PCLMUL,DTES64,MWAIT,DS-CPL,VMX,EST,TM2,SSSE3,CX16,xTPR,PDCM,SSE4.1,SSE4.2,MOVBE,POPCNT,DEADLINE,AES,RDRAND,NXE,RDTSCP,LONG,LAHF,3DNOWP,PERF,ITSC,TSC_ADJUST,SMEP,ERMS,MD_CLEAR,IBRS,IBPB,STIBP,SENSOR,ARAT,MELTDOWN
cpu6: 1MB 64b/line 16-way L2 cache
cpu6: smt 0, core 6, package 0
cpu7 at mainbus0: apid 14 (application processor)
cpu7: Intel(R) Atom(TM) CPU C2750 @ 2.40GHz, 2400.02 MHz, 06-4d-08
cpu7: FPU,VME,DE,PSE,TSC,MSR,PAE,MCE,CX8,APIC,SEP,MTRR,PGE,MCA,CMOV,PAT,PSE36,CFLUSH,DS,ACPI,MMX,FXSR,SSE,SSE2,SS,HTT,TM,PBE,SSE3,PCLMUL,DTES64,MWAIT,DS-CPL,VMX,EST,TM2,SSSE3,CX16,xTPR,PDCM,SSE4.1,SSE4.2,MOVBE,POPCNT,DEADLINE,AES,RDRAND,NXE,RDTSCP,LONG,LAHF,3DNOWP,PERF,ITSC,TSC_ADJUST,SMEP,ERMS,MD_CLEAR,IBRS,IBPB,STIBP,SENSOR,ARAT,MELTDOWN
cpu7: 1MB 64b/line 16-way L2 cache
cpu7: smt 0, core 7, package 0
ioapic0 at mainbus0: apid 2 pa 0xfec00000, version 20, 24 pins
acpiprt0 at acpi0: bus 0 (PCI0)
acpiprt1 at acpi0: bus 1 (PEX1)
acpiprt2 at acpi0: bus -1 (PEX2)
acpiprt3 at acpi0: bus 2 (PEX3)
acpiprt4 at acpi0: bus 9 (PEX4)
acpipci0 at acpi0 PCI0: 0x00000010 0x00000011 0x00000000
&quot;PNP0003&quot; at acpi0 not configured
acpicmos0 at acpi0
&quot;IPI0001&quot; at acpi0 not configured
&quot;PNP0C33&quot; at acpi0 not configured
acpicpu0 at acpi0: C2(350@41 mwait.3@0x51), C1(1000@1 mwait.1), PSS
acpicpu1 at acpi0: C2(350@41 mwait.3@0x51), C1(1000@1 mwait.1), PSS
acpicpu2 at acpi0: C2(350@41 mwait.3@0x51), C1(1000@1 mwait.1), PSS
acpicpu3 at acpi0: C2(350@41 mwait.3@0x51), C1(1000@1 mwait.1), PSS
acpicpu4 at acpi0: C2(350@41 mwait.3@0x51), C1(1000@1 mwait.1), PSS
acpicpu5 at acpi0: C2(350@41 mwait.3@0x51), C1(1000@1 mwait.1), PSS
acpicpu6 at acpi0: C2(350@41 mwait.3@0x51), C1(1000@1 mwait.1), PSS
acpicpu7 at acpi0: C2(350@41 mwait.3@0x51), C1(1000@1 mwait.1), PSS
cpu0: using VERW MDS workaround
cpu0: Enhanced SpeedStep 2400 MHz: speeds: 2401, 2400, 2300, 2200, 2100, 2000, 1900, 1800, 1700, 1600, 1500, 1400, 1300, 1200 MHz
pci0 at mainbus0 bus 0
pchb0 at pci0 dev 0 function 0 vendor &quot;Intel&quot;, unknown product 0x1f01 rev 0x03
ppb0 at pci0 dev 1 function 0 &quot;Intel Atom C2000 PCIE&quot; rev 0x03: msi
pci1 at ppb0 bus 1
ppb1 at pci0 dev 3 function 0 &quot;Intel Atom C2000 PCIE&quot; rev 0x03: msi
pci2 at ppb1 bus 2
ppb2 at pci2 dev 0 function 0 &quot;PLX PEX 8608&quot; rev 0xba
pci3 at ppb2 bus 3
ppb3 at pci3 dev 1 function 0 &quot;PLX PEX 8608&quot; rev 0xba: msi
pci4 at ppb3 bus 4
ahci0 at pci4 dev 0 function 0 &quot;Marvell 88SE9172 SATA&quot; rev 0x12: msi, AHCI 1.0
scsibus1 at ahci0: 32 targets
ppb4 at pci3 dev 5 function 0 &quot;PLX PEX 8608&quot; rev 0xba: msi
pci5 at ppb4 bus 5
ppb5 at pci5 dev 0 function 0 &quot;ASPEED Technology AST1150 PCI&quot; rev 0x02
pci6 at ppb5 bus 6
vga1 at pci6 dev 0 function 0 &quot;ASPEED Technology AST2000&quot; rev 0x21
wsdisplay0 at vga1 mux 1: console (80x25, vt100 emulation)
wsdisplay0: screen 1-5 added (80x25, vt100 emulation)
ppb6 at pci3 dev 7 function 0 &quot;PLX PEX 8608&quot; rev 0xba: msi
pci7 at ppb6 bus 7
em0 at pci7 dev 0 function 0 &quot;Intel I210&quot; rev 0x03: msi, address xx:xx:xx:xx:xx:xx
ppb7 at pci3 dev 9 function 0 &quot;PLX PEX 8608&quot; rev 0xba: msi
pci8 at ppb7 bus 8
em1 at pci8 dev 0 function 0 &quot;Intel I210&quot; rev 0x03: msi, address xx:xx:xx:xx:xx:xx
ppb8 at pci0 dev 4 function 0 &quot;Intel Atom C2000 PCIE&quot; rev 0x03: msi
pci9 at ppb8 bus 9
ahci1 at pci9 dev 0 function 0 &quot;Marvell 88SE9230 AHCI&quot; rev 0x11: msi, AHCI 1.2
ahci1: port 1: 6.0Gb/s
ahci1: port 7: 1.5Gb/s
scsibus2 at ahci1: 32 targets
sd0 at scsibus2 targ 1 lun 0: &lt;ATA, 16GB SATA Flash, SFDE&gt; t10.ATA_16GB_SATA_Flash_Drive_E021534110000000001F
sd0: 15272MB, 512 bytes/sector, 31277232 sectors, thin
uk0 at scsibus2 targ 7 lun 0: &lt;Marvell, Console, 1.01&gt; removable
pchb1 at pci0 dev 14 function 0 &quot;Intel Atom C2000 RAS&quot; rev 0x03
&quot;Intel Atom C2000 RCEC&quot; rev 0x03 at pci0 dev 15 function 0 not configured
&quot;Intel Atom C2000 SMBus&quot; rev 0x03 at pci0 dev 19 function 0 not configured
ehci0 at pci0 dev 22 function 0 &quot;Intel Atom C2000 USB&quot; rev 0x03: apic 2 int 23
usb0 at ehci0: USB revision 2.0
uhub0 at usb0 configuration 1 interface 0 &quot;Intel EHCI root hub&quot; rev 2.00/1.00 addr 1
ahci2 at pci0 dev 23 function 0 &quot;Intel Atom C2000 AHCI&quot; rev 0x03: msi, AHCI 1.3
ahci2: port 0: 3.0Gb/s
ahci2: port 1: 3.0Gb/s
ahci2: port 2: 3.0Gb/s
ahci2: port 3: 3.0Gb/s
scsibus3 at ahci2: 32 targets
sd1 at scsibus3 targ 0 lun 0: &lt;ATA, WDC WD20EFRX-68E, 82.0&gt; naa.50014ee26153d416
sd1: 1907729MB, 512 bytes/sector, 3907029168 sectors
sd2 at scsibus3 targ 1 lun 0: &lt;ATA, WDC WD20EFRX-68E, 82.0&gt; naa.50014ee261534005
sd2: 1907729MB, 512 bytes/sector, 3907029168 sectors
sd3 at scsibus3 targ 2 lun 0: &lt;ATA, WDC WD20EFRX-68E, 82.0&gt; naa.50014ee2bbe0b762
sd3: 1907729MB, 512 bytes/sector, 3907029168 sectors
sd4 at scsibus3 targ 3 lun 0: &lt;ATA, WDC WD20EFRX-68E, 82.0&gt; naa.50014ee2b6a9140f
sd4: 1907729MB, 512 bytes/sector, 3907029168 sectors
ahci3 at pci0 dev 24 function 0 &quot;Intel Atom C2000 AHCI&quot; rev 0x03: msi, AHCI 1.3
ahci3: port 0: 6.0Gb/s
ahci3: port 1: 6.0Gb/s
scsibus4 at ahci3: 32 targets
sd5 at scsibus4 targ 0 lun 0: &lt;ATA, SanDisk SD6SB1M0, X231&gt; naa.5001b44e6b47a7d8
sd5: 61057MB, 512 bytes/sector, 125045424 sectors, thin
sd6 at scsibus4 targ 1 lun 0: &lt;ATA, SanDisk SDSSDHII, X312&gt; naa.5001b44f205bf1d7
sd6: 114473MB, 512 bytes/sector, 234441648 sectors, thin
pcib0 at pci0 dev 31 function 0 &quot;Intel Atom C2000 PCU&quot; rev 0x03
ichiic0 at pci0 dev 31 function 3 &quot;Intel Atom C2000 PCU SMBus&quot; rev 0x03: apic 2 int 18
iic0 at ichiic0
sdtemp0 at iic0 addr 0x18: mcp98243
sdtemp1 at iic0 addr 0x19: mcp98243
sdtemp2 at iic0 addr 0x1a: mcp98243
sdtemp3 at iic0 addr 0x1b: mcp98243
spdmem0 at iic0 addr 0x50: 8GB DDR3 SDRAM ECC PC3-12800 with thermal sensor
spdmem1 at iic0 addr 0x51: 8GB DDR3 SDRAM ECC PC3-12800 with thermal sensor
spdmem2 at iic0 addr 0x52: 8GB DDR3 SDRAM ECC PC3-12800 with thermal sensor
spdmem3 at iic0 addr 0x53: 8GB DDR3 SDRAM ECC PC3-12800 with thermal sensor
isa0 at pcib0
isadma0 at isa0
com0 at isa0 port 0x3f8/8 irq 4: ns16550a, 16 byte fifo
pckbc0 at isa0 port 0x60/5 irq 1 irq 12
pckbd0 at pckbc0 (kbd slot)
wskbd0 at pckbd0: console keyboard, using wsdisplay0
pms0 at pckbc0 (aux slot)
wsmouse0 at pms0 mux 0
pcppi0 at isa0 port 0x61
spkr0 at pcppi0
lpt0 at isa0 port 0x378/4 irq 7
wbsio0 at isa0 port 0x2e/2: NCT6776F rev 0x33
lm1 at wbsio0 port 0x290/8: NCT6776F
vmm0 at mainbus0: VMX/EPT (using slow L1TF mitigation)
uhub1 at uhub0 port 1 configuration 1 interface 0 &quot;Intel product 0x07db&quot; rev 2.00/0.03 addr 2
uhub2 at uhub1 port 4 configuration 1 interface 0 &quot;American Megatrends Inc. Virtual Hub&quot; rev 2.00/1.00 addr 3
uhidev0 at uhub2 port 4 configuration 1 interface 0 &quot;American Megatrends Inc. Virtual Keyboard and Mouse&quot; rev 1.10/1.00 addr 4
uhidev0: iclass 3/1
ukbd0 at uhidev0: 8 variable keys, 6 key codes
wskbd1 at ukbd0 mux 1
wskbd1: connecting to wsdisplay0
uhidev1 at uhub2 port 4 configuration 1 interface 1 &quot;American Megatrends Inc. Virtual Keyboard and Mouse&quot; rev 1.10/1.00 addr 4
uhidev1: iclass 3/1
ums0 at uhidev1: 3 buttons, Z dir
wsmouse1 at ums0 mux 0
vscsi0 at root
scsibus5 at vscsi0: 256 targets
softraid0 at root
scsibus6 at softraid0: 256 targets
sd7 at scsibus6 targ 1 lun 0: &lt;OPENBSD, SR RAID 1, 006&gt;
sd7: 1907726MB, 512 bytes/sector, 3907023473 sectors
sd8 at scsibus6 targ 2 lun 0: &lt;OPENBSD, SR RAID 1, 006&gt;
sd8: 1907726MB, 512 bytes/sector, 3907023473 sectors
root on sd0a (2f47b7f3265355f5.a) swap on sd0b dump on sd0b

</pre>



</div><!-- content -->
<br />
<div id="footer">
All comments/news/posts are the property of their individual owner and
is presented without warranty of suitability, and solely as an
informational resource. <br />
This site Copyright &copy; 2004-2020 NYC*BUG.
</div><!-- footer -->

</body>
</html>

